23:04:57.177 [info] Loading 158 CA(s) from :otp store
23:04:57.186 [info] OTLP exporter successfully initialized
23:04:57.187 [info] [Nexus] Application starting in test environment
23:04:57.250 [info] [Identity] ETS Challenge Store Initialized at auth_challenges
23:04:57.251 [info] [Treasury] ETS Price Cache Initialized
23:04:57.271 [debug] Attempting to start Postgrex
23:04:57.272 [debug] Successfully started Postgrex (#PID<0.460.0>)
23:04:57.272 [debug] Attempting to start Postgrex
23:04:57.272 [debug] Successfully started Postgrex (#PID<0.468.0>)
23:04:57.275 [debug] Attempting to start Postgrex.Notifications
23:04:57.277 [debug] Successfully started Postgrex.Notifications (#PID<0.489.0>)
Running ExUnit with seed: 331304, max_cases: 20

    warning: unused alias RequestTransfer
    │
  5 │   alias Nexus.Treasury.Commands.RequestTransfer
    │   ~
    │
    └─ test/nexus/treasury/process_managers/rebalance_manager_test.exs:5:3

warning: 60..1 has a default step of -1, please write 60..1//-1 instead
  test/nexus/treasury/forecast_integration_test.exs:39: Nexus.Treasury.ForecastIntegrationTest."test liquidity forecasting successfully generates and projects a forecast based on historical data"/1

.....    warning: ExUnit.Case.register_test/4 is deprecated. Use register_test/6 instead
    │
  6 │   alias Nexus.Identity.AuthChallengeStore
    │   ~~~~~~~~~~~~~~~~~~~~~~~~~~~~~~~~~~~~~~~
    │
    └─ test/nexus/identity/biometric_login_test.exs:6: Nexus.Identity.BiometricLoginTest (module)

    warning: ExUnit.Case.register_test/4 is deprecated. Use register_test/6 instead
    │
  6 │   alias Nexus.Identity.AuthChallengeStore
    │   ~~~~~~~~~~~~~~~~~~~~~~~~~~~~~~~~~~~~~~~
    │
    └─ test/nexus/identity/step_up_authorization_test.exs:6: Nexus.Identity.StepUpAuthorizationTest (module)

    warning: ExUnit.Case.register_test/4 is deprecated. Use register_test/6 instead
    │
  6 │   alias Nexus.Organization.Commands.InviteUser
    │   ~~~~~~~~~~~~~~~~~~~~~~~~~~~~~~~~~~~~~~~~~~~~
    │
    └─ test/nexus/organization/user_invitation_test.exs:6: Nexus.Organization.UserInvitationTest (module)

    warning: ExUnit.Case.register_test/4 is deprecated. Use register_test/6 instead
    │
 17 │     {:ok, state}
    │     ~~~~~~~~~~~~
    │
    └─ test/nexus/identity/biometric_login_test.exs:17: Nexus.Identity.BiometricLoginTest (module)

    warning: ExUnit.Case.register_test/4 is deprecated. Use register_test/6 instead
    │
  6 │   alias Nexus.Identity.AuthChallengeStore
    │   ~~~~~~~~~~~~~~~~~~~~~~~~~~~~~~~~~~~~~~~
    │
    └─ test/nexus/identity/biometric_login_test.exs:6: Nexus.Identity.BiometricLoginTest (module)

    warning: ExUnit.Case.register_test/4 is deprecated. Use register_test/6 instead
    │
 13 │     org_id = Nexus.Schema.generate_uuidv7()
    │     ~~~~~~~~~~~~~~~~~~~~~~~~~~~~~~~~~~~~~~~
    │
    └─ test/nexus/identity/step_up_authorization_test.exs:13: Nexus.Identity.StepUpAuthorizationTest (module)

    warning: ExUnit.Case.register_test/4 is deprecated. Use register_test/6 instead
    │
 14 │       Nexus.Repo.delete_all(Nexus.Organization.Projections.Tenant)
    │       ~~~~~~~~~~~~~~~~~~~~~~~~~~~~~~~~~~~~~~~~~~~~~~~~~~~~~~~~~~~~
    │
    └─ test/nexus/organization/user_invitation_test.exs:14: Nexus.Organization.UserInvitationTest (module)

    warning: ExUnit.Case.register_test/4 is deprecated. Use register_test/6 instead
    │
  6 │   alias Nexus.App
    │   ~~~~~~~~~~~~~~~
    │
    └─ test/nexus/identity/user_settings_feature_test.exs:6: Nexus.Identity.UserSettingsFeatureTest (module)

    warning: ExUnit.Case.register_test/4 is deprecated. Use register_test/6 instead
    │
 17 │     {:ok, state}
    │     ~~~~~~~~~~~~
    │
    └─ test/nexus/identity/biometric_login_test.exs:17: Nexus.Identity.BiometricLoginTest (module)

    warning: ExUnit.Case.register_test/4 is deprecated. Use register_test/6 instead
    │
 20 │       %{}
    │       ~~~
    │
    └─ test/nexus/organization/user_invitation_test.exs:20: Nexus.Organization.UserInvitationTest (module)

    warning: ExUnit.Case.register_test/4 is deprecated. Use register_test/6 instead
    │
  6 │   alias Nexus.Identity.AuthChallengeStore
    │   ~~~~~~~~~~~~~~~~~~~~~~~~~~~~~~~~~~~~~~~
    │
    └─ test/nexus/identity/step_up_authorization_test.exs:6: Nexus.Identity.StepUpAuthorizationTest (module)

    warning: ExUnit.Case.register_test/4 is deprecated. Use register_test/6 instead
    │
 15 │     # Sandbox handles clearing if we use it correctly, but explicit cleanup is safer for these projectors
    │     ~~~~~~~~~~~~~~~~~~~~~~~~~~~~~~~~~~~~~~~~~~~~~~~~~~~~~~~~~~~~~~~~~~~~~~~~~~~~~~~~~~~~~~~~~~~~~~~~~~~~~
    │
    └─ test/nexus/identity/user_settings_feature_test.exs:15: Nexus.Identity.UserSettingsFeatureTest (module)

    warning: ExUnit.Case.register_test/4 is deprecated. Use register_test/6 instead
    │
  6 │   alias Nexus.Organization.Commands.InviteUser
    │   ~~~~~~~~~~~~~~~~~~~~~~~~~~~~~~~~~~~~~~~~~~~~
    │
    └─ test/nexus/organization/user_invitation_test.exs:6: Nexus.Organization.UserInvitationTest (module)

    warning: ExUnit.Case.register_test/4 is deprecated. Use register_test/6 instead
    │
 14 │       Nexus.Repo.delete_all(Nexus.Organization.Projections.Tenant)
    │       ~~~~~~~~~~~~~~~~~~~~~~~~~~~~~~~~~~~~~~~~~~~~~~~~~~~~~~~~~~~~
    │
    └─ test/nexus/organization/user_invitation_test.exs:14: Nexus.Organization.UserInvitationTest (module)

    warning: ExUnit.Case.register_test/4 is deprecated. Use register_test/6 instead
    │
 23 │ 
    │ 
    │
    └─ test/nexus/identity/user_settings_feature_test.exs:23: Nexus.Identity.UserSettingsFeatureTest (module)

    warning: ExUnit.Case.register_test/4 is deprecated. Use register_test/6 instead
    │
 20 │       %{}
    │       ~~~
    │
    └─ test/nexus/organization/user_invitation_test.exs:20: Nexus.Organization.UserInvitationTest (module)

    warning: ExUnit.Case.register_test/4 is deprecated. Use register_test/6 instead
    │
 13 │     org_id = Nexus.Schema.generate_uuidv7()
    │     ~~~~~~~~~~~~~~~~~~~~~~~~~~~~~~~~~~~~~~~
    │
    └─ test/nexus/identity/step_up_authorization_test.exs:13: Nexus.Identity.StepUpAuthorizationTest (module)

    warning: ExUnit.Case.register_test/4 is deprecated. Use register_test/6 instead
    │
  6 │   alias Nexus.App
    │   ~~~~~~~~~~~~~~~
    │
    └─ test/nexus/identity/user_settings_feature_test.exs:6: Nexus.Identity.UserSettingsFeatureTest (module)

     warning: variable "event_number" is unused (if the variable is not meant to be used, prefix it with an underscore)
     │
 279 │   defp sync_reconciliation_manager(event, event_number, state) do
     │                                           ~~~~~~~~~~~~
     │
     └─ test/nexus/treasury/reconciliation_test.exs:279:43: Nexus.Treasury.ReconciliationTest.sync_reconciliation_manager/3

     warning: variable "new_pm_state" is unused (if the variable is not meant to be used, prefix it with an underscore)
     │
 305 │     new_pm_state = ReconciliationManager.apply(pm_state, event)
     │     ~~~~~~~~~~~~
     │
     └─ test/nexus/treasury/reconciliation_test.exs:305:5: Nexus.Treasury.ReconciliationTest.sync_reconciliation_manager/3

    warning: ExUnit.Case.register_test/4 is deprecated. Use register_test/6 instead
    │
 15 │     # Sandbox handles clearing if we use it correctly, but explicit cleanup is safer for these projectors
    │     ~~~~~~~~~~~~~~~~~~~~~~~~~~~~~~~~~~~~~~~~~~~~~~~~~~~~~~~~~~~~~~~~~~~~~~~~~~~~~~~~~~~~~~~~~~~~~~~~~~~~~
    │
    └─ test/nexus/identity/user_settings_feature_test.exs:15: Nexus.Identity.UserSettingsFeatureTest (module)

    warning: ExUnit.Case.register_test/4 is deprecated. Use register_test/6 instead
    │
 23 │ 
    │ 
    │
    └─ test/nexus/identity/user_settings_feature_test.exs:23: Nexus.Identity.UserSettingsFeatureTest (module)

...    warning: ExUnit.Case.register_test/4 is deprecated. Use register_test/6 instead
    │
  6 │   @moduletag :no_sandbox
    │   ~~~~~~~~~~~~~~~~~~~~~~
    │
    └─ test/nexus/reporting/compliance_hub_test.exs:6: Nexus.Reporting.ComplianceHubTest (module)

    warning: ExUnit.Case.register_test/4 is deprecated. Use register_test/6 instead
    │
 13 │     org_id = Ecto.UUID.generate()
    │     ~~~~~~~~~~~~~~~~~~~~~~~~~~~~~
    │
    └─ test/nexus/reporting/compliance_hub_test.exs:13: Nexus.Reporting.ComplianceHubTest (module)

    warning: ExUnit.Case.register_test/4 is deprecated. Use register_test/6 instead
    │
  6 │   @moduletag :no_sandbox
    │   ~~~~~~~~~~~~~~~~~~~~~~
    │
    └─ test/nexus/treasury/reconciliation_test.exs:6: Nexus.Treasury.ReconciliationTest (module)

    warning: ExUnit.Case.register_test/4 is deprecated. Use register_test/6 instead
    │
 20 │     end)
    │     ~~~~
    │
    └─ test/nexus/reporting/compliance_hub_test.exs:20: Nexus.Reporting.ComplianceHubTest (module)

    warning: ExUnit.Case.register_test/4 is deprecated. Use register_test/6 instead
    │
 16 │     org_id = Nexus.Schema.generate_uuidv7()
    │     ~~~~~~~~~~~~~~~~~~~~~~~~~~~~~~~~~~~~~~~
    │
    └─ test/nexus/treasury/reconciliation_test.exs:16: Nexus.Treasury.ReconciliationTest (module)

    warning: ExUnit.Case.register_test/4 is deprecated. Use register_test/6 instead
    │
  6 │   @moduletag :no_sandbox
    │   ~~~~~~~~~~~~~~~~~~~~~~
    │
    └─ test/nexus/reporting/compliance_hub_test.exs:6: Nexus.Reporting.ComplianceHubTest (module)

    warning: ExUnit.Case.register_test/4 is deprecated. Use register_test/6 instead
    │
 23 │       Ecto.Adapters.SQL.query!(Nexus.Repo, "DELETE FROM projection_versions")
    │       ~~~~~~~~~~~~~~~~~~~~~~~~~~~~~~~~~~~~~~~~~~~~~~~~~~~~~~~~~~~~~~~~~~~~~~~
    │
    └─ test/nexus/treasury/reconciliation_test.exs:23: Nexus.Treasury.ReconciliationTest (module)

    warning: ExUnit.Case.register_test/4 is deprecated. Use register_test/6 instead
    │
 13 │     org_id = Ecto.UUID.generate()
    │     ~~~~~~~~~~~~~~~~~~~~~~~~~~~~~
    │
    └─ test/nexus/reporting/compliance_hub_test.exs:13: Nexus.Reporting.ComplianceHubTest (module)

    warning: ExUnit.Case.register_test/4 is deprecated. Use register_test/6 instead
    │
  6 │   @moduletag :no_sandbox
    │   ~~~~~~~~~~~~~~~~~~~~~~
    │
    └─ test/nexus/treasury/exposure_policy_test.exs:6: Nexus.Treasury.ExposurePolicyTest (module)

    warning: ExUnit.Case.register_test/4 is deprecated. Use register_test/6 instead
    │
  6 │   @moduletag :no_sandbox
    │   ~~~~~~~~~~~~~~~~~~~~~~
    │
    └─ test/nexus/treasury/reconciliation_test.exs:6: Nexus.Treasury.ReconciliationTest (module)

    warning: ExUnit.Case.register_test/4 is deprecated. Use register_test/6 instead
    │
 20 │     end)
    │     ~~~~
    │
    └─ test/nexus/reporting/compliance_hub_test.exs:20: Nexus.Reporting.ComplianceHubTest (module)

    warning: ExUnit.Case.register_test/4 is deprecated. Use register_test/6 instead
    │
 16 │     org_id = Nexus.Schema.generate_uuidv7()
    │     ~~~~~~~~~~~~~~~~~~~~~~~~~~~~~~~~~~~~~~~
    │
    └─ test/nexus/treasury/reconciliation_test.exs:16: Nexus.Treasury.ReconciliationTest (module)

    warning: ExUnit.Case.register_test/4 is deprecated. Use register_test/6 instead
    │
 13 │   setup do
    │   ~~~~~~~~
    │
    └─ test/nexus/treasury/exposure_policy_test.exs:13: Nexus.Treasury.ExposurePolicyTest (module)

    warning: ExUnit.Case.register_test/4 is deprecated. Use register_test/6 instead
    │
 23 │       Ecto.Adapters.SQL.query!(Nexus.Repo, "DELETE FROM projection_versions")
    │       ~~~~~~~~~~~~~~~~~~~~~~~~~~~~~~~~~~~~~~~~~~~~~~~~~~~~~~~~~~~~~~~~~~~~~~~
    │
    └─ test/nexus/treasury/reconciliation_test.exs:23: Nexus.Treasury.ReconciliationTest (module)

    warning: ExUnit.Case.register_test/4 is deprecated. Use register_test/6 instead
    │
  6 │   @moduletag :no_sandbox
    │   ~~~~~~~~~~~~~~~~~~~~~~
    │
    └─ test/nexus/treasury/exposure_policy_test.exs:6: Nexus.Treasury.ExposurePolicyTest (module)

    warning: ExUnit.Case.register_test/4 is deprecated. Use register_test/6 instead
    │
  6 │   @moduletag :no_sandbox
    │   ~~~~~~~~~~~~~~~~~~~~~~
    │
    └─ test/nexus/treasury/policy_mode_test.exs:6: Nexus.Treasury.PolicyModeTest (module)

    warning: ExUnit.Case.register_test/4 is deprecated. Use register_test/6 instead
    │
 13 │   setup do
    │   ~~~~~~~~
    │
    └─ test/nexus/treasury/exposure_policy_test.exs:13: Nexus.Treasury.ExposurePolicyTest (module)

    warning: ExUnit.Case.register_test/4 is deprecated. Use register_test/6 instead
    │
 12 │ 
    │ 
    │
    └─ test/nexus/treasury/policy_mode_test.exs:12: Nexus.Treasury.PolicyModeTest (module)

    warning: ExUnit.Case.register_test/4 is deprecated. Use register_test/6 instead
    │
 18 │ 
    │ 
    │
    └─ test/nexus/treasury/policy_mode_test.exs:18: Nexus.Treasury.PolicyModeTest (module)

    warning: ExUnit.Case.register_test/4 is deprecated. Use register_test/6 instead
    │
 24 │       Nexus.Repo.delete_all(TreasuryPolicy)
    │       ~~~~~~~~~~~~~~~~~~~~~~~~~~~~~~~~~~~~~
    │
    └─ test/nexus/treasury/policy_mode_test.exs:24: Nexus.Treasury.PolicyModeTest (module)

    warning: ExUnit.Case.register_test/4 is deprecated. Use register_test/6 instead
    │
  6 │   @moduletag :no_sandbox
    │   ~~~~~~~~~~~~~~~~~~~~~~
    │
    └─ test/nexus/treasury/policy_mode_test.exs:6: Nexus.Treasury.PolicyModeTest (module)

    warning: ExUnit.Case.register_test/4 is deprecated. Use register_test/6 instead
    │
 12 │ 
    │ 
    │
    └─ test/nexus/treasury/policy_mode_test.exs:12: Nexus.Treasury.PolicyModeTest (module)

    warning: ExUnit.Case.register_test/4 is deprecated. Use register_test/6 instead
    │
 18 │ 
    │ 
    │
    └─ test/nexus/treasury/policy_mode_test.exs:18: Nexus.Treasury.PolicyModeTest (module)

    warning: ExUnit.Case.register_test/4 is deprecated. Use register_test/6 instead
    │
 24 │       Nexus.Repo.delete_all(TreasuryPolicy)
    │       ~~~~~~~~~~~~~~~~~~~~~~~~~~~~~~~~~~~~~
    │
    └─ test/nexus/treasury/policy_mode_test.exs:24: Nexus.Treasury.PolicyModeTest (module)

     warning: variable "new_pm_state" is unused (if the variable is not meant to be used, prefix it with an underscore)
     │
 146 │     new_pm_state = TransferManager.apply(pm_state, event)
     │     ~~~~~~~~~~~~
     │
     └─ test/nexus/treasury/transfer_hardening_test.exs:146:5: Nexus.Treasury.TransferHardeningTest.sync_transfer_pm/2

    warning: variable "row" is unused (if the variable is not meant to be used, prefix it with an underscore)
    │
 79 │       Enum.reduce(table, %{}, fn row, accumulator ->
    │                                  ~
    │
    └─ test/nexus/treasury/reconciliation_test.exs:79:34: Nexus.Treasury.ReconciliationTest."scenario Exact amount match between Invoice and Statement Line Exact amount match between Invoice and Statement Line"/1

    warning: variable "mapping" is unused (if the variable is not meant to be used, prefix it with an underscore)
    │
 78 │     mapping =
    │     ~
    │
    └─ test/nexus/treasury/reconciliation_test.exs:78:5: Nexus.Treasury.ReconciliationTest."scenario Exact amount match between Invoice and Statement Line Exact amount match between Invoice and Statement Line"/1

    warning: variable "row" is unused (if the variable is not meant to be used, prefix it with an underscore)
    │
 79 │       Enum.reduce(table, %{}, fn row, accumulator ->
    │                                  ~
    │
    └─ test/nexus/treasury/reconciliation_test.exs:79:34: Nexus.Treasury.ReconciliationTest."scenario Statement line without a matching invoice flags as unmatched (Exception) Statement line without a matching invoice flags as unmatched (Exception)"/1

    warning: variable "mapping" is unused (if the variable is not meant to be used, prefix it with an underscore)
    │
 78 │     mapping =
    │     ~
    │
    └─ test/nexus/treasury/reconciliation_test.exs:78:5: Nexus.Treasury.ReconciliationTest."scenario Statement line without a matching invoice flags as unmatched (Exception) Statement line without a matching invoice flags as unmatched (Exception)"/1

.    warning: ExUnit.Case.register_test/4 is deprecated. Use register_test/6 instead
    │
  6 │   alias Nexus.Organization.Projections.Tenant
    │   ~~~~~~~~~~~~~~~~~~~~~~~~~~~~~~~~~~~~~~~~~~~
    │
    └─ test/nexus/organization/tenant_provisioning_test.exs:6: Nexus.Organization.TenantProvisioningTest (module)

    warning: ExUnit.Case.register_test/4 is deprecated. Use register_test/6 instead
    │
 14 │       Nexus.Repo.delete_all(Tenant)
    │       ~~~~~~~~~~~~~~~~~~~~~~~~~~~~~
    │
    └─ test/nexus/organization/tenant_provisioning_test.exs:14: Nexus.Organization.TenantProvisioningTest (module)

    warning: ExUnit.Case.register_test/4 is deprecated. Use register_test/6 instead
    │
  6 │   alias Nexus.Organization.Projections.Tenant
    │   ~~~~~~~~~~~~~~~~~~~~~~~~~~~~~~~~~~~~~~~~~~~
    │
    └─ test/nexus/organization/tenant_provisioning_test.exs:6: Nexus.Organization.TenantProvisioningTest (module)

    warning: ExUnit.Case.register_test/4 is deprecated. Use register_test/6 instead
    │
 14 │       Nexus.Repo.delete_all(Tenant)
    │       ~~~~~~~~~~~~~~~~~~~~~~~~~~~~~
    │
    └─ test/nexus/organization/tenant_provisioning_test.exs:14: Nexus.Organization.TenantProvisioningTest (module)

    warning: unused alias StepUpVerified
    │
  9 │   alias Nexus.Identity.Events.{UserRegistered, StepUpVerified}
    │   ~
    │
    └─ test/nexus/treasury/transfer_hardening_test.exs:9:3

..    warning: ExUnit.Case.register_test/4 is deprecated. Use register_test/6 instead
    │
  6 │ 
    │ 
    │
    └─ test/nexus/treasury/market_data_feed_test.exs:6: Nexus.Treasury.MarketDataFeedTest (module)

    warning: unused alias ControlProjector
    │
 10 │   alias Nexus.Reporting.Projectors.ControlProjector
    │   ~
    │
    └─ test/nexus/reporting/compliance_hub_test.exs:10:3

    warning: ExUnit.Case.register_test/4 is deprecated. Use register_test/6 instead
    │
 12 │       :ets.delete_all_objects(:market_rates_v3)
    │       ~~~~~~~~~~~~~~~~~~~~~~~~~~~~~~~~~~~~~~~~~
    │
    └─ test/nexus/treasury/market_data_feed_test.exs:12: Nexus.Treasury.MarketDataFeedTest (module)

    warning: ExUnit.Case.register_test/4 is deprecated. Use register_test/6 instead
    │
  6 │ 
    │ 
    │
    └─ test/nexus/treasury/market_data_feed_test.exs:6: Nexus.Treasury.MarketDataFeedTest (module)

    warning: ExUnit.Case.register_test/4 is deprecated. Use register_test/6 instead
    │
 12 │       :ets.delete_all_objects(:market_rates_v3)
    │       ~~~~~~~~~~~~~~~~~~~~~~~~~~~~~~~~~~~~~~~~~
    │
    └─ test/nexus/treasury/market_data_feed_test.exs:12: Nexus.Treasury.MarketDataFeedTest (module)

    warning: ExUnit.Case.register_test/4 is deprecated. Use register_test/6 instead
    │
  6 │ 
    │ 
    │
    └─ test/nexus/identity/biometric_verification_test.exs:6: Nexus.Identity.BiometricVerificationTest (module)

    warning: ExUnit.Case.register_test/4 is deprecated. Use register_test/6 instead
    │
  6 │ 
    │ 
    │
    └─ test/nexus/identity/biometric_verification_test.exs:6: Nexus.Identity.BiometricVerificationTest (module)

     warning: variable "new_pm_state" is unused (if the variable is not meant to be used, prefix it with an underscore)
     │
 184 │     new_pm_state = ReconciliationManager.apply(pm_state, event)
     │     ~~~~~~~~~~~~
     │
     └─ test/nexus/treasury/automated_reconciliation_test.exs:184:5: Nexus.Treasury.AutomatedReconciliationTest.sync_pm/2

    warning: unused alias User
    │
  5 │   alias Nexus.Identity.Projections.{User, UserSession, UserSettings}
    │   ~
    │
    └─ test/nexus/identity/user_session_test.exs:5:3

    warning: variable "flash" is unused (if the variable is not meant to be used, prefix it with an underscore)
    │
 46 │       {path, flash} = assert_redirect(view)
    │              ~~~~~
    │
    └─ test/nexus_web/live/organization/invites_live_test.exs:46:14: NexusWeb.Organization.InvitesLiveTest."test InvitesLive renders accept invitation form when token is valid"/1

    warning: ExUnit.Case.register_test/4 is deprecated. Use register_test/6 instead
    │
  6 │   alias Nexus.ERP.Projections.Invoice
    │   ~~~~~~~~~~~~~~~~~~~~~~~~~~~~~~~~~~~
    │
    └─ test/nexus/erp/invoice_ingestion_test.exs:6: Nexus.ERP.InvoiceIngestionTest (module)

    warning: ExUnit.Case.register_test/4 is deprecated. Use register_test/6 instead
    │
 12 │     # Clear the projection versions table to ensure clean state
    │     ~~~~~~~~~~~~~~~~~~~~~~~~~~~~~~~~~~~~~~~~~~~~~~~~~~~~~~~~~~~
    │
    └─ test/nexus/erp/invoice_ingestion_test.exs:12: Nexus.ERP.InvoiceIngestionTest (module)

    warning: ExUnit.Case.register_test/4 is deprecated. Use register_test/6 instead
    │
 18 │     :ok
    │     ~~~
    │
    └─ test/nexus/erp/invoice_ingestion_test.exs:18: Nexus.ERP.InvoiceIngestionTest (module)

    warning: ExUnit.Case.register_test/4 is deprecated. Use register_test/6 instead
    │
  6 │   alias Nexus.ERP.Projections.Invoice
    │   ~~~~~~~~~~~~~~~~~~~~~~~~~~~~~~~~~~~
    │
    └─ test/nexus/erp/invoice_ingestion_test.exs:6: Nexus.ERP.InvoiceIngestionTest (module)

    warning: ExUnit.Case.register_test/4 is deprecated. Use register_test/6 instead
    │
 12 │     # Clear the projection versions table to ensure clean state
    │     ~~~~~~~~~~~~~~~~~~~~~~~~~~~~~~~~~~~~~~~~~~~~~~~~~~~~~~~~~~~
    │
    └─ test/nexus/erp/invoice_ingestion_test.exs:12: Nexus.ERP.InvoiceIngestionTest (module)

    warning: ExUnit.Case.register_test/4 is deprecated. Use register_test/6 instead
    │
 18 │     :ok
    │     ~~~
    │
    └─ test/nexus/erp/invoice_ingestion_test.exs:18: Nexus.ERP.InvoiceIngestionTest (module)

    warning: ExUnit.Case.register_test/4 is deprecated. Use register_test/6 instead
    │
  6 │ 
    │ 
    │
    └─ test/nexus/erp/rate_limiting_test.exs:6: Nexus.ERP.RateLimitingTest (module)

    warning: ExUnit.Case.register_test/4 is deprecated. Use register_test/6 instead
    │
 11 │     :ok
    │     ~~~
    │
    └─ test/nexus/erp/rate_limiting_test.exs:11: Nexus.ERP.RateLimitingTest (module)

    warning: ExUnit.Case.register_test/4 is deprecated. Use register_test/6 instead
    │
  6 │ 
    │ 
    │
    └─ test/nexus/erp/rate_limiting_test.exs:6: Nexus.ERP.RateLimitingTest (module)

    warning: ExUnit.Case.register_test/4 is deprecated. Use register_test/6 instead
    │
 11 │     :ok
    │     ~~~
    │
    └─ test/nexus/erp/rate_limiting_test.exs:11: Nexus.ERP.RateLimitingTest (module)

    warning: ExUnit.Case.register_test/4 is deprecated. Use register_test/6 instead
    │
  6 │ 
    │ 
    │
    └─ test/nexus/erp/statement_upload_test.exs:6: Nexus.ERP.StatementUploadTest (module)

    warning: ExUnit.Case.register_test/4 is deprecated. Use register_test/6 instead
    │
 12 │   # ---------------------------------------------------------------------------
    │   ~~~~~~~~~~~~~~~~~~~~~~~~~~~~~~~~~~~~~~~~~~~~~~~~~~~~~~~~~~~~~~~~~~~~~~~~~~~~~
    │
    └─ test/nexus/erp/statement_upload_test.exs:12: Nexus.ERP.StatementUploadTest (module)

    warning: ExUnit.Case.register_test/4 is deprecated. Use register_test/6 instead
    │
 18 │   :25:IBAN-DE89370400440532013000
    │   ~~~~~~~~~~~~~~~~~~~~~~~~~~~~~~~
    │
    └─ test/nexus/erp/statement_upload_test.exs:18: Nexus.ERP.StatementUploadTest (module)

    warning: ExUnit.Case.register_test/4 is deprecated. Use register_test/6 instead
    │
  6 │ 
    │ 
    │
    └─ test/nexus/erp/statement_upload_test.exs:6: Nexus.ERP.StatementUploadTest (module)

    warning: ExUnit.Case.register_test/4 is deprecated. Use register_test/6 instead
    │
 12 │   # ---------------------------------------------------------------------------
    │   ~~~~~~~~~~~~~~~~~~~~~~~~~~~~~~~~~~~~~~~~~~~~~~~~~~~~~~~~~~~~~~~~~~~~~~~~~~~~~
    │
    └─ test/nexus/erp/statement_upload_test.exs:12: Nexus.ERP.StatementUploadTest (module)

    warning: ExUnit.Case.register_test/4 is deprecated. Use register_test/6 instead
    │
 18 │   :25:IBAN-DE89370400440532013000
    │   ~~~~~~~~~~~~~~~~~~~~~~~~~~~~~~~
    │
    └─ test/nexus/erp/statement_upload_test.exs:18: Nexus.ERP.StatementUploadTest (module)

    warning: unused alias BiometricVerified
    │
  8 │   alias Nexus.Identity.Events.BiometricVerified
    │   ~
    │
    └─ test/nexus/identity/biometric_verification_test.exs:8:3

    warning: ExUnit.Case.register_test/4 is deprecated. Use register_test/6 instead
    │
  6 │   # Skip the Ecto Sandbox owner so projector writes commit to real DB rows.
    │   ~~~~~~~~~~~~~~~~~~~~~~~~~~~~~~~~~~~~~~~~~~~~~~~~~~~~~~~~~~~~~~~~~~~~~~~~~
    │
    └─ test/nexus/treasury/exposure_calculation_test.exs:6: Nexus.Treasury.ExposureCalculationTest (module)

    warning: ExUnit.Case.register_test/4 is deprecated. Use register_test/6 instead
    │
 12 │   alias Nexus.Treasury.Projections.ExposureSnapshot
    │   ~~~~~~~~~~~~~~~~~~~~~~~~~~~~~~~~~~~~~~~~~~~~~~~~~
    │
    └─ test/nexus/treasury/exposure_calculation_test.exs:12: Nexus.Treasury.ExposureCalculationTest (module)

    warning: ExUnit.Case.register_test/4 is deprecated. Use register_test/6 instead
    │
  6 │   # Skip the Ecto Sandbox owner so projector writes commit to real DB rows.
    │   ~~~~~~~~~~~~~~~~~~~~~~~~~~~~~~~~~~~~~~~~~~~~~~~~~~~~~~~~~~~~~~~~~~~~~~~~~
    │
    └─ test/nexus/treasury/exposure_calculation_test.exs:6: Nexus.Treasury.ExposureCalculationTest (module)

    warning: ExUnit.Case.register_test/4 is deprecated. Use register_test/6 instead
    │
 12 │   alias Nexus.Treasury.Projections.ExposureSnapshot
    │   ~~~~~~~~~~~~~~~~~~~~~~~~~~~~~~~~~~~~~~~~~~~~~~~~~
    │
    └─ test/nexus/treasury/exposure_calculation_test.exs:12: Nexus.Treasury.ExposureCalculationTest (module)

.........23:04:57.702 request_id=GJ3DbDCW_32ZntMAABrm [info] GET /invites/bad-token-123
    warning: ExUnit.Case.register_test/4 is deprecated. Use register_test/6 instead
    │
  6 │   @moduletag :no_sandbox
    │   ~~~~~~~~~~~~~~~~~~~~~~
    │
    └─ test/nexus/payments/bulk_payment_feature_test.exs:6: Nexus.Payments.BulkPaymentFeatureTest (module)

    warning: ExUnit.Case.register_test/4 is deprecated. Use register_test/6 instead
    │
 16 │   alias Nexus.Payments.ProcessManagers.BulkPaymentSaga
    │   ~~~~~~~~~~~~~~~~~~~~~~~~~~~~~~~~~~~~~~~~~~~~~~~~~~~~
    │
    └─ test/nexus/payments/bulk_payment_feature_test.exs:16: Nexus.Payments.BulkPaymentFeatureTest (module)

    warning: ExUnit.Case.register_test/4 is deprecated. Use register_test/6 instead
    │
  6 │   @moduletag :no_sandbox
    │   ~~~~~~~~~~~~~~~~~~~~~~
    │
    └─ test/nexus/payments/bulk_payment_feature_test.exs:6: Nexus.Payments.BulkPaymentFeatureTest (module)

    warning: ExUnit.Case.register_test/4 is deprecated. Use register_test/6 instead
    │
 16 │   alias Nexus.Payments.ProcessManagers.BulkPaymentSaga
    │   ~~~~~~~~~~~~~~~~~~~~~~~~~~~~~~~~~~~~~~~~~~~~~~~~~~~~
    │
    └─ test/nexus/payments/bulk_payment_feature_test.exs:16: Nexus.Payments.BulkPaymentFeatureTest (module)

    warning: ExUnit.Case.register_test/4 is deprecated. Use register_test/6 instead
    │
  6 │ 
    │ 
    │
    └─ test/nexus/intelligence/ai_sentinel_test.exs:6: Nexus.Intelligence.AISentinelTest (module)

    warning: ExUnit.Case.register_test/4 is deprecated. Use register_test/6 instead
    │
 12 │     Ecto.Adapters.SQL.Sandbox.unboxed_run(Nexus.Repo, fn ->
    │     ~~~~~~~~~~~~~~~~~~~~~~~~~~~~~~~~~~~~~~~~~~~~~~~~~~~~~~~
    │
    └─ test/nexus/intelligence/ai_sentinel_test.exs:12: Nexus.Intelligence.AISentinelTest (module)

    warning: ExUnit.Case.register_test/4 is deprecated. Use register_test/6 instead
    │
  6 │ 
    │ 
    │
    └─ test/nexus/intelligence/ai_sentinel_test.exs:6: Nexus.Intelligence.AISentinelTest (module)

    warning: ExUnit.Case.register_test/4 is deprecated. Use register_test/6 instead
    │
 12 │     Ecto.Adapters.SQL.Sandbox.unboxed_run(Nexus.Repo, fn ->
    │     ~~~~~~~~~~~~~~~~~~~~~~~~~~~~~~~~~~~~~~~~~~~~~~~~~~~~~~~
    │
    └─ test/nexus/intelligence/ai_sentinel_test.exs:12: Nexus.Intelligence.AISentinelTest (module)

    warning: variable "score" is unused (if the variable is not meant to be used, prefix it with an underscore)
    │
 52 │           %{score: score},
    │                    ~
    │
    └─ test/nexus/intelligence/ai_sentinel_test.exs:52:20: Nexus.Intelligence.AISentinelTest."scenario Invoice is flagged as an anomaly Invoice is flagged as an anomaly"/1

....    warning: unused alias CreditVault
    │
  4 │   alias Nexus.Treasury.Commands.{RegisterVault, SyncVaultBalance, DebitVault, CreditVault}
    │   ~
    │
    └─ test/nexus/treasury/aggregates/vault_test.exs:4:3

    warning: unused alias DebitVault
    │
  4 │   alias Nexus.Treasury.Commands.{RegisterVault, SyncVaultBalance, DebitVault, CreditVault}
    │   ~
    │
    └─ test/nexus/treasury/aggregates/vault_test.exs:4:3

....    warning: unused alias IngestInvoice
    │
  5 │   alias Nexus.ERP.Commands.{IngestInvoice, MatchInvoice}
    │   ~
    │
    └─ test/nexus/erp/aggregates/invoice_test.exs:5:3

    warning: unused alias InvoiceIngested
    │
  6 │   alias Nexus.ERP.Events.{InvoiceIngested, InvoiceMatched}
    │   ~
    │
    └─ test/nexus/erp/aggregates/invoice_test.exs:6:3

.....    warning: ExUnit.Case.register_test/4 is deprecated. Use register_test/6 instead
    │
  6 │   alias Nexus.Identity.AuthChallengeStore
    │   ~~~~~~~~~~~~~~~~~~~~~~~~~~~~~~~~~~~~~~~
    │
    └─ test/nexus/identity/identity_challenge_store_test.exs:6: Nexus.Identity.IdentityChallengeStoreTest (module)

    warning: ExUnit.Case.register_test/4 is deprecated. Use register_test/6 instead
    │
 13 │ 
    │ 
    │
    └─ test/nexus/identity/identity_challenge_store_test.exs:13: Nexus.Identity.IdentityChallengeStoreTest (module)

    warning: ExUnit.Case.register_test/4 is deprecated. Use register_test/6 instead
    │
 22 │            state do
    │            ~~~~~~~~
    │
    └─ test/nexus/identity/identity_challenge_store_test.exs:22: Nexus.Identity.IdentityChallengeStoreTest (module)

    warning: ExUnit.Case.register_test/4 is deprecated. Use register_test/6 instead
    │
  6 │   alias Nexus.Identity.AuthChallengeStore
    │   ~~~~~~~~~~~~~~~~~~~~~~~~~~~~~~~~~~~~~~~
    │
    └─ test/nexus/identity/identity_challenge_store_test.exs:6: Nexus.Identity.IdentityChallengeStoreTest (module)

    warning: ExUnit.Case.register_test/4 is deprecated. Use register_test/6 instead
    │
 13 │ 
    │ 
    │
    └─ test/nexus/identity/identity_challenge_store_test.exs:13: Nexus.Identity.IdentityChallengeStoreTest (module)

    warning: ExUnit.Case.register_test/4 is deprecated. Use register_test/6 instead
    │
 22 │            state do
    │            ~~~~~~~~
    │
    └─ test/nexus/identity/identity_challenge_store_test.exs:22: Nexus.Identity.IdentityChallengeStoreTest (module)

....     warning: function project_event/4 is unused
     │
 265 │   defp project_event(event, event_number, handler_name, projector_module) do
     │        ~
     │
     └─ test/nexus/payments/bulk_payment_feature_test.exs:265:8: Nexus.Payments.BulkPaymentFeatureTest (module)

    warning: unused alias ERP
    │
  8 │   alias Nexus.ERP
    │   ~
    │
    └─ test/nexus/erp/statement_upload_test.exs:8:3

    warning: ExUnit.Case.register_test/4 is deprecated. Use register_test/6 instead
    │
  6 │   @moduletag :no_sandbox
    │   ~~~~~~~~~~~~~~~~~~~~~~
    │
    └─ test/nexus/treasury/cash_flow_outlook_test.exs:6: Nexus.Treasury.CashFlowOutlookTest (module)

    warning: ExUnit.Case.register_test/4 is deprecated. Use register_test/6 instead
    │
 14 │   setup do
    │   ~~~~~~~~
    │
    └─ test/nexus/treasury/cash_flow_outlook_test.exs:14: Nexus.Treasury.CashFlowOutlookTest (module)

    warning: ExUnit.Case.register_test/4 is deprecated. Use register_test/6 instead
    │
  6 │   @moduletag :no_sandbox
    │   ~~~~~~~~~~~~~~~~~~~~~~
    │
    └─ test/nexus/treasury/cash_flow_outlook_test.exs:6: Nexus.Treasury.CashFlowOutlookTest (module)

    warning: ExUnit.Case.register_test/4 is deprecated. Use register_test/6 instead
    │
 14 │   setup do
    │   ~~~~~~~~
    │
    └─ test/nexus/treasury/cash_flow_outlook_test.exs:14: Nexus.Treasury.CashFlowOutlookTest (module)

......23:04:57.819 request_id=GJ3DbDCW_32ZntMAABrm [debug] Processing with NexusWeb.Organization.InvitesLive.__live__/0
  Parameters: %{"token" => "bad-token-123"}
  Pipelines: [:browser]
23:04:57.877 request_id=GJ3DbDCW_32ZntMAABrm [info] Sent 200 in 174ms
23:04:57.914 [debug] MOUNT NexusWeb.Organization.InvitesLive
  Parameters: %{"token" => "bad-token-123"}
  Session: %{"_csrf_token" => "dr-hPMqWSPOvBx_orly0xVYh"}
23:04:57.915 [debug] Replied in 115µs
.    warning: unused alias AuthorizeBulkPayment
    │
 12 │   alias Nexus.Payments.Commands.AuthorizeBulkPayment
    │   ~
    │
    └─ test/nexus/payments/bulk_payment_feature_test.exs:12:3

    warning: unused alias BulkPaymentInitiated
    │
 15 │   alias Nexus.Payments.Events.BulkPaymentInitiated
    │   ~
    │
    └─ test/nexus/payments/bulk_payment_feature_test.exs:15:3

23:04:57.970 request_id=GJ3DbEEfdO22oD4AADyo [info] GET /invites/SFMyNTY.g2gDdAAAAAN3BHJvbGVtAAAABnRyYWRlcncGb3JnX2lkbQAAACQwMTljZmUwYi05NTYwLTc2ZDctOGM2Yi1lOTU3ZmI0NDJjNTB3Cmludml0ZWRfYnltAAAAJDAxOWNmZTBiLTk1NjAtNzIxNC04ODgxLTIzNGRjMmRjN2MyMW4GAGCVC_6cAWIAAVGA.Un4_n4nzcAfMHW3NaUnoPQxAbpqpqasuZf5qaUjDW9A
23:04:57.970 request_id=GJ3DbEEfdO22oD4AADyo [debug] Processing with NexusWeb.Organization.InvitesLive.__live__/0
  Parameters: %{"token" => "SFMyNTY.g2gDdAAAAAN3BHJvbGVtAAAABnRyYWRlcncGb3JnX2lkbQAAACQwMTljZmUwYi05NTYwLTc2ZDctOGM2Yi1lOTU3ZmI0NDJjNTB3Cmludml0ZWRfYnltAAAAJDAxOWNmZTBiLTk1NjAtNzIxNC04ODgxLTIzNGRjMmRjN2MyMW4GAGCVC_6cAWIAAVGA.Un4_n4nzcAfMHW3NaUnoPQxAbpqpqasuZf5qaUjDW9A"}
  Pipelines: [:browser]
23:04:57.996 request_id=GJ3DbEEfdO22oD4AADyo [info] Sent 200 in 25ms
23:04:58.000 [debug] MOUNT NexusWeb.Organization.InvitesLive
  Parameters: %{"token" => "SFMyNTY.g2gDdAAAAAN3BHJvbGVtAAAABnRyYWRlcncGb3JnX2lkbQAAACQwMTljZmUwYi05NTYwLTc2ZDctOGM2Yi1lOTU3ZmI0NDJjNTB3Cmludml0ZWRfYnltAAAAJDAxOWNmZTBiLTk1NjAtNzIxNC04ODgxLTIzNGRjMmRjN2MyMW4GAGCVC_6cAWIAAVGA.Un4_n4nzcAfMHW3NaUnoPQxAbpqpqasuZf5qaUjDW9A"}
  Session: %{"_csrf_token" => "Ij_oPM9h0JhrDDy5Czk399wD"}
23:04:58.000 [debug] Replied in 112µs
23:04:58.006 [debug] HANDLE EVENT "register" in NexusWeb.Organization.InvitesLive
  Parameters: %{"display_name" => "Test Invited User", "email" => "test.invitee@global.com"}
23:04:58.006 [debug] Replied in 264µs
.23:04:58.073 [debug] QUERY OK source="treasury_forecast_snapshots" db=1.0ms decode=1.1ms queue=15.8ms
DELETE FROM "treasury_forecast_snapshots" AS t0 []
23:04:58.074 [debug] QUERY OK source="erp_statement_lines" db=0.4ms queue=0.2ms
DELETE FROM "erp_statement_lines" AS e0 []
23:04:58.075 [debug] QUERY OK db=0.2ms queue=0.1ms
DELETE FROM projection_versions []
23:04:58.090 [debug] QUERY OK source="erp_statements" db=3.5ms queue=1.5ms
INSERT INTO "erp_statements" ("id","status","filename","format","org_id","uploaded_at","matched_count","overlap_warning","line_count","created_at","updated_at") VALUES ($1,$2,$3,$4,$5,$6,$7,$8,$9,$10,$11) ["2dc0e76b-427e-4970-8fab-d3565af8398b", "uploaded", "test.csv", "CSV", "07001bcb-94d3-4907-a003-f13192f12d89", ~U[2026-03-17 23:04:58.075161Z], 0, false, 60, ~U[2026-03-17 23:04:58.084396Z], ~U[2026-03-17 23:04:58.084396Z]]
23:04:58.096 [debug] QUERY OK source="erp_statement_lines" db=4.3ms queue=0.2ms
INSERT INTO "erp_statement_lines" ("id","status","date","metadata","currency","ref","amount","org_id","statement_id","created_at","updated_at") VALUES ($1,$2,$3,$4,$5,$6,$7,$8,$9,$10,$11) ["d36cb2b5-8b5d-4787-af0c-ff3c99c6b630", "unmatched", "2026-01-16", %{}, "EUR", "TEST-60", Decimal.new("1600"), "07001bcb-94d3-4907-a003-f13192f12d89", "2dc0e76b-427e-4970-8fab-d3565af8398b", ~U[2026-03-17 23:04:58.090748Z], ~U[2026-03-17 23:04:58.090748Z]]
23:04:58.096 [debug] QUERY OK source="erp_statement_lines" db=0.2ms
INSERT INTO "erp_statement_lines" ("id","status","date","metadata","currency","ref","amount","org_id","statement_id","created_at","updated_at") VALUES ($1,$2,$3,$4,$5,$6,$7,$8,$9,$10,$11) ["8a24b127-e138-4146-8904-ffc101d7bd74", "unmatched", "2026-01-17", %{}, "EUR", "TEST-59", Decimal.new("1590"), "07001bcb-94d3-4907-a003-f13192f12d89", "2dc0e76b-427e-4970-8fab-d3565af8398b", ~U[2026-03-17 23:04:58.096503Z], ~U[2026-03-17 23:04:58.096503Z]]
23:04:58.097 [debug] QUERY OK source="erp_statement_lines" db=0.1ms
INSERT INTO "erp_statement_lines" ("id","status","date","metadata","currency","ref","amount","org_id","statement_id","created_at","updated_at") VALUES ($1,$2,$3,$4,$5,$6,$7,$8,$9,$10,$11) ["51ae48be-1210-4f3a-9a36-e11034f0c48d", "unmatched", "2026-01-18", %{}, "EUR", "TEST-58", Decimal.new("1580"), "07001bcb-94d3-4907-a003-f13192f12d89", "2dc0e76b-427e-4970-8fab-d3565af8398b", ~U[2026-03-17 23:04:58.096902Z], ~U[2026-03-17 23:04:58.096902Z]]
23:04:58.097 [debug] QUERY OK source="erp_statement_lines" db=0.1ms
INSERT INTO "erp_statement_lines" ("id","status","date","metadata","currency","ref","amount","org_id","statement_id","created_at","updated_at") VALUES ($1,$2,$3,$4,$5,$6,$7,$8,$9,$10,$11) ["be638a88-558b-46c0-8fbf-e2d01a174819", "unmatched", "2026-01-19", %{}, "EUR", "TEST-57", Decimal.new("1570"), "07001bcb-94d3-4907-a003-f13192f12d89", "2dc0e76b-427e-4970-8fab-d3565af8398b", ~U[2026-03-17 23:04:58.097184Z], ~U[2026-03-17 23:04:58.097184Z]]
23:04:58.097 [debug] QUERY OK source="erp_statement_lines" db=0.1ms
INSERT INTO "erp_statement_lines" ("id","status","date","metadata","currency","ref","amount","org_id","statement_id","created_at","updated_at") VALUES ($1,$2,$3,$4,$5,$6,$7,$8,$9,$10,$11) ["9a709bee-60df-4a59-8fd4-a78fb089d90f", "unmatched", "2026-01-20", %{}, "EUR", "TEST-56", Decimal.new("1560"), "07001bcb-94d3-4907-a003-f13192f12d89", "2dc0e76b-427e-4970-8fab-d3565af8398b", ~U[2026-03-17 23:04:58.097411Z], ~U[2026-03-17 23:04:58.097411Z]]
23:04:58.097 [debug] QUERY OK source="erp_statement_lines" db=0.1ms
INSERT INTO "erp_statement_lines" ("id","status","date","metadata","currency","ref","amount","org_id","statement_id","created_at","updated_at") VALUES ($1,$2,$3,$4,$5,$6,$7,$8,$9,$10,$11) ["88330114-661c-4a98-a254-b1b0c90b563f", "unmatched", "2026-01-21", %{}, "EUR", "TEST-55", Decimal.new("1550"), "07001bcb-94d3-4907-a003-f13192f12d89", "2dc0e76b-427e-4970-8fab-d3565af8398b", ~U[2026-03-17 23:04:58.097704Z], ~U[2026-03-17 23:04:58.097704Z]]
23:04:58.098 [debug] QUERY OK source="erp_statement_lines" db=0.1ms
INSERT INTO "erp_statement_lines" ("id","status","date","metadata","currency","ref","amount","org_id","statement_id","created_at","updated_at") VALUES ($1,$2,$3,$4,$5,$6,$7,$8,$9,$10,$11) ["35d75f5e-5a44-43c1-b2c3-66b76337dbf6", "unmatched", "2026-01-22", %{}, "EUR", "TEST-54", Decimal.new("1540"), "07001bcb-94d3-4907-a003-f13192f12d89", "2dc0e76b-427e-4970-8fab-d3565af8398b", ~U[2026-03-17 23:04:58.097936Z], ~U[2026-03-17 23:04:58.097936Z]]
23:04:58.098 [debug] QUERY OK source="erp_statement_lines" db=0.1ms
INSERT INTO "erp_statement_lines" ("id","status","date","metadata","currency","ref","amount","org_id","statement_id","created_at","updated_at") VALUES ($1,$2,$3,$4,$5,$6,$7,$8,$9,$10,$11) ["ebbe2daf-b9e7-4612-b58a-44dad5301847", "unmatched", "2026-01-23", %{}, "EUR", "TEST-53", Decimal.new("1530"), "07001bcb-94d3-4907-a003-f13192f12d89", "2dc0e76b-427e-4970-8fab-d3565af8398b", ~U[2026-03-17 23:04:58.098165Z], ~U[2026-03-17 23:04:58.098165Z]]
23:04:58.098 [debug] QUERY OK source="erp_statement_lines" db=0.3ms
INSERT INTO "erp_statement_lines" ("id","status","date","metadata","currency","ref","amount","org_id","statement_id","created_at","updated_at") VALUES ($1,$2,$3,$4,$5,$6,$7,$8,$9,$10,$11) ["89a3d08e-bf3f-4e2d-b02e-6d1c38e4098c", "unmatched", "2026-01-24", %{}, "EUR", "TEST-52", Decimal.new("1520"), "07001bcb-94d3-4907-a003-f13192f12d89", "2dc0e76b-427e-4970-8fab-d3565af8398b", ~U[2026-03-17 23:04:58.098437Z], ~U[2026-03-17 23:04:58.098437Z]]
23:04:58.099 [debug] QUERY OK source="erp_statement_lines" db=0.1ms
INSERT INTO "erp_statement_lines" ("id","status","date","metadata","currency","ref","amount","org_id","statement_id","created_at","updated_at") VALUES ($1,$2,$3,$4,$5,$6,$7,$8,$9,$10,$11) ["6fd493ca-56fc-4c2b-bf8e-0d845115e6c5", "unmatched", "2026-01-25", %{}, "EUR", "TEST-51", Decimal.new("1510"), "07001bcb-94d3-4907-a003-f13192f12d89", "2dc0e76b-427e-4970-8fab-d3565af8398b", ~U[2026-03-17 23:04:58.098815Z], ~U[2026-03-17 23:04:58.098815Z]]
23:04:58.099 [debug] QUERY OK source="erp_statement_lines" db=0.1ms
INSERT INTO "erp_statement_lines" ("id","status","date","metadata","currency","ref","amount","org_id","statement_id","created_at","updated_at") VALUES ($1,$2,$3,$4,$5,$6,$7,$8,$9,$10,$11) ["0c35f33a-63d3-4cf4-aa35-29548aa75224", "unmatched", "2026-01-26", %{}, "EUR", "TEST-50", Decimal.new("1500"), "07001bcb-94d3-4907-a003-f13192f12d89", "2dc0e76b-427e-4970-8fab-d3565af8398b", ~U[2026-03-17 23:04:58.099036Z], ~U[2026-03-17 23:04:58.099036Z]]
23:04:58.099 [debug] QUERY OK source="erp_statement_lines" db=0.2ms
INSERT INTO "erp_statement_lines" ("id","status","date","metadata","currency","ref","amount","org_id","statement_id","created_at","updated_at") VALUES ($1,$2,$3,$4,$5,$6,$7,$8,$9,$10,$11) ["1d764b5e-ae44-4279-8be5-1ee8f2114323", "unmatched", "2026-01-27", %{}, "EUR", "TEST-49", Decimal.new("1490"), "07001bcb-94d3-4907-a003-f13192f12d89", "2dc0e76b-427e-4970-8fab-d3565af8398b", ~U[2026-03-17 23:04:58.099243Z], ~U[2026-03-17 23:04:58.099243Z]]
23:04:58.099 [debug] QUERY OK source="erp_statement_lines" db=0.1ms
INSERT INTO "erp_statement_lines" ("id","status","date","metadata","currency","ref","amount","org_id","statement_id","created_at","updated_at") VALUES ($1,$2,$3,$4,$5,$6,$7,$8,$9,$10,$11) ["e297dcf0-fd9e-48ea-97bb-1eada19ca300", "unmatched", "2026-01-28", %{}, "EUR", "TEST-48", Decimal.new("1480"), "07001bcb-94d3-4907-a003-f13192f12d89", "2dc0e76b-427e-4970-8fab-d3565af8398b", ~U[2026-03-17 23:04:58.099562Z], ~U[2026-03-17 23:04:58.099562Z]]
23:04:58.099 [debug] QUERY OK source="erp_statement_lines" db=0.1ms
INSERT INTO "erp_statement_lines" ("id","status","date","metadata","currency","ref","amount","org_id","statement_id","created_at","updated_at") VALUES ($1,$2,$3,$4,$5,$6,$7,$8,$9,$10,$11) ["f7300835-f6ba-4daf-ba8d-20e430e83b4e", "unmatched", "2026-01-29", %{}, "EUR", "TEST-47", Decimal.new("1470"), "07001bcb-94d3-4907-a003-f13192f12d89", "2dc0e76b-427e-4970-8fab-d3565af8398b", ~U[2026-03-17 23:04:58.099790Z], ~U[2026-03-17 23:04:58.099790Z]]
23:04:58.100 [debug] QUERY OK source="erp_statement_lines" db=0.1ms
INSERT INTO "erp_statement_lines" ("id","status","date","metadata","currency","ref","amount","org_id","statement_id","created_at","updated_at") VALUES ($1,$2,$3,$4,$5,$6,$7,$8,$9,$10,$11) ["8cfdf30c-1c5c-425b-8caf-3def14ee154b", "unmatched", "2026-01-30", %{}, "EUR", "TEST-46", Decimal.new("1460"), "07001bcb-94d3-4907-a003-f13192f12d89", "2dc0e76b-427e-4970-8fab-d3565af8398b", ~U[2026-03-17 23:04:58.100007Z], ~U[2026-03-17 23:04:58.100007Z]]
23:04:58.100 [debug] QUERY OK source="erp_statement_lines" db=0.1ms
INSERT INTO "erp_statement_lines" ("id","status","date","metadata","currency","ref","amount","org_id","statement_id","created_at","updated_at") VALUES ($1,$2,$3,$4,$5,$6,$7,$8,$9,$10,$11) ["a31942dc-38a9-4001-a2d3-fc729aa1583b", "unmatched", "2026-01-31", %{}, "EUR", "TEST-45", Decimal.new("1450"), "07001bcb-94d3-4907-a003-f13192f12d89", "2dc0e76b-427e-4970-8fab-d3565af8398b", ~U[2026-03-17 23:04:58.100231Z], ~U[2026-03-17 23:04:58.100231Z]]
23:04:58.100 [debug] QUERY OK source="erp_statement_lines" db=0.1ms
INSERT INTO "erp_statement_lines" ("id","status","date","metadata","currency","ref","amount","org_id","statement_id","created_at","updated_at") VALUES ($1,$2,$3,$4,$5,$6,$7,$8,$9,$10,$11) ["14430345-030f-45e9-9b56-7e4f5f651190", "unmatched", "2026-02-01", %{}, "EUR", "TEST-44", Decimal.new("1440"), "07001bcb-94d3-4907-a003-f13192f12d89", "2dc0e76b-427e-4970-8fab-d3565af8398b", ~U[2026-03-17 23:04:58.100481Z], ~U[2026-03-17 23:04:58.100481Z]]
23:04:58.100 [debug] QUERY OK source="erp_statement_lines" db=0.1ms
INSERT INTO "erp_statement_lines" ("id","status","date","metadata","currency","ref","amount","org_id","statement_id","created_at","updated_at") VALUES ($1,$2,$3,$4,$5,$6,$7,$8,$9,$10,$11) ["2fdfbb00-503c-4521-b22c-e7d15e62ddf2", "unmatched", "2026-02-02", %{}, "EUR", "TEST-43", Decimal.new("1430"), "07001bcb-94d3-4907-a003-f13192f12d89", "2dc0e76b-427e-4970-8fab-d3565af8398b", ~U[2026-03-17 23:04:58.100706Z], ~U[2026-03-17 23:04:58.100706Z]]
23:04:58.101 [debug] QUERY OK source="erp_statement_lines" db=0.1ms
INSERT INTO "erp_statement_lines" ("id","status","date","metadata","currency","ref","amount","org_id","statement_id","created_at","updated_at") VALUES ($1,$2,$3,$4,$5,$6,$7,$8,$9,$10,$11) ["3219813c-4bfe-403d-a2fc-6cae835d7d0c", "unmatched", "2026-02-03", %{}, "EUR", "TEST-42", Decimal.new("1420"), "07001bcb-94d3-4907-a003-f13192f12d89", "2dc0e76b-427e-4970-8fab-d3565af8398b", ~U[2026-03-17 23:04:58.100961Z], ~U[2026-03-17 23:04:58.100961Z]]
23:04:58.101 [debug] QUERY OK source="erp_statement_lines" db=0.1ms
INSERT INTO "erp_statement_lines" ("id","status","date","metadata","currency","ref","amount","org_id","statement_id","created_at","updated_at") VALUES ($1,$2,$3,$4,$5,$6,$7,$8,$9,$10,$11) ["f00c467a-05d3-46ac-84c6-6150f362f018", "unmatched", "2026-02-04", %{}, "EUR", "TEST-41", Decimal.new("1410"), "07001bcb-94d3-4907-a003-f13192f12d89", "2dc0e76b-427e-4970-8fab-d3565af8398b", ~U[2026-03-17 23:04:58.101185Z], ~U[2026-03-17 23:04:58.101185Z]]
23:04:58.101 [debug] QUERY OK source="erp_statement_lines" db=0.1ms
INSERT INTO "erp_statement_lines" ("id","status","date","metadata","currency","ref","amount","org_id","statement_id","created_at","updated_at") VALUES ($1,$2,$3,$4,$5,$6,$7,$8,$9,$10,$11) ["d4254ce5-71fc-4ab4-9ce6-b59ae0478aac", "unmatched", "2026-02-05", %{}, "EUR", "TEST-40", Decimal.new("1400"), "07001bcb-94d3-4907-a003-f13192f12d89", "2dc0e76b-427e-4970-8fab-d3565af8398b", ~U[2026-03-17 23:04:58.101391Z], ~U[2026-03-17 23:04:58.101391Z]]
23:04:58.101 [debug] QUERY OK source="erp_statement_lines" db=0.1ms
INSERT INTO "erp_statement_lines" ("id","status","date","metadata","currency","ref","amount","org_id","statement_id","created_at","updated_at") VALUES ($1,$2,$3,$4,$5,$6,$7,$8,$9,$10,$11) ["95f081a4-f5a9-4564-a44d-7c2364ec8a68", "unmatched", "2026-02-06", %{}, "EUR", "TEST-39", Decimal.new("1390"), "07001bcb-94d3-4907-a003-f13192f12d89", "2dc0e76b-427e-4970-8fab-d3565af8398b", ~U[2026-03-17 23:04:58.101610Z], ~U[2026-03-17 23:04:58.101610Z]]
23:04:58.101 [debug] QUERY OK source="erp_statement_lines" db=0.1ms
INSERT INTO "erp_statement_lines" ("id","status","date","metadata","currency","ref","amount","org_id","statement_id","created_at","updated_at") VALUES ($1,$2,$3,$4,$5,$6,$7,$8,$9,$10,$11) ["63dc962b-d658-4a5a-bc02-3572ebf4275d", "unmatched", "2026-02-07", %{}, "EUR", "TEST-38", Decimal.new("1380"), "07001bcb-94d3-4907-a003-f13192f12d89", "2dc0e76b-427e-4970-8fab-d3565af8398b", ~U[2026-03-17 23:04:58.101811Z], ~U[2026-03-17 23:04:58.101811Z]]
23:04:58.102 [debug] QUERY OK source="erp_statement_lines" db=0.1ms
INSERT INTO "erp_statement_lines" ("id","status","date","metadata","currency","ref","amount","org_id","statement_id","created_at","updated_at") VALUES ($1,$2,$3,$4,$5,$6,$7,$8,$9,$10,$11) ["0b63d750-539e-411e-9efe-adcd9652d5f6", "unmatched", "2026-02-08", %{}, "EUR", "TEST-37", Decimal.new("1370"), "07001bcb-94d3-4907-a003-f13192f12d89", "2dc0e76b-427e-4970-8fab-d3565af8398b", ~U[2026-03-17 23:04:58.102010Z], ~U[2026-03-17 23:04:58.102010Z]]
23:04:58.102 [debug] QUERY OK source="erp_statement_lines" db=0.1ms
INSERT INTO "erp_statement_lines" ("id","status","date","metadata","currency","ref","amount","org_id","statement_id","created_at","updated_at") VALUES ($1,$2,$3,$4,$5,$6,$7,$8,$9,$10,$11) ["10cae4df-b987-4aec-9c41-10aa8c712ba9", "unmatched", "2026-02-09", %{}, "EUR", "TEST-36", Decimal.new("1360"), "07001bcb-94d3-4907-a003-f13192f12d89", "2dc0e76b-427e-4970-8fab-d3565af8398b", ~U[2026-03-17 23:04:58.102208Z], ~U[2026-03-17 23:04:58.102208Z]]
23:04:58.102 [debug] QUERY OK source="erp_statement_lines" db=0.1ms
INSERT INTO "erp_statement_lines" ("id","status","date","metadata","currency","ref","amount","org_id","statement_id","created_at","updated_at") VALUES ($1,$2,$3,$4,$5,$6,$7,$8,$9,$10,$11) ["0bb4564f-3b06-4404-bdd8-e3e230bf5bea", "unmatched", "2026-02-10", %{}, "EUR", "TEST-35", Decimal.new("1350"), "07001bcb-94d3-4907-a003-f13192f12d89", "2dc0e76b-427e-4970-8fab-d3565af8398b", ~U[2026-03-17 23:04:58.102425Z], ~U[2026-03-17 23:04:58.102425Z]]
23:04:58.102 [debug] QUERY OK source="erp_statement_lines" db=0.1ms
INSERT INTO "erp_statement_lines" ("id","status","date","metadata","currency","ref","amount","org_id","statement_id","created_at","updated_at") VALUES ($1,$2,$3,$4,$5,$6,$7,$8,$9,$10,$11) ["3d9545b5-3496-470f-a3f9-d0e174d94a1d", "unmatched", "2026-02-11", %{}, "EUR", "TEST-34", Decimal.new("1340"), "07001bcb-94d3-4907-a003-f13192f12d89", "2dc0e76b-427e-4970-8fab-d3565af8398b", ~U[2026-03-17 23:04:58.102620Z], ~U[2026-03-17 23:04:58.102620Z]]
23:04:58.102 [debug] QUERY OK source="erp_statement_lines" db=0.0ms
INSERT INTO "erp_statement_lines" ("id","status","date","metadata","currency","ref","amount","org_id","statement_id","created_at","updated_at") VALUES ($1,$2,$3,$4,$5,$6,$7,$8,$9,$10,$11) ["f5ffd20a-2ead-43ba-9267-a6ec6f646bb0", "unmatched", "2026-02-12", %{}, "EUR", "TEST-33", Decimal.new("1330"), "07001bcb-94d3-4907-a003-f13192f12d89", "2dc0e76b-427e-4970-8fab-d3565af8398b", ~U[2026-03-17 23:04:58.102815Z], ~U[2026-03-17 23:04:58.102815Z]]
23:04:58.103 [debug] QUERY OK source="erp_statement_lines" db=0.1ms
INSERT INTO "erp_statement_lines" ("id","status","date","metadata","currency","ref","amount","org_id","statement_id","created_at","updated_at") VALUES ($1,$2,$3,$4,$5,$6,$7,$8,$9,$10,$11) ["31aec0c8-f445-4f56-bd06-190e98b27420", "unmatched", "2026-02-13", %{}, "EUR", "TEST-32", Decimal.new("1320"), "07001bcb-94d3-4907-a003-f13192f12d89", "2dc0e76b-427e-4970-8fab-d3565af8398b", ~U[2026-03-17 23:04:58.102992Z], ~U[2026-03-17 23:04:58.102992Z]]
23:04:58.103 [debug] QUERY OK source="erp_statement_lines" db=0.1ms
INSERT INTO "erp_statement_lines" ("id","status","date","metadata","currency","ref","amount","org_id","statement_id","created_at","updated_at") VALUES ($1,$2,$3,$4,$5,$6,$7,$8,$9,$10,$11) ["c48d2b79-bf47-4081-9f28-d0faf54e9660", "unmatched", "2026-02-14", %{}, "EUR", "TEST-31", Decimal.new("1310"), "07001bcb-94d3-4907-a003-f13192f12d89", "2dc0e76b-427e-4970-8fab-d3565af8398b", ~U[2026-03-17 23:04:58.103196Z], ~U[2026-03-17 23:04:58.103196Z]]
23:04:58.103 [debug] QUERY OK source="erp_statement_lines" db=0.1ms
INSERT INTO "erp_statement_lines" ("id","status","date","metadata","currency","ref","amount","org_id","statement_id","created_at","updated_at") VALUES ($1,$2,$3,$4,$5,$6,$7,$8,$9,$10,$11) ["bf702e82-7d35-49b5-bcad-b7227f1a4942", "unmatched", "2026-02-15", %{}, "EUR", "TEST-30", Decimal.new("1300"), "07001bcb-94d3-4907-a003-f13192f12d89", "2dc0e76b-427e-4970-8fab-d3565af8398b", ~U[2026-03-17 23:04:58.103443Z], ~U[2026-03-17 23:04:58.103443Z]]
23:04:58.103 [debug] QUERY OK source="erp_statement_lines" db=0.1ms
INSERT INTO "erp_statement_lines" ("id","status","date","metadata","currency","ref","amount","org_id","statement_id","created_at","updated_at") VALUES ($1,$2,$3,$4,$5,$6,$7,$8,$9,$10,$11) ["e870e4da-cc2b-47d1-8d1b-48586239b4f3", "unmatched", "2026-02-16", %{}, "EUR", "TEST-29", Decimal.new("1290"), "07001bcb-94d3-4907-a003-f13192f12d89", "2dc0e76b-427e-4970-8fab-d3565af8398b", ~U[2026-03-17 23:04:58.103626Z], ~U[2026-03-17 23:04:58.103626Z]]
23:04:58.103 [debug] QUERY OK source="erp_statement_lines" db=0.1ms
INSERT INTO "erp_statement_lines" ("id","status","date","metadata","currency","ref","amount","org_id","statement_id","created_at","updated_at") VALUES ($1,$2,$3,$4,$5,$6,$7,$8,$9,$10,$11) ["238ab7c4-451c-46cc-81bb-00fb13b38ec8", "unmatched", "2026-02-17", %{}, "EUR", "TEST-28", Decimal.new("1280"), "07001bcb-94d3-4907-a003-f13192f12d89", "2dc0e76b-427e-4970-8fab-d3565af8398b", ~U[2026-03-17 23:04:58.103820Z], ~U[2026-03-17 23:04:58.103820Z]]
23:04:58.104 [debug] QUERY OK source="erp_statement_lines" db=0.1ms
INSERT INTO "erp_statement_lines" ("id","status","date","metadata","currency","ref","amount","org_id","statement_id","created_at","updated_at") VALUES ($1,$2,$3,$4,$5,$6,$7,$8,$9,$10,$11) ["87c76a40-63d3-429c-9831-7e32b5fba0fb", "unmatched", "2026-02-18", %{}, "EUR", "TEST-27", Decimal.new("1270"), "07001bcb-94d3-4907-a003-f13192f12d89", "2dc0e76b-427e-4970-8fab-d3565af8398b", ~U[2026-03-17 23:04:58.103999Z], ~U[2026-03-17 23:04:58.103999Z]]
23:04:58.104 [debug] QUERY OK source="erp_statement_lines" db=0.1ms
INSERT INTO "erp_statement_lines" ("id","status","date","metadata","currency","ref","amount","org_id","statement_id","created_at","updated_at") VALUES ($1,$2,$3,$4,$5,$6,$7,$8,$9,$10,$11) ["91ca774e-df44-4859-a8a0-e6f9ccb4ca71", "unmatched", "2026-02-19", %{}, "EUR", "TEST-26", Decimal.new("1260"), "07001bcb-94d3-4907-a003-f13192f12d89", "2dc0e76b-427e-4970-8fab-d3565af8398b", ~U[2026-03-17 23:04:58.104169Z], ~U[2026-03-17 23:04:58.104169Z]]
23:04:58.104 [debug] QUERY OK source="erp_statement_lines" db=0.1ms
INSERT INTO "erp_statement_lines" ("id","status","date","metadata","currency","ref","amount","org_id","statement_id","created_at","updated_at") VALUES ($1,$2,$3,$4,$5,$6,$7,$8,$9,$10,$11) ["25656d91-1085-4815-bf7d-0484f21b1f5e", "unmatched", "2026-02-20", %{}, "EUR", "TEST-25", Decimal.new("1250"), "07001bcb-94d3-4907-a003-f13192f12d89", "2dc0e76b-427e-4970-8fab-d3565af8398b", ~U[2026-03-17 23:04:58.104342Z], ~U[2026-03-17 23:04:58.104342Z]]
23:04:58.104 [debug] QUERY OK source="erp_statement_lines" db=0.1ms
INSERT INTO "erp_statement_lines" ("id","status","date","metadata","currency","ref","amount","org_id","statement_id","created_at","updated_at") VALUES ($1,$2,$3,$4,$5,$6,$7,$8,$9,$10,$11) ["7fae391d-d0ac-4a80-8a46-22b1e86fdc06", "unmatched", "2026-02-21", %{}, "EUR", "TEST-24", Decimal.new("1240"), "07001bcb-94d3-4907-a003-f13192f12d89", "2dc0e76b-427e-4970-8fab-d3565af8398b", ~U[2026-03-17 23:04:58.104518Z], ~U[2026-03-17 23:04:58.104518Z]]
23:04:58.104 [debug] QUERY OK source="erp_statement_lines" db=0.0ms
INSERT INTO "erp_statement_lines" ("id","status","date","metadata","currency","ref","amount","org_id","statement_id","created_at","updated_at") VALUES ($1,$2,$3,$4,$5,$6,$7,$8,$9,$10,$11) ["7ec658e0-6414-43ac-b130-2fa4ac2019ac", "unmatched", "2026-02-22", %{}, "EUR", "TEST-23", Decimal.new("1230"), "07001bcb-94d3-4907-a003-f13192f12d89", "2dc0e76b-427e-4970-8fab-d3565af8398b", ~U[2026-03-17 23:04:58.104709Z], ~U[2026-03-17 23:04:58.104709Z]]
23:04:58.105 [debug] QUERY OK source="erp_statement_lines" db=0.1ms
INSERT INTO "erp_statement_lines" ("id","status","date","metadata","currency","ref","amount","org_id","statement_id","created_at","updated_at") VALUES ($1,$2,$3,$4,$5,$6,$7,$8,$9,$10,$11) ["090af0ae-4662-4775-8fef-0f495f7cfa2c", "unmatched", "2026-02-23", %{}, "EUR", "TEST-22", Decimal.new("1220"), "07001bcb-94d3-4907-a003-f13192f12d89", "2dc0e76b-427e-4970-8fab-d3565af8398b", ~U[2026-03-17 23:04:58.104868Z], ~U[2026-03-17 23:04:58.104868Z]]
23:04:58.105 [debug] QUERY OK source="erp_statement_lines" db=0.1ms
INSERT INTO "erp_statement_lines" ("id","status","date","metadata","currency","ref","amount","org_id","statement_id","created_at","updated_at") VALUES ($1,$2,$3,$4,$5,$6,$7,$8,$9,$10,$11) ["f25b53ca-c178-442c-9b40-28de9e47325e", "unmatched", "2026-02-24", %{}, "EUR", "TEST-21", Decimal.new("1210"), "07001bcb-94d3-4907-a003-f13192f12d89", "2dc0e76b-427e-4970-8fab-d3565af8398b", ~U[2026-03-17 23:04:58.105046Z], ~U[2026-03-17 23:04:58.105046Z]]
23:04:58.105 [debug] QUERY OK source="erp_statement_lines" db=0.1ms
INSERT INTO "erp_statement_lines" ("id","status","date","metadata","currency","ref","amount","org_id","statement_id","created_at","updated_at") VALUES ($1,$2,$3,$4,$5,$6,$7,$8,$9,$10,$11) ["749f9ed8-2f27-46e8-a945-bb1f1a4db7b1", "unmatched", "2026-02-25", %{}, "EUR", "TEST-20", Decimal.new("1200"), "07001bcb-94d3-4907-a003-f13192f12d89", "2dc0e76b-427e-4970-8fab-d3565af8398b", ~U[2026-03-17 23:04:58.105226Z], ~U[2026-03-17 23:04:58.105226Z]]
23:04:58.105 [debug] QUERY OK source="erp_statement_lines" db=0.1ms
INSERT INTO "erp_statement_lines" ("id","status","date","metadata","currency","ref","amount","org_id","statement_id","created_at","updated_at") VALUES ($1,$2,$3,$4,$5,$6,$7,$8,$9,$10,$11) ["fd973769-c283-4865-9184-86a397beeecc", "unmatched", "2026-02-26", %{}, "EUR", "TEST-19", Decimal.new("1190"), "07001bcb-94d3-4907-a003-f13192f12d89", "2dc0e76b-427e-4970-8fab-d3565af8398b", ~U[2026-03-17 23:04:58.105397Z], ~U[2026-03-17 23:04:58.105397Z]]
23:04:58.105 [debug] QUERY OK source="erp_statement_lines" db=0.1ms
INSERT INTO "erp_statement_lines" ("id","status","date","metadata","currency","ref","amount","org_id","statement_id","created_at","updated_at") VALUES ($1,$2,$3,$4,$5,$6,$7,$8,$9,$10,$11) ["152f52a3-2dad-4cf8-b061-1e7c2500d177", "unmatched", "2026-02-27", %{}, "EUR", "TEST-18", Decimal.new("1180"), "07001bcb-94d3-4907-a003-f13192f12d89", "2dc0e76b-427e-4970-8fab-d3565af8398b", ~U[2026-03-17 23:04:58.105626Z], ~U[2026-03-17 23:04:58.105626Z]]
23:04:58.105 [debug] QUERY OK source="erp_statement_lines" db=0.1ms
INSERT INTO "erp_statement_lines" ("id","status","date","metadata","currency","ref","amount","org_id","statement_id","created_at","updated_at") VALUES ($1,$2,$3,$4,$5,$6,$7,$8,$9,$10,$11) ["176139bf-3f78-48b5-b463-91f233d9be50", "unmatched", "2026-02-28", %{}, "EUR", "TEST-17", Decimal.new("1170"), "07001bcb-94d3-4907-a003-f13192f12d89", "2dc0e76b-427e-4970-8fab-d3565af8398b", ~U[2026-03-17 23:04:58.105819Z], ~U[2026-03-17 23:04:58.105819Z]]
23:04:58.106 [debug] QUERY OK source="erp_statement_lines" db=0.1ms
INSERT INTO "erp_statement_lines" ("id","status","date","metadata","currency","ref","amount","org_id","statement_id","created_at","updated_at") VALUES ($1,$2,$3,$4,$5,$6,$7,$8,$9,$10,$11) ["dac0b507-0a18-419b-9a60-b8f1df458ec9", "unmatched", "2026-03-01", %{}, "EUR", "TEST-16", Decimal.new("1160"), "07001bcb-94d3-4907-a003-f13192f12d89", "2dc0e76b-427e-4970-8fab-d3565af8398b", ~U[2026-03-17 23:04:58.106013Z], ~U[2026-03-17 23:04:58.106013Z]]
23:04:58.106 [debug] QUERY OK source="erp_statement_lines" db=0.1ms
INSERT INTO "erp_statement_lines" ("id","status","date","metadata","currency","ref","amount","org_id","statement_id","created_at","updated_at") VALUES ($1,$2,$3,$4,$5,$6,$7,$8,$9,$10,$11) ["f79eb6bc-e932-4986-afde-13b0ed6c353c", "unmatched", "2026-03-02", %{}, "EUR", "TEST-15", Decimal.new("1150"), "07001bcb-94d3-4907-a003-f13192f12d89", "2dc0e76b-427e-4970-8fab-d3565af8398b", ~U[2026-03-17 23:04:58.106189Z], ~U[2026-03-17 23:04:58.106189Z]]
23:04:58.106 [debug] QUERY OK source="erp_statement_lines" db=0.1ms
INSERT INTO "erp_statement_lines" ("id","status","date","metadata","currency","ref","amount","org_id","statement_id","created_at","updated_at") VALUES ($1,$2,$3,$4,$5,$6,$7,$8,$9,$10,$11) ["500480e2-7787-4d63-8196-05e42914b238", "unmatched", "2026-03-03", %{}, "EUR", "TEST-14", Decimal.new("1140"), "07001bcb-94d3-4907-a003-f13192f12d89", "2dc0e76b-427e-4970-8fab-d3565af8398b", ~U[2026-03-17 23:04:58.106372Z], ~U[2026-03-17 23:04:58.106372Z]]
23:04:58.106 [debug] QUERY OK source="erp_statement_lines" db=0.1ms
INSERT INTO "erp_statement_lines" ("id","status","date","metadata","currency","ref","amount","org_id","statement_id","created_at","updated_at") VALUES ($1,$2,$3,$4,$5,$6,$7,$8,$9,$10,$11) ["35f8b582-4546-4236-95de-deab76e3b3f9", "unmatched", "2026-03-04", %{}, "EUR", "TEST-13", Decimal.new("1130"), "07001bcb-94d3-4907-a003-f13192f12d89", "2dc0e76b-427e-4970-8fab-d3565af8398b", ~U[2026-03-17 23:04:58.106538Z], ~U[2026-03-17 23:04:58.106538Z]]
23:04:58.106 [debug] QUERY OK source="erp_statement_lines" db=0.1ms
INSERT INTO "erp_statement_lines" ("id","status","date","metadata","currency","ref","amount","org_id","statement_id","created_at","updated_at") VALUES ($1,$2,$3,$4,$5,$6,$7,$8,$9,$10,$11) ["1b6727e1-695d-4c9d-b834-b148190cc09d", "unmatched", "2026-03-05", %{}, "EUR", "TEST-12", Decimal.new("1120"), "07001bcb-94d3-4907-a003-f13192f12d89", "2dc0e76b-427e-4970-8fab-d3565af8398b", ~U[2026-03-17 23:04:58.106712Z], ~U[2026-03-17 23:04:58.106712Z]]
23:04:58.107 [debug] QUERY OK source="erp_statement_lines" db=0.1ms
INSERT INTO "erp_statement_lines" ("id","status","date","metadata","currency","ref","amount","org_id","statement_id","created_at","updated_at") VALUES ($1,$2,$3,$4,$5,$6,$7,$8,$9,$10,$11) ["3bb6ccf9-5116-4939-80cd-daba3b731016", "unmatched", "2026-03-06", %{}, "EUR", "TEST-11", Decimal.new("1110"), "07001bcb-94d3-4907-a003-f13192f12d89", "2dc0e76b-427e-4970-8fab-d3565af8398b", ~U[2026-03-17 23:04:58.106877Z], ~U[2026-03-17 23:04:58.106877Z]]
23:04:58.107 [debug] QUERY OK source="erp_statement_lines" db=0.1ms
INSERT INTO "erp_statement_lines" ("id","status","date","metadata","currency","ref","amount","org_id","statement_id","created_at","updated_at") VALUES ($1,$2,$3,$4,$5,$6,$7,$8,$9,$10,$11) ["1e65fadf-78c1-4989-93be-98debb51e2cd", "unmatched", "2026-03-07", %{}, "EUR", "TEST-10", Decimal.new("1100"), "07001bcb-94d3-4907-a003-f13192f12d89", "2dc0e76b-427e-4970-8fab-d3565af8398b", ~U[2026-03-17 23:04:58.107054Z], ~U[2026-03-17 23:04:58.107054Z]]
23:04:58.107 [debug] QUERY OK source="erp_statement_lines" db=0.1ms
INSERT INTO "erp_statement_lines" ("id","status","date","metadata","currency","ref","amount","org_id","statement_id","created_at","updated_at") VALUES ($1,$2,$3,$4,$5,$6,$7,$8,$9,$10,$11) ["e6efac28-060f-4995-97df-2532a46c843c", "unmatched", "2026-03-08", %{}, "EUR", "TEST-9", Decimal.new("1090"), "07001bcb-94d3-4907-a003-f13192f12d89", "2dc0e76b-427e-4970-8fab-d3565af8398b", ~U[2026-03-17 23:04:58.107235Z], ~U[2026-03-17 23:04:58.107235Z]]
23:04:58.107 [debug] QUERY OK source="erp_statement_lines" db=0.1ms
INSERT INTO "erp_statement_lines" ("id","status","date","metadata","currency","ref","amount","org_id","statement_id","created_at","updated_at") VALUES ($1,$2,$3,$4,$5,$6,$7,$8,$9,$10,$11) ["4a7b5c2e-81e8-4df2-86bc-d746018b0199", "unmatched", "2026-03-09", %{}, "EUR", "TEST-8", Decimal.new("1080"), "07001bcb-94d3-4907-a003-f13192f12d89", "2dc0e76b-427e-4970-8fab-d3565af8398b", ~U[2026-03-17 23:04:58.107420Z], ~U[2026-03-17 23:04:58.107420Z]]
23:04:58.107 [debug] QUERY OK source="erp_statement_lines" db=0.1ms
INSERT INTO "erp_statement_lines" ("id","status","date","metadata","currency","ref","amount","org_id","statement_id","created_at","updated_at") VALUES ($1,$2,$3,$4,$5,$6,$7,$8,$9,$10,$11) ["8f714f5b-9fb3-4400-8f3e-0eebacfb895a", "unmatched", "2026-03-10", %{}, "EUR", "TEST-7", Decimal.new("1070"), "07001bcb-94d3-4907-a003-f13192f12d89", "2dc0e76b-427e-4970-8fab-d3565af8398b", ~U[2026-03-17 23:04:58.107599Z], ~U[2026-03-17 23:04:58.107599Z]]
23:04:58.107 [debug] QUERY OK source="erp_statement_lines" db=0.0ms
INSERT INTO "erp_statement_lines" ("id","status","date","metadata","currency","ref","amount","org_id","statement_id","created_at","updated_at") VALUES ($1,$2,$3,$4,$5,$6,$7,$8,$9,$10,$11) ["916bae25-79c6-427a-aecb-0dd9f6ea7d23", "unmatched", "2026-03-11", %{}, "EUR", "TEST-6", Decimal.new("1060"), "07001bcb-94d3-4907-a003-f13192f12d89", "2dc0e76b-427e-4970-8fab-d3565af8398b", ~U[2026-03-17 23:04:58.107779Z], ~U[2026-03-17 23:04:58.107779Z]]
23:04:58.108 [debug] QUERY OK source="erp_statement_lines" db=0.2ms
INSERT INTO "erp_statement_lines" ("id","status","date","metadata","currency","ref","amount","org_id","statement_id","created_at","updated_at") VALUES ($1,$2,$3,$4,$5,$6,$7,$8,$9,$10,$11) ["eb3b45b0-3fc2-426e-99a1-4aed51552efd", "unmatched", "2026-03-12", %{}, "EUR", "TEST-5", Decimal.new("1050"), "07001bcb-94d3-4907-a003-f13192f12d89", "2dc0e76b-427e-4970-8fab-d3565af8398b", ~U[2026-03-17 23:04:58.107958Z], ~U[2026-03-17 23:04:58.107958Z]]
23:04:58.108 [debug] QUERY OK source="erp_statement_lines" db=0.1ms
INSERT INTO "erp_statement_lines" ("id","status","date","metadata","currency","ref","amount","org_id","statement_id","created_at","updated_at") VALUES ($1,$2,$3,$4,$5,$6,$7,$8,$9,$10,$11) ["41abf9aa-65ee-4179-b8b2-a98ee04e13e4", "unmatched", "2026-03-13", %{}, "EUR", "TEST-4", Decimal.new("1040"), "07001bcb-94d3-4907-a003-f13192f12d89", "2dc0e76b-427e-4970-8fab-d3565af8398b", ~U[2026-03-17 23:04:58.108256Z], ~U[2026-03-17 23:04:58.108256Z]]
23:04:58.108 [debug] QUERY OK source="erp_statement_lines" db=0.1ms
INSERT INTO "erp_statement_lines" ("id","status","date","metadata","currency","ref","amount","org_id","statement_id","created_at","updated_at") VALUES ($1,$2,$3,$4,$5,$6,$7,$8,$9,$10,$11) ["99fb7f57-4176-4614-bc28-e16dbf48118e", "unmatched", "2026-03-14", %{}, "EUR", "TEST-3", Decimal.new("1030"), "07001bcb-94d3-4907-a003-f13192f12d89", "2dc0e76b-427e-4970-8fab-d3565af8398b", ~U[2026-03-17 23:04:58.108456Z], ~U[2026-03-17 23:04:58.108456Z]]
23:04:58.108 [debug] QUERY OK source="erp_statement_lines" db=0.1ms
INSERT INTO "erp_statement_lines" ("id","status","date","metadata","currency","ref","amount","org_id","statement_id","created_at","updated_at") VALUES ($1,$2,$3,$4,$5,$6,$7,$8,$9,$10,$11) ["c654da43-7ecd-4132-9382-5fc2267566a3", "unmatched", "2026-03-15", %{}, "EUR", "TEST-2", Decimal.new("1020"), "07001bcb-94d3-4907-a003-f13192f12d89", "2dc0e76b-427e-4970-8fab-d3565af8398b", ~U[2026-03-17 23:04:58.108627Z], ~U[2026-03-17 23:04:58.108627Z]]
23:04:58.108 [debug] QUERY OK source="erp_statement_lines" db=0.1ms
INSERT INTO "erp_statement_lines" ("id","status","date","metadata","currency","ref","amount","org_id","statement_id","created_at","updated_at") VALUES ($1,$2,$3,$4,$5,$6,$7,$8,$9,$10,$11) ["6cc24604-eeea-485d-8894-898791e55459", "unmatched", "2026-03-16", %{}, "EUR", "TEST-1", Decimal.new("1010"), "07001bcb-94d3-4907-a003-f13192f12d89", "2dc0e76b-427e-4970-8fab-d3565af8398b", ~U[2026-03-17 23:04:58.108791Z], ~U[2026-03-17 23:04:58.108791Z]]
23:04:58.114 [debug] QUERY OK source="erp_statement_lines" db=0.6ms queue=0.8ms
SELECT e0."date", sum(e0."amount") FROM "erp_statement_lines" AS e0 WHERE ((e0."org_id" = $1) AND (e0."currency" = $2)) AND ((e0."date" >= $3) AND (e0."date" <= $4)) GROUP BY e0."date" ORDER BY e0."date" ["07001bcb-94d3-4907-a003-f13192f12d89", "EUR", "2026-01-16", "2026-03-17"]
23:04:58.224 [debug] QUERY OK source="erp_invoices" db=2.5ms queue=1.1ms
SELECT e0."due_date"::date, sum(CAST(e0."amount" AS decimal)) FROM "erp_invoices" AS e0 WHERE ((e0."org_id" = $1) AND (e0."currency" = $2)) AND (e0."status" != 'matched') AND ((e0."due_date"::date > $3) AND (e0."due_date"::date <= $4)) GROUP BY e0."due_date"::date ["07001bcb-94d3-4907-a003-f13192f12d89", "EUR", ~D[2026-03-17], ~D[2026-04-16]]
23:04:58.236 [debug] Locating aggregate process for `Nexus.Treasury.Aggregates.Forecast` with UUID "forecast-07001bcb-94d3-4907-a003-f13192f12d89"
23:04:58.294 [debug] Nexus.Treasury.Aggregates.Forecast<forecast-07001bcb-94d3-4907-a003-f13192f12d89@0> executing command: %Nexus.Treasury.Commands.GenerateForecast{org_id: "07001bcb-94d3-4907-a003-f13192f12d89", currency: "EUR", horizon_days: 30, predictions: [%{date: "2026-03-18", predicted_amount: "990.0"}, %{date: "2026-03-19", predicted_amount: "980.0"}, %{date: "2026-03-20", predicted_amount: "970.0"}, %{date: "2026-03-21", predicted_amount: "960.0"}, %{date: "2026-03-22", predicted_amount: "950.0"}, %{date: "2026-03-23", predicted_amount: "940.0"}, %{date: "2026-03-24", predicted_amount: "930.0"}, %{date: "2026-03-25", predicted_amount: "920.0"}, %{date: "2026-03-26", predicted_amount: "910.0"}, %{date: "2026-03-27", predicted_amount: "900.0"}, %{date: "2026-03-28", predicted_amount: "890.0"}, %{date: "2026-03-29", predicted_amount: "880.0"}, %{date: "2026-03-30", predicted_amount: "870.0"}, %{date: "2026-03-31", predicted_amount: "860.0"}, %{date: "2026-04-01", predicted_amount: "850.0"}, %{date: "2026-04-02", predicted_amount: "840.0"}, %{date: "2026-04-03", predicted_amount: "830.0"}, %{date: "2026-04-04", predicted_amount: "820.0"}, %{date: "2026-04-05", predicted_amount: "810.0"}, %{date: "2026-04-06", predicted_amount: "800.0"}, %{date: "2026-04-07", predicted_amount: "790.0"}, %{date: "2026-04-08", predicted_amount: "780.0"}, %{date: "2026-04-09", predicted_amount: "770.0"}, %{date: "2026-04-10", predicted_amount: "760.0"}, %{date: "2026-04-11", predicted_amount: "750.0"}, %{date: "2026-04-12", predicted_amount: "740.0"}, %{date: "2026-04-13", predicted_amount: "730.0"}, %{date: "2026-04-14", predicted_amount: "720.0"}, %{date: "2026-04-15", predicted_amount: "710.0"}, %{date: "2026-04-16", predicted_amount: "700.0"}], generated_at: ~U[2026-03-17 23:04:58.224953Z]}
23:04:58.331 [debug] Appended 1 event(s) to stream "forecast-07001bcb-94d3-4907-a003-f13192f12d89"
23:04:58.331 [debug] Listener received notification on channel "event_store.events" with payload: "forecast-07001bcb-94d3-4907-a003-f13192f12d89,6559,1,1"
23:04:58.333 [debug] Listener received notification on channel "event_store.events" with payload: "$all,0,9116,9116"
23:04:58.361 [debug] Nexus.Treasury.Aggregates.Forecast<forecast-07001bcb-94d3-4907-a003-f13192f12d89@1> received events: [%Commanded.EventStore.RecordedEvent{event_id: "8d6a35e2-b698-42aa-ada1-006ff6bbc4f2", event_number: 1, stream_id: "forecast-07001bcb-94d3-4907-a003-f13192f12d89", stream_version: 1, causation_id: "68c2d245-4baa-4281-a690-2e01d8100305", correlation_id: "5d0b53df-4afe-466a-a634-98ae56933e24", event_type: "Elixir.Nexus.Treasury.Events.ForecastGenerated", data: %Nexus.Treasury.Events.ForecastGenerated{org_id: "07001bcb-94d3-4907-a003-f13192f12d89", currency: "EUR", horizon_days: 30, predictions: [%{date: "2026-03-18", predicted_amount: "990.0"}, %{date: "2026-03-19", predicted_amount: "980.0"}, %{date: "2026-03-20", predicted_amount: "970.0"}, %{date: "2026-03-21", predicted_amount: "960.0"}, %{date: "2026-03-22", predicted_amount: "950.0"}, %{date: "2026-03-23", predicted_amount: "940.0"}, %{date: "2026-03-24", predicted_amount: "930.0"}, %{date: "2026-03-25", predicted_amount: "920.0"}, %{date: "2026-03-26", predicted_amount: "910.0"}, %{date: "2026-03-27", predicted_amount: "900.0"}, %{date: "2026-03-28", predicted_amount: "890.0"}, %{date: "2026-03-29", predicted_amount: "880.0"}, %{date: "2026-03-30", predicted_amount: "870.0"}, %{date: "2026-03-31", predicted_amount: "860.0"}, %{date: "2026-04-01", predicted_amount: "850.0"}, %{date: "2026-04-02", predicted_amount: "840.0"}, %{date: "2026-04-03", predicted_amount: "830.0"}, %{date: "2026-04-04", predicted_amount: "820.0"}, %{date: "2026-04-05", predicted_amount: "810.0"}, %{date: "2026-04-06", predicted_amount: "800.0"}, %{date: "2026-04-07", predicted_amount: "790.0"}, %{date: "2026-04-08", predicted_amount: "780.0"}, %{date: "2026-04-09", predicted_amount: "770.0"}, %{date: "2026-04-10", predicted_amount: "760.0"}, %{date: "2026-04-11", predicted_amount: "750.0"}, %{date: "2026-04-12", predicted_amount: "740.0"}, %{date: "2026-04-13", predicted_amount: "730.0"}, %{date: "2026-04-14", predicted_amount: "720.0"}, %{date: "2026-04-15", predicted_amount: "710.0"}, ...], ...}, ...}]
23:04:58.375 [debug] QUERY OK db=0.8ms queue=14.2ms
DELETE FROM projection_versions []
23:04:58.383 [debug] QUERY OK db=0.1ms
begin []
23:04:58.385 [debug] QUERY OK source="projection_versions" db=0.2ms
INSERT INTO "projection_versions" AS p0 ("projection_name","last_seen_event_number","inserted_at","updated_at") VALUES ($1,$2,$3,$4) ON CONFLICT ("projection_name") DO UPDATE SET "last_seen_event_number" = $5 WHERE ((p0."projection_name" = $6) AND (p0."last_seen_event_number" < $7)) ["Treasury.ForecastProjector", 1, ~N[2026-03-17 23:04:58.383630], ~N[2026-03-17 23:04:58.383630], 1, "Treasury.ForecastProjector", 1]
23:04:58.386 [debug] QUERY OK source="treasury_forecast_snapshots" db=0.3ms
INSERT INTO "treasury_forecast_snapshots" ("id","currency","org_id","horizon_days","generated_at","data_points","created_at") VALUES ($1,$2,$3,$4,$5,$6,$7) ["019cfe0b-970d-7847-8675-d33ab8609b7e", "EUR", "07001bcb-94d3-4907-a003-f13192f12d89", 30, ~N[2026-03-17 23:04:58.224953], [%{date: "2026-03-18", predicted_amount: "990.0"}, %{date: "2026-03-19", predicted_amount: "980.0"}, %{date: "2026-03-20", predicted_amount: "970.0"}, %{date: "2026-03-21", predicted_amount: "960.0"}, %{date: "2026-03-22", predicted_amount: "950.0"}, %{date: "2026-03-23", predicted_amount: "940.0"}, %{date: "2026-03-24", predicted_amount: "930.0"}, %{date: "2026-03-25", predicted_amount: "920.0"}, %{date: "2026-03-26", predicted_amount: "910.0"}, %{date: "2026-03-27", predicted_amount: "900.0"}, %{date: "2026-03-28", predicted_amount: "890.0"}, %{date: "2026-03-29", predicted_amount: "880.0"}, %{date: "2026-03-30", predicted_amount: "870.0"}, %{date: "2026-03-31", predicted_amount: "860.0"}, %{date: "2026-04-01", predicted_amount: "850.0"}, %{date: "2026-04-02", predicted_amount: "840.0"}, %{date: "2026-04-03", predicted_amount: "830.0"}, %{date: "2026-04-04", predicted_amount: "820.0"}, %{date: "2026-04-05", predicted_amount: "810.0"}, %{date: "2026-04-06", predicted_amount: "800.0"}, %{date: "2026-04-07", predicted_amount: "790.0"}, %{date: "2026-04-08", predicted_amount: "780.0"}, %{date: "2026-04-09", predicted_amount: "770.0"}, %{date: "2026-04-10", predicted_amount: "760.0"}, %{date: "2026-04-11", predicted_amount: "750.0"}, %{date: "2026-04-12", predicted_amount: "740.0"}, %{date: "2026-04-13", predicted_amount: "730.0"}, %{date: "2026-04-14", predicted_amount: "720.0"}, %{date: "2026-04-15", predicted_amount: "710.0"}, %{date: "2026-04-16", predicted_amount: "700.0"}], ~U[2026-03-17 23:04:58.385903Z]]
23:04:58.386 [debug] QUERY OK db=0.1ms
commit []
23:04:58.388 [debug] QUERY OK source="treasury_forecast_snapshots" db=0.3ms queue=0.2ms
SELECT t0."id", t0."org_id", t0."currency", t0."horizon_days", t0."data_points", t0."generated_at", t0."created_at" FROM "treasury_forecast_snapshots" AS t0 []
.23:04:58.404 [debug] QUERY OK source="erp_statement_lines" db=15.0ms
DELETE FROM "erp_statement_lines" AS e0 []
23:04:58.404 [debug] QUERY OK source="erp_statements" db=0.3ms queue=0.1ms
DELETE FROM "erp_statements" AS e0 []
23:04:58.405 [debug] QUERY OK db=0.4ms queue=0.1ms
DELETE FROM projection_versions []
23:04:58.405 [debug] Locating aggregate process for `Nexus.ERP.Aggregates.Statement` with UUID "f4abe9e1-6a93-486e-a574-ab5de9818fd7"
23:04:58.407 [debug] Nexus.ERP.Aggregates.Statement<f4abe9e1-6a93-486e-a574-ab5de9818fd7@0> executing command: %Nexus.ERP.Commands.UploadStatement{statement_id: "f4abe9e1-6a93-486e-a574-ab5de9818fd7", org_id: "9615a56c-9003-4216-ba5f-f9429506c45e", filename: "alpha.csv", format: "csv", raw_content: "date,ref,amount,currency,narrative\n2024-01-01,REF,0,EUR,N1", uploaded_at: ~U[2026-03-17 23:04:58.405631Z]}
23:04:58.412 [debug] Appended 1 event(s) to stream "f4abe9e1-6a93-486e-a574-ab5de9818fd7"
23:04:58.412 [debug] Listener received notification on channel "event_store.events" with payload: "f4abe9e1-6a93-486e-a574-ab5de9818fd7,6560,1,1"
23:04:58.412 [debug] Listener received notification on channel "event_store.events" with payload: "$all,0,9117,9117"
23:04:58.412 [debug] Nexus.ERP.Aggregates.Statement<f4abe9e1-6a93-486e-a574-ab5de9818fd7@1> received events: [%Commanded.EventStore.RecordedEvent{event_id: "363c8c77-e666-431c-91fb-ee8014b557a2", event_number: 1, stream_id: "f4abe9e1-6a93-486e-a574-ab5de9818fd7", stream_version: 1, causation_id: "6e1c594b-1681-421e-8cca-d01136686e32", correlation_id: "b47dd39a-832e-4255-8a63-c0b23b14eeb8", event_type: "Elixir.Nexus.ERP.Events.StatementUploaded", data: %Nexus.ERP.Events.StatementUploaded{statement_id: "f4abe9e1-6a93-486e-a574-ab5de9818fd7", org_id: "9615a56c-9003-4216-ba5f-f9429506c45e", filename: "alpha.csv", format: "csv", lines: [%{id: "019cfe0b-9727-7489-b59b-eaf68695980c", status: "unmatched", date: "2024-01-01", metadata: %{}, currency: "EUR", ref: "REF", amount: "0", narrative: "N1"}], uploaded_at: "2026-03-17T23:04:58.405631Z", content_hash: "9A99C19879FE44B699E10D43919F4706C51F2D03F8190FD6C6D6D28701DDFA3C"}, created_at: ~U[2026-03-17 23:04:58.408385Z], metadata: %{"causation_id" => "019cfe0b-9725-791c-9774-e467549d4dd1", "correlation_id" => "019cfe0b-9725-791c-9774-e467549d4dd1"}}]
23:04:58.428 [debug] QUERY OK db=0.9ms queue=13.9ms
DELETE FROM projection_versions []
23:04:58.433 [debug] QUERY OK source="erp_statements" db=0.5ms queue=0.6ms
SELECT count(e0."id") FROM "erp_statements" AS e0 WHERE ((e0."org_id" = $1) AND (e0."filename" = $2)) ["9615a56c-9003-4216-ba5f-f9429506c45e", "alpha.csv"]
23:04:58.433 [debug] QUERY OK db=0.0ms
begin []
23:04:58.433 [debug] QUERY OK source="projection_versions" db=0.1ms
INSERT INTO "projection_versions" AS p0 ("projection_name","last_seen_event_number","inserted_at","updated_at") VALUES ($1,$2,$3,$4) ON CONFLICT ("projection_name") DO UPDATE SET "last_seen_event_number" = $5 WHERE ((p0."projection_name" = $6) AND (p0."last_seen_event_number" < $7)) ["ERP.StatementProjector", 1, ~N[2026-03-17 23:04:58.433337], ~N[2026-03-17 23:04:58.433337], 1, "ERP.StatementProjector", 1]
23:04:58.434 [debug] QUERY OK source="erp_statements" db=0.1ms
INSERT INTO "erp_statements" ("id","status","filename","format","org_id","uploaded_at","matched_count","overlap_warning","line_count","content_hash","created_at","updated_at") VALUES ($1,$2,$3,$4,$5,$6,$7,$8,$9,$10,$11,$12) ON CONFLICT ("id") DO NOTHING ["f4abe9e1-6a93-486e-a574-ab5de9818fd7", "uploaded", "alpha.csv", "csv", "9615a56c-9003-4216-ba5f-f9429506c45e", ~U[2026-03-17 23:04:58.405631Z], 0, false, 1, "9A99C19879FE44B699E10D43919F4706C51F2D03F8190FD6C6D6D28701DDFA3C", ~U[2026-03-17 23:04:58.433790Z], ~U[2026-03-17 23:04:58.433790Z]]
23:04:58.434 [debug] QUERY OK source="erp_statement_lines" db=0.4ms
INSERT INTO "erp_statement_lines" ("id","status","date","metadata","currency","ref","amount","org_id","statement_id","narrative","created_at","updated_at") VALUES ($1,$2,$3,$4,$5,$6,$7,$8,$9,$10,$11,$12) ON CONFLICT ("id") DO NOTHING ["019cfe0b-9727-7489-b59b-eaf68695980c", "unmatched", "2024-01-01", %{}, "EUR", "REF", Decimal.new("0"), "9615a56c-9003-4216-ba5f-f9429506c45e", "f4abe9e1-6a93-486e-a574-ab5de9818fd7", "N1", ~U[2026-03-17 23:04:58.434171Z], ~U[2026-03-17 23:04:58.434171Z]]
23:04:58.435 [debug] QUERY OK db=0.1ms
commit []
23:04:58.435 [debug] Locating aggregate process for `Nexus.ERP.Aggregates.Statement` with UUID "785d1057-5272-45c8-8cc4-ee28f6f9bfa1"
23:04:58.435 [debug] Nexus.ERP.Aggregates.Statement<785d1057-5272-45c8-8cc4-ee28f6f9bfa1@0> executing command: %Nexus.ERP.Commands.UploadStatement{statement_id: "785d1057-5272-45c8-8cc4-ee28f6f9bfa1", org_id: "9615a56c-9003-4216-ba5f-f9429506c45e", filename: "beta.csv", format: "csv", raw_content: "date,ref,amount,currency,narrative\n2024-01-01,REF,0,EUR,N2", uploaded_at: ~U[2026-03-17 23:04:58.435064Z]}
23:04:58.438 [debug] Appended 1 event(s) to stream "785d1057-5272-45c8-8cc4-ee28f6f9bfa1"
23:04:58.438 [debug] Listener received notification on channel "event_store.events" with payload: "785d1057-5272-45c8-8cc4-ee28f6f9bfa1,6561,1,1"
23:04:58.438 [debug] Listener received notification on channel "event_store.events" with payload: "$all,0,9118,9118"
23:04:58.438 [debug] Nexus.ERP.Aggregates.Statement<785d1057-5272-45c8-8cc4-ee28f6f9bfa1@1> received events: [%Commanded.EventStore.RecordedEvent{event_id: "7068e2bf-857d-4cd8-abef-75da2affb6b2", event_number: 1, stream_id: "785d1057-5272-45c8-8cc4-ee28f6f9bfa1", stream_version: 1, causation_id: "97279431-dbbe-48e0-9ca5-890a12d03691", correlation_id: "94769bf8-6f81-4a52-aea0-79ed33f92118", event_type: "Elixir.Nexus.ERP.Events.StatementUploaded", data: %Nexus.ERP.Events.StatementUploaded{statement_id: "785d1057-5272-45c8-8cc4-ee28f6f9bfa1", org_id: "9615a56c-9003-4216-ba5f-f9429506c45e", filename: "beta.csv", format: "csv", lines: [%{id: "019cfe0b-9743-7720-828e-4dab78ebc5cd", status: "unmatched", date: "2024-01-01", metadata: %{}, currency: "EUR", ref: "REF", amount: "0", narrative: "N2"}], uploaded_at: "2026-03-17T23:04:58.435064Z", content_hash: "7FBECE875329D8B3726C38BE77AE60A9F4E8D3CF3282F5FB06CB8474EE7D6407"}, created_at: ~U[2026-03-17 23:04:58.435820Z], metadata: %{"causation_id" => "019cfe0b-9743-78de-9c2c-a559bf975229", "correlation_id" => "019cfe0b-9743-78de-9c2c-a559bf975229"}}]
23:04:58.453 [debug] QUERY OK db=1.1ms queue=13.4ms
DELETE FROM projection_versions []
23:04:58.455 [debug] QUERY OK source="erp_statements" db=1.0ms
SELECT count(e0."id") FROM "erp_statements" AS e0 WHERE ((e0."org_id" = $1) AND (e0."filename" = $2)) ["9615a56c-9003-4216-ba5f-f9429506c45e", "beta.csv"]
23:04:58.455 [debug] QUERY OK db=0.1ms
begin []
23:04:58.456 [debug] QUERY OK source="projection_versions" db=0.3ms
INSERT INTO "projection_versions" AS p0 ("projection_name","last_seen_event_number","inserted_at","updated_at") VALUES ($1,$2,$3,$4) ON CONFLICT ("projection_name") DO UPDATE SET "last_seen_event_number" = $5 WHERE ((p0."projection_name" = $6) AND (p0."last_seen_event_number" < $7)) ["ERP.StatementProjector", 1, ~N[2026-03-17 23:04:58.455480], ~N[2026-03-17 23:04:58.455480], 1, "ERP.StatementProjector", 1]
23:04:58.456 [debug] QUERY OK source="erp_statements" db=0.2ms
INSERT INTO "erp_statements" ("id","status","filename","format","org_id","uploaded_at","matched_count","overlap_warning","line_count","content_hash","created_at","updated_at") VALUES ($1,$2,$3,$4,$5,$6,$7,$8,$9,$10,$11,$12) ON CONFLICT ("id") DO NOTHING ["785d1057-5272-45c8-8cc4-ee28f6f9bfa1", "uploaded", "beta.csv", "csv", "9615a56c-9003-4216-ba5f-f9429506c45e", ~U[2026-03-17 23:04:58.435064Z], 0, false, 1, "7FBECE875329D8B3726C38BE77AE60A9F4E8D3CF3282F5FB06CB8474EE7D6407", ~U[2026-03-17 23:04:58.456113Z], ~U[2026-03-17 23:04:58.456113Z]]
23:04:58.457 [debug] QUERY OK source="erp_statement_lines" db=0.4ms
INSERT INTO "erp_statement_lines" ("id","status","date","metadata","currency","ref","amount","org_id","statement_id","narrative","created_at","updated_at") VALUES ($1,$2,$3,$4,$5,$6,$7,$8,$9,$10,$11,$12) ON CONFLICT ("id") DO NOTHING ["019cfe0b-9743-7720-828e-4dab78ebc5cd", "unmatched", "2024-01-01", %{}, "EUR", "REF", Decimal.new("0"), "9615a56c-9003-4216-ba5f-f9429506c45e", "785d1057-5272-45c8-8cc4-ee28f6f9bfa1", "N2", ~U[2026-03-17 23:04:58.456683Z], ~U[2026-03-17 23:04:58.456683Z]]
23:04:58.457 [debug] QUERY OK db=0.2ms
commit []
23:04:58.478 [debug] QUERY OK source="erp_statements" db=1.2ms queue=14.6ms
SELECT e0."id", e0."org_id", e0."filename", e0."format", e0."status", e0."line_count", e0."matched_count", e0."overlap_warning", e0."content_hash", e0."uploaded_at", e0."error_message", e0."created_at", e0."updated_at", o1."name" FROM "erp_statements" AS e0 LEFT OUTER JOIN "organization_tenants" AS o1 ON e0."org_id" = o1."org_id" WHERE (e0."org_id" = $1) AND (e0."filename" ILIKE $2) ORDER BY e0."uploaded_at" DESC ["9615a56c-9003-4216-ba5f-f9429506c45e", "%alpha%"]
23:04:58.479 [debug] QUERY OK source="erp_statements" db=0.2ms queue=0.2ms
SELECT e0."id", e0."org_id", e0."filename", e0."format", e0."status", e0."line_count", e0."matched_count", e0."overlap_warning", e0."content_hash", e0."uploaded_at", e0."error_message", e0."created_at", e0."updated_at", o1."name" FROM "erp_statements" AS e0 LEFT OUTER JOIN "organization_tenants" AS o1 ON e0."org_id" = o1."org_id" WHERE (e0."org_id" = $1) AND (e0."uploaded_at"::text ILIKE $2) ORDER BY e0."uploaded_at" DESC ["9615a56c-9003-4216-ba5f-f9429506c45e", "2026-03-17%"]
.23:04:58.494 [debug] QUERY OK source="erp_statement_lines" db=14.8ms
DELETE FROM "erp_statement_lines" AS e0 []
23:04:58.495 [debug] QUERY OK source="erp_statements" db=0.9ms
DELETE FROM "erp_statements" AS e0 []
23:04:58.496 [debug] QUERY OK db=0.3ms queue=0.2ms
DELETE FROM projection_versions []
23:04:58.496 [debug] Locating aggregate process for `Nexus.ERP.Aggregates.Statement` with UUID "dc3a835e-6a93-4df4-a674-ef1f4803c276"
23:04:58.496 [debug] Nexus.ERP.Aggregates.Statement<dc3a835e-6a93-4df4-a674-ef1f4803c276@0> executing command: %Nexus.ERP.Commands.UploadStatement{statement_id: "dc3a835e-6a93-4df4-a674-ef1f4803c276", org_id: "6c134e91-b360-4311-8a41-30be50491819", filename: "bank_statement.csv", format: "csv", raw_content: "date,ref,amount,currency,narrative\n2024-01-01,REF001,100.00,EUR,Test narrative", uploaded_at: ~U[2026-03-17 23:04:58.496166Z]}
23:04:58.500 [debug] Appended 1 event(s) to stream "dc3a835e-6a93-4df4-a674-ef1f4803c276"
23:04:58.500 [debug] Listener received notification on channel "event_store.events" with payload: "dc3a835e-6a93-4df4-a674-ef1f4803c276,6562,1,1"
23:04:58.500 [debug] Listener received notification on channel "event_store.events" with payload: "$all,0,9119,9119"
23:04:58.501 [debug] Nexus.ERP.Aggregates.Statement<dc3a835e-6a93-4df4-a674-ef1f4803c276@1> received events: [%Commanded.EventStore.RecordedEvent{event_id: "93e83a20-b0e6-43c7-8d62-fd30c8270cf2", event_number: 1, stream_id: "dc3a835e-6a93-4df4-a674-ef1f4803c276", stream_version: 1, causation_id: "3dfdc5fc-65d0-402e-b3b6-34a2026cd6b8", correlation_id: "b128738b-04e6-4bad-b3c7-48772cd13d5b", event_type: "Elixir.Nexus.ERP.Events.StatementUploaded", data: %Nexus.ERP.Events.StatementUploaded{statement_id: "dc3a835e-6a93-4df4-a674-ef1f4803c276", org_id: "6c134e91-b360-4311-8a41-30be50491819", filename: "bank_statement.csv", format: "csv", lines: [%{id: "019cfe0b-9780-7abd-b3db-8ee4034bf995", status: "unmatched", date: "2024-01-01", metadata: %{}, currency: "EUR", ref: "REF001", amount: "100.00", narrative: "Test narrative"}], uploaded_at: "2026-03-17T23:04:58.496166Z", content_hash: "2A6D7CDCA877B8631942E2171A0BB33BDDCE9ECA36C103C671439B8CCB0A6438"}, created_at: ~U[2026-03-17 23:04:58.497383Z], metadata: %{"causation_id" => "019cfe0b-9780-7cc1-9db7-c036dcaf2e18", "correlation_id" => "019cfe0b-9780-7cc1-9db7-c036dcaf2e18"}}]
23:04:58.518 [debug] QUERY OK db=0.9ms queue=15.0ms
DELETE FROM projection_versions []
23:04:58.519 [debug] QUERY OK source="erp_statements" db=1.0ms
SELECT count(e0."id") FROM "erp_statements" AS e0 WHERE ((e0."org_id" = $1) AND (e0."filename" = $2)) ["6c134e91-b360-4311-8a41-30be50491819", "bank_statement.csv"]
23:04:58.519 [debug] QUERY OK db=0.1ms
begin []
23:04:58.520 [debug] QUERY OK source="projection_versions" db=0.2ms
INSERT INTO "projection_versions" AS p0 ("projection_name","last_seen_event_number","inserted_at","updated_at") VALUES ($1,$2,$3,$4) ON CONFLICT ("projection_name") DO UPDATE SET "last_seen_event_number" = $5 WHERE ((p0."projection_name" = $6) AND (p0."last_seen_event_number" < $7)) ["ERP.StatementProjector", 1, ~N[2026-03-17 23:04:58.519974], ~N[2026-03-17 23:04:58.519974], 1, "ERP.StatementProjector", 1]
23:04:58.521 [debug] QUERY OK source="erp_statements" db=0.2ms
INSERT INTO "erp_statements" ("id","status","filename","format","org_id","uploaded_at","matched_count","overlap_warning","line_count","content_hash","created_at","updated_at") VALUES ($1,$2,$3,$4,$5,$6,$7,$8,$9,$10,$11,$12) ON CONFLICT ("id") DO NOTHING ["dc3a835e-6a93-4df4-a674-ef1f4803c276", "uploaded", "bank_statement.csv", "csv", "6c134e91-b360-4311-8a41-30be50491819", ~U[2026-03-17 23:04:58.496166Z], 0, false, 1, "2A6D7CDCA877B8631942E2171A0BB33BDDCE9ECA36C103C671439B8CCB0A6438", ~U[2026-03-17 23:04:58.520557Z], ~U[2026-03-17 23:04:58.520557Z]]
23:04:58.521 [debug] QUERY OK source="erp_statement_lines" db=0.4ms
INSERT INTO "erp_statement_lines" ("id","status","date","metadata","currency","ref","amount","org_id","statement_id","narrative","created_at","updated_at") VALUES ($1,$2,$3,$4,$5,$6,$7,$8,$9,$10,$11,$12) ON CONFLICT ("id") DO NOTHING ["019cfe0b-9780-7abd-b3db-8ee4034bf995", "unmatched", "2024-01-01", %{}, "EUR", "REF001", Decimal.new("100.00"), "6c134e91-b360-4311-8a41-30be50491819", "dc3a835e-6a93-4df4-a674-ef1f4803c276", "Test narrative", ~U[2026-03-17 23:04:58.521050Z], ~U[2026-03-17 23:04:58.521050Z]]
23:04:58.522 [debug] QUERY OK db=0.2ms
commit []
23:04:58.537 [debug] QUERY OK source="erp_statements" db=1.0ms queue=13.7ms
SELECT e0."id", e0."org_id", e0."filename", e0."format", e0."status", e0."line_count", e0."matched_count", e0."overlap_warning", e0."content_hash", e0."uploaded_at", e0."error_message", e0."created_at", e0."updated_at" FROM "erp_statements" AS e0 WHERE (e0."id" = $1) ["dc3a835e-6a93-4df4-a674-ef1f4803c276"]
23:04:58.537 [debug] Locating aggregate process for `Nexus.ERP.Aggregates.Statement` with UUID "746c5e49-4dda-4d3b-80f5-3eb9418caa62"
23:04:58.537 [debug] Nexus.ERP.Aggregates.Statement<746c5e49-4dda-4d3b-80f5-3eb9418caa62@0> executing command: %Nexus.ERP.Commands.UploadStatement{statement_id: "746c5e49-4dda-4d3b-80f5-3eb9418caa62", org_id: "6c134e91-b360-4311-8a41-30be50491819", filename: "bank_statement.csv", format: "csv", raw_content: "date,ref,amount,currency,narrative\n2024-01-01,REF001,100.00,EUR,Test narrative\n2024-01-02,REF002,200.00,EUR,New line", uploaded_at: ~U[2026-03-17 23:04:58.496166Z]}
23:04:58.540 [debug] Appended 1 event(s) to stream "746c5e49-4dda-4d3b-80f5-3eb9418caa62"
23:04:58.540 [debug] Listener received notification on channel "event_store.events" with payload: "746c5e49-4dda-4d3b-80f5-3eb9418caa62,6563,1,1"
23:04:58.540 [debug] Listener received notification on channel "event_store.events" with payload: "$all,0,9120,9120"
23:04:58.541 [debug] Nexus.ERP.Aggregates.Statement<746c5e49-4dda-4d3b-80f5-3eb9418caa62@1> received events: [%Commanded.EventStore.RecordedEvent{event_id: "345a5701-f188-45c1-82ff-7f031386b0ff", event_number: 1, stream_id: "746c5e49-4dda-4d3b-80f5-3eb9418caa62", stream_version: 1, causation_id: "9f595ce5-e540-41bb-9632-d6f03eb505dd", correlation_id: "0e31b69e-6820-415e-bc92-a376943df533", event_type: "Elixir.Nexus.ERP.Events.StatementUploaded", data: %Nexus.ERP.Events.StatementUploaded{statement_id: "746c5e49-4dda-4d3b-80f5-3eb9418caa62", org_id: "6c134e91-b360-4311-8a41-30be50491819", filename: "bank_statement.csv", format: "csv", lines: [%{id: "019cfe0b-97a9-780a-9f8a-95577d463942", status: "unmatched", date: "2024-01-01", metadata: %{}, currency: "EUR", ref: "REF001", amount: "100.00", narrative: "Test narrative"}, %{id: "019cfe0b-97a9-79ac-995e-e6f7649a9e7c", status: "unmatched", date: "2024-01-02", metadata: %{}, currency: "EUR", ref: "REF002", amount: "200.00", narrative: "New line"}], uploaded_at: "2026-03-17T23:04:58.496166Z", content_hash: "E696981C3C0A3E5AB706EB69FD368BF3B1E23A8CED4952C2D95B5DE0A480453E"}, created_at: ~U[2026-03-17 23:04:58.538098Z], metadata: %{"causation_id" => "019cfe0b-97a9-7df0-81fe-b5d637a12f9e", "correlation_id" => "019cfe0b-97a9-7df0-81fe-b5d637a12f9e"}}]
23:04:58.557 [debug] QUERY OK db=1.0ms queue=14.0ms
DELETE FROM projection_versions []
23:04:58.558 [debug] QUERY OK source="erp_statements" db=1.0ms
SELECT count(e0."id") FROM "erp_statements" AS e0 WHERE ((e0."org_id" = $1) AND (e0."filename" = $2)) ["6c134e91-b360-4311-8a41-30be50491819", "bank_statement.csv"]
23:04:58.558 [debug] QUERY OK db=0.1ms
begin []
23:04:58.559 [debug] QUERY OK source="projection_versions" db=0.2ms
INSERT INTO "projection_versions" AS p0 ("projection_name","last_seen_event_number","inserted_at","updated_at") VALUES ($1,$2,$3,$4) ON CONFLICT ("projection_name") DO UPDATE SET "last_seen_event_number" = $5 WHERE ((p0."projection_name" = $6) AND (p0."last_seen_event_number" < $7)) ["ERP.StatementProjector", 1, ~N[2026-03-17 23:04:58.558589], ~N[2026-03-17 23:04:58.558589], 1, "ERP.StatementProjector", 1]
23:04:58.559 [debug] QUERY OK source="erp_statements" db=0.1ms
INSERT INTO "erp_statements" ("id","status","filename","format","org_id","uploaded_at","matched_count","overlap_warning","line_count","content_hash","created_at","updated_at") VALUES ($1,$2,$3,$4,$5,$6,$7,$8,$9,$10,$11,$12) ON CONFLICT ("id") DO NOTHING ["746c5e49-4dda-4d3b-80f5-3eb9418caa62", "uploaded", "bank_statement.csv", "csv", "6c134e91-b360-4311-8a41-30be50491819", ~U[2026-03-17 23:04:58.496166Z], 0, true, 2, "E696981C3C0A3E5AB706EB69FD368BF3B1E23A8CED4952C2D95B5DE0A480453E", ~U[2026-03-17 23:04:58.559150Z], ~U[2026-03-17 23:04:58.559150Z]]
23:04:58.560 [debug] QUERY OK source="erp_statement_lines" db=0.3ms
INSERT INTO "erp_statement_lines" ("id","status","date","metadata","currency","ref","amount","org_id","statement_id","narrative","created_at","updated_at") VALUES ($1,$2,$3,$4,$5,$6,$7,$8,$9,$10,$11,$12) ON CONFLICT ("id") DO NOTHING ["019cfe0b-97a9-780a-9f8a-95577d463942", "unmatched", "2024-01-01", %{}, "EUR", "REF001", Decimal.new("100.00"), "6c134e91-b360-4311-8a41-30be50491819", "746c5e49-4dda-4d3b-80f5-3eb9418caa62", "Test narrative", ~U[2026-03-17 23:04:58.559666Z], ~U[2026-03-17 23:04:58.559666Z]]
23:04:58.560 [debug] QUERY OK source="erp_statement_lines" db=0.2ms
INSERT INTO "erp_statement_lines" ("id","status","date","metadata","currency","ref","amount","org_id","statement_id","narrative","created_at","updated_at") VALUES ($1,$2,$3,$4,$5,$6,$7,$8,$9,$10,$11,$12) ON CONFLICT ("id") DO NOTHING ["019cfe0b-97a9-79ac-995e-e6f7649a9e7c", "unmatched", "2024-01-02", %{}, "EUR", "REF002", Decimal.new("200.00"), "6c134e91-b360-4311-8a41-30be50491819", "746c5e49-4dda-4d3b-80f5-3eb9418caa62", "New line", ~U[2026-03-17 23:04:58.560296Z], ~U[2026-03-17 23:04:58.560296Z]]
23:04:58.560 [debug] QUERY OK db=0.2ms
commit []
23:04:58.561 [debug] QUERY OK source="erp_statements" db=0.7ms
SELECT e0."id", e0."org_id", e0."filename", e0."format", e0."status", e0."line_count", e0."matched_count", e0."overlap_warning", e0."content_hash", e0."uploaded_at", e0."error_message", e0."created_at", e0."updated_at" FROM "erp_statements" AS e0 WHERE (e0."id" = $1) ["746c5e49-4dda-4d3b-80f5-3eb9418caa62"]
.23:04:58.576 [debug] QUERY OK source="erp_statement_lines" db=14.8ms
DELETE FROM "erp_statement_lines" AS e0 []
23:04:58.577 [debug] QUERY OK source="erp_statements" db=0.9ms
DELETE FROM "erp_statements" AS e0 []
23:04:58.578 [debug] QUERY OK db=0.3ms queue=0.1ms
DELETE FROM projection_versions []
23:04:58.578 [debug] Locating aggregate process for `Nexus.ERP.Aggregates.Statement` with UUID "446a6dd3-75a1-4ae0-a2e3-971f8c70a36e"
23:04:58.579 [debug] Nexus.ERP.Aggregates.Statement<446a6dd3-75a1-4ae0-a2e3-971f8c70a36e@0> executing command: %Nexus.ERP.Commands.UploadStatement{statement_id: "446a6dd3-75a1-4ae0-a2e3-971f8c70a36e", org_id: "8dd6879e-8b88-4193-ad82-d4d4385019ba", filename: "recon_test.csv", format: "csv", raw_content: "date,ref,amount,currency,narrative\n2024-01-01,REF001,100.00,EUR,Test narrative", uploaded_at: ~U[2026-03-17 23:04:58.578548Z]}
23:04:58.580 [debug] Appended 1 event(s) to stream "446a6dd3-75a1-4ae0-a2e3-971f8c70a36e"
23:04:58.580 [debug] Listener received notification on channel "event_store.events" with payload: "446a6dd3-75a1-4ae0-a2e3-971f8c70a36e,6564,1,1"
23:04:58.580 [debug] Listener received notification on channel "event_store.events" with payload: "$all,0,9121,9121"
23:04:58.581 [debug] Nexus.ERP.Aggregates.Statement<446a6dd3-75a1-4ae0-a2e3-971f8c70a36e@1> received events: [%Commanded.EventStore.RecordedEvent{event_id: "fa8fa780-f2f3-4571-af03-491c0e51936f", event_number: 1, stream_id: "446a6dd3-75a1-4ae0-a2e3-971f8c70a36e", stream_version: 1, causation_id: "4b8818a6-c338-492f-aa76-ca04908f5d6b", correlation_id: "6f5c079d-7354-4b55-9343-75bcd63976c4", event_type: "Elixir.Nexus.ERP.Events.StatementUploaded", data: %Nexus.ERP.Events.StatementUploaded{statement_id: "446a6dd3-75a1-4ae0-a2e3-971f8c70a36e", org_id: "8dd6879e-8b88-4193-ad82-d4d4385019ba", filename: "recon_test.csv", format: "csv", lines: [%{id: "019cfe0b-97d3-775c-a19b-9cb8855790a8", status: "unmatched", date: "2024-01-01", metadata: %{}, currency: "EUR", ref: "REF001", amount: "100.00", narrative: "Test narrative"}], uploaded_at: "2026-03-17T23:04:58.578548Z", content_hash: "2A6D7CDCA877B8631942E2171A0BB33BDDCE9ECA36C103C671439B8CCB0A6438"}, created_at: ~U[2026-03-17 23:04:58.579610Z], metadata: %{"causation_id" => "019cfe0b-97d2-7984-b1d9-5e4d946eae98", "correlation_id" => "019cfe0b-97d2-7984-b1d9-5e4d946eae98"}}]
23:04:58.596 [debug] QUERY OK db=0.8ms queue=13.4ms
DELETE FROM projection_versions []
23:04:58.597 [debug] QUERY OK source="erp_statements" db=1.1ms
SELECT count(e0."id") FROM "erp_statements" AS e0 WHERE ((e0."org_id" = $1) AND (e0."filename" = $2)) ["8dd6879e-8b88-4193-ad82-d4d4385019ba", "recon_test.csv"]
23:04:58.597 [debug] QUERY OK db=0.1ms
begin []
23:04:58.598 [debug] QUERY OK source="projection_versions" db=0.2ms
INSERT INTO "projection_versions" AS p0 ("projection_name","last_seen_event_number","inserted_at","updated_at") VALUES ($1,$2,$3,$4) ON CONFLICT ("projection_name") DO UPDATE SET "last_seen_event_number" = $5 WHERE ((p0."projection_name" = $6) AND (p0."last_seen_event_number" < $7)) ["ERP.StatementProjector", 1, ~N[2026-03-17 23:04:58.597805], ~N[2026-03-17 23:04:58.597805], 1, "ERP.StatementProjector", 1]
23:04:58.598 [debug] QUERY OK source="erp_statements" db=0.2ms
INSERT INTO "erp_statements" ("id","status","filename","format","org_id","uploaded_at","matched_count","overlap_warning","line_count","content_hash","created_at","updated_at") VALUES ($1,$2,$3,$4,$5,$6,$7,$8,$9,$10,$11,$12) ON CONFLICT ("id") DO NOTHING ["446a6dd3-75a1-4ae0-a2e3-971f8c70a36e", "uploaded", "recon_test.csv", "csv", "8dd6879e-8b88-4193-ad82-d4d4385019ba", ~U[2026-03-17 23:04:58.578548Z], 0, false, 1, "2A6D7CDCA877B8631942E2171A0BB33BDDCE9ECA36C103C671439B8CCB0A6438", ~U[2026-03-17 23:04:58.598423Z], ~U[2026-03-17 23:04:58.598423Z]]
23:04:58.599 [debug] QUERY OK source="erp_statement_lines" db=0.4ms
INSERT INTO "erp_statement_lines" ("id","status","date","metadata","currency","ref","amount","org_id","statement_id","narrative","created_at","updated_at") VALUES ($1,$2,$3,$4,$5,$6,$7,$8,$9,$10,$11,$12) ON CONFLICT ("id") DO NOTHING ["019cfe0b-97d3-775c-a19b-9cb8855790a8", "unmatched", "2024-01-01", %{}, "EUR", "REF001", Decimal.new("100.00"), "8dd6879e-8b88-4193-ad82-d4d4385019ba", "446a6dd3-75a1-4ae0-a2e3-971f8c70a36e", "Test narrative", ~U[2026-03-17 23:04:58.598999Z], ~U[2026-03-17 23:04:58.598999Z]]
23:04:58.600 [debug] QUERY OK db=0.3ms
commit []
23:04:58.603 [debug] QUERY OK source="erp_statement_lines" db=0.9ms queue=0.5ms
SELECT e0."id", e0."statement_id", e0."org_id", e0."date", e0."ref", e0."amount", e0."currency", e0."narrative", e0."status", e0."error_message", e0."metadata", e0."created_at", e0."updated_at" FROM "erp_statement_lines" AS e0 WHERE (e0."statement_id" = $1) ORDER BY e0."created_at" ["446a6dd3-75a1-4ae0-a2e3-971f8c70a36e"]
23:04:58.603 [debug] Locating aggregate process for `Nexus.Treasury.Aggregates.Reconciliation` with UUID "d8e52057-fff3-420d-b29b-b52c1755df56"
23:04:58.605 [debug] Nexus.Treasury.Aggregates.Reconciliation<d8e52057-fff3-420d-b29b-b52c1755df56@0> executing command: %Nexus.Treasury.Commands.ReconcileTransaction{org_id: "8dd6879e-8b88-4193-ad82-d4d4385019ba", reconciliation_id: "d8e52057-fff3-420d-b29b-b52c1755df56", invoice_id: "09b7409a-ec42-4a7a-9116-97b29e6c975f", statement_id: "446a6dd3-75a1-4ae0-a2e3-971f8c70a36e", statement_line_id: "019cfe0b-97d3-775c-a19b-9cb8855790a8", amount: "100.00", variance: nil, variance_reason: nil, actor_email: "test@example.com", currency: "EUR", timestamp: ~U[2026-03-17 23:04:58.603320Z]}
23:04:58.607 [debug] Appended 1 event(s) to stream "d8e52057-fff3-420d-b29b-b52c1755df56"
23:04:58.607 [debug] Listener received notification on channel "event_store.events" with payload: "d8e52057-fff3-420d-b29b-b52c1755df56,6565,1,1"
23:04:58.607 [debug] Listener received notification on channel "event_store.events" with payload: "$all,0,9122,9122"
23:04:58.609 [debug] Nexus.Treasury.Aggregates.Reconciliation<d8e52057-fff3-420d-b29b-b52c1755df56@1> received events: [%Commanded.EventStore.RecordedEvent{event_id: "f8c31600-c372-40b5-a45f-aba8e0393f39", event_number: 1, stream_id: "d8e52057-fff3-420d-b29b-b52c1755df56", stream_version: 1, causation_id: "7cc47d7a-f2b6-4a5f-8ffa-5538ce470790", correlation_id: "9d6cd148-5401-4d0b-a0d2-6b5545199c33", event_type: "Elixir.Nexus.Treasury.Events.TransactionReconciled", data: %Nexus.Treasury.Events.TransactionReconciled{org_id: "8dd6879e-8b88-4193-ad82-d4d4385019ba", reconciliation_id: "d8e52057-fff3-420d-b29b-b52c1755df56", invoice_id: "09b7409a-ec42-4a7a-9116-97b29e6c975f", statement_id: "446a6dd3-75a1-4ae0-a2e3-971f8c70a36e", statement_line_id: "019cfe0b-97d3-775c-a19b-9cb8855790a8", amount: "100.00", variance: nil, variance_reason: nil, actor_email: "test@example.com", currency: "EUR", timestamp: "2026-03-17T23:04:58.603320Z"}, created_at: ~U[2026-03-17 23:04:58.605618Z], metadata: %{"causation_id" => "019cfe0b-97eb-7450-a7f8-a08adc7c82ab", "correlation_id" => "019cfe0b-97eb-7450-a7f8-a08adc7c82ab"}}]
23:04:58.610 [debug] QUERY OK db=0.8ms queue=0.2ms
DELETE FROM projection_versions []
23:04:58.615 [debug] QUERY OK db=0.1ms
begin []
23:04:58.615 [debug] QUERY OK source="projection_versions" db=0.2ms
INSERT INTO "projection_versions" AS p0 ("projection_name","last_seen_event_number","inserted_at","updated_at") VALUES ($1,$2,$3,$4) ON CONFLICT ("projection_name") DO UPDATE SET "last_seen_event_number" = $5 WHERE ((p0."projection_name" = $6) AND (p0."last_seen_event_number" < $7)) ["Treasury.ReconciliationProjector", 1, ~N[2026-03-17 23:04:58.615386], ~N[2026-03-17 23:04:58.615386], 1, "Treasury.ReconciliationProjector", 1]
23:04:58.619 [debug] QUERY OK source="treasury_reconciliations" db=0.3ms
INSERT INTO "treasury_reconciliations" AS t0 ("status","currency","amount","org_id","statement_id","reconciliation_id","invoice_id","statement_line_id","actor_email","variance","matched_at","created_at","updated_at") VALUES ($1,$2,$3,$4,$5,$6,$7,$8,$9,$10,$11,$12,$13) ON CONFLICT ("reconciliation_id") DO UPDATE SET "status" = $14, "actor_email" = $15, "matched_at" = $16 [:matched, "EUR", Decimal.new("100.00"), "8dd6879e-8b88-4193-ad82-d4d4385019ba", "446a6dd3-75a1-4ae0-a2e3-971f8c70a36e", "d8e52057-fff3-420d-b29b-b52c1755df56", "09b7409a-ec42-4a7a-9116-97b29e6c975f", "019cfe0b-97d3-775c-a19b-9cb8855790a8", "test@example.com", Decimal.new("0.00"), ~U[2026-03-17 23:04:58.603320Z], ~U[2026-03-17 23:04:58.616008Z], ~U[2026-03-17 23:04:58.616008Z], :matched, "test@example.com", ~U[2026-03-17 23:04:58.603320Z]]
23:04:58.619 [debug] QUERY OK source="erp_invoices" db=0.3ms
UPDATE "erp_invoices" AS e0 SET "status" = $1 WHERE (e0."id" = $2) ["matched", "09b7409a-ec42-4a7a-9116-97b29e6c975f"]
23:04:58.620 [debug] QUERY OK source="erp_statement_lines" db=0.4ms
UPDATE "erp_statement_lines" AS e0 SET "status" = $1 WHERE (e0."id" = $2) ["matched", "019cfe0b-97d3-775c-a19b-9cb8855790a8"]
23:04:58.621 [debug] QUERY OK source="erp_statements" db=0.3ms
UPDATE "erp_statements" AS e0 SET "matched_count" = e0."matched_count" + $1 WHERE (e0."id" = $2) [1, "446a6dd3-75a1-4ae0-a2e3-971f8c70a36e"]
23:04:58.621 [debug] QUERY OK db=0.1ms
commit []
23:04:58.622 [debug] QUERY OK source="erp_statements" db=1.2ms
SELECT e0."id", e0."org_id", e0."filename", e0."format", e0."status", e0."line_count", e0."matched_count", e0."overlap_warning", e0."content_hash", e0."uploaded_at", e0."error_message", e0."created_at", e0."updated_at" FROM "erp_statements" AS e0 WHERE (e0."id" = $1) ["446a6dd3-75a1-4ae0-a2e3-971f8c70a36e"]
.23:04:58.624 [debug] QUERY OK source="organization_tenants" db=0.6ms queue=0.2ms
INSERT INTO "organization_tenants" ("id","name","status","org_id","initial_admin_email","modules_enabled","created_at","updated_at") VALUES ($1,$2,$3,$4,$5,$6,$7,$8) ["9d45d7b1-d838-4899-bd73-57d590988277", "Nexus Corporation", "active", "9d45d7b1-d838-4899-bd73-57d590988277", "admin@nexus.corp", [], ~U[2026-03-17 23:04:58.623196Z], ~U[2026-03-17 23:04:58.623196Z]]
23:04:58.627 [debug] QUERY OK db=0.1ms
begin []
23:04:58.627 [debug] QUERY OK source="projection_versions" db=0.2ms
INSERT INTO "projection_versions" AS p0 ("projection_name","last_seen_event_number","inserted_at","updated_at") VALUES ($1,$2,$3,$4) ON CONFLICT ("projection_name") DO UPDATE SET "last_seen_event_number" = $5 WHERE ((p0."projection_name" = $6) AND (p0."last_seen_event_number" < $7)) ["Organization.TenantProjector", 1, ~N[2026-03-17 23:04:58.627160], ~N[2026-03-17 23:04:58.627160], 1, "Organization.TenantProjector", 1]
23:04:58.628 [debug] QUERY OK source="organization_tenants" db=0.2ms
UPDATE "organization_tenants" AS o0 SET "status" = $1, "suspended_at" = $2, "updated_at" = $3 WHERE (o0."org_id" = $4) ["SUSPENDED", ~U[2026-03-17 23:04:58.624248Z], ~U[2026-03-17 23:04:58.626871Z], "9d45d7b1-d838-4899-bd73-57d590988277"]
23:04:58.628 [debug] QUERY OK db=0.0ms
commit []
23:04:58.628 [debug] QUERY OK source="organization_tenants" db=0.1ms queue=0.1ms
SELECT o0."id", o0."org_id", o0."name", o0."status", o0."initial_admin_email", o0."suspended_at", o0."modules_enabled", o0."created_at", o0."updated_at" FROM "organization_tenants" AS o0 WHERE (o0."org_id" = $1) ["9d45d7b1-d838-4899-bd73-57d590988277"]
.23:04:58.630 [debug] QUERY OK source="organization_tenants" db=0.6ms queue=0.3ms
INSERT INTO "organization_tenants" ("id","name","status","org_id","initial_admin_email","modules_enabled","created_at","updated_at") VALUES ($1,$2,$3,$4,$5,$6,$7,$8) ["98326c30-940c-4750-82d0-0f6f4c5fe7aa", "Nexus Corporation", "active", "98326c30-940c-4750-82d0-0f6f4c5fe7aa", "admin@nexus.corp", [], ~U[2026-03-17 23:04:58.629000Z], ~U[2026-03-17 23:04:58.629000Z]]
23:04:58.630 [debug] QUERY OK db=0.0ms
begin []
23:04:58.630 [debug] QUERY OK source="projection_versions" db=0.2ms
INSERT INTO "projection_versions" AS p0 ("projection_name","last_seen_event_number","inserted_at","updated_at") VALUES ($1,$2,$3,$4) ON CONFLICT ("projection_name") DO UPDATE SET "last_seen_event_number" = $5 WHERE ((p0."projection_name" = $6) AND (p0."last_seen_event_number" < $7)) ["Organization.TenantProjector", 2, ~N[2026-03-17 23:04:58.630173], ~N[2026-03-17 23:04:58.630173], 2, "Organization.TenantProjector", 2]
23:04:58.631 [debug] QUERY OK source="organization_tenants" db=0.3ms
SELECT o0."id", o0."org_id", o0."name", o0."status", o0."initial_admin_email", o0."suspended_at", o0."modules_enabled", o0."created_at", o0."updated_at" FROM "organization_tenants" AS o0 WHERE (o0."org_id" = $1) ["98326c30-940c-4750-82d0-0f6f4c5fe7aa"]
23:04:58.631 [debug] QUERY OK source="organization_tenants" db=0.1ms
UPDATE "organization_tenants" SET "modules_enabled" = $1, "updated_at" = $2 WHERE "id" = $3 [["forecasting"], ~U[2026-03-17 23:04:58.631075Z], "98326c30-940c-4750-82d0-0f6f4c5fe7aa"]
23:04:58.631 [debug] QUERY OK db=0.0ms
commit []
23:04:58.631 [debug] QUERY OK source="organization_tenants" db=0.1ms
SELECT o0."id", o0."org_id", o0."name", o0."status", o0."initial_admin_email", o0."suspended_at", o0."modules_enabled", o0."created_at", o0."updated_at" FROM "organization_tenants" AS o0 WHERE (o0."org_id" = $1) ["98326c30-940c-4750-82d0-0f6f4c5fe7aa"]
23:04:58.631 [debug] QUERY OK db=0.0ms
begin []
23:04:58.631 [debug] QUERY OK source="projection_versions" db=0.1ms
INSERT INTO "projection_versions" AS p0 ("projection_name","last_seen_event_number","inserted_at","updated_at") VALUES ($1,$2,$3,$4) ON CONFLICT ("projection_name") DO UPDATE SET "last_seen_event_number" = $5 WHERE ((p0."projection_name" = $6) AND (p0."last_seen_event_number" < $7)) ["Organization.TenantProjector", 3, ~N[2026-03-17 23:04:58.631754], ~N[2026-03-17 23:04:58.631754], 3, "Organization.TenantProjector", 3]
23:04:58.632 [debug] QUERY OK source="organization_tenants" db=0.0ms
SELECT o0."id", o0."org_id", o0."name", o0."status", o0."initial_admin_email", o0."suspended_at", o0."modules_enabled", o0."created_at", o0."updated_at" FROM "organization_tenants" AS o0 WHERE (o0."org_id" = $1) ["98326c30-940c-4750-82d0-0f6f4c5fe7aa"]
23:04:58.632 [debug] QUERY OK source="organization_tenants" db=0.1ms
UPDATE "organization_tenants" SET "modules_enabled" = $1, "updated_at" = $2 WHERE "id" = $3 [[], ~U[2026-03-17 23:04:58.632067Z], "98326c30-940c-4750-82d0-0f6f4c5fe7aa"]
23:04:58.632 [debug] QUERY OK db=0.0ms
commit []
23:04:58.632 [debug] QUERY OK source="organization_tenants" db=0.1ms
SELECT o0."id", o0."org_id", o0."name", o0."status", o0."initial_admin_email", o0."suspended_at", o0."modules_enabled", o0."created_at", o0."updated_at" FROM "organization_tenants" AS o0 WHERE (o0."org_id" = $1) ["98326c30-940c-4750-82d0-0f6f4c5fe7aa"]
.23:04:58.632 [info] 		[36mGiven [32mthe "Identity" domain is active
23:04:58.632 [info] 		[36mGiven [32mthe user "Elena V." has a registered "Yubikey" under "Global Corp" with role "trader"
23:04:58.632 [info] 		[36mWhen [32mElena attempts to authenticate with her hardware security key
23:04:58.632 [info] 		[36mThen [32mthe system should generate a "WebAuthn Challenge"
23:04:58.635 [debug] [Identity] Challenge stored for session elena@global-corp.com (expires at 2026-03-17 23:14:58.632940Z)
23:04:58.635 [info] 		[36mThen [32mstore it in the "AuthChallengeStore" for 60 seconds
23:04:58.635 [info] 		[36mWhen [32mElena performs a fingerprint scan on her hardware device
23:04:58.635 [debug] [Identity] Challenge popped successfully for elena@global-corp.com
23:04:58.635 [info] 		[36mThen [32mthe system should verify the signature using the "Wax" library
23:04:58.635 [info] 		[36mThen [32mthe "Identity" aggregate should emit a "SessionStarted" event
23:04:58.635 [info] 		[36mThen [32mElena should be redirected to the "Exposure Monitor" dashboard
.23:04:58.635 [info] 		[36mGiven [32mthe "Identity" domain is active
23:04:58.635 [info] 		[36mGiven [32mthe user "Elena V." has a registered "Yubikey" under "Global Corp" with role "trader"
23:04:58.635 [info] 		[36mGiven [32ma login challenge was generated 65 seconds ago
23:04:58.635 [warning] [Identity] Challenge expired for elena@global-corp.com (expired at 2026-03-17 23:04:53.635960Z, now is 2026-03-17 23:04:58.635980Z)
23:04:58.635 [info] 		[36mWhen [32mElena attempts to complete the biometric handshake
23:04:58.636 [info] 		[36mThen [32mthe system should return an "Authentication Expired" error
23:04:58.636 [info] 		[36mThen [32mthe user should be prompted to "Retry Handshake"
.23:04:58.636 [debug] Locating aggregate process for `Nexus.Identity.Aggregates.User` with UUID "019cfe0b-980c-72d9-bae3-9ce7ac71335f"
23:04:58.641 [debug] Nexus.Identity.Aggregates.User<019cfe0b-980c-72d9-bae3-9ce7ac71335f@0> executing command: %Nexus.Identity.Commands.RegisterUser{user_id: "019cfe0b-980c-72d9-bae3-9ce7ac71335f", org_id: "019cfe0b-980c-7e73-9bb1-c5f32c2890a8", email: "test_019cfe0b-980c-72d9-bae3-9ce7ac71335f@nexus.ai", cose_key: "test_key_019cfe0b-980c-72d9-bae3-9ce7ac71335f", credential_id: "test_cred_019cfe0b-980c-72d9-bae3-9ce7ac71335f", role: "admin", display_name: "Test User", registered_at: ~U[2026-03-17 23:04:58.636181Z]}
23:04:58.644 [debug] Appended 1 event(s) to stream "019cfe0b-980c-72d9-bae3-9ce7ac71335f"
23:04:58.644 [debug] Listener received notification on channel "event_store.events" with payload: "019cfe0b-980c-72d9-bae3-9ce7ac71335f,6566,1,1"
23:04:58.644 [debug] Listener received notification on channel "event_store.events" with payload: "$all,0,9123,9123"
23:04:58.645 [debug] Nexus.Identity.Aggregates.User<019cfe0b-980c-72d9-bae3-9ce7ac71335f@1> received events: [%Commanded.EventStore.RecordedEvent{event_id: "2a929a56-9a55-4e59-a35f-0d6c68158abf", event_number: 1, stream_id: "019cfe0b-980c-72d9-bae3-9ce7ac71335f", stream_version: 1, causation_id: "a8a5c3f5-93f6-420e-8f95-fb69e20c44f8", correlation_id: "f79a74e4-1bf1-40c2-a062-746d67110feb", event_type: "Elixir.Nexus.Identity.Events.UserRegistered", data: %Nexus.Identity.Events.UserRegistered{user_id: "019cfe0b-980c-72d9-bae3-9ce7ac71335f", org_id: "019cfe0b-980c-7e73-9bb1-c5f32c2890a8", email: "test_019cfe0b-980c-72d9-bae3-9ce7ac71335f@nexus.ai", role: "admin", cose_key: "test_key_019cfe0b-980c-72d9-bae3-9ce7ac71335f", credential_id: "test_cred_019cfe0b-980c-72d9-bae3-9ce7ac71335f", registered_at: "2026-03-17T23:04:58.636181Z", display_name: "Test User", status: "active"}, created_at: ~U[2026-03-17 23:04:58.641675Z], metadata: %{"causation_id" => "019cfe0b-980c-763d-88ef-f77bde17bd7c", "correlation_id" => "019cfe0b-980c-763d-88ef-f77bde17bd7c"}}]
23:04:58.649 [debug] Subscription "fc9b9d7f-d669-4686-bb89-231eee535b20"@"$all" attempting to connect subscriber #PID<0.1039.0>
23:04:58.656 [debug] Attempting to create subscription on stream "$all" named "fc9b9d7f-d669-4686-bb89-231eee535b20" starting from #0
23:04:58.657 [debug] Created subscription on stream "$all" named "fc9b9d7f-d669-4686-bb89-231eee535b20"
23:04:58.675 [debug] Subscription "fc9b9d7f-d669-4686-bb89-231eee535b20"@"$all" catching-up
23:04:58.707 [debug] Subscription "fc9b9d7f-d669-4686-bb89-231eee535b20"@"$all" has no subscribers, shutting down
23:04:58.709 [debug] Attempting to delete subscription on stream "$all" named "fc9b9d7f-d669-4686-bb89-231eee535b20"
23:04:58.709 [debug] Deleted subscription to stream "$all" named "fc9b9d7f-d669-4686-bb89-231eee535b20"
23:04:58.709 [debug] Locating aggregate process for `Nexus.Treasury.Aggregates.Transfer` with UUID "019cfe0b-9855-7c08-a357-d4047bcf3367"
23:04:58.711 [debug] Nexus.Treasury.Aggregates.Transfer<019cfe0b-9855-7c08-a357-d4047bcf3367@0> executing command: %Nexus.Treasury.Commands.RequestTransfer{transfer_id: "019cfe0b-9855-7c08-a357-d4047bcf3367", org_id: "019cfe0b-980c-7e73-9bb1-c5f32c2890a8", user_id: "019cfe0b-980c-72d9-bae3-9ce7ac71335f", from_currency: "EUR", to_currency: "USD", amount: "100", threshold: "1000000", bulk_payment_id: nil, recipient_data: nil, requested_at: ~U[2026-03-17 23:04:58.709496Z]}
23:04:58.713 [debug] Appended 1 event(s) to stream "019cfe0b-9855-7c08-a357-d4047bcf3367"
23:04:58.713 [debug] Listener received notification on channel "event_store.events" with payload: "019cfe0b-9855-7c08-a357-d4047bcf3367,6567,1,1"
23:04:58.713 [debug] Listener received notification on channel "event_store.events" with payload: "$all,0,9124,9124"
23:04:58.714 [debug] Nexus.Treasury.Aggregates.Transfer<019cfe0b-9855-7c08-a357-d4047bcf3367@1> received events: [%Commanded.EventStore.RecordedEvent{event_id: "05d1451c-0bfa-4f0c-9107-577ad2d2ac2f", event_number: 1, stream_id: "019cfe0b-9855-7c08-a357-d4047bcf3367", stream_version: 1, causation_id: "882e9393-7c13-4874-8ee4-bfe7a461a2e7", correlation_id: "335c8529-4674-4477-8c89-3220eb6ab153", event_type: "Elixir.Nexus.Treasury.Events.TransferInitiated", data: %Nexus.Treasury.Events.TransferInitiated{transfer_id: "019cfe0b-9855-7c08-a357-d4047bcf3367", org_id: "019cfe0b-980c-7e73-9bb1-c5f32c2890a8", user_id: "019cfe0b-980c-72d9-bae3-9ce7ac71335f", from_currency: "EUR", to_currency: "USD", amount: "100", status: "authorized", bulk_payment_id: nil, recipient_data: nil, requested_at: "2026-03-17T23:04:58.709496Z"}, created_at: ~U[2026-03-17 23:04:58.711863Z], metadata: %{"causation_id" => "019cfe0b-9855-7a98-b612-d5e0a60dc08c", "correlation_id" => "019cfe0b-9855-7a98-b612-d5e0a60dc08c"}}]
23:04:58.716 [debug] Locating aggregate process for `Nexus.Treasury.Aggregates.Transfer` with UUID "019cfe0b-9855-7c08-a357-d4047bcf3367"
23:04:58.717 [debug] Nexus.Treasury.Aggregates.Transfer<019cfe0b-9855-7c08-a357-d4047bcf3367@1> executing command: %Nexus.Treasury.Commands.ExecuteTransfer{transfer_id: "019cfe0b-9855-7c08-a357-d4047bcf3367", org_id: "019cfe0b-980c-7e73-9bb1-c5f32c2890a8", executed_at: ~U[2026-03-17 23:04:58.716334Z]}
23:04:58.720 [debug] Appended 1 event(s) to stream "019cfe0b-9855-7c08-a357-d4047bcf3367"
23:04:58.720 [debug] Listener received notification on channel "event_store.events" with payload: "019cfe0b-9855-7c08-a357-d4047bcf3367,6567,2,2"
23:04:58.720 [debug] Listener received notification on channel "event_store.events" with payload: "$all,0,9125,9125"
23:04:58.720 [debug] Nexus.Treasury.Aggregates.Transfer<019cfe0b-9855-7c08-a357-d4047bcf3367@2> received events: [%Commanded.EventStore.RecordedEvent{event_id: "0812c1c5-b14c-4035-ae0b-c1e74d8cd971", event_number: 2, stream_id: "019cfe0b-9855-7c08-a357-d4047bcf3367", stream_version: 2, causation_id: "ddcc7769-983c-447d-a8cf-9691c86adaeb", correlation_id: "2edc4a0a-dd3d-45e1-93d5-b282e47767bd", event_type: "Elixir.Nexus.Treasury.Events.TransferExecuted", data: %Nexus.Treasury.Events.TransferExecuted{transfer_id: "019cfe0b-9855-7c08-a357-d4047bcf3367", org_id: "019cfe0b-980c-7e73-9bb1-c5f32c2890a8", amount: "100", from_currency: "EUR", to_currency: "USD", recipient_data: nil, executed_at: "2026-03-17T23:04:58.716334Z"}, created_at: ~U[2026-03-17 23:04:58.717923Z], metadata: %{"causation_id" => "019cfe0b-985c-7b14-bd67-3821e6a95845", "correlation_id" => "019cfe0b-985c-7b14-bd67-3821e6a95845"}}]
23:04:58.721 [debug] Listener received notification on channel "event_store.events" with payload: "TransferHardeningTest.PM-019cfe0b-980c-72d9-bae3-9ce7ac71335f,6568,1,1"
23:04:58.721 [debug] Appended 1 event(s) to stream "TransferHardeningTest.PM-019cfe0b-980c-72d9-bae3-9ce7ac71335f"
23:04:58.721 [debug] Listener received notification on channel "event_store.events" with payload: "$all,0,9126,9126"
23:04:58.721 [debug] Subscription "9dc95676-8a30-4ab6-a4a5-5fc29b0b7cea"@"$all" attempting to connect subscriber #PID<0.1039.0>
23:04:58.721 [debug] Attempting to create subscription on stream "$all" named "9dc95676-8a30-4ab6-a4a5-5fc29b0b7cea" starting from #0
23:04:58.721 [debug] Created subscription on stream "$all" named "9dc95676-8a30-4ab6-a4a5-5fc29b0b7cea"
23:04:58.722 [debug] Subscription "9dc95676-8a30-4ab6-a4a5-5fc29b0b7cea"@"$all" catching-up
23:04:59.192 [debug] Subscription "9dc95676-8a30-4ab6-a4a5-5fc29b0b7cea"@"$all" has no subscribers, shutting down
23:04:59.193 [debug] Attempting to delete subscription on stream "$all" named "9dc95676-8a30-4ab6-a4a5-5fc29b0b7cea"
23:04:59.193 [debug] Deleted subscription to stream "$all" named "9dc95676-8a30-4ab6-a4a5-5fc29b0b7cea"
23:04:59.193 [debug] Subscription "5495dce3-17ea-49d6-8c12-c66654d7f6ea"@"$all" attempting to connect subscriber #PID<0.1039.0>
23:04:59.193 [debug] Attempting to create subscription on stream "$all" named "5495dce3-17ea-49d6-8c12-c66654d7f6ea" starting from #0
23:04:59.194 [debug] Created subscription on stream "$all" named "5495dce3-17ea-49d6-8c12-c66654d7f6ea"
23:04:59.194 [debug] Subscription "5495dce3-17ea-49d6-8c12-c66654d7f6ea"@"$all" catching-up
23:04:59.673 [debug] Subscription "5495dce3-17ea-49d6-8c12-c66654d7f6ea"@"$all" has no subscribers, shutting down
23:04:59.674 [debug] Attempting to delete subscription on stream "$all" named "5495dce3-17ea-49d6-8c12-c66654d7f6ea"
23:04:59.675 [debug] Deleted subscription to stream "$all" named "5495dce3-17ea-49d6-8c12-c66654d7f6ea"
.23:04:59.675 [debug] Locating aggregate process for `Nexus.Identity.Aggregates.User` with UUID "019cfe0b-9c1b-773f-b888-d6e9eeb49113"
23:04:59.676 [debug] Nexus.Identity.Aggregates.User<019cfe0b-9c1b-773f-b888-d6e9eeb49113@0> executing command: %Nexus.Identity.Commands.RegisterUser{user_id: "019cfe0b-9c1b-773f-b888-d6e9eeb49113", org_id: "019cfe0b-9c1b-7840-8aad-df5e1bb839a5", email: "test_019cfe0b-9c1b-773f-b888-d6e9eeb49113@nexus.ai", cose_key: "test_key_019cfe0b-9c1b-773f-b888-d6e9eeb49113", credential_id: "test_cred_019cfe0b-9c1b-773f-b888-d6e9eeb49113", role: "admin", display_name: "Test User", registered_at: ~U[2026-03-17 23:04:59.675445Z]}
23:04:59.677 [debug] Appended 1 event(s) to stream "019cfe0b-9c1b-773f-b888-d6e9eeb49113"
23:04:59.678 [debug] Subscription "a4cb6632-2845-481c-80d8-325ac79d8dbc"@"$all" attempting to connect subscriber #PID<0.1048.0>
23:04:59.678 [debug] Listener received notification on channel "event_store.events" with payload: "019cfe0b-9c1b-773f-b888-d6e9eeb49113,6569,1,1"
23:04:59.678 [debug] Listener received notification on channel "event_store.events" with payload: "$all,0,9127,9127"
23:04:59.678 [debug] Attempting to create subscription on stream "$all" named "a4cb6632-2845-481c-80d8-325ac79d8dbc" starting from #0
23:04:59.679 [debug] Created subscription on stream "$all" named "a4cb6632-2845-481c-80d8-325ac79d8dbc"
23:04:59.679 [debug] Nexus.Identity.Aggregates.User<019cfe0b-9c1b-773f-b888-d6e9eeb49113@1> received events: [%Commanded.EventStore.RecordedEvent{event_id: "9709aa52-ffd5-498b-9016-2d258444dfd9", event_number: 1, stream_id: "019cfe0b-9c1b-773f-b888-d6e9eeb49113", stream_version: 1, causation_id: "241bad3a-3ee9-4505-a679-711589735a2e", correlation_id: "56af21c1-8e0c-4a5a-bb26-deddd7ff5616", event_type: "Elixir.Nexus.Identity.Events.UserRegistered", data: %Nexus.Identity.Events.UserRegistered{user_id: "019cfe0b-9c1b-773f-b888-d6e9eeb49113", org_id: "019cfe0b-9c1b-7840-8aad-df5e1bb839a5", email: "test_019cfe0b-9c1b-773f-b888-d6e9eeb49113@nexus.ai", role: "admin", cose_key: "test_key_019cfe0b-9c1b-773f-b888-d6e9eeb49113", credential_id: "test_cred_019cfe0b-9c1b-773f-b888-d6e9eeb49113", registered_at: "2026-03-17T23:04:59.675445Z", display_name: "Test User", status: "active"}, created_at: ~U[2026-03-17 23:04:59.677019Z], metadata: %{"causation_id" => "019cfe0b-9c1b-717d-a2b6-1d23a8887c49", "correlation_id" => "019cfe0b-9c1b-717d-a2b6-1d23a8887c49"}}]
23:04:59.683 [debug] Subscription "a4cb6632-2845-481c-80d8-325ac79d8dbc"@"$all" catching-up
23:04:59.716 [debug] Subscription "a4cb6632-2845-481c-80d8-325ac79d8dbc"@"$all" received 1 event(s)
23:04:59.746 [debug] Subscription "a4cb6632-2845-481c-80d8-325ac79d8dbc"@"$all" has no subscribers, shutting down
23:04:59.746 [debug] Attempting to delete subscription on stream "$all" named "a4cb6632-2845-481c-80d8-325ac79d8dbc"
23:04:59.747 [debug] Deleted subscription to stream "$all" named "a4cb6632-2845-481c-80d8-325ac79d8dbc"
23:04:59.747 [debug] Locating aggregate process for `Nexus.Treasury.Aggregates.Transfer` with UUID "019cfe0b-9c63-728b-b16c-ee83a98539e8"
23:04:59.747 [debug] Nexus.Treasury.Aggregates.Transfer<019cfe0b-9c63-728b-b16c-ee83a98539e8@0> executing command: %Nexus.Treasury.Commands.RequestTransfer{transfer_id: "019cfe0b-9c63-728b-b16c-ee83a98539e8", org_id: "019cfe0b-9c1b-7840-8aad-df5e1bb839a5", user_id: "019cfe0b-9c1b-773f-b888-d6e9eeb49113", from_currency: "EUR", to_currency: "USD", amount: "5000000", threshold: "1000000", bulk_payment_id: nil, recipient_data: nil, requested_at: ~U[2026-03-17 23:04:59.747125Z]}
23:04:59.748 [debug] Appended 1 event(s) to stream "019cfe0b-9c63-728b-b16c-ee83a98539e8"
23:04:59.748 [debug] Listener received notification on channel "event_store.events" with payload: "019cfe0b-9c63-728b-b16c-ee83a98539e8,6570,1,1"
23:04:59.748 [debug] Listener received notification on channel "event_store.events" with payload: "$all,0,9128,9128"
23:04:59.749 [debug] Nexus.Treasury.Aggregates.Transfer<019cfe0b-9c63-728b-b16c-ee83a98539e8@1> received events: [%Commanded.EventStore.RecordedEvent{event_id: "6edee3e5-2533-4827-8c2e-e2fafdb5c98d", event_number: 1, stream_id: "019cfe0b-9c63-728b-b16c-ee83a98539e8", stream_version: 1, causation_id: "e2105c26-b9ec-40eb-9835-565c288affa3", correlation_id: "53a8738b-facd-4a04-b167-dadc17126edc", event_type: "Elixir.Nexus.Treasury.Events.TransferInitiated", data: %Nexus.Treasury.Events.TransferInitiated{transfer_id: "019cfe0b-9c63-728b-b16c-ee83a98539e8", org_id: "019cfe0b-9c1b-7840-8aad-df5e1bb839a5", user_id: "019cfe0b-9c1b-773f-b888-d6e9eeb49113", from_currency: "EUR", to_currency: "USD", amount: "5000000", status: "pending_authorization", bulk_payment_id: nil, recipient_data: nil, requested_at: "2026-03-17T23:04:59.747125Z"}, created_at: ~U[2026-03-17 23:04:59.747703Z], metadata: %{"causation_id" => "019cfe0b-9c63-7805-9761-2340b4ca5443", "correlation_id" => "019cfe0b-9c63-7805-9761-2340b4ca5443"}}]
23:04:59.752 [debug] Appended 1 event(s) to stream "TransferHardeningTest.PM-019cfe0b-9c1b-773f-b888-d6e9eeb49113"
23:04:59.752 [debug] Subscription "db5d8bc0-7610-4738-b46b-ab919e97d5e1"@"$all" attempting to connect subscriber #PID<0.1048.0>
23:04:59.753 [debug] Listener received notification on channel "event_store.events" with payload: "TransferHardeningTest.PM-019cfe0b-9c1b-773f-b888-d6e9eeb49113,6571,1,1"
23:04:59.753 [debug] Listener received notification on channel "event_store.events" with payload: "$all,0,9129,9129"
23:04:59.754 [debug] Attempting to create subscription on stream "$all" named "db5d8bc0-7610-4738-b46b-ab919e97d5e1" starting from #0
23:04:59.754 [debug] Created subscription on stream "$all" named "db5d8bc0-7610-4738-b46b-ab919e97d5e1"
23:04:59.755 [debug] Subscription "db5d8bc0-7610-4738-b46b-ab919e97d5e1"@"$all" catching-up
23:04:59.789 [debug] Subscription "db5d8bc0-7610-4738-b46b-ab919e97d5e1"@"$all" received 1 event(s)
23:05:00.360 [debug] Subscription "db5d8bc0-7610-4738-b46b-ab919e97d5e1"@"$all" has no subscribers, shutting down
23:05:00.360 [debug] Attempting to delete subscription on stream "$all" named "db5d8bc0-7610-4738-b46b-ab919e97d5e1"
23:05:00.361 [debug] Deleted subscription to stream "$all" named "db5d8bc0-7610-4738-b46b-ab919e97d5e1"
23:05:00.361 [debug] Locating aggregate process for `Nexus.Identity.Aggregates.User` with UUID "019cfe0b-9c1b-773f-b888-d6e9eeb49113"
23:05:00.361 [debug] Nexus.Identity.Aggregates.User<019cfe0b-9c1b-773f-b888-d6e9eeb49113@1> executing command: %Nexus.Identity.Commands.VerifyStepUp{user_id: "019cfe0b-9c1b-773f-b888-d6e9eeb49113", org_id: "019cfe0b-9c1b-7840-8aad-df5e1bb839a5", challenge_id: "test_challenge", action_id: "019cfe0b-9c63-728b-b16c-ee83a98539e8", verified_at: ~U[2026-03-17 23:05:00.361013Z]}
23:05:00.363 [debug] Appended 1 event(s) to stream "019cfe0b-9c1b-773f-b888-d6e9eeb49113"
23:05:00.363 [debug] Listener received notification on channel "event_store.events" with payload: "019cfe0b-9c1b-773f-b888-d6e9eeb49113,6569,2,2"
23:05:00.363 [debug] Listener received notification on channel "event_store.events" with payload: "$all,0,9130,9130"
23:05:00.364 [debug] Nexus.Identity.Aggregates.User<019cfe0b-9c1b-773f-b888-d6e9eeb49113@2> received events: [%Commanded.EventStore.RecordedEvent{event_id: "02bc6b12-2a14-4656-bec9-127850e7bce0", event_number: 2, stream_id: "019cfe0b-9c1b-773f-b888-d6e9eeb49113", stream_version: 2, causation_id: "7bb967fd-88b6-4522-9b33-90f54c29e83d", correlation_id: "18d6c1a1-56b1-4f84-8f4c-9d9e81c8d307", event_type: "Elixir.Nexus.Identity.Events.StepUpVerified", data: %Nexus.Identity.Events.StepUpVerified{user_id: "019cfe0b-9c1b-773f-b888-d6e9eeb49113", org_id: "019cfe0b-9c1b-7840-8aad-df5e1bb839a5", action_id: "019cfe0b-9c63-728b-b16c-ee83a98539e8", verified_at: "2026-03-17T23:05:00.361013Z"}, created_at: ~U[2026-03-17 23:05:00.361393Z], metadata: %{"causation_id" => "019cfe0b-9ec9-76bd-a746-622fa1b4d5fd", "correlation_id" => "019cfe0b-9ec9-76bd-a746-622fa1b4d5fd"}}]
23:05:00.364 [debug] Locating aggregate process for `Nexus.Treasury.Aggregates.Transfer` with UUID "019cfe0b-9c63-728b-b16c-ee83a98539e8"
23:05:00.365 [debug] Nexus.Treasury.Aggregates.Transfer<019cfe0b-9c63-728b-b16c-ee83a98539e8@1> executing command: %Nexus.Treasury.Commands.AuthorizeTransfer{transfer_id: "019cfe0b-9c63-728b-b16c-ee83a98539e8", org_id: "019cfe0b-9c1b-7840-8aad-df5e1bb839a5", user_id: nil, actor_email: "verified-user@nexus.ai", authorized_at: "2026-03-17T23:05:00.361013Z"}
23:05:00.368 [debug] Appended 1 event(s) to stream "019cfe0b-9c63-728b-b16c-ee83a98539e8"
23:05:00.368 [debug] Listener received notification on channel "event_store.events" with payload: "019cfe0b-9c63-728b-b16c-ee83a98539e8,6570,2,2"
23:05:00.368 [debug] Listener received notification on channel "event_store.events" with payload: "$all,0,9131,9131"
23:05:00.368 [debug] Nexus.Treasury.Aggregates.Transfer<019cfe0b-9c63-728b-b16c-ee83a98539e8@2> received events: [%Commanded.EventStore.RecordedEvent{event_id: "09d86915-af0e-4ff5-b7d2-38465f6c391c", event_number: 2, stream_id: "019cfe0b-9c63-728b-b16c-ee83a98539e8", stream_version: 2, causation_id: "7c92e900-b067-423f-a85a-4a4b692dccb1", correlation_id: "11173cf0-e604-4f48-883f-386ae42668c1", event_type: "Elixir.Nexus.Treasury.Events.TransferAuthorized", data: %Nexus.Treasury.Events.TransferAuthorized{transfer_id: "019cfe0b-9c63-728b-b16c-ee83a98539e8", org_id: "019cfe0b-9c1b-7840-8aad-df5e1bb839a5", user_id: nil, actor_email: nil, authorized_at: "2026-03-17T23:05:00.361013Z"}, created_at: ~U[2026-03-17 23:05:00.366224Z], metadata: %{"causation_id" => "019cfe0b-9ecc-7887-bec1-ae89e514591b", "correlation_id" => "019cfe0b-9ecc-7887-bec1-ae89e514591b"}}]
23:05:00.369 [debug] Appended 1 event(s) to stream "TransferHardeningTest.PM-019cfe0b-9c1b-773f-b888-d6e9eeb49113"
23:05:00.369 [debug] Listener received notification on channel "event_store.events" with payload: "TransferHardeningTest.PM-019cfe0b-9c1b-773f-b888-d6e9eeb49113,6571,2,2"
23:05:00.369 [debug] Listener received notification on channel "event_store.events" with payload: "$all,0,9132,9132"
23:05:00.370 [debug] Appended 1 event(s) to stream "TransferHardeningTest.PM-019cfe0b-9c1b-773f-b888-d6e9eeb49113"
23:05:00.370 [debug] Listener received notification on channel "event_store.events" with payload: "TransferHardeningTest.PM-019cfe0b-9c1b-773f-b888-d6e9eeb49113,6571,3,3"
23:05:00.370 [debug] Listener received notification on channel "event_store.events" with payload: "$all,0,9133,9133"
23:05:00.371 [debug] Locating aggregate process for `Nexus.Treasury.Aggregates.Transfer` with UUID "019cfe0b-9c63-728b-b16c-ee83a98539e8"
23:05:00.371 [debug] Nexus.Treasury.Aggregates.Transfer<019cfe0b-9c63-728b-b16c-ee83a98539e8@2> executing command: %Nexus.Treasury.Commands.ExecuteTransfer{transfer_id: "019cfe0b-9c63-728b-b16c-ee83a98539e8", org_id: "019cfe0b-9c1b-7840-8aad-df5e1bb839a5", executed_at: ~U[2026-03-17 23:05:00.371282Z]}
23:05:00.372 [debug] Appended 1 event(s) to stream "019cfe0b-9c63-728b-b16c-ee83a98539e8"
23:05:00.372 [debug] Listener received notification on channel "event_store.events" with payload: "019cfe0b-9c63-728b-b16c-ee83a98539e8,6570,3,3"
23:05:00.372 [debug] Listener received notification on channel "event_store.events" with payload: "$all,0,9134,9134"
23:05:00.372 [debug] Nexus.Treasury.Aggregates.Transfer<019cfe0b-9c63-728b-b16c-ee83a98539e8@3> received events: [%Commanded.EventStore.RecordedEvent{event_id: "f77b2b91-844a-443e-9092-b0c4e2fd5d4f", event_number: 3, stream_id: "019cfe0b-9c63-728b-b16c-ee83a98539e8", stream_version: 3, causation_id: "5972202a-3502-4ebc-87c4-61dcf2939ec4", correlation_id: "577528ae-9dc3-45f1-9143-12b4244c8fe9", event_type: "Elixir.Nexus.Treasury.Events.TransferExecuted", data: %Nexus.Treasury.Events.TransferExecuted{transfer_id: "019cfe0b-9c63-728b-b16c-ee83a98539e8", org_id: "019cfe0b-9c1b-7840-8aad-df5e1bb839a5", amount: "5000000", from_currency: "EUR", to_currency: "USD", recipient_data: nil, executed_at: "2026-03-17T23:05:00.371282Z"}, created_at: ~U[2026-03-17 23:05:00.371613Z], metadata: %{"causation_id" => "019cfe0b-9ed3-7eec-9de0-d165b0895f38", "correlation_id" => "019cfe0b-9ed3-7eec-9de0-d165b0895f38"}}]
23:05:00.373 [debug] Appended 1 event(s) to stream "TransferHardeningTest.PM-019cfe0b-9c1b-773f-b888-d6e9eeb49113"
23:05:00.373 [debug] Listener received notification on channel "event_store.events" with payload: "TransferHardeningTest.PM-019cfe0b-9c1b-773f-b888-d6e9eeb49113,6571,4,4"
23:05:00.373 [debug] Listener received notification on channel "event_store.events" with payload: "$all,0,9135,9135"
23:05:00.373 [debug] Subscription "8ed3aedd-b989-4bdd-ad00-59a005f52e2c"@"$all" attempting to connect subscriber #PID<0.1048.0>
23:05:00.373 [debug] Attempting to create subscription on stream "$all" named "8ed3aedd-b989-4bdd-ad00-59a005f52e2c" starting from #0
23:05:00.373 [debug] Created subscription on stream "$all" named "8ed3aedd-b989-4bdd-ad00-59a005f52e2c"
23:05:00.373 [debug] Subscription "8ed3aedd-b989-4bdd-ad00-59a005f52e2c"@"$all" catching-up
23:05:00.883 [debug] Subscription "8ed3aedd-b989-4bdd-ad00-59a005f52e2c"@"$all" has no subscribers, shutting down
23:05:00.883 [debug] Attempting to delete subscription on stream "$all" named "8ed3aedd-b989-4bdd-ad00-59a005f52e2c"
23:05:00.884 [debug] Deleted subscription to stream "$all" named "8ed3aedd-b989-4bdd-ad00-59a005f52e2c"
23:05:00.884 [debug] Subscription "2c04c8f4-136e-4990-b1b0-f76a1587fb4e"@"$all" attempting to connect subscriber #PID<0.1048.0>
23:05:00.884 [debug] Attempting to create subscription on stream "$all" named "2c04c8f4-136e-4990-b1b0-f76a1587fb4e" starting from #0
23:05:00.884 [debug] Created subscription on stream "$all" named "2c04c8f4-136e-4990-b1b0-f76a1587fb4e"
23:05:00.885 [debug] Subscription "2c04c8f4-136e-4990-b1b0-f76a1587fb4e"@"$all" catching-up
23:05:01.329 [debug] Subscription "2c04c8f4-136e-4990-b1b0-f76a1587fb4e"@"$all" has no subscribers, shutting down
23:05:01.329 [debug] Attempting to delete subscription on stream "$all" named "2c04c8f4-136e-4990-b1b0-f76a1587fb4e"
23:05:01.329 [debug] Deleted subscription to stream "$all" named "2c04c8f4-136e-4990-b1b0-f76a1587fb4e"
.23:05:01.332 [debug] QUERY OK source="treasury_liquidity_positions" db=0.3ms queue=0.1ms
DELETE FROM "treasury_liquidity_positions" AS t0 WHERE (t0."org_id" = $1) ["e3763b14-bcaa-4209-83ab-1ae17d3e9f29"]
23:05:01.333 [debug] QUERY OK source="treasury_exposure_snapshots" db=0.3ms queue=0.2ms
DELETE FROM "treasury_exposure_snapshots" AS t0 WHERE (t0."org_id" = $1) ["e3763b14-bcaa-4209-83ab-1ae17d3e9f29"]
23:05:01.333 [debug] QUERY OK source="treasury_exposure_snapshots" db=0.2ms queue=0.1ms
INSERT INTO "treasury_exposure_snapshots" ("id","currency","org_id","exposure_amount","subsidiary","calculated_at","created_at","updated_at") VALUES ($1,$2,$3,$4,$5,$6,$7,$8) ["TestSub-EUR", "EUR", "e3763b14-bcaa-4209-83ab-1ae17d3e9f29", Decimal.new("1000000"), "TestSub", ~U[2026-03-17 23:05:01.333066Z], ~U[2026-03-17 23:05:01.333092Z], ~U[2026-03-17 23:05:01.333092Z]]
23:05:01.336 [debug] QUERY OK source="treasury_policies" db=0.3ms queue=0.1ms
SELECT t0."id", t0."org_id", t0."transfer_threshold", t0."mode", t0."reporting_currency", t0."mode_thresholds", t0."created_at", t0."updated_at" FROM "treasury_policies" AS t0 WHERE (t0."org_id" = $1) ["e3763b14-bcaa-4209-83ab-1ae17d3e9f29"]
23:05:01.338 [debug] QUERY OK source="treasury_exposure_snapshots" db=0.1ms queue=0.1ms
SELECT t0."id", t0."org_id", t0."subsidiary", t0."currency", t0."exposure_amount", t0."calculated_at", t0."created_at", t0."updated_at" FROM "treasury_exposure_snapshots" AS t0 WHERE (t0."org_id" = $1) ["e3763b14-bcaa-4209-83ab-1ae17d3e9f29"]
23:05:01.339 [debug] QUERY OK source="treasury_liquidity_positions" db=0.1ms queue=0.1ms
SELECT t0."id", t0."org_id", t0."currency", t0."amount", t0."created_at", t0."updated_at" FROM "treasury_liquidity_positions" AS t0 WHERE (t0."org_id" = $1) ["e3763b14-bcaa-4209-83ab-1ae17d3e9f29"]
23:05:01.342 [debug] QUERY OK db=0.0ms
begin []
23:05:01.342 [debug] QUERY OK source="projection_versions" db=0.1ms
INSERT INTO "projection_versions" AS p0 ("projection_name","last_seen_event_number","inserted_at","updated_at") VALUES ($1,$2,$3,$4) ON CONFLICT ("projection_name") DO UPDATE SET "last_seen_event_number" = $5 WHERE ((p0."projection_name" = $6) AND (p0."last_seen_event_number" < $7)) ["Treasury.LiquidityProjector", 1, ~N[2026-03-17 23:05:01.342088], ~N[2026-03-17 23:05:01.342088], 1, "Treasury.LiquidityProjector", 1]
23:05:01.344 [debug] QUERY OK source="treasury_liquidity_positions" db=0.1ms
INSERT INTO "treasury_liquidity_positions" AS t0 ("id","currency","amount","org_id","created_at","updated_at") VALUES ($1,$2,$3,$4,$5,$6) ON CONFLICT ("id") DO UPDATE SET "amount" = t0."amount" + $7 ["e3763b14-bcaa-4209-83ab-1ae17d3e9f29-EUR", "EUR", Decimal.new("-400000"), "e3763b14-bcaa-4209-83ab-1ae17d3e9f29", ~U[2026-03-17 23:05:01.342380Z], ~U[2026-03-17 23:05:01.342380Z], Decimal.new("-400000")]
23:05:01.344 [debug] QUERY OK source="treasury_liquidity_positions" db=0.0ms
INSERT INTO "treasury_liquidity_positions" AS t0 ("id","currency","amount","org_id","created_at","updated_at") VALUES ($1,$2,$3,$4,$5,$6) ON CONFLICT ("id") DO UPDATE SET "amount" = t0."amount" + $7 ["e3763b14-bcaa-4209-83ab-1ae17d3e9f29-USD", "USD", Decimal.new("400000"), "e3763b14-bcaa-4209-83ab-1ae17d3e9f29", ~U[2026-03-17 23:05:01.344186Z], ~U[2026-03-17 23:05:01.344186Z], Decimal.new("400000")]
23:05:01.344 [debug] QUERY OK db=0.0ms
commit []
23:05:01.344 [debug] QUERY OK source="treasury_liquidity_positions" db=0.0ms queue=0.1ms
SELECT t0."id", t0."org_id", t0."currency", t0."amount", t0."created_at", t0."updated_at" FROM "treasury_liquidity_positions" AS t0 WHERE (t0."id" = $1) ["e3763b14-bcaa-4209-83ab-1ae17d3e9f29-EUR"]
23:05:01.344 [debug] QUERY OK source="treasury_liquidity_positions" db=0.0ms
SELECT t0."id", t0."org_id", t0."currency", t0."amount", t0."created_at", t0."updated_at" FROM "treasury_liquidity_positions" AS t0 WHERE (t0."id" = $1) ["e3763b14-bcaa-4209-83ab-1ae17d3e9f29-USD"]
23:05:01.345 [debug] QUERY OK source="treasury_policies" db=0.0ms
SELECT t0."id", t0."org_id", t0."transfer_threshold", t0."mode", t0."reporting_currency", t0."mode_thresholds", t0."created_at", t0."updated_at" FROM "treasury_policies" AS t0 WHERE (t0."org_id" = $1) ["e3763b14-bcaa-4209-83ab-1ae17d3e9f29"]
23:05:01.345 [debug] QUERY OK source="treasury_exposure_snapshots" db=0.0ms
SELECT t0."id", t0."org_id", t0."subsidiary", t0."currency", t0."exposure_amount", t0."calculated_at", t0."created_at", t0."updated_at" FROM "treasury_exposure_snapshots" AS t0 WHERE (t0."org_id" = $1) ["e3763b14-bcaa-4209-83ab-1ae17d3e9f29"]
23:05:01.345 [debug] QUERY OK source="treasury_liquidity_positions" db=0.0ms
SELECT t0."id", t0."org_id", t0."currency", t0."amount", t0."created_at", t0."updated_at" FROM "treasury_liquidity_positions" AS t0 WHERE (t0."org_id" = $1) ["e3763b14-bcaa-4209-83ab-1ae17d3e9f29"]
.23:05:01.345 [debug] Locating aggregate process for `Nexus.Identity.Aggregates.User` with UUID "019cfe0b-a2a1-7f39-9bb3-44746559e73d"
23:05:01.346 [debug] Nexus.Identity.Aggregates.User<019cfe0b-a2a1-7f39-9bb3-44746559e73d@0> executing command: %Nexus.Identity.Commands.RegisterSystemAdmin{user_id: "019cfe0b-a2a1-7f39-9bb3-44746559e73d", org_id: "019cfe0b-a2a1-77dd-a304-19498dc53595", email: "test@example.com", display_name: "Test User", registered_at: ~U[2026-03-17 23:05:01.345712Z]}
23:05:01.347 [debug] Appended 1 event(s) to stream "019cfe0b-a2a1-7f39-9bb3-44746559e73d"
23:05:01.347 [debug] Listener received notification on channel "event_store.events" with payload: "019cfe0b-a2a1-7f39-9bb3-44746559e73d,6572,1,1"
23:05:01.347 [debug] Listener received notification on channel "event_store.events" with payload: "$all,0,9136,9136"
23:05:01.347 [info] 		[36mGiven [32mI am logged in as a "treasury_admin"
23:05:01.347 [info] 		[36mGiven [32mthe currency pair is "EUR/USD"
23:05:01.347 [debug] Locating aggregate process for `Nexus.Treasury.Aggregates.Transfer` with UUID "TX-123"
23:05:01.347 [debug] Nexus.Identity.Aggregates.User<019cfe0b-a2a1-7f39-9bb3-44746559e73d@1> received events: [%Commanded.EventStore.RecordedEvent{event_id: "e988ebb5-54d2-4582-b43f-05e34bf14903", event_number: 1, stream_id: "019cfe0b-a2a1-7f39-9bb3-44746559e73d", stream_version: 1, causation_id: "ecf84349-152c-46ed-9cee-4f7501d7a21b", correlation_id: "d3b4e4ca-e71c-43de-a4ce-7c34cc241f5c", event_type: "Elixir.Nexus.Identity.Events.UserRegistered", data: %Nexus.Identity.Events.UserRegistered{user_id: "019cfe0b-a2a1-7f39-9bb3-44746559e73d", org_id: "019cfe0b-a2a1-77dd-a304-19498dc53595", email: "test@example.com", role: "system_admin", cose_key: "Ym9vdHN0cmFwX2Nvc2Vfa2V5", credential_id: "Ym9vdHN0cmFwX2NyZWRlbnRpYWxfaWQ=", registered_at: "2026-03-17T23:05:01.345712Z", display_name: "Test User", status: "active"}, created_at: ~U[2026-03-17 23:05:01.346464Z], metadata: %{"causation_id" => "019cfe0b-a2a1-7f3a-8d9d-90f5ec1e2fbf", "correlation_id" => "019cfe0b-a2a1-7f3a-8d9d-90f5ec1e2fbf"}}]
23:05:01.350 [debug] Nexus.Treasury.Aggregates.Transfer<TX-123@1> executing command: %Nexus.Treasury.Commands.RequestTransfer{transfer_id: "TX-123", org_id: "019cfe0b-a2a1-77dd-a304-19498dc53595", user_id: "019cfe0b-a2a1-7f39-9bb3-44746559e73d", from_currency: "EUR", to_currency: "USD", amount: "5000000", threshold: nil, bulk_payment_id: nil, recipient_data: nil, requested_at: ~U[2026-03-17 23:05:01.347323Z]}
23:05:01.350 [info] 		[36mWhen [32mI attempt to initiate a high-value transfer of "5000000"
23:05:01.350 [info] 		[36mThen [32mI should be prompted for step-up biometric verification
23:05:01.350 [info] 		[36mThen [32mthe transfer should not be recorded yet
.23:05:01.351 [debug] Locating aggregate process for `Nexus.Identity.Aggregates.User` with UUID "019cfe0b-a2a7-7784-98fe-5600c3b013b6"
23:05:01.351 [debug] Nexus.Identity.Aggregates.User<019cfe0b-a2a7-7784-98fe-5600c3b013b6@0> executing command: %Nexus.Identity.Commands.RegisterSystemAdmin{user_id: "019cfe0b-a2a7-7784-98fe-5600c3b013b6", org_id: "019cfe0b-a2a7-71de-8625-b341cd019b17", email: "test@example.com", display_name: "Test User", registered_at: ~U[2026-03-17 23:05:01.351147Z]}
23:05:01.352 [debug] Appended 1 event(s) to stream "019cfe0b-a2a7-7784-98fe-5600c3b013b6"
23:05:01.352 [debug] Listener received notification on channel "event_store.events" with payload: "019cfe0b-a2a7-7784-98fe-5600c3b013b6,6573,1,1"
23:05:01.352 [info] 		[36mGiven [32mI am at the step-up verification prompt
23:05:01.352 [debug] Listener received notification on channel "event_store.events" with payload: "$all,0,9137,9137"
23:05:01.352 [debug] [Identity] Challenge stored for session step_up_019cfe0b-a2a7-7784-98fe-5600c3b013b6 (expires at 2026-03-17 23:15:01.352202Z)
23:05:01.352 [debug] Locating aggregate process for `Nexus.Identity.Aggregates.User` with UUID "019cfe0b-a2a7-7784-98fe-5600c3b013b6"
23:05:01.352 [debug] Nexus.Identity.Aggregates.User<019cfe0b-a2a7-7784-98fe-5600c3b013b6@1> executing command: %Nexus.Identity.Commands.VerifyStepUp{user_id: "019cfe0b-a2a7-7784-98fe-5600c3b013b6", org_id: "019cfe0b-a2a7-71de-8625-b341cd019b17", challenge_id: "step_up_019cfe0b-a2a7-7784-98fe-5600c3b013b6", action_id: "TX-123", verified_at: ~U[2026-03-17 23:05:01.352218Z]}
23:05:01.352 [debug] Appended 1 event(s) to stream "019cfe0b-a2a7-7784-98fe-5600c3b013b6"
23:05:01.352 [debug] Listener received notification on channel "event_store.events" with payload: "019cfe0b-a2a7-7784-98fe-5600c3b013b6,6573,2,2"
.23:05:01.353 [debug] Listener received notification on channel "event_store.events" with payload: "$all,0,9138,9138"
23:05:01.353 [info] 		[36mWhen [32mI provide a valid biometric signature
23:05:01.353 [debug] Nexus.Identity.Aggregates.User<019cfe0b-a2a7-7784-98fe-5600c3b013b6@2> received events: [%Commanded.EventStore.RecordedEvent{event_id: "6a5568d1-6907-41a2-a84f-df015c60db63", event_number: 1, stream_id: "019cfe0b-a2a7-7784-98fe-5600c3b013b6", stream_version: 1, causation_id: "a61bd54d-b854-4e4d-a40a-2e6a4d2284a5", correlation_id: "8f83ef8b-cfa6-4d88-8de8-c83da0eabb28", event_type: "Elixir.Nexus.Identity.Events.UserRegistered", data: %Nexus.Identity.Events.UserRegistered{user_id: "019cfe0b-a2a7-7784-98fe-5600c3b013b6", org_id: "019cfe0b-a2a7-71de-8625-b341cd019b17", email: "test@example.com", role: "system_admin", cose_key: "Ym9vdHN0cmFwX2Nvc2Vfa2V5", credential_id: "Ym9vdHN0cmFwX2NyZWRlbnRpYWxfaWQ=", registered_at: "2026-03-17T23:05:01.351147Z", display_name: "Test User", status: "active"}, created_at: ~U[2026-03-17 23:05:01.351640Z], metadata: %{"causation_id" => "019cfe0b-a2a7-7d6f-9f0f-181c6dbac484", "correlation_id" => "019cfe0b-a2a7-7d6f-9f0f-181c6dbac484"}}]
23:05:01.353 [info] 		[36mThen [32mthe transfer should be successfully authorized
23:05:01.353 [info] 		[36mThen [32mI should see a success notification
23:05:01.353 [debug] Nexus.Identity.Aggregates.User<019cfe0b-a2a7-7784-98fe-5600c3b013b6@2> received events: [%Commanded.EventStore.RecordedEvent{event_id: "a7c260d6-40a9-4de0-bbd6-6bb30ee49748", event_number: 2, stream_id: "019cfe0b-a2a7-7784-98fe-5600c3b013b6", stream_version: 2, causation_id: "a0978d95-4b13-4353-adbb-a20a837d0d2c", correlation_id: "e10e9da1-213c-4561-a4d4-b3de5f35d880", event_type: "Elixir.Nexus.Identity.Events.StepUpVerified", data: %Nexus.Identity.Events.StepUpVerified{user_id: "019cfe0b-a2a7-7784-98fe-5600c3b013b6", org_id: "019cfe0b-a2a7-71de-8625-b341cd019b17", action_id: "TX-123", verified_at: "2026-03-17T23:05:01.352218Z"}, created_at: ~U[2026-03-17 23:05:01.352472Z], metadata: %{"causation_id" => "019cfe0b-a2a8-7ba6-a41c-109465e60325", "correlation_id" => "019cfe0b-a2a8-7ba6-a41c-109465e60325"}}]
23:05:01.353 [debug] QUERY OK source="reporting_control_metrics" db=0.2ms queue=0.1ms
DELETE FROM "reporting_control_metrics" AS r0 []
23:05:01.354 [debug] QUERY OK source="reporting_audit_logs" db=0.3ms queue=0.1ms
DELETE FROM "reporting_audit_logs" AS r0 []
23:05:01.355 [debug] QUERY OK source="projection_versions" db=0.1ms queue=0.1ms
DELETE FROM "projection_versions" AS p0 []
23:05:01.356 [debug] QUERY OK source="reporting_audit_logs" db=0.3ms queue=0.3ms
INSERT INTO "reporting_audit_logs" ("id","details","org_id","actor_email","event_type","correlation_id","recorded_at","created_at","updated_at") VALUES ($1,$2,$3,$4,$5,$6,$7,$8,$9) ["019cfe0b-a2ab-78b4-b850-74ec07741a8a", %{transfer_id: "TRF_123"}, "f5abfdc0-a023-410c-a02d-6a6fb7e93d74", "tester@nexus.ai", "transfer_initiated", "cd3a2192-3161-48c7-b9c2-8b03db1f8132", ~U[2026-03-17 23:05:01.355867Z], ~U[2026-03-17 23:05:01.355878Z], ~U[2026-03-17 23:05:01.355878Z]]
23:05:01.356 [info] 		[36mGiven [32ma transfer "TRF_123" was initiated and verified via biometric
23:05:01.356 [info] 		[36mWhen [32mI search for the correlation ID of "TRF_123"
23:05:01.357 [debug] QUERY OK source="reporting_audit_logs" db=0.2ms queue=0.2ms
SELECT r0."id", r0."event_type", r0."actor_email", r0."org_id", r0."tenant_name", r0."details", r0."correlation_id", r0."causation_id", r0."recorded_at", r0."created_at", r0."updated_at" FROM "reporting_audit_logs" AS r0 WHERE (r0."correlation_id" = $1) ["cd3a2192-3161-48c7-b9c2-8b03db1f8132"]
23:05:01.357 [info] 		[36mThen [32mI should see the complete "Chain of Custody" flow
.23:05:01.357 [info] 		[36mThen [32mevery event node should display a "Cryptographically Sealed" status
23:05:01.357 [debug] QUERY OK source="reporting_control_metrics" db=0.3ms
DELETE FROM "reporting_control_metrics" AS r0 []
23:05:01.358 [debug] QUERY OK source="reporting_audit_logs" db=0.3ms
DELETE FROM "reporting_audit_logs" AS r0 []
23:05:01.358 [debug] QUERY OK source="projection_versions" db=0.2ms
DELETE FROM "projection_versions" AS p0 []
23:05:01.358 [info] 		[36mGiven [32mthe organization "Corporate Ops" has active risk policies
23:05:01.358 [info] 		[36mGiven [32mno policy bypasses have occurred in the last 24 hours
23:05:01.359 [debug] QUERY OK source="reporting_control_metrics" db=0.3ms queue=0.2ms
INSERT INTO "reporting_control_metrics" ("id","score","org_id","metric_key","created_at","updated_at") VALUES ($1,$2,$3,$4,$5,$6) ["019cfe0b-a2ae-7117-8b00-8bcb8a44bd7c", Decimal.new("100"), "a4286688-1361-4375-82a4-f1ea18fe953b", "auth_integrity", ~U[2026-03-17 23:05:01.358991Z], ~U[2026-03-17 23:05:01.358991Z]]
23:05:01.359 [debug] QUERY OK source="reporting_control_metrics" db=0.1ms
INSERT INTO "reporting_control_metrics" ("id","metadata","score","org_id","metric_key","created_at","updated_at") VALUES ($1,$2,$3,$4,$5,$6,$7) ["019cfe0b-a2af-7d4c-96ea-2a7b9f91686c", %{status: "Healthy"}, Decimal.new("100"), "a4286688-1361-4375-82a4-f1ea18fe953b", "policy_drift", ~U[2026-03-17 23:05:01.359647Z], ~U[2026-03-17 23:05:01.359647Z]]
23:05:01.359 [info] 		[36mWhen [32mI view the compliance hub
23:05:01.360 [debug] QUERY OK source="reporting_control_metrics" db=0.3ms queue=0.3ms
SELECT r0."id", r0."org_id", r0."metric_key", r0."score", r0."metadata", r0."created_at", r0."updated_at" FROM "reporting_control_metrics" AS r0 WHERE ((r0."org_id" = $1) AND (r0."metric_key" = $2)) ["a4286688-1361-4375-82a4-f1ea18fe953b", "auth_integrity"]
23:05:01.360 [info] 		[36mThen [32mI should see the "Auth Integrity" gauge at "100%"
23:05:01.361 [debug] QUERY OK source="reporting_control_metrics" db=0.3ms
SELECT r0."id", r0."org_id", r0."metric_key", r0."score", r0."metadata", r0."created_at", r0."updated_at" FROM "reporting_control_metrics" AS r0 WHERE ((r0."org_id" = $1) AND (r0."metric_key" = $2)) ["a4286688-1361-4375-82a4-f1ea18fe953b", "policy_drift"]
.23:05:01.361 [info] 		[36mThen [32mthe "Drift Protection" gauge should be "Healthy"
23:05:01.362 [debug] QUERY OK source="reporting_control_metrics" db=0.3ms
DELETE FROM "reporting_control_metrics" AS r0 []
23:05:01.362 [debug] QUERY OK source="reporting_audit_logs" db=0.2ms
DELETE FROM "reporting_audit_logs" AS r0 []
23:05:01.362 [debug] QUERY OK source="projection_versions" db=0.1ms
DELETE FROM "projection_versions" AS p0 []
23:05:01.362 [info] 		[36mGiven [32ma user "trader@corp.com" has the "Trader" role
.23:05:01.362 [info] 		[36mGiven [32mthe same user "trader@corp.com" is assigned the "Admin" role
23:05:01.362 [info] 		[36mWhen [32mI view the Segregation of Duties matrix
23:05:01.362 [info] 		[36mThen [32mI should see a "Toxic Combination" alert for "Initiate + Approve"
23:05:01.362 [info] 		[36mThen [32mthe user "trader@corp.com" should be listed as a conflict
23:05:01.363 [debug] QUERY OK source="organization_tenants" db=0.1ms queue=0.1ms
DELETE FROM "organization_tenants" AS o0 []
23:05:01.365 [debug] QUERY OK source="organization_invitations" db=0.3ms queue=0.1ms
DELETE FROM "organization_invitations" AS o0 []
23:05:01.365 [debug] QUERY OK db=0.1ms
DELETE FROM projection_versions []
23:05:01.365 [debug] Locating aggregate process for `Nexus.Organization.Aggregates.Tenant` with UUID "53f283f9-d4e4-4f3a-832b-6a65599d89ee"
23:05:01.367 [debug] Nexus.Organization.Aggregates.Tenant<53f283f9-d4e4-4f3a-832b-6a65599d89ee@0> executing command: %Nexus.Organization.Commands.ProvisionTenant{org_id: "53f283f9-d4e4-4f3a-832b-6a65599d89ee", name: "Stark Industries-252eec88-787c-454c-be6d-60acb6eb54df", initial_admin_email: "elena@stark.com", provisioned_by: "sysadmin_test", provisioned_at: ~U[2026-03-17 23:05:01.365369Z]}
23:05:01.369 [debug] Appended 1 event(s) to stream "53f283f9-d4e4-4f3a-832b-6a65599d89ee"
23:05:01.369 [debug] Listener received notification on channel "event_store.events" with payload: "53f283f9-d4e4-4f3a-832b-6a65599d89ee,6574,1,1"
23:05:01.369 [debug] Listener received notification on channel "event_store.events" with payload: "$all,0,9139,9139"
23:05:01.370 [debug] Nexus.Organization.Aggregates.Tenant<53f283f9-d4e4-4f3a-832b-6a65599d89ee@1> received events: [%Commanded.EventStore.RecordedEvent{event_id: "02cdc170-58e7-432b-9393-b2f5b02e7ca5", event_number: 1, stream_id: "53f283f9-d4e4-4f3a-832b-6a65599d89ee", stream_version: 1, causation_id: "7ef1d5a7-2271-4b3f-ba58-3b54cc6f9e0e", correlation_id: "5a1a93d1-a314-4907-9db0-5d76dcdce36d", event_type: "Elixir.Nexus.Organization.Events.TenantProvisioned", data: %Nexus.Organization.Events.TenantProvisioned{org_id: "53f283f9-d4e4-4f3a-832b-6a65599d89ee", name: "Stark Industries-252eec88-787c-454c-be6d-60acb6eb54df", initial_admin_email: "elena@stark.com", provisioned_by: "sysadmin_test", provisioned_at: "2026-03-17T23:05:01.365369Z"}, created_at: ~U[2026-03-17 23:05:01.367484Z], metadata: %{"causation_id" => "019cfe0b-a2b5-7b9f-a7be-b9516e7e94f2", "correlation_id" => "019cfe0b-a2b5-7b9f-a7be-b9516e7e94f2"}}]
23:05:01.370 [debug] QUERY OK db=0.0ms
begin []
23:05:01.370 [debug] QUERY OK source="projection_versions" db=0.1ms
INSERT INTO "projection_versions" AS p0 ("projection_name","last_seen_event_number","inserted_at","updated_at") VALUES ($1,$2,$3,$4) ON CONFLICT ("projection_name") DO UPDATE SET "last_seen_event_number" = $5 WHERE ((p0."projection_name" = $6) AND (p0."last_seen_event_number" < $7)) ["Organization.TenantProjector", 1, ~N[2026-03-17 23:05:01.370442], ~N[2026-03-17 23:05:01.370442], 1, "Organization.TenantProjector", 1]
23:05:01.371 [debug] QUERY OK source="organization_tenants" db=0.2ms
INSERT INTO "organization_tenants" ("id","name","status","org_id","updated_at","initial_admin_email","created_at","modules_enabled") VALUES ($1,$2,$3,$4,$5,$6,$7,$8) ON CONFLICT ("id") DO NOTHING ["53f283f9-d4e4-4f3a-832b-6a65599d89ee", "Stark Industries-252eec88-787c-454c-be6d-60acb6eb54df", "active", "53f283f9-d4e4-4f3a-832b-6a65599d89ee", ~U[2026-03-17 23:05:01.370274Z], "elena@stark.com", ~U[2026-03-17 23:05:01.370272Z], []]
23:05:01.371 [debug] QUERY OK db=0.1ms
commit []
23:05:01.371 [info] 		[36mGiven [32ma tenant "Stark Industries" exists with id "org-123"
23:05:01.371 [info] 		[36mGiven [32man admin user "elena" exists in tenant "org-123"
23:05:01.371 [info] 		[36mGiven [32ma trader user "marcus@stark.com" already exists in tenant "org-123"
23:05:01.371 [debug] Locating aggregate process for `Nexus.Organization.Aggregates.Tenant` with UUID "53f283f9-d4e4-4f3a-832b-6a65599d89ee"
23:05:01.371 [debug] Nexus.Organization.Aggregates.Tenant<53f283f9-d4e4-4f3a-832b-6a65599d89ee@1> executing command: %Nexus.Organization.Commands.InviteUser{org_id: "53f283f9-d4e4-4f3a-832b-6a65599d89ee", email: "marcus@stark.com", role: "viewer", invited_by: "elena", invitation_token: "52e2e35e-8218-4362-9de4-593baaf2d74c", invited_at: ~U[2026-03-17 23:05:01.371701Z]}
23:05:01.373 [debug] Appended 1 event(s) to stream "53f283f9-d4e4-4f3a-832b-6a65599d89ee"
23:05:01.373 [debug] Listener received notification on channel "event_store.events" with payload: "53f283f9-d4e4-4f3a-832b-6a65599d89ee,6574,2,2"
23:05:01.373 [debug] Listener received notification on channel "event_store.events" with payload: "$all,0,9140,9140"
.23:05:01.373 [info] 		[36mWhen [32muser "elena" invites "marcus@stark.com" with role "viewer"
23:05:01.373 [info] 		[36mThen [32mthe command should be rejected with an email already registered error
23:05:01.374 [debug] Nexus.Organization.Aggregates.Tenant<53f283f9-d4e4-4f3a-832b-6a65599d89ee@2> received events: [%Commanded.EventStore.RecordedEvent{event_id: "06a342b1-8f84-4b3f-b418-804fa5b3e691", event_number: 2, stream_id: "53f283f9-d4e4-4f3a-832b-6a65599d89ee", stream_version: 2, causation_id: "a9c1f3d7-e1c9-4a8c-a9ac-927947cb6209", correlation_id: "c1549edf-4c6d-472d-ac8f-96ec21a1774f", event_type: "Elixir.Nexus.Organization.Events.UserInvited", data: %Nexus.Organization.Events.UserInvited{org_id: "53f283f9-d4e4-4f3a-832b-6a65599d89ee", email: "marcus@stark.com", role: "viewer", invited_by: "elena", invitation_token: "52e2e35e-8218-4362-9de4-593baaf2d74c", invited_at: "2026-03-17T23:05:01.371701Z"}, created_at: ~U[2026-03-17 23:05:01.371941Z], metadata: %{"causation_id" => "019cfe0b-a2bb-71b3-85ff-5b58b018c6d9", "correlation_id" => "019cfe0b-a2bb-71b3-85ff-5b58b018c6d9"}}]
23:05:01.374 [debug] QUERY OK source="organization_tenants" db=0.3ms
DELETE FROM "organization_tenants" AS o0 []
23:05:01.375 [debug] QUERY OK source="organization_invitations" db=0.3ms
DELETE FROM "organization_invitations" AS o0 []
23:05:01.375 [debug] QUERY OK db=0.1ms
DELETE FROM projection_versions []
23:05:01.375 [debug] Locating aggregate process for `Nexus.Organization.Aggregates.Tenant` with UUID "683cfe11-8bc8-41e2-a677-d79a4837b030"
23:05:01.375 [debug] Nexus.Organization.Aggregates.Tenant<683cfe11-8bc8-41e2-a677-d79a4837b030@0> executing command: %Nexus.Organization.Commands.ProvisionTenant{org_id: "683cfe11-8bc8-41e2-a677-d79a4837b030", name: "Stark Industries-1758a6dc-a854-426b-9082-b612e8e80dd4", initial_admin_email: "elena@stark.com", provisioned_by: "sysadmin_test", provisioned_at: ~U[2026-03-17 23:05:01.375335Z]}
23:05:01.376 [debug] Appended 1 event(s) to stream "683cfe11-8bc8-41e2-a677-d79a4837b030"
23:05:01.376 [debug] Listener received notification on channel "event_store.events" with payload: "683cfe11-8bc8-41e2-a677-d79a4837b030,6575,1,1"
23:05:01.376 [debug] Listener received notification on channel "event_store.events" with payload: "$all,0,9141,9141"
23:05:01.377 [debug] Nexus.Organization.Aggregates.Tenant<683cfe11-8bc8-41e2-a677-d79a4837b030@1> received events: [%Commanded.EventStore.RecordedEvent{event_id: "4bef2076-646a-422b-b653-70ae59da7d49", event_number: 1, stream_id: "683cfe11-8bc8-41e2-a677-d79a4837b030", stream_version: 1, causation_id: "ef791a81-a268-4b5b-b91e-347c0565963d", correlation_id: "80716f9a-d547-4635-a52f-f6ec6fde8c5a", event_type: "Elixir.Nexus.Organization.Events.TenantProvisioned", data: %Nexus.Organization.Events.TenantProvisioned{org_id: "683cfe11-8bc8-41e2-a677-d79a4837b030", name: "Stark Industries-1758a6dc-a854-426b-9082-b612e8e80dd4", initial_admin_email: "elena@stark.com", provisioned_by: "sysadmin_test", provisioned_at: "2026-03-17T23:05:01.375335Z"}, created_at: ~U[2026-03-17 23:05:01.376007Z], metadata: %{"causation_id" => "019cfe0b-a2bf-7c25-be81-d091557bb390", "correlation_id" => "019cfe0b-a2bf-7c25-be81-d091557bb390"}}]
23:05:01.377 [debug] QUERY OK db=0.0ms
begin []
23:05:01.378 [debug] QUERY OK source="projection_versions" db=0.6ms
INSERT INTO "projection_versions" AS p0 ("projection_name","last_seen_event_number","inserted_at","updated_at") VALUES ($1,$2,$3,$4) ON CONFLICT ("projection_name") DO UPDATE SET "last_seen_event_number" = $5 WHERE ((p0."projection_name" = $6) AND (p0."last_seen_event_number" < $7)) ["Organization.TenantProjector", 1, ~N[2026-03-17 23:05:01.377607], ~N[2026-03-17 23:05:01.377607], 1, "Organization.TenantProjector", 1]
23:05:01.379 [debug] QUERY OK source="organization_tenants" db=0.1ms
INSERT INTO "organization_tenants" ("id","name","status","org_id","updated_at","initial_admin_email","created_at","modules_enabled") VALUES ($1,$2,$3,$4,$5,$6,$7,$8) ON CONFLICT ("id") DO NOTHING ["683cfe11-8bc8-41e2-a677-d79a4837b030", "Stark Industries-1758a6dc-a854-426b-9082-b612e8e80dd4", "active", "683cfe11-8bc8-41e2-a677-d79a4837b030", ~U[2026-03-17 23:05:01.377438Z], "elena@stark.com", ~U[2026-03-17 23:05:01.377435Z], []]
23:05:01.379 [debug] QUERY OK db=0.1ms
commit []
23:05:01.379 [info] 		[36mGiven [32ma tenant "Stark Industries" exists with id "org-123"
23:05:01.379 [info] 		[36mGiven [32man admin user "elena" exists in tenant "org-123"
23:05:01.379 [info] 		[36mGiven [32mthe tenant dashboard is active for "elena"
23:05:01.379 [debug] Locating aggregate process for `Nexus.Organization.Aggregates.Tenant` with UUID "683cfe11-8bc8-41e2-a677-d79a4837b030"
23:05:01.379 [debug] Nexus.Organization.Aggregates.Tenant<683cfe11-8bc8-41e2-a677-d79a4837b030@1> executing command: %Nexus.Organization.Commands.InviteUser{org_id: "683cfe11-8bc8-41e2-a677-d79a4837b030", email: "marcus@stark.com", role: "trader", invited_by: "elena", invitation_token: "d71824ed-3606-4eba-8962-66f804a31706", invited_at: ~U[2026-03-17 23:05:01.379370Z]}
23:05:01.380 [debug] Appended 1 event(s) to stream "683cfe11-8bc8-41e2-a677-d79a4837b030"
23:05:01.380 [debug] Listener received notification on channel "event_store.events" with payload: "683cfe11-8bc8-41e2-a677-d79a4837b030,6575,2,2"
23:05:01.380 [info] 		[36mWhen [32muser "elena" invites "marcus@stark.com" with role "trader"
23:05:01.380 [debug] Listener received notification on channel "event_store.events" with payload: "$all,0,9142,9142"
23:05:01.380 [debug] Nexus.Organization.Aggregates.Tenant<683cfe11-8bc8-41e2-a677-d79a4837b030@2> received events: [%Commanded.EventStore.RecordedEvent{event_id: "c4d517af-6f87-4134-8855-31dcf124d74d", event_number: 2, stream_id: "683cfe11-8bc8-41e2-a677-d79a4837b030", stream_version: 2, causation_id: "1a085b9d-6659-4699-8f97-d50ecb5a3143", correlation_id: "a9dd34e0-dbbe-4800-b966-3ed1cd764b6e", event_type: "Elixir.Nexus.Organization.Events.UserInvited", data: %Nexus.Organization.Events.UserInvited{org_id: "683cfe11-8bc8-41e2-a677-d79a4837b030", email: "marcus@stark.com", role: "trader", invited_by: "elena", invitation_token: "d71824ed-3606-4eba-8962-66f804a31706", invited_at: "2026-03-17T23:05:01.379370Z"}, created_at: ~U[2026-03-17 23:05:01.379752Z], metadata: %{"causation_id" => "019cfe0b-a2c3-7e33-8929-b8578237921c", "correlation_id" => "019cfe0b-a2c3-7e33-8929-b8578237921c"}}]
23:05:01.380 [info] 		[36mThen [32mthe "UserInvited" event should be emitted
23:05:01.384 [debug] QUERY OK db=0.1ms
begin []
23:05:01.384 [debug] QUERY OK source="projection_versions" db=0.2ms
INSERT INTO "projection_versions" AS p0 ("projection_name","last_seen_event_number","inserted_at","updated_at") VALUES ($1,$2,$3,$4) ON CONFLICT ("projection_name") DO UPDATE SET "last_seen_event_number" = $5 WHERE ((p0."projection_name" = $6) AND (p0."last_seen_event_number" < $7)) ["Organization.InvitationProjector", 2, ~N[2026-03-17 23:05:01.384430], ~N[2026-03-17 23:05:01.384430], 2, "Organization.InvitationProjector", 2]
23:05:01.385 [debug] QUERY OK source="organization_invitations" db=0.1ms
INSERT INTO "organization_invitations" ("id","status","role","org_id","email","updated_at","invited_by","invitation_token","invited_at","created_at") VALUES ($1,$2,$3,$4,$5,$6,$7,$8,$9,$10) ON CONFLICT ("email","org_id") DO NOTHING ["019cfe0b-a2c8-75bc-9501-6e9f87791e8e", "pending", "trader", "683cfe11-8bc8-41e2-a677-d79a4837b030", "marcus@stark.com", ~U[2026-03-17 23:05:01.384167Z], "elena", "d71824ed-3606-4eba-8962-66f804a31706", ~U[2026-03-17 23:05:01.379370Z], ~U[2026-03-17 23:05:01.384164Z]]
23:05:01.385 [debug] QUERY OK db=0.1ms
commit []
23:05:01.386 [debug] QUERY OK source="organization_invitations" db=0.3ms queue=0.4ms
SELECT o0."id", o0."org_id", o0."email", o0."role", o0."invited_by", o0."invitation_token", o0."status", o0."invited_at", o0."claimed_at", o0."created_at", o0."updated_at" FROM "organization_invitations" AS o0 WHERE ((o0."email" = $1) AND (o0."org_id" = $2)) ["marcus@stark.com", "683cfe11-8bc8-41e2-a677-d79a4837b030"]
23:05:01.386 [info] 		[36mThen [32man invitation token for "marcus@stark.com" should exist in the read model for "org-123"
.23:05:01.387 [debug] QUERY OK source="organization_tenants" db=0.3ms
DELETE FROM "organization_tenants" AS o0 []
23:05:01.387 [debug] QUERY OK source="organization_invitations" db=0.3ms
DELETE FROM "organization_invitations" AS o0 []
23:05:01.387 [debug] QUERY OK db=0.1ms
DELETE FROM projection_versions []
23:05:01.387 [debug] Locating aggregate process for `Nexus.Organization.Aggregates.Tenant` with UUID "b51181ca-8e2d-48d7-ac64-e54e59ea1610"
23:05:01.388 [debug] Nexus.Organization.Aggregates.Tenant<b51181ca-8e2d-48d7-ac64-e54e59ea1610@0> executing command: %Nexus.Organization.Commands.ProvisionTenant{org_id: "b51181ca-8e2d-48d7-ac64-e54e59ea1610", name: "Stark Industries-01f91cf6-5068-4ed5-9b54-893c018c2bb5", initial_admin_email: "elena@stark.com", provisioned_by: "sysadmin_test", provisioned_at: ~U[2026-03-17 23:05:01.387735Z]}
23:05:01.388 [debug] Appended 1 event(s) to stream "b51181ca-8e2d-48d7-ac64-e54e59ea1610"
23:05:01.388 [debug] Listener received notification on channel "event_store.events" with payload: "b51181ca-8e2d-48d7-ac64-e54e59ea1610,6576,1,1"
23:05:01.389 [debug] Listener received notification on channel "event_store.events" with payload: "$all,0,9143,9143"
23:05:01.389 [debug] Nexus.Organization.Aggregates.Tenant<b51181ca-8e2d-48d7-ac64-e54e59ea1610@1> received events: [%Commanded.EventStore.RecordedEvent{event_id: "5d64c00a-7405-4089-8d2c-2539539efa0d", event_number: 1, stream_id: "b51181ca-8e2d-48d7-ac64-e54e59ea1610", stream_version: 1, causation_id: "8a0a401b-06d8-4220-810d-d375d79267f4", correlation_id: "d5453c60-4d07-4674-ad19-e0bcc3b4c4c7", event_type: "Elixir.Nexus.Organization.Events.TenantProvisioned", data: %Nexus.Organization.Events.TenantProvisioned{org_id: "b51181ca-8e2d-48d7-ac64-e54e59ea1610", name: "Stark Industries-01f91cf6-5068-4ed5-9b54-893c018c2bb5", initial_admin_email: "elena@stark.com", provisioned_by: "sysadmin_test", provisioned_at: "2026-03-17T23:05:01.387735Z"}, created_at: ~U[2026-03-17 23:05:01.388446Z], metadata: %{"causation_id" => "019cfe0b-a2cb-79bc-bdf6-87b2b83ad5b1", "correlation_id" => "019cfe0b-a2cb-79bc-bdf6-87b2b83ad5b1"}}]
23:05:01.389 [debug] QUERY OK db=0.0ms
begin []
23:05:01.390 [debug] QUERY OK source="projection_versions" db=0.1ms
INSERT INTO "projection_versions" AS p0 ("projection_name","last_seen_event_number","inserted_at","updated_at") VALUES ($1,$2,$3,$4) ON CONFLICT ("projection_name") DO UPDATE SET "last_seen_event_number" = $5 WHERE ((p0."projection_name" = $6) AND (p0."last_seen_event_number" < $7)) ["Organization.TenantProjector", 1, ~N[2026-03-17 23:05:01.389706], ~N[2026-03-17 23:05:01.389706], 1, "Organization.TenantProjector", 1]
23:05:01.390 [debug] QUERY OK source="organization_tenants" db=0.1ms
INSERT INTO "organization_tenants" ("id","name","status","org_id","updated_at","initial_admin_email","created_at","modules_enabled") VALUES ($1,$2,$3,$4,$5,$6,$7,$8) ON CONFLICT ("id") DO NOTHING ["b51181ca-8e2d-48d7-ac64-e54e59ea1610", "Stark Industries-01f91cf6-5068-4ed5-9b54-893c018c2bb5", "active", "b51181ca-8e2d-48d7-ac64-e54e59ea1610", ~U[2026-03-17 23:05:01.389562Z], "elena@stark.com", ~U[2026-03-17 23:05:01.389560Z], []]
23:05:01.390 [debug] QUERY OK db=0.0ms
commit []
23:05:01.390 [info] 		[36mGiven [32ma tenant "Stark Industries" exists with id "org-123"
23:05:01.390 [info] 		[36mGiven [32ma viewer user "peter" exists in tenant "org-123"
23:05:01.390 [debug] Locating aggregate process for `Nexus.Organization.Aggregates.Tenant` with UUID "b51181ca-8e2d-48d7-ac64-e54e59ea1610"
23:05:01.390 [debug] Nexus.Organization.Aggregates.Tenant<b51181ca-8e2d-48d7-ac64-e54e59ea1610@1> executing command: %Nexus.Organization.Commands.InviteUser{org_id: "b51181ca-8e2d-48d7-ac64-e54e59ea1610", email: "ned@stark.com", role: "trader", invited_by: "peter", invitation_token: "12f4705a-9dd4-43d4-b5f7-fbebab47d13d", invited_at: ~U[2026-03-17 23:05:01.390630Z]}
23:05:01.391 [debug] Appended 1 event(s) to stream "b51181ca-8e2d-48d7-ac64-e54e59ea1610"
23:05:01.391 [debug] Listener received notification on channel "event_store.events" with payload: "b51181ca-8e2d-48d7-ac64-e54e59ea1610,6576,2,2"
.23:05:01.391 [info] 		[36mWhen [32muser "peter" attempts to invite "ned@stark.com" with role "trader"
23:05:01.391 [info] 		[36mThen [32mthe command should be rejected with an unauthorized error
23:05:01.391 [debug] Listener received notification on channel "event_store.events" with payload: "$all,0,9144,9144"
23:05:01.391 [debug] Nexus.Organization.Aggregates.Tenant<b51181ca-8e2d-48d7-ac64-e54e59ea1610@2> received events: [%Commanded.EventStore.RecordedEvent{event_id: "57f6dfeb-69a1-4d44-b2d3-0c6fa81d7263", event_number: 2, stream_id: "b51181ca-8e2d-48d7-ac64-e54e59ea1610", stream_version: 2, causation_id: "aa03e6e7-912e-44c9-9477-0788329bc11c", correlation_id: "5bc3ec2a-ca7e-495c-9b8f-dfa5072d5ae9", event_type: "Elixir.Nexus.Organization.Events.UserInvited", data: %Nexus.Organization.Events.UserInvited{org_id: "b51181ca-8e2d-48d7-ac64-e54e59ea1610", email: "ned@stark.com", role: "trader", invited_by: "peter", invitation_token: "12f4705a-9dd4-43d4-b5f7-fbebab47d13d", invited_at: "2026-03-17T23:05:01.390630Z"}, created_at: ~U[2026-03-17 23:05:01.390889Z], metadata: %{"causation_id" => "019cfe0b-a2ce-7cde-8c03-b1fda2d908ce", "correlation_id" => "019cfe0b-a2ce-7cde-8c03-b1fda2d908ce"}}]
23:05:01.398 [debug] Subscription "Identity.Projectors.UserRegistrationProjector"@"$all" attempting to connect subscriber #PID<0.1141.0>
23:05:01.398 [debug] Subscription "Identity.Projectors.UserRegistrationProjector"@"$all" catching-up
23:05:01.399 [debug] Nexus.Identity.Projectors.UserRegistrationProjector has successfully subscribed to event store
23:05:01.399 [debug] Subscription "Identity.Projectors.UserProjector"@"$all" attempting to connect subscriber #PID<0.1143.0>
23:05:01.399 [debug] Locating aggregate process for `Nexus.Identity.Aggregates.User` with UUID "5958f21a-c62c-4439-adc3-b72f67fb54cd"
23:05:01.400 [debug] Subscription "Identity.Projectors.UserProjector"@"$all" catching-up
23:05:01.400 [debug] Nexus.Identity.Projectors.UserProjector has successfully subscribed to event store
23:05:01.400 [debug] Nexus.Identity.Aggregates.User<5958f21a-c62c-4439-adc3-b72f67fb54cd@0> executing command: %Nexus.Identity.Commands.RegisterUser{user_id: "5958f21a-c62c-4439-adc3-b72f67fb54cd", org_id: "0d14f104-0fbc-47b4-a54d-5a3a41b9d1e4", email: "test@example.com", cose_key: "dummy", credential_id: "dummy", role: "admin", display_name: "Test User", registered_at: ~U[2026-03-17 23:05:01.399746Z]}
23:05:01.400 [debug] Nexus.Identity.Projectors.UserRegistrationProjector received events: [%Commanded.EventStore.RecordedEvent{event_id: "8d6a35e2-b698-42aa-ada1-006ff6bbc4f2", event_number: 9116, stream_id: "forecast-07001bcb-94d3-4907-a003-f13192f12d89", stream_version: 1, causation_id: "68c2d245-4baa-4281-a690-2e01d8100305", correlation_id: "5d0b53df-4afe-466a-a634-98ae56933e24", event_type: "Elixir.Nexus.Treasury.Events.ForecastGenerated", data: %Nexus.Treasury.Events.ForecastGenerated{org_id: "07001bcb-94d3-4907-a003-f13192f12d89", currency: "EUR", horizon_days: 30, predictions: [%{date: "2026-03-18", predicted_amount: "990.0"}, %{date: "2026-03-19", predicted_amount: "980.0"}, %{date: "2026-03-20", predicted_amount: "970.0"}, %{date: "2026-03-21", predicted_amount: "960.0"}, %{date: "2026-03-22", predicted_amount: "950.0"}, %{date: "2026-03-23", predicted_amount: "940.0"}, %{date: "2026-03-24", predicted_amount: "930.0"}, %{date: "2026-03-25", predicted_amount: "920.0"}, %{date: "2026-03-26", predicted_amount: "910.0"}, %{date: "2026-03-27", predicted_amount: "900.0"}, %{date: "2026-03-28", predicted_amount: "890.0"}, %{date: "2026-03-29", predicted_amount: "880.0"}, %{date: "2026-03-30", predicted_amount: "870.0"}, %{date: "2026-03-31", predicted_amount: "860.0"}, %{date: "2026-04-01", predicted_amount: "850.0"}, %{date: "2026-04-02", predicted_amount: "840.0"}, %{date: "2026-04-03", predicted_amount: "830.0"}, %{date: "2026-04-04", predicted_amount: "820.0"}, %{date: "2026-04-05", predicted_amount: "810.0"}, %{date: "2026-04-06", predicted_amount: "800.0"}, %{date: "2026-04-07", predicted_amount: "790.0"}, %{date: "2026-04-08", predicted_amount: "780.0"}, %{date: "2026-04-09", predicted_amount: "770.0"}, %{date: "2026-04-10", predicted_amount: "760.0"}, %{date: "2026-04-11", predicted_amount: "750.0"}, %{date: "2026-04-12", predicted_amount: "740.0"}, %{date: "2026-04-13", predicted_amount: "730.0"}, %{date: "2026-04-14", predicted_amount: "720.0"}, %{date: "2026-04-15", predicted_amount: "710.0"}, ...], ...}, ...}]
23:05:01.400 [debug] Nexus.Identity.Projectors.UserRegistrationProjector confirming receipt of event #9116 of events: [%Commanded.EventStore.RecordedEvent{event_id: "8d6a35e2-b698-42aa-ada1-006ff6bbc4f2", event_number: 9116, stream_id: "forecast-07001bcb-94d3-4907-a003-f13192f12d89", stream_version: 1, causation_id: "68c2d245-4baa-4281-a690-2e01d8100305", correlation_id: "5d0b53df-4afe-466a-a634-98ae56933e24", event_type: "Elixir.Nexus.Treasury.Events.ForecastGenerated", data: %Nexus.Treasury.Events.ForecastGenerated{org_id: "07001bcb-94d3-4907-a003-f13192f12d89", currency: "EUR", horizon_days: 30, predictions: [%{date: "2026-03-18", predicted_amount: "990.0"}, %{date: "2026-03-19", predicted_amount: "980.0"}, %{date: "2026-03-20", predicted_amount: "970.0"}, %{date: "2026-03-21", predicted_amount: "960.0"}, %{date: "2026-03-22", predicted_amount: "950.0"}, %{date: "2026-03-23", predicted_amount: "940.0"}, %{date: "2026-03-24", predicted_amount: "930.0"}, %{date: "2026-03-25", predicted_amount: "920.0"}, %{date: "2026-03-26", predicted_amount: "910.0"}, %{date: "2026-03-27", predicted_amount: "900.0"}, %{date: "2026-03-28", predicted_amount: "890.0"}, %{date: "2026-03-29", predicted_amount: "880.0"}, %{date: "2026-03-30", predicted_amount: "870.0"}, %{date: "2026-03-31", predicted_amount: "860.0"}, %{date: "2026-04-01", predicted_amount: "850.0"}, %{date: "2026-04-02", predicted_amount: "840.0"}, %{date: "2026-04-03", predicted_amount: "830.0"}, %{date: "2026-04-04", predicted_amount: "820.0"}, %{date: "2026-04-05", predicted_amount: "810.0"}, %{date: "2026-04-06", predicted_amount: "800.0"}, %{date: "2026-04-07", predicted_amount: "790.0"}, %{date: "2026-04-08", predicted_amount: "780.0"}, %{date: "2026-04-09", predicted_amount: "770.0"}, %{date: "2026-04-10", predicted_amount: "760.0"}, %{date: "2026-04-11", predicted_amount: "750.0"}, %{date: "2026-04-12", predicted_amount: "740.0"}, %{date: "2026-04-13", predicted_amount: "730.0"}, %{date: "2026-04-14", predicted_amount: "720.0"}, %{date: "2026-04-15", predicted_amount: "710.0"}, ...], ...}, ...}]
23:05:01.401 [debug] Appended 1 event(s) to stream "5958f21a-c62c-4439-adc3-b72f67fb54cd"
23:05:01.401 [debug] Nexus.Identity.Projectors.UserProjector received events: [%Commanded.EventStore.RecordedEvent{event_id: "8d6a35e2-b698-42aa-ada1-006ff6bbc4f2", event_number: 9116, stream_id: "forecast-07001bcb-94d3-4907-a003-f13192f12d89", stream_version: 1, causation_id: "68c2d245-4baa-4281-a690-2e01d8100305", correlation_id: "5d0b53df-4afe-466a-a634-98ae56933e24", event_type: "Elixir.Nexus.Treasury.Events.ForecastGenerated", data: %Nexus.Treasury.Events.ForecastGenerated{org_id: "07001bcb-94d3-4907-a003-f13192f12d89", currency: "EUR", horizon_days: 30, predictions: [%{date: "2026-03-18", predicted_amount: "990.0"}, %{date: "2026-03-19", predicted_amount: "980.0"}, %{date: "2026-03-20", predicted_amount: "970.0"}, %{date: "2026-03-21", predicted_amount: "960.0"}, %{date: "2026-03-22", predicted_amount: "950.0"}, %{date: "2026-03-23", predicted_amount: "940.0"}, %{date: "2026-03-24", predicted_amount: "930.0"}, %{date: "2026-03-25", predicted_amount: "920.0"}, %{date: "2026-03-26", predicted_amount: "910.0"}, %{date: "2026-03-27", predicted_amount: "900.0"}, %{date: "2026-03-28", predicted_amount: "890.0"}, %{date: "2026-03-29", predicted_amount: "880.0"}, %{date: "2026-03-30", predicted_amount: "870.0"}, %{date: "2026-03-31", predicted_amount: "860.0"}, %{date: "2026-04-01", predicted_amount: "850.0"}, %{date: "2026-04-02", predicted_amount: "840.0"}, %{date: "2026-04-03", predicted_amount: "830.0"}, %{date: "2026-04-04", predicted_amount: "820.0"}, %{date: "2026-04-05", predicted_amount: "810.0"}, %{date: "2026-04-06", predicted_amount: "800.0"}, %{date: "2026-04-07", predicted_amount: "790.0"}, %{date: "2026-04-08", predicted_amount: "780.0"}, %{date: "2026-04-09", predicted_amount: "770.0"}, %{date: "2026-04-10", predicted_amount: "760.0"}, %{date: "2026-04-11", predicted_amount: "750.0"}, %{date: "2026-04-12", predicted_amount: "740.0"}, %{date: "2026-04-13", predicted_amount: "730.0"}, %{date: "2026-04-14", predicted_amount: "720.0"}, %{date: "2026-04-15", predicted_amount: "710.0"}, ...], ...}, ...}]
23:05:01.401 [debug] Nexus.Identity.Projectors.UserRegistrationProjector received events: [%Commanded.EventStore.RecordedEvent{event_id: "363c8c77-e666-431c-91fb-ee8014b557a2", event_number: 9117, stream_id: "f4abe9e1-6a93-486e-a574-ab5de9818fd7", stream_version: 1, causation_id: "6e1c594b-1681-421e-8cca-d01136686e32", correlation_id: "b47dd39a-832e-4255-8a63-c0b23b14eeb8", event_type: "Elixir.Nexus.ERP.Events.StatementUploaded", data: %Nexus.ERP.Events.StatementUploaded{statement_id: "f4abe9e1-6a93-486e-a574-ab5de9818fd7", org_id: "9615a56c-9003-4216-ba5f-f9429506c45e", filename: "alpha.csv", format: "csv", lines: [%{id: "019cfe0b-9727-7489-b59b-eaf68695980c", status: "unmatched", date: "2024-01-01", metadata: %{}, currency: "EUR", ref: "REF", amount: "0", narrative: "N1"}], uploaded_at: "2026-03-17T23:04:58.405631Z", content_hash: "9A99C19879FE44B699E10D43919F4706C51F2D03F8190FD6C6D6D28701DDFA3C"}, created_at: ~U[2026-03-17 23:04:58.408385Z], metadata: %{"causation_id" => "019cfe0b-9725-791c-9774-e467549d4dd1", "correlation_id" => "019cfe0b-9725-791c-9774-e467549d4dd1"}}]
23:05:01.401 [debug] Listener received notification on channel "event_store.events" with payload: "5958f21a-c62c-4439-adc3-b72f67fb54cd,6577,1,1"
23:05:01.401 [debug] Listener received notification on channel "event_store.events" with payload: "$all,0,9145,9145"
23:05:01.401 [debug] Nexus.Identity.Projectors.UserRegistrationProjector confirming receipt of event #9117 of events: [%Commanded.EventStore.RecordedEvent{event_id: "363c8c77-e666-431c-91fb-ee8014b557a2", event_number: 9117, stream_id: "f4abe9e1-6a93-486e-a574-ab5de9818fd7", stream_version: 1, causation_id: "6e1c594b-1681-421e-8cca-d01136686e32", correlation_id: "b47dd39a-832e-4255-8a63-c0b23b14eeb8", event_type: "Elixir.Nexus.ERP.Events.StatementUploaded", data: %Nexus.ERP.Events.StatementUploaded{statement_id: "f4abe9e1-6a93-486e-a574-ab5de9818fd7", org_id: "9615a56c-9003-4216-ba5f-f9429506c45e", filename: "alpha.csv", format: "csv", lines: [%{id: "019cfe0b-9727-7489-b59b-eaf68695980c", status: "unmatched", date: "2024-01-01", metadata: %{}, currency: "EUR", ref: "REF", amount: "0", narrative: "N1"}], uploaded_at: "2026-03-17T23:04:58.405631Z", content_hash: "9A99C19879FE44B699E10D43919F4706C51F2D03F8190FD6C6D6D28701DDFA3C"}, created_at: ~U[2026-03-17 23:04:58.408385Z], metadata: %{"causation_id" => "019cfe0b-9725-791c-9774-e467549d4dd1", "correlation_id" => "019cfe0b-9725-791c-9774-e467549d4dd1"}}]
23:05:01.401 [debug] Nexus.Identity.Projectors.UserProjector confirming receipt of event #9116 of events: [%Commanded.EventStore.RecordedEvent{event_id: "8d6a35e2-b698-42aa-ada1-006ff6bbc4f2", event_number: 9116, stream_id: "forecast-07001bcb-94d3-4907-a003-f13192f12d89", stream_version: 1, causation_id: "68c2d245-4baa-4281-a690-2e01d8100305", correlation_id: "5d0b53df-4afe-466a-a634-98ae56933e24", event_type: "Elixir.Nexus.Treasury.Events.ForecastGenerated", data: %Nexus.Treasury.Events.ForecastGenerated{org_id: "07001bcb-94d3-4907-a003-f13192f12d89", currency: "EUR", horizon_days: 30, predictions: [%{date: "2026-03-18", predicted_amount: "990.0"}, %{date: "2026-03-19", predicted_amount: "980.0"}, %{date: "2026-03-20", predicted_amount: "970.0"}, %{date: "2026-03-21", predicted_amount: "960.0"}, %{date: "2026-03-22", predicted_amount: "950.0"}, %{date: "2026-03-23", predicted_amount: "940.0"}, %{date: "2026-03-24", predicted_amount: "930.0"}, %{date: "2026-03-25", predicted_amount: "920.0"}, %{date: "2026-03-26", predicted_amount: "910.0"}, %{date: "2026-03-27", predicted_amount: "900.0"}, %{date: "2026-03-28", predicted_amount: "890.0"}, %{date: "2026-03-29", predicted_amount: "880.0"}, %{date: "2026-03-30", predicted_amount: "870.0"}, %{date: "2026-03-31", predicted_amount: "860.0"}, %{date: "2026-04-01", predicted_amount: "850.0"}, %{date: "2026-04-02", predicted_amount: "840.0"}, %{date: "2026-04-03", predicted_amount: "830.0"}, %{date: "2026-04-04", predicted_amount: "820.0"}, %{date: "2026-04-05", predicted_amount: "810.0"}, %{date: "2026-04-06", predicted_amount: "800.0"}, %{date: "2026-04-07", predicted_amount: "790.0"}, %{date: "2026-04-08", predicted_amount: "780.0"}, %{date: "2026-04-09", predicted_amount: "770.0"}, %{date: "2026-04-10", predicted_amount: "760.0"}, %{date: "2026-04-11", predicted_amount: "750.0"}, %{date: "2026-04-12", predicted_amount: "740.0"}, %{date: "2026-04-13", predicted_amount: "730.0"}, %{date: "2026-04-14", predicted_amount: "720.0"}, %{date: "2026-04-15", predicted_amount: "710.0"}, ...], ...}, ...}]
23:05:01.401 [debug] Nexus.Identity.Projectors.UserRegistrationProjector received events: [%Commanded.EventStore.RecordedEvent{event_id: "7068e2bf-857d-4cd8-abef-75da2affb6b2", event_number: 9118, stream_id: "785d1057-5272-45c8-8cc4-ee28f6f9bfa1", stream_version: 1, causation_id: "97279431-dbbe-48e0-9ca5-890a12d03691", correlation_id: "94769bf8-6f81-4a52-aea0-79ed33f92118", event_type: "Elixir.Nexus.ERP.Events.StatementUploaded", data: %Nexus.ERP.Events.StatementUploaded{statement_id: "785d1057-5272-45c8-8cc4-ee28f6f9bfa1", org_id: "9615a56c-9003-4216-ba5f-f9429506c45e", filename: "beta.csv", format: "csv", lines: [%{id: "019cfe0b-9743-7720-828e-4dab78ebc5cd", status: "unmatched", date: "2024-01-01", metadata: %{}, currency: "EUR", ref: "REF", amount: "0", narrative: "N2"}], uploaded_at: "2026-03-17T23:04:58.435064Z", content_hash: "7FBECE875329D8B3726C38BE77AE60A9F4E8D3CF3282F5FB06CB8474EE7D6407"}, created_at: ~U[2026-03-17 23:04:58.435820Z], metadata: %{"causation_id" => "019cfe0b-9743-78de-9c2c-a559bf975229", "correlation_id" => "019cfe0b-9743-78de-9c2c-a559bf975229"}}]
23:05:01.402 [debug] Nexus.Identity.Projectors.UserProjector received events: [%Commanded.EventStore.RecordedEvent{event_id: "363c8c77-e666-431c-91fb-ee8014b557a2", event_number: 9117, stream_id: "f4abe9e1-6a93-486e-a574-ab5de9818fd7", stream_version: 1, causation_id: "6e1c594b-1681-421e-8cca-d01136686e32", correlation_id: "b47dd39a-832e-4255-8a63-c0b23b14eeb8", event_type: "Elixir.Nexus.ERP.Events.StatementUploaded", data: %Nexus.ERP.Events.StatementUploaded{statement_id: "f4abe9e1-6a93-486e-a574-ab5de9818fd7", org_id: "9615a56c-9003-4216-ba5f-f9429506c45e", filename: "alpha.csv", format: "csv", lines: [%{id: "019cfe0b-9727-7489-b59b-eaf68695980c", status: "unmatched", date: "2024-01-01", metadata: %{}, currency: "EUR", ref: "REF", amount: "0", narrative: "N1"}], uploaded_at: "2026-03-17T23:04:58.405631Z", content_hash: "9A99C19879FE44B699E10D43919F4706C51F2D03F8190FD6C6D6D28701DDFA3C"}, created_at: ~U[2026-03-17 23:04:58.408385Z], metadata: %{"causation_id" => "019cfe0b-9725-791c-9774-e467549d4dd1", "correlation_id" => "019cfe0b-9725-791c-9774-e467549d4dd1"}}]
23:05:01.402 [debug] Nexus.Identity.Projectors.UserRegistrationProjector confirming receipt of event #9118 of events: [%Commanded.EventStore.RecordedEvent{event_id: "7068e2bf-857d-4cd8-abef-75da2affb6b2", event_number: 9118, stream_id: "785d1057-5272-45c8-8cc4-ee28f6f9bfa1", stream_version: 1, causation_id: "97279431-dbbe-48e0-9ca5-890a12d03691", correlation_id: "94769bf8-6f81-4a52-aea0-79ed33f92118", event_type: "Elixir.Nexus.ERP.Events.StatementUploaded", data: %Nexus.ERP.Events.StatementUploaded{statement_id: "785d1057-5272-45c8-8cc4-ee28f6f9bfa1", org_id: "9615a56c-9003-4216-ba5f-f9429506c45e", filename: "beta.csv", format: "csv", lines: [%{id: "019cfe0b-9743-7720-828e-4dab78ebc5cd", status: "unmatched", date: "2024-01-01", metadata: %{}, currency: "EUR", ref: "REF", amount: "0", narrative: "N2"}], uploaded_at: "2026-03-17T23:04:58.435064Z", content_hash: "7FBECE875329D8B3726C38BE77AE60A9F4E8D3CF3282F5FB06CB8474EE7D6407"}, created_at: ~U[2026-03-17 23:04:58.435820Z], metadata: %{"causation_id" => "019cfe0b-9743-78de-9c2c-a559bf975229", "correlation_id" => "019cfe0b-9743-78de-9c2c-a559bf975229"}}]
23:05:01.402 [debug] Nexus.Identity.Aggregates.User<5958f21a-c62c-4439-adc3-b72f67fb54cd@1> received events: [%Commanded.EventStore.RecordedEvent{event_id: "7cb0eee5-39aa-4942-8f54-eef29757ba59", event_number: 1, stream_id: "5958f21a-c62c-4439-adc3-b72f67fb54cd", stream_version: 1, causation_id: "249fdf8a-5713-4318-92b7-233ddf07ce6b", correlation_id: "5f9ee9a7-f1c5-4256-89d6-814cbf522f86", event_type: "Elixir.Nexus.Identity.Events.UserRegistered", data: %Nexus.Identity.Events.UserRegistered{user_id: "5958f21a-c62c-4439-adc3-b72f67fb54cd", org_id: "0d14f104-0fbc-47b4-a54d-5a3a41b9d1e4", email: "test@example.com", role: "admin", cose_key: "dummy", credential_id: "dummy", registered_at: "2026-03-17T23:05:01.399746Z", display_name: "Test User", status: "active"}, created_at: ~U[2026-03-17 23:05:01.400590Z], metadata: %{"causation_id" => "019cfe0b-a2d7-7d82-a55d-2e9773e11c85", "correlation_id" => "019cfe0b-a2d7-7d82-a55d-2e9773e11c85"}}]
23:05:01.402 [debug] Nexus.Identity.Projectors.UserProjector confirming receipt of event #9117 of events: [%Commanded.EventStore.RecordedEvent{event_id: "363c8c77-e666-431c-91fb-ee8014b557a2", event_number: 9117, stream_id: "f4abe9e1-6a93-486e-a574-ab5de9818fd7", stream_version: 1, causation_id: "6e1c594b-1681-421e-8cca-d01136686e32", correlation_id: "b47dd39a-832e-4255-8a63-c0b23b14eeb8", event_type: "Elixir.Nexus.ERP.Events.StatementUploaded", data: %Nexus.ERP.Events.StatementUploaded{statement_id: "f4abe9e1-6a93-486e-a574-ab5de9818fd7", org_id: "9615a56c-9003-4216-ba5f-f9429506c45e", filename: "alpha.csv", format: "csv", lines: [%{id: "019cfe0b-9727-7489-b59b-eaf68695980c", status: "unmatched", date: "2024-01-01", metadata: %{}, currency: "EUR", ref: "REF", amount: "0", narrative: "N1"}], uploaded_at: "2026-03-17T23:04:58.405631Z", content_hash: "9A99C19879FE44B699E10D43919F4706C51F2D03F8190FD6C6D6D28701DDFA3C"}, created_at: ~U[2026-03-17 23:04:58.408385Z], metadata: %{"causation_id" => "019cfe0b-9725-791c-9774-e467549d4dd1", "correlation_id" => "019cfe0b-9725-791c-9774-e467549d4dd1"}}]
23:05:01.402 [debug] Subscription "Identity.Projectors.UserProjector"@"$all" received 1 event(s)
23:05:01.402 [debug] Subscription "Identity.Projectors.UserRegistrationProjector"@"$all" received 1 event(s)
23:05:01.402 [debug] Nexus.Identity.Projectors.UserRegistrationProjector received events: [%Commanded.EventStore.RecordedEvent{event_id: "93e83a20-b0e6-43c7-8d62-fd30c8270cf2", event_number: 9119, stream_id: "dc3a835e-6a93-4df4-a674-ef1f4803c276", stream_version: 1, causation_id: "3dfdc5fc-65d0-402e-b3b6-34a2026cd6b8", correlation_id: "b128738b-04e6-4bad-b3c7-48772cd13d5b", event_type: "Elixir.Nexus.ERP.Events.StatementUploaded", data: %Nexus.ERP.Events.StatementUploaded{statement_id: "dc3a835e-6a93-4df4-a674-ef1f4803c276", org_id: "6c134e91-b360-4311-8a41-30be50491819", filename: "bank_statement.csv", format: "csv", lines: [%{id: "019cfe0b-9780-7abd-b3db-8ee4034bf995", status: "unmatched", date: "2024-01-01", metadata: %{}, currency: "EUR", ref: "REF001", amount: "100.00", narrative: "Test narrative"}], uploaded_at: "2026-03-17T23:04:58.496166Z", content_hash: "2A6D7CDCA877B8631942E2171A0BB33BDDCE9ECA36C103C671439B8CCB0A6438"}, created_at: ~U[2026-03-17 23:04:58.497383Z], metadata: %{"causation_id" => "019cfe0b-9780-7cc1-9db7-c036dcaf2e18", "correlation_id" => "019cfe0b-9780-7cc1-9db7-c036dcaf2e18"}}]
23:05:01.402 [debug] Nexus.Identity.Projectors.UserProjector received events: [%Commanded.EventStore.RecordedEvent{event_id: "7068e2bf-857d-4cd8-abef-75da2affb6b2", event_number: 9118, stream_id: "785d1057-5272-45c8-8cc4-ee28f6f9bfa1", stream_version: 1, causation_id: "97279431-dbbe-48e0-9ca5-890a12d03691", correlation_id: "94769bf8-6f81-4a52-aea0-79ed33f92118", event_type: "Elixir.Nexus.ERP.Events.StatementUploaded", data: %Nexus.ERP.Events.StatementUploaded{statement_id: "785d1057-5272-45c8-8cc4-ee28f6f9bfa1", org_id: "9615a56c-9003-4216-ba5f-f9429506c45e", filename: "beta.csv", format: "csv", lines: [%{id: "019cfe0b-9743-7720-828e-4dab78ebc5cd", status: "unmatched", date: "2024-01-01", metadata: %{}, currency: "EUR", ref: "REF", amount: "0", narrative: "N2"}], uploaded_at: "2026-03-17T23:04:58.435064Z", content_hash: "7FBECE875329D8B3726C38BE77AE60A9F4E8D3CF3282F5FB06CB8474EE7D6407"}, created_at: ~U[2026-03-17 23:04:58.435820Z], metadata: %{"causation_id" => "019cfe0b-9743-78de-9c2c-a559bf975229", "correlation_id" => "019cfe0b-9743-78de-9c2c-a559bf975229"}}]
23:05:01.402 [debug] Nexus.Identity.Projectors.UserProjector confirming receipt of event #9118 of events: [%Commanded.EventStore.RecordedEvent{event_id: "7068e2bf-857d-4cd8-abef-75da2affb6b2", event_number: 9118, stream_id: "785d1057-5272-45c8-8cc4-ee28f6f9bfa1", stream_version: 1, causation_id: "97279431-dbbe-48e0-9ca5-890a12d03691", correlation_id: "94769bf8-6f81-4a52-aea0-79ed33f92118", event_type: "Elixir.Nexus.ERP.Events.StatementUploaded", data: %Nexus.ERP.Events.StatementUploaded{statement_id: "785d1057-5272-45c8-8cc4-ee28f6f9bfa1", org_id: "9615a56c-9003-4216-ba5f-f9429506c45e", filename: "beta.csv", format: "csv", lines: [%{id: "019cfe0b-9743-7720-828e-4dab78ebc5cd", status: "unmatched", date: "2024-01-01", metadata: %{}, currency: "EUR", ref: "REF", amount: "0", narrative: "N2"}], uploaded_at: "2026-03-17T23:04:58.435064Z", content_hash: "7FBECE875329D8B3726C38BE77AE60A9F4E8D3CF3282F5FB06CB8474EE7D6407"}, created_at: ~U[2026-03-17 23:04:58.435820Z], metadata: %{"causation_id" => "019cfe0b-9743-78de-9c2c-a559bf975229", "correlation_id" => "019cfe0b-9743-78de-9c2c-a559bf975229"}}]
23:05:01.402 [debug] Nexus.Identity.Projectors.UserRegistrationProjector confirming receipt of event #9119 of events: [%Commanded.EventStore.RecordedEvent{event_id: "93e83a20-b0e6-43c7-8d62-fd30c8270cf2", event_number: 9119, stream_id: "dc3a835e-6a93-4df4-a674-ef1f4803c276", stream_version: 1, causation_id: "3dfdc5fc-65d0-402e-b3b6-34a2026cd6b8", correlation_id: "b128738b-04e6-4bad-b3c7-48772cd13d5b", event_type: "Elixir.Nexus.ERP.Events.StatementUploaded", data: %Nexus.ERP.Events.StatementUploaded{statement_id: "dc3a835e-6a93-4df4-a674-ef1f4803c276", org_id: "6c134e91-b360-4311-8a41-30be50491819", filename: "bank_statement.csv", format: "csv", lines: [%{id: "019cfe0b-9780-7abd-b3db-8ee4034bf995", status: "unmatched", date: "2024-01-01", metadata: %{}, currency: "EUR", ref: "REF001", amount: "100.00", narrative: "Test narrative"}], uploaded_at: "2026-03-17T23:04:58.496166Z", content_hash: "2A6D7CDCA877B8631942E2171A0BB33BDDCE9ECA36C103C671439B8CCB0A6438"}, created_at: ~U[2026-03-17 23:04:58.497383Z], metadata: %{"causation_id" => "019cfe0b-9780-7cc1-9db7-c036dcaf2e18", "correlation_id" => "019cfe0b-9780-7cc1-9db7-c036dcaf2e18"}}]
23:05:01.402 [debug] Nexus.Identity.Projectors.UserProjector received events: [%Commanded.EventStore.RecordedEvent{event_id: "93e83a20-b0e6-43c7-8d62-fd30c8270cf2", event_number: 9119, stream_id: "dc3a835e-6a93-4df4-a674-ef1f4803c276", stream_version: 1, causation_id: "3dfdc5fc-65d0-402e-b3b6-34a2026cd6b8", correlation_id: "b128738b-04e6-4bad-b3c7-48772cd13d5b", event_type: "Elixir.Nexus.ERP.Events.StatementUploaded", data: %Nexus.ERP.Events.StatementUploaded{statement_id: "dc3a835e-6a93-4df4-a674-ef1f4803c276", org_id: "6c134e91-b360-4311-8a41-30be50491819", filename: "bank_statement.csv", format: "csv", lines: [%{id: "019cfe0b-9780-7abd-b3db-8ee4034bf995", status: "unmatched", date: "2024-01-01", metadata: %{}, currency: "EUR", ref: "REF001", amount: "100.00", narrative: "Test narrative"}], uploaded_at: "2026-03-17T23:04:58.496166Z", content_hash: "2A6D7CDCA877B8631942E2171A0BB33BDDCE9ECA36C103C671439B8CCB0A6438"}, created_at: ~U[2026-03-17 23:04:58.497383Z], metadata: %{"causation_id" => "019cfe0b-9780-7cc1-9db7-c036dcaf2e18", "correlation_id" => "019cfe0b-9780-7cc1-9db7-c036dcaf2e18"}}]
23:05:01.402 [debug] Nexus.Identity.Projectors.UserProjector confirming receipt of event #9119 of events: [%Commanded.EventStore.RecordedEvent{event_id: "93e83a20-b0e6-43c7-8d62-fd30c8270cf2", event_number: 9119, stream_id: "dc3a835e-6a93-4df4-a674-ef1f4803c276", stream_version: 1, causation_id: "3dfdc5fc-65d0-402e-b3b6-34a2026cd6b8", correlation_id: "b128738b-04e6-4bad-b3c7-48772cd13d5b", event_type: "Elixir.Nexus.ERP.Events.StatementUploaded", data: %Nexus.ERP.Events.StatementUploaded{statement_id: "dc3a835e-6a93-4df4-a674-ef1f4803c276", org_id: "6c134e91-b360-4311-8a41-30be50491819", filename: "bank_statement.csv", format: "csv", lines: [%{id: "019cfe0b-9780-7abd-b3db-8ee4034bf995", status: "unmatched", date: "2024-01-01", metadata: %{}, currency: "EUR", ref: "REF001", amount: "100.00", narrative: "Test narrative"}], uploaded_at: "2026-03-17T23:04:58.496166Z", content_hash: "2A6D7CDCA877B8631942E2171A0BB33BDDCE9ECA36C103C671439B8CCB0A6438"}, created_at: ~U[2026-03-17 23:04:58.497383Z], metadata: %{"causation_id" => "019cfe0b-9780-7cc1-9db7-c036dcaf2e18", "correlation_id" => "019cfe0b-9780-7cc1-9db7-c036dcaf2e18"}}]
23:05:01.402 [debug] Nexus.Identity.Projectors.UserRegistrationProjector received events: [%Commanded.EventStore.RecordedEvent{event_id: "345a5701-f188-45c1-82ff-7f031386b0ff", event_number: 9120, stream_id: "746c5e49-4dda-4d3b-80f5-3eb9418caa62", stream_version: 1, causation_id: "9f595ce5-e540-41bb-9632-d6f03eb505dd", correlation_id: "0e31b69e-6820-415e-bc92-a376943df533", event_type: "Elixir.Nexus.ERP.Events.StatementUploaded", data: %Nexus.ERP.Events.StatementUploaded{statement_id: "746c5e49-4dda-4d3b-80f5-3eb9418caa62", org_id: "6c134e91-b360-4311-8a41-30be50491819", filename: "bank_statement.csv", format: "csv", lines: [%{id: "019cfe0b-97a9-780a-9f8a-95577d463942", status: "unmatched", date: "2024-01-01", metadata: %{}, currency: "EUR", ref: "REF001", amount: "100.00", narrative: "Test narrative"}, %{id: "019cfe0b-97a9-79ac-995e-e6f7649a9e7c", status: "unmatched", date: "2024-01-02", metadata: %{}, currency: "EUR", ref: "REF002", amount: "200.00", narrative: "New line"}], uploaded_at: "2026-03-17T23:04:58.496166Z", content_hash: "E696981C3C0A3E5AB706EB69FD368BF3B1E23A8CED4952C2D95B5DE0A480453E"}, created_at: ~U[2026-03-17 23:04:58.538098Z], metadata: %{"causation_id" => "019cfe0b-97a9-7df0-81fe-b5d637a12f9e", "correlation_id" => "019cfe0b-97a9-7df0-81fe-b5d637a12f9e"}}]
23:05:01.402 [debug] Nexus.Identity.Projectors.UserRegistrationProjector confirming receipt of event #9120 of events: [%Commanded.EventStore.RecordedEvent{event_id: "345a5701-f188-45c1-82ff-7f031386b0ff", event_number: 9120, stream_id: "746c5e49-4dda-4d3b-80f5-3eb9418caa62", stream_version: 1, causation_id: "9f595ce5-e540-41bb-9632-d6f03eb505dd", correlation_id: "0e31b69e-6820-415e-bc92-a376943df533", event_type: "Elixir.Nexus.ERP.Events.StatementUploaded", data: %Nexus.ERP.Events.StatementUploaded{statement_id: "746c5e49-4dda-4d3b-80f5-3eb9418caa62", org_id: "6c134e91-b360-4311-8a41-30be50491819", filename: "bank_statement.csv", format: "csv", lines: [%{id: "019cfe0b-97a9-780a-9f8a-95577d463942", status: "unmatched", date: "2024-01-01", metadata: %{}, currency: "EUR", ref: "REF001", amount: "100.00", narrative: "Test narrative"}, %{id: "019cfe0b-97a9-79ac-995e-e6f7649a9e7c", status: "unmatched", date: "2024-01-02", metadata: %{}, currency: "EUR", ref: "REF002", amount: "200.00", narrative: "New line"}], uploaded_at: "2026-03-17T23:04:58.496166Z", content_hash: "E696981C3C0A3E5AB706EB69FD368BF3B1E23A8CED4952C2D95B5DE0A480453E"}, created_at: ~U[2026-03-17 23:04:58.538098Z], metadata: %{"causation_id" => "019cfe0b-97a9-7df0-81fe-b5d637a12f9e", "correlation_id" => "019cfe0b-97a9-7df0-81fe-b5d637a12f9e"}}]
23:05:01.403 [debug] Nexus.Identity.Projectors.UserProjector received events: [%Commanded.EventStore.RecordedEvent{event_id: "345a5701-f188-45c1-82ff-7f031386b0ff", event_number: 9120, stream_id: "746c5e49-4dda-4d3b-80f5-3eb9418caa62", stream_version: 1, causation_id: "9f595ce5-e540-41bb-9632-d6f03eb505dd", correlation_id: "0e31b69e-6820-415e-bc92-a376943df533", event_type: "Elixir.Nexus.ERP.Events.StatementUploaded", data: %Nexus.ERP.Events.StatementUploaded{statement_id: "746c5e49-4dda-4d3b-80f5-3eb9418caa62", org_id: "6c134e91-b360-4311-8a41-30be50491819", filename: "bank_statement.csv", format: "csv", lines: [%{id: "019cfe0b-97a9-780a-9f8a-95577d463942", status: "unmatched", date: "2024-01-01", metadata: %{}, currency: "EUR", ref: "REF001", amount: "100.00", narrative: "Test narrative"}, %{id: "019cfe0b-97a9-79ac-995e-e6f7649a9e7c", status: "unmatched", date: "2024-01-02", metadata: %{}, currency: "EUR", ref: "REF002", amount: "200.00", narrative: "New line"}], uploaded_at: "2026-03-17T23:04:58.496166Z", content_hash: "E696981C3C0A3E5AB706EB69FD368BF3B1E23A8CED4952C2D95B5DE0A480453E"}, created_at: ~U[2026-03-17 23:04:58.538098Z], metadata: %{"causation_id" => "019cfe0b-97a9-7df0-81fe-b5d637a12f9e", "correlation_id" => "019cfe0b-97a9-7df0-81fe-b5d637a12f9e"}}]
23:05:01.403 [debug] Nexus.Identity.Projectors.UserRegistrationProjector received events: [%Commanded.EventStore.RecordedEvent{event_id: "fa8fa780-f2f3-4571-af03-491c0e51936f", event_number: 9121, stream_id: "446a6dd3-75a1-4ae0-a2e3-971f8c70a36e", stream_version: 1, causation_id: "4b8818a6-c338-492f-aa76-ca04908f5d6b", correlation_id: "6f5c079d-7354-4b55-9343-75bcd63976c4", event_type: "Elixir.Nexus.ERP.Events.StatementUploaded", data: %Nexus.ERP.Events.StatementUploaded{statement_id: "446a6dd3-75a1-4ae0-a2e3-971f8c70a36e", org_id: "8dd6879e-8b88-4193-ad82-d4d4385019ba", filename: "recon_test.csv", format: "csv", lines: [%{id: "019cfe0b-97d3-775c-a19b-9cb8855790a8", status: "unmatched", date: "2024-01-01", metadata: %{}, currency: "EUR", ref: "REF001", amount: "100.00", narrative: "Test narrative"}], uploaded_at: "2026-03-17T23:04:58.578548Z", content_hash: "2A6D7CDCA877B8631942E2171A0BB33BDDCE9ECA36C103C671439B8CCB0A6438"}, created_at: ~U[2026-03-17 23:04:58.579610Z], metadata: %{"causation_id" => "019cfe0b-97d2-7984-b1d9-5e4d946eae98", "correlation_id" => "019cfe0b-97d2-7984-b1d9-5e4d946eae98"}}]
23:05:01.403 [debug] Nexus.Identity.Projectors.UserProjector confirming receipt of event #9120 of events: [%Commanded.EventStore.RecordedEvent{event_id: "345a5701-f188-45c1-82ff-7f031386b0ff", event_number: 9120, stream_id: "746c5e49-4dda-4d3b-80f5-3eb9418caa62", stream_version: 1, causation_id: "9f595ce5-e540-41bb-9632-d6f03eb505dd", correlation_id: "0e31b69e-6820-415e-bc92-a376943df533", event_type: "Elixir.Nexus.ERP.Events.StatementUploaded", data: %Nexus.ERP.Events.StatementUploaded{statement_id: "746c5e49-4dda-4d3b-80f5-3eb9418caa62", org_id: "6c134e91-b360-4311-8a41-30be50491819", filename: "bank_statement.csv", format: "csv", lines: [%{id: "019cfe0b-97a9-780a-9f8a-95577d463942", status: "unmatched", date: "2024-01-01", metadata: %{}, currency: "EUR", ref: "REF001", amount: "100.00", narrative: "Test narrative"}, %{id: "019cfe0b-97a9-79ac-995e-e6f7649a9e7c", status: "unmatched", date: "2024-01-02", metadata: %{}, currency: "EUR", ref: "REF002", amount: "200.00", narrative: "New line"}], uploaded_at: "2026-03-17T23:04:58.496166Z", content_hash: "E696981C3C0A3E5AB706EB69FD368BF3B1E23A8CED4952C2D95B5DE0A480453E"}, created_at: ~U[2026-03-17 23:04:58.538098Z], metadata: %{"causation_id" => "019cfe0b-97a9-7df0-81fe-b5d637a12f9e", "correlation_id" => "019cfe0b-97a9-7df0-81fe-b5d637a12f9e"}}]
23:05:01.403 [debug] Nexus.Identity.Projectors.UserRegistrationProjector confirming receipt of event #9121 of events: [%Commanded.EventStore.RecordedEvent{event_id: "fa8fa780-f2f3-4571-af03-491c0e51936f", event_number: 9121, stream_id: "446a6dd3-75a1-4ae0-a2e3-971f8c70a36e", stream_version: 1, causation_id: "4b8818a6-c338-492f-aa76-ca04908f5d6b", correlation_id: "6f5c079d-7354-4b55-9343-75bcd63976c4", event_type: "Elixir.Nexus.ERP.Events.StatementUploaded", data: %Nexus.ERP.Events.StatementUploaded{statement_id: "446a6dd3-75a1-4ae0-a2e3-971f8c70a36e", org_id: "8dd6879e-8b88-4193-ad82-d4d4385019ba", filename: "recon_test.csv", format: "csv", lines: [%{id: "019cfe0b-97d3-775c-a19b-9cb8855790a8", status: "unmatched", date: "2024-01-01", metadata: %{}, currency: "EUR", ref: "REF001", amount: "100.00", narrative: "Test narrative"}], uploaded_at: "2026-03-17T23:04:58.578548Z", content_hash: "2A6D7CDCA877B8631942E2171A0BB33BDDCE9ECA36C103C671439B8CCB0A6438"}, created_at: ~U[2026-03-17 23:04:58.579610Z], metadata: %{"causation_id" => "019cfe0b-97d2-7984-b1d9-5e4d946eae98", "correlation_id" => "019cfe0b-97d2-7984-b1d9-5e4d946eae98"}}]
23:05:01.403 [debug] Nexus.Identity.Projectors.UserProjector received events: [%Commanded.EventStore.RecordedEvent{event_id: "fa8fa780-f2f3-4571-af03-491c0e51936f", event_number: 9121, stream_id: "446a6dd3-75a1-4ae0-a2e3-971f8c70a36e", stream_version: 1, causation_id: "4b8818a6-c338-492f-aa76-ca04908f5d6b", correlation_id: "6f5c079d-7354-4b55-9343-75bcd63976c4", event_type: "Elixir.Nexus.ERP.Events.StatementUploaded", data: %Nexus.ERP.Events.StatementUploaded{statement_id: "446a6dd3-75a1-4ae0-a2e3-971f8c70a36e", org_id: "8dd6879e-8b88-4193-ad82-d4d4385019ba", filename: "recon_test.csv", format: "csv", lines: [%{id: "019cfe0b-97d3-775c-a19b-9cb8855790a8", status: "unmatched", date: "2024-01-01", metadata: %{}, currency: "EUR", ref: "REF001", amount: "100.00", narrative: "Test narrative"}], uploaded_at: "2026-03-17T23:04:58.578548Z", content_hash: "2A6D7CDCA877B8631942E2171A0BB33BDDCE9ECA36C103C671439B8CCB0A6438"}, created_at: ~U[2026-03-17 23:04:58.579610Z], metadata: %{"causation_id" => "019cfe0b-97d2-7984-b1d9-5e4d946eae98", "correlation_id" => "019cfe0b-97d2-7984-b1d9-5e4d946eae98"}}]
23:05:01.403 [debug] Nexus.Identity.Projectors.UserRegistrationProjector received events: [%Commanded.EventStore.RecordedEvent{event_id: "f8c31600-c372-40b5-a45f-aba8e0393f39", event_number: 9122, stream_id: "d8e52057-fff3-420d-b29b-b52c1755df56", stream_version: 1, causation_id: "7cc47d7a-f2b6-4a5f-8ffa-5538ce470790", correlation_id: "9d6cd148-5401-4d0b-a0d2-6b5545199c33", event_type: "Elixir.Nexus.Treasury.Events.TransactionReconciled", data: %Nexus.Treasury.Events.TransactionReconciled{org_id: "8dd6879e-8b88-4193-ad82-d4d4385019ba", reconciliation_id: "d8e52057-fff3-420d-b29b-b52c1755df56", invoice_id: "09b7409a-ec42-4a7a-9116-97b29e6c975f", statement_id: "446a6dd3-75a1-4ae0-a2e3-971f8c70a36e", statement_line_id: "019cfe0b-97d3-775c-a19b-9cb8855790a8", amount: "100.00", variance: nil, variance_reason: nil, actor_email: "test@example.com", currency: "EUR", timestamp: "2026-03-17T23:04:58.603320Z"}, created_at: ~U[2026-03-17 23:04:58.605618Z], metadata: %{"causation_id" => "019cfe0b-97eb-7450-a7f8-a08adc7c82ab", "correlation_id" => "019cfe0b-97eb-7450-a7f8-a08adc7c82ab"}}]
23:05:01.403 [debug] Nexus.Identity.Projectors.UserProjector confirming receipt of event #9121 of events: [%Commanded.EventStore.RecordedEvent{event_id: "fa8fa780-f2f3-4571-af03-491c0e51936f", event_number: 9121, stream_id: "446a6dd3-75a1-4ae0-a2e3-971f8c70a36e", stream_version: 1, causation_id: "4b8818a6-c338-492f-aa76-ca04908f5d6b", correlation_id: "6f5c079d-7354-4b55-9343-75bcd63976c4", event_type: "Elixir.Nexus.ERP.Events.StatementUploaded", data: %Nexus.ERP.Events.StatementUploaded{statement_id: "446a6dd3-75a1-4ae0-a2e3-971f8c70a36e", org_id: "8dd6879e-8b88-4193-ad82-d4d4385019ba", filename: "recon_test.csv", format: "csv", lines: [%{id: "019cfe0b-97d3-775c-a19b-9cb8855790a8", status: "unmatched", date: "2024-01-01", metadata: %{}, currency: "EUR", ref: "REF001", amount: "100.00", narrative: "Test narrative"}], uploaded_at: "2026-03-17T23:04:58.578548Z", content_hash: "2A6D7CDCA877B8631942E2171A0BB33BDDCE9ECA36C103C671439B8CCB0A6438"}, created_at: ~U[2026-03-17 23:04:58.579610Z], metadata: %{"causation_id" => "019cfe0b-97d2-7984-b1d9-5e4d946eae98", "correlation_id" => "019cfe0b-97d2-7984-b1d9-5e4d946eae98"}}]
23:05:01.403 [debug] Nexus.Identity.Projectors.UserRegistrationProjector confirming receipt of event #9122 of events: [%Commanded.EventStore.RecordedEvent{event_id: "f8c31600-c372-40b5-a45f-aba8e0393f39", event_number: 9122, stream_id: "d8e52057-fff3-420d-b29b-b52c1755df56", stream_version: 1, causation_id: "7cc47d7a-f2b6-4a5f-8ffa-5538ce470790", correlation_id: "9d6cd148-5401-4d0b-a0d2-6b5545199c33", event_type: "Elixir.Nexus.Treasury.Events.TransactionReconciled", data: %Nexus.Treasury.Events.TransactionReconciled{org_id: "8dd6879e-8b88-4193-ad82-d4d4385019ba", reconciliation_id: "d8e52057-fff3-420d-b29b-b52c1755df56", invoice_id: "09b7409a-ec42-4a7a-9116-97b29e6c975f", statement_id: "446a6dd3-75a1-4ae0-a2e3-971f8c70a36e", statement_line_id: "019cfe0b-97d3-775c-a19b-9cb8855790a8", amount: "100.00", variance: nil, variance_reason: nil, actor_email: "test@example.com", currency: "EUR", timestamp: "2026-03-17T23:04:58.603320Z"}, created_at: ~U[2026-03-17 23:04:58.605618Z], metadata: %{"causation_id" => "019cfe0b-97eb-7450-a7f8-a08adc7c82ab", "correlation_id" => "019cfe0b-97eb-7450-a7f8-a08adc7c82ab"}}]
23:05:01.403 [debug] Nexus.Identity.Projectors.UserProjector received events: [%Commanded.EventStore.RecordedEvent{event_id: "f8c31600-c372-40b5-a45f-aba8e0393f39", event_number: 9122, stream_id: "d8e52057-fff3-420d-b29b-b52c1755df56", stream_version: 1, causation_id: "7cc47d7a-f2b6-4a5f-8ffa-5538ce470790", correlation_id: "9d6cd148-5401-4d0b-a0d2-6b5545199c33", event_type: "Elixir.Nexus.Treasury.Events.TransactionReconciled", data: %Nexus.Treasury.Events.TransactionReconciled{org_id: "8dd6879e-8b88-4193-ad82-d4d4385019ba", reconciliation_id: "d8e52057-fff3-420d-b29b-b52c1755df56", invoice_id: "09b7409a-ec42-4a7a-9116-97b29e6c975f", statement_id: "446a6dd3-75a1-4ae0-a2e3-971f8c70a36e", statement_line_id: "019cfe0b-97d3-775c-a19b-9cb8855790a8", amount: "100.00", variance: nil, variance_reason: nil, actor_email: "test@example.com", currency: "EUR", timestamp: "2026-03-17T23:04:58.603320Z"}, created_at: ~U[2026-03-17 23:04:58.605618Z], metadata: %{"causation_id" => "019cfe0b-97eb-7450-a7f8-a08adc7c82ab", "correlation_id" => "019cfe0b-97eb-7450-a7f8-a08adc7c82ab"}}]
23:05:01.403 [debug] Nexus.Identity.Projectors.UserRegistrationProjector received events: [%Commanded.EventStore.RecordedEvent{event_id: "2a929a56-9a55-4e59-a35f-0d6c68158abf", event_number: 9123, stream_id: "019cfe0b-980c-72d9-bae3-9ce7ac71335f", stream_version: 1, causation_id: "a8a5c3f5-93f6-420e-8f95-fb69e20c44f8", correlation_id: "f79a74e4-1bf1-40c2-a062-746d67110feb", event_type: "Elixir.Nexus.Identity.Events.UserRegistered", data: %Nexus.Identity.Events.UserRegistered{user_id: "019cfe0b-980c-72d9-bae3-9ce7ac71335f", org_id: "019cfe0b-980c-7e73-9bb1-c5f32c2890a8", email: "test_019cfe0b-980c-72d9-bae3-9ce7ac71335f@nexus.ai", role: "admin", cose_key: "test_key_019cfe0b-980c-72d9-bae3-9ce7ac71335f", credential_id: "test_cred_019cfe0b-980c-72d9-bae3-9ce7ac71335f", registered_at: "2026-03-17T23:04:58.636181Z", display_name: "Test User", status: "active"}, created_at: ~U[2026-03-17 23:04:58.641675Z], metadata: %{"causation_id" => "019cfe0b-980c-763d-88ef-f77bde17bd7c", "correlation_id" => "019cfe0b-980c-763d-88ef-f77bde17bd7c"}}]
23:05:01.403 [debug] Nexus.Identity.Projectors.UserProjector confirming receipt of event #9122 of events: [%Commanded.EventStore.RecordedEvent{event_id: "f8c31600-c372-40b5-a45f-aba8e0393f39", event_number: 9122, stream_id: "d8e52057-fff3-420d-b29b-b52c1755df56", stream_version: 1, causation_id: "7cc47d7a-f2b6-4a5f-8ffa-5538ce470790", correlation_id: "9d6cd148-5401-4d0b-a0d2-6b5545199c33", event_type: "Elixir.Nexus.Treasury.Events.TransactionReconciled", data: %Nexus.Treasury.Events.TransactionReconciled{org_id: "8dd6879e-8b88-4193-ad82-d4d4385019ba", reconciliation_id: "d8e52057-fff3-420d-b29b-b52c1755df56", invoice_id: "09b7409a-ec42-4a7a-9116-97b29e6c975f", statement_id: "446a6dd3-75a1-4ae0-a2e3-971f8c70a36e", statement_line_id: "019cfe0b-97d3-775c-a19b-9cb8855790a8", amount: "100.00", variance: nil, variance_reason: nil, actor_email: "test@example.com", currency: "EUR", timestamp: "2026-03-17T23:04:58.603320Z"}, created_at: ~U[2026-03-17 23:04:58.605618Z], metadata: %{"causation_id" => "019cfe0b-97eb-7450-a7f8-a08adc7c82ab", "correlation_id" => "019cfe0b-97eb-7450-a7f8-a08adc7c82ab"}}]
23:05:01.404 [debug] Nexus.Identity.Projectors.UserProjector received events: [%Commanded.EventStore.RecordedEvent{event_id: "2a929a56-9a55-4e59-a35f-0d6c68158abf", event_number: 9123, stream_id: "019cfe0b-980c-72d9-bae3-9ce7ac71335f", stream_version: 1, causation_id: "a8a5c3f5-93f6-420e-8f95-fb69e20c44f8", correlation_id: "f79a74e4-1bf1-40c2-a062-746d67110feb", event_type: "Elixir.Nexus.Identity.Events.UserRegistered", data: %Nexus.Identity.Events.UserRegistered{user_id: "019cfe0b-980c-72d9-bae3-9ce7ac71335f", org_id: "019cfe0b-980c-7e73-9bb1-c5f32c2890a8", email: "test_019cfe0b-980c-72d9-bae3-9ce7ac71335f@nexus.ai", role: "admin", cose_key: "test_key_019cfe0b-980c-72d9-bae3-9ce7ac71335f", credential_id: "test_cred_019cfe0b-980c-72d9-bae3-9ce7ac71335f", registered_at: "2026-03-17T23:04:58.636181Z", display_name: "Test User", status: "active"}, created_at: ~U[2026-03-17 23:04:58.641675Z], metadata: %{"causation_id" => "019cfe0b-980c-763d-88ef-f77bde17bd7c", "correlation_id" => "019cfe0b-980c-763d-88ef-f77bde17bd7c"}}]
23:05:01.404 [debug] Nexus.Identity.Projectors.UserProjector confirming receipt of event #9123 of events: [%Commanded.EventStore.RecordedEvent{event_id: "2a929a56-9a55-4e59-a35f-0d6c68158abf", event_number: 9123, stream_id: "019cfe0b-980c-72d9-bae3-9ce7ac71335f", stream_version: 1, causation_id: "a8a5c3f5-93f6-420e-8f95-fb69e20c44f8", correlation_id: "f79a74e4-1bf1-40c2-a062-746d67110feb", event_type: "Elixir.Nexus.Identity.Events.UserRegistered", data: %Nexus.Identity.Events.UserRegistered{user_id: "019cfe0b-980c-72d9-bae3-9ce7ac71335f", org_id: "019cfe0b-980c-7e73-9bb1-c5f32c2890a8", email: "test_019cfe0b-980c-72d9-bae3-9ce7ac71335f@nexus.ai", role: "admin", cose_key: "test_key_019cfe0b-980c-72d9-bae3-9ce7ac71335f", credential_id: "test_cred_019cfe0b-980c-72d9-bae3-9ce7ac71335f", registered_at: "2026-03-17T23:04:58.636181Z", display_name: "Test User", status: "active"}, created_at: ~U[2026-03-17 23:04:58.641675Z], metadata: %{"causation_id" => "019cfe0b-980c-763d-88ef-f77bde17bd7c", "correlation_id" => "019cfe0b-980c-763d-88ef-f77bde17bd7c"}}]
23:05:01.404 [debug] Nexus.Identity.Projectors.UserProjector received events: [%Commanded.EventStore.RecordedEvent{event_id: "05d1451c-0bfa-4f0c-9107-577ad2d2ac2f", event_number: 9124, stream_id: "019cfe0b-9855-7c08-a357-d4047bcf3367", stream_version: 1, causation_id: "882e9393-7c13-4874-8ee4-bfe7a461a2e7", correlation_id: "335c8529-4674-4477-8c89-3220eb6ab153", event_type: "Elixir.Nexus.Treasury.Events.TransferInitiated", data: %Nexus.Treasury.Events.TransferInitiated{transfer_id: "019cfe0b-9855-7c08-a357-d4047bcf3367", org_id: "019cfe0b-980c-7e73-9bb1-c5f32c2890a8", user_id: "019cfe0b-980c-72d9-bae3-9ce7ac71335f", from_currency: "EUR", to_currency: "USD", amount: "100", status: "authorized", bulk_payment_id: nil, recipient_data: nil, requested_at: "2026-03-17T23:04:58.709496Z"}, created_at: ~U[2026-03-17 23:04:58.711863Z], metadata: %{"causation_id" => "019cfe0b-9855-7a98-b612-d5e0a60dc08c", "correlation_id" => "019cfe0b-9855-7a98-b612-d5e0a60dc08c"}}]
23:05:01.404 [debug] Nexus.Identity.Projectors.UserProjector confirming receipt of event #9124 of events: [%Commanded.EventStore.RecordedEvent{event_id: "05d1451c-0bfa-4f0c-9107-577ad2d2ac2f", event_number: 9124, stream_id: "019cfe0b-9855-7c08-a357-d4047bcf3367", stream_version: 1, causation_id: "882e9393-7c13-4874-8ee4-bfe7a461a2e7", correlation_id: "335c8529-4674-4477-8c89-3220eb6ab153", event_type: "Elixir.Nexus.Treasury.Events.TransferInitiated", data: %Nexus.Treasury.Events.TransferInitiated{transfer_id: "019cfe0b-9855-7c08-a357-d4047bcf3367", org_id: "019cfe0b-980c-7e73-9bb1-c5f32c2890a8", user_id: "019cfe0b-980c-72d9-bae3-9ce7ac71335f", from_currency: "EUR", to_currency: "USD", amount: "100", status: "authorized", bulk_payment_id: nil, recipient_data: nil, requested_at: "2026-03-17T23:04:58.709496Z"}, created_at: ~U[2026-03-17 23:04:58.711863Z], metadata: %{"causation_id" => "019cfe0b-9855-7a98-b612-d5e0a60dc08c", "correlation_id" => "019cfe0b-9855-7a98-b612-d5e0a60dc08c"}}]
23:05:01.405 [debug] Nexus.Identity.Projectors.UserProjector received events: [%Commanded.EventStore.RecordedEvent{event_id: "0812c1c5-b14c-4035-ae0b-c1e74d8cd971", event_number: 9125, stream_id: "019cfe0b-9855-7c08-a357-d4047bcf3367", stream_version: 2, causation_id: "ddcc7769-983c-447d-a8cf-9691c86adaeb", correlation_id: "2edc4a0a-dd3d-45e1-93d5-b282e47767bd", event_type: "Elixir.Nexus.Treasury.Events.TransferExecuted", data: %Nexus.Treasury.Events.TransferExecuted{transfer_id: "019cfe0b-9855-7c08-a357-d4047bcf3367", org_id: "019cfe0b-980c-7e73-9bb1-c5f32c2890a8", amount: "100", from_currency: "EUR", to_currency: "USD", recipient_data: nil, executed_at: "2026-03-17T23:04:58.716334Z"}, created_at: ~U[2026-03-17 23:04:58.717923Z], metadata: %{"causation_id" => "019cfe0b-985c-7b14-bd67-3821e6a95845", "correlation_id" => "019cfe0b-985c-7b14-bd67-3821e6a95845"}}]
23:05:01.405 [debug] Nexus.Identity.Projectors.UserProjector confirming receipt of event #9125 of events: [%Commanded.EventStore.RecordedEvent{event_id: "0812c1c5-b14c-4035-ae0b-c1e74d8cd971", event_number: 9125, stream_id: "019cfe0b-9855-7c08-a357-d4047bcf3367", stream_version: 2, causation_id: "ddcc7769-983c-447d-a8cf-9691c86adaeb", correlation_id: "2edc4a0a-dd3d-45e1-93d5-b282e47767bd", event_type: "Elixir.Nexus.Treasury.Events.TransferExecuted", data: %Nexus.Treasury.Events.TransferExecuted{transfer_id: "019cfe0b-9855-7c08-a357-d4047bcf3367", org_id: "019cfe0b-980c-7e73-9bb1-c5f32c2890a8", amount: "100", from_currency: "EUR", to_currency: "USD", recipient_data: nil, executed_at: "2026-03-17T23:04:58.716334Z"}, created_at: ~U[2026-03-17 23:04:58.717923Z], metadata: %{"causation_id" => "019cfe0b-985c-7b14-bd67-3821e6a95845", "correlation_id" => "019cfe0b-985c-7b14-bd67-3821e6a95845"}}]
23:05:01.405 [debug] Nexus.Identity.Projectors.UserProjector received events: [%Commanded.EventStore.RecordedEvent{event_id: "40cd3e0e-2e6a-43a0-8fa7-a36964ebfe97", event_number: 9126, stream_id: "TransferHardeningTest.PM-019cfe0b-980c-72d9-bae3-9ce7ac71335f", stream_version: 1, causation_id: nil, correlation_id: nil, event_type: "Elixir.Nexus.Treasury.Events.TransferInitiated", data: %Nexus.Treasury.Events.TransferInitiated{transfer_id: "019cfe0b-9855-7c08-a357-d4047bcf3367", org_id: "019cfe0b-980c-7e73-9bb1-c5f32c2890a8", user_id: "019cfe0b-980c-72d9-bae3-9ce7ac71335f", from_currency: "EUR", to_currency: "USD", amount: "100", status: "authorized", bulk_payment_id: nil, recipient_data: nil, requested_at: "2026-03-17T23:04:58.709496Z"}, created_at: ~U[2026-03-17 23:04:58.720512Z], metadata: %{}}]
23:05:01.405 [debug] Nexus.Identity.Projectors.UserProjector confirming receipt of event #9126 of events: [%Commanded.EventStore.RecordedEvent{event_id: "40cd3e0e-2e6a-43a0-8fa7-a36964ebfe97", event_number: 9126, stream_id: "TransferHardeningTest.PM-019cfe0b-980c-72d9-bae3-9ce7ac71335f", stream_version: 1, causation_id: nil, correlation_id: nil, event_type: "Elixir.Nexus.Treasury.Events.TransferInitiated", data: %Nexus.Treasury.Events.TransferInitiated{transfer_id: "019cfe0b-9855-7c08-a357-d4047bcf3367", org_id: "019cfe0b-980c-7e73-9bb1-c5f32c2890a8", user_id: "019cfe0b-980c-72d9-bae3-9ce7ac71335f", from_currency: "EUR", to_currency: "USD", amount: "100", status: "authorized", bulk_payment_id: nil, recipient_data: nil, requested_at: "2026-03-17T23:04:58.709496Z"}, created_at: ~U[2026-03-17 23:04:58.720512Z], metadata: %{}}]
23:05:01.406 [debug] Nexus.Identity.Projectors.UserProjector received events: [%Commanded.EventStore.RecordedEvent{event_id: "9709aa52-ffd5-498b-9016-2d258444dfd9", event_number: 9127, stream_id: "019cfe0b-9c1b-773f-b888-d6e9eeb49113", stream_version: 1, causation_id: "241bad3a-3ee9-4505-a679-711589735a2e", correlation_id: "56af21c1-8e0c-4a5a-bb26-deddd7ff5616", event_type: "Elixir.Nexus.Identity.Events.UserRegistered", data: %Nexus.Identity.Events.UserRegistered{user_id: "019cfe0b-9c1b-773f-b888-d6e9eeb49113", org_id: "019cfe0b-9c1b-7840-8aad-df5e1bb839a5", email: "test_019cfe0b-9c1b-773f-b888-d6e9eeb49113@nexus.ai", role: "admin", cose_key: "test_key_019cfe0b-9c1b-773f-b888-d6e9eeb49113", credential_id: "test_cred_019cfe0b-9c1b-773f-b888-d6e9eeb49113", registered_at: "2026-03-17T23:04:59.675445Z", display_name: "Test User", status: "active"}, created_at: ~U[2026-03-17 23:04:59.677019Z], metadata: %{"causation_id" => "019cfe0b-9c1b-717d-a2b6-1d23a8887c49", "correlation_id" => "019cfe0b-9c1b-717d-a2b6-1d23a8887c49"}}]
23:05:01.406 [debug] Nexus.Identity.Projectors.UserProjector confirming receipt of event #9127 of events: [%Commanded.EventStore.RecordedEvent{event_id: "9709aa52-ffd5-498b-9016-2d258444dfd9", event_number: 9127, stream_id: "019cfe0b-9c1b-773f-b888-d6e9eeb49113", stream_version: 1, causation_id: "241bad3a-3ee9-4505-a679-711589735a2e", correlation_id: "56af21c1-8e0c-4a5a-bb26-deddd7ff5616", event_type: "Elixir.Nexus.Identity.Events.UserRegistered", data: %Nexus.Identity.Events.UserRegistered{user_id: "019cfe0b-9c1b-773f-b888-d6e9eeb49113", org_id: "019cfe0b-9c1b-7840-8aad-df5e1bb839a5", email: "test_019cfe0b-9c1b-773f-b888-d6e9eeb49113@nexus.ai", role: "admin", cose_key: "test_key_019cfe0b-9c1b-773f-b888-d6e9eeb49113", credential_id: "test_cred_019cfe0b-9c1b-773f-b888-d6e9eeb49113", registered_at: "2026-03-17T23:04:59.675445Z", display_name: "Test User", status: "active"}, created_at: ~U[2026-03-17 23:04:59.677019Z], metadata: %{"causation_id" => "019cfe0b-9c1b-717d-a2b6-1d23a8887c49", "correlation_id" => "019cfe0b-9c1b-717d-a2b6-1d23a8887c49"}}]
23:05:01.406 [debug] Nexus.Identity.Projectors.UserProjector received events: [%Commanded.EventStore.RecordedEvent{event_id: "6edee3e5-2533-4827-8c2e-e2fafdb5c98d", event_number: 9128, stream_id: "019cfe0b-9c63-728b-b16c-ee83a98539e8", stream_version: 1, causation_id: "e2105c26-b9ec-40eb-9835-565c288affa3", correlation_id: "53a8738b-facd-4a04-b167-dadc17126edc", event_type: "Elixir.Nexus.Treasury.Events.TransferInitiated", data: %Nexus.Treasury.Events.TransferInitiated{transfer_id: "019cfe0b-9c63-728b-b16c-ee83a98539e8", org_id: "019cfe0b-9c1b-7840-8aad-df5e1bb839a5", user_id: "019cfe0b-9c1b-773f-b888-d6e9eeb49113", from_currency: "EUR", to_currency: "USD", amount: "5000000", status: "pending_authorization", bulk_payment_id: nil, recipient_data: nil, requested_at: "2026-03-17T23:04:59.747125Z"}, created_at: ~U[2026-03-17 23:04:59.747703Z], metadata: %{"causation_id" => "019cfe0b-9c63-7805-9761-2340b4ca5443", "correlation_id" => "019cfe0b-9c63-7805-9761-2340b4ca5443"}}]
23:05:01.406 [debug] Nexus.Identity.Projectors.UserProjector confirming receipt of event #9128 of events: [%Commanded.EventStore.RecordedEvent{event_id: "6edee3e5-2533-4827-8c2e-e2fafdb5c98d", event_number: 9128, stream_id: "019cfe0b-9c63-728b-b16c-ee83a98539e8", stream_version: 1, causation_id: "e2105c26-b9ec-40eb-9835-565c288affa3", correlation_id: "53a8738b-facd-4a04-b167-dadc17126edc", event_type: "Elixir.Nexus.Treasury.Events.TransferInitiated", data: %Nexus.Treasury.Events.TransferInitiated{transfer_id: "019cfe0b-9c63-728b-b16c-ee83a98539e8", org_id: "019cfe0b-9c1b-7840-8aad-df5e1bb839a5", user_id: "019cfe0b-9c1b-773f-b888-d6e9eeb49113", from_currency: "EUR", to_currency: "USD", amount: "5000000", status: "pending_authorization", bulk_payment_id: nil, recipient_data: nil, requested_at: "2026-03-17T23:04:59.747125Z"}, created_at: ~U[2026-03-17 23:04:59.747703Z], metadata: %{"causation_id" => "019cfe0b-9c63-7805-9761-2340b4ca5443", "correlation_id" => "019cfe0b-9c63-7805-9761-2340b4ca5443"}}]
23:05:01.406 [debug] QUERY OK db=0.0ms
begin []
23:05:01.406 [debug] Nexus.Identity.Projectors.UserProjector received events: [%Commanded.EventStore.RecordedEvent{event_id: "90531bc2-a455-4c3c-a8d0-66de7020decf", event_number: 9129, stream_id: "TransferHardeningTest.PM-019cfe0b-9c1b-773f-b888-d6e9eeb49113", stream_version: 1, causation_id: nil, correlation_id: nil, event_type: "Elixir.Nexus.Treasury.Events.TransferInitiated", data: %Nexus.Treasury.Events.TransferInitiated{transfer_id: "019cfe0b-9c63-728b-b16c-ee83a98539e8", org_id: "019cfe0b-9c1b-7840-8aad-df5e1bb839a5", user_id: "019cfe0b-9c1b-773f-b888-d6e9eeb49113", from_currency: "EUR", to_currency: "USD", amount: "5000000", status: "pending_authorization", bulk_payment_id: nil, recipient_data: nil, requested_at: "2026-03-17T23:04:59.747125Z"}, created_at: ~U[2026-03-17 23:04:59.750520Z], metadata: %{}}]
23:05:01.406 [debug] Nexus.Identity.Projectors.UserProjector confirming receipt of event #9129 of events: [%Commanded.EventStore.RecordedEvent{event_id: "90531bc2-a455-4c3c-a8d0-66de7020decf", event_number: 9129, stream_id: "TransferHardeningTest.PM-019cfe0b-9c1b-773f-b888-d6e9eeb49113", stream_version: 1, causation_id: nil, correlation_id: nil, event_type: "Elixir.Nexus.Treasury.Events.TransferInitiated", data: %Nexus.Treasury.Events.TransferInitiated{transfer_id: "019cfe0b-9c63-728b-b16c-ee83a98539e8", org_id: "019cfe0b-9c1b-7840-8aad-df5e1bb839a5", user_id: "019cfe0b-9c1b-773f-b888-d6e9eeb49113", from_currency: "EUR", to_currency: "USD", amount: "5000000", status: "pending_authorization", bulk_payment_id: nil, recipient_data: nil, requested_at: "2026-03-17T23:04:59.747125Z"}, created_at: ~U[2026-03-17 23:04:59.750520Z], metadata: %{}}]
23:05:01.406 [debug] QUERY OK source="projection_versions" db=0.2ms
INSERT INTO "projection_versions" AS p0 ("projection_name","last_seen_event_number","inserted_at","updated_at") VALUES ($1,$2,$3,$4) ON CONFLICT ("projection_name") DO UPDATE SET "last_seen_event_number" = $5 WHERE ((p0."projection_name" = $6) AND (p0."last_seen_event_number" < $7)) ["Identity.Projectors.UserRegistrationProjector", 9123, ~N[2026-03-17 23:05:01.406634], ~N[2026-03-17 23:05:01.406634], 9123, "Identity.Projectors.UserRegistrationProjector", 9123]
23:05:01.407 [debug] Nexus.Identity.Projectors.UserProjector received events: [%Commanded.EventStore.RecordedEvent{event_id: "02bc6b12-2a14-4656-bec9-127850e7bce0", event_number: 9130, stream_id: "019cfe0b-9c1b-773f-b888-d6e9eeb49113", stream_version: 2, causation_id: "7bb967fd-88b6-4522-9b33-90f54c29e83d", correlation_id: "18d6c1a1-56b1-4f84-8f4c-9d9e81c8d307", event_type: "Elixir.Nexus.Identity.Events.StepUpVerified", data: %Nexus.Identity.Events.StepUpVerified{user_id: "019cfe0b-9c1b-773f-b888-d6e9eeb49113", org_id: "019cfe0b-9c1b-7840-8aad-df5e1bb839a5", action_id: "019cfe0b-9c63-728b-b16c-ee83a98539e8", verified_at: "2026-03-17T23:05:00.361013Z"}, created_at: ~U[2026-03-17 23:05:00.361393Z], metadata: %{"causation_id" => "019cfe0b-9ec9-76bd-a746-622fa1b4d5fd", "correlation_id" => "019cfe0b-9ec9-76bd-a746-622fa1b4d5fd"}}]
23:05:01.407 [debug] Nexus.Identity.Projectors.UserProjector confirming receipt of event #9130 of events: [%Commanded.EventStore.RecordedEvent{event_id: "02bc6b12-2a14-4656-bec9-127850e7bce0", event_number: 9130, stream_id: "019cfe0b-9c1b-773f-b888-d6e9eeb49113", stream_version: 2, causation_id: "7bb967fd-88b6-4522-9b33-90f54c29e83d", correlation_id: "18d6c1a1-56b1-4f84-8f4c-9d9e81c8d307", event_type: "Elixir.Nexus.Identity.Events.StepUpVerified", data: %Nexus.Identity.Events.StepUpVerified{user_id: "019cfe0b-9c1b-773f-b888-d6e9eeb49113", org_id: "019cfe0b-9c1b-7840-8aad-df5e1bb839a5", action_id: "019cfe0b-9c63-728b-b16c-ee83a98539e8", verified_at: "2026-03-17T23:05:00.361013Z"}, created_at: ~U[2026-03-17 23:05:00.361393Z], metadata: %{"causation_id" => "019cfe0b-9ec9-76bd-a746-622fa1b4d5fd", "correlation_id" => "019cfe0b-9ec9-76bd-a746-622fa1b4d5fd"}}]
23:05:01.407 [debug] Nexus.Identity.Projectors.UserProjector received events: [%Commanded.EventStore.RecordedEvent{event_id: "09d86915-af0e-4ff5-b7d2-38465f6c391c", event_number: 9131, stream_id: "019cfe0b-9c63-728b-b16c-ee83a98539e8", stream_version: 2, causation_id: "7c92e900-b067-423f-a85a-4a4b692dccb1", correlation_id: "11173cf0-e604-4f48-883f-386ae42668c1", event_type: "Elixir.Nexus.Treasury.Events.TransferAuthorized", data: %Nexus.Treasury.Events.TransferAuthorized{transfer_id: "019cfe0b-9c63-728b-b16c-ee83a98539e8", org_id: "019cfe0b-9c1b-7840-8aad-df5e1bb839a5", user_id: nil, actor_email: nil, authorized_at: "2026-03-17T23:05:00.361013Z"}, created_at: ~U[2026-03-17 23:05:00.366224Z], metadata: %{"causation_id" => "019cfe0b-9ecc-7887-bec1-ae89e514591b", "correlation_id" => "019cfe0b-9ecc-7887-bec1-ae89e514591b"}}]
23:05:01.407 [debug] Nexus.Identity.Projectors.UserProjector confirming receipt of event #9131 of events: [%Commanded.EventStore.RecordedEvent{event_id: "09d86915-af0e-4ff5-b7d2-38465f6c391c", event_number: 9131, stream_id: "019cfe0b-9c63-728b-b16c-ee83a98539e8", stream_version: 2, causation_id: "7c92e900-b067-423f-a85a-4a4b692dccb1", correlation_id: "11173cf0-e604-4f48-883f-386ae42668c1", event_type: "Elixir.Nexus.Treasury.Events.TransferAuthorized", data: %Nexus.Treasury.Events.TransferAuthorized{transfer_id: "019cfe0b-9c63-728b-b16c-ee83a98539e8", org_id: "019cfe0b-9c1b-7840-8aad-df5e1bb839a5", user_id: nil, actor_email: nil, authorized_at: "2026-03-17T23:05:00.361013Z"}, created_at: ~U[2026-03-17 23:05:00.366224Z], metadata: %{"causation_id" => "019cfe0b-9ecc-7887-bec1-ae89e514591b", "correlation_id" => "019cfe0b-9ecc-7887-bec1-ae89e514591b"}}]
23:05:01.407 [debug] QUERY OK source="users" db=0.3ms
SELECT u0."id", u0."org_id", u0."email", u0."display_name", u0."role", u0."status", u0."cose_key", u0."credential_id", u0."created_at", u0."updated_at" FROM "users" AS u0 WHERE (u0."id" = $1) ["019cfe0b-980c-72d9-bae3-9ce7ac71335f"]
23:05:01.407 [debug] Nexus.Identity.Projectors.UserProjector received events: [%Commanded.EventStore.RecordedEvent{event_id: "e7d6ed99-b2e9-44e2-8518-e6bd0a4ae175", event_number: 9132, stream_id: "TransferHardeningTest.PM-019cfe0b-9c1b-773f-b888-d6e9eeb49113", stream_version: 2, causation_id: nil, correlation_id: nil, event_type: "Elixir.Nexus.Identity.Events.StepUpVerified", data: %Nexus.Identity.Events.StepUpVerified{user_id: "019cfe0b-9c1b-773f-b888-d6e9eeb49113", org_id: "019cfe0b-9c1b-7840-8aad-df5e1bb839a5", action_id: "019cfe0b-9c63-728b-b16c-ee83a98539e8", verified_at: "2026-03-17T23:05:00.361013Z"}, created_at: ~U[2026-03-17 23:05:00.368259Z], metadata: %{}}]
23:05:01.407 [debug] Nexus.Identity.Projectors.UserProjector confirming receipt of event #9132 of events: [%Commanded.EventStore.RecordedEvent{event_id: "e7d6ed99-b2e9-44e2-8518-e6bd0a4ae175", event_number: 9132, stream_id: "TransferHardeningTest.PM-019cfe0b-9c1b-773f-b888-d6e9eeb49113", stream_version: 2, causation_id: nil, correlation_id: nil, event_type: "Elixir.Nexus.Identity.Events.StepUpVerified", data: %Nexus.Identity.Events.StepUpVerified{user_id: "019cfe0b-9c1b-773f-b888-d6e9eeb49113", org_id: "019cfe0b-9c1b-7840-8aad-df5e1bb839a5", action_id: "019cfe0b-9c63-728b-b16c-ee83a98539e8", verified_at: "2026-03-17T23:05:00.361013Z"}, created_at: ~U[2026-03-17 23:05:00.368259Z], metadata: %{}}]
23:05:01.407 [debug] QUERY OK source="users" db=0.0ms
SELECT u0."id", u0."org_id", u0."email", u0."display_name", u0."role", u0."status", u0."cose_key", u0."credential_id", u0."created_at", u0."updated_at" FROM "users" AS u0 WHERE (u0."email" = $1) ["test_019cfe0b-980c-72d9-bae3-9ce7ac71335f@nexus.ai"]
23:05:01.407 [debug] Nexus.Identity.Projectors.UserProjector received events: [%Commanded.EventStore.RecordedEvent{event_id: "dc1f4bee-e569-4077-89c9-086a5d3d9be4", event_number: 9133, stream_id: "TransferHardeningTest.PM-019cfe0b-9c1b-773f-b888-d6e9eeb49113", stream_version: 3, causation_id: nil, correlation_id: nil, event_type: "Elixir.Nexus.Treasury.Events.TransferInitiated", data: %Nexus.Treasury.Events.TransferInitiated{transfer_id: "019cfe0b-9c63-728b-b16c-ee83a98539e8", org_id: "019cfe0b-9c1b-7840-8aad-df5e1bb839a5", user_id: "019cfe0b-9c1b-773f-b888-d6e9eeb49113", from_currency: "EUR", to_currency: "USD", amount: "5000000", status: "pending_authorization", bulk_payment_id: nil, recipient_data: nil, requested_at: "2026-03-17T23:04:59.747125Z"}, created_at: ~U[2026-03-17 23:05:00.370120Z], metadata: %{}}]
23:05:01.408 [debug] Nexus.Identity.Projectors.UserProjector confirming receipt of event #9133 of events: [%Commanded.EventStore.RecordedEvent{event_id: "dc1f4bee-e569-4077-89c9-086a5d3d9be4", event_number: 9133, stream_id: "TransferHardeningTest.PM-019cfe0b-9c1b-773f-b888-d6e9eeb49113", stream_version: 3, causation_id: nil, correlation_id: nil, event_type: "Elixir.Nexus.Treasury.Events.TransferInitiated", data: %Nexus.Treasury.Events.TransferInitiated{transfer_id: "019cfe0b-9c63-728b-b16c-ee83a98539e8", org_id: "019cfe0b-9c1b-7840-8aad-df5e1bb839a5", user_id: "019cfe0b-9c1b-773f-b888-d6e9eeb49113", from_currency: "EUR", to_currency: "USD", amount: "5000000", status: "pending_authorization", bulk_payment_id: nil, recipient_data: nil, requested_at: "2026-03-17T23:04:59.747125Z"}, created_at: ~U[2026-03-17 23:05:00.370120Z], metadata: %{}}]
23:05:01.408 [debug] QUERY OK source="users" db=0.1ms
INSERT INTO "users" ("id","status","role","org_id","email","display_name","cose_key","credential_id","created_at","updated_at") VALUES ($1,$2,$3,$4,$5,$6,$7,$8,$9,$10) ["019cfe0b-980c-72d9-bae3-9ce7ac71335f", "active", "admin", "019cfe0b-980c-7e73-9bb1-c5f32c2890a8", "test_019cfe0b-980c-72d9-bae3-9ce7ac71335f@nexus.ai", "Test User", "test_key_019cfe0b-980c-72d9-bae3-9ce7ac71335f", "test_cred_019cfe0b-980c-72d9-bae3-9ce7ac71335f", ~U[2026-03-17 23:05:01.407843Z], ~U[2026-03-17 23:05:01.407843Z]]
23:05:01.408 [debug] Nexus.Identity.Projectors.UserProjector received events: [%Commanded.EventStore.RecordedEvent{event_id: "f77b2b91-844a-443e-9092-b0c4e2fd5d4f", event_number: 9134, stream_id: "019cfe0b-9c63-728b-b16c-ee83a98539e8", stream_version: 3, causation_id: "5972202a-3502-4ebc-87c4-61dcf2939ec4", correlation_id: "577528ae-9dc3-45f1-9143-12b4244c8fe9", event_type: "Elixir.Nexus.Treasury.Events.TransferExecuted", data: %Nexus.Treasury.Events.TransferExecuted{transfer_id: "019cfe0b-9c63-728b-b16c-ee83a98539e8", org_id: "019cfe0b-9c1b-7840-8aad-df5e1bb839a5", amount: "5000000", from_currency: "EUR", to_currency: "USD", recipient_data: nil, executed_at: "2026-03-17T23:05:00.371282Z"}, created_at: ~U[2026-03-17 23:05:00.371613Z], metadata: %{"causation_id" => "019cfe0b-9ed3-7eec-9de0-d165b0895f38", "correlation_id" => "019cfe0b-9ed3-7eec-9de0-d165b0895f38"}}]
23:05:01.408 [debug] Nexus.Identity.Projectors.UserProjector confirming receipt of event #9134 of events: [%Commanded.EventStore.RecordedEvent{event_id: "f77b2b91-844a-443e-9092-b0c4e2fd5d4f", event_number: 9134, stream_id: "019cfe0b-9c63-728b-b16c-ee83a98539e8", stream_version: 3, causation_id: "5972202a-3502-4ebc-87c4-61dcf2939ec4", correlation_id: "577528ae-9dc3-45f1-9143-12b4244c8fe9", event_type: "Elixir.Nexus.Treasury.Events.TransferExecuted", data: %Nexus.Treasury.Events.TransferExecuted{transfer_id: "019cfe0b-9c63-728b-b16c-ee83a98539e8", org_id: "019cfe0b-9c1b-7840-8aad-df5e1bb839a5", amount: "5000000", from_currency: "EUR", to_currency: "USD", recipient_data: nil, executed_at: "2026-03-17T23:05:00.371282Z"}, created_at: ~U[2026-03-17 23:05:00.371613Z], metadata: %{"causation_id" => "019cfe0b-9ed3-7eec-9de0-d165b0895f38", "correlation_id" => "019cfe0b-9ed3-7eec-9de0-d165b0895f38"}}]
23:05:01.408 [debug] Nexus.Identity.Projectors.UserProjector received events: [%Commanded.EventStore.RecordedEvent{event_id: "7de0298a-d38a-4a2f-a588-508b3de32166", event_number: 9135, stream_id: "TransferHardeningTest.PM-019cfe0b-9c1b-773f-b888-d6e9eeb49113", stream_version: 4, causation_id: nil, correlation_id: nil, event_type: "Elixir.Nexus.Treasury.Events.TransferAuthorized", data: %Nexus.Treasury.Events.TransferAuthorized{transfer_id: "019cfe0b-9c63-728b-b16c-ee83a98539e8", org_id: "019cfe0b-9c1b-7840-8aad-df5e1bb839a5", user_id: nil, actor_email: nil, authorized_at: "2026-03-17T23:05:00.361013Z"}, created_at: ~U[2026-03-17 23:05:00.372504Z], metadata: %{}}]
23:05:01.408 [debug] Nexus.Identity.Projectors.UserProjector confirming receipt of event #9135 of events: [%Commanded.EventStore.RecordedEvent{event_id: "7de0298a-d38a-4a2f-a588-508b3de32166", event_number: 9135, stream_id: "TransferHardeningTest.PM-019cfe0b-9c1b-773f-b888-d6e9eeb49113", stream_version: 4, causation_id: nil, correlation_id: nil, event_type: "Elixir.Nexus.Treasury.Events.TransferAuthorized", data: %Nexus.Treasury.Events.TransferAuthorized{transfer_id: "019cfe0b-9c63-728b-b16c-ee83a98539e8", org_id: "019cfe0b-9c1b-7840-8aad-df5e1bb839a5", user_id: nil, actor_email: nil, authorized_at: "2026-03-17T23:05:00.361013Z"}, created_at: ~U[2026-03-17 23:05:00.372504Z], metadata: %{}}]
23:05:01.409 [debug] Nexus.Identity.Projectors.UserProjector received events: [%Commanded.EventStore.RecordedEvent{event_id: "e988ebb5-54d2-4582-b43f-05e34bf14903", event_number: 9136, stream_id: "019cfe0b-a2a1-7f39-9bb3-44746559e73d", stream_version: 1, causation_id: "ecf84349-152c-46ed-9cee-4f7501d7a21b", correlation_id: "d3b4e4ca-e71c-43de-a4ce-7c34cc241f5c", event_type: "Elixir.Nexus.Identity.Events.UserRegistered", data: %Nexus.Identity.Events.UserRegistered{user_id: "019cfe0b-a2a1-7f39-9bb3-44746559e73d", org_id: "019cfe0b-a2a1-77dd-a304-19498dc53595", email: "test@example.com", role: "system_admin", cose_key: "Ym9vdHN0cmFwX2Nvc2Vfa2V5", credential_id: "Ym9vdHN0cmFwX2NyZWRlbnRpYWxfaWQ=", registered_at: "2026-03-17T23:05:01.345712Z", display_name: "Test User", status: "active"}, created_at: ~U[2026-03-17 23:05:01.346464Z], metadata: %{"causation_id" => "019cfe0b-a2a1-7f3a-8d9d-90f5ec1e2fbf", "correlation_id" => "019cfe0b-a2a1-7f3a-8d9d-90f5ec1e2fbf"}}]
23:05:01.409 [debug] Nexus.Identity.Projectors.UserProjector confirming receipt of event #9136 of events: [%Commanded.EventStore.RecordedEvent{event_id: "e988ebb5-54d2-4582-b43f-05e34bf14903", event_number: 9136, stream_id: "019cfe0b-a2a1-7f39-9bb3-44746559e73d", stream_version: 1, causation_id: "ecf84349-152c-46ed-9cee-4f7501d7a21b", correlation_id: "d3b4e4ca-e71c-43de-a4ce-7c34cc241f5c", event_type: "Elixir.Nexus.Identity.Events.UserRegistered", data: %Nexus.Identity.Events.UserRegistered{user_id: "019cfe0b-a2a1-7f39-9bb3-44746559e73d", org_id: "019cfe0b-a2a1-77dd-a304-19498dc53595", email: "test@example.com", role: "system_admin", cose_key: "Ym9vdHN0cmFwX2Nvc2Vfa2V5", credential_id: "Ym9vdHN0cmFwX2NyZWRlbnRpYWxfaWQ=", registered_at: "2026-03-17T23:05:01.345712Z", display_name: "Test User", status: "active"}, created_at: ~U[2026-03-17 23:05:01.346464Z], metadata: %{"causation_id" => "019cfe0b-a2a1-7f3a-8d9d-90f5ec1e2fbf", "correlation_id" => "019cfe0b-a2a1-7f3a-8d9d-90f5ec1e2fbf"}}]
23:05:01.410 [debug] Nexus.Identity.Projectors.UserProjector received events: [%Commanded.EventStore.RecordedEvent{event_id: "6a5568d1-6907-41a2-a84f-df015c60db63", event_number: 9137, stream_id: "019cfe0b-a2a7-7784-98fe-5600c3b013b6", stream_version: 1, causation_id: "a61bd54d-b854-4e4d-a40a-2e6a4d2284a5", correlation_id: "8f83ef8b-cfa6-4d88-8de8-c83da0eabb28", event_type: "Elixir.Nexus.Identity.Events.UserRegistered", data: %Nexus.Identity.Events.UserRegistered{user_id: "019cfe0b-a2a7-7784-98fe-5600c3b013b6", org_id: "019cfe0b-a2a7-71de-8625-b341cd019b17", email: "test@example.com", role: "system_admin", cose_key: "Ym9vdHN0cmFwX2Nvc2Vfa2V5", credential_id: "Ym9vdHN0cmFwX2NyZWRlbnRpYWxfaWQ=", registered_at: "2026-03-17T23:05:01.351147Z", display_name: "Test User", status: "active"}, created_at: ~U[2026-03-17 23:05:01.351640Z], metadata: %{"causation_id" => "019cfe0b-a2a7-7d6f-9f0f-181c6dbac484", "correlation_id" => "019cfe0b-a2a7-7d6f-9f0f-181c6dbac484"}}]
23:05:01.410 [debug] Nexus.Identity.Projectors.UserProjector confirming receipt of event #9137 of events: [%Commanded.EventStore.RecordedEvent{event_id: "6a5568d1-6907-41a2-a84f-df015c60db63", event_number: 9137, stream_id: "019cfe0b-a2a7-7784-98fe-5600c3b013b6", stream_version: 1, causation_id: "a61bd54d-b854-4e4d-a40a-2e6a4d2284a5", correlation_id: "8f83ef8b-cfa6-4d88-8de8-c83da0eabb28", event_type: "Elixir.Nexus.Identity.Events.UserRegistered", data: %Nexus.Identity.Events.UserRegistered{user_id: "019cfe0b-a2a7-7784-98fe-5600c3b013b6", org_id: "019cfe0b-a2a7-71de-8625-b341cd019b17", email: "test@example.com", role: "system_admin", cose_key: "Ym9vdHN0cmFwX2Nvc2Vfa2V5", credential_id: "Ym9vdHN0cmFwX2NyZWRlbnRpYWxfaWQ=", registered_at: "2026-03-17T23:05:01.351147Z", display_name: "Test User", status: "active"}, created_at: ~U[2026-03-17 23:05:01.351640Z], metadata: %{"causation_id" => "019cfe0b-a2a7-7d6f-9f0f-181c6dbac484", "correlation_id" => "019cfe0b-a2a7-7d6f-9f0f-181c6dbac484"}}]
23:05:01.410 [debug] QUERY OK source="identity_user_settings" db=0.4ms
SELECT i0."user_id", i0."org_id", i0."locale", i0."timezone", i0."notifications_enabled", i0."created_at", i0."updated_at" FROM "identity_user_settings" AS i0 WHERE (i0."user_id" = $1) ["019cfe0b-980c-72d9-bae3-9ce7ac71335f"]
23:05:01.410 [debug] Nexus.Identity.Projectors.UserProjector received events: [%Commanded.EventStore.RecordedEvent{event_id: "a7c260d6-40a9-4de0-bbd6-6bb30ee49748", event_number: 9138, stream_id: "019cfe0b-a2a7-7784-98fe-5600c3b013b6", stream_version: 2, causation_id: "a0978d95-4b13-4353-adbb-a20a837d0d2c", correlation_id: "e10e9da1-213c-4561-a4d4-b3de5f35d880", event_type: "Elixir.Nexus.Identity.Events.StepUpVerified", data: %Nexus.Identity.Events.StepUpVerified{user_id: "019cfe0b-a2a7-7784-98fe-5600c3b013b6", org_id: "019cfe0b-a2a7-71de-8625-b341cd019b17", action_id: "TX-123", verified_at: "2026-03-17T23:05:01.352218Z"}, created_at: ~U[2026-03-17 23:05:01.352472Z], metadata: %{"causation_id" => "019cfe0b-a2a8-7ba6-a41c-109465e60325", "correlation_id" => "019cfe0b-a2a8-7ba6-a41c-109465e60325"}}]
23:05:01.410 [debug] Nexus.Identity.Projectors.UserProjector confirming receipt of event #9138 of events: [%Commanded.EventStore.RecordedEvent{event_id: "a7c260d6-40a9-4de0-bbd6-6bb30ee49748", event_number: 9138, stream_id: "019cfe0b-a2a7-7784-98fe-5600c3b013b6", stream_version: 2, causation_id: "a0978d95-4b13-4353-adbb-a20a837d0d2c", correlation_id: "e10e9da1-213c-4561-a4d4-b3de5f35d880", event_type: "Elixir.Nexus.Identity.Events.StepUpVerified", data: %Nexus.Identity.Events.StepUpVerified{user_id: "019cfe0b-a2a7-7784-98fe-5600c3b013b6", org_id: "019cfe0b-a2a7-71de-8625-b341cd019b17", action_id: "TX-123", verified_at: "2026-03-17T23:05:01.352218Z"}, created_at: ~U[2026-03-17 23:05:01.352472Z], metadata: %{"causation_id" => "019cfe0b-a2a8-7ba6-a41c-109465e60325", "correlation_id" => "019cfe0b-a2a8-7ba6-a41c-109465e60325"}}]
23:05:01.410 [debug] QUERY OK source="identity_user_settings" db=0.1ms
INSERT INTO "identity_user_settings" ("user_id","locale","org_id","timezone","notifications_enabled","created_at","updated_at") VALUES ($1,$2,$3,$4,$5,$6,$7) ["019cfe0b-980c-72d9-bae3-9ce7ac71335f", "en", "019cfe0b-980c-7e73-9bb1-c5f32c2890a8", "UTC", true, ~U[2026-03-17 23:05:01.410151Z], ~U[2026-03-17 23:05:01.410151Z]]
23:05:01.410 [debug] QUERY OK db=0.0ms
commit []
23:05:01.410 [debug] Nexus.Identity.Projectors.UserProjector received events: [%Commanded.EventStore.RecordedEvent{event_id: "02cdc170-58e7-432b-9393-b2f5b02e7ca5", event_number: 9139, stream_id: "53f283f9-d4e4-4f3a-832b-6a65599d89ee", stream_version: 1, causation_id: "7ef1d5a7-2271-4b3f-ba58-3b54cc6f9e0e", correlation_id: "5a1a93d1-a314-4907-9db0-5d76dcdce36d", event_type: "Elixir.Nexus.Organization.Events.TenantProvisioned", data: %Nexus.Organization.Events.TenantProvisioned{org_id: "53f283f9-d4e4-4f3a-832b-6a65599d89ee", name: "Stark Industries-252eec88-787c-454c-be6d-60acb6eb54df", initial_admin_email: "elena@stark.com", provisioned_by: "sysadmin_test", provisioned_at: "2026-03-17T23:05:01.365369Z"}, created_at: ~U[2026-03-17 23:05:01.367484Z], metadata: %{"causation_id" => "019cfe0b-a2b5-7b9f-a7be-b9516e7e94f2", "correlation_id" => "019cfe0b-a2b5-7b9f-a7be-b9516e7e94f2"}}]
23:05:01.410 [debug] Nexus.Identity.Projectors.UserRegistrationProjector confirming receipt of event #9123 of events: [%Commanded.EventStore.RecordedEvent{event_id: "2a929a56-9a55-4e59-a35f-0d6c68158abf", event_number: 9123, stream_id: "019cfe0b-980c-72d9-bae3-9ce7ac71335f", stream_version: 1, causation_id: "a8a5c3f5-93f6-420e-8f95-fb69e20c44f8", correlation_id: "f79a74e4-1bf1-40c2-a062-746d67110feb", event_type: "Elixir.Nexus.Identity.Events.UserRegistered", data: %Nexus.Identity.Events.UserRegistered{user_id: "019cfe0b-980c-72d9-bae3-9ce7ac71335f", org_id: "019cfe0b-980c-7e73-9bb1-c5f32c2890a8", email: "test_019cfe0b-980c-72d9-bae3-9ce7ac71335f@nexus.ai", role: "admin", cose_key: "test_key_019cfe0b-980c-72d9-bae3-9ce7ac71335f", credential_id: "test_cred_019cfe0b-980c-72d9-bae3-9ce7ac71335f", registered_at: "2026-03-17T23:04:58.636181Z", display_name: "Test User", status: "active"}, created_at: ~U[2026-03-17 23:04:58.641675Z], metadata: %{"causation_id" => "019cfe0b-980c-763d-88ef-f77bde17bd7c", "correlation_id" => "019cfe0b-980c-763d-88ef-f77bde17bd7c"}}]
23:05:01.410 [debug] Nexus.Identity.Projectors.UserProjector confirming receipt of event #9139 of events: [%Commanded.EventStore.RecordedEvent{event_id: "02cdc170-58e7-432b-9393-b2f5b02e7ca5", event_number: 9139, stream_id: "53f283f9-d4e4-4f3a-832b-6a65599d89ee", stream_version: 1, causation_id: "7ef1d5a7-2271-4b3f-ba58-3b54cc6f9e0e", correlation_id: "5a1a93d1-a314-4907-9db0-5d76dcdce36d", event_type: "Elixir.Nexus.Organization.Events.TenantProvisioned", data: %Nexus.Organization.Events.TenantProvisioned{org_id: "53f283f9-d4e4-4f3a-832b-6a65599d89ee", name: "Stark Industries-252eec88-787c-454c-be6d-60acb6eb54df", initial_admin_email: "elena@stark.com", provisioned_by: "sysadmin_test", provisioned_at: "2026-03-17T23:05:01.365369Z"}, created_at: ~U[2026-03-17 23:05:01.367484Z], metadata: %{"causation_id" => "019cfe0b-a2b5-7b9f-a7be-b9516e7e94f2", "correlation_id" => "019cfe0b-a2b5-7b9f-a7be-b9516e7e94f2"}}]
23:05:01.410 [debug] Nexus.Identity.Projectors.UserRegistrationProjector received events: [%Commanded.EventStore.RecordedEvent{event_id: "05d1451c-0bfa-4f0c-9107-577ad2d2ac2f", event_number: 9124, stream_id: "019cfe0b-9855-7c08-a357-d4047bcf3367", stream_version: 1, causation_id: "882e9393-7c13-4874-8ee4-bfe7a461a2e7", correlation_id: "335c8529-4674-4477-8c89-3220eb6ab153", event_type: "Elixir.Nexus.Treasury.Events.TransferInitiated", data: %Nexus.Treasury.Events.TransferInitiated{transfer_id: "019cfe0b-9855-7c08-a357-d4047bcf3367", org_id: "019cfe0b-980c-7e73-9bb1-c5f32c2890a8", user_id: "019cfe0b-980c-72d9-bae3-9ce7ac71335f", from_currency: "EUR", to_currency: "USD", amount: "100", status: "authorized", bulk_payment_id: nil, recipient_data: nil, requested_at: "2026-03-17T23:04:58.709496Z"}, created_at: ~U[2026-03-17 23:04:58.711863Z], metadata: %{"causation_id" => "019cfe0b-9855-7a98-b612-d5e0a60dc08c", "correlation_id" => "019cfe0b-9855-7a98-b612-d5e0a60dc08c"}}]
23:05:01.410 [debug] Nexus.Identity.Projectors.UserProjector received events: [%Commanded.EventStore.RecordedEvent{event_id: "06a342b1-8f84-4b3f-b418-804fa5b3e691", event_number: 9140, stream_id: "53f283f9-d4e4-4f3a-832b-6a65599d89ee", stream_version: 2, causation_id: "a9c1f3d7-e1c9-4a8c-a9ac-927947cb6209", correlation_id: "c1549edf-4c6d-472d-ac8f-96ec21a1774f", event_type: "Elixir.Nexus.Organization.Events.UserInvited", data: %Nexus.Organization.Events.UserInvited{org_id: "53f283f9-d4e4-4f3a-832b-6a65599d89ee", email: "marcus@stark.com", role: "viewer", invited_by: "elena", invitation_token: "52e2e35e-8218-4362-9de4-593baaf2d74c", invited_at: "2026-03-17T23:05:01.371701Z"}, created_at: ~U[2026-03-17 23:05:01.371941Z], metadata: %{"causation_id" => "019cfe0b-a2bb-71b3-85ff-5b58b018c6d9", "correlation_id" => "019cfe0b-a2bb-71b3-85ff-5b58b018c6d9"}}]
23:05:01.410 [debug] Nexus.Identity.Projectors.UserRegistrationProjector confirming receipt of event #9124 of events: [%Commanded.EventStore.RecordedEvent{event_id: "05d1451c-0bfa-4f0c-9107-577ad2d2ac2f", event_number: 9124, stream_id: "019cfe0b-9855-7c08-a357-d4047bcf3367", stream_version: 1, causation_id: "882e9393-7c13-4874-8ee4-bfe7a461a2e7", correlation_id: "335c8529-4674-4477-8c89-3220eb6ab153", event_type: "Elixir.Nexus.Treasury.Events.TransferInitiated", data: %Nexus.Treasury.Events.TransferInitiated{transfer_id: "019cfe0b-9855-7c08-a357-d4047bcf3367", org_id: "019cfe0b-980c-7e73-9bb1-c5f32c2890a8", user_id: "019cfe0b-980c-72d9-bae3-9ce7ac71335f", from_currency: "EUR", to_currency: "USD", amount: "100", status: "authorized", bulk_payment_id: nil, recipient_data: nil, requested_at: "2026-03-17T23:04:58.709496Z"}, created_at: ~U[2026-03-17 23:04:58.711863Z], metadata: %{"causation_id" => "019cfe0b-9855-7a98-b612-d5e0a60dc08c", "correlation_id" => "019cfe0b-9855-7a98-b612-d5e0a60dc08c"}}]
23:05:01.411 [debug] Nexus.Identity.Projectors.UserProjector confirming receipt of event #9140 of events: [%Commanded.EventStore.RecordedEvent{event_id: "06a342b1-8f84-4b3f-b418-804fa5b3e691", event_number: 9140, stream_id: "53f283f9-d4e4-4f3a-832b-6a65599d89ee", stream_version: 2, causation_id: "a9c1f3d7-e1c9-4a8c-a9ac-927947cb6209", correlation_id: "c1549edf-4c6d-472d-ac8f-96ec21a1774f", event_type: "Elixir.Nexus.Organization.Events.UserInvited", data: %Nexus.Organization.Events.UserInvited{org_id: "53f283f9-d4e4-4f3a-832b-6a65599d89ee", email: "marcus@stark.com", role: "viewer", invited_by: "elena", invitation_token: "52e2e35e-8218-4362-9de4-593baaf2d74c", invited_at: "2026-03-17T23:05:01.371701Z"}, created_at: ~U[2026-03-17 23:05:01.371941Z], metadata: %{"causation_id" => "019cfe0b-a2bb-71b3-85ff-5b58b018c6d9", "correlation_id" => "019cfe0b-a2bb-71b3-85ff-5b58b018c6d9"}}]
23:05:01.411 [debug] Nexus.Identity.Projectors.UserProjector received events: [%Commanded.EventStore.RecordedEvent{event_id: "4bef2076-646a-422b-b653-70ae59da7d49", event_number: 9141, stream_id: "683cfe11-8bc8-41e2-a677-d79a4837b030", stream_version: 1, causation_id: "ef791a81-a268-4b5b-b91e-347c0565963d", correlation_id: "80716f9a-d547-4635-a52f-f6ec6fde8c5a", event_type: "Elixir.Nexus.Organization.Events.TenantProvisioned", data: %Nexus.Organization.Events.TenantProvisioned{org_id: "683cfe11-8bc8-41e2-a677-d79a4837b030", name: "Stark Industries-1758a6dc-a854-426b-9082-b612e8e80dd4", initial_admin_email: "elena@stark.com", provisioned_by: "sysadmin_test", provisioned_at: "2026-03-17T23:05:01.375335Z"}, created_at: ~U[2026-03-17 23:05:01.376007Z], metadata: %{"causation_id" => "019cfe0b-a2bf-7c25-be81-d091557bb390", "correlation_id" => "019cfe0b-a2bf-7c25-be81-d091557bb390"}}]
23:05:01.411 [debug] Nexus.Identity.Projectors.UserProjector confirming receipt of event #9141 of events: [%Commanded.EventStore.RecordedEvent{event_id: "4bef2076-646a-422b-b653-70ae59da7d49", event_number: 9141, stream_id: "683cfe11-8bc8-41e2-a677-d79a4837b030", stream_version: 1, causation_id: "ef791a81-a268-4b5b-b91e-347c0565963d", correlation_id: "80716f9a-d547-4635-a52f-f6ec6fde8c5a", event_type: "Elixir.Nexus.Organization.Events.TenantProvisioned", data: %Nexus.Organization.Events.TenantProvisioned{org_id: "683cfe11-8bc8-41e2-a677-d79a4837b030", name: "Stark Industries-1758a6dc-a854-426b-9082-b612e8e80dd4", initial_admin_email: "elena@stark.com", provisioned_by: "sysadmin_test", provisioned_at: "2026-03-17T23:05:01.375335Z"}, created_at: ~U[2026-03-17 23:05:01.376007Z], metadata: %{"causation_id" => "019cfe0b-a2bf-7c25-be81-d091557bb390", "correlation_id" => "019cfe0b-a2bf-7c25-be81-d091557bb390"}}]
23:05:01.411 [debug] Nexus.Identity.Projectors.UserRegistrationProjector received events: [%Commanded.EventStore.RecordedEvent{event_id: "0812c1c5-b14c-4035-ae0b-c1e74d8cd971", event_number: 9125, stream_id: "019cfe0b-9855-7c08-a357-d4047bcf3367", stream_version: 2, causation_id: "ddcc7769-983c-447d-a8cf-9691c86adaeb", correlation_id: "2edc4a0a-dd3d-45e1-93d5-b282e47767bd", event_type: "Elixir.Nexus.Treasury.Events.TransferExecuted", data: %Nexus.Treasury.Events.TransferExecuted{transfer_id: "019cfe0b-9855-7c08-a357-d4047bcf3367", org_id: "019cfe0b-980c-7e73-9bb1-c5f32c2890a8", amount: "100", from_currency: "EUR", to_currency: "USD", recipient_data: nil, executed_at: "2026-03-17T23:04:58.716334Z"}, created_at: ~U[2026-03-17 23:04:58.717923Z], metadata: %{"causation_id" => "019cfe0b-985c-7b14-bd67-3821e6a95845", "correlation_id" => "019cfe0b-985c-7b14-bd67-3821e6a95845"}}]
23:05:01.411 [debug] Nexus.Identity.Projectors.UserRegistrationProjector confirming receipt of event #9125 of events: [%Commanded.EventStore.RecordedEvent{event_id: "0812c1c5-b14c-4035-ae0b-c1e74d8cd971", event_number: 9125, stream_id: "019cfe0b-9855-7c08-a357-d4047bcf3367", stream_version: 2, causation_id: "ddcc7769-983c-447d-a8cf-9691c86adaeb", correlation_id: "2edc4a0a-dd3d-45e1-93d5-b282e47767bd", event_type: "Elixir.Nexus.Treasury.Events.TransferExecuted", data: %Nexus.Treasury.Events.TransferExecuted{transfer_id: "019cfe0b-9855-7c08-a357-d4047bcf3367", org_id: "019cfe0b-980c-7e73-9bb1-c5f32c2890a8", amount: "100", from_currency: "EUR", to_currency: "USD", recipient_data: nil, executed_at: "2026-03-17T23:04:58.716334Z"}, created_at: ~U[2026-03-17 23:04:58.717923Z], metadata: %{"causation_id" => "019cfe0b-985c-7b14-bd67-3821e6a95845", "correlation_id" => "019cfe0b-985c-7b14-bd67-3821e6a95845"}}]
23:05:01.411 [debug] Nexus.Identity.Projectors.UserProjector received events: [%Commanded.EventStore.RecordedEvent{event_id: "c4d517af-6f87-4134-8855-31dcf124d74d", event_number: 9142, stream_id: "683cfe11-8bc8-41e2-a677-d79a4837b030", stream_version: 2, causation_id: "1a085b9d-6659-4699-8f97-d50ecb5a3143", correlation_id: "a9dd34e0-dbbe-4800-b966-3ed1cd764b6e", event_type: "Elixir.Nexus.Organization.Events.UserInvited", data: %Nexus.Organization.Events.UserInvited{org_id: "683cfe11-8bc8-41e2-a677-d79a4837b030", email: "marcus@stark.com", role: "trader", invited_by: "elena", invitation_token: "d71824ed-3606-4eba-8962-66f804a31706", invited_at: "2026-03-17T23:05:01.379370Z"}, created_at: ~U[2026-03-17 23:05:01.379752Z], metadata: %{"causation_id" => "019cfe0b-a2c3-7e33-8929-b8578237921c", "correlation_id" => "019cfe0b-a2c3-7e33-8929-b8578237921c"}}]
23:05:01.411 [debug] Nexus.Identity.Projectors.UserProjector confirming receipt of event #9142 of events: [%Commanded.EventStore.RecordedEvent{event_id: "c4d517af-6f87-4134-8855-31dcf124d74d", event_number: 9142, stream_id: "683cfe11-8bc8-41e2-a677-d79a4837b030", stream_version: 2, causation_id: "1a085b9d-6659-4699-8f97-d50ecb5a3143", correlation_id: "a9dd34e0-dbbe-4800-b966-3ed1cd764b6e", event_type: "Elixir.Nexus.Organization.Events.UserInvited", data: %Nexus.Organization.Events.UserInvited{org_id: "683cfe11-8bc8-41e2-a677-d79a4837b030", email: "marcus@stark.com", role: "trader", invited_by: "elena", invitation_token: "d71824ed-3606-4eba-8962-66f804a31706", invited_at: "2026-03-17T23:05:01.379370Z"}, created_at: ~U[2026-03-17 23:05:01.379752Z], metadata: %{"causation_id" => "019cfe0b-a2c3-7e33-8929-b8578237921c", "correlation_id" => "019cfe0b-a2c3-7e33-8929-b8578237921c"}}]
23:05:01.411 [debug] Nexus.Identity.Projectors.UserRegistrationProjector received events: [%Commanded.EventStore.RecordedEvent{event_id: "40cd3e0e-2e6a-43a0-8fa7-a36964ebfe97", event_number: 9126, stream_id: "TransferHardeningTest.PM-019cfe0b-980c-72d9-bae3-9ce7ac71335f", stream_version: 1, causation_id: nil, correlation_id: nil, event_type: "Elixir.Nexus.Treasury.Events.TransferInitiated", data: %Nexus.Treasury.Events.TransferInitiated{transfer_id: "019cfe0b-9855-7c08-a357-d4047bcf3367", org_id: "019cfe0b-980c-7e73-9bb1-c5f32c2890a8", user_id: "019cfe0b-980c-72d9-bae3-9ce7ac71335f", from_currency: "EUR", to_currency: "USD", amount: "100", status: "authorized", bulk_payment_id: nil, recipient_data: nil, requested_at: "2026-03-17T23:04:58.709496Z"}, created_at: ~U[2026-03-17 23:04:58.720512Z], metadata: %{}}]
23:05:01.411 [debug] Nexus.Identity.Projectors.UserRegistrationProjector confirming receipt of event #9126 of events: [%Commanded.EventStore.RecordedEvent{event_id: "40cd3e0e-2e6a-43a0-8fa7-a36964ebfe97", event_number: 9126, stream_id: "TransferHardeningTest.PM-019cfe0b-980c-72d9-bae3-9ce7ac71335f", stream_version: 1, causation_id: nil, correlation_id: nil, event_type: "Elixir.Nexus.Treasury.Events.TransferInitiated", data: %Nexus.Treasury.Events.TransferInitiated{transfer_id: "019cfe0b-9855-7c08-a357-d4047bcf3367", org_id: "019cfe0b-980c-7e73-9bb1-c5f32c2890a8", user_id: "019cfe0b-980c-72d9-bae3-9ce7ac71335f", from_currency: "EUR", to_currency: "USD", amount: "100", status: "authorized", bulk_payment_id: nil, recipient_data: nil, requested_at: "2026-03-17T23:04:58.709496Z"}, created_at: ~U[2026-03-17 23:04:58.720512Z], metadata: %{}}]
23:05:01.411 [debug] Nexus.Identity.Projectors.UserProjector received events: [%Commanded.EventStore.RecordedEvent{event_id: "5d64c00a-7405-4089-8d2c-2539539efa0d", event_number: 9143, stream_id: "b51181ca-8e2d-48d7-ac64-e54e59ea1610", stream_version: 1, causation_id: "8a0a401b-06d8-4220-810d-d375d79267f4", correlation_id: "d5453c60-4d07-4674-ad19-e0bcc3b4c4c7", event_type: "Elixir.Nexus.Organization.Events.TenantProvisioned", data: %Nexus.Organization.Events.TenantProvisioned{org_id: "b51181ca-8e2d-48d7-ac64-e54e59ea1610", name: "Stark Industries-01f91cf6-5068-4ed5-9b54-893c018c2bb5", initial_admin_email: "elena@stark.com", provisioned_by: "sysadmin_test", provisioned_at: "2026-03-17T23:05:01.387735Z"}, created_at: ~U[2026-03-17 23:05:01.388446Z], metadata: %{"causation_id" => "019cfe0b-a2cb-79bc-bdf6-87b2b83ad5b1", "correlation_id" => "019cfe0b-a2cb-79bc-bdf6-87b2b83ad5b1"}}]
23:05:01.411 [debug] Nexus.Identity.Projectors.UserProjector confirming receipt of event #9143 of events: [%Commanded.EventStore.RecordedEvent{event_id: "5d64c00a-7405-4089-8d2c-2539539efa0d", event_number: 9143, stream_id: "b51181ca-8e2d-48d7-ac64-e54e59ea1610", stream_version: 1, causation_id: "8a0a401b-06d8-4220-810d-d375d79267f4", correlation_id: "d5453c60-4d07-4674-ad19-e0bcc3b4c4c7", event_type: "Elixir.Nexus.Organization.Events.TenantProvisioned", data: %Nexus.Organization.Events.TenantProvisioned{org_id: "b51181ca-8e2d-48d7-ac64-e54e59ea1610", name: "Stark Industries-01f91cf6-5068-4ed5-9b54-893c018c2bb5", initial_admin_email: "elena@stark.com", provisioned_by: "sysadmin_test", provisioned_at: "2026-03-17T23:05:01.387735Z"}, created_at: ~U[2026-03-17 23:05:01.388446Z], metadata: %{"causation_id" => "019cfe0b-a2cb-79bc-bdf6-87b2b83ad5b1", "correlation_id" => "019cfe0b-a2cb-79bc-bdf6-87b2b83ad5b1"}}]
23:05:01.411 [debug] Nexus.Identity.Projectors.UserRegistrationProjector received events: [%Commanded.EventStore.RecordedEvent{event_id: "9709aa52-ffd5-498b-9016-2d258444dfd9", event_number: 9127, stream_id: "019cfe0b-9c1b-773f-b888-d6e9eeb49113", stream_version: 1, causation_id: "241bad3a-3ee9-4505-a679-711589735a2e", correlation_id: "56af21c1-8e0c-4a5a-bb26-deddd7ff5616", event_type: "Elixir.Nexus.Identity.Events.UserRegistered", data: %Nexus.Identity.Events.UserRegistered{user_id: "019cfe0b-9c1b-773f-b888-d6e9eeb49113", org_id: "019cfe0b-9c1b-7840-8aad-df5e1bb839a5", email: "test_019cfe0b-9c1b-773f-b888-d6e9eeb49113@nexus.ai", role: "admin", cose_key: "test_key_019cfe0b-9c1b-773f-b888-d6e9eeb49113", credential_id: "test_cred_019cfe0b-9c1b-773f-b888-d6e9eeb49113", registered_at: "2026-03-17T23:04:59.675445Z", display_name: "Test User", status: "active"}, created_at: ~U[2026-03-17 23:04:59.677019Z], metadata: %{"causation_id" => "019cfe0b-9c1b-717d-a2b6-1d23a8887c49", "correlation_id" => "019cfe0b-9c1b-717d-a2b6-1d23a8887c49"}}]
23:05:01.412 [debug] QUERY OK db=0.0ms
begin []
23:05:01.412 [debug] QUERY OK source="projection_versions" db=0.1ms
INSERT INTO "projection_versions" AS p0 ("projection_name","last_seen_event_number","inserted_at","updated_at") VALUES ($1,$2,$3,$4) ON CONFLICT ("projection_name") DO UPDATE SET "last_seen_event_number" = $5 WHERE ((p0."projection_name" = $6) AND (p0."last_seen_event_number" < $7)) ["Identity.Projectors.UserRegistrationProjector", 9127, ~N[2026-03-17 23:05:01.412142], ~N[2026-03-17 23:05:01.412142], 9127, "Identity.Projectors.UserRegistrationProjector", 9127]
23:05:01.412 [debug] QUERY OK source="users" db=0.0ms
SELECT u0."id", u0."org_id", u0."email", u0."display_name", u0."role", u0."status", u0."cose_key", u0."credential_id", u0."created_at", u0."updated_at" FROM "users" AS u0 WHERE (u0."id" = $1) ["019cfe0b-9c1b-773f-b888-d6e9eeb49113"]
23:05:01.412 [debug] QUERY OK source="users" db=0.0ms
SELECT u0."id", u0."org_id", u0."email", u0."display_name", u0."role", u0."status", u0."cose_key", u0."credential_id", u0."created_at", u0."updated_at" FROM "users" AS u0 WHERE (u0."email" = $1) ["test_019cfe0b-9c1b-773f-b888-d6e9eeb49113@nexus.ai"]
23:05:01.412 [debug] Nexus.Identity.Projectors.UserProjector received events: [%Commanded.EventStore.RecordedEvent{event_id: "57f6dfeb-69a1-4d44-b2d3-0c6fa81d7263", event_number: 9144, stream_id: "b51181ca-8e2d-48d7-ac64-e54e59ea1610", stream_version: 2, causation_id: "aa03e6e7-912e-44c9-9477-0788329bc11c", correlation_id: "5bc3ec2a-ca7e-495c-9b8f-dfa5072d5ae9", event_type: "Elixir.Nexus.Organization.Events.UserInvited", data: %Nexus.Organization.Events.UserInvited{org_id: "b51181ca-8e2d-48d7-ac64-e54e59ea1610", email: "ned@stark.com", role: "trader", invited_by: "peter", invitation_token: "12f4705a-9dd4-43d4-b5f7-fbebab47d13d", invited_at: "2026-03-17T23:05:01.390630Z"}, created_at: ~U[2026-03-17 23:05:01.390889Z], metadata: %{"causation_id" => "019cfe0b-a2ce-7cde-8c03-b1fda2d908ce", "correlation_id" => "019cfe0b-a2ce-7cde-8c03-b1fda2d908ce"}}]
23:05:01.412 [debug] QUERY OK source="users" db=0.0ms
INSERT INTO "users" ("id","status","role","org_id","email","display_name","cose_key","credential_id","created_at","updated_at") VALUES ($1,$2,$3,$4,$5,$6,$7,$8,$9,$10) ["019cfe0b-9c1b-773f-b888-d6e9eeb49113", "active", "admin", "019cfe0b-9c1b-7840-8aad-df5e1bb839a5", "test_019cfe0b-9c1b-773f-b888-d6e9eeb49113@nexus.ai", "Test User", "test_key_019cfe0b-9c1b-773f-b888-d6e9eeb49113", "test_cred_019cfe0b-9c1b-773f-b888-d6e9eeb49113", ~U[2026-03-17 23:05:01.412643Z], ~U[2026-03-17 23:05:01.412643Z]]
23:05:01.412 [debug] Nexus.Identity.Projectors.UserProjector confirming receipt of event #9144 of events: [%Commanded.EventStore.RecordedEvent{event_id: "57f6dfeb-69a1-4d44-b2d3-0c6fa81d7263", event_number: 9144, stream_id: "b51181ca-8e2d-48d7-ac64-e54e59ea1610", stream_version: 2, causation_id: "aa03e6e7-912e-44c9-9477-0788329bc11c", correlation_id: "5bc3ec2a-ca7e-495c-9b8f-dfa5072d5ae9", event_type: "Elixir.Nexus.Organization.Events.UserInvited", data: %Nexus.Organization.Events.UserInvited{org_id: "b51181ca-8e2d-48d7-ac64-e54e59ea1610", email: "ned@stark.com", role: "trader", invited_by: "peter", invitation_token: "12f4705a-9dd4-43d4-b5f7-fbebab47d13d", invited_at: "2026-03-17T23:05:01.390630Z"}, created_at: ~U[2026-03-17 23:05:01.390889Z], metadata: %{"causation_id" => "019cfe0b-a2ce-7cde-8c03-b1fda2d908ce", "correlation_id" => "019cfe0b-a2ce-7cde-8c03-b1fda2d908ce"}}]
23:05:01.412 [debug] QUERY OK source="identity_user_settings" db=0.0ms
SELECT i0."user_id", i0."org_id", i0."locale", i0."timezone", i0."notifications_enabled", i0."created_at", i0."updated_at" FROM "identity_user_settings" AS i0 WHERE (i0."user_id" = $1) ["019cfe0b-9c1b-773f-b888-d6e9eeb49113"]
23:05:01.413 [debug] QUERY OK source="identity_user_settings" db=0.0ms
INSERT INTO "identity_user_settings" ("user_id","locale","org_id","timezone","notifications_enabled","created_at","updated_at") VALUES ($1,$2,$3,$4,$5,$6,$7) ["019cfe0b-9c1b-773f-b888-d6e9eeb49113", "en", "019cfe0b-9c1b-7840-8aad-df5e1bb839a5", "UTC", true, ~U[2026-03-17 23:05:01.412923Z], ~U[2026-03-17 23:05:01.412923Z]]
23:05:01.413 [debug] QUERY OK db=0.0ms
commit []
23:05:01.413 [debug] Nexus.Identity.Projectors.UserRegistrationProjector confirming receipt of event #9127 of events: [%Commanded.EventStore.RecordedEvent{event_id: "9709aa52-ffd5-498b-9016-2d258444dfd9", event_number: 9127, stream_id: "019cfe0b-9c1b-773f-b888-d6e9eeb49113", stream_version: 1, causation_id: "241bad3a-3ee9-4505-a679-711589735a2e", correlation_id: "56af21c1-8e0c-4a5a-bb26-deddd7ff5616", event_type: "Elixir.Nexus.Identity.Events.UserRegistered", data: %Nexus.Identity.Events.UserRegistered{user_id: "019cfe0b-9c1b-773f-b888-d6e9eeb49113", org_id: "019cfe0b-9c1b-7840-8aad-df5e1bb839a5", email: "test_019cfe0b-9c1b-773f-b888-d6e9eeb49113@nexus.ai", role: "admin", cose_key: "test_key_019cfe0b-9c1b-773f-b888-d6e9eeb49113", credential_id: "test_cred_019cfe0b-9c1b-773f-b888-d6e9eeb49113", registered_at: "2026-03-17T23:04:59.675445Z", display_name: "Test User", status: "active"}, created_at: ~U[2026-03-17 23:04:59.677019Z], metadata: %{"causation_id" => "019cfe0b-9c1b-717d-a2b6-1d23a8887c49", "correlation_id" => "019cfe0b-9c1b-717d-a2b6-1d23a8887c49"}}]
23:05:01.413 [debug] Nexus.Identity.Projectors.UserRegistrationProjector received events: [%Commanded.EventStore.RecordedEvent{event_id: "6edee3e5-2533-4827-8c2e-e2fafdb5c98d", event_number: 9128, stream_id: "019cfe0b-9c63-728b-b16c-ee83a98539e8", stream_version: 1, causation_id: "e2105c26-b9ec-40eb-9835-565c288affa3", correlation_id: "53a8738b-facd-4a04-b167-dadc17126edc", event_type: "Elixir.Nexus.Treasury.Events.TransferInitiated", data: %Nexus.Treasury.Events.TransferInitiated{transfer_id: "019cfe0b-9c63-728b-b16c-ee83a98539e8", org_id: "019cfe0b-9c1b-7840-8aad-df5e1bb839a5", user_id: "019cfe0b-9c1b-773f-b888-d6e9eeb49113", from_currency: "EUR", to_currency: "USD", amount: "5000000", status: "pending_authorization", bulk_payment_id: nil, recipient_data: nil, requested_at: "2026-03-17T23:04:59.747125Z"}, created_at: ~U[2026-03-17 23:04:59.747703Z], metadata: %{"causation_id" => "019cfe0b-9c63-7805-9761-2340b4ca5443", "correlation_id" => "019cfe0b-9c63-7805-9761-2340b4ca5443"}}]
23:05:01.413 [debug] Nexus.Identity.Projectors.UserRegistrationProjector confirming receipt of event #9128 of events: [%Commanded.EventStore.RecordedEvent{event_id: "6edee3e5-2533-4827-8c2e-e2fafdb5c98d", event_number: 9128, stream_id: "019cfe0b-9c63-728b-b16c-ee83a98539e8", stream_version: 1, causation_id: "e2105c26-b9ec-40eb-9835-565c288affa3", correlation_id: "53a8738b-facd-4a04-b167-dadc17126edc", event_type: "Elixir.Nexus.Treasury.Events.TransferInitiated", data: %Nexus.Treasury.Events.TransferInitiated{transfer_id: "019cfe0b-9c63-728b-b16c-ee83a98539e8", org_id: "019cfe0b-9c1b-7840-8aad-df5e1bb839a5", user_id: "019cfe0b-9c1b-773f-b888-d6e9eeb49113", from_currency: "EUR", to_currency: "USD", amount: "5000000", status: "pending_authorization", bulk_payment_id: nil, recipient_data: nil, requested_at: "2026-03-17T23:04:59.747125Z"}, created_at: ~U[2026-03-17 23:04:59.747703Z], metadata: %{"causation_id" => "019cfe0b-9c63-7805-9761-2340b4ca5443", "correlation_id" => "019cfe0b-9c63-7805-9761-2340b4ca5443"}}]
23:05:01.413 [debug] Nexus.Identity.Projectors.UserProjector received events: [%Commanded.EventStore.RecordedEvent{event_id: "7cb0eee5-39aa-4942-8f54-eef29757ba59", event_number: 9145, stream_id: "5958f21a-c62c-4439-adc3-b72f67fb54cd", stream_version: 1, causation_id: "249fdf8a-5713-4318-92b7-233ddf07ce6b", correlation_id: "5f9ee9a7-f1c5-4256-89d6-814cbf522f86", event_type: "Elixir.Nexus.Identity.Events.UserRegistered", data: %Nexus.Identity.Events.UserRegistered{user_id: "5958f21a-c62c-4439-adc3-b72f67fb54cd", org_id: "0d14f104-0fbc-47b4-a54d-5a3a41b9d1e4", email: "test@example.com", role: "admin", cose_key: "dummy", credential_id: "dummy", registered_at: "2026-03-17T23:05:01.399746Z", display_name: "Test User", status: "active"}, created_at: ~U[2026-03-17 23:05:01.400590Z], metadata: %{"causation_id" => "019cfe0b-a2d7-7d82-a55d-2e9773e11c85", "correlation_id" => "019cfe0b-a2d7-7d82-a55d-2e9773e11c85"}}]
23:05:01.413 [debug] Nexus.Identity.Projectors.UserProjector confirming receipt of event #9145 of events: [%Commanded.EventStore.RecordedEvent{event_id: "7cb0eee5-39aa-4942-8f54-eef29757ba59", event_number: 9145, stream_id: "5958f21a-c62c-4439-adc3-b72f67fb54cd", stream_version: 1, causation_id: "249fdf8a-5713-4318-92b7-233ddf07ce6b", correlation_id: "5f9ee9a7-f1c5-4256-89d6-814cbf522f86", event_type: "Elixir.Nexus.Identity.Events.UserRegistered", data: %Nexus.Identity.Events.UserRegistered{user_id: "5958f21a-c62c-4439-adc3-b72f67fb54cd", org_id: "0d14f104-0fbc-47b4-a54d-5a3a41b9d1e4", email: "test@example.com", role: "admin", cose_key: "dummy", credential_id: "dummy", registered_at: "2026-03-17T23:05:01.399746Z", display_name: "Test User", status: "active"}, created_at: ~U[2026-03-17 23:05:01.400590Z], metadata: %{"causation_id" => "019cfe0b-a2d7-7d82-a55d-2e9773e11c85", "correlation_id" => "019cfe0b-a2d7-7d82-a55d-2e9773e11c85"}}]
23:05:01.413 [debug] Nexus.Identity.Projectors.UserRegistrationProjector received events: [%Commanded.EventStore.RecordedEvent{event_id: "90531bc2-a455-4c3c-a8d0-66de7020decf", event_number: 9129, stream_id: "TransferHardeningTest.PM-019cfe0b-9c1b-773f-b888-d6e9eeb49113", stream_version: 1, causation_id: nil, correlation_id: nil, event_type: "Elixir.Nexus.Treasury.Events.TransferInitiated", data: %Nexus.Treasury.Events.TransferInitiated{transfer_id: "019cfe0b-9c63-728b-b16c-ee83a98539e8", org_id: "019cfe0b-9c1b-7840-8aad-df5e1bb839a5", user_id: "019cfe0b-9c1b-773f-b888-d6e9eeb49113", from_currency: "EUR", to_currency: "USD", amount: "5000000", status: "pending_authorization", bulk_payment_id: nil, recipient_data: nil, requested_at: "2026-03-17T23:04:59.747125Z"}, created_at: ~U[2026-03-17 23:04:59.750520Z], metadata: %{}}]
23:05:01.413 [debug] Nexus.Identity.Projectors.UserRegistrationProjector confirming receipt of event #9129 of events: [%Commanded.EventStore.RecordedEvent{event_id: "90531bc2-a455-4c3c-a8d0-66de7020decf", event_number: 9129, stream_id: "TransferHardeningTest.PM-019cfe0b-9c1b-773f-b888-d6e9eeb49113", stream_version: 1, causation_id: nil, correlation_id: nil, event_type: "Elixir.Nexus.Treasury.Events.TransferInitiated", data: %Nexus.Treasury.Events.TransferInitiated{transfer_id: "019cfe0b-9c63-728b-b16c-ee83a98539e8", org_id: "019cfe0b-9c1b-7840-8aad-df5e1bb839a5", user_id: "019cfe0b-9c1b-773f-b888-d6e9eeb49113", from_currency: "EUR", to_currency: "USD", amount: "5000000", status: "pending_authorization", bulk_payment_id: nil, recipient_data: nil, requested_at: "2026-03-17T23:04:59.747125Z"}, created_at: ~U[2026-03-17 23:04:59.750520Z], metadata: %{}}]
23:05:01.414 [debug] Nexus.Identity.Projectors.UserRegistrationProjector received events: [%Commanded.EventStore.RecordedEvent{event_id: "02bc6b12-2a14-4656-bec9-127850e7bce0", event_number: 9130, stream_id: "019cfe0b-9c1b-773f-b888-d6e9eeb49113", stream_version: 2, causation_id: "7bb967fd-88b6-4522-9b33-90f54c29e83d", correlation_id: "18d6c1a1-56b1-4f84-8f4c-9d9e81c8d307", event_type: "Elixir.Nexus.Identity.Events.StepUpVerified", data: %Nexus.Identity.Events.StepUpVerified{user_id: "019cfe0b-9c1b-773f-b888-d6e9eeb49113", org_id: "019cfe0b-9c1b-7840-8aad-df5e1bb839a5", action_id: "019cfe0b-9c63-728b-b16c-ee83a98539e8", verified_at: "2026-03-17T23:05:00.361013Z"}, created_at: ~U[2026-03-17 23:05:00.361393Z], metadata: %{"causation_id" => "019cfe0b-9ec9-76bd-a746-622fa1b4d5fd", "correlation_id" => "019cfe0b-9ec9-76bd-a746-622fa1b4d5fd"}}]
23:05:01.414 [debug] Nexus.Identity.Projectors.UserRegistrationProjector confirming receipt of event #9130 of events: [%Commanded.EventStore.RecordedEvent{event_id: "02bc6b12-2a14-4656-bec9-127850e7bce0", event_number: 9130, stream_id: "019cfe0b-9c1b-773f-b888-d6e9eeb49113", stream_version: 2, causation_id: "7bb967fd-88b6-4522-9b33-90f54c29e83d", correlation_id: "18d6c1a1-56b1-4f84-8f4c-9d9e81c8d307", event_type: "Elixir.Nexus.Identity.Events.StepUpVerified", data: %Nexus.Identity.Events.StepUpVerified{user_id: "019cfe0b-9c1b-773f-b888-d6e9eeb49113", org_id: "019cfe0b-9c1b-7840-8aad-df5e1bb839a5", action_id: "019cfe0b-9c63-728b-b16c-ee83a98539e8", verified_at: "2026-03-17T23:05:00.361013Z"}, created_at: ~U[2026-03-17 23:05:00.361393Z], metadata: %{"causation_id" => "019cfe0b-9ec9-76bd-a746-622fa1b4d5fd", "correlation_id" => "019cfe0b-9ec9-76bd-a746-622fa1b4d5fd"}}]
23:05:01.414 [debug] Nexus.Identity.Projectors.UserRegistrationProjector received events: [%Commanded.EventStore.RecordedEvent{event_id: "09d86915-af0e-4ff5-b7d2-38465f6c391c", event_number: 9131, stream_id: "019cfe0b-9c63-728b-b16c-ee83a98539e8", stream_version: 2, causation_id: "7c92e900-b067-423f-a85a-4a4b692dccb1", correlation_id: "11173cf0-e604-4f48-883f-386ae42668c1", event_type: "Elixir.Nexus.Treasury.Events.TransferAuthorized", data: %Nexus.Treasury.Events.TransferAuthorized{transfer_id: "019cfe0b-9c63-728b-b16c-ee83a98539e8", org_id: "019cfe0b-9c1b-7840-8aad-df5e1bb839a5", user_id: nil, actor_email: nil, authorized_at: "2026-03-17T23:05:00.361013Z"}, created_at: ~U[2026-03-17 23:05:00.366224Z], metadata: %{"causation_id" => "019cfe0b-9ecc-7887-bec1-ae89e514591b", "correlation_id" => "019cfe0b-9ecc-7887-bec1-ae89e514591b"}}]
23:05:01.414 [debug] Nexus.Identity.Projectors.UserRegistrationProjector confirming receipt of event #9131 of events: [%Commanded.EventStore.RecordedEvent{event_id: "09d86915-af0e-4ff5-b7d2-38465f6c391c", event_number: 9131, stream_id: "019cfe0b-9c63-728b-b16c-ee83a98539e8", stream_version: 2, causation_id: "7c92e900-b067-423f-a85a-4a4b692dccb1", correlation_id: "11173cf0-e604-4f48-883f-386ae42668c1", event_type: "Elixir.Nexus.Treasury.Events.TransferAuthorized", data: %Nexus.Treasury.Events.TransferAuthorized{transfer_id: "019cfe0b-9c63-728b-b16c-ee83a98539e8", org_id: "019cfe0b-9c1b-7840-8aad-df5e1bb839a5", user_id: nil, actor_email: nil, authorized_at: "2026-03-17T23:05:00.361013Z"}, created_at: ~U[2026-03-17 23:05:00.366224Z], metadata: %{"causation_id" => "019cfe0b-9ecc-7887-bec1-ae89e514591b", "correlation_id" => "019cfe0b-9ecc-7887-bec1-ae89e514591b"}}]
23:05:01.414 [debug] Nexus.Identity.Projectors.UserRegistrationProjector received events: [%Commanded.EventStore.RecordedEvent{event_id: "e7d6ed99-b2e9-44e2-8518-e6bd0a4ae175", event_number: 9132, stream_id: "TransferHardeningTest.PM-019cfe0b-9c1b-773f-b888-d6e9eeb49113", stream_version: 2, causation_id: nil, correlation_id: nil, event_type: "Elixir.Nexus.Identity.Events.StepUpVerified", data: %Nexus.Identity.Events.StepUpVerified{user_id: "019cfe0b-9c1b-773f-b888-d6e9eeb49113", org_id: "019cfe0b-9c1b-7840-8aad-df5e1bb839a5", action_id: "019cfe0b-9c63-728b-b16c-ee83a98539e8", verified_at: "2026-03-17T23:05:00.361013Z"}, created_at: ~U[2026-03-17 23:05:00.368259Z], metadata: %{}}]
23:05:01.414 [debug] Nexus.Identity.Projectors.UserRegistrationProjector confirming receipt of event #9132 of events: [%Commanded.EventStore.RecordedEvent{event_id: "e7d6ed99-b2e9-44e2-8518-e6bd0a4ae175", event_number: 9132, stream_id: "TransferHardeningTest.PM-019cfe0b-9c1b-773f-b888-d6e9eeb49113", stream_version: 2, causation_id: nil, correlation_id: nil, event_type: "Elixir.Nexus.Identity.Events.StepUpVerified", data: %Nexus.Identity.Events.StepUpVerified{user_id: "019cfe0b-9c1b-773f-b888-d6e9eeb49113", org_id: "019cfe0b-9c1b-7840-8aad-df5e1bb839a5", action_id: "019cfe0b-9c63-728b-b16c-ee83a98539e8", verified_at: "2026-03-17T23:05:00.361013Z"}, created_at: ~U[2026-03-17 23:05:00.368259Z], metadata: %{}}]
23:05:01.414 [debug] Nexus.Identity.Projectors.UserRegistrationProjector received events: [%Commanded.EventStore.RecordedEvent{event_id: "dc1f4bee-e569-4077-89c9-086a5d3d9be4", event_number: 9133, stream_id: "TransferHardeningTest.PM-019cfe0b-9c1b-773f-b888-d6e9eeb49113", stream_version: 3, causation_id: nil, correlation_id: nil, event_type: "Elixir.Nexus.Treasury.Events.TransferInitiated", data: %Nexus.Treasury.Events.TransferInitiated{transfer_id: "019cfe0b-9c63-728b-b16c-ee83a98539e8", org_id: "019cfe0b-9c1b-7840-8aad-df5e1bb839a5", user_id: "019cfe0b-9c1b-773f-b888-d6e9eeb49113", from_currency: "EUR", to_currency: "USD", amount: "5000000", status: "pending_authorization", bulk_payment_id: nil, recipient_data: nil, requested_at: "2026-03-17T23:04:59.747125Z"}, created_at: ~U[2026-03-17 23:05:00.370120Z], metadata: %{}}]
23:05:01.414 [debug] Nexus.Identity.Projectors.UserRegistrationProjector confirming receipt of event #9133 of events: [%Commanded.EventStore.RecordedEvent{event_id: "dc1f4bee-e569-4077-89c9-086a5d3d9be4", event_number: 9133, stream_id: "TransferHardeningTest.PM-019cfe0b-9c1b-773f-b888-d6e9eeb49113", stream_version: 3, causation_id: nil, correlation_id: nil, event_type: "Elixir.Nexus.Treasury.Events.TransferInitiated", data: %Nexus.Treasury.Events.TransferInitiated{transfer_id: "019cfe0b-9c63-728b-b16c-ee83a98539e8", org_id: "019cfe0b-9c1b-7840-8aad-df5e1bb839a5", user_id: "019cfe0b-9c1b-773f-b888-d6e9eeb49113", from_currency: "EUR", to_currency: "USD", amount: "5000000", status: "pending_authorization", bulk_payment_id: nil, recipient_data: nil, requested_at: "2026-03-17T23:04:59.747125Z"}, created_at: ~U[2026-03-17 23:05:00.370120Z], metadata: %{}}]
23:05:01.415 [debug] Nexus.Identity.Projectors.UserRegistrationProjector received events: [%Commanded.EventStore.RecordedEvent{event_id: "f77b2b91-844a-443e-9092-b0c4e2fd5d4f", event_number: 9134, stream_id: "019cfe0b-9c63-728b-b16c-ee83a98539e8", stream_version: 3, causation_id: "5972202a-3502-4ebc-87c4-61dcf2939ec4", correlation_id: "577528ae-9dc3-45f1-9143-12b4244c8fe9", event_type: "Elixir.Nexus.Treasury.Events.TransferExecuted", data: %Nexus.Treasury.Events.TransferExecuted{transfer_id: "019cfe0b-9c63-728b-b16c-ee83a98539e8", org_id: "019cfe0b-9c1b-7840-8aad-df5e1bb839a5", amount: "5000000", from_currency: "EUR", to_currency: "USD", recipient_data: nil, executed_at: "2026-03-17T23:05:00.371282Z"}, created_at: ~U[2026-03-17 23:05:00.371613Z], metadata: %{"causation_id" => "019cfe0b-9ed3-7eec-9de0-d165b0895f38", "correlation_id" => "019cfe0b-9ed3-7eec-9de0-d165b0895f38"}}]
23:05:01.415 [debug] Nexus.Identity.Projectors.UserRegistrationProjector confirming receipt of event #9134 of events: [%Commanded.EventStore.RecordedEvent{event_id: "f77b2b91-844a-443e-9092-b0c4e2fd5d4f", event_number: 9134, stream_id: "019cfe0b-9c63-728b-b16c-ee83a98539e8", stream_version: 3, causation_id: "5972202a-3502-4ebc-87c4-61dcf2939ec4", correlation_id: "577528ae-9dc3-45f1-9143-12b4244c8fe9", event_type: "Elixir.Nexus.Treasury.Events.TransferExecuted", data: %Nexus.Treasury.Events.TransferExecuted{transfer_id: "019cfe0b-9c63-728b-b16c-ee83a98539e8", org_id: "019cfe0b-9c1b-7840-8aad-df5e1bb839a5", amount: "5000000", from_currency: "EUR", to_currency: "USD", recipient_data: nil, executed_at: "2026-03-17T23:05:00.371282Z"}, created_at: ~U[2026-03-17 23:05:00.371613Z], metadata: %{"causation_id" => "019cfe0b-9ed3-7eec-9de0-d165b0895f38", "correlation_id" => "019cfe0b-9ed3-7eec-9de0-d165b0895f38"}}]
23:05:01.415 [debug] Nexus.Identity.Projectors.UserRegistrationProjector received events: [%Commanded.EventStore.RecordedEvent{event_id: "7de0298a-d38a-4a2f-a588-508b3de32166", event_number: 9135, stream_id: "TransferHardeningTest.PM-019cfe0b-9c1b-773f-b888-d6e9eeb49113", stream_version: 4, causation_id: nil, correlation_id: nil, event_type: "Elixir.Nexus.Treasury.Events.TransferAuthorized", data: %Nexus.Treasury.Events.TransferAuthorized{transfer_id: "019cfe0b-9c63-728b-b16c-ee83a98539e8", org_id: "019cfe0b-9c1b-7840-8aad-df5e1bb839a5", user_id: nil, actor_email: nil, authorized_at: "2026-03-17T23:05:00.361013Z"}, created_at: ~U[2026-03-17 23:05:00.372504Z], metadata: %{}}]
23:05:01.415 [debug] Nexus.Identity.Projectors.UserRegistrationProjector confirming receipt of event #9135 of events: [%Commanded.EventStore.RecordedEvent{event_id: "7de0298a-d38a-4a2f-a588-508b3de32166", event_number: 9135, stream_id: "TransferHardeningTest.PM-019cfe0b-9c1b-773f-b888-d6e9eeb49113", stream_version: 4, causation_id: nil, correlation_id: nil, event_type: "Elixir.Nexus.Treasury.Events.TransferAuthorized", data: %Nexus.Treasury.Events.TransferAuthorized{transfer_id: "019cfe0b-9c63-728b-b16c-ee83a98539e8", org_id: "019cfe0b-9c1b-7840-8aad-df5e1bb839a5", user_id: nil, actor_email: nil, authorized_at: "2026-03-17T23:05:00.361013Z"}, created_at: ~U[2026-03-17 23:05:00.372504Z], metadata: %{}}]
23:05:01.415 [debug] Nexus.Identity.Projectors.UserRegistrationProjector received events: [%Commanded.EventStore.RecordedEvent{event_id: "e988ebb5-54d2-4582-b43f-05e34bf14903", event_number: 9136, stream_id: "019cfe0b-a2a1-7f39-9bb3-44746559e73d", stream_version: 1, causation_id: "ecf84349-152c-46ed-9cee-4f7501d7a21b", correlation_id: "d3b4e4ca-e71c-43de-a4ce-7c34cc241f5c", event_type: "Elixir.Nexus.Identity.Events.UserRegistered", data: %Nexus.Identity.Events.UserRegistered{user_id: "019cfe0b-a2a1-7f39-9bb3-44746559e73d", org_id: "019cfe0b-a2a1-77dd-a304-19498dc53595", email: "test@example.com", role: "system_admin", cose_key: "Ym9vdHN0cmFwX2Nvc2Vfa2V5", credential_id: "Ym9vdHN0cmFwX2NyZWRlbnRpYWxfaWQ=", registered_at: "2026-03-17T23:05:01.345712Z", display_name: "Test User", status: "active"}, created_at: ~U[2026-03-17 23:05:01.346464Z], metadata: %{"causation_id" => "019cfe0b-a2a1-7f3a-8d9d-90f5ec1e2fbf", "correlation_id" => "019cfe0b-a2a1-7f3a-8d9d-90f5ec1e2fbf"}}]
23:05:01.415 [debug] QUERY OK db=0.0ms
begin []
23:05:01.415 [debug] QUERY OK source="projection_versions" db=0.0ms
INSERT INTO "projection_versions" AS p0 ("projection_name","last_seen_event_number","inserted_at","updated_at") VALUES ($1,$2,$3,$4) ON CONFLICT ("projection_name") DO UPDATE SET "last_seen_event_number" = $5 WHERE ((p0."projection_name" = $6) AND (p0."last_seen_event_number" < $7)) ["Identity.Projectors.UserRegistrationProjector", 9136, ~N[2026-03-17 23:05:01.415799], ~N[2026-03-17 23:05:01.415799], 9136, "Identity.Projectors.UserRegistrationProjector", 9136]
23:05:01.416 [debug] QUERY OK source="users" db=0.0ms
SELECT u0."id", u0."org_id", u0."email", u0."display_name", u0."role", u0."status", u0."cose_key", u0."credential_id", u0."created_at", u0."updated_at" FROM "users" AS u0 WHERE (u0."id" = $1) ["019cfe0b-a2a1-7f39-9bb3-44746559e73d"]
23:05:01.416 [debug] QUERY OK source="users" db=0.0ms
SELECT u0."id", u0."org_id", u0."email", u0."display_name", u0."role", u0."status", u0."cose_key", u0."credential_id", u0."created_at", u0."updated_at" FROM "users" AS u0 WHERE (u0."email" = $1) ["test@example.com"]
23:05:01.416 [debug] QUERY OK source="users" db=0.0ms
INSERT INTO "users" ("id","status","role","org_id","email","display_name","cose_key","credential_id","created_at","updated_at") VALUES ($1,$2,$3,$4,$5,$6,$7,$8,$9,$10) ["019cfe0b-a2a1-7f39-9bb3-44746559e73d", "active", "system_admin", "019cfe0b-a2a1-77dd-a304-19498dc53595", "test@example.com", "Test User", "bootstrap_cose_key", "bootstrap_credential_id", ~U[2026-03-17 23:05:01.416212Z], ~U[2026-03-17 23:05:01.416212Z]]
23:05:01.416 [debug] QUERY OK source="identity_user_settings" db=0.0ms
SELECT i0."user_id", i0."org_id", i0."locale", i0."timezone", i0."notifications_enabled", i0."created_at", i0."updated_at" FROM "identity_user_settings" AS i0 WHERE (i0."user_id" = $1) ["019cfe0b-a2a1-7f39-9bb3-44746559e73d"]
23:05:01.416 [debug] QUERY OK source="identity_user_settings" db=0.0ms
INSERT INTO "identity_user_settings" ("user_id","locale","org_id","timezone","notifications_enabled","created_at","updated_at") VALUES ($1,$2,$3,$4,$5,$6,$7) ["019cfe0b-a2a1-7f39-9bb3-44746559e73d", "en", "019cfe0b-a2a1-77dd-a304-19498dc53595", "UTC", true, ~U[2026-03-17 23:05:01.416428Z], ~U[2026-03-17 23:05:01.416428Z]]
23:05:01.416 [debug] QUERY OK db=0.0ms
commit []
23:05:01.416 [debug] Nexus.Identity.Projectors.UserRegistrationProjector confirming receipt of event #9136 of events: [%Commanded.EventStore.RecordedEvent{event_id: "e988ebb5-54d2-4582-b43f-05e34bf14903", event_number: 9136, stream_id: "019cfe0b-a2a1-7f39-9bb3-44746559e73d", stream_version: 1, causation_id: "ecf84349-152c-46ed-9cee-4f7501d7a21b", correlation_id: "d3b4e4ca-e71c-43de-a4ce-7c34cc241f5c", event_type: "Elixir.Nexus.Identity.Events.UserRegistered", data: %Nexus.Identity.Events.UserRegistered{user_id: "019cfe0b-a2a1-7f39-9bb3-44746559e73d", org_id: "019cfe0b-a2a1-77dd-a304-19498dc53595", email: "test@example.com", role: "system_admin", cose_key: "Ym9vdHN0cmFwX2Nvc2Vfa2V5", credential_id: "Ym9vdHN0cmFwX2NyZWRlbnRpYWxfaWQ=", registered_at: "2026-03-17T23:05:01.345712Z", display_name: "Test User", status: "active"}, created_at: ~U[2026-03-17 23:05:01.346464Z], metadata: %{"causation_id" => "019cfe0b-a2a1-7f3a-8d9d-90f5ec1e2fbf", "correlation_id" => "019cfe0b-a2a1-7f3a-8d9d-90f5ec1e2fbf"}}]
23:05:01.417 [debug] Nexus.Identity.Projectors.UserRegistrationProjector received events: [%Commanded.EventStore.RecordedEvent{event_id: "6a5568d1-6907-41a2-a84f-df015c60db63", event_number: 9137, stream_id: "019cfe0b-a2a7-7784-98fe-5600c3b013b6", stream_version: 1, causation_id: "a61bd54d-b854-4e4d-a40a-2e6a4d2284a5", correlation_id: "8f83ef8b-cfa6-4d88-8de8-c83da0eabb28", event_type: "Elixir.Nexus.Identity.Events.UserRegistered", data: %Nexus.Identity.Events.UserRegistered{user_id: "019cfe0b-a2a7-7784-98fe-5600c3b013b6", org_id: "019cfe0b-a2a7-71de-8625-b341cd019b17", email: "test@example.com", role: "system_admin", cose_key: "Ym9vdHN0cmFwX2Nvc2Vfa2V5", credential_id: "Ym9vdHN0cmFwX2NyZWRlbnRpYWxfaWQ=", registered_at: "2026-03-17T23:05:01.351147Z", display_name: "Test User", status: "active"}, created_at: ~U[2026-03-17 23:05:01.351640Z], metadata: %{"causation_id" => "019cfe0b-a2a7-7d6f-9f0f-181c6dbac484", "correlation_id" => "019cfe0b-a2a7-7d6f-9f0f-181c6dbac484"}}]
23:05:01.417 [debug] QUERY OK db=0.0ms
begin []
23:05:01.417 [debug] QUERY OK source="projection_versions" db=0.1ms
INSERT INTO "projection_versions" AS p0 ("projection_name","last_seen_event_number","inserted_at","updated_at") VALUES ($1,$2,$3,$4) ON CONFLICT ("projection_name") DO UPDATE SET "last_seen_event_number" = $5 WHERE ((p0."projection_name" = $6) AND (p0."last_seen_event_number" < $7)) ["Identity.Projectors.UserRegistrationProjector", 9137, ~N[2026-03-17 23:05:01.417144], ~N[2026-03-17 23:05:01.417144], 9137, "Identity.Projectors.UserRegistrationProjector", 9137]
23:05:01.417 [debug] QUERY OK source="users" db=0.0ms
SELECT u0."id", u0."org_id", u0."email", u0."display_name", u0."role", u0."status", u0."cose_key", u0."credential_id", u0."created_at", u0."updated_at" FROM "users" AS u0 WHERE (u0."id" = $1) ["019cfe0b-a2a7-7784-98fe-5600c3b013b6"]
23:05:01.417 [debug] QUERY OK source="users" db=0.0ms
SELECT u0."id", u0."org_id", u0."email", u0."display_name", u0."role", u0."status", u0."cose_key", u0."credential_id", u0."created_at", u0."updated_at" FROM "users" AS u0 WHERE (u0."email" = $1) ["test@example.com"]
23:05:01.417 [debug] QUERY OK source="identity_user_settings" db=0.0ms
SELECT i0."user_id", i0."org_id", i0."locale", i0."timezone", i0."notifications_enabled", i0."created_at", i0."updated_at" FROM "identity_user_settings" AS i0 WHERE (i0."user_id" = $1) ["019cfe0b-a2a7-7784-98fe-5600c3b013b6"]
23:05:01.417 [debug] QUERY OK source="identity_user_settings" db=0.0ms
INSERT INTO "identity_user_settings" ("user_id","locale","org_id","timezone","notifications_enabled","created_at","updated_at") VALUES ($1,$2,$3,$4,$5,$6,$7) ["019cfe0b-a2a7-7784-98fe-5600c3b013b6", "en", "019cfe0b-a2a7-71de-8625-b341cd019b17", "UTC", true, ~U[2026-03-17 23:05:01.417720Z], ~U[2026-03-17 23:05:01.417720Z]]
23:05:01.417 [debug] QUERY OK db=0.0ms
commit []
23:05:01.417 [debug] Nexus.Identity.Projectors.UserRegistrationProjector confirming receipt of event #9137 of events: [%Commanded.EventStore.RecordedEvent{event_id: "6a5568d1-6907-41a2-a84f-df015c60db63", event_number: 9137, stream_id: "019cfe0b-a2a7-7784-98fe-5600c3b013b6", stream_version: 1, causation_id: "a61bd54d-b854-4e4d-a40a-2e6a4d2284a5", correlation_id: "8f83ef8b-cfa6-4d88-8de8-c83da0eabb28", event_type: "Elixir.Nexus.Identity.Events.UserRegistered", data: %Nexus.Identity.Events.UserRegistered{user_id: "019cfe0b-a2a7-7784-98fe-5600c3b013b6", org_id: "019cfe0b-a2a7-71de-8625-b341cd019b17", email: "test@example.com", role: "system_admin", cose_key: "Ym9vdHN0cmFwX2Nvc2Vfa2V5", credential_id: "Ym9vdHN0cmFwX2NyZWRlbnRpYWxfaWQ=", registered_at: "2026-03-17T23:05:01.351147Z", display_name: "Test User", status: "active"}, created_at: ~U[2026-03-17 23:05:01.351640Z], metadata: %{"causation_id" => "019cfe0b-a2a7-7d6f-9f0f-181c6dbac484", "correlation_id" => "019cfe0b-a2a7-7d6f-9f0f-181c6dbac484"}}]
23:05:01.418 [debug] Nexus.Identity.Projectors.UserRegistrationProjector received events: [%Commanded.EventStore.RecordedEvent{event_id: "a7c260d6-40a9-4de0-bbd6-6bb30ee49748", event_number: 9138, stream_id: "019cfe0b-a2a7-7784-98fe-5600c3b013b6", stream_version: 2, causation_id: "a0978d95-4b13-4353-adbb-a20a837d0d2c", correlation_id: "e10e9da1-213c-4561-a4d4-b3de5f35d880", event_type: "Elixir.Nexus.Identity.Events.StepUpVerified", data: %Nexus.Identity.Events.StepUpVerified{user_id: "019cfe0b-a2a7-7784-98fe-5600c3b013b6", org_id: "019cfe0b-a2a7-71de-8625-b341cd019b17", action_id: "TX-123", verified_at: "2026-03-17T23:05:01.352218Z"}, created_at: ~U[2026-03-17 23:05:01.352472Z], metadata: %{"causation_id" => "019cfe0b-a2a8-7ba6-a41c-109465e60325", "correlation_id" => "019cfe0b-a2a8-7ba6-a41c-109465e60325"}}]
23:05:01.418 [debug] Nexus.Identity.Projectors.UserRegistrationProjector confirming receipt of event #9138 of events: [%Commanded.EventStore.RecordedEvent{event_id: "a7c260d6-40a9-4de0-bbd6-6bb30ee49748", event_number: 9138, stream_id: "019cfe0b-a2a7-7784-98fe-5600c3b013b6", stream_version: 2, causation_id: "a0978d95-4b13-4353-adbb-a20a837d0d2c", correlation_id: "e10e9da1-213c-4561-a4d4-b3de5f35d880", event_type: "Elixir.Nexus.Identity.Events.StepUpVerified", data: %Nexus.Identity.Events.StepUpVerified{user_id: "019cfe0b-a2a7-7784-98fe-5600c3b013b6", org_id: "019cfe0b-a2a7-71de-8625-b341cd019b17", action_id: "TX-123", verified_at: "2026-03-17T23:05:01.352218Z"}, created_at: ~U[2026-03-17 23:05:01.352472Z], metadata: %{"causation_id" => "019cfe0b-a2a8-7ba6-a41c-109465e60325", "correlation_id" => "019cfe0b-a2a8-7ba6-a41c-109465e60325"}}]
23:05:01.418 [debug] Nexus.Identity.Projectors.UserRegistrationProjector received events: [%Commanded.EventStore.RecordedEvent{event_id: "02cdc170-58e7-432b-9393-b2f5b02e7ca5", event_number: 9139, stream_id: "53f283f9-d4e4-4f3a-832b-6a65599d89ee", stream_version: 1, causation_id: "7ef1d5a7-2271-4b3f-ba58-3b54cc6f9e0e", correlation_id: "5a1a93d1-a314-4907-9db0-5d76dcdce36d", event_type: "Elixir.Nexus.Organization.Events.TenantProvisioned", data: %Nexus.Organization.Events.TenantProvisioned{org_id: "53f283f9-d4e4-4f3a-832b-6a65599d89ee", name: "Stark Industries-252eec88-787c-454c-be6d-60acb6eb54df", initial_admin_email: "elena@stark.com", provisioned_by: "sysadmin_test", provisioned_at: "2026-03-17T23:05:01.365369Z"}, created_at: ~U[2026-03-17 23:05:01.367484Z], metadata: %{"causation_id" => "019cfe0b-a2b5-7b9f-a7be-b9516e7e94f2", "correlation_id" => "019cfe0b-a2b5-7b9f-a7be-b9516e7e94f2"}}]
23:05:01.418 [debug] Nexus.Identity.Projectors.UserRegistrationProjector confirming receipt of event #9139 of events: [%Commanded.EventStore.RecordedEvent{event_id: "02cdc170-58e7-432b-9393-b2f5b02e7ca5", event_number: 9139, stream_id: "53f283f9-d4e4-4f3a-832b-6a65599d89ee", stream_version: 1, causation_id: "7ef1d5a7-2271-4b3f-ba58-3b54cc6f9e0e", correlation_id: "5a1a93d1-a314-4907-9db0-5d76dcdce36d", event_type: "Elixir.Nexus.Organization.Events.TenantProvisioned", data: %Nexus.Organization.Events.TenantProvisioned{org_id: "53f283f9-d4e4-4f3a-832b-6a65599d89ee", name: "Stark Industries-252eec88-787c-454c-be6d-60acb6eb54df", initial_admin_email: "elena@stark.com", provisioned_by: "sysadmin_test", provisioned_at: "2026-03-17T23:05:01.365369Z"}, created_at: ~U[2026-03-17 23:05:01.367484Z], metadata: %{"causation_id" => "019cfe0b-a2b5-7b9f-a7be-b9516e7e94f2", "correlation_id" => "019cfe0b-a2b5-7b9f-a7be-b9516e7e94f2"}}]
23:05:01.418 [debug] Nexus.Identity.Projectors.UserRegistrationProjector received events: [%Commanded.EventStore.RecordedEvent{event_id: "06a342b1-8f84-4b3f-b418-804fa5b3e691", event_number: 9140, stream_id: "53f283f9-d4e4-4f3a-832b-6a65599d89ee", stream_version: 2, causation_id: "a9c1f3d7-e1c9-4a8c-a9ac-927947cb6209", correlation_id: "c1549edf-4c6d-472d-ac8f-96ec21a1774f", event_type: "Elixir.Nexus.Organization.Events.UserInvited", data: %Nexus.Organization.Events.UserInvited{org_id: "53f283f9-d4e4-4f3a-832b-6a65599d89ee", email: "marcus@stark.com", role: "viewer", invited_by: "elena", invitation_token: "52e2e35e-8218-4362-9de4-593baaf2d74c", invited_at: "2026-03-17T23:05:01.371701Z"}, created_at: ~U[2026-03-17 23:05:01.371941Z], metadata: %{"causation_id" => "019cfe0b-a2bb-71b3-85ff-5b58b018c6d9", "correlation_id" => "019cfe0b-a2bb-71b3-85ff-5b58b018c6d9"}}]
23:05:01.419 [debug] Nexus.Identity.Projectors.UserRegistrationProjector confirming receipt of event #9140 of events: [%Commanded.EventStore.RecordedEvent{event_id: "06a342b1-8f84-4b3f-b418-804fa5b3e691", event_number: 9140, stream_id: "53f283f9-d4e4-4f3a-832b-6a65599d89ee", stream_version: 2, causation_id: "a9c1f3d7-e1c9-4a8c-a9ac-927947cb6209", correlation_id: "c1549edf-4c6d-472d-ac8f-96ec21a1774f", event_type: "Elixir.Nexus.Organization.Events.UserInvited", data: %Nexus.Organization.Events.UserInvited{org_id: "53f283f9-d4e4-4f3a-832b-6a65599d89ee", email: "marcus@stark.com", role: "viewer", invited_by: "elena", invitation_token: "52e2e35e-8218-4362-9de4-593baaf2d74c", invited_at: "2026-03-17T23:05:01.371701Z"}, created_at: ~U[2026-03-17 23:05:01.371941Z], metadata: %{"causation_id" => "019cfe0b-a2bb-71b3-85ff-5b58b018c6d9", "correlation_id" => "019cfe0b-a2bb-71b3-85ff-5b58b018c6d9"}}]
23:05:01.419 [debug] Nexus.Identity.Projectors.UserRegistrationProjector received events: [%Commanded.EventStore.RecordedEvent{event_id: "4bef2076-646a-422b-b653-70ae59da7d49", event_number: 9141, stream_id: "683cfe11-8bc8-41e2-a677-d79a4837b030", stream_version: 1, causation_id: "ef791a81-a268-4b5b-b91e-347c0565963d", correlation_id: "80716f9a-d547-4635-a52f-f6ec6fde8c5a", event_type: "Elixir.Nexus.Organization.Events.TenantProvisioned", data: %Nexus.Organization.Events.TenantProvisioned{org_id: "683cfe11-8bc8-41e2-a677-d79a4837b030", name: "Stark Industries-1758a6dc-a854-426b-9082-b612e8e80dd4", initial_admin_email: "elena@stark.com", provisioned_by: "sysadmin_test", provisioned_at: "2026-03-17T23:05:01.375335Z"}, created_at: ~U[2026-03-17 23:05:01.376007Z], metadata: %{"causation_id" => "019cfe0b-a2bf-7c25-be81-d091557bb390", "correlation_id" => "019cfe0b-a2bf-7c25-be81-d091557bb390"}}]
23:05:01.419 [debug] Nexus.Identity.Projectors.UserRegistrationProjector confirming receipt of event #9141 of events: [%Commanded.EventStore.RecordedEvent{event_id: "4bef2076-646a-422b-b653-70ae59da7d49", event_number: 9141, stream_id: "683cfe11-8bc8-41e2-a677-d79a4837b030", stream_version: 1, causation_id: "ef791a81-a268-4b5b-b91e-347c0565963d", correlation_id: "80716f9a-d547-4635-a52f-f6ec6fde8c5a", event_type: "Elixir.Nexus.Organization.Events.TenantProvisioned", data: %Nexus.Organization.Events.TenantProvisioned{org_id: "683cfe11-8bc8-41e2-a677-d79a4837b030", name: "Stark Industries-1758a6dc-a854-426b-9082-b612e8e80dd4", initial_admin_email: "elena@stark.com", provisioned_by: "sysadmin_test", provisioned_at: "2026-03-17T23:05:01.375335Z"}, created_at: ~U[2026-03-17 23:05:01.376007Z], metadata: %{"causation_id" => "019cfe0b-a2bf-7c25-be81-d091557bb390", "correlation_id" => "019cfe0b-a2bf-7c25-be81-d091557bb390"}}]
23:05:01.419 [debug] Nexus.Identity.Projectors.UserRegistrationProjector received events: [%Commanded.EventStore.RecordedEvent{event_id: "c4d517af-6f87-4134-8855-31dcf124d74d", event_number: 9142, stream_id: "683cfe11-8bc8-41e2-a677-d79a4837b030", stream_version: 2, causation_id: "1a085b9d-6659-4699-8f97-d50ecb5a3143", correlation_id: "a9dd34e0-dbbe-4800-b966-3ed1cd764b6e", event_type: "Elixir.Nexus.Organization.Events.UserInvited", data: %Nexus.Organization.Events.UserInvited{org_id: "683cfe11-8bc8-41e2-a677-d79a4837b030", email: "marcus@stark.com", role: "trader", invited_by: "elena", invitation_token: "d71824ed-3606-4eba-8962-66f804a31706", invited_at: "2026-03-17T23:05:01.379370Z"}, created_at: ~U[2026-03-17 23:05:01.379752Z], metadata: %{"causation_id" => "019cfe0b-a2c3-7e33-8929-b8578237921c", "correlation_id" => "019cfe0b-a2c3-7e33-8929-b8578237921c"}}]
23:05:01.419 [debug] Nexus.Identity.Projectors.UserRegistrationProjector confirming receipt of event #9142 of events: [%Commanded.EventStore.RecordedEvent{event_id: "c4d517af-6f87-4134-8855-31dcf124d74d", event_number: 9142, stream_id: "683cfe11-8bc8-41e2-a677-d79a4837b030", stream_version: 2, causation_id: "1a085b9d-6659-4699-8f97-d50ecb5a3143", correlation_id: "a9dd34e0-dbbe-4800-b966-3ed1cd764b6e", event_type: "Elixir.Nexus.Organization.Events.UserInvited", data: %Nexus.Organization.Events.UserInvited{org_id: "683cfe11-8bc8-41e2-a677-d79a4837b030", email: "marcus@stark.com", role: "trader", invited_by: "elena", invitation_token: "d71824ed-3606-4eba-8962-66f804a31706", invited_at: "2026-03-17T23:05:01.379370Z"}, created_at: ~U[2026-03-17 23:05:01.379752Z], metadata: %{"causation_id" => "019cfe0b-a2c3-7e33-8929-b8578237921c", "correlation_id" => "019cfe0b-a2c3-7e33-8929-b8578237921c"}}]
23:05:01.420 [debug] Nexus.Identity.Projectors.UserRegistrationProjector received events: [%Commanded.EventStore.RecordedEvent{event_id: "5d64c00a-7405-4089-8d2c-2539539efa0d", event_number: 9143, stream_id: "b51181ca-8e2d-48d7-ac64-e54e59ea1610", stream_version: 1, causation_id: "8a0a401b-06d8-4220-810d-d375d79267f4", correlation_id: "d5453c60-4d07-4674-ad19-e0bcc3b4c4c7", event_type: "Elixir.Nexus.Organization.Events.TenantProvisioned", data: %Nexus.Organization.Events.TenantProvisioned{org_id: "b51181ca-8e2d-48d7-ac64-e54e59ea1610", name: "Stark Industries-01f91cf6-5068-4ed5-9b54-893c018c2bb5", initial_admin_email: "elena@stark.com", provisioned_by: "sysadmin_test", provisioned_at: "2026-03-17T23:05:01.387735Z"}, created_at: ~U[2026-03-17 23:05:01.388446Z], metadata: %{"causation_id" => "019cfe0b-a2cb-79bc-bdf6-87b2b83ad5b1", "correlation_id" => "019cfe0b-a2cb-79bc-bdf6-87b2b83ad5b1"}}]
23:05:01.420 [debug] Nexus.Identity.Projectors.UserRegistrationProjector confirming receipt of event #9143 of events: [%Commanded.EventStore.RecordedEvent{event_id: "5d64c00a-7405-4089-8d2c-2539539efa0d", event_number: 9143, stream_id: "b51181ca-8e2d-48d7-ac64-e54e59ea1610", stream_version: 1, causation_id: "8a0a401b-06d8-4220-810d-d375d79267f4", correlation_id: "d5453c60-4d07-4674-ad19-e0bcc3b4c4c7", event_type: "Elixir.Nexus.Organization.Events.TenantProvisioned", data: %Nexus.Organization.Events.TenantProvisioned{org_id: "b51181ca-8e2d-48d7-ac64-e54e59ea1610", name: "Stark Industries-01f91cf6-5068-4ed5-9b54-893c018c2bb5", initial_admin_email: "elena@stark.com", provisioned_by: "sysadmin_test", provisioned_at: "2026-03-17T23:05:01.387735Z"}, created_at: ~U[2026-03-17 23:05:01.388446Z], metadata: %{"causation_id" => "019cfe0b-a2cb-79bc-bdf6-87b2b83ad5b1", "correlation_id" => "019cfe0b-a2cb-79bc-bdf6-87b2b83ad5b1"}}]
23:05:01.421 [debug] Nexus.Identity.Projectors.UserRegistrationProjector received events: [%Commanded.EventStore.RecordedEvent{event_id: "57f6dfeb-69a1-4d44-b2d3-0c6fa81d7263", event_number: 9144, stream_id: "b51181ca-8e2d-48d7-ac64-e54e59ea1610", stream_version: 2, causation_id: "aa03e6e7-912e-44c9-9477-0788329bc11c", correlation_id: "5bc3ec2a-ca7e-495c-9b8f-dfa5072d5ae9", event_type: "Elixir.Nexus.Organization.Events.UserInvited", data: %Nexus.Organization.Events.UserInvited{org_id: "b51181ca-8e2d-48d7-ac64-e54e59ea1610", email: "ned@stark.com", role: "trader", invited_by: "peter", invitation_token: "12f4705a-9dd4-43d4-b5f7-fbebab47d13d", invited_at: "2026-03-17T23:05:01.390630Z"}, created_at: ~U[2026-03-17 23:05:01.390889Z], metadata: %{"causation_id" => "019cfe0b-a2ce-7cde-8c03-b1fda2d908ce", "correlation_id" => "019cfe0b-a2ce-7cde-8c03-b1fda2d908ce"}}]
23:05:01.421 [debug] Nexus.Identity.Projectors.UserRegistrationProjector confirming receipt of event #9144 of events: [%Commanded.EventStore.RecordedEvent{event_id: "57f6dfeb-69a1-4d44-b2d3-0c6fa81d7263", event_number: 9144, stream_id: "b51181ca-8e2d-48d7-ac64-e54e59ea1610", stream_version: 2, causation_id: "aa03e6e7-912e-44c9-9477-0788329bc11c", correlation_id: "5bc3ec2a-ca7e-495c-9b8f-dfa5072d5ae9", event_type: "Elixir.Nexus.Organization.Events.UserInvited", data: %Nexus.Organization.Events.UserInvited{org_id: "b51181ca-8e2d-48d7-ac64-e54e59ea1610", email: "ned@stark.com", role: "trader", invited_by: "peter", invitation_token: "12f4705a-9dd4-43d4-b5f7-fbebab47d13d", invited_at: "2026-03-17T23:05:01.390630Z"}, created_at: ~U[2026-03-17 23:05:01.390889Z], metadata: %{"causation_id" => "019cfe0b-a2ce-7cde-8c03-b1fda2d908ce", "correlation_id" => "019cfe0b-a2ce-7cde-8c03-b1fda2d908ce"}}]
23:05:01.422 [debug] Nexus.Identity.Projectors.UserRegistrationProjector received events: [%Commanded.EventStore.RecordedEvent{event_id: "7cb0eee5-39aa-4942-8f54-eef29757ba59", event_number: 9145, stream_id: "5958f21a-c62c-4439-adc3-b72f67fb54cd", stream_version: 1, causation_id: "249fdf8a-5713-4318-92b7-233ddf07ce6b", correlation_id: "5f9ee9a7-f1c5-4256-89d6-814cbf522f86", event_type: "Elixir.Nexus.Identity.Events.UserRegistered", data: %Nexus.Identity.Events.UserRegistered{user_id: "5958f21a-c62c-4439-adc3-b72f67fb54cd", org_id: "0d14f104-0fbc-47b4-a54d-5a3a41b9d1e4", email: "test@example.com", role: "admin", cose_key: "dummy", credential_id: "dummy", registered_at: "2026-03-17T23:05:01.399746Z", display_name: "Test User", status: "active"}, created_at: ~U[2026-03-17 23:05:01.400590Z], metadata: %{"causation_id" => "019cfe0b-a2d7-7d82-a55d-2e9773e11c85", "correlation_id" => "019cfe0b-a2d7-7d82-a55d-2e9773e11c85"}}]
23:05:01.422 [debug] QUERY OK db=0.0ms
begin []
23:05:01.422 [debug] QUERY OK source="projection_versions" db=0.1ms
INSERT INTO "projection_versions" AS p0 ("projection_name","last_seen_event_number","inserted_at","updated_at") VALUES ($1,$2,$3,$4) ON CONFLICT ("projection_name") DO UPDATE SET "last_seen_event_number" = $5 WHERE ((p0."projection_name" = $6) AND (p0."last_seen_event_number" < $7)) ["Identity.Projectors.UserRegistrationProjector", 9145, ~N[2026-03-17 23:05:01.422183], ~N[2026-03-17 23:05:01.422183], 9145, "Identity.Projectors.UserRegistrationProjector", 9145]
23:05:01.422 [debug] QUERY OK source="users" db=0.1ms
SELECT u0."id", u0."org_id", u0."email", u0."display_name", u0."role", u0."status", u0."cose_key", u0."credential_id", u0."created_at", u0."updated_at" FROM "users" AS u0 WHERE (u0."id" = $1) ["5958f21a-c62c-4439-adc3-b72f67fb54cd"]
23:05:01.422 [debug] QUERY OK source="users" db=0.0ms
SELECT u0."id", u0."org_id", u0."email", u0."display_name", u0."role", u0."status", u0."cose_key", u0."credential_id", u0."created_at", u0."updated_at" FROM "users" AS u0 WHERE (u0."email" = $1) ["test@example.com"]
23:05:01.422 [debug] QUERY OK source="identity_user_settings" db=0.1ms
SELECT i0."user_id", i0."org_id", i0."locale", i0."timezone", i0."notifications_enabled", i0."created_at", i0."updated_at" FROM "identity_user_settings" AS i0 WHERE (i0."user_id" = $1) ["5958f21a-c62c-4439-adc3-b72f67fb54cd"]
23:05:01.423 [debug] QUERY OK source="identity_user_settings" db=0.1ms
INSERT INTO "identity_user_settings" ("user_id","locale","org_id","timezone","notifications_enabled","created_at","updated_at") VALUES ($1,$2,$3,$4,$5,$6,$7) ["5958f21a-c62c-4439-adc3-b72f67fb54cd", "en", "0d14f104-0fbc-47b4-a54d-5a3a41b9d1e4", "UTC", true, ~U[2026-03-17 23:05:01.422951Z], ~U[2026-03-17 23:05:01.422951Z]]
23:05:01.423 [debug] QUERY OK db=0.1ms
commit []
23:05:01.423 [debug] Nexus.Identity.Projectors.UserRegistrationProjector confirming receipt of event #9145 of events: [%Commanded.EventStore.RecordedEvent{event_id: "7cb0eee5-39aa-4942-8f54-eef29757ba59", event_number: 9145, stream_id: "5958f21a-c62c-4439-adc3-b72f67fb54cd", stream_version: 1, causation_id: "249fdf8a-5713-4318-92b7-233ddf07ce6b", correlation_id: "5f9ee9a7-f1c5-4256-89d6-814cbf522f86", event_type: "Elixir.Nexus.Identity.Events.UserRegistered", data: %Nexus.Identity.Events.UserRegistered{user_id: "5958f21a-c62c-4439-adc3-b72f67fb54cd", org_id: "0d14f104-0fbc-47b4-a54d-5a3a41b9d1e4", email: "test@example.com", role: "admin", cose_key: "dummy", credential_id: "dummy", registered_at: "2026-03-17T23:05:01.399746Z", display_name: "Test User", status: "active"}, created_at: ~U[2026-03-17 23:05:01.400590Z], metadata: %{"causation_id" => "019cfe0b-a2d7-7d82-a55d-2e9773e11c85", "correlation_id" => "019cfe0b-a2d7-7d82-a55d-2e9773e11c85"}}]
23:05:02.103 [debug] Locating aggregate process for `Nexus.Identity.Aggregates.User` with UUID "5958f21a-c62c-4439-adc3-b72f67fb54cd"
23:05:02.103 [debug] Nexus.Identity.Aggregates.User<5958f21a-c62c-4439-adc3-b72f67fb54cd@1> executing command: %Nexus.Identity.Commands.UpdateSettings{org_id: "0d14f104-0fbc-47b4-a54d-5a3a41b9d1e4", user_id: "5958f21a-c62c-4439-adc3-b72f67fb54cd", locale: "fr", timezone: "Europe/Paris", notifications_enabled: false, updated_at: ~U[2026-03-17 23:05:02.103031Z]}
23:05:02.117 [debug] Appended 1 event(s) to stream "5958f21a-c62c-4439-adc3-b72f67fb54cd"
23:05:02.117 [debug] Listener received notification on channel "event_store.events" with payload: "5958f21a-c62c-4439-adc3-b72f67fb54cd,6577,2,2"
23:05:02.117 [debug] Listener received notification on channel "event_store.events" with payload: "$all,0,9146,9146"
23:05:02.120 [debug] Nexus.Identity.Aggregates.User<5958f21a-c62c-4439-adc3-b72f67fb54cd@2> received events: [%Commanded.EventStore.RecordedEvent{event_id: "018addbf-ad3d-408c-8fb4-6f9b0f4c627c", event_number: 2, stream_id: "5958f21a-c62c-4439-adc3-b72f67fb54cd", stream_version: 2, causation_id: "b3a1c5c8-e301-4f12-865d-03baa28f2015", correlation_id: "01d523c9-bfa7-44d3-a33e-c67b59440ba2", event_type: "Elixir.Nexus.Identity.Events.SettingsUpdated", data: %Nexus.Identity.Events.SettingsUpdated{org_id: "0d14f104-0fbc-47b4-a54d-5a3a41b9d1e4", user_id: "5958f21a-c62c-4439-adc3-b72f67fb54cd", locale: "fr", timezone: "Europe/Paris", notifications_enabled: false, updated_at: "2026-03-17T23:05:02.103031Z"}, created_at: ~U[2026-03-17 23:05:02.114196Z], metadata: %{"causation_id" => "019cfe0b-a597-7d7b-bcdd-81e8f53785bc", "correlation_id" => "019cfe0b-a597-7d7b-bcdd-81e8f53785bc"}}]
23:05:02.121 [debug] Subscription "Identity.Projectors.UserProjector"@"$all" received 1 event(s)
23:05:02.121 [debug] Subscription "Identity.Projectors.UserRegistrationProjector"@"$all" received 1 event(s)
23:05:02.121 [debug] Subscription "Identity.Projectors.UserProjector"@"$all" is enqueueing 1 event(s)
23:05:02.121 [debug] Subscription "Identity.Projectors.UserRegistrationProjector"@"$all" is enqueueing 1 event(s)
23:05:02.121 [debug] Nexus.Identity.Projectors.UserProjector received events: [%Commanded.EventStore.RecordedEvent{event_id: "018addbf-ad3d-408c-8fb4-6f9b0f4c627c", event_number: 9146, stream_id: "5958f21a-c62c-4439-adc3-b72f67fb54cd", stream_version: 2, causation_id: "b3a1c5c8-e301-4f12-865d-03baa28f2015", correlation_id: "01d523c9-bfa7-44d3-a33e-c67b59440ba2", event_type: "Elixir.Nexus.Identity.Events.SettingsUpdated", data: %Nexus.Identity.Events.SettingsUpdated{org_id: "0d14f104-0fbc-47b4-a54d-5a3a41b9d1e4", user_id: "5958f21a-c62c-4439-adc3-b72f67fb54cd", locale: "fr", timezone: "Europe/Paris", notifications_enabled: false, updated_at: "2026-03-17T23:05:02.103031Z"}, created_at: ~U[2026-03-17 23:05:02.114196Z], metadata: %{"causation_id" => "019cfe0b-a597-7d7b-bcdd-81e8f53785bc", "correlation_id" => "019cfe0b-a597-7d7b-bcdd-81e8f53785bc"}}]
23:05:02.121 [debug] Nexus.Identity.Projectors.UserRegistrationProjector received events: [%Commanded.EventStore.RecordedEvent{event_id: "018addbf-ad3d-408c-8fb4-6f9b0f4c627c", event_number: 9146, stream_id: "5958f21a-c62c-4439-adc3-b72f67fb54cd", stream_version: 2, causation_id: "b3a1c5c8-e301-4f12-865d-03baa28f2015", correlation_id: "01d523c9-bfa7-44d3-a33e-c67b59440ba2", event_type: "Elixir.Nexus.Identity.Events.SettingsUpdated", data: %Nexus.Identity.Events.SettingsUpdated{org_id: "0d14f104-0fbc-47b4-a54d-5a3a41b9d1e4", user_id: "5958f21a-c62c-4439-adc3-b72f67fb54cd", locale: "fr", timezone: "Europe/Paris", notifications_enabled: false, updated_at: "2026-03-17T23:05:02.103031Z"}, created_at: ~U[2026-03-17 23:05:02.114196Z], metadata: %{"causation_id" => "019cfe0b-a597-7d7b-bcdd-81e8f53785bc", "correlation_id" => "019cfe0b-a597-7d7b-bcdd-81e8f53785bc"}}]
23:05:02.121 [debug] Nexus.Identity.Projectors.UserRegistrationProjector confirming receipt of event #9146 of events: [%Commanded.EventStore.RecordedEvent{event_id: "018addbf-ad3d-408c-8fb4-6f9b0f4c627c", event_number: 9146, stream_id: "5958f21a-c62c-4439-adc3-b72f67fb54cd", stream_version: 2, causation_id: "b3a1c5c8-e301-4f12-865d-03baa28f2015", correlation_id: "01d523c9-bfa7-44d3-a33e-c67b59440ba2", event_type: "Elixir.Nexus.Identity.Events.SettingsUpdated", data: %Nexus.Identity.Events.SettingsUpdated{org_id: "0d14f104-0fbc-47b4-a54d-5a3a41b9d1e4", user_id: "5958f21a-c62c-4439-adc3-b72f67fb54cd", locale: "fr", timezone: "Europe/Paris", notifications_enabled: false, updated_at: "2026-03-17T23:05:02.103031Z"}, created_at: ~U[2026-03-17 23:05:02.114196Z], metadata: %{"causation_id" => "019cfe0b-a597-7d7b-bcdd-81e8f53785bc", "correlation_id" => "019cfe0b-a597-7d7b-bcdd-81e8f53785bc"}}]
23:05:02.123 [debug] QUERY OK db=0.1ms
begin []
23:05:02.123 [debug] QUERY OK source="projection_versions" db=0.3ms
INSERT INTO "projection_versions" AS p0 ("projection_name","last_seen_event_number","inserted_at","updated_at") VALUES ($1,$2,$3,$4) ON CONFLICT ("projection_name") DO UPDATE SET "last_seen_event_number" = $5 WHERE ((p0."projection_name" = $6) AND (p0."last_seen_event_number" < $7)) ["Identity.Projectors.UserProjector", 9146, ~N[2026-03-17 23:05:02.123321], ~N[2026-03-17 23:05:02.123321], 9146, "Identity.Projectors.UserProjector", 9146]
23:05:02.124 [debug] QUERY OK source="identity_user_settings" db=0.2ms
UPDATE "identity_user_settings" AS i0 SET "locale" = $1, "timezone" = $2, "notifications_enabled" = $3, "updated_at" = $4 WHERE (i0."user_id" = $5) ["fr", "Europe/Paris", false, ~U[2026-03-17 23:05:02.103031Z], "5958f21a-c62c-4439-adc3-b72f67fb54cd"]
23:05:02.124 [debug] QUERY OK db=0.1ms
commit []
23:05:02.124 [debug] Nexus.Identity.Projectors.UserProjector confirming receipt of event #9146 of events: [%Commanded.EventStore.RecordedEvent{event_id: "018addbf-ad3d-408c-8fb4-6f9b0f4c627c", event_number: 9146, stream_id: "5958f21a-c62c-4439-adc3-b72f67fb54cd", stream_version: 2, causation_id: "b3a1c5c8-e301-4f12-865d-03baa28f2015", correlation_id: "01d523c9-bfa7-44d3-a33e-c67b59440ba2", event_type: "Elixir.Nexus.Identity.Events.SettingsUpdated", data: %Nexus.Identity.Events.SettingsUpdated{org_id: "0d14f104-0fbc-47b4-a54d-5a3a41b9d1e4", user_id: "5958f21a-c62c-4439-adc3-b72f67fb54cd", locale: "fr", timezone: "Europe/Paris", notifications_enabled: false, updated_at: "2026-03-17T23:05:02.103031Z"}, created_at: ~U[2026-03-17 23:05:02.114196Z], metadata: %{"causation_id" => "019cfe0b-a597-7d7b-bcdd-81e8f53785bc", "correlation_id" => "019cfe0b-a597-7d7b-bcdd-81e8f53785bc"}}]
23:05:02.217 [info] client error exporting {:failed_connect,
 [
   {:to_address, {~c"localhost", 4318}},
   {:inet6, [:inet6], :econnrefused},
   {:inet, [:inet], :econnrefused}
 ]}
23:05:02.624 [debug] QUERY OK source="identity_user_settings" db=4.4ms queue=0.1ms
SELECT i0."user_id", i0."org_id", i0."locale", i0."timezone", i0."notifications_enabled", i0."created_at", i0."updated_at" FROM "identity_user_settings" AS i0 WHERE (i0."user_id" = $1) ["5958f21a-c62c-4439-adc3-b72f67fb54cd"]
23:05:02.624 [debug] Nexus.Identity.Projectors.UserProjector is shutting down due to :shutdown
.23:05:02.624 [debug] Nexus.Identity.Projectors.UserRegistrationProjector is shutting down due to :shutdown
23:05:02.624 [debug] Subscription "Identity.Projectors.UserProjector"@"$all" subscriber #PID<0.1143.0> down due to: :shutdown
23:05:02.624 [debug] Subscription "Identity.Projectors.UserRegistrationProjector"@"$all" subscriber #PID<0.1141.0> down due to: :shutdown
23:05:02.624 [debug] Subscription "Identity.Projectors.UserProjector"@"$all" has no subscribers, shutting down
23:05:02.624 [debug] Subscription "Identity.Projectors.UserRegistrationProjector"@"$all" has no subscribers, shutting down
23:05:02.626 [debug] Subscription "Identity.Projectors.UserRegistrationProjector"@"$all" attempting to connect subscriber #PID<0.1155.0>
23:05:02.626 [debug] Subscription "Identity.Projectors.UserProjector"@"$all" attempting to connect subscriber #PID<0.1156.0>
23:05:02.626 [debug] Locating aggregate process for `Nexus.Identity.Aggregates.User` with UUID "a8a12f06-35c4-454c-9c6b-7ea2e4a18199"
23:05:02.628 [debug] Subscription "Identity.Projectors.UserProjector"@"$all" catching-up
23:05:02.628 [debug] Nexus.Identity.Projectors.UserProjector has successfully subscribed to event store
23:05:02.629 [debug] Nexus.Identity.Aggregates.User<a8a12f06-35c4-454c-9c6b-7ea2e4a18199@0> executing command: %Nexus.Identity.Commands.RegisterUser{user_id: "a8a12f06-35c4-454c-9c6b-7ea2e4a18199", org_id: "2b73c4f5-c906-4cfb-830a-62931da580b6", email: "test@example.com", cose_key: "dummy", credential_id: "dummy", role: "admin", display_name: "Test User", registered_at: ~U[2026-03-17 23:05:02.626754Z]}
23:05:02.630 [debug] Subscription "Identity.Projectors.UserRegistrationProjector"@"$all" catching-up
23:05:02.630 [debug] Nexus.Identity.Projectors.UserRegistrationProjector has successfully subscribed to event store
23:05:02.633 [debug] Appended 1 event(s) to stream "a8a12f06-35c4-454c-9c6b-7ea2e4a18199"
23:05:02.633 [debug] Listener received notification on channel "event_store.events" with payload: "a8a12f06-35c4-454c-9c6b-7ea2e4a18199,6578,1,1"
23:05:02.634 [debug] Listener received notification on channel "event_store.events" with payload: "$all,0,9147,9147"
23:05:02.635 [debug] Nexus.Identity.Aggregates.User<a8a12f06-35c4-454c-9c6b-7ea2e4a18199@1> received events: [%Commanded.EventStore.RecordedEvent{event_id: "d268094e-7ab7-4feb-8c4a-83c3fa033d64", event_number: 1, stream_id: "a8a12f06-35c4-454c-9c6b-7ea2e4a18199", stream_version: 1, causation_id: "5923e6fa-92c3-49dc-aaa3-0948573480e5", correlation_id: "ba0f6ade-46a1-4b51-98d9-4a5558f36358", event_type: "Elixir.Nexus.Identity.Events.UserRegistered", data: %Nexus.Identity.Events.UserRegistered{user_id: "a8a12f06-35c4-454c-9c6b-7ea2e4a18199", org_id: "2b73c4f5-c906-4cfb-830a-62931da580b6", email: "test@example.com", role: "admin", cose_key: "dummy", credential_id: "dummy", registered_at: "2026-03-17T23:05:02.626754Z", display_name: "Test User", status: "active"}, created_at: ~U[2026-03-17 23:05:02.630806Z], metadata: %{"causation_id" => "019cfe0b-a7a2-750e-9c1d-056d8156a760", "correlation_id" => "019cfe0b-a7a2-750e-9c1d-056d8156a760"}}]
23:05:02.635 [debug] Subscription "Identity.Projectors.UserRegistrationProjector"@"$all" received 1 event(s)
23:05:02.635 [debug] Subscription "Identity.Projectors.UserRegistrationProjector"@"$all" is enqueueing 1 event(s)
23:05:02.635 [debug] Subscription "Identity.Projectors.UserProjector"@"$all" received 1 event(s)
23:05:02.635 [debug] Subscription "Identity.Projectors.UserProjector"@"$all" is enqueueing 1 event(s)
23:05:02.636 [debug] Nexus.Identity.Projectors.UserRegistrationProjector received events: [%Commanded.EventStore.RecordedEvent{event_id: "d268094e-7ab7-4feb-8c4a-83c3fa033d64", event_number: 9147, stream_id: "a8a12f06-35c4-454c-9c6b-7ea2e4a18199", stream_version: 1, causation_id: "5923e6fa-92c3-49dc-aaa3-0948573480e5", correlation_id: "ba0f6ade-46a1-4b51-98d9-4a5558f36358", event_type: "Elixir.Nexus.Identity.Events.UserRegistered", data: %Nexus.Identity.Events.UserRegistered{user_id: "a8a12f06-35c4-454c-9c6b-7ea2e4a18199", org_id: "2b73c4f5-c906-4cfb-830a-62931da580b6", email: "test@example.com", role: "admin", cose_key: "dummy", credential_id: "dummy", registered_at: "2026-03-17T23:05:02.626754Z", display_name: "Test User", status: "active"}, created_at: ~U[2026-03-17 23:05:02.630806Z], metadata: %{"causation_id" => "019cfe0b-a7a2-750e-9c1d-056d8156a760", "correlation_id" => "019cfe0b-a7a2-750e-9c1d-056d8156a760"}}]
23:05:02.636 [debug] Nexus.Identity.Projectors.UserProjector received events: [%Commanded.EventStore.RecordedEvent{event_id: "d268094e-7ab7-4feb-8c4a-83c3fa033d64", event_number: 9147, stream_id: "a8a12f06-35c4-454c-9c6b-7ea2e4a18199", stream_version: 1, causation_id: "5923e6fa-92c3-49dc-aaa3-0948573480e5", correlation_id: "ba0f6ade-46a1-4b51-98d9-4a5558f36358", event_type: "Elixir.Nexus.Identity.Events.UserRegistered", data: %Nexus.Identity.Events.UserRegistered{user_id: "a8a12f06-35c4-454c-9c6b-7ea2e4a18199", org_id: "2b73c4f5-c906-4cfb-830a-62931da580b6", email: "test@example.com", role: "admin", cose_key: "dummy", credential_id: "dummy", registered_at: "2026-03-17T23:05:02.626754Z", display_name: "Test User", status: "active"}, created_at: ~U[2026-03-17 23:05:02.630806Z], metadata: %{"causation_id" => "019cfe0b-a7a2-750e-9c1d-056d8156a760", "correlation_id" => "019cfe0b-a7a2-750e-9c1d-056d8156a760"}}]
23:05:02.636 [debug] Nexus.Identity.Projectors.UserProjector confirming receipt of event #9147 of events: [%Commanded.EventStore.RecordedEvent{event_id: "d268094e-7ab7-4feb-8c4a-83c3fa033d64", event_number: 9147, stream_id: "a8a12f06-35c4-454c-9c6b-7ea2e4a18199", stream_version: 1, causation_id: "5923e6fa-92c3-49dc-aaa3-0948573480e5", correlation_id: "ba0f6ade-46a1-4b51-98d9-4a5558f36358", event_type: "Elixir.Nexus.Identity.Events.UserRegistered", data: %Nexus.Identity.Events.UserRegistered{user_id: "a8a12f06-35c4-454c-9c6b-7ea2e4a18199", org_id: "2b73c4f5-c906-4cfb-830a-62931da580b6", email: "test@example.com", role: "admin", cose_key: "dummy", credential_id: "dummy", registered_at: "2026-03-17T23:05:02.626754Z", display_name: "Test User", status: "active"}, created_at: ~U[2026-03-17 23:05:02.630806Z], metadata: %{"causation_id" => "019cfe0b-a7a2-750e-9c1d-056d8156a760", "correlation_id" => "019cfe0b-a7a2-750e-9c1d-056d8156a760"}}]
23:05:02.636 [debug] QUERY OK db=0.1ms
begin []
23:05:02.638 [debug] QUERY OK source="projection_versions" db=2.0ms
INSERT INTO "projection_versions" AS p0 ("projection_name","last_seen_event_number","inserted_at","updated_at") VALUES ($1,$2,$3,$4) ON CONFLICT ("projection_name") DO UPDATE SET "last_seen_event_number" = $5 WHERE ((p0."projection_name" = $6) AND (p0."last_seen_event_number" < $7)) ["Identity.Projectors.UserRegistrationProjector", 9147, ~N[2026-03-17 23:05:02.636462], ~N[2026-03-17 23:05:02.636462], 9147, "Identity.Projectors.UserRegistrationProjector", 9147]
23:05:02.642 [debug] QUERY OK source="users" db=3.2ms
SELECT u0."id", u0."org_id", u0."email", u0."display_name", u0."role", u0."status", u0."cose_key", u0."credential_id", u0."created_at", u0."updated_at" FROM "users" AS u0 WHERE (u0."id" = $1) ["a8a12f06-35c4-454c-9c6b-7ea2e4a18199"]
23:05:02.643 [debug] QUERY OK source="users" db=1.3ms
SELECT u0."id", u0."org_id", u0."email", u0."display_name", u0."role", u0."status", u0."cose_key", u0."credential_id", u0."created_at", u0."updated_at" FROM "users" AS u0 WHERE (u0."email" = $1) ["test@example.com"]
23:05:02.644 [debug] QUERY OK source="users" db=0.5ms
INSERT INTO "users" ("id","status","role","org_id","email","display_name","cose_key","credential_id","created_at","updated_at") VALUES ($1,$2,$3,$4,$5,$6,$7,$8,$9,$10) ["a8a12f06-35c4-454c-9c6b-7ea2e4a18199", "active", "admin", "2b73c4f5-c906-4cfb-830a-62931da580b6", "test@example.com", "Test User", "dummy", "dummy", ~U[2026-03-17 23:05:02.643642Z], ~U[2026-03-17 23:05:02.643642Z]]
23:05:02.647 [debug] QUERY OK source="identity_user_settings" db=3.2ms
SELECT i0."user_id", i0."org_id", i0."locale", i0."timezone", i0."notifications_enabled", i0."created_at", i0."updated_at" FROM "identity_user_settings" AS i0 WHERE (i0."user_id" = $1) ["a8a12f06-35c4-454c-9c6b-7ea2e4a18199"]
23:05:02.648 [debug] QUERY OK source="identity_user_settings" db=0.5ms
INSERT INTO "identity_user_settings" ("user_id","locale","org_id","timezone","notifications_enabled","created_at","updated_at") VALUES ($1,$2,$3,$4,$5,$6,$7) ["a8a12f06-35c4-454c-9c6b-7ea2e4a18199", "en", "2b73c4f5-c906-4cfb-830a-62931da580b6", "UTC", true, ~U[2026-03-17 23:05:02.647965Z], ~U[2026-03-17 23:05:02.647965Z]]
23:05:02.649 [debug] QUERY OK db=0.2ms
commit []
23:05:02.649 [debug] Nexus.Identity.Projectors.UserRegistrationProjector confirming receipt of event #9147 of events: [%Commanded.EventStore.RecordedEvent{event_id: "d268094e-7ab7-4feb-8c4a-83c3fa033d64", event_number: 9147, stream_id: "a8a12f06-35c4-454c-9c6b-7ea2e4a18199", stream_version: 1, causation_id: "5923e6fa-92c3-49dc-aaa3-0948573480e5", correlation_id: "ba0f6ade-46a1-4b51-98d9-4a5558f36358", event_type: "Elixir.Nexus.Identity.Events.UserRegistered", data: %Nexus.Identity.Events.UserRegistered{user_id: "a8a12f06-35c4-454c-9c6b-7ea2e4a18199", org_id: "2b73c4f5-c906-4cfb-830a-62931da580b6", email: "test@example.com", role: "admin", cose_key: "dummy", credential_id: "dummy", registered_at: "2026-03-17T23:05:02.626754Z", display_name: "Test User", status: "active"}, created_at: ~U[2026-03-17 23:05:02.630806Z], metadata: %{"causation_id" => "019cfe0b-a7a2-750e-9c1d-056d8156a760", "correlation_id" => "019cfe0b-a7a2-750e-9c1d-056d8156a760"}}]
23:05:02.835 [debug] Locating aggregate process for `Nexus.Identity.Aggregates.User` with UUID "a8a12f06-35c4-454c-9c6b-7ea2e4a18199"
23:05:02.835 [debug] Nexus.Identity.Aggregates.User<a8a12f06-35c4-454c-9c6b-7ea2e4a18199@1> executing command: %Nexus.Identity.Commands.StartSession{org_id: "2b73c4f5-c906-4cfb-830a-62931da580b6", user_id: "a8a12f06-35c4-454c-9c6b-7ea2e4a18199", session_id: "d4682fdb-bf99-4f39-a090-e7e7bb798df1", session_token: "token123", user_agent: "Mozilla/5.0", ip_address: "127.0.0.1", started_at: ~U[2026-03-17 23:05:02.835051Z]}
23:05:02.842 [debug] Appended 1 event(s) to stream "a8a12f06-35c4-454c-9c6b-7ea2e4a18199"
23:05:02.842 [debug] Listener received notification on channel "event_store.events" with payload: "a8a12f06-35c4-454c-9c6b-7ea2e4a18199,6578,2,2"
23:05:02.842 [debug] Listener received notification on channel "event_store.events" with payload: "$all,0,9148,9148"
23:05:02.846 [debug] Nexus.Identity.Aggregates.User<a8a12f06-35c4-454c-9c6b-7ea2e4a18199@2> received events: [%Commanded.EventStore.RecordedEvent{event_id: "49268965-29b9-468d-9204-de1d4f40b475", event_number: 2, stream_id: "a8a12f06-35c4-454c-9c6b-7ea2e4a18199", stream_version: 2, causation_id: "5e069333-a7f2-43fb-b143-eb4e42a17323", correlation_id: "d849c4ac-793c-4e1c-a149-d483ec76008b", event_type: "Elixir.Nexus.Identity.Events.SessionStarted", data: %Nexus.Identity.Events.SessionStarted{org_id: "2b73c4f5-c906-4cfb-830a-62931da580b6", user_id: "a8a12f06-35c4-454c-9c6b-7ea2e4a18199", session_id: "d4682fdb-bf99-4f39-a090-e7e7bb798df1", session_token: "token123", user_agent: "Mozilla/5.0", ip_address: "127.0.0.1", started_at: "2026-03-17T23:05:02.835051Z"}, created_at: ~U[2026-03-17 23:05:02.836386Z], metadata: %{"causation_id" => "019cfe0b-a873-77aa-8d9c-4a97f12bf493", "correlation_id" => "019cfe0b-a873-77aa-8d9c-4a97f12bf493"}}]
23:05:02.847 [debug] Subscription "Identity.Projectors.UserRegistrationProjector"@"$all" received 1 event(s)
23:05:02.847 [debug] Subscription "Identity.Projectors.UserRegistrationProjector"@"$all" is enqueueing 1 event(s)
23:05:02.847 [debug] Subscription "Identity.Projectors.UserProjector"@"$all" received 1 event(s)
23:05:02.847 [debug] Subscription "Identity.Projectors.UserProjector"@"$all" is enqueueing 1 event(s)
23:05:02.847 [debug] Nexus.Identity.Projectors.UserRegistrationProjector received events: [%Commanded.EventStore.RecordedEvent{event_id: "49268965-29b9-468d-9204-de1d4f40b475", event_number: 9148, stream_id: "a8a12f06-35c4-454c-9c6b-7ea2e4a18199", stream_version: 2, causation_id: "5e069333-a7f2-43fb-b143-eb4e42a17323", correlation_id: "d849c4ac-793c-4e1c-a149-d483ec76008b", event_type: "Elixir.Nexus.Identity.Events.SessionStarted", data: %Nexus.Identity.Events.SessionStarted{org_id: "2b73c4f5-c906-4cfb-830a-62931da580b6", user_id: "a8a12f06-35c4-454c-9c6b-7ea2e4a18199", session_id: "d4682fdb-bf99-4f39-a090-e7e7bb798df1", session_token: "token123", user_agent: "Mozilla/5.0", ip_address: "127.0.0.1", started_at: "2026-03-17T23:05:02.835051Z"}, created_at: ~U[2026-03-17 23:05:02.836386Z], metadata: %{"causation_id" => "019cfe0b-a873-77aa-8d9c-4a97f12bf493", "correlation_id" => "019cfe0b-a873-77aa-8d9c-4a97f12bf493"}}]
23:05:02.847 [debug] Nexus.Identity.Projectors.UserProjector received events: [%Commanded.EventStore.RecordedEvent{event_id: "49268965-29b9-468d-9204-de1d4f40b475", event_number: 9148, stream_id: "a8a12f06-35c4-454c-9c6b-7ea2e4a18199", stream_version: 2, causation_id: "5e069333-a7f2-43fb-b143-eb4e42a17323", correlation_id: "d849c4ac-793c-4e1c-a149-d483ec76008b", event_type: "Elixir.Nexus.Identity.Events.SessionStarted", data: %Nexus.Identity.Events.SessionStarted{org_id: "2b73c4f5-c906-4cfb-830a-62931da580b6", user_id: "a8a12f06-35c4-454c-9c6b-7ea2e4a18199", session_id: "d4682fdb-bf99-4f39-a090-e7e7bb798df1", session_token: "token123", user_agent: "Mozilla/5.0", ip_address: "127.0.0.1", started_at: "2026-03-17T23:05:02.835051Z"}, created_at: ~U[2026-03-17 23:05:02.836386Z], metadata: %{"causation_id" => "019cfe0b-a873-77aa-8d9c-4a97f12bf493", "correlation_id" => "019cfe0b-a873-77aa-8d9c-4a97f12bf493"}}]
23:05:02.847 [debug] Nexus.Identity.Projectors.UserRegistrationProjector confirming receipt of event #9148 of events: [%Commanded.EventStore.RecordedEvent{event_id: "49268965-29b9-468d-9204-de1d4f40b475", event_number: 9148, stream_id: "a8a12f06-35c4-454c-9c6b-7ea2e4a18199", stream_version: 2, causation_id: "5e069333-a7f2-43fb-b143-eb4e42a17323", correlation_id: "d849c4ac-793c-4e1c-a149-d483ec76008b", event_type: "Elixir.Nexus.Identity.Events.SessionStarted", data: %Nexus.Identity.Events.SessionStarted{org_id: "2b73c4f5-c906-4cfb-830a-62931da580b6", user_id: "a8a12f06-35c4-454c-9c6b-7ea2e4a18199", session_id: "d4682fdb-bf99-4f39-a090-e7e7bb798df1", session_token: "token123", user_agent: "Mozilla/5.0", ip_address: "127.0.0.1", started_at: "2026-03-17T23:05:02.835051Z"}, created_at: ~U[2026-03-17 23:05:02.836386Z], metadata: %{"causation_id" => "019cfe0b-a873-77aa-8d9c-4a97f12bf493", "correlation_id" => "019cfe0b-a873-77aa-8d9c-4a97f12bf493"}}]
23:05:02.847 [debug] QUERY OK db=0.2ms
begin []
23:05:02.848 [debug] QUERY OK source="projection_versions" db=0.3ms
INSERT INTO "projection_versions" AS p0 ("projection_name","last_seen_event_number","inserted_at","updated_at") VALUES ($1,$2,$3,$4) ON CONFLICT ("projection_name") DO UPDATE SET "last_seen_event_number" = $5 WHERE ((p0."projection_name" = $6) AND (p0."last_seen_event_number" < $7)) ["Identity.Projectors.UserProjector", 9148, ~N[2026-03-17 23:05:02.848026], ~N[2026-03-17 23:05:02.848026], 9148, "Identity.Projectors.UserProjector", 9148]
23:05:02.849 [debug] QUERY OK source="identity_user_sessions" db=0.6ms
INSERT INTO "identity_user_sessions" ("id","user_id","user_agent","org_id","session_token","ip_address","is_expired","last_active_at","created_at","updated_at") VALUES ($1,$2,$3,$4,$5,$6,$7,$8,$9,$10) ["d4682fdb-bf99-4f39-a090-e7e7bb798df1", "a8a12f06-35c4-454c-9c6b-7ea2e4a18199", "Mozilla/5.0", "2b73c4f5-c906-4cfb-830a-62931da580b6", "token123", "127.0.0.1", false, ~U[2026-03-17 23:05:02.835051Z], ~U[2026-03-17 23:05:02.848650Z], ~U[2026-03-17 23:05:02.848650Z]]
23:05:02.850 [debug] QUERY OK db=0.2ms
commit []
23:05:02.850 [debug] Nexus.Identity.Projectors.UserProjector confirming receipt of event #9148 of events: [%Commanded.EventStore.RecordedEvent{event_id: "49268965-29b9-468d-9204-de1d4f40b475", event_number: 9148, stream_id: "a8a12f06-35c4-454c-9c6b-7ea2e4a18199", stream_version: 2, causation_id: "5e069333-a7f2-43fb-b143-eb4e42a17323", correlation_id: "d849c4ac-793c-4e1c-a149-d483ec76008b", event_type: "Elixir.Nexus.Identity.Events.SessionStarted", data: %Nexus.Identity.Events.SessionStarted{org_id: "2b73c4f5-c906-4cfb-830a-62931da580b6", user_id: "a8a12f06-35c4-454c-9c6b-7ea2e4a18199", session_id: "d4682fdb-bf99-4f39-a090-e7e7bb798df1", session_token: "token123", user_agent: "Mozilla/5.0", ip_address: "127.0.0.1", started_at: "2026-03-17T23:05:02.835051Z"}, created_at: ~U[2026-03-17 23:05:02.836386Z], metadata: %{"causation_id" => "019cfe0b-a873-77aa-8d9c-4a97f12bf493", "correlation_id" => "019cfe0b-a873-77aa-8d9c-4a97f12bf493"}}]
23:05:03.344 [debug] QUERY OK source="identity_user_sessions" db=0.9ms queue=0.6ms
SELECT i0."id", i0."org_id", i0."user_id", i0."session_token", i0."user_agent", i0."ip_address", i0."last_active_at", i0."is_expired", i0."created_at", i0."updated_at" FROM "identity_user_sessions" AS i0 WHERE (i0."id" = $1) ["d4682fdb-bf99-4f39-a090-e7e7bb798df1"]
23:05:03.344 [debug] Nexus.Identity.Projectors.UserProjector is shutting down due to :shutdown
.23:05:03.344 [debug] Subscription "Identity.Projectors.UserProjector"@"$all" subscriber #PID<0.1156.0> down due to: :shutdown
23:05:03.344 [debug] Nexus.Identity.Projectors.UserRegistrationProjector is shutting down due to :shutdown
23:05:03.344 [debug] Subscription "Identity.Projectors.UserRegistrationProjector"@"$all" subscriber #PID<0.1155.0> down due to: :shutdown
23:05:03.344 [debug] Subscription "Identity.Projectors.UserProjector"@"$all" has no subscribers, shutting down
23:05:03.344 [debug] Subscription "Identity.Projectors.UserRegistrationProjector"@"$all" has no subscribers, shutting down
23:05:03.345 [debug] Subscription "Identity.Projectors.UserRegistrationProjector"@"$all" attempting to connect subscriber #PID<0.1167.0>
23:05:03.345 [debug] Subscription "Identity.Projectors.UserProjector"@"$all" attempting to connect subscriber #PID<0.1169.0>
23:05:03.345 [debug] Locating aggregate process for `Nexus.Identity.Aggregates.User` with UUID "b5a3e75c-feb8-4134-83e8-34e861047d6a"
23:05:03.347 [debug] Nexus.Identity.Aggregates.User<b5a3e75c-feb8-4134-83e8-34e861047d6a@0> executing command: %Nexus.Identity.Commands.RegisterUser{user_id: "b5a3e75c-feb8-4134-83e8-34e861047d6a", org_id: "bf48d56c-eb4c-4049-821e-5dd538a7cfde", email: "test@example.com", cose_key: "dummy", credential_id: "dummy", role: "admin", display_name: "Test User", registered_at: ~U[2026-03-17 23:05:03.345858Z]}
23:05:03.347 [debug] Subscription "Identity.Projectors.UserRegistrationProjector"@"$all" catching-up
23:05:03.347 [debug] Nexus.Identity.Projectors.UserRegistrationProjector has successfully subscribed to event store
23:05:03.348 [debug] Subscription "Identity.Projectors.UserProjector"@"$all" catching-up
23:05:03.348 [debug] Nexus.Identity.Projectors.UserProjector has successfully subscribed to event store
23:05:03.351 [debug] Appended 1 event(s) to stream "b5a3e75c-feb8-4134-83e8-34e861047d6a"
23:05:03.351 [debug] Listener received notification on channel "event_store.events" with payload: "b5a3e75c-feb8-4134-83e8-34e861047d6a,6579,1,1"
23:05:03.351 [debug] Listener received notification on channel "event_store.events" with payload: "$all,0,9149,9149"
23:05:03.352 [debug] Nexus.Identity.Aggregates.User<b5a3e75c-feb8-4134-83e8-34e861047d6a@1> received events: [%Commanded.EventStore.RecordedEvent{event_id: "3342f6bc-6ed6-4ca8-ad26-c198591cc33d", event_number: 1, stream_id: "b5a3e75c-feb8-4134-83e8-34e861047d6a", stream_version: 1, causation_id: "76bfde7b-9d5f-4b3a-84cc-51d49da81187", correlation_id: "9cdab0b7-c568-4886-b067-9be57b3a93bc", event_type: "Elixir.Nexus.Identity.Events.UserRegistered", data: %Nexus.Identity.Events.UserRegistered{user_id: "b5a3e75c-feb8-4134-83e8-34e861047d6a", org_id: "bf48d56c-eb4c-4049-821e-5dd538a7cfde", email: "test@example.com", role: "admin", cose_key: "dummy", credential_id: "dummy", registered_at: "2026-03-17T23:05:03.345858Z", display_name: "Test User", status: "active"}, created_at: ~U[2026-03-17 23:05:03.348410Z], metadata: %{"causation_id" => "019cfe0b-aa71-7036-b777-ab409cd91c0d", "correlation_id" => "019cfe0b-aa71-7036-b777-ab409cd91c0d"}}]
23:05:03.352 [debug] Subscription "Identity.Projectors.UserRegistrationProjector"@"$all" received 1 event(s)
23:05:03.352 [debug] Subscription "Identity.Projectors.UserProjector"@"$all" received 1 event(s)
23:05:03.352 [debug] Subscription "Identity.Projectors.UserRegistrationProjector"@"$all" is enqueueing 1 event(s)
23:05:03.352 [debug] Subscription "Identity.Projectors.UserProjector"@"$all" is enqueueing 1 event(s)
23:05:03.353 [debug] Nexus.Identity.Projectors.UserRegistrationProjector received events: [%Commanded.EventStore.RecordedEvent{event_id: "3342f6bc-6ed6-4ca8-ad26-c198591cc33d", event_number: 9149, stream_id: "b5a3e75c-feb8-4134-83e8-34e861047d6a", stream_version: 1, causation_id: "76bfde7b-9d5f-4b3a-84cc-51d49da81187", correlation_id: "9cdab0b7-c568-4886-b067-9be57b3a93bc", event_type: "Elixir.Nexus.Identity.Events.UserRegistered", data: %Nexus.Identity.Events.UserRegistered{user_id: "b5a3e75c-feb8-4134-83e8-34e861047d6a", org_id: "bf48d56c-eb4c-4049-821e-5dd538a7cfde", email: "test@example.com", role: "admin", cose_key: "dummy", credential_id: "dummy", registered_at: "2026-03-17T23:05:03.345858Z", display_name: "Test User", status: "active"}, created_at: ~U[2026-03-17 23:05:03.348410Z], metadata: %{"causation_id" => "019cfe0b-aa71-7036-b777-ab409cd91c0d", "correlation_id" => "019cfe0b-aa71-7036-b777-ab409cd91c0d"}}]
23:05:03.353 [debug] Nexus.Identity.Projectors.UserProjector received events: [%Commanded.EventStore.RecordedEvent{event_id: "3342f6bc-6ed6-4ca8-ad26-c198591cc33d", event_number: 9149, stream_id: "b5a3e75c-feb8-4134-83e8-34e861047d6a", stream_version: 1, causation_id: "76bfde7b-9d5f-4b3a-84cc-51d49da81187", correlation_id: "9cdab0b7-c568-4886-b067-9be57b3a93bc", event_type: "Elixir.Nexus.Identity.Events.UserRegistered", data: %Nexus.Identity.Events.UserRegistered{user_id: "b5a3e75c-feb8-4134-83e8-34e861047d6a", org_id: "bf48d56c-eb4c-4049-821e-5dd538a7cfde", email: "test@example.com", role: "admin", cose_key: "dummy", credential_id: "dummy", registered_at: "2026-03-17T23:05:03.345858Z", display_name: "Test User", status: "active"}, created_at: ~U[2026-03-17 23:05:03.348410Z], metadata: %{"causation_id" => "019cfe0b-aa71-7036-b777-ab409cd91c0d", "correlation_id" => "019cfe0b-aa71-7036-b777-ab409cd91c0d"}}]
23:05:03.353 [debug] Nexus.Identity.Projectors.UserProjector confirming receipt of event #9149 of events: [%Commanded.EventStore.RecordedEvent{event_id: "3342f6bc-6ed6-4ca8-ad26-c198591cc33d", event_number: 9149, stream_id: "b5a3e75c-feb8-4134-83e8-34e861047d6a", stream_version: 1, causation_id: "76bfde7b-9d5f-4b3a-84cc-51d49da81187", correlation_id: "9cdab0b7-c568-4886-b067-9be57b3a93bc", event_type: "Elixir.Nexus.Identity.Events.UserRegistered", data: %Nexus.Identity.Events.UserRegistered{user_id: "b5a3e75c-feb8-4134-83e8-34e861047d6a", org_id: "bf48d56c-eb4c-4049-821e-5dd538a7cfde", email: "test@example.com", role: "admin", cose_key: "dummy", credential_id: "dummy", registered_at: "2026-03-17T23:05:03.345858Z", display_name: "Test User", status: "active"}, created_at: ~U[2026-03-17 23:05:03.348410Z], metadata: %{"causation_id" => "019cfe0b-aa71-7036-b777-ab409cd91c0d", "correlation_id" => "019cfe0b-aa71-7036-b777-ab409cd91c0d"}}]
23:05:03.353 [debug] QUERY OK db=0.1ms
begin []
23:05:03.356 [debug] QUERY OK source="projection_versions" db=2.7ms
INSERT INTO "projection_versions" AS p0 ("projection_name","last_seen_event_number","inserted_at","updated_at") VALUES ($1,$2,$3,$4) ON CONFLICT ("projection_name") DO UPDATE SET "last_seen_event_number" = $5 WHERE ((p0."projection_name" = $6) AND (p0."last_seen_event_number" < $7)) ["Identity.Projectors.UserRegistrationProjector", 9149, ~N[2026-03-17 23:05:03.353296], ~N[2026-03-17 23:05:03.353296], 9149, "Identity.Projectors.UserRegistrationProjector", 9149]
23:05:03.356 [debug] QUERY OK source="users" db=0.3ms
SELECT u0."id", u0."org_id", u0."email", u0."display_name", u0."role", u0."status", u0."cose_key", u0."credential_id", u0."created_at", u0."updated_at" FROM "users" AS u0 WHERE (u0."id" = $1) ["b5a3e75c-feb8-4134-83e8-34e861047d6a"]
23:05:03.356 [debug] QUERY OK source="users" db=0.3ms
SELECT u0."id", u0."org_id", u0."email", u0."display_name", u0."role", u0."status", u0."cose_key", u0."credential_id", u0."created_at", u0."updated_at" FROM "users" AS u0 WHERE (u0."email" = $1) ["test@example.com"]
23:05:03.357 [debug] QUERY OK source="users" db=0.3ms
INSERT INTO "users" ("id","status","role","org_id","email","display_name","cose_key","credential_id","created_at","updated_at") VALUES ($1,$2,$3,$4,$5,$6,$7,$8,$9,$10) ["b5a3e75c-feb8-4134-83e8-34e861047d6a", "active", "admin", "bf48d56c-eb4c-4049-821e-5dd538a7cfde", "test@example.com", "Test User", "dummy", "dummy", ~U[2026-03-17 23:05:03.356946Z], ~U[2026-03-17 23:05:03.356946Z]]
23:05:03.357 [debug] QUERY OK source="identity_user_settings" db=0.1ms
SELECT i0."user_id", i0."org_id", i0."locale", i0."timezone", i0."notifications_enabled", i0."created_at", i0."updated_at" FROM "identity_user_settings" AS i0 WHERE (i0."user_id" = $1) ["b5a3e75c-feb8-4134-83e8-34e861047d6a"]
23:05:03.357 [debug] QUERY OK source="identity_user_settings" db=0.2ms
INSERT INTO "identity_user_settings" ("user_id","locale","org_id","timezone","notifications_enabled","created_at","updated_at") VALUES ($1,$2,$3,$4,$5,$6,$7) ["b5a3e75c-feb8-4134-83e8-34e861047d6a", "en", "bf48d56c-eb4c-4049-821e-5dd538a7cfde", "UTC", true, ~U[2026-03-17 23:05:03.357582Z], ~U[2026-03-17 23:05:03.357582Z]]
23:05:03.358 [debug] QUERY OK db=0.1ms
commit []
23:05:03.358 [debug] Nexus.Identity.Projectors.UserRegistrationProjector confirming receipt of event #9149 of events: [%Commanded.EventStore.RecordedEvent{event_id: "3342f6bc-6ed6-4ca8-ad26-c198591cc33d", event_number: 9149, stream_id: "b5a3e75c-feb8-4134-83e8-34e861047d6a", stream_version: 1, causation_id: "76bfde7b-9d5f-4b3a-84cc-51d49da81187", correlation_id: "9cdab0b7-c568-4886-b067-9be57b3a93bc", event_type: "Elixir.Nexus.Identity.Events.UserRegistered", data: %Nexus.Identity.Events.UserRegistered{user_id: "b5a3e75c-feb8-4134-83e8-34e861047d6a", org_id: "bf48d56c-eb4c-4049-821e-5dd538a7cfde", email: "test@example.com", role: "admin", cose_key: "dummy", credential_id: "dummy", registered_at: "2026-03-17T23:05:03.345858Z", display_name: "Test User", status: "active"}, created_at: ~U[2026-03-17 23:05:03.348410Z], metadata: %{"causation_id" => "019cfe0b-aa71-7036-b777-ab409cd91c0d", "correlation_id" => "019cfe0b-aa71-7036-b777-ab409cd91c0d"}}]
23:05:03.554 [debug] QUERY OK source="identity_user_sessions" db=1.1ms queue=1.0ms
INSERT INTO "identity_user_sessions" ("id","user_id","org_id","session_token","is_expired","last_active_at","created_at","updated_at") VALUES ($1,$2,$3,$4,$5,$6,$7,$8) ["25d28d6d-38e5-429b-a5ee-930652de3ad2", "b5a3e75c-feb8-4134-83e8-34e861047d6a", "bf48d56c-eb4c-4049-821e-5dd538a7cfde", "token123", false, ~U[2026-03-17 23:05:03.552061Z], ~U[2026-03-17 23:05:03.552134Z], ~U[2026-03-17 23:05:03.552134Z]]
23:05:03.554 [debug] Locating aggregate process for `Nexus.Identity.Aggregates.User` with UUID "b5a3e75c-feb8-4134-83e8-34e861047d6a"
23:05:03.555 [debug] Nexus.Identity.Aggregates.User<b5a3e75c-feb8-4134-83e8-34e861047d6a@1> executing command: %Nexus.Identity.Commands.ExpireSession{org_id: "bf48d56c-eb4c-4049-821e-5dd538a7cfde", user_id: "b5a3e75c-feb8-4134-83e8-34e861047d6a", session_id: "25d28d6d-38e5-429b-a5ee-930652de3ad2", expired_at: ~U[2026-03-17 23:05:03.552034Z]}
23:05:03.562 [debug] Appended 1 event(s) to stream "b5a3e75c-feb8-4134-83e8-34e861047d6a"
23:05:03.562 [debug] Listener received notification on channel "event_store.events" with payload: "b5a3e75c-feb8-4134-83e8-34e861047d6a,6579,2,2"
23:05:03.562 [debug] Listener received notification on channel "event_store.events" with payload: "$all,0,9150,9150"
23:05:03.565 [debug] Nexus.Identity.Aggregates.User<b5a3e75c-feb8-4134-83e8-34e861047d6a@2> received events: [%Commanded.EventStore.RecordedEvent{event_id: "8938e900-4cf7-4106-8345-38b931281f2b", event_number: 2, stream_id: "b5a3e75c-feb8-4134-83e8-34e861047d6a", stream_version: 2, causation_id: "a4b702d7-7be6-4db5-9234-5d2f97efd5fb", correlation_id: "8de5c144-df60-4b50-8892-dcbadbf556f9", event_type: "Elixir.Nexus.Identity.Events.SessionExpired", data: %Nexus.Identity.Events.SessionExpired{org_id: "bf48d56c-eb4c-4049-821e-5dd538a7cfde", user_id: "b5a3e75c-feb8-4134-83e8-34e861047d6a", session_id: "25d28d6d-38e5-429b-a5ee-930652de3ad2", expired_at: "2026-03-17T23:05:03.552034Z"}, created_at: ~U[2026-03-17 23:05:03.555930Z], metadata: %{"causation_id" => "019cfe0b-ab42-77c1-ac22-a3e5941e9f04", "correlation_id" => "019cfe0b-ab42-77c1-ac22-a3e5941e9f04"}}]
23:05:03.566 [debug] Subscription "Identity.Projectors.UserRegistrationProjector"@"$all" received 1 event(s)
23:05:03.566 [debug] Subscription "Identity.Projectors.UserRegistrationProjector"@"$all" is enqueueing 1 event(s)
23:05:03.566 [debug] Subscription "Identity.Projectors.UserProjector"@"$all" received 1 event(s)
23:05:03.566 [debug] Subscription "Identity.Projectors.UserProjector"@"$all" is enqueueing 1 event(s)
23:05:03.566 [debug] Nexus.Identity.Projectors.UserRegistrationProjector received events: [%Commanded.EventStore.RecordedEvent{event_id: "8938e900-4cf7-4106-8345-38b931281f2b", event_number: 9150, stream_id: "b5a3e75c-feb8-4134-83e8-34e861047d6a", stream_version: 2, causation_id: "a4b702d7-7be6-4db5-9234-5d2f97efd5fb", correlation_id: "8de5c144-df60-4b50-8892-dcbadbf556f9", event_type: "Elixir.Nexus.Identity.Events.SessionExpired", data: %Nexus.Identity.Events.SessionExpired{org_id: "bf48d56c-eb4c-4049-821e-5dd538a7cfde", user_id: "b5a3e75c-feb8-4134-83e8-34e861047d6a", session_id: "25d28d6d-38e5-429b-a5ee-930652de3ad2", expired_at: "2026-03-17T23:05:03.552034Z"}, created_at: ~U[2026-03-17 23:05:03.555930Z], metadata: %{"causation_id" => "019cfe0b-ab42-77c1-ac22-a3e5941e9f04", "correlation_id" => "019cfe0b-ab42-77c1-ac22-a3e5941e9f04"}}]
23:05:03.567 [debug] Nexus.Identity.Projectors.UserRegistrationProjector confirming receipt of event #9150 of events: [%Commanded.EventStore.RecordedEvent{event_id: "8938e900-4cf7-4106-8345-38b931281f2b", event_number: 9150, stream_id: "b5a3e75c-feb8-4134-83e8-34e861047d6a", stream_version: 2, causation_id: "a4b702d7-7be6-4db5-9234-5d2f97efd5fb", correlation_id: "8de5c144-df60-4b50-8892-dcbadbf556f9", event_type: "Elixir.Nexus.Identity.Events.SessionExpired", data: %Nexus.Identity.Events.SessionExpired{org_id: "bf48d56c-eb4c-4049-821e-5dd538a7cfde", user_id: "b5a3e75c-feb8-4134-83e8-34e861047d6a", session_id: "25d28d6d-38e5-429b-a5ee-930652de3ad2", expired_at: "2026-03-17T23:05:03.552034Z"}, created_at: ~U[2026-03-17 23:05:03.555930Z], metadata: %{"causation_id" => "019cfe0b-ab42-77c1-ac22-a3e5941e9f04", "correlation_id" => "019cfe0b-ab42-77c1-ac22-a3e5941e9f04"}}]
23:05:03.567 [debug] Nexus.Identity.Projectors.UserProjector received events: [%Commanded.EventStore.RecordedEvent{event_id: "8938e900-4cf7-4106-8345-38b931281f2b", event_number: 9150, stream_id: "b5a3e75c-feb8-4134-83e8-34e861047d6a", stream_version: 2, causation_id: "a4b702d7-7be6-4db5-9234-5d2f97efd5fb", correlation_id: "8de5c144-df60-4b50-8892-dcbadbf556f9", event_type: "Elixir.Nexus.Identity.Events.SessionExpired", data: %Nexus.Identity.Events.SessionExpired{org_id: "bf48d56c-eb4c-4049-821e-5dd538a7cfde", user_id: "b5a3e75c-feb8-4134-83e8-34e861047d6a", session_id: "25d28d6d-38e5-429b-a5ee-930652de3ad2", expired_at: "2026-03-17T23:05:03.552034Z"}, created_at: ~U[2026-03-17 23:05:03.555930Z], metadata: %{"causation_id" => "019cfe0b-ab42-77c1-ac22-a3e5941e9f04", "correlation_id" => "019cfe0b-ab42-77c1-ac22-a3e5941e9f04"}}]
23:05:03.567 [debug] QUERY OK db=0.3ms
begin []
23:05:03.568 [debug] QUERY OK source="projection_versions" db=0.4ms
INSERT INTO "projection_versions" AS p0 ("projection_name","last_seen_event_number","inserted_at","updated_at") VALUES ($1,$2,$3,$4) ON CONFLICT ("projection_name") DO UPDATE SET "last_seen_event_number" = $5 WHERE ((p0."projection_name" = $6) AND (p0."last_seen_event_number" < $7)) ["Identity.Projectors.UserProjector", 9150, ~N[2026-03-17 23:05:03.567608], ~N[2026-03-17 23:05:03.567608], 9150, "Identity.Projectors.UserProjector", 9150]
23:05:03.570 [debug] QUERY OK source="identity_user_sessions" db=1.2ms
UPDATE "identity_user_sessions" AS i0 SET "is_expired" = $1, "updated_at" = $2 WHERE (i0."id" = $3) [true, ~U[2026-03-17 23:05:03.552034Z], "25d28d6d-38e5-429b-a5ee-930652de3ad2"]
23:05:03.570 [debug] QUERY OK db=0.1ms
commit []
23:05:03.570 [debug] Nexus.Identity.Projectors.UserProjector confirming receipt of event #9150 of events: [%Commanded.EventStore.RecordedEvent{event_id: "8938e900-4cf7-4106-8345-38b931281f2b", event_number: 9150, stream_id: "b5a3e75c-feb8-4134-83e8-34e861047d6a", stream_version: 2, causation_id: "a4b702d7-7be6-4db5-9234-5d2f97efd5fb", correlation_id: "8de5c144-df60-4b50-8892-dcbadbf556f9", event_type: "Elixir.Nexus.Identity.Events.SessionExpired", data: %Nexus.Identity.Events.SessionExpired{org_id: "bf48d56c-eb4c-4049-821e-5dd538a7cfde", user_id: "b5a3e75c-feb8-4134-83e8-34e861047d6a", session_id: "25d28d6d-38e5-429b-a5ee-930652de3ad2", expired_at: "2026-03-17T23:05:03.552034Z"}, created_at: ~U[2026-03-17 23:05:03.555930Z], metadata: %{"causation_id" => "019cfe0b-ab42-77c1-ac22-a3e5941e9f04", "correlation_id" => "019cfe0b-ab42-77c1-ac22-a3e5941e9f04"}}]
23:05:04.065 [debug] QUERY OK source="identity_user_sessions" db=1.5ms queue=0.1ms
SELECT i0."id", i0."org_id", i0."user_id", i0."session_token", i0."user_agent", i0."ip_address", i0."last_active_at", i0."is_expired", i0."created_at", i0."updated_at" FROM "identity_user_sessions" AS i0 WHERE (i0."id" = $1) ["25d28d6d-38e5-429b-a5ee-930652de3ad2"]
23:05:04.066 [debug] Nexus.Identity.Projectors.UserProjector is shutting down due to :shutdown
23:05:04.066 [debug] Subscription "Identity.Projectors.UserProjector"@"$all" subscriber #PID<0.1169.0> down due to: :shutdown
23:05:04.066 [debug] Subscription "Identity.Projectors.UserProjector"@"$all" has no subscribers, shutting down
.23:05:04.066 [debug] Nexus.Identity.Projectors.UserRegistrationProjector is shutting down due to :shutdown
23:05:04.066 [debug] Subscription "Identity.Projectors.UserRegistrationProjector"@"$all" subscriber #PID<0.1167.0> down due to: :shutdown
23:05:04.066 [debug] Subscription "Identity.Projectors.UserRegistrationProjector"@"$all" has no subscribers, shutting down
23:05:04.073 [debug] QUERY OK source="treasury_policy_alerts" db=1.7ms queue=0.9ms
DELETE FROM "treasury_policy_alerts" AS t0 []
23:05:04.074 [debug] QUERY OK source="treasury_policies" db=0.8ms queue=0.3ms
DELETE FROM "treasury_policies" AS t0 []
23:05:04.076 [debug] QUERY OK source="projection_versions" db=0.8ms queue=0.4ms
DELETE FROM "projection_versions" AS p0 WHERE (p0."projection_name" = 'Treasury.PolicyProjector') []
23:05:04.076 [debug] Locating aggregate process for `Nexus.Treasury.Aggregates.Policy` with UUID "c55937a0-bf79-4e4b-afe4-e1cd92776542"
23:05:04.081 [debug] Nexus.Treasury.Aggregates.Policy<c55937a0-bf79-4e4b-afe4-e1cd92776542@0> executing command: %Nexus.Treasury.Commands.SetTransferThreshold{policy_id: "c55937a0-bf79-4e4b-afe4-e1cd92776542", org_id: "c55937a0-bf79-4e4b-afe4-e1cd92776542", threshold: Decimal.new("100000"), set_at: ~U[2026-03-17 23:05:04.076322Z]}
23:05:04.086 [debug] Appended 1 event(s) to stream "c55937a0-bf79-4e4b-afe4-e1cd92776542"
23:05:04.086 [debug] Listener received notification on channel "event_store.events" with payload: "c55937a0-bf79-4e4b-afe4-e1cd92776542,6580,1,1"
23:05:04.086 [debug] Listener received notification on channel "event_store.events" with payload: "$all,0,9151,9151"
23:05:04.090 [debug] Nexus.Treasury.Aggregates.Policy<c55937a0-bf79-4e4b-afe4-e1cd92776542@1> received events: [%Commanded.EventStore.RecordedEvent{event_id: "24f44667-2da0-46f7-8981-dacd6748876d", event_number: 1, stream_id: "c55937a0-bf79-4e4b-afe4-e1cd92776542", stream_version: 1, causation_id: "f2b8b851-5c26-4624-827f-fe6a3fb8b14e", correlation_id: "b02b8e84-58ef-4999-8c6b-b99370f908af", event_type: "Elixir.Nexus.Treasury.Events.TransferThresholdSet", data: %Nexus.Treasury.Events.TransferThresholdSet{policy_id: "c55937a0-bf79-4e4b-afe4-e1cd92776542", org_id: "c55937a0-bf79-4e4b-afe4-e1cd92776542", threshold: "100000", set_at: "2026-03-17T23:05:04.076322Z"}, created_at: ~U[2026-03-17 23:05:04.081974Z], metadata: %{"causation_id" => "019cfe0b-ad4c-767f-9bde-4924073dd096", "correlation_id" => "019cfe0b-ad4c-767f-9bde-4924073dd096"}}]
23:05:04.092 [debug] QUERY OK db=0.4ms
begin []
23:05:04.093 [debug] QUERY OK source="projection_versions" db=0.8ms
INSERT INTO "projection_versions" AS p0 ("projection_name","last_seen_event_number","inserted_at","updated_at") VALUES ($1,$2,$3,$4) ON CONFLICT ("projection_name") DO UPDATE SET "last_seen_event_number" = $5 WHERE ((p0."projection_name" = $6) AND (p0."last_seen_event_number" < $7)) ["Treasury.PolicyProjector", 1, ~N[2026-03-17 23:05:04.092910], ~N[2026-03-17 23:05:04.092910], 1, "Treasury.PolicyProjector", 1]
23:05:04.094 [debug] QUERY OK source="treasury_policies" db=0.6ms
INSERT INTO "treasury_policies" ("id","mode","org_id","mode_thresholds","transfer_threshold","reporting_currency","created_at","updated_at") VALUES ($1,$2,$3,$4,$5,$6,$7,$8) ON CONFLICT ("org_id") DO UPDATE SET "transfer_threshold" = EXCLUDED."transfer_threshold","updated_at" = EXCLUDED."updated_at" ["c55937a0-bf79-4e4b-afe4-e1cd92776542", "standard", "c55937a0-bf79-4e4b-afe4-e1cd92776542", %{"relaxed" => "10000000", "standard" => "1000000", "strict" => "50000"}, Decimal.new("100000"), "USD", ~U[2026-03-17 23:05:04.093981Z], ~U[2026-03-17 23:05:04.093981Z]]
23:05:04.096 [debug] QUERY OK db=1.0ms
commit []
23:05:04.096 [info] 		[36mGiven [32mthe organization "Nexus Corp" has a transfer threshold of "100000"
23:05:04.096 [info] 		[36mGiven [32mthere is an existing invoice for "Munich HQ" of "120000" EUR
23:05:04.096 [debug] Locating aggregate process for `Nexus.Treasury.Aggregates.Policy` with UUID "c55937a0-bf79-4e4b-afe4-e1cd92776542"
23:05:04.096 [debug] Nexus.Treasury.Aggregates.Policy<c55937a0-bf79-4e4b-afe4-e1cd92776542@1> executing command: %Nexus.Treasury.Commands.EvaluateExposurePolicy{policy_id: "c55937a0-bf79-4e4b-afe4-e1cd92776542", org_id: "c55937a0-bf79-4e4b-afe4-e1cd92776542", currency_pair: "EUR/USD", exposure_amount: Decimal.new("120000"), evaluated_at: ~U[2026-03-17 23:05:04.096361Z]}
23:05:04.101 [debug] Listener received notification on channel "event_store.events" with payload: "c55937a0-bf79-4e4b-afe4-e1cd92776542,6580,2,2"
23:05:04.101 [debug] Appended 1 event(s) to stream "c55937a0-bf79-4e4b-afe4-e1cd92776542"
23:05:04.101 [debug] Listener received notification on channel "event_store.events" with payload: "$all,0,9152,9152"
23:05:04.102 [debug] QUERY OK db=0.4ms
begin []
23:05:04.103 [debug] Nexus.Treasury.Aggregates.Policy<c55937a0-bf79-4e4b-afe4-e1cd92776542@2> received events: [%Commanded.EventStore.RecordedEvent{event_id: "b161b188-91e6-4794-9c11-d0b48d821dbe", event_number: 2, stream_id: "c55937a0-bf79-4e4b-afe4-e1cd92776542", stream_version: 2, causation_id: "40b41c66-e038-4ac2-be4f-9748fd7bfb10", correlation_id: "fce95faa-2860-4126-9fb3-6a6a3f0cbfb8", event_type: "Elixir.Nexus.Treasury.Events.PolicyAlertTriggered", data: %Nexus.Treasury.Events.PolicyAlertTriggered{policy_id: "c55937a0-bf79-4e4b-afe4-e1cd92776542", org_id: "c55937a0-bf79-4e4b-afe4-e1cd92776542", currency_pair: "EUR/USD", exposure_amount: "120000", threshold: "100000", triggered_at: "2026-03-17T23:05:04.096361Z"}, created_at: ~U[2026-03-17 23:05:04.097471Z], metadata: %{"causation_id" => "019cfe0b-ad60-7611-ba98-3bf00e4b5cf0", "correlation_id" => "019cfe0b-ad60-7611-ba98-3bf00e4b5cf0"}}]
23:05:04.104 [debug] QUERY OK source="projection_versions" db=0.5ms
INSERT INTO "projection_versions" AS p0 ("projection_name","last_seen_event_number","inserted_at","updated_at") VALUES ($1,$2,$3,$4) ON CONFLICT ("projection_name") DO UPDATE SET "last_seen_event_number" = $5 WHERE ((p0."projection_name" = $6) AND (p0."last_seen_event_number" < $7)) ["Treasury.PolicyProjector", 2, ~N[2026-03-17 23:05:04.102695], ~N[2026-03-17 23:05:04.102695], 2, "Treasury.PolicyProjector", 2]
23:05:04.106 [debug] QUERY OK source="treasury_policy_alerts" db=0.8ms
INSERT INTO "treasury_policy_alerts" ("id","threshold","org_id","exposure_amount","currency_pair","triggered_at","created_at","updated_at") VALUES ($1,$2,$3,$4,$5,$6,$7,$8) ["019cfe0b-ad66-7892-bd60-24f37a71e648", Decimal.new("100000"), "c55937a0-bf79-4e4b-afe4-e1cd92776542", Decimal.new("120000"), "EUR/USD", ~U[2026-03-17 23:05:04.102029Z], ~U[2026-03-17 23:05:04.104490Z], ~U[2026-03-17 23:05:04.104490Z]]
23:05:04.106 [debug] QUERY OK db=0.3ms
commit []
23:05:04.106 [info] 		[36mWhen [32mthe system calculates the "EUR/USD" exposure
23:05:04.109 [debug] QUERY OK source="treasury_policy_alerts" db=2.1ms queue=0.6ms
SELECT t0."id", t0."org_id", t0."currency_pair", t0."exposure_amount", t0."threshold", t0."triggered_at", t0."created_at", t0."updated_at" FROM "treasury_policy_alerts" AS t0 WHERE (t0."org_id" = $1) ["c55937a0-bf79-4e4b-afe4-e1cd92776542"]
23:05:04.109 [info] 		[36mThen [32ma policy alert should be triggered for "Nexus Corp"
.23:05:04.109 [info] 		[36mThen [32mthe alert should suggest an immediate hedge
23:05:04.112 [debug] QUERY OK source="treasury_policy_alerts" db=2.7ms
DELETE FROM "treasury_policy_alerts" AS t0 []
23:05:04.116 [debug] QUERY OK source="treasury_policies" db=3.9ms
DELETE FROM "treasury_policies" AS t0 []
23:05:04.118 [debug] QUERY OK source="projection_versions" db=1.3ms
DELETE FROM "projection_versions" AS p0 WHERE (p0."projection_name" = 'Treasury.PolicyProjector') []
23:05:04.118 [debug] Locating aggregate process for `Nexus.Treasury.Aggregates.Policy` with UUID "6847c7d1-b270-4ac5-b2ab-44632979988c"
23:05:04.119 [debug] Nexus.Treasury.Aggregates.Policy<6847c7d1-b270-4ac5-b2ab-44632979988c@0> executing command: %Nexus.Treasury.Commands.SetTransferThreshold{policy_id: "6847c7d1-b270-4ac5-b2ab-44632979988c", org_id: "6847c7d1-b270-4ac5-b2ab-44632979988c", threshold: Decimal.new("200000"), set_at: ~U[2026-03-17 23:05:04.118502Z]}
23:05:04.125 [debug] Appended 1 event(s) to stream "6847c7d1-b270-4ac5-b2ab-44632979988c"
23:05:04.125 [debug] Listener received notification on channel "event_store.events" with payload: "6847c7d1-b270-4ac5-b2ab-44632979988c,6581,1,1"
23:05:04.125 [debug] Listener received notification on channel "event_store.events" with payload: "$all,0,9153,9153"
23:05:04.126 [debug] QUERY OK db=0.3ms
begin []
23:05:04.126 [debug] Nexus.Treasury.Aggregates.Policy<6847c7d1-b270-4ac5-b2ab-44632979988c@1> received events: [%Commanded.EventStore.RecordedEvent{event_id: "f55fe3ee-4dbe-4e8f-842a-d3c37818a804", event_number: 1, stream_id: "6847c7d1-b270-4ac5-b2ab-44632979988c", stream_version: 1, causation_id: "e77c115e-6f54-417d-9e62-b7e757729dde", correlation_id: "dc3a7466-f655-4290-a5bf-56cb63ac543c", event_type: "Elixir.Nexus.Treasury.Events.TransferThresholdSet", data: %Nexus.Treasury.Events.TransferThresholdSet{policy_id: "6847c7d1-b270-4ac5-b2ab-44632979988c", org_id: "6847c7d1-b270-4ac5-b2ab-44632979988c", threshold: "200000", set_at: "2026-03-17T23:05:04.118502Z"}, created_at: ~U[2026-03-17 23:05:04.123680Z], metadata: %{"causation_id" => "019cfe0b-ad76-71bf-beed-9d43f7591a2f", "correlation_id" => "019cfe0b-ad76-71bf-beed-9d43f7591a2f"}}]
23:05:04.127 [debug] QUERY OK source="projection_versions" db=1.1ms
INSERT INTO "projection_versions" AS p0 ("projection_name","last_seen_event_number","inserted_at","updated_at") VALUES ($1,$2,$3,$4) ON CONFLICT ("projection_name") DO UPDATE SET "last_seen_event_number" = $5 WHERE ((p0."projection_name" = $6) AND (p0."last_seen_event_number" < $7)) ["Treasury.PolicyProjector", 1, ~N[2026-03-17 23:05:04.126296], ~N[2026-03-17 23:05:04.126296], 1, "Treasury.PolicyProjector", 1]
23:05:04.132 [debug] QUERY OK source="treasury_policies" db=0.9ms
INSERT INTO "treasury_policies" ("id","mode","org_id","mode_thresholds","transfer_threshold","reporting_currency","created_at","updated_at") VALUES ($1,$2,$3,$4,$5,$6,$7,$8) ON CONFLICT ("org_id") DO UPDATE SET "transfer_threshold" = EXCLUDED."transfer_threshold","updated_at" = EXCLUDED."updated_at" ["6847c7d1-b270-4ac5-b2ab-44632979988c", "standard", "6847c7d1-b270-4ac5-b2ab-44632979988c", %{"relaxed" => "10000000", "standard" => "1000000", "strict" => "50000"}, Decimal.new("200000"), "USD", ~U[2026-03-17 23:05:04.127785Z], ~U[2026-03-17 23:05:04.127785Z]]
23:05:04.133 [debug] QUERY OK db=1.0ms
commit []
23:05:04.133 [info] 		[36mGiven [32mthe organization "Nexus Corp" has a transfer threshold of "200000"
23:05:04.133 [info] 		[36mGiven [32mthere is an existing invoice for "Munich HQ" of "50000" EUR
23:05:04.133 [debug] Locating aggregate process for `Nexus.Treasury.Aggregates.Policy` with UUID "6847c7d1-b270-4ac5-b2ab-44632979988c"
23:05:04.134 [debug] Nexus.Treasury.Aggregates.Policy<6847c7d1-b270-4ac5-b2ab-44632979988c@1> executing command: %Nexus.Treasury.Commands.EvaluateExposurePolicy{policy_id: "6847c7d1-b270-4ac5-b2ab-44632979988c", org_id: "6847c7d1-b270-4ac5-b2ab-44632979988c", currency_pair: "EUR/USD", exposure_amount: Decimal.new("50000"), evaluated_at: ~U[2026-03-17 23:05:04.133940Z]}
23:05:04.134 [info] 		[36mWhen [32mthe system calculates the "EUR/USD" exposure
23:05:04.139 [debug] QUERY OK source="treasury_policy_alerts" db=5.2ms
SELECT t0."id", t0."org_id", t0."currency_pair", t0."exposure_amount", t0."threshold", t0."triggered_at", t0."created_at", t0."updated_at" FROM "treasury_policy_alerts" AS t0 WHERE (t0."org_id" = $1) ["6847c7d1-b270-4ac5-b2ab-44632979988c"]
23:05:04.139 [info] 		[36mThen [32mno policy alert should be triggered
.23:05:04.146 [debug] QUERY OK source="organization_tenants" db=5.3ms
DELETE FROM "organization_tenants" AS o0 []
23:05:04.148 [debug] QUERY OK db=1.9ms queue=0.2ms
DELETE FROM projection_versions []
23:05:04.148 [info] 		[36mGiven [32ma system administrator "bernard" exists in the root organization
23:05:04.148 [info] 		[36mGiven [32mthe admin dashboard is active
23:05:04.149 [debug] Locating aggregate process for `Nexus.Organization.Aggregates.Tenant` with UUID "acca9664-e4f9-4816-ba5d-920abc1aaf4e"
23:05:04.149 [debug] Nexus.Organization.Aggregates.Tenant<acca9664-e4f9-4816-ba5d-920abc1aaf4e@0> executing command: %Nexus.Organization.Commands.ProvisionTenant{org_id: "acca9664-e4f9-4816-ba5d-920abc1aaf4e", name: "Global Corp-96367e15-1106-4ac2-b730-9cbea498a8ad", initial_admin_email: "elena@global-corp.com", provisioned_by: "bernard", provisioned_at: ~U[2026-03-17 23:05:04.149056Z]}
23:05:04.152 [debug] Appended 1 event(s) to stream "acca9664-e4f9-4816-ba5d-920abc1aaf4e"
23:05:04.152 [debug] Listener received notification on channel "event_store.events" with payload: "acca9664-e4f9-4816-ba5d-920abc1aaf4e,6582,1,1"
23:05:04.152 [info] 		[36mWhen [32mthe system admin provisions a tenant named "Global Corp" with admin email "elena@global-corp.com"
23:05:04.152 [debug] Listener received notification on channel "event_store.events" with payload: "$all,0,9154,9154"
23:05:04.153 [debug] Nexus.Organization.Aggregates.Tenant<acca9664-e4f9-4816-ba5d-920abc1aaf4e@1> received events: [%Commanded.EventStore.RecordedEvent{event_id: "ba6a3e2c-9dfe-453d-b1cb-41cf3cd1240a", event_number: 1, stream_id: "acca9664-e4f9-4816-ba5d-920abc1aaf4e", stream_version: 1, causation_id: "c2fea412-5acf-4e35-b75c-b1f4197ed8f4", correlation_id: "00532494-4cb4-4f17-aba0-84bde5849ad3", event_type: "Elixir.Nexus.Organization.Events.TenantProvisioned", data: %Nexus.Organization.Events.TenantProvisioned{org_id: "acca9664-e4f9-4816-ba5d-920abc1aaf4e", name: "Global Corp-96367e15-1106-4ac2-b730-9cbea498a8ad", initial_admin_email: "elena@global-corp.com", provisioned_by: "bernard", provisioned_at: "2026-03-17T23:05:04.149056Z"}, created_at: ~U[2026-03-17 23:05:04.151024Z], metadata: %{"causation_id" => "019cfe0b-ad95-75e0-928d-8cbee8d1e6fe", "correlation_id" => "019cfe0b-ad95-75e0-928d-8cbee8d1e6fe"}}]
23:05:04.154 [info] 		[36mThen [32mthe "TenantProvisioned" event should be emitted
23:05:04.156 [debug] QUERY OK db=0.2ms
begin []
23:05:04.156 [debug] QUERY OK source="projection_versions" db=0.4ms
INSERT INTO "projection_versions" AS p0 ("projection_name","last_seen_event_number","inserted_at","updated_at") VALUES ($1,$2,$3,$4) ON CONFLICT ("projection_name") DO UPDATE SET "last_seen_event_number" = $5 WHERE ((p0."projection_name" = $6) AND (p0."last_seen_event_number" < $7)) ["Organization.TenantProjector", 1, ~N[2026-03-17 23:05:04.156174], ~N[2026-03-17 23:05:04.156174], 1, "Organization.TenantProjector", 1]
23:05:04.157 [debug] QUERY OK source="organization_tenants" db=0.3ms
INSERT INTO "organization_tenants" ("id","name","status","org_id","updated_at","initial_admin_email","created_at","modules_enabled") VALUES ($1,$2,$3,$4,$5,$6,$7,$8) ON CONFLICT ("id") DO NOTHING ["acca9664-e4f9-4816-ba5d-920abc1aaf4e", "Global Corp-96367e15-1106-4ac2-b730-9cbea498a8ad", "active", "acca9664-e4f9-4816-ba5d-920abc1aaf4e", ~U[2026-03-17 23:05:04.155735Z], "elena@global-corp.com", ~U[2026-03-17 23:05:04.155731Z], []]
23:05:04.158 [debug] QUERY OK db=0.3ms
commit []
23:05:04.159 [debug] QUERY OK source="organization_tenants" db=0.2ms queue=0.5ms
SELECT o0."id", o0."org_id", o0."name", o0."status", o0."initial_admin_email", o0."suspended_at", o0."modules_enabled", o0."created_at", o0."updated_at" FROM "organization_tenants" AS o0 WHERE (o0."id" = $1) ["acca9664-e4f9-4816-ba5d-920abc1aaf4e"]
23:05:04.159 [info] 		[36mThen [32mthe tenant "Global Corp" should exist in the read model
23:05:04.159 [info] 		[36mThen [32man invitation token for "elena@global-corp.com" with role "admin" should be generated
.23:05:04.160 [debug] QUERY OK source="organization_tenants" db=0.5ms
DELETE FROM "organization_tenants" AS o0 []
23:05:04.161 [debug] QUERY OK db=0.3ms queue=0.1ms
DELETE FROM projection_versions []
23:05:04.161 [info] 		[36mGiven [32ma normal user "elena" exists in tenant "Global Corp"
23:05:04.161 [debug] Locating aggregate process for `Nexus.Organization.Aggregates.Tenant` with UUID "fc23c393-f55b-40fa-965b-a250cd3dcc90"
23:05:04.161 [debug] Nexus.Organization.Aggregates.Tenant<fc23c393-f55b-40fa-965b-a250cd3dcc90@0> executing command: %Nexus.Organization.Commands.ProvisionTenant{org_id: "fc23c393-f55b-40fa-965b-a250cd3dcc90", name: "Rogue Inc-23cd75c5-50d4-42ea-b9d8-4a9aea9cb4fb", initial_admin_email: "dummy@example.com", provisioned_by: "not_system_admin", provisioned_at: ~U[2026-03-17 23:05:04.161188Z]}
23:05:04.163 [debug] Appended 1 event(s) to stream "fc23c393-f55b-40fa-965b-a250cd3dcc90"
23:05:04.163 [debug] Listener received notification on channel "event_store.events" with payload: "fc23c393-f55b-40fa-965b-a250cd3dcc90,6583,1,1"
23:05:04.163 [debug] Listener received notification on channel "event_store.events" with payload: "$all,0,9155,9155"
.23:05:04.163 [info] 		[36mWhen [32muser "elena" attempts to provision a tenant named "Rogue Inc"
23:05:04.163 [info] 		[36mThen [32mthe command should be rejected with an unauthorized error
23:05:04.164 [info] 		[36mGiven [32mthe Polygon API is connected
23:05:04.164 [debug] Nexus.Organization.Aggregates.Tenant<fc23c393-f55b-40fa-965b-a250cd3dcc90@1> received events: [%Commanded.EventStore.RecordedEvent{event_id: "9ac7f920-18e9-4b1e-9b30-362aea266257", event_number: 1, stream_id: "fc23c393-f55b-40fa-965b-a250cd3dcc90", stream_version: 1, causation_id: "6133dedc-9124-4234-8967-3197caffe4e8", correlation_id: "9e87a919-3502-4191-99d4-83aae7b0f663", event_type: "Elixir.Nexus.Organization.Events.TenantProvisioned", data: %Nexus.Organization.Events.TenantProvisioned{org_id: "fc23c393-f55b-40fa-965b-a250cd3dcc90", name: "Rogue Inc-23cd75c5-50d4-42ea-b9d8-4a9aea9cb4fb", initial_admin_email: "dummy@example.com", provisioned_by: "not_system_admin", provisioned_at: "2026-03-17T23:05:04.161188Z"}, created_at: ~U[2026-03-17 23:05:04.162179Z], metadata: %{"causation_id" => "019cfe0b-ada1-7d18-a16a-c3302f1bcc1e", "correlation_id" => "019cfe0b-ada1-7d18-a16a-c3302f1bcc1e"}}]
23:05:04.166 [debug] Locating aggregate process for `Nexus.Treasury.Aggregates.Market` with UUID "EUR/USD"
23:05:04.171 [debug] Nexus.Treasury.Aggregates.Market<EUR/USD@110> executing command: %Nexus.Treasury.Commands.RecordMarketTick{pair: "EUR/USD", price: Decimal.new("1.0842"), timestamp: ~U[2026-03-17 23:05:04.164Z]}
23:05:04.174 [debug] Appended 1 event(s) to stream "EUR/USD"
23:05:04.174 [debug] Nexus.Treasury.Aggregates.Market<EUR/USD@111> recording snapshot
23:05:04.174 [debug] Listener received notification on channel "event_store.events" with payload: "EUR/USD,39,111,111"
23:05:04.174 [debug] Listener received notification on channel "event_store.events" with payload: "$all,0,9156,9156"
23:05:04.174 [info] [Treasury] [LIVE] Recorded tick for EUR/USD: 1.0842
23:05:04.174 [info] 		[36mWhen [32ma market tick is received for "EUR/USD" at price "1.0842"
23:05:04.174 [info] 		[36mThen [32mthe "EUR/USD" price is updated in the fast-access cache
23:05:04.175 [info] 		[36mThen [32ma MarketTickRecorded event is emitted
.23:05:04.175 [info] 		[36mGiven [32mthe last market tick for "EUR/USD" was received 20 minutes ago
23:05:04.175 [info] 		[36mWhen [32mthe dashboard queries the system status
23:05:04.175 [info] 		[36mThen [32ma "Stale Data" warning is flagged for the currency pair
.23:05:04.176 [debug] Subscription "Identity.Projectors.UserRegistrationProjector"@"$all" attempting to connect subscriber #PID<0.1234.0>
23:05:04.176 [debug] Subscription "Identity.Projectors.UserProjector"@"$all" attempting to connect subscriber #PID<0.1236.0>
23:05:04.176 [debug] Nexus.Treasury.Aggregates.Market<EUR/USD@111> received events: [%Commanded.EventStore.RecordedEvent{event_id: "47309427-0eac-4809-bac8-cf1d58733e4e", event_number: 111, stream_id: "EUR/USD", stream_version: 111, causation_id: "d09ab28b-467b-414e-8f97-6e21843d5980", correlation_id: "e6a08d45-730d-446d-9f5e-2a51831c14e5", event_type: "Elixir.Nexus.Treasury.Events.MarketTickRecorded", data: %Nexus.Treasury.Events.MarketTickRecorded{pair: "EUR/USD", price: "1.0842", timestamp: "2026-03-17T23:05:04.164Z"}, created_at: ~U[2026-03-17 23:05:04.172085Z], metadata: %{"causation_id" => "019cfe0b-ada5-7c2b-87b3-4619d7c7793f", "correlation_id" => "019cfe0b-ada5-7c2b-87b3-4619d7c7793f"}}]
23:05:04.177 [debug] Subscription "Identity.Projectors.UserProjector"@"$all" catching-up
23:05:04.177 [debug] Nexus.Identity.Projectors.UserProjector has successfully subscribed to event store
23:05:04.177 [debug] Subscription "Identity.Projectors.UserRegistrationProjector"@"$all" catching-up
23:05:04.177 [debug] Nexus.Identity.Projectors.UserRegistrationProjector has successfully subscribed to event store
23:05:04.177 [debug] QUERY OK source="identity_user_sessions" db=1.2ms queue=0.3ms
DELETE FROM "identity_user_sessions" AS i0 []
23:05:04.178 [debug] QUERY OK source="identity_user_settings" db=0.3ms queue=0.1ms
DELETE FROM "identity_user_settings" AS i0 []
23:05:04.178 [debug] Nexus.Identity.Projectors.UserProjector received events: [%Commanded.EventStore.RecordedEvent{event_id: "24f44667-2da0-46f7-8981-dacd6748876d", event_number: 9151, stream_id: "c55937a0-bf79-4e4b-afe4-e1cd92776542", stream_version: 1, causation_id: "f2b8b851-5c26-4624-827f-fe6a3fb8b14e", correlation_id: "b02b8e84-58ef-4999-8c6b-b99370f908af", event_type: "Elixir.Nexus.Treasury.Events.TransferThresholdSet", data: %Nexus.Treasury.Events.TransferThresholdSet{policy_id: "c55937a0-bf79-4e4b-afe4-e1cd92776542", org_id: "c55937a0-bf79-4e4b-afe4-e1cd92776542", threshold: "100000", set_at: "2026-03-17T23:05:04.076322Z"}, created_at: ~U[2026-03-17 23:05:04.081974Z], metadata: %{"causation_id" => "019cfe0b-ad4c-767f-9bde-4924073dd096", "correlation_id" => "019cfe0b-ad4c-767f-9bde-4924073dd096"}}]
23:05:04.178 [debug] Nexus.Identity.Projectors.UserProjector confirming receipt of event #9151 of events: [%Commanded.EventStore.RecordedEvent{event_id: "24f44667-2da0-46f7-8981-dacd6748876d", event_number: 9151, stream_id: "c55937a0-bf79-4e4b-afe4-e1cd92776542", stream_version: 1, causation_id: "f2b8b851-5c26-4624-827f-fe6a3fb8b14e", correlation_id: "b02b8e84-58ef-4999-8c6b-b99370f908af", event_type: "Elixir.Nexus.Treasury.Events.TransferThresholdSet", data: %Nexus.Treasury.Events.TransferThresholdSet{policy_id: "c55937a0-bf79-4e4b-afe4-e1cd92776542", org_id: "c55937a0-bf79-4e4b-afe4-e1cd92776542", threshold: "100000", set_at: "2026-03-17T23:05:04.076322Z"}, created_at: ~U[2026-03-17 23:05:04.081974Z], metadata: %{"causation_id" => "019cfe0b-ad4c-767f-9bde-4924073dd096", "correlation_id" => "019cfe0b-ad4c-767f-9bde-4924073dd096"}}]
23:05:04.178 [debug] Nexus.Identity.Projectors.UserRegistrationProjector received events: [%Commanded.EventStore.RecordedEvent{event_id: "24f44667-2da0-46f7-8981-dacd6748876d", event_number: 9151, stream_id: "c55937a0-bf79-4e4b-afe4-e1cd92776542", stream_version: 1, causation_id: "f2b8b851-5c26-4624-827f-fe6a3fb8b14e", correlation_id: "b02b8e84-58ef-4999-8c6b-b99370f908af", event_type: "Elixir.Nexus.Treasury.Events.TransferThresholdSet", data: %Nexus.Treasury.Events.TransferThresholdSet{policy_id: "c55937a0-bf79-4e4b-afe4-e1cd92776542", org_id: "c55937a0-bf79-4e4b-afe4-e1cd92776542", threshold: "100000", set_at: "2026-03-17T23:05:04.076322Z"}, created_at: ~U[2026-03-17 23:05:04.081974Z], metadata: %{"causation_id" => "019cfe0b-ad4c-767f-9bde-4924073dd096", "correlation_id" => "019cfe0b-ad4c-767f-9bde-4924073dd096"}}]
23:05:04.178 [debug] Nexus.Identity.Projectors.UserRegistrationProjector confirming receipt of event #9151 of events: [%Commanded.EventStore.RecordedEvent{event_id: "24f44667-2da0-46f7-8981-dacd6748876d", event_number: 9151, stream_id: "c55937a0-bf79-4e4b-afe4-e1cd92776542", stream_version: 1, causation_id: "f2b8b851-5c26-4624-827f-fe6a3fb8b14e", correlation_id: "b02b8e84-58ef-4999-8c6b-b99370f908af", event_type: "Elixir.Nexus.Treasury.Events.TransferThresholdSet", data: %Nexus.Treasury.Events.TransferThresholdSet{policy_id: "c55937a0-bf79-4e4b-afe4-e1cd92776542", org_id: "c55937a0-bf79-4e4b-afe4-e1cd92776542", threshold: "100000", set_at: "2026-03-17T23:05:04.076322Z"}, created_at: ~U[2026-03-17 23:05:04.081974Z], metadata: %{"causation_id" => "019cfe0b-ad4c-767f-9bde-4924073dd096", "correlation_id" => "019cfe0b-ad4c-767f-9bde-4924073dd096"}}]
23:05:04.178 [debug] QUERY OK source="users" db=0.2ms queue=0.1ms
DELETE FROM "users" AS u0 []
23:05:04.179 [debug] Nexus.Identity.Projectors.UserProjector received events: [%Commanded.EventStore.RecordedEvent{event_id: "b161b188-91e6-4794-9c11-d0b48d821dbe", event_number: 9152, stream_id: "c55937a0-bf79-4e4b-afe4-e1cd92776542", stream_version: 2, causation_id: "40b41c66-e038-4ac2-be4f-9748fd7bfb10", correlation_id: "fce95faa-2860-4126-9fb3-6a6a3f0cbfb8", event_type: "Elixir.Nexus.Treasury.Events.PolicyAlertTriggered", data: %Nexus.Treasury.Events.PolicyAlertTriggered{policy_id: "c55937a0-bf79-4e4b-afe4-e1cd92776542", org_id: "c55937a0-bf79-4e4b-afe4-e1cd92776542", currency_pair: "EUR/USD", exposure_amount: "120000", threshold: "100000", triggered_at: "2026-03-17T23:05:04.096361Z"}, created_at: ~U[2026-03-17 23:05:04.097471Z], metadata: %{"causation_id" => "019cfe0b-ad60-7611-ba98-3bf00e4b5cf0", "correlation_id" => "019cfe0b-ad60-7611-ba98-3bf00e4b5cf0"}}]
23:05:04.179 [debug] Nexus.Identity.Projectors.UserProjector confirming receipt of event #9152 of events: [%Commanded.EventStore.RecordedEvent{event_id: "b161b188-91e6-4794-9c11-d0b48d821dbe", event_number: 9152, stream_id: "c55937a0-bf79-4e4b-afe4-e1cd92776542", stream_version: 2, causation_id: "40b41c66-e038-4ac2-be4f-9748fd7bfb10", correlation_id: "fce95faa-2860-4126-9fb3-6a6a3f0cbfb8", event_type: "Elixir.Nexus.Treasury.Events.PolicyAlertTriggered", data: %Nexus.Treasury.Events.PolicyAlertTriggered{policy_id: "c55937a0-bf79-4e4b-afe4-e1cd92776542", org_id: "c55937a0-bf79-4e4b-afe4-e1cd92776542", currency_pair: "EUR/USD", exposure_amount: "120000", threshold: "100000", triggered_at: "2026-03-17T23:05:04.096361Z"}, created_at: ~U[2026-03-17 23:05:04.097471Z], metadata: %{"causation_id" => "019cfe0b-ad60-7611-ba98-3bf00e4b5cf0", "correlation_id" => "019cfe0b-ad60-7611-ba98-3bf00e4b5cf0"}}]
23:05:04.179 [debug] Nexus.Identity.Projectors.UserRegistrationProjector received events: [%Commanded.EventStore.RecordedEvent{event_id: "b161b188-91e6-4794-9c11-d0b48d821dbe", event_number: 9152, stream_id: "c55937a0-bf79-4e4b-afe4-e1cd92776542", stream_version: 2, causation_id: "40b41c66-e038-4ac2-be4f-9748fd7bfb10", correlation_id: "fce95faa-2860-4126-9fb3-6a6a3f0cbfb8", event_type: "Elixir.Nexus.Treasury.Events.PolicyAlertTriggered", data: %Nexus.Treasury.Events.PolicyAlertTriggered{policy_id: "c55937a0-bf79-4e4b-afe4-e1cd92776542", org_id: "c55937a0-bf79-4e4b-afe4-e1cd92776542", currency_pair: "EUR/USD", exposure_amount: "120000", threshold: "100000", triggered_at: "2026-03-17T23:05:04.096361Z"}, created_at: ~U[2026-03-17 23:05:04.097471Z], metadata: %{"causation_id" => "019cfe0b-ad60-7611-ba98-3bf00e4b5cf0", "correlation_id" => "019cfe0b-ad60-7611-ba98-3bf00e4b5cf0"}}]
23:05:04.179 [debug] Nexus.Identity.Projectors.UserRegistrationProjector confirming receipt of event #9152 of events: [%Commanded.EventStore.RecordedEvent{event_id: "b161b188-91e6-4794-9c11-d0b48d821dbe", event_number: 9152, stream_id: "c55937a0-bf79-4e4b-afe4-e1cd92776542", stream_version: 2, causation_id: "40b41c66-e038-4ac2-be4f-9748fd7bfb10", correlation_id: "fce95faa-2860-4126-9fb3-6a6a3f0cbfb8", event_type: "Elixir.Nexus.Treasury.Events.PolicyAlertTriggered", data: %Nexus.Treasury.Events.PolicyAlertTriggered{policy_id: "c55937a0-bf79-4e4b-afe4-e1cd92776542", org_id: "c55937a0-bf79-4e4b-afe4-e1cd92776542", currency_pair: "EUR/USD", exposure_amount: "120000", threshold: "100000", triggered_at: "2026-03-17T23:05:04.096361Z"}, created_at: ~U[2026-03-17 23:05:04.097471Z], metadata: %{"causation_id" => "019cfe0b-ad60-7611-ba98-3bf00e4b5cf0", "correlation_id" => "019cfe0b-ad60-7611-ba98-3bf00e4b5cf0"}}]
23:05:04.179 [debug] QUERY OK source="projection_versions" db=0.3ms
DELETE FROM "projection_versions" AS p0 []
23:05:04.179 [debug] Locating aggregate process for `Nexus.Identity.Aggregates.User` with UUID "56ab3c15-cb3a-418a-a19b-529e65842189"
23:05:04.179 [debug] Nexus.Identity.Projectors.UserProjector received events: [%Commanded.EventStore.RecordedEvent{event_id: "f55fe3ee-4dbe-4e8f-842a-d3c37818a804", event_number: 9153, stream_id: "6847c7d1-b270-4ac5-b2ab-44632979988c", stream_version: 1, causation_id: "e77c115e-6f54-417d-9e62-b7e757729dde", correlation_id: "dc3a7466-f655-4290-a5bf-56cb63ac543c", event_type: "Elixir.Nexus.Treasury.Events.TransferThresholdSet", data: %Nexus.Treasury.Events.TransferThresholdSet{policy_id: "6847c7d1-b270-4ac5-b2ab-44632979988c", org_id: "6847c7d1-b270-4ac5-b2ab-44632979988c", threshold: "200000", set_at: "2026-03-17T23:05:04.118502Z"}, created_at: ~U[2026-03-17 23:05:04.123680Z], metadata: %{"causation_id" => "019cfe0b-ad76-71bf-beed-9d43f7591a2f", "correlation_id" => "019cfe0b-ad76-71bf-beed-9d43f7591a2f"}}]
23:05:04.179 [debug] Nexus.Identity.Projectors.UserProjector confirming receipt of event #9153 of events: [%Commanded.EventStore.RecordedEvent{event_id: "f55fe3ee-4dbe-4e8f-842a-d3c37818a804", event_number: 9153, stream_id: "6847c7d1-b270-4ac5-b2ab-44632979988c", stream_version: 1, causation_id: "e77c115e-6f54-417d-9e62-b7e757729dde", correlation_id: "dc3a7466-f655-4290-a5bf-56cb63ac543c", event_type: "Elixir.Nexus.Treasury.Events.TransferThresholdSet", data: %Nexus.Treasury.Events.TransferThresholdSet{policy_id: "6847c7d1-b270-4ac5-b2ab-44632979988c", org_id: "6847c7d1-b270-4ac5-b2ab-44632979988c", threshold: "200000", set_at: "2026-03-17T23:05:04.118502Z"}, created_at: ~U[2026-03-17 23:05:04.123680Z], metadata: %{"causation_id" => "019cfe0b-ad76-71bf-beed-9d43f7591a2f", "correlation_id" => "019cfe0b-ad76-71bf-beed-9d43f7591a2f"}}]
23:05:04.179 [debug] Nexus.Identity.Projectors.UserRegistrationProjector received events: [%Commanded.EventStore.RecordedEvent{event_id: "f55fe3ee-4dbe-4e8f-842a-d3c37818a804", event_number: 9153, stream_id: "6847c7d1-b270-4ac5-b2ab-44632979988c", stream_version: 1, causation_id: "e77c115e-6f54-417d-9e62-b7e757729dde", correlation_id: "dc3a7466-f655-4290-a5bf-56cb63ac543c", event_type: "Elixir.Nexus.Treasury.Events.TransferThresholdSet", data: %Nexus.Treasury.Events.TransferThresholdSet{policy_id: "6847c7d1-b270-4ac5-b2ab-44632979988c", org_id: "6847c7d1-b270-4ac5-b2ab-44632979988c", threshold: "200000", set_at: "2026-03-17T23:05:04.118502Z"}, created_at: ~U[2026-03-17 23:05:04.123680Z], metadata: %{"causation_id" => "019cfe0b-ad76-71bf-beed-9d43f7591a2f", "correlation_id" => "019cfe0b-ad76-71bf-beed-9d43f7591a2f"}}]
23:05:04.179 [debug] Nexus.Identity.Projectors.UserRegistrationProjector confirming receipt of event #9153 of events: [%Commanded.EventStore.RecordedEvent{event_id: "f55fe3ee-4dbe-4e8f-842a-d3c37818a804", event_number: 9153, stream_id: "6847c7d1-b270-4ac5-b2ab-44632979988c", stream_version: 1, causation_id: "e77c115e-6f54-417d-9e62-b7e757729dde", correlation_id: "dc3a7466-f655-4290-a5bf-56cb63ac543c", event_type: "Elixir.Nexus.Treasury.Events.TransferThresholdSet", data: %Nexus.Treasury.Events.TransferThresholdSet{policy_id: "6847c7d1-b270-4ac5-b2ab-44632979988c", org_id: "6847c7d1-b270-4ac5-b2ab-44632979988c", threshold: "200000", set_at: "2026-03-17T23:05:04.118502Z"}, created_at: ~U[2026-03-17 23:05:04.123680Z], metadata: %{"causation_id" => "019cfe0b-ad76-71bf-beed-9d43f7591a2f", "correlation_id" => "019cfe0b-ad76-71bf-beed-9d43f7591a2f"}}]
23:05:04.179 [debug] Nexus.Identity.Projectors.UserProjector received events: [%Commanded.EventStore.RecordedEvent{event_id: "ba6a3e2c-9dfe-453d-b1cb-41cf3cd1240a", event_number: 9154, stream_id: "acca9664-e4f9-4816-ba5d-920abc1aaf4e", stream_version: 1, causation_id: "c2fea412-5acf-4e35-b75c-b1f4197ed8f4", correlation_id: "00532494-4cb4-4f17-aba0-84bde5849ad3", event_type: "Elixir.Nexus.Organization.Events.TenantProvisioned", data: %Nexus.Organization.Events.TenantProvisioned{org_id: "acca9664-e4f9-4816-ba5d-920abc1aaf4e", name: "Global Corp-96367e15-1106-4ac2-b730-9cbea498a8ad", initial_admin_email: "elena@global-corp.com", provisioned_by: "bernard", provisioned_at: "2026-03-17T23:05:04.149056Z"}, created_at: ~U[2026-03-17 23:05:04.151024Z], metadata: %{"causation_id" => "019cfe0b-ad95-75e0-928d-8cbee8d1e6fe", "correlation_id" => "019cfe0b-ad95-75e0-928d-8cbee8d1e6fe"}}]
23:05:04.179 [debug] Nexus.Identity.Projectors.UserProjector confirming receipt of event #9154 of events: [%Commanded.EventStore.RecordedEvent{event_id: "ba6a3e2c-9dfe-453d-b1cb-41cf3cd1240a", event_number: 9154, stream_id: "acca9664-e4f9-4816-ba5d-920abc1aaf4e", stream_version: 1, causation_id: "c2fea412-5acf-4e35-b75c-b1f4197ed8f4", correlation_id: "00532494-4cb4-4f17-aba0-84bde5849ad3", event_type: "Elixir.Nexus.Organization.Events.TenantProvisioned", data: %Nexus.Organization.Events.TenantProvisioned{org_id: "acca9664-e4f9-4816-ba5d-920abc1aaf4e", name: "Global Corp-96367e15-1106-4ac2-b730-9cbea498a8ad", initial_admin_email: "elena@global-corp.com", provisioned_by: "bernard", provisioned_at: "2026-03-17T23:05:04.149056Z"}, created_at: ~U[2026-03-17 23:05:04.151024Z], metadata: %{"causation_id" => "019cfe0b-ad95-75e0-928d-8cbee8d1e6fe", "correlation_id" => "019cfe0b-ad95-75e0-928d-8cbee8d1e6fe"}}]
23:05:04.179 [debug] Nexus.Identity.Projectors.UserRegistrationProjector received events: [%Commanded.EventStore.RecordedEvent{event_id: "ba6a3e2c-9dfe-453d-b1cb-41cf3cd1240a", event_number: 9154, stream_id: "acca9664-e4f9-4816-ba5d-920abc1aaf4e", stream_version: 1, causation_id: "c2fea412-5acf-4e35-b75c-b1f4197ed8f4", correlation_id: "00532494-4cb4-4f17-aba0-84bde5849ad3", event_type: "Elixir.Nexus.Organization.Events.TenantProvisioned", data: %Nexus.Organization.Events.TenantProvisioned{org_id: "acca9664-e4f9-4816-ba5d-920abc1aaf4e", name: "Global Corp-96367e15-1106-4ac2-b730-9cbea498a8ad", initial_admin_email: "elena@global-corp.com", provisioned_by: "bernard", provisioned_at: "2026-03-17T23:05:04.149056Z"}, created_at: ~U[2026-03-17 23:05:04.151024Z], metadata: %{"causation_id" => "019cfe0b-ad95-75e0-928d-8cbee8d1e6fe", "correlation_id" => "019cfe0b-ad95-75e0-928d-8cbee8d1e6fe"}}]
23:05:04.180 [debug] Nexus.Identity.Aggregates.User<56ab3c15-cb3a-418a-a19b-529e65842189@0> executing command: %Nexus.Identity.Commands.RegisterUser{user_id: "56ab3c15-cb3a-418a-a19b-529e65842189", org_id: "aff51084-38af-4df8-9680-cd1e83f024d7", email: "bernard-b958b727-452d-4d96-8b8f-4fe3c75f2963@nexus.financial", cose_key: "bW9jaw==", credential_id: "bW9jaw==", role: "treasurer", display_name: "Bernard", registered_at: ~U[2026-03-17 23:05:04.179416Z]}
23:05:04.180 [debug] Nexus.Identity.Projectors.UserRegistrationProjector confirming receipt of event #9154 of events: [%Commanded.EventStore.RecordedEvent{event_id: "ba6a3e2c-9dfe-453d-b1cb-41cf3cd1240a", event_number: 9154, stream_id: "acca9664-e4f9-4816-ba5d-920abc1aaf4e", stream_version: 1, causation_id: "c2fea412-5acf-4e35-b75c-b1f4197ed8f4", correlation_id: "00532494-4cb4-4f17-aba0-84bde5849ad3", event_type: "Elixir.Nexus.Organization.Events.TenantProvisioned", data: %Nexus.Organization.Events.TenantProvisioned{org_id: "acca9664-e4f9-4816-ba5d-920abc1aaf4e", name: "Global Corp-96367e15-1106-4ac2-b730-9cbea498a8ad", initial_admin_email: "elena@global-corp.com", provisioned_by: "bernard", provisioned_at: "2026-03-17T23:05:04.149056Z"}, created_at: ~U[2026-03-17 23:05:04.151024Z], metadata: %{"causation_id" => "019cfe0b-ad95-75e0-928d-8cbee8d1e6fe", "correlation_id" => "019cfe0b-ad95-75e0-928d-8cbee8d1e6fe"}}]
23:05:04.180 [debug] Nexus.Identity.Projectors.UserProjector received events: [%Commanded.EventStore.RecordedEvent{event_id: "9ac7f920-18e9-4b1e-9b30-362aea266257", event_number: 9155, stream_id: "fc23c393-f55b-40fa-965b-a250cd3dcc90", stream_version: 1, causation_id: "6133dedc-9124-4234-8967-3197caffe4e8", correlation_id: "9e87a919-3502-4191-99d4-83aae7b0f663", event_type: "Elixir.Nexus.Organization.Events.TenantProvisioned", data: %Nexus.Organization.Events.TenantProvisioned{org_id: "fc23c393-f55b-40fa-965b-a250cd3dcc90", name: "Rogue Inc-23cd75c5-50d4-42ea-b9d8-4a9aea9cb4fb", initial_admin_email: "dummy@example.com", provisioned_by: "not_system_admin", provisioned_at: "2026-03-17T23:05:04.161188Z"}, created_at: ~U[2026-03-17 23:05:04.162179Z], metadata: %{"causation_id" => "019cfe0b-ada1-7d18-a16a-c3302f1bcc1e", "correlation_id" => "019cfe0b-ada1-7d18-a16a-c3302f1bcc1e"}}]
23:05:04.180 [debug] Nexus.Identity.Projectors.UserProjector confirming receipt of event #9155 of events: [%Commanded.EventStore.RecordedEvent{event_id: "9ac7f920-18e9-4b1e-9b30-362aea266257", event_number: 9155, stream_id: "fc23c393-f55b-40fa-965b-a250cd3dcc90", stream_version: 1, causation_id: "6133dedc-9124-4234-8967-3197caffe4e8", correlation_id: "9e87a919-3502-4191-99d4-83aae7b0f663", event_type: "Elixir.Nexus.Organization.Events.TenantProvisioned", data: %Nexus.Organization.Events.TenantProvisioned{org_id: "fc23c393-f55b-40fa-965b-a250cd3dcc90", name: "Rogue Inc-23cd75c5-50d4-42ea-b9d8-4a9aea9cb4fb", initial_admin_email: "dummy@example.com", provisioned_by: "not_system_admin", provisioned_at: "2026-03-17T23:05:04.161188Z"}, created_at: ~U[2026-03-17 23:05:04.162179Z], metadata: %{"causation_id" => "019cfe0b-ada1-7d18-a16a-c3302f1bcc1e", "correlation_id" => "019cfe0b-ada1-7d18-a16a-c3302f1bcc1e"}}]
23:05:04.180 [debug] Nexus.Identity.Projectors.UserRegistrationProjector received events: [%Commanded.EventStore.RecordedEvent{event_id: "9ac7f920-18e9-4b1e-9b30-362aea266257", event_number: 9155, stream_id: "fc23c393-f55b-40fa-965b-a250cd3dcc90", stream_version: 1, causation_id: "6133dedc-9124-4234-8967-3197caffe4e8", correlation_id: "9e87a919-3502-4191-99d4-83aae7b0f663", event_type: "Elixir.Nexus.Organization.Events.TenantProvisioned", data: %Nexus.Organization.Events.TenantProvisioned{org_id: "fc23c393-f55b-40fa-965b-a250cd3dcc90", name: "Rogue Inc-23cd75c5-50d4-42ea-b9d8-4a9aea9cb4fb", initial_admin_email: "dummy@example.com", provisioned_by: "not_system_admin", provisioned_at: "2026-03-17T23:05:04.161188Z"}, created_at: ~U[2026-03-17 23:05:04.162179Z], metadata: %{"causation_id" => "019cfe0b-ada1-7d18-a16a-c3302f1bcc1e", "correlation_id" => "019cfe0b-ada1-7d18-a16a-c3302f1bcc1e"}}]
23:05:04.180 [debug] Nexus.Identity.Projectors.UserRegistrationProjector confirming receipt of event #9155 of events: [%Commanded.EventStore.RecordedEvent{event_id: "9ac7f920-18e9-4b1e-9b30-362aea266257", event_number: 9155, stream_id: "fc23c393-f55b-40fa-965b-a250cd3dcc90", stream_version: 1, causation_id: "6133dedc-9124-4234-8967-3197caffe4e8", correlation_id: "9e87a919-3502-4191-99d4-83aae7b0f663", event_type: "Elixir.Nexus.Organization.Events.TenantProvisioned", data: %Nexus.Organization.Events.TenantProvisioned{org_id: "fc23c393-f55b-40fa-965b-a250cd3dcc90", name: "Rogue Inc-23cd75c5-50d4-42ea-b9d8-4a9aea9cb4fb", initial_admin_email: "dummy@example.com", provisioned_by: "not_system_admin", provisioned_at: "2026-03-17T23:05:04.161188Z"}, created_at: ~U[2026-03-17 23:05:04.162179Z], metadata: %{"causation_id" => "019cfe0b-ada1-7d18-a16a-c3302f1bcc1e", "correlation_id" => "019cfe0b-ada1-7d18-a16a-c3302f1bcc1e"}}]
23:05:04.181 [debug] Nexus.Identity.Projectors.UserProjector received events: [%Commanded.EventStore.RecordedEvent{event_id: "47309427-0eac-4809-bac8-cf1d58733e4e", event_number: 9156, stream_id: "EUR/USD", stream_version: 111, causation_id: "d09ab28b-467b-414e-8f97-6e21843d5980", correlation_id: "e6a08d45-730d-446d-9f5e-2a51831c14e5", event_type: "Elixir.Nexus.Treasury.Events.MarketTickRecorded", data: %Nexus.Treasury.Events.MarketTickRecorded{pair: "EUR/USD", price: "1.0842", timestamp: "2026-03-17T23:05:04.164Z"}, created_at: ~U[2026-03-17 23:05:04.172085Z], metadata: %{"causation_id" => "019cfe0b-ada5-7c2b-87b3-4619d7c7793f", "correlation_id" => "019cfe0b-ada5-7c2b-87b3-4619d7c7793f"}}]
23:05:04.181 [debug] Nexus.Identity.Projectors.UserProjector confirming receipt of event #9156 of events: [%Commanded.EventStore.RecordedEvent{event_id: "47309427-0eac-4809-bac8-cf1d58733e4e", event_number: 9156, stream_id: "EUR/USD", stream_version: 111, causation_id: "d09ab28b-467b-414e-8f97-6e21843d5980", correlation_id: "e6a08d45-730d-446d-9f5e-2a51831c14e5", event_type: "Elixir.Nexus.Treasury.Events.MarketTickRecorded", data: %Nexus.Treasury.Events.MarketTickRecorded{pair: "EUR/USD", price: "1.0842", timestamp: "2026-03-17T23:05:04.164Z"}, created_at: ~U[2026-03-17 23:05:04.172085Z], metadata: %{"causation_id" => "019cfe0b-ada5-7c2b-87b3-4619d7c7793f", "correlation_id" => "019cfe0b-ada5-7c2b-87b3-4619d7c7793f"}}]
23:05:04.181 [debug] Appended 1 event(s) to stream "56ab3c15-cb3a-418a-a19b-529e65842189"
23:05:04.181 [debug] Nexus.Identity.Projectors.UserRegistrationProjector received events: [%Commanded.EventStore.RecordedEvent{event_id: "47309427-0eac-4809-bac8-cf1d58733e4e", event_number: 9156, stream_id: "EUR/USD", stream_version: 111, causation_id: "d09ab28b-467b-414e-8f97-6e21843d5980", correlation_id: "e6a08d45-730d-446d-9f5e-2a51831c14e5", event_type: "Elixir.Nexus.Treasury.Events.MarketTickRecorded", data: %Nexus.Treasury.Events.MarketTickRecorded{pair: "EUR/USD", price: "1.0842", timestamp: "2026-03-17T23:05:04.164Z"}, created_at: ~U[2026-03-17 23:05:04.172085Z], metadata: %{"causation_id" => "019cfe0b-ada5-7c2b-87b3-4619d7c7793f", "correlation_id" => "019cfe0b-ada5-7c2b-87b3-4619d7c7793f"}}]
23:05:04.181 [debug] Listener received notification on channel "event_store.events" with payload: "56ab3c15-cb3a-418a-a19b-529e65842189,6584,1,1"
23:05:04.181 [debug] Listener received notification on channel "event_store.events" with payload: "$all,0,9157,9157"
23:05:04.181 [debug] Nexus.Identity.Projectors.UserRegistrationProjector confirming receipt of event #9156 of events: [%Commanded.EventStore.RecordedEvent{event_id: "47309427-0eac-4809-bac8-cf1d58733e4e", event_number: 9156, stream_id: "EUR/USD", stream_version: 111, causation_id: "d09ab28b-467b-414e-8f97-6e21843d5980", correlation_id: "e6a08d45-730d-446d-9f5e-2a51831c14e5", event_type: "Elixir.Nexus.Treasury.Events.MarketTickRecorded", data: %Nexus.Treasury.Events.MarketTickRecorded{pair: "EUR/USD", price: "1.0842", timestamp: "2026-03-17T23:05:04.164Z"}, created_at: ~U[2026-03-17 23:05:04.172085Z], metadata: %{"causation_id" => "019cfe0b-ada5-7c2b-87b3-4619d7c7793f", "correlation_id" => "019cfe0b-ada5-7c2b-87b3-4619d7c7793f"}}]
23:05:04.181 [debug] Nexus.Identity.Aggregates.User<56ab3c15-cb3a-418a-a19b-529e65842189@1> received events: [%Commanded.EventStore.RecordedEvent{event_id: "1ca49239-6e4f-4a5e-8be1-55bce46566b3", event_number: 1, stream_id: "56ab3c15-cb3a-418a-a19b-529e65842189", stream_version: 1, causation_id: "e8b5976e-e0a5-42fa-b559-049a6d165f2f", correlation_id: "dbf64937-b495-49e2-86ff-c27f974f7544", event_type: "Elixir.Nexus.Identity.Events.UserRegistered", data: %Nexus.Identity.Events.UserRegistered{user_id: "56ab3c15-cb3a-418a-a19b-529e65842189", org_id: "aff51084-38af-4df8-9680-cd1e83f024d7", email: "bernard-b958b727-452d-4d96-8b8f-4fe3c75f2963@nexus.financial", role: "treasurer", cose_key: "bW9jaw==", credential_id: "bW9jaw==", registered_at: "2026-03-17T23:05:04.179416Z", display_name: "Bernard", status: "active"}, created_at: ~U[2026-03-17 23:05:04.180275Z], metadata: %{"causation_id" => "019cfe0b-adb3-7ea6-90ea-3c0ff6aec15b", "correlation_id" => "019cfe0b-adb3-7ea6-90ea-3c0ff6aec15b"}}]
23:05:04.182 [debug] Subscription "Identity.Projectors.UserRegistrationProjector"@"$all" received 1 event(s)
23:05:04.182 [debug] Subscription "Identity.Projectors.UserProjector"@"$all" received 1 event(s)
23:05:04.182 [debug] Subscription "Identity.Projectors.UserProjector"@"$all" is enqueueing 1 event(s)
23:05:04.182 [debug] Subscription "Identity.Projectors.UserRegistrationProjector"@"$all" is enqueueing 1 event(s)
23:05:04.182 [debug] Nexus.Identity.Projectors.UserRegistrationProjector received events: [%Commanded.EventStore.RecordedEvent{event_id: "1ca49239-6e4f-4a5e-8be1-55bce46566b3", event_number: 9157, stream_id: "56ab3c15-cb3a-418a-a19b-529e65842189", stream_version: 1, causation_id: "e8b5976e-e0a5-42fa-b559-049a6d165f2f", correlation_id: "dbf64937-b495-49e2-86ff-c27f974f7544", event_type: "Elixir.Nexus.Identity.Events.UserRegistered", data: %Nexus.Identity.Events.UserRegistered{user_id: "56ab3c15-cb3a-418a-a19b-529e65842189", org_id: "aff51084-38af-4df8-9680-cd1e83f024d7", email: "bernard-b958b727-452d-4d96-8b8f-4fe3c75f2963@nexus.financial", role: "treasurer", cose_key: "bW9jaw==", credential_id: "bW9jaw==", registered_at: "2026-03-17T23:05:04.179416Z", display_name: "Bernard", status: "active"}, created_at: ~U[2026-03-17 23:05:04.180275Z], metadata: %{"causation_id" => "019cfe0b-adb3-7ea6-90ea-3c0ff6aec15b", "correlation_id" => "019cfe0b-adb3-7ea6-90ea-3c0ff6aec15b"}}]
23:05:04.182 [debug] Nexus.Identity.Projectors.UserProjector received events: [%Commanded.EventStore.RecordedEvent{event_id: "1ca49239-6e4f-4a5e-8be1-55bce46566b3", event_number: 9157, stream_id: "56ab3c15-cb3a-418a-a19b-529e65842189", stream_version: 1, causation_id: "e8b5976e-e0a5-42fa-b559-049a6d165f2f", correlation_id: "dbf64937-b495-49e2-86ff-c27f974f7544", event_type: "Elixir.Nexus.Identity.Events.UserRegistered", data: %Nexus.Identity.Events.UserRegistered{user_id: "56ab3c15-cb3a-418a-a19b-529e65842189", org_id: "aff51084-38af-4df8-9680-cd1e83f024d7", email: "bernard-b958b727-452d-4d96-8b8f-4fe3c75f2963@nexus.financial", role: "treasurer", cose_key: "bW9jaw==", credential_id: "bW9jaw==", registered_at: "2026-03-17T23:05:04.179416Z", display_name: "Bernard", status: "active"}, created_at: ~U[2026-03-17 23:05:04.180275Z], metadata: %{"causation_id" => "019cfe0b-adb3-7ea6-90ea-3c0ff6aec15b", "correlation_id" => "019cfe0b-adb3-7ea6-90ea-3c0ff6aec15b"}}]
23:05:04.182 [debug] Nexus.Identity.Projectors.UserProjector confirming receipt of event #9157 of events: [%Commanded.EventStore.RecordedEvent{event_id: "1ca49239-6e4f-4a5e-8be1-55bce46566b3", event_number: 9157, stream_id: "56ab3c15-cb3a-418a-a19b-529e65842189", stream_version: 1, causation_id: "e8b5976e-e0a5-42fa-b559-049a6d165f2f", correlation_id: "dbf64937-b495-49e2-86ff-c27f974f7544", event_type: "Elixir.Nexus.Identity.Events.UserRegistered", data: %Nexus.Identity.Events.UserRegistered{user_id: "56ab3c15-cb3a-418a-a19b-529e65842189", org_id: "aff51084-38af-4df8-9680-cd1e83f024d7", email: "bernard-b958b727-452d-4d96-8b8f-4fe3c75f2963@nexus.financial", role: "treasurer", cose_key: "bW9jaw==", credential_id: "bW9jaw==", registered_at: "2026-03-17T23:05:04.179416Z", display_name: "Bernard", status: "active"}, created_at: ~U[2026-03-17 23:05:04.180275Z], metadata: %{"causation_id" => "019cfe0b-adb3-7ea6-90ea-3c0ff6aec15b", "correlation_id" => "019cfe0b-adb3-7ea6-90ea-3c0ff6aec15b"}}]
23:05:04.182 [debug] QUERY OK db=0.0ms
begin []
23:05:04.182 [debug] QUERY OK source="projection_versions" db=0.1ms
INSERT INTO "projection_versions" AS p0 ("projection_name","last_seen_event_number","inserted_at","updated_at") VALUES ($1,$2,$3,$4) ON CONFLICT ("projection_name") DO UPDATE SET "last_seen_event_number" = $5 WHERE ((p0."projection_name" = $6) AND (p0."last_seen_event_number" < $7)) ["Identity.Projectors.UserRegistrationProjector", 9157, ~N[2026-03-17 23:05:04.182418], ~N[2026-03-17 23:05:04.182418], 9157, "Identity.Projectors.UserRegistrationProjector", 9157]
23:05:04.183 [debug] QUERY OK source="users" db=0.3ms
SELECT u0."id", u0."org_id", u0."email", u0."display_name", u0."role", u0."status", u0."cose_key", u0."credential_id", u0."created_at", u0."updated_at" FROM "users" AS u0 WHERE (u0."id" = $1) ["56ab3c15-cb3a-418a-a19b-529e65842189"]
23:05:04.183 [debug] QUERY OK source="users" db=0.3ms
SELECT u0."id", u0."org_id", u0."email", u0."display_name", u0."role", u0."status", u0."cose_key", u0."credential_id", u0."created_at", u0."updated_at" FROM "users" AS u0 WHERE (u0."email" = $1) ["bernard-b958b727-452d-4d96-8b8f-4fe3c75f2963@nexus.financial"]
23:05:04.183 [debug] QUERY OK source="users" db=0.1ms
INSERT INTO "users" ("id","status","role","org_id","email","display_name","cose_key","credential_id","created_at","updated_at") VALUES ($1,$2,$3,$4,$5,$6,$7,$8,$9,$10) ["56ab3c15-cb3a-418a-a19b-529e65842189", "active", "treasurer", "aff51084-38af-4df8-9680-cd1e83f024d7", "bernard-b958b727-452d-4d96-8b8f-4fe3c75f2963@nexus.financial", "Bernard", "mock", "mock", ~U[2026-03-17 23:05:04.183616Z], ~U[2026-03-17 23:05:04.183616Z]]
23:05:04.184 [debug] QUERY OK source="identity_user_settings" db=0.2ms
SELECT i0."user_id", i0."org_id", i0."locale", i0."timezone", i0."notifications_enabled", i0."created_at", i0."updated_at" FROM "identity_user_settings" AS i0 WHERE (i0."user_id" = $1) ["56ab3c15-cb3a-418a-a19b-529e65842189"]
23:05:04.184 [debug] QUERY OK source="identity_user_settings" db=0.1ms
INSERT INTO "identity_user_settings" ("user_id","locale","org_id","timezone","notifications_enabled","created_at","updated_at") VALUES ($1,$2,$3,$4,$5,$6,$7) ["56ab3c15-cb3a-418a-a19b-529e65842189", "en", "aff51084-38af-4df8-9680-cd1e83f024d7", "UTC", true, ~U[2026-03-17 23:05:04.184230Z], ~U[2026-03-17 23:05:04.184230Z]]
23:05:04.184 [debug] QUERY OK db=0.0ms
commit []
23:05:04.184 [debug] Nexus.Identity.Projectors.UserRegistrationProjector confirming receipt of event #9157 of events: [%Commanded.EventStore.RecordedEvent{event_id: "1ca49239-6e4f-4a5e-8be1-55bce46566b3", event_number: 9157, stream_id: "56ab3c15-cb3a-418a-a19b-529e65842189", stream_version: 1, causation_id: "e8b5976e-e0a5-42fa-b559-049a6d165f2f", correlation_id: "dbf64937-b495-49e2-86ff-c27f974f7544", event_type: "Elixir.Nexus.Identity.Events.UserRegistered", data: %Nexus.Identity.Events.UserRegistered{user_id: "56ab3c15-cb3a-418a-a19b-529e65842189", org_id: "aff51084-38af-4df8-9680-cd1e83f024d7", email: "bernard-b958b727-452d-4d96-8b8f-4fe3c75f2963@nexus.financial", role: "treasurer", cose_key: "bW9jaw==", credential_id: "bW9jaw==", registered_at: "2026-03-17T23:05:04.179416Z", display_name: "Bernard", status: "active"}, created_at: ~U[2026-03-17 23:05:04.180275Z], metadata: %{"causation_id" => "019cfe0b-adb3-7ea6-90ea-3c0ff6aec15b", "correlation_id" => "019cfe0b-adb3-7ea6-90ea-3c0ff6aec15b"}}]
23:05:04.382 [info] 		[36mGiven [32mI am a registered user "Bernard"
23:05:04.382 [debug] Locating aggregate process for `Nexus.Identity.Aggregates.User` with UUID "56ab3c15-cb3a-418a-a19b-529e65842189"
23:05:04.382 [debug] Nexus.Identity.Aggregates.User<56ab3c15-cb3a-418a-a19b-529e65842189@1> executing command: %Nexus.Identity.Commands.StartSession{org_id: "aff51084-38af-4df8-9680-cd1e83f024d7", user_id: "56ab3c15-cb3a-418a-a19b-529e65842189", session_id: "18896e39-de65-4436-b129-154cb4f1df56", session_token: "mock-token", user_agent: "Mozilla/5.0 (Macintosh; Intel Mac OS X 10_15_7)", ip_address: "127.0.0.1", started_at: ~U[2026-03-17 23:05:04.382406Z]}
23:05:04.387 [debug] Appended 1 event(s) to stream "56ab3c15-cb3a-418a-a19b-529e65842189"
23:05:04.387 [debug] Listener received notification on channel "event_store.events" with payload: "56ab3c15-cb3a-418a-a19b-529e65842189,6584,2,2"
23:05:04.387 [debug] Listener received notification on channel "event_store.events" with payload: "$all,0,9158,9158"
23:05:04.389 [debug] Nexus.Identity.Aggregates.User<56ab3c15-cb3a-418a-a19b-529e65842189@2> received events: [%Commanded.EventStore.RecordedEvent{event_id: "8d3368f6-6c2f-4b18-abfe-fa91035ea53f", event_number: 2, stream_id: "56ab3c15-cb3a-418a-a19b-529e65842189", stream_version: 2, causation_id: "1db67b36-dd6f-41f7-8620-8d3fa557a214", correlation_id: "daa1487f-e883-4391-99a3-5fbf7346e5f9", event_type: "Elixir.Nexus.Identity.Events.SessionStarted", data: %Nexus.Identity.Events.SessionStarted{org_id: "aff51084-38af-4df8-9680-cd1e83f024d7", user_id: "56ab3c15-cb3a-418a-a19b-529e65842189", session_id: "18896e39-de65-4436-b129-154cb4f1df56", session_token: "mock-token", user_agent: "Mozilla/5.0 (Macintosh; Intel Mac OS X 10_15_7)", ip_address: "127.0.0.1", started_at: "2026-03-17T23:05:04.382406Z"}, created_at: ~U[2026-03-17 23:05:04.384277Z], metadata: %{"causation_id" => "019cfe0b-ae7e-7085-ad85-f241edae55cf", "correlation_id" => "019cfe0b-ae7e-7085-ad85-f241edae55cf"}}]
23:05:04.390 [debug] Subscription "Identity.Projectors.UserProjector"@"$all" received 1 event(s)
23:05:04.390 [debug] Subscription "Identity.Projectors.UserRegistrationProjector"@"$all" received 1 event(s)
23:05:04.390 [debug] Subscription "Identity.Projectors.UserProjector"@"$all" is enqueueing 1 event(s)
23:05:04.390 [debug] Subscription "Identity.Projectors.UserRegistrationProjector"@"$all" is enqueueing 1 event(s)
23:05:04.390 [debug] Nexus.Identity.Projectors.UserProjector received events: [%Commanded.EventStore.RecordedEvent{event_id: "8d3368f6-6c2f-4b18-abfe-fa91035ea53f", event_number: 9158, stream_id: "56ab3c15-cb3a-418a-a19b-529e65842189", stream_version: 2, causation_id: "1db67b36-dd6f-41f7-8620-8d3fa557a214", correlation_id: "daa1487f-e883-4391-99a3-5fbf7346e5f9", event_type: "Elixir.Nexus.Identity.Events.SessionStarted", data: %Nexus.Identity.Events.SessionStarted{org_id: "aff51084-38af-4df8-9680-cd1e83f024d7", user_id: "56ab3c15-cb3a-418a-a19b-529e65842189", session_id: "18896e39-de65-4436-b129-154cb4f1df56", session_token: "mock-token", user_agent: "Mozilla/5.0 (Macintosh; Intel Mac OS X 10_15_7)", ip_address: "127.0.0.1", started_at: "2026-03-17T23:05:04.382406Z"}, created_at: ~U[2026-03-17 23:05:04.384277Z], metadata: %{"causation_id" => "019cfe0b-ae7e-7085-ad85-f241edae55cf", "correlation_id" => "019cfe0b-ae7e-7085-ad85-f241edae55cf"}}]
23:05:04.390 [debug] Nexus.Identity.Projectors.UserRegistrationProjector received events: [%Commanded.EventStore.RecordedEvent{event_id: "8d3368f6-6c2f-4b18-abfe-fa91035ea53f", event_number: 9158, stream_id: "56ab3c15-cb3a-418a-a19b-529e65842189", stream_version: 2, causation_id: "1db67b36-dd6f-41f7-8620-8d3fa557a214", correlation_id: "daa1487f-e883-4391-99a3-5fbf7346e5f9", event_type: "Elixir.Nexus.Identity.Events.SessionStarted", data: %Nexus.Identity.Events.SessionStarted{org_id: "aff51084-38af-4df8-9680-cd1e83f024d7", user_id: "56ab3c15-cb3a-418a-a19b-529e65842189", session_id: "18896e39-de65-4436-b129-154cb4f1df56", session_token: "mock-token", user_agent: "Mozilla/5.0 (Macintosh; Intel Mac OS X 10_15_7)", ip_address: "127.0.0.1", started_at: "2026-03-17T23:05:04.382406Z"}, created_at: ~U[2026-03-17 23:05:04.384277Z], metadata: %{"causation_id" => "019cfe0b-ae7e-7085-ad85-f241edae55cf", "correlation_id" => "019cfe0b-ae7e-7085-ad85-f241edae55cf"}}]
23:05:04.390 [debug] Nexus.Identity.Projectors.UserRegistrationProjector confirming receipt of event #9158 of events: [%Commanded.EventStore.RecordedEvent{event_id: "8d3368f6-6c2f-4b18-abfe-fa91035ea53f", event_number: 9158, stream_id: "56ab3c15-cb3a-418a-a19b-529e65842189", stream_version: 2, causation_id: "1db67b36-dd6f-41f7-8620-8d3fa557a214", correlation_id: "daa1487f-e883-4391-99a3-5fbf7346e5f9", event_type: "Elixir.Nexus.Identity.Events.SessionStarted", data: %Nexus.Identity.Events.SessionStarted{org_id: "aff51084-38af-4df8-9680-cd1e83f024d7", user_id: "56ab3c15-cb3a-418a-a19b-529e65842189", session_id: "18896e39-de65-4436-b129-154cb4f1df56", session_token: "mock-token", user_agent: "Mozilla/5.0 (Macintosh; Intel Mac OS X 10_15_7)", ip_address: "127.0.0.1", started_at: "2026-03-17T23:05:04.382406Z"}, created_at: ~U[2026-03-17 23:05:04.384277Z], metadata: %{"causation_id" => "019cfe0b-ae7e-7085-ad85-f241edae55cf", "correlation_id" => "019cfe0b-ae7e-7085-ad85-f241edae55cf"}}]
23:05:04.391 [debug] QUERY OK db=0.4ms
begin []
23:05:04.392 [debug] QUERY OK source="projection_versions" db=0.6ms
INSERT INTO "projection_versions" AS p0 ("projection_name","last_seen_event_number","inserted_at","updated_at") VALUES ($1,$2,$3,$4) ON CONFLICT ("projection_name") DO UPDATE SET "last_seen_event_number" = $5 WHERE ((p0."projection_name" = $6) AND (p0."last_seen_event_number" < $7)) ["Identity.Projectors.UserProjector", 9158, ~N[2026-03-17 23:05:04.391610], ~N[2026-03-17 23:05:04.391610], 9158, "Identity.Projectors.UserProjector", 9158]
23:05:04.393 [debug] QUERY OK source="identity_user_sessions" db=0.7ms
INSERT INTO "identity_user_sessions" ("id","user_id","user_agent","org_id","session_token","ip_address","is_expired","last_active_at","created_at","updated_at") VALUES ($1,$2,$3,$4,$5,$6,$7,$8,$9,$10) ["18896e39-de65-4436-b129-154cb4f1df56", "56ab3c15-cb3a-418a-a19b-529e65842189", "Mozilla/5.0 (Macintosh; Intel Mac OS X 10_15_7)", "aff51084-38af-4df8-9680-cd1e83f024d7", "mock-token", "127.0.0.1", false, ~U[2026-03-17 23:05:04.382406Z], ~U[2026-03-17 23:05:04.392588Z], ~U[2026-03-17 23:05:04.392588Z]]
23:05:04.394 [debug] QUERY OK db=0.2ms
commit []
23:05:04.394 [debug] Nexus.Identity.Projectors.UserProjector confirming receipt of event #9158 of events: [%Commanded.EventStore.RecordedEvent{event_id: "8d3368f6-6c2f-4b18-abfe-fa91035ea53f", event_number: 9158, stream_id: "56ab3c15-cb3a-418a-a19b-529e65842189", stream_version: 2, causation_id: "1db67b36-dd6f-41f7-8620-8d3fa557a214", correlation_id: "daa1487f-e883-4391-99a3-5fbf7346e5f9", event_type: "Elixir.Nexus.Identity.Events.SessionStarted", data: %Nexus.Identity.Events.SessionStarted{org_id: "aff51084-38af-4df8-9680-cd1e83f024d7", user_id: "56ab3c15-cb3a-418a-a19b-529e65842189", session_id: "18896e39-de65-4436-b129-154cb4f1df56", session_token: "mock-token", user_agent: "Mozilla/5.0 (Macintosh; Intel Mac OS X 10_15_7)", ip_address: "127.0.0.1", started_at: "2026-03-17T23:05:04.382406Z"}, created_at: ~U[2026-03-17 23:05:04.384277Z], metadata: %{"causation_id" => "019cfe0b-ae7e-7085-ad85-f241edae55cf", "correlation_id" => "019cfe0b-ae7e-7085-ad85-f241edae55cf"}}]
23:05:04.489 [info] 		[36mGiven [32mI have an active secure session
23:05:04.490 [info] 		[36mGiven [32mI am on the "Security" tab
23:05:04.490 [debug] Locating aggregate process for `Nexus.Identity.Aggregates.User` with UUID "56ab3c15-cb3a-418a-a19b-529e65842189"
23:05:04.493 [debug] Nexus.Identity.Aggregates.User<56ab3c15-cb3a-418a-a19b-529e65842189@2> executing command: %Nexus.Identity.Commands.StartSession{org_id: "aff51084-38af-4df8-9680-cd1e83f024d7", user_id: "56ab3c15-cb3a-418a-a19b-529e65842189", session_id: "e3cb53af-97eb-4a75-973b-faaa71439f88", session_token: "mobile-token", user_agent: "iPhone / Mobile Safari", ip_address: "192.168.1.1", started_at: ~U[2026-03-17 23:05:04.490344Z]}
23:05:04.498 [debug] Appended 1 event(s) to stream "56ab3c15-cb3a-418a-a19b-529e65842189"
23:05:04.498 [debug] Listener received notification on channel "event_store.events" with payload: "56ab3c15-cb3a-418a-a19b-529e65842189,6584,3,3"
23:05:04.498 [debug] Listener received notification on channel "event_store.events" with payload: "$all,0,9159,9159"
23:05:04.499 [debug] Nexus.Identity.Aggregates.User<56ab3c15-cb3a-418a-a19b-529e65842189@3> received events: [%Commanded.EventStore.RecordedEvent{event_id: "ca3921c8-c27f-43aa-a8df-ab0bc5f16434", event_number: 3, stream_id: "56ab3c15-cb3a-418a-a19b-529e65842189", stream_version: 3, causation_id: "2f50f740-4d87-4605-8b6d-297e3affc19e", correlation_id: "3cf65698-4604-4328-b508-fa928ad77882", event_type: "Elixir.Nexus.Identity.Events.SessionStarted", data: %Nexus.Identity.Events.SessionStarted{org_id: "aff51084-38af-4df8-9680-cd1e83f024d7", user_id: "56ab3c15-cb3a-418a-a19b-529e65842189", session_id: "e3cb53af-97eb-4a75-973b-faaa71439f88", session_token: "mobile-token", user_agent: "iPhone / Mobile Safari", ip_address: "192.168.1.1", started_at: "2026-03-17T23:05:04.490344Z"}, created_at: ~U[2026-03-17 23:05:04.495260Z], metadata: %{"causation_id" => "019cfe0b-aeea-7313-91e8-409ef63f04b7", "correlation_id" => "019cfe0b-aeea-7313-91e8-409ef63f04b7"}}]
23:05:04.502 [debug] Subscription "Identity.Projectors.UserProjector"@"$all" received 1 event(s)
23:05:04.502 [debug] Subscription "Identity.Projectors.UserRegistrationProjector"@"$all" received 1 event(s)
23:05:04.503 [debug] Subscription "Identity.Projectors.UserRegistrationProjector"@"$all" is enqueueing 1 event(s)
23:05:04.503 [debug] Subscription "Identity.Projectors.UserProjector"@"$all" is enqueueing 1 event(s)
23:05:04.503 [debug] Nexus.Identity.Projectors.UserProjector received events: [%Commanded.EventStore.RecordedEvent{event_id: "ca3921c8-c27f-43aa-a8df-ab0bc5f16434", event_number: 9159, stream_id: "56ab3c15-cb3a-418a-a19b-529e65842189", stream_version: 3, causation_id: "2f50f740-4d87-4605-8b6d-297e3affc19e", correlation_id: "3cf65698-4604-4328-b508-fa928ad77882", event_type: "Elixir.Nexus.Identity.Events.SessionStarted", data: %Nexus.Identity.Events.SessionStarted{org_id: "aff51084-38af-4df8-9680-cd1e83f024d7", user_id: "56ab3c15-cb3a-418a-a19b-529e65842189", session_id: "e3cb53af-97eb-4a75-973b-faaa71439f88", session_token: "mobile-token", user_agent: "iPhone / Mobile Safari", ip_address: "192.168.1.1", started_at: "2026-03-17T23:05:04.490344Z"}, created_at: ~U[2026-03-17 23:05:04.495260Z], metadata: %{"causation_id" => "019cfe0b-aeea-7313-91e8-409ef63f04b7", "correlation_id" => "019cfe0b-aeea-7313-91e8-409ef63f04b7"}}]
23:05:04.503 [debug] Nexus.Identity.Projectors.UserRegistrationProjector received events: [%Commanded.EventStore.RecordedEvent{event_id: "ca3921c8-c27f-43aa-a8df-ab0bc5f16434", event_number: 9159, stream_id: "56ab3c15-cb3a-418a-a19b-529e65842189", stream_version: 3, causation_id: "2f50f740-4d87-4605-8b6d-297e3affc19e", correlation_id: "3cf65698-4604-4328-b508-fa928ad77882", event_type: "Elixir.Nexus.Identity.Events.SessionStarted", data: %Nexus.Identity.Events.SessionStarted{org_id: "aff51084-38af-4df8-9680-cd1e83f024d7", user_id: "56ab3c15-cb3a-418a-a19b-529e65842189", session_id: "e3cb53af-97eb-4a75-973b-faaa71439f88", session_token: "mobile-token", user_agent: "iPhone / Mobile Safari", ip_address: "192.168.1.1", started_at: "2026-03-17T23:05:04.490344Z"}, created_at: ~U[2026-03-17 23:05:04.495260Z], metadata: %{"causation_id" => "019cfe0b-aeea-7313-91e8-409ef63f04b7", "correlation_id" => "019cfe0b-aeea-7313-91e8-409ef63f04b7"}}]
23:05:04.503 [debug] Nexus.Identity.Projectors.UserRegistrationProjector confirming receipt of event #9159 of events: [%Commanded.EventStore.RecordedEvent{event_id: "ca3921c8-c27f-43aa-a8df-ab0bc5f16434", event_number: 9159, stream_id: "56ab3c15-cb3a-418a-a19b-529e65842189", stream_version: 3, causation_id: "2f50f740-4d87-4605-8b6d-297e3affc19e", correlation_id: "3cf65698-4604-4328-b508-fa928ad77882", event_type: "Elixir.Nexus.Identity.Events.SessionStarted", data: %Nexus.Identity.Events.SessionStarted{org_id: "aff51084-38af-4df8-9680-cd1e83f024d7", user_id: "56ab3c15-cb3a-418a-a19b-529e65842189", session_id: "e3cb53af-97eb-4a75-973b-faaa71439f88", session_token: "mobile-token", user_agent: "iPhone / Mobile Safari", ip_address: "192.168.1.1", started_at: "2026-03-17T23:05:04.490344Z"}, created_at: ~U[2026-03-17 23:05:04.495260Z], metadata: %{"causation_id" => "019cfe0b-aeea-7313-91e8-409ef63f04b7", "correlation_id" => "019cfe0b-aeea-7313-91e8-409ef63f04b7"}}]
23:05:04.504 [debug] QUERY OK db=0.5ms
begin []
23:05:04.504 [debug] QUERY OK source="projection_versions" db=0.4ms
INSERT INTO "projection_versions" AS p0 ("projection_name","last_seen_event_number","inserted_at","updated_at") VALUES ($1,$2,$3,$4) ON CONFLICT ("projection_name") DO UPDATE SET "last_seen_event_number" = $5 WHERE ((p0."projection_name" = $6) AND (p0."last_seen_event_number" < $7)) ["Identity.Projectors.UserProjector", 9159, ~N[2026-03-17 23:05:04.504335], ~N[2026-03-17 23:05:04.504335], 9159, "Identity.Projectors.UserProjector", 9159]
23:05:04.505 [debug] QUERY OK source="identity_user_sessions" db=0.5ms
INSERT INTO "identity_user_sessions" ("id","user_id","user_agent","org_id","session_token","ip_address","is_expired","last_active_at","created_at","updated_at") VALUES ($1,$2,$3,$4,$5,$6,$7,$8,$9,$10) ["e3cb53af-97eb-4a75-973b-faaa71439f88", "56ab3c15-cb3a-418a-a19b-529e65842189", "iPhone / Mobile Safari", "aff51084-38af-4df8-9680-cd1e83f024d7", "mobile-token", "192.168.1.1", false, ~U[2026-03-17 23:05:04.490344Z], ~U[2026-03-17 23:05:04.505010Z], ~U[2026-03-17 23:05:04.505010Z]]
23:05:04.506 [debug] QUERY OK db=0.5ms
commit []
23:05:04.506 [debug] Nexus.Identity.Projectors.UserProjector confirming receipt of event #9159 of events: [%Commanded.EventStore.RecordedEvent{event_id: "ca3921c8-c27f-43aa-a8df-ab0bc5f16434", event_number: 9159, stream_id: "56ab3c15-cb3a-418a-a19b-529e65842189", stream_version: 3, causation_id: "2f50f740-4d87-4605-8b6d-297e3affc19e", correlation_id: "3cf65698-4604-4328-b508-fa928ad77882", event_type: "Elixir.Nexus.Identity.Events.SessionStarted", data: %Nexus.Identity.Events.SessionStarted{org_id: "aff51084-38af-4df8-9680-cd1e83f024d7", user_id: "56ab3c15-cb3a-418a-a19b-529e65842189", session_id: "e3cb53af-97eb-4a75-973b-faaa71439f88", session_token: "mobile-token", user_agent: "iPhone / Mobile Safari", ip_address: "192.168.1.1", started_at: "2026-03-17T23:05:04.490344Z"}, created_at: ~U[2026-03-17 23:05:04.495260Z], metadata: %{"causation_id" => "019cfe0b-aeea-7313-91e8-409ef63f04b7", "correlation_id" => "019cfe0b-aeea-7313-91e8-409ef63f04b7"}}]
23:05:04.599 [info] 		[36mGiven [32mthere is an active session from a "Mobile" device
23:05:04.599 [debug] Locating aggregate process for `Nexus.Identity.Aggregates.User` with UUID "56ab3c15-cb3a-418a-a19b-529e65842189"
23:05:04.599 [debug] Nexus.Identity.Aggregates.User<56ab3c15-cb3a-418a-a19b-529e65842189@3> executing command: %Nexus.Identity.Commands.ExpireSession{org_id: "aff51084-38af-4df8-9680-cd1e83f024d7", user_id: "56ab3c15-cb3a-418a-a19b-529e65842189", session_id: "e3cb53af-97eb-4a75-973b-faaa71439f88", expired_at: ~U[2026-03-17 23:05:04.599325Z]}
23:05:04.606 [debug] Appended 1 event(s) to stream "56ab3c15-cb3a-418a-a19b-529e65842189"
23:05:04.606 [debug] Listener received notification on channel "event_store.events" with payload: "56ab3c15-cb3a-418a-a19b-529e65842189,6584,4,4"
23:05:04.606 [debug] Listener received notification on channel "event_store.events" with payload: "$all,0,9160,9160"
23:05:04.606 [info] 		[36mWhen [32mI click the "revoke" icon for the mobile session
23:05:04.607 [debug] Nexus.Identity.Aggregates.User<56ab3c15-cb3a-418a-a19b-529e65842189@4> received events: [%Commanded.EventStore.RecordedEvent{event_id: "3e399f57-6a46-467f-a00b-eb6b303d548c", event_number: 4, stream_id: "56ab3c15-cb3a-418a-a19b-529e65842189", stream_version: 4, causation_id: "fabee421-c01e-4589-a9d9-377e1acddec8", correlation_id: "06208a9b-b150-4ec0-b0a4-8ce486cbbfde", event_type: "Elixir.Nexus.Identity.Events.SessionExpired", data: %Nexus.Identity.Events.SessionExpired{org_id: "aff51084-38af-4df8-9680-cd1e83f024d7", user_id: "56ab3c15-cb3a-418a-a19b-529e65842189", session_id: "e3cb53af-97eb-4a75-973b-faaa71439f88", expired_at: "2026-03-17T23:05:04.599325Z"}, created_at: ~U[2026-03-17 23:05:04.603285Z], metadata: %{"causation_id" => "019cfe0b-af57-7ba4-9491-014334516d7e", "correlation_id" => "019cfe0b-af57-7ba4-9491-014334516d7e"}}]
23:05:04.609 [debug] Subscription "Identity.Projectors.UserProjector"@"$all" received 1 event(s)
23:05:04.609 [debug] Subscription "Identity.Projectors.UserRegistrationProjector"@"$all" received 1 event(s)
23:05:04.609 [debug] Subscription "Identity.Projectors.UserRegistrationProjector"@"$all" is enqueueing 1 event(s)
23:05:04.609 [debug] Subscription "Identity.Projectors.UserProjector"@"$all" is enqueueing 1 event(s)
23:05:04.609 [debug] Nexus.Identity.Projectors.UserRegistrationProjector received events: [%Commanded.EventStore.RecordedEvent{event_id: "3e399f57-6a46-467f-a00b-eb6b303d548c", event_number: 9160, stream_id: "56ab3c15-cb3a-418a-a19b-529e65842189", stream_version: 4, causation_id: "fabee421-c01e-4589-a9d9-377e1acddec8", correlation_id: "06208a9b-b150-4ec0-b0a4-8ce486cbbfde", event_type: "Elixir.Nexus.Identity.Events.SessionExpired", data: %Nexus.Identity.Events.SessionExpired{org_id: "aff51084-38af-4df8-9680-cd1e83f024d7", user_id: "56ab3c15-cb3a-418a-a19b-529e65842189", session_id: "e3cb53af-97eb-4a75-973b-faaa71439f88", expired_at: "2026-03-17T23:05:04.599325Z"}, created_at: ~U[2026-03-17 23:05:04.603285Z], metadata: %{"causation_id" => "019cfe0b-af57-7ba4-9491-014334516d7e", "correlation_id" => "019cfe0b-af57-7ba4-9491-014334516d7e"}}]
23:05:04.609 [debug] Nexus.Identity.Projectors.UserProjector received events: [%Commanded.EventStore.RecordedEvent{event_id: "3e399f57-6a46-467f-a00b-eb6b303d548c", event_number: 9160, stream_id: "56ab3c15-cb3a-418a-a19b-529e65842189", stream_version: 4, causation_id: "fabee421-c01e-4589-a9d9-377e1acddec8", correlation_id: "06208a9b-b150-4ec0-b0a4-8ce486cbbfde", event_type: "Elixir.Nexus.Identity.Events.SessionExpired", data: %Nexus.Identity.Events.SessionExpired{org_id: "aff51084-38af-4df8-9680-cd1e83f024d7", user_id: "56ab3c15-cb3a-418a-a19b-529e65842189", session_id: "e3cb53af-97eb-4a75-973b-faaa71439f88", expired_at: "2026-03-17T23:05:04.599325Z"}, created_at: ~U[2026-03-17 23:05:04.603285Z], metadata: %{"causation_id" => "019cfe0b-af57-7ba4-9491-014334516d7e", "correlation_id" => "019cfe0b-af57-7ba4-9491-014334516d7e"}}]
23:05:04.609 [debug] Nexus.Identity.Projectors.UserRegistrationProjector confirming receipt of event #9160 of events: [%Commanded.EventStore.RecordedEvent{event_id: "3e399f57-6a46-467f-a00b-eb6b303d548c", event_number: 9160, stream_id: "56ab3c15-cb3a-418a-a19b-529e65842189", stream_version: 4, causation_id: "fabee421-c01e-4589-a9d9-377e1acddec8", correlation_id: "06208a9b-b150-4ec0-b0a4-8ce486cbbfde", event_type: "Elixir.Nexus.Identity.Events.SessionExpired", data: %Nexus.Identity.Events.SessionExpired{org_id: "aff51084-38af-4df8-9680-cd1e83f024d7", user_id: "56ab3c15-cb3a-418a-a19b-529e65842189", session_id: "e3cb53af-97eb-4a75-973b-faaa71439f88", expired_at: "2026-03-17T23:05:04.599325Z"}, created_at: ~U[2026-03-17 23:05:04.603285Z], metadata: %{"causation_id" => "019cfe0b-af57-7ba4-9491-014334516d7e", "correlation_id" => "019cfe0b-af57-7ba4-9491-014334516d7e"}}]
23:05:04.609 [debug] QUERY OK db=0.3ms
begin []
23:05:04.610 [debug] QUERY OK source="projection_versions" db=0.4ms
INSERT INTO "projection_versions" AS p0 ("projection_name","last_seen_event_number","inserted_at","updated_at") VALUES ($1,$2,$3,$4) ON CONFLICT ("projection_name") DO UPDATE SET "last_seen_event_number" = $5 WHERE ((p0."projection_name" = $6) AND (p0."last_seen_event_number" < $7)) ["Identity.Projectors.UserProjector", 9160, ~N[2026-03-17 23:05:04.610024], ~N[2026-03-17 23:05:04.610024], 9160, "Identity.Projectors.UserProjector", 9160]
23:05:04.611 [debug] QUERY OK source="identity_user_sessions" db=0.6ms
UPDATE "identity_user_sessions" AS i0 SET "is_expired" = $1, "updated_at" = $2 WHERE (i0."id" = $3) [true, ~U[2026-03-17 23:05:04.599325Z], "e3cb53af-97eb-4a75-973b-faaa71439f88"]
23:05:04.611 [debug] QUERY OK db=0.2ms
commit []
23:05:04.612 [debug] Nexus.Identity.Projectors.UserProjector confirming receipt of event #9160 of events: [%Commanded.EventStore.RecordedEvent{event_id: "3e399f57-6a46-467f-a00b-eb6b303d548c", event_number: 9160, stream_id: "56ab3c15-cb3a-418a-a19b-529e65842189", stream_version: 4, causation_id: "fabee421-c01e-4589-a9d9-377e1acddec8", correlation_id: "06208a9b-b150-4ec0-b0a4-8ce486cbbfde", event_type: "Elixir.Nexus.Identity.Events.SessionExpired", data: %Nexus.Identity.Events.SessionExpired{org_id: "aff51084-38af-4df8-9680-cd1e83f024d7", user_id: "56ab3c15-cb3a-418a-a19b-529e65842189", session_id: "e3cb53af-97eb-4a75-973b-faaa71439f88", expired_at: "2026-03-17T23:05:04.599325Z"}, created_at: ~U[2026-03-17 23:05:04.603285Z], metadata: %{"causation_id" => "019cfe0b-af57-7ba4-9491-014334516d7e", "correlation_id" => "019cfe0b-af57-7ba4-9491-014334516d7e"}}]
23:05:05.110 [debug] QUERY OK source="identity_user_sessions" db=0.4ms queue=0.7ms
SELECT i0."id", i0."org_id", i0."user_id", i0."session_token", i0."user_agent", i0."ip_address", i0."last_active_at", i0."is_expired", i0."created_at", i0."updated_at" FROM "identity_user_sessions" AS i0 WHERE ((i0."user_id" = $1) AND (i0."is_expired" = FALSE)) ORDER BY i0."last_active_at" DESC ["56ab3c15-cb3a-418a-a19b-529e65842189"]
23:05:05.110 [info] 		[36mThen [32mthe session should be terminated
23:05:05.110 [info] 		[36mThen [32mI should see "Session revoked successfully"
23:05:05.110 [debug] Nexus.Identity.Projectors.UserProjector is shutting down due to :shutdown
23:05:05.110 [debug] Subscription "Identity.Projectors.UserProjector"@"$all" subscriber #PID<0.1236.0> down due to: :shutdown
23:05:05.110 [debug] Nexus.Identity.Projectors.UserRegistrationProjector is shutting down due to :shutdown
.23:05:05.110 [debug] Subscription "Identity.Projectors.UserProjector"@"$all" has no subscribers, shutting down
23:05:05.110 [debug] Subscription "Identity.Projectors.UserRegistrationProjector"@"$all" subscriber #PID<0.1234.0> down due to: :shutdown
23:05:05.110 [debug] Subscription "Identity.Projectors.UserRegistrationProjector"@"$all" has no subscribers, shutting down
23:05:05.110 [debug] Subscription "Identity.Projectors.UserRegistrationProjector"@"$all" attempting to connect subscriber #PID<0.1249.0>
23:05:05.110 [debug] Subscription "Identity.Projectors.UserProjector"@"$all" attempting to connect subscriber #PID<0.1251.0>
23:05:05.111 [debug] Subscription "Identity.Projectors.UserProjector"@"$all" catching-up
23:05:05.111 [debug] Nexus.Identity.Projectors.UserProjector has successfully subscribed to event store
23:05:05.112 [debug] Subscription "Identity.Projectors.UserRegistrationProjector"@"$all" catching-up
23:05:05.112 [debug] Nexus.Identity.Projectors.UserRegistrationProjector has successfully subscribed to event store
23:05:05.112 [debug] QUERY OK source="identity_user_sessions" db=1.2ms
DELETE FROM "identity_user_sessions" AS i0 []
23:05:05.113 [debug] QUERY OK source="identity_user_settings" db=0.7ms
DELETE FROM "identity_user_settings" AS i0 []
23:05:05.114 [debug] QUERY OK source="users" db=1.1ms
DELETE FROM "users" AS u0 []
23:05:05.115 [debug] QUERY OK source="projection_versions" db=0.9ms
DELETE FROM "projection_versions" AS p0 []
23:05:05.115 [debug] Locating aggregate process for `Nexus.Identity.Aggregates.User` with UUID "83b889da-a363-4e08-976a-d52acb25875a"
23:05:05.117 [debug] Nexus.Identity.Aggregates.User<83b889da-a363-4e08-976a-d52acb25875a@0> executing command: %Nexus.Identity.Commands.RegisterUser{user_id: "83b889da-a363-4e08-976a-d52acb25875a", org_id: "ca3c7849-60aa-4c1f-9c71-073a4baf0ccc", email: "bernard-b9b3016c-3861-4189-9d2f-18c7694da4a1@nexus.financial", cose_key: "bW9jaw==", credential_id: "bW9jaw==", role: "treasurer", display_name: "Bernard", registered_at: ~U[2026-03-17 23:05:05.115395Z]}
23:05:05.120 [debug] Appended 1 event(s) to stream "83b889da-a363-4e08-976a-d52acb25875a"
23:05:05.120 [debug] Listener received notification on channel "event_store.events" with payload: "83b889da-a363-4e08-976a-d52acb25875a,6585,1,1"
23:05:05.120 [debug] Listener received notification on channel "event_store.events" with payload: "$all,0,9161,9161"
23:05:05.121 [debug] Nexus.Identity.Aggregates.User<83b889da-a363-4e08-976a-d52acb25875a@1> received events: [%Commanded.EventStore.RecordedEvent{event_id: "7ad6f75d-e1b0-4401-a94a-689491432546", event_number: 1, stream_id: "83b889da-a363-4e08-976a-d52acb25875a", stream_version: 1, causation_id: "ae34620e-c0fe-4c17-8a13-eda6625b934e", correlation_id: "27662dc0-3268-4140-9112-0269e40f062b", event_type: "Elixir.Nexus.Identity.Events.UserRegistered", data: %Nexus.Identity.Events.UserRegistered{user_id: "83b889da-a363-4e08-976a-d52acb25875a", org_id: "ca3c7849-60aa-4c1f-9c71-073a4baf0ccc", email: "bernard-b9b3016c-3861-4189-9d2f-18c7694da4a1@nexus.financial", role: "treasurer", cose_key: "bW9jaw==", credential_id: "bW9jaw==", registered_at: "2026-03-17T23:05:05.115395Z", display_name: "Bernard", status: "active"}, created_at: ~U[2026-03-17 23:05:05.118303Z], metadata: %{"causation_id" => "019cfe0b-b15b-7afd-8066-3a1758917cf9", "correlation_id" => "019cfe0b-b15b-7afd-8066-3a1758917cf9"}}]
23:05:05.122 [debug] Subscription "Identity.Projectors.UserProjector"@"$all" received 1 event(s)
23:05:05.122 [debug] Subscription "Identity.Projectors.UserRegistrationProjector"@"$all" received 1 event(s)
23:05:05.122 [debug] Subscription "Identity.Projectors.UserRegistrationProjector"@"$all" is enqueueing 1 event(s)
23:05:05.122 [debug] Subscription "Identity.Projectors.UserProjector"@"$all" is enqueueing 1 event(s)
23:05:05.122 [debug] Nexus.Identity.Projectors.UserProjector received events: [%Commanded.EventStore.RecordedEvent{event_id: "7ad6f75d-e1b0-4401-a94a-689491432546", event_number: 9161, stream_id: "83b889da-a363-4e08-976a-d52acb25875a", stream_version: 1, causation_id: "ae34620e-c0fe-4c17-8a13-eda6625b934e", correlation_id: "27662dc0-3268-4140-9112-0269e40f062b", event_type: "Elixir.Nexus.Identity.Events.UserRegistered", data: %Nexus.Identity.Events.UserRegistered{user_id: "83b889da-a363-4e08-976a-d52acb25875a", org_id: "ca3c7849-60aa-4c1f-9c71-073a4baf0ccc", email: "bernard-b9b3016c-3861-4189-9d2f-18c7694da4a1@nexus.financial", role: "treasurer", cose_key: "bW9jaw==", credential_id: "bW9jaw==", registered_at: "2026-03-17T23:05:05.115395Z", display_name: "Bernard", status: "active"}, created_at: ~U[2026-03-17 23:05:05.118303Z], metadata: %{"causation_id" => "019cfe0b-b15b-7afd-8066-3a1758917cf9", "correlation_id" => "019cfe0b-b15b-7afd-8066-3a1758917cf9"}}]
23:05:05.122 [debug] Nexus.Identity.Projectors.UserRegistrationProjector received events: [%Commanded.EventStore.RecordedEvent{event_id: "7ad6f75d-e1b0-4401-a94a-689491432546", event_number: 9161, stream_id: "83b889da-a363-4e08-976a-d52acb25875a", stream_version: 1, causation_id: "ae34620e-c0fe-4c17-8a13-eda6625b934e", correlation_id: "27662dc0-3268-4140-9112-0269e40f062b", event_type: "Elixir.Nexus.Identity.Events.UserRegistered", data: %Nexus.Identity.Events.UserRegistered{user_id: "83b889da-a363-4e08-976a-d52acb25875a", org_id: "ca3c7849-60aa-4c1f-9c71-073a4baf0ccc", email: "bernard-b9b3016c-3861-4189-9d2f-18c7694da4a1@nexus.financial", role: "treasurer", cose_key: "bW9jaw==", credential_id: "bW9jaw==", registered_at: "2026-03-17T23:05:05.115395Z", display_name: "Bernard", status: "active"}, created_at: ~U[2026-03-17 23:05:05.118303Z], metadata: %{"causation_id" => "019cfe0b-b15b-7afd-8066-3a1758917cf9", "correlation_id" => "019cfe0b-b15b-7afd-8066-3a1758917cf9"}}]
23:05:05.122 [debug] Nexus.Identity.Projectors.UserProjector confirming receipt of event #9161 of events: [%Commanded.EventStore.RecordedEvent{event_id: "7ad6f75d-e1b0-4401-a94a-689491432546", event_number: 9161, stream_id: "83b889da-a363-4e08-976a-d52acb25875a", stream_version: 1, causation_id: "ae34620e-c0fe-4c17-8a13-eda6625b934e", correlation_id: "27662dc0-3268-4140-9112-0269e40f062b", event_type: "Elixir.Nexus.Identity.Events.UserRegistered", data: %Nexus.Identity.Events.UserRegistered{user_id: "83b889da-a363-4e08-976a-d52acb25875a", org_id: "ca3c7849-60aa-4c1f-9c71-073a4baf0ccc", email: "bernard-b9b3016c-3861-4189-9d2f-18c7694da4a1@nexus.financial", role: "treasurer", cose_key: "bW9jaw==", credential_id: "bW9jaw==", registered_at: "2026-03-17T23:05:05.115395Z", display_name: "Bernard", status: "active"}, created_at: ~U[2026-03-17 23:05:05.118303Z], metadata: %{"causation_id" => "019cfe0b-b15b-7afd-8066-3a1758917cf9", "correlation_id" => "019cfe0b-b15b-7afd-8066-3a1758917cf9"}}]
23:05:05.123 [debug] QUERY OK db=0.1ms
begin []
23:05:05.123 [debug] QUERY OK source="projection_versions" db=0.5ms
INSERT INTO "projection_versions" AS p0 ("projection_name","last_seen_event_number","inserted_at","updated_at") VALUES ($1,$2,$3,$4) ON CONFLICT ("projection_name") DO UPDATE SET "last_seen_event_number" = $5 WHERE ((p0."projection_name" = $6) AND (p0."last_seen_event_number" < $7)) ["Identity.Projectors.UserRegistrationProjector", 9161, ~N[2026-03-17 23:05:05.123166], ~N[2026-03-17 23:05:05.123166], 9161, "Identity.Projectors.UserRegistrationProjector", 9161]
23:05:05.124 [debug] QUERY OK source="users" db=0.7ms
SELECT u0."id", u0."org_id", u0."email", u0."display_name", u0."role", u0."status", u0."cose_key", u0."credential_id", u0."created_at", u0."updated_at" FROM "users" AS u0 WHERE (u0."id" = $1) ["83b889da-a363-4e08-976a-d52acb25875a"]
23:05:05.125 [debug] QUERY OK source="users" db=0.6ms
SELECT u0."id", u0."org_id", u0."email", u0."display_name", u0."role", u0."status", u0."cose_key", u0."credential_id", u0."created_at", u0."updated_at" FROM "users" AS u0 WHERE (u0."email" = $1) ["bernard-b9b3016c-3861-4189-9d2f-18c7694da4a1@nexus.financial"]
23:05:05.125 [debug] QUERY OK source="users" db=0.4ms
INSERT INTO "users" ("id","status","role","org_id","email","display_name","cose_key","credential_id","created_at","updated_at") VALUES ($1,$2,$3,$4,$5,$6,$7,$8,$9,$10) ["83b889da-a363-4e08-976a-d52acb25875a", "active", "treasurer", "ca3c7849-60aa-4c1f-9c71-073a4baf0ccc", "bernard-b9b3016c-3861-4189-9d2f-18c7694da4a1@nexus.financial", "Bernard", "mock", "mock", ~U[2026-03-17 23:05:05.125296Z], ~U[2026-03-17 23:05:05.125296Z]]
23:05:05.126 [debug] QUERY OK source="identity_user_settings" db=0.3ms
SELECT i0."user_id", i0."org_id", i0."locale", i0."timezone", i0."notifications_enabled", i0."created_at", i0."updated_at" FROM "identity_user_settings" AS i0 WHERE (i0."user_id" = $1) ["83b889da-a363-4e08-976a-d52acb25875a"]
23:05:05.126 [debug] QUERY OK source="identity_user_settings" db=0.2ms
INSERT INTO "identity_user_settings" ("user_id","locale","org_id","timezone","notifications_enabled","created_at","updated_at") VALUES ($1,$2,$3,$4,$5,$6,$7) ["83b889da-a363-4e08-976a-d52acb25875a", "en", "ca3c7849-60aa-4c1f-9c71-073a4baf0ccc", "UTC", true, ~U[2026-03-17 23:05:05.126432Z], ~U[2026-03-17 23:05:05.126432Z]]
23:05:05.127 [debug] QUERY OK db=0.1ms
commit []
23:05:05.127 [debug] Nexus.Identity.Projectors.UserRegistrationProjector confirming receipt of event #9161 of events: [%Commanded.EventStore.RecordedEvent{event_id: "7ad6f75d-e1b0-4401-a94a-689491432546", event_number: 9161, stream_id: "83b889da-a363-4e08-976a-d52acb25875a", stream_version: 1, causation_id: "ae34620e-c0fe-4c17-8a13-eda6625b934e", correlation_id: "27662dc0-3268-4140-9112-0269e40f062b", event_type: "Elixir.Nexus.Identity.Events.UserRegistered", data: %Nexus.Identity.Events.UserRegistered{user_id: "83b889da-a363-4e08-976a-d52acb25875a", org_id: "ca3c7849-60aa-4c1f-9c71-073a4baf0ccc", email: "bernard-b9b3016c-3861-4189-9d2f-18c7694da4a1@nexus.financial", role: "treasurer", cose_key: "bW9jaw==", credential_id: "bW9jaw==", registered_at: "2026-03-17T23:05:05.115395Z", display_name: "Bernard", status: "active"}, created_at: ~U[2026-03-17 23:05:05.118303Z], metadata: %{"causation_id" => "019cfe0b-b15b-7afd-8066-3a1758917cf9", "correlation_id" => "019cfe0b-b15b-7afd-8066-3a1758917cf9"}}]
23:05:05.321 [info] 		[36mGiven [32mI am a registered user "Bernard"
23:05:05.321 [debug] Locating aggregate process for `Nexus.Identity.Aggregates.User` with UUID "83b889da-a363-4e08-976a-d52acb25875a"
23:05:05.321 [debug] Nexus.Identity.Aggregates.User<83b889da-a363-4e08-976a-d52acb25875a@1> executing command: %Nexus.Identity.Commands.StartSession{org_id: "ca3c7849-60aa-4c1f-9c71-073a4baf0ccc", user_id: "83b889da-a363-4e08-976a-d52acb25875a", session_id: "e6ddb2b1-db3f-4bcf-b47a-9a1b34de938c", session_token: "mock-token", user_agent: "Mozilla/5.0 (Macintosh; Intel Mac OS X 10_15_7)", ip_address: "127.0.0.1", started_at: ~U[2026-03-17 23:05:05.321151Z]}
23:05:05.325 [debug] Listener received notification on channel "event_store.events" with payload: "83b889da-a363-4e08-976a-d52acb25875a,6585,2,2"
23:05:05.325 [debug] Appended 1 event(s) to stream "83b889da-a363-4e08-976a-d52acb25875a"
23:05:05.325 [debug] Listener received notification on channel "event_store.events" with payload: "$all,0,9162,9162"
23:05:05.327 [debug] Nexus.Identity.Aggregates.User<83b889da-a363-4e08-976a-d52acb25875a@2> received events: [%Commanded.EventStore.RecordedEvent{event_id: "cb293dd6-0a08-4a25-bf9c-2155121df197", event_number: 2, stream_id: "83b889da-a363-4e08-976a-d52acb25875a", stream_version: 2, causation_id: "87e669d2-6a98-4a1d-9253-5ec9ccb74491", correlation_id: "b6421b70-05b1-47f0-bd82-00941782ab15", event_type: "Elixir.Nexus.Identity.Events.SessionStarted", data: %Nexus.Identity.Events.SessionStarted{org_id: "ca3c7849-60aa-4c1f-9c71-073a4baf0ccc", user_id: "83b889da-a363-4e08-976a-d52acb25875a", session_id: "e6ddb2b1-db3f-4bcf-b47a-9a1b34de938c", session_token: "mock-token", user_agent: "Mozilla/5.0 (Macintosh; Intel Mac OS X 10_15_7)", ip_address: "127.0.0.1", started_at: "2026-03-17T23:05:05.321151Z"}, created_at: ~U[2026-03-17 23:05:05.322426Z], metadata: %{"causation_id" => "019cfe0b-b229-750f-a02c-d851218ab9ca", "correlation_id" => "019cfe0b-b229-750f-a02c-d851218ab9ca"}}]
23:05:05.328 [debug] Subscription "Identity.Projectors.UserRegistrationProjector"@"$all" received 1 event(s)
23:05:05.328 [debug] Subscription "Identity.Projectors.UserProjector"@"$all" received 1 event(s)
23:05:05.328 [debug] Subscription "Identity.Projectors.UserProjector"@"$all" is enqueueing 1 event(s)
23:05:05.328 [debug] Subscription "Identity.Projectors.UserRegistrationProjector"@"$all" is enqueueing 1 event(s)
23:05:05.328 [debug] Nexus.Identity.Projectors.UserProjector received events: [%Commanded.EventStore.RecordedEvent{event_id: "cb293dd6-0a08-4a25-bf9c-2155121df197", event_number: 9162, stream_id: "83b889da-a363-4e08-976a-d52acb25875a", stream_version: 2, causation_id: "87e669d2-6a98-4a1d-9253-5ec9ccb74491", correlation_id: "b6421b70-05b1-47f0-bd82-00941782ab15", event_type: "Elixir.Nexus.Identity.Events.SessionStarted", data: %Nexus.Identity.Events.SessionStarted{org_id: "ca3c7849-60aa-4c1f-9c71-073a4baf0ccc", user_id: "83b889da-a363-4e08-976a-d52acb25875a", session_id: "e6ddb2b1-db3f-4bcf-b47a-9a1b34de938c", session_token: "mock-token", user_agent: "Mozilla/5.0 (Macintosh; Intel Mac OS X 10_15_7)", ip_address: "127.0.0.1", started_at: "2026-03-17T23:05:05.321151Z"}, created_at: ~U[2026-03-17 23:05:05.322426Z], metadata: %{"causation_id" => "019cfe0b-b229-750f-a02c-d851218ab9ca", "correlation_id" => "019cfe0b-b229-750f-a02c-d851218ab9ca"}}]
23:05:05.328 [debug] Nexus.Identity.Projectors.UserRegistrationProjector received events: [%Commanded.EventStore.RecordedEvent{event_id: "cb293dd6-0a08-4a25-bf9c-2155121df197", event_number: 9162, stream_id: "83b889da-a363-4e08-976a-d52acb25875a", stream_version: 2, causation_id: "87e669d2-6a98-4a1d-9253-5ec9ccb74491", correlation_id: "b6421b70-05b1-47f0-bd82-00941782ab15", event_type: "Elixir.Nexus.Identity.Events.SessionStarted", data: %Nexus.Identity.Events.SessionStarted{org_id: "ca3c7849-60aa-4c1f-9c71-073a4baf0ccc", user_id: "83b889da-a363-4e08-976a-d52acb25875a", session_id: "e6ddb2b1-db3f-4bcf-b47a-9a1b34de938c", session_token: "mock-token", user_agent: "Mozilla/5.0 (Macintosh; Intel Mac OS X 10_15_7)", ip_address: "127.0.0.1", started_at: "2026-03-17T23:05:05.321151Z"}, created_at: ~U[2026-03-17 23:05:05.322426Z], metadata: %{"causation_id" => "019cfe0b-b229-750f-a02c-d851218ab9ca", "correlation_id" => "019cfe0b-b229-750f-a02c-d851218ab9ca"}}]
23:05:05.328 [debug] Nexus.Identity.Projectors.UserRegistrationProjector confirming receipt of event #9162 of events: [%Commanded.EventStore.RecordedEvent{event_id: "cb293dd6-0a08-4a25-bf9c-2155121df197", event_number: 9162, stream_id: "83b889da-a363-4e08-976a-d52acb25875a", stream_version: 2, causation_id: "87e669d2-6a98-4a1d-9253-5ec9ccb74491", correlation_id: "b6421b70-05b1-47f0-bd82-00941782ab15", event_type: "Elixir.Nexus.Identity.Events.SessionStarted", data: %Nexus.Identity.Events.SessionStarted{org_id: "ca3c7849-60aa-4c1f-9c71-073a4baf0ccc", user_id: "83b889da-a363-4e08-976a-d52acb25875a", session_id: "e6ddb2b1-db3f-4bcf-b47a-9a1b34de938c", session_token: "mock-token", user_agent: "Mozilla/5.0 (Macintosh; Intel Mac OS X 10_15_7)", ip_address: "127.0.0.1", started_at: "2026-03-17T23:05:05.321151Z"}, created_at: ~U[2026-03-17 23:05:05.322426Z], metadata: %{"causation_id" => "019cfe0b-b229-750f-a02c-d851218ab9ca", "correlation_id" => "019cfe0b-b229-750f-a02c-d851218ab9ca"}}]
23:05:05.329 [debug] QUERY OK db=0.3ms
begin []
23:05:05.330 [debug] QUERY OK source="projection_versions" db=0.4ms
INSERT INTO "projection_versions" AS p0 ("projection_name","last_seen_event_number","inserted_at","updated_at") VALUES ($1,$2,$3,$4) ON CONFLICT ("projection_name") DO UPDATE SET "last_seen_event_number" = $5 WHERE ((p0."projection_name" = $6) AND (p0."last_seen_event_number" < $7)) ["Identity.Projectors.UserProjector", 9162, ~N[2026-03-17 23:05:05.329456], ~N[2026-03-17 23:05:05.329456], 9162, "Identity.Projectors.UserProjector", 9162]
23:05:05.330 [debug] QUERY OK source="identity_user_sessions" db=0.3ms
INSERT INTO "identity_user_sessions" ("id","user_id","user_agent","org_id","session_token","ip_address","is_expired","last_active_at","created_at","updated_at") VALUES ($1,$2,$3,$4,$5,$6,$7,$8,$9,$10) ["e6ddb2b1-db3f-4bcf-b47a-9a1b34de938c", "83b889da-a363-4e08-976a-d52acb25875a", "Mozilla/5.0 (Macintosh; Intel Mac OS X 10_15_7)", "ca3c7849-60aa-4c1f-9c71-073a4baf0ccc", "mock-token", "127.0.0.1", false, ~U[2026-03-17 23:05:05.321151Z], ~U[2026-03-17 23:05:05.330040Z], ~U[2026-03-17 23:05:05.330040Z]]
23:05:05.330 [debug] QUERY OK db=0.1ms
commit []
23:05:05.330 [debug] Nexus.Identity.Projectors.UserProjector confirming receipt of event #9162 of events: [%Commanded.EventStore.RecordedEvent{event_id: "cb293dd6-0a08-4a25-bf9c-2155121df197", event_number: 9162, stream_id: "83b889da-a363-4e08-976a-d52acb25875a", stream_version: 2, causation_id: "87e669d2-6a98-4a1d-9253-5ec9ccb74491", correlation_id: "b6421b70-05b1-47f0-bd82-00941782ab15", event_type: "Elixir.Nexus.Identity.Events.SessionStarted", data: %Nexus.Identity.Events.SessionStarted{org_id: "ca3c7849-60aa-4c1f-9c71-073a4baf0ccc", user_id: "83b889da-a363-4e08-976a-d52acb25875a", session_id: "e6ddb2b1-db3f-4bcf-b47a-9a1b34de938c", session_token: "mock-token", user_agent: "Mozilla/5.0 (Macintosh; Intel Mac OS X 10_15_7)", ip_address: "127.0.0.1", started_at: "2026-03-17T23:05:05.321151Z"}, created_at: ~U[2026-03-17 23:05:05.322426Z], metadata: %{"causation_id" => "019cfe0b-b229-750f-a02c-d851218ab9ca", "correlation_id" => "019cfe0b-b229-750f-a02c-d851218ab9ca"}}]
23:05:05.426 [info] 		[36mGiven [32mI have an active secure session
23:05:05.426 [info] 		[36mWhen [32mI select "French" as my language
23:05:05.426 [info] 		[36mWhen [32mI select "Europe/Paris" as my timezone
23:05:05.426 [debug] Locating aggregate process for `Nexus.Identity.Aggregates.User` with UUID "83b889da-a363-4e08-976a-d52acb25875a"
23:05:05.426 [debug] Nexus.Identity.Aggregates.User<83b889da-a363-4e08-976a-d52acb25875a@2> executing command: %Nexus.Identity.Commands.UpdateSettings{org_id: "ca3c7849-60aa-4c1f-9c71-073a4baf0ccc", user_id: "83b889da-a363-4e08-976a-d52acb25875a", locale: "fr", timezone: "Europe/Paris", notifications_enabled: true, updated_at: ~U[2026-03-17 23:05:05.426165Z]}
23:05:05.430 [debug] Listener received notification on channel "event_store.events" with payload: "83b889da-a363-4e08-976a-d52acb25875a,6585,3,3"
23:05:05.430 [debug] Listener received notification on channel "event_store.events" with payload: "$all,0,9163,9163"
23:05:05.430 [debug] Appended 1 event(s) to stream "83b889da-a363-4e08-976a-d52acb25875a"
23:05:05.430 [info] 		[36mWhen [32mI click "Save Changes"
23:05:05.430 [info] 		[36mThen [32mI should see "Settings updated successfully"
23:05:05.431 [debug] Nexus.Identity.Aggregates.User<83b889da-a363-4e08-976a-d52acb25875a@3> received events: [%Commanded.EventStore.RecordedEvent{event_id: "688e6028-b3bc-472b-9db4-0515d01218d0", event_number: 3, stream_id: "83b889da-a363-4e08-976a-d52acb25875a", stream_version: 3, causation_id: "c4fc1982-9299-477d-9522-311e3b1ac6a4", correlation_id: "de0b4922-58a4-425e-ab68-85b793617f0a", event_type: "Elixir.Nexus.Identity.Events.SettingsUpdated", data: %Nexus.Identity.Events.SettingsUpdated{org_id: "ca3c7849-60aa-4c1f-9c71-073a4baf0ccc", user_id: "83b889da-a363-4e08-976a-d52acb25875a", locale: "fr", timezone: "Europe/Paris", notifications_enabled: true, updated_at: "2026-03-17T23:05:05.426165Z"}, created_at: ~U[2026-03-17 23:05:05.427081Z], metadata: %{"causation_id" => "019cfe0b-b292-706a-8ffd-67ce870db405", "correlation_id" => "019cfe0b-b292-706a-8ffd-67ce870db405"}}]
23:05:05.432 [debug] Subscription "Identity.Projectors.UserProjector"@"$all" received 1 event(s)
23:05:05.432 [debug] Subscription "Identity.Projectors.UserRegistrationProjector"@"$all" received 1 event(s)
23:05:05.432 [debug] Subscription "Identity.Projectors.UserRegistrationProjector"@"$all" is enqueueing 1 event(s)
23:05:05.432 [debug] Subscription "Identity.Projectors.UserProjector"@"$all" is enqueueing 1 event(s)
23:05:05.432 [debug] Nexus.Identity.Projectors.UserRegistrationProjector received events: [%Commanded.EventStore.RecordedEvent{event_id: "688e6028-b3bc-472b-9db4-0515d01218d0", event_number: 9163, stream_id: "83b889da-a363-4e08-976a-d52acb25875a", stream_version: 3, causation_id: "c4fc1982-9299-477d-9522-311e3b1ac6a4", correlation_id: "de0b4922-58a4-425e-ab68-85b793617f0a", event_type: "Elixir.Nexus.Identity.Events.SettingsUpdated", data: %Nexus.Identity.Events.SettingsUpdated{org_id: "ca3c7849-60aa-4c1f-9c71-073a4baf0ccc", user_id: "83b889da-a363-4e08-976a-d52acb25875a", locale: "fr", timezone: "Europe/Paris", notifications_enabled: true, updated_at: "2026-03-17T23:05:05.426165Z"}, created_at: ~U[2026-03-17 23:05:05.427081Z], metadata: %{"causation_id" => "019cfe0b-b292-706a-8ffd-67ce870db405", "correlation_id" => "019cfe0b-b292-706a-8ffd-67ce870db405"}}]
23:05:05.432 [debug] Nexus.Identity.Projectors.UserProjector received events: [%Commanded.EventStore.RecordedEvent{event_id: "688e6028-b3bc-472b-9db4-0515d01218d0", event_number: 9163, stream_id: "83b889da-a363-4e08-976a-d52acb25875a", stream_version: 3, causation_id: "c4fc1982-9299-477d-9522-311e3b1ac6a4", correlation_id: "de0b4922-58a4-425e-ab68-85b793617f0a", event_type: "Elixir.Nexus.Identity.Events.SettingsUpdated", data: %Nexus.Identity.Events.SettingsUpdated{org_id: "ca3c7849-60aa-4c1f-9c71-073a4baf0ccc", user_id: "83b889da-a363-4e08-976a-d52acb25875a", locale: "fr", timezone: "Europe/Paris", notifications_enabled: true, updated_at: "2026-03-17T23:05:05.426165Z"}, created_at: ~U[2026-03-17 23:05:05.427081Z], metadata: %{"causation_id" => "019cfe0b-b292-706a-8ffd-67ce870db405", "correlation_id" => "019cfe0b-b292-706a-8ffd-67ce870db405"}}]
23:05:05.432 [debug] Nexus.Identity.Projectors.UserRegistrationProjector confirming receipt of event #9163 of events: [%Commanded.EventStore.RecordedEvent{event_id: "688e6028-b3bc-472b-9db4-0515d01218d0", event_number: 9163, stream_id: "83b889da-a363-4e08-976a-d52acb25875a", stream_version: 3, causation_id: "c4fc1982-9299-477d-9522-311e3b1ac6a4", correlation_id: "de0b4922-58a4-425e-ab68-85b793617f0a", event_type: "Elixir.Nexus.Identity.Events.SettingsUpdated", data: %Nexus.Identity.Events.SettingsUpdated{org_id: "ca3c7849-60aa-4c1f-9c71-073a4baf0ccc", user_id: "83b889da-a363-4e08-976a-d52acb25875a", locale: "fr", timezone: "Europe/Paris", notifications_enabled: true, updated_at: "2026-03-17T23:05:05.426165Z"}, created_at: ~U[2026-03-17 23:05:05.427081Z], metadata: %{"causation_id" => "019cfe0b-b292-706a-8ffd-67ce870db405", "correlation_id" => "019cfe0b-b292-706a-8ffd-67ce870db405"}}]
23:05:05.432 [debug] QUERY OK db=0.1ms
begin []
23:05:05.432 [debug] QUERY OK source="projection_versions" db=0.2ms
INSERT INTO "projection_versions" AS p0 ("projection_name","last_seen_event_number","inserted_at","updated_at") VALUES ($1,$2,$3,$4) ON CONFLICT ("projection_name") DO UPDATE SET "last_seen_event_number" = $5 WHERE ((p0."projection_name" = $6) AND (p0."last_seen_event_number" < $7)) ["Identity.Projectors.UserProjector", 9163, ~N[2026-03-17 23:05:05.432565], ~N[2026-03-17 23:05:05.432565], 9163, "Identity.Projectors.UserProjector", 9163]
23:05:05.433 [debug] QUERY OK source="identity_user_settings" db=0.3ms
UPDATE "identity_user_settings" AS i0 SET "locale" = $1, "timezone" = $2, "notifications_enabled" = $3, "updated_at" = $4 WHERE (i0."user_id" = $5) ["fr", "Europe/Paris", true, ~U[2026-03-17 23:05:05.426165Z], "83b889da-a363-4e08-976a-d52acb25875a"]
23:05:05.433 [debug] QUERY OK db=0.1ms
commit []
23:05:05.433 [debug] Nexus.Identity.Projectors.UserProjector confirming receipt of event #9163 of events: [%Commanded.EventStore.RecordedEvent{event_id: "688e6028-b3bc-472b-9db4-0515d01218d0", event_number: 9163, stream_id: "83b889da-a363-4e08-976a-d52acb25875a", stream_version: 3, causation_id: "c4fc1982-9299-477d-9522-311e3b1ac6a4", correlation_id: "de0b4922-58a4-425e-ab68-85b793617f0a", event_type: "Elixir.Nexus.Identity.Events.SettingsUpdated", data: %Nexus.Identity.Events.SettingsUpdated{org_id: "ca3c7849-60aa-4c1f-9c71-073a4baf0ccc", user_id: "83b889da-a363-4e08-976a-d52acb25875a", locale: "fr", timezone: "Europe/Paris", notifications_enabled: true, updated_at: "2026-03-17T23:05:05.426165Z"}, created_at: ~U[2026-03-17 23:05:05.427081Z], metadata: %{"causation_id" => "019cfe0b-b292-706a-8ffd-67ce870db405", "correlation_id" => "019cfe0b-b292-706a-8ffd-67ce870db405"}}]
23:05:05.932 [debug] QUERY OK source="identity_user_settings" db=1.2ms
SELECT i0."user_id", i0."org_id", i0."locale", i0."timezone", i0."notifications_enabled", i0."created_at", i0."updated_at" FROM "identity_user_settings" AS i0 WHERE (i0."user_id" = $1) ["83b889da-a363-4e08-976a-d52acb25875a"]
23:05:05.932 [info] 		[36mThen [32mmy preferences should be persisted as "fr" and "Europe/Paris"
23:05:05.932 [debug] Nexus.Identity.Projectors.UserProjector is shutting down due to :shutdown
23:05:05.932 [debug] Subscription "Identity.Projectors.UserProjector"@"$all" subscriber #PID<0.1251.0> down due to: :shutdown
.23:05:05.932 [debug] Nexus.Identity.Projectors.UserRegistrationProjector is shutting down due to :shutdown
23:05:05.932 [debug] Subscription "Identity.Projectors.UserProjector"@"$all" has no subscribers, shutting down
23:05:05.932 [debug] Subscription "Identity.Projectors.UserRegistrationProjector"@"$all" subscriber #PID<0.1249.0> down due to: :shutdown
23:05:05.932 [debug] Subscription "Identity.Projectors.UserRegistrationProjector"@"$all" has no subscribers, shutting down
23:05:05.935 [debug] Subscription "Identity.Projectors.UserRegistrationProjector"@"$all" attempting to connect subscriber #PID<0.1263.0>
23:05:05.935 [debug] Subscription "Identity.Projectors.UserProjector"@"$all" attempting to connect subscriber #PID<0.1265.0>
23:05:05.935 [debug] QUERY OK source="identity_user_sessions" db=0.3ms
DELETE FROM "identity_user_sessions" AS i0 []
23:05:05.935 [debug] QUERY OK source="identity_user_settings" db=0.3ms
DELETE FROM "identity_user_settings" AS i0 []
23:05:05.936 [debug] Subscription "Identity.Projectors.UserRegistrationProjector"@"$all" catching-up
23:05:05.936 [debug] QUERY OK source="users" db=0.1ms
DELETE FROM "users" AS u0 []
23:05:05.936 [debug] Nexus.Identity.Projectors.UserRegistrationProjector has successfully subscribed to event store
23:05:05.936 [debug] Subscription "Identity.Projectors.UserProjector"@"$all" catching-up
23:05:05.936 [debug] Nexus.Identity.Projectors.UserProjector has successfully subscribed to event store
23:05:05.936 [debug] QUERY OK source="projection_versions" db=0.7ms
DELETE FROM "projection_versions" AS p0 []
23:05:05.937 [debug] Locating aggregate process for `Nexus.Identity.Aggregates.User` with UUID "3276f5dd-e6ae-4cb9-b1e8-a5a8046d36bb"
23:05:05.938 [debug] Nexus.Identity.Aggregates.User<3276f5dd-e6ae-4cb9-b1e8-a5a8046d36bb@0> executing command: %Nexus.Identity.Commands.RegisterUser{user_id: "3276f5dd-e6ae-4cb9-b1e8-a5a8046d36bb", org_id: "015ad9e9-2fe2-4ff3-958d-8259cf541c3a", email: "bernard-fd35d4bb-a0cb-4561-8c0e-0058d93e506d@nexus.financial", cose_key: "bW9jaw==", credential_id: "bW9jaw==", role: "treasurer", display_name: "Bernard", registered_at: ~U[2026-03-17 23:05:05.937057Z]}
23:05:05.940 [debug] Appended 1 event(s) to stream "3276f5dd-e6ae-4cb9-b1e8-a5a8046d36bb"
23:05:05.941 [debug] Listener received notification on channel "event_store.events" with payload: "3276f5dd-e6ae-4cb9-b1e8-a5a8046d36bb,6586,1,1"
23:05:05.941 [debug] Listener received notification on channel "event_store.events" with payload: "$all,0,9164,9164"
23:05:05.941 [debug] Nexus.Identity.Aggregates.User<3276f5dd-e6ae-4cb9-b1e8-a5a8046d36bb@1> received events: [%Commanded.EventStore.RecordedEvent{event_id: "dd797067-e8dc-472b-99e1-36e5546ce44d", event_number: 1, stream_id: "3276f5dd-e6ae-4cb9-b1e8-a5a8046d36bb", stream_version: 1, causation_id: "691a55e0-4fef-430d-861d-7e83874df8e9", correlation_id: "3007de3b-4c9a-457d-b0aa-1b1c13bef423", event_type: "Elixir.Nexus.Identity.Events.UserRegistered", data: %Nexus.Identity.Events.UserRegistered{user_id: "3276f5dd-e6ae-4cb9-b1e8-a5a8046d36bb", org_id: "015ad9e9-2fe2-4ff3-958d-8259cf541c3a", email: "bernard-fd35d4bb-a0cb-4561-8c0e-0058d93e506d@nexus.financial", role: "treasurer", cose_key: "bW9jaw==", credential_id: "bW9jaw==", registered_at: "2026-03-17T23:05:05.937057Z", display_name: "Bernard", status: "active"}, created_at: ~U[2026-03-17 23:05:05.938752Z], metadata: %{"causation_id" => "019cfe0b-b491-712b-9abf-d506e8f16a51", "correlation_id" => "019cfe0b-b491-712b-9abf-d506e8f16a51"}}]
23:05:05.942 [debug] Subscription "Identity.Projectors.UserRegistrationProjector"@"$all" received 1 event(s)
23:05:05.942 [debug] Subscription "Identity.Projectors.UserProjector"@"$all" received 1 event(s)
23:05:05.942 [debug] Subscription "Identity.Projectors.UserRegistrationProjector"@"$all" is enqueueing 1 event(s)
23:05:05.942 [debug] Subscription "Identity.Projectors.UserProjector"@"$all" is enqueueing 1 event(s)
23:05:05.942 [debug] Nexus.Identity.Projectors.UserRegistrationProjector received events: [%Commanded.EventStore.RecordedEvent{event_id: "dd797067-e8dc-472b-99e1-36e5546ce44d", event_number: 9164, stream_id: "3276f5dd-e6ae-4cb9-b1e8-a5a8046d36bb", stream_version: 1, causation_id: "691a55e0-4fef-430d-861d-7e83874df8e9", correlation_id: "3007de3b-4c9a-457d-b0aa-1b1c13bef423", event_type: "Elixir.Nexus.Identity.Events.UserRegistered", data: %Nexus.Identity.Events.UserRegistered{user_id: "3276f5dd-e6ae-4cb9-b1e8-a5a8046d36bb", org_id: "015ad9e9-2fe2-4ff3-958d-8259cf541c3a", email: "bernard-fd35d4bb-a0cb-4561-8c0e-0058d93e506d@nexus.financial", role: "treasurer", cose_key: "bW9jaw==", credential_id: "bW9jaw==", registered_at: "2026-03-17T23:05:05.937057Z", display_name: "Bernard", status: "active"}, created_at: ~U[2026-03-17 23:05:05.938752Z], metadata: %{"causation_id" => "019cfe0b-b491-712b-9abf-d506e8f16a51", "correlation_id" => "019cfe0b-b491-712b-9abf-d506e8f16a51"}}]
23:05:05.942 [debug] Nexus.Identity.Projectors.UserProjector received events: [%Commanded.EventStore.RecordedEvent{event_id: "dd797067-e8dc-472b-99e1-36e5546ce44d", event_number: 9164, stream_id: "3276f5dd-e6ae-4cb9-b1e8-a5a8046d36bb", stream_version: 1, causation_id: "691a55e0-4fef-430d-861d-7e83874df8e9", correlation_id: "3007de3b-4c9a-457d-b0aa-1b1c13bef423", event_type: "Elixir.Nexus.Identity.Events.UserRegistered", data: %Nexus.Identity.Events.UserRegistered{user_id: "3276f5dd-e6ae-4cb9-b1e8-a5a8046d36bb", org_id: "015ad9e9-2fe2-4ff3-958d-8259cf541c3a", email: "bernard-fd35d4bb-a0cb-4561-8c0e-0058d93e506d@nexus.financial", role: "treasurer", cose_key: "bW9jaw==", credential_id: "bW9jaw==", registered_at: "2026-03-17T23:05:05.937057Z", display_name: "Bernard", status: "active"}, created_at: ~U[2026-03-17 23:05:05.938752Z], metadata: %{"causation_id" => "019cfe0b-b491-712b-9abf-d506e8f16a51", "correlation_id" => "019cfe0b-b491-712b-9abf-d506e8f16a51"}}]
23:05:05.942 [debug] Nexus.Identity.Projectors.UserProjector confirming receipt of event #9164 of events: [%Commanded.EventStore.RecordedEvent{event_id: "dd797067-e8dc-472b-99e1-36e5546ce44d", event_number: 9164, stream_id: "3276f5dd-e6ae-4cb9-b1e8-a5a8046d36bb", stream_version: 1, causation_id: "691a55e0-4fef-430d-861d-7e83874df8e9", correlation_id: "3007de3b-4c9a-457d-b0aa-1b1c13bef423", event_type: "Elixir.Nexus.Identity.Events.UserRegistered", data: %Nexus.Identity.Events.UserRegistered{user_id: "3276f5dd-e6ae-4cb9-b1e8-a5a8046d36bb", org_id: "015ad9e9-2fe2-4ff3-958d-8259cf541c3a", email: "bernard-fd35d4bb-a0cb-4561-8c0e-0058d93e506d@nexus.financial", role: "treasurer", cose_key: "bW9jaw==", credential_id: "bW9jaw==", registered_at: "2026-03-17T23:05:05.937057Z", display_name: "Bernard", status: "active"}, created_at: ~U[2026-03-17 23:05:05.938752Z], metadata: %{"causation_id" => "019cfe0b-b491-712b-9abf-d506e8f16a51", "correlation_id" => "019cfe0b-b491-712b-9abf-d506e8f16a51"}}]
23:05:05.942 [debug] QUERY OK db=0.1ms
begin []
23:05:05.943 [debug] QUERY OK source="projection_versions" db=0.2ms
INSERT INTO "projection_versions" AS p0 ("projection_name","last_seen_event_number","inserted_at","updated_at") VALUES ($1,$2,$3,$4) ON CONFLICT ("projection_name") DO UPDATE SET "last_seen_event_number" = $5 WHERE ((p0."projection_name" = $6) AND (p0."last_seen_event_number" < $7)) ["Identity.Projectors.UserRegistrationProjector", 9164, ~N[2026-03-17 23:05:05.942969], ~N[2026-03-17 23:05:05.942969], 9164, "Identity.Projectors.UserRegistrationProjector", 9164]
23:05:05.943 [debug] QUERY OK source="users" db=0.1ms
SELECT u0."id", u0."org_id", u0."email", u0."display_name", u0."role", u0."status", u0."cose_key", u0."credential_id", u0."created_at", u0."updated_at" FROM "users" AS u0 WHERE (u0."id" = $1) ["3276f5dd-e6ae-4cb9-b1e8-a5a8046d36bb"]
23:05:05.943 [debug] QUERY OK source="users" db=0.1ms
SELECT u0."id", u0."org_id", u0."email", u0."display_name", u0."role", u0."status", u0."cose_key", u0."credential_id", u0."created_at", u0."updated_at" FROM "users" AS u0 WHERE (u0."email" = $1) ["bernard-fd35d4bb-a0cb-4561-8c0e-0058d93e506d@nexus.financial"]
23:05:05.944 [debug] QUERY OK source="users" db=0.1ms
INSERT INTO "users" ("id","status","role","org_id","email","display_name","cose_key","credential_id","created_at","updated_at") VALUES ($1,$2,$3,$4,$5,$6,$7,$8,$9,$10) ["3276f5dd-e6ae-4cb9-b1e8-a5a8046d36bb", "active", "treasurer", "015ad9e9-2fe2-4ff3-958d-8259cf541c3a", "bernard-fd35d4bb-a0cb-4561-8c0e-0058d93e506d@nexus.financial", "Bernard", "mock", "mock", ~U[2026-03-17 23:05:05.943914Z], ~U[2026-03-17 23:05:05.943914Z]]
23:05:05.944 [debug] QUERY OK source="identity_user_settings" db=0.1ms
SELECT i0."user_id", i0."org_id", i0."locale", i0."timezone", i0."notifications_enabled", i0."created_at", i0."updated_at" FROM "identity_user_settings" AS i0 WHERE (i0."user_id" = $1) ["3276f5dd-e6ae-4cb9-b1e8-a5a8046d36bb"]
23:05:05.944 [debug] QUERY OK source="identity_user_settings" db=0.1ms
INSERT INTO "identity_user_settings" ("user_id","locale","org_id","timezone","notifications_enabled","created_at","updated_at") VALUES ($1,$2,$3,$4,$5,$6,$7) ["3276f5dd-e6ae-4cb9-b1e8-a5a8046d36bb", "en", "015ad9e9-2fe2-4ff3-958d-8259cf541c3a", "UTC", true, ~U[2026-03-17 23:05:05.944448Z], ~U[2026-03-17 23:05:05.944448Z]]
23:05:05.944 [debug] QUERY OK db=0.1ms
commit []
23:05:05.944 [debug] Nexus.Identity.Projectors.UserRegistrationProjector confirming receipt of event #9164 of events: [%Commanded.EventStore.RecordedEvent{event_id: "dd797067-e8dc-472b-99e1-36e5546ce44d", event_number: 9164, stream_id: "3276f5dd-e6ae-4cb9-b1e8-a5a8046d36bb", stream_version: 1, causation_id: "691a55e0-4fef-430d-861d-7e83874df8e9", correlation_id: "3007de3b-4c9a-457d-b0aa-1b1c13bef423", event_type: "Elixir.Nexus.Identity.Events.UserRegistered", data: %Nexus.Identity.Events.UserRegistered{user_id: "3276f5dd-e6ae-4cb9-b1e8-a5a8046d36bb", org_id: "015ad9e9-2fe2-4ff3-958d-8259cf541c3a", email: "bernard-fd35d4bb-a0cb-4561-8c0e-0058d93e506d@nexus.financial", role: "treasurer", cose_key: "bW9jaw==", credential_id: "bW9jaw==", registered_at: "2026-03-17T23:05:05.937057Z", display_name: "Bernard", status: "active"}, created_at: ~U[2026-03-17 23:05:05.938752Z], metadata: %{"causation_id" => "019cfe0b-b491-712b-9abf-d506e8f16a51", "correlation_id" => "019cfe0b-b491-712b-9abf-d506e8f16a51"}}]
23:05:06.142 [info] 		[36mGiven [32mI am a registered user "Bernard"
23:05:06.142 [debug] Locating aggregate process for `Nexus.Identity.Aggregates.User` with UUID "3276f5dd-e6ae-4cb9-b1e8-a5a8046d36bb"
23:05:06.142 [debug] Nexus.Identity.Aggregates.User<3276f5dd-e6ae-4cb9-b1e8-a5a8046d36bb@1> executing command: %Nexus.Identity.Commands.StartSession{org_id: "015ad9e9-2fe2-4ff3-958d-8259cf541c3a", user_id: "3276f5dd-e6ae-4cb9-b1e8-a5a8046d36bb", session_id: "95feb6bd-8174-474d-8911-b2b5a8780a93", session_token: "mock-token", user_agent: "Mozilla/5.0 (Macintosh; Intel Mac OS X 10_15_7)", ip_address: "127.0.0.1", started_at: ~U[2026-03-17 23:05:06.142426Z]}
23:05:06.155 [debug] Appended 1 event(s) to stream "3276f5dd-e6ae-4cb9-b1e8-a5a8046d36bb"
23:05:06.158 [debug] Listener received notification on channel "event_store.events" with payload: "3276f5dd-e6ae-4cb9-b1e8-a5a8046d36bb,6586,2,2"
23:05:06.158 [debug] Listener received notification on channel "event_store.events" with payload: "$all,0,9165,9165"
23:05:06.162 [debug] Nexus.Identity.Aggregates.User<3276f5dd-e6ae-4cb9-b1e8-a5a8046d36bb@2> received events: [%Commanded.EventStore.RecordedEvent{event_id: "310dd991-4c00-42f6-bdbc-ff8fe04f209b", event_number: 2, stream_id: "3276f5dd-e6ae-4cb9-b1e8-a5a8046d36bb", stream_version: 2, causation_id: "06134fa0-c9d5-4105-959f-8411539b695e", correlation_id: "d8e9b635-5578-4123-b317-47b8d832dcf1", event_type: "Elixir.Nexus.Identity.Events.SessionStarted", data: %Nexus.Identity.Events.SessionStarted{org_id: "015ad9e9-2fe2-4ff3-958d-8259cf541c3a", user_id: "3276f5dd-e6ae-4cb9-b1e8-a5a8046d36bb", session_id: "95feb6bd-8174-474d-8911-b2b5a8780a93", session_token: "mock-token", user_agent: "Mozilla/5.0 (Macintosh; Intel Mac OS X 10_15_7)", ip_address: "127.0.0.1", started_at: "2026-03-17T23:05:06.142426Z"}, created_at: ~U[2026-03-17 23:05:06.144157Z], metadata: %{"causation_id" => "019cfe0b-b55e-7f73-846d-701e935e13ad", "correlation_id" => "019cfe0b-b55e-7f73-846d-701e935e13ad"}}]
23:05:06.167 [debug] Subscription "Identity.Projectors.UserProjector"@"$all" received 1 event(s)
23:05:06.167 [debug] Subscription "Identity.Projectors.UserRegistrationProjector"@"$all" received 1 event(s)
23:05:06.167 [debug] Subscription "Identity.Projectors.UserRegistrationProjector"@"$all" is enqueueing 1 event(s)
23:05:06.167 [debug] Subscription "Identity.Projectors.UserProjector"@"$all" is enqueueing 1 event(s)
23:05:06.167 [debug] Nexus.Identity.Projectors.UserRegistrationProjector received events: [%Commanded.EventStore.RecordedEvent{event_id: "310dd991-4c00-42f6-bdbc-ff8fe04f209b", event_number: 9165, stream_id: "3276f5dd-e6ae-4cb9-b1e8-a5a8046d36bb", stream_version: 2, causation_id: "06134fa0-c9d5-4105-959f-8411539b695e", correlation_id: "d8e9b635-5578-4123-b317-47b8d832dcf1", event_type: "Elixir.Nexus.Identity.Events.SessionStarted", data: %Nexus.Identity.Events.SessionStarted{org_id: "015ad9e9-2fe2-4ff3-958d-8259cf541c3a", user_id: "3276f5dd-e6ae-4cb9-b1e8-a5a8046d36bb", session_id: "95feb6bd-8174-474d-8911-b2b5a8780a93", session_token: "mock-token", user_agent: "Mozilla/5.0 (Macintosh; Intel Mac OS X 10_15_7)", ip_address: "127.0.0.1", started_at: "2026-03-17T23:05:06.142426Z"}, created_at: ~U[2026-03-17 23:05:06.144157Z], metadata: %{"causation_id" => "019cfe0b-b55e-7f73-846d-701e935e13ad", "correlation_id" => "019cfe0b-b55e-7f73-846d-701e935e13ad"}}]
23:05:06.167 [debug] Nexus.Identity.Projectors.UserProjector received events: [%Commanded.EventStore.RecordedEvent{event_id: "310dd991-4c00-42f6-bdbc-ff8fe04f209b", event_number: 9165, stream_id: "3276f5dd-e6ae-4cb9-b1e8-a5a8046d36bb", stream_version: 2, causation_id: "06134fa0-c9d5-4105-959f-8411539b695e", correlation_id: "d8e9b635-5578-4123-b317-47b8d832dcf1", event_type: "Elixir.Nexus.Identity.Events.SessionStarted", data: %Nexus.Identity.Events.SessionStarted{org_id: "015ad9e9-2fe2-4ff3-958d-8259cf541c3a", user_id: "3276f5dd-e6ae-4cb9-b1e8-a5a8046d36bb", session_id: "95feb6bd-8174-474d-8911-b2b5a8780a93", session_token: "mock-token", user_agent: "Mozilla/5.0 (Macintosh; Intel Mac OS X 10_15_7)", ip_address: "127.0.0.1", started_at: "2026-03-17T23:05:06.142426Z"}, created_at: ~U[2026-03-17 23:05:06.144157Z], metadata: %{"causation_id" => "019cfe0b-b55e-7f73-846d-701e935e13ad", "correlation_id" => "019cfe0b-b55e-7f73-846d-701e935e13ad"}}]
23:05:06.167 [debug] Nexus.Identity.Projectors.UserRegistrationProjector confirming receipt of event #9165 of events: [%Commanded.EventStore.RecordedEvent{event_id: "310dd991-4c00-42f6-bdbc-ff8fe04f209b", event_number: 9165, stream_id: "3276f5dd-e6ae-4cb9-b1e8-a5a8046d36bb", stream_version: 2, causation_id: "06134fa0-c9d5-4105-959f-8411539b695e", correlation_id: "d8e9b635-5578-4123-b317-47b8d832dcf1", event_type: "Elixir.Nexus.Identity.Events.SessionStarted", data: %Nexus.Identity.Events.SessionStarted{org_id: "015ad9e9-2fe2-4ff3-958d-8259cf541c3a", user_id: "3276f5dd-e6ae-4cb9-b1e8-a5a8046d36bb", session_id: "95feb6bd-8174-474d-8911-b2b5a8780a93", session_token: "mock-token", user_agent: "Mozilla/5.0 (Macintosh; Intel Mac OS X 10_15_7)", ip_address: "127.0.0.1", started_at: "2026-03-17T23:05:06.142426Z"}, created_at: ~U[2026-03-17 23:05:06.144157Z], metadata: %{"causation_id" => "019cfe0b-b55e-7f73-846d-701e935e13ad", "correlation_id" => "019cfe0b-b55e-7f73-846d-701e935e13ad"}}]
23:05:06.167 [debug] QUERY OK db=0.1ms
begin []
23:05:06.168 [debug] QUERY OK source="projection_versions" db=0.2ms
INSERT INTO "projection_versions" AS p0 ("projection_name","last_seen_event_number","inserted_at","updated_at") VALUES ($1,$2,$3,$4) ON CONFLICT ("projection_name") DO UPDATE SET "last_seen_event_number" = $5 WHERE ((p0."projection_name" = $6) AND (p0."last_seen_event_number" < $7)) ["Identity.Projectors.UserProjector", 9165, ~N[2026-03-17 23:05:06.167681], ~N[2026-03-17 23:05:06.167681], 9165, "Identity.Projectors.UserProjector", 9165]
23:05:06.168 [debug] QUERY OK source="identity_user_sessions" db=0.2ms
INSERT INTO "identity_user_sessions" ("id","user_id","user_agent","org_id","session_token","ip_address","is_expired","last_active_at","created_at","updated_at") VALUES ($1,$2,$3,$4,$5,$6,$7,$8,$9,$10) ["95feb6bd-8174-474d-8911-b2b5a8780a93", "3276f5dd-e6ae-4cb9-b1e8-a5a8046d36bb", "Mozilla/5.0 (Macintosh; Intel Mac OS X 10_15_7)", "015ad9e9-2fe2-4ff3-958d-8259cf541c3a", "mock-token", "127.0.0.1", false, ~U[2026-03-17 23:05:06.142426Z], ~U[2026-03-17 23:05:06.168116Z], ~U[2026-03-17 23:05:06.168116Z]]
23:05:06.168 [debug] QUERY OK db=0.1ms
commit []
23:05:06.168 [debug] Nexus.Identity.Projectors.UserProjector confirming receipt of event #9165 of events: [%Commanded.EventStore.RecordedEvent{event_id: "310dd991-4c00-42f6-bdbc-ff8fe04f209b", event_number: 9165, stream_id: "3276f5dd-e6ae-4cb9-b1e8-a5a8046d36bb", stream_version: 2, causation_id: "06134fa0-c9d5-4105-959f-8411539b695e", correlation_id: "d8e9b635-5578-4123-b317-47b8d832dcf1", event_type: "Elixir.Nexus.Identity.Events.SessionStarted", data: %Nexus.Identity.Events.SessionStarted{org_id: "015ad9e9-2fe2-4ff3-958d-8259cf541c3a", user_id: "3276f5dd-e6ae-4cb9-b1e8-a5a8046d36bb", session_id: "95feb6bd-8174-474d-8911-b2b5a8780a93", session_token: "mock-token", user_agent: "Mozilla/5.0 (Macintosh; Intel Mac OS X 10_15_7)", ip_address: "127.0.0.1", started_at: "2026-03-17T23:05:06.142426Z"}, created_at: ~U[2026-03-17 23:05:06.144157Z], metadata: %{"causation_id" => "019cfe0b-b55e-7f73-846d-701e935e13ad", "correlation_id" => "019cfe0b-b55e-7f73-846d-701e935e13ad"}}]
23:05:06.256 [info] 		[36mGiven [32mI have an active secure session
23:05:06.256 [info] 		[36mGiven [32mI am on the "Security" tab
23:05:06.459 [debug] QUERY OK source="identity_user_sessions" db=1.6ms queue=0.1ms
SELECT i0."id", i0."org_id", i0."user_id", i0."session_token", i0."user_agent", i0."ip_address", i0."last_active_at", i0."is_expired", i0."created_at", i0."updated_at" FROM "identity_user_sessions" AS i0 WHERE ((i0."user_id" = $1) AND (i0."is_expired" = FALSE)) ORDER BY i0."last_active_at" DESC ["3276f5dd-e6ae-4cb9-b1e8-a5a8046d36bb"]
23:05:06.459 [info] 		[36mThen [32mI should see "Active Now" next to my current session
23:05:06.459 [info] 		[36mThen [32mI should see the device type and last active timestamp
23:05:06.459 [info] 		[36mThen [32mI should see an "AES-256 · PASSKEY SECURED" indicator
.23:05:06.459 [debug] Nexus.Identity.Projectors.UserProjector is shutting down due to :shutdown
23:05:06.459 [debug] Nexus.Identity.Projectors.UserRegistrationProjector is shutting down due to :shutdown
23:05:06.459 [debug] Subscription "Identity.Projectors.UserProjector"@"$all" subscriber #PID<0.1265.0> down due to: :shutdown
23:05:06.459 [debug] Subscription "Identity.Projectors.UserProjector"@"$all" has no subscribers, shutting down
23:05:06.459 [debug] Subscription "Identity.Projectors.UserRegistrationProjector"@"$all" subscriber #PID<0.1263.0> down due to: :shutdown
23:05:06.459 [debug] Subscription "Identity.Projectors.UserRegistrationProjector"@"$all" has no subscribers, shutting down
23:05:06.460 request_id=GJ3Dbjsy8N5eX7cAAESh [info] GET /
23:05:06.461 request_id=GJ3Dbjsy8N5eX7cAAESh [debug] Processing with NexusWeb.Marketing.LandingLive.__live__/0
  Parameters: %{}
  Pipelines: [:browser]
23:05:06.470 request_id=GJ3Dbjsy8N5eX7cAAESh [info] Sent 200 in 9ms
.23:05:06.472 [debug] QUERY OK source="treasury_reconciliations" db=1.0ms queue=0.4ms
DELETE FROM "treasury_reconciliations" AS t0 []
23:05:06.473 [debug] QUERY OK source="erp_statement_lines" db=0.7ms
DELETE FROM "erp_statement_lines" AS e0 []
23:05:06.473 [debug] QUERY OK source="erp_invoices" db=0.5ms queue=0.1ms
DELETE FROM "erp_invoices" AS e0 []
23:05:06.474 [debug] QUERY OK db=0.2ms queue=0.1ms
DELETE FROM projection_versions []
23:05:06.474 [debug] Locating aggregate process for `Nexus.ERP.Aggregates.Invoice` with UUID "019cfe0b-b6aa-78c2-b6dc-d268d7b891b9"
23:05:06.474 [debug] Nexus.ERP.Aggregates.Invoice<019cfe0b-b6aa-78c2-b6dc-d268d7b891b9@0> executing command: %Nexus.ERP.Commands.IngestInvoice{org_id: "019cfe0b-b6a6-76e1-9a49-0995ee7211f7", invoice_id: "019cfe0b-b6aa-78c2-b6dc-d268d7b891b9", entity_id: "ENT-101", currency: "EUR", amount: "1500.00", due_date: ~D[2026-04-16], subsidiary: "Munich HQ", line_items: [%{description: "Service", amount: "1500.00"}], sap_document_number: "SAP-101", sap_status: "Verified", ingested_at: ~U[2026-03-17 23:05:06.474395Z]}
23:05:06.478 [debug] Appended 1 event(s) to stream "019cfe0b-b6aa-78c2-b6dc-d268d7b891b9"
23:05:06.478 [debug] Listener received notification on channel "event_store.events" with payload: "019cfe0b-b6aa-78c2-b6dc-d268d7b891b9,6587,1,1"
23:05:06.478 [debug] Listener received notification on channel "event_store.events" with payload: "$all,0,9166,9166"
23:05:06.479 [debug] Nexus.ERP.Aggregates.Invoice<019cfe0b-b6aa-78c2-b6dc-d268d7b891b9@1> received events: [%Commanded.EventStore.RecordedEvent{event_id: "40ded09c-c5da-4299-9c93-379b9865ec20", event_number: 1, stream_id: "019cfe0b-b6aa-78c2-b6dc-d268d7b891b9", stream_version: 1, causation_id: "a02308a4-9337-4bd7-810a-a51586016614", correlation_id: "722e6be4-0663-46b4-83df-a2e5463b8359", event_type: "Elixir.Nexus.ERP.Events.InvoiceIngested", data: %Nexus.ERP.Events.InvoiceIngested{org_id: "019cfe0b-b6a6-76e1-9a49-0995ee7211f7", invoice_id: "019cfe0b-b6aa-78c2-b6dc-d268d7b891b9", entity_id: "ENT-101", currency: "EUR", amount: "1500.00", due_date: "2026-04-16", subsidiary: "Munich HQ", line_items: [%{description: "Service", amount: "1500.00"}], sap_document_number: "SAP-101", sap_status: "Verified", ingested_at: "2026-03-17T23:05:06.474395Z"}, created_at: ~U[2026-03-17 23:05:06.475500Z], metadata: %{"causation_id" => "019cfe0b-b6aa-7597-a502-75b1125cbbb1", "correlation_id" => "019cfe0b-b6aa-7597-a502-75b1125cbbb1"}}]
23:05:06.483 [debug] QUERY OK db=0.1ms
begin []
23:05:06.484 [debug] QUERY OK source="projection_versions" db=0.5ms
INSERT INTO "projection_versions" AS p0 ("projection_name","last_seen_event_number","inserted_at","updated_at") VALUES ($1,$2,$3,$4) ON CONFLICT ("projection_name") DO UPDATE SET "last_seen_event_number" = $5 WHERE ((p0."projection_name" = $6) AND (p0."last_seen_event_number" < $7)) ["ERP.InvoiceProjector", 1, ~N[2026-03-17 23:05:06.483985], ~N[2026-03-17 23:05:06.483985], 1, "ERP.InvoiceProjector", 1]
23:05:06.485 [debug] QUERY OK source="erp_invoices" db=0.4ms
INSERT INTO "erp_invoices" ("id","status","currency","amount","org_id","updated_at","created_at","entity_id","subsidiary","due_date","line_items","sap_document_number","sap_status") VALUES ($1,$2,$3,$4,$5,$6,$7,$8,$9,$10,$11,$12,$13) ON CONFLICT ("id") DO NOTHING ["019cfe0b-b6aa-78c2-b6dc-d268d7b891b9", "ingested", "EUR", Decimal.new("1500.00"), "019cfe0b-b6a6-76e1-9a49-0995ee7211f7", ~U[2026-03-17 23:05:06.474395Z], ~U[2026-03-17 23:05:06.474395Z], "ENT-101", "Munich HQ", ~U[2026-04-16 00:00:00.000000Z], [%{description: "Service", amount: "1500.00"}], "SAP-101", "Verified"]
23:05:06.485 [debug] QUERY OK db=0.2ms
commit []
23:05:06.487 [debug] Appended 1 event(s) to stream "AutomatedTest.PM-019cfe0b-b6a6-76e1-9a49-0995ee7211f7"
23:05:06.487 [debug] Locating aggregate process for `Nexus.ERP.Aggregates.Statement` with UUID "019cfe0b-b6b7-7956-897c-2b63b3c4bfa6"
23:05:06.487 [debug] Listener received notification on channel "event_store.events" with payload: "AutomatedTest.PM-019cfe0b-b6a6-76e1-9a49-0995ee7211f7,6588,1,1"
23:05:06.487 [debug] Listener received notification on channel "event_store.events" with payload: "$all,0,9167,9167"
23:05:06.488 [debug] Nexus.ERP.Aggregates.Statement<019cfe0b-b6b7-7956-897c-2b63b3c4bfa6@0> executing command: %Nexus.ERP.Commands.UploadStatement{statement_id: "019cfe0b-b6b7-7956-897c-2b63b3c4bfa6", org_id: "019cfe0b-b6a6-76e1-9a49-0995ee7211f7", filename: "statement.csv", format: "csv", raw_content: "date,ref,amount,currency,narrative\n2024-03-02,BANK-REF-101,-1500.00,EUR,Payment for SAP-101\n", uploaded_at: ~U[2026-03-17 23:05:06.487546Z]}
23:05:06.489 [debug] Appended 1 event(s) to stream "019cfe0b-b6b7-7956-897c-2b63b3c4bfa6"
23:05:06.489 [debug] Listener received notification on channel "event_store.events" with payload: "019cfe0b-b6b7-7956-897c-2b63b3c4bfa6,6589,1,1"
23:05:06.489 [debug] Listener received notification on channel "event_store.events" with payload: "$all,0,9168,9168"
23:05:06.490 [debug] Nexus.ERP.Aggregates.Statement<019cfe0b-b6b7-7956-897c-2b63b3c4bfa6@1> received events: [%Commanded.EventStore.RecordedEvent{event_id: "484b3b5a-bdaa-4943-9c03-7b42292c502b", event_number: 1, stream_id: "019cfe0b-b6b7-7956-897c-2b63b3c4bfa6", stream_version: 1, causation_id: "e11a0076-1ca4-4f3e-b4d8-a1aef3868637", correlation_id: "166a1d65-6ad8-4540-a999-b2e78b9fcd93", event_type: "Elixir.Nexus.ERP.Events.StatementUploaded", data: %Nexus.ERP.Events.StatementUploaded{statement_id: "019cfe0b-b6b7-7956-897c-2b63b3c4bfa6", org_id: "019cfe0b-b6a6-76e1-9a49-0995ee7211f7", filename: "statement.csv", format: "csv", lines: [%{id: "019cfe0b-b6b8-7efc-902e-48b82b775377", status: "unmatched", date: "2024-03-02", metadata: %{}, currency: "EUR", ref: "BANK-REF-101", amount: "-1500.00", narrative: "Payment for SAP-101"}], uploaded_at: "2026-03-17T23:05:06.487546Z", content_hash: "9617CE13881E73C0546F5116917830BE008F52E4218CB47C0069FE2D8077E700"}, created_at: ~U[2026-03-17 23:05:06.488391Z], metadata: %{"causation_id" => "019cfe0b-b6b7-7ab0-bf2b-4cfcca0f84f4", "correlation_id" => "019cfe0b-b6b7-7ab0-bf2b-4cfcca0f84f4"}}]
23:05:06.490 [debug] QUERY OK source="erp_statements" db=0.2ms
SELECT count(e0."id") FROM "erp_statements" AS e0 WHERE ((e0."org_id" = $1) AND (e0."filename" = $2)) ["019cfe0b-b6a6-76e1-9a49-0995ee7211f7", "statement.csv"]
23:05:06.491 [debug] QUERY OK db=0.1ms
begin []
23:05:06.491 [debug] QUERY OK source="projection_versions" db=0.3ms
INSERT INTO "projection_versions" AS p0 ("projection_name","last_seen_event_number","inserted_at","updated_at") VALUES ($1,$2,$3,$4) ON CONFLICT ("projection_name") DO UPDATE SET "last_seen_event_number" = $5 WHERE ((p0."projection_name" = $6) AND (p0."last_seen_event_number" < $7)) ["ERP.StatementProjector", 1, ~N[2026-03-17 23:05:06.491132], ~N[2026-03-17 23:05:06.491132], 1, "ERP.StatementProjector", 1]
23:05:06.491 [debug] QUERY OK source="erp_statements" db=0.3ms
INSERT INTO "erp_statements" ("id","status","filename","format","org_id","uploaded_at","matched_count","overlap_warning","line_count","content_hash","created_at","updated_at") VALUES ($1,$2,$3,$4,$5,$6,$7,$8,$9,$10,$11,$12) ON CONFLICT ("id") DO NOTHING ["019cfe0b-b6b7-7956-897c-2b63b3c4bfa6", "uploaded", "statement.csv", "csv", "019cfe0b-b6a6-76e1-9a49-0995ee7211f7", ~U[2026-03-17 23:05:06.487546Z], 0, false, 1, "9617CE13881E73C0546F5116917830BE008F52E4218CB47C0069FE2D8077E700", ~U[2026-03-17 23:05:06.491561Z], ~U[2026-03-17 23:05:06.491561Z]]
23:05:06.493 [debug] QUERY OK source="erp_statement_lines" db=1.2ms
INSERT INTO "erp_statement_lines" ("id","status","date","metadata","currency","ref","amount","org_id","statement_id","narrative","created_at","updated_at") VALUES ($1,$2,$3,$4,$5,$6,$7,$8,$9,$10,$11,$12) ON CONFLICT ("id") DO NOTHING ["019cfe0b-b6b8-7efc-902e-48b82b775377", "unmatched", "2024-03-02", %{}, "EUR", "BANK-REF-101", Decimal.new("-1500.00"), "019cfe0b-b6a6-76e1-9a49-0995ee7211f7", "019cfe0b-b6b7-7956-897c-2b63b3c4bfa6", "Payment for SAP-101", ~U[2026-03-17 23:05:06.491995Z], ~U[2026-03-17 23:05:06.491995Z]]
23:05:06.493 [debug] QUERY OK db=0.4ms
commit []
23:05:06.495 [debug] Locating aggregate process for `Nexus.Treasury.Aggregates.Reconciliation` with UUID "019cfe0b-b6bf-7c5c-9b60-135d57227e59"
23:05:06.496 [debug] Nexus.Treasury.Aggregates.Reconciliation<019cfe0b-b6bf-7c5c-9b60-135d57227e59@0> executing command: %Nexus.Treasury.Commands.ReconcileTransaction{org_id: "019cfe0b-b6a6-76e1-9a49-0995ee7211f7", reconciliation_id: "019cfe0b-b6bf-7c5c-9b60-135d57227e59", invoice_id: "019cfe0b-b6aa-78c2-b6dc-d268d7b891b9", statement_id: "019cfe0b-b6b7-7956-897c-2b63b3c4bfa6", statement_line_id: "019cfe0b-b6b8-7efc-902e-48b82b775377", amount: Decimal.new("1500.00"), variance: nil, variance_reason: nil, actor_email: "system@nexus.ai", currency: "EUR", timestamp: ~U[2026-03-17 23:05:06.495721Z]}
23:05:06.498 [debug] Appended 1 event(s) to stream "019cfe0b-b6bf-7c5c-9b60-135d57227e59"
23:05:06.498 [debug] Listener received notification on channel "event_store.events" with payload: "019cfe0b-b6bf-7c5c-9b60-135d57227e59,6590,1,1"
23:05:06.498 [debug] Listener received notification on channel "event_store.events" with payload: "$all,0,9169,9169"
23:05:06.499 [debug] Nexus.Treasury.Aggregates.Reconciliation<019cfe0b-b6bf-7c5c-9b60-135d57227e59@1> received events: [%Commanded.EventStore.RecordedEvent{event_id: "42b617cc-66ee-4438-8c53-9d1884784d15", event_number: 1, stream_id: "019cfe0b-b6bf-7c5c-9b60-135d57227e59", stream_version: 1, causation_id: "d5a65801-5c16-4971-895b-65710f613aa1", correlation_id: "5253bbc1-cbe9-48b8-883c-328ecb5dcb01", event_type: "Elixir.Nexus.Treasury.Events.TransactionReconciled", data: %Nexus.Treasury.Events.TransactionReconciled{org_id: "019cfe0b-b6a6-76e1-9a49-0995ee7211f7", reconciliation_id: "019cfe0b-b6bf-7c5c-9b60-135d57227e59", invoice_id: "019cfe0b-b6aa-78c2-b6dc-d268d7b891b9", statement_id: "019cfe0b-b6b7-7956-897c-2b63b3c4bfa6", statement_line_id: "019cfe0b-b6b8-7efc-902e-48b82b775377", amount: "1500.00", variance: nil, variance_reason: nil, actor_email: "system@nexus.ai", currency: "EUR", timestamp: "2026-03-17T23:05:06.495721Z"}, created_at: ~U[2026-03-17 23:05:06.496745Z], metadata: %{"causation_id" => "019cfe0b-b6bf-7d17-bce6-2bde86692920", "correlation_id" => "019cfe0b-b6bf-7d17-bce6-2bde86692920"}}]
23:05:06.501 [debug] QUERY OK db=0.1ms
begin []
23:05:06.501 [debug] QUERY OK source="projection_versions" db=0.4ms
INSERT INTO "projection_versions" AS p0 ("projection_name","last_seen_event_number","inserted_at","updated_at") VALUES ($1,$2,$3,$4) ON CONFLICT ("projection_name") DO UPDATE SET "last_seen_event_number" = $5 WHERE ((p0."projection_name" = $6) AND (p0."last_seen_event_number" < $7)) ["Treasury.ReconciliationProjector", 1, ~N[2026-03-17 23:05:06.501103], ~N[2026-03-17 23:05:06.501103], 1, "Treasury.ReconciliationProjector", 1]
23:05:06.502 [debug] QUERY OK source="treasury_reconciliations" db=0.6ms
INSERT INTO "treasury_reconciliations" AS t0 ("status","currency","amount","org_id","statement_id","reconciliation_id","invoice_id","statement_line_id","actor_email","variance","matched_at","created_at","updated_at") VALUES ($1,$2,$3,$4,$5,$6,$7,$8,$9,$10,$11,$12,$13) ON CONFLICT ("reconciliation_id") DO UPDATE SET "status" = $14, "actor_email" = $15, "matched_at" = $16 [:matched, "EUR", Decimal.new("1500.00"), "019cfe0b-b6a6-76e1-9a49-0995ee7211f7", "019cfe0b-b6b7-7956-897c-2b63b3c4bfa6", "019cfe0b-b6bf-7c5c-9b60-135d57227e59", "019cfe0b-b6aa-78c2-b6dc-d268d7b891b9", "019cfe0b-b6b8-7efc-902e-48b82b775377", "system@nexus.ai", Decimal.new("0.00"), ~U[2026-03-17 23:05:06.495721Z], ~U[2026-03-17 23:05:06.501657Z], ~U[2026-03-17 23:05:06.501657Z], :matched, "system@nexus.ai", ~U[2026-03-17 23:05:06.495721Z]]
23:05:06.503 [debug] QUERY OK source="erp_invoices" db=0.3ms
UPDATE "erp_invoices" AS e0 SET "status" = $1 WHERE (e0."id" = $2) ["matched", "019cfe0b-b6aa-78c2-b6dc-d268d7b891b9"]
23:05:06.504 [debug] QUERY OK source="erp_statement_lines" db=1.1ms
UPDATE "erp_statement_lines" AS e0 SET "status" = $1 WHERE (e0."id" = $2) ["matched", "019cfe0b-b6b8-7efc-902e-48b82b775377"]
23:05:06.504 [debug] QUERY OK source="erp_statements" db=0.5ms
UPDATE "erp_statements" AS e0 SET "matched_count" = e0."matched_count" + $1 WHERE (e0."id" = $2) [1, "019cfe0b-b6b7-7956-897c-2b63b3c4bfa6"]
23:05:06.505 [debug] QUERY OK db=0.6ms
commit []
23:05:06.510 [debug] Appended 1 event(s) to stream "AutomatedTest.PM-019cfe0b-b6a6-76e1-9a49-0995ee7211f7"
23:05:06.510 [debug] Listener received notification on channel "event_store.events" with payload: "AutomatedTest.PM-019cfe0b-b6a6-76e1-9a49-0995ee7211f7,6588,2,2"
23:05:06.510 [debug] Listener received notification on channel "event_store.events" with payload: "$all,0,9170,9170"
23:05:06.513 [debug] QUERY OK source="treasury_reconciliations" db=2.3ms queue=1.3ms
SELECT t0."reconciliation_id", t0."org_id", t0."invoice_id", t0."statement_id", t0."statement_line_id", t0."amount", t0."variance", t0."variance_reason", t0."actor_email", t0."currency", t0."status", t0."matched_at", t0."created_at", t0."updated_at" FROM "treasury_reconciliations" AS t0 WHERE (t0."invoice_id" = $1) ["019cfe0b-b6aa-78c2-b6dc-d268d7b891b9"]
23:05:06.515 [debug] QUERY OK source="erp_invoices" db=0.6ms queue=0.3ms
SELECT e0."id", e0."org_id", e0."entity_id", e0."currency", e0."amount", e0."subsidiary", e0."line_items", e0."sap_document_number", e0."sap_status", e0."due_date", e0."status", e0."created_at", e0."updated_at" FROM "erp_invoices" AS e0 WHERE (e0."id" = $1) ["019cfe0b-b6aa-78c2-b6dc-d268d7b891b9"]
.23:05:06.516 [debug] QUERY OK source="treasury_reconciliations" db=0.7ms
DELETE FROM "treasury_reconciliations" AS t0 []
23:05:06.516 [debug] QUERY OK source="erp_statement_lines" db=0.7ms
DELETE FROM "erp_statement_lines" AS e0 []
23:05:06.517 [debug] QUERY OK source="erp_invoices" db=0.4ms
DELETE FROM "erp_invoices" AS e0 []
23:05:06.517 [debug] QUERY OK db=0.3ms queue=0.1ms
DELETE FROM projection_versions []
23:05:06.517 [debug] Locating aggregate process for `Nexus.ERP.Aggregates.Statement` with UUID "019cfe0b-b6d5-7f34-a5bf-8c2da3113c0c"
23:05:06.518 [debug] Nexus.ERP.Aggregates.Statement<019cfe0b-b6d5-7f34-a5bf-8c2da3113c0c@0> executing command: %Nexus.ERP.Commands.UploadStatement{statement_id: "019cfe0b-b6d5-7f34-a5bf-8c2da3113c0c", org_id: "019cfe0b-b6d3-7191-a50f-dc7cfc42947a", filename: "statement.csv", format: "csv", raw_content: "date,ref,amount,currency,narrative\n2024-03-02,BANK-REF-202,-2400.00,USD,Deposit 202\n", uploaded_at: ~U[2026-03-17 23:05:06.517916Z]}
23:05:06.520 [debug] Appended 1 event(s) to stream "019cfe0b-b6d5-7f34-a5bf-8c2da3113c0c"
23:05:06.520 [debug] Listener received notification on channel "event_store.events" with payload: "019cfe0b-b6d5-7f34-a5bf-8c2da3113c0c,6591,1,1"
23:05:06.520 [debug] Listener received notification on channel "event_store.events" with payload: "$all,0,9171,9171"
23:05:06.521 [debug] Nexus.ERP.Aggregates.Statement<019cfe0b-b6d5-7f34-a5bf-8c2da3113c0c@1> received events: [%Commanded.EventStore.RecordedEvent{event_id: "bdb69d9a-6d32-4048-86e6-d6d282f070b2", event_number: 1, stream_id: "019cfe0b-b6d5-7f34-a5bf-8c2da3113c0c", stream_version: 1, causation_id: "6e2552c2-7710-4287-8071-e15ffa43d2af", correlation_id: "8eb43b15-ff81-431a-ac2f-daf108a97fd5", event_type: "Elixir.Nexus.ERP.Events.StatementUploaded", data: %Nexus.ERP.Events.StatementUploaded{statement_id: "019cfe0b-b6d5-7f34-a5bf-8c2da3113c0c", org_id: "019cfe0b-b6d3-7191-a50f-dc7cfc42947a", filename: "statement.csv", format: "csv", lines: [%{id: "019cfe0b-b6d6-74c7-9fb0-32c79a238100", status: "unmatched", date: "2024-03-02", metadata: %{}, currency: "USD", ref: "BANK-REF-202", amount: "-2400.00", narrative: "Deposit 202"}], uploaded_at: "2026-03-17T23:05:06.517916Z", content_hash: "27F3185B2F8B5B506AB3A2E11B8E5FD69FFA4C6CFC23113AF53373E97D1A85FE"}, created_at: ~U[2026-03-17 23:05:06.518893Z], metadata: %{"causation_id" => "019cfe0b-b6d5-7deb-afbe-fb6b7c440079", "correlation_id" => "019cfe0b-b6d5-7deb-afbe-fb6b7c440079"}}]
23:05:06.523 [debug] QUERY OK source="erp_statements" db=1.2ms
SELECT count(e0."id") FROM "erp_statements" AS e0 WHERE ((e0."org_id" = $1) AND (e0."filename" = $2)) ["019cfe0b-b6d3-7191-a50f-dc7cfc42947a", "statement.csv"]
23:05:06.523 [debug] QUERY OK db=0.1ms
begin []
23:05:06.524 [debug] QUERY OK source="projection_versions" db=0.3ms
INSERT INTO "projection_versions" AS p0 ("projection_name","last_seen_event_number","inserted_at","updated_at") VALUES ($1,$2,$3,$4) ON CONFLICT ("projection_name") DO UPDATE SET "last_seen_event_number" = $5 WHERE ((p0."projection_name" = $6) AND (p0."last_seen_event_number" < $7)) ["ERP.StatementProjector", 1, ~N[2026-03-17 23:05:06.523323], ~N[2026-03-17 23:05:06.523323], 1, "ERP.StatementProjector", 1]
23:05:06.524 [debug] QUERY OK source="erp_statements" db=0.2ms
INSERT INTO "erp_statements" ("id","status","filename","format","org_id","uploaded_at","matched_count","overlap_warning","line_count","content_hash","created_at","updated_at") VALUES ($1,$2,$3,$4,$5,$6,$7,$8,$9,$10,$11,$12) ON CONFLICT ("id") DO NOTHING ["019cfe0b-b6d5-7f34-a5bf-8c2da3113c0c", "uploaded", "statement.csv", "csv", "019cfe0b-b6d3-7191-a50f-dc7cfc42947a", ~U[2026-03-17 23:05:06.517916Z], 0, false, 1, "27F3185B2F8B5B506AB3A2E11B8E5FD69FFA4C6CFC23113AF53373E97D1A85FE", ~U[2026-03-17 23:05:06.524057Z], ~U[2026-03-17 23:05:06.524057Z]]
23:05:06.525 [debug] QUERY OK source="erp_statement_lines" db=0.4ms
INSERT INTO "erp_statement_lines" ("id","status","date","metadata","currency","ref","amount","org_id","statement_id","narrative","created_at","updated_at") VALUES ($1,$2,$3,$4,$5,$6,$7,$8,$9,$10,$11,$12) ON CONFLICT ("id") DO NOTHING ["019cfe0b-b6d6-74c7-9fb0-32c79a238100", "unmatched", "2024-03-02", %{}, "USD", "BANK-REF-202", Decimal.new("-2400.00"), "019cfe0b-b6d3-7191-a50f-dc7cfc42947a", "019cfe0b-b6d5-7f34-a5bf-8c2da3113c0c", "Deposit 202", ~U[2026-03-17 23:05:06.524509Z], ~U[2026-03-17 23:05:06.524509Z]]
23:05:06.525 [debug] QUERY OK db=0.2ms
commit []
23:05:06.527 [debug] Appended 1 event(s) to stream "AutomatedTest.PM-019cfe0b-b6d3-7191-a50f-dc7cfc42947a"
23:05:06.527 [debug] Locating aggregate process for `Nexus.ERP.Aggregates.Invoice` with UUID "019cfe0b-b6df-7186-a05c-7837fb56c6b9"
23:05:06.527 [debug] Listener received notification on channel "event_store.events" with payload: "AutomatedTest.PM-019cfe0b-b6d3-7191-a50f-dc7cfc42947a,6592,1,1"
23:05:06.527 [debug] Listener received notification on channel "event_store.events" with payload: "$all,0,9172,9172"
23:05:06.527 [debug] Nexus.ERP.Aggregates.Invoice<019cfe0b-b6df-7186-a05c-7837fb56c6b9@0> executing command: %Nexus.ERP.Commands.IngestInvoice{org_id: "019cfe0b-b6d3-7191-a50f-dc7cfc42947a", invoice_id: "019cfe0b-b6df-7186-a05c-7837fb56c6b9", entity_id: "ENT-202", currency: "USD", amount: "2400.00", due_date: ~D[2026-04-16], subsidiary: "Tokyo Branch", line_items: [%{description: "Goods", amount: "2400.00"}], sap_document_number: "SAP-202", sap_status: "Verified", ingested_at: ~U[2026-03-17 23:05:06.527216Z]}
23:05:06.528 [debug] Appended 1 event(s) to stream "019cfe0b-b6df-7186-a05c-7837fb56c6b9"
23:05:06.528 [debug] Listener received notification on channel "event_store.events" with payload: "019cfe0b-b6df-7186-a05c-7837fb56c6b9,6593,1,1"
23:05:06.528 [debug] Listener received notification on channel "event_store.events" with payload: "$all,0,9173,9173"
23:05:06.529 [debug] Nexus.ERP.Aggregates.Invoice<019cfe0b-b6df-7186-a05c-7837fb56c6b9@1> received events: [%Commanded.EventStore.RecordedEvent{event_id: "96b3b005-1258-4b97-b83f-11c280fee863", event_number: 1, stream_id: "019cfe0b-b6df-7186-a05c-7837fb56c6b9", stream_version: 1, causation_id: "744ffbb1-288f-4ccc-a8d6-37a40b234e29", correlation_id: "511996b1-1b05-44b7-bef1-400c9e2bcd77", event_type: "Elixir.Nexus.ERP.Events.InvoiceIngested", data: %Nexus.ERP.Events.InvoiceIngested{org_id: "019cfe0b-b6d3-7191-a50f-dc7cfc42947a", invoice_id: "019cfe0b-b6df-7186-a05c-7837fb56c6b9", entity_id: "ENT-202", currency: "USD", amount: "2400.00", due_date: "2026-04-16", subsidiary: "Tokyo Branch", line_items: [%{description: "Goods", amount: "2400.00"}], sap_document_number: "SAP-202", sap_status: "Verified", ingested_at: "2026-03-17T23:05:06.527216Z"}, created_at: ~U[2026-03-17 23:05:06.527998Z], metadata: %{"causation_id" => "019cfe0b-b6df-7171-89a4-fe8de06da55d", "correlation_id" => "019cfe0b-b6df-7171-89a4-fe8de06da55d"}}]
23:05:06.529 [debug] QUERY OK db=0.1ms
begin []
23:05:06.530 [debug] QUERY OK source="projection_versions" db=0.3ms
INSERT INTO "projection_versions" AS p0 ("projection_name","last_seen_event_number","inserted_at","updated_at") VALUES ($1,$2,$3,$4) ON CONFLICT ("projection_name") DO UPDATE SET "last_seen_event_number" = $5 WHERE ((p0."projection_name" = $6) AND (p0."last_seen_event_number" < $7)) ["ERP.InvoiceProjector", 1, ~N[2026-03-17 23:05:06.529871], ~N[2026-03-17 23:05:06.529871], 1, "ERP.InvoiceProjector", 1]
23:05:06.531 [debug] QUERY OK source="erp_invoices" db=0.3ms
INSERT INTO "erp_invoices" ("id","status","currency","amount","org_id","updated_at","created_at","entity_id","subsidiary","due_date","line_items","sap_document_number","sap_status") VALUES ($1,$2,$3,$4,$5,$6,$7,$8,$9,$10,$11,$12,$13) ON CONFLICT ("id") DO NOTHING ["019cfe0b-b6df-7186-a05c-7837fb56c6b9", "ingested", "USD", Decimal.new("2400.00"), "019cfe0b-b6d3-7191-a50f-dc7cfc42947a", ~U[2026-03-17 23:05:06.527216Z], ~U[2026-03-17 23:05:06.527216Z], "ENT-202", "Tokyo Branch", ~U[2026-04-16 00:00:00.000000Z], [%{description: "Goods", amount: "2400.00"}], "SAP-202", "Verified"]
23:05:06.531 [debug] QUERY OK db=0.1ms
commit []
23:05:06.532 [debug] Locating aggregate process for `Nexus.Treasury.Aggregates.Reconciliation` with UUID "019cfe0b-b6e4-721d-9ddf-3112c6bf12c5"
23:05:06.532 [debug] Nexus.Treasury.Aggregates.Reconciliation<019cfe0b-b6e4-721d-9ddf-3112c6bf12c5@0> executing command: %Nexus.Treasury.Commands.ReconcileTransaction{org_id: "019cfe0b-b6d3-7191-a50f-dc7cfc42947a", reconciliation_id: "019cfe0b-b6e4-721d-9ddf-3112c6bf12c5", invoice_id: "019cfe0b-b6df-7186-a05c-7837fb56c6b9", statement_id: "019cfe0b-b6d5-7f34-a5bf-8c2da3113c0c", statement_line_id: "019cfe0b-b6d6-74c7-9fb0-32c79a238100", amount: Decimal.new("2400.00"), variance: nil, variance_reason: nil, actor_email: "system@nexus.ai", currency: "USD", timestamp: ~U[2026-03-17 23:05:06.532430Z]}
23:05:06.533 [debug] Appended 1 event(s) to stream "019cfe0b-b6e4-721d-9ddf-3112c6bf12c5"
23:05:06.534 [debug] Listener received notification on channel "event_store.events" with payload: "019cfe0b-b6e4-721d-9ddf-3112c6bf12c5,6594,1,1"
23:05:06.534 [debug] Listener received notification on channel "event_store.events" with payload: "$all,0,9174,9174"
23:05:06.534 [debug] Nexus.Treasury.Aggregates.Reconciliation<019cfe0b-b6e4-721d-9ddf-3112c6bf12c5@1> received events: [%Commanded.EventStore.RecordedEvent{event_id: "da11b779-a7e4-49b9-8eac-0d01c82cb3bb", event_number: 1, stream_id: "019cfe0b-b6e4-721d-9ddf-3112c6bf12c5", stream_version: 1, causation_id: "4f11e340-d944-4e03-b41d-dbe7716f84e3", correlation_id: "2938260d-2c3e-454a-b327-3f1532140a83", event_type: "Elixir.Nexus.Treasury.Events.TransactionReconciled", data: %Nexus.Treasury.Events.TransactionReconciled{org_id: "019cfe0b-b6d3-7191-a50f-dc7cfc42947a", reconciliation_id: "019cfe0b-b6e4-721d-9ddf-3112c6bf12c5", invoice_id: "019cfe0b-b6df-7186-a05c-7837fb56c6b9", statement_id: "019cfe0b-b6d5-7f34-a5bf-8c2da3113c0c", statement_line_id: "019cfe0b-b6d6-74c7-9fb0-32c79a238100", amount: "2400.00", variance: nil, variance_reason: nil, actor_email: "system@nexus.ai", currency: "USD", timestamp: "2026-03-17T23:05:06.532430Z"}, created_at: ~U[2026-03-17 23:05:06.533223Z], metadata: %{"causation_id" => "019cfe0b-b6e4-7fde-a04a-a87448330cb6", "correlation_id" => "019cfe0b-b6e4-7fde-a04a-a87448330cb6"}}]
23:05:06.535 [debug] QUERY OK db=0.1ms
begin []
23:05:06.535 [debug] QUERY OK source="projection_versions" db=0.3ms
INSERT INTO "projection_versions" AS p0 ("projection_name","last_seen_event_number","inserted_at","updated_at") VALUES ($1,$2,$3,$4) ON CONFLICT ("projection_name") DO UPDATE SET "last_seen_event_number" = $5 WHERE ((p0."projection_name" = $6) AND (p0."last_seen_event_number" < $7)) ["Treasury.ReconciliationProjector", 1, ~N[2026-03-17 23:05:06.535182], ~N[2026-03-17 23:05:06.535182], 1, "Treasury.ReconciliationProjector", 1]
23:05:06.536 [debug] QUERY OK source="treasury_reconciliations" db=0.3ms
INSERT INTO "treasury_reconciliations" AS t0 ("status","currency","amount","org_id","statement_id","reconciliation_id","invoice_id","statement_line_id","actor_email","variance","matched_at","created_at","updated_at") VALUES ($1,$2,$3,$4,$5,$6,$7,$8,$9,$10,$11,$12,$13) ON CONFLICT ("reconciliation_id") DO UPDATE SET "status" = $14, "actor_email" = $15, "matched_at" = $16 [:matched, "USD", Decimal.new("2400.00"), "019cfe0b-b6d3-7191-a50f-dc7cfc42947a", "019cfe0b-b6d5-7f34-a5bf-8c2da3113c0c", "019cfe0b-b6e4-721d-9ddf-3112c6bf12c5", "019cfe0b-b6df-7186-a05c-7837fb56c6b9", "019cfe0b-b6d6-74c7-9fb0-32c79a238100", "system@nexus.ai", Decimal.new("0.00"), ~U[2026-03-17 23:05:06.532430Z], ~U[2026-03-17 23:05:06.535652Z], ~U[2026-03-17 23:05:06.535652Z], :matched, "system@nexus.ai", ~U[2026-03-17 23:05:06.532430Z]]
23:05:06.536 [debug] QUERY OK source="erp_invoices" db=0.5ms
UPDATE "erp_invoices" AS e0 SET "status" = $1 WHERE (e0."id" = $2) ["matched", "019cfe0b-b6df-7186-a05c-7837fb56c6b9"]
23:05:06.537 [debug] QUERY OK source="erp_statement_lines" db=0.6ms
UPDATE "erp_statement_lines" AS e0 SET "status" = $1 WHERE (e0."id" = $2) ["matched", "019cfe0b-b6d6-74c7-9fb0-32c79a238100"]
23:05:06.538 [debug] QUERY OK source="erp_statements" db=0.3ms
UPDATE "erp_statements" AS e0 SET "matched_count" = e0."matched_count" + $1 WHERE (e0."id" = $2) [1, "019cfe0b-b6d5-7f34-a5bf-8c2da3113c0c"]
23:05:06.538 [debug] QUERY OK db=0.2ms
commit []
23:05:06.540 [debug] Appended 1 event(s) to stream "AutomatedTest.PM-019cfe0b-b6d3-7191-a50f-dc7cfc42947a"
23:05:06.540 [debug] Listener received notification on channel "event_store.events" with payload: "AutomatedTest.PM-019cfe0b-b6d3-7191-a50f-dc7cfc42947a,6592,2,2"
23:05:06.540 [debug] Listener received notification on channel "event_store.events" with payload: "$all,0,9175,9175"
23:05:06.542 [debug] QUERY OK source="treasury_reconciliations" db=1.9ms
SELECT t0."reconciliation_id", t0."org_id", t0."invoice_id", t0."statement_id", t0."statement_line_id", t0."amount", t0."variance", t0."variance_reason", t0."actor_email", t0."currency", t0."status", t0."matched_at", t0."created_at", t0."updated_at" FROM "treasury_reconciliations" AS t0 WHERE (t0."invoice_id" = $1) ["019cfe0b-b6df-7186-a05c-7837fb56c6b9"]
.23:05:06.543 [debug] QUERY OK source="treasury_reconciliations" db=0.9ms
DELETE FROM "treasury_reconciliations" AS t0 []
23:05:06.544 [debug] QUERY OK source="erp_statement_lines" db=0.6ms
DELETE FROM "erp_statement_lines" AS e0 []
23:05:06.545 [debug] QUERY OK source="erp_statements" db=0.6ms
DELETE FROM "erp_statements" AS e0 []
23:05:06.546 [debug] QUERY OK source="erp_invoices" db=1.1ms
DELETE FROM "erp_invoices" AS e0 []
23:05:06.546 [debug] QUERY OK db=0.2ms queue=0.1ms
DELETE FROM projection_versions []
23:05:06.546 [debug] Locating aggregate process for `Nexus.ERP.Aggregates.Invoice` with UUID "019cfe0b-b6f2-7a6f-a949-75fcb36f0cfc"
23:05:06.547 [debug] Nexus.ERP.Aggregates.Invoice<019cfe0b-b6f2-7a6f-a949-75fcb36f0cfc@0> executing command: %Nexus.ERP.Commands.IngestInvoice{org_id: "019cfe0b-b6ee-7498-9e83-cf64213aa1b5", invoice_id: "019cfe0b-b6f2-7a6f-a949-75fcb36f0cfc", entity_id: "ENT-INV-2000", currency: "GBP", amount: Decimal.new("500.0"), due_date: ~D[2026-04-16], subsidiary: "Default", line_items: [%{description: "Test", amount: Decimal.new("500.0")}], sap_document_number: "SAP-INV-2000", sap_status: "Verified", ingested_at: ~U[2026-03-17 23:05:06.546710Z]}
23:05:06.548 [debug] Appended 1 event(s) to stream "019cfe0b-b6f2-7a6f-a949-75fcb36f0cfc"
23:05:06.548 [debug] Listener received notification on channel "event_store.events" with payload: "019cfe0b-b6f2-7a6f-a949-75fcb36f0cfc,6595,1,1"
23:05:06.548 [debug] Listener received notification on channel "event_store.events" with payload: "$all,0,9176,9176"
23:05:06.549 [debug] Nexus.ERP.Aggregates.Invoice<019cfe0b-b6f2-7a6f-a949-75fcb36f0cfc@1> received events: [%Commanded.EventStore.RecordedEvent{event_id: "705aa7d6-eac1-48e7-b023-d9678da6b53a", event_number: 1, stream_id: "019cfe0b-b6f2-7a6f-a949-75fcb36f0cfc", stream_version: 1, causation_id: "9d43cde5-b90b-4a64-836f-78688d8a5589", correlation_id: "bba090df-83c3-47a1-99d1-2271fd545721", event_type: "Elixir.Nexus.ERP.Events.InvoiceIngested", data: %Nexus.ERP.Events.InvoiceIngested{org_id: "019cfe0b-b6ee-7498-9e83-cf64213aa1b5", invoice_id: "019cfe0b-b6f2-7a6f-a949-75fcb36f0cfc", entity_id: "ENT-INV-2000", currency: "GBP", amount: "500.0", due_date: "2026-04-16", subsidiary: "Default", line_items: [%{description: "Test", amount: "500.0"}], sap_document_number: "SAP-INV-2000", sap_status: "Verified", ingested_at: "2026-03-17T23:05:06.546710Z"}, created_at: ~U[2026-03-17 23:05:06.547596Z], metadata: %{"causation_id" => "019cfe0b-b6f2-75d2-a6f4-b86b922dd7d0", "correlation_id" => "019cfe0b-b6f2-75d2-a6f4-b86b922dd7d0"}}]
23:05:06.550 [debug] QUERY OK db=0.1ms
begin []
23:05:06.550 [debug] QUERY OK source="projection_versions" db=0.3ms
INSERT INTO "projection_versions" AS p0 ("projection_name","last_seen_event_number","inserted_at","updated_at") VALUES ($1,$2,$3,$4) ON CONFLICT ("projection_name") DO UPDATE SET "last_seen_event_number" = $5 WHERE ((p0."projection_name" = $6) AND (p0."last_seen_event_number" < $7)) ["ERP.InvoiceProjector", 1, ~N[2026-03-17 23:05:06.550137], ~N[2026-03-17 23:05:06.550137], 1, "ERP.InvoiceProjector", 1]
23:05:06.551 [debug] QUERY OK source="erp_invoices" db=0.5ms
INSERT INTO "erp_invoices" ("id","status","currency","amount","org_id","updated_at","created_at","entity_id","subsidiary","due_date","line_items","sap_document_number","sap_status") VALUES ($1,$2,$3,$4,$5,$6,$7,$8,$9,$10,$11,$12,$13) ON CONFLICT ("id") DO NOTHING ["019cfe0b-b6f2-7a6f-a949-75fcb36f0cfc", "ingested", "GBP", Decimal.new("500.0"), "019cfe0b-b6ee-7498-9e83-cf64213aa1b5", ~U[2026-03-17 23:05:06.546710Z], ~U[2026-03-17 23:05:06.546710Z], "ENT-INV-2000", "Default", ~U[2026-04-16 00:00:00.000000Z], [%{description: "Test", amount: "500.0"}], "SAP-INV-2000", "Verified"]
23:05:06.551 [debug] QUERY OK db=0.2ms
commit []
23:05:06.553 [debug] Appended 1 event(s) to stream "Treasury.ReconciliationManager-019cfe0b-b6ee-7498-9e83-cf64213aa1b5"
23:05:06.553 [debug] Listener received notification on channel "event_store.events" with payload: "Treasury.ReconciliationManager-019cfe0b-b6ee-7498-9e83-cf64213aa1b5,6596,1,1"
23:05:06.553 [debug] Listener received notification on channel "event_store.events" with payload: "$all,0,9177,9177"
23:05:06.553 [info] 		[36mGiven [32man invoice "INV-2000" is ingested for 500.0 GBP
23:05:06.553 [debug] Locating aggregate process for `Nexus.ERP.Aggregates.Statement` with UUID "019cfe0b-b6f9-765d-866c-b0bb54b0f6ee"
23:05:06.554 [debug] Nexus.ERP.Aggregates.Statement<019cfe0b-b6f9-765d-866c-b0bb54b0f6ee@0> executing command: %Nexus.ERP.Commands.UploadStatement{statement_id: "019cfe0b-b6f9-765d-866c-b0bb54b0f6ee", org_id: "019cfe0b-b6ee-7498-9e83-cf64213aa1b5", filename: "test.csv", format: "csv", raw_content: "date,ref,amount,currency,narrative\n2024-02-25,REF-STMT-LINE-C,-500.0,GBP,Manual upload test\n", uploaded_at: ~U[2026-03-17 23:05:06.553904Z]}
23:05:06.555 [debug] Appended 1 event(s) to stream "019cfe0b-b6f9-765d-866c-b0bb54b0f6ee"
23:05:06.555 [debug] Listener received notification on channel "event_store.events" with payload: "019cfe0b-b6f9-765d-866c-b0bb54b0f6ee,6597,1,1"
23:05:06.555 [debug] Listener received notification on channel "event_store.events" with payload: "$all,0,9178,9178"
23:05:06.556 [debug] Nexus.ERP.Aggregates.Statement<019cfe0b-b6f9-765d-866c-b0bb54b0f6ee@1> received events: [%Commanded.EventStore.RecordedEvent{event_id: "ddc921a7-7b28-418a-9c76-bf2495468493", event_number: 1, stream_id: "019cfe0b-b6f9-765d-866c-b0bb54b0f6ee", stream_version: 1, causation_id: "7ce6b1d9-b5ac-4c8b-9b5d-16d5e13ddc0e", correlation_id: "fce3cdd2-1554-4973-92b3-97524a96ab89", event_type: "Elixir.Nexus.ERP.Events.StatementUploaded", data: %Nexus.ERP.Events.StatementUploaded{statement_id: "019cfe0b-b6f9-765d-866c-b0bb54b0f6ee", org_id: "019cfe0b-b6ee-7498-9e83-cf64213aa1b5", filename: "test.csv", format: "csv", lines: [%{id: "019cfe0b-b6fa-7665-89fe-2a2d2f2d6b07", status: "unmatched", date: "2024-02-25", metadata: %{}, currency: "GBP", ref: "REF-STMT-LINE-C", amount: "-500.0", narrative: "Manual upload test"}], uploaded_at: "2026-03-17T23:05:06.553904Z", content_hash: "5E5B73C26808E626BFB8CAAE92990F8A32415AEF68A32B54AAAF6C7C0727FFA0"}, created_at: ~U[2026-03-17 23:05:06.554787Z], metadata: %{"causation_id" => "019cfe0b-b6f9-7ace-9f0e-d79930760267", "correlation_id" => "019cfe0b-b6f9-7ace-9f0e-d79930760267"}}]
23:05:06.557 [debug] QUERY OK source="erp_statements" db=0.9ms
SELECT count(e0."id") FROM "erp_statements" AS e0 WHERE ((e0."org_id" = $1) AND (e0."filename" = $2)) ["019cfe0b-b6ee-7498-9e83-cf64213aa1b5", "test.csv"]
23:05:06.557 [debug] QUERY OK db=0.1ms
begin []
23:05:06.558 [debug] QUERY OK source="projection_versions" db=0.2ms
INSERT INTO "projection_versions" AS p0 ("projection_name","last_seen_event_number","inserted_at","updated_at") VALUES ($1,$2,$3,$4) ON CONFLICT ("projection_name") DO UPDATE SET "last_seen_event_number" = $5 WHERE ((p0."projection_name" = $6) AND (p0."last_seen_event_number" < $7)) ["ERP.StatementProjector", 1, ~N[2026-03-17 23:05:06.557897], ~N[2026-03-17 23:05:06.557897], 1, "ERP.StatementProjector", 1]
23:05:06.558 [debug] QUERY OK source="erp_statements" db=0.1ms
INSERT INTO "erp_statements" ("id","status","filename","format","org_id","uploaded_at","matched_count","overlap_warning","line_count","content_hash","created_at","updated_at") VALUES ($1,$2,$3,$4,$5,$6,$7,$8,$9,$10,$11,$12) ON CONFLICT ("id") DO NOTHING ["019cfe0b-b6f9-765d-866c-b0bb54b0f6ee", "uploaded", "test.csv", "csv", "019cfe0b-b6ee-7498-9e83-cf64213aa1b5", ~U[2026-03-17 23:05:06.553904Z], 0, false, 1, "5E5B73C26808E626BFB8CAAE92990F8A32415AEF68A32B54AAAF6C7C0727FFA0", ~U[2026-03-17 23:05:06.558296Z], ~U[2026-03-17 23:05:06.558296Z]]
23:05:06.559 [debug] QUERY OK source="erp_statement_lines" db=0.4ms
INSERT INTO "erp_statement_lines" ("id","status","date","metadata","currency","ref","amount","org_id","statement_id","narrative","created_at","updated_at") VALUES ($1,$2,$3,$4,$5,$6,$7,$8,$9,$10,$11,$12) ON CONFLICT ("id") DO NOTHING ["019cfe0b-b6fa-7665-89fe-2a2d2f2d6b07", "unmatched", "2024-02-25", %{}, "GBP", "REF-STMT-LINE-C", Decimal.new("-500.0"), "019cfe0b-b6ee-7498-9e83-cf64213aa1b5", "019cfe0b-b6f9-765d-866c-b0bb54b0f6ee", "Manual upload test", ~U[2026-03-17 23:05:06.558736Z], ~U[2026-03-17 23:05:06.558736Z]]
23:05:06.559 [debug] QUERY OK db=0.2ms
commit []
23:05:06.561 [debug] Locating aggregate process for `Nexus.Treasury.Aggregates.Reconciliation` with UUID "019cfe0b-b701-7edf-b4cf-e66d6912ec0f"
23:05:06.561 [debug] Nexus.Treasury.Aggregates.Reconciliation<019cfe0b-b701-7edf-b4cf-e66d6912ec0f@0> executing command: %Nexus.Treasury.Commands.ReconcileTransaction{org_id: "019cfe0b-b6ee-7498-9e83-cf64213aa1b5", reconciliation_id: "019cfe0b-b701-7edf-b4cf-e66d6912ec0f", invoice_id: "019cfe0b-b6f2-7a6f-a949-75fcb36f0cfc", statement_id: "019cfe0b-b6f9-765d-866c-b0bb54b0f6ee", statement_line_id: "019cfe0b-b6fa-7665-89fe-2a2d2f2d6b07", amount: Decimal.new("500.0"), variance: nil, variance_reason: nil, actor_email: "system@nexus.ai", currency: "GBP", timestamp: ~U[2026-03-17 23:05:06.561369Z]}
23:05:06.563 [debug] Appended 1 event(s) to stream "019cfe0b-b701-7edf-b4cf-e66d6912ec0f"
23:05:06.563 [debug] Listener received notification on channel "event_store.events" with payload: "019cfe0b-b701-7edf-b4cf-e66d6912ec0f,6598,1,1"
23:05:06.563 [debug] Listener received notification on channel "event_store.events" with payload: "$all,0,9179,9179"
23:05:06.564 [debug] Nexus.Treasury.Aggregates.Reconciliation<019cfe0b-b701-7edf-b4cf-e66d6912ec0f@1> received events: [%Commanded.EventStore.RecordedEvent{event_id: "2a3e4797-54b8-48d7-94a6-a6ed4f53fecb", event_number: 1, stream_id: "019cfe0b-b701-7edf-b4cf-e66d6912ec0f", stream_version: 1, causation_id: "55064cd4-951d-4fbb-91d4-5472d70d45f7", correlation_id: "04284776-bae6-4f11-9c2c-c2f93b054c72", event_type: "Elixir.Nexus.Treasury.Events.TransactionReconciled", data: %Nexus.Treasury.Events.TransactionReconciled{org_id: "019cfe0b-b6ee-7498-9e83-cf64213aa1b5", reconciliation_id: "019cfe0b-b701-7edf-b4cf-e66d6912ec0f", invoice_id: "019cfe0b-b6f2-7a6f-a949-75fcb36f0cfc", statement_id: "019cfe0b-b6f9-765d-866c-b0bb54b0f6ee", statement_line_id: "019cfe0b-b6fa-7665-89fe-2a2d2f2d6b07", amount: "500.0", variance: nil, variance_reason: nil, actor_email: "system@nexus.ai", currency: "GBP", timestamp: "2026-03-17T23:05:06.561369Z"}, created_at: ~U[2026-03-17 23:05:06.562092Z], metadata: %{"causation_id" => "019cfe0b-b701-76d8-bfaa-5ac74ecb0925", "correlation_id" => "019cfe0b-b701-76d8-bfaa-5ac74ecb0925"}}]
23:05:06.564 [debug] QUERY OK db=0.1ms
begin []
23:05:06.565 [debug] QUERY OK source="projection_versions" db=0.5ms
INSERT INTO "projection_versions" AS p0 ("projection_name","last_seen_event_number","inserted_at","updated_at") VALUES ($1,$2,$3,$4) ON CONFLICT ("projection_name") DO UPDATE SET "last_seen_event_number" = $5 WHERE ((p0."projection_name" = $6) AND (p0."last_seen_event_number" < $7)) ["Treasury.ReconciliationProjector", 1, ~N[2026-03-17 23:05:06.564821], ~N[2026-03-17 23:05:06.564821], 1, "Treasury.ReconciliationProjector", 1]
23:05:06.566 [debug] QUERY OK source="treasury_reconciliations" db=0.4ms
INSERT INTO "treasury_reconciliations" AS t0 ("status","currency","amount","org_id","statement_id","reconciliation_id","invoice_id","statement_line_id","actor_email","variance","matched_at","created_at","updated_at") VALUES ($1,$2,$3,$4,$5,$6,$7,$8,$9,$10,$11,$12,$13) ON CONFLICT ("reconciliation_id") DO UPDATE SET "status" = $14, "actor_email" = $15, "matched_at" = $16 [:matched, "GBP", Decimal.new("500.0"), "019cfe0b-b6ee-7498-9e83-cf64213aa1b5", "019cfe0b-b6f9-765d-866c-b0bb54b0f6ee", "019cfe0b-b701-7edf-b4cf-e66d6912ec0f", "019cfe0b-b6f2-7a6f-a949-75fcb36f0cfc", "019cfe0b-b6fa-7665-89fe-2a2d2f2d6b07", "system@nexus.ai", Decimal.new("0.00"), ~U[2026-03-17 23:05:06.561369Z], ~U[2026-03-17 23:05:06.565801Z], ~U[2026-03-17 23:05:06.565801Z], :matched, "system@nexus.ai", ~U[2026-03-17 23:05:06.561369Z]]
23:05:06.567 [debug] QUERY OK source="erp_invoices" db=0.5ms
UPDATE "erp_invoices" AS e0 SET "status" = $1 WHERE (e0."id" = $2) ["matched", "019cfe0b-b6f2-7a6f-a949-75fcb36f0cfc"]
23:05:06.567 [debug] QUERY OK source="erp_statement_lines" db=0.6ms
UPDATE "erp_statement_lines" AS e0 SET "status" = $1 WHERE (e0."id" = $2) ["matched", "019cfe0b-b6fa-7665-89fe-2a2d2f2d6b07"]
23:05:06.568 [debug] QUERY OK source="erp_statements" db=0.3ms
UPDATE "erp_statements" AS e0 SET "matched_count" = e0."matched_count" + $1 WHERE (e0."id" = $2) [1, "019cfe0b-b6f9-765d-866c-b0bb54b0f6ee"]
23:05:06.568 [debug] QUERY OK db=0.2ms
commit []
23:05:06.569 [debug] Appended 1 event(s) to stream "Treasury.ReconciliationManager-019cfe0b-b6ee-7498-9e83-cf64213aa1b5"
23:05:06.569 [debug] Listener received notification on channel "event_store.events" with payload: "Treasury.ReconciliationManager-019cfe0b-b6ee-7498-9e83-cf64213aa1b5,6596,2,2"
23:05:06.569 [debug] Listener received notification on channel "event_store.events" with payload: "$all,0,9180,9180"
23:05:06.570 [debug] QUERY OK source="erp_statement_lines" db=0.4ms queue=0.2ms
SELECT e0."id", e0."statement_id", e0."org_id", e0."date", e0."ref", e0."amount", e0."currency", e0."narrative", e0."status", e0."error_message", e0."metadata", e0."created_at", e0."updated_at" FROM "erp_statement_lines" AS e0 WHERE (e0."statement_id" = $1) ["019cfe0b-b6f9-765d-866c-b0bb54b0f6ee"]
23:05:06.570 [info] 		[36mWhen [32ma statement line "STMT-LINE-C" is uploaded for 500.0 GBP
23:05:06.571 [debug] QUERY OK source="treasury_reconciliations" db=0.9ms
SELECT t0."reconciliation_id", t0."org_id", t0."invoice_id", t0."statement_id", t0."statement_line_id", t0."amount", t0."variance", t0."variance_reason", t0."actor_email", t0."currency", t0."status", t0."matched_at", t0."created_at", t0."updated_at" FROM "treasury_reconciliations" AS t0 WHERE (t0."invoice_id" = $1) ["019cfe0b-b6f2-7a6f-a949-75fcb36f0cfc"]
23:05:06.571 [info] 		[36mThen [32mthe process manager should dispatch a ReconcileTransaction command for "INV-2000"
.23:05:06.572 [debug] QUERY OK source="treasury_reconciliations" db=0.6ms
DELETE FROM "treasury_reconciliations" AS t0 []
23:05:06.573 [debug] QUERY OK source="erp_statement_lines" db=0.5ms
DELETE FROM "erp_statement_lines" AS e0 []
23:05:06.573 [debug] QUERY OK source="erp_statements" db=0.4ms
DELETE FROM "erp_statements" AS e0 []
23:05:06.574 [debug] QUERY OK source="erp_invoices" db=0.6ms
DELETE FROM "erp_invoices" AS e0 []
23:05:06.575 [debug] QUERY OK db=0.3ms queue=0.1ms
DELETE FROM projection_versions []
23:05:06.575 [debug] Locating aggregate process for `Nexus.ERP.Aggregates.Invoice` with UUID "019cfe0b-b70f-77bc-8cad-4ddf9a7c394f"
23:05:06.575 [debug] Nexus.ERP.Aggregates.Invoice<019cfe0b-b70f-77bc-8cad-4ddf9a7c394f@0> executing command: %Nexus.ERP.Commands.IngestInvoice{org_id: "019cfe0b-b70c-74db-bddf-8986c1f6bc58", invoice_id: "019cfe0b-b70f-77bc-8cad-4ddf9a7c394f", entity_id: "ENT-INV-1001", currency: "EUR", amount: Decimal.new("1500.0"), due_date: ~D[2026-04-16], subsidiary: "Default", line_items: [%{description: "Test", amount: Decimal.new("1500.0")}], sap_document_number: "SAP-INV-1001", sap_status: "Verified", ingested_at: ~U[2026-03-17 23:05:06.575215Z]}
23:05:06.577 [debug] Appended 1 event(s) to stream "019cfe0b-b70f-77bc-8cad-4ddf9a7c394f"
23:05:06.577 [debug] Listener received notification on channel "event_store.events" with payload: "019cfe0b-b70f-77bc-8cad-4ddf9a7c394f,6599,1,1"
23:05:06.577 [debug] Listener received notification on channel "event_store.events" with payload: "$all,0,9181,9181"
23:05:06.577 [debug] Nexus.ERP.Aggregates.Invoice<019cfe0b-b70f-77bc-8cad-4ddf9a7c394f@1> received events: [%Commanded.EventStore.RecordedEvent{event_id: "9c065f1d-6447-4f9e-bd3c-0742543d102c", event_number: 1, stream_id: "019cfe0b-b70f-77bc-8cad-4ddf9a7c394f", stream_version: 1, causation_id: "9e518037-7437-4dda-93f2-0b182987bdf9", correlation_id: "36ef517c-3299-4cac-8a3b-f3753ec9934b", event_type: "Elixir.Nexus.ERP.Events.InvoiceIngested", data: %Nexus.ERP.Events.InvoiceIngested{org_id: "019cfe0b-b70c-74db-bddf-8986c1f6bc58", invoice_id: "019cfe0b-b70f-77bc-8cad-4ddf9a7c394f", entity_id: "ENT-INV-1001", currency: "EUR", amount: "1500.0", due_date: "2026-04-16", subsidiary: "Default", line_items: [%{description: "Test", amount: "1500.0"}], sap_document_number: "SAP-INV-1001", sap_status: "Verified", ingested_at: "2026-03-17T23:05:06.575215Z"}, created_at: ~U[2026-03-17 23:05:06.576173Z], metadata: %{"causation_id" => "019cfe0b-b70f-7c0b-933e-11c7283389b7", "correlation_id" => "019cfe0b-b70f-7c0b-933e-11c7283389b7"}}]
23:05:06.578 [debug] QUERY OK db=0.1ms
begin []
23:05:06.578 [debug] QUERY OK source="projection_versions" db=0.2ms
INSERT INTO "projection_versions" AS p0 ("projection_name","last_seen_event_number","inserted_at","updated_at") VALUES ($1,$2,$3,$4) ON CONFLICT ("projection_name") DO UPDATE SET "last_seen_event_number" = $5 WHERE ((p0."projection_name" = $6) AND (p0."last_seen_event_number" < $7)) ["ERP.InvoiceProjector", 1, ~N[2026-03-17 23:05:06.578175], ~N[2026-03-17 23:05:06.578175], 1, "ERP.InvoiceProjector", 1]
23:05:06.579 [debug] QUERY OK source="erp_invoices" db=0.3ms
INSERT INTO "erp_invoices" ("id","status","currency","amount","org_id","updated_at","created_at","entity_id","subsidiary","due_date","line_items","sap_document_number","sap_status") VALUES ($1,$2,$3,$4,$5,$6,$7,$8,$9,$10,$11,$12,$13) ON CONFLICT ("id") DO NOTHING ["019cfe0b-b70f-77bc-8cad-4ddf9a7c394f", "ingested", "EUR", Decimal.new("1500.0"), "019cfe0b-b70c-74db-bddf-8986c1f6bc58", ~U[2026-03-17 23:05:06.575215Z], ~U[2026-03-17 23:05:06.575215Z], "ENT-INV-1001", "Default", ~U[2026-04-16 00:00:00.000000Z], [%{description: "Test", amount: "1500.0"}], "SAP-INV-1001", "Verified"]
23:05:06.579 [debug] QUERY OK db=0.4ms
commit []
23:05:06.581 [debug] Appended 1 event(s) to stream "Treasury.ReconciliationManager-019cfe0b-b70c-74db-bddf-8986c1f6bc58"
23:05:06.581 [debug] Listener received notification on channel "event_store.events" with payload: "Treasury.ReconciliationManager-019cfe0b-b70c-74db-bddf-8986c1f6bc58,6600,1,1"
23:05:06.581 [info] 		[36mGiven [32mthe following invoices exist:
23:05:06.581 [debug] Listener received notification on channel "event_store.events" with payload: "$all,0,9182,9182"
23:05:06.581 [debug] Locating aggregate process for `Nexus.ERP.Aggregates.Statement` with UUID "019cfe0b-b715-734d-9a55-eee602201fbe"
23:05:06.581 [debug] Nexus.ERP.Aggregates.Statement<019cfe0b-b715-734d-9a55-eee602201fbe@0> executing command: %Nexus.ERP.Commands.UploadStatement{statement_id: "019cfe0b-b715-734d-9a55-eee602201fbe", org_id: "019cfe0b-b70c-74db-bddf-8986c1f6bc58", filename: "test.csv", format: "csv", raw_content: "date,ref,amount,currency,narrative\n2024-02-25,REF-STMT-LINE-A,-1500.0,EUR,Test matching", uploaded_at: ~U[2026-03-17 23:05:06.581121Z]}
23:05:06.582 [debug] Appended 1 event(s) to stream "019cfe0b-b715-734d-9a55-eee602201fbe"
23:05:06.582 [debug] Listener received notification on channel "event_store.events" with payload: "019cfe0b-b715-734d-9a55-eee602201fbe,6601,1,1"
23:05:06.582 [debug] Listener received notification on channel "event_store.events" with payload: "$all,0,9183,9183"
23:05:06.583 [debug] Nexus.ERP.Aggregates.Statement<019cfe0b-b715-734d-9a55-eee602201fbe@1> received events: [%Commanded.EventStore.RecordedEvent{event_id: "943805c6-9ca6-40e0-9d66-de136c7e32ad", event_number: 1, stream_id: "019cfe0b-b715-734d-9a55-eee602201fbe", stream_version: 1, causation_id: "3c963c97-403e-441c-8847-a211186dca85", correlation_id: "ce6653e9-1691-48af-a21f-4d2541cee86d", event_type: "Elixir.Nexus.ERP.Events.StatementUploaded", data: %Nexus.ERP.Events.StatementUploaded{statement_id: "019cfe0b-b715-734d-9a55-eee602201fbe", org_id: "019cfe0b-b70c-74db-bddf-8986c1f6bc58", filename: "test.csv", format: "csv", lines: [%{id: "019cfe0b-b715-7154-93b5-c86de4adcdbe", status: "unmatched", date: "2024-02-25", metadata: %{}, currency: "EUR", ref: "REF-STMT-LINE-A", amount: "-1500.0", narrative: "Test matching"}], uploaded_at: "2026-03-17T23:05:06.581121Z", content_hash: "8957AFDFE9C89CCD2CD164DFCFA418288E1EC6027918D848738749767578A088"}, created_at: ~U[2026-03-17 23:05:06.581944Z], metadata: %{"causation_id" => "019cfe0b-b715-7ec3-812c-27109cd598fd", "correlation_id" => "019cfe0b-b715-7ec3-812c-27109cd598fd"}}]
23:05:06.584 [debug] QUERY OK source="erp_statements" db=0.7ms
SELECT count(e0."id") FROM "erp_statements" AS e0 WHERE ((e0."org_id" = $1) AND (e0."filename" = $2)) ["019cfe0b-b70c-74db-bddf-8986c1f6bc58", "test.csv"]
23:05:06.584 [debug] QUERY OK db=0.1ms
begin []
23:05:06.584 [debug] QUERY OK source="projection_versions" db=0.1ms
INSERT INTO "projection_versions" AS p0 ("projection_name","last_seen_event_number","inserted_at","updated_at") VALUES ($1,$2,$3,$4) ON CONFLICT ("projection_name") DO UPDATE SET "last_seen_event_number" = $5 WHERE ((p0."projection_name" = $6) AND (p0."last_seen_event_number" < $7)) ["ERP.StatementProjector", 1, ~N[2026-03-17 23:05:06.584690], ~N[2026-03-17 23:05:06.584690], 1, "ERP.StatementProjector", 1]
23:05:06.585 [debug] QUERY OK source="erp_statements" db=0.1ms
INSERT INTO "erp_statements" ("id","status","filename","format","org_id","uploaded_at","matched_count","overlap_warning","line_count","content_hash","created_at","updated_at") VALUES ($1,$2,$3,$4,$5,$6,$7,$8,$9,$10,$11,$12) ON CONFLICT ("id") DO NOTHING ["019cfe0b-b715-734d-9a55-eee602201fbe", "uploaded", "test.csv", "csv", "019cfe0b-b70c-74db-bddf-8986c1f6bc58", ~U[2026-03-17 23:05:06.581121Z], 0, false, 1, "8957AFDFE9C89CCD2CD164DFCFA418288E1EC6027918D848738749767578A088", ~U[2026-03-17 23:05:06.584943Z], ~U[2026-03-17 23:05:06.584943Z]]
23:05:06.586 [debug] QUERY OK source="erp_statement_lines" db=0.4ms
INSERT INTO "erp_statement_lines" ("id","status","date","metadata","currency","ref","amount","org_id","statement_id","narrative","created_at","updated_at") VALUES ($1,$2,$3,$4,$5,$6,$7,$8,$9,$10,$11,$12) ON CONFLICT ("id") DO NOTHING ["019cfe0b-b715-7154-93b5-c86de4adcdbe", "unmatched", "2024-02-25", %{}, "EUR", "REF-STMT-LINE-A", Decimal.new("-1500.0"), "019cfe0b-b70c-74db-bddf-8986c1f6bc58", "019cfe0b-b715-734d-9a55-eee602201fbe", "Test matching", ~U[2026-03-17 23:05:06.585365Z], ~U[2026-03-17 23:05:06.585365Z]]
23:05:06.586 [debug] QUERY OK db=0.2ms
commit []
23:05:06.587 [debug] Locating aggregate process for `Nexus.Treasury.Aggregates.Reconciliation` with UUID "019cfe0b-b71b-7569-b52e-ccac3c1c1632"
23:05:06.587 [debug] Nexus.Treasury.Aggregates.Reconciliation<019cfe0b-b71b-7569-b52e-ccac3c1c1632@0> executing command: %Nexus.Treasury.Commands.ReconcileTransaction{org_id: "019cfe0b-b70c-74db-bddf-8986c1f6bc58", reconciliation_id: "019cfe0b-b71b-7569-b52e-ccac3c1c1632", invoice_id: "019cfe0b-b70f-77bc-8cad-4ddf9a7c394f", statement_id: "019cfe0b-b715-734d-9a55-eee602201fbe", statement_line_id: "019cfe0b-b715-7154-93b5-c86de4adcdbe", amount: Decimal.new("1500.0"), variance: nil, variance_reason: nil, actor_email: "system@nexus.ai", currency: "EUR", timestamp: ~U[2026-03-17 23:05:06.587117Z]}
23:05:06.588 [debug] Appended 1 event(s) to stream "019cfe0b-b71b-7569-b52e-ccac3c1c1632"
23:05:06.588 [debug] Listener received notification on channel "event_store.events" with payload: "019cfe0b-b71b-7569-b52e-ccac3c1c1632,6602,1,1"
23:05:06.588 [debug] Listener received notification on channel "event_store.events" with payload: "$all,0,9184,9184"
23:05:06.589 [debug] Nexus.Treasury.Aggregates.Reconciliation<019cfe0b-b71b-7569-b52e-ccac3c1c1632@1> received events: [%Commanded.EventStore.RecordedEvent{event_id: "9873faab-3544-4763-b94d-0f97a07767cd", event_number: 1, stream_id: "019cfe0b-b71b-7569-b52e-ccac3c1c1632", stream_version: 1, causation_id: "27bc8891-93ea-4299-9b95-b721f4f84574", correlation_id: "aec0826c-db71-4b97-939e-d57fa9447304", event_type: "Elixir.Nexus.Treasury.Events.TransactionReconciled", data: %Nexus.Treasury.Events.TransactionReconciled{org_id: "019cfe0b-b70c-74db-bddf-8986c1f6bc58", reconciliation_id: "019cfe0b-b71b-7569-b52e-ccac3c1c1632", invoice_id: "019cfe0b-b70f-77bc-8cad-4ddf9a7c394f", statement_id: "019cfe0b-b715-734d-9a55-eee602201fbe", statement_line_id: "019cfe0b-b715-7154-93b5-c86de4adcdbe", amount: "1500.0", variance: nil, variance_reason: nil, actor_email: "system@nexus.ai", currency: "EUR", timestamp: "2026-03-17T23:05:06.587117Z"}, created_at: ~U[2026-03-17 23:05:06.587898Z], metadata: %{"causation_id" => "019cfe0b-b71b-7960-b7f9-49a85dd2b95e", "correlation_id" => "019cfe0b-b71b-7960-b7f9-49a85dd2b95e"}}]
23:05:06.589 [debug] QUERY OK db=0.1ms
begin []
23:05:06.590 [debug] QUERY OK source="projection_versions" db=0.2ms
INSERT INTO "projection_versions" AS p0 ("projection_name","last_seen_event_number","inserted_at","updated_at") VALUES ($1,$2,$3,$4) ON CONFLICT ("projection_name") DO UPDATE SET "last_seen_event_number" = $5 WHERE ((p0."projection_name" = $6) AND (p0."last_seen_event_number" < $7)) ["Treasury.ReconciliationProjector", 1, ~N[2026-03-17 23:05:06.589921], ~N[2026-03-17 23:05:06.589921], 1, "Treasury.ReconciliationProjector", 1]
23:05:06.591 [debug] QUERY OK source="treasury_reconciliations" db=0.3ms
INSERT INTO "treasury_reconciliations" AS t0 ("status","currency","amount","org_id","statement_id","reconciliation_id","invoice_id","statement_line_id","actor_email","variance","matched_at","created_at","updated_at") VALUES ($1,$2,$3,$4,$5,$6,$7,$8,$9,$10,$11,$12,$13) ON CONFLICT ("reconciliation_id") DO UPDATE SET "status" = $14, "actor_email" = $15, "matched_at" = $16 [:matched, "EUR", Decimal.new("1500.0"), "019cfe0b-b70c-74db-bddf-8986c1f6bc58", "019cfe0b-b715-734d-9a55-eee602201fbe", "019cfe0b-b71b-7569-b52e-ccac3c1c1632", "019cfe0b-b70f-77bc-8cad-4ddf9a7c394f", "019cfe0b-b715-7154-93b5-c86de4adcdbe", "system@nexus.ai", Decimal.new("0.00"), ~U[2026-03-17 23:05:06.587117Z], ~U[2026-03-17 23:05:06.590474Z], ~U[2026-03-17 23:05:06.590474Z], :matched, "system@nexus.ai", ~U[2026-03-17 23:05:06.587117Z]]
23:05:06.591 [debug] QUERY OK source="erp_invoices" db=0.4ms
UPDATE "erp_invoices" AS e0 SET "status" = $1 WHERE (e0."id" = $2) ["matched", "019cfe0b-b70f-77bc-8cad-4ddf9a7c394f"]
23:05:06.592 [debug] QUERY OK source="erp_statement_lines" db=0.5ms
UPDATE "erp_statement_lines" AS e0 SET "status" = $1 WHERE (e0."id" = $2) ["matched", "019cfe0b-b715-7154-93b5-c86de4adcdbe"]
23:05:06.592 [debug] QUERY OK source="erp_statements" db=0.5ms
UPDATE "erp_statements" AS e0 SET "matched_count" = e0."matched_count" + $1 WHERE (e0."id" = $2) [1, "019cfe0b-b715-734d-9a55-eee602201fbe"]
23:05:06.593 [debug] QUERY OK db=0.1ms
commit []
23:05:06.595 [debug] Listener received notification on channel "event_store.events" with payload: "Treasury.ReconciliationManager-019cfe0b-b70c-74db-bddf-8986c1f6bc58,6600,2,2"
23:05:06.595 [debug] Appended 1 event(s) to stream "Treasury.ReconciliationManager-019cfe0b-b70c-74db-bddf-8986c1f6bc58"
23:05:06.595 [debug] Listener received notification on channel "event_store.events" with payload: "$all,0,9185,9185"
23:05:06.595 [debug] QUERY OK source="erp_statement_lines" db=0.4ms
SELECT e0."id", e0."statement_id", e0."org_id", e0."date", e0."ref", e0."amount", e0."currency", e0."narrative", e0."status", e0."error_message", e0."metadata", e0."created_at", e0."updated_at" FROM "erp_statement_lines" AS e0 WHERE (e0."statement_id" = $1) ["019cfe0b-b715-734d-9a55-eee602201fbe"]
23:05:06.595 [info] 		[36mGiven [32mthe following statement lines exist:
23:05:06.595 [info] 		[36mWhen [32mthe matching engine runs
23:05:06.596 [debug] QUERY OK source="treasury_reconciliations" db=0.6ms
SELECT t0."reconciliation_id", t0."org_id", t0."invoice_id", t0."statement_id", t0."statement_line_id", t0."amount", t0."variance", t0."variance_reason", t0."actor_email", t0."currency", t0."status", t0."matched_at", t0."created_at", t0."updated_at" FROM "treasury_reconciliations" AS t0 WHERE (t0."invoice_id" = $1) ["019cfe0b-b70f-77bc-8cad-4ddf9a7c394f"]
.23:05:06.596 [info] 		[36mThen [32mthe invoice "INV-1001" and statement line "STMT-LINE-A" should be reconciled
23:05:06.597 [debug] QUERY OK source="treasury_reconciliations" db=0.5ms
DELETE FROM "treasury_reconciliations" AS t0 []
23:05:06.598 [debug] QUERY OK source="erp_statement_lines" db=0.4ms
DELETE FROM "erp_statement_lines" AS e0 []
23:05:06.598 [debug] QUERY OK source="erp_statements" db=0.4ms
DELETE FROM "erp_statements" AS e0 []
23:05:06.599 [debug] QUERY OK source="erp_invoices" db=0.6ms
DELETE FROM "erp_invoices" AS e0 []
23:05:06.599 [debug] QUERY OK db=0.2ms
DELETE FROM projection_versions []
23:05:06.599 [debug] Locating aggregate process for `Nexus.ERP.Aggregates.Statement` with UUID "019cfe0b-b727-74f3-bd4a-8bf831817238"
23:05:06.600 [debug] Nexus.ERP.Aggregates.Statement<019cfe0b-b727-74f3-bd4a-8bf831817238@0> executing command: %Nexus.ERP.Commands.UploadStatement{statement_id: "019cfe0b-b727-74f3-bd4a-8bf831817238", org_id: "019cfe0b-b724-746a-a545-34b62c4edd93", filename: "test.csv", format: "csv", raw_content: "date,ref,amount,currency,narrative\n2024-02-25,REF-STMT-LINE-B,-999.0,USD,Test matching", uploaded_at: ~U[2026-03-17 23:05:06.599708Z]}
23:05:06.601 [debug] Appended 1 event(s) to stream "019cfe0b-b727-74f3-bd4a-8bf831817238"
23:05:06.601 [debug] Listener received notification on channel "event_store.events" with payload: "019cfe0b-b727-74f3-bd4a-8bf831817238,6603,1,1"
23:05:06.601 [debug] Listener received notification on channel "event_store.events" with payload: "$all,0,9186,9186"
23:05:06.602 [debug] Nexus.ERP.Aggregates.Statement<019cfe0b-b727-74f3-bd4a-8bf831817238@1> received events: [%Commanded.EventStore.RecordedEvent{event_id: "6fb6ae07-eaff-401b-a4bb-ec1dbde8a0e0", event_number: 1, stream_id: "019cfe0b-b727-74f3-bd4a-8bf831817238", stream_version: 1, causation_id: "3462f6f3-25a9-41ce-9ab4-63a4753a9056", correlation_id: "1b7326cc-5da0-4b7c-9a5c-e327c80b09c6", event_type: "Elixir.Nexus.ERP.Events.StatementUploaded", data: %Nexus.ERP.Events.StatementUploaded{statement_id: "019cfe0b-b727-74f3-bd4a-8bf831817238", org_id: "019cfe0b-b724-746a-a545-34b62c4edd93", filename: "test.csv", format: "csv", lines: [%{id: "019cfe0b-b728-763b-b113-798b50d80a39", status: "unmatched", date: "2024-02-25", metadata: %{}, currency: "USD", ref: "REF-STMT-LINE-B", amount: "-999.0", narrative: "Test matching"}], uploaded_at: "2026-03-17T23:05:06.599708Z", content_hash: "FEA32210E48AFF9FC975B88310541DF87D6707B5F282A6690CFBAF3F80434BA5"}, created_at: ~U[2026-03-17 23:05:06.600478Z], metadata: %{"causation_id" => "019cfe0b-b727-7e20-80c2-d79c7196a2c3", "correlation_id" => "019cfe0b-b727-7e20-80c2-d79c7196a2c3"}}]
23:05:06.602 [debug] QUERY OK source="erp_statements" db=0.4ms
SELECT count(e0."id") FROM "erp_statements" AS e0 WHERE ((e0."org_id" = $1) AND (e0."filename" = $2)) ["019cfe0b-b724-746a-a545-34b62c4edd93", "test.csv"]
23:05:06.603 [debug] QUERY OK db=0.1ms
begin []
23:05:06.603 [debug] QUERY OK source="projection_versions" db=0.1ms
INSERT INTO "projection_versions" AS p0 ("projection_name","last_seen_event_number","inserted_at","updated_at") VALUES ($1,$2,$3,$4) ON CONFLICT ("projection_name") DO UPDATE SET "last_seen_event_number" = $5 WHERE ((p0."projection_name" = $6) AND (p0."last_seen_event_number" < $7)) ["ERP.StatementProjector", 1, ~N[2026-03-17 23:05:06.603156], ~N[2026-03-17 23:05:06.603156], 1, "ERP.StatementProjector", 1]
23:05:06.603 [debug] QUERY OK source="erp_statements" db=0.1ms
INSERT INTO "erp_statements" ("id","status","filename","format","org_id","uploaded_at","matched_count","overlap_warning","line_count","content_hash","created_at","updated_at") VALUES ($1,$2,$3,$4,$5,$6,$7,$8,$9,$10,$11,$12) ON CONFLICT ("id") DO NOTHING ["019cfe0b-b727-74f3-bd4a-8bf831817238", "uploaded", "test.csv", "csv", "019cfe0b-b724-746a-a545-34b62c4edd93", ~U[2026-03-17 23:05:06.599708Z], 0, false, 1, "FEA32210E48AFF9FC975B88310541DF87D6707B5F282A6690CFBAF3F80434BA5", ~U[2026-03-17 23:05:06.603417Z], ~U[2026-03-17 23:05:06.603417Z]]
23:05:06.604 [debug] QUERY OK source="erp_statement_lines" db=0.2ms
INSERT INTO "erp_statement_lines" ("id","status","date","metadata","currency","ref","amount","org_id","statement_id","narrative","created_at","updated_at") VALUES ($1,$2,$3,$4,$5,$6,$7,$8,$9,$10,$11,$12) ON CONFLICT ("id") DO NOTHING ["019cfe0b-b728-763b-b113-798b50d80a39", "unmatched", "2024-02-25", %{}, "USD", "REF-STMT-LINE-B", Decimal.new("-999.0"), "019cfe0b-b724-746a-a545-34b62c4edd93", "019cfe0b-b727-74f3-bd4a-8bf831817238", "Test matching", ~U[2026-03-17 23:05:06.603786Z], ~U[2026-03-17 23:05:06.603786Z]]
23:05:06.604 [debug] QUERY OK db=0.1ms
commit []
23:05:06.605 [debug] Appended 1 event(s) to stream "Treasury.ReconciliationManager-019cfe0b-b724-746a-a545-34b62c4edd93"
23:05:06.605 [debug] Listener received notification on channel "event_store.events" with payload: "Treasury.ReconciliationManager-019cfe0b-b724-746a-a545-34b62c4edd93,6604,1,1"
23:05:06.605 [debug] Listener received notification on channel "event_store.events" with payload: "$all,0,9187,9187"
23:05:06.606 [debug] QUERY OK source="erp_statement_lines" db=0.5ms
SELECT e0."id", e0."statement_id", e0."org_id", e0."date", e0."ref", e0."amount", e0."currency", e0."narrative", e0."status", e0."error_message", e0."metadata", e0."created_at", e0."updated_at" FROM "erp_statement_lines" AS e0 WHERE (e0."statement_id" = $1) ["019cfe0b-b727-74f3-bd4a-8bf831817238"]
23:05:06.606 [info] 		[36mGiven [32mthe following statement lines exist:
23:05:06.606 [info] 		[36mWhen [32mthe matching engine runs
23:05:06.607 [debug] QUERY OK source="erp_statement_lines" db=0.2ms queue=0.3ms
SELECT e0."id", e0."statement_id", e0."org_id", e0."date", e0."ref", e0."amount", e0."currency", e0."narrative", e0."status", e0."error_message", e0."metadata", e0."created_at", e0."updated_at" FROM "erp_statement_lines" AS e0 WHERE (e0."id" = $1) ["019cfe0b-b728-763b-b113-798b50d80a39"]
23:05:06.608 [debug] QUERY OK source="treasury_reconciliations" db=0.3ms queue=0.2ms
SELECT t0."reconciliation_id", t0."org_id", t0."invoice_id", t0."statement_id", t0."statement_line_id", t0."amount", t0."variance", t0."variance_reason", t0."actor_email", t0."currency", t0."status", t0."matched_at", t0."created_at", t0."updated_at" FROM "treasury_reconciliations" AS t0 WHERE (t0."statement_line_id" = $1) ["019cfe0b-b728-763b-b113-798b50d80a39"]
23:05:06.608 [info] 		[36mThen [32ma settlement unmatched exception should be recorded for "STMT-LINE-B"
.23:05:06.609 [debug] QUERY OK source="treasury_vaults" db=0.5ms queue=0.1ms
INSERT INTO "treasury_vaults" ("id","name","status","balance","currency","provider","org_id","bank_name","created_at","updated_at") VALUES ($1,$2,$3,$4,$5,$6,$7,$8,$9,$10) ["vault-eur-1", "EUR Operating", "active", Decimal.new("10000000"), "EUR", "paystack", "0e6e9072-7dc8-4cdc-bd8e-597c326f714f", "Paystack", ~U[2026-03-17 23:05:06.608606Z], ~U[2026-03-17 23:05:06.608606Z]]
23:05:06.609 [info] [Treasury] [Rebalance] Deficit detected for USD: -500000.00
23:05:06.612 [debug] QUERY OK source="treasury_vaults" db=0.3ms queue=0.4ms
SELECT t0."id", t0."org_id", t0."name", t0."bank_name", t0."account_number", t0."iban", t0."currency", t0."balance", t0."provider", t0."status", t0."created_at", t0."updated_at" FROM "treasury_vaults" AS t0 WHERE (((t0."org_id" = $1) AND (t0."currency" = $2)) AND (t0."status" = 'active')) LIMIT 1 ["0e6e9072-7dc8-4cdc-bd8e-597c326f714f", "EUR"]
.23:05:06.615 [debug] QUERY OK source="treasury_market_ticks" db=1.2ms queue=0.2ms
DELETE FROM "treasury_market_ticks" AS t0 []
23:05:06.618 [debug] QUERY OK db=0.1ms
begin []
23:05:06.618 [debug] QUERY OK source="projection_versions" db=0.2ms
INSERT INTO "projection_versions" AS p0 ("projection_name","last_seen_event_number","inserted_at","updated_at") VALUES ($1,$2,$3,$4) ON CONFLICT ("projection_name") DO UPDATE SET "last_seen_event_number" = $5 WHERE ((p0."projection_name" = $6) AND (p0."last_seen_event_number" < $7)) ["Treasury.MarketTickProjector", 1, ~N[2026-03-17 23:05:06.618607], ~N[2026-03-17 23:05:06.618607], 1, "Treasury.MarketTickProjector", 1]
23:05:06.619 [debug] QUERY OK source="treasury_market_ticks" db=0.5ms
INSERT INTO "treasury_market_ticks" ("id","pair","price","tick_time","created_at","updated_at") VALUES ($1,$2,$3,$4,$5,$6) ["019cfe0b-b73a-7d0e-b081-94cef0bd2edd", "EUR/USD", Decimal.new("1.0850"), ~U[2026-03-17 23:05:06.615375Z], ~U[2026-03-17 23:05:06.618906Z], ~U[2026-03-17 23:05:06.618906Z]]
23:05:06.619 [debug] QUERY OK db=0.1ms
commit []
23:05:06.620 [debug] QUERY OK source="treasury_market_ticks" db=0.5ms queue=0.1ms
SELECT t0."id", t0."pair", t0."price", t0."tick_time", t0."created_at", t0."updated_at" FROM "treasury_market_ticks" AS t0 WHERE (t0."pair" = 'EUR/USD') []
.23:05:06.622 [debug] Locating aggregate process for `Nexus.CrossDomain.Aggregates.Notification` with UUID "019cfe0b-b73e-7052-802e-02ceef0c9d61"
23:05:06.625 [debug] Nexus.CrossDomain.Aggregates.Notification<019cfe0b-b73e-7052-802e-02ceef0c9d61@0> executing command: %Nexus.CrossDomain.Commands.CreateNotification{id: "019cfe0b-b73e-7052-802e-02ceef0c9d61", org_id: "019cfe0b-b73c-7609-ae0e-44c32f90c361", user_id: nil, type: "treasury_alert", title: "Policy Alert: EUR/USD", body: "Exposure of 55000 exceeded threshold of 50000.", metadata: %{threshold: Decimal.new("50000"), exposure_amount: Decimal.new("55000"), currency_pair: "EUR/USD"}}
23:05:06.628 [debug] Appended 1 event(s) to stream "019cfe0b-b73e-7052-802e-02ceef0c9d61"
23:05:06.628 [debug] Listener received notification on channel "event_store.events" with payload: "019cfe0b-b73e-7052-802e-02ceef0c9d61,6605,1,1"
23:05:06.628 [debug] Listener received notification on channel "event_store.events" with payload: "$all,0,9188,9188"
23:05:06.628 [debug] Subscription "15054592-47a0-4f90-87be-d946087f630c"@"$all" attempting to connect subscriber #PID<0.1356.0>
23:05:06.628 [debug] Attempting to create subscription on stream "$all" named "15054592-47a0-4f90-87be-d946087f630c" starting from #0
23:05:06.629 [debug] Created subscription on stream "$all" named "15054592-47a0-4f90-87be-d946087f630c"
23:05:06.630 [debug] Nexus.CrossDomain.Aggregates.Notification<019cfe0b-b73e-7052-802e-02ceef0c9d61@1> received events: [%Commanded.EventStore.RecordedEvent{event_id: "d38783b7-90f4-4a20-a892-d19f52b103a0", event_number: 1, stream_id: "019cfe0b-b73e-7052-802e-02ceef0c9d61", stream_version: 1, causation_id: "28625f6a-706b-4e86-ba00-6ff8cef160aa", correlation_id: "c3d6fa75-1547-4cad-b4ee-2b4a822a8afb", event_type: "Elixir.Nexus.CrossDomain.Events.NotificationCreated", data: %Nexus.CrossDomain.Events.NotificationCreated{id: "019cfe0b-b73e-7052-802e-02ceef0c9d61", org_id: "019cfe0b-b73c-7609-ae0e-44c32f90c361", user_id: nil, type: "treasury_alert", title: "Policy Alert: EUR/USD", body: "Exposure of 55000 exceeded threshold of 50000.", metadata: %{threshold: "50000", exposure_amount: "55000", currency_pair: "EUR/USD"}, timestamp: "2026-03-17T23:05:06.625445Z"}, created_at: ~U[2026-03-17 23:05:06.625934Z], metadata: %{"causation_id" => "019cfe0b-b73e-7b0b-a7cb-276786a4f187", "correlation_id" => "019cfe0b-b73e-7b0b-a7cb-276786a4f187"}}]
23:05:06.630 [debug] Subscription "15054592-47a0-4f90-87be-d946087f630c"@"$all" catching-up
23:05:06.644 [debug] Subscription "15054592-47a0-4f90-87be-d946087f630c"@"$all" received 1 event(s)
23:05:07.220 [info] client error exporting {:failed_connect,
 [
   {:to_address, {~c"localhost", 4318}},
   {:inet6, [:inet6], :econnrefused},
   {:inet, [:inet], :econnrefused}
 ]}
23:05:08.553 [debug] Subscription "15054592-47a0-4f90-87be-d946087f630c"@"$all" has no subscribers, shutting down
23:05:08.553 [debug] Attempting to delete subscription on stream "$all" named "15054592-47a0-4f90-87be-d946087f630c"
23:05:08.553 [debug] Deleted subscription to stream "$all" named "15054592-47a0-4f90-87be-d946087f630c"
23:05:08.558 [debug] QUERY OK db=0.1ms
begin []
23:05:08.558 [debug] QUERY OK source="projection_versions" db=0.1ms
INSERT INTO "public"."projection_versions" AS p0 ("projection_name","last_seen_event_number","inserted_at","updated_at") VALUES ($1,$2,$3,$4) ON CONFLICT ("projection_name") DO UPDATE SET "last_seen_event_number" = $5 WHERE ((p0."projection_name" = $6) AND (p0."last_seen_event_number" < $7)) ["CrossDomain.NotificationProjector", 9188, ~N[2026-03-17 23:05:08.558092], ~N[2026-03-17 23:05:08.558092], 9188, "CrossDomain.NotificationProjector", 9188]
23:05:08.558 [debug] QUERY OK source="cross_domain_notifications" db=0.2ms
INSERT INTO "cross_domain_notifications" ("id","type","title","metadata","body","org_id","created_at","updated_at") VALUES ($1,$2,$3,$4,$5,$6,$7,$8) ON CONFLICT DO NOTHING ["019cfe0b-b73e-7052-802e-02ceef0c9d61", "treasury_alert", "Policy Alert: EUR/USD", %{threshold: "50000", exposure_amount: "55000", currency_pair: "EUR/USD"}, "Exposure of 55000 exceeded threshold of 50000.", "019cfe0b-b73c-7609-ae0e-44c32f90c361", ~U[2026-03-17 23:05:06.625445Z], ~U[2026-03-17 23:05:08.558428Z]]
23:05:08.558 [debug] QUERY OK db=0.1ms
commit []
23:05:08.560 [debug] QUERY OK source="cross_domain_notifications" db=0.3ms queue=0.1ms
SELECT c0."id", c0."org_id", c0."user_id", c0."type", c0."title", c0."body", c0."metadata", c0."read_at", c0."created_at", c0."updated_at" FROM "cross_domain_notifications" AS c0 WHERE (c0."id" = $1) ["019cfe0b-b73e-7052-802e-02ceef0c9d61"]
.23:05:08.560 [debug] QUERY OK source="users" db=0.3ms
DELETE FROM "users" AS u0 []
23:05:08.561 [debug] QUERY OK db=0.1ms
DELETE FROM projection_versions []
23:05:08.562 [debug] [Identity] Challenge stored for session 019cfe0b-bed2-777c-8fb5-fdb4ff8d5605 (expires at 2026-03-17 23:15:08.562326Z)
23:05:08.562 [debug] Locating aggregate process for `Nexus.Identity.Aggregates.User` with UUID "019cfe0b-bed2-777c-8fb5-fdb4ff8d5605"
23:05:08.562 [debug] Nexus.Identity.Aggregates.User<019cfe0b-bed2-777c-8fb5-fdb4ff8d5605@0> executing command: %Nexus.Identity.Commands.RegisterUser{user_id: "019cfe0b-bed2-777c-8fb5-fdb4ff8d5605", org_id: "019cfe0b-bed2-7fb2-9996-86e9422979e1", email: "bernard@example.com", cose_key: "mock_cose_key", credential_id: "mock_cred_123", role: "trader", display_name: nil, registered_at: ~U[2026-03-17 23:05:08.562358Z]}
23:05:08.563 [debug] Appended 1 event(s) to stream "019cfe0b-bed2-777c-8fb5-fdb4ff8d5605"
23:05:08.563 [debug] Listener received notification on channel "event_store.events" with payload: "019cfe0b-bed2-777c-8fb5-fdb4ff8d5605,6606,1,1"
23:05:08.563 [debug] Listener received notification on channel "event_store.events" with payload: "$all,0,9189,9189"
23:05:08.564 [debug] Nexus.Identity.Aggregates.User<019cfe0b-bed2-777c-8fb5-fdb4ff8d5605@1> received events: [%Commanded.EventStore.RecordedEvent{event_id: "fe7ac843-9ccb-4d88-a6ee-bc3d4e64365f", event_number: 1, stream_id: "019cfe0b-bed2-777c-8fb5-fdb4ff8d5605", stream_version: 1, causation_id: "f6059b4f-9044-4a20-9323-0007ee04013a", correlation_id: "3304c20a-0647-4d49-999b-31b6e2682cde", event_type: "Elixir.Nexus.Identity.Events.UserRegistered", data: %Nexus.Identity.Events.UserRegistered{user_id: "019cfe0b-bed2-777c-8fb5-fdb4ff8d5605", org_id: "019cfe0b-bed2-7fb2-9996-86e9422979e1", email: "bernard@example.com", role: "trader", cose_key: "mock_cose_key", credential_id: "mock_cred_123", registered_at: "2026-03-17T23:05:08.562358Z", display_name: nil, status: "active"}, created_at: ~U[2026-03-17 23:05:08.563155Z], metadata: %{"causation_id" => "019cfe0b-bed2-728b-8c62-9818eb376223", "correlation_id" => "019cfe0b-bed2-728b-8c62-9818eb376223"}}]
23:05:08.564 [debug] QUERY OK db=0.0ms
begin []
23:05:08.564 [debug] QUERY OK source="projection_versions" db=0.1ms
INSERT INTO "projection_versions" AS p0 ("projection_name","last_seen_event_number","inserted_at","updated_at") VALUES ($1,$2,$3,$4) ON CONFLICT ("projection_name") DO UPDATE SET "last_seen_event_number" = $5 WHERE ((p0."projection_name" = $6) AND (p0."last_seen_event_number" < $7)) ["Identity.Projectors.UserRegistrationProjector", 1, ~N[2026-03-17 23:05:08.564436], ~N[2026-03-17 23:05:08.564436], 1, "Identity.Projectors.UserRegistrationProjector", 1]
23:05:08.565 [debug] QUERY OK source="users" db=0.2ms
SELECT u0."id", u0."org_id", u0."email", u0."display_name", u0."role", u0."status", u0."cose_key", u0."credential_id", u0."created_at", u0."updated_at" FROM "users" AS u0 WHERE (u0."id" = $1) ["019cfe0b-bed2-777c-8fb5-fdb4ff8d5605"]
23:05:08.565 [debug] QUERY OK source="users" db=0.1ms
SELECT u0."id", u0."org_id", u0."email", u0."display_name", u0."role", u0."status", u0."cose_key", u0."credential_id", u0."created_at", u0."updated_at" FROM "users" AS u0 WHERE (u0."email" = $1) ["bernard@example.com"]
23:05:08.565 [debug] QUERY OK source="users" db=0.1ms
INSERT INTO "users" ("id","status","role","org_id","email","cose_key","credential_id","created_at","updated_at") VALUES ($1,$2,$3,$4,$5,$6,$7,$8,$9) ["019cfe0b-bed2-777c-8fb5-fdb4ff8d5605", "active", "trader", "019cfe0b-bed2-7fb2-9996-86e9422979e1", "bernard@example.com", "mock_cose_key", "mock_cred_123", ~U[2026-03-17 23:05:08.565198Z], ~U[2026-03-17 23:05:08.565198Z]]
23:05:08.565 [debug] QUERY OK source="identity_user_settings" db=0.3ms
SELECT i0."user_id", i0."org_id", i0."locale", i0."timezone", i0."notifications_enabled", i0."created_at", i0."updated_at" FROM "identity_user_settings" AS i0 WHERE (i0."user_id" = $1) ["019cfe0b-bed2-777c-8fb5-fdb4ff8d5605"]
23:05:08.566 [debug] QUERY OK source="identity_user_settings" db=0.1ms
INSERT INTO "identity_user_settings" ("user_id","locale","org_id","timezone","notifications_enabled","created_at","updated_at") VALUES ($1,$2,$3,$4,$5,$6,$7) ["019cfe0b-bed2-777c-8fb5-fdb4ff8d5605", "en", "019cfe0b-bed2-7fb2-9996-86e9422979e1", "UTC", true, ~U[2026-03-17 23:05:08.565801Z], ~U[2026-03-17 23:05:08.565801Z]]
23:05:08.566 [debug] QUERY OK db=0.1ms
commit []
23:05:08.566 [info] 		[36mGiven [32ma user "bernard" is registered with a public key under "Nexus Corp" with role "trader"
23:05:08.566 [info] 		[36mGiven [32ma valid session ID "session_123"
23:05:08.566 [debug] [Identity] Challenge stored for session session_123 (expires at 2026-03-17 23:15:08.566611Z)
23:05:08.566 [info] 		[36mWhen [32mthe system generates a biometric challenge for "session_123"
23:05:08.566 [debug] [Identity] Challenge popped successfully for session_123
23:05:08.566 [debug] Locating aggregate process for `Nexus.Identity.Aggregates.User` with UUID "019cfe0b-bed2-777c-8fb5-fdb4ff8d5605"
23:05:08.566 [debug] Nexus.Identity.Aggregates.User<019cfe0b-bed2-777c-8fb5-fdb4ff8d5605@1> executing command: %Nexus.Identity.Commands.VerifyBiometric{user_id: "019cfe0b-bed2-777c-8fb5-fdb4ff8d5605", org_id: "019cfe0b-bed2-7fb2-9996-86e9422979e1", challenge_id: "session_123", verified_at: ~U[2026-03-17 23:05:08.566649Z]}
23:05:08.568 [debug] Appended 1 event(s) to stream "019cfe0b-bed2-777c-8fb5-fdb4ff8d5605"
23:05:08.568 [debug] Listener received notification on channel "event_store.events" with payload: "019cfe0b-bed2-777c-8fb5-fdb4ff8d5605,6606,2,2"
23:05:08.568 [info] 		[36mWhen [32m"bernard" signs the challenge with their hardware sensor
23:05:08.568 [error] [Identity] Challenge not found for session session_123
23:05:08.568 [debug] Listener received notification on channel "event_store.events" with payload: "$all,0,9190,9190"
23:05:08.568 [info] 		[36mThen [32mthe challenge should be successfully popped from the ETS store
23:05:08.568 [info] 		[36mThen [32mthe biometric signature should be verified as authentic
23:05:08.569 [debug] Nexus.Identity.Aggregates.User<019cfe0b-bed2-777c-8fb5-fdb4ff8d5605@2> received events: [%Commanded.EventStore.RecordedEvent{event_id: "5aedb977-bfe8-49dd-9d87-313e73f956f0", event_number: 2, stream_id: "019cfe0b-bed2-777c-8fb5-fdb4ff8d5605", stream_version: 2, causation_id: "027b6ec4-da6d-451d-864c-b2738f4a8416", correlation_id: "b0943624-ae9c-475a-b573-37add7cd7044", event_type: "Elixir.Nexus.Identity.Events.BiometricVerified", data: %Nexus.Identity.Events.BiometricVerified{user_id: "019cfe0b-bed2-777c-8fb5-fdb4ff8d5605", org_id: "019cfe0b-bed2-7fb2-9996-86e9422979e1", handshake_id: "session_123", verified_at: "2026-03-17T23:05:08.566649Z"}, created_at: ~U[2026-03-17 23:05:08.566881Z], metadata: %{"causation_id" => "019cfe0b-bed6-7dfb-a53b-b0b26001017f", "correlation_id" => "019cfe0b-bed6-7dfb-a53b-b0b26001017f"}}]
23:05:08.569 [info] 		[36mThen [32ma "BiometricVerified" event should be emitted
23:05:08.569 [debug] QUERY OK source="users" db=0.3ms
SELECT u0."id", u0."org_id", u0."email", u0."display_name", u0."role", u0."status", u0."cose_key", u0."credential_id", u0."created_at", u0."updated_at" FROM "users" AS u0 WHERE (u0."id" = $1) ["019cfe0b-bed2-777c-8fb5-fdb4ff8d5605"]
23:05:08.569 [info] 		[36mThen [32mthe user should be "found in the database" with their public key
.23:05:08.570 [debug] QUERY OK source="treasury_policy_alerts" db=0.2ms
DELETE FROM "treasury_policy_alerts" AS t0 []
23:05:08.572 [debug] QUERY OK source="treasury_policy_audit_logs" db=0.3ms queue=0.1ms
DELETE FROM "treasury_policy_audit_logs" AS t0 []
23:05:08.572 [debug] QUERY OK source="treasury_policies" db=0.2ms
DELETE FROM "treasury_policies" AS t0 []
23:05:08.572 [debug] QUERY OK source="projection_versions" db=0.1ms
DELETE FROM "projection_versions" AS p0 WHERE (p0."projection_name" IN ('Treasury.PolicyProjector')) []
23:05:08.572 [debug] Locating aggregate process for `Nexus.Treasury.Aggregates.Policy` with UUID "d0273d62-1cb6-4049-be6f-220110e943e7"
23:05:08.572 [debug] Nexus.Treasury.Aggregates.Policy<d0273d62-1cb6-4049-be6f-220110e943e7@0> executing command: %Nexus.Treasury.Commands.SetPolicyMode{policy_id: "d0273d62-1cb6-4049-be6f-220110e943e7", org_id: "d0273d62-1cb6-4049-be6f-220110e943e7", mode: "strict", threshold: Decimal.new("50000"), actor_email: "test@example.com", changed_at: ~U[2026-03-17 23:05:08.572715Z]}
23:05:08.574 [debug] Appended 1 event(s) to stream "d0273d62-1cb6-4049-be6f-220110e943e7"
23:05:08.574 [debug] Listener received notification on channel "event_store.events" with payload: "d0273d62-1cb6-4049-be6f-220110e943e7,6607,1,1"
23:05:08.574 [debug] Listener received notification on channel "event_store.events" with payload: "$all,0,9191,9191"
23:05:08.575 [debug] QUERY OK db=0.0ms
begin []
23:05:08.575 [debug] Nexus.Treasury.Aggregates.Policy<d0273d62-1cb6-4049-be6f-220110e943e7@1> received events: [%Commanded.EventStore.RecordedEvent{event_id: "e9e64422-5049-44fd-a2f6-a4b117f5f0d7", event_number: 1, stream_id: "d0273d62-1cb6-4049-be6f-220110e943e7", stream_version: 1, causation_id: "7a6504bf-a750-432a-9d13-12dbc63ff984", correlation_id: "2e7f530f-affc-4581-bcae-e880998f7229", event_type: "Elixir.Nexus.Treasury.Events.PolicyModeChanged", data: %Nexus.Treasury.Events.PolicyModeChanged{policy_id: "d0273d62-1cb6-4049-be6f-220110e943e7", org_id: "d0273d62-1cb6-4049-be6f-220110e943e7", mode: "strict", threshold: "50000", actor_email: "test@example.com", changed_at: "2026-03-17T23:05:08.572715Z"}, created_at: ~U[2026-03-17 23:05:08.573138Z], metadata: %{"causation_id" => "019cfe0b-bedc-7893-9d18-504b1afa6ab0", "correlation_id" => "019cfe0b-bedc-7893-9d18-504b1afa6ab0"}}]
23:05:08.575 [debug] QUERY OK source="projection_versions" db=0.2ms
INSERT INTO "projection_versions" AS p0 ("projection_name","last_seen_event_number","inserted_at","updated_at") VALUES ($1,$2,$3,$4) ON CONFLICT ("projection_name") DO UPDATE SET "last_seen_event_number" = $5 WHERE ((p0."projection_name" = $6) AND (p0."last_seen_event_number" < $7)) ["Treasury.PolicyProjector", 1, ~N[2026-03-17 23:05:08.575093], ~N[2026-03-17 23:05:08.575093], 1, "Treasury.PolicyProjector", 1]
23:05:08.575 [debug] QUERY OK source="treasury_policies" db=0.1ms
INSERT INTO "treasury_policies" ("id","mode","org_id","mode_thresholds","transfer_threshold","reporting_currency","created_at","updated_at") VALUES ($1,$2,$3,$4,$5,$6,$7,$8) ON CONFLICT ("org_id") DO UPDATE SET "mode" = EXCLUDED."mode","transfer_threshold" = EXCLUDED."transfer_threshold","updated_at" = EXCLUDED."updated_at" ["d0273d62-1cb6-4049-be6f-220110e943e7", "strict", "d0273d62-1cb6-4049-be6f-220110e943e7", %{"relaxed" => "10000000", "standard" => "1000000", "strict" => "50000"}, Decimal.new("50000"), "USD", ~U[2026-03-17 23:05:08.575548Z], ~U[2026-03-17 23:05:08.575548Z]]
23:05:08.576 [debug] QUERY OK source="treasury_policy_audit_logs" db=0.1ms
INSERT INTO "treasury_policy_audit_logs" ("id","mode","threshold","org_id","actor_email","changed_at","created_at","updated_at") VALUES ($1,$2,$3,$4,$5,$6,$7,$8) ["019cfe0b-bede-7609-af01-95d1a9a81728", "strict", Decimal.new("50000"), "d0273d62-1cb6-4049-be6f-220110e943e7", "test@example.com", ~U[2026-03-17 23:05:08.574890Z], ~U[2026-03-17 23:05:08.575900Z], ~U[2026-03-17 23:05:08.575900Z]]
23:05:08.576 [debug] QUERY OK db=0.0ms
commit []
23:05:08.576 [info] 		[36mGiven [32mthe organization "Nexus Corp" is on "strict" mode
23:05:08.576 [info] 		[36mGiven [32mthe strict mode threshold is "50000"
23:05:08.576 [debug] Locating aggregate process for `Nexus.Treasury.Aggregates.Policy` with UUID "d0273d62-1cb6-4049-be6f-220110e943e7"
23:05:08.576 [debug] Nexus.Treasury.Aggregates.Policy<d0273d62-1cb6-4049-be6f-220110e943e7@1> executing command: %Nexus.Treasury.Commands.SetTransferThreshold{policy_id: "d0273d62-1cb6-4049-be6f-220110e943e7", org_id: "d0273d62-1cb6-4049-be6f-220110e943e7", threshold: Decimal.new("50000"), set_at: ~U[2026-03-17 23:05:08.576393Z]}
23:05:08.577 [debug] Appended 1 event(s) to stream "d0273d62-1cb6-4049-be6f-220110e943e7"
23:05:08.577 [debug] Listener received notification on channel "event_store.events" with payload: "d0273d62-1cb6-4049-be6f-220110e943e7,6607,2,2"
23:05:08.577 [debug] Listener received notification on channel "event_store.events" with payload: "$all,0,9192,9192"
23:05:08.577 [debug] QUERY OK db=0.1ms
begin []
23:05:08.577 [debug] Nexus.Treasury.Aggregates.Policy<d0273d62-1cb6-4049-be6f-220110e943e7@2> received events: [%Commanded.EventStore.RecordedEvent{event_id: "2beb0a64-1fc2-4b67-93f9-5bcb1609ddb3", event_number: 2, stream_id: "d0273d62-1cb6-4049-be6f-220110e943e7", stream_version: 2, causation_id: "4e8abb77-3e09-45d5-ab1b-c8873250855a", correlation_id: "5108bf77-e91d-4ccb-9fe3-e8fd49a53cfa", event_type: "Elixir.Nexus.Treasury.Events.TransferThresholdSet", data: %Nexus.Treasury.Events.TransferThresholdSet{policy_id: "d0273d62-1cb6-4049-be6f-220110e943e7", org_id: "d0273d62-1cb6-4049-be6f-220110e943e7", threshold: "50000", set_at: "2026-03-17T23:05:08.576393Z"}, created_at: ~U[2026-03-17 23:05:08.576719Z], metadata: %{"causation_id" => "019cfe0b-bee0-7ed2-a96b-0219e5d6d483", "correlation_id" => "019cfe0b-bee0-7ed2-a96b-0219e5d6d483"}}]
23:05:08.577 [debug] QUERY OK source="projection_versions" db=0.1ms
INSERT INTO "projection_versions" AS p0 ("projection_name","last_seen_event_number","inserted_at","updated_at") VALUES ($1,$2,$3,$4) ON CONFLICT ("projection_name") DO UPDATE SET "last_seen_event_number" = $5 WHERE ((p0."projection_name" = $6) AND (p0."last_seen_event_number" < $7)) ["Treasury.PolicyProjector", 2, ~N[2026-03-17 23:05:08.577446], ~N[2026-03-17 23:05:08.577446], 2, "Treasury.PolicyProjector", 2]
23:05:08.577 [debug] QUERY OK source="treasury_policies" db=0.1ms
INSERT INTO "treasury_policies" ("id","mode","org_id","mode_thresholds","transfer_threshold","reporting_currency","created_at","updated_at") VALUES ($1,$2,$3,$4,$5,$6,$7,$8) ON CONFLICT ("org_id") DO UPDATE SET "transfer_threshold" = EXCLUDED."transfer_threshold","updated_at" = EXCLUDED."updated_at" ["d0273d62-1cb6-4049-be6f-220110e943e7", "standard", "d0273d62-1cb6-4049-be6f-220110e943e7", %{"relaxed" => "10000000", "standard" => "1000000", "strict" => "50000"}, Decimal.new("50000"), "USD", ~U[2026-03-17 23:05:08.577677Z], ~U[2026-03-17 23:05:08.577677Z]]
23:05:08.578 [debug] QUERY OK db=0.0ms
commit []
23:05:08.578 [debug] Locating aggregate process for `Nexus.Treasury.Aggregates.Policy` with UUID "d0273d62-1cb6-4049-be6f-220110e943e7"
23:05:08.578 [debug] Nexus.Treasury.Aggregates.Policy<d0273d62-1cb6-4049-be6f-220110e943e7@2> executing command: %Nexus.Treasury.Commands.EvaluateExposurePolicy{policy_id: "d0273d62-1cb6-4049-be6f-220110e943e7", org_id: "d0273d62-1cb6-4049-be6f-220110e943e7", currency_pair: "EUR/USD", exposure_amount: Decimal.new("60000"), evaluated_at: ~U[2026-03-17 23:05:08.578080Z]}
23:05:08.578 [debug] Appended 1 event(s) to stream "d0273d62-1cb6-4049-be6f-220110e943e7"
23:05:08.578 [debug] Listener received notification on channel "event_store.events" with payload: "d0273d62-1cb6-4049-be6f-220110e943e7,6607,3,3"
23:05:08.578 [debug] Listener received notification on channel "event_store.events" with payload: "$all,0,9193,9193"
23:05:08.579 [debug] QUERY OK db=0.0ms
begin []
23:05:08.579 [debug] QUERY OK source="projection_versions" db=0.1ms
INSERT INTO "projection_versions" AS p0 ("projection_name","last_seen_event_number","inserted_at","updated_at") VALUES ($1,$2,$3,$4) ON CONFLICT ("projection_name") DO UPDATE SET "last_seen_event_number" = $5 WHERE ((p0."projection_name" = $6) AND (p0."last_seen_event_number" < $7)) ["Treasury.PolicyProjector", 3, ~N[2026-03-17 23:05:08.579198], ~N[2026-03-17 23:05:08.579198], 3, "Treasury.PolicyProjector", 3]
23:05:08.579 [debug] Nexus.Treasury.Aggregates.Policy<d0273d62-1cb6-4049-be6f-220110e943e7@3> received events: [%Commanded.EventStore.RecordedEvent{event_id: "0dec0c64-d25e-468e-be10-62b359ab768c", event_number: 3, stream_id: "d0273d62-1cb6-4049-be6f-220110e943e7", stream_version: 3, causation_id: "697960b6-2797-4c36-9334-b29a6d550d57", correlation_id: "0385c793-ef9e-4f8c-94f9-0223eb31e716", event_type: "Elixir.Nexus.Treasury.Events.PolicyAlertTriggered", data: %Nexus.Treasury.Events.PolicyAlertTriggered{policy_id: "d0273d62-1cb6-4049-be6f-220110e943e7", org_id: "d0273d62-1cb6-4049-be6f-220110e943e7", currency_pair: "EUR/USD", exposure_amount: "60000", threshold: "50000", triggered_at: "2026-03-17T23:05:08.578080Z"}, created_at: ~U[2026-03-17 23:05:08.578300Z], metadata: %{"causation_id" => "019cfe0b-bee2-7b59-bba0-e295f3b208ac", "correlation_id" => "019cfe0b-bee2-7b59-bba0-e295f3b208ac"}}]
23:05:08.579 [debug] QUERY OK source="treasury_policy_alerts" db=0.1ms
INSERT INTO "treasury_policy_alerts" ("id","threshold","org_id","exposure_amount","currency_pair","triggered_at","created_at","updated_at") VALUES ($1,$2,$3,$4,$5,$6,$7,$8) ["019cfe0b-bee3-7244-9dbe-4ae883e952ab", Decimal.new("50000"), "d0273d62-1cb6-4049-be6f-220110e943e7", Decimal.new("60000"), "EUR/USD", ~U[2026-03-17 23:05:08.578990Z], ~U[2026-03-17 23:05:08.579414Z], ~U[2026-03-17 23:05:08.579414Z]]
23:05:08.579 [debug] QUERY OK db=0.1ms
commit []
23:05:08.579 [info] 		[36mWhen [32mthe system evaluates an exposure of "60000" EUR/USD
23:05:08.580 [debug] QUERY OK source="treasury_policy_alerts" db=0.3ms
SELECT t0."id", t0."org_id", t0."currency_pair", t0."exposure_amount", t0."threshold", t0."triggered_at", t0."created_at", t0."updated_at" FROM "treasury_policy_alerts" AS t0 WHERE (t0."org_id" = $1) ["d0273d62-1cb6-4049-be6f-220110e943e7"]
23:05:08.580 [info] 		[36mThen [32ma policy alert should be triggered
.23:05:08.580 [debug] QUERY OK source="treasury_policy_alerts" db=0.3ms
DELETE FROM "treasury_policy_alerts" AS t0 []
23:05:08.581 [debug] QUERY OK source="treasury_policy_audit_logs" db=0.2ms
DELETE FROM "treasury_policy_audit_logs" AS t0 []
23:05:08.581 [debug] QUERY OK source="treasury_policies" db=0.2ms
DELETE FROM "treasury_policies" AS t0 []
23:05:08.581 [debug] QUERY OK source="projection_versions" db=0.2ms
DELETE FROM "projection_versions" AS p0 WHERE (p0."projection_name" IN ('Treasury.PolicyProjector')) []
23:05:08.581 [info] 		[36mGiven [32mthe organization "Nexus Corp" has no policy mode set
23:05:08.581 [debug] Locating aggregate process for `Nexus.Treasury.Aggregates.Policy` with UUID "1f1da0e6-0419-4fcb-a1e0-4c7330076e78"
23:05:08.582 [debug] Nexus.Treasury.Aggregates.Policy<1f1da0e6-0419-4fcb-a1e0-4c7330076e78@0> executing command: %Nexus.Treasury.Commands.SetPolicyMode{policy_id: "1f1da0e6-0419-4fcb-a1e0-4c7330076e78", org_id: "1f1da0e6-0419-4fcb-a1e0-4c7330076e78", mode: "strict", threshold: Decimal.new("50000"), actor_email: "test@example.com", changed_at: ~U[2026-03-17 23:05:08.581746Z]}
23:05:08.582 [debug] Appended 1 event(s) to stream "1f1da0e6-0419-4fcb-a1e0-4c7330076e78"
23:05:08.582 [debug] Listener received notification on channel "event_store.events" with payload: "1f1da0e6-0419-4fcb-a1e0-4c7330076e78,6608,1,1"
23:05:08.582 [debug] Listener received notification on channel "event_store.events" with payload: "$all,0,9194,9194"
23:05:08.582 [debug] QUERY OK db=0.0ms
begin []
23:05:08.583 [debug] Nexus.Treasury.Aggregates.Policy<1f1da0e6-0419-4fcb-a1e0-4c7330076e78@1> received events: [%Commanded.EventStore.RecordedEvent{event_id: "e7632859-0b09-4bb1-ab95-cebc123bc4e3", event_number: 1, stream_id: "1f1da0e6-0419-4fcb-a1e0-4c7330076e78", stream_version: 1, causation_id: "1c658c57-3fac-494f-832b-74d05074b053", correlation_id: "42f5fe48-b4f5-4df5-83b2-1df232660d07", event_type: "Elixir.Nexus.Treasury.Events.PolicyModeChanged", data: %Nexus.Treasury.Events.PolicyModeChanged{policy_id: "1f1da0e6-0419-4fcb-a1e0-4c7330076e78", org_id: "1f1da0e6-0419-4fcb-a1e0-4c7330076e78", mode: "strict", threshold: "50000", actor_email: "test@example.com", changed_at: "2026-03-17T23:05:08.581746Z"}, created_at: ~U[2026-03-17 23:05:08.582283Z], metadata: %{"causation_id" => "019cfe0b-bee5-7a4c-ae46-890d9f9573ee", "correlation_id" => "019cfe0b-bee5-7a4c-ae46-890d9f9573ee"}}]
23:05:08.583 [debug] QUERY OK source="projection_versions" db=0.1ms
INSERT INTO "projection_versions" AS p0 ("projection_name","last_seen_event_number","inserted_at","updated_at") VALUES ($1,$2,$3,$4) ON CONFLICT ("projection_name") DO UPDATE SET "last_seen_event_number" = $5 WHERE ((p0."projection_name" = $6) AND (p0."last_seen_event_number" < $7)) ["Treasury.PolicyProjector", 1, ~N[2026-03-17 23:05:08.582938], ~N[2026-03-17 23:05:08.582938], 1, "Treasury.PolicyProjector", 1]
23:05:08.583 [debug] QUERY OK source="treasury_policies" db=0.1ms
INSERT INTO "treasury_policies" ("id","mode","org_id","mode_thresholds","transfer_threshold","reporting_currency","created_at","updated_at") VALUES ($1,$2,$3,$4,$5,$6,$7,$8) ON CONFLICT ("org_id") DO UPDATE SET "mode" = EXCLUDED."mode","transfer_threshold" = EXCLUDED."transfer_threshold","updated_at" = EXCLUDED."updated_at" ["1f1da0e6-0419-4fcb-a1e0-4c7330076e78", "strict", "1f1da0e6-0419-4fcb-a1e0-4c7330076e78", %{"relaxed" => "10000000", "standard" => "1000000", "strict" => "50000"}, Decimal.new("50000"), "USD", ~U[2026-03-17 23:05:08.583225Z], ~U[2026-03-17 23:05:08.583225Z]]
23:05:08.583 [debug] QUERY OK source="treasury_policy_audit_logs" db=0.1ms
INSERT INTO "treasury_policy_audit_logs" ("id","mode","threshold","org_id","actor_email","changed_at","created_at","updated_at") VALUES ($1,$2,$3,$4,$5,$6,$7,$8) ["019cfe0b-bee6-79ac-9220-bea9f78c2e29", "strict", Decimal.new("50000"), "1f1da0e6-0419-4fcb-a1e0-4c7330076e78", "test@example.com", ~U[2026-03-17 23:05:08.582745Z], ~U[2026-03-17 23:05:08.583613Z], ~U[2026-03-17 23:05:08.583613Z]]
23:05:08.584 [debug] QUERY OK db=0.0ms
commit []
23:05:08.584 [info] 		[36mWhen [32mthe treasury manager selects "strict" mode
23:05:08.584 [debug] QUERY OK source="treasury_policies" db=0.3ms
SELECT t0."id", t0."org_id", t0."transfer_threshold", t0."mode", t0."reporting_currency", t0."mode_thresholds", t0."created_at", t0."updated_at" FROM "treasury_policies" AS t0 WHERE (t0."org_id" = $1) ["1f1da0e6-0419-4fcb-a1e0-4c7330076e78"]
23:05:08.584 [info] 		[36mThen [32mthe policy mode should be saved as "strict"
23:05:08.584 [debug] QUERY OK source="treasury_policies" db=0.2ms
SELECT t0."id", t0."org_id", t0."transfer_threshold", t0."mode", t0."reporting_currency", t0."mode_thresholds", t0."created_at", t0."updated_at" FROM "treasury_policies" AS t0 WHERE (t0."org_id" = $1) ["1f1da0e6-0419-4fcb-a1e0-4c7330076e78"]
23:05:08.584 [info] 		[36mThen [32mthe transfer threshold should be "50000"
.23:05:08.585 [debug] QUERY OK source="treasury_policy_alerts" db=0.0ms
DELETE FROM "treasury_policy_alerts" AS t0 []
23:05:08.585 [debug] QUERY OK source="treasury_policy_audit_logs" db=0.2ms
DELETE FROM "treasury_policy_audit_logs" AS t0 []
23:05:08.585 [debug] QUERY OK source="treasury_policies" db=0.0ms
DELETE FROM "treasury_policies" AS t0 []
23:05:08.585 [debug] QUERY OK source="projection_versions" db=0.1ms
DELETE FROM "projection_versions" AS p0 WHERE (p0."projection_name" IN ('Treasury.PolicyProjector')) []
23:05:08.585 [debug] Locating aggregate process for `Nexus.Treasury.Aggregates.Policy` with UUID "376c5de5-aa6d-4cf8-8230-d2e379cc1178"
23:05:08.586 [debug] Nexus.Treasury.Aggregates.Policy<376c5de5-aa6d-4cf8-8230-d2e379cc1178@0> executing command: %Nexus.Treasury.Commands.SetPolicyMode{policy_id: "376c5de5-aa6d-4cf8-8230-d2e379cc1178", org_id: "376c5de5-aa6d-4cf8-8230-d2e379cc1178", mode: "standard", threshold: Decimal.new("1000000"), actor_email: "test@example.com", changed_at: ~U[2026-03-17 23:05:08.585775Z]}
23:05:08.586 [debug] Appended 1 event(s) to stream "376c5de5-aa6d-4cf8-8230-d2e379cc1178"
23:05:08.586 [debug] Listener received notification on channel "event_store.events" with payload: "376c5de5-aa6d-4cf8-8230-d2e379cc1178,6609,1,1"
23:05:08.586 [debug] Listener received notification on channel "event_store.events" with payload: "$all,0,9195,9195"
23:05:08.586 [debug] QUERY OK db=0.0ms
begin []
23:05:08.587 [debug] Nexus.Treasury.Aggregates.Policy<376c5de5-aa6d-4cf8-8230-d2e379cc1178@1> received events: [%Commanded.EventStore.RecordedEvent{event_id: "d8214025-8326-43ad-8b84-3dfe26f4d9e8", event_number: 1, stream_id: "376c5de5-aa6d-4cf8-8230-d2e379cc1178", stream_version: 1, causation_id: "0705754d-8d00-4b63-94f6-694df8f7c137", correlation_id: "77df81ec-b386-4e4d-8d89-2c9ac8121aa5", event_type: "Elixir.Nexus.Treasury.Events.PolicyModeChanged", data: %Nexus.Treasury.Events.PolicyModeChanged{policy_id: "376c5de5-aa6d-4cf8-8230-d2e379cc1178", org_id: "376c5de5-aa6d-4cf8-8230-d2e379cc1178", mode: "standard", threshold: "1000000", actor_email: "test@example.com", changed_at: "2026-03-17T23:05:08.585775Z"}, created_at: ~U[2026-03-17 23:05:08.586321Z], metadata: %{"causation_id" => "019cfe0b-bee9-7f3b-9d32-c09d004cead8", "correlation_id" => "019cfe0b-bee9-7f3b-9d32-c09d004cead8"}}]
23:05:08.587 [debug] QUERY OK source="projection_versions" db=0.2ms
INSERT INTO "projection_versions" AS p0 ("projection_name","last_seen_event_number","inserted_at","updated_at") VALUES ($1,$2,$3,$4) ON CONFLICT ("projection_name") DO UPDATE SET "last_seen_event_number" = $5 WHERE ((p0."projection_name" = $6) AND (p0."last_seen_event_number" < $7)) ["Treasury.PolicyProjector", 1, ~N[2026-03-17 23:05:08.587013], ~N[2026-03-17 23:05:08.587013], 1, "Treasury.PolicyProjector", 1]
23:05:08.587 [debug] QUERY OK source="treasury_policies" db=0.1ms
INSERT INTO "treasury_policies" ("id","mode","org_id","mode_thresholds","transfer_threshold","reporting_currency","created_at","updated_at") VALUES ($1,$2,$3,$4,$5,$6,$7,$8) ON CONFLICT ("org_id") DO UPDATE SET "mode" = EXCLUDED."mode","transfer_threshold" = EXCLUDED."transfer_threshold","updated_at" = EXCLUDED."updated_at" ["376c5de5-aa6d-4cf8-8230-d2e379cc1178", "standard", "376c5de5-aa6d-4cf8-8230-d2e379cc1178", %{"relaxed" => "10000000", "standard" => "1000000", "strict" => "50000"}, Decimal.new("1000000"), "USD", ~U[2026-03-17 23:05:08.587588Z], ~U[2026-03-17 23:05:08.587588Z]]
23:05:08.588 [debug] QUERY OK source="treasury_policy_audit_logs" db=0.1ms
INSERT INTO "treasury_policy_audit_logs" ("id","mode","threshold","org_id","actor_email","changed_at","created_at","updated_at") VALUES ($1,$2,$3,$4,$5,$6,$7,$8) ["019cfe0b-beea-7793-a1df-d3fd9f23c687", "standard", Decimal.new("1000000"), "376c5de5-aa6d-4cf8-8230-d2e379cc1178", "test@example.com", ~U[2026-03-17 23:05:08.586804Z], ~U[2026-03-17 23:05:08.587960Z], ~U[2026-03-17 23:05:08.587960Z]]
23:05:08.588 [debug] QUERY OK db=0.1ms
commit []
23:05:08.588 [info] 		[36mGiven [32mthe organization "Nexus Corp" is on "standard" mode
23:05:08.588 [debug] Locating aggregate process for `Nexus.Treasury.Aggregates.Policy` with UUID "376c5de5-aa6d-4cf8-8230-d2e379cc1178"
23:05:08.588 [debug] Nexus.Treasury.Aggregates.Policy<376c5de5-aa6d-4cf8-8230-d2e379cc1178@1> executing command: %Nexus.Treasury.Commands.SetPolicyMode{policy_id: "376c5de5-aa6d-4cf8-8230-d2e379cc1178", org_id: "376c5de5-aa6d-4cf8-8230-d2e379cc1178", mode: "strict", threshold: Decimal.new("50000"), actor_email: "test@example.com", changed_at: ~U[2026-03-17 23:05:08.588485Z]}
23:05:08.589 [debug] Appended 1 event(s) to stream "376c5de5-aa6d-4cf8-8230-d2e379cc1178"
23:05:08.589 [debug] Listener received notification on channel "event_store.events" with payload: "376c5de5-aa6d-4cf8-8230-d2e379cc1178,6609,2,2"
23:05:08.589 [debug] Listener received notification on channel "event_store.events" with payload: "$all,0,9196,9196"
23:05:08.589 [debug] QUERY OK db=0.0ms
begin []
23:05:08.589 [debug] Nexus.Treasury.Aggregates.Policy<376c5de5-aa6d-4cf8-8230-d2e379cc1178@2> received events: [%Commanded.EventStore.RecordedEvent{event_id: "4a77658d-328f-42c2-a9b6-5fcda3458675", event_number: 2, stream_id: "376c5de5-aa6d-4cf8-8230-d2e379cc1178", stream_version: 2, causation_id: "cf45bcfb-d2cc-4092-8f97-df75edc78f21", correlation_id: "3a0c78ea-e008-45de-ae46-a5804a68f8a0", event_type: "Elixir.Nexus.Treasury.Events.PolicyModeChanged", data: %Nexus.Treasury.Events.PolicyModeChanged{policy_id: "376c5de5-aa6d-4cf8-8230-d2e379cc1178", org_id: "376c5de5-aa6d-4cf8-8230-d2e379cc1178", mode: "strict", threshold: "50000", actor_email: "test@example.com", changed_at: "2026-03-17T23:05:08.588485Z"}, created_at: ~U[2026-03-17 23:05:08.588911Z], metadata: %{"causation_id" => "019cfe0b-beec-7523-bf70-1e096ed34a89", "correlation_id" => "019cfe0b-beec-7523-bf70-1e096ed34a89"}}]
23:05:08.590 [debug] QUERY OK source="projection_versions" db=0.1ms
INSERT INTO "projection_versions" AS p0 ("projection_name","last_seen_event_number","inserted_at","updated_at") VALUES ($1,$2,$3,$4) ON CONFLICT ("projection_name") DO UPDATE SET "last_seen_event_number" = $5 WHERE ((p0."projection_name" = $6) AND (p0."last_seen_event_number" < $7)) ["Treasury.PolicyProjector", 2, ~N[2026-03-17 23:05:08.589651], ~N[2026-03-17 23:05:08.589651], 2, "Treasury.PolicyProjector", 2]
23:05:08.590 [debug] QUERY OK source="treasury_policies" db=0.1ms
INSERT INTO "treasury_policies" ("id","mode","org_id","mode_thresholds","transfer_threshold","reporting_currency","created_at","updated_at") VALUES ($1,$2,$3,$4,$5,$6,$7,$8) ON CONFLICT ("org_id") DO UPDATE SET "mode" = EXCLUDED."mode","transfer_threshold" = EXCLUDED."transfer_threshold","updated_at" = EXCLUDED."updated_at" ["376c5de5-aa6d-4cf8-8230-d2e379cc1178", "strict", "376c5de5-aa6d-4cf8-8230-d2e379cc1178", %{"relaxed" => "10000000", "standard" => "1000000", "strict" => "50000"}, Decimal.new("50000"), "USD", ~U[2026-03-17 23:05:08.590061Z], ~U[2026-03-17 23:05:08.590061Z]]
23:05:08.590 [debug] QUERY OK source="treasury_policy_audit_logs" db=0.1ms
INSERT INTO "treasury_policy_audit_logs" ("id","mode","threshold","org_id","actor_email","changed_at","created_at","updated_at") VALUES ($1,$2,$3,$4,$5,$6,$7,$8) ["019cfe0b-beed-7693-aec1-3f5a52cb9bae", "strict", Decimal.new("50000"), "376c5de5-aa6d-4cf8-8230-d2e379cc1178", "test@example.com", ~U[2026-03-17 23:05:08.589426Z], ~U[2026-03-17 23:05:08.590395Z], ~U[2026-03-17 23:05:08.590395Z]]
23:05:08.590 [debug] QUERY OK db=0.1ms
commit []
23:05:08.590 [info] 		[36mWhen [32mthe treasury manager switches to "strict" mode
23:05:08.591 [debug] QUERY OK source="treasury_policy_audit_logs" db=0.2ms queue=0.3ms
SELECT t0."id", t0."org_id", t0."actor_email", t0."mode", t0."threshold", t0."changed_at", t0."created_at", t0."updated_at" FROM "treasury_policy_audit_logs" AS t0 WHERE (t0."org_id" = $1) ["376c5de5-aa6d-4cf8-8230-d2e379cc1178"]
23:05:08.591 [info] 		[36mThen [32man audit log should be recorded for "strict" mode
.23:05:08.592 [debug] QUERY OK source="treasury_policy_audit_logs" db=0.6ms
SELECT t0."id", t0."org_id", t0."actor_email", t0."mode", t0."threshold", t0."changed_at", t0."created_at", t0."updated_at" FROM "treasury_policy_audit_logs" AS t0 WHERE (t0."org_id" = $1) ["376c5de5-aa6d-4cf8-8230-d2e379cc1178"]
23:05:08.592 [info] 		[36mThen [32mthe audit log should attribute the change to "test@example.com"
23:05:08.592 [debug] QUERY OK source="treasury_policy_alerts" db=0.1ms
DELETE FROM "treasury_policy_alerts" AS t0 []
23:05:08.593 [debug] QUERY OK source="treasury_policy_audit_logs" db=0.3ms
DELETE FROM "treasury_policy_audit_logs" AS t0 []
23:05:08.593 [debug] QUERY OK source="treasury_policies" db=0.3ms
DELETE FROM "treasury_policies" AS t0 []
23:05:08.593 [debug] QUERY OK source="projection_versions" db=0.2ms
DELETE FROM "projection_versions" AS p0 WHERE (p0."projection_name" IN ('Treasury.PolicyProjector')) []
23:05:08.593 [debug] Locating aggregate process for `Nexus.Treasury.Aggregates.Policy` with UUID "17f463c8-7c1a-4684-b735-cb2d0485c7cb"
23:05:08.594 [debug] Nexus.Treasury.Aggregates.Policy<17f463c8-7c1a-4684-b735-cb2d0485c7cb@0> executing command: %Nexus.Treasury.Commands.SetPolicyMode{policy_id: "17f463c8-7c1a-4684-b735-cb2d0485c7cb", org_id: "17f463c8-7c1a-4684-b735-cb2d0485c7cb", mode: "strict", threshold: Decimal.new("50000"), actor_email: "test@example.com", changed_at: ~U[2026-03-17 23:05:08.593840Z]}
23:05:08.594 [debug] Appended 1 event(s) to stream "17f463c8-7c1a-4684-b735-cb2d0485c7cb"
23:05:08.594 [debug] Listener received notification on channel "event_store.events" with payload: "17f463c8-7c1a-4684-b735-cb2d0485c7cb,6610,1,1"
23:05:08.594 [debug] Listener received notification on channel "event_store.events" with payload: "$all,0,9197,9197"
23:05:08.595 [debug] QUERY OK db=0.0ms
begin []
23:05:08.595 [debug] QUERY OK source="projection_versions" db=0.2ms
INSERT INTO "projection_versions" AS p0 ("projection_name","last_seen_event_number","inserted_at","updated_at") VALUES ($1,$2,$3,$4) ON CONFLICT ("projection_name") DO UPDATE SET "last_seen_event_number" = $5 WHERE ((p0."projection_name" = $6) AND (p0."last_seen_event_number" < $7)) ["Treasury.PolicyProjector", 1, ~N[2026-03-17 23:05:08.595142], ~N[2026-03-17 23:05:08.595142], 1, "Treasury.PolicyProjector", 1]
23:05:08.595 [debug] Nexus.Treasury.Aggregates.Policy<17f463c8-7c1a-4684-b735-cb2d0485c7cb@1> received events: [%Commanded.EventStore.RecordedEvent{event_id: "3b723d4c-3ffa-4275-9d40-c8fe1f39652d", event_number: 1, stream_id: "17f463c8-7c1a-4684-b735-cb2d0485c7cb", stream_version: 1, causation_id: "79272540-b4e2-4c20-a52a-a474fd367aaf", correlation_id: "9ffa6acc-cb7e-4eed-8927-50708c5e29c4", event_type: "Elixir.Nexus.Treasury.Events.PolicyModeChanged", data: %Nexus.Treasury.Events.PolicyModeChanged{policy_id: "17f463c8-7c1a-4684-b735-cb2d0485c7cb", org_id: "17f463c8-7c1a-4684-b735-cb2d0485c7cb", mode: "strict", threshold: "50000", actor_email: "test@example.com", changed_at: "2026-03-17T23:05:08.593840Z"}, created_at: ~U[2026-03-17 23:05:08.594443Z], metadata: %{"causation_id" => "019cfe0b-bef1-776a-bfbb-e36e23679bb5", "correlation_id" => "019cfe0b-bef1-776a-bfbb-e36e23679bb5"}}]
23:05:08.595 [debug] QUERY OK source="treasury_policies" db=0.2ms
INSERT INTO "treasury_policies" ("id","mode","org_id","mode_thresholds","transfer_threshold","reporting_currency","created_at","updated_at") VALUES ($1,$2,$3,$4,$5,$6,$7,$8) ON CONFLICT ("org_id") DO UPDATE SET "mode" = EXCLUDED."mode","transfer_threshold" = EXCLUDED."transfer_threshold","updated_at" = EXCLUDED."updated_at" ["17f463c8-7c1a-4684-b735-cb2d0485c7cb", "strict", "17f463c8-7c1a-4684-b735-cb2d0485c7cb", %{"relaxed" => "10000000", "standard" => "1000000", "strict" => "50000"}, Decimal.new("50000"), "USD", ~U[2026-03-17 23:05:08.595468Z], ~U[2026-03-17 23:05:08.595468Z]]
23:05:08.596 [debug] QUERY OK source="treasury_policy_audit_logs" db=0.1ms
INSERT INTO "treasury_policy_audit_logs" ("id","mode","threshold","org_id","actor_email","changed_at","created_at","updated_at") VALUES ($1,$2,$3,$4,$5,$6,$7,$8) ["019cfe0b-bef3-7e80-867f-7c92e0146f3a", "strict", Decimal.new("50000"), "17f463c8-7c1a-4684-b735-cb2d0485c7cb", "test@example.com", ~U[2026-03-17 23:05:08.594951Z], ~U[2026-03-17 23:05:08.595917Z], ~U[2026-03-17 23:05:08.595917Z]]
23:05:08.596 [debug] QUERY OK db=0.1ms
commit []
23:05:08.596 [info] 		[36mGiven [32mthe organization "Nexus Corp" is on "strict" mode
23:05:08.596 [debug] Locating aggregate process for `Nexus.Treasury.Aggregates.Policy` with UUID "17f463c8-7c1a-4684-b735-cb2d0485c7cb"
23:05:08.596 [debug] Nexus.Treasury.Aggregates.Policy<17f463c8-7c1a-4684-b735-cb2d0485c7cb@1> executing command: %Nexus.Treasury.Commands.SetPolicyMode{policy_id: "17f463c8-7c1a-4684-b735-cb2d0485c7cb", org_id: "17f463c8-7c1a-4684-b735-cb2d0485c7cb", mode: "relaxed", threshold: Decimal.new("10000000"), actor_email: "test@example.com", changed_at: ~U[2026-03-17 23:05:08.596470Z]}
23:05:08.597 [debug] Appended 1 event(s) to stream "17f463c8-7c1a-4684-b735-cb2d0485c7cb"
23:05:08.597 [debug] Listener received notification on channel "event_store.events" with payload: "17f463c8-7c1a-4684-b735-cb2d0485c7cb,6610,2,2"
23:05:08.597 [debug] Listener received notification on channel "event_store.events" with payload: "$all,0,9198,9198"
23:05:08.597 [debug] QUERY OK db=0.0ms
begin []
23:05:08.597 [debug] QUERY OK source="projection_versions" db=0.1ms
INSERT INTO "projection_versions" AS p0 ("projection_name","last_seen_event_number","inserted_at","updated_at") VALUES ($1,$2,$3,$4) ON CONFLICT ("projection_name") DO UPDATE SET "last_seen_event_number" = $5 WHERE ((p0."projection_name" = $6) AND (p0."last_seen_event_number" < $7)) ["Treasury.PolicyProjector", 2, ~N[2026-03-17 23:05:08.597554], ~N[2026-03-17 23:05:08.597554], 2, "Treasury.PolicyProjector", 2]
23:05:08.597 [debug] Nexus.Treasury.Aggregates.Policy<17f463c8-7c1a-4684-b735-cb2d0485c7cb@2> received events: [%Commanded.EventStore.RecordedEvent{event_id: "08fd9727-1ed8-4553-b724-dc7cc2be6835", event_number: 2, stream_id: "17f463c8-7c1a-4684-b735-cb2d0485c7cb", stream_version: 2, causation_id: "434f2d3b-6f16-422f-8370-8b9434d320d6", correlation_id: "813110ee-c13a-45a1-9bbd-cd2a2b38ba8a", event_type: "Elixir.Nexus.Treasury.Events.PolicyModeChanged", data: %Nexus.Treasury.Events.PolicyModeChanged{policy_id: "17f463c8-7c1a-4684-b735-cb2d0485c7cb", org_id: "17f463c8-7c1a-4684-b735-cb2d0485c7cb", mode: "relaxed", threshold: "10000000", actor_email: "test@example.com", changed_at: "2026-03-17T23:05:08.596470Z"}, created_at: ~U[2026-03-17 23:05:08.596712Z], metadata: %{"causation_id" => "019cfe0b-bef4-7656-a6cd-8b8a58bf9514", "correlation_id" => "019cfe0b-bef4-7656-a6cd-8b8a58bf9514"}}]
23:05:08.598 [debug] QUERY OK source="treasury_policies" db=0.1ms
INSERT INTO "treasury_policies" ("id","mode","org_id","mode_thresholds","transfer_threshold","reporting_currency","created_at","updated_at") VALUES ($1,$2,$3,$4,$5,$6,$7,$8) ON CONFLICT ("org_id") DO UPDATE SET "mode" = EXCLUDED."mode","transfer_threshold" = EXCLUDED."transfer_threshold","updated_at" = EXCLUDED."updated_at" ["17f463c8-7c1a-4684-b735-cb2d0485c7cb", "relaxed", "17f463c8-7c1a-4684-b735-cb2d0485c7cb", %{"relaxed" => "10000000", "standard" => "1000000", "strict" => "50000"}, Decimal.new("10000000"), "USD", ~U[2026-03-17 23:05:08.597763Z], ~U[2026-03-17 23:05:08.597763Z]]
23:05:08.598 [debug] QUERY OK source="treasury_policy_audit_logs" db=0.2ms
INSERT INTO "treasury_policy_audit_logs" ("id","mode","threshold","org_id","actor_email","changed_at","created_at","updated_at") VALUES ($1,$2,$3,$4,$5,$6,$7,$8) ["019cfe0b-bef5-74eb-9b0f-8482b38187de", "relaxed", Decimal.new("10000000"), "17f463c8-7c1a-4684-b735-cb2d0485c7cb", "test@example.com", ~U[2026-03-17 23:05:08.597317Z], ~U[2026-03-17 23:05:08.598082Z], ~U[2026-03-17 23:05:08.598082Z]]
23:05:08.598 [debug] QUERY OK db=0.1ms
commit []
23:05:08.598 [info] 		[36mWhen [32mthe treasury manager switches to "relaxed" mode
23:05:08.599 [debug] QUERY OK source="treasury_policies" db=0.3ms
SELECT t0."id", t0."org_id", t0."transfer_threshold", t0."mode", t0."reporting_currency", t0."mode_thresholds", t0."created_at", t0."updated_at" FROM "treasury_policies" AS t0 WHERE (t0."org_id" = $1) ["17f463c8-7c1a-4684-b735-cb2d0485c7cb"]
23:05:08.599 [info] 		[36mThen [32mthe policy mode should be saved as "relaxed"
23:05:08.599 [debug] QUERY OK source="treasury_policies" db=0.3ms
SELECT t0."id", t0."org_id", t0."transfer_threshold", t0."mode", t0."reporting_currency", t0."mode_thresholds", t0."created_at", t0."updated_at" FROM "treasury_policies" AS t0 WHERE (t0."org_id" = $1) ["17f463c8-7c1a-4684-b735-cb2d0485c7cb"]
.23:05:08.599 [info] 		[36mThen [32mthe transfer threshold should be "10000000"
23:05:08.600 [debug] QUERY OK source="users" db=0.1ms
INSERT INTO "users" ("id","status","role","org_id","email","display_name","cose_key","credential_id","created_at","updated_at") VALUES ($1,$2,$3,$4,$5,$6,$7,$8,$9,$10) ["019cfe0b-bef8-7f38-8557-d0257487a2ac", "active", "admin", "019cfe0b-bef8-7781-8f4c-09210baa3dc6", "payer@nexus.app", "Payer User", "mock_key", "mock_cred", ~U[2026-03-17 23:05:08.600001Z], ~U[2026-03-17 23:05:08.600001Z]]
23:05:08.602 request_id=GJ3DbrrTMtnVbxgAAEZh [info] GET /payments
23:05:08.602 request_id=GJ3DbrrTMtnVbxgAAEZh [debug] Processing with NexusWeb.Payments.BulkPaymentLive.__live__/0
  Parameters: %{}
  Pipelines: [:browser]
23:05:08.605 request_id=GJ3DbrrTMtnVbxgAAEZh [debug] QUERY OK source="users" db=0.1ms
SELECT u0."id", u0."org_id", u0."email", u0."display_name", u0."role", u0."status", u0."cose_key", u0."credential_id", u0."created_at", u0."updated_at" FROM "users" AS u0 WHERE (u0."id" = $1) ["019cfe0b-bef8-7f38-8557-d0257487a2ac"]
23:05:08.609 request_id=GJ3DbrrTMtnVbxgAAEZh [debug] QUERY OK source="payments_bulk_payments" db=0.3ms queue=0.3ms
SELECT p0."id", p0."org_id", p0."user_id", p0."status", p0."total_items", p0."processed_items", p0."total_amount", p0."created_at", p0."updated_at" FROM "payments_bulk_payments" AS p0 WHERE (p0."org_id" = $1) ORDER BY p0."created_at" DESC ["019cfe0b-bef8-7781-8f4c-09210baa3dc6"]
23:05:08.624 request_id=GJ3DbrrTMtnVbxgAAEZh [info] Sent 200 in 22ms
23:05:08.627 [debug] MOUNT NexusWeb.Payments.BulkPaymentLive
  Parameters: %{}
  Session: %{"_csrf_token" => "6r--4kPh4txfWA1VFcLNv3T0", "live_socket_id" => "users_sessions:m6ztHAV2IyeKcn4EdCaQ952XLC9HZRfJoHN2_WeedU0=", "user_id" => "019cfe0b-bef8-7f38-8557-d0257487a2ac"}
23:05:08.627 [debug] QUERY OK source="users" db=0.1ms
SELECT u0."id", u0."org_id", u0."email", u0."display_name", u0."role", u0."status", u0."cose_key", u0."credential_id", u0."created_at", u0."updated_at" FROM "users" AS u0 WHERE (u0."id" = $1) ["019cfe0b-bef8-7f38-8557-d0257487a2ac"]
23:05:08.627 [debug] QUERY OK source="payments_bulk_payments" db=0.1ms
SELECT p0."id", p0."org_id", p0."user_id", p0."status", p0."total_items", p0."processed_items", p0."total_amount", p0."created_at", p0."updated_at" FROM "payments_bulk_payments" AS p0 WHERE (p0."org_id" = $1) ORDER BY p0."created_at" DESC ["019cfe0b-bef8-7781-8f4c-09210baa3dc6"]
23:05:08.627 [debug] Replied in 755µs
23:05:08.627 [debug] HANDLE PARAMS in NexusWeb.Payments.BulkPaymentLive
  Parameters: %{}
23:05:08.627 [debug] Replied in 43µs
23:05:08.630 request_id=GJ3DbrrTMtnVbxgAAEZh [info] CONNECTED TO Phoenix.LiveView.Socket in 14µs
  Transport: {Phoenix.ChannelTest, #PID<0.1426.0>}
  Serializer: Phoenix.ChannelTest.NoopSerializer
  Parameters: %{}
23:05:08.640 [info] JOINED lvu:123 in 2ms
  Parameters: %{"token" => "SFMyNTY.g2gDaAJhBnQAAAADdwNwaWRYdw1ub25vZGVAbm9ob3N0AAAFlAAAAAAAAAAAdwNyZWZoAm0AAAAUcGh4LUdKM0RicnhjRHZOanFFZUJtAAAABTE4MzM4dwNjaWR3A25pbG4GABu_C_6cAWIAAVGA.19osT7w_-U6HMcR3fCIbKxsLyMX4EDtgeQ7TElUDtTM"}
23:05:08.644 [debug] HANDLE EVENT "save" in NexusWeb.Payments.BulkPaymentLive
  Parameters: %{"batch" => ""}
23:05:08.646 [debug] Replied in 1ms
.23:05:08.650 [debug] QUERY OK source="users" db=0.3ms queue=0.1ms
INSERT INTO "users" ("id","status","role","org_id","email","display_name","cose_key","credential_id","created_at","updated_at") VALUES ($1,$2,$3,$4,$5,$6,$7,$8,$9,$10) ["019cfe0b-bf29-7561-a320-7ef04c3e264f", "active", "admin", "019cfe0b-bf29-74ab-9dda-b31c44efbc0c", "payer@nexus.app", "Payer User", "mock_key", "mock_cred", ~U[2026-03-17 23:05:08.649665Z], ~U[2026-03-17 23:05:08.649665Z]]
23:05:08.650 request_id=GJ3Dbr20HorFVTYAAEgB [info] GET /payments
23:05:08.650 request_id=GJ3Dbr20HorFVTYAAEgB [debug] Processing with NexusWeb.Payments.BulkPaymentLive.__live__/0
  Parameters: %{}
  Pipelines: [:browser]
23:05:08.650 request_id=GJ3Dbr20HorFVTYAAEgB [debug] QUERY OK source="users" db=0.3ms
SELECT u0."id", u0."org_id", u0."email", u0."display_name", u0."role", u0."status", u0."cose_key", u0."credential_id", u0."created_at", u0."updated_at" FROM "users" AS u0 WHERE (u0."id" = $1) ["019cfe0b-bf29-7561-a320-7ef04c3e264f"]
23:05:08.651 request_id=GJ3Dbr20HorFVTYAAEgB [debug] QUERY OK source="payments_bulk_payments" db=0.4ms
SELECT p0."id", p0."org_id", p0."user_id", p0."status", p0."total_items", p0."processed_items", p0."total_amount", p0."created_at", p0."updated_at" FROM "payments_bulk_payments" AS p0 WHERE (p0."org_id" = $1) ORDER BY p0."created_at" DESC ["019cfe0b-bf29-74ab-9dda-b31c44efbc0c"]
23:05:08.651 request_id=GJ3Dbr20HorFVTYAAEgB [info] Sent 200 in 1ms
23:05:08.653 [debug] MOUNT NexusWeb.Payments.BulkPaymentLive
  Parameters: %{}
  Session: %{"_csrf_token" => "zuBiQeO4qqWf06Przfbg2ZdL", "live_socket_id" => "users_sessions:JoXZORk0eY75BbYPkepHJrY4ExSzMbXFbaWVxPXoRxw=", "user_id" => "019cfe0b-bf29-7561-a320-7ef04c3e264f"}
23:05:08.653 [debug] QUERY OK source="users" db=0.1ms
SELECT u0."id", u0."org_id", u0."email", u0."display_name", u0."role", u0."status", u0."cose_key", u0."credential_id", u0."created_at", u0."updated_at" FROM "users" AS u0 WHERE (u0."id" = $1) ["019cfe0b-bf29-7561-a320-7ef04c3e264f"]
23:05:08.653 [debug] QUERY OK source="payments_bulk_payments" db=0.1ms
SELECT p0."id", p0."org_id", p0."user_id", p0."status", p0."total_items", p0."processed_items", p0."total_amount", p0."created_at", p0."updated_at" FROM "payments_bulk_payments" AS p0 WHERE (p0."org_id" = $1) ORDER BY p0."created_at" DESC ["019cfe0b-bf29-74ab-9dda-b31c44efbc0c"]
23:05:08.653 [debug] Replied in 512µs
23:05:08.653 [debug] HANDLE PARAMS in NexusWeb.Payments.BulkPaymentLive
  Parameters: %{}
23:05:08.653 [debug] Replied in 28µs
.23:05:08.655 [debug] QUERY OK source="users" db=0.2ms queue=0.1ms
INSERT INTO "users" ("id","status","role","org_id","email","display_name","cose_key","credential_id","created_at","updated_at") VALUES ($1,$2,$3,$4,$5,$6,$7,$8,$9,$10) ["019cfe0b-bf2f-7b73-892c-607e1e42102e", "active", "admin", "019cfe0b-bf2f-7b69-bf18-e342dbbd4b96", "payer@nexus.app", "Payer User", "mock_key", "mock_cred", ~U[2026-03-17 23:05:08.655448Z], ~U[2026-03-17 23:05:08.655448Z]]
23:05:08.655 request_id=GJ3Dbr4Kj-85xvwAAEkB [info] GET /payments
23:05:08.656 request_id=GJ3Dbr4Kj-85xvwAAEkB [debug] Processing with NexusWeb.Payments.BulkPaymentLive.__live__/0
  Parameters: %{}
  Pipelines: [:browser]
23:05:08.656 request_id=GJ3Dbr4Kj-85xvwAAEkB [debug] QUERY OK source="users" db=0.2ms
SELECT u0."id", u0."org_id", u0."email", u0."display_name", u0."role", u0."status", u0."cose_key", u0."credential_id", u0."created_at", u0."updated_at" FROM "users" AS u0 WHERE (u0."id" = $1) ["019cfe0b-bf2f-7b73-892c-607e1e42102e"]
23:05:08.656 request_id=GJ3Dbr4Kj-85xvwAAEkB [debug] QUERY OK source="payments_bulk_payments" db=0.3ms
SELECT p0."id", p0."org_id", p0."user_id", p0."status", p0."total_items", p0."processed_items", p0."total_amount", p0."created_at", p0."updated_at" FROM "payments_bulk_payments" AS p0 WHERE (p0."org_id" = $1) ORDER BY p0."created_at" DESC ["019cfe0b-bf2f-7b69-bf18-e342dbbd4b96"]
23:05:08.657 request_id=GJ3Dbr4Kj-85xvwAAEkB [info] Sent 200 in 1ms
23:05:08.658 [debug] MOUNT NexusWeb.Payments.BulkPaymentLive
  Parameters: %{}
  Session: %{"_csrf_token" => "ak7GTqfFA6y4SncMyCa0VB1m", "live_socket_id" => "users_sessions:6ATwcKl4g_2-MHt_OMchAs08-vztYQIaoK1esJy021k=", "user_id" => "019cfe0b-bf2f-7b73-892c-607e1e42102e"}
23:05:08.658 [debug] QUERY OK source="users" db=0.1ms
SELECT u0."id", u0."org_id", u0."email", u0."display_name", u0."role", u0."status", u0."cose_key", u0."credential_id", u0."created_at", u0."updated_at" FROM "users" AS u0 WHERE (u0."id" = $1) ["019cfe0b-bf2f-7b73-892c-607e1e42102e"]
23:05:08.658 [debug] QUERY OK source="payments_bulk_payments" db=0.1ms
SELECT p0."id", p0."org_id", p0."user_id", p0."status", p0."total_items", p0."processed_items", p0."total_amount", p0."created_at", p0."updated_at" FROM "payments_bulk_payments" AS p0 WHERE (p0."org_id" = $1) ORDER BY p0."created_at" DESC ["019cfe0b-bf2f-7b69-bf18-e342dbbd4b96"]
23:05:08.658 [debug] Replied in 458µs
23:05:08.658 [debug] HANDLE PARAMS in NexusWeb.Payments.BulkPaymentLive
  Parameters: %{}
23:05:08.658 [debug] Replied in 25µs
23:05:08.661 request_id=GJ3Dbr4Kj-85xvwAAEkB [info] CONNECTED TO Phoenix.LiveView.Socket in 12µs
  Transport: {Phoenix.ChannelTest, #PID<0.1443.0>}
  Serializer: Phoenix.ChannelTest.NoopSerializer
  Parameters: %{}
23:05:08.662 [info] JOINED lvu:123 in 683µs
  Parameters: %{"token" => "SFMyNTY.g2gDaAJhBnQAAAADdwNwaWRYdw1ub25vZGVAbm9ob3N0AAAFpQAAAAAAAAAAdwNyZWZoAm0AAAAUcGh4LUdKM0RicjQxUVV5b0xrb0JtAAAABTE4OTc4dwNjaWR3A25pbG4GADW_C_6cAWIAAVGA.tiKl6B5vd2ag-0r8NTsqXlxRwNP4B8ekvqiQqtBac6o"}
23:05:08.664 [debug] HANDLE EVENT "save" in NexusWeb.Payments.BulkPaymentLive
  Parameters: %{"batch" => ""}
23:05:08.664 [debug] Replied in 224µs
23:05:08.673 [debug] HANDLE EVENT "authorize_batch" in NexusWeb.Payments.BulkPaymentLive
  Parameters: %{}
23:05:08.673 [debug] Locating aggregate process for `Nexus.Payments.Aggregates.BulkPayment` with UUID "019cfe0b-bf41-7468-b317-21bbbf58bc95"
23:05:08.674 [debug] Nexus.Payments.Aggregates.BulkPayment<019cfe0b-bf41-7468-b317-21bbbf58bc95@0> executing command: %Nexus.Payments.Commands.InitiateBulkPayment{bulk_payment_id: "019cfe0b-bf41-7468-b317-21bbbf58bc95", org_id: "019cfe0b-bf2f-7b69-bf18-e342dbbd4b96", user_id: "019cfe0b-bf2f-7b73-892c-607e1e42102e", payments: [%{currency: "EUR", amount: Decimal.new("100.00"), recipient_name: "Target Vendor", recipient_account: "IBAN12345678", invoice_id: nil}], initiated_at: ~U[2026-03-17 23:05:08.673598Z]}
23:05:08.676 [debug] Appended 1 event(s) to stream "019cfe0b-bf41-7468-b317-21bbbf58bc95"
23:05:08.676 [debug] Listener received notification on channel "event_store.events" with payload: "019cfe0b-bf41-7468-b317-21bbbf58bc95,6611,1,1"
23:05:08.676 [debug] Listener received notification on channel "event_store.events" with payload: "$all,0,9199,9199"
23:05:08.676 [debug] QUERY OK source="payments_bulk_payments" db=0.1ms
SELECT p0."id", p0."org_id", p0."user_id", p0."status", p0."total_items", p0."processed_items", p0."total_amount", p0."created_at", p0."updated_at" FROM "payments_bulk_payments" AS p0 WHERE (p0."org_id" = $1) ORDER BY p0."created_at" DESC ["019cfe0b-bf2f-7b69-bf18-e342dbbd4b96"]
23:05:08.676 [debug] Replied in 3ms
23:05:08.677 [debug] Nexus.Payments.Aggregates.BulkPayment<019cfe0b-bf41-7468-b317-21bbbf58bc95@1> received events: [%Commanded.EventStore.RecordedEvent{event_id: "467b48ca-4d1b-4b4f-8a1c-98a412700566", event_number: 1, stream_id: "019cfe0b-bf41-7468-b317-21bbbf58bc95", stream_version: 1, causation_id: "375be2c9-9a48-442d-8f43-9cf37afd0c6e", correlation_id: "29ed9c8a-ff30-472b-b045-19aedce14122", event_type: "Elixir.Nexus.Payments.Events.BulkPaymentInitiated", data: %Nexus.Payments.Events.BulkPaymentInitiated{bulk_payment_id: "019cfe0b-bf41-7468-b317-21bbbf58bc95", org_id: "019cfe0b-bf2f-7b69-bf18-e342dbbd4b96", user_id: "019cfe0b-bf2f-7b73-892c-607e1e42102e", payments: [%{currency: "EUR", amount: "100.00", recipient_name: "Target Vendor", recipient_account: "IBAN12345678", invoice_id: nil}], total_amount: "100.00", count: 1, initiated_at: "2026-03-17T23:05:08.673598Z"}, created_at: ~U[2026-03-17 23:05:08.674298Z], metadata: %{"causation_id" => "019cfe0b-bf41-729f-9509-e5efc02dd546", "correlation_id" => "019cfe0b-bf41-729f-9509-e5efc02dd546"}}]
.23:05:08.679 [debug] QUERY OK source="users" db=0.2ms queue=0.1ms
INSERT INTO "users" ("id","status","role","org_id","email","display_name","cose_key","credential_id","created_at","updated_at") VALUES ($1,$2,$3,$4,$5,$6,$7,$8,$9,$10) ["019cfe0b-bf46-7e9a-a752-4c5e2dd1ef17", "active", "admin", "019cfe0b-bf46-70fe-80ec-0aceb60ae94f", "payer@nexus.app", "Payer User", "mock_key", "mock_cred", ~U[2026-03-17 23:05:08.678689Z], ~U[2026-03-17 23:05:08.678689Z]]
23:05:08.679 request_id=GJ3Dbr9tNsp6PsYAADni [info] GET /payments
23:05:08.679 request_id=GJ3Dbr9tNsp6PsYAADni [debug] Processing with NexusWeb.Payments.BulkPaymentLive.__live__/0
  Parameters: %{}
  Pipelines: [:browser]
23:05:08.679 request_id=GJ3Dbr9tNsp6PsYAADni [debug] QUERY OK source="users" db=0.3ms
SELECT u0."id", u0."org_id", u0."email", u0."display_name", u0."role", u0."status", u0."cose_key", u0."credential_id", u0."created_at", u0."updated_at" FROM "users" AS u0 WHERE (u0."id" = $1) ["019cfe0b-bf46-7e9a-a752-4c5e2dd1ef17"]
23:05:08.680 request_id=GJ3Dbr9tNsp6PsYAADni [debug] QUERY OK source="payments_bulk_payments" db=0.3ms
SELECT p0."id", p0."org_id", p0."user_id", p0."status", p0."total_items", p0."processed_items", p0."total_amount", p0."created_at", p0."updated_at" FROM "payments_bulk_payments" AS p0 WHERE (p0."org_id" = $1) ORDER BY p0."created_at" DESC ["019cfe0b-bf46-70fe-80ec-0aceb60ae94f"]
23:05:08.680 request_id=GJ3Dbr9tNsp6PsYAADni [info] Sent 200 in 1ms
23:05:08.681 [debug] MOUNT NexusWeb.Payments.BulkPaymentLive
  Parameters: %{}
  Session: %{"_csrf_token" => "jPJCgXmhenSItlSyNybFL1JA", "live_socket_id" => "users_sessions:U47Jli1YRMV7u15xPUv-XhsDK7orSCz9VdOuYrAFhec=", "user_id" => "019cfe0b-bf46-7e9a-a752-4c5e2dd1ef17"}
23:05:08.681 [debug] QUERY OK source="users" db=0.1ms
SELECT u0."id", u0."org_id", u0."email", u0."display_name", u0."role", u0."status", u0."cose_key", u0."credential_id", u0."created_at", u0."updated_at" FROM "users" AS u0 WHERE (u0."id" = $1) ["019cfe0b-bf46-7e9a-a752-4c5e2dd1ef17"]
23:05:08.682 [debug] QUERY OK source="payments_bulk_payments" db=0.1ms
SELECT p0."id", p0."org_id", p0."user_id", p0."status", p0."total_items", p0."processed_items", p0."total_amount", p0."created_at", p0."updated_at" FROM "payments_bulk_payments" AS p0 WHERE (p0."org_id" = $1) ORDER BY p0."created_at" DESC ["019cfe0b-bf46-70fe-80ec-0aceb60ae94f"]
23:05:08.682 [debug] Replied in 525µs
23:05:08.682 [debug] HANDLE PARAMS in NexusWeb.Payments.BulkPaymentLive
  Parameters: %{}
23:05:08.682 [debug] Replied in 27µs
23:05:08.684 request_id=GJ3Dbr9tNsp6PsYAADni [info] CONNECTED TO Phoenix.LiveView.Socket in 14µs
  Transport: {Phoenix.ChannelTest, #PID<0.1455.0>}
  Serializer: Phoenix.ChannelTest.NoopSerializer
  Parameters: %{}
23:05:08.686 [info] JOINED lvu:123 in 525µs
  Parameters: %{"token" => "SFMyNTY.g2gDaAJhBnQAAAADdwNwaWRYdw1ub25vZGVAbm9ob3N0AAAFsQAAAAAAAAAAdwNyZWZoAm0AAAAUcGh4LUdKM0Rici1hVWxCOWhEckNtAAAABTE5MTcwdwNjaWR3A25pbG4GAEy_C_6cAWIAAVGA.r9wwG29QyjXYmWGTvT7TKLebwdDQ22fSmHDYo_gU3nE"}
23:05:08.688 [debug] HANDLE EVENT "save" in NexusWeb.Payments.BulkPaymentLive
  Parameters: %{"batch" => ""}
23:05:08.688 [debug] Replied in 207µs
.23:05:08.690 [info] 		[36mGiven [32ma registered tenant "Munich HQ" exists
23:05:08.694 [info] 		[36mWhen [32mthe ERP system sends 5 invoice payloads within the limit
.23:05:08.694 [info] 		[36mThen [32mall 5 payloads should be accepted
23:05:08.695 [info] 		[36mGiven [32ma registered tenant "Munich HQ" exists
23:05:08.695 [info] 		[36mWhen [32mthe ERP system sends 150 invoice payloads rapidly
.23:05:08.695 [info] 		[36mThen [32mthe system should return a 429 Too Many Requests error
23:05:08.695 [info] 		[36mThen [32mthe excess payloads should not reach the domain aggregate
23:05:08.696 [debug] QUERY OK source="erp_invoices" db=0.2ms
DELETE FROM "erp_invoices" AS e0 []
23:05:08.696 [debug] QUERY OK db=0.1ms
DELETE FROM projection_versions []
23:05:08.696 [info] 		[36mGiven [32ma registered tenant "Munich HQ" exists
23:05:08.696 [debug] Locating aggregate process for `Nexus.ERP.Aggregates.Invoice` with UUID "INV-001"
23:05:08.697 [debug] Nexus.ERP.Aggregates.Invoice<INV-001@1> executing command: %Nexus.ERP.Commands.IngestInvoice{org_id: "019cfe0b-bf58-74b3-99d3-93b84370e39e", invoice_id: "INV-001", entity_id: "E-100", currency: "EUR", amount: Decimal.new("1000"), due_date: ~D[2026-04-16], subsidiary: "Munich HQ", line_items: [%{description: "Consulting", amount: Decimal.new("1000")}], sap_document_number: "SAP-INV-001", sap_status: "Verified_Via_Network", ingested_at: ~U[2026-03-17 23:05:08.696519Z]}
23:05:08.697 [info] 		[36mGiven [32man invoice "INV-001" has already been ingested
23:05:08.697 [debug] Locating aggregate process for `Nexus.ERP.Aggregates.Invoice` with UUID "INV-001"
23:05:08.697 [debug] Nexus.ERP.Aggregates.Invoice<INV-001@1> executing command: %Nexus.ERP.Commands.IngestInvoice{org_id: "019cfe0b-bf58-74b3-99d3-93b84370e39e", invoice_id: "INV-001", entity_id: "E-100", currency: "EUR", amount: Decimal.new("1000"), due_date: ~D[2026-04-16], subsidiary: "Munich HQ", line_items: [%{description: "Consulting", amount: Decimal.new("1000")}], sap_document_number: "SAP-INV-001", sap_status: "Verified_Via_Network", ingested_at: ~U[2026-03-17 23:05:08.697806Z]}
23:05:08.697 [info] 		[36mWhen [32mthe ERP system pushes the exact same invoice "INV-001" again
23:05:08.697 [info] 		[36mThen [32mthe system should gracefully accept the payload without error
23:05:08.697 [info] 		[36mThen [32mno duplicate events should be emitted
.23:05:08.698 [debug] QUERY OK source="erp_invoices" db=0.4ms
DELETE FROM "erp_invoices" AS e0 []
23:05:08.698 [debug] QUERY OK db=0.1ms queue=0.1ms
DELETE FROM projection_versions []
23:05:08.699 [info] 		[36mGiven [32ma registered tenant "Munich HQ" exists
23:05:08.699 [debug] Locating aggregate process for `Nexus.ERP.Aggregates.Invoice` with UUID "019cfe0b-bf5b-7365-b657-47142decf2f3"
23:05:08.699 [debug] Nexus.ERP.Aggregates.Invoice<019cfe0b-bf5b-7365-b657-47142decf2f3@0> executing command: %Nexus.ERP.Commands.IngestInvoice{org_id: "019cfe0b-bf5b-7b61-b139-27fa539d6cb3", invoice_id: "019cfe0b-bf5b-7365-b657-47142decf2f3", entity_id: "E-101", currency: "EUR", amount: Decimal.new("1000"), due_date: ~D[2026-04-16], subsidiary: "Munich HQ", line_items: [%{description: "Software License", amount: Decimal.new("1000")}], sap_document_number: "SAP-019cfe0b-bf5b-7365-b657-47142decf2f3", sap_status: "Verified_Via_Network", ingested_at: ~U[2026-03-17 23:05:08.699053Z]}
23:05:08.700 [debug] Appended 1 event(s) to stream "019cfe0b-bf5b-7365-b657-47142decf2f3"
23:05:08.700 [debug] Listener received notification on channel "event_store.events" with payload: "019cfe0b-bf5b-7365-b657-47142decf2f3,6612,1,1"
23:05:08.700 [info] 		[36mWhen [32mthe ERP system pushes a valid invoice payload for "1000 EUR"
23:05:08.700 [debug] Listener received notification on channel "event_store.events" with payload: "$all,0,9200,9200"
23:05:08.700 [debug] Nexus.ERP.Aggregates.Invoice<019cfe0b-bf5b-7365-b657-47142decf2f3@1> received events: [%Commanded.EventStore.RecordedEvent{event_id: "dcb4e2d0-8058-4a13-aad6-370480678c61", event_number: 1, stream_id: "019cfe0b-bf5b-7365-b657-47142decf2f3", stream_version: 1, causation_id: "72436175-e175-48af-9d61-411344f03aae", correlation_id: "06ac966b-abae-4928-896b-5d226c4bd894", event_type: "Elixir.Nexus.ERP.Events.InvoiceIngested", data: %Nexus.ERP.Events.InvoiceIngested{org_id: "019cfe0b-bf5b-7b61-b139-27fa539d6cb3", invoice_id: "019cfe0b-bf5b-7365-b657-47142decf2f3", entity_id: "E-101", currency: "EUR", amount: "1000", due_date: "2026-04-16", subsidiary: "Munich HQ", line_items: [%{description: "Software License", amount: "1000"}], sap_document_number: "SAP-019cfe0b-bf5b-7365-b657-47142decf2f3", sap_status: "Verified_Via_Network", ingested_at: "2026-03-17T23:05:08.699053Z"}, created_at: ~U[2026-03-17 23:05:08.699696Z], metadata: %{"causation_id" => "019cfe0b-bf5b-7447-be5c-083626337a29", "correlation_id" => "019cfe0b-bf5b-7447-be5c-083626337a29"}}]
23:05:08.701 [debug] QUERY OK db=0.0ms
begin []
23:05:08.701 [debug] QUERY OK source="projection_versions" db=0.1ms
INSERT INTO "projection_versions" AS p0 ("projection_name","last_seen_event_number","inserted_at","updated_at") VALUES ($1,$2,$3,$4) ON CONFLICT ("projection_name") DO UPDATE SET "last_seen_event_number" = $5 WHERE ((p0."projection_name" = $6) AND (p0."last_seen_event_number" < $7)) ["ERP.InvoiceProjector", 1, ~N[2026-03-17 23:05:08.701294], ~N[2026-03-17 23:05:08.701294], 1, "ERP.InvoiceProjector", 1]
23:05:08.701 [debug] QUERY OK source="erp_invoices" db=0.1ms
INSERT INTO "erp_invoices" ("id","status","currency","amount","org_id","updated_at","created_at","entity_id","subsidiary","due_date","line_items","sap_document_number","sap_status") VALUES ($1,$2,$3,$4,$5,$6,$7,$8,$9,$10,$11,$12,$13) ON CONFLICT ("id") DO NOTHING ["019cfe0b-bf5b-7365-b657-47142decf2f3", "ingested", "EUR", Decimal.new("1000"), "019cfe0b-bf5b-7b61-b139-27fa539d6cb3", ~U[2026-03-17 23:05:08.699053Z], ~U[2026-03-17 23:05:08.699053Z], "E-101", "Munich HQ", ~U[2026-04-16 00:00:00.000000Z], [%{description: "Software License", amount: "1000"}], "SAP-019cfe0b-bf5b-7365-b657-47142decf2f3", "Verified_Via_Network"]
23:05:08.702 [debug] QUERY OK db=0.1ms
commit []
23:05:08.702 [debug] QUERY OK source="erp_invoices" db=0.4ms
SELECT e0."id", e0."org_id", e0."entity_id", e0."currency", e0."amount", e0."subsidiary", e0."line_items", e0."sap_document_number", e0."sap_status", e0."due_date", e0."status", e0."created_at", e0."updated_at" FROM "erp_invoices" AS e0 WHERE (e0."id" = $1) ["019cfe0b-bf5b-7365-b657-47142decf2f3"]
23:05:08.702 [info] 		[36mThen [32mthe invoice should be accepted and recorded
.23:05:08.702 [info] 		[36mThen [32man InvoiceIngested event should be emitted
23:05:08.703 [debug] QUERY OK source="erp_invoices" db=0.3ms
DELETE FROM "erp_invoices" AS e0 []
23:05:08.703 [debug] QUERY OK db=0.2ms
DELETE FROM projection_versions []
23:05:08.703 [info] 		[36mGiven [32ma registered tenant "Munich HQ" exists
23:05:08.703 [debug] Locating aggregate process for `Nexus.ERP.Aggregates.Invoice` with UUID "019cfe0b-bf5f-78b0-b258-e1f09190e264"
23:05:08.704 [debug] Nexus.ERP.Aggregates.Invoice<019cfe0b-bf5f-78b0-b258-e1f09190e264@0> executing command: %Nexus.ERP.Commands.IngestInvoice{org_id: "019cfe0b-bf5f-7fb6-a3c7-dd8388296405", invoice_id: "019cfe0b-bf5f-78b0-b258-e1f09190e264", entity_id: "E-101", currency: "EUR", amount: Decimal.new("-500"), due_date: ~D[2026-04-16], subsidiary: "Munich HQ", line_items: [%{description: "Refund", amount: Decimal.new("-500")}], sap_document_number: "SAP-019cfe0b-bf5f-78b0-b258-e1f09190e264", sap_status: "Verified_Via_Network", ingested_at: ~U[2026-03-17 23:05:08.703926Z]}
23:05:08.706 [debug] Appended 1 event(s) to stream "019cfe0b-bf5f-78b0-b258-e1f09190e264"
23:05:08.707 [debug] Listener received notification on channel "event_store.events" with payload: "019cfe0b-bf5f-78b0-b258-e1f09190e264,6613,1,1"
23:05:08.707 [info] 		[36mWhen [32mthe ERP system pushes an invoice payload with amount "-500 EUR"
23:05:08.707 [debug] Listener received notification on channel "event_store.events" with payload: "$all,0,9201,9201"
23:05:08.707 [info] 		[36mThen [32mthe invoice should be rejected
23:05:08.707 [debug] Nexus.ERP.Aggregates.Invoice<019cfe0b-bf5f-78b0-b258-e1f09190e264@1> received events: [%Commanded.EventStore.RecordedEvent{event_id: "dccb8423-1e1f-40de-a376-ab0e9f8afda4", event_number: 1, stream_id: "019cfe0b-bf5f-78b0-b258-e1f09190e264", stream_version: 1, causation_id: "a0d34ede-b388-4194-b73f-41b074746028", correlation_id: "c9890416-0d2a-4b0c-91a8-110e5f53af18", event_type: "Elixir.Nexus.ERP.Events.InvoiceRejected", data: %Nexus.ERP.Events.InvoiceRejected{org_id: "019cfe0b-bf5f-7fb6-a3c7-dd8388296405", invoice_id: "019cfe0b-bf5f-78b0-b258-e1f09190e264", reason: "Invoice amount must be positive", rejected_at: "2026-03-17T23:05:08.703926Z"}, created_at: ~U[2026-03-17 23:05:08.704688Z], metadata: %{"causation_id" => "019cfe0b-bf5f-7d02-af9a-e6b7414e7093", "correlation_id" => "019cfe0b-bf5f-7d02-af9a-e6b7414e7093"}}]
23:05:08.707 [debug] QUERY OK source="erp_invoices" db=0.4ms
SELECT e0."id", e0."org_id", e0."entity_id", e0."currency", e0."amount", e0."subsidiary", e0."line_items", e0."sap_document_number", e0."sap_status", e0."due_date", e0."status", e0."created_at", e0."updated_at" FROM "erp_invoices" AS e0 WHERE (e0."id" = $1) ["019cfe0b-bf5f-78b0-b258-e1f09190e264"]
23:05:08.707 [info] 		[36mThen [32man InvoiceRejected event should be emitted
.
=== DISPATCHING MOCK COMMAND ===
23:05:08.708 [debug] Locating aggregate process for `Nexus.Treasury.Aggregates.Forecast` with UUID "forecast-00000000-0000-0000-0000-000000000000"
23:05:08.711 [debug] Nexus.Treasury.Aggregates.Forecast<forecast-00000000-0000-0000-0000-000000000000@93> executing command: %Nexus.Treasury.Commands.GenerateForecast{org_id: "00000000-0000-0000-0000-000000000000", currency: "EUR", horizon_days: 30, predictions: [%{date: "2026-03-03", predicted_amount: 1000.5}], generated_at: ~U[2026-03-17 23:05:08.708036Z]}
23:05:08.712 [debug] Appended 1 event(s) to stream "forecast-00000000-0000-0000-0000-000000000000"
.23:05:08.712 [debug] Listener received notification on channel "event_store.events" with payload: "forecast-00000000-0000-0000-0000-000000000000,17,94,94"
23:05:08.712 [debug] Listener received notification on channel "event_store.events" with payload: "$all,0,9202,9202"
23:05:08.713 [debug] QUERY OK source="erp_statement_lines" db=0.2ms
DELETE FROM "erp_statement_lines" AS e0 []
23:05:08.713 [debug] Nexus.Treasury.Aggregates.Forecast<forecast-00000000-0000-0000-0000-000000000000@94> received events: [%Commanded.EventStore.RecordedEvent{event_id: "f56a37d5-148e-4167-afbb-137c33d148a9", event_number: 94, stream_id: "forecast-00000000-0000-0000-0000-000000000000", stream_version: 94, causation_id: "fb1cb571-4d12-40a6-9c2b-af3b80343473", correlation_id: "dbb53a8c-291d-4f4f-b5bc-e2f23efa0b9b", event_type: "Elixir.Nexus.Treasury.Events.ForecastGenerated", data: %Nexus.Treasury.Events.ForecastGenerated{org_id: "00000000-0000-0000-0000-000000000000", currency: "EUR", horizon_days: 30, predictions: [%{date: "2026-03-03", predicted_amount: 1000.5}], generated_at: "2026-03-17T23:05:08.708036Z"}, created_at: ~U[2026-03-17 23:05:08.712001Z], metadata: %{"causation_id" => "019cfe0b-bf64-772b-a9cf-b979205d7a60", "correlation_id" => "019cfe0b-bf64-772b-a9cf-b979205d7a60"}}]
23:05:08.713 [debug] QUERY OK source="erp_statements" db=0.2ms
DELETE FROM "erp_statements" AS e0 []
23:05:08.713 [debug] QUERY OK source="projection_versions" db=0.0ms queue=0.1ms
DELETE FROM "projection_versions" AS p0 WHERE (p0."projection_name" = 'ERP.StatementProjector') []
23:05:08.714 [info] 		[36mGiven [32mI am uploading as organisation "org-f8-c"
23:05:08.714 [debug] Locating aggregate process for `Nexus.ERP.Aggregates.Statement` with UUID "019cfe0b-bf6a-705a-add5-7efa92946195"
23:05:08.714 [debug] Nexus.ERP.Aggregates.Statement<019cfe0b-bf6a-705a-add5-7efa92946195@0> executing command: %Nexus.ERP.Commands.UploadStatement{statement_id: "019cfe0b-bf6a-705a-add5-7efa92946195", org_id: "019cfe0b-bf6a-7f41-9d20-5ae9b4214cca", filename: "broken.sta", format: "mt940", raw_content: "", uploaded_at: ~U[2026-03-17 23:05:08.714045Z]}
23:05:08.717 [debug] Appended 1 event(s) to stream "019cfe0b-bf6a-705a-add5-7efa92946195"
23:05:08.717 [debug] Listener received notification on channel "event_store.events" with payload: "019cfe0b-bf6a-705a-add5-7efa92946195,6614,1,1"
23:05:08.717 [debug] Listener received notification on channel "event_store.events" with payload: "$all,0,9203,9203"
23:05:08.717 [info] 		[36mWhen [32mI upload an invalid statement file
23:05:08.717 [debug] Nexus.ERP.Aggregates.Statement<019cfe0b-bf6a-705a-add5-7efa92946195@1> received events: [%Commanded.EventStore.RecordedEvent{event_id: "6aad15dc-755b-4784-a2a4-3a85334cee16", event_number: 1, stream_id: "019cfe0b-bf6a-705a-add5-7efa92946195", stream_version: 1, causation_id: "4acbc5fc-4fc7-432c-a5f4-2a02e63d0d71", correlation_id: "efdca4ff-31c2-487e-aa5a-ea873af994ca", event_type: "Elixir.Nexus.ERP.Events.StatementRejected", data: %Nexus.ERP.Events.StatementRejected{statement_id: "019cfe0b-bf6a-705a-add5-7efa92946195", org_id: "019cfe0b-bf6a-7f41-9d20-5ae9b4214cca", filename: "broken.sta", reason: "File content is empty", rejected_at: "2026-03-17T23:05:08.714045Z"}, created_at: ~U[2026-03-17 23:05:08.714593Z], metadata: %{"causation_id" => "019cfe0b-bf6a-79ed-99a9-245d21be511b", "correlation_id" => "019cfe0b-bf6a-79ed-99a9-245d21be511b"}}]
23:05:08.717 [debug] QUERY OK source="erp_statements" db=0.3ms
SELECT e0."id", e0."org_id", e0."filename", e0."format", e0."status", e0."line_count", e0."matched_count", e0."overlap_warning", e0."content_hash", e0."uploaded_at", e0."error_message", e0."created_at", e0."updated_at" FROM "erp_statements" AS e0 WHERE (e0."id" = $1) ["019cfe0b-bf6a-705a-add5-7efa92946195"]
23:05:08.718 [info] 		[36mThen [32mthe statement should be rejected with a reason
.23:05:08.718 [debug] QUERY OK source="erp_statement_lines" db=0.0ms
DELETE FROM "erp_statement_lines" AS e0 []
23:05:08.718 [debug] QUERY OK source="erp_statements" db=0.1ms
DELETE FROM "erp_statements" AS e0 []
23:05:08.718 [debug] QUERY OK source="projection_versions" db=0.2ms
DELETE FROM "projection_versions" AS p0 WHERE (p0."projection_name" = 'ERP.StatementProjector') []
23:05:08.718 [info] 		[36mGiven [32mI am uploading as organisation "org-f8-a"
23:05:08.719 [debug] Locating aggregate process for `Nexus.ERP.Aggregates.Statement` with UUID "019cfe0b-bf6f-7e14-938d-37f1d06c9376"
23:05:08.719 [debug] Nexus.ERP.Aggregates.Statement<019cfe0b-bf6f-7e14-938d-37f1d06c9376@0> executing command: %Nexus.ERP.Commands.UploadStatement{statement_id: "019cfe0b-bf6f-7e14-938d-37f1d06c9376", org_id: "019cfe0b-bf6e-7135-831c-fbcfb026f89d", filename: "january.sta", format: "mt940", raw_content: ":20:STMT-REF-001\n:25:IBAN-DE89370400440532013000\n:28C:00001/001\n:60F:C230101EUR10000,00\n:61:2301030103CR1500,00NTRFBACS-REF-001\n:86:VENDOR PAYMENT EUR/USD BATCH A\n:61:2301040104CR2000,00NTRFBACS-REF-002\n:86:FX SETTLEMENT TRANCHE B\n:61:2301050105DR500,00NTRFBACS-REF-003\n:86:BANK CHARGES JAN\n:62F:C230105EUR13000,00\n", uploaded_at: ~U[2026-03-17 23:05:08.719263Z]}
23:05:08.720 [debug] Appended 1 event(s) to stream "019cfe0b-bf6f-7e14-938d-37f1d06c9376"
23:05:08.720 [debug] Listener received notification on channel "event_store.events" with payload: "019cfe0b-bf6f-7e14-938d-37f1d06c9376,6615,1,1"
23:05:08.720 [debug] Listener received notification on channel "event_store.events" with payload: "$all,0,9204,9204"
23:05:08.720 [debug] QUERY OK source="erp_statements" db=0.1ms
SELECT count(e0."id") FROM "erp_statements" AS e0 WHERE ((e0."org_id" = $1) AND (e0."filename" = $2)) ["019cfe0b-bf6e-7135-831c-fbcfb026f89d", "january.sta"]
23:05:08.720 [debug] Nexus.ERP.Aggregates.Statement<019cfe0b-bf6f-7e14-938d-37f1d06c9376@1> received events: [%Commanded.EventStore.RecordedEvent{event_id: "9ef533ea-10e0-46a9-9b13-b7495fac15bf", event_number: 1, stream_id: "019cfe0b-bf6f-7e14-938d-37f1d06c9376", stream_version: 1, causation_id: "fe830357-9050-4fd3-86c4-4392c6c2cff9", correlation_id: "9c501d6d-8bbe-40b8-af8e-c32c88d0cddc", event_type: "Elixir.Nexus.ERP.Events.StatementUploaded", data: %Nexus.ERP.Events.StatementUploaded{statement_id: "019cfe0b-bf6f-7e14-938d-37f1d06c9376", org_id: "019cfe0b-bf6e-7135-831c-fbcfb026f89d", filename: "january.sta", format: "mt940", lines: [%{id: "019cfe0b-bf6f-7313-b97a-14b4a3c5a4e0", status: "unmatched", date: "2023-01-03", metadata: %{}, currency: "EUR", ref: "TRFBACS-REF-001", amount: "1500.00", narrative: "VENDOR PAYMENT EUR/USD BATCH A"}, %{id: "019cfe0b-bf6f-7de8-a04d-59e14c4de990", status: "unmatched", date: "2023-01-04", metadata: %{}, currency: "EUR", ref: "TRFBACS-REF-002", amount: "2000.00", narrative: "FX SETTLEMENT TRANCHE B"}, %{id: "019cfe0b-bf6f-71eb-8803-9e5ed483626b", status: "unmatched", date: "2023-01-05", metadata: %{}, currency: "EUR", ref: "TRFBACS-REF-003", amount: "-500.00", narrative: "BANK CHARGES JAN"}], uploaded_at: "2026-03-17T23:05:08.719263Z", content_hash: "B7A5037D782694494B77B3FFB9AFB6CF465E925B8DCF8465887A7EC15965A002"}, created_at: ~U[2026-03-17 23:05:08.719795Z], metadata: %{"causation_id" => "019cfe0b-bf6f-7393-b3e6-1e7332c2d466", "correlation_id" => "019cfe0b-bf6f-7393-b3e6-1e7332c2d466"}}]
23:05:08.720 [debug] QUERY OK db=0.1ms
begin []
23:05:08.721 [debug] QUERY OK source="projection_versions" db=0.1ms
INSERT INTO "projection_versions" AS p0 ("projection_name","last_seen_event_number","inserted_at","updated_at") VALUES ($1,$2,$3,$4) ON CONFLICT ("projection_name") DO UPDATE SET "last_seen_event_number" = $5 WHERE ((p0."projection_name" = $6) AND (p0."last_seen_event_number" < $7)) ["ERP.StatementProjector", 1, ~N[2026-03-17 23:05:08.720986], ~N[2026-03-17 23:05:08.720986], 1, "ERP.StatementProjector", 1]
23:05:08.721 [debug] QUERY OK source="erp_statements" db=0.0ms
INSERT INTO "erp_statements" ("id","status","filename","format","org_id","uploaded_at","matched_count","overlap_warning","line_count","content_hash","created_at","updated_at") VALUES ($1,$2,$3,$4,$5,$6,$7,$8,$9,$10,$11,$12) ON CONFLICT ("id") DO NOTHING ["019cfe0b-bf6f-7e14-938d-37f1d06c9376", "uploaded", "january.sta", "mt940", "019cfe0b-bf6e-7135-831c-fbcfb026f89d", ~U[2026-03-17 23:05:08.720373Z], 0, false, 3, "hash_mt940", ~U[2026-03-17 23:05:08.721292Z], ~U[2026-03-17 23:05:08.721292Z]]
23:05:08.721 [debug] QUERY OK source="erp_statement_lines" db=0.2ms
INSERT INTO "erp_statement_lines" ("id","status","date","metadata","currency","ref","amount","org_id","statement_id","narrative","created_at","updated_at") VALUES ($1,$2,$3,$4,$5,$6,$7,$8,$9,$10,$11,$12) ON CONFLICT ("id") DO NOTHING ["019cfe0b-bf70-7032-80e4-0f447421e9c7", "unmatched", "2023-01-03", %{}, "EUR", "TRFBACS-REF-001", Decimal.new("1500.00"), "019cfe0b-bf6e-7135-831c-fbcfb026f89d", "019cfe0b-bf6f-7e14-938d-37f1d06c9376", "VENDOR PAYMENT EUR/USD BATCH A", ~U[2026-03-17 23:05:08.721483Z], ~U[2026-03-17 23:05:08.721483Z]]
23:05:08.721 [debug] QUERY OK source="erp_statement_lines" db=0.1ms
INSERT INTO "erp_statement_lines" ("id","status","date","metadata","currency","ref","amount","org_id","statement_id","narrative","created_at","updated_at") VALUES ($1,$2,$3,$4,$5,$6,$7,$8,$9,$10,$11,$12) ON CONFLICT ("id") DO NOTHING ["019cfe0b-bf70-7a35-9618-d400dbfb1d78", "unmatched", "2023-01-04", %{}, "EUR", "TRFBACS-REF-002", Decimal.new("2000.00"), "019cfe0b-bf6e-7135-831c-fbcfb026f89d", "019cfe0b-bf6f-7e14-938d-37f1d06c9376", "FX SETTLEMENT TRANCHE B", ~U[2026-03-17 23:05:08.721785Z], ~U[2026-03-17 23:05:08.721785Z]]
23:05:08.722 [debug] QUERY OK source="erp_statement_lines" db=0.1ms
INSERT INTO "erp_statement_lines" ("id","status","date","metadata","currency","ref","amount","org_id","statement_id","narrative","created_at","updated_at") VALUES ($1,$2,$3,$4,$5,$6,$7,$8,$9,$10,$11,$12) ON CONFLICT ("id") DO NOTHING ["019cfe0b-bf70-7968-9ec4-b1046e8fb402", "unmatched", "2023-01-05", %{}, "EUR", "TRFBACS-REF-003", Decimal.new("-500.00"), "019cfe0b-bf6e-7135-831c-fbcfb026f89d", "019cfe0b-bf6f-7e14-938d-37f1d06c9376", "BANK CHARGES JAN", ~U[2026-03-17 23:05:08.721960Z], ~U[2026-03-17 23:05:08.721960Z]]
23:05:08.722 [debug] QUERY OK db=0.1ms
commit []
23:05:08.722 [info] 		[36mWhen [32mI upload an MT940 statement with 3 transaction lines
23:05:08.723 [debug] QUERY OK source="erp_statements" db=0.6ms
SELECT e0."id", e0."org_id", e0."filename", e0."format", e0."status", e0."line_count", e0."matched_count", e0."overlap_warning", e0."content_hash", e0."uploaded_at", e0."error_message", e0."created_at", e0."updated_at" FROM "erp_statements" AS e0 WHERE (e0."id" = $1) ["019cfe0b-bf6f-7e14-938d-37f1d06c9376"]
23:05:08.723 [info] 		[36mThen [32mthe statement should be accepted
23:05:08.723 [debug] QUERY OK source="erp_statement_lines" db=0.1ms queue=0.1ms
SELECT count(e0."id") FROM "erp_statement_lines" AS e0 WHERE (e0."statement_id" = $1) ["019cfe0b-bf6f-7e14-938d-37f1d06c9376"]
23:05:08.723 [info] 		[36mThen [32mthe statement should have 3 parsed lines
.23:05:08.724 [debug] QUERY OK source="erp_statement_lines" db=0.2ms
DELETE FROM "erp_statement_lines" AS e0 []
23:05:08.724 [debug] QUERY OK source="erp_statements" db=0.2ms
DELETE FROM "erp_statements" AS e0 []
23:05:08.724 [debug] QUERY OK source="projection_versions" db=0.2ms
DELETE FROM "projection_versions" AS p0 WHERE (p0."projection_name" = 'ERP.StatementProjector') []
23:05:08.724 [info] 		[36mGiven [32mI am uploading as organisation "org-f8-b"
23:05:08.724 [debug] Locating aggregate process for `Nexus.ERP.Aggregates.Statement` with UUID "019cfe0b-bf74-7626-a703-f427f00869a4"
23:05:08.725 [debug] Nexus.ERP.Aggregates.Statement<019cfe0b-bf74-7626-a703-f427f00869a4@0> executing command: %Nexus.ERP.Commands.UploadStatement{statement_id: "019cfe0b-bf74-7626-a703-f427f00869a4", org_id: "019cfe0b-bf74-73dd-b6be-ec6a14f73123", filename: "january.csv", format: "csv", raw_content: "date,ref,amount,currency,narrative\n2023-01-03,BACS-REF-001,1500.00,EUR,Vendor Payment Batch A\n2023-01-04,BACS-REF-002,2000.00,USD,FX Settlement Tranche B\n", uploaded_at: ~U[2026-03-17 23:05:08.724880Z]}
23:05:08.726 [debug] Appended 1 event(s) to stream "019cfe0b-bf74-7626-a703-f427f00869a4"
23:05:08.726 [debug] Listener received notification on channel "event_store.events" with payload: "019cfe0b-bf74-7626-a703-f427f00869a4,6616,1,1"
23:05:08.726 [debug] Listener received notification on channel "event_store.events" with payload: "$all,0,9205,9205"
23:05:08.727 [debug] QUERY OK source="erp_statements" db=0.4ms
SELECT count(e0."id") FROM "erp_statements" AS e0 WHERE ((e0."org_id" = $1) AND (e0."filename" = $2)) ["019cfe0b-bf74-73dd-b6be-ec6a14f73123", "january.csv"]
23:05:08.727 [debug] Nexus.ERP.Aggregates.Statement<019cfe0b-bf74-7626-a703-f427f00869a4@1> received events: [%Commanded.EventStore.RecordedEvent{event_id: "36e51506-96b6-4806-bfab-bbd704588317", event_number: 1, stream_id: "019cfe0b-bf74-7626-a703-f427f00869a4", stream_version: 1, causation_id: "728a34b8-ff21-4a49-af0e-9fabf9c4f08f", correlation_id: "e4fa3d19-492e-465d-8a1c-5f945f653744", event_type: "Elixir.Nexus.ERP.Events.StatementUploaded", data: %Nexus.ERP.Events.StatementUploaded{statement_id: "019cfe0b-bf74-7626-a703-f427f00869a4", org_id: "019cfe0b-bf74-73dd-b6be-ec6a14f73123", filename: "january.csv", format: "csv", lines: [%{id: "019cfe0b-bf75-7716-919b-42942780d389", status: "unmatched", date: "2023-01-03", metadata: %{}, currency: "EUR", ref: "BACS-REF-001", amount: "1500.00", narrative: "Vendor Payment Batch A"}, %{id: "019cfe0b-bf75-748a-b311-30383fc733e6", status: "unmatched", date: "2023-01-04", metadata: %{}, currency: "USD", ref: "BACS-REF-002", amount: "2000.00", narrative: "FX Settlement Tranche B"}], uploaded_at: "2026-03-17T23:05:08.724880Z", content_hash: "B239170FECC090C8FE420468A3019623DEB187E3E0E8BB6DAA37F027FE841000"}, created_at: ~U[2026-03-17 23:05:08.725656Z], metadata: %{"causation_id" => "019cfe0b-bf74-7b87-ac4c-8cc21cb7d0bc", "correlation_id" => "019cfe0b-bf74-7b87-ac4c-8cc21cb7d0bc"}}]
23:05:08.727 [debug] QUERY OK db=0.0ms
begin []
23:05:08.727 [debug] QUERY OK source="projection_versions" db=0.1ms
INSERT INTO "projection_versions" AS p0 ("projection_name","last_seen_event_number","inserted_at","updated_at") VALUES ($1,$2,$3,$4) ON CONFLICT ("projection_name") DO UPDATE SET "last_seen_event_number" = $5 WHERE ((p0."projection_name" = $6) AND (p0."last_seen_event_number" < $7)) ["ERP.StatementProjector", 1, ~N[2026-03-17 23:05:08.727406], ~N[2026-03-17 23:05:08.727406], 1, "ERP.StatementProjector", 1]
23:05:08.728 [debug] QUERY OK source="erp_statements" db=0.1ms
INSERT INTO "erp_statements" ("id","status","filename","format","org_id","uploaded_at","matched_count","overlap_warning","line_count","content_hash","created_at","updated_at") VALUES ($1,$2,$3,$4,$5,$6,$7,$8,$9,$10,$11,$12) ON CONFLICT ("id") DO NOTHING ["019cfe0b-bf74-7626-a703-f427f00869a4", "uploaded", "january.csv", "csv", "019cfe0b-bf74-73dd-b6be-ec6a14f73123", ~U[2026-03-17 23:05:08.726546Z], 0, false, 2, "hash_csv", ~U[2026-03-17 23:05:08.727658Z], ~U[2026-03-17 23:05:08.727658Z]]
23:05:08.728 [debug] QUERY OK source="erp_statement_lines" db=0.2ms
INSERT INTO "erp_statement_lines" ("id","status","date","metadata","currency","ref","amount","org_id","statement_id","narrative","created_at","updated_at") VALUES ($1,$2,$3,$4,$5,$6,$7,$8,$9,$10,$11,$12) ON CONFLICT ("id") DO NOTHING ["019cfe0b-bf76-7f52-8596-d5644569d5e0", "unmatched", "2023-01-03", %{}, "EUR", "BACS-REF-001", Decimal.new("1500.00"), "019cfe0b-bf74-73dd-b6be-ec6a14f73123", "019cfe0b-bf74-7626-a703-f427f00869a4", "Vendor Payment Batch A", ~U[2026-03-17 23:05:08.728048Z], ~U[2026-03-17 23:05:08.728048Z]]
23:05:08.728 [debug] QUERY OK source="erp_statement_lines" db=0.1ms
INSERT INTO "erp_statement_lines" ("id","status","date","metadata","currency","ref","amount","org_id","statement_id","narrative","created_at","updated_at") VALUES ($1,$2,$3,$4,$5,$6,$7,$8,$9,$10,$11,$12) ON CONFLICT ("id") DO NOTHING ["019cfe0b-bf76-7cf2-a9c2-26a0254b798d", "unmatched", "2023-01-04", %{}, "USD", "BACS-REF-002", Decimal.new("2000.00"), "019cfe0b-bf74-73dd-b6be-ec6a14f73123", "019cfe0b-bf74-7626-a703-f427f00869a4", "FX Settlement Tranche B", ~U[2026-03-17 23:05:08.728503Z], ~U[2026-03-17 23:05:08.728503Z]]
23:05:08.728 [debug] QUERY OK db=0.1ms
commit []
23:05:08.728 [info] 		[36mWhen [32mI upload a CSV statement with 2 transaction lines
23:05:08.729 [debug] QUERY OK source="erp_statements" db=0.3ms
SELECT e0."id", e0."org_id", e0."filename", e0."format", e0."status", e0."line_count", e0."matched_count", e0."overlap_warning", e0."content_hash", e0."uploaded_at", e0."error_message", e0."created_at", e0."updated_at" FROM "erp_statements" AS e0 WHERE (e0."id" = $1) ["019cfe0b-bf74-7626-a703-f427f00869a4"]
23:05:08.729 [info] 		[36mThen [32mthe statement should be accepted
23:05:08.730 [debug] QUERY OK source="erp_statement_lines" db=0.4ms
SELECT count(e0."id") FROM "erp_statement_lines" AS e0 WHERE (e0."statement_id" = $1) ["019cfe0b-bf74-7626-a703-f427f00869a4"]
23:05:08.730 [info] 		[36mThen [32mthe statement should have 2 parsed lines
.23:05:08.731 [debug] QUERY OK source="treasury_exposure_snapshots" db=0.4ms queue=0.2ms
DELETE FROM "treasury_exposure_snapshots" AS t0 []
23:05:08.731 [debug] QUERY OK source="projection_versions" db=0.2ms
DELETE FROM "projection_versions" AS p0 []
23:05:08.731 [info] 		[36mGiven [32ma subsidiary "Munich HQ" has an open "USD" invoice for "100000"
23:05:08.731 [info] 		[36mGiven [32mthe current "EUR/USD" exchange rate is "1.0842"
23:05:08.731 [debug] Locating aggregate process for `Nexus.Treasury.Aggregates.Exposure` with UUID "Sub19682-EUR"
23:05:08.735 [debug] Nexus.Treasury.Aggregates.Exposure<Sub19682-EUR@0> executing command: %Nexus.Treasury.Commands.CalculateExposure{id: "Sub19682-EUR", org_id: "88b137d4-d76a-4e35-bb3e-6875d14283cd", subsidiary: "Sub19682", currency: "EUR", exposure_amount: Decimal.new("92233.91"), timestamp: ~U[2026-03-17 23:05:08.731633Z]}
23:05:08.737 [debug] Appended 1 event(s) to stream "Sub19682-EUR"
23:05:08.737 [debug] Listener received notification on channel "event_store.events" with payload: "Sub19682-EUR,6617,1,1"
23:05:08.737 [debug] Listener received notification on channel "event_store.events" with payload: "$all,0,9206,9206"
23:05:08.738 [debug] Nexus.Treasury.Aggregates.Exposure<Sub19682-EUR@1> received events: [%Commanded.EventStore.RecordedEvent{event_id: "386fd605-9960-4eff-a28b-5d9f5f9ffd41", event_number: 1, stream_id: "Sub19682-EUR", stream_version: 1, causation_id: "2681fbe4-7276-441a-a694-9e35f2af6594", correlation_id: "43c4c949-6a7a-4e65-98b8-d8a243725f51", event_type: "Elixir.Nexus.Treasury.Events.ExposureCalculated", data: %Nexus.Treasury.Events.ExposureCalculated{org_id: "88b137d4-d76a-4e35-bb3e-6875d14283cd", subsidiary: "Sub19682", currency: "EUR", exposure_amount: "92233.91", timestamp: "2026-03-17T23:05:08.731633Z"}, created_at: ~U[2026-03-17 23:05:08.735446Z], metadata: %{"causation_id" => "019cfe0b-bf7b-71bf-8d30-aa0428040736", "correlation_id" => "019cfe0b-bf7b-71bf-8d30-aa0428040736"}}]
23:05:08.740 [debug] QUERY OK db=0.1ms
begin []
23:05:08.740 [debug] QUERY OK source="projection_versions" db=0.1ms
INSERT INTO "projection_versions" AS p0 ("projection_name","last_seen_event_number","inserted_at","updated_at") VALUES ($1,$2,$3,$4) ON CONFLICT ("projection_name") DO UPDATE SET "last_seen_event_number" = $5 WHERE ((p0."projection_name" = $6) AND (p0."last_seen_event_number" < $7)) ["Treasury.ExposureProjector", 1, ~N[2026-03-17 23:05:08.740716], ~N[2026-03-17 23:05:08.740716], 1, "Treasury.ExposureProjector", 1]
23:05:08.741 [debug] QUERY OK source="treasury_exposure_snapshots" db=0.2ms
INSERT INTO "treasury_exposure_snapshots" ("id","currency","org_id","exposure_amount","subsidiary","calculated_at","created_at","updated_at") VALUES ($1,$2,$3,$4,$5,$6,$7,$8) ON CONFLICT ("id") DO UPDATE SET "updated_at" = EXCLUDED."updated_at","created_at" = EXCLUDED."created_at","calculated_at" = EXCLUDED."calculated_at","exposure_amount" = EXCLUDED."exposure_amount","currency" = EXCLUDED."currency","subsidiary" = EXCLUDED."subsidiary","org_id" = EXCLUDED."org_id" ["Sub19682-EUR", "EUR", "88b137d4-d76a-4e35-bb3e-6875d14283cd", Decimal.new("92233.91"), "Sub19682", ~U[2026-03-17 23:05:08.731633Z], ~U[2026-03-17 23:05:08.741027Z], ~U[2026-03-17 23:05:08.741027Z]]
23:05:08.741 [debug] QUERY OK db=0.1ms
commit []
23:05:08.741 [debug] [ExposureProjector] committed Sub19682-EUR
23:05:08.741 [info] 		[36mWhen [32mthe exposure calculation is triggered
23:05:08.742 [debug] QUERY OK source="treasury_exposure_snapshots" db=0.2ms queue=0.3ms
SELECT t0."id", t0."org_id", t0."subsidiary", t0."currency", t0."exposure_amount", t0."calculated_at", t0."created_at", t0."updated_at" FROM "treasury_exposure_snapshots" AS t0 WHERE (t0."id" = $1) ["Sub19682-EUR"]
23:05:08.742 [info] 		[36mThen [32mthe total exposure for "Munich HQ" is registered as "92233.91" "EUR"
.23:05:08.742 [debug] QUERY OK source="treasury_exposure_snapshots" db=0.3ms
DELETE FROM "treasury_exposure_snapshots" AS t0 []
23:05:08.743 [debug] QUERY OK source="projection_versions" db=0.1ms
DELETE FROM "projection_versions" AS p0 []
23:05:08.743 [debug] Locating aggregate process for `Nexus.Treasury.Aggregates.Exposure` with UUID "Sub19746-EUR"
23:05:08.743 [debug] Nexus.Treasury.Aggregates.Exposure<Sub19746-EUR@0> executing command: %Nexus.Treasury.Commands.CalculateExposure{id: "Sub19746-EUR", org_id: "ff14cafc-d1ec-43b4-b21f-68fb8a6f020e", subsidiary: "Sub19746", currency: "EUR", exposure_amount: Decimal.new("92233.91"), timestamp: ~U[2026-03-17 23:05:08.743134Z]}
23:05:08.744 [debug] Appended 1 event(s) to stream "Sub19746-EUR"
23:05:08.744 [debug] Listener received notification on channel "event_store.events" with payload: "Sub19746-EUR,6618,1,1"
23:05:08.744 [debug] Listener received notification on channel "event_store.events" with payload: "$all,0,9207,9207"
23:05:08.744 [debug] QUERY OK db=0.1ms
begin []
23:05:08.744 [debug] Nexus.Treasury.Aggregates.Exposure<Sub19746-EUR@1> received events: [%Commanded.EventStore.RecordedEvent{event_id: "09233708-1579-415a-a59f-a85f4f630895", event_number: 1, stream_id: "Sub19746-EUR", stream_version: 1, causation_id: "602b59e5-0a34-4f32-bd12-3ace0d83e88a", correlation_id: "08e328c2-b32e-4221-8c01-99be56c76838", event_type: "Elixir.Nexus.Treasury.Events.ExposureCalculated", data: %Nexus.Treasury.Events.ExposureCalculated{org_id: "ff14cafc-d1ec-43b4-b21f-68fb8a6f020e", subsidiary: "Sub19746", currency: "EUR", exposure_amount: "92233.91", timestamp: "2026-03-17T23:05:08.743134Z"}, created_at: ~U[2026-03-17 23:05:08.743759Z], metadata: %{"causation_id" => "019cfe0b-bf87-7f69-9323-5957b1d77a36", "correlation_id" => "019cfe0b-bf87-7f69-9323-5957b1d77a36"}}]
23:05:08.744 [debug] QUERY OK source="projection_versions" db=0.1ms
INSERT INTO "projection_versions" AS p0 ("projection_name","last_seen_event_number","inserted_at","updated_at") VALUES ($1,$2,$3,$4) ON CONFLICT ("projection_name") DO UPDATE SET "last_seen_event_number" = $5 WHERE ((p0."projection_name" = $6) AND (p0."last_seen_event_number" < $7)) ["Treasury.ExposureProjector", 1, ~N[2026-03-17 23:05:08.744701], ~N[2026-03-17 23:05:08.744701], 1, "Treasury.ExposureProjector", 1]
23:05:08.745 [debug] QUERY OK source="treasury_exposure_snapshots" db=0.2ms
INSERT INTO "treasury_exposure_snapshots" ("id","currency","org_id","exposure_amount","subsidiary","calculated_at","created_at","updated_at") VALUES ($1,$2,$3,$4,$5,$6,$7,$8) ON CONFLICT ("id") DO UPDATE SET "updated_at" = EXCLUDED."updated_at","created_at" = EXCLUDED."created_at","calculated_at" = EXCLUDED."calculated_at","exposure_amount" = EXCLUDED."exposure_amount","currency" = EXCLUDED."currency","subsidiary" = EXCLUDED."subsidiary","org_id" = EXCLUDED."org_id" ["Sub19746-EUR", "EUR", "ff14cafc-d1ec-43b4-b21f-68fb8a6f020e", Decimal.new("92233.91"), "Sub19746", ~U[2026-03-17 23:05:08.743134Z], ~U[2026-03-17 23:05:08.744944Z], ~U[2026-03-17 23:05:08.744944Z]]
23:05:08.745 [debug] QUERY OK db=0.1ms
commit []
23:05:08.745 [debug] [ExposureProjector] committed Sub19746-EUR
23:05:08.745 [info] 		[36mGiven [32man existing exposure calculation of "92233.91" "EUR" for "Munich HQ"
23:05:08.745 [debug] Locating aggregate process for `Nexus.Treasury.Aggregates.Exposure` with UUID "Sub19746-EUR"
23:05:08.745 [debug] Nexus.Treasury.Aggregates.Exposure<Sub19746-EUR@1> executing command: %Nexus.Treasury.Commands.CalculateExposure{id: "Sub19746-EUR", org_id: "bf68d5b6-4cac-4eba-88cc-a51cd0626920", subsidiary: "Sub19746", currency: "EUR", exposure_amount: Decimal.new("90909.09"), timestamp: ~U[2026-03-17 23:05:08.745642Z]}
23:05:08.746 [debug] Appended 1 event(s) to stream "Sub19746-EUR"
23:05:08.746 [debug] Listener received notification on channel "event_store.events" with payload: "Sub19746-EUR,6618,2,2"
23:05:08.746 [debug] Listener received notification on channel "event_store.events" with payload: "$all,0,9208,9208"
23:05:08.746 [debug] QUERY OK db=0.0ms
begin []
23:05:08.747 [debug] Nexus.Treasury.Aggregates.Exposure<Sub19746-EUR@2> received events: [%Commanded.EventStore.RecordedEvent{event_id: "c24d00d8-4e93-4e05-b7b4-96693b4300b0", event_number: 2, stream_id: "Sub19746-EUR", stream_version: 2, causation_id: "80e00384-c764-4e23-808e-939f8ace52b8", correlation_id: "eb8263da-24bf-4b2a-ab4e-eee73625ba24", event_type: "Elixir.Nexus.Treasury.Events.ExposureCalculated", data: %Nexus.Treasury.Events.ExposureCalculated{org_id: "bf68d5b6-4cac-4eba-88cc-a51cd0626920", subsidiary: "Sub19746", currency: "EUR", exposure_amount: "90909.09", timestamp: "2026-03-17T23:05:08.745642Z"}, created_at: ~U[2026-03-17 23:05:08.746068Z], metadata: %{"causation_id" => "019cfe0b-bf89-7b61-8f5a-c48f57989a17", "correlation_id" => "019cfe0b-bf89-7b61-8f5a-c48f57989a17"}}]
23:05:08.747 [debug] QUERY OK source="projection_versions" db=0.1ms
INSERT INTO "projection_versions" AS p0 ("projection_name","last_seen_event_number","inserted_at","updated_at") VALUES ($1,$2,$3,$4) ON CONFLICT ("projection_name") DO UPDATE SET "last_seen_event_number" = $5 WHERE ((p0."projection_name" = $6) AND (p0."last_seen_event_number" < $7)) ["Treasury.ExposureProjector", 2, ~N[2026-03-17 23:05:08.746885], ~N[2026-03-17 23:05:08.746885], 2, "Treasury.ExposureProjector", 2]
23:05:08.747 [debug] QUERY OK source="treasury_exposure_snapshots" db=0.0ms
INSERT INTO "treasury_exposure_snapshots" ("id","currency","org_id","exposure_amount","subsidiary","calculated_at","created_at","updated_at") VALUES ($1,$2,$3,$4,$5,$6,$7,$8) ON CONFLICT ("id") DO UPDATE SET "updated_at" = EXCLUDED."updated_at","created_at" = EXCLUDED."created_at","calculated_at" = EXCLUDED."calculated_at","exposure_amount" = EXCLUDED."exposure_amount","currency" = EXCLUDED."currency","subsidiary" = EXCLUDED."subsidiary","org_id" = EXCLUDED."org_id" ["Sub19746-EUR", "EUR", "bf68d5b6-4cac-4eba-88cc-a51cd0626920", Decimal.new("90909.09"), "Sub19746", ~U[2026-03-17 23:05:08.745642Z], ~U[2026-03-17 23:05:08.747233Z], ~U[2026-03-17 23:05:08.747233Z]]
23:05:08.747 [debug] QUERY OK db=0.0ms
commit []
23:05:08.747 [debug] [ExposureProjector] committed Sub19746-EUR
23:05:08.747 [info] 		[36mWhen [32ma new market tick for "EUR/USD" arrives at price "1.1000"
23:05:08.748 [debug] QUERY OK source="treasury_exposure_snapshots" db=0.4ms
SELECT t0."id", t0."org_id", t0."subsidiary", t0."currency", t0."exposure_amount", t0."calculated_at", t0."created_at", t0."updated_at" FROM "treasury_exposure_snapshots" AS t0 WHERE (t0."id" = $1) ["Sub19746-EUR"]
.23:05:08.748 [info] 		[36mThen [32mthe exposure for "Munich HQ" is recalculated to "90909.09" "EUR"
23:05:08.748 [debug] QUERY OK source="users" db=0.2ms queue=0.1ms
INSERT INTO "users" ("id","status","role","org_id","email","display_name","cose_key","credential_id","created_at","updated_at") VALUES ($1,$2,$3,$4,$5,$6,$7,$8,$9,$10) ["019cfe0b-bf8c-75f0-80bd-0554d9850225", "active", "admin", "019cfe0b-bf8c-77ad-9fd7-27a2e3db48cb", "test_admin@nexus.app", "Test Admin", "mock_key", "mock_cred", ~U[2026-03-17 23:05:08.748475Z], ~U[2026-03-17 23:05:08.748475Z]]
23:05:08.749 [debug] QUERY OK source="users" db=0.1ms
INSERT INTO "users" ("id","status","role","org_id","email","display_name","cose_key","credential_id","created_at","updated_at") VALUES ($1,$2,$3,$4,$5,$6,$7,$8,$9,$10) ["019cfe0b-bf8c-7628-a11d-558a3c79795d", "active", "trader", "019cfe0b-bf8c-77ad-9fd7-27a2e3db48cb", "trader_joe@nexus.app", "Trader Joe", "mock_key_2", "mock_cred_2", ~U[2026-03-17 23:05:08.748942Z], ~U[2026-03-17 23:05:08.748942Z]]
23:05:08.749 request_id=GJ3DbsOYbNi-N4UAADwi [info] GET /admin/users
23:05:08.749 request_id=GJ3DbsOYbNi-N4UAADwi [debug] Processing with NexusWeb.Admin.UserLive.Index.__live__/0
  Parameters: %{}
  Pipelines: [:browser]
23:05:08.753 request_id=GJ3DbsOYbNi-N4UAADwi [debug] QUERY OK source="users" db=0.3ms
SELECT u0."id", u0."org_id", u0."email", u0."display_name", u0."role", u0."status", u0."cose_key", u0."credential_id", u0."created_at", u0."updated_at" FROM "users" AS u0 WHERE (u0."id" = $1) ["019cfe0b-bf8c-75f0-80bd-0554d9850225"]
23:05:08.755 request_id=GJ3DbsOYbNi-N4UAADwi [debug] QUERY OK source="users" db=0.3ms queue=0.3ms
SELECT u0."id", u0."org_id", u0."email", u0."display_name", u0."role", u0."status", u0."cose_key", u0."credential_id", u0."created_at", u0."updated_at", o1."name" FROM "users" AS u0 LEFT OUTER JOIN "organization_tenants" AS o1 ON u0."org_id" = o1."org_id" WHERE (u0."org_id" = $1) ORDER BY u0."created_at", u0."id" LIMIT $2 ["019cfe0b-bf8c-77ad-9fd7-27a2e3db48cb", 25]
23:05:08.755 request_id=GJ3DbsOYbNi-N4UAADwi [debug] QUERY OK source="users" db=0.1ms queue=0.1ms
SELECT count(u0."id") FROM "users" AS u0 WHERE (u0."org_id" = $1) ["019cfe0b-bf8c-77ad-9fd7-27a2e3db48cb"]
23:05:08.756 request_id=GJ3DbsOYbNi-N4UAADwi [info] Sent 200 in 7ms
23:05:08.757 [debug] MOUNT NexusWeb.Admin.UserLive.Index
  Parameters: %{}
  Session: %{"_csrf_token" => "wRLNMfND-6lEP1kY2d5cvwOi", "live_socket_id" => "users_sessions:DKpgzg8fo2vfmIlR-jYY_9_aiiPuRv4NN-8FmYXIRx4=", "user_id" => "019cfe0b-bf8c-75f0-80bd-0554d9850225"}
23:05:08.758 [debug] QUERY OK source="users" db=0.2ms
SELECT u0."id", u0."org_id", u0."email", u0."display_name", u0."role", u0."status", u0."cose_key", u0."credential_id", u0."created_at", u0."updated_at" FROM "users" AS u0 WHERE (u0."id" = $1) ["019cfe0b-bf8c-75f0-80bd-0554d9850225"]
23:05:08.758 [debug] QUERY OK source="users" db=0.1ms
SELECT u0."id", u0."org_id", u0."email", u0."display_name", u0."role", u0."status", u0."cose_key", u0."credential_id", u0."created_at", u0."updated_at", o1."name" FROM "users" AS u0 LEFT OUTER JOIN "organization_tenants" AS o1 ON u0."org_id" = o1."org_id" WHERE (u0."org_id" = $1) ORDER BY u0."created_at", u0."id" LIMIT $2 ["019cfe0b-bf8c-77ad-9fd7-27a2e3db48cb", 25]
23:05:08.758 [debug] QUERY OK source="users" db=0.1ms
SELECT count(u0."id") FROM "users" AS u0 WHERE (u0."org_id" = $1) ["019cfe0b-bf8c-77ad-9fd7-27a2e3db48cb"]
23:05:08.758 [debug] Replied in 980µs
23:05:08.758 [debug] HANDLE PARAMS in NexusWeb.Admin.UserLive.Index
  Parameters: %{}
23:05:08.759 [debug] Replied in 39µs
23:05:08.761 [debug] HANDLE EVENT "filter-role" in NexusWeb.Admin.UserLive.Index
  Parameters: %{"role" => "trader"}
23:05:08.761 [debug] QUERY OK source="users" db=0.1ms queue=0.2ms
SELECT u0."id", u0."org_id", u0."email", u0."display_name", u0."role", u0."status", u0."cose_key", u0."credential_id", u0."created_at", u0."updated_at", o1."name" FROM "users" AS u0 LEFT OUTER JOIN "organization_tenants" AS o1 ON u0."org_id" = o1."org_id" WHERE (u0."org_id" = $1) AND (u0."role" = $2) ORDER BY u0."created_at", u0."id" LIMIT $3 ["019cfe0b-bf8c-77ad-9fd7-27a2e3db48cb", "trader", 25]
23:05:08.761 [debug] QUERY OK source="users" db=0.0ms
SELECT count(u0."id") FROM "users" AS u0 WHERE (u0."org_id" = $1) ["019cfe0b-bf8c-77ad-9fd7-27a2e3db48cb"]
23:05:08.761 [debug] Replied in 756µs
.23:05:08.764 [debug] QUERY OK source="users" db=0.3ms queue=0.2ms
INSERT INTO "users" ("id","status","role","org_id","email","display_name","cose_key","credential_id","created_at","updated_at") VALUES ($1,$2,$3,$4,$5,$6,$7,$8,$9,$10) ["019cfe0b-bf9b-75ec-8b33-b1a4f99f08df", "active", "admin", "019cfe0b-bf9b-7a51-b1af-ccc9e7ab6260", "test_admin@nexus.app", "Test Admin", "mock_key", "mock_cred", ~U[2026-03-17 23:05:08.763841Z], ~U[2026-03-17 23:05:08.763841Z]]
23:05:08.764 request_id=GJ3DbsSCkJ-GT3MAADyC [info] GET /admin/users
23:05:08.764 request_id=GJ3DbsSCkJ-GT3MAADyC [debug] Processing with NexusWeb.Admin.UserLive.Index.__live__/0
  Parameters: %{}
  Pipelines: [:browser]
23:05:08.765 request_id=GJ3DbsSCkJ-GT3MAADyC [debug] QUERY OK source="users" db=0.3ms
SELECT u0."id", u0."org_id", u0."email", u0."display_name", u0."role", u0."status", u0."cose_key", u0."credential_id", u0."created_at", u0."updated_at" FROM "users" AS u0 WHERE (u0."id" = $1) ["019cfe0b-bf9b-75ec-8b33-b1a4f99f08df"]
23:05:08.765 request_id=GJ3DbsSCkJ-GT3MAADyC [debug] QUERY OK source="users" db=0.4ms
SELECT u0."id", u0."org_id", u0."email", u0."display_name", u0."role", u0."status", u0."cose_key", u0."credential_id", u0."created_at", u0."updated_at", o1."name" FROM "users" AS u0 LEFT OUTER JOIN "organization_tenants" AS o1 ON u0."org_id" = o1."org_id" WHERE (u0."org_id" = $1) ORDER BY u0."created_at", u0."id" LIMIT $2 ["019cfe0b-bf9b-7a51-b1af-ccc9e7ab6260", 25]
23:05:08.766 request_id=GJ3DbsSCkJ-GT3MAADyC [debug] QUERY OK source="users" db=0.2ms
SELECT count(u0."id") FROM "users" AS u0 WHERE (u0."org_id" = $1) ["019cfe0b-bf9b-7a51-b1af-ccc9e7ab6260"]
23:05:08.766 request_id=GJ3DbsSCkJ-GT3MAADyC [info] Sent 200 in 2ms
23:05:08.768 [debug] MOUNT NexusWeb.Admin.UserLive.Index
  Parameters: %{}
  Session: %{"_csrf_token" => "SC2g7-1T0xBoYVYnMSyKvkLH", "live_socket_id" => "users_sessions:PnGdRF41MkxlxetYVZMUqF6KEL4lNbztZRaZNM5ctE0=", "user_id" => "019cfe0b-bf9b-75ec-8b33-b1a4f99f08df"}
23:05:08.768 [debug] QUERY OK source="users" db=0.1ms
SELECT u0."id", u0."org_id", u0."email", u0."display_name", u0."role", u0."status", u0."cose_key", u0."credential_id", u0."created_at", u0."updated_at" FROM "users" AS u0 WHERE (u0."id" = $1) ["019cfe0b-bf9b-75ec-8b33-b1a4f99f08df"]
23:05:08.768 [debug] QUERY OK source="users" db=0.2ms
SELECT u0."id", u0."org_id", u0."email", u0."display_name", u0."role", u0."status", u0."cose_key", u0."credential_id", u0."created_at", u0."updated_at", o1."name" FROM "users" AS u0 LEFT OUTER JOIN "organization_tenants" AS o1 ON u0."org_id" = o1."org_id" WHERE (u0."org_id" = $1) ORDER BY u0."created_at", u0."id" LIMIT $2 ["019cfe0b-bf9b-7a51-b1af-ccc9e7ab6260", 25]
23:05:08.768 [debug] QUERY OK source="users" db=0.1ms
SELECT count(u0."id") FROM "users" AS u0 WHERE (u0."org_id" = $1) ["019cfe0b-bf9b-7a51-b1af-ccc9e7ab6260"]
23:05:08.768 [debug] Replied in 916µs
23:05:08.768 [debug] HANDLE PARAMS in NexusWeb.Admin.UserLive.Index
  Parameters: %{}
23:05:08.768 [debug] Replied in 36µs
.23:05:08.771 [debug] QUERY OK source="users" db=0.2ms queue=0.1ms
INSERT INTO "users" ("id","status","role","org_id","email","display_name","cose_key","credential_id","created_at","updated_at") VALUES ($1,$2,$3,$4,$5,$6,$7,$8,$9,$10) ["019cfe0b-bfa3-7fba-9f6d-f447d25810ca", "active", "admin", "019cfe0b-bfa3-72fc-aa00-34b2e9742fdb", "test_admin@nexus.app", "Test Admin", "mock_key", "mock_cred", ~U[2026-03-17 23:05:08.771305Z], ~U[2026-03-17 23:05:08.771305Z]]
23:05:08.771 request_id=GJ3DbsTyELtryD8AAD2C [info] GET /admin/users
23:05:08.771 request_id=GJ3DbsTyELtryD8AAD2C [debug] Processing with NexusWeb.Admin.UserLive.Index.__live__/0
  Parameters: %{}
  Pipelines: [:browser]
23:05:08.772 request_id=GJ3DbsTyELtryD8AAD2C [debug] QUERY OK source="users" db=0.2ms
SELECT u0."id", u0."org_id", u0."email", u0."display_name", u0."role", u0."status", u0."cose_key", u0."credential_id", u0."created_at", u0."updated_at" FROM "users" AS u0 WHERE (u0."id" = $1) ["019cfe0b-bfa3-7fba-9f6d-f447d25810ca"]
23:05:08.772 request_id=GJ3DbsTyELtryD8AAD2C [debug] QUERY OK source="users" db=0.5ms
SELECT u0."id", u0."org_id", u0."email", u0."display_name", u0."role", u0."status", u0."cose_key", u0."credential_id", u0."created_at", u0."updated_at", o1."name" FROM "users" AS u0 LEFT OUTER JOIN "organization_tenants" AS o1 ON u0."org_id" = o1."org_id" WHERE (u0."org_id" = $1) ORDER BY u0."created_at", u0."id" LIMIT $2 ["019cfe0b-bfa3-72fc-aa00-34b2e9742fdb", 25]
23:05:08.773 request_id=GJ3DbsTyELtryD8AAD2C [debug] QUERY OK source="users" db=0.2ms
SELECT count(u0."id") FROM "users" AS u0 WHERE (u0."org_id" = $1) ["019cfe0b-bfa3-72fc-aa00-34b2e9742fdb"]
23:05:08.773 request_id=GJ3DbsTyELtryD8AAD2C [info] Sent 200 in 1ms
23:05:08.774 [debug] MOUNT NexusWeb.Admin.UserLive.Index
  Parameters: %{}
  Session: %{"_csrf_token" => "23GEfsGkUJ_FNGPqfiiQslfM", "live_socket_id" => "users_sessions:Q6X0aSmplx8Awt4rD-E94bQ9-Jen5UBYUxWF8nCtL40=", "user_id" => "019cfe0b-bfa3-7fba-9f6d-f447d25810ca"}
23:05:08.775 [debug] QUERY OK source="users" db=0.1ms
SELECT u0."id", u0."org_id", u0."email", u0."display_name", u0."role", u0."status", u0."cose_key", u0."credential_id", u0."created_at", u0."updated_at" FROM "users" AS u0 WHERE (u0."id" = $1) ["019cfe0b-bfa3-7fba-9f6d-f447d25810ca"]
23:05:08.775 [debug] QUERY OK source="users" db=0.1ms
SELECT u0."id", u0."org_id", u0."email", u0."display_name", u0."role", u0."status", u0."cose_key", u0."credential_id", u0."created_at", u0."updated_at", o1."name" FROM "users" AS u0 LEFT OUTER JOIN "organization_tenants" AS o1 ON u0."org_id" = o1."org_id" WHERE (u0."org_id" = $1) ORDER BY u0."created_at", u0."id" LIMIT $2 ["019cfe0b-bfa3-72fc-aa00-34b2e9742fdb", 25]
23:05:08.775 [debug] QUERY OK source="users" db=0.1ms
SELECT count(u0."id") FROM "users" AS u0 WHERE (u0."org_id" = $1) ["019cfe0b-bfa3-72fc-aa00-34b2e9742fdb"]
23:05:08.775 [debug] Replied in 671µs
23:05:08.775 [debug] HANDLE PARAMS in NexusWeb.Admin.UserLive.Index
  Parameters: %{}
23:05:08.775 [debug] Replied in 62µs
23:05:08.777 [debug] HANDLE EVENT "generate-invite" in NexusWeb.Admin.UserLive.Index
  Parameters: %{}
23:05:08.777 [debug] Replied in 32µs
23:05:08.779 [debug] HANDLE EVENT "confirm-generate-invite" in NexusWeb.Admin.UserLive.Index
  Parameters: %{"display_name" => "", "email" => "", "role" => "trader"}
23:05:08.779 [debug] Replied in 90µs
.23:05:08.782 [debug] QUERY OK source="treasury_exposure_snapshots" db=0.5ms
SELECT t0."id", t0."org_id", t0."subsidiary", t0."currency", t0."exposure_amount", t0."calculated_at", t0."created_at", t0."updated_at" FROM "treasury_exposure_snapshots" AS t0 WHERE (t0."org_id" = $1) ["9929724a-eebc-4698-bfea-b36e2c4388ce"]
.23:05:08.782 [debug] QUERY OK source="treasury_exposure_snapshots" db=0.3ms queue=0.1ms
INSERT INTO "treasury_exposure_snapshots" ("id","currency","org_id","exposure_amount","subsidiary","calculated_at","created_at","updated_at") VALUES ($1,$2,$3,$4,$5,$6,$7,$8) ["Berlin-USD", "USD", "739fe5b9-6128-443f-9547-7fa00286dd75", Decimal.new("1000.00"), "Berlin", ~U[2026-03-17 23:05:08.782318Z], ~U[2026-03-17 23:05:08.782341Z], ~U[2026-03-17 23:05:08.782341Z]]
23:05:08.783 [debug] QUERY OK source="treasury_exposure_snapshots" db=0.2ms
INSERT INTO "treasury_exposure_snapshots" ("id","currency","org_id","exposure_amount","subsidiary","calculated_at","created_at","updated_at") VALUES ($1,$2,$3,$4,$5,$6,$7,$8) ["Paris-EUR", "EUR", "739fe5b9-6128-443f-9547-7fa00286dd75", Decimal.new("2000.00"), "Paris", ~U[2026-03-17 23:05:08.782950Z], ~U[2026-03-17 23:05:08.782958Z], ~U[2026-03-17 23:05:08.782958Z]]
23:05:08.783 [debug] QUERY OK source="treasury_exposure_snapshots" db=0.4ms
SELECT t0."id", t0."org_id", t0."subsidiary", t0."currency", t0."exposure_amount", t0."calculated_at", t0."created_at", t0."updated_at" FROM "treasury_exposure_snapshots" AS t0 WHERE (t0."org_id" = $1) ["739fe5b9-6128-443f-9547-7fa00286dd75"]
.23:05:08.784 [debug] QUERY OK source="intelligence_analyses" db=0.3ms queue=0.1ms
DELETE FROM "intelligence_analyses" AS i0 []
23:05:08.784 [debug] QUERY OK db=0.0ms
DELETE FROM projection_versions WHERE projection_name = 'Intelligence.AnalysisProjector' []
23:05:08.785 [info] 		[36mGiven [32ma vendor "CorpTech" with a historical average invoice of 1000 EUR
23:05:08.785 [debug] Locating aggregate process for `Nexus.Intelligence.Aggregates.Analysis` with UUID "b24a5d35-78e7-44f4-82fc-7341b27507ba"
23:05:08.790 [debug] Nexus.Intelligence.Aggregates.Analysis<b24a5d35-78e7-44f4-82fc-7341b27507ba@0> executing command: %Nexus.Intelligence.Commands.AnalyzeInvoice{analysis_id: "b24a5d35-78e7-44f4-82fc-7341b27507ba", org_id: "2804611b-f0b8-4b4d-9c55-945852ab2854", invoice_id: "1fae85c3-b747-4527-90e6-20f5915e8cac", vendor_name: "CorpTech", amount: Decimal.new("500000"), currency: "EUR", flagged_at: ~U[2026-03-17 23:05:08.785436Z]}
23:05:08.790 [debug] [AI Sentinel] Executing AnalyzeInvoice for 1fae85c3-b747-4527-90e6-20f5915e8cac
23:05:08.790 [debug] [AI Sentinel] Analyzing vendor: CorpTech, amount: Decimal.new("500000")
23:05:08.790 [debug] [AI Sentinel] Anomaly detected: %{reason: "Test Anomaly", score: 0.95, is_anomaly: true}
23:05:08.796 [debug] Appended 1 event(s) to stream "b24a5d35-78e7-44f4-82fc-7341b27507ba"
23:05:08.796 [debug] Listener received notification on channel "event_store.events" with payload: "b24a5d35-78e7-44f4-82fc-7341b27507ba,6619,1,1"
23:05:08.796 [debug] Listener received notification on channel "event_store.events" with payload: "$all,0,9209,9209"
23:05:08.796 [info] 		[36mWhen [32man invoice for 500000 EUR is ingested
23:05:08.796 [info] 		[36mThen [32mthe AI Sentinel should flag it with an "anomaly_score" greater than 0.8
23:05:08.797 [debug] Nexus.Intelligence.Aggregates.Analysis<b24a5d35-78e7-44f4-82fc-7341b27507ba@1> received events: [%Commanded.EventStore.RecordedEvent{event_id: "44fb039c-9687-4993-8977-dfaba4454a17", event_number: 1, stream_id: "b24a5d35-78e7-44f4-82fc-7341b27507ba", stream_version: 1, causation_id: "1347412a-bee6-41d4-b232-9f5e5db556b4", correlation_id: "dbbdec41-45cf-4727-98f5-b1f669c42a94", event_type: "Elixir.Nexus.Intelligence.Events.AnomalyDetected", data: %Nexus.Intelligence.Events.AnomalyDetected{analysis_id: "b24a5d35-78e7-44f4-82fc-7341b27507ba", org_id: "2804611b-f0b8-4b4d-9c55-945852ab2854", invoice_id: "1fae85c3-b747-4527-90e6-20f5915e8cac", score: 0.95, reason: "Test Anomaly", flagged_at: "2026-03-17T23:05:08.785436Z"}, created_at: ~U[2026-03-17 23:05:08.790611Z], metadata: %{"causation_id" => "019cfe0b-bfb1-72ea-91de-a9eac8a38d86", "correlation_id" => "019cfe0b-bfb1-72ea-91de-a9eac8a38d86"}}]
23:05:08.797 [debug] QUERY OK source="intelligence_analyses" db=0.2ms queue=0.1ms
INSERT INTO "intelligence_analyses" ("id","reason","type","score","org_id","invoice_id","flagged_at","created_at","updated_at") VALUES ($1,$2,$3,$4,$5,$6,$7,$8,$9) ["b24a5d35-78e7-44f4-82fc-7341b27507ba", "Test Anomaly", "anomaly", 0.95, "2804611b-f0b8-4b4d-9c55-945852ab2854", "1fae85c3-b747-4527-90e6-20f5915e8cac", ~U[2026-03-17 23:05:08.785436Z], ~U[2026-03-17 23:05:08.797104Z], ~U[2026-03-17 23:05:08.797104Z]]
23:05:08.798 [debug] QUERY OK source="intelligence_analyses" db=0.2ms queue=0.1ms
SELECT i0."id", i0."org_id", i0."invoice_id", i0."source_id", i0."type", i0."score", i0."sentiment", i0."confidence", i0."reason", i0."flagged_at", i0."scored_at", i0."created_at", i0."updated_at" FROM "intelligence_analyses" AS i0 WHERE (i0."id" = $1) ["b24a5d35-78e7-44f4-82fc-7341b27507ba"]
23:05:08.798 [info] 		[36mThen [32memit an "AnomalyDetected" event
.23:05:08.798 [debug] QUERY OK source="intelligence_analyses" db=0.4ms
DELETE FROM "intelligence_analyses" AS i0 []
23:05:08.799 [debug] QUERY OK db=0.1ms queue=0.1ms
DELETE FROM projection_versions WHERE projection_name = 'Intelligence.AnalysisProjector' []
23:05:08.799 [info] 		[36mGiven [32mthe AI Sentinel is actively monitoring communications
23:05:08.799 [debug] Locating aggregate process for `Nexus.Intelligence.Aggregates.Analysis` with UUID "5f099384-7529-435c-ac6a-03da151c31c3"
23:05:08.800 [debug] Nexus.Intelligence.Aggregates.Analysis<5f099384-7529-435c-ac6a-03da151c31c3@0> executing command: %Nexus.Intelligence.Commands.AnalyzeSentiment{analysis_id: "5f099384-7529-435c-ac6a-03da151c31c3", org_id: "071792c0-a2c9-4169-855d-5c147951fa86", source_id: "6f9b5690-9f4c-4bc8-8c95-d8fff80c86cb", text: "We are very happy with the quick payment.", scored_at: ~U[2026-03-17 23:05:08.799789Z]}
23:05:08.800 [debug] [AI Sentinel] Executing AnalyzeSentiment for 5f099384-7529-435c-ac6a-03da151c31c3
23:05:08.800 [debug] [AI Sentinel] Sentiment analyzed: %{confidence: 1.0, sentiment: "neutral"}
23:05:08.802 [debug] Appended 1 event(s) to stream "5f099384-7529-435c-ac6a-03da151c31c3"
23:05:08.802 [debug] Listener received notification on channel "event_store.events" with payload: "5f099384-7529-435c-ac6a-03da151c31c3,6620,1,1"
23:05:08.802 [debug] Listener received notification on channel "event_store.events" with payload: "$all,0,9210,9210"
23:05:08.802 [info] 		[36mWhen [32mthe system processes a communication reading "We are very happy with the quick payment."
23:05:08.802 [info] 		[36mThen [32mthe AI Sentinel should score the sentiment as "positive"
23:05:08.803 [debug] Nexus.Intelligence.Aggregates.Analysis<5f099384-7529-435c-ac6a-03da151c31c3@1> received events: [%Commanded.EventStore.RecordedEvent{event_id: "a738ac48-cf0d-4e8f-af1f-dcabe9741c64", event_number: 1, stream_id: "5f099384-7529-435c-ac6a-03da151c31c3", stream_version: 1, causation_id: "f5755f72-fae6-4b1a-b85b-542f95311bbb", correlation_id: "f7894046-c181-4dd3-b44e-925d19ee98e4", event_type: "Elixir.Nexus.Intelligence.Events.SentimentScored", data: %Nexus.Intelligence.Events.SentimentScored{analysis_id: "5f099384-7529-435c-ac6a-03da151c31c3", org_id: "071792c0-a2c9-4169-855d-5c147951fa86", source_id: "6f9b5690-9f4c-4bc8-8c95-d8fff80c86cb", sentiment: "neutral", confidence: 1.0, scored_at: "2026-03-17T23:05:08.799789Z"}, created_at: ~U[2026-03-17 23:05:08.800392Z], metadata: %{"causation_id" => "019cfe0b-bfbf-7406-8c1f-23f2ea99b3a6", "correlation_id" => "019cfe0b-bfbf-7406-8c1f-23f2ea99b3a6"}}]
23:05:08.803 [debug] QUERY OK source="intelligence_analyses" db=0.2ms queue=0.1ms
INSERT INTO "intelligence_analyses" ("id","type","confidence","sentiment","org_id","source_id","scored_at","created_at","updated_at") VALUES ($1,$2,$3,$4,$5,$6,$7,$8,$9) ["5f099384-7529-435c-ac6a-03da151c31c3", "sentiment", 1.0, "neutral", "071792c0-a2c9-4169-855d-5c147951fa86", "6f9b5690-9f4c-4bc8-8c95-d8fff80c86cb", ~U[2026-03-17 23:05:08.799789Z], ~U[2026-03-17 23:05:08.803158Z], ~U[2026-03-17 23:05:08.803158Z]]
23:05:08.804 [debug] QUERY OK source="intelligence_analyses" db=0.2ms
SELECT i0."id", i0."org_id", i0."invoice_id", i0."source_id", i0."type", i0."score", i0."sentiment", i0."confidence", i0."reason", i0."flagged_at", i0."scored_at", i0."created_at", i0."updated_at" FROM "intelligence_analyses" AS i0 WHERE (i0."id" = $1) ["5f099384-7529-435c-ac6a-03da151c31c3"]
.23:05:08.804 [info] 		[36mThen [32memit a "SentimentScored" event
23:05:08.804 [info] 		[36mGiven [32mthe Identity Challenge Store is "Running"
23:05:08.804 [info] 		[36mGiven [32ma secure session "session_99" has been established
23:05:08.804 [debug] [Identity] Challenge stored for session session_99 (expires at 2026-03-17 23:15:08.804391Z)
23:05:08.804 [info] 		[36mGiven [32ma stored challenge "expired_token" exists for "session_99"
23:05:08.804 [info] 		[36mGiven [32m"61" seconds have passed
23:05:08.804 [warning] [Identity] Challenge expired for session_99 (expired at 2026-03-17 23:05:07.804444Z, now is 2026-03-17 23:05:08.804471Z)
23:05:08.804 [info] 		[36mWhen [32mthe user attempts to retrieve the challenge
23:05:08.804 [info] 		[36mThen [32mthe system should return an "expired" error
.23:05:08.804 [info] 		[36mGiven [32mthe Identity Challenge Store is "Running"
23:05:08.804 [info] 		[36mGiven [32ma secure session "session_99" has been established
23:05:08.804 [debug] [Identity] Challenge stored for session session_99 (expires at 2026-03-17 23:15:08.804709Z)
23:05:08.804 [info] 		[36mWhen [32mthe system generates a challenge "hex_8822_9911" for "session_99"
.23:05:08.804 [info] 		[36mThen [32mthe challenge should be stored in the in-memory "ETS" cache
23:05:08.804 [info] 		[36mThen [32mit should be available for retrieval for "60" seconds
23:05:08.804 [info] 		[36mGiven [32mthe Identity Challenge Store is "Running"
23:05:08.804 [info] 		[36mGiven [32ma secure session "session_99" has been established
23:05:08.804 [debug] [Identity] Challenge stored for session session_99 (expires at 2026-03-17 23:15:08.804991Z)
23:05:08.805 [info] 		[36mGiven [32ma stored challenge "hex_8822_9911" exists for "session_99"
23:05:08.805 [debug] [Identity] Challenge popped successfully for session_99
23:05:08.805 [info] 		[36mWhen [32mthe user retrieves the challenge for verification
23:05:08.805 [info] 		[36mThen [32mthe system should return "hex_8822_9911"
23:05:08.805 [info] 		[36mThen [32mthe challenge should be "immediately deleted" from the cache
.23:05:08.805 [error] [Identity] Challenge not found for session session_99
23:05:08.805 [info] 		[36mThen [32ma second attempt to retrieve the challenge should return "not_found"
23:05:08.807 [debug] QUERY OK source="treasury_forecasts" db=0.2ms queue=0.1ms
DELETE FROM "treasury_forecasts" AS t0 []
23:05:08.807 [debug] QUERY OK source="projection_versions" db=0.0ms
DELETE FROM "projection_versions" AS p0 WHERE (p0."projection_name" = 'Treasury.ForecastProjector') []
23:05:08.807 [info] 		[36mGiven [32ma baseline cash flow outlook for "EUR"
23:05:08.807 [info] 		[36mGiven [32ma new SAP invoice is received for "Munich HQ" with:
23:05:08.807 [debug] Locating aggregate process for `Nexus.Treasury.Aggregates.Forecast` with UUID "forecast-d095eb4a-103c-49d8-8670-a4c3f3d45d08"
23:05:08.808 [debug] Nexus.Treasury.Aggregates.Forecast<forecast-d095eb4a-103c-49d8-8670-a4c3f3d45d08@0> executing command: %Nexus.Treasury.Commands.GenerateForecast{org_id: "d095eb4a-103c-49d8-8670-a4c3f3d45d08", currency: "EUR", horizon_days: 30, predictions: [%{date: "2026-03-03", predicted_amount: "-50000.00"}], generated_at: ~U[2026-03-17 23:05:08.807880Z]}
23:05:08.808 [debug] Appended 1 event(s) to stream "forecast-d095eb4a-103c-49d8-8670-a4c3f3d45d08"
23:05:08.808 [debug] Listener received notification on channel "event_store.events" with payload: "forecast-d095eb4a-103c-49d8-8670-a4c3f3d45d08,6621,1,1"
23:05:08.808 [debug] Listener received notification on channel "event_store.events" with payload: "$all,0,9211,9211"
23:05:08.809 [debug] QUERY OK db=0.0ms
begin []
23:05:08.809 [debug] QUERY OK source="projection_versions" db=0.1ms
INSERT INTO "projection_versions" AS p0 ("projection_name","last_seen_event_number","inserted_at","updated_at") VALUES ($1,$2,$3,$4) ON CONFLICT ("projection_name") DO UPDATE SET "last_seen_event_number" = $5 WHERE ((p0."projection_name" = $6) AND (p0."last_seen_event_number" < $7)) ["Treasury.ForecastProjector", 3, ~N[2026-03-17 23:05:08.809170], ~N[2026-03-17 23:05:08.809170], 3, "Treasury.ForecastProjector", 3]
23:05:08.809 [debug] Nexus.Treasury.Aggregates.Forecast<forecast-d095eb4a-103c-49d8-8670-a4c3f3d45d08@1> received events: [%Commanded.EventStore.RecordedEvent{event_id: "de403cac-6171-46f2-9efd-8a21c271825c", event_number: 1, stream_id: "forecast-d095eb4a-103c-49d8-8670-a4c3f3d45d08", stream_version: 1, causation_id: "809e64e4-b69c-4bec-8be7-32cbd8a5d3ce", correlation_id: "f0aba333-b9be-4301-9eae-a7f435d5dacd", event_type: "Elixir.Nexus.Treasury.Events.ForecastGenerated", data: %Nexus.Treasury.Events.ForecastGenerated{org_id: "d095eb4a-103c-49d8-8670-a4c3f3d45d08", currency: "EUR", horizon_days: 30, predictions: [%{date: "2026-03-03", predicted_amount: "-50000.00"}], generated_at: "2026-03-17T23:05:08.807880Z"}, created_at: ~U[2026-03-17 23:05:08.808384Z], metadata: %{"causation_id" => "019cfe0b-bfc7-7035-8596-de8ad7e97e35", "correlation_id" => "019cfe0b-bfc7-7035-8596-de8ad7e97e35"}}]
23:05:08.809 [debug] QUERY OK source="treasury_forecast_snapshots" db=0.2ms
INSERT INTO "treasury_forecast_snapshots" ("id","currency","org_id","horizon_days","generated_at","data_points","created_at") VALUES ($1,$2,$3,$4,$5,$6,$7) ["019cfe0b-bfc9-7810-ad5e-92d61b1a1a3c", "EUR", "d095eb4a-103c-49d8-8670-a4c3f3d45d08", 30, ~N[2026-03-17 23:05:08.808963], [%{date: "2026-03-03", predicted_amount: "-50000.00"}], ~U[2026-03-17 23:05:08.809372Z]]
23:05:08.809 [debug] QUERY OK db=0.0ms
commit []
23:05:08.810 [debug] QUERY OK source="treasury_forecast_snapshots" db=0.2ms queue=0.2ms
SELECT t0."id", t0."org_id", t0."currency", t0."horizon_days", t0."data_points", t0."generated_at", t0."created_at" FROM "treasury_forecast_snapshots" AS t0 WHERE (((t0."org_id" = $1) AND (t0."currency" = $2)) AND (t0."horizon_days" = $3)) ORDER BY t0."generated_at" DESC, t0."created_at" DESC LIMIT 1 ["d095eb4a-103c-49d8-8670-a4c3f3d45d08", "EUR", 30]
23:05:08.810 [info] 		[36mThen [32mthe "EUR" cash flow outlook should reflect a projected outflow of "50000.00" on "+15 days"
.23:05:08.811 [debug] QUERY OK source="treasury_forecasts" db=0.2ms
DELETE FROM "treasury_forecasts" AS t0 []
23:05:08.811 [debug] QUERY OK source="projection_versions" db=0.2ms
DELETE FROM "projection_versions" AS p0 WHERE (p0."projection_name" = 'Treasury.ForecastProjector') []
23:05:08.811 [debug] Locating aggregate process for `Nexus.Treasury.Aggregates.Forecast` with UUID "forecast-9f307087-5d1d-41ac-9330-a12f2a1eafa6"
23:05:08.811 [debug] Nexus.Treasury.Aggregates.Forecast<forecast-9f307087-5d1d-41ac-9330-a12f2a1eafa6@0> executing command: %Nexus.Treasury.Commands.GenerateForecast{org_id: "9f307087-5d1d-41ac-9330-a12f2a1eafa6", currency: "EUR", horizon_days: 30, predictions: [%{date: "2026-03-03", predicted_amount: "100000.00"}], generated_at: ~U[2026-03-17 23:05:08.811403Z]}
23:05:08.812 [debug] Appended 1 event(s) to stream "forecast-9f307087-5d1d-41ac-9330-a12f2a1eafa6"
23:05:08.812 [debug] Listener received notification on channel "event_store.events" with payload: "forecast-9f307087-5d1d-41ac-9330-a12f2a1eafa6,6622,1,1"
23:05:08.812 [debug] Listener received notification on channel "event_store.events" with payload: "$all,0,9212,9212"
23:05:08.812 [debug] QUERY OK db=0.0ms
begin []
23:05:08.812 [debug] Nexus.Treasury.Aggregates.Forecast<forecast-9f307087-5d1d-41ac-9330-a12f2a1eafa6@1> received events: [%Commanded.EventStore.RecordedEvent{event_id: "090d3d29-a91c-4412-a6cf-ff9ab8feab1d", event_number: 1, stream_id: "forecast-9f307087-5d1d-41ac-9330-a12f2a1eafa6", stream_version: 1, causation_id: "52e1618d-1ed8-4c8e-af77-fa51251b92fe", correlation_id: "06b63619-8762-4ebc-900b-fa02333c1b30", event_type: "Elixir.Nexus.Treasury.Events.ForecastGenerated", data: %Nexus.Treasury.Events.ForecastGenerated{org_id: "9f307087-5d1d-41ac-9330-a12f2a1eafa6", currency: "EUR", horizon_days: 30, predictions: [%{date: "2026-03-03", predicted_amount: "100000.00"}], generated_at: "2026-03-17T23:05:08.811403Z"}, created_at: ~U[2026-03-17 23:05:08.811779Z], metadata: %{"causation_id" => "019cfe0b-bfcb-7698-8044-f0437c4d2e56", "correlation_id" => "019cfe0b-bfcb-7698-8044-f0437c4d2e56"}}]
23:05:08.812 [debug] QUERY OK source="projection_versions" db=0.1ms
INSERT INTO "projection_versions" AS p0 ("projection_name","last_seen_event_number","inserted_at","updated_at") VALUES ($1,$2,$3,$4) ON CONFLICT ("projection_name") DO UPDATE SET "last_seen_event_number" = $5 WHERE ((p0."projection_name" = $6) AND (p0."last_seen_event_number" < $7)) ["Treasury.ForecastProjector", 1, ~N[2026-03-17 23:05:08.812535], ~N[2026-03-17 23:05:08.812535], 1, "Treasury.ForecastProjector", 1]
23:05:08.813 [debug] QUERY OK source="treasury_forecast_snapshots" db=0.2ms
INSERT INTO "treasury_forecast_snapshots" ("id","currency","org_id","horizon_days","generated_at","data_points","created_at") VALUES ($1,$2,$3,$4,$5,$6,$7) ["019cfe0b-bfcc-78dc-ae12-a32d957d452e", "EUR", "9f307087-5d1d-41ac-9330-a12f2a1eafa6", 30, ~N[2026-03-17 23:05:08.812259], [%{date: "2026-03-03", predicted_amount: "100000.00"}], ~U[2026-03-17 23:05:08.812801Z]]
23:05:08.813 [debug] QUERY OK db=0.1ms
commit []
23:05:08.813 [info] 		[36mGiven [32ma cash flow outlook for "EUR" with a projected gap of "100000.00"
23:05:08.813 [debug] Locating aggregate process for `Nexus.Treasury.Aggregates.Forecast` with UUID "forecast-9f307087-5d1d-41ac-9330-a12f2a1eafa6"
23:05:08.813 [debug] Nexus.Treasury.Aggregates.Forecast<forecast-9f307087-5d1d-41ac-9330-a12f2a1eafa6@1> executing command: %Nexus.Treasury.Commands.GenerateForecast{org_id: "9f307087-5d1d-41ac-9330-a12f2a1eafa6", currency: "EUR", horizon_days: 30, predictions: [%{date: "2026-03-03", predicted_amount: "110000.000000"}], generated_at: ~U[2026-03-17 23:05:08.813442Z]}
23:05:08.814 [debug] Appended 1 event(s) to stream "forecast-9f307087-5d1d-41ac-9330-a12f2a1eafa6"
23:05:08.814 [debug] Listener received notification on channel "event_store.events" with payload: "forecast-9f307087-5d1d-41ac-9330-a12f2a1eafa6,6622,2,2"
23:05:08.814 [debug] Listener received notification on channel "event_store.events" with payload: "$all,0,9213,9213"
23:05:08.814 [debug] QUERY OK db=0.0ms
begin []
23:05:08.814 [debug] QUERY OK source="projection_versions" db=0.1ms
INSERT INTO "projection_versions" AS p0 ("projection_name","last_seen_event_number","inserted_at","updated_at") VALUES ($1,$2,$3,$4) ON CONFLICT ("projection_name") DO UPDATE SET "last_seen_event_number" = $5 WHERE ((p0."projection_name" = $6) AND (p0."last_seen_event_number" < $7)) ["Treasury.ForecastProjector", 2, ~N[2026-03-17 23:05:08.814683], ~N[2026-03-17 23:05:08.814683], 2, "Treasury.ForecastProjector", 2]
23:05:08.815 [debug] Nexus.Treasury.Aggregates.Forecast<forecast-9f307087-5d1d-41ac-9330-a12f2a1eafa6@2> received events: [%Commanded.EventStore.RecordedEvent{event_id: "0607eecd-963b-4213-9723-253bb5774c3c", event_number: 2, stream_id: "forecast-9f307087-5d1d-41ac-9330-a12f2a1eafa6", stream_version: 2, causation_id: "b7999c0f-2824-4565-81d4-9f44b41b1313", correlation_id: "5bc555e4-0e6e-4fc2-9444-b125dafacec2", event_type: "Elixir.Nexus.Treasury.Events.ForecastGenerated", data: %Nexus.Treasury.Events.ForecastGenerated{org_id: "9f307087-5d1d-41ac-9330-a12f2a1eafa6", currency: "EUR", horizon_days: 30, predictions: [%{date: "2026-03-03", predicted_amount: "110000.000000"}], generated_at: "2026-03-17T23:05:08.813442Z"}, created_at: ~U[2026-03-17 23:05:08.813926Z], metadata: %{"causation_id" => "019cfe0b-bfcd-77b0-9c52-b1c9fc8bde0e", "correlation_id" => "019cfe0b-bfcd-77b0-9c52-b1c9fc8bde0e"}}]
23:05:08.815 [debug] QUERY OK source="treasury_forecast_snapshots" db=0.0ms
INSERT INTO "treasury_forecast_snapshots" ("id","currency","org_id","horizon_days","generated_at","data_points","created_at") VALUES ($1,$2,$3,$4,$5,$6,$7) ["019cfe0b-bfce-733b-b5a0-4b143e0a30ff", "EUR", "9f307087-5d1d-41ac-9330-a12f2a1eafa6", 30, ~N[2026-03-17 23:05:08.814485], [%{date: "2026-03-03", predicted_amount: "110000.000000"}], ~U[2026-03-17 23:05:08.814912Z]]
23:05:08.815 [debug] QUERY OK db=0.0ms
commit []
23:05:08.815 [info] 		[36mWhen [32mthe "EUR/USD" market price changes to "1.1000"
23:05:08.815 [debug] QUERY OK source="treasury_forecast_snapshots" db=0.5ms
SELECT t0."id", t0."org_id", t0."currency", t0."horizon_days", t0."data_points", t0."generated_at", t0."created_at" FROM "treasury_forecast_snapshots" AS t0 WHERE (((t0."org_id" = $1) AND (t0."currency" = $2)) AND (t0."horizon_days" = $3)) ORDER BY t0."generated_at" DESC, t0."created_at" DESC LIMIT 1 ["9f307087-5d1d-41ac-9330-a12f2a1eafa6", "EUR", 30]
.23:05:08.815 [info] 		[36mThen [32mthe consolidated "EUR" cash gap should be recalculated using the new "1.1000" rate
23:05:08.816 [debug] QUERY OK source="erp_invoices" db=0.0ms
DELETE FROM "erp_invoices" AS e0 []
23:05:08.816 [debug] QUERY OK source="payments_bulk_payments" db=0.2ms queue=0.1ms
DELETE FROM "payments_bulk_payments" AS p0 []
23:05:08.816 [debug] QUERY OK db=0.2ms
DELETE FROM projection_versions
WHERE projection_name IN ('Payments.BulkPaymentProjector', 'ERP.InvoiceProjector')
 []
23:05:08.817 [info] 		[36mGiven [32mI am authorized as "payer@nexus.app" for organisation "org-p1"
23:05:08.817 [info] 		[36mWhen [32mI upload a bulk payment CSV with 2 instructions:
23:05:08.817 [debug] Locating aggregate process for `Nexus.Payments.Aggregates.BulkPayment` with UUID "019cfe0b-bfd1-733f-9ecb-d1c71e8f20e6"
23:05:08.817 [debug] Nexus.Payments.Aggregates.BulkPayment<019cfe0b-bfd1-733f-9ecb-d1c71e8f20e6@0> executing command: %Nexus.Payments.Commands.InitiateBulkPayment{bulk_payment_id: "019cfe0b-bfd1-733f-9ecb-d1c71e8f20e6", org_id: "019cfe0b-bfd1-71c1-8b95-260882e9dbb8", user_id: "019cfe0b-bfd1-7ccf-aeb6-eccf0955a73b", payments: [%{currency: "EUR", amount: Decimal.new("150.00"), recipient_name: "Vendor A", recipient_account: "ACC-1", invoice_id: nil}, %{currency: "GBP", amount: Decimal.new("500.50"), recipient_name: "Vendor B", recipient_account: "ACC-2", invoice_id: nil}], initiated_at: ~U[2026-03-17 23:05:08.817460Z]}
23:05:08.818 [debug] Appended 1 event(s) to stream "019cfe0b-bfd1-733f-9ecb-d1c71e8f20e6"
23:05:08.818 [debug] Listener received notification on channel "event_store.events" with payload: "019cfe0b-bfd1-733f-9ecb-d1c71e8f20e6,6623,1,1"
23:05:08.818 [debug] Listener received notification on channel "event_store.events" with payload: "$all,0,9214,9214"
23:05:08.819 [debug] Nexus.Payments.Aggregates.BulkPayment<019cfe0b-bfd1-733f-9ecb-d1c71e8f20e6@1> received events: [%Commanded.EventStore.RecordedEvent{event_id: "c30bd683-9899-4e4c-b77d-a3a7cbc26b8a", event_number: 1, stream_id: "019cfe0b-bfd1-733f-9ecb-d1c71e8f20e6", stream_version: 1, causation_id: "ba4bfcd7-afb4-4e26-977a-f8f121746de5", correlation_id: "efd4e130-427e-42ce-a3cd-fb0debfa2fdc", event_type: "Elixir.Nexus.Payments.Events.BulkPaymentInitiated", data: %Nexus.Payments.Events.BulkPaymentInitiated{bulk_payment_id: "019cfe0b-bfd1-733f-9ecb-d1c71e8f20e6", org_id: "019cfe0b-bfd1-71c1-8b95-260882e9dbb8", user_id: "019cfe0b-bfd1-7ccf-aeb6-eccf0955a73b", payments: [%{currency: "EUR", amount: "150.00", recipient_name: "Vendor A", recipient_account: "ACC-1", invoice_id: nil}, %{currency: "GBP", amount: "500.50", recipient_name: "Vendor B", recipient_account: "ACC-2", invoice_id: nil}], total_amount: "650.50", count: 2, initiated_at: "2026-03-17T23:05:08.817460Z"}, created_at: ~U[2026-03-17 23:05:08.817943Z], metadata: %{"causation_id" => "019cfe0b-bfd1-7ad3-8921-d955627a7f1d", "correlation_id" => "019cfe0b-bfd1-7ad3-8921-d955627a7f1d"}}]
23:05:08.819 [debug] QUERY OK source="payments_bulk_payments" db=0.2ms queue=0.1ms
INSERT INTO "payments_bulk_payments" ("id","status","user_id","org_id","total_amount","total_items","processed_items","created_at","updated_at") VALUES ($1,$2,$3,$4,$5,$6,$7,$8,$9) ["019cfe0b-bfd1-733f-9ecb-d1c71e8f20e6", "initiated", "019cfe0b-bfd1-7ccf-aeb6-eccf0955a73b", "019cfe0b-bfd1-71c1-8b95-260882e9dbb8", Decimal.new("650.50"), 2, 0, ~U[2026-03-17 23:05:08.819129Z], ~U[2026-03-17 23:05:08.819129Z]]
23:05:08.819 [info] 		[36mWhen [32mI authorize the payment batch
23:05:08.820 [debug] QUERY OK source="payments_bulk_payments" db=0.2ms queue=0.3ms
SELECT p0."id", p0."org_id", p0."user_id", p0."status", p0."total_items", p0."processed_items", p0."total_amount", p0."created_at", p0."updated_at" FROM "payments_bulk_payments" AS p0 WHERE (p0."id" = $1) ["019cfe0b-bfd1-733f-9ecb-d1c71e8f20e6"]
.23:05:08.820 [info] 		[36mThen [32ma bulk payment batch should be initiated with 2 items
23:05:08.820 [info] 		[36mThen [32m2 individual transfer requests should be dispatched
23:05:08.820 [debug] QUERY OK source="erp_invoices" db=0.0ms
DELETE FROM "erp_invoices" AS e0 []
23:05:08.821 [debug] QUERY OK source="payments_bulk_payments" db=0.4ms
DELETE FROM "payments_bulk_payments" AS p0 []
23:05:08.821 [debug] QUERY OK db=0.1ms
DELETE FROM projection_versions
WHERE projection_name IN ('Payments.BulkPaymentProjector', 'ERP.InvoiceProjector')
 []
23:05:08.821 [info] 		[36mGiven [32mI am authorized as "payer@nexus.app" for organisation "org-p2"
23:05:08.821 [debug] Locating aggregate process for `Nexus.ERP.Aggregates.Invoice` with UUID "019cfe0b-bfd5-7cc3-82bf-4826066c0dd0"
23:05:08.822 [debug] Nexus.ERP.Aggregates.Invoice<019cfe0b-bfd5-7cc3-82bf-4826066c0dd0@0> executing command: %Nexus.ERP.Commands.IngestInvoice{org_id: "019cfe0b-bfd5-7ee0-929f-33067ea77aef", invoice_id: "019cfe0b-bfd5-7cc3-82bf-4826066c0dd0", entity_id: "ENT-inv-abc", currency: "EUR", amount: Decimal.new("250.00"), due_date: ~D[2026-04-16], subsidiary: "Default", line_items: [%{description: "Test", amount: Decimal.new("250.00")}], sap_document_number: "SAP-inv-abc", sap_status: "Verified", ingested_at: ~U[2026-03-17 23:05:08.821803Z]}
23:05:08.823 [debug] Appended 1 event(s) to stream "019cfe0b-bfd5-7cc3-82bf-4826066c0dd0"
23:05:08.823 [debug] Listener received notification on channel "event_store.events" with payload: "019cfe0b-bfd5-7cc3-82bf-4826066c0dd0,6624,1,1"
23:05:08.823 [debug] Listener received notification on channel "event_store.events" with payload: "$all,0,9215,9215"
23:05:08.823 [debug] Nexus.ERP.Aggregates.Invoice<019cfe0b-bfd5-7cc3-82bf-4826066c0dd0@1> received events: [%Commanded.EventStore.RecordedEvent{event_id: "60c98ba1-9353-47a8-ab73-998e4b2f2e0d", event_number: 1, stream_id: "019cfe0b-bfd5-7cc3-82bf-4826066c0dd0", stream_version: 1, causation_id: "3764b86e-3bc0-43e0-8b27-b3384e5a652f", correlation_id: "4c90c92c-a8cb-4aa6-a925-0623d218f514", event_type: "Elixir.Nexus.ERP.Events.InvoiceIngested", data: %Nexus.ERP.Events.InvoiceIngested{org_id: "019cfe0b-bfd5-7ee0-929f-33067ea77aef", invoice_id: "019cfe0b-bfd5-7cc3-82bf-4826066c0dd0", entity_id: "ENT-inv-abc", currency: "EUR", amount: "250.00", due_date: "2026-04-16", subsidiary: "Default", line_items: [%{description: "Test", amount: "250.00"}], sap_document_number: "SAP-inv-abc", sap_status: "Verified", ingested_at: "2026-03-17T23:05:08.821803Z"}, created_at: ~U[2026-03-17 23:05:08.822262Z], metadata: %{"causation_id" => "019cfe0b-bfd5-75e0-b5d3-0b9310136141", "correlation_id" => "019cfe0b-bfd5-75e0-b5d3-0b9310136141"}}]
23:05:08.824 [debug] QUERY OK source="erp_invoices" db=0.2ms queue=0.1ms
INSERT INTO "erp_invoices" ("id","status","currency","amount","org_id","updated_at","created_at","entity_id","subsidiary","due_date","line_items","sap_document_number","sap_status") VALUES ($1,$2,$3,$4,$5,$6,$7,$8,$9,$10,$11,$12,$13) ["019cfe0b-bfd5-7cc3-82bf-4826066c0dd0", "ingested", "EUR", Decimal.new("250.00"), "019cfe0b-bfd5-7ee0-929f-33067ea77aef", ~U[2026-03-17 23:05:08.821803Z], ~U[2026-03-17 23:05:08.821803Z], "ENT-inv-abc", "Default", ~U[2026-04-16 00:00:00.000000Z], [%{description: "Test", amount: "250.00"}], "SAP-inv-abc", "Verified"]
23:05:08.824 [info] 		[36mGiven [32man ingested invoice "inv-abc" exists for 250.00 EUR
23:05:08.824 [info] 		[36mWhen [32mI upload a bulk payment CSV with an explicit invoice:
23:05:08.824 [debug] Locating aggregate process for `Nexus.Payments.Aggregates.BulkPayment` with UUID "019cfe0b-bfd8-7cb9-98fc-f50c5c31d00d"
23:05:08.824 [debug] Nexus.Payments.Aggregates.BulkPayment<019cfe0b-bfd8-7cb9-98fc-f50c5c31d00d@0> executing command: %Nexus.Payments.Commands.InitiateBulkPayment{bulk_payment_id: "019cfe0b-bfd8-7cb9-98fc-f50c5c31d00d", org_id: "019cfe0b-bfd5-7ee0-929f-33067ea77aef", user_id: "019cfe0b-bfd5-745c-9d52-a2098008fe1c", payments: [%{currency: "EUR", amount: Decimal.new("250.00"), recipient_name: "Direct Vendor", recipient_account: "ACC-3", invoice_id: "019cfe0b-bfd5-7cc3-82bf-4826066c0dd0"}], initiated_at: ~U[2026-03-17 23:05:08.824222Z]}
23:05:08.825 [debug] Appended 1 event(s) to stream "019cfe0b-bfd8-7cb9-98fc-f50c5c31d00d"
23:05:08.825 [debug] Listener received notification on channel "event_store.events" with payload: "019cfe0b-bfd8-7cb9-98fc-f50c5c31d00d,6625,1,1"
23:05:08.825 [debug] Listener received notification on channel "event_store.events" with payload: "$all,0,9216,9216"
23:05:08.826 [debug] Nexus.Payments.Aggregates.BulkPayment<019cfe0b-bfd8-7cb9-98fc-f50c5c31d00d@1> received events: [%Commanded.EventStore.RecordedEvent{event_id: "aa95f894-0a7a-480d-80c3-6682dfab284c", event_number: 1, stream_id: "019cfe0b-bfd8-7cb9-98fc-f50c5c31d00d", stream_version: 1, causation_id: "6961da95-a244-42ae-bdb2-347c233e5fa4", correlation_id: "fec02831-43a3-4695-8ce7-b07140e1ab07", event_type: "Elixir.Nexus.Payments.Events.BulkPaymentInitiated", data: %Nexus.Payments.Events.BulkPaymentInitiated{bulk_payment_id: "019cfe0b-bfd8-7cb9-98fc-f50c5c31d00d", org_id: "019cfe0b-bfd5-7ee0-929f-33067ea77aef", user_id: "019cfe0b-bfd5-745c-9d52-a2098008fe1c", payments: [%{currency: "EUR", amount: "250.00", recipient_name: "Direct Vendor", recipient_account: "ACC-3", invoice_id: "019cfe0b-bfd5-7cc3-82bf-4826066c0dd0"}], total_amount: "250.00", count: 1, initiated_at: "2026-03-17T23:05:08.824222Z"}, created_at: ~U[2026-03-17 23:05:08.824935Z], metadata: %{"causation_id" => "019cfe0b-bfd8-7d01-ae4a-ebef22fb8383", "correlation_id" => "019cfe0b-bfd8-7d01-ae4a-ebef22fb8383"}}]
23:05:08.826 [debug] QUERY OK source="payments_bulk_payments" db=0.3ms queue=0.1ms
INSERT INTO "payments_bulk_payments" ("id","status","user_id","org_id","total_amount","total_items","processed_items","created_at","updated_at") VALUES ($1,$2,$3,$4,$5,$6,$7,$8,$9) ["019cfe0b-bfd8-7cb9-98fc-f50c5c31d00d", "initiated", "019cfe0b-bfd5-745c-9d52-a2098008fe1c", "019cfe0b-bfd5-7ee0-929f-33067ea77aef", Decimal.new("250.00"), 1, 0, ~U[2026-03-17 23:05:08.826124Z], ~U[2026-03-17 23:05:08.826124Z]]
23:05:08.826 [info] 		[36mWhen [32mI authorize the payment batch
23:05:08.827 [debug] QUERY OK source="erp_invoices" db=0.1ms queue=0.1ms
UPDATE "erp_invoices" AS e0 SET "status" = $1, "updated_at" = $2 WHERE (e0."id" = $3) ["matched", ~U[2026-03-17 23:05:08.826730Z], "019cfe0b-bfd5-7cc3-82bf-4826066c0dd0"]
23:05:08.827 [debug] QUERY OK source="erp_invoices" db=0.2ms
SELECT e0."id", e0."org_id", e0."entity_id", e0."currency", e0."amount", e0."subsidiary", e0."line_items", e0."sap_document_number", e0."sap_status", e0."due_date", e0."status", e0."created_at", e0."updated_at" FROM "erp_invoices" AS e0 WHERE (e0."id" = $1) ["019cfe0b-bfd5-7cc3-82bf-4826066c0dd0"]
23:05:08.827 [info] 		[36mThen [32mthe invoice "inv-abc" should be marked as matched
.23:05:08.827 [info] 		[36mThen [32ma transfer request for 250.00 EUR should be dispatched

Finished in 11.4 seconds (0.6s async, 10.8s sync)
3 properties, 46 scenarios, 70 tests, 0 failures
