23:09:50.733 [info] Loading 158 CA(s) from :otp store
23:09:50.739 [info] OTLP exporter successfully initialized
23:09:50.740 [info] [Nexus] Application starting in test environment
23:09:50.796 [info] [Identity] ETS Challenge Store Initialized at auth_challenges
23:09:50.796 [info] [Treasury] ETS Price Cache Initialized
23:09:50.816 [debug] Attempting to start Postgrex
23:09:50.818 [debug] Successfully started Postgrex (#PID<0.460.0>)
23:09:50.818 [debug] Attempting to start Postgrex
23:09:50.818 [debug] Successfully started Postgrex (#PID<0.483.0>)
23:09:50.822 [debug] Attempting to start Postgrex.Notifications
23:09:50.825 [debug] Successfully started Postgrex.Notifications (#PID<0.504.0>)
Running ExUnit with seed: 882028, max_cases: 20

.....    warning: ExUnit.Case.register_test/4 is deprecated. Use register_test/6 instead
    │
  6 │   alias Nexus.ERP.Projections.Invoice
    │   ~~~~~~~~~~~~~~~~~~~~~~~~~~~~~~~~~~~
    │
    └─ test/nexus/erp/invoice_ingestion_test.exs:6: Nexus.ERP.InvoiceIngestionTest (module)

    warning: ExUnit.Case.register_test/4 is deprecated. Use register_test/6 instead
    │
  6 │   alias Nexus.Identity.AuthChallengeStore
    │   ~~~~~~~~~~~~~~~~~~~~~~~~~~~~~~~~~~~~~~~
    │
    └─ test/nexus/identity/identity_challenge_store_test.exs:6: Nexus.Identity.IdentityChallengeStoreTest (module)

    warning: ExUnit.Case.register_test/4 is deprecated. Use register_test/6 instead
    │
  6 │   alias Nexus.Identity.AuthChallengeStore
    │   ~~~~~~~~~~~~~~~~~~~~~~~~~~~~~~~~~~~~~~~
    │
    └─ test/nexus/identity/biometric_login_test.exs:6: Nexus.Identity.BiometricLoginTest (module)

    warning: ExUnit.Case.register_test/4 is deprecated. Use register_test/6 instead
    │
 13 │ 
    │ 
    │
    └─ test/nexus/identity/identity_challenge_store_test.exs:13: Nexus.Identity.IdentityChallengeStoreTest (module)

    warning: ExUnit.Case.register_test/4 is deprecated. Use register_test/6 instead
    │
 17 │     {:ok, state}
    │     ~~~~~~~~~~~~
    │
    └─ test/nexus/identity/biometric_login_test.exs:17: Nexus.Identity.BiometricLoginTest (module)

    warning: ExUnit.Case.register_test/4 is deprecated. Use register_test/6 instead
    │
 12 │     # Clear the projection versions table to ensure clean state
    │     ~~~~~~~~~~~~~~~~~~~~~~~~~~~~~~~~~~~~~~~~~~~~~~~~~~~~~~~~~~~
    │
    └─ test/nexus/erp/invoice_ingestion_test.exs:12: Nexus.ERP.InvoiceIngestionTest (module)

    warning: ExUnit.Case.register_test/4 is deprecated. Use register_test/6 instead
    │
  6 │   alias Nexus.Identity.AuthChallengeStore
    │   ~~~~~~~~~~~~~~~~~~~~~~~~~~~~~~~~~~~~~~~
    │
    └─ test/nexus/identity/biometric_login_test.exs:6: Nexus.Identity.BiometricLoginTest (module)

     warning: variable "event_number" is unused (if the variable is not meant to be used, prefix it with an underscore)
     │
 279 │   defp sync_reconciliation_manager(event, event_number, state) do
     │                                           ~~~~~~~~~~~~
     │
     └─ test/nexus/treasury/reconciliation_test.exs:279:43: Nexus.Treasury.ReconciliationTest.sync_reconciliation_manager/3

    warning: ExUnit.Case.register_test/4 is deprecated. Use register_test/6 instead
    │
 17 │     {:ok, state}
    │     ~~~~~~~~~~~~
    │
    └─ test/nexus/identity/biometric_login_test.exs:17: Nexus.Identity.BiometricLoginTest (module)

    warning: ExUnit.Case.register_test/4 is deprecated. Use register_test/6 instead
    │
 18 │     :ok
    │     ~~~
    │
    └─ test/nexus/erp/invoice_ingestion_test.exs:18: Nexus.ERP.InvoiceIngestionTest (module)

     warning: variable "new_pm_state" is unused (if the variable is not meant to be used, prefix it with an underscore)
     │
 305 │     new_pm_state = ReconciliationManager.apply(pm_state, event)
     │     ~~~~~~~~~~~~
     │
     └─ test/nexus/treasury/reconciliation_test.exs:305:5: Nexus.Treasury.ReconciliationTest.sync_reconciliation_manager/3

    warning: ExUnit.Case.register_test/4 is deprecated. Use register_test/6 instead
    │
 22 │            state do
    │            ~~~~~~~~
    │
    └─ test/nexus/identity/identity_challenge_store_test.exs:22: Nexus.Identity.IdentityChallengeStoreTest (module)

    warning: ExUnit.Case.register_test/4 is deprecated. Use register_test/6 instead
    │
  6 │   alias Nexus.Identity.AuthChallengeStore
    │   ~~~~~~~~~~~~~~~~~~~~~~~~~~~~~~~~~~~~~~~
    │
    └─ test/nexus/identity/identity_challenge_store_test.exs:6: Nexus.Identity.IdentityChallengeStoreTest (module)

    warning: ExUnit.Case.register_test/4 is deprecated. Use register_test/6 instead
    │
  6 │   alias Nexus.ERP.Projections.Invoice
    │   ~~~~~~~~~~~~~~~~~~~~~~~~~~~~~~~~~~~
    │
    └─ test/nexus/erp/invoice_ingestion_test.exs:6: Nexus.ERP.InvoiceIngestionTest (module)

    warning: ExUnit.Case.register_test/4 is deprecated. Use register_test/6 instead
    │
 13 │ 
    │ 
    │
    └─ test/nexus/identity/identity_challenge_store_test.exs:13: Nexus.Identity.IdentityChallengeStoreTest (module)

    warning: ExUnit.Case.register_test/4 is deprecated. Use register_test/6 instead
    │
 12 │     # Clear the projection versions table to ensure clean state
    │     ~~~~~~~~~~~~~~~~~~~~~~~~~~~~~~~~~~~~~~~~~~~~~~~~~~~~~~~~~~~
    │
    └─ test/nexus/erp/invoice_ingestion_test.exs:12: Nexus.ERP.InvoiceIngestionTest (module)

    warning: ExUnit.Case.register_test/4 is deprecated. Use register_test/6 instead
    │
 18 │     :ok
    │     ~~~
    │
    └─ test/nexus/erp/invoice_ingestion_test.exs:18: Nexus.ERP.InvoiceIngestionTest (module)

    warning: ExUnit.Case.register_test/4 is deprecated. Use register_test/6 instead
    │
 22 │            state do
    │            ~~~~~~~~
    │
    └─ test/nexus/identity/identity_challenge_store_test.exs:22: Nexus.Identity.IdentityChallengeStoreTest (module)

    warning: ExUnit.Case.register_test/4 is deprecated. Use register_test/6 instead
    │
  6 │   @moduletag :no_sandbox
    │   ~~~~~~~~~~~~~~~~~~~~~~
    │
    └─ test/nexus/reporting/compliance_hub_test.exs:6: Nexus.Reporting.ComplianceHubTest (module)

    warning: ExUnit.Case.register_test/4 is deprecated. Use register_test/6 instead
    │
 13 │     org_id = Ecto.UUID.generate()
    │     ~~~~~~~~~~~~~~~~~~~~~~~~~~~~~
    │
    └─ test/nexus/reporting/compliance_hub_test.exs:13: Nexus.Reporting.ComplianceHubTest (module)

    warning: ExUnit.Case.register_test/4 is deprecated. Use register_test/6 instead
    │
 20 │       Nexus.Repo.delete_all("projection_versions")
    │       ~~~~~~~~~~~~~~~~~~~~~~~~~~~~~~~~~~~~~~~~~~~~
    │
    └─ test/nexus/reporting/compliance_hub_test.exs:20: Nexus.Reporting.ComplianceHubTest (module)



  1) test can?/3 allows auditor and system_admin for compliance (Nexus.Policies.IntelligencePolicyTest)
     test/nexus/policies/intelligence_policy_test.exs:6
     ** (KeyError) key :roles not found in:

         %{role: "auditor", org_id: "org1"}

     Did you mean:

         * :role

     code: assert IntelligencePolicy.can?(auditor, :view, :compliance)
     stacktrace:
       (nexus 0.1.0) lib/nexus/intelligence/policies/intelligence_policy.ex:13: Nexus.Intelligence.Policies.IntelligencePolicy.can?/3
       test/nexus/policies/intelligence_policy_test.exs:11: (test)

.    warning: ExUnit.Case.register_test/4 is deprecated. Use register_test/6 instead
    │
  6 │   @moduletag :no_sandbox
    │   ~~~~~~~~~~~~~~~~~~~~~~
    │
    └─ test/nexus/treasury/reconciliation_test.exs:6: Nexus.Treasury.ReconciliationTest (module)

    warning: ExUnit.Case.register_test/4 is deprecated. Use register_test/6 instead
    │
  6 │   @moduletag :no_sandbox
    │   ~~~~~~~~~~~~~~~~~~~~~~
    │
    └─ test/nexus/reporting/compliance_hub_test.exs:6: Nexus.Reporting.ComplianceHubTest (module)

    warning: ExUnit.Case.register_test/4 is deprecated. Use register_test/6 instead
    │
 16 │     org_id = Nexus.Schema.generate_uuidv7()
    │     ~~~~~~~~~~~~~~~~~~~~~~~~~~~~~~~~~~~~~~~
    │
    └─ test/nexus/treasury/reconciliation_test.exs:16: Nexus.Treasury.ReconciliationTest (module)

    warning: ExUnit.Case.register_test/4 is deprecated. Use register_test/6 instead
    │
 13 │     org_id = Ecto.UUID.generate()
    │     ~~~~~~~~~~~~~~~~~~~~~~~~~~~~~
    │
    └─ test/nexus/reporting/compliance_hub_test.exs:13: Nexus.Reporting.ComplianceHubTest (module)

    warning: ExUnit.Case.register_test/4 is deprecated. Use register_test/6 instead
    │
 23 │       Ecto.Adapters.SQL.query!(Nexus.Repo, "DELETE FROM projection_versions")
    │       ~~~~~~~~~~~~~~~~~~~~~~~~~~~~~~~~~~~~~~~~~~~~~~~~~~~~~~~~~~~~~~~~~~~~~~~
    │
    └─ test/nexus/treasury/reconciliation_test.exs:23: Nexus.Treasury.ReconciliationTest (module)

    warning: ExUnit.Case.register_test/4 is deprecated. Use register_test/6 instead
    │
 20 │       Nexus.Repo.delete_all("projection_versions")
    │       ~~~~~~~~~~~~~~~~~~~~~~~~~~~~~~~~~~~~~~~~~~~~
    │
    └─ test/nexus/reporting/compliance_hub_test.exs:20: Nexus.Reporting.ComplianceHubTest (module)

    warning: ExUnit.Case.register_test/4 is deprecated. Use register_test/6 instead
    │
  6 │   @moduletag :no_sandbox
    │   ~~~~~~~~~~~~~~~~~~~~~~
    │
    └─ test/nexus/treasury/exposure_policy_test.exs:6: Nexus.Treasury.ExposurePolicyTest (module)

    warning: ExUnit.Case.register_test/4 is deprecated. Use register_test/6 instead
    │
  6 │   @moduletag :no_sandbox
    │   ~~~~~~~~~~~~~~~~~~~~~~
    │
    └─ test/nexus/treasury/reconciliation_test.exs:6: Nexus.Treasury.ReconciliationTest (module)

    warning: ExUnit.Case.register_test/4 is deprecated. Use register_test/6 instead
    │
 13 │   setup do
    │   ~~~~~~~~
    │
    └─ test/nexus/treasury/exposure_policy_test.exs:13: Nexus.Treasury.ExposurePolicyTest (module)

..    warning: ExUnit.Case.register_test/4 is deprecated. Use register_test/6 instead
    │
 16 │     org_id = Nexus.Schema.generate_uuidv7()
    │     ~~~~~~~~~~~~~~~~~~~~~~~~~~~~~~~~~~~~~~~
    │
    └─ test/nexus/treasury/reconciliation_test.exs:16: Nexus.Treasury.ReconciliationTest (module)

....    warning: ExUnit.Case.register_test/4 is deprecated. Use register_test/6 instead
    │
  6 │   @moduletag :no_sandbox
    │   ~~~~~~~~~~~~~~~~~~~~~~
    │
    └─ test/nexus/treasury/exposure_policy_test.exs:6: Nexus.Treasury.ExposurePolicyTest (module)

    warning: ExUnit.Case.register_test/4 is deprecated. Use register_test/6 instead
    │
 13 │   setup do
    │   ~~~~~~~~
    │
    └─ test/nexus/treasury/exposure_policy_test.exs:13: Nexus.Treasury.ExposurePolicyTest (module)

    warning: ExUnit.Case.register_test/4 is deprecated. Use register_test/6 instead
    │
 23 │       Ecto.Adapters.SQL.query!(Nexus.Repo, "DELETE FROM projection_versions")
    │       ~~~~~~~~~~~~~~~~~~~~~~~~~~~~~~~~~~~~~~~~~~~~~~~~~~~~~~~~~~~~~~~~~~~~~~~
    │
    └─ test/nexus/treasury/reconciliation_test.exs:23: Nexus.Treasury.ReconciliationTest (module)

    warning: ExUnit.Case.register_test/4 is deprecated. Use register_test/6 instead
    │
  6 │ 
    │ 
    │
    └─ test/nexus/erp/statement_upload_test.exs:6: Nexus.ERP.StatementUploadTest (module)

    warning: ExUnit.Case.register_test/4 is deprecated. Use register_test/6 instead
    │
 12 │   # Sample fixtures
    │   ~~~~~~~~~~~~~~~~~
    │
    └─ test/nexus/erp/statement_upload_test.exs:12: Nexus.ERP.StatementUploadTest (module)

    warning: ExUnit.Case.register_test/4 is deprecated. Use register_test/6 instead
    │
 18 │   :28C:00001/001
    │   ~~~~~~~~~~~~~~
    │
    └─ test/nexus/erp/statement_upload_test.exs:18: Nexus.ERP.StatementUploadTest (module)

    warning: ExUnit.Case.register_test/4 is deprecated. Use register_test/6 instead
    │
  6 │ 
    │ 
    │
    └─ test/nexus/erp/statement_upload_test.exs:6: Nexus.ERP.StatementUploadTest (module)

    warning: ExUnit.Case.register_test/4 is deprecated. Use register_test/6 instead
    │
 12 │   # Sample fixtures
    │   ~~~~~~~~~~~~~~~~~
    │
    └─ test/nexus/erp/statement_upload_test.exs:12: Nexus.ERP.StatementUploadTest (module)

    warning: ExUnit.Case.register_test/4 is deprecated. Use register_test/6 instead
    │
 18 │   :28C:00001/001
    │   ~~~~~~~~~~~~~~
    │
    └─ test/nexus/erp/statement_upload_test.exs:18: Nexus.ERP.StatementUploadTest (module)

    warning: variable "row" is unused (if the variable is not meant to be used, prefix it with an underscore)
    │
 79 │       Enum.reduce(table, %{}, fn row, accumulator ->
    │                                  ~
    │
    └─ test/nexus/treasury/reconciliation_test.exs:79:34: Nexus.Treasury.ReconciliationTest."scenario Exact amount match between Invoice and Statement Line Exact amount match between Invoice and Statement Line"/1

    warning: variable "mapping" is unused (if the variable is not meant to be used, prefix it with an underscore)
    │
 78 │     mapping =
    │     ~
    │
    └─ test/nexus/treasury/reconciliation_test.exs:78:5: Nexus.Treasury.ReconciliationTest."scenario Exact amount match between Invoice and Statement Line Exact amount match between Invoice and Statement Line"/1

    warning: variable "row" is unused (if the variable is not meant to be used, prefix it with an underscore)
    │
 79 │       Enum.reduce(table, %{}, fn row, accumulator ->
    │                                  ~
    │
    └─ test/nexus/treasury/reconciliation_test.exs:79:34: Nexus.Treasury.ReconciliationTest."scenario Statement line without a matching invoice flags as unmatched (Exception) Statement line without a matching invoice flags as unmatched (Exception)"/1

    warning: variable "mapping" is unused (if the variable is not meant to be used, prefix it with an underscore)
    │
 78 │     mapping =
    │     ~
    │
    └─ test/nexus/treasury/reconciliation_test.exs:78:5: Nexus.Treasury.ReconciliationTest."scenario Statement line without a matching invoice flags as unmatched (Exception) Statement line without a matching invoice flags as unmatched (Exception)"/1

....    warning: ExUnit.Case.register_test/4 is deprecated. Use register_test/6 instead
    │
  6 │   @moduletag :no_sandbox
    │   ~~~~~~~~~~~~~~~~~~~~~~
    │
    └─ test/nexus/treasury/policy_mode_test.exs:6: Nexus.Treasury.PolicyModeTest (module)

    warning: ExUnit.Case.register_test/4 is deprecated. Use register_test/6 instead
    │
 12 │ 
    │ 
    │
    └─ test/nexus/treasury/policy_mode_test.exs:12: Nexus.Treasury.PolicyModeTest (module)

    warning: ExUnit.Case.register_test/4 is deprecated. Use register_test/6 instead
    │
 18 │ 
    │ 
    │
    └─ test/nexus/treasury/policy_mode_test.exs:18: Nexus.Treasury.PolicyModeTest (module)

    warning: ExUnit.Case.register_test/4 is deprecated. Use register_test/6 instead
    │
 24 │       Nexus.Repo.delete_all(TreasuryPolicy)
    │       ~~~~~~~~~~~~~~~~~~~~~~~~~~~~~~~~~~~~~
    │
    └─ test/nexus/treasury/policy_mode_test.exs:24: Nexus.Treasury.PolicyModeTest (module)

    warning: ExUnit.Case.register_test/4 is deprecated. Use register_test/6 instead
    │
  6 │   @moduletag :no_sandbox
    │   ~~~~~~~~~~~~~~~~~~~~~~
    │
    └─ test/nexus/treasury/policy_mode_test.exs:6: Nexus.Treasury.PolicyModeTest (module)

    warning: ExUnit.Case.register_test/4 is deprecated. Use register_test/6 instead
    │
 12 │ 
    │ 
    │
    └─ test/nexus/treasury/policy_mode_test.exs:12: Nexus.Treasury.PolicyModeTest (module)

    warning: ExUnit.Case.register_test/4 is deprecated. Use register_test/6 instead
    │
 18 │ 
    │ 
    │
    └─ test/nexus/treasury/policy_mode_test.exs:18: Nexus.Treasury.PolicyModeTest (module)

    warning: ExUnit.Case.register_test/4 is deprecated. Use register_test/6 instead
    │
 24 │       Nexus.Repo.delete_all(TreasuryPolicy)
    │       ~~~~~~~~~~~~~~~~~~~~~~~~~~~~~~~~~~~~~
    │
    └─ test/nexus/treasury/policy_mode_test.exs:24: Nexus.Treasury.PolicyModeTest (module)

    warning: ExUnit.Case.register_test/4 is deprecated. Use register_test/6 instead
    │
  6 │   alias Nexus.Organization.Projections.Tenant
    │   ~~~~~~~~~~~~~~~~~~~~~~~~~~~~~~~~~~~~~~~~~~~
    │
    └─ test/nexus/organization/tenant_provisioning_test.exs:6: Nexus.Organization.TenantProvisioningTest (module)

    warning: ExUnit.Case.register_test/4 is deprecated. Use register_test/6 instead
    │
 14 │       Nexus.Repo.delete_all(Tenant)
    │       ~~~~~~~~~~~~~~~~~~~~~~~~~~~~~
    │
    └─ test/nexus/organization/tenant_provisioning_test.exs:14: Nexus.Organization.TenantProvisioningTest (module)

...    warning: ExUnit.Case.register_test/4 is deprecated. Use register_test/6 instead
    │
  6 │   # Skip the Ecto Sandbox owner so projector writes commit to real DB rows.
    │   ~~~~~~~~~~~~~~~~~~~~~~~~~~~~~~~~~~~~~~~~~~~~~~~~~~~~~~~~~~~~~~~~~~~~~~~~~
    │
    └─ test/nexus/treasury/exposure_calculation_test.exs:6: Nexus.Treasury.ExposureCalculationTest (module)

.    warning: ExUnit.Case.register_test/4 is deprecated. Use register_test/6 instead
    │
  6 │   alias Nexus.Organization.Projections.Tenant
    │   ~~~~~~~~~~~~~~~~~~~~~~~~~~~~~~~~~~~~~~~~~~~
    │
    └─ test/nexus/organization/tenant_provisioning_test.exs:6: Nexus.Organization.TenantProvisioningTest (module)

    warning: ExUnit.Case.register_test/4 is deprecated. Use register_test/6 instead
    │
 14 │       Nexus.Repo.delete_all(Tenant)
    │       ~~~~~~~~~~~~~~~~~~~~~~~~~~~~~
    │
    └─ test/nexus/organization/tenant_provisioning_test.exs:14: Nexus.Organization.TenantProvisioningTest (module)

    warning: ExUnit.Case.register_test/4 is deprecated. Use register_test/6 instead
    │
 12 │   alias Nexus.Treasury.Projections.ExposureSnapshot
    │   ~~~~~~~~~~~~~~~~~~~~~~~~~~~~~~~~~~~~~~~~~~~~~~~~~
    │
    └─ test/nexus/treasury/exposure_calculation_test.exs:12: Nexus.Treasury.ExposureCalculationTest (module)

    warning: ExUnit.Case.register_test/4 is deprecated. Use register_test/6 instead
    │
  6 │   # Skip the Ecto Sandbox owner so projector writes commit to real DB rows.
    │   ~~~~~~~~~~~~~~~~~~~~~~~~~~~~~~~~~~~~~~~~~~~~~~~~~~~~~~~~~~~~~~~~~~~~~~~~~
    │
    └─ test/nexus/treasury/exposure_calculation_test.exs:6: Nexus.Treasury.ExposureCalculationTest (module)

    warning: ExUnit.Case.register_test/4 is deprecated. Use register_test/6 instead
    │
 12 │   alias Nexus.Treasury.Projections.ExposureSnapshot
    │   ~~~~~~~~~~~~~~~~~~~~~~~~~~~~~~~~~~~~~~~~~~~~~~~~~
    │
    └─ test/nexus/treasury/exposure_calculation_test.exs:12: Nexus.Treasury.ExposureCalculationTest (module)

.    warning: unused alias ControlProjector
    │
 10 │   alias Nexus.Reporting.Projectors.ControlProjector
    │   ~
    │
    └─ test/nexus/reporting/compliance_hub_test.exs:10:3

......    warning: ExUnit.Case.register_test/4 is deprecated. Use register_test/6 instead
    │
  6 │   @moduletag :no_sandbox
    │   ~~~~~~~~~~~~~~~~~~~~~~
    │
    └─ test/nexus/treasury/cash_flow_outlook_test.exs:6: Nexus.Treasury.CashFlowOutlookTest (module)

..    warning: ExUnit.Case.register_test/4 is deprecated. Use register_test/6 instead
    │
 14 │   setup do
    │   ~~~~~~~~
    │
    └─ test/nexus/treasury/cash_flow_outlook_test.exs:14: Nexus.Treasury.CashFlowOutlookTest (module)

    warning: ExUnit.Case.register_test/4 is deprecated. Use register_test/6 instead
    │
  6 │   @moduletag :no_sandbox
    │   ~~~~~~~~~~~~~~~~~~~~~~
    │
    └─ test/nexus/treasury/cash_flow_outlook_test.exs:6: Nexus.Treasury.CashFlowOutlookTest (module)

    warning: ExUnit.Case.register_test/4 is deprecated. Use register_test/6 instead
    │
 14 │   setup do
    │   ~~~~~~~~
    │
    └─ test/nexus/treasury/cash_flow_outlook_test.exs:14: Nexus.Treasury.CashFlowOutlookTest (module)

    warning: ExUnit.Case.register_test/4 is deprecated. Use register_test/6 instead
    │
  6 │   @moduletag :no_sandbox
    │   ~~~~~~~~~~~~~~~~~~~~~~
    │
    └─ test/nexus/payments/bulk_payment_feature_test.exs:6: Nexus.Payments.BulkPaymentFeatureTest (module)

    warning: ExUnit.Case.register_test/4 is deprecated. Use register_test/6 instead
    │
 16 │   alias Nexus.Payments.ProcessManagers.BulkPaymentSaga
    │   ~~~~~~~~~~~~~~~~~~~~~~~~~~~~~~~~~~~~~~~~~~~~~~~~~~~~
    │
    └─ test/nexus/payments/bulk_payment_feature_test.exs:16: Nexus.Payments.BulkPaymentFeatureTest (module)

    warning: ExUnit.Case.register_test/4 is deprecated. Use register_test/6 instead
    │
  6 │   @moduletag :no_sandbox
    │   ~~~~~~~~~~~~~~~~~~~~~~
    │
    └─ test/nexus/payments/bulk_payment_feature_test.exs:6: Nexus.Payments.BulkPaymentFeatureTest (module)

    warning: variable "flash" is unused (if the variable is not meant to be used, prefix it with an underscore)
    │
 46 │       {path, flash} = assert_redirect(view)
    │              ~~~~~
    │
    └─ test/nexus_web/live/organization/invites_live_test.exs:46:14: NexusWeb.Organization.InvitesLiveTest."test InvitesLive renders accept invitation form when token is valid"/1

    warning: ExUnit.Case.register_test/4 is deprecated. Use register_test/6 instead
    │
 16 │   alias Nexus.Payments.ProcessManagers.BulkPaymentSaga
    │   ~~~~~~~~~~~~~~~~~~~~~~~~~~~~~~~~~~~~~~~~~~~~~~~~~~~~
    │
    └─ test/nexus/payments/bulk_payment_feature_test.exs:16: Nexus.Payments.BulkPaymentFeatureTest (module)

.......

  2) test can?/3 allows treasury_ops or system_admin to initiate/approve payments (Nexus.Policies.PaymentsPolicyTest)
     test/nexus/policies/payments_policy_test.exs:11
     ** (KeyError) key :roles not found in:

         %{role: "treasury_ops", org_id: "org1"}

     Did you mean:

         * :role

     code: assert PaymentsPolicy.can?(trader, :initiate, :payments)
     stacktrace:
       (nexus 0.1.0) lib/nexus/payments/policies/payments_policy.ex:16: Nexus.Payments.Policies.PaymentsPolicy.can?/3
       test/nexus/policies/payments_policy_test.exs:16: (test)

..........    warning: ExUnit.Case.register_test/4 is deprecated. Use register_test/6 instead
    │
  6 │ 
    │ 
    │
    └─ test/nexus/treasury/market_data_feed_test.exs:6: Nexus.Treasury.MarketDataFeedTest (module)

    warning: ExUnit.Case.register_test/4 is deprecated. Use register_test/6 instead
    │
 12 │       :ets.delete_all_objects(:market_rates_v3)
    │       ~~~~~~~~~~~~~~~~~~~~~~~~~~~~~~~~~~~~~~~~~
    │
    └─ test/nexus/treasury/market_data_feed_test.exs:12: Nexus.Treasury.MarketDataFeedTest (module)

    warning: ExUnit.Case.register_test/4 is deprecated. Use register_test/6 instead
    │
  6 │ 
    │ 
    │
    └─ test/nexus/identity/biometric_verification_test.exs:6: Nexus.Identity.BiometricVerificationTest (module)



    warning: ExUnit.Case.register_test/4 is deprecated. Use register_test/6 instead
    │
  6 │ 
    │ 
    │
    └─ test/nexus/treasury/market_data_feed_test.exs:6: Nexus.Treasury.MarketDataFeedTest (module)

  3) test can?/3 allows org_admin or system_admin for org_management (Nexus.Policies.OrganizationPolicyTest)
     test/nexus/policies/organization_policy_test.exs:6
     ** (KeyError) key :roles not found in:

         %{role: "org_admin", org_id: "org1"}

     Did you mean:

         * :role

     code: assert OrganizationPolicy.can?(org_admin, :edit, :org_management)
     stacktrace:
       (nexus 0.1.0) lib/nexus/organization/policies/organization_policy.ex:13: Nexus.Organization.Policies.OrganizationPolicy.can?/3
       test/nexus/policies/organization_policy_test.exs:11: (test)

..    warning: ExUnit.Case.register_test/4 is deprecated. Use register_test/6 instead
    │
  6 │ 
    │ 
    │
    └─ test/nexus/identity/biometric_verification_test.exs:6: Nexus.Identity.BiometricVerificationTest (module)

    warning: ExUnit.Case.register_test/4 is deprecated. Use register_test/6 instead
    │
 12 │       :ets.delete_all_objects(:market_rates_v3)
    │       ~~~~~~~~~~~~~~~~~~~~~~~~~~~~~~~~~~~~~~~~~
    │
    └─ test/nexus/treasury/market_data_feed_test.exs:12: Nexus.Treasury.MarketDataFeedTest (module)



  4) test can?/3 allows treasury_ops or system_admin for vault actions (Nexus.Policies.TreasuryPolicyTest)
     test/nexus/policies/treasury_policy_test.exs:10
     ** (KeyError) key :roles not found in:

         %{role: "treasury_ops", org_id: "org1"}

     Did you mean:

         * :role

     code: assert TreasuryPolicy.can?(trader, :register_vault, :vault)
     stacktrace:
       (nexus 0.1.0) lib/nexus/treasury/policies/treasury_policy.ex:17: Nexus.Treasury.Policies.TreasuryPolicy.can?/3
       test/nexus/policies/treasury_policy_test.exs:15: (test)



  5) test can?/3 allows treasury_ops for reconciliation actions (Nexus.Policies.TreasuryPolicyTest)
     test/nexus/policies/treasury_policy_test.exs:20
     ** (KeyError) key :roles not found in:

         %{role: "treasury_ops", org_id: "org1"}

     Did you mean:

         * :role

     code: assert TreasuryPolicy.can?(trader, :confirm, :reconciliation)
     stacktrace:
       (nexus 0.1.0) lib/nexus/treasury/policies/treasury_policy.ex:23: Nexus.Treasury.Policies.TreasuryPolicy.can?/3
       test/nexus/policies/treasury_policy_test.exs:22: (test)

    warning: ExUnit.Case.register_test/4 is deprecated. Use register_test/6 instead
    │
  6 │   alias Nexus.App
    │   ~~~~~~~~~~~~~~~
    │
    └─ test/nexus/treasury/vault_management_feature_test.exs:6: Nexus.Treasury.VaultManagementFeatureTest (module)

    warning: ExUnit.Case.register_test/4 is deprecated. Use register_test/6 instead
    │
 18 │     start_supervised!(Nexus.Treasury.ProcessManagers.TransferManager)
    │     ~~~~~~~~~~~~~~~~~~~~~~~~~~~~~~~~~~~~~~~~~~~~~~~~~~~~~~~~~~~~~~~~~
    │
    └─ test/nexus/treasury/vault_management_feature_test.exs:18: Nexus.Treasury.VaultManagementFeatureTest (module)

    warning: ExUnit.Case.register_test/4 is deprecated. Use register_test/6 instead
    │
 25 │ 
    │ 
    │
    └─ test/nexus/treasury/vault_management_feature_test.exs:25: Nexus.Treasury.VaultManagementFeatureTest (module)

    warning: ExUnit.Case.register_test/4 is deprecated. Use register_test/6 instead
    │
  6 │   alias Nexus.App
    │   ~~~~~~~~~~~~~~~
    │
    └─ test/nexus/treasury/vault_management_feature_test.exs:6: Nexus.Treasury.VaultManagementFeatureTest (module)

    warning: ExUnit.Case.register_test/4 is deprecated. Use register_test/6 instead
    │
 18 │     start_supervised!(Nexus.Treasury.ProcessManagers.TransferManager)
    │     ~~~~~~~~~~~~~~~~~~~~~~~~~~~~~~~~~~~~~~~~~~~~~~~~~~~~~~~~~~~~~~~~~
    │
    └─ test/nexus/treasury/vault_management_feature_test.exs:18: Nexus.Treasury.VaultManagementFeatureTest (module)

    warning: ExUnit.Case.register_test/4 is deprecated. Use register_test/6 instead
    │
 25 │ 
    │ 
    │
    └─ test/nexus/treasury/vault_management_feature_test.exs:25: Nexus.Treasury.VaultManagementFeatureTest (module)



  6) test can?/3 allows only system_admin for backoffice (Nexus.Policies.IdentityPolicyTest)
     test/nexus/policies/identity_policy_test.exs:6
     ** (KeyError) key :roles not found in:

         %{role: "system_admin", org_id: "org1"}

     Did you mean:

         * :role

     code: assert IdentityPolicy.can?(sys_admin, :access, :backoffice)
     stacktrace:
       (nexus 0.1.0) lib/nexus/identity/policies/identity_policy.ex:13: Nexus.Identity.Policies.IdentityPolicy.can?/3
       test/nexus/policies/identity_policy_test.exs:10: (test)

    warning: ExUnit.Case.register_test/4 is deprecated. Use register_test/6 instead
    │
  6 │   alias Nexus.Identity.AuthChallengeStore
    │   ~~~~~~~~~~~~~~~~~~~~~~~~~~~~~~~~~~~~~~~
    │
    └─ test/nexus/identity/step_up_authorization_test.exs:6: Nexus.Identity.StepUpAuthorizationTest (module)

    warning: ExUnit.Case.register_test/4 is deprecated. Use register_test/6 instead
    │
 13 │     org_id = Nexus.Schema.generate_uuidv7()
    │     ~~~~~~~~~~~~~~~~~~~~~~~~~~~~~~~~~~~~~~~
    │
    └─ test/nexus/identity/step_up_authorization_test.exs:13: Nexus.Identity.StepUpAuthorizationTest (module)

    warning: ExUnit.Case.register_test/4 is deprecated. Use register_test/6 instead
    │
  6 │   alias Nexus.Identity.AuthChallengeStore
    │   ~~~~~~~~~~~~~~~~~~~~~~~~~~~~~~~~~~~~~~~
    │
    └─ test/nexus/identity/step_up_authorization_test.exs:6: Nexus.Identity.StepUpAuthorizationTest (module)

    warning: ExUnit.Case.register_test/4 is deprecated. Use register_test/6 instead
    │
 13 │     org_id = Nexus.Schema.generate_uuidv7()
    │     ~~~~~~~~~~~~~~~~~~~~~~~~~~~~~~~~~~~~~~~
    │
    └─ test/nexus/identity/step_up_authorization_test.exs:13: Nexus.Identity.StepUpAuthorizationTest (module)

23:09:51.226 request_id=GJ6vbjw4RYphzi4AACQl [info] GET /invites/bad-token-123
    warning: ExUnit.Case.register_test/4 is deprecated. Use register_test/6 instead
    │
  6 │ 
    │ 
    │
    └─ test/nexus/intelligence/ai_sentinel_test.exs:6: Nexus.Intelligence.AISentinelTest (module)

    warning: ExUnit.Case.register_test/4 is deprecated. Use register_test/6 instead
    │
 12 │     Ecto.Adapters.SQL.Sandbox.unboxed_run(Nexus.Repo, fn ->
    │     ~~~~~~~~~~~~~~~~~~~~~~~~~~~~~~~~~~~~~~~~~~~~~~~~~~~~~~~
    │
    └─ test/nexus/intelligence/ai_sentinel_test.exs:12: Nexus.Intelligence.AISentinelTest (module)

    warning: ExUnit.Case.register_test/4 is deprecated. Use register_test/6 instead
    │
  6 │ 
    │ 
    │
    └─ test/nexus/intelligence/ai_sentinel_test.exs:6: Nexus.Intelligence.AISentinelTest (module)

    warning: ExUnit.Case.register_test/4 is deprecated. Use register_test/6 instead
    │
 12 │     Ecto.Adapters.SQL.Sandbox.unboxed_run(Nexus.Repo, fn ->
    │     ~~~~~~~~~~~~~~~~~~~~~~~~~~~~~~~~~~~~~~~~~~~~~~~~~~~~~~~
    │
    └─ test/nexus/intelligence/ai_sentinel_test.exs:12: Nexus.Intelligence.AISentinelTest (module)



  7) test can?/3 allows auditor and system_admin for audit_logs (Nexus.Policies.ReportingPolicyTest)
     test/nexus/policies/reporting_policy_test.exs:6
     ** (KeyError) key :roles not found in:

         %{role: "auditor", org_id: "org1"}

     Did you mean:

         * :role

     code: assert ReportingPolicy.can?(auditor, :view, :audit_logs)
     stacktrace:
       (nexus 0.1.0) lib/nexus/reporting/policies/reporting_policy.ex:13: Nexus.Reporting.Policies.ReportingPolicy.can?/3
       test/nexus/policies/reporting_policy_test.exs:11: (test)

.    warning: ExUnit.Case.register_test/4 is deprecated. Use register_test/6 instead
    │
  6 │   alias Nexus.App
    │   ~~~~~~~~~~~~~~~
    │
    └─ test/nexus/identity/user_settings_feature_test.exs:6: Nexus.Identity.UserSettingsFeatureTest (module)

    warning: ExUnit.Case.register_test/4 is deprecated. Use register_test/6 instead
    │
 15 │     # Sandbox handles clearing if we use it correctly, but explicit cleanup is safer for these projectors
    │     ~~~~~~~~~~~~~~~~~~~~~~~~~~~~~~~~~~~~~~~~~~~~~~~~~~~~~~~~~~~~~~~~~~~~~~~~~~~~~~~~~~~~~~~~~~~~~~~~~~~~~
    │
    └─ test/nexus/identity/user_settings_feature_test.exs:15: Nexus.Identity.UserSettingsFeatureTest (module)

    warning: ExUnit.Case.register_test/4 is deprecated. Use register_test/6 instead
    │
  6 │ 
    │ 
    │
    └─ test/nexus/erp/rate_limiting_test.exs:6: Nexus.ERP.RateLimitingTest (module)

    warning: ExUnit.Case.register_test/4 is deprecated. Use register_test/6 instead
    │
 23 │ 
    │ 
    │
    └─ test/nexus/identity/user_settings_feature_test.exs:23: Nexus.Identity.UserSettingsFeatureTest (module)

    warning: ExUnit.Case.register_test/4 is deprecated. Use register_test/6 instead
    │
 11 │     :ok
    │     ~~~
    │
    └─ test/nexus/erp/rate_limiting_test.exs:11: Nexus.ERP.RateLimitingTest (module)

    warning: ExUnit.Case.register_test/4 is deprecated. Use register_test/6 instead
    │
  6 │   alias Nexus.App
    │   ~~~~~~~~~~~~~~~
    │
    └─ test/nexus/identity/user_settings_feature_test.exs:6: Nexus.Identity.UserSettingsFeatureTest (module)

    warning: ExUnit.Case.register_test/4 is deprecated. Use register_test/6 instead
    │
  6 │ 
    │ 
    │
    └─ test/nexus/erp/rate_limiting_test.exs:6: Nexus.ERP.RateLimitingTest (module)

    warning: ExUnit.Case.register_test/4 is deprecated. Use register_test/6 instead
    │
 15 │     # Sandbox handles clearing if we use it correctly, but explicit cleanup is safer for these projectors
    │     ~~~~~~~~~~~~~~~~~~~~~~~~~~~~~~~~~~~~~~~~~~~~~~~~~~~~~~~~~~~~~~~~~~~~~~~~~~~~~~~~~~~~~~~~~~~~~~~~~~~~~
    │
    └─ test/nexus/identity/user_settings_feature_test.exs:15: Nexus.Identity.UserSettingsFeatureTest (module)

    warning: ExUnit.Case.register_test/4 is deprecated. Use register_test/6 instead
    │
 11 │     :ok
    │     ~~~
    │
    └─ test/nexus/erp/rate_limiting_test.exs:11: Nexus.ERP.RateLimitingTest (module)

    warning: ExUnit.Case.register_test/4 is deprecated. Use register_test/6 instead
    │
 23 │ 
    │ 
    │
    └─ test/nexus/identity/user_settings_feature_test.exs:23: Nexus.Identity.UserSettingsFeatureTest (module)

.......    warning: ExUnit.Case.register_test/4 is deprecated. Use register_test/6 instead
    │
  6 │   alias Nexus.Organization.Commands.InviteUser
    │   ~~~~~~~~~~~~~~~~~~~~~~~~~~~~~~~~~~~~~~~~~~~~
    │
    └─ test/nexus/organization/user_invitation_test.exs:6: Nexus.Organization.UserInvitationTest (module)

    warning: ExUnit.Case.register_test/4 is deprecated. Use register_test/6 instead
    │
 14 │       Nexus.Repo.delete_all(Nexus.Organization.Projections.Tenant)
    │       ~~~~~~~~~~~~~~~~~~~~~~~~~~~~~~~~~~~~~~~~~~~~~~~~~~~~~~~~~~~~
    │
    └─ test/nexus/organization/user_invitation_test.exs:14: Nexus.Organization.UserInvitationTest (module)

     warning: variable "new_pm_state" is unused (if the variable is not meant to be used, prefix it with an underscore)
     │
 146 │     new_pm_state = TransferManager.apply(pm_state, event)
     │     ~~~~~~~~~~~~
     │
     └─ test/nexus/treasury/transfer_hardening_test.exs:146:5: Nexus.Treasury.TransferHardeningTest.sync_transfer_pm/2

    warning: ExUnit.Case.register_test/4 is deprecated. Use register_test/6 instead
    │
 20 │       %{}
    │       ~~~
    │
    └─ test/nexus/organization/user_invitation_test.exs:20: Nexus.Organization.UserInvitationTest (module)

    warning: ExUnit.Case.register_test/4 is deprecated. Use register_test/6 instead
    │
  6 │   alias Nexus.Organization.Commands.InviteUser
    │   ~~~~~~~~~~~~~~~~~~~~~~~~~~~~~~~~~~~~~~~~~~~~
    │
    └─ test/nexus/organization/user_invitation_test.exs:6: Nexus.Organization.UserInvitationTest (module)

    warning: ExUnit.Case.register_test/4 is deprecated. Use register_test/6 instead
    │
 14 │       Nexus.Repo.delete_all(Nexus.Organization.Projections.Tenant)
    │       ~~~~~~~~~~~~~~~~~~~~~~~~~~~~~~~~~~~~~~~~~~~~~~~~~~~~~~~~~~~~
    │
    └─ test/nexus/organization/user_invitation_test.exs:14: Nexus.Organization.UserInvitationTest (module)

    warning: ExUnit.Case.register_test/4 is deprecated. Use register_test/6 instead
    │
 20 │       %{}
    │       ~~~
    │
    └─ test/nexus/organization/user_invitation_test.exs:20: Nexus.Organization.UserInvitationTest (module)

    warning: unused alias AuthorizeBulkPayment
    │
 12 │   alias Nexus.Payments.Commands.AuthorizeBulkPayment
    │   ~
    │
    └─ test/nexus/payments/bulk_payment_feature_test.exs:12:3

    warning: unused alias BulkPaymentInitiated
    │
 15 │   alias Nexus.Payments.Events.BulkPaymentInitiated
    │   ~
    │
    └─ test/nexus/payments/bulk_payment_feature_test.exs:15:3

....    warning: unused alias CreditVault
    │
  4 │   alias Nexus.Treasury.Commands.{RegisterVault, SyncVaultBalance, DebitVault, CreditVault}
    │   ~
    │
    └─ test/nexus/treasury/aggregates/vault_test.exs:4:3

    warning: unused alias DebitVault
    │
  4 │   alias Nexus.Treasury.Commands.{RegisterVault, SyncVaultBalance, DebitVault, CreditVault}
    │   ~
    │
    └─ test/nexus/treasury/aggregates/vault_test.exs:4:3

23:09:51.340 request_id=GJ6vbjw4RYphzi4AACQl [debug] Processing with NexusWeb.Organization.InvitesLive.__live__/0
  Parameters: %{"token" => "bad-token-123"}
  Pipelines: [:browser]
    warning: unused alias StepUpVerified
    │
  9 │   alias Nexus.Identity.Events.{UserRegistered, StepUpVerified}
    │   ~
    │
    └─ test/nexus/treasury/transfer_hardening_test.exs:9:3

23:09:51.393 request_id=GJ6vbjw4RYphzi4AACQl [info] Sent 200 in 168ms
23:09:51.428 [debug] MOUNT NexusWeb.Organization.InvitesLive
  Parameters: %{"token" => "bad-token-123"}
  Session: %{"_csrf_token" => "z-aSb0WeeU7DKwyOvXL68ML7"}
23:09:51.428 [debug] Replied in 110µs
.23:09:51.477 request_id=GJ6vbktsYMX0FAIAADHI [info] GET /invites/SFMyNTY.g2gDdAAAAAN3BHJvbGVtAAAABnRyYWRlcncGb3JnX2lkbQAAACQwMTlkMGQ4My0yM2U0LTc4ZWYtYTkxNi02ZmNhYjA4NDlkNzV3Cmludml0ZWRfYnltAAAAJDAxOWQwZDgzLTIzZTQtNzliNC05OTY3LWMwYjBhYjQ1YWIyNm4GAOQjgw2dAWIAAVGA.5_xmS2tn7EsvwXscNYCaoYDcUp-JlCcOqX7mp-qJGHA
23:09:51.477 request_id=GJ6vbktsYMX0FAIAADHI [debug] Processing with NexusWeb.Organization.InvitesLive.__live__/0
  Parameters: %{"token" => "SFMyNTY.g2gDdAAAAAN3BHJvbGVtAAAABnRyYWRlcncGb3JnX2lkbQAAACQwMTlkMGQ4My0yM2U0LTc4ZWYtYTkxNi02ZmNhYjA4NDlkNzV3Cmludml0ZWRfYnltAAAAJDAxOWQwZDgzLTIzZTQtNzliNC05OTY3LWMwYjBhYjQ1YWIyNm4GAOQjgw2dAWIAAVGA.5_xmS2tn7EsvwXscNYCaoYDcUp-JlCcOqX7mp-qJGHA"}
  Pipelines: [:browser]
23:09:51.500 request_id=GJ6vbktsYMX0FAIAADHI [info] Sent 200 in 23ms
23:09:51.504 [debug] MOUNT NexusWeb.Organization.InvitesLive
  Parameters: %{"token" => "SFMyNTY.g2gDdAAAAAN3BHJvbGVtAAAABnRyYWRlcncGb3JnX2lkbQAAACQwMTlkMGQ4My0yM2U0LTc4ZWYtYTkxNi02ZmNhYjA4NDlkNzV3Cmludml0ZWRfYnltAAAAJDAxOWQwZDgzLTIzZTQtNzliNC05OTY3LWMwYjBhYjQ1YWIyNm4GAOQjgw2dAWIAAVGA.5_xmS2tn7EsvwXscNYCaoYDcUp-JlCcOqX7mp-qJGHA"}
  Session: %{"_csrf_token" => "NnJZHEyX6PCXp2X0AOOsCggW"}
23:09:51.504 [debug] Replied in 105µs
23:09:51.509 [debug] HANDLE EVENT "register" in NexusWeb.Organization.InvitesLive
  Parameters: %{"display_name" => "Test Invited User", "email" => "test.invitee@global.com"}
23:09:51.509 [debug] Replied in 268µs
.23:09:51.558 [debug] Locating aggregate process for `Nexus.CrossDomain.Aggregates.Notification` with UUID "019d0d83-243d-7288-82f7-b855d22556aa"
23:09:51.592 [debug] Nexus.CrossDomain.Aggregates.Notification<019d0d83-243d-7288-82f7-b855d22556aa@0> executing command: %Nexus.CrossDomain.Commands.CreateNotification{id: "019d0d83-243d-7288-82f7-b855d22556aa", org_id: "019d0d83-243c-74d9-be6e-1ca6dcbba361", user_id: nil, type: "treasury_alert", title: "Policy Alert: EUR/USD", body: "Exposure of 55000 exceeded threshold of 50000.", metadata: %{threshold: Decimal.new("50000"), currency_pair: "EUR/USD", exposure_amount: Decimal.new("55000")}}
23:09:51.638 [debug] Appended 1 event(s) to stream "019d0d83-243d-7288-82f7-b855d22556aa"
23:09:51.638 [debug] Listener received notification on channel "event_store.events" with payload: "019d0d83-243d-7288-82f7-b855d22556aa,8567,1,1"
23:09:51.640 [debug] Listener received notification on channel "event_store.events" with payload: "$all,0,12128,12128"
23:09:51.646 [debug] Subscription "033f31ab-1c2e-4134-90df-2e418f1b1556"@"$all" attempting to connect subscriber #PID<0.1065.0>
23:09:51.667 [debug] Attempting to create subscription on stream "$all" named "033f31ab-1c2e-4134-90df-2e418f1b1556" starting from #0
23:09:51.670 [debug] Nexus.CrossDomain.Aggregates.Notification<019d0d83-243d-7288-82f7-b855d22556aa@1> received events: [%Commanded.EventStore.RecordedEvent{event_id: "1be31e8c-204a-46b3-ba97-90c06e985474", event_number: 1, stream_id: "019d0d83-243d-7288-82f7-b855d22556aa", stream_version: 1, causation_id: "5eb4a2b8-b5a3-476f-ac06-3eed97425f82", correlation_id: "ab1ebf2c-4352-4cdb-babe-7efcb43fb089", event_type: "Elixir.Nexus.CrossDomain.Events.NotificationCreated", data: %Nexus.CrossDomain.Events.NotificationCreated{id: "019d0d83-243d-7288-82f7-b855d22556aa", org_id: "019d0d83-243c-74d9-be6e-1ca6dcbba361", user_id: nil, type: "treasury_alert", title: "Policy Alert: EUR/USD", body: "Exposure of 55000 exceeded threshold of 50000.", metadata: %{threshold: "50000", currency_pair: "EUR/USD", exposure_amount: "55000"}, timestamp: "2026-03-20T23:09:51.592868Z"}, created_at: ~U[2026-03-20 23:09:51.611172Z], metadata: %{"causation_id" => "019d0d83-2444-7c2c-bfb2-8b1d296e4d70", "correlation_id" => "019d0d83-2444-7c2c-bfb2-8b1d296e4d70"}}]
23:09:51.682 [debug] Created subscription on stream "$all" named "033f31ab-1c2e-4134-90df-2e418f1b1556"
23:09:51.701 [debug] Subscription "033f31ab-1c2e-4134-90df-2e418f1b1556"@"$all" catching-up
23:09:54.846 [debug] Subscription "033f31ab-1c2e-4134-90df-2e418f1b1556"@"$all" has no subscribers, shutting down
23:09:54.847 [debug] Attempting to delete subscription on stream "$all" named "033f31ab-1c2e-4134-90df-2e418f1b1556"
23:09:54.848 [debug] Deleted subscription to stream "$all" named "033f31ab-1c2e-4134-90df-2e418f1b1556"
23:09:54.872 [debug] QUERY OK db=15.3ms
begin []
23:09:54.888 [debug] QUERY OK source="projection_versions" db=1.9ms
INSERT INTO "public"."projection_versions" AS p0 ("projection_name","last_seen_event_number","inserted_at","updated_at") VALUES ($1,$2,$3,$4) ON CONFLICT ("projection_name") DO UPDATE SET "last_seen_event_number" = $5 WHERE ((p0."projection_name" = $6) AND (p0."last_seen_event_number" < $7)) ["CrossDomain.NotificationProjector", 12128, ~N[2026-03-20 23:09:54.883389], ~N[2026-03-20 23:09:54.883389], 12128, "CrossDomain.NotificationProjector", 12128]
23:09:54.888 [debug] QUERY OK source="cross_domain_notifications" db=0.3ms
INSERT INTO "cross_domain_notifications" ("id","type","title","metadata","body","org_id","created_at","updated_at") VALUES ($1,$2,$3,$4,$5,$6,$7,$8) ON CONFLICT DO NOTHING ["019d0d83-243d-7288-82f7-b855d22556aa", "treasury_alert", "Policy Alert: EUR/USD", %{threshold: "50000", currency_pair: "EUR/USD", exposure_amount: "55000"}, "Exposure of 55000 exceeded threshold of 50000.", "019d0d83-243c-74d9-be6e-1ca6dcbba361", ~U[2026-03-20 23:09:51.592868Z], ~U[2026-03-20 23:09:54.888112Z]]
23:09:54.889 [debug] QUERY OK db=0.2ms
commit []
23:09:54.912 [debug] QUERY OK source="cross_domain_notifications" db=1.0ms queue=14.4ms
SELECT c0."id", c0."org_id", c0."user_id", c0."type", c0."title", c0."body", c0."metadata", c0."read_at", c0."created_at", c0."updated_at" FROM "cross_domain_notifications" AS c0 WHERE (c0."id" = $1) ["019d0d83-243d-7288-82f7-b855d22556aa"]
.23:09:54.934 [debug] QUERY OK source="treasury_exposure_snapshots" db=1.0ms queue=1.5ms
SELECT t0."id", t0."org_id", t0."subsidiary", t0."currency", t0."exposure_amount", t0."calculated_at", t0."created_at", t0."updated_at" FROM "treasury_exposure_snapshots" AS t0 WHERE (t0."org_id" = $1) ["24abf6a5-eb4a-48a2-923e-410632dfd239"]
.

  8) test list_exposure_heatmap/1 returns dynamic subsidiaries and currencies when snapshots exist (Nexus.Treasury.HeatmapTest)
     test/nexus/treasury/heatmap_test.exs:16
     ** (Ecto.ChangeError) value `"Berlin-USD"` for `Nexus.Treasury.Projections.ExposureSnapshot.id` in `insert` does not match type :binary_id
     code: Repo.insert!(%ExposureSnapshot{
     stacktrace:
       (ecto 3.13.5) lib/ecto/repo/schema.ex:1301: Ecto.Repo.Schema.dump_field!/6
       (ecto 3.13.5) lib/ecto/repo/schema.ex:1310: anonymous fn/6 in Ecto.Repo.Schema.dump_fields!/5
       (stdlib 7.1) maps.erl:894: :maps.fold_1/4
       (ecto 3.13.5) lib/ecto/repo/schema.ex:1308: Ecto.Repo.Schema.dump_fields!/5
       (ecto 3.13.5) lib/ecto/repo/schema.ex:1240: Ecto.Repo.Schema.dump_changes!/7
       (ecto 3.13.5) lib/ecto/repo/schema.ex:476: anonymous fn/15 in Ecto.Repo.Schema.do_insert/4
       (ecto 3.13.5) lib/ecto/repo/schema.ex:381: Ecto.Repo.Schema.insert!/4
       test/nexus/treasury/heatmap_test.exs:20: (test)

23:09:54.950 [debug] QUERY OK source="treasury_vaults" db=0.7ms queue=0.2ms
DELETE FROM "treasury_vaults" AS t0 []
23:09:54.952 [debug] QUERY OK source="treasury_vaults" db=1.4ms queue=0.1ms
INSERT INTO "treasury_vaults" ("id","name","status","balance","currency","provider","org_id","bank_name","daily_withdrawal_limit","requires_multi_sig","created_at","updated_at") VALUES ($1,$2,$3,$4,$5,$6,$7,$8,$9,$10,$11,$12) ["019d0d83-3186-7780-9bda-f1f95238e22a", "EUR Operating-20291", "active", Decimal.new("10000000"), "EUR", "paystack", "e4ed521f-c8ed-4793-9bbd-e4697e8c4cae", "Paystack", 0, false, ~U[2026-03-20 23:09:54.950992Z], ~U[2026-03-20 23:09:54.950992Z]]
23:09:54.952 [info] [Treasury] [Rebalance] Deficit detected for USD: -500000.00
23:09:54.954 [debug] QUERY OK source="treasury_vaults" db=0.3ms queue=0.4ms
SELECT t0."id", t0."org_id", t0."name", t0."bank_name", t0."account_number", t0."iban", t0."currency", t0."balance", t0."provider", t0."status", t0."daily_withdrawal_limit", t0."requires_multi_sig", t0."created_at", t0."updated_at" FROM "treasury_vaults" AS t0 WHERE (t0."org_id" = $1) AND ((t0."currency" = $2) AND (t0."status" = 'active')) LIMIT 1 ["e4ed521f-c8ed-4793-9bbd-e4697e8c4cae", "EUR"]
.23:09:54.955 [info] 		[36mGiven [32mthe "Identity" domain is active
23:09:54.955 [info] 		[36mGiven [32mthe user "Elena V." has a registered "Yubikey" under "Global Corp" with role "trader"
23:09:54.955 [info] 		[36mWhen [32mElena attempts to authenticate with her hardware security key
23:09:54.955 [info] 		[36mThen [32mthe system should generate a "WebAuthn Challenge"
23:09:54.957 [debug] [Identity] Challenge stored for session elena@global-corp.com (expires at 2026-03-20 23:19:54.955267Z)
23:09:54.957 [info] 		[36mThen [32mstore it in the "AuthChallengeStore" for 60 seconds
23:09:54.957 [info] 		[36mWhen [32mElena performs a fingerprint scan on her hardware device
.23:09:54.957 [debug] [Identity] Challenge popped successfully for elena@global-corp.com
23:09:54.957 [info] 		[36mThen [32mthe system should verify the signature using the "Wax" library
23:09:54.957 [info] 		[36mThen [32mthe "Identity" aggregate should emit a "SessionStarted" event
23:09:54.957 [info] 		[36mThen [32mElena should be redirected to the "Exposure Monitor" dashboard
23:09:54.971 [info] 		[36mGiven [32mthe "Identity" domain is active
23:09:54.971 [info] 		[36mGiven [32mthe user "Elena V." has a registered "Yubikey" under "Global Corp" with role "trader"
.23:09:54.971 [info] 		[36mGiven [32ma login challenge was generated 65 seconds ago
23:09:54.971 [warning] [Identity] Challenge expired for elena@global-corp.com (expired at 2026-03-20 23:09:49.971653Z, now is 2026-03-20 23:09:54.971679Z)
23:09:54.971 [info] 		[36mWhen [32mElena attempts to complete the biometric handshake
23:09:54.971 [info] 		[36mThen [32mthe system should return an "Authentication Expired" error
23:09:54.971 [info] 		[36mThen [32mthe user should be prompted to "Retry Handshake"
23:09:55.001 [debug] QUERY OK source="treasury_forecast_snapshots" db=1.2ms queue=13.1ms
DELETE FROM "treasury_forecast_snapshots" AS t0 []
23:09:55.001 [debug] QUERY OK source="erp_statement_lines" db=0.4ms queue=0.1ms
DELETE FROM "erp_statement_lines" AS e0 []
23:09:55.002 [debug] QUERY OK db=0.2ms queue=0.1ms
DELETE FROM projection_versions []
23:09:55.003 [debug] QUERY OK source="erp_statements" db=0.6ms queue=0.4ms
INSERT INTO "erp_statements" ("id","status","filename","format","org_id","uploaded_at","line_count","matched_count","overlap_warning","created_at","updated_at") VALUES ($1,$2,$3,$4,$5,$6,$7,$8,$9,$10,$11) ["02b80593-3a17-4d4d-b240-d3342d88b97e", "uploaded", "test.csv", "CSV", "bc60d71d-a5fd-4386-a5b8-e5164fdb91a0", ~U[2026-03-20 23:09:55.002272Z], 60, 0, false, ~U[2026-03-20 23:09:55.002289Z], ~U[2026-03-20 23:09:55.002289Z]]
23:09:55.004 [debug] QUERY OK source="erp_statement_lines" db=0.7ms queue=0.1ms
INSERT INTO "erp_statement_lines" ("id","status","date","metadata","currency","ref","amount","org_id","statement_id","created_at","updated_at") VALUES ($1,$2,$3,$4,$5,$6,$7,$8,$9,$10,$11) ["df188510-7aa7-43c5-84ac-e7d1834e1713", "unmatched", "2026-01-19", %{}, "EUR", "TEST-60", Decimal.new("1600"), "bc60d71d-a5fd-4386-a5b8-e5164fdb91a0", "02b80593-3a17-4d4d-b240-d3342d88b97e", ~U[2026-03-20 23:09:55.003612Z], ~U[2026-03-20 23:09:55.003612Z]]
23:09:55.004 [debug] QUERY OK source="erp_statement_lines" db=0.1ms
INSERT INTO "erp_statement_lines" ("id","status","date","metadata","currency","ref","amount","org_id","statement_id","created_at","updated_at") VALUES ($1,$2,$3,$4,$5,$6,$7,$8,$9,$10,$11) ["18fc7597-f376-41dd-b7e8-79918a08f733", "unmatched", "2026-01-20", %{}, "EUR", "TEST-59", Decimal.new("1590"), "bc60d71d-a5fd-4386-a5b8-e5164fdb91a0", "02b80593-3a17-4d4d-b240-d3342d88b97e", ~U[2026-03-20 23:09:55.004648Z], ~U[2026-03-20 23:09:55.004648Z]]
23:09:55.005 [debug] QUERY OK source="erp_statement_lines" db=0.2ms
INSERT INTO "erp_statement_lines" ("id","status","date","metadata","currency","ref","amount","org_id","statement_id","created_at","updated_at") VALUES ($1,$2,$3,$4,$5,$6,$7,$8,$9,$10,$11) ["030002e8-db2c-4208-9e72-765f8526f9ce", "unmatched", "2026-01-21", %{}, "EUR", "TEST-58", Decimal.new("1580"), "bc60d71d-a5fd-4386-a5b8-e5164fdb91a0", "02b80593-3a17-4d4d-b240-d3342d88b97e", ~U[2026-03-20 23:09:55.004910Z], ~U[2026-03-20 23:09:55.004910Z]]
23:09:55.005 [debug] QUERY OK source="erp_statement_lines" db=0.1ms
INSERT INTO "erp_statement_lines" ("id","status","date","metadata","currency","ref","amount","org_id","statement_id","created_at","updated_at") VALUES ($1,$2,$3,$4,$5,$6,$7,$8,$9,$10,$11) ["be83744b-26fb-4c56-a25d-50390ca84ed1", "unmatched", "2026-01-22", %{}, "EUR", "TEST-57", Decimal.new("1570"), "bc60d71d-a5fd-4386-a5b8-e5164fdb91a0", "02b80593-3a17-4d4d-b240-d3342d88b97e", ~U[2026-03-20 23:09:55.005254Z], ~U[2026-03-20 23:09:55.005254Z]]
23:09:55.005 [debug] QUERY OK source="erp_statement_lines" db=0.1ms
INSERT INTO "erp_statement_lines" ("id","status","date","metadata","currency","ref","amount","org_id","statement_id","created_at","updated_at") VALUES ($1,$2,$3,$4,$5,$6,$7,$8,$9,$10,$11) ["b4c5e84d-9f8b-4123-85d6-40088d0b2f91", "unmatched", "2026-01-23", %{}, "EUR", "TEST-56", Decimal.new("1560"), "bc60d71d-a5fd-4386-a5b8-e5164fdb91a0", "02b80593-3a17-4d4d-b240-d3342d88b97e", ~U[2026-03-20 23:09:55.005512Z], ~U[2026-03-20 23:09:55.005512Z]]
23:09:55.005 [debug] QUERY OK source="erp_statement_lines" db=0.1ms
INSERT INTO "erp_statement_lines" ("id","status","date","metadata","currency","ref","amount","org_id","statement_id","created_at","updated_at") VALUES ($1,$2,$3,$4,$5,$6,$7,$8,$9,$10,$11) ["d7983208-f0be-4ae8-9abb-ff6a5cc8ed76", "unmatched", "2026-01-24", %{}, "EUR", "TEST-55", Decimal.new("1550"), "bc60d71d-a5fd-4386-a5b8-e5164fdb91a0", "02b80593-3a17-4d4d-b240-d3342d88b97e", ~U[2026-03-20 23:09:55.005749Z], ~U[2026-03-20 23:09:55.005749Z]]
23:09:55.006 [debug] QUERY OK source="erp_statement_lines" db=0.1ms
INSERT INTO "erp_statement_lines" ("id","status","date","metadata","currency","ref","amount","org_id","statement_id","created_at","updated_at") VALUES ($1,$2,$3,$4,$5,$6,$7,$8,$9,$10,$11) ["8cf226b2-ffe2-4e5e-95a8-ee388541aa41", "unmatched", "2026-01-25", %{}, "EUR", "TEST-54", Decimal.new("1540"), "bc60d71d-a5fd-4386-a5b8-e5164fdb91a0", "02b80593-3a17-4d4d-b240-d3342d88b97e", ~U[2026-03-20 23:09:55.005965Z], ~U[2026-03-20 23:09:55.005965Z]]
23:09:55.006 [debug] QUERY OK source="erp_statement_lines" db=0.0ms
INSERT INTO "erp_statement_lines" ("id","status","date","metadata","currency","ref","amount","org_id","statement_id","created_at","updated_at") VALUES ($1,$2,$3,$4,$5,$6,$7,$8,$9,$10,$11) ["e757c69f-a6ba-4cfe-a06e-3190684ca4ff", "unmatched", "2026-01-26", %{}, "EUR", "TEST-53", Decimal.new("1530"), "bc60d71d-a5fd-4386-a5b8-e5164fdb91a0", "02b80593-3a17-4d4d-b240-d3342d88b97e", ~U[2026-03-20 23:09:55.006165Z], ~U[2026-03-20 23:09:55.006165Z]]
23:09:55.006 [debug] QUERY OK source="erp_statement_lines" db=0.0ms
INSERT INTO "erp_statement_lines" ("id","status","date","metadata","currency","ref","amount","org_id","statement_id","created_at","updated_at") VALUES ($1,$2,$3,$4,$5,$6,$7,$8,$9,$10,$11) ["ea1309b0-df31-4f47-bba5-ae737ba40154", "unmatched", "2026-01-27", %{}, "EUR", "TEST-52", Decimal.new("1520"), "bc60d71d-a5fd-4386-a5b8-e5164fdb91a0", "02b80593-3a17-4d4d-b240-d3342d88b97e", ~U[2026-03-20 23:09:55.006320Z], ~U[2026-03-20 23:09:55.006320Z]]
23:09:55.006 [debug] QUERY OK source="erp_statement_lines" db=0.1ms
INSERT INTO "erp_statement_lines" ("id","status","date","metadata","currency","ref","amount","org_id","statement_id","created_at","updated_at") VALUES ($1,$2,$3,$4,$5,$6,$7,$8,$9,$10,$11) ["31aa166d-71a4-4c8a-b40d-d5c8bfeb4546", "unmatched", "2026-01-28", %{}, "EUR", "TEST-51", Decimal.new("1510"), "bc60d71d-a5fd-4386-a5b8-e5164fdb91a0", "02b80593-3a17-4d4d-b240-d3342d88b97e", ~U[2026-03-20 23:09:55.006580Z], ~U[2026-03-20 23:09:55.006580Z]]
23:09:55.006 [debug] QUERY OK source="erp_statement_lines" db=0.0ms
INSERT INTO "erp_statement_lines" ("id","status","date","metadata","currency","ref","amount","org_id","statement_id","created_at","updated_at") VALUES ($1,$2,$3,$4,$5,$6,$7,$8,$9,$10,$11) ["a74ffc2b-6523-480a-8724-86027284f757", "unmatched", "2026-01-29", %{}, "EUR", "TEST-50", Decimal.new("1500"), "bc60d71d-a5fd-4386-a5b8-e5164fdb91a0", "02b80593-3a17-4d4d-b240-d3342d88b97e", ~U[2026-03-20 23:09:55.006805Z], ~U[2026-03-20 23:09:55.006805Z]]
23:09:55.007 [debug] QUERY OK source="erp_statement_lines" db=0.1ms
INSERT INTO "erp_statement_lines" ("id","status","date","metadata","currency","ref","amount","org_id","statement_id","created_at","updated_at") VALUES ($1,$2,$3,$4,$5,$6,$7,$8,$9,$10,$11) ["f2dc1e54-2f53-4763-8178-03736d6a9399", "unmatched", "2026-01-30", %{}, "EUR", "TEST-49", Decimal.new("1490"), "bc60d71d-a5fd-4386-a5b8-e5164fdb91a0", "02b80593-3a17-4d4d-b240-d3342d88b97e", ~U[2026-03-20 23:09:55.007008Z], ~U[2026-03-20 23:09:55.007008Z]]
23:09:55.007 [debug] QUERY OK source="erp_statement_lines" db=0.1ms
INSERT INTO "erp_statement_lines" ("id","status","date","metadata","currency","ref","amount","org_id","statement_id","created_at","updated_at") VALUES ($1,$2,$3,$4,$5,$6,$7,$8,$9,$10,$11) ["1358e7a2-ce23-4c2c-b046-cebed6fb3d2a", "unmatched", "2026-01-31", %{}, "EUR", "TEST-48", Decimal.new("1480"), "bc60d71d-a5fd-4386-a5b8-e5164fdb91a0", "02b80593-3a17-4d4d-b240-d3342d88b97e", ~U[2026-03-20 23:09:55.007273Z], ~U[2026-03-20 23:09:55.007273Z]]
23:09:55.007 [debug] QUERY OK source="erp_statement_lines" db=0.0ms
INSERT INTO "erp_statement_lines" ("id","status","date","metadata","currency","ref","amount","org_id","statement_id","created_at","updated_at") VALUES ($1,$2,$3,$4,$5,$6,$7,$8,$9,$10,$11) ["9bbe8a59-fc33-4bbb-bb45-f92e9b5b5552", "unmatched", "2026-02-01", %{}, "EUR", "TEST-47", Decimal.new("1470"), "bc60d71d-a5fd-4386-a5b8-e5164fdb91a0", "02b80593-3a17-4d4d-b240-d3342d88b97e", ~U[2026-03-20 23:09:55.007455Z], ~U[2026-03-20 23:09:55.007455Z]]
23:09:55.007 [debug] QUERY OK source="erp_statement_lines" db=0.0ms
INSERT INTO "erp_statement_lines" ("id","status","date","metadata","currency","ref","amount","org_id","statement_id","created_at","updated_at") VALUES ($1,$2,$3,$4,$5,$6,$7,$8,$9,$10,$11) ["3563a72e-be2f-4ad6-8037-8ff73803d3ba", "unmatched", "2026-02-02", %{}, "EUR", "TEST-46", Decimal.new("1460"), "bc60d71d-a5fd-4386-a5b8-e5164fdb91a0", "02b80593-3a17-4d4d-b240-d3342d88b97e", ~U[2026-03-20 23:09:55.007623Z], ~U[2026-03-20 23:09:55.007623Z]]
23:09:55.007 [debug] QUERY OK source="erp_statement_lines" db=0.1ms
INSERT INTO "erp_statement_lines" ("id","status","date","metadata","currency","ref","amount","org_id","statement_id","created_at","updated_at") VALUES ($1,$2,$3,$4,$5,$6,$7,$8,$9,$10,$11) ["36e1659e-5f1b-4f6e-a2be-ea0d28483f20", "unmatched", "2026-02-03", %{}, "EUR", "TEST-45", Decimal.new("1450"), "bc60d71d-a5fd-4386-a5b8-e5164fdb91a0", "02b80593-3a17-4d4d-b240-d3342d88b97e", ~U[2026-03-20 23:09:55.007780Z], ~U[2026-03-20 23:09:55.007780Z]]
23:09:55.008 [debug] QUERY OK source="erp_statement_lines" db=0.1ms
INSERT INTO "erp_statement_lines" ("id","status","date","metadata","currency","ref","amount","org_id","statement_id","created_at","updated_at") VALUES ($1,$2,$3,$4,$5,$6,$7,$8,$9,$10,$11) ["e97c279e-99df-49af-ab62-efea11375ab6", "unmatched", "2026-02-04", %{}, "EUR", "TEST-44", Decimal.new("1440"), "bc60d71d-a5fd-4386-a5b8-e5164fdb91a0", "02b80593-3a17-4d4d-b240-d3342d88b97e", ~U[2026-03-20 23:09:55.007980Z], ~U[2026-03-20 23:09:55.007980Z]]
23:09:55.008 [debug] QUERY OK source="erp_statement_lines" db=0.1ms
INSERT INTO "erp_statement_lines" ("id","status","date","metadata","currency","ref","amount","org_id","statement_id","created_at","updated_at") VALUES ($1,$2,$3,$4,$5,$6,$7,$8,$9,$10,$11) ["36f0b3f0-b018-44cb-911b-649e7186d277", "unmatched", "2026-02-05", %{}, "EUR", "TEST-43", Decimal.new("1430"), "bc60d71d-a5fd-4386-a5b8-e5164fdb91a0", "02b80593-3a17-4d4d-b240-d3342d88b97e", ~U[2026-03-20 23:09:55.008244Z], ~U[2026-03-20 23:09:55.008244Z]]
23:09:55.008 [debug] QUERY OK source="erp_statement_lines" db=0.0ms
INSERT INTO "erp_statement_lines" ("id","status","date","metadata","currency","ref","amount","org_id","statement_id","created_at","updated_at") VALUES ($1,$2,$3,$4,$5,$6,$7,$8,$9,$10,$11) ["86f2068c-ee56-4397-a94e-3b543d83cf29", "unmatched", "2026-02-06", %{}, "EUR", "TEST-42", Decimal.new("1420"), "bc60d71d-a5fd-4386-a5b8-e5164fdb91a0", "02b80593-3a17-4d4d-b240-d3342d88b97e", ~U[2026-03-20 23:09:55.008439Z], ~U[2026-03-20 23:09:55.008439Z]]
23:09:55.008 [debug] QUERY OK source="erp_statement_lines" db=0.0ms
INSERT INTO "erp_statement_lines" ("id","status","date","metadata","currency","ref","amount","org_id","statement_id","created_at","updated_at") VALUES ($1,$2,$3,$4,$5,$6,$7,$8,$9,$10,$11) ["acdda4f7-4100-48a3-8908-7695368f3928", "unmatched", "2026-02-07", %{}, "EUR", "TEST-41", Decimal.new("1410"), "bc60d71d-a5fd-4386-a5b8-e5164fdb91a0", "02b80593-3a17-4d4d-b240-d3342d88b97e", ~U[2026-03-20 23:09:55.008611Z], ~U[2026-03-20 23:09:55.008611Z]]
23:09:55.008 [debug] QUERY OK source="erp_statement_lines" db=0.1ms
INSERT INTO "erp_statement_lines" ("id","status","date","metadata","currency","ref","amount","org_id","statement_id","created_at","updated_at") VALUES ($1,$2,$3,$4,$5,$6,$7,$8,$9,$10,$11) ["8a401f5a-40b8-40db-a2a1-ac84aab74a20", "unmatched", "2026-02-08", %{}, "EUR", "TEST-40", Decimal.new("1400"), "bc60d71d-a5fd-4386-a5b8-e5164fdb91a0", "02b80593-3a17-4d4d-b240-d3342d88b97e", ~U[2026-03-20 23:09:55.008786Z], ~U[2026-03-20 23:09:55.008786Z]]
23:09:55.009 [debug] QUERY OK source="erp_statement_lines" db=0.0ms
INSERT INTO "erp_statement_lines" ("id","status","date","metadata","currency","ref","amount","org_id","statement_id","created_at","updated_at") VALUES ($1,$2,$3,$4,$5,$6,$7,$8,$9,$10,$11) ["3aa49a75-352c-4d6b-9c76-1dd18bd3c734", "unmatched", "2026-02-09", %{}, "EUR", "TEST-39", Decimal.new("1390"), "bc60d71d-a5fd-4386-a5b8-e5164fdb91a0", "02b80593-3a17-4d4d-b240-d3342d88b97e", ~U[2026-03-20 23:09:55.008977Z], ~U[2026-03-20 23:09:55.008977Z]]
23:09:55.009 [debug] QUERY OK source="erp_statement_lines" db=0.0ms
INSERT INTO "erp_statement_lines" ("id","status","date","metadata","currency","ref","amount","org_id","statement_id","created_at","updated_at") VALUES ($1,$2,$3,$4,$5,$6,$7,$8,$9,$10,$11) ["8fd26673-e93e-4d86-a487-3c57621d9974", "unmatched", "2026-02-10", %{}, "EUR", "TEST-38", Decimal.new("1380"), "bc60d71d-a5fd-4386-a5b8-e5164fdb91a0", "02b80593-3a17-4d4d-b240-d3342d88b97e", ~U[2026-03-20 23:09:55.009143Z], ~U[2026-03-20 23:09:55.009143Z]]
23:09:55.009 [debug] QUERY OK source="erp_statement_lines" db=0.0ms
INSERT INTO "erp_statement_lines" ("id","status","date","metadata","currency","ref","amount","org_id","statement_id","created_at","updated_at") VALUES ($1,$2,$3,$4,$5,$6,$7,$8,$9,$10,$11) ["d26093b6-c974-4214-9715-27a2c1b1083c", "unmatched", "2026-02-11", %{}, "EUR", "TEST-37", Decimal.new("1370"), "bc60d71d-a5fd-4386-a5b8-e5164fdb91a0", "02b80593-3a17-4d4d-b240-d3342d88b97e", ~U[2026-03-20 23:09:55.009305Z], ~U[2026-03-20 23:09:55.009305Z]]
23:09:55.009 [debug] QUERY OK source="erp_statement_lines" db=0.0ms
INSERT INTO "erp_statement_lines" ("id","status","date","metadata","currency","ref","amount","org_id","statement_id","created_at","updated_at") VALUES ($1,$2,$3,$4,$5,$6,$7,$8,$9,$10,$11) ["6e12a539-e0ee-4025-a7ae-71f39b6ffee9", "unmatched", "2026-02-12", %{}, "EUR", "TEST-36", Decimal.new("1360"), "bc60d71d-a5fd-4386-a5b8-e5164fdb91a0", "02b80593-3a17-4d4d-b240-d3342d88b97e", ~U[2026-03-20 23:09:55.009465Z], ~U[2026-03-20 23:09:55.009465Z]]
23:09:55.009 [debug] QUERY OK source="erp_statement_lines" db=0.0ms
INSERT INTO "erp_statement_lines" ("id","status","date","metadata","currency","ref","amount","org_id","statement_id","created_at","updated_at") VALUES ($1,$2,$3,$4,$5,$6,$7,$8,$9,$10,$11) ["060e716d-41cb-46c0-9b24-8b5ed6bb3897", "unmatched", "2026-02-13", %{}, "EUR", "TEST-35", Decimal.new("1350"), "bc60d71d-a5fd-4386-a5b8-e5164fdb91a0", "02b80593-3a17-4d4d-b240-d3342d88b97e", ~U[2026-03-20 23:09:55.009620Z], ~U[2026-03-20 23:09:55.009620Z]]
23:09:55.009 [debug] QUERY OK source="erp_statement_lines" db=0.0ms
INSERT INTO "erp_statement_lines" ("id","status","date","metadata","currency","ref","amount","org_id","statement_id","created_at","updated_at") VALUES ($1,$2,$3,$4,$5,$6,$7,$8,$9,$10,$11) ["a340b383-c779-4e9b-9953-3fe91261b388", "unmatched", "2026-02-14", %{}, "EUR", "TEST-34", Decimal.new("1340"), "bc60d71d-a5fd-4386-a5b8-e5164fdb91a0", "02b80593-3a17-4d4d-b240-d3342d88b97e", ~U[2026-03-20 23:09:55.009777Z], ~U[2026-03-20 23:09:55.009777Z]]
23:09:55.010 [debug] QUERY OK source="erp_statement_lines" db=0.0ms
INSERT INTO "erp_statement_lines" ("id","status","date","metadata","currency","ref","amount","org_id","statement_id","created_at","updated_at") VALUES ($1,$2,$3,$4,$5,$6,$7,$8,$9,$10,$11) ["611f5cba-ed66-45e9-9f68-2244e3f95aeb", "unmatched", "2026-02-15", %{}, "EUR", "TEST-33", Decimal.new("1330"), "bc60d71d-a5fd-4386-a5b8-e5164fdb91a0", "02b80593-3a17-4d4d-b240-d3342d88b97e", ~U[2026-03-20 23:09:55.009933Z], ~U[2026-03-20 23:09:55.009933Z]]
23:09:55.010 [debug] QUERY OK source="erp_statement_lines" db=0.0ms
INSERT INTO "erp_statement_lines" ("id","status","date","metadata","currency","ref","amount","org_id","statement_id","created_at","updated_at") VALUES ($1,$2,$3,$4,$5,$6,$7,$8,$9,$10,$11) ["c9ac17f1-4b50-4eb7-84c9-d662b43eedc2", "unmatched", "2026-02-16", %{}, "EUR", "TEST-32", Decimal.new("1320"), "bc60d71d-a5fd-4386-a5b8-e5164fdb91a0", "02b80593-3a17-4d4d-b240-d3342d88b97e", ~U[2026-03-20 23:09:55.010088Z], ~U[2026-03-20 23:09:55.010088Z]]
23:09:55.010 [debug] QUERY OK source="erp_statement_lines" db=0.0ms
INSERT INTO "erp_statement_lines" ("id","status","date","metadata","currency","ref","amount","org_id","statement_id","created_at","updated_at") VALUES ($1,$2,$3,$4,$5,$6,$7,$8,$9,$10,$11) ["50da7748-00ef-4ee5-a089-848beff26f46", "unmatched", "2026-02-17", %{}, "EUR", "TEST-31", Decimal.new("1310"), "bc60d71d-a5fd-4386-a5b8-e5164fdb91a0", "02b80593-3a17-4d4d-b240-d3342d88b97e", ~U[2026-03-20 23:09:55.010237Z], ~U[2026-03-20 23:09:55.010237Z]]
23:09:55.010 [debug] QUERY OK source="erp_statement_lines" db=0.0ms
INSERT INTO "erp_statement_lines" ("id","status","date","metadata","currency","ref","amount","org_id","statement_id","created_at","updated_at") VALUES ($1,$2,$3,$4,$5,$6,$7,$8,$9,$10,$11) ["2c9c6223-510f-4922-925a-b17906a4b54a", "unmatched", "2026-02-18", %{}, "EUR", "TEST-30", Decimal.new("1300"), "bc60d71d-a5fd-4386-a5b8-e5164fdb91a0", "02b80593-3a17-4d4d-b240-d3342d88b97e", ~U[2026-03-20 23:09:55.010407Z], ~U[2026-03-20 23:09:55.010407Z]]
23:09:55.010 [debug] QUERY OK source="erp_statement_lines" db=0.0ms
INSERT INTO "erp_statement_lines" ("id","status","date","metadata","currency","ref","amount","org_id","statement_id","created_at","updated_at") VALUES ($1,$2,$3,$4,$5,$6,$7,$8,$9,$10,$11) ["5379d4d1-f922-4b8a-bd23-3225bbbd732d", "unmatched", "2026-02-19", %{}, "EUR", "TEST-29", Decimal.new("1290"), "bc60d71d-a5fd-4386-a5b8-e5164fdb91a0", "02b80593-3a17-4d4d-b240-d3342d88b97e", ~U[2026-03-20 23:09:55.010580Z], ~U[2026-03-20 23:09:55.010580Z]]
23:09:55.010 [debug] QUERY OK source="erp_statement_lines" db=0.1ms
INSERT INTO "erp_statement_lines" ("id","status","date","metadata","currency","ref","amount","org_id","statement_id","created_at","updated_at") VALUES ($1,$2,$3,$4,$5,$6,$7,$8,$9,$10,$11) ["3d29fe7f-8ebe-4df2-b8bf-9e9e42852332", "unmatched", "2026-02-20", %{}, "EUR", "TEST-28", Decimal.new("1280"), "bc60d71d-a5fd-4386-a5b8-e5164fdb91a0", "02b80593-3a17-4d4d-b240-d3342d88b97e", ~U[2026-03-20 23:09:55.010764Z], ~U[2026-03-20 23:09:55.010764Z]]
23:09:55.011 [debug] QUERY OK source="erp_statement_lines" db=0.1ms
INSERT INTO "erp_statement_lines" ("id","status","date","metadata","currency","ref","amount","org_id","statement_id","created_at","updated_at") VALUES ($1,$2,$3,$4,$5,$6,$7,$8,$9,$10,$11) ["e64046ed-866f-40d8-a594-f4cdfc9740d8", "unmatched", "2026-02-21", %{}, "EUR", "TEST-27", Decimal.new("1270"), "bc60d71d-a5fd-4386-a5b8-e5164fdb91a0", "02b80593-3a17-4d4d-b240-d3342d88b97e", ~U[2026-03-20 23:09:55.010967Z], ~U[2026-03-20 23:09:55.010967Z]]
23:09:55.011 [debug] QUERY OK source="erp_statement_lines" db=0.1ms
INSERT INTO "erp_statement_lines" ("id","status","date","metadata","currency","ref","amount","org_id","statement_id","created_at","updated_at") VALUES ($1,$2,$3,$4,$5,$6,$7,$8,$9,$10,$11) ["c7732803-4f2e-4e30-83c1-bea4fd1f57b0", "unmatched", "2026-02-22", %{}, "EUR", "TEST-26", Decimal.new("1260"), "bc60d71d-a5fd-4386-a5b8-e5164fdb91a0", "02b80593-3a17-4d4d-b240-d3342d88b97e", ~U[2026-03-20 23:09:55.011301Z], ~U[2026-03-20 23:09:55.011301Z]]
23:09:55.011 [debug] QUERY OK source="erp_statement_lines" db=0.1ms
INSERT INTO "erp_statement_lines" ("id","status","date","metadata","currency","ref","amount","org_id","statement_id","created_at","updated_at") VALUES ($1,$2,$3,$4,$5,$6,$7,$8,$9,$10,$11) ["d73783c7-cb98-49d2-8b64-da0b737a26e0", "unmatched", "2026-02-23", %{}, "EUR", "TEST-25", Decimal.new("1250"), "bc60d71d-a5fd-4386-a5b8-e5164fdb91a0", "02b80593-3a17-4d4d-b240-d3342d88b97e", ~U[2026-03-20 23:09:55.011583Z], ~U[2026-03-20 23:09:55.011583Z]]
23:09:55.011 [debug] QUERY OK source="erp_statement_lines" db=0.0ms
INSERT INTO "erp_statement_lines" ("id","status","date","metadata","currency","ref","amount","org_id","statement_id","created_at","updated_at") VALUES ($1,$2,$3,$4,$5,$6,$7,$8,$9,$10,$11) ["2c59bcb2-6657-46aa-b9b7-08b92155d7f2", "unmatched", "2026-02-24", %{}, "EUR", "TEST-24", Decimal.new("1240"), "bc60d71d-a5fd-4386-a5b8-e5164fdb91a0", "02b80593-3a17-4d4d-b240-d3342d88b97e", ~U[2026-03-20 23:09:55.011771Z], ~U[2026-03-20 23:09:55.011771Z]]
23:09:55.012 [debug] QUERY OK source="erp_statement_lines" db=0.1ms
INSERT INTO "erp_statement_lines" ("id","status","date","metadata","currency","ref","amount","org_id","statement_id","created_at","updated_at") VALUES ($1,$2,$3,$4,$5,$6,$7,$8,$9,$10,$11) ["5a680404-8943-4db2-87e2-c787b5e2f34f", "unmatched", "2026-02-25", %{}, "EUR", "TEST-23", Decimal.new("1230"), "bc60d71d-a5fd-4386-a5b8-e5164fdb91a0", "02b80593-3a17-4d4d-b240-d3342d88b97e", ~U[2026-03-20 23:09:55.011945Z], ~U[2026-03-20 23:09:55.011945Z]]
23:09:55.012 [debug] QUERY OK source="erp_statement_lines" db=0.0ms
INSERT INTO "erp_statement_lines" ("id","status","date","metadata","currency","ref","amount","org_id","statement_id","created_at","updated_at") VALUES ($1,$2,$3,$4,$5,$6,$7,$8,$9,$10,$11) ["37d1cb5d-6d68-4950-aa09-215f8da5ffe0", "unmatched", "2026-02-26", %{}, "EUR", "TEST-22", Decimal.new("1220"), "bc60d71d-a5fd-4386-a5b8-e5164fdb91a0", "02b80593-3a17-4d4d-b240-d3342d88b97e", ~U[2026-03-20 23:09:55.012156Z], ~U[2026-03-20 23:09:55.012156Z]]
23:09:55.012 [debug] QUERY OK source="erp_statement_lines" db=0.0ms
INSERT INTO "erp_statement_lines" ("id","status","date","metadata","currency","ref","amount","org_id","statement_id","created_at","updated_at") VALUES ($1,$2,$3,$4,$5,$6,$7,$8,$9,$10,$11) ["b2ec222d-0bae-46d1-be8d-fa0ad75de8f5", "unmatched", "2026-02-27", %{}, "EUR", "TEST-21", Decimal.new("1210"), "bc60d71d-a5fd-4386-a5b8-e5164fdb91a0", "02b80593-3a17-4d4d-b240-d3342d88b97e", ~U[2026-03-20 23:09:55.012336Z], ~U[2026-03-20 23:09:55.012336Z]]
23:09:55.012 [debug] QUERY OK source="erp_statement_lines" db=0.0ms
INSERT INTO "erp_statement_lines" ("id","status","date","metadata","currency","ref","amount","org_id","statement_id","created_at","updated_at") VALUES ($1,$2,$3,$4,$5,$6,$7,$8,$9,$10,$11) ["f84fa337-d7d0-4d81-9b48-49f4ed91fbad", "unmatched", "2026-02-28", %{}, "EUR", "TEST-20", Decimal.new("1200"), "bc60d71d-a5fd-4386-a5b8-e5164fdb91a0", "02b80593-3a17-4d4d-b240-d3342d88b97e", ~U[2026-03-20 23:09:55.012494Z], ~U[2026-03-20 23:09:55.012494Z]]
23:09:55.012 [debug] QUERY OK source="erp_statement_lines" db=0.0ms
INSERT INTO "erp_statement_lines" ("id","status","date","metadata","currency","ref","amount","org_id","statement_id","created_at","updated_at") VALUES ($1,$2,$3,$4,$5,$6,$7,$8,$9,$10,$11) ["4dbc9d34-47ed-4c39-b89b-970f0e97d4ee", "unmatched", "2026-03-01", %{}, "EUR", "TEST-19", Decimal.new("1190"), "bc60d71d-a5fd-4386-a5b8-e5164fdb91a0", "02b80593-3a17-4d4d-b240-d3342d88b97e", ~U[2026-03-20 23:09:55.012651Z], ~U[2026-03-20 23:09:55.012651Z]]
23:09:55.012 [debug] QUERY OK source="erp_statement_lines" db=0.0ms
INSERT INTO "erp_statement_lines" ("id","status","date","metadata","currency","ref","amount","org_id","statement_id","created_at","updated_at") VALUES ($1,$2,$3,$4,$5,$6,$7,$8,$9,$10,$11) ["9e1d2060-57dd-4aef-8e6e-08dcdecf908a", "unmatched", "2026-03-02", %{}, "EUR", "TEST-18", Decimal.new("1180"), "bc60d71d-a5fd-4386-a5b8-e5164fdb91a0", "02b80593-3a17-4d4d-b240-d3342d88b97e", ~U[2026-03-20 23:09:55.012827Z], ~U[2026-03-20 23:09:55.012827Z]]
23:09:55.013 [debug] QUERY OK source="erp_statement_lines" db=0.0ms
INSERT INTO "erp_statement_lines" ("id","status","date","metadata","currency","ref","amount","org_id","statement_id","created_at","updated_at") VALUES ($1,$2,$3,$4,$5,$6,$7,$8,$9,$10,$11) ["fab4f8da-930f-432c-a00e-cd785654dff8", "unmatched", "2026-03-03", %{}, "EUR", "TEST-17", Decimal.new("1170"), "bc60d71d-a5fd-4386-a5b8-e5164fdb91a0", "02b80593-3a17-4d4d-b240-d3342d88b97e", ~U[2026-03-20 23:09:55.012984Z], ~U[2026-03-20 23:09:55.012984Z]]
23:09:55.013 [debug] QUERY OK source="erp_statement_lines" db=0.0ms
INSERT INTO "erp_statement_lines" ("id","status","date","metadata","currency","ref","amount","org_id","statement_id","created_at","updated_at") VALUES ($1,$2,$3,$4,$5,$6,$7,$8,$9,$10,$11) ["f4520f59-af2a-4b58-898c-3531585ca5ca", "unmatched", "2026-03-04", %{}, "EUR", "TEST-16", Decimal.new("1160"), "bc60d71d-a5fd-4386-a5b8-e5164fdb91a0", "02b80593-3a17-4d4d-b240-d3342d88b97e", ~U[2026-03-20 23:09:55.013138Z], ~U[2026-03-20 23:09:55.013138Z]]
23:09:55.013 [debug] QUERY OK source="erp_statement_lines" db=0.0ms
INSERT INTO "erp_statement_lines" ("id","status","date","metadata","currency","ref","amount","org_id","statement_id","created_at","updated_at") VALUES ($1,$2,$3,$4,$5,$6,$7,$8,$9,$10,$11) ["80597c6e-151d-4a1b-8259-d59a290aa1ec", "unmatched", "2026-03-05", %{}, "EUR", "TEST-15", Decimal.new("1150"), "bc60d71d-a5fd-4386-a5b8-e5164fdb91a0", "02b80593-3a17-4d4d-b240-d3342d88b97e", ~U[2026-03-20 23:09:55.013302Z], ~U[2026-03-20 23:09:55.013302Z]]
23:09:55.013 [debug] QUERY OK source="erp_statement_lines" db=0.0ms
INSERT INTO "erp_statement_lines" ("id","status","date","metadata","currency","ref","amount","org_id","statement_id","created_at","updated_at") VALUES ($1,$2,$3,$4,$5,$6,$7,$8,$9,$10,$11) ["a6a2c061-2ed2-45f2-bb17-b2a6b8884bec", "unmatched", "2026-03-06", %{}, "EUR", "TEST-14", Decimal.new("1140"), "bc60d71d-a5fd-4386-a5b8-e5164fdb91a0", "02b80593-3a17-4d4d-b240-d3342d88b97e", ~U[2026-03-20 23:09:55.013484Z], ~U[2026-03-20 23:09:55.013484Z]]
23:09:55.013 [debug] QUERY OK source="erp_statement_lines" db=0.0ms
INSERT INTO "erp_statement_lines" ("id","status","date","metadata","currency","ref","amount","org_id","statement_id","created_at","updated_at") VALUES ($1,$2,$3,$4,$5,$6,$7,$8,$9,$10,$11) ["8945ad7d-6d5c-40ba-abcf-f5583e751431", "unmatched", "2026-03-07", %{}, "EUR", "TEST-13", Decimal.new("1130"), "bc60d71d-a5fd-4386-a5b8-e5164fdb91a0", "02b80593-3a17-4d4d-b240-d3342d88b97e", ~U[2026-03-20 23:09:55.013658Z], ~U[2026-03-20 23:09:55.013658Z]]
23:09:55.014 [debug] QUERY OK source="erp_statement_lines" db=0.1ms
INSERT INTO "erp_statement_lines" ("id","status","date","metadata","currency","ref","amount","org_id","statement_id","created_at","updated_at") VALUES ($1,$2,$3,$4,$5,$6,$7,$8,$9,$10,$11) ["004ca4d4-2c62-4fd8-8f4a-198f4ae3d8f3", "unmatched", "2026-03-08", %{}, "EUR", "TEST-12", Decimal.new("1120"), "bc60d71d-a5fd-4386-a5b8-e5164fdb91a0", "02b80593-3a17-4d4d-b240-d3342d88b97e", ~U[2026-03-20 23:09:55.013829Z], ~U[2026-03-20 23:09:55.013829Z]]
23:09:55.014 [debug] QUERY OK source="erp_statement_lines" db=0.0ms
INSERT INTO "erp_statement_lines" ("id","status","date","metadata","currency","ref","amount","org_id","statement_id","created_at","updated_at") VALUES ($1,$2,$3,$4,$5,$6,$7,$8,$9,$10,$11) ["5388e5b9-3f33-407c-aa01-73a97cc7e760", "unmatched", "2026-03-09", %{}, "EUR", "TEST-11", Decimal.new("1110"), "bc60d71d-a5fd-4386-a5b8-e5164fdb91a0", "02b80593-3a17-4d4d-b240-d3342d88b97e", ~U[2026-03-20 23:09:55.014021Z], ~U[2026-03-20 23:09:55.014021Z]]
23:09:55.014 [debug] QUERY OK source="erp_statement_lines" db=0.1ms
INSERT INTO "erp_statement_lines" ("id","status","date","metadata","currency","ref","amount","org_id","statement_id","created_at","updated_at") VALUES ($1,$2,$3,$4,$5,$6,$7,$8,$9,$10,$11) ["55313e90-730b-4cf2-bf51-98788f9f5d15", "unmatched", "2026-03-10", %{}, "EUR", "TEST-10", Decimal.new("1100"), "bc60d71d-a5fd-4386-a5b8-e5164fdb91a0", "02b80593-3a17-4d4d-b240-d3342d88b97e", ~U[2026-03-20 23:09:55.014191Z], ~U[2026-03-20 23:09:55.014191Z]]
23:09:55.014 [debug] QUERY OK source="erp_statement_lines" db=0.0ms
INSERT INTO "erp_statement_lines" ("id","status","date","metadata","currency","ref","amount","org_id","statement_id","created_at","updated_at") VALUES ($1,$2,$3,$4,$5,$6,$7,$8,$9,$10,$11) ["837bf8d2-a56e-43a6-914e-90ea12699ecc", "unmatched", "2026-03-11", %{}, "EUR", "TEST-9", Decimal.new("1090"), "bc60d71d-a5fd-4386-a5b8-e5164fdb91a0", "02b80593-3a17-4d4d-b240-d3342d88b97e", ~U[2026-03-20 23:09:55.014441Z], ~U[2026-03-20 23:09:55.014441Z]]
23:09:55.014 [debug] QUERY OK source="erp_statement_lines" db=0.0ms
INSERT INTO "erp_statement_lines" ("id","status","date","metadata","currency","ref","amount","org_id","statement_id","created_at","updated_at") VALUES ($1,$2,$3,$4,$5,$6,$7,$8,$9,$10,$11) ["9f256847-fe0b-436b-90b5-b26fd1f4f996", "unmatched", "2026-03-12", %{}, "EUR", "TEST-8", Decimal.new("1080"), "bc60d71d-a5fd-4386-a5b8-e5164fdb91a0", "02b80593-3a17-4d4d-b240-d3342d88b97e", ~U[2026-03-20 23:09:55.014621Z], ~U[2026-03-20 23:09:55.014621Z]]
23:09:55.014 [debug] QUERY OK source="erp_statement_lines" db=0.0ms
INSERT INTO "erp_statement_lines" ("id","status","date","metadata","currency","ref","amount","org_id","statement_id","created_at","updated_at") VALUES ($1,$2,$3,$4,$5,$6,$7,$8,$9,$10,$11) ["b4435f30-31c8-4adc-b05c-48434fc334b3", "unmatched", "2026-03-13", %{}, "EUR", "TEST-7", Decimal.new("1070"), "bc60d71d-a5fd-4386-a5b8-e5164fdb91a0", "02b80593-3a17-4d4d-b240-d3342d88b97e", ~U[2026-03-20 23:09:55.014787Z], ~U[2026-03-20 23:09:55.014787Z]]
23:09:55.015 [debug] QUERY OK source="erp_statement_lines" db=0.4ms
INSERT INTO "erp_statement_lines" ("id","status","date","metadata","currency","ref","amount","org_id","statement_id","created_at","updated_at") VALUES ($1,$2,$3,$4,$5,$6,$7,$8,$9,$10,$11) ["03ae4aeb-6c17-4063-a01b-5be33c02073d", "unmatched", "2026-03-14", %{}, "EUR", "TEST-6", Decimal.new("1060"), "bc60d71d-a5fd-4386-a5b8-e5164fdb91a0", "02b80593-3a17-4d4d-b240-d3342d88b97e", ~U[2026-03-20 23:09:55.014935Z], ~U[2026-03-20 23:09:55.014935Z]]
23:09:55.015 [debug] QUERY OK source="erp_statement_lines" db=0.0ms
INSERT INTO "erp_statement_lines" ("id","status","date","metadata","currency","ref","amount","org_id","statement_id","created_at","updated_at") VALUES ($1,$2,$3,$4,$5,$6,$7,$8,$9,$10,$11) ["e980ab3c-ad3d-479b-99b4-2e5e3c83cc60", "unmatched", "2026-03-15", %{}, "EUR", "TEST-5", Decimal.new("1050"), "bc60d71d-a5fd-4386-a5b8-e5164fdb91a0", "02b80593-3a17-4d4d-b240-d3342d88b97e", ~U[2026-03-20 23:09:55.015505Z], ~U[2026-03-20 23:09:55.015505Z]]
23:09:55.015 [debug] QUERY OK source="erp_statement_lines" db=0.0ms
INSERT INTO "erp_statement_lines" ("id","status","date","metadata","currency","ref","amount","org_id","statement_id","created_at","updated_at") VALUES ($1,$2,$3,$4,$5,$6,$7,$8,$9,$10,$11) ["d1b43659-9dac-4862-abce-9dad9e746c84", "unmatched", "2026-03-16", %{}, "EUR", "TEST-4", Decimal.new("1040"), "bc60d71d-a5fd-4386-a5b8-e5164fdb91a0", "02b80593-3a17-4d4d-b240-d3342d88b97e", ~U[2026-03-20 23:09:55.015657Z], ~U[2026-03-20 23:09:55.015657Z]]
23:09:55.015 [debug] QUERY OK source="erp_statement_lines" db=0.0ms
INSERT INTO "erp_statement_lines" ("id","status","date","metadata","currency","ref","amount","org_id","statement_id","created_at","updated_at") VALUES ($1,$2,$3,$4,$5,$6,$7,$8,$9,$10,$11) ["486ec3dd-dbf5-4d83-80b3-53f367e328b3", "unmatched", "2026-03-17", %{}, "EUR", "TEST-3", Decimal.new("1030"), "bc60d71d-a5fd-4386-a5b8-e5164fdb91a0", "02b80593-3a17-4d4d-b240-d3342d88b97e", ~U[2026-03-20 23:09:55.015823Z], ~U[2026-03-20 23:09:55.015823Z]]
23:09:55.016 [debug] QUERY OK source="erp_statement_lines" db=0.1ms
INSERT INTO "erp_statement_lines" ("id","status","date","metadata","currency","ref","amount","org_id","statement_id","created_at","updated_at") VALUES ($1,$2,$3,$4,$5,$6,$7,$8,$9,$10,$11) ["aee3f295-e8fe-412b-97c8-2b155474bbdc", "unmatched", "2026-03-18", %{}, "EUR", "TEST-2", Decimal.new("1020"), "bc60d71d-a5fd-4386-a5b8-e5164fdb91a0", "02b80593-3a17-4d4d-b240-d3342d88b97e", ~U[2026-03-20 23:09:55.015990Z], ~U[2026-03-20 23:09:55.015990Z]]
23:09:55.016 [debug] QUERY OK source="erp_statement_lines" db=0.1ms
INSERT INTO "erp_statement_lines" ("id","status","date","metadata","currency","ref","amount","org_id","statement_id","created_at","updated_at") VALUES ($1,$2,$3,$4,$5,$6,$7,$8,$9,$10,$11) ["49c90d47-39d8-462b-be93-5f33329b1c68", "unmatched", "2026-03-19", %{}, "EUR", "TEST-1", Decimal.new("1010"), "bc60d71d-a5fd-4386-a5b8-e5164fdb91a0", "02b80593-3a17-4d4d-b240-d3342d88b97e", ~U[2026-03-20 23:09:55.016165Z], ~U[2026-03-20 23:09:55.016165Z]]
23:09:55.019 [debug] QUERY OK source="erp_statement_lines" db=0.6ms queue=0.5ms
SELECT e0."date", sum(e0."amount") FROM "erp_statement_lines" AS e0 WHERE ((e0."org_id" = $1) AND (e0."currency" = $2)) AND ((e0."date" >= $3) AND (e0."date" <= $4)) GROUP BY e0."date" ORDER BY e0."date" ["bc60d71d-a5fd-4386-a5b8-e5164fdb91a0", "EUR", "2026-01-19", "2026-03-20"]
23:09:55.117 [debug] QUERY OK source="erp_invoices" db=1.5ms queue=0.5ms
SELECT e0."due_date"::date, sum(CAST(e0."amount" AS decimal)) FROM "erp_invoices" AS e0 WHERE ((e0."org_id" = $1) AND (e0."currency" = $2)) AND (e0."status" != 'matched') AND ((e0."due_date"::date > $3) AND (e0."due_date"::date <= $4)) GROUP BY e0."due_date"::date ["bc60d71d-a5fd-4386-a5b8-e5164fdb91a0", "EUR", ~D[2026-03-20], ~D[2026-04-19]]
23:09:55.118 [debug] Locating aggregate process for `Nexus.Treasury.Aggregates.Forecast` with UUID "forecast-bc60d71d-a5fd-4386-a5b8-e5164fdb91a0"
23:09:55.119 [debug] Nexus.Treasury.Aggregates.Forecast<forecast-bc60d71d-a5fd-4386-a5b8-e5164fdb91a0@0> executing command: %Nexus.Treasury.Commands.GenerateForecast{org_id: "bc60d71d-a5fd-4386-a5b8-e5164fdb91a0", currency: "EUR", horizon_days: 30, predictions: [%{date: "2026-03-21", predicted_amount: "990.0"}, %{date: "2026-03-22", predicted_amount: "980.0"}, %{date: "2026-03-23", predicted_amount: "970.0"}, %{date: "2026-03-24", predicted_amount: "960.0"}, %{date: "2026-03-25", predicted_amount: "950.0"}, %{date: "2026-03-26", predicted_amount: "940.0"}, %{date: "2026-03-27", predicted_amount: "930.0"}, %{date: "2026-03-28", predicted_amount: "920.0"}, %{date: "2026-03-29", predicted_amount: "910.0"}, %{date: "2026-03-30", predicted_amount: "900.0"}, %{date: "2026-03-31", predicted_amount: "890.0"}, %{date: "2026-04-01", predicted_amount: "880.0"}, %{date: "2026-04-02", predicted_amount: "870.0"}, %{date: "2026-04-03", predicted_amount: "860.0"}, %{date: "2026-04-04", predicted_amount: "850.0"}, %{date: "2026-04-05", predicted_amount: "840.0"}, %{date: "2026-04-06", predicted_amount: "830.0"}, %{date: "2026-04-07", predicted_amount: "820.0"}, %{date: "2026-04-08", predicted_amount: "810.0"}, %{date: "2026-04-09", predicted_amount: "800.0"}, %{date: "2026-04-10", predicted_amount: "790.0"}, %{date: "2026-04-11", predicted_amount: "780.0"}, %{date: "2026-04-12", predicted_amount: "770.0"}, %{date: "2026-04-13", predicted_amount: "760.0"}, %{date: "2026-04-14", predicted_amount: "750.0"}, %{date: "2026-04-15", predicted_amount: "740.0"}, %{date: "2026-04-16", predicted_amount: "730.0"}, %{date: "2026-04-17", predicted_amount: "720.0"}, %{date: "2026-04-18", predicted_amount: "710.0"}, %{date: "2026-04-19", predicted_amount: "700.0"}], generated_at: ~U[2026-03-20 23:09:55.117995Z]}
23:09:55.123 [debug] Appended 1 event(s) to stream "forecast-bc60d71d-a5fd-4386-a5b8-e5164fdb91a0"
23:09:55.123 [debug] Listener received notification on channel "event_store.events" with payload: "forecast-bc60d71d-a5fd-4386-a5b8-e5164fdb91a0,8568,1,1"
23:09:55.123 [debug] Listener received notification on channel "event_store.events" with payload: "$all,0,12129,12129"
23:09:55.124 [debug] Nexus.Treasury.Aggregates.Forecast<forecast-bc60d71d-a5fd-4386-a5b8-e5164fdb91a0@1> received events: [%Commanded.EventStore.RecordedEvent{event_id: "2959b842-649e-4dc4-be02-573a9e5a9b33", event_number: 1, stream_id: "forecast-bc60d71d-a5fd-4386-a5b8-e5164fdb91a0", stream_version: 1, causation_id: "6a9f92c4-af75-4ecd-aca5-5928382a4f26", correlation_id: "817c4cb2-59e6-484c-aba3-dcd8143f1ec5", event_type: "Elixir.Nexus.Treasury.Events.ForecastGenerated", data: %Nexus.Treasury.Events.ForecastGenerated{org_id: "bc60d71d-a5fd-4386-a5b8-e5164fdb91a0", currency: "EUR", horizon_days: 30, predictions: [%{date: "2026-03-21", predicted_amount: "990.0"}, %{date: "2026-03-22", predicted_amount: "980.0"}, %{date: "2026-03-23", predicted_amount: "970.0"}, %{date: "2026-03-24", predicted_amount: "960.0"}, %{date: "2026-03-25", predicted_amount: "950.0"}, %{date: "2026-03-26", predicted_amount: "940.0"}, %{date: "2026-03-27", predicted_amount: "930.0"}, %{date: "2026-03-28", predicted_amount: "920.0"}, %{date: "2026-03-29", predicted_amount: "910.0"}, %{date: "2026-03-30", predicted_amount: "900.0"}, %{date: "2026-03-31", predicted_amount: "890.0"}, %{date: "2026-04-01", predicted_amount: "880.0"}, %{date: "2026-04-02", predicted_amount: "870.0"}, %{date: "2026-04-03", predicted_amount: "860.0"}, %{date: "2026-04-04", predicted_amount: "850.0"}, %{date: "2026-04-05", predicted_amount: "840.0"}, %{date: "2026-04-06", predicted_amount: "830.0"}, %{date: "2026-04-07", predicted_amount: "820.0"}, %{date: "2026-04-08", predicted_amount: "810.0"}, %{date: "2026-04-09", predicted_amount: "800.0"}, %{date: "2026-04-10", predicted_amount: "790.0"}, %{date: "2026-04-11", predicted_amount: "780.0"}, %{date: "2026-04-12", predicted_amount: "770.0"}, %{date: "2026-04-13", predicted_amount: "760.0"}, %{date: "2026-04-14", predicted_amount: "750.0"}, %{date: "2026-04-15", predicted_amount: "740.0"}, %{date: "2026-04-16", predicted_amount: "730.0"}, %{date: "2026-04-17", predicted_amount: "720.0"}, %{date: "2026-04-18", predicted_amount: "710.0"}, ...], ...}, ...}]
23:09:55.140 [debug] QUERY OK db=13.9ms
begin []
23:09:55.142 [debug] QUERY OK source="projection_versions" db=0.8ms
INSERT INTO "projection_versions" AS p0 ("projection_name","last_seen_event_number","inserted_at","updated_at") VALUES ($1,$2,$3,$4) ON CONFLICT ("projection_name") DO UPDATE SET "last_seen_event_number" = $5 WHERE ((p0."projection_name" = $6) AND (p0."last_seen_event_number" < $7)) ["Treasury.ForecastProjector", 1, ~N[2026-03-20 23:09:55.140820], ~N[2026-03-20 23:09:55.140820], 1, "Treasury.ForecastProjector", 1]
23:09:55.142 [debug] QUERY OK source="treasury_forecast_snapshots" db=0.3ms
INSERT INTO "treasury_forecast_snapshots" ("id","currency","org_id","horizon_days","generated_at","data_points","created_at") VALUES ($1,$2,$3,$4,$5,$6,$7) ["019d0d83-3236-7311-8e54-6d991cda201e", "EUR", "bc60d71d-a5fd-4386-a5b8-e5164fdb91a0", 30, ~N[2026-03-20 23:09:55.117995], [%{date: "2026-03-21", predicted_amount: "990.0"}, %{date: "2026-03-22", predicted_amount: "980.0"}, %{date: "2026-03-23", predicted_amount: "970.0"}, %{date: "2026-03-24", predicted_amount: "960.0"}, %{date: "2026-03-25", predicted_amount: "950.0"}, %{date: "2026-03-26", predicted_amount: "940.0"}, %{date: "2026-03-27", predicted_amount: "930.0"}, %{date: "2026-03-28", predicted_amount: "920.0"}, %{date: "2026-03-29", predicted_amount: "910.0"}, %{date: "2026-03-30", predicted_amount: "900.0"}, %{date: "2026-03-31", predicted_amount: "890.0"}, %{date: "2026-04-01", predicted_amount: "880.0"}, %{date: "2026-04-02", predicted_amount: "870.0"}, %{date: "2026-04-03", predicted_amount: "860.0"}, %{date: "2026-04-04", predicted_amount: "850.0"}, %{date: "2026-04-05", predicted_amount: "840.0"}, %{date: "2026-04-06", predicted_amount: "830.0"}, %{date: "2026-04-07", predicted_amount: "820.0"}, %{date: "2026-04-08", predicted_amount: "810.0"}, %{date: "2026-04-09", predicted_amount: "800.0"}, %{date: "2026-04-10", predicted_amount: "790.0"}, %{date: "2026-04-11", predicted_amount: "780.0"}, %{date: "2026-04-12", predicted_amount: "770.0"}, %{date: "2026-04-13", predicted_amount: "760.0"}, %{date: "2026-04-14", predicted_amount: "750.0"}, %{date: "2026-04-15", predicted_amount: "740.0"}, %{date: "2026-04-16", predicted_amount: "730.0"}, %{date: "2026-04-17", predicted_amount: "720.0"}, %{date: "2026-04-18", predicted_amount: "710.0"}, %{date: "2026-04-19", predicted_amount: "700.0"}], ~U[2026-03-20 23:09:55.142183Z]]
23:09:55.143 [debug] QUERY OK db=0.2ms
commit []
23:09:55.143 [debug] QUERY OK source="treasury_forecast_snapshots" db=0.4ms queue=0.2ms
SELECT t0."id", t0."org_id", t0."currency", t0."horizon_days", t0."data_points", t0."generated_at", t0."created_at" FROM "treasury_forecast_snapshots" AS t0 []
.23:09:55.144 [info] 		[36mGiven [32mthe Identity Challenge Store is "Running"
23:09:55.144 [info] 		[36mGiven [32ma secure session "session_99" has been established
23:09:55.144 [debug] [Identity] Challenge stored for session session_99 (expires at 2026-03-20 23:19:55.144452Z)
23:09:55.144 [info] 		[36mWhen [32mthe system generates a challenge "hex_8822_9911" for "session_99"
.23:09:55.144 [info] 		[36mThen [32mthe challenge should be stored in the in-memory "ETS" cache
23:09:55.144 [info] 		[36mThen [32mit should be available for retrieval for "60" seconds
23:09:55.158 [info] 		[36mGiven [32mthe Identity Challenge Store is "Running"
23:09:55.158 [info] 		[36mGiven [32ma secure session "session_99" has been established
23:09:55.158 [debug] [Identity] Challenge stored for session session_99 (expires at 2026-03-20 23:19:55.158600Z)
23:09:55.158 [info] 		[36mGiven [32ma stored challenge "hex_8822_9911" exists for "session_99"
23:09:55.158 [debug] [Identity] Challenge popped successfully for session_99
23:09:55.158 [info] 		[36mWhen [32mthe user retrieves the challenge for verification
23:09:55.158 [info] 		[36mThen [32mthe system should return "hex_8822_9911"
23:09:55.158 [info] 		[36mThen [32mthe challenge should be "immediately deleted" from the cache
23:09:55.158 [error] [Identity] Challenge not found for session session_99
23:09:55.158 [info] 		[36mThen [32ma second attempt to retrieve the challenge should return "not_found"
.23:09:55.159 [info] 		[36mGiven [32mthe Identity Challenge Store is "Running"
23:09:55.159 [info] 		[36mGiven [32ma secure session "session_99" has been established
23:09:55.159 [debug] [Identity] Challenge stored for session session_99 (expires at 2026-03-20 23:19:55.159041Z)
23:09:55.159 [info] 		[36mGiven [32ma stored challenge "expired_token" exists for "session_99"
23:09:55.159 [info] 		[36mGiven [32m"61" seconds have passed
23:09:55.159 [warning] [Identity] Challenge expired for session_99 (expired at 2026-03-20 23:09:54.159072Z, now is 2026-03-20 23:09:55.159094Z)
23:09:55.159 [info] 		[36mWhen [32mthe user attempts to retrieve the challenge
23:09:55.159 [info] 		[36mThen [32mthe system should return an "expired" error
.23:09:55.175 [debug] QUERY OK source="erp_statement_lines" db=16.0ms
DELETE FROM "erp_statement_lines" AS e0 []
23:09:55.176 [debug] QUERY OK source="erp_statements" db=0.9ms queue=0.1ms
DELETE FROM "erp_statements" AS e0 []
23:09:55.177 [debug] QUERY OK db=0.3ms queue=0.1ms
DELETE FROM projection_versions []
23:09:55.177 [debug] Locating aggregate process for `Nexus.ERP.Aggregates.Statement` with UUID "23012462-b745-41a8-9d61-021ac187c04c"
23:09:55.179 [debug] Nexus.ERP.Aggregates.Statement<23012462-b745-41a8-9d61-021ac187c04c@0> executing command: %Nexus.ERP.Commands.UploadStatement{statement_id: "23012462-b745-41a8-9d61-021ac187c04c", org_id: "306e01bf-f7de-4d2f-84a8-beafd9d48b0d", filename: "bank_statement.csv", format: "csv", raw_content: "date,ref,amount,currency,narrative\n2024-01-01,REF001,100.00,EUR,Test narrative", uploaded_at: ~U[2026-03-20 23:09:55.177245Z]}
23:09:55.184 [debug] Appended 1 event(s) to stream "23012462-b745-41a8-9d61-021ac187c04c"
23:09:55.184 [debug] Listener received notification on channel "event_store.events" with payload: "23012462-b745-41a8-9d61-021ac187c04c,8569,1,1"
23:09:55.184 [debug] Listener received notification on channel "event_store.events" with payload: "$all,0,12130,12130"
23:09:55.185 [debug] Nexus.ERP.Aggregates.Statement<23012462-b745-41a8-9d61-021ac187c04c@1> received events: [%Commanded.EventStore.RecordedEvent{event_id: "2165abc1-5a62-4c1b-8274-c1e3f50d85b2", event_number: 1, stream_id: "23012462-b745-41a8-9d61-021ac187c04c", stream_version: 1, causation_id: "6f1c6457-35c2-4169-bcd1-209cacc6c70b", correlation_id: "1ed109fb-8425-4030-a28b-3783c06d243f", event_type: "Elixir.Nexus.ERP.Events.StatementUploaded", data: %Nexus.ERP.Events.StatementUploaded{statement_id: "23012462-b745-41a8-9d61-021ac187c04c", org_id: "306e01bf-f7de-4d2f-84a8-beafd9d48b0d", filename: "bank_statement.csv", format: "csv", lines: [%{id: "019d0d83-326b-73a6-a315-47c9dec99e48", status: "unmatched", date: "2024-01-01", metadata: %{}, currency: "EUR", ref: "REF001", amount: "100.00", narrative: "Test narrative"}], uploaded_at: "2026-03-20T23:09:55.177245Z", content_hash: "2A6D7CDCA877B8631942E2171A0BB33BDDCE9ECA36C103C671439B8CCB0A6438"}, created_at: ~U[2026-03-20 23:09:55.179890Z], metadata: %{"causation_id" => "019d0d83-3269-7572-8168-39b09c38ed55", "correlation_id" => "019d0d83-3269-7572-8168-39b09c38ed55"}}]
23:09:55.200 [debug] QUERY OK db=0.8ms queue=14.8ms
DELETE FROM projection_versions []
23:09:55.204 [debug] QUERY OK source="erp_statements" db=0.5ms queue=0.6ms
SELECT count(e0."id") FROM "erp_statements" AS e0 WHERE ((e0."org_id" = $1) AND (e0."filename" = $2)) ["306e01bf-f7de-4d2f-84a8-beafd9d48b0d", "bank_statement.csv"]
23:09:55.205 [debug] QUERY OK db=0.1ms
begin []
23:09:55.205 [debug] QUERY OK source="projection_versions" db=0.2ms
INSERT INTO "projection_versions" AS p0 ("projection_name","last_seen_event_number","inserted_at","updated_at") VALUES ($1,$2,$3,$4) ON CONFLICT ("projection_name") DO UPDATE SET "last_seen_event_number" = $5 WHERE ((p0."projection_name" = $6) AND (p0."last_seen_event_number" < $7)) ["ERP.StatementProjector", 1, ~N[2026-03-20 23:09:55.205252], ~N[2026-03-20 23:09:55.205252], 1, "ERP.StatementProjector", 1]
23:09:55.206 [debug] QUERY OK source="erp_statements" db=0.1ms
INSERT INTO "erp_statements" ("id","status","filename","format","org_id","uploaded_at","content_hash","line_count","matched_count","overlap_warning","created_at","updated_at") VALUES ($1,$2,$3,$4,$5,$6,$7,$8,$9,$10,$11,$12) ON CONFLICT ("id") DO NOTHING ["23012462-b745-41a8-9d61-021ac187c04c", "uploaded", "bank_statement.csv", "csv", "306e01bf-f7de-4d2f-84a8-beafd9d48b0d", ~U[2026-03-20 23:09:55.177245Z], "2A6D7CDCA877B8631942E2171A0BB33BDDCE9ECA36C103C671439B8CCB0A6438", 1, 0, false, ~U[2026-03-20 23:09:55.205753Z], ~U[2026-03-20 23:09:55.205753Z]]
23:09:55.206 [debug] QUERY OK source="erp_statement_lines" db=0.3ms
INSERT INTO "erp_statement_lines" ("id","status","date","metadata","currency","ref","amount","org_id","statement_id","narrative","created_at","updated_at") VALUES ($1,$2,$3,$4,$5,$6,$7,$8,$9,$10,$11,$12) ON CONFLICT ("id") DO NOTHING ["019d0d83-326b-73a6-a315-47c9dec99e48", "unmatched", "2024-01-01", %{}, "EUR", "REF001", Decimal.new("100.00"), "306e01bf-f7de-4d2f-84a8-beafd9d48b0d", "23012462-b745-41a8-9d61-021ac187c04c", "Test narrative", ~U[2026-03-20 23:09:55.206160Z], ~U[2026-03-20 23:09:55.206160Z]]
23:09:55.207 [debug] QUERY OK db=0.2ms
commit []
23:09:55.208 [debug] QUERY OK source="erp_statements" db=0.7ms queue=0.4ms
SELECT e0."id", e0."org_id", e0."filename", e0."format", e0."status", e0."line_count", e0."matched_count", e0."overlap_warning", e0."content_hash", e0."uploaded_at", e0."error_message", e0."created_at", e0."updated_at" FROM "erp_statements" AS e0 WHERE (e0."id" = $1) ["23012462-b745-41a8-9d61-021ac187c04c"]
23:09:55.208 [debug] Locating aggregate process for `Nexus.ERP.Aggregates.Statement` with UUID "2628b724-26f6-466c-a64c-4c5491eee1fb"
23:09:55.208 [debug] Nexus.ERP.Aggregates.Statement<2628b724-26f6-466c-a64c-4c5491eee1fb@0> executing command: %Nexus.ERP.Commands.UploadStatement{statement_id: "2628b724-26f6-466c-a64c-4c5491eee1fb", org_id: "306e01bf-f7de-4d2f-84a8-beafd9d48b0d", filename: "bank_statement.csv", format: "csv", raw_content: "date,ref,amount,currency,narrative\n2024-01-01,REF001,100.00,EUR,Test narrative\n2024-01-02,REF002,200.00,EUR,New line", uploaded_at: ~U[2026-03-20 23:09:55.177245Z]}
23:09:55.212 [debug] Listener received notification on channel "event_store.events" with payload: "2628b724-26f6-466c-a64c-4c5491eee1fb,8570,1,1"
23:09:55.212 [debug] Appended 1 event(s) to stream "2628b724-26f6-466c-a64c-4c5491eee1fb"
23:09:55.212 [debug] Listener received notification on channel "event_store.events" with payload: "$all,0,12131,12131"
23:09:55.213 [debug] Nexus.ERP.Aggregates.Statement<2628b724-26f6-466c-a64c-4c5491eee1fb@1> received events: [%Commanded.EventStore.RecordedEvent{event_id: "9f999d85-d170-42bf-92ab-7170153ca85b", event_number: 1, stream_id: "2628b724-26f6-466c-a64c-4c5491eee1fb", stream_version: 1, causation_id: "759dba83-fd57-4c41-857b-ab4559c55ca5", correlation_id: "3906cf26-9d48-4489-8c71-3b314b2994f4", event_type: "Elixir.Nexus.ERP.Events.StatementUploaded", data: %Nexus.ERP.Events.StatementUploaded{statement_id: "2628b724-26f6-466c-a64c-4c5491eee1fb", org_id: "306e01bf-f7de-4d2f-84a8-beafd9d48b0d", filename: "bank_statement.csv", format: "csv", lines: [%{id: "019d0d83-3289-7705-ad04-57da8a91d037", status: "unmatched", date: "2024-01-01", metadata: %{}, currency: "EUR", ref: "REF001", amount: "100.00", narrative: "Test narrative"}, %{id: "019d0d83-3289-7344-8dc2-bc4b5f672de3", status: "unmatched", date: "2024-01-02", metadata: %{}, currency: "EUR", ref: "REF002", amount: "200.00", narrative: "New line"}], uploaded_at: "2026-03-20T23:09:55.177245Z", content_hash: "E696981C3C0A3E5AB706EB69FD368BF3B1E23A8CED4952C2D95B5DE0A480453E"}, created_at: ~U[2026-03-20 23:09:55.209366Z], metadata: %{"causation_id" => "019d0d83-3288-766d-8ec4-c04d28bedc26", "correlation_id" => "019d0d83-3288-766d-8ec4-c04d28bedc26"}}]
23:09:55.229 [debug] QUERY OK db=1.0ms queue=14.4ms
DELETE FROM projection_versions []
23:09:55.230 [debug] QUERY OK source="erp_statements" db=0.9ms
SELECT count(e0."id") FROM "erp_statements" AS e0 WHERE ((e0."org_id" = $1) AND (e0."filename" = $2)) ["306e01bf-f7de-4d2f-84a8-beafd9d48b0d", "bank_statement.csv"]
23:09:55.230 [debug] QUERY OK db=0.0ms
begin []
23:09:55.230 [debug] QUERY OK source="projection_versions" db=0.2ms
INSERT INTO "projection_versions" AS p0 ("projection_name","last_seen_event_number","inserted_at","updated_at") VALUES ($1,$2,$3,$4) ON CONFLICT ("projection_name") DO UPDATE SET "last_seen_event_number" = $5 WHERE ((p0."projection_name" = $6) AND (p0."last_seen_event_number" < $7)) ["ERP.StatementProjector", 1, ~N[2026-03-20 23:09:55.230525], ~N[2026-03-20 23:09:55.230525], 1, "ERP.StatementProjector", 1]
23:09:55.231 [debug] QUERY OK source="erp_statements" db=0.1ms
INSERT INTO "erp_statements" ("id","status","filename","format","org_id","uploaded_at","content_hash","line_count","matched_count","overlap_warning","created_at","updated_at") VALUES ($1,$2,$3,$4,$5,$6,$7,$8,$9,$10,$11,$12) ON CONFLICT ("id") DO NOTHING ["2628b724-26f6-466c-a64c-4c5491eee1fb", "uploaded", "bank_statement.csv", "csv", "306e01bf-f7de-4d2f-84a8-beafd9d48b0d", ~U[2026-03-20 23:09:55.177245Z], "E696981C3C0A3E5AB706EB69FD368BF3B1E23A8CED4952C2D95B5DE0A480453E", 2, 0, true, ~U[2026-03-20 23:09:55.230991Z], ~U[2026-03-20 23:09:55.230991Z]]
23:09:55.231 [debug] QUERY OK source="erp_statement_lines" db=0.3ms
INSERT INTO "erp_statement_lines" ("id","status","date","metadata","currency","ref","amount","org_id","statement_id","narrative","created_at","updated_at") VALUES ($1,$2,$3,$4,$5,$6,$7,$8,$9,$10,$11,$12) ON CONFLICT ("id") DO NOTHING ["019d0d83-3289-7705-ad04-57da8a91d037", "unmatched", "2024-01-01", %{}, "EUR", "REF001", Decimal.new("100.00"), "306e01bf-f7de-4d2f-84a8-beafd9d48b0d", "2628b724-26f6-466c-a64c-4c5491eee1fb", "Test narrative", ~U[2026-03-20 23:09:55.231393Z], ~U[2026-03-20 23:09:55.231393Z]]
23:09:55.232 [debug] QUERY OK source="erp_statement_lines" db=0.1ms
INSERT INTO "erp_statement_lines" ("id","status","date","metadata","currency","ref","amount","org_id","statement_id","narrative","created_at","updated_at") VALUES ($1,$2,$3,$4,$5,$6,$7,$8,$9,$10,$11,$12) ON CONFLICT ("id") DO NOTHING ["019d0d83-3289-7344-8dc2-bc4b5f672de3", "unmatched", "2024-01-02", %{}, "EUR", "REF002", Decimal.new("200.00"), "306e01bf-f7de-4d2f-84a8-beafd9d48b0d", "2628b724-26f6-466c-a64c-4c5491eee1fb", "New line", ~U[2026-03-20 23:09:55.231936Z], ~U[2026-03-20 23:09:55.231936Z]]
23:09:55.232 [debug] QUERY OK db=0.2ms
commit []
23:09:55.233 [debug] QUERY OK source="erp_statements" db=1.2ms
SELECT e0."id", e0."org_id", e0."filename", e0."format", e0."status", e0."line_count", e0."matched_count", e0."overlap_warning", e0."content_hash", e0."uploaded_at", e0."error_message", e0."created_at", e0."updated_at" FROM "erp_statements" AS e0 WHERE (e0."id" = $1) ["2628b724-26f6-466c-a64c-4c5491eee1fb"]
.23:09:55.235 [debug] QUERY OK source="erp_statement_lines" db=1.3ms
DELETE FROM "erp_statement_lines" AS e0 []
23:09:55.236 [debug] QUERY OK source="erp_statements" db=0.7ms
DELETE FROM "erp_statements" AS e0 []
23:09:55.236 [debug] QUERY OK db=0.3ms queue=0.1ms
DELETE FROM projection_versions []
23:09:55.237 [debug] Locating aggregate process for `Nexus.ERP.Aggregates.Statement` with UUID "6a6b949a-0251-49a2-afb7-9a592797dad1"
23:09:55.237 [debug] Nexus.ERP.Aggregates.Statement<6a6b949a-0251-49a2-afb7-9a592797dad1@0> executing command: %Nexus.ERP.Commands.UploadStatement{statement_id: "6a6b949a-0251-49a2-afb7-9a592797dad1", org_id: "b49856d3-24c8-4c09-82dc-38035b65cb30", filename: "recon_test.csv", format: "csv", raw_content: "date,ref,amount,currency,narrative\n2024-01-01,REF001,100.00,EUR,Test narrative", uploaded_at: ~U[2026-03-20 23:09:55.237031Z]}
23:09:55.240 [debug] Appended 1 event(s) to stream "6a6b949a-0251-49a2-afb7-9a592797dad1"
23:09:55.240 [debug] Listener received notification on channel "event_store.events" with payload: "6a6b949a-0251-49a2-afb7-9a592797dad1,8571,1,1"
23:09:55.240 [debug] Listener received notification on channel "event_store.events" with payload: "$all,0,12132,12132"
23:09:55.241 [debug] Nexus.ERP.Aggregates.Statement<6a6b949a-0251-49a2-afb7-9a592797dad1@1> received events: [%Commanded.EventStore.RecordedEvent{event_id: "ce396854-5bfa-4e5f-9279-8721408a241b", event_number: 1, stream_id: "6a6b949a-0251-49a2-afb7-9a592797dad1", stream_version: 1, causation_id: "0d9fbe3c-a047-4695-bb04-d76647b2bb94", correlation_id: "193827dd-cf22-478c-a275-3490d39bcd22", event_type: "Elixir.Nexus.ERP.Events.StatementUploaded", data: %Nexus.ERP.Events.StatementUploaded{statement_id: "6a6b949a-0251-49a2-afb7-9a592797dad1", org_id: "b49856d3-24c8-4c09-82dc-38035b65cb30", filename: "recon_test.csv", format: "csv", lines: [%{id: "019d0d83-32a5-75fc-b375-79fb3cccb408", status: "unmatched", date: "2024-01-01", metadata: %{}, currency: "EUR", ref: "REF001", amount: "100.00", narrative: "Test narrative"}], uploaded_at: "2026-03-20T23:09:55.237031Z", content_hash: "2A6D7CDCA877B8631942E2171A0BB33BDDCE9ECA36C103C671439B8CCB0A6438"}, created_at: ~U[2026-03-20 23:09:55.238065Z], metadata: %{"causation_id" => "019d0d83-32a5-7dec-94c3-6f5465e9935d", "correlation_id" => "019d0d83-32a5-7dec-94c3-6f5465e9935d"}}]
23:09:55.241 [debug] QUERY OK db=0.2ms queue=0.1ms
DELETE FROM projection_versions []
23:09:55.242 [debug] QUERY OK source="erp_statements" db=0.7ms
SELECT count(e0."id") FROM "erp_statements" AS e0 WHERE ((e0."org_id" = $1) AND (e0."filename" = $2)) ["b49856d3-24c8-4c09-82dc-38035b65cb30", "recon_test.csv"]
23:09:55.242 [debug] QUERY OK db=0.1ms
begin []
23:09:55.243 [debug] QUERY OK source="projection_versions" db=0.2ms
INSERT INTO "projection_versions" AS p0 ("projection_name","last_seen_event_number","inserted_at","updated_at") VALUES ($1,$2,$3,$4) ON CONFLICT ("projection_name") DO UPDATE SET "last_seen_event_number" = $5 WHERE ((p0."projection_name" = $6) AND (p0."last_seen_event_number" < $7)) ["ERP.StatementProjector", 1, ~N[2026-03-20 23:09:55.242816], ~N[2026-03-20 23:09:55.242816], 1, "ERP.StatementProjector", 1]
23:09:55.243 [debug] QUERY OK source="erp_statements" db=0.2ms
INSERT INTO "erp_statements" ("id","status","filename","format","org_id","uploaded_at","content_hash","line_count","matched_count","overlap_warning","created_at","updated_at") VALUES ($1,$2,$3,$4,$5,$6,$7,$8,$9,$10,$11,$12) ON CONFLICT ("id") DO NOTHING ["6a6b949a-0251-49a2-afb7-9a592797dad1", "uploaded", "recon_test.csv", "csv", "b49856d3-24c8-4c09-82dc-38035b65cb30", ~U[2026-03-20 23:09:55.237031Z], "2A6D7CDCA877B8631942E2171A0BB33BDDCE9ECA36C103C671439B8CCB0A6438", 1, 0, false, ~U[2026-03-20 23:09:55.243350Z], ~U[2026-03-20 23:09:55.243350Z]]
23:09:55.244 [debug] QUERY OK source="erp_statement_lines" db=0.4ms
INSERT INTO "erp_statement_lines" ("id","status","date","metadata","currency","ref","amount","org_id","statement_id","narrative","created_at","updated_at") VALUES ($1,$2,$3,$4,$5,$6,$7,$8,$9,$10,$11,$12) ON CONFLICT ("id") DO NOTHING ["019d0d83-32a5-75fc-b375-79fb3cccb408", "unmatched", "2024-01-01", %{}, "EUR", "REF001", Decimal.new("100.00"), "b49856d3-24c8-4c09-82dc-38035b65cb30", "6a6b949a-0251-49a2-afb7-9a592797dad1", "Test narrative", ~U[2026-03-20 23:09:55.243825Z], ~U[2026-03-20 23:09:55.243825Z]]
23:09:55.244 [debug] QUERY OK db=0.2ms
commit []
23:09:55.248 [debug] QUERY OK source="erp_statement_lines" db=0.5ms queue=0.4ms
SELECT e0."id", e0."statement_id", e0."org_id", e0."date", e0."ref", e0."amount", e0."currency", e0."narrative", e0."status", e0."error_message", e0."metadata", e0."created_at", e0."updated_at" FROM "erp_statement_lines" AS e0 WHERE (e0."org_id" = $1) AND (e0."statement_id" = $2) ORDER BY e0."created_at" ["b49856d3-24c8-4c09-82dc-38035b65cb30", "6a6b949a-0251-49a2-afb7-9a592797dad1"]
23:09:55.248 [debug] Locating aggregate process for `Nexus.Treasury.Aggregates.Reconciliation` with UUID "f7f1a84b-7d21-4dee-99a9-4425aba97425"
23:09:55.251 [debug] Nexus.Treasury.Aggregates.Reconciliation<f7f1a84b-7d21-4dee-99a9-4425aba97425@0> executing command: %Nexus.Treasury.Commands.ReconcileTransaction{org_id: "b49856d3-24c8-4c09-82dc-38035b65cb30", reconciliation_id: "f7f1a84b-7d21-4dee-99a9-4425aba97425", invoice_id: "3d3f7a42-f7b7-450d-a676-5b22659655f8", statement_id: "6a6b949a-0251-49a2-afb7-9a592797dad1", statement_line_id: "019d0d83-32a5-75fc-b375-79fb3cccb408", amount: "100.00", variance: nil, variance_reason: nil, actor_email: "test@example.com", currency: "EUR", timestamp: ~U[2026-03-20 23:09:55.248916Z]}
23:09:55.255 [debug] Appended 1 event(s) to stream "f7f1a84b-7d21-4dee-99a9-4425aba97425"
23:09:55.255 [debug] Listener received notification on channel "event_store.events" with payload: "f7f1a84b-7d21-4dee-99a9-4425aba97425,8572,1,1"
23:09:55.255 [debug] Listener received notification on channel "event_store.events" with payload: "$all,0,12133,12133"
23:09:55.256 [debug] Nexus.Treasury.Aggregates.Reconciliation<f7f1a84b-7d21-4dee-99a9-4425aba97425@1> received events: [%Commanded.EventStore.RecordedEvent{event_id: "e20f88c7-d581-4584-917e-2dfebb8caaa1", event_number: 1, stream_id: "f7f1a84b-7d21-4dee-99a9-4425aba97425", stream_version: 1, causation_id: "67d80181-46fd-4cb4-8c3d-89e61afb6571", correlation_id: "3fc19011-bc2c-4fe6-8a79-0c3e714f3770", event_type: "Elixir.Nexus.Treasury.Events.TransactionReconciled", data: %Nexus.Treasury.Events.TransactionReconciled{org_id: "b49856d3-24c8-4c09-82dc-38035b65cb30", reconciliation_id: "f7f1a84b-7d21-4dee-99a9-4425aba97425", invoice_id: "3d3f7a42-f7b7-450d-a676-5b22659655f8", statement_id: "6a6b949a-0251-49a2-afb7-9a592797dad1", statement_line_id: "019d0d83-32a5-75fc-b375-79fb3cccb408", amount: "100.00", variance: nil, variance_reason: nil, actor_email: "test@example.com", currency: "EUR", timestamp: "2026-03-20T23:09:55.248916Z"}, created_at: ~U[2026-03-20 23:09:55.251813Z], metadata: %{"causation_id" => "019d0d83-32b0-7ab0-854e-14937541aa42", "correlation_id" => "019d0d83-32b0-7ab0-854e-14937541aa42"}}]
23:09:55.257 [debug] QUERY OK db=0.8ms queue=0.2ms
DELETE FROM projection_versions []
23:09:55.261 [debug] QUERY OK db=0.1ms
begin []
23:09:55.262 [debug] QUERY OK source="projection_versions" db=0.3ms
INSERT INTO "projection_versions" AS p0 ("projection_name","last_seen_event_number","inserted_at","updated_at") VALUES ($1,$2,$3,$4) ON CONFLICT ("projection_name") DO UPDATE SET "last_seen_event_number" = $5 WHERE ((p0."projection_name" = $6) AND (p0."last_seen_event_number" < $7)) ["Treasury.ReconciliationProjector", 1, ~N[2026-03-20 23:09:55.261735], ~N[2026-03-20 23:09:55.261735], 1, "Treasury.ReconciliationProjector", 1]
23:09:55.265 [debug] QUERY OK source="treasury_reconciliations" db=0.3ms
INSERT INTO "treasury_reconciliations" AS t0 ("id","status","currency","amount","org_id","invoice_id","statement_id","statement_line_id","matched_at","actor_email","variance","created_at","updated_at") VALUES ($1,$2,$3,$4,$5,$6,$7,$8,$9,$10,$11,$12,$13) ON CONFLICT ("id") DO UPDATE SET "status" = $14, "actor_email" = $15, "matched_at" = $16 ["f7f1a84b-7d21-4dee-99a9-4425aba97425", :matched, "EUR", Decimal.new("100.00"), "b49856d3-24c8-4c09-82dc-38035b65cb30", "3d3f7a42-f7b7-450d-a676-5b22659655f8", "6a6b949a-0251-49a2-afb7-9a592797dad1", "019d0d83-32a5-75fc-b375-79fb3cccb408", ~U[2026-03-20 23:09:55.248916Z], "test@example.com", Decimal.new("0.00"), ~U[2026-03-20 23:09:55.262485Z], ~U[2026-03-20 23:09:55.262485Z], :matched, "test@example.com", ~U[2026-03-20 23:09:55.248916Z]]
23:09:55.266 [debug] QUERY OK source="erp_invoices" db=0.3ms
UPDATE "erp_invoices" AS e0 SET "status" = $1 WHERE ((e0."id" = $2) AND (e0."org_id" = $3)) ["matched", "3d3f7a42-f7b7-450d-a676-5b22659655f8", "b49856d3-24c8-4c09-82dc-38035b65cb30"]
23:09:55.267 [debug] QUERY OK source="erp_statement_lines" db=0.5ms
UPDATE "erp_statement_lines" AS e0 SET "status" = $1 WHERE ((e0."id" = $2) AND (e0."org_id" = $3)) ["matched", "019d0d83-32a5-75fc-b375-79fb3cccb408", "b49856d3-24c8-4c09-82dc-38035b65cb30"]
23:09:55.267 [debug] QUERY OK source="erp_statements" db=0.3ms
UPDATE "erp_statements" AS e0 SET "matched_count" = e0."matched_count" + $1 WHERE ((e0."id" = $2) AND (e0."org_id" = $3)) [1, "6a6b949a-0251-49a2-afb7-9a592797dad1", "b49856d3-24c8-4c09-82dc-38035b65cb30"]
23:09:55.268 [debug] QUERY OK db=0.2ms
commit []
23:09:55.269 [debug] QUERY OK source="erp_statements" db=0.7ms
SELECT e0."id", e0."org_id", e0."filename", e0."format", e0."status", e0."line_count", e0."matched_count", e0."overlap_warning", e0."content_hash", e0."uploaded_at", e0."error_message", e0."created_at", e0."updated_at" FROM "erp_statements" AS e0 WHERE (e0."id" = $1) ["6a6b949a-0251-49a2-afb7-9a592797dad1"]
.23:09:55.271 [debug] QUERY OK source="erp_statement_lines" db=1.3ms
DELETE FROM "erp_statement_lines" AS e0 []
23:09:55.272 [debug] QUERY OK source="erp_statements" db=0.8ms
DELETE FROM "erp_statements" AS e0 []
23:09:55.272 [debug] QUERY OK db=0.2ms queue=0.1ms
DELETE FROM projection_versions []
23:09:55.272 [debug] Locating aggregate process for `Nexus.ERP.Aggregates.Statement` with UUID "27b1d1bd-6463-48e9-9b54-c8a20e48c18b"
23:09:55.273 [debug] Nexus.ERP.Aggregates.Statement<27b1d1bd-6463-48e9-9b54-c8a20e48c18b@0> executing command: %Nexus.ERP.Commands.UploadStatement{statement_id: "27b1d1bd-6463-48e9-9b54-c8a20e48c18b", org_id: "3f6014ba-63ca-4a35-a5f9-cae7482f0f98", filename: "alpha.csv", format: "csv", raw_content: "date,ref,amount,currency,narrative\n2024-01-01,REF,0,EUR,N1", uploaded_at: ~U[2026-03-20 23:09:55.272774Z]}
23:09:55.276 [debug] Appended 1 event(s) to stream "27b1d1bd-6463-48e9-9b54-c8a20e48c18b"
23:09:55.276 [debug] Listener received notification on channel "event_store.events" with payload: "27b1d1bd-6463-48e9-9b54-c8a20e48c18b,8573,1,1"
23:09:55.276 [debug] Listener received notification on channel "event_store.events" with payload: "$all,0,12134,12134"
23:09:55.276 [debug] Nexus.ERP.Aggregates.Statement<27b1d1bd-6463-48e9-9b54-c8a20e48c18b@1> received events: [%Commanded.EventStore.RecordedEvent{event_id: "621ed6dd-86ef-4136-996f-ca1dbee1c5be", event_number: 1, stream_id: "27b1d1bd-6463-48e9-9b54-c8a20e48c18b", stream_version: 1, causation_id: "1d3fb544-86de-46fa-812a-e5984981dedd", correlation_id: "01186e05-c6fc-4911-9743-7687001cc70a", event_type: "Elixir.Nexus.ERP.Events.StatementUploaded", data: %Nexus.ERP.Events.StatementUploaded{statement_id: "27b1d1bd-6463-48e9-9b54-c8a20e48c18b", org_id: "3f6014ba-63ca-4a35-a5f9-cae7482f0f98", filename: "alpha.csv", format: "csv", lines: [%{id: "019d0d83-32c9-77f5-9f02-48dace398fc2", status: "unmatched", date: "2024-01-01", metadata: %{}, currency: "EUR", ref: "REF", amount: "0", narrative: "N1"}], uploaded_at: "2026-03-20T23:09:55.272774Z", content_hash: "9A99C19879FE44B699E10D43919F4706C51F2D03F8190FD6C6D6D28701DDFA3C"}, created_at: ~U[2026-03-20 23:09:55.273636Z], metadata: %{"causation_id" => "019d0d83-32c8-7f97-99d6-66a3ed94ade9", "correlation_id" => "019d0d83-32c8-7f97-99d6-66a3ed94ade9"}}]
23:09:55.277 [debug] QUERY OK db=0.2ms queue=0.1ms
DELETE FROM projection_versions []
23:09:55.278 [debug] QUERY OK source="erp_statements" db=0.6ms
SELECT count(e0."id") FROM "erp_statements" AS e0 WHERE ((e0."org_id" = $1) AND (e0."filename" = $2)) ["3f6014ba-63ca-4a35-a5f9-cae7482f0f98", "alpha.csv"]
23:09:55.278 [debug] QUERY OK db=0.1ms
begin []
23:09:55.279 [debug] QUERY OK source="projection_versions" db=0.2ms
INSERT INTO "projection_versions" AS p0 ("projection_name","last_seen_event_number","inserted_at","updated_at") VALUES ($1,$2,$3,$4) ON CONFLICT ("projection_name") DO UPDATE SET "last_seen_event_number" = $5 WHERE ((p0."projection_name" = $6) AND (p0."last_seen_event_number" < $7)) ["ERP.StatementProjector", 1, ~N[2026-03-20 23:09:55.278645], ~N[2026-03-20 23:09:55.278645], 1, "ERP.StatementProjector", 1]
23:09:55.279 [debug] QUERY OK source="erp_statements" db=0.1ms
INSERT INTO "erp_statements" ("id","status","filename","format","org_id","uploaded_at","content_hash","line_count","matched_count","overlap_warning","created_at","updated_at") VALUES ($1,$2,$3,$4,$5,$6,$7,$8,$9,$10,$11,$12) ON CONFLICT ("id") DO NOTHING ["27b1d1bd-6463-48e9-9b54-c8a20e48c18b", "uploaded", "alpha.csv", "csv", "3f6014ba-63ca-4a35-a5f9-cae7482f0f98", ~U[2026-03-20 23:09:55.272774Z], "9A99C19879FE44B699E10D43919F4706C51F2D03F8190FD6C6D6D28701DDFA3C", 1, 0, false, ~U[2026-03-20 23:09:55.279130Z], ~U[2026-03-20 23:09:55.279130Z]]
23:09:55.280 [debug] QUERY OK source="erp_statement_lines" db=0.3ms
INSERT INTO "erp_statement_lines" ("id","status","date","metadata","currency","ref","amount","org_id","statement_id","narrative","created_at","updated_at") VALUES ($1,$2,$3,$4,$5,$6,$7,$8,$9,$10,$11,$12) ON CONFLICT ("id") DO NOTHING ["019d0d83-32c9-77f5-9f02-48dace398fc2", "unmatched", "2024-01-01", %{}, "EUR", "REF", Decimal.new("0"), "3f6014ba-63ca-4a35-a5f9-cae7482f0f98", "27b1d1bd-6463-48e9-9b54-c8a20e48c18b", "N1", ~U[2026-03-20 23:09:55.279541Z], ~U[2026-03-20 23:09:55.279541Z]]
23:09:55.280 [debug] QUERY OK db=0.2ms
commit []
23:09:55.280 [debug] Locating aggregate process for `Nexus.ERP.Aggregates.Statement` with UUID "af67c906-4e54-47ba-9c47-0a89544fd602"
23:09:55.281 [debug] Nexus.ERP.Aggregates.Statement<af67c906-4e54-47ba-9c47-0a89544fd602@0> executing command: %Nexus.ERP.Commands.UploadStatement{statement_id: "af67c906-4e54-47ba-9c47-0a89544fd602", org_id: "3f6014ba-63ca-4a35-a5f9-cae7482f0f98", filename: "beta.csv", format: "csv", raw_content: "date,ref,amount,currency,narrative\n2024-01-01,REF,0,EUR,N2", uploaded_at: ~U[2026-03-20 23:09:55.280493Z]}
23:09:55.284 [debug] Appended 1 event(s) to stream "af67c906-4e54-47ba-9c47-0a89544fd602"
23:09:55.284 [debug] Listener received notification on channel "event_store.events" with payload: "af67c906-4e54-47ba-9c47-0a89544fd602,8574,1,1"
23:09:55.284 [debug] Listener received notification on channel "event_store.events" with payload: "$all,0,12135,12135"
23:09:55.285 [debug] Nexus.ERP.Aggregates.Statement<af67c906-4e54-47ba-9c47-0a89544fd602@1> received events: [%Commanded.EventStore.RecordedEvent{event_id: "7e5c85a1-b869-4a9d-b931-8724167d618c", event_number: 1, stream_id: "af67c906-4e54-47ba-9c47-0a89544fd602", stream_version: 1, causation_id: "30528f9c-6d7d-4340-be7e-6d25217623e1", correlation_id: "4112b2b0-c53a-43f6-8c2a-338a66885c2e", event_type: "Elixir.Nexus.ERP.Events.StatementUploaded", data: %Nexus.ERP.Events.StatementUploaded{statement_id: "af67c906-4e54-47ba-9c47-0a89544fd602", org_id: "3f6014ba-63ca-4a35-a5f9-cae7482f0f98", filename: "beta.csv", format: "csv", lines: [%{id: "019d0d83-32d1-73bf-b572-c687537dda88", status: "unmatched", date: "2024-01-01", metadata: %{}, currency: "EUR", ref: "REF", amount: "0", narrative: "N2"}], uploaded_at: "2026-03-20T23:09:55.280493Z", content_hash: "7FBECE875329D8B3726C38BE77AE60A9F4E8D3CF3282F5FB06CB8474EE7D6407"}, created_at: ~U[2026-03-20 23:09:55.281727Z], metadata: %{"causation_id" => "019d0d83-32d0-7818-b51f-70ca2dc68e85", "correlation_id" => "019d0d83-32d0-7818-b51f-70ca2dc68e85"}}]
23:09:55.286 [debug] QUERY OK db=0.7ms queue=0.2ms
DELETE FROM projection_versions []
23:09:55.287 [debug] QUERY OK source="erp_statements" db=1.0ms
SELECT count(e0."id") FROM "erp_statements" AS e0 WHERE ((e0."org_id" = $1) AND (e0."filename" = $2)) ["3f6014ba-63ca-4a35-a5f9-cae7482f0f98", "beta.csv"]
23:09:55.287 [debug] QUERY OK db=0.1ms
begin []
23:09:55.288 [debug] QUERY OK source="projection_versions" db=0.2ms
INSERT INTO "projection_versions" AS p0 ("projection_name","last_seen_event_number","inserted_at","updated_at") VALUES ($1,$2,$3,$4) ON CONFLICT ("projection_name") DO UPDATE SET "last_seen_event_number" = $5 WHERE ((p0."projection_name" = $6) AND (p0."last_seen_event_number" < $7)) ["ERP.StatementProjector", 1, ~N[2026-03-20 23:09:55.288009], ~N[2026-03-20 23:09:55.288009], 1, "ERP.StatementProjector", 1]
23:09:55.288 [debug] QUERY OK source="erp_statements" db=0.1ms
INSERT INTO "erp_statements" ("id","status","filename","format","org_id","uploaded_at","content_hash","line_count","matched_count","overlap_warning","created_at","updated_at") VALUES ($1,$2,$3,$4,$5,$6,$7,$8,$9,$10,$11,$12) ON CONFLICT ("id") DO NOTHING ["af67c906-4e54-47ba-9c47-0a89544fd602", "uploaded", "beta.csv", "csv", "3f6014ba-63ca-4a35-a5f9-cae7482f0f98", ~U[2026-03-20 23:09:55.280493Z], "7FBECE875329D8B3726C38BE77AE60A9F4E8D3CF3282F5FB06CB8474EE7D6407", 1, 0, false, ~U[2026-03-20 23:09:55.288555Z], ~U[2026-03-20 23:09:55.288555Z]]
23:09:55.289 [debug] QUERY OK source="erp_statement_lines" db=0.3ms
INSERT INTO "erp_statement_lines" ("id","status","date","metadata","currency","ref","amount","org_id","statement_id","narrative","created_at","updated_at") VALUES ($1,$2,$3,$4,$5,$6,$7,$8,$9,$10,$11,$12) ON CONFLICT ("id") DO NOTHING ["019d0d83-32d1-73bf-b572-c687537dda88", "unmatched", "2024-01-01", %{}, "EUR", "REF", Decimal.new("0"), "3f6014ba-63ca-4a35-a5f9-cae7482f0f98", "af67c906-4e54-47ba-9c47-0a89544fd602", "N2", ~U[2026-03-20 23:09:55.288950Z], ~U[2026-03-20 23:09:55.288950Z]]
23:09:55.289 [debug] QUERY OK db=0.2ms
commit []
23:09:55.294 [debug] QUERY OK source="erp_statements" db=1.1ms queue=0.7ms
SELECT e0."id", e0."org_id", e0."filename", e0."format", e0."status", e0."line_count", e0."matched_count", e0."overlap_warning", e0."content_hash", e0."uploaded_at", e0."error_message", e0."created_at", e0."updated_at", o1."name" FROM "erp_statements" AS e0 LEFT OUTER JOIN "organization_tenants" AS o1 ON e0."org_id" = o1."org_id" WHERE (e0."org_id" = $1) AND (e0."filename" ILIKE $2) ORDER BY e0."uploaded_at" DESC ["3f6014ba-63ca-4a35-a5f9-cae7482f0f98", "%alpha%"]
23:09:55.295 [debug] QUERY OK source="erp_statements" db=0.3ms queue=0.2ms
SELECT e0."id", e0."org_id", e0."filename", e0."format", e0."status", e0."line_count", e0."matched_count", e0."overlap_warning", e0."content_hash", e0."uploaded_at", e0."error_message", e0."created_at", e0."updated_at", o1."name" FROM "erp_statements" AS e0 LEFT OUTER JOIN "organization_tenants" AS o1 ON e0."org_id" = o1."org_id" WHERE (e0."org_id" = $1) AND (e0."uploaded_at"::text ILIKE $2) ORDER BY e0."uploaded_at" DESC ["3f6014ba-63ca-4a35-a5f9-cae7482f0f98", "2026-03-20%"]
.23:09:55.296 [debug] QUERY OK source="erp_invoices" db=0.3ms queue=0.1ms
DELETE FROM "erp_invoices" AS e0 []
23:09:55.297 [debug] QUERY OK db=0.2ms queue=0.1ms
DELETE FROM projection_versions []
23:09:55.297 [info] 		[36mGiven [32ma registered tenant "Munich HQ" exists
23:09:55.297 [debug] Locating aggregate process for `Nexus.ERP.Aggregates.Invoice` with UUID "019d0d83-32e1-70cc-8fef-9acc1fae7c73"
23:09:55.298 [debug] Nexus.ERP.Aggregates.Invoice<019d0d83-32e1-70cc-8fef-9acc1fae7c73@0> executing command: %Nexus.ERP.Commands.IngestInvoice{org_id: "019d0d83-32e1-7ec0-a030-09ffbb813a8e", invoice_id: "019d0d83-32e1-70cc-8fef-9acc1fae7c73", entity_id: "E-101", currency: "EUR", amount: Decimal.new("1000"), due_date: ~D[2026-04-19], subsidiary: "Munich HQ", line_items: [%{description: "Software License", amount: Decimal.new("1000")}], sap_document_number: "SAP-019d0d83-32e1-70cc-8fef-9acc1fae7c73", sap_status: "Verified_Via_Network", ingested_at: ~U[2026-03-20 23:09:55.297653Z]}
23:09:55.302 [debug] Appended 1 event(s) to stream "019d0d83-32e1-70cc-8fef-9acc1fae7c73"
23:09:55.302 [debug] Listener received notification on channel "event_store.events" with payload: "019d0d83-32e1-70cc-8fef-9acc1fae7c73,8575,1,1"
23:09:55.302 [info] 		[36mWhen [32mthe ERP system pushes a valid invoice payload for "1000 EUR"
23:09:55.302 [debug] Listener received notification on channel "event_store.events" with payload: "$all,0,12136,12136"
23:09:55.302 [debug] Nexus.ERP.Aggregates.Invoice<019d0d83-32e1-70cc-8fef-9acc1fae7c73@1> received events: [%Commanded.EventStore.RecordedEvent{event_id: "89485f99-ce95-4533-8471-ede4044a252e", event_number: 1, stream_id: "019d0d83-32e1-70cc-8fef-9acc1fae7c73", stream_version: 1, causation_id: "bf7b2582-9301-413c-9df6-3aaef870b389", correlation_id: "579ea11d-d967-4450-8fdf-e6d648424b47", event_type: "Elixir.Nexus.ERP.Events.InvoiceIngested", data: %Nexus.ERP.Events.InvoiceIngested{org_id: "019d0d83-32e1-7ec0-a030-09ffbb813a8e", invoice_id: "019d0d83-32e1-70cc-8fef-9acc1fae7c73", entity_id: "E-101", currency: "EUR", amount: "1000", due_date: "2026-04-19", subsidiary: "Munich HQ", line_items: [%{description: "Software License", amount: "1000"}], sap_document_number: "SAP-019d0d83-32e1-70cc-8fef-9acc1fae7c73", sap_status: "Verified_Via_Network", ingested_at: "2026-03-20T23:09:55.297653Z"}, created_at: ~U[2026-03-20 23:09:55.298430Z], metadata: %{"causation_id" => "019d0d83-32e1-7426-9d4a-8a108dcfef67", "correlation_id" => "019d0d83-32e1-7426-9d4a-8a108dcfef67"}}]
23:09:55.306 [debug] QUERY OK db=0.2ms
begin []
23:09:55.306 [debug] QUERY OK source="projection_versions" db=0.2ms
INSERT INTO "projection_versions" AS p0 ("projection_name","last_seen_event_number","inserted_at","updated_at") VALUES ($1,$2,$3,$4) ON CONFLICT ("projection_name") DO UPDATE SET "last_seen_event_number" = $5 WHERE ((p0."projection_name" = $6) AND (p0."last_seen_event_number" < $7)) ["ERP.InvoiceProjector", 1, ~N[2026-03-20 23:09:55.306313], ~N[2026-03-20 23:09:55.306313], 1, "ERP.InvoiceProjector", 1]
23:09:55.307 [debug] QUERY OK source="erp_invoices" db=0.3ms
INSERT INTO "erp_invoices" ("id","status","currency","amount","org_id","entity_id","subsidiary","due_date","line_items","sap_document_number","sap_status","created_at","updated_at") VALUES ($1,$2,$3,$4,$5,$6,$7,$8,$9,$10,$11,$12,$13) ON CONFLICT ("id") DO NOTHING ["019d0d83-32e1-70cc-8fef-9acc1fae7c73", "ingested", "EUR", Decimal.new("1000"), "019d0d83-32e1-7ec0-a030-09ffbb813a8e", "E-101", "Munich HQ", ~U[2026-04-19 00:00:00.000000Z], [%{description: "Software License", amount: "1000"}], "SAP-019d0d83-32e1-70cc-8fef-9acc1fae7c73", "Verified_Via_Network", ~U[2026-03-20 23:09:55.297653Z], ~U[2026-03-20 23:09:55.297653Z]]
23:09:55.307 [debug] QUERY OK db=0.1ms
commit []
23:09:55.309 [debug] QUERY OK source="erp_invoices" db=0.9ms queue=0.4ms
SELECT e0."id", e0."org_id", e0."entity_id", e0."currency", e0."amount", e0."subsidiary", e0."line_items", e0."sap_document_number", e0."sap_status", e0."due_date", e0."status", e0."created_at", e0."updated_at" FROM "erp_invoices" AS e0 WHERE (e0."id" = $1) ["019d0d83-32e1-70cc-8fef-9acc1fae7c73"]
23:09:55.309 [info] 		[36mThen [32mthe invoice should be accepted and recorded
23:09:55.309 [info] 		[36mThen [32man InvoiceIngested event should be emitted
.23:09:55.310 [debug] QUERY OK source="erp_invoices" db=0.8ms
DELETE FROM "erp_invoices" AS e0 []
23:09:55.310 [debug] QUERY OK db=0.3ms queue=0.1ms
DELETE FROM projection_versions []
23:09:55.310 [info] 		[36mGiven [32ma registered tenant "Munich HQ" exists
23:09:55.311 [debug] Locating aggregate process for `Nexus.ERP.Aggregates.Invoice` with UUID "019d0d83-32ef-7f2a-8f30-390759b06a55"
23:09:55.311 [debug] Nexus.ERP.Aggregates.Invoice<019d0d83-32ef-7f2a-8f30-390759b06a55@0> executing command: %Nexus.ERP.Commands.IngestInvoice{org_id: "019d0d83-32ee-7590-836f-d36371ed1571", invoice_id: "019d0d83-32ef-7f2a-8f30-390759b06a55", entity_id: "E-101", currency: "EUR", amount: Decimal.new("-500"), due_date: ~D[2026-04-19], subsidiary: "Munich HQ", line_items: [%{description: "Refund", amount: Decimal.new("-500")}], sap_document_number: "SAP-019d0d83-32ef-7f2a-8f30-390759b06a55", sap_status: "Verified_Via_Network", ingested_at: ~U[2026-03-20 23:09:55.311007Z]}
23:09:55.315 [debug] Appended 1 event(s) to stream "019d0d83-32ef-7f2a-8f30-390759b06a55"
23:09:55.315 [debug] Listener received notification on channel "event_store.events" with payload: "019d0d83-32ef-7f2a-8f30-390759b06a55,8576,1,1"
23:09:55.315 [debug] Listener received notification on channel "event_store.events" with payload: "$all,0,12137,12137"
23:09:55.315 [info] 		[36mWhen [32mthe ERP system pushes an invoice payload with amount "-500 EUR"
23:09:55.315 [info] 		[36mThen [32mthe invoice should be rejected
23:09:55.316 [debug] Nexus.ERP.Aggregates.Invoice<019d0d83-32ef-7f2a-8f30-390759b06a55@1> received events: [%Commanded.EventStore.RecordedEvent{event_id: "0f350d2b-db91-44cb-ae60-8e06189a4cf2", event_number: 1, stream_id: "019d0d83-32ef-7f2a-8f30-390759b06a55", stream_version: 1, causation_id: "4369b26e-e90a-4447-b622-8bfddc7073c1", correlation_id: "1fb281b9-fd0a-4908-b480-96a3c24f0453", event_type: "Elixir.Nexus.ERP.Events.InvoiceRejected", data: %Nexus.ERP.Events.InvoiceRejected{org_id: "019d0d83-32ee-7590-836f-d36371ed1571", invoice_id: "019d0d83-32ef-7f2a-8f30-390759b06a55", reason: "Invoice amount must be positive", rejected_at: "2026-03-20T23:09:55.311007Z"}, created_at: ~U[2026-03-20 23:09:55.312014Z], metadata: %{"causation_id" => "019d0d83-32ef-79bd-8b2c-7916545dd5d5", "correlation_id" => "019d0d83-32ef-79bd-8b2c-7916545dd5d5"}}]
23:09:55.316 [debug] QUERY OK source="erp_invoices" db=0.6ms
SELECT e0."id", e0."org_id", e0."entity_id", e0."currency", e0."amount", e0."subsidiary", e0."line_items", e0."sap_document_number", e0."sap_status", e0."due_date", e0."status", e0."created_at", e0."updated_at" FROM "erp_invoices" AS e0 WHERE (e0."id" = $1) ["019d0d83-32ef-7f2a-8f30-390759b06a55"]
23:09:55.316 [info] 		[36mThen [32man InvoiceRejected event should be emitted
.23:09:55.317 [debug] QUERY OK source="erp_invoices" db=0.6ms
DELETE FROM "erp_invoices" AS e0 []
23:09:55.318 [debug] QUERY OK db=0.2ms queue=0.1ms
DELETE FROM projection_versions []
23:09:55.318 [info] 		[36mGiven [32ma registered tenant "Munich HQ" exists
23:09:55.318 [debug] Locating aggregate process for `Nexus.ERP.Aggregates.Invoice` with UUID "INV-001"
23:09:55.322 [debug] Nexus.ERP.Aggregates.Invoice<INV-001@1> executing command: %Nexus.ERP.Commands.IngestInvoice{org_id: "019d0d83-32f6-7c05-8a37-4cf02abdb46c", invoice_id: "INV-001", entity_id: "E-100", currency: "EUR", amount: Decimal.new("1000"), due_date: ~D[2026-04-19], subsidiary: "Munich HQ", line_items: [%{description: "Consulting", amount: Decimal.new("1000")}], sap_document_number: "SAP-INV-001", sap_status: "Verified_Via_Network", ingested_at: ~U[2026-03-20 23:09:55.318884Z]}
23:09:55.322 [info] 		[36mGiven [32man invoice "INV-001" has already been ingested
23:09:55.322 [debug] Locating aggregate process for `Nexus.ERP.Aggregates.Invoice` with UUID "INV-001"
23:09:55.322 [debug] Nexus.ERP.Aggregates.Invoice<INV-001@1> executing command: %Nexus.ERP.Commands.IngestInvoice{org_id: "019d0d83-32f6-7c05-8a37-4cf02abdb46c", invoice_id: "INV-001", entity_id: "E-100", currency: "EUR", amount: Decimal.new("1000"), due_date: ~D[2026-04-19], subsidiary: "Munich HQ", line_items: [%{description: "Consulting", amount: Decimal.new("1000")}], sap_document_number: "SAP-INV-001", sap_status: "Verified_Via_Network", ingested_at: ~U[2026-03-20 23:09:55.322875Z]}
23:09:55.323 [info] 		[36mWhen [32mthe ERP system pushes the exact same invoice "INV-001" again
23:09:55.323 [info] 		[36mThen [32mthe system should gracefully accept the payload without error
.23:09:55.323 [info] 		[36mThen [32mno duplicate events should be emitted
23:09:55.325 [debug] QUERY OK source="treasury_policy_alerts" db=0.5ms queue=0.1ms
DELETE FROM "treasury_policy_alerts" AS t0 []
23:09:55.326 [debug] QUERY OK source="treasury_policies" db=0.4ms queue=0.1ms
DELETE FROM "treasury_policies" AS t0 []
23:09:55.327 [debug] QUERY OK source="projection_versions" db=0.2ms queue=0.2ms
DELETE FROM "projection_versions" AS p0 WHERE (p0."projection_name" = 'Treasury.PolicyProjector') []
23:09:55.327 [debug] Locating aggregate process for `Nexus.Treasury.Aggregates.Policy` with UUID "76f4e95f-501b-4d99-b049-1286296b62bd"
23:09:55.329 [debug] Nexus.Treasury.Aggregates.Policy<76f4e95f-501b-4d99-b049-1286296b62bd@0> executing command: %Nexus.Treasury.Commands.SetTransferThreshold{policy_id: "76f4e95f-501b-4d99-b049-1286296b62bd", org_id: "76f4e95f-501b-4d99-b049-1286296b62bd", threshold: Decimal.new("100000"), set_at: ~U[2026-03-20 23:09:55.327468Z]}
23:09:55.333 [debug] Listener received notification on channel "event_store.events" with payload: "76f4e95f-501b-4d99-b049-1286296b62bd,8577,1,1"
23:09:55.333 [debug] Appended 1 event(s) to stream "76f4e95f-501b-4d99-b049-1286296b62bd"
23:09:55.333 [debug] Listener received notification on channel "event_store.events" with payload: "$all,0,12138,12138"
23:09:55.334 [debug] Nexus.Treasury.Aggregates.Policy<76f4e95f-501b-4d99-b049-1286296b62bd@1> received events: [%Commanded.EventStore.RecordedEvent{event_id: "46a197e2-540d-4fcf-8519-d761b7fb8da4", event_number: 1, stream_id: "76f4e95f-501b-4d99-b049-1286296b62bd", stream_version: 1, causation_id: "5a227d75-8d07-4de0-a1aa-bbc354021e15", correlation_id: "d070a368-ec64-4bbd-9234-94465a31a3ea", event_type: "Elixir.Nexus.Treasury.Events.TransferThresholdSet", data: %Nexus.Treasury.Events.TransferThresholdSet{policy_id: "76f4e95f-501b-4d99-b049-1286296b62bd", org_id: "76f4e95f-501b-4d99-b049-1286296b62bd", threshold: "100000", set_at: "2026-03-20T23:09:55.327468Z"}, created_at: ~U[2026-03-20 23:09:55.329716Z], metadata: %{"causation_id" => "019d0d83-32ff-790d-a725-6c840e7e0229", "correlation_id" => "019d0d83-32ff-790d-a725-6c840e7e0229"}}]
23:09:55.336 [debug] QUERY OK db=0.1ms
begin []
23:09:55.337 [debug] QUERY OK source="projection_versions" db=0.4ms
INSERT INTO "projection_versions" AS p0 ("projection_name","last_seen_event_number","inserted_at","updated_at") VALUES ($1,$2,$3,$4) ON CONFLICT ("projection_name") DO UPDATE SET "last_seen_event_number" = $5 WHERE ((p0."projection_name" = $6) AND (p0."last_seen_event_number" < $7)) ["Treasury.PolicyProjector", 1, ~N[2026-03-20 23:09:55.336392], ~N[2026-03-20 23:09:55.336392], 1, "Treasury.PolicyProjector", 1]
23:09:55.337 [debug] QUERY OK source="treasury_policies" db=0.2ms
INSERT INTO "treasury_policies" ("id","mode","org_id","mode_thresholds","transfer_threshold","reporting_currency","created_at","updated_at") VALUES ($1,$2,$3,$4,$5,$6,$7,$8) ON CONFLICT ("org_id") DO UPDATE SET "transfer_threshold" = EXCLUDED."transfer_threshold","updated_at" = EXCLUDED."updated_at" ["76f4e95f-501b-4d99-b049-1286296b62bd", "standard", "76f4e95f-501b-4d99-b049-1286296b62bd", %{"relaxed" => "10000000", "standard" => "1000000", "strict" => "50000"}, Decimal.new("100000"), "USD", ~U[2026-03-20 23:09:55.337194Z], ~U[2026-03-20 23:09:55.337194Z]]
23:09:55.337 [debug] QUERY OK db=0.2ms
commit []
23:09:55.338 [info] 		[36mGiven [32mthe organization "Nexus Corp" has a transfer threshold of "100000"
23:09:55.338 [info] 		[36mGiven [32mthere is an existing invoice for "Munich HQ" of "120000" EUR
23:09:55.338 [debug] Locating aggregate process for `Nexus.Treasury.Aggregates.Policy` with UUID "76f4e95f-501b-4d99-b049-1286296b62bd"
23:09:55.338 [debug] Nexus.Treasury.Aggregates.Policy<76f4e95f-501b-4d99-b049-1286296b62bd@1> executing command: %Nexus.Treasury.Commands.EvaluateExposurePolicy{policy_id: "76f4e95f-501b-4d99-b049-1286296b62bd", org_id: "76f4e95f-501b-4d99-b049-1286296b62bd", currency_pair: "EUR/USD", exposure_amount: Decimal.new("120000"), evaluated_at: ~U[2026-03-20 23:09:55.338078Z]}
23:09:55.340 [debug] Appended 1 event(s) to stream "76f4e95f-501b-4d99-b049-1286296b62bd"
23:09:55.340 [debug] Listener received notification on channel "event_store.events" with payload: "76f4e95f-501b-4d99-b049-1286296b62bd,8577,2,2"
23:09:55.340 [debug] Listener received notification on channel "event_store.events" with payload: "$all,0,12139,12139"
23:09:55.341 [debug] QUERY OK db=0.1ms
begin []
23:09:55.341 [debug] Nexus.Treasury.Aggregates.Policy<76f4e95f-501b-4d99-b049-1286296b62bd@2> received events: [%Commanded.EventStore.RecordedEvent{event_id: "0541a0ba-d1ed-47a6-aa71-4d0362944138", event_number: 2, stream_id: "76f4e95f-501b-4d99-b049-1286296b62bd", stream_version: 2, causation_id: "e7702a67-86d2-4bd1-bdad-6e8f05a4375d", correlation_id: "ae7fd9fb-6c12-41aa-a1c2-f7ee6f66c97e", event_type: "Elixir.Nexus.Treasury.Events.PolicyAlertTriggered", data: %Nexus.Treasury.Events.PolicyAlertTriggered{policy_id: "76f4e95f-501b-4d99-b049-1286296b62bd", org_id: "76f4e95f-501b-4d99-b049-1286296b62bd", currency_pair: "EUR/USD", exposure_amount: "120000", threshold: "100000", triggered_at: "2026-03-20T23:09:55.338078Z"}, created_at: ~U[2026-03-20 23:09:55.338630Z], metadata: %{"causation_id" => "019d0d83-330a-7c09-aca9-d0f2841f483f", "correlation_id" => "019d0d83-330a-7c09-aca9-d0f2841f483f"}}]
23:09:55.341 [debug] QUERY OK source="projection_versions" db=0.1ms
INSERT INTO "projection_versions" AS p0 ("projection_name","last_seen_event_number","inserted_at","updated_at") VALUES ($1,$2,$3,$4) ON CONFLICT ("projection_name") DO UPDATE SET "last_seen_event_number" = $5 WHERE ((p0."projection_name" = $6) AND (p0."last_seen_event_number" < $7)) ["Treasury.PolicyProjector", 2, ~N[2026-03-20 23:09:55.341047], ~N[2026-03-20 23:09:55.341047], 2, "Treasury.PolicyProjector", 2]
23:09:55.342 [debug] QUERY OK source="treasury_policy_alerts" db=0.2ms
INSERT INTO "treasury_policy_alerts" ("id","threshold","org_id","currency_pair","exposure_amount","triggered_at","created_at","updated_at") VALUES ($1,$2,$3,$4,$5,$6,$7,$8) ["019d0d83-330c-732b-9ddd-49f750a35676", Decimal.new("100000"), "76f4e95f-501b-4d99-b049-1286296b62bd", "EUR/USD", Decimal.new("120000"), ~U[2026-03-20 23:09:55.340783Z], ~U[2026-03-20 23:09:55.341516Z], ~U[2026-03-20 23:09:55.341516Z]]
23:09:55.342 [debug] QUERY OK db=0.3ms
commit []
23:09:55.342 [info] 		[36mWhen [32mthe system calculates the "EUR/USD" exposure
23:09:55.343 [debug] QUERY OK source="treasury_policy_alerts" db=0.4ms queue=0.2ms
SELECT t0."id", t0."org_id", t0."currency_pair", t0."exposure_amount", t0."threshold", t0."triggered_at", t0."created_at", t0."updated_at" FROM "treasury_policy_alerts" AS t0 WHERE (t0."org_id" = $1) ["76f4e95f-501b-4d99-b049-1286296b62bd"]
23:09:55.343 [info] 		[36mThen [32ma policy alert should be triggered for "Nexus Corp"
23:09:55.343 [info] 		[36mThen [32mthe alert should suggest an immediate hedge
.23:09:55.344 [debug] QUERY OK source="treasury_policy_alerts" db=0.7ms
DELETE FROM "treasury_policy_alerts" AS t0 []
23:09:55.345 [debug] QUERY OK source="treasury_policies" db=0.4ms
DELETE FROM "treasury_policies" AS t0 []
23:09:55.345 [debug] QUERY OK source="projection_versions" db=0.5ms
DELETE FROM "projection_versions" AS p0 WHERE (p0."projection_name" = 'Treasury.PolicyProjector') []
23:09:55.345 [debug] Locating aggregate process for `Nexus.Treasury.Aggregates.Policy` with UUID "cc9c746e-998e-4a07-980e-4f8bf11e6cbb"
23:09:55.346 [debug] Nexus.Treasury.Aggregates.Policy<cc9c746e-998e-4a07-980e-4f8bf11e6cbb@0> executing command: %Nexus.Treasury.Commands.SetTransferThreshold{policy_id: "cc9c746e-998e-4a07-980e-4f8bf11e6cbb", org_id: "cc9c746e-998e-4a07-980e-4f8bf11e6cbb", threshold: Decimal.new("200000"), set_at: ~U[2026-03-20 23:09:55.345882Z]}
23:09:55.349 [debug] Appended 1 event(s) to stream "cc9c746e-998e-4a07-980e-4f8bf11e6cbb"
23:09:55.349 [debug] Listener received notification on channel "event_store.events" with payload: "cc9c746e-998e-4a07-980e-4f8bf11e6cbb,8578,1,1"
23:09:55.349 [debug] Listener received notification on channel "event_store.events" with payload: "$all,0,12140,12140"
23:09:55.349 [debug] QUERY OK db=0.0ms
begin []
23:09:55.349 [debug] QUERY OK source="projection_versions" db=0.1ms
INSERT INTO "projection_versions" AS p0 ("projection_name","last_seen_event_number","inserted_at","updated_at") VALUES ($1,$2,$3,$4) ON CONFLICT ("projection_name") DO UPDATE SET "last_seen_event_number" = $5 WHERE ((p0."projection_name" = $6) AND (p0."last_seen_event_number" < $7)) ["Treasury.PolicyProjector", 1, ~N[2026-03-20 23:09:55.349440], ~N[2026-03-20 23:09:55.349440], 1, "Treasury.PolicyProjector", 1]
23:09:55.349 [debug] Nexus.Treasury.Aggregates.Policy<cc9c746e-998e-4a07-980e-4f8bf11e6cbb@1> received events: [%Commanded.EventStore.RecordedEvent{event_id: "4f1e4180-58c3-41a0-892e-865fd6030dbc", event_number: 1, stream_id: "cc9c746e-998e-4a07-980e-4f8bf11e6cbb", stream_version: 1, causation_id: "7cc427a5-cddf-40b2-b8bb-7f1432fb862a", correlation_id: "df165391-7ea7-4f67-a451-f26accc563ed", event_type: "Elixir.Nexus.Treasury.Events.TransferThresholdSet", data: %Nexus.Treasury.Events.TransferThresholdSet{policy_id: "cc9c746e-998e-4a07-980e-4f8bf11e6cbb", org_id: "cc9c746e-998e-4a07-980e-4f8bf11e6cbb", threshold: "200000", set_at: "2026-03-20T23:09:55.345882Z"}, created_at: ~U[2026-03-20 23:09:55.346917Z], metadata: %{"causation_id" => "019d0d83-3311-70ab-9d2c-baad63a048c6", "correlation_id" => "019d0d83-3311-70ab-9d2c-baad63a048c6"}}]
23:09:55.350 [debug] QUERY OK source="treasury_policies" db=0.2ms
INSERT INTO "treasury_policies" ("id","mode","org_id","mode_thresholds","transfer_threshold","reporting_currency","created_at","updated_at") VALUES ($1,$2,$3,$4,$5,$6,$7,$8) ON CONFLICT ("org_id") DO UPDATE SET "transfer_threshold" = EXCLUDED."transfer_threshold","updated_at" = EXCLUDED."updated_at" ["cc9c746e-998e-4a07-980e-4f8bf11e6cbb", "standard", "cc9c746e-998e-4a07-980e-4f8bf11e6cbb", %{"relaxed" => "10000000", "standard" => "1000000", "strict" => "50000"}, Decimal.new("200000"), "USD", ~U[2026-03-20 23:09:55.349702Z], ~U[2026-03-20 23:09:55.349702Z]]
23:09:55.350 [debug] QUERY OK db=0.2ms
commit []
23:09:55.350 [info] 		[36mGiven [32mthe organization "Nexus Corp" has a transfer threshold of "200000"
23:09:55.350 [info] 		[36mGiven [32mthere is an existing invoice for "Munich HQ" of "50000" EUR
23:09:55.350 [debug] Locating aggregate process for `Nexus.Treasury.Aggregates.Policy` with UUID "cc9c746e-998e-4a07-980e-4f8bf11e6cbb"
23:09:55.350 [debug] Nexus.Treasury.Aggregates.Policy<cc9c746e-998e-4a07-980e-4f8bf11e6cbb@1> executing command: %Nexus.Treasury.Commands.EvaluateExposurePolicy{policy_id: "cc9c746e-998e-4a07-980e-4f8bf11e6cbb", org_id: "cc9c746e-998e-4a07-980e-4f8bf11e6cbb", currency_pair: "EUR/USD", exposure_amount: Decimal.new("50000"), evaluated_at: ~U[2026-03-20 23:09:55.350756Z]}
23:09:55.350 [info] 		[36mWhen [32mthe system calculates the "EUR/USD" exposure
23:09:55.351 [debug] QUERY OK source="treasury_policy_alerts" db=0.5ms
SELECT t0."id", t0."org_id", t0."currency_pair", t0."exposure_amount", t0."threshold", t0."triggered_at", t0."created_at", t0."updated_at" FROM "treasury_policy_alerts" AS t0 WHERE (t0."org_id" = $1) ["cc9c746e-998e-4a07-980e-4f8bf11e6cbb"]
.23:09:55.351 [info] 		[36mThen [32mno policy alert should be triggered
23:09:55.352 [debug] QUERY OK source="reporting_control_metrics" db=0.2ms queue=0.1ms
DELETE FROM "reporting_control_metrics" AS r0 []
23:09:55.352 [debug] QUERY OK source="reporting_audit_logs" db=0.3ms queue=0.1ms
DELETE FROM "reporting_audit_logs" AS r0 []
23:09:55.353 [debug] QUERY OK source="users" db=0.2ms queue=0.1ms
DELETE FROM "users" AS u0 []
23:09:55.355 [debug] QUERY OK source="projection_versions" db=0.2ms queue=0.2ms
DELETE FROM "projection_versions" AS p0 []
23:09:55.355 [info] 		[36mGiven [32mthe organization "Corporate Ops" has active risk policies
23:09:55.355 [info] 		[36mGiven [32mno policy bypasses have occurred in the last 24 hours
23:09:55.356 [debug] QUERY OK source="reporting_control_metrics" db=0.3ms queue=0.2ms
INSERT INTO "reporting_control_metrics" ("id","score","org_id","metric_key","created_at","updated_at") VALUES ($1,$2,$3,$4,$5,$6) ["019d0d83-331b-7c1a-a179-f131cc51ed17", Decimal.new("100"), "514c0a20-5f9c-49fa-ade8-13294b78c98f", "auth_integrity", ~U[2026-03-20 23:09:55.355451Z], ~U[2026-03-20 23:09:55.355451Z]]
23:09:55.356 [debug] QUERY OK source="reporting_control_metrics" db=0.1ms queue=0.1ms
INSERT INTO "reporting_control_metrics" ("id","metadata","score","org_id","metric_key","created_at","updated_at") VALUES ($1,$2,$3,$4,$5,$6,$7) ["019d0d83-331c-7631-8eca-cd11a26b76ee", %{status: "Healthy"}, Decimal.new("100"), "514c0a20-5f9c-49fa-ade8-13294b78c98f", "policy_drift", ~U[2026-03-20 23:09:55.356179Z], ~U[2026-03-20 23:09:55.356179Z]]
23:09:55.356 [info] 		[36mWhen [32mI view the compliance hub
23:09:55.357 [debug] QUERY OK source="reporting_control_metrics" db=0.2ms queue=0.2ms
SELECT r0."id", r0."org_id", r0."metric_key", r0."score", r0."metadata", r0."created_at", r0."updated_at" FROM "reporting_control_metrics" AS r0 WHERE ((r0."org_id" = $1) AND (r0."metric_key" = $2)) ["514c0a20-5f9c-49fa-ade8-13294b78c98f", "auth_integrity"]
23:09:55.357 [info] 		[36mThen [32mI should see the "Auth Integrity" gauge at "100%"
23:09:55.357 [debug] QUERY OK source="reporting_control_metrics" db=0.5ms
SELECT r0."id", r0."org_id", r0."metric_key", r0."score", r0."metadata", r0."created_at", r0."updated_at" FROM "reporting_control_metrics" AS r0 WHERE ((r0."org_id" = $1) AND (r0."metric_key" = $2)) ["514c0a20-5f9c-49fa-ade8-13294b78c98f", "policy_drift"]
23:09:55.357 [info] 		[36mThen [32mthe "Drift Protection" gauge should be "Healthy"
.23:09:55.358 [debug] QUERY OK source="reporting_control_metrics" db=0.5ms
DELETE FROM "reporting_control_metrics" AS r0 []
23:09:55.359 [debug] QUERY OK source="reporting_audit_logs" db=0.4ms
DELETE FROM "reporting_audit_logs" AS r0 []
23:09:55.359 [debug] QUERY OK source="users" db=0.4ms
DELETE FROM "users" AS u0 []
23:09:55.360 [debug] QUERY OK source="projection_versions" db=0.2ms
DELETE FROM "projection_versions" AS p0 []
23:09:55.361 [debug] QUERY OK source="users" db=0.7ms queue=0.2ms
INSERT INTO "users" ("id","status","org_id","email","display_name","roles","cose_key","credential_id","created_at","updated_at") VALUES ($1,$2,$3,$4,$5,$6,$7,$8,$9,$10) ["019d0d83-3320-7633-8344-cb296c9ce46e", "active", "f2c15c81-0cef-4e09-97f4-2fea982552ab", "trader@corp.com", "Test User", ["trader"], "key", "cred", ~U[2026-03-20 23:09:55.360266Z], ~U[2026-03-20 23:09:55.360266Z]]
23:09:55.361 [info] 		[36mGiven [32ma user "trader@corp.com" has the "Trader" role
23:09:55.362 [debug] QUERY OK source="users" db=0.2ms queue=0.3ms
SELECT u0."id", u0."org_id", u0."email", u0."display_name", u0."status", u0."cose_key", u0."credential_id", u0."roles", u0."created_at", u0."updated_at" FROM "users" AS u0 WHERE (u0."id" = $1) ["019d0d83-3320-7633-8344-cb296c9ce46e"]
23:09:55.362 [debug] QUERY OK source="users" db=0.3ms queue=0.2ms
UPDATE "users" SET "roles" = $1, "updated_at" = $2 WHERE "id" = $3 [["admin"], ~U[2026-03-20 23:09:55.362173Z], "019d0d83-3320-7633-8344-cb296c9ce46e"]
23:09:55.362 [info] 		[36mGiven [32mthe same user "trader@corp.com" is assigned the "Admin" role
23:09:55.362 [info] 		[36mWhen [32mI view the Segregation of Duties matrix
23:09:55.365 [debug] QUERY OK source="users" db=0.5ms queue=0.4ms
SELECT u0."id", u0."org_id", u0."email", u0."display_name", u0."status", u0."cose_key", u0."credential_id", u0."roles", u0."created_at", u0."updated_at" FROM "users" AS u0 WHERE (u0."org_id" = $1) AND (u0."roles" && $2) ["f2c15c81-0cef-4e09-97f4-2fea982552ab", ["trader", "admin", "approver"]]
23:09:55.365 [info] 		[36mThen [32mI should see a "Toxic Combination" alert for "Initiate + Approve"
23:09:55.365 [debug] QUERY OK source="users" db=0.6ms
SELECT u0."id", u0."org_id", u0."email", u0."display_name", u0."status", u0."cose_key", u0."credential_id", u0."roles", u0."created_at", u0."updated_at" FROM "users" AS u0 WHERE (u0."org_id" = $1) AND (u0."roles" && $2) ["f2c15c81-0cef-4e09-97f4-2fea982552ab", ["trader", "admin", "approver"]]
23:09:55.365 [info] 		[36mThen [32mthe user "trader@corp.com" should be listed as a conflict
.23:09:55.366 [debug] QUERY OK source="reporting_control_metrics" db=0.4ms
DELETE FROM "reporting_control_metrics" AS r0 []
23:09:55.367 [debug] QUERY OK source="reporting_audit_logs" db=0.3ms
DELETE FROM "reporting_audit_logs" AS r0 []
23:09:55.367 [debug] QUERY OK source="users" db=0.4ms
DELETE FROM "users" AS u0 []
23:09:55.367 [debug] QUERY OK source="projection_versions" db=0.1ms
DELETE FROM "projection_versions" AS p0 []
23:09:55.369 [debug] QUERY OK source="reporting_audit_logs" db=0.7ms queue=0.2ms
INSERT INTO "reporting_audit_logs" ("id","details","org_id","event_type","correlation_id","actor_email","recorded_at","created_at","updated_at") VALUES ($1,$2,$3,$4,$5,$6,$7,$8,$9) ["019d0d83-3328-7ede-b673-62c34a226048", %{transfer_id: "TRF_123"}, "57003a31-be3d-4975-86c6-69a48c7aca63", "transfer_initiated", "dcbf7fae-0ca7-4da4-b625-73b6c73e2588", "tester@nexus.ai", ~U[2026-03-20 23:09:55.368282Z], ~U[2026-03-20 23:09:55.368295Z], ~U[2026-03-20 23:09:55.368295Z]]
23:09:55.369 [info] 		[36mGiven [32ma transfer "TRF_123" was initiated and verified via biometric
23:09:55.369 [info] 		[36mWhen [32mI search for the correlation ID of "TRF_123"
23:09:55.369 [debug] QUERY OK source="reporting_audit_logs" db=0.2ms queue=0.2ms
SELECT r0."id", r0."event_type", r0."actor_email", r0."org_id", r0."tenant_name", r0."details", r0."correlation_id", r0."causation_id", r0."recorded_at", r0."created_at", r0."updated_at" FROM "reporting_audit_logs" AS r0 WHERE (r0."correlation_id" = $1) ["dcbf7fae-0ca7-4da4-b625-73b6c73e2588"]
23:09:55.370 [info] 		[36mThen [32mI should see the complete "Chain of Custody" flow
.23:09:55.370 [info] 		[36mThen [32mevery event node should display a "Cryptographically Sealed" status
23:09:55.370 [debug] QUERY OK source="erp_statement_lines" db=0.4ms
DELETE FROM "erp_statement_lines" AS e0 []
23:09:55.371 [debug] QUERY OK source="erp_statements" db=0.3ms
DELETE FROM "erp_statements" AS e0 []
23:09:55.371 [debug] QUERY OK source="projection_versions" db=0.1ms queue=0.1ms
DELETE FROM "projection_versions" AS p0 WHERE (p0."projection_name" = 'ERP.StatementProjector') []
23:09:55.371 [info] 		[36mGiven [32mI am uploading as organisation "org-f8-a"
23:09:55.371 [debug] Locating aggregate process for `Nexus.ERP.Aggregates.Statement` with UUID "019d0d83-332b-7e50-819c-0d952a74db40"
23:09:55.372 [debug] Nexus.ERP.Aggregates.Statement<019d0d83-332b-7e50-819c-0d952a74db40@0> executing command: %Nexus.ERP.Commands.UploadStatement{statement_id: "019d0d83-332b-7e50-819c-0d952a74db40", org_id: "019d0d83-332b-70b6-809f-03fa988ac1ad", filename: "january.sta", format: "mt940", raw_content: ":20:STMT-REF-001\n:25:IBAN-DE89370400440532013000\n:28C:00001/001\n:60F:C230101EUR10000,00\n:61:2301030103CR1500,00NTRFBACS-REF-001\n:86:VENDOR PAYMENT EUR/USD BATCH A\n:61:2301040104CR2000,00NTRFBACS-REF-002\n:86:FX SETTLEMENT TRANCHE B\n:61:2301050105DR500,00NTRFBACS-REF-003\n:86:BANK CHARGES JAN\n:62F:C230105EUR13000,00\n", uploaded_at: ~U[2026-03-20 23:09:55.371873Z]}
23:09:55.374 [debug] Appended 1 event(s) to stream "019d0d83-332b-7e50-819c-0d952a74db40"
23:09:55.374 [debug] Listener received notification on channel "event_store.events" with payload: "019d0d83-332b-7e50-819c-0d952a74db40,8579,1,1"
23:09:55.374 [debug] Listener received notification on channel "event_store.events" with payload: "$all,0,12141,12141"
23:09:55.375 [debug] QUERY OK source="erp_statements" db=0.1ms
SELECT count(e0."id") FROM "erp_statements" AS e0 WHERE ((e0."org_id" = $1) AND (e0."filename" = $2)) ["019d0d83-332b-70b6-809f-03fa988ac1ad", "january.sta"]
23:09:55.375 [debug] QUERY OK db=0.0ms
begin []
23:09:55.375 [debug] Nexus.ERP.Aggregates.Statement<019d0d83-332b-7e50-819c-0d952a74db40@1> received events: [%Commanded.EventStore.RecordedEvent{event_id: "7268c77c-c790-42ef-9147-34eb6cd7e5f9", event_number: 1, stream_id: "019d0d83-332b-7e50-819c-0d952a74db40", stream_version: 1, causation_id: "197e1d64-edac-45ad-95c7-1f0017b11918", correlation_id: "313ec30f-5e4c-4d08-aff8-c837c1f91213", event_type: "Elixir.Nexus.ERP.Events.StatementUploaded", data: %Nexus.ERP.Events.StatementUploaded{statement_id: "019d0d83-332b-7e50-819c-0d952a74db40", org_id: "019d0d83-332b-70b6-809f-03fa988ac1ad", filename: "january.sta", format: "mt940", lines: [%{id: "019d0d83-332c-7f84-ad01-84271059abac", status: "unmatched", date: "2023-01-03", metadata: %{}, currency: "EUR", ref: "TRFBACS-REF-001", amount: "1500.00", narrative: "VENDOR PAYMENT EUR/USD BATCH A"}, %{id: "019d0d83-332c-7656-855b-993cadbec895", status: "unmatched", date: "2023-01-04", metadata: %{}, currency: "EUR", ref: "TRFBACS-REF-002", amount: "2000.00", narrative: "FX SETTLEMENT TRANCHE B"}, %{id: "019d0d83-332c-72d9-9669-05c2d6a0a1a8", status: "unmatched", date: "2023-01-05", metadata: %{}, currency: "EUR", ref: "TRFBACS-REF-003", amount: "-500.00", narrative: "BANK CHARGES JAN"}], uploaded_at: "2026-03-20T23:09:55.371873Z", content_hash: "B7A5037D782694494B77B3FFB9AFB6CF465E925B8DCF8465887A7EC15965A002"}, created_at: ~U[2026-03-20 23:09:55.372722Z], metadata: %{"causation_id" => "019d0d83-332b-7bfa-a811-e0eee02bc56e", "correlation_id" => "019d0d83-332b-7bfa-a811-e0eee02bc56e"}}]
23:09:55.375 [debug] QUERY OK source="projection_versions" db=0.1ms
INSERT INTO "projection_versions" AS p0 ("projection_name","last_seen_event_number","inserted_at","updated_at") VALUES ($1,$2,$3,$4) ON CONFLICT ("projection_name") DO UPDATE SET "last_seen_event_number" = $5 WHERE ((p0."projection_name" = $6) AND (p0."last_seen_event_number" < $7)) ["ERP.StatementProjector", 1, ~N[2026-03-20 23:09:55.375548], ~N[2026-03-20 23:09:55.375548], 1, "ERP.StatementProjector", 1]
23:09:55.376 [debug] QUERY OK source="erp_statements" db=0.1ms
INSERT INTO "erp_statements" ("id","status","filename","format","org_id","uploaded_at","content_hash","line_count","matched_count","overlap_warning","created_at","updated_at") VALUES ($1,$2,$3,$4,$5,$6,$7,$8,$9,$10,$11,$12) ON CONFLICT ("id") DO NOTHING ["019d0d83-332b-7e50-819c-0d952a74db40", "uploaded", "january.sta", "mt940", "019d0d83-332b-70b6-809f-03fa988ac1ad", ~U[2026-03-20 23:09:55.374972Z], "hash_mt940", 3, 0, false, ~U[2026-03-20 23:09:55.375817Z], ~U[2026-03-20 23:09:55.375817Z]]
23:09:55.376 [debug] QUERY OK source="erp_statement_lines" db=0.2ms
INSERT INTO "erp_statement_lines" ("id","status","date","metadata","currency","ref","amount","org_id","statement_id","narrative","created_at","updated_at") VALUES ($1,$2,$3,$4,$5,$6,$7,$8,$9,$10,$11,$12) ON CONFLICT ("id") DO NOTHING ["019d0d83-332e-7906-8ae5-ce764d27656a", "unmatched", "2023-01-03", %{}, "EUR", "TRFBACS-REF-001", Decimal.new("1500.00"), "019d0d83-332b-70b6-809f-03fa988ac1ad", "019d0d83-332b-7e50-819c-0d952a74db40", "VENDOR PAYMENT EUR/USD BATCH A", ~U[2026-03-20 23:09:55.376082Z], ~U[2026-03-20 23:09:55.376082Z]]
23:09:55.376 [debug] QUERY OK source="erp_statement_lines" db=0.1ms
INSERT INTO "erp_statement_lines" ("id","status","date","metadata","currency","ref","amount","org_id","statement_id","narrative","created_at","updated_at") VALUES ($1,$2,$3,$4,$5,$6,$7,$8,$9,$10,$11,$12) ON CONFLICT ("id") DO NOTHING ["019d0d83-332e-7b89-adcf-f27ff34105aa", "unmatched", "2023-01-04", %{}, "EUR", "TRFBACS-REF-002", Decimal.new("2000.00"), "019d0d83-332b-70b6-809f-03fa988ac1ad", "019d0d83-332b-7e50-819c-0d952a74db40", "FX SETTLEMENT TRANCHE B", ~U[2026-03-20 23:09:55.376374Z], ~U[2026-03-20 23:09:55.376374Z]]
23:09:55.376 [debug] QUERY OK source="erp_statement_lines" db=0.1ms
INSERT INTO "erp_statement_lines" ("id","status","date","metadata","currency","ref","amount","org_id","statement_id","narrative","created_at","updated_at") VALUES ($1,$2,$3,$4,$5,$6,$7,$8,$9,$10,$11,$12) ON CONFLICT ("id") DO NOTHING ["019d0d83-332e-7871-9ebb-9dc6fbf053d9", "unmatched", "2023-01-05", %{}, "EUR", "TRFBACS-REF-003", Decimal.new("-500.00"), "019d0d83-332b-70b6-809f-03fa988ac1ad", "019d0d83-332b-7e50-819c-0d952a74db40", "BANK CHARGES JAN", ~U[2026-03-20 23:09:55.376629Z], ~U[2026-03-20 23:09:55.376629Z]]
23:09:55.377 [debug] QUERY OK db=0.3ms
commit []
23:09:55.377 [info] 		[36mWhen [32mI upload an MT940 statement with 3 transaction lines
23:09:55.377 [debug] QUERY OK source="erp_statements" db=0.1ms
SELECT e0."id", e0."org_id", e0."filename", e0."format", e0."status", e0."line_count", e0."matched_count", e0."overlap_warning", e0."content_hash", e0."uploaded_at", e0."error_message", e0."created_at", e0."updated_at" FROM "erp_statements" AS e0 WHERE (e0."id" = $1) ["019d0d83-332b-7e50-819c-0d952a74db40"]
23:09:55.377 [info] 		[36mThen [32mthe statement should be accepted
23:09:55.378 [debug] QUERY OK source="erp_statement_lines" db=0.2ms queue=0.2ms
SELECT count(e0."id") FROM "erp_statement_lines" AS e0 WHERE (e0."statement_id" = $1) ["019d0d83-332b-7e50-819c-0d952a74db40"]
.23:09:55.378 [info] 		[36mThen [32mthe statement should have 3 parsed lines
23:09:55.378 [debug] QUERY OK source="erp_statement_lines" db=0.4ms
DELETE FROM "erp_statement_lines" AS e0 []
23:09:55.379 [debug] QUERY OK source="erp_statements" db=0.4ms
DELETE FROM "erp_statements" AS e0 []
23:09:55.379 [debug] QUERY OK source="projection_versions" db=0.3ms
DELETE FROM "projection_versions" AS p0 WHERE (p0."projection_name" = 'ERP.StatementProjector') []
23:09:55.379 [info] 		[36mGiven [32mI am uploading as organisation "org-f8-b"
23:09:55.379 [debug] Locating aggregate process for `Nexus.ERP.Aggregates.Statement` with UUID "019d0d83-3333-7e0f-879d-23b6655b3b70"
23:09:55.380 [debug] Nexus.ERP.Aggregates.Statement<019d0d83-3333-7e0f-879d-23b6655b3b70@0> executing command: %Nexus.ERP.Commands.UploadStatement{statement_id: "019d0d83-3333-7e0f-879d-23b6655b3b70", org_id: "019d0d83-3333-7c70-8ee6-f4d81405fcf5", filename: "january.csv", format: "csv", raw_content: "date,ref,amount,currency,narrative\n2023-01-03,BACS-REF-001,1500.00,EUR,Vendor Payment Batch A\n2023-01-04,BACS-REF-002,2000.00,USD,FX Settlement Tranche B\n", uploaded_at: ~U[2026-03-20 23:09:55.379805Z]}
23:09:55.382 [debug] Appended 1 event(s) to stream "019d0d83-3333-7e0f-879d-23b6655b3b70"
23:09:55.382 [debug] Listener received notification on channel "event_store.events" with payload: "019d0d83-3333-7e0f-879d-23b6655b3b70,8580,1,1"
23:09:55.382 [debug] Listener received notification on channel "event_store.events" with payload: "$all,0,12142,12142"
23:09:55.383 [debug] Nexus.ERP.Aggregates.Statement<019d0d83-3333-7e0f-879d-23b6655b3b70@1> received events: [%Commanded.EventStore.RecordedEvent{event_id: "10f65bcb-ac5a-4ff0-8712-8d5bfa537607", event_number: 1, stream_id: "019d0d83-3333-7e0f-879d-23b6655b3b70", stream_version: 1, causation_id: "d2d80fab-f525-4296-914d-d42f4bf45cd1", correlation_id: "ff61bf2a-70d3-4b1b-bd32-7bcc21051aa2", event_type: "Elixir.Nexus.ERP.Events.StatementUploaded", data: %Nexus.ERP.Events.StatementUploaded{statement_id: "019d0d83-3333-7e0f-879d-23b6655b3b70", org_id: "019d0d83-3333-7c70-8ee6-f4d81405fcf5", filename: "january.csv", format: "csv", lines: [%{id: "019d0d83-3334-7de0-b2ff-6d350657bfe8", status: "unmatched", date: "2023-01-03", metadata: %{}, currency: "EUR", ref: "BACS-REF-001", amount: "1500.00", narrative: "Vendor Payment Batch A"}, %{id: "019d0d83-3334-7d94-b2ec-e34cdbf4c5cb", status: "unmatched", date: "2023-01-04", metadata: %{}, currency: "USD", ref: "BACS-REF-002", amount: "2000.00", narrative: "FX Settlement Tranche B"}], uploaded_at: "2026-03-20T23:09:55.379805Z", content_hash: "B239170FECC090C8FE420468A3019623DEB187E3E0E8BB6DAA37F027FE841000"}, created_at: ~U[2026-03-20 23:09:55.380579Z], metadata: %{"causation_id" => "019d0d83-3333-7677-92f9-c494b3e47a23", "correlation_id" => "019d0d83-3333-7677-92f9-c494b3e47a23"}}]
23:09:55.383 [debug] QUERY OK source="erp_statements" db=0.8ms
SELECT count(e0."id") FROM "erp_statements" AS e0 WHERE ((e0."org_id" = $1) AND (e0."filename" = $2)) ["019d0d83-3333-7c70-8ee6-f4d81405fcf5", "january.csv"]
23:09:55.384 [debug] QUERY OK db=0.1ms
begin []
23:09:55.384 [debug] QUERY OK source="projection_versions" db=0.2ms
INSERT INTO "projection_versions" AS p0 ("projection_name","last_seen_event_number","inserted_at","updated_at") VALUES ($1,$2,$3,$4) ON CONFLICT ("projection_name") DO UPDATE SET "last_seen_event_number" = $5 WHERE ((p0."projection_name" = $6) AND (p0."last_seen_event_number" < $7)) ["ERP.StatementProjector", 1, ~N[2026-03-20 23:09:55.384102], ~N[2026-03-20 23:09:55.384102], 1, "ERP.StatementProjector", 1]
23:09:55.385 [debug] QUERY OK source="erp_statements" db=0.2ms
INSERT INTO "erp_statements" ("id","status","filename","format","org_id","uploaded_at","content_hash","line_count","matched_count","overlap_warning","created_at","updated_at") VALUES ($1,$2,$3,$4,$5,$6,$7,$8,$9,$10,$11,$12) ON CONFLICT ("id") DO NOTHING ["019d0d83-3333-7e0f-879d-23b6655b3b70", "uploaded", "january.csv", "csv", "019d0d83-3333-7c70-8ee6-f4d81405fcf5", ~U[2026-03-20 23:09:55.382822Z], "hash_csv", 2, 0, false, ~U[2026-03-20 23:09:55.384693Z], ~U[2026-03-20 23:09:55.384693Z]]
23:09:55.385 [debug] QUERY OK source="erp_statement_lines" db=0.3ms
INSERT INTO "erp_statement_lines" ("id","status","date","metadata","currency","ref","amount","org_id","statement_id","narrative","created_at","updated_at") VALUES ($1,$2,$3,$4,$5,$6,$7,$8,$9,$10,$11,$12) ON CONFLICT ("id") DO NOTHING ["019d0d83-3336-7c65-a270-340c67fc86f0", "unmatched", "2023-01-03", %{}, "EUR", "BACS-REF-001", Decimal.new("1500.00"), "019d0d83-3333-7c70-8ee6-f4d81405fcf5", "019d0d83-3333-7e0f-879d-23b6655b3b70", "Vendor Payment Batch A", ~U[2026-03-20 23:09:55.385203Z], ~U[2026-03-20 23:09:55.385203Z]]
23:09:55.385 [debug] QUERY OK source="erp_statement_lines" db=0.1ms
INSERT INTO "erp_statement_lines" ("id","status","date","metadata","currency","ref","amount","org_id","statement_id","narrative","created_at","updated_at") VALUES ($1,$2,$3,$4,$5,$6,$7,$8,$9,$10,$11,$12) ON CONFLICT ("id") DO NOTHING ["019d0d83-3336-7280-97a9-848aa3347af6", "unmatched", "2023-01-04", %{}, "USD", "BACS-REF-002", Decimal.new("2000.00"), "019d0d83-3333-7c70-8ee6-f4d81405fcf5", "019d0d83-3333-7e0f-879d-23b6655b3b70", "FX Settlement Tranche B", ~U[2026-03-20 23:09:55.385760Z], ~U[2026-03-20 23:09:55.385760Z]]
23:09:55.386 [debug] QUERY OK db=0.2ms
commit []
23:09:55.386 [info] 		[36mWhen [32mI upload a CSV statement with 2 transaction lines
23:09:55.386 [debug] QUERY OK source="erp_statements" db=0.4ms
SELECT e0."id", e0."org_id", e0."filename", e0."format", e0."status", e0."line_count", e0."matched_count", e0."overlap_warning", e0."content_hash", e0."uploaded_at", e0."error_message", e0."created_at", e0."updated_at" FROM "erp_statements" AS e0 WHERE (e0."id" = $1) ["019d0d83-3333-7e0f-879d-23b6655b3b70"]
23:09:55.387 [info] 		[36mThen [32mthe statement should be accepted
23:09:55.387 [debug] QUERY OK source="erp_statement_lines" db=0.6ms
SELECT count(e0."id") FROM "erp_statement_lines" AS e0 WHERE (e0."statement_id" = $1) ["019d0d83-3333-7e0f-879d-23b6655b3b70"]
23:09:55.387 [info] 		[36mThen [32mthe statement should have 2 parsed lines
.23:09:55.388 [debug] QUERY OK source="erp_statement_lines" db=0.2ms
DELETE FROM "erp_statement_lines" AS e0 []
23:09:55.388 [debug] QUERY OK source="erp_statements" db=0.2ms
DELETE FROM "erp_statements" AS e0 []
23:09:55.389 [debug] QUERY OK source="projection_versions" db=0.4ms
DELETE FROM "projection_versions" AS p0 WHERE (p0."projection_name" = 'ERP.StatementProjector') []
23:09:55.389 [info] 		[36mGiven [32mI am uploading as organisation "org-f8-c"
23:09:55.389 [debug] Locating aggregate process for `Nexus.ERP.Aggregates.Statement` with UUID "019d0d83-333d-76ce-836c-73041cf54ed1"
23:09:55.389 [debug] Nexus.ERP.Aggregates.Statement<019d0d83-333d-76ce-836c-73041cf54ed1@0> executing command: %Nexus.ERP.Commands.UploadStatement{statement_id: "019d0d83-333d-76ce-836c-73041cf54ed1", org_id: "019d0d83-333d-752f-b2ec-944606c047f5", filename: "broken.sta", format: "mt940", raw_content: "", uploaded_at: ~U[2026-03-20 23:09:55.389487Z]}
23:09:55.393 [debug] Appended 1 event(s) to stream "019d0d83-333d-76ce-836c-73041cf54ed1"
23:09:55.393 [debug] Listener received notification on channel "event_store.events" with payload: "019d0d83-333d-76ce-836c-73041cf54ed1,8581,1,1"
23:09:55.393 [debug] Listener received notification on channel "event_store.events" with payload: "$all,0,12143,12143"
23:09:55.393 [info] 		[36mWhen [32mI upload an invalid statement file
23:09:55.394 [debug] QUERY OK source="erp_statements" db=0.3ms
SELECT e0."id", e0."org_id", e0."filename", e0."format", e0."status", e0."line_count", e0."matched_count", e0."overlap_warning", e0."content_hash", e0."uploaded_at", e0."error_message", e0."created_at", e0."updated_at" FROM "erp_statements" AS e0 WHERE (e0."id" = $1) ["019d0d83-333d-76ce-836c-73041cf54ed1"]
.23:09:55.394 [info] 		[36mThen [32mthe statement should be rejected with a reason
23:09:55.394 [debug] Nexus.ERP.Aggregates.Statement<019d0d83-333d-76ce-836c-73041cf54ed1@1> received events: [%Commanded.EventStore.RecordedEvent{event_id: "abb3bbba-ef60-420c-9a72-5d0505f864fb", event_number: 1, stream_id: "019d0d83-333d-76ce-836c-73041cf54ed1", stream_version: 1, causation_id: "e2ac60fc-e96b-4167-b464-4de2b5bec904", correlation_id: "f3c36061-bb45-4dd5-aaad-a99d93af5abf", event_type: "Elixir.Nexus.ERP.Events.StatementRejected", data: %Nexus.ERP.Events.StatementRejected{statement_id: "019d0d83-333d-76ce-836c-73041cf54ed1", org_id: "019d0d83-333d-752f-b2ec-944606c047f5", filename: "broken.sta", reason: "File content is empty", rejected_at: "2026-03-20T23:09:55.389487Z"}, created_at: ~U[2026-03-20 23:09:55.390241Z], metadata: %{"causation_id" => "019d0d83-333d-7d67-9ab5-8312f3cadd51", "correlation_id" => "019d0d83-333d-7d67-9ab5-8312f3cadd51"}}]

=== DISPATCHING MOCK COMMAND ===
23:09:55.394 [debug] Locating aggregate process for `Nexus.Treasury.Aggregates.Forecast` with UUID "forecast-00000000-0000-0000-0000-000000000000"
23:09:55.398 [debug] Nexus.Treasury.Aggregates.Forecast<forecast-00000000-0000-0000-0000-000000000000@123> executing command: %Nexus.Treasury.Commands.GenerateForecast{org_id: "00000000-0000-0000-0000-000000000000", currency: "EUR", horizon_days: 30, predictions: [%{date: "2026-03-03", predicted_amount: 1000.5}], generated_at: ~U[2026-03-20 23:09:55.394346Z]}
23:09:55.399 [debug] Appended 1 event(s) to stream "forecast-00000000-0000-0000-0000-000000000000"
.23:09:55.399 [debug] Listener received notification on channel "event_store.events" with payload: "forecast-00000000-0000-0000-0000-000000000000,17,124,124"
23:09:55.399 [debug] Listener received notification on channel "event_store.events" with payload: "$all,0,12144,12144"
23:09:55.400 [debug] Nexus.Treasury.Aggregates.Forecast<forecast-00000000-0000-0000-0000-000000000000@124> received events: [%Commanded.EventStore.RecordedEvent{event_id: "23be5a2a-b410-40e7-9593-1daa629e9388", event_number: 124, stream_id: "forecast-00000000-0000-0000-0000-000000000000", stream_version: 124, causation_id: "f934aea4-48d8-423a-8f4e-f99c01306015", correlation_id: "2c02e510-c7f3-4fbb-b451-9bfb33dc25b0", event_type: "Elixir.Nexus.Treasury.Events.ForecastGenerated", data: %Nexus.Treasury.Events.ForecastGenerated{org_id: "00000000-0000-0000-0000-000000000000", currency: "EUR", horizon_days: 30, predictions: [%{date: "2026-03-03", predicted_amount: 1000.5}], generated_at: "2026-03-20T23:09:55.394346Z"}, created_at: ~U[2026-03-20 23:09:55.398776Z], metadata: %{"causation_id" => "019d0d83-3342-7cab-93c4-483f299fc73c", "correlation_id" => "019d0d83-3342-7cab-93c4-483f299fc73c"}}]
23:09:55.400 [debug] QUERY OK source="treasury_reconciliations" db=0.5ms queue=0.2ms
DELETE FROM "treasury_reconciliations" AS t0 []
23:09:55.401 [debug] QUERY OK source="erp_statement_lines" db=0.3ms
DELETE FROM "erp_statement_lines" AS e0 []
23:09:55.401 [debug] QUERY OK source="erp_invoices" db=0.4ms
DELETE FROM "erp_invoices" AS e0 []
23:09:55.401 [debug] QUERY OK db=0.1ms
DELETE FROM projection_versions []
23:09:55.402 [debug] Locating aggregate process for `Nexus.ERP.Aggregates.Invoice` with UUID "019d0d83-334a-7010-9a06-ee36f50f7e07"
23:09:55.402 [debug] Nexus.ERP.Aggregates.Invoice<019d0d83-334a-7010-9a06-ee36f50f7e07@0> executing command: %Nexus.ERP.Commands.IngestInvoice{org_id: "019d0d83-3347-784a-a507-b3da919cb68c", invoice_id: "019d0d83-334a-7010-9a06-ee36f50f7e07", entity_id: "ENT-101", currency: "EUR", amount: "1500.00", due_date: ~D[2026-04-19], subsidiary: "Munich HQ", line_items: [%{description: "Service", amount: "1500.00"}], sap_document_number: "SAP-101", sap_status: "Verified", ingested_at: ~U[2026-03-20 23:09:55.402032Z]}
23:09:55.403 [debug] Appended 1 event(s) to stream "019d0d83-334a-7010-9a06-ee36f50f7e07"
23:09:55.404 [debug] Listener received notification on channel "event_store.events" with payload: "019d0d83-334a-7010-9a06-ee36f50f7e07,8582,1,1"
23:09:55.404 [debug] Listener received notification on channel "event_store.events" with payload: "$all,0,12145,12145"
23:09:55.404 [debug] Nexus.ERP.Aggregates.Invoice<019d0d83-334a-7010-9a06-ee36f50f7e07@1> received events: [%Commanded.EventStore.RecordedEvent{event_id: "9ed39ebd-b06a-42af-b42d-da03e5846acb", event_number: 1, stream_id: "019d0d83-334a-7010-9a06-ee36f50f7e07", stream_version: 1, causation_id: "a57ff602-b26a-4735-b16c-5158a0cbe2f2", correlation_id: "941b2cdc-4153-4b6d-9c09-9248b421c26c", event_type: "Elixir.Nexus.ERP.Events.InvoiceIngested", data: %Nexus.ERP.Events.InvoiceIngested{org_id: "019d0d83-3347-784a-a507-b3da919cb68c", invoice_id: "019d0d83-334a-7010-9a06-ee36f50f7e07", entity_id: "ENT-101", currency: "EUR", amount: "1500.00", due_date: "2026-04-19", subsidiary: "Munich HQ", line_items: [%{description: "Service", amount: "1500.00"}], sap_document_number: "SAP-101", sap_status: "Verified", ingested_at: "2026-03-20T23:09:55.402032Z"}, created_at: ~U[2026-03-20 23:09:55.403062Z], metadata: %{"causation_id" => "019d0d83-334a-7c90-8389-31df9a31f975", "correlation_id" => "019d0d83-334a-7c90-8389-31df9a31f975"}}]
23:09:55.405 [debug] QUERY OK db=0.1ms
begin []
23:09:55.405 [debug] QUERY OK source="projection_versions" db=0.3ms
INSERT INTO "projection_versions" AS p0 ("projection_name","last_seen_event_number","inserted_at","updated_at") VALUES ($1,$2,$3,$4) ON CONFLICT ("projection_name") DO UPDATE SET "last_seen_event_number" = $5 WHERE ((p0."projection_name" = $6) AND (p0."last_seen_event_number" < $7)) ["ERP.InvoiceProjector", 1, ~N[2026-03-20 23:09:55.405188], ~N[2026-03-20 23:09:55.405188], 1, "ERP.InvoiceProjector", 1]
23:09:55.406 [debug] QUERY OK source="erp_invoices" db=0.2ms
INSERT INTO "erp_invoices" ("id","status","currency","amount","org_id","entity_id","subsidiary","due_date","line_items","sap_document_number","sap_status","created_at","updated_at") VALUES ($1,$2,$3,$4,$5,$6,$7,$8,$9,$10,$11,$12,$13) ON CONFLICT ("id") DO NOTHING ["019d0d83-334a-7010-9a06-ee36f50f7e07", "ingested", "EUR", Decimal.new("1500.00"), "019d0d83-3347-784a-a507-b3da919cb68c", "ENT-101", "Munich HQ", ~U[2026-04-19 00:00:00.000000Z], [%{description: "Service", amount: "1500.00"}], "SAP-101", "Verified", ~U[2026-03-20 23:09:55.402032Z], ~U[2026-03-20 23:09:55.402032Z]]
23:09:55.406 [debug] QUERY OK db=0.2ms
commit []
23:09:55.408 [debug] Appended 1 event(s) to stream "AutomatedTest.PM-019d0d83-3347-784a-a507-b3da919cb68c"
23:09:55.408 [debug] Locating aggregate process for `Nexus.ERP.Aggregates.Statement` with UUID "019d0d83-3350-733d-8cb6-364d858e3be3"
23:09:55.408 [debug] Listener received notification on channel "event_store.events" with payload: "AutomatedTest.PM-019d0d83-3347-784a-a507-b3da919cb68c,8583,1,1"
23:09:55.408 [debug] Listener received notification on channel "event_store.events" with payload: "$all,0,12146,12146"
23:09:55.408 [debug] Nexus.ERP.Aggregates.Statement<019d0d83-3350-733d-8cb6-364d858e3be3@0> executing command: %Nexus.ERP.Commands.UploadStatement{statement_id: "019d0d83-3350-733d-8cb6-364d858e3be3", org_id: "019d0d83-3347-784a-a507-b3da919cb68c", filename: "statement.csv", format: "csv", raw_content: "date,ref,amount,currency,narrative\n2024-03-02,BANK-REF-101,-1500.00,EUR,Payment for SAP-101\n", uploaded_at: ~U[2026-03-20 23:09:55.408417Z]}
23:09:55.411 [debug] Appended 1 event(s) to stream "019d0d83-3350-733d-8cb6-364d858e3be3"
23:09:55.411 [debug] Listener received notification on channel "event_store.events" with payload: "019d0d83-3350-733d-8cb6-364d858e3be3,8584,1,1"
23:09:55.411 [debug] Listener received notification on channel "event_store.events" with payload: "$all,0,12147,12147"
23:09:55.412 [debug] Nexus.ERP.Aggregates.Statement<019d0d83-3350-733d-8cb6-364d858e3be3@1> received events: [%Commanded.EventStore.RecordedEvent{event_id: "359db3fa-396b-44e6-8816-e818389e665d", event_number: 1, stream_id: "019d0d83-3350-733d-8cb6-364d858e3be3", stream_version: 1, causation_id: "c6993a9e-8bd1-43f7-9498-6635fa16db1b", correlation_id: "a81a9ef8-93a3-43a2-960d-4623a30e37f5", event_type: "Elixir.Nexus.ERP.Events.StatementUploaded", data: %Nexus.ERP.Events.StatementUploaded{statement_id: "019d0d83-3350-733d-8cb6-364d858e3be3", org_id: "019d0d83-3347-784a-a507-b3da919cb68c", filename: "statement.csv", format: "csv", lines: [%{id: "019d0d83-3350-78ec-9148-578580a81cf3", status: "unmatched", date: "2024-03-02", metadata: %{}, currency: "EUR", ref: "BANK-REF-101", amount: "-1500.00", narrative: "Payment for SAP-101"}], uploaded_at: "2026-03-20T23:09:55.408417Z", content_hash: "9617CE13881E73C0546F5116917830BE008F52E4218CB47C0069FE2D8077E700"}, created_at: ~U[2026-03-20 23:09:55.409209Z], metadata: %{"causation_id" => "019d0d83-3350-785a-9d9f-a3f503c0785c", "correlation_id" => "019d0d83-3350-785a-9d9f-a3f503c0785c"}}]
23:09:55.412 [debug] QUERY OK source="erp_statements" db=0.3ms
SELECT count(e0."id") FROM "erp_statements" AS e0 WHERE ((e0."org_id" = $1) AND (e0."filename" = $2)) ["019d0d83-3347-784a-a507-b3da919cb68c", "statement.csv"]
23:09:55.413 [debug] QUERY OK db=0.0ms
begin []
23:09:55.413 [debug] QUERY OK source="projection_versions" db=0.2ms
INSERT INTO "projection_versions" AS p0 ("projection_name","last_seen_event_number","inserted_at","updated_at") VALUES ($1,$2,$3,$4) ON CONFLICT ("projection_name") DO UPDATE SET "last_seen_event_number" = $5 WHERE ((p0."projection_name" = $6) AND (p0."last_seen_event_number" < $7)) ["ERP.StatementProjector", 1, ~N[2026-03-20 23:09:55.413089], ~N[2026-03-20 23:09:55.413089], 1, "ERP.StatementProjector", 1]
23:09:55.413 [debug] QUERY OK source="erp_statements" db=0.1ms
INSERT INTO "erp_statements" ("id","status","filename","format","org_id","uploaded_at","content_hash","line_count","matched_count","overlap_warning","created_at","updated_at") VALUES ($1,$2,$3,$4,$5,$6,$7,$8,$9,$10,$11,$12) ON CONFLICT ("id") DO NOTHING ["019d0d83-3350-733d-8cb6-364d858e3be3", "uploaded", "statement.csv", "csv", "019d0d83-3347-784a-a507-b3da919cb68c", ~U[2026-03-20 23:09:55.408417Z], "9617CE13881E73C0546F5116917830BE008F52E4218CB47C0069FE2D8077E700", 1, 0, false, ~U[2026-03-20 23:09:55.413552Z], ~U[2026-03-20 23:09:55.413552Z]]
23:09:55.414 [debug] QUERY OK source="erp_statement_lines" db=0.1ms
INSERT INTO "erp_statement_lines" ("id","status","date","metadata","currency","ref","amount","org_id","statement_id","narrative","created_at","updated_at") VALUES ($1,$2,$3,$4,$5,$6,$7,$8,$9,$10,$11,$12) ON CONFLICT ("id") DO NOTHING ["019d0d83-3350-78ec-9148-578580a81cf3", "unmatched", "2024-03-02", %{}, "EUR", "BANK-REF-101", Decimal.new("-1500.00"), "019d0d83-3347-784a-a507-b3da919cb68c", "019d0d83-3350-733d-8cb6-364d858e3be3", "Payment for SAP-101", ~U[2026-03-20 23:09:55.413857Z], ~U[2026-03-20 23:09:55.413857Z]]
23:09:55.414 [debug] QUERY OK db=0.5ms
commit []
23:09:55.415 [debug] Locating aggregate process for `Nexus.Treasury.Aggregates.Reconciliation` with UUID "019d0d83-3357-7ce5-a714-e3c62c3853fa"
23:09:55.416 [debug] Nexus.Treasury.Aggregates.Reconciliation<019d0d83-3357-7ce5-a714-e3c62c3853fa@0> executing command: %Nexus.Treasury.Commands.ReconcileTransaction{org_id: "019d0d83-3347-784a-a507-b3da919cb68c", reconciliation_id: "019d0d83-3357-7ce5-a714-e3c62c3853fa", invoice_id: "019d0d83-334a-7010-9a06-ee36f50f7e07", statement_id: "019d0d83-3350-733d-8cb6-364d858e3be3", statement_line_id: "019d0d83-3350-78ec-9148-578580a81cf3", amount: Decimal.new("1500.00"), variance: nil, variance_reason: nil, actor_email: "system@nexus.ai", currency: "EUR", timestamp: ~U[2026-03-20 23:09:55.415929Z]}
23:09:55.417 [debug] Appended 1 event(s) to stream "019d0d83-3357-7ce5-a714-e3c62c3853fa"
23:09:55.417 [debug] Listener received notification on channel "event_store.events" with payload: "019d0d83-3357-7ce5-a714-e3c62c3853fa,8585,1,1"
23:09:55.417 [debug] Listener received notification on channel "event_store.events" with payload: "$all,0,12148,12148"
23:09:55.418 [debug] Nexus.Treasury.Aggregates.Reconciliation<019d0d83-3357-7ce5-a714-e3c62c3853fa@1> received events: [%Commanded.EventStore.RecordedEvent{event_id: "62ca6aec-a94b-4913-8867-573cd34a62d7", event_number: 1, stream_id: "019d0d83-3357-7ce5-a714-e3c62c3853fa", stream_version: 1, causation_id: "9c8c9a12-5bd7-4758-ba66-069f89b60ce9", correlation_id: "22e5d089-edc3-4e2e-91ea-5b3d70e210c1", event_type: "Elixir.Nexus.Treasury.Events.TransactionReconciled", data: %Nexus.Treasury.Events.TransactionReconciled{org_id: "019d0d83-3347-784a-a507-b3da919cb68c", reconciliation_id: "019d0d83-3357-7ce5-a714-e3c62c3853fa", invoice_id: "019d0d83-334a-7010-9a06-ee36f50f7e07", statement_id: "019d0d83-3350-733d-8cb6-364d858e3be3", statement_line_id: "019d0d83-3350-78ec-9148-578580a81cf3", amount: "1500.00", variance: nil, variance_reason: nil, actor_email: "system@nexus.ai", currency: "EUR", timestamp: "2026-03-20T23:09:55.415929Z"}, created_at: ~U[2026-03-20 23:09:55.416687Z], metadata: %{"causation_id" => "019d0d83-3357-7765-8f35-b4308c07edd4", "correlation_id" => "019d0d83-3357-7765-8f35-b4308c07edd4"}}]
23:09:55.418 [debug] QUERY OK db=0.1ms
begin []
23:09:55.419 [debug] QUERY OK source="projection_versions" db=0.1ms
INSERT INTO "projection_versions" AS p0 ("projection_name","last_seen_event_number","inserted_at","updated_at") VALUES ($1,$2,$3,$4) ON CONFLICT ("projection_name") DO UPDATE SET "last_seen_event_number" = $5 WHERE ((p0."projection_name" = $6) AND (p0."last_seen_event_number" < $7)) ["Treasury.ReconciliationProjector", 1, ~N[2026-03-20 23:09:55.418805], ~N[2026-03-20 23:09:55.418805], 1, "Treasury.ReconciliationProjector", 1]
23:09:55.419 [debug] QUERY OK source="treasury_reconciliations" db=0.2ms
INSERT INTO "treasury_reconciliations" AS t0 ("id","status","currency","amount","org_id","invoice_id","statement_id","statement_line_id","matched_at","actor_email","variance","created_at","updated_at") VALUES ($1,$2,$3,$4,$5,$6,$7,$8,$9,$10,$11,$12,$13) ON CONFLICT ("id") DO UPDATE SET "status" = $14, "actor_email" = $15, "matched_at" = $16 ["019d0d83-3357-7ce5-a714-e3c62c3853fa", :matched, "EUR", Decimal.new("1500.00"), "019d0d83-3347-784a-a507-b3da919cb68c", "019d0d83-334a-7010-9a06-ee36f50f7e07", "019d0d83-3350-733d-8cb6-364d858e3be3", "019d0d83-3350-78ec-9148-578580a81cf3", ~U[2026-03-20 23:09:55.415929Z], "system@nexus.ai", Decimal.new("0.00"), ~U[2026-03-20 23:09:55.419082Z], ~U[2026-03-20 23:09:55.419082Z], :matched, "system@nexus.ai", ~U[2026-03-20 23:09:55.415929Z]]
23:09:55.420 [debug] QUERY OK source="erp_invoices" db=0.5ms
UPDATE "erp_invoices" AS e0 SET "status" = $1 WHERE ((e0."id" = $2) AND (e0."org_id" = $3)) ["matched", "019d0d83-334a-7010-9a06-ee36f50f7e07", "019d0d83-3347-784a-a507-b3da919cb68c"]
23:09:55.420 [debug] QUERY OK source="erp_statement_lines" db=0.6ms
UPDATE "erp_statement_lines" AS e0 SET "status" = $1 WHERE ((e0."id" = $2) AND (e0."org_id" = $3)) ["matched", "019d0d83-3350-78ec-9148-578580a81cf3", "019d0d83-3347-784a-a507-b3da919cb68c"]
23:09:55.421 [debug] QUERY OK source="erp_statements" db=0.5ms
UPDATE "erp_statements" AS e0 SET "matched_count" = e0."matched_count" + $1 WHERE ((e0."id" = $2) AND (e0."org_id" = $3)) [1, "019d0d83-3350-733d-8cb6-364d858e3be3", "019d0d83-3347-784a-a507-b3da919cb68c"]
23:09:55.421 [debug] QUERY OK db=0.2ms
commit []
23:09:55.423 [debug] Appended 1 event(s) to stream "AutomatedTest.PM-019d0d83-3347-784a-a507-b3da919cb68c"
23:09:55.423 [debug] Listener received notification on channel "event_store.events" with payload: "AutomatedTest.PM-019d0d83-3347-784a-a507-b3da919cb68c,8583,2,2"
23:09:55.423 [debug] Listener received notification on channel "event_store.events" with payload: "$all,0,12149,12149"
23:09:55.424 [debug] QUERY OK source="treasury_reconciliations" db=0.3ms queue=0.2ms
SELECT t0."id", t0."org_id", t0."invoice_id", t0."statement_id", t0."statement_line_id", t0."amount", t0."variance", t0."variance_reason", t0."actor_email", t0."currency", t0."status", t0."matched_at", t0."created_at", t0."updated_at" FROM "treasury_reconciliations" AS t0 WHERE (t0."invoice_id" = $1) ["019d0d83-334a-7010-9a06-ee36f50f7e07"]
23:09:55.424 [debug] QUERY OK source="erp_invoices" db=0.1ms
SELECT e0."id", e0."org_id", e0."entity_id", e0."currency", e0."amount", e0."subsidiary", e0."line_items", e0."sap_document_number", e0."sap_status", e0."due_date", e0."status", e0."created_at", e0."updated_at" FROM "erp_invoices" AS e0 WHERE (e0."id" = $1) ["019d0d83-334a-7010-9a06-ee36f50f7e07"]
.23:09:55.425 [debug] QUERY OK source="treasury_reconciliations" db=0.6ms
DELETE FROM "treasury_reconciliations" AS t0 []
23:09:55.425 [debug] QUERY OK source="erp_statement_lines" db=0.2ms
DELETE FROM "erp_statement_lines" AS e0 []
23:09:55.426 [debug] QUERY OK source="erp_invoices" db=0.6ms
DELETE FROM "erp_invoices" AS e0 []
23:09:55.426 [debug] QUERY OK db=0.2ms queue=0.1ms
DELETE FROM projection_versions []
23:09:55.426 [debug] Locating aggregate process for `Nexus.ERP.Aggregates.Statement` with UUID "019d0d83-3362-705e-be63-c529f13ea09c"
23:09:55.427 [debug] Nexus.ERP.Aggregates.Statement<019d0d83-3362-705e-be63-c529f13ea09c@0> executing command: %Nexus.ERP.Commands.UploadStatement{statement_id: "019d0d83-3362-705e-be63-c529f13ea09c", org_id: "019d0d83-3360-7aa2-bf98-48897ad9feec", filename: "statement.csv", format: "csv", raw_content: "date,ref,amount,currency,narrative\n2024-03-02,BANK-REF-202,-2400.00,USD,Deposit 202\n", uploaded_at: ~U[2026-03-20 23:09:55.426744Z]}
23:09:55.428 [debug] Appended 1 event(s) to stream "019d0d83-3362-705e-be63-c529f13ea09c"
23:09:55.428 [debug] Listener received notification on channel "event_store.events" with payload: "019d0d83-3362-705e-be63-c529f13ea09c,8586,1,1"
23:09:55.428 [debug] Listener received notification on channel "event_store.events" with payload: "$all,0,12150,12150"
23:09:55.429 [debug] Nexus.ERP.Aggregates.Statement<019d0d83-3362-705e-be63-c529f13ea09c@1> received events: [%Commanded.EventStore.RecordedEvent{event_id: "e5ff9cda-cf4c-4a08-9b40-e0a26c199b0b", event_number: 1, stream_id: "019d0d83-3362-705e-be63-c529f13ea09c", stream_version: 1, causation_id: "6a8e0166-2549-4f83-9577-b987c467c40d", correlation_id: "ac29232b-145a-4685-9e32-8706b8724f27", event_type: "Elixir.Nexus.ERP.Events.StatementUploaded", data: %Nexus.ERP.Events.StatementUploaded{statement_id: "019d0d83-3362-705e-be63-c529f13ea09c", org_id: "019d0d83-3360-7aa2-bf98-48897ad9feec", filename: "statement.csv", format: "csv", lines: [%{id: "019d0d83-3363-70c3-8263-aa8417774415", status: "unmatched", date: "2024-03-02", metadata: %{}, currency: "USD", ref: "BANK-REF-202", amount: "-2400.00", narrative: "Deposit 202"}], uploaded_at: "2026-03-20T23:09:55.426744Z", content_hash: "27F3185B2F8B5B506AB3A2E11B8E5FD69FFA4C6CFC23113AF53373E97D1A85FE"}, created_at: ~U[2026-03-20 23:09:55.427691Z], metadata: %{"causation_id" => "019d0d83-3362-733a-8d95-68c9232de9b3", "correlation_id" => "019d0d83-3362-733a-8d95-68c9232de9b3"}}]
23:09:55.430 [debug] QUERY OK source="erp_statements" db=0.6ms
SELECT count(e0."id") FROM "erp_statements" AS e0 WHERE ((e0."org_id" = $1) AND (e0."filename" = $2)) ["019d0d83-3360-7aa2-bf98-48897ad9feec", "statement.csv"]
23:09:55.430 [debug] QUERY OK db=0.0ms
begin []
23:09:55.431 [debug] QUERY OK source="projection_versions" db=0.1ms
INSERT INTO "projection_versions" AS p0 ("projection_name","last_seen_event_number","inserted_at","updated_at") VALUES ($1,$2,$3,$4) ON CONFLICT ("projection_name") DO UPDATE SET "last_seen_event_number" = $5 WHERE ((p0."projection_name" = $6) AND (p0."last_seen_event_number" < $7)) ["ERP.StatementProjector", 1, ~N[2026-03-20 23:09:55.430608], ~N[2026-03-20 23:09:55.430608], 1, "ERP.StatementProjector", 1]
23:09:55.431 [debug] QUERY OK source="erp_statements" db=0.1ms
INSERT INTO "erp_statements" ("id","status","filename","format","org_id","uploaded_at","content_hash","line_count","matched_count","overlap_warning","created_at","updated_at") VALUES ($1,$2,$3,$4,$5,$6,$7,$8,$9,$10,$11,$12) ON CONFLICT ("id") DO NOTHING ["019d0d83-3362-705e-be63-c529f13ea09c", "uploaded", "statement.csv", "csv", "019d0d83-3360-7aa2-bf98-48897ad9feec", ~U[2026-03-20 23:09:55.426744Z], "27F3185B2F8B5B506AB3A2E11B8E5FD69FFA4C6CFC23113AF53373E97D1A85FE", 1, 0, false, ~U[2026-03-20 23:09:55.431024Z], ~U[2026-03-20 23:09:55.431024Z]]
23:09:55.431 [debug] QUERY OK source="erp_statement_lines" db=0.3ms
INSERT INTO "erp_statement_lines" ("id","status","date","metadata","currency","ref","amount","org_id","statement_id","narrative","created_at","updated_at") VALUES ($1,$2,$3,$4,$5,$6,$7,$8,$9,$10,$11,$12) ON CONFLICT ("id") DO NOTHING ["019d0d83-3363-70c3-8263-aa8417774415", "unmatched", "2024-03-02", %{}, "USD", "BANK-REF-202", Decimal.new("-2400.00"), "019d0d83-3360-7aa2-bf98-48897ad9feec", "019d0d83-3362-705e-be63-c529f13ea09c", "Deposit 202", ~U[2026-03-20 23:09:55.431401Z], ~U[2026-03-20 23:09:55.431401Z]]
23:09:55.432 [debug] QUERY OK db=0.2ms
commit []
23:09:55.435 [debug] Appended 1 event(s) to stream "AutomatedTest.PM-019d0d83-3360-7aa2-bf98-48897ad9feec"
23:09:55.435 [debug] Listener received notification on channel "event_store.events" with payload: "AutomatedTest.PM-019d0d83-3360-7aa2-bf98-48897ad9feec,8587,1,1"
23:09:55.435 [debug] Locating aggregate process for `Nexus.ERP.Aggregates.Invoice` with UUID "019d0d83-336b-7985-bf93-3efacda38013"
23:09:55.435 [debug] Listener received notification on channel "event_store.events" with payload: "$all,0,12151,12151"
23:09:55.435 [debug] Nexus.ERP.Aggregates.Invoice<019d0d83-336b-7985-bf93-3efacda38013@0> executing command: %Nexus.ERP.Commands.IngestInvoice{org_id: "019d0d83-3360-7aa2-bf98-48897ad9feec", invoice_id: "019d0d83-336b-7985-bf93-3efacda38013", entity_id: "ENT-202", currency: "USD", amount: "2400.00", due_date: ~D[2026-04-19], subsidiary: "Tokyo Branch", line_items: [%{description: "Goods", amount: "2400.00"}], sap_document_number: "SAP-202", sap_status: "Verified", ingested_at: ~U[2026-03-20 23:09:55.435350Z]}
23:09:55.437 [debug] Appended 1 event(s) to stream "019d0d83-336b-7985-bf93-3efacda38013"
23:09:55.437 [debug] Listener received notification on channel "event_store.events" with payload: "019d0d83-336b-7985-bf93-3efacda38013,8588,1,1"
23:09:55.437 [debug] Listener received notification on channel "event_store.events" with payload: "$all,0,12152,12152"
23:09:55.437 [debug] Nexus.ERP.Aggregates.Invoice<019d0d83-336b-7985-bf93-3efacda38013@1> received events: [%Commanded.EventStore.RecordedEvent{event_id: "91bdc42f-6aae-468c-845a-b43199f905d4", event_number: 1, stream_id: "019d0d83-336b-7985-bf93-3efacda38013", stream_version: 1, causation_id: "c8801829-787d-4781-8f62-7178c89b8e2c", correlation_id: "d4e9f8d8-5dcb-462f-994f-70018bb42da6", event_type: "Elixir.Nexus.ERP.Events.InvoiceIngested", data: %Nexus.ERP.Events.InvoiceIngested{org_id: "019d0d83-3360-7aa2-bf98-48897ad9feec", invoice_id: "019d0d83-336b-7985-bf93-3efacda38013", entity_id: "ENT-202", currency: "USD", amount: "2400.00", due_date: "2026-04-19", subsidiary: "Tokyo Branch", line_items: [%{description: "Goods", amount: "2400.00"}], sap_document_number: "SAP-202", sap_status: "Verified", ingested_at: "2026-03-20T23:09:55.435350Z"}, created_at: ~U[2026-03-20 23:09:55.436276Z], metadata: %{"causation_id" => "019d0d83-336b-73c9-9f9b-2cccf72c4227", "correlation_id" => "019d0d83-336b-73c9-9f9b-2cccf72c4227"}}]
23:09:55.438 [debug] QUERY OK db=0.0ms
begin []
23:09:55.439 [debug] QUERY OK source="projection_versions" db=0.2ms
INSERT INTO "projection_versions" AS p0 ("projection_name","last_seen_event_number","inserted_at","updated_at") VALUES ($1,$2,$3,$4) ON CONFLICT ("projection_name") DO UPDATE SET "last_seen_event_number" = $5 WHERE ((p0."projection_name" = $6) AND (p0."last_seen_event_number" < $7)) ["ERP.InvoiceProjector", 1, ~N[2026-03-20 23:09:55.438597], ~N[2026-03-20 23:09:55.438597], 1, "ERP.InvoiceProjector", 1]
23:09:55.439 [debug] QUERY OK source="erp_invoices" db=0.2ms
INSERT INTO "erp_invoices" ("id","status","currency","amount","org_id","entity_id","subsidiary","due_date","line_items","sap_document_number","sap_status","created_at","updated_at") VALUES ($1,$2,$3,$4,$5,$6,$7,$8,$9,$10,$11,$12,$13) ON CONFLICT ("id") DO NOTHING ["019d0d83-336b-7985-bf93-3efacda38013", "ingested", "USD", Decimal.new("2400.00"), "019d0d83-3360-7aa2-bf98-48897ad9feec", "ENT-202", "Tokyo Branch", ~U[2026-04-19 00:00:00.000000Z], [%{description: "Goods", amount: "2400.00"}], "SAP-202", "Verified", ~U[2026-03-20 23:09:55.435350Z], ~U[2026-03-20 23:09:55.435350Z]]
23:09:55.439 [debug] QUERY OK db=0.1ms
commit []
23:09:55.440 [debug] Locating aggregate process for `Nexus.Treasury.Aggregates.Reconciliation` with UUID "019d0d83-3370-7dbb-b7c9-d51f51d7dbca"
23:09:55.441 [debug] Nexus.Treasury.Aggregates.Reconciliation<019d0d83-3370-7dbb-b7c9-d51f51d7dbca@0> executing command: %Nexus.Treasury.Commands.ReconcileTransaction{org_id: "019d0d83-3360-7aa2-bf98-48897ad9feec", reconciliation_id: "019d0d83-3370-7dbb-b7c9-d51f51d7dbca", invoice_id: "019d0d83-336b-7985-bf93-3efacda38013", statement_id: "019d0d83-3362-705e-be63-c529f13ea09c", statement_line_id: "019d0d83-3363-70c3-8263-aa8417774415", amount: Decimal.new("2400.00"), variance: nil, variance_reason: nil, actor_email: "system@nexus.ai", currency: "USD", timestamp: ~U[2026-03-20 23:09:55.440819Z]}
23:09:55.442 [debug] Appended 1 event(s) to stream "019d0d83-3370-7dbb-b7c9-d51f51d7dbca"
23:09:55.442 [debug] Listener received notification on channel "event_store.events" with payload: "019d0d83-3370-7dbb-b7c9-d51f51d7dbca,8589,1,1"
23:09:55.442 [debug] Listener received notification on channel "event_store.events" with payload: "$all,0,12153,12153"
23:09:55.443 [debug] Nexus.Treasury.Aggregates.Reconciliation<019d0d83-3370-7dbb-b7c9-d51f51d7dbca@1> received events: [%Commanded.EventStore.RecordedEvent{event_id: "acceccef-223e-4b5c-bcb7-6841a57bd9d9", event_number: 1, stream_id: "019d0d83-3370-7dbb-b7c9-d51f51d7dbca", stream_version: 1, causation_id: "74a375bb-fe58-4337-aa80-4a4ab8b5415e", correlation_id: "8b17cdd0-f7ee-46b8-8951-7e04f21f9d78", event_type: "Elixir.Nexus.Treasury.Events.TransactionReconciled", data: %Nexus.Treasury.Events.TransactionReconciled{org_id: "019d0d83-3360-7aa2-bf98-48897ad9feec", reconciliation_id: "019d0d83-3370-7dbb-b7c9-d51f51d7dbca", invoice_id: "019d0d83-336b-7985-bf93-3efacda38013", statement_id: "019d0d83-3362-705e-be63-c529f13ea09c", statement_line_id: "019d0d83-3363-70c3-8263-aa8417774415", amount: "2400.00", variance: nil, variance_reason: nil, actor_email: "system@nexus.ai", currency: "USD", timestamp: "2026-03-20T23:09:55.440819Z"}, created_at: ~U[2026-03-20 23:09:55.441556Z], metadata: %{"causation_id" => "019d0d83-3370-75c6-b36d-5324dcc12f8e", "correlation_id" => "019d0d83-3370-75c6-b36d-5324dcc12f8e"}}]
23:09:55.443 [debug] QUERY OK db=0.1ms
begin []
23:09:55.444 [debug] QUERY OK source="projection_versions" db=0.3ms
INSERT INTO "projection_versions" AS p0 ("projection_name","last_seen_event_number","inserted_at","updated_at") VALUES ($1,$2,$3,$4) ON CONFLICT ("projection_name") DO UPDATE SET "last_seen_event_number" = $5 WHERE ((p0."projection_name" = $6) AND (p0."last_seen_event_number" < $7)) ["Treasury.ReconciliationProjector", 1, ~N[2026-03-20 23:09:55.443828], ~N[2026-03-20 23:09:55.443828], 1, "Treasury.ReconciliationProjector", 1]
23:09:55.445 [debug] QUERY OK source="treasury_reconciliations" db=0.3ms
INSERT INTO "treasury_reconciliations" AS t0 ("id","status","currency","amount","org_id","invoice_id","statement_id","statement_line_id","matched_at","actor_email","variance","created_at","updated_at") VALUES ($1,$2,$3,$4,$5,$6,$7,$8,$9,$10,$11,$12,$13) ON CONFLICT ("id") DO UPDATE SET "status" = $14, "actor_email" = $15, "matched_at" = $16 ["019d0d83-3370-7dbb-b7c9-d51f51d7dbca", :matched, "USD", Decimal.new("2400.00"), "019d0d83-3360-7aa2-bf98-48897ad9feec", "019d0d83-336b-7985-bf93-3efacda38013", "019d0d83-3362-705e-be63-c529f13ea09c", "019d0d83-3363-70c3-8263-aa8417774415", ~U[2026-03-20 23:09:55.440819Z], "system@nexus.ai", Decimal.new("0.00"), ~U[2026-03-20 23:09:55.444631Z], ~U[2026-03-20 23:09:55.444631Z], :matched, "system@nexus.ai", ~U[2026-03-20 23:09:55.440819Z]]
23:09:55.445 [debug] QUERY OK source="erp_invoices" db=0.6ms
UPDATE "erp_invoices" AS e0 SET "status" = $1 WHERE ((e0."id" = $2) AND (e0."org_id" = $3)) ["matched", "019d0d83-336b-7985-bf93-3efacda38013", "019d0d83-3360-7aa2-bf98-48897ad9feec"]
23:09:55.446 [debug] QUERY OK source="erp_statement_lines" db=0.5ms
UPDATE "erp_statement_lines" AS e0 SET "status" = $1 WHERE ((e0."id" = $2) AND (e0."org_id" = $3)) ["matched", "019d0d83-3363-70c3-8263-aa8417774415", "019d0d83-3360-7aa2-bf98-48897ad9feec"]
23:09:55.447 [debug] QUERY OK source="erp_statements" db=0.4ms
UPDATE "erp_statements" AS e0 SET "matched_count" = e0."matched_count" + $1 WHERE ((e0."id" = $2) AND (e0."org_id" = $3)) [1, "019d0d83-3362-705e-be63-c529f13ea09c", "019d0d83-3360-7aa2-bf98-48897ad9feec"]
23:09:55.447 [debug] QUERY OK db=0.2ms
commit []
23:09:55.448 [debug] Appended 1 event(s) to stream "AutomatedTest.PM-019d0d83-3360-7aa2-bf98-48897ad9feec"
23:09:55.448 [debug] Listener received notification on channel "event_store.events" with payload: "AutomatedTest.PM-019d0d83-3360-7aa2-bf98-48897ad9feec,8587,2,2"
23:09:55.448 [debug] Listener received notification on channel "event_store.events" with payload: "$all,0,12154,12154"
23:09:55.449 [debug] QUERY OK source="treasury_reconciliations" db=0.5ms
SELECT t0."id", t0."org_id", t0."invoice_id", t0."statement_id", t0."statement_line_id", t0."amount", t0."variance", t0."variance_reason", t0."actor_email", t0."currency", t0."status", t0."matched_at", t0."created_at", t0."updated_at" FROM "treasury_reconciliations" AS t0 WHERE (t0."invoice_id" = $1) ["019d0d83-336b-7985-bf93-3efacda38013"]
.23:09:55.450 [debug] QUERY OK source="organization_tenants" db=0.3ms queue=0.1ms
DELETE FROM "organization_tenants" AS o0 []
23:09:55.450 [debug] QUERY OK db=0.2ms queue=0.1ms
DELETE FROM projection_versions []
23:09:55.450 [info] 		[36mGiven [32ma system administrator "bernard" exists in the root organization
23:09:55.450 [info] 		[36mGiven [32mthe admin dashboard is active
23:09:55.450 [debug] Locating aggregate process for `Nexus.Organization.Aggregates.Tenant` with UUID "c5ce7da5-5452-4e1d-8875-7ceabec1d9e1"
23:09:55.453 [debug] Nexus.Organization.Aggregates.Tenant<c5ce7da5-5452-4e1d-8875-7ceabec1d9e1@0> executing command: %Nexus.Organization.Commands.ProvisionTenant{org_id: "c5ce7da5-5452-4e1d-8875-7ceabec1d9e1", name: "Global Corp-b332f216-dada-48cf-972b-19dfa4d34f16", initial_admin_email: "elena@global-corp.com", provisioned_by: "bernard", provisioned_at: ~U[2026-03-20 23:09:55.450905Z]}
23:09:55.455 [debug] Appended 1 event(s) to stream "c5ce7da5-5452-4e1d-8875-7ceabec1d9e1"
23:09:55.455 [debug] Listener received notification on channel "event_store.events" with payload: "c5ce7da5-5452-4e1d-8875-7ceabec1d9e1,8590,1,1"
23:09:55.455 [info] 		[36mWhen [32mthe system admin provisions a tenant named "Global Corp" with admin email "elena@global-corp.com"
23:09:55.455 [debug] Listener received notification on channel "event_store.events" with payload: "$all,0,12155,12155"
23:09:55.456 [debug] Nexus.Organization.Aggregates.Tenant<c5ce7da5-5452-4e1d-8875-7ceabec1d9e1@1> received events: [%Commanded.EventStore.RecordedEvent{event_id: "90afdd0a-504e-4a6a-83e8-a773b4a15f11", event_number: 1, stream_id: "c5ce7da5-5452-4e1d-8875-7ceabec1d9e1", stream_version: 1, causation_id: "08736bbb-493a-49bb-ab41-870470b7774f", correlation_id: "4598d61d-78db-4ec2-bd17-a7579f7c2183", event_type: "Elixir.Nexus.Organization.Events.TenantProvisioned", data: %Nexus.Organization.Events.TenantProvisioned{org_id: "c5ce7da5-5452-4e1d-8875-7ceabec1d9e1", name: "Global Corp-b332f216-dada-48cf-972b-19dfa4d34f16", initial_admin_email: "elena@global-corp.com", provisioned_by: "bernard", provisioned_at: "2026-03-20T23:09:55.450905Z"}, created_at: ~U[2026-03-20 23:09:55.453562Z], metadata: %{"causation_id" => "019d0d83-337a-7a86-b1bd-cee6390ba624", "correlation_id" => "019d0d83-337a-7a86-b1bd-cee6390ba624"}}]
23:09:55.456 [info] 		[36mThen [32mthe "TenantProvisioned" event should be emitted
23:09:55.459 [debug] QUERY OK db=0.1ms
begin []
23:09:55.460 [debug] QUERY OK source="projection_versions" db=0.2ms
INSERT INTO "projection_versions" AS p0 ("projection_name","last_seen_event_number","inserted_at","updated_at") VALUES ($1,$2,$3,$4) ON CONFLICT ("projection_name") DO UPDATE SET "last_seen_event_number" = $5 WHERE ((p0."projection_name" = $6) AND (p0."last_seen_event_number" < $7)) ["Organization.TenantProjector", 1, ~N[2026-03-20 23:09:55.459978], ~N[2026-03-20 23:09:55.459978], 1, "Organization.TenantProjector", 1]
23:09:55.460 [debug] QUERY OK source="organization_tenants" db=0.3ms
INSERT INTO "organization_tenants" ("id","name","status","org_id","created_at","updated_at","initial_admin_email","modules_enabled") VALUES ($1,$2,$3,$4,$5,$6,$7,$8) ON CONFLICT ("id") DO NOTHING ["c5ce7da5-5452-4e1d-8875-7ceabec1d9e1", "Global Corp-b332f216-dada-48cf-972b-19dfa4d34f16", "active", "c5ce7da5-5452-4e1d-8875-7ceabec1d9e1", ~U[2026-03-20 23:09:55.459695Z], ~U[2026-03-20 23:09:55.459700Z], "elena@global-corp.com", []]
23:09:55.461 [debug] QUERY OK db=0.3ms
commit []
23:09:55.462 [debug] QUERY OK source="organization_tenants" db=0.3ms queue=0.3ms
SELECT o0."id", o0."org_id", o0."name", o0."status", o0."initial_admin_email", o0."suspended_at", o0."modules_enabled", o0."created_at", o0."updated_at" FROM "organization_tenants" AS o0 WHERE (o0."id" = $1) ["c5ce7da5-5452-4e1d-8875-7ceabec1d9e1"]
.23:09:55.462 [info] 		[36mThen [32mthe tenant "Global Corp" should exist in the read model
23:09:55.462 [info] 		[36mThen [32man invitation token for "elena@global-corp.com" with role "admin" should be generated
23:09:55.463 [debug] QUERY OK source="organization_tenants" db=0.7ms
DELETE FROM "organization_tenants" AS o0 []
23:09:55.464 [debug] QUERY OK db=0.1ms
DELETE FROM projection_versions []
23:09:55.464 [info] 		[36mGiven [32ma normal user "elena" exists in tenant "Global Corp"
23:09:55.464 [debug] Locating aggregate process for `Nexus.Organization.Aggregates.Tenant` with UUID "88f7e2e7-1d80-4baf-a9ff-d825d8f51afe"
23:09:55.464 [debug] Nexus.Organization.Aggregates.Tenant<88f7e2e7-1d80-4baf-a9ff-d825d8f51afe@0> executing command: %Nexus.Organization.Commands.ProvisionTenant{org_id: "88f7e2e7-1d80-4baf-a9ff-d825d8f51afe", name: "Rogue Inc-046ab966-d7a0-4da4-a4f3-78445361a165", initial_admin_email: "dummy@example.com", provisioned_by: "not_system_admin", provisioned_at: ~U[2026-03-20 23:09:55.464469Z]}
23:09:55.465 [debug] Appended 1 event(s) to stream "88f7e2e7-1d80-4baf-a9ff-d825d8f51afe"
23:09:55.466 [debug] Listener received notification on channel "event_store.events" with payload: "88f7e2e7-1d80-4baf-a9ff-d825d8f51afe,8591,1,1"
23:09:55.466 [info] 		[36mWhen [32muser "elena" attempts to provision a tenant named "Rogue Inc"
.23:09:55.466 [debug] Listener received notification on channel "event_store.events" with payload: "$all,0,12156,12156"
23:09:55.466 [info] 		[36mThen [32mthe command should be rejected with an unauthorized error
23:09:55.466 [debug] Nexus.Organization.Aggregates.Tenant<88f7e2e7-1d80-4baf-a9ff-d825d8f51afe@1> received events: [%Commanded.EventStore.RecordedEvent{event_id: "5e38c933-ad30-45a4-ad6d-b192905c797c", event_number: 1, stream_id: "88f7e2e7-1d80-4baf-a9ff-d825d8f51afe", stream_version: 1, causation_id: "881c9af5-7d04-499e-b9f9-2518b5b168bb", correlation_id: "740556d8-111b-45ae-9d74-88194fd5c01b", event_type: "Elixir.Nexus.Organization.Events.TenantProvisioned", data: %Nexus.Organization.Events.TenantProvisioned{org_id: "88f7e2e7-1d80-4baf-a9ff-d825d8f51afe", name: "Rogue Inc-046ab966-d7a0-4da4-a4f3-78445361a165", initial_admin_email: "dummy@example.com", provisioned_by: "not_system_admin", provisioned_at: "2026-03-20T23:09:55.464469Z"}, created_at: ~U[2026-03-20 23:09:55.465169Z], metadata: %{"causation_id" => "019d0d83-3388-7b10-b352-f64587ef945d", "correlation_id" => "019d0d83-3388-7b10-b352-f64587ef945d"}}]
23:09:55.466 [debug] QUERY OK source="treasury_reconciliations" db=0.5ms
DELETE FROM "treasury_reconciliations" AS t0 []
23:09:55.467 [debug] QUERY OK source="erp_statement_lines" db=0.4ms
DELETE FROM "erp_statement_lines" AS e0 []
23:09:55.467 [debug] QUERY OK source="erp_statements" db=0.4ms
DELETE FROM "erp_statements" AS e0 []
23:09:55.468 [debug] QUERY OK source="erp_invoices" db=0.3ms
DELETE FROM "erp_invoices" AS e0 []
23:09:55.468 [debug] QUERY OK db=0.1ms
DELETE FROM projection_versions []
23:09:55.468 [debug] Locating aggregate process for `Nexus.ERP.Aggregates.Invoice` with UUID "019d0d83-338c-71d5-a0d8-6bcd714440f3"
23:09:55.469 [debug] Nexus.ERP.Aggregates.Invoice<019d0d83-338c-71d5-a0d8-6bcd714440f3@0> executing command: %Nexus.ERP.Commands.IngestInvoice{org_id: "019d0d83-338a-7090-8ae1-54cf16c85971", invoice_id: "019d0d83-338c-71d5-a0d8-6bcd714440f3", entity_id: "ENT-INV-1001", currency: "EUR", amount: Decimal.new("1500.0"), due_date: ~D[2026-04-19], subsidiary: "Default", line_items: [%{description: "Test", amount: Decimal.new("1500.0")}], sap_document_number: "SAP-INV-1001", sap_status: "Verified", ingested_at: ~U[2026-03-20 23:09:55.468738Z]}
23:09:55.470 [debug] Listener received notification on channel "event_store.events" with payload: "019d0d83-338c-71d5-a0d8-6bcd714440f3,8592,1,1"
23:09:55.470 [debug] Appended 1 event(s) to stream "019d0d83-338c-71d5-a0d8-6bcd714440f3"
23:09:55.470 [debug] Listener received notification on channel "event_store.events" with payload: "$all,0,12157,12157"
23:09:55.471 [debug] Nexus.ERP.Aggregates.Invoice<019d0d83-338c-71d5-a0d8-6bcd714440f3@1> received events: [%Commanded.EventStore.RecordedEvent{event_id: "27b4759f-ed49-44c5-ade1-d183b4760370", event_number: 1, stream_id: "019d0d83-338c-71d5-a0d8-6bcd714440f3", stream_version: 1, causation_id: "f5c27a6d-997d-4532-8c01-a29cfede0737", correlation_id: "5187d1f6-c4a6-42a7-bdef-785eb03115be", event_type: "Elixir.Nexus.ERP.Events.InvoiceIngested", data: %Nexus.ERP.Events.InvoiceIngested{org_id: "019d0d83-338a-7090-8ae1-54cf16c85971", invoice_id: "019d0d83-338c-71d5-a0d8-6bcd714440f3", entity_id: "ENT-INV-1001", currency: "EUR", amount: "1500.0", due_date: "2026-04-19", subsidiary: "Default", line_items: [%{description: "Test", amount: "1500.0"}], sap_document_number: "SAP-INV-1001", sap_status: "Verified", ingested_at: "2026-03-20T23:09:55.468738Z"}, created_at: ~U[2026-03-20 23:09:55.469634Z], metadata: %{"causation_id" => "019d0d83-338c-7448-8935-2a2762a6facf", "correlation_id" => "019d0d83-338c-7448-8935-2a2762a6facf"}}]
23:09:55.471 [debug] QUERY OK db=0.1ms
begin []
23:09:55.472 [debug] QUERY OK source="projection_versions" db=0.3ms
INSERT INTO "projection_versions" AS p0 ("projection_name","last_seen_event_number","inserted_at","updated_at") VALUES ($1,$2,$3,$4) ON CONFLICT ("projection_name") DO UPDATE SET "last_seen_event_number" = $5 WHERE ((p0."projection_name" = $6) AND (p0."last_seen_event_number" < $7)) ["ERP.InvoiceProjector", 1, ~N[2026-03-20 23:09:55.471887], ~N[2026-03-20 23:09:55.471887], 1, "ERP.InvoiceProjector", 1]
23:09:55.473 [debug] QUERY OK source="erp_invoices" db=0.3ms
INSERT INTO "erp_invoices" ("id","status","currency","amount","org_id","entity_id","subsidiary","due_date","line_items","sap_document_number","sap_status","created_at","updated_at") VALUES ($1,$2,$3,$4,$5,$6,$7,$8,$9,$10,$11,$12,$13) ON CONFLICT ("id") DO NOTHING ["019d0d83-338c-71d5-a0d8-6bcd714440f3", "ingested", "EUR", Decimal.new("1500.0"), "019d0d83-338a-7090-8ae1-54cf16c85971", "ENT-INV-1001", "Default", ~U[2026-04-19 00:00:00.000000Z], [%{description: "Test", amount: "1500.0"}], "SAP-INV-1001", "Verified", ~U[2026-03-20 23:09:55.468738Z], ~U[2026-03-20 23:09:55.468738Z]]
23:09:55.473 [debug] QUERY OK db=0.2ms
commit []
23:09:55.476 [debug] Appended 1 event(s) to stream "Treasury.ReconciliationManager-019d0d83-338a-7090-8ae1-54cf16c85971"
23:09:55.476 [debug] Listener received notification on channel "event_store.events" with payload: "Treasury.ReconciliationManager-019d0d83-338a-7090-8ae1-54cf16c85971,8593,1,1"
23:09:55.476 [debug] Listener received notification on channel "event_store.events" with payload: "$all,0,12158,12158"
23:09:55.476 [info] 		[36mGiven [32mthe following invoices exist:
23:09:55.476 [debug] Locating aggregate process for `Nexus.ERP.Aggregates.Statement` with UUID "019d0d83-3394-7fcc-a5ce-a766a50ac533"
23:09:55.477 [debug] Nexus.ERP.Aggregates.Statement<019d0d83-3394-7fcc-a5ce-a766a50ac533@0> executing command: %Nexus.ERP.Commands.UploadStatement{statement_id: "019d0d83-3394-7fcc-a5ce-a766a50ac533", org_id: "019d0d83-338a-7090-8ae1-54cf16c85971", filename: "test.csv", format: "csv", raw_content: "date,ref,amount,currency,narrative\n2024-02-25,REF-STMT-LINE-A,-1500.0,EUR,Test matching", uploaded_at: ~U[2026-03-20 23:09:55.476940Z]}
23:09:55.479 [debug] Appended 1 event(s) to stream "019d0d83-3394-7fcc-a5ce-a766a50ac533"
23:09:55.479 [debug] Listener received notification on channel "event_store.events" with payload: "019d0d83-3394-7fcc-a5ce-a766a50ac533,8594,1,1"
23:09:55.479 [debug] Listener received notification on channel "event_store.events" with payload: "$all,0,12159,12159"
23:09:55.480 [debug] Nexus.ERP.Aggregates.Statement<019d0d83-3394-7fcc-a5ce-a766a50ac533@1> received events: [%Commanded.EventStore.RecordedEvent{event_id: "726d2c10-7c77-44d6-b2d9-fbabeafeb1de", event_number: 1, stream_id: "019d0d83-3394-7fcc-a5ce-a766a50ac533", stream_version: 1, causation_id: "fdc667dc-9f2f-48b7-8be9-f2c31a0b3ac5", correlation_id: "60b875e8-b146-4a08-b303-4db8dc3b8b72", event_type: "Elixir.Nexus.ERP.Events.StatementUploaded", data: %Nexus.ERP.Events.StatementUploaded{statement_id: "019d0d83-3394-7fcc-a5ce-a766a50ac533", org_id: "019d0d83-338a-7090-8ae1-54cf16c85971", filename: "test.csv", format: "csv", lines: [%{id: "019d0d83-3395-77db-995c-6bc83d2d30dc", status: "unmatched", date: "2024-02-25", metadata: %{}, currency: "EUR", ref: "REF-STMT-LINE-A", amount: "-1500.0", narrative: "Test matching"}], uploaded_at: "2026-03-20T23:09:55.476940Z", content_hash: "8957AFDFE9C89CCD2CD164DFCFA418288E1EC6027918D848738749767578A088"}, created_at: ~U[2026-03-20 23:09:55.477678Z], metadata: %{"causation_id" => "019d0d83-3394-7936-93eb-9713de1f4b3e", "correlation_id" => "019d0d83-3394-7936-93eb-9713de1f4b3e"}}]
23:09:55.481 [debug] QUERY OK source="erp_statements" db=0.5ms
SELECT count(e0."id") FROM "erp_statements" AS e0 WHERE ((e0."org_id" = $1) AND (e0."filename" = $2)) ["019d0d83-338a-7090-8ae1-54cf16c85971", "test.csv"]
23:09:55.481 [debug] QUERY OK db=0.0ms
begin []
23:09:55.481 [debug] QUERY OK source="projection_versions" db=0.2ms
INSERT INTO "projection_versions" AS p0 ("projection_name","last_seen_event_number","inserted_at","updated_at") VALUES ($1,$2,$3,$4) ON CONFLICT ("projection_name") DO UPDATE SET "last_seen_event_number" = $5 WHERE ((p0."projection_name" = $6) AND (p0."last_seen_event_number" < $7)) ["ERP.StatementProjector", 1, ~N[2026-03-20 23:09:55.481523], ~N[2026-03-20 23:09:55.481523], 1, "ERP.StatementProjector", 1]
23:09:55.482 [debug] QUERY OK source="erp_statements" db=0.1ms
INSERT INTO "erp_statements" ("id","status","filename","format","org_id","uploaded_at","content_hash","line_count","matched_count","overlap_warning","created_at","updated_at") VALUES ($1,$2,$3,$4,$5,$6,$7,$8,$9,$10,$11,$12) ON CONFLICT ("id") DO NOTHING ["019d0d83-3394-7fcc-a5ce-a766a50ac533", "uploaded", "test.csv", "csv", "019d0d83-338a-7090-8ae1-54cf16c85971", ~U[2026-03-20 23:09:55.476940Z], "8957AFDFE9C89CCD2CD164DFCFA418288E1EC6027918D848738749767578A088", 1, 0, false, ~U[2026-03-20 23:09:55.481947Z], ~U[2026-03-20 23:09:55.481947Z]]
23:09:55.482 [debug] QUERY OK source="erp_statement_lines" db=0.2ms
INSERT INTO "erp_statement_lines" ("id","status","date","metadata","currency","ref","amount","org_id","statement_id","narrative","created_at","updated_at") VALUES ($1,$2,$3,$4,$5,$6,$7,$8,$9,$10,$11,$12) ON CONFLICT ("id") DO NOTHING ["019d0d83-3395-77db-995c-6bc83d2d30dc", "unmatched", "2024-02-25", %{}, "EUR", "REF-STMT-LINE-A", Decimal.new("-1500.0"), "019d0d83-338a-7090-8ae1-54cf16c85971", "019d0d83-3394-7fcc-a5ce-a766a50ac533", "Test matching", ~U[2026-03-20 23:09:55.482341Z], ~U[2026-03-20 23:09:55.482341Z]]
23:09:55.483 [debug] QUERY OK db=0.1ms
commit []
23:09:55.483 [debug] Locating aggregate process for `Nexus.Treasury.Aggregates.Reconciliation` with UUID "019d0d83-339b-7ac7-9d5a-a845ed8ec8dc"
23:09:55.484 [debug] Nexus.Treasury.Aggregates.Reconciliation<019d0d83-339b-7ac7-9d5a-a845ed8ec8dc@0> executing command: %Nexus.Treasury.Commands.ReconcileTransaction{org_id: "019d0d83-338a-7090-8ae1-54cf16c85971", reconciliation_id: "019d0d83-339b-7ac7-9d5a-a845ed8ec8dc", invoice_id: "019d0d83-338c-71d5-a0d8-6bcd714440f3", statement_id: "019d0d83-3394-7fcc-a5ce-a766a50ac533", statement_line_id: "019d0d83-3395-77db-995c-6bc83d2d30dc", amount: Decimal.new("1500.0"), variance: nil, variance_reason: nil, actor_email: "system@nexus.ai", currency: "EUR", timestamp: ~U[2026-03-20 23:09:55.483896Z]}
23:09:55.485 [debug] Appended 1 event(s) to stream "019d0d83-339b-7ac7-9d5a-a845ed8ec8dc"
23:09:55.485 [debug] Listener received notification on channel "event_store.events" with payload: "019d0d83-339b-7ac7-9d5a-a845ed8ec8dc,8595,1,1"
23:09:55.485 [debug] Listener received notification on channel "event_store.events" with payload: "$all,0,12160,12160"
23:09:55.486 [debug] Nexus.Treasury.Aggregates.Reconciliation<019d0d83-339b-7ac7-9d5a-a845ed8ec8dc@1> received events: [%Commanded.EventStore.RecordedEvent{event_id: "8467e59b-182f-45ba-bf13-f58ccad7cb35", event_number: 1, stream_id: "019d0d83-339b-7ac7-9d5a-a845ed8ec8dc", stream_version: 1, causation_id: "cdd4d857-eea0-4ea3-a117-a4289a98b5b1", correlation_id: "2201d857-e56e-4f29-8298-a3982f8038db", event_type: "Elixir.Nexus.Treasury.Events.TransactionReconciled", data: %Nexus.Treasury.Events.TransactionReconciled{org_id: "019d0d83-338a-7090-8ae1-54cf16c85971", reconciliation_id: "019d0d83-339b-7ac7-9d5a-a845ed8ec8dc", invoice_id: "019d0d83-338c-71d5-a0d8-6bcd714440f3", statement_id: "019d0d83-3394-7fcc-a5ce-a766a50ac533", statement_line_id: "019d0d83-3395-77db-995c-6bc83d2d30dc", amount: "1500.0", variance: nil, variance_reason: nil, actor_email: "system@nexus.ai", currency: "EUR", timestamp: "2026-03-20T23:09:55.483896Z"}, created_at: ~U[2026-03-20 23:09:55.484737Z], metadata: %{"causation_id" => "019d0d83-339b-7229-b542-3092f5926893", "correlation_id" => "019d0d83-339b-7229-b542-3092f5926893"}}]
23:09:55.486 [debug] QUERY OK db=0.1ms
begin []
23:09:55.487 [debug] QUERY OK source="projection_versions" db=0.2ms
INSERT INTO "projection_versions" AS p0 ("projection_name","last_seen_event_number","inserted_at","updated_at") VALUES ($1,$2,$3,$4) ON CONFLICT ("projection_name") DO UPDATE SET "last_seen_event_number" = $5 WHERE ((p0."projection_name" = $6) AND (p0."last_seen_event_number" < $7)) ["Treasury.ReconciliationProjector", 1, ~N[2026-03-20 23:09:55.486673], ~N[2026-03-20 23:09:55.486673], 1, "Treasury.ReconciliationProjector", 1]
23:09:55.487 [debug] QUERY OK source="treasury_reconciliations" db=0.2ms
INSERT INTO "treasury_reconciliations" AS t0 ("id","status","currency","amount","org_id","invoice_id","statement_id","statement_line_id","matched_at","actor_email","variance","created_at","updated_at") VALUES ($1,$2,$3,$4,$5,$6,$7,$8,$9,$10,$11,$12,$13) ON CONFLICT ("id") DO UPDATE SET "status" = $14, "actor_email" = $15, "matched_at" = $16 ["019d0d83-339b-7ac7-9d5a-a845ed8ec8dc", :matched, "EUR", Decimal.new("1500.0"), "019d0d83-338a-7090-8ae1-54cf16c85971", "019d0d83-338c-71d5-a0d8-6bcd714440f3", "019d0d83-3394-7fcc-a5ce-a766a50ac533", "019d0d83-3395-77db-995c-6bc83d2d30dc", ~U[2026-03-20 23:09:55.483896Z], "system@nexus.ai", Decimal.new("0.00"), ~U[2026-03-20 23:09:55.487037Z], ~U[2026-03-20 23:09:55.487037Z], :matched, "system@nexus.ai", ~U[2026-03-20 23:09:55.483896Z]]
23:09:55.488 [debug] QUERY OK source="erp_invoices" db=0.4ms
UPDATE "erp_invoices" AS e0 SET "status" = $1 WHERE ((e0."id" = $2) AND (e0."org_id" = $3)) ["matched", "019d0d83-338c-71d5-a0d8-6bcd714440f3", "019d0d83-338a-7090-8ae1-54cf16c85971"]
23:09:55.488 [debug] QUERY OK source="erp_statement_lines" db=0.3ms
UPDATE "erp_statement_lines" AS e0 SET "status" = $1 WHERE ((e0."id" = $2) AND (e0."org_id" = $3)) ["matched", "019d0d83-3395-77db-995c-6bc83d2d30dc", "019d0d83-338a-7090-8ae1-54cf16c85971"]
23:09:55.488 [debug] QUERY OK source="erp_statements" db=0.3ms
UPDATE "erp_statements" AS e0 SET "matched_count" = e0."matched_count" + $1 WHERE ((e0."id" = $2) AND (e0."org_id" = $3)) [1, "019d0d83-3394-7fcc-a5ce-a766a50ac533", "019d0d83-338a-7090-8ae1-54cf16c85971"]
23:09:55.489 [debug] QUERY OK db=0.2ms
commit []
23:09:55.491 [debug] Appended 1 event(s) to stream "Treasury.ReconciliationManager-019d0d83-338a-7090-8ae1-54cf16c85971"
23:09:55.491 [debug] Listener received notification on channel "event_store.events" with payload: "Treasury.ReconciliationManager-019d0d83-338a-7090-8ae1-54cf16c85971,8593,2,2"
23:09:55.491 [debug] Listener received notification on channel "event_store.events" with payload: "$all,0,12161,12161"
23:09:55.492 [debug] QUERY OK source="erp_statement_lines" db=0.2ms queue=0.1ms
SELECT e0."id", e0."statement_id", e0."org_id", e0."date", e0."ref", e0."amount", e0."currency", e0."narrative", e0."status", e0."error_message", e0."metadata", e0."created_at", e0."updated_at" FROM "erp_statement_lines" AS e0 WHERE (e0."statement_id" = $1) ["019d0d83-3394-7fcc-a5ce-a766a50ac533"]
23:09:55.492 [info] 		[36mGiven [32mthe following statement lines exist:
23:09:55.492 [info] 		[36mWhen [32mthe matching engine runs
23:09:55.492 [debug] QUERY OK source="treasury_reconciliations" db=0.6ms
SELECT t0."id", t0."org_id", t0."invoice_id", t0."statement_id", t0."statement_line_id", t0."amount", t0."variance", t0."variance_reason", t0."actor_email", t0."currency", t0."status", t0."matched_at", t0."created_at", t0."updated_at" FROM "treasury_reconciliations" AS t0 WHERE (t0."invoice_id" = $1) ["019d0d83-338c-71d5-a0d8-6bcd714440f3"]
23:09:55.493 [info] 		[36mThen [32mthe invoice "INV-1001" and statement line "STMT-LINE-A" should be reconciled
.23:09:55.493 [debug] QUERY OK source="treasury_reconciliations" db=0.6ms
DELETE FROM "treasury_reconciliations" AS t0 []
23:09:55.494 [debug] QUERY OK source="erp_statement_lines" db=0.3ms
DELETE FROM "erp_statement_lines" AS e0 []
23:09:55.494 [debug] QUERY OK source="erp_statements" db=0.4ms
DELETE FROM "erp_statements" AS e0 []
23:09:55.495 [debug] QUERY OK source="erp_invoices" db=0.2ms
DELETE FROM "erp_invoices" AS e0 []
23:09:55.495 [debug] QUERY OK db=0.1ms queue=0.1ms
DELETE FROM projection_versions []
23:09:55.495 [debug] Locating aggregate process for `Nexus.ERP.Aggregates.Statement` with UUID "019d0d83-33a7-7b9c-b345-7912d767dbe7"
23:09:55.496 [debug] Nexus.ERP.Aggregates.Statement<019d0d83-33a7-7b9c-b345-7912d767dbe7@0> executing command: %Nexus.ERP.Commands.UploadStatement{statement_id: "019d0d83-33a7-7b9c-b345-7912d767dbe7", org_id: "019d0d83-33a5-7d70-ab43-4a1bcfc079df", filename: "test.csv", format: "csv", raw_content: "date,ref,amount,currency,narrative\n2024-02-25,REF-STMT-LINE-B,-999.0,USD,Test matching", uploaded_at: ~U[2026-03-20 23:09:55.495688Z]}
23:09:55.497 [debug] Appended 1 event(s) to stream "019d0d83-33a7-7b9c-b345-7912d767dbe7"
23:09:55.497 [debug] Listener received notification on channel "event_store.events" with payload: "019d0d83-33a7-7b9c-b345-7912d767dbe7,8596,1,1"
23:09:55.497 [debug] Listener received notification on channel "event_store.events" with payload: "$all,0,12162,12162"
23:09:55.498 [debug] Nexus.ERP.Aggregates.Statement<019d0d83-33a7-7b9c-b345-7912d767dbe7@1> received events: [%Commanded.EventStore.RecordedEvent{event_id: "34f83fa4-fe32-4977-82c2-e6962027dbab", event_number: 1, stream_id: "019d0d83-33a7-7b9c-b345-7912d767dbe7", stream_version: 1, causation_id: "41224d53-52b1-434c-8493-d3f1680469d4", correlation_id: "9f173edf-d687-4278-bbf8-d7be813e6a1d", event_type: "Elixir.Nexus.ERP.Events.StatementUploaded", data: %Nexus.ERP.Events.StatementUploaded{statement_id: "019d0d83-33a7-7b9c-b345-7912d767dbe7", org_id: "019d0d83-33a5-7d70-ab43-4a1bcfc079df", filename: "test.csv", format: "csv", lines: [%{id: "019d0d83-33a8-7375-a26c-b31566efdbc8", status: "unmatched", date: "2024-02-25", metadata: %{}, currency: "USD", ref: "REF-STMT-LINE-B", amount: "-999.0", narrative: "Test matching"}], uploaded_at: "2026-03-20T23:09:55.495688Z", content_hash: "FEA32210E48AFF9FC975B88310541DF87D6707B5F282A6690CFBAF3F80434BA5"}, created_at: ~U[2026-03-20 23:09:55.496574Z], metadata: %{"causation_id" => "019d0d83-33a7-78b7-9961-12234a21d82a", "correlation_id" => "019d0d83-33a7-78b7-9961-12234a21d82a"}}]
23:09:55.499 [debug] QUERY OK source="erp_statements" db=0.6ms
SELECT count(e0."id") FROM "erp_statements" AS e0 WHERE ((e0."org_id" = $1) AND (e0."filename" = $2)) ["019d0d83-33a5-7d70-ab43-4a1bcfc079df", "test.csv"]
23:09:55.499 [debug] QUERY OK db=0.0ms
begin []
23:09:55.499 [debug] QUERY OK source="projection_versions" db=0.1ms
INSERT INTO "projection_versions" AS p0 ("projection_name","last_seen_event_number","inserted_at","updated_at") VALUES ($1,$2,$3,$4) ON CONFLICT ("projection_name") DO UPDATE SET "last_seen_event_number" = $5 WHERE ((p0."projection_name" = $6) AND (p0."last_seen_event_number" < $7)) ["ERP.StatementProjector", 1, ~N[2026-03-20 23:09:55.499296], ~N[2026-03-20 23:09:55.499296], 1, "ERP.StatementProjector", 1]
23:09:55.500 [debug] QUERY OK source="erp_statements" db=0.2ms
INSERT INTO "erp_statements" ("id","status","filename","format","org_id","uploaded_at","content_hash","line_count","matched_count","overlap_warning","created_at","updated_at") VALUES ($1,$2,$3,$4,$5,$6,$7,$8,$9,$10,$11,$12) ON CONFLICT ("id") DO NOTHING ["019d0d83-33a7-7b9c-b345-7912d767dbe7", "uploaded", "test.csv", "csv", "019d0d83-33a5-7d70-ab43-4a1bcfc079df", ~U[2026-03-20 23:09:55.495688Z], "FEA32210E48AFF9FC975B88310541DF87D6707B5F282A6690CFBAF3F80434BA5", 1, 0, false, ~U[2026-03-20 23:09:55.499588Z], ~U[2026-03-20 23:09:55.499588Z]]
23:09:55.500 [debug] QUERY OK source="erp_statement_lines" db=0.2ms
INSERT INTO "erp_statement_lines" ("id","status","date","metadata","currency","ref","amount","org_id","statement_id","narrative","created_at","updated_at") VALUES ($1,$2,$3,$4,$5,$6,$7,$8,$9,$10,$11,$12) ON CONFLICT ("id") DO NOTHING ["019d0d83-33a8-7375-a26c-b31566efdbc8", "unmatched", "2024-02-25", %{}, "USD", "REF-STMT-LINE-B", Decimal.new("-999.0"), "019d0d83-33a5-7d70-ab43-4a1bcfc079df", "019d0d83-33a7-7b9c-b345-7912d767dbe7", "Test matching", ~U[2026-03-20 23:09:55.500143Z], ~U[2026-03-20 23:09:55.500143Z]]
23:09:55.500 [debug] QUERY OK db=0.1ms
commit []
23:09:55.502 [debug] Appended 1 event(s) to stream "Treasury.ReconciliationManager-019d0d83-33a5-7d70-ab43-4a1bcfc079df"
23:09:55.502 [debug] Listener received notification on channel "event_store.events" with payload: "Treasury.ReconciliationManager-019d0d83-33a5-7d70-ab43-4a1bcfc079df,8597,1,1"
23:09:55.502 [debug] Listener received notification on channel "event_store.events" with payload: "$all,0,12163,12163"
23:09:55.503 [debug] QUERY OK source="erp_statement_lines" db=0.7ms
SELECT e0."id", e0."statement_id", e0."org_id", e0."date", e0."ref", e0."amount", e0."currency", e0."narrative", e0."status", e0."error_message", e0."metadata", e0."created_at", e0."updated_at" FROM "erp_statement_lines" AS e0 WHERE (e0."statement_id" = $1) ["019d0d83-33a7-7b9c-b345-7912d767dbe7"]
23:09:55.503 [info] 		[36mGiven [32mthe following statement lines exist:
23:09:55.503 [info] 		[36mWhen [32mthe matching engine runs
23:09:55.504 [debug] QUERY OK source="erp_statement_lines" db=0.2ms queue=0.2ms
SELECT e0."id", e0."statement_id", e0."org_id", e0."date", e0."ref", e0."amount", e0."currency", e0."narrative", e0."status", e0."error_message", e0."metadata", e0."created_at", e0."updated_at" FROM "erp_statement_lines" AS e0 WHERE (e0."id" = $1) ["019d0d83-33a8-7375-a26c-b31566efdbc8"]
23:09:55.505 [debug] QUERY OK source="treasury_reconciliations" db=0.3ms queue=0.2ms
SELECT t0."id", t0."org_id", t0."invoice_id", t0."statement_id", t0."statement_line_id", t0."amount", t0."variance", t0."variance_reason", t0."actor_email", t0."currency", t0."status", t0."matched_at", t0."created_at", t0."updated_at" FROM "treasury_reconciliations" AS t0 WHERE (t0."statement_line_id" = $1) ["019d0d83-33a8-7375-a26c-b31566efdbc8"]
.23:09:55.505 [info] 		[36mThen [32ma settlement unmatched exception should be recorded for "STMT-LINE-B"
23:09:55.506 [debug] QUERY OK source="treasury_reconciliations" db=0.4ms
DELETE FROM "treasury_reconciliations" AS t0 []
23:09:55.506 [debug] QUERY OK source="erp_statement_lines" db=0.2ms
DELETE FROM "erp_statement_lines" AS e0 []
23:09:55.506 [debug] QUERY OK source="erp_statements" db=0.2ms
DELETE FROM "erp_statements" AS e0 []
23:09:55.506 [debug] QUERY OK source="erp_invoices" db=0.2ms
DELETE FROM "erp_invoices" AS e0 []
23:09:55.507 [debug] QUERY OK db=0.1ms
DELETE FROM projection_versions []
23:09:55.507 [debug] Locating aggregate process for `Nexus.ERP.Aggregates.Invoice` with UUID "019d0d83-33b3-7084-8025-8d448a5d88b8"
23:09:55.507 [debug] Nexus.ERP.Aggregates.Invoice<019d0d83-33b3-7084-8025-8d448a5d88b8@0> executing command: %Nexus.ERP.Commands.IngestInvoice{org_id: "019d0d83-33b1-7445-a1d7-a9f12e468947", invoice_id: "019d0d83-33b3-7084-8025-8d448a5d88b8", entity_id: "ENT-INV-2000", currency: "GBP", amount: Decimal.new("500.0"), due_date: ~D[2026-04-19], subsidiary: "Default", line_items: [%{description: "Test", amount: Decimal.new("500.0")}], sap_document_number: "SAP-INV-2000", sap_status: "Verified", ingested_at: ~U[2026-03-20 23:09:55.507308Z]}
23:09:55.509 [debug] Appended 1 event(s) to stream "019d0d83-33b3-7084-8025-8d448a5d88b8"
23:09:55.509 [debug] Listener received notification on channel "event_store.events" with payload: "019d0d83-33b3-7084-8025-8d448a5d88b8,8598,1,1"
23:09:55.509 [debug] Listener received notification on channel "event_store.events" with payload: "$all,0,12164,12164"
23:09:55.509 [debug] Nexus.ERP.Aggregates.Invoice<019d0d83-33b3-7084-8025-8d448a5d88b8@1> received events: [%Commanded.EventStore.RecordedEvent{event_id: "250eca02-1394-4a62-91f1-37a326ac1a1e", event_number: 1, stream_id: "019d0d83-33b3-7084-8025-8d448a5d88b8", stream_version: 1, causation_id: "cc69e7f5-a474-4f34-b72d-105cc7f1f6a1", correlation_id: "4e53603c-d51a-4ba4-92de-3152400b6546", event_type: "Elixir.Nexus.ERP.Events.InvoiceIngested", data: %Nexus.ERP.Events.InvoiceIngested{org_id: "019d0d83-33b1-7445-a1d7-a9f12e468947", invoice_id: "019d0d83-33b3-7084-8025-8d448a5d88b8", entity_id: "ENT-INV-2000", currency: "GBP", amount: "500.0", due_date: "2026-04-19", subsidiary: "Default", line_items: [%{description: "Test", amount: "500.0"}], sap_document_number: "SAP-INV-2000", sap_status: "Verified", ingested_at: "2026-03-20T23:09:55.507308Z"}, created_at: ~U[2026-03-20 23:09:55.508296Z], metadata: %{"causation_id" => "019d0d83-33b3-7e69-9d20-5c7881751e2c", "correlation_id" => "019d0d83-33b3-7e69-9d20-5c7881751e2c"}}]
23:09:55.510 [debug] QUERY OK db=0.1ms
begin []
23:09:55.510 [debug] QUERY OK source="projection_versions" db=0.1ms
INSERT INTO "projection_versions" AS p0 ("projection_name","last_seen_event_number","inserted_at","updated_at") VALUES ($1,$2,$3,$4) ON CONFLICT ("projection_name") DO UPDATE SET "last_seen_event_number" = $5 WHERE ((p0."projection_name" = $6) AND (p0."last_seen_event_number" < $7)) ["ERP.InvoiceProjector", 1, ~N[2026-03-20 23:09:55.510553], ~N[2026-03-20 23:09:55.510553], 1, "ERP.InvoiceProjector", 1]
23:09:55.511 [debug] QUERY OK source="erp_invoices" db=0.2ms
INSERT INTO "erp_invoices" ("id","status","currency","amount","org_id","entity_id","subsidiary","due_date","line_items","sap_document_number","sap_status","created_at","updated_at") VALUES ($1,$2,$3,$4,$5,$6,$7,$8,$9,$10,$11,$12,$13) ON CONFLICT ("id") DO NOTHING ["019d0d83-33b3-7084-8025-8d448a5d88b8", "ingested", "GBP", Decimal.new("500.0"), "019d0d83-33b1-7445-a1d7-a9f12e468947", "ENT-INV-2000", "Default", ~U[2026-04-19 00:00:00.000000Z], [%{description: "Test", amount: "500.0"}], "SAP-INV-2000", "Verified", ~U[2026-03-20 23:09:55.507308Z], ~U[2026-03-20 23:09:55.507308Z]]
23:09:55.511 [debug] QUERY OK db=0.2ms
commit []
23:09:55.513 [debug] Appended 1 event(s) to stream "Treasury.ReconciliationManager-019d0d83-33b1-7445-a1d7-a9f12e468947"
23:09:55.513 [info] 		[36mGiven [32man invoice "INV-2000" is ingested for 500.0 GBP
23:09:55.513 [debug] Listener received notification on channel "event_store.events" with payload: "Treasury.ReconciliationManager-019d0d83-33b1-7445-a1d7-a9f12e468947,8599,1,1"
23:09:55.513 [debug] Listener received notification on channel "event_store.events" with payload: "$all,0,12165,12165"
23:09:55.513 [debug] Locating aggregate process for `Nexus.ERP.Aggregates.Statement` with UUID "019d0d83-33b9-7d35-9fbb-a4ee2b0b8e73"
23:09:55.513 [debug] Nexus.ERP.Aggregates.Statement<019d0d83-33b9-7d35-9fbb-a4ee2b0b8e73@0> executing command: %Nexus.ERP.Commands.UploadStatement{statement_id: "019d0d83-33b9-7d35-9fbb-a4ee2b0b8e73", org_id: "019d0d83-33b1-7445-a1d7-a9f12e468947", filename: "test.csv", format: "csv", raw_content: "date,ref,amount,currency,narrative\n2024-02-25,REF-STMT-LINE-C,-500.0,GBP,Manual upload test\n", uploaded_at: ~U[2026-03-20 23:09:55.513421Z]}
23:09:55.515 [debug] Appended 1 event(s) to stream "019d0d83-33b9-7d35-9fbb-a4ee2b0b8e73"
23:09:55.515 [debug] Listener received notification on channel "event_store.events" with payload: "019d0d83-33b9-7d35-9fbb-a4ee2b0b8e73,8600,1,1"
23:09:55.515 [debug] Listener received notification on channel "event_store.events" with payload: "$all,0,12166,12166"
23:09:55.515 [debug] Nexus.ERP.Aggregates.Statement<019d0d83-33b9-7d35-9fbb-a4ee2b0b8e73@1> received events: [%Commanded.EventStore.RecordedEvent{event_id: "83385b02-4890-4a1d-84c1-5120b8983621", event_number: 1, stream_id: "019d0d83-33b9-7d35-9fbb-a4ee2b0b8e73", stream_version: 1, causation_id: "47e32c06-42a2-44f7-825a-a6c65be41203", correlation_id: "c89e76db-f955-472f-b6c2-26f458dcbf5c", event_type: "Elixir.Nexus.ERP.Events.StatementUploaded", data: %Nexus.ERP.Events.StatementUploaded{statement_id: "019d0d83-33b9-7d35-9fbb-a4ee2b0b8e73", org_id: "019d0d83-33b1-7445-a1d7-a9f12e468947", filename: "test.csv", format: "csv", lines: [%{id: "019d0d83-33b9-7828-9dcc-96150fea0f74", status: "unmatched", date: "2024-02-25", metadata: %{}, currency: "GBP", ref: "REF-STMT-LINE-C", amount: "-500.0", narrative: "Manual upload test"}], uploaded_at: "2026-03-20T23:09:55.513421Z", content_hash: "5E5B73C26808E626BFB8CAAE92990F8A32415AEF68A32B54AAAF6C7C0727FFA0"}, created_at: ~U[2026-03-20 23:09:55.514326Z], metadata: %{"causation_id" => "019d0d83-33b9-7211-a4a2-3561cf17ccc6", "correlation_id" => "019d0d83-33b9-7211-a4a2-3561cf17ccc6"}}]
23:09:55.516 [debug] QUERY OK source="erp_statements" db=0.6ms
SELECT count(e0."id") FROM "erp_statements" AS e0 WHERE ((e0."org_id" = $1) AND (e0."filename" = $2)) ["019d0d83-33b1-7445-a1d7-a9f12e468947", "test.csv"]
23:09:55.517 [debug] QUERY OK db=0.0ms
begin []
23:09:55.517 [debug] QUERY OK source="projection_versions" db=0.2ms
INSERT INTO "projection_versions" AS p0 ("projection_name","last_seen_event_number","inserted_at","updated_at") VALUES ($1,$2,$3,$4) ON CONFLICT ("projection_name") DO UPDATE SET "last_seen_event_number" = $5 WHERE ((p0."projection_name" = $6) AND (p0."last_seen_event_number" < $7)) ["ERP.StatementProjector", 1, ~N[2026-03-20 23:09:55.517220], ~N[2026-03-20 23:09:55.517220], 1, "ERP.StatementProjector", 1]
23:09:55.518 [debug] QUERY OK source="erp_statements" db=0.2ms
INSERT INTO "erp_statements" ("id","status","filename","format","org_id","uploaded_at","content_hash","line_count","matched_count","overlap_warning","created_at","updated_at") VALUES ($1,$2,$3,$4,$5,$6,$7,$8,$9,$10,$11,$12) ON CONFLICT ("id") DO NOTHING ["019d0d83-33b9-7d35-9fbb-a4ee2b0b8e73", "uploaded", "test.csv", "csv", "019d0d83-33b1-7445-a1d7-a9f12e468947", ~U[2026-03-20 23:09:55.513421Z], "5E5B73C26808E626BFB8CAAE92990F8A32415AEF68A32B54AAAF6C7C0727FFA0", 1, 0, false, ~U[2026-03-20 23:09:55.517838Z], ~U[2026-03-20 23:09:55.517838Z]]
23:09:55.519 [debug] QUERY OK source="erp_statement_lines" db=0.4ms
INSERT INTO "erp_statement_lines" ("id","status","date","metadata","currency","ref","amount","org_id","statement_id","narrative","created_at","updated_at") VALUES ($1,$2,$3,$4,$5,$6,$7,$8,$9,$10,$11,$12) ON CONFLICT ("id") DO NOTHING ["019d0d83-33b9-7828-9dcc-96150fea0f74", "unmatched", "2024-02-25", %{}, "GBP", "REF-STMT-LINE-C", Decimal.new("-500.0"), "019d0d83-33b1-7445-a1d7-a9f12e468947", "019d0d83-33b9-7d35-9fbb-a4ee2b0b8e73", "Manual upload test", ~U[2026-03-20 23:09:55.518345Z], ~U[2026-03-20 23:09:55.518345Z]]
23:09:55.519 [debug] QUERY OK db=0.3ms
commit []
23:09:55.521 [debug] Locating aggregate process for `Nexus.Treasury.Aggregates.Reconciliation` with UUID "019d0d83-33c1-783f-bd0d-de78e5878f3e"
23:09:55.521 [debug] Nexus.Treasury.Aggregates.Reconciliation<019d0d83-33c1-783f-bd0d-de78e5878f3e@0> executing command: %Nexus.Treasury.Commands.ReconcileTransaction{org_id: "019d0d83-33b1-7445-a1d7-a9f12e468947", reconciliation_id: "019d0d83-33c1-783f-bd0d-de78e5878f3e", invoice_id: "019d0d83-33b3-7084-8025-8d448a5d88b8", statement_id: "019d0d83-33b9-7d35-9fbb-a4ee2b0b8e73", statement_line_id: "019d0d83-33b9-7828-9dcc-96150fea0f74", amount: Decimal.new("500.0"), variance: nil, variance_reason: nil, actor_email: "system@nexus.ai", currency: "GBP", timestamp: ~U[2026-03-20 23:09:55.521149Z]}
23:09:55.522 [debug] Appended 1 event(s) to stream "019d0d83-33c1-783f-bd0d-de78e5878f3e"
23:09:55.522 [debug] Listener received notification on channel "event_store.events" with payload: "019d0d83-33c1-783f-bd0d-de78e5878f3e,8601,1,1"
23:09:55.522 [debug] Listener received notification on channel "event_store.events" with payload: "$all,0,12167,12167"
23:09:55.523 [debug] Nexus.Treasury.Aggregates.Reconciliation<019d0d83-33c1-783f-bd0d-de78e5878f3e@1> received events: [%Commanded.EventStore.RecordedEvent{event_id: "68c5db7e-f0bc-455c-97e4-6448b9605b99", event_number: 1, stream_id: "019d0d83-33c1-783f-bd0d-de78e5878f3e", stream_version: 1, causation_id: "194d4c3a-482e-4d81-8d4b-ffa40bfd1e8e", correlation_id: "e5941345-ea54-4624-89b6-42587d0bc9a8", event_type: "Elixir.Nexus.Treasury.Events.TransactionReconciled", data: %Nexus.Treasury.Events.TransactionReconciled{org_id: "019d0d83-33b1-7445-a1d7-a9f12e468947", reconciliation_id: "019d0d83-33c1-783f-bd0d-de78e5878f3e", invoice_id: "019d0d83-33b3-7084-8025-8d448a5d88b8", statement_id: "019d0d83-33b9-7d35-9fbb-a4ee2b0b8e73", statement_line_id: "019d0d83-33b9-7828-9dcc-96150fea0f74", amount: "500.0", variance: nil, variance_reason: nil, actor_email: "system@nexus.ai", currency: "GBP", timestamp: "2026-03-20T23:09:55.521149Z"}, created_at: ~U[2026-03-20 23:09:55.521961Z], metadata: %{"causation_id" => "019d0d83-33c1-70fa-80de-8aa905172612", "correlation_id" => "019d0d83-33c1-70fa-80de-8aa905172612"}}]
23:09:55.523 [debug] QUERY OK db=0.1ms
begin []
23:09:55.524 [debug] QUERY OK source="projection_versions" db=0.2ms
INSERT INTO "projection_versions" AS p0 ("projection_name","last_seen_event_number","inserted_at","updated_at") VALUES ($1,$2,$3,$4) ON CONFLICT ("projection_name") DO UPDATE SET "last_seen_event_number" = $5 WHERE ((p0."projection_name" = $6) AND (p0."last_seen_event_number" < $7)) ["Treasury.ReconciliationProjector", 1, ~N[2026-03-20 23:09:55.523901], ~N[2026-03-20 23:09:55.523901], 1, "Treasury.ReconciliationProjector", 1]
23:09:55.524 [debug] QUERY OK source="treasury_reconciliations" db=0.3ms
INSERT INTO "treasury_reconciliations" AS t0 ("id","status","currency","amount","org_id","invoice_id","statement_id","statement_line_id","matched_at","actor_email","variance","created_at","updated_at") VALUES ($1,$2,$3,$4,$5,$6,$7,$8,$9,$10,$11,$12,$13) ON CONFLICT ("id") DO UPDATE SET "status" = $14, "actor_email" = $15, "matched_at" = $16 ["019d0d83-33c1-783f-bd0d-de78e5878f3e", :matched, "GBP", Decimal.new("500.0"), "019d0d83-33b1-7445-a1d7-a9f12e468947", "019d0d83-33b3-7084-8025-8d448a5d88b8", "019d0d83-33b9-7d35-9fbb-a4ee2b0b8e73", "019d0d83-33b9-7828-9dcc-96150fea0f74", ~U[2026-03-20 23:09:55.521149Z], "system@nexus.ai", Decimal.new("0.00"), ~U[2026-03-20 23:09:55.524223Z], ~U[2026-03-20 23:09:55.524223Z], :matched, "system@nexus.ai", ~U[2026-03-20 23:09:55.521149Z]]
23:09:55.525 [debug] QUERY OK source="erp_invoices" db=0.5ms
UPDATE "erp_invoices" AS e0 SET "status" = $1 WHERE ((e0."id" = $2) AND (e0."org_id" = $3)) ["matched", "019d0d83-33b3-7084-8025-8d448a5d88b8", "019d0d83-33b1-7445-a1d7-a9f12e468947"]
23:09:55.525 [debug] QUERY OK source="erp_statement_lines" db=0.4ms
UPDATE "erp_statement_lines" AS e0 SET "status" = $1 WHERE ((e0."id" = $2) AND (e0."org_id" = $3)) ["matched", "019d0d83-33b9-7828-9dcc-96150fea0f74", "019d0d83-33b1-7445-a1d7-a9f12e468947"]
23:09:55.526 [debug] QUERY OK source="erp_statements" db=0.3ms
UPDATE "erp_statements" AS e0 SET "matched_count" = e0."matched_count" + $1 WHERE ((e0."id" = $2) AND (e0."org_id" = $3)) [1, "019d0d83-33b9-7d35-9fbb-a4ee2b0b8e73", "019d0d83-33b1-7445-a1d7-a9f12e468947"]
23:09:55.526 [debug] QUERY OK db=0.2ms
commit []
23:09:55.528 [debug] Appended 1 event(s) to stream "Treasury.ReconciliationManager-019d0d83-33b1-7445-a1d7-a9f12e468947"
23:09:55.528 [debug] Listener received notification on channel "event_store.events" with payload: "Treasury.ReconciliationManager-019d0d83-33b1-7445-a1d7-a9f12e468947,8599,2,2"
23:09:55.528 [debug] Listener received notification on channel "event_store.events" with payload: "$all,0,12168,12168"
23:09:55.528 [debug] QUERY OK source="erp_statement_lines" db=0.5ms
SELECT e0."id", e0."statement_id", e0."org_id", e0."date", e0."ref", e0."amount", e0."currency", e0."narrative", e0."status", e0."error_message", e0."metadata", e0."created_at", e0."updated_at" FROM "erp_statement_lines" AS e0 WHERE (e0."statement_id" = $1) ["019d0d83-33b9-7d35-9fbb-a4ee2b0b8e73"]
23:09:55.528 [info] 		[36mWhen [32ma statement line "STMT-LINE-C" is uploaded for 500.0 GBP
23:09:55.529 [debug] QUERY OK source="treasury_reconciliations" db=0.5ms
SELECT t0."id", t0."org_id", t0."invoice_id", t0."statement_id", t0."statement_line_id", t0."amount", t0."variance", t0."variance_reason", t0."actor_email", t0."currency", t0."status", t0."matched_at", t0."created_at", t0."updated_at" FROM "treasury_reconciliations" AS t0 WHERE (t0."invoice_id" = $1) ["019d0d83-33b3-7084-8025-8d448a5d88b8"]
.23:09:55.529 [info] 		[36mThen [32mthe process manager should dispatch a ReconcileTransaction command for "INV-2000"
23:09:55.532 [debug] QUERY OK source="treasury_market_ticks" db=1.3ms queue=0.2ms
DELETE FROM "treasury_market_ticks" AS t0 []
23:09:55.535 [debug] QUERY OK db=0.1ms
begin []
23:09:55.535 [debug] QUERY OK source="projection_versions" db=0.3ms
INSERT INTO "projection_versions" AS p0 ("projection_name","last_seen_event_number","inserted_at","updated_at") VALUES ($1,$2,$3,$4) ON CONFLICT ("projection_name") DO UPDATE SET "last_seen_event_number" = $5 WHERE ((p0."projection_name" = $6) AND (p0."last_seen_event_number" < $7)) ["Treasury.MarketTickProjector", 1, ~N[2026-03-20 23:09:55.535524], ~N[2026-03-20 23:09:55.535524], 1, "Treasury.MarketTickProjector", 1]
23:09:55.536 [debug] QUERY OK source="treasury_market_ticks" db=0.5ms
INSERT INTO "treasury_market_ticks" ("id","pair","price","tick_time","created_at","updated_at") VALUES ($1,$2,$3,$4,$5,$6) ["019d0d83-33cf-700f-ae76-4df36acda4b7", "EUR/USD", Decimal.new("1.0850"), ~U[2026-03-20 23:09:55.532989Z], ~U[2026-03-20 23:09:55.535964Z], ~U[2026-03-20 23:09:55.535964Z]]
23:09:55.537 [debug] QUERY OK db=0.2ms
commit []
23:09:55.538 [debug] QUERY OK source="treasury_market_ticks" db=0.7ms queue=0.2ms
SELECT t0."id", t0."pair", t0."price", t0."tick_time", t0."created_at", t0."updated_at" FROM "treasury_market_ticks" AS t0 WHERE (t0."pair" = 'EUR/USD') []
.23:09:55.538 [debug] QUERY OK source="treasury_exposure_snapshots" db=0.3ms queue=0.1ms
DELETE FROM "treasury_exposure_snapshots" AS t0 []
23:09:55.539 [debug] QUERY OK source="projection_versions" db=0.3ms
DELETE FROM "projection_versions" AS p0 []
23:09:55.539 [info] 		[36mGiven [32ma subsidiary "Munich HQ" has an open "USD" invoice for "100000"
23:09:55.539 [info] 		[36mGiven [32mthe current "EUR/USD" exchange rate is "1.0842"
23:09:55.539 [debug] Locating aggregate process for `Nexus.Treasury.Aggregates.Exposure` with UUID "Sub21922-EUR"
23:09:55.541 [debug] Nexus.Treasury.Aggregates.Exposure<Sub21922-EUR@0> executing command: %Nexus.Treasury.Commands.CalculateExposure{id: "Sub21922-EUR", org_id: "00123e7d-6f4e-4db9-b199-06a4d5e0f9ab", subsidiary: "Sub21922", currency: "EUR", exposure_amount: Decimal.new("92233.91"), timestamp: ~U[2026-03-20 23:09:55.539421Z]}
23:09:55.543 [debug] Appended 1 event(s) to stream "Sub21922-EUR"
23:09:55.543 [debug] Listener received notification on channel "event_store.events" with payload: "Sub21922-EUR,8602,1,1"
23:09:55.543 [debug] Listener received notification on channel "event_store.events" with payload: "$all,0,12169,12169"
23:09:55.544 [debug] Nexus.Treasury.Aggregates.Exposure<Sub21922-EUR@1> received events: [%Commanded.EventStore.RecordedEvent{event_id: "044340fb-8582-4e74-9608-1fcbece292d6", event_number: 1, stream_id: "Sub21922-EUR", stream_version: 1, causation_id: "d6d2f5f2-fc0e-4b05-b971-1183832765b6", correlation_id: "fd7003c4-f6c9-42df-bda3-36e6256323e7", event_type: "Elixir.Nexus.Treasury.Events.ExposureCalculated", data: %Nexus.Treasury.Events.ExposureCalculated{org_id: "00123e7d-6f4e-4db9-b199-06a4d5e0f9ab", subsidiary: "Sub21922", currency: "EUR", exposure_amount: "92233.91", timestamp: "2026-03-20T23:09:55.539421Z"}, created_at: ~U[2026-03-20 23:09:55.541490Z], metadata: %{"causation_id" => "019d0d83-33d3-7af8-9e82-24ffed7eca1a", "correlation_id" => "019d0d83-33d3-7af8-9e82-24ffed7eca1a"}}]
23:09:55.546 [debug] QUERY OK db=0.1ms
begin []
23:09:55.546 [debug] QUERY OK source="projection_versions" db=0.1ms
INSERT INTO "projection_versions" AS p0 ("projection_name","last_seen_event_number","inserted_at","updated_at") VALUES ($1,$2,$3,$4) ON CONFLICT ("projection_name") DO UPDATE SET "last_seen_event_number" = $5 WHERE ((p0."projection_name" = $6) AND (p0."last_seen_event_number" < $7)) ["Treasury.ExposureProjector", 1, ~N[2026-03-20 23:09:55.546420], ~N[2026-03-20 23:09:55.546420], 1, "Treasury.ExposureProjector", 1]
23:09:55.546 [debug] QUERY OK db=0.1ms
rollback []
23:09:55.547 [debug] QUERY OK source="treasury_exposure_snapshots" db=0.8ms
DELETE FROM "treasury_exposure_snapshots" AS t0 []


  9) scenario Calculating exposure for unhedged invoices Calculating exposure for unhedged invoices (Nexus.Treasury.ExposureCalculationTest)
     test/nexus/treasury/exposure_calculation_test.exs:6
     ** (Ecto.ChangeError) value `"Sub21922-EUR"` for `Nexus.Treasury.Projections.ExposureSnapshot.id` in `insert` does not match type :binary_id
     code: project_event(event, 1)
     stacktrace:
       (ecto 3.13.5) lib/ecto/repo/schema.ex:1301: Ecto.Repo.Schema.dump_field!/6
       (ecto 3.13.5) lib/ecto/repo/schema.ex:1310: anonymous fn/6 in Ecto.Repo.Schema.dump_fields!/5
       (stdlib 7.1) maps.erl:894: :maps.fold_1/4
       (ecto 3.13.5) lib/ecto/repo/schema.ex:1308: Ecto.Repo.Schema.dump_fields!/5
       (ecto 3.13.5) lib/ecto/repo/schema.ex:1240: Ecto.Repo.Schema.dump_changes!/7
       (ecto 3.13.5) lib/ecto/repo/schema.ex:476: anonymous fn/15 in Ecto.Repo.Schema.do_insert/4
       (ecto 3.13.5) lib/ecto/multi.ex:905: Ecto.Multi.apply_operation/5
       (elixir 1.19.5) lib/enum.ex:2520: Enum."-reduce/3-lists^foldl/2-0-"/3
       (ecto 3.13.5) lib/ecto/multi.ex:878: anonymous fn/5 in Ecto.Multi.apply_operations/5
       (ecto_sql 3.13.4) lib/ecto/adapters/sql.ex:1473: anonymous fn/3 in Ecto.Adapters.SQL.checkout_or_transaction/4
       (db_connection 2.9.0) lib/db_connection.ex:1747: DBConnection.run_transaction/4
       (ecto 3.13.5) lib/ecto/repo/transaction.ex:30: Ecto.Repo.Transaction.transact/4
       (nexus 0.1.0) lib/nexus/treasury/projectors/exposure_projector.ex:87: anonymous fn/3 in Nexus.Treasury.Projectors.ExposureProjector.update_projection/3
       (ecto_sql 3.13.4) lib/ecto/adapters/sql/sandbox.ex:629: Ecto.Adapters.SQL.Sandbox.unboxed_run/2
       test/nexus/treasury/exposure_calculation_test.exs:67: (test)

23:09:55.548 [debug] QUERY OK source="projection_versions" db=0.1ms
DELETE FROM "projection_versions" AS p0 []
23:09:55.548 [debug] Locating aggregate process for `Nexus.Treasury.Aggregates.Exposure` with UUID "Sub21059-EUR"
23:09:55.548 [debug] Nexus.Treasury.Aggregates.Exposure<Sub21059-EUR@0> executing command: %Nexus.Treasury.Commands.CalculateExposure{id: "Sub21059-EUR", org_id: "22adc7fd-7c47-40fb-a771-c959aebbde07", subsidiary: "Sub21059", currency: "EUR", exposure_amount: Decimal.new("92233.91"), timestamp: ~U[2026-03-20 23:09:55.548212Z]}
23:09:55.549 [debug] Appended 1 event(s) to stream "Sub21059-EUR"
23:09:55.549 [debug] Listener received notification on channel "event_store.events" with payload: "Sub21059-EUR,8603,1,1"
23:09:55.549 [debug] Listener received notification on channel "event_store.events" with payload: "$all,0,12170,12170"
23:09:55.550 [debug] QUERY OK db=0.2ms
begin []
23:09:55.550 [debug] Nexus.Treasury.Aggregates.Exposure<Sub21059-EUR@1> received events: [%Commanded.EventStore.RecordedEvent{event_id: "3671a88a-1c2f-4c32-bf56-0402290cf418", event_number: 1, stream_id: "Sub21059-EUR", stream_version: 1, causation_id: "f2aec4e6-0d11-4fed-a591-b895149cc8c6", correlation_id: "d720c612-0e13-4578-bae1-348b37ade278", event_type: "Elixir.Nexus.Treasury.Events.ExposureCalculated", data: %Nexus.Treasury.Events.ExposureCalculated{org_id: "22adc7fd-7c47-40fb-a771-c959aebbde07", subsidiary: "Sub21059", currency: "EUR", exposure_amount: "92233.91", timestamp: "2026-03-20T23:09:55.548212Z"}, created_at: ~U[2026-03-20 23:09:55.548962Z], metadata: %{"causation_id" => "019d0d83-33dc-7980-93b6-77d0feb8e721", "correlation_id" => "019d0d83-33dc-7980-93b6-77d0feb8e721"}}]
23:09:55.550 [debug] QUERY OK source="projection_versions" db=0.2ms
INSERT INTO "projection_versions" AS p0 ("projection_name","last_seen_event_number","inserted_at","updated_at") VALUES ($1,$2,$3,$4) ON CONFLICT ("projection_name") DO UPDATE SET "last_seen_event_number" = $5 WHERE ((p0."projection_name" = $6) AND (p0."last_seen_event_number" < $7)) ["Treasury.ExposureProjector", 1, ~N[2026-03-20 23:09:55.550214], ~N[2026-03-20 23:09:55.550214], 1, "Treasury.ExposureProjector", 1]
23:09:55.550 [debug] QUERY OK db=0.0ms
rollback []


 10) scenario Re-evaluating exposure after a market tick Re-evaluating exposure after a market tick (Nexus.Treasury.ExposureCalculationTest)
     test/nexus/treasury/exposure_calculation_test.exs:12
     ** (Ecto.ChangeError) value `"Sub21059-EUR"` for `Nexus.Treasury.Projections.ExposureSnapshot.id` in `insert` does not match type :binary_id
     code: project_event(event, 1)
     stacktrace:
       (ecto 3.13.5) lib/ecto/repo/schema.ex:1301: Ecto.Repo.Schema.dump_field!/6
       (ecto 3.13.5) lib/ecto/repo/schema.ex:1310: anonymous fn/6 in Ecto.Repo.Schema.dump_fields!/5
       (stdlib 7.1) maps.erl:894: :maps.fold_1/4
       (ecto 3.13.5) lib/ecto/repo/schema.ex:1308: Ecto.Repo.Schema.dump_fields!/5
       (ecto 3.13.5) lib/ecto/repo/schema.ex:1240: Ecto.Repo.Schema.dump_changes!/7
       (ecto 3.13.5) lib/ecto/repo/schema.ex:476: anonymous fn/15 in Ecto.Repo.Schema.do_insert/4
       (ecto 3.13.5) lib/ecto/multi.ex:905: Ecto.Multi.apply_operation/5
       (elixir 1.19.5) lib/enum.ex:2520: Enum."-reduce/3-lists^foldl/2-0-"/3
       (ecto 3.13.5) lib/ecto/multi.ex:878: anonymous fn/5 in Ecto.Multi.apply_operations/5
       (ecto_sql 3.13.4) lib/ecto/adapters/sql.ex:1473: anonymous fn/3 in Ecto.Adapters.SQL.checkout_or_transaction/4
       (db_connection 2.9.0) lib/db_connection.ex:1747: DBConnection.run_transaction/4
       (ecto 3.13.5) lib/ecto/repo/transaction.ex:30: Ecto.Repo.Transaction.transact/4
       (nexus 0.1.0) lib/nexus/treasury/projectors/exposure_projector.ex:87: anonymous fn/3 in Nexus.Treasury.Projectors.ExposureProjector.update_projection/3
       (ecto_sql 3.13.4) lib/ecto/adapters/sql/sandbox.ex:629: Ecto.Adapters.SQL.Sandbox.unboxed_run/2
       test/nexus/treasury/exposure_calculation_test.exs:112: (test)

23:09:55.552 [debug] QUERY OK source="users" db=0.2ms queue=0.2ms
INSERT INTO "users" ("id","status","org_id","email","display_name","roles","cose_key","credential_id","created_at","updated_at") VALUES ($1,$2,$3,$4,$5,$6,$7,$8,$9,$10) ["019d0d83-33df-7b96-ba37-d1914672cf11", "active", "019d0d83-33df-7abe-846b-e0bdbd88d0ca", "payer@nexus.app", "Payer User", ["admin"], "mock_key", "mock_cred", ~U[2026-03-20 23:09:55.551776Z], ~U[2026-03-20 23:09:55.551776Z]]
23:09:55.553 request_id=GJ6vbz5p37RLOM8AAFZB [info] GET /payments
23:09:55.554 request_id=GJ6vbz5p37RLOM8AAFZB [debug] Processing with NexusWeb.Payments.BulkPaymentLive.__live__/0
  Parameters: %{}
  Pipelines: [:browser]
23:09:55.557 request_id=GJ6vbz5p37RLOM8AAFZB [debug] QUERY OK source="users" db=0.4ms
SELECT u0."id", u0."org_id", u0."email", u0."display_name", u0."status", u0."cose_key", u0."credential_id", u0."roles", u0."created_at", u0."updated_at" FROM "users" AS u0 WHERE (u0."id" = $1) ["019d0d83-33df-7b96-ba37-d1914672cf11"]
23:09:55.560 request_id=GJ6vbz5p37RLOM8AAFZB [debug] QUERY OK source="payments_bulk_payments" db=0.3ms queue=0.3ms
SELECT p0."id", p0."org_id", p0."user_id", p0."status", p0."total_items", p0."processed_items", p0."total_amount", p0."created_at", p0."updated_at" FROM "payments_bulk_payments" AS p0 WHERE (p0."org_id" = $1) ORDER BY p0."created_at" DESC ["019d0d83-33df-7abe-846b-e0bdbd88d0ca"]
23:09:55.563 request_id=GJ6vbz5p37RLOM8AAFZB [debug] QUERY OK source="treasury_liquidity_positions" db=0.3ms queue=0.2ms
SELECT t0."id", t0."org_id", t0."currency", t0."amount", t0."created_at", t0."updated_at" FROM "treasury_liquidity_positions" AS t0 WHERE (t0."org_id" = $1) ["019d0d83-33df-7abe-846b-e0bdbd88d0ca"]
23:09:55.580 request_id=GJ6vbz5p37RLOM8AAFZB [info] Sent 200 in 26ms
23:09:55.583 [debug] MOUNT NexusWeb.Payments.BulkPaymentLive
  Parameters: %{}
  Session: %{"_csrf_token" => "nTL8ljtSW3uZxF4eXP84m9KR", "live_socket_id" => "users_sessions:Tu5DnRc_qT5COhgc_gfAxPytYxNX4KqGpGjBcRpqVN0=", "user_id" => "019d0d83-33df-7b96-ba37-d1914672cf11"}
23:09:55.583 [debug] QUERY OK source="users" db=0.3ms
SELECT u0."id", u0."org_id", u0."email", u0."display_name", u0."status", u0."cose_key", u0."credential_id", u0."roles", u0."created_at", u0."updated_at" FROM "users" AS u0 WHERE (u0."id" = $1) ["019d0d83-33df-7b96-ba37-d1914672cf11"]
23:09:55.584 [debug] QUERY OK source="payments_bulk_payments" db=0.1ms
SELECT p0."id", p0."org_id", p0."user_id", p0."status", p0."total_items", p0."processed_items", p0."total_amount", p0."created_at", p0."updated_at" FROM "payments_bulk_payments" AS p0 WHERE (p0."org_id" = $1) ORDER BY p0."created_at" DESC ["019d0d83-33df-7abe-846b-e0bdbd88d0ca"]
23:09:55.584 [debug] QUERY OK source="treasury_liquidity_positions" db=0.1ms
SELECT t0."id", t0."org_id", t0."currency", t0."amount", t0."created_at", t0."updated_at" FROM "treasury_liquidity_positions" AS t0 WHERE (t0."org_id" = $1) ["019d0d83-33df-7abe-846b-e0bdbd88d0ca"]
23:09:55.584 [debug] Replied in 1ms
23:09:55.584 [debug] HANDLE PARAMS in NexusWeb.Payments.BulkPaymentLive
  Parameters: %{}
23:09:55.584 [debug] Replied in 53µs
.23:09:55.587 [debug] QUERY OK source="users" db=0.3ms queue=0.1ms
INSERT INTO "users" ("id","status","org_id","email","display_name","roles","cose_key","credential_id","created_at","updated_at") VALUES ($1,$2,$3,$4,$5,$6,$7,$8,$9,$10) ["019d0d83-3402-70f6-b03b-9d9239c2b3bc", "active", "019d0d83-3402-7342-8e7a-cfca22f890f8", "payer@nexus.app", "Payer User", ["admin"], "mock_key", "mock_cred", ~U[2026-03-20 23:09:55.586530Z], ~U[2026-03-20 23:09:55.586530Z]]
23:09:55.587 request_id=GJ6vb0BmV9YKrPkAAFJi [info] GET /payments
23:09:55.587 request_id=GJ6vb0BmV9YKrPkAAFJi [debug] Processing with NexusWeb.Payments.BulkPaymentLive.__live__/0
  Parameters: %{}
  Pipelines: [:browser]
23:09:55.587 request_id=GJ6vb0BmV9YKrPkAAFJi [debug] QUERY OK source="users" db=0.3ms
SELECT u0."id", u0."org_id", u0."email", u0."display_name", u0."status", u0."cose_key", u0."credential_id", u0."roles", u0."created_at", u0."updated_at" FROM "users" AS u0 WHERE (u0."id" = $1) ["019d0d83-3402-70f6-b03b-9d9239c2b3bc"]
23:09:55.588 request_id=GJ6vb0BmV9YKrPkAAFJi [debug] QUERY OK source="payments_bulk_payments" db=0.4ms
SELECT p0."id", p0."org_id", p0."user_id", p0."status", p0."total_items", p0."processed_items", p0."total_amount", p0."created_at", p0."updated_at" FROM "payments_bulk_payments" AS p0 WHERE (p0."org_id" = $1) ORDER BY p0."created_at" DESC ["019d0d83-3402-7342-8e7a-cfca22f890f8"]
23:09:55.588 request_id=GJ6vb0BmV9YKrPkAAFJi [debug] QUERY OK source="treasury_liquidity_positions" db=0.3ms
SELECT t0."id", t0."org_id", t0."currency", t0."amount", t0."created_at", t0."updated_at" FROM "treasury_liquidity_positions" AS t0 WHERE (t0."org_id" = $1) ["019d0d83-3402-7342-8e7a-cfca22f890f8"]
23:09:55.589 request_id=GJ6vb0BmV9YKrPkAAFJi [info] Sent 200 in 1ms
23:09:55.590 [debug] MOUNT NexusWeb.Payments.BulkPaymentLive
  Parameters: %{}
  Session: %{"_csrf_token" => "WvCFaVBvlLV0WjC8dFKOQd76", "live_socket_id" => "users_sessions:GXq0rZ9hr_vx_y4slMczdjne1i8RC62VWbUQK4Rscyk=", "user_id" => "019d0d83-3402-70f6-b03b-9d9239c2b3bc"}
23:09:55.590 [debug] QUERY OK source="users" db=0.1ms
SELECT u0."id", u0."org_id", u0."email", u0."display_name", u0."status", u0."cose_key", u0."credential_id", u0."roles", u0."created_at", u0."updated_at" FROM "users" AS u0 WHERE (u0."id" = $1) ["019d0d83-3402-70f6-b03b-9d9239c2b3bc"]
23:09:55.590 [debug] QUERY OK source="payments_bulk_payments" db=0.1ms
SELECT p0."id", p0."org_id", p0."user_id", p0."status", p0."total_items", p0."processed_items", p0."total_amount", p0."created_at", p0."updated_at" FROM "payments_bulk_payments" AS p0 WHERE (p0."org_id" = $1) ORDER BY p0."created_at" DESC ["019d0d83-3402-7342-8e7a-cfca22f890f8"]
23:09:55.591 [debug] QUERY OK source="treasury_liquidity_positions" db=0.1ms
SELECT t0."id", t0."org_id", t0."currency", t0."amount", t0."created_at", t0."updated_at" FROM "treasury_liquidity_positions" AS t0 WHERE (t0."org_id" = $1) ["019d0d83-3402-7342-8e7a-cfca22f890f8"]
23:09:55.591 [debug] Replied in 941µs
23:09:55.591 [debug] HANDLE PARAMS in NexusWeb.Payments.BulkPaymentLive
  Parameters: %{}
23:09:55.591 [debug] Replied in 44µs
23:09:55.593 request_id=GJ6vb0BmV9YKrPkAAFJi [info] CONNECTED TO Phoenix.LiveView.Socket in 14µs
  Transport: {Phoenix.ChannelTest, #PID<0.1375.0>}
  Serializer: Phoenix.ChannelTest.NoopSerializer
  Parameters: %{}
23:09:55.602 [info] JOINED lvu:123 in 1ms
  Parameters: %{"token" => "SFMyNTY.g2gDaAJhBnQAAAADdwNwaWRYdw1ub25vZGVAbm9ob3N0AAAFYQAAAAAAAAAAdwNyZWZoAm0AAAAUcGh4LUdKNnZiMENobGRvWGZGTkNtAAAABTIxMzQ3dwNjaWR3A25pbG4GAA40gw2dAWIAAVGA.cch0HjvuM4Nc_eJF77UzG3xA8QFyKH64FM56KEr8-r4"}
23:09:55.606 [debug] HANDLE EVENT "save" in NexusWeb.Payments.BulkPaymentLive
  Parameters: %{"batch" => ""}
23:09:55.608 [debug] Replied in 1ms
.23:09:55.610 [debug] QUERY OK source="users" db=0.2ms
INSERT INTO "users" ("id","status","org_id","email","display_name","roles","cose_key","credential_id","created_at","updated_at") VALUES ($1,$2,$3,$4,$5,$6,$7,$8,$9,$10) ["019d0d83-3419-71bb-8034-2a3b2bc82b69", "active", "019d0d83-3419-7d2e-8481-539b2756854a", "payer@nexus.app", "Payer User", ["admin"], "mock_key", "mock_cred", ~U[2026-03-20 23:09:55.609770Z], ~U[2026-03-20 23:09:55.609770Z]]
23:09:55.610 request_id=GJ6vb0HGEnvoTKIAAFfB [info] GET /payments
23:09:55.610 request_id=GJ6vb0HGEnvoTKIAAFfB [debug] Processing with NexusWeb.Payments.BulkPaymentLive.__live__/0
  Parameters: %{}
  Pipelines: [:browser]
23:09:55.610 request_id=GJ6vb0HGEnvoTKIAAFfB [debug] QUERY OK source="users" db=0.4ms
SELECT u0."id", u0."org_id", u0."email", u0."display_name", u0."status", u0."cose_key", u0."credential_id", u0."roles", u0."created_at", u0."updated_at" FROM "users" AS u0 WHERE (u0."id" = $1) ["019d0d83-3419-71bb-8034-2a3b2bc82b69"]
23:09:55.611 request_id=GJ6vb0HGEnvoTKIAAFfB [debug] QUERY OK source="payments_bulk_payments" db=0.5ms
SELECT p0."id", p0."org_id", p0."user_id", p0."status", p0."total_items", p0."processed_items", p0."total_amount", p0."created_at", p0."updated_at" FROM "payments_bulk_payments" AS p0 WHERE (p0."org_id" = $1) ORDER BY p0."created_at" DESC ["019d0d83-3419-7d2e-8481-539b2756854a"]
23:09:55.612 request_id=GJ6vb0HGEnvoTKIAAFfB [debug] QUERY OK source="treasury_liquidity_positions" db=0.4ms
SELECT t0."id", t0."org_id", t0."currency", t0."amount", t0."created_at", t0."updated_at" FROM "treasury_liquidity_positions" AS t0 WHERE (t0."org_id" = $1) ["019d0d83-3419-7d2e-8481-539b2756854a"]
23:09:55.612 request_id=GJ6vb0HGEnvoTKIAAFfB [info] Sent 200 in 2ms
23:09:55.613 [debug] MOUNT NexusWeb.Payments.BulkPaymentLive
  Parameters: %{}
  Session: %{"_csrf_token" => "pvg6GoGQJfZt0jAQLyCAyIUz", "live_socket_id" => "users_sessions:GU6UAEMQtM3z6j2FW86UfyqeDA9I3irjM2ubwKp1IgE=", "user_id" => "019d0d83-3419-71bb-8034-2a3b2bc82b69"}
23:09:55.614 [debug] QUERY OK source="users" db=0.1ms
SELECT u0."id", u0."org_id", u0."email", u0."display_name", u0."status", u0."cose_key", u0."credential_id", u0."roles", u0."created_at", u0."updated_at" FROM "users" AS u0 WHERE (u0."id" = $1) ["019d0d83-3419-71bb-8034-2a3b2bc82b69"]
23:09:55.614 [debug] QUERY OK source="payments_bulk_payments" db=0.1ms
SELECT p0."id", p0."org_id", p0."user_id", p0."status", p0."total_items", p0."processed_items", p0."total_amount", p0."created_at", p0."updated_at" FROM "payments_bulk_payments" AS p0 WHERE (p0."org_id" = $1) ORDER BY p0."created_at" DESC ["019d0d83-3419-7d2e-8481-539b2756854a"]
23:09:55.614 [debug] QUERY OK source="treasury_liquidity_positions" db=0.1ms
SELECT t0."id", t0."org_id", t0."currency", t0."amount", t0."created_at", t0."updated_at" FROM "treasury_liquidity_positions" AS t0 WHERE (t0."org_id" = $1) ["019d0d83-3419-7d2e-8481-539b2756854a"]
23:09:55.614 [debug] Replied in 774µs
23:09:55.614 [debug] HANDLE PARAMS in NexusWeb.Payments.BulkPaymentLive
  Parameters: %{}
23:09:55.614 [debug] Replied in 24µs
23:09:55.616 request_id=GJ6vb0HGEnvoTKIAAFfB [info] CONNECTED TO Phoenix.LiveView.Socket in 10µs
  Transport: {Phoenix.ChannelTest, #PID<0.1385.0>}
  Serializer: Phoenix.ChannelTest.NoopSerializer
  Parameters: %{}
23:09:55.618 [info] JOINED lvu:123 in 741µs
  Parameters: %{"token" => "SFMyNTY.g2gDaAJhBnQAAAADdwNwaWRYdw1ub25vZGVAbm9ob3N0AAAFawAAAAAAAAAAdwNyZWZoAm0AAAAUcGh4LUdKNnZiMElHdlg0NFUxaWhtAAAABTIyNzIydwNjaWR3A25pbG4GACE0gw2dAWIAAVGA.YDGZWf8PWVKaPlAENPyddUtyEi8-UZy81xzjzOqt_Xo"}
23:09:55.620 [debug] HANDLE EVENT "save" in NexusWeb.Payments.BulkPaymentLive
  Parameters: %{"batch" => ""}
23:09:55.620 [debug] Replied in 205µs
.23:09:55.622 [debug] QUERY OK source="users" db=0.2ms queue=0.1ms
INSERT INTO "users" ("id","status","org_id","email","display_name","roles","cose_key","credential_id","created_at","updated_at") VALUES ($1,$2,$3,$4,$5,$6,$7,$8,$9,$10) ["019d0d83-3426-797d-ae26-5dbc2faef223", "active", "019d0d83-3426-7dc3-9b64-d4590b96f25d", "payer@nexus.app", "Payer User", ["admin"], "mock_key", "mock_cred", ~U[2026-03-20 23:09:55.622262Z], ~U[2026-03-20 23:09:55.622262Z]]
23:09:55.622 request_id=GJ6vb0KGAow4htwAAFjh [info] GET /payments
23:09:55.622 request_id=GJ6vb0KGAow4htwAAFjh [debug] Processing with NexusWeb.Payments.BulkPaymentLive.__live__/0
  Parameters: %{}
  Pipelines: [:browser]
23:09:55.623 request_id=GJ6vb0KGAow4htwAAFjh [debug] QUERY OK source="users" db=0.1ms
SELECT u0."id", u0."org_id", u0."email", u0."display_name", u0."status", u0."cose_key", u0."credential_id", u0."roles", u0."created_at", u0."updated_at" FROM "users" AS u0 WHERE (u0."id" = $1) ["019d0d83-3426-797d-ae26-5dbc2faef223"]
23:09:55.623 request_id=GJ6vb0KGAow4htwAAFjh [debug] QUERY OK source="payments_bulk_payments" db=0.5ms
SELECT p0."id", p0."org_id", p0."user_id", p0."status", p0."total_items", p0."processed_items", p0."total_amount", p0."created_at", p0."updated_at" FROM "payments_bulk_payments" AS p0 WHERE (p0."org_id" = $1) ORDER BY p0."created_at" DESC ["019d0d83-3426-7dc3-9b64-d4590b96f25d"]
23:09:55.624 request_id=GJ6vb0KGAow4htwAAFjh [debug] QUERY OK source="treasury_liquidity_positions" db=0.3ms
SELECT t0."id", t0."org_id", t0."currency", t0."amount", t0."created_at", t0."updated_at" FROM "treasury_liquidity_positions" AS t0 WHERE (t0."org_id" = $1) ["019d0d83-3426-7dc3-9b64-d4590b96f25d"]
23:09:55.624 request_id=GJ6vb0KGAow4htwAAFjh [info] Sent 200 in 1ms
23:09:55.625 [debug] MOUNT NexusWeb.Payments.BulkPaymentLive
  Parameters: %{}
  Session: %{"_csrf_token" => "iqEm3IN8BPTVoS20Cv1xsHn4", "live_socket_id" => "users_sessions:DvLvQ_V3swIZaXVzK-treMlxboeNoZHat5J8osrsaW8=", "user_id" => "019d0d83-3426-797d-ae26-5dbc2faef223"}
23:09:55.626 [debug] QUERY OK source="users" db=0.1ms
SELECT u0."id", u0."org_id", u0."email", u0."display_name", u0."status", u0."cose_key", u0."credential_id", u0."roles", u0."created_at", u0."updated_at" FROM "users" AS u0 WHERE (u0."id" = $1) ["019d0d83-3426-797d-ae26-5dbc2faef223"]
23:09:55.626 [debug] QUERY OK source="payments_bulk_payments" db=0.1ms
SELECT p0."id", p0."org_id", p0."user_id", p0."status", p0."total_items", p0."processed_items", p0."total_amount", p0."created_at", p0."updated_at" FROM "payments_bulk_payments" AS p0 WHERE (p0."org_id" = $1) ORDER BY p0."created_at" DESC ["019d0d83-3426-7dc3-9b64-d4590b96f25d"]
23:09:55.626 [debug] QUERY OK source="treasury_liquidity_positions" db=0.1ms
SELECT t0."id", t0."org_id", t0."currency", t0."amount", t0."created_at", t0."updated_at" FROM "treasury_liquidity_positions" AS t0 WHERE (t0."org_id" = $1) ["019d0d83-3426-7dc3-9b64-d4590b96f25d"]
23:09:55.626 [debug] Replied in 832µs
23:09:55.626 [debug] HANDLE PARAMS in NexusWeb.Payments.BulkPaymentLive
  Parameters: %{}
23:09:55.626 [debug] Replied in 31µs
23:09:55.628 request_id=GJ6vb0KGAow4htwAAFjh [info] CONNECTED TO Phoenix.LiveView.Socket in 10µs
  Transport: {Phoenix.ChannelTest, #PID<0.1395.0>}
  Serializer: Phoenix.ChannelTest.NoopSerializer
  Parameters: %{}
23:09:55.630 [info] JOINED lvu:123 in 766µs
  Parameters: %{"token" => "SFMyNTY.g2gDaAJhBnQAAAADdwNwaWRYdw1ub25vZGVAbm9ob3N0AAAFdQAAAAAAAAAAdwNyZWZoAm0AAAAUcGh4LUdKNnZiMEstWTZlbzMxbmhtAAAABTIzMDQydwNjaWR3A25pbG4GACw0gw2dAWIAAVGA.Yi0ptj9aZJkKu7pRK2-jKknkyX6FkQg77u0dxulV8gQ"}
23:09:55.632 [debug] HANDLE EVENT "save" in NexusWeb.Payments.BulkPaymentLive
  Parameters: %{"batch" => ""}
23:09:55.632 [debug] Replied in 164µs
23:09:55.639 [debug] HANDLE EVENT "authorize_batch" in NexusWeb.Payments.BulkPaymentLive
  Parameters: %{}
23:09:55.639 [debug] Locating aggregate process for `Nexus.Payments.Aggregates.BulkPayment` with UUID "019d0d83-3437-7f1d-8c10-9284822a78f0"
23:09:55.640 [debug] Nexus.Payments.Aggregates.BulkPayment<019d0d83-3437-7f1d-8c10-9284822a78f0@0> executing command: %Nexus.Payments.Commands.InitiateBulkPayment{bulk_payment_id: "019d0d83-3437-7f1d-8c10-9284822a78f0", org_id: "019d0d83-3426-7dc3-9b64-d4590b96f25d", user_id: "019d0d83-3426-797d-ae26-5dbc2faef223", payments: [%{currency: "EUR", amount: Decimal.new("100.00"), invoice_id: nil, recipient_name: "Target Vendor", recipient_account: "IBAN12345678"}], initiated_at: ~U[2026-03-20 23:09:55.639564Z]}
23:09:55.642 [debug] Appended 1 event(s) to stream "019d0d83-3437-7f1d-8c10-9284822a78f0"
23:09:55.642 [debug] Listener received notification on channel "event_store.events" with payload: "019d0d83-3437-7f1d-8c10-9284822a78f0,8604,1,1"
23:09:55.642 [debug] Listener received notification on channel "event_store.events" with payload: "$all,0,12171,12171"
23:09:55.643 [debug] QUERY OK source="payments_bulk_payments" db=0.2ms
SELECT p0."id", p0."org_id", p0."user_id", p0."status", p0."total_items", p0."processed_items", p0."total_amount", p0."created_at", p0."updated_at" FROM "payments_bulk_payments" AS p0 WHERE (p0."org_id" = $1) ORDER BY p0."created_at" DESC ["019d0d83-3426-7dc3-9b64-d4590b96f25d"]
23:09:55.643 [debug] Replied in 3ms
23:09:55.643 [debug] Nexus.Payments.Aggregates.BulkPayment<019d0d83-3437-7f1d-8c10-9284822a78f0@1> received events: [%Commanded.EventStore.RecordedEvent{event_id: "09323d64-1aef-43db-9391-53f0aac160ed", event_number: 1, stream_id: "019d0d83-3437-7f1d-8c10-9284822a78f0", stream_version: 1, causation_id: "10091b3f-165d-456d-9208-b2a7be70027d", correlation_id: "19f9db2c-1433-48f1-9993-cf61ba75d3c9", event_type: "Elixir.Nexus.Payments.Events.BulkPaymentInitiated", data: %Nexus.Payments.Events.BulkPaymentInitiated{bulk_payment_id: "019d0d83-3437-7f1d-8c10-9284822a78f0", org_id: "019d0d83-3426-7dc3-9b64-d4590b96f25d", user_id: "019d0d83-3426-797d-ae26-5dbc2faef223", payments: [%{currency: "EUR", amount: "100.00", invoice_id: nil, recipient_name: "Target Vendor", recipient_account: "IBAN12345678"}], total_amount: "100.00", count: 1, initiated_at: "2026-03-20T23:09:55.639564Z"}, created_at: ~U[2026-03-20 23:09:55.640486Z], metadata: %{"causation_id" => "019d0d83-3437-7372-bade-5f2dd4b5ddd2", "correlation_id" => "019d0d83-3437-7372-bade-5f2dd4b5ddd2"}}]
.23:09:55.645 [debug] QUERY OK source="treasury_liquidity_positions" db=0.3ms queue=0.2ms
DELETE FROM "treasury_liquidity_positions" AS t0 WHERE (t0."org_id" = $1) ["77ded6e7-eba3-4063-8da0-6bcbdef15fb2"]
23:09:55.646 [debug] QUERY OK source="treasury_exposure_snapshots" db=0.2ms queue=0.1ms
DELETE FROM "treasury_exposure_snapshots" AS t0 WHERE (t0."org_id" = $1) ["77ded6e7-eba3-4063-8da0-6bcbdef15fb2"]


 11) test liquidity projector updates balances and risk summary uses net exposure (Nexus.Treasury.RiskRebalancingTest)
     test/nexus/treasury/risk_rebalancing_test.exs:19
     ** (Ecto.ChangeError) value `"TestSub-EUR"` for `Nexus.Treasury.Projections.ExposureSnapshot.id` in `insert` does not match type :binary_id
     code: Repo.insert!(snapshot)
     stacktrace:
       (ecto 3.13.5) lib/ecto/repo/schema.ex:1301: Ecto.Repo.Schema.dump_field!/6
       (ecto 3.13.5) lib/ecto/repo/schema.ex:1310: anonymous fn/6 in Ecto.Repo.Schema.dump_fields!/5
       (stdlib 7.1) maps.erl:894: :maps.fold_1/4
       (ecto 3.13.5) lib/ecto/repo/schema.ex:1308: Ecto.Repo.Schema.dump_fields!/5
       (ecto 3.13.5) lib/ecto/repo/schema.ex:1240: Ecto.Repo.Schema.dump_changes!/7
       (ecto 3.13.5) lib/ecto/repo/schema.ex:476: anonymous fn/15 in Ecto.Repo.Schema.do_insert/4
       (ecto 3.13.5) lib/ecto/repo/schema.ex:381: Ecto.Repo.Schema.insert!/4
       test/nexus/treasury/risk_rebalancing_test.exs:32: (test)

23:09:55.648 [debug] QUERY OK source="treasury_forecasts" db=0.3ms queue=0.2ms
DELETE FROM "treasury_forecasts" AS t0 []
23:09:55.648 [debug] QUERY OK source="projection_versions" db=0.1ms queue=0.1ms
DELETE FROM "projection_versions" AS p0 WHERE (p0."projection_name" = 'Treasury.ForecastProjector') []
23:09:55.648 [info] 		[36mGiven [32ma baseline cash flow outlook for "EUR"
23:09:55.648 [info] 		[36mGiven [32ma new SAP invoice is received for "Munich HQ" with:
23:09:55.648 [debug] Locating aggregate process for `Nexus.Treasury.Aggregates.Forecast` with UUID "forecast-77937af1-e867-47a5-b6c1-5dfa52915523"
23:09:55.649 [debug] Nexus.Treasury.Aggregates.Forecast<forecast-77937af1-e867-47a5-b6c1-5dfa52915523@0> executing command: %Nexus.Treasury.Commands.GenerateForecast{org_id: "77937af1-e867-47a5-b6c1-5dfa52915523", currency: "EUR", horizon_days: 30, predictions: [%{date: "2026-03-03", predicted_amount: "-50000.00"}], generated_at: ~U[2026-03-20 23:09:55.648785Z]}
23:09:55.650 [debug] Appended 1 event(s) to stream "forecast-77937af1-e867-47a5-b6c1-5dfa52915523"
23:09:55.650 [debug] Listener received notification on channel "event_store.events" with payload: "forecast-77937af1-e867-47a5-b6c1-5dfa52915523,8605,1,1"
23:09:55.650 [debug] Listener received notification on channel "event_store.events" with payload: "$all,0,12172,12172"
23:09:55.650 [debug] QUERY OK db=0.0ms
begin []
23:09:55.651 [debug] Nexus.Treasury.Aggregates.Forecast<forecast-77937af1-e867-47a5-b6c1-5dfa52915523@1> received events: [%Commanded.EventStore.RecordedEvent{event_id: "72c11c0e-943e-4ae9-af65-49046a84d9aa", event_number: 1, stream_id: "forecast-77937af1-e867-47a5-b6c1-5dfa52915523", stream_version: 1, causation_id: "cc64b96c-7edc-405f-9c0b-9d918c010240", correlation_id: "87a97474-6b9f-45f7-be61-adb864037ecd", event_type: "Elixir.Nexus.Treasury.Events.ForecastGenerated", data: %Nexus.Treasury.Events.ForecastGenerated{org_id: "77937af1-e867-47a5-b6c1-5dfa52915523", currency: "EUR", horizon_days: 30, predictions: [%{date: "2026-03-03", predicted_amount: "-50000.00"}], generated_at: "2026-03-20T23:09:55.648785Z"}, created_at: ~U[2026-03-20 23:09:55.649524Z], metadata: %{"causation_id" => "019d0d83-3440-78bc-9bad-f160fe8fe0aa", "correlation_id" => "019d0d83-3440-78bc-9bad-f160fe8fe0aa"}}]
23:09:55.651 [debug] QUERY OK source="projection_versions" db=0.2ms
INSERT INTO "projection_versions" AS p0 ("projection_name","last_seen_event_number","inserted_at","updated_at") VALUES ($1,$2,$3,$4) ON CONFLICT ("projection_name") DO UPDATE SET "last_seen_event_number" = $5 WHERE ((p0."projection_name" = $6) AND (p0."last_seen_event_number" < $7)) ["Treasury.ForecastProjector", 3, ~N[2026-03-20 23:09:55.650955], ~N[2026-03-20 23:09:55.650955], 3, "Treasury.ForecastProjector", 3]
23:09:55.651 [debug] QUERY OK source="treasury_forecast_snapshots" db=0.2ms
INSERT INTO "treasury_forecast_snapshots" ("id","currency","org_id","horizon_days","generated_at","data_points","created_at") VALUES ($1,$2,$3,$4,$5,$6,$7) ["019d0d83-3442-77c4-8a8b-54899390b23b", "EUR", "77937af1-e867-47a5-b6c1-5dfa52915523", 30, ~N[2026-03-20 23:09:55.650684], [%{date: "2026-03-03", predicted_amount: "-50000.00"}], ~U[2026-03-20 23:09:55.651318Z]]
23:09:55.651 [debug] QUERY OK db=0.1ms
commit []
23:09:55.653 [debug] QUERY OK source="treasury_forecast_snapshots" db=0.3ms queue=0.5ms
SELECT t0."id", t0."org_id", t0."currency", t0."horizon_days", t0."data_points", t0."generated_at", t0."created_at" FROM "treasury_forecast_snapshots" AS t0 WHERE (((t0."org_id" = $1) AND (t0."currency" = $2)) AND (t0."horizon_days" = $3)) ORDER BY t0."generated_at" DESC, t0."created_at" DESC LIMIT 1 ["77937af1-e867-47a5-b6c1-5dfa52915523", "EUR", 30]
.23:09:55.653 [info] 		[36mThen [32mthe "EUR" cash flow outlook should reflect a projected outflow of "50000.00" on "+15 days"
23:09:55.653 [debug] QUERY OK source="treasury_forecasts" db=0.4ms
DELETE FROM "treasury_forecasts" AS t0 []
23:09:55.654 [debug] QUERY OK source="projection_versions" db=0.3ms
DELETE FROM "projection_versions" AS p0 WHERE (p0."projection_name" = 'Treasury.ForecastProjector') []
23:09:55.654 [debug] Locating aggregate process for `Nexus.Treasury.Aggregates.Forecast` with UUID "forecast-d47a1f2c-102b-4161-938b-9c5367129b14"
23:09:55.654 [debug] Nexus.Treasury.Aggregates.Forecast<forecast-d47a1f2c-102b-4161-938b-9c5367129b14@0> executing command: %Nexus.Treasury.Commands.GenerateForecast{org_id: "d47a1f2c-102b-4161-938b-9c5367129b14", currency: "EUR", horizon_days: 30, predictions: [%{date: "2026-03-03", predicted_amount: "100000.00"}], generated_at: ~U[2026-03-20 23:09:55.654148Z]}
23:09:55.655 [debug] Appended 1 event(s) to stream "forecast-d47a1f2c-102b-4161-938b-9c5367129b14"
23:09:55.655 [debug] Listener received notification on channel "event_store.events" with payload: "forecast-d47a1f2c-102b-4161-938b-9c5367129b14,8606,1,1"
23:09:55.655 [debug] Listener received notification on channel "event_store.events" with payload: "$all,0,12173,12173"
23:09:55.656 [debug] QUERY OK db=0.1ms
begin []
23:09:55.656 [debug] QUERY OK source="projection_versions" db=0.2ms
INSERT INTO "projection_versions" AS p0 ("projection_name","last_seen_event_number","inserted_at","updated_at") VALUES ($1,$2,$3,$4) ON CONFLICT ("projection_name") DO UPDATE SET "last_seen_event_number" = $5 WHERE ((p0."projection_name" = $6) AND (p0."last_seen_event_number" < $7)) ["Treasury.ForecastProjector", 1, ~N[2026-03-20 23:09:55.656041], ~N[2026-03-20 23:09:55.656041], 1, "Treasury.ForecastProjector", 1]
23:09:55.656 [debug] Nexus.Treasury.Aggregates.Forecast<forecast-d47a1f2c-102b-4161-938b-9c5367129b14@1> received events: [%Commanded.EventStore.RecordedEvent{event_id: "944bcb83-f76c-4b7e-9224-cda75a2e6b16", event_number: 1, stream_id: "forecast-d47a1f2c-102b-4161-938b-9c5367129b14", stream_version: 1, causation_id: "e983ca39-7613-4e1d-90eb-9baeccac07a5", correlation_id: "a2aebb1b-39fa-40b0-9646-d8bc9a227452", event_type: "Elixir.Nexus.Treasury.Events.ForecastGenerated", data: %Nexus.Treasury.Events.ForecastGenerated{org_id: "d47a1f2c-102b-4161-938b-9c5367129b14", currency: "EUR", horizon_days: 30, predictions: [%{date: "2026-03-03", predicted_amount: "100000.00"}], generated_at: "2026-03-20T23:09:55.654148Z"}, created_at: ~U[2026-03-20 23:09:55.655064Z], metadata: %{"causation_id" => "019d0d83-3446-73c3-af82-eeb0bfa4ac5b", "correlation_id" => "019d0d83-3446-73c3-af82-eeb0bfa4ac5b"}}]
23:09:55.656 [debug] QUERY OK source="treasury_forecast_snapshots" db=0.2ms
INSERT INTO "treasury_forecast_snapshots" ("id","currency","org_id","horizon_days","generated_at","data_points","created_at") VALUES ($1,$2,$3,$4,$5,$6,$7) ["019d0d83-3447-7564-94f7-f0cb7ecfaa4c", "EUR", "d47a1f2c-102b-4161-938b-9c5367129b14", 30, ~N[2026-03-20 23:09:55.655755], [%{date: "2026-03-03", predicted_amount: "100000.00"}], ~U[2026-03-20 23:09:55.656335Z]]
23:09:55.656 [debug] QUERY OK db=0.1ms
commit []
23:09:55.657 [info] 		[36mGiven [32ma cash flow outlook for "EUR" with a projected gap of "100000.00"
23:09:55.657 [debug] Locating aggregate process for `Nexus.Treasury.Aggregates.Forecast` with UUID "forecast-d47a1f2c-102b-4161-938b-9c5367129b14"
23:09:55.657 [debug] Nexus.Treasury.Aggregates.Forecast<forecast-d47a1f2c-102b-4161-938b-9c5367129b14@1> executing command: %Nexus.Treasury.Commands.GenerateForecast{org_id: "d47a1f2c-102b-4161-938b-9c5367129b14", currency: "EUR", horizon_days: 30, predictions: [%{date: "2026-03-03", predicted_amount: "110000.000000"}], generated_at: ~U[2026-03-20 23:09:55.657063Z]}
23:09:55.658 [debug] Appended 1 event(s) to stream "forecast-d47a1f2c-102b-4161-938b-9c5367129b14"
23:09:55.658 [debug] Listener received notification on channel "event_store.events" with payload: "forecast-d47a1f2c-102b-4161-938b-9c5367129b14,8606,2,2"
23:09:55.658 [debug] Listener received notification on channel "event_store.events" with payload: "$all,0,12174,12174"
23:09:55.658 [debug] QUERY OK db=0.1ms
begin []
23:09:55.659 [debug] Nexus.Treasury.Aggregates.Forecast<forecast-d47a1f2c-102b-4161-938b-9c5367129b14@2> received events: [%Commanded.EventStore.RecordedEvent{event_id: "1c2e7e08-0f23-4ba2-b2fa-3596d22f87f8", event_number: 2, stream_id: "forecast-d47a1f2c-102b-4161-938b-9c5367129b14", stream_version: 2, causation_id: "9ba01f6b-b197-4314-a5ca-6cebadf398ae", correlation_id: "178d7af1-6e1a-41b2-93c5-ba7e6a968fdb", event_type: "Elixir.Nexus.Treasury.Events.ForecastGenerated", data: %Nexus.Treasury.Events.ForecastGenerated{org_id: "d47a1f2c-102b-4161-938b-9c5367129b14", currency: "EUR", horizon_days: 30, predictions: [%{date: "2026-03-03", predicted_amount: "110000.000000"}], generated_at: "2026-03-20T23:09:55.657063Z"}, created_at: ~U[2026-03-20 23:09:55.657584Z], metadata: %{"causation_id" => "019d0d83-3449-7918-98d3-b65568b2fe8a", "correlation_id" => "019d0d83-3449-7918-98d3-b65568b2fe8a"}}]
23:09:55.659 [debug] QUERY OK source="projection_versions" db=0.2ms
INSERT INTO "projection_versions" AS p0 ("projection_name","last_seen_event_number","inserted_at","updated_at") VALUES ($1,$2,$3,$4) ON CONFLICT ("projection_name") DO UPDATE SET "last_seen_event_number" = $5 WHERE ((p0."projection_name" = $6) AND (p0."last_seen_event_number" < $7)) ["Treasury.ForecastProjector", 2, ~N[2026-03-20 23:09:55.658696], ~N[2026-03-20 23:09:55.658696], 2, "Treasury.ForecastProjector", 2]
23:09:55.659 [debug] QUERY OK source="treasury_forecast_snapshots" db=0.3ms
INSERT INTO "treasury_forecast_snapshots" ("id","currency","org_id","horizon_days","generated_at","data_points","created_at") VALUES ($1,$2,$3,$4,$5,$6,$7) ["019d0d83-344a-7aac-bd01-53faeb722e6b", "EUR", "d47a1f2c-102b-4161-938b-9c5367129b14", 30, ~N[2026-03-20 23:09:55.658394], [%{date: "2026-03-03", predicted_amount: "110000.000000"}], ~U[2026-03-20 23:09:55.659052Z]]
23:09:55.659 [debug] QUERY OK db=0.2ms
commit []
23:09:55.659 [info] 		[36mWhen [32mthe "EUR/USD" market price changes to "1.1000"
23:09:55.660 [debug] QUERY OK source="treasury_forecast_snapshots" db=0.8ms
SELECT t0."id", t0."org_id", t0."currency", t0."horizon_days", t0."data_points", t0."generated_at", t0."created_at" FROM "treasury_forecast_snapshots" AS t0 WHERE (((t0."org_id" = $1) AND (t0."currency" = $2)) AND (t0."horizon_days" = $3)) ORDER BY t0."generated_at" DESC, t0."created_at" DESC LIMIT 1 ["d47a1f2c-102b-4161-938b-9c5367129b14", "EUR", 30]
23:09:55.660 [info] 		[36mThen [32mthe consolidated "EUR" cash gap should be recalculated using the new "1.1000" rate
.23:09:55.661 [debug] QUERY OK source="organization_tenants" db=0.1ms
DELETE FROM "organization_tenants" AS o0 []
23:09:55.661 [debug] QUERY OK db=0.1ms queue=0.1ms
DELETE FROM projection_versions WHERE projection_name = 'Organization.TenantProjector' []
23:09:55.663 [debug] QUERY OK source="organization_tenants" db=0.5ms queue=0.4ms
INSERT INTO "organization_tenants" ("id","name","status","org_id","initial_admin_email","modules_enabled","created_at","updated_at") VALUES ($1,$2,$3,$4,$5,$6,$7,$8) ["f037b492-2d65-40f8-943d-624af4d0f671", "Nexus Corporation", "active", "f037b492-2d65-40f8-943d-624af4d0f671", "admin@nexus.corp", [], ~U[2026-03-20 23:09:55.662043Z], ~U[2026-03-20 23:09:55.662043Z]]
23:09:55.663 [debug] QUERY OK db=0.1ms
begin []
23:09:55.663 [debug] QUERY OK source="projection_versions" db=0.2ms
INSERT INTO "projection_versions" AS p0 ("projection_name","last_seen_event_number","inserted_at","updated_at") VALUES ($1,$2,$3,$4) ON CONFLICT ("projection_name") DO UPDATE SET "last_seen_event_number" = $5 WHERE ((p0."projection_name" = $6) AND (p0."last_seen_event_number" < $7)) ["Organization.TenantProjector", 1, ~N[2026-03-20 23:09:55.663347], ~N[2026-03-20 23:09:55.663347], 1, "Organization.TenantProjector", 1]
23:09:55.664 [debug] QUERY OK source="organization_tenants" db=0.3ms
SELECT o0."id", o0."org_id", o0."name", o0."status", o0."initial_admin_email", o0."suspended_at", o0."modules_enabled", o0."created_at", o0."updated_at" FROM "organization_tenants" AS o0 WHERE (o0."id" = $1) ["f037b492-2d65-40f8-943d-624af4d0f671"]
23:09:55.664 [debug] QUERY OK source="organization_tenants" db=0.1ms
UPDATE "organization_tenants" SET "status" = $1, "updated_at" = $2, "suspended_at" = $3 WHERE "id" = $4 ["SUSPENDED", ~U[2026-03-20 23:09:55.664054Z], ~U[2026-03-20 23:09:55.663119Z], "f037b492-2d65-40f8-943d-624af4d0f671"]
23:09:55.664 [debug] QUERY OK db=0.0ms
commit []
23:09:55.664 [debug] QUERY OK source="organization_tenants" db=0.1ms queue=0.1ms
SELECT o0."id", o0."org_id", o0."name", o0."status", o0."initial_admin_email", o0."suspended_at", o0."modules_enabled", o0."created_at", o0."updated_at" FROM "organization_tenants" AS o0 WHERE (o0."org_id" = $1) ["f037b492-2d65-40f8-943d-624af4d0f671"]
.23:09:55.665 [debug] QUERY OK source="organization_tenants" db=0.3ms
DELETE FROM "organization_tenants" AS o0 []
23:09:55.666 [debug] QUERY OK db=0.1ms queue=0.1ms
DELETE FROM projection_versions WHERE projection_name = 'Organization.TenantProjector' []
23:09:55.666 [debug] QUERY OK source="organization_tenants" db=0.4ms queue=0.2ms
INSERT INTO "organization_tenants" ("id","name","status","org_id","initial_admin_email","modules_enabled","created_at","updated_at") VALUES ($1,$2,$3,$4,$5,$6,$7,$8) ["204ed10f-86d1-4eb9-8f53-43156c5c9cad", "Nexus Corporation", "active", "204ed10f-86d1-4eb9-8f53-43156c5c9cad", "admin@nexus.corp", [], ~U[2026-03-20 23:09:55.666031Z], ~U[2026-03-20 23:09:55.666031Z]]
23:09:55.667 [debug] QUERY OK db=0.2ms
begin []
23:09:55.667 [debug] QUERY OK source="projection_versions" db=0.2ms
INSERT INTO "projection_versions" AS p0 ("projection_name","last_seen_event_number","inserted_at","updated_at") VALUES ($1,$2,$3,$4) ON CONFLICT ("projection_name") DO UPDATE SET "last_seen_event_number" = $5 WHERE ((p0."projection_name" = $6) AND (p0."last_seen_event_number" < $7)) ["Organization.TenantProjector", 2, ~N[2026-03-20 23:09:55.667078], ~N[2026-03-20 23:09:55.667078], 2, "Organization.TenantProjector", 2]
23:09:55.667 [debug] QUERY OK source="organization_tenants" db=0.4ms
SELECT o0."id", o0."org_id", o0."name", o0."status", o0."initial_admin_email", o0."suspended_at", o0."modules_enabled", o0."created_at", o0."updated_at" FROM "organization_tenants" AS o0 WHERE (o0."org_id" = $1) ["204ed10f-86d1-4eb9-8f53-43156c5c9cad"]
23:09:55.668 [debug] QUERY OK source="organization_tenants" db=0.1ms
UPDATE "organization_tenants" SET "modules_enabled" = $1, "updated_at" = $2 WHERE "id" = $3 [["forecasting"], ~U[2026-03-20 23:09:55.667879Z], "204ed10f-86d1-4eb9-8f53-43156c5c9cad"]
23:09:55.668 [debug] QUERY OK db=0.0ms
commit []
23:09:55.668 [debug] QUERY OK source="organization_tenants" db=0.1ms
SELECT o0."id", o0."org_id", o0."name", o0."status", o0."initial_admin_email", o0."suspended_at", o0."modules_enabled", o0."created_at", o0."updated_at" FROM "organization_tenants" AS o0 WHERE (o0."org_id" = $1) ["204ed10f-86d1-4eb9-8f53-43156c5c9cad"]
23:09:55.668 [debug] QUERY OK db=0.0ms
begin []
23:09:55.669 [debug] QUERY OK source="projection_versions" db=0.2ms
INSERT INTO "projection_versions" AS p0 ("projection_name","last_seen_event_number","inserted_at","updated_at") VALUES ($1,$2,$3,$4) ON CONFLICT ("projection_name") DO UPDATE SET "last_seen_event_number" = $5 WHERE ((p0."projection_name" = $6) AND (p0."last_seen_event_number" < $7)) ["Organization.TenantProjector", 3, ~N[2026-03-20 23:09:55.668715], ~N[2026-03-20 23:09:55.668715], 3, "Organization.TenantProjector", 3]
23:09:55.669 [debug] QUERY OK source="organization_tenants" db=0.1ms
SELECT o0."id", o0."org_id", o0."name", o0."status", o0."initial_admin_email", o0."suspended_at", o0."modules_enabled", o0."created_at", o0."updated_at" FROM "organization_tenants" AS o0 WHERE (o0."org_id" = $1) ["204ed10f-86d1-4eb9-8f53-43156c5c9cad"]
23:09:55.669 [debug] QUERY OK source="organization_tenants" db=0.1ms
UPDATE "organization_tenants" SET "modules_enabled" = $1, "updated_at" = $2 WHERE "id" = $3 [[], ~U[2026-03-20 23:09:55.669186Z], "204ed10f-86d1-4eb9-8f53-43156c5c9cad"]
23:09:55.669 [debug] QUERY OK db=0.1ms
commit []
23:09:55.669 [debug] QUERY OK source="organization_tenants" db=0.1ms
SELECT o0."id", o0."org_id", o0."name", o0."status", o0."initial_admin_email", o0."suspended_at", o0."modules_enabled", o0."created_at", o0."updated_at" FROM "organization_tenants" AS o0 WHERE (o0."org_id" = $1) ["204ed10f-86d1-4eb9-8f53-43156c5c9cad"]
.23:09:55.670 [info] 		[36mGiven [32mthe Polygon API is connected
23:09:55.671 [debug] Locating aggregate process for `Nexus.Treasury.Aggregates.Market` with UUID "EUR/USD"
23:09:55.678 [debug] Nexus.Treasury.Aggregates.Market<EUR/USD@140> executing command: %Nexus.Treasury.Commands.RecordMarketTick{pair: "EUR/USD", price: Decimal.new("1.0842"), timestamp: ~U[2026-03-20 23:09:55.670Z]}
23:09:55.681 [debug] Appended 1 event(s) to stream "EUR/USD"
23:09:55.681 [debug] Listener received notification on channel "event_store.events" with payload: "EUR/USD,39,141,141"
23:09:55.681 [debug] Nexus.Treasury.Aggregates.Market<EUR/USD@141> recording snapshot
23:09:55.681 [info] [Treasury] [LIVE] Recorded tick for EUR/USD: 1.0842
23:09:55.681 [debug] Listener received notification on channel "event_store.events" with payload: "$all,0,12175,12175"
.23:09:55.681 [info] 		[36mWhen [32ma market tick is received for "EUR/USD" at price "1.0842"
23:09:55.682 [info] 		[36mThen [32mthe "EUR/USD" price is updated in the fast-access cache
23:09:55.682 [info] 		[36mThen [32ma MarketTickRecorded event is emitted
23:09:55.682 [info] 		[36mGiven [32mthe last market tick for "EUR/USD" was received 20 minutes ago
.23:09:55.682 [info] 		[36mWhen [32mthe dashboard queries the system status
23:09:55.682 [info] 		[36mThen [32ma "Stale Data" warning is flagged for the currency pair
23:09:55.683 [debug] QUERY OK source="treasury_policy_alerts" db=0.7ms
DELETE FROM "treasury_policy_alerts" AS t0 []
23:09:55.683 [debug] Nexus.Treasury.Aggregates.Market<EUR/USD@141> received events: [%Commanded.EventStore.RecordedEvent{event_id: "6bc5b6f0-2ae5-4e94-9a27-86f22640c887", event_number: 141, stream_id: "EUR/USD", stream_version: 141, causation_id: "b5680a01-94ac-436d-92fd-423d03d36f05", correlation_id: "8e7e3706-d048-41b1-ba53-4d857c5b773a", event_type: "Elixir.Nexus.Treasury.Events.MarketTickRecorded", data: %Nexus.Treasury.Events.MarketTickRecorded{pair: "EUR/USD", price: "1.0842", timestamp: "2026-03-20T23:09:55.670Z"}, created_at: ~U[2026-03-20 23:09:55.679397Z], metadata: %{"causation_id" => "019d0d83-3457-7f44-b78d-7e1c455439a8", "correlation_id" => "019d0d83-3457-7f44-b78d-7e1c455439a8"}}]
23:09:55.685 [debug] QUERY OK source="treasury_policy_audit_logs" db=0.4ms queue=0.2ms
DELETE FROM "treasury_policy_audit_logs" AS t0 []
23:09:55.685 [debug] QUERY OK source="treasury_policies" db=0.4ms
DELETE FROM "treasury_policies" AS t0 []
23:09:55.686 [debug] QUERY OK source="projection_versions" db=0.2ms queue=0.1ms
DELETE FROM "projection_versions" AS p0 WHERE (p0."projection_name" IN ('Treasury.PolicyProjector')) []
23:09:55.686 [info] 		[36mGiven [32mthe organization "Nexus Corp" has no policy mode set
23:09:55.686 [debug] Locating aggregate process for `Nexus.Treasury.Aggregates.Policy` with UUID "85b77536-8822-4fa7-b5b0-996113e79f69"
23:09:55.687 [debug] Nexus.Treasury.Aggregates.Policy<85b77536-8822-4fa7-b5b0-996113e79f69@0> executing command: %Nexus.Treasury.Commands.SetPolicyMode{policy_id: "85b77536-8822-4fa7-b5b0-996113e79f69", org_id: "85b77536-8822-4fa7-b5b0-996113e79f69", mode: "strict", threshold: Decimal.new("50000"), actor_email: "test@example.com", changed_at: ~U[2026-03-20 23:09:55.686557Z]}
23:09:55.689 [debug] Appended 1 event(s) to stream "85b77536-8822-4fa7-b5b0-996113e79f69"
23:09:55.689 [debug] Listener received notification on channel "event_store.events" with payload: "85b77536-8822-4fa7-b5b0-996113e79f69,8607,1,1"
23:09:55.689 [debug] Listener received notification on channel "event_store.events" with payload: "$all,0,12176,12176"
23:09:55.689 [debug] QUERY OK db=0.1ms
begin []
23:09:55.690 [debug] QUERY OK source="projection_versions" db=0.2ms
INSERT INTO "projection_versions" AS p0 ("projection_name","last_seen_event_number","inserted_at","updated_at") VALUES ($1,$2,$3,$4) ON CONFLICT ("projection_name") DO UPDATE SET "last_seen_event_number" = $5 WHERE ((p0."projection_name" = $6) AND (p0."last_seen_event_number" < $7)) ["Treasury.PolicyProjector", 1, ~N[2026-03-20 23:09:55.689991], ~N[2026-03-20 23:09:55.689991], 1, "Treasury.PolicyProjector", 1]
23:09:55.690 [debug] Nexus.Treasury.Aggregates.Policy<85b77536-8822-4fa7-b5b0-996113e79f69@1> received events: [%Commanded.EventStore.RecordedEvent{event_id: "d2c6ced2-6ec5-4298-b979-3d1d872610b7", event_number: 1, stream_id: "85b77536-8822-4fa7-b5b0-996113e79f69", stream_version: 1, causation_id: "4253372d-5969-4f49-9a03-93b493320344", correlation_id: "25f2f874-101f-4548-ad97-b5e65a7201d3", event_type: "Elixir.Nexus.Treasury.Events.PolicyModeChanged", data: %Nexus.Treasury.Events.PolicyModeChanged{policy_id: "85b77536-8822-4fa7-b5b0-996113e79f69", org_id: "85b77536-8822-4fa7-b5b0-996113e79f69", mode: "strict", threshold: "50000", actor_email: "test@example.com", changed_at: "2026-03-20T23:09:55.686557Z"}, created_at: ~U[2026-03-20 23:09:55.687377Z], metadata: %{"causation_id" => "019d0d83-3466-75f9-a346-e95bbc077dad", "correlation_id" => "019d0d83-3466-75f9-a346-e95bbc077dad"}}]
23:09:55.690 [debug] QUERY OK source="treasury_policies" db=0.3ms
INSERT INTO "treasury_policies" ("id","mode","org_id","mode_thresholds","transfer_threshold","reporting_currency","created_at","updated_at") VALUES ($1,$2,$3,$4,$5,$6,$7,$8) ON CONFLICT ("org_id") DO UPDATE SET "mode" = EXCLUDED."mode","transfer_threshold" = EXCLUDED."transfer_threshold","updated_at" = EXCLUDED."updated_at" ["85b77536-8822-4fa7-b5b0-996113e79f69", "strict", "85b77536-8822-4fa7-b5b0-996113e79f69", %{"relaxed" => "10000000", "standard" => "1000000", "strict" => "50000"}, Decimal.new("50000"), "USD", ~U[2026-03-20 23:09:55.690291Z], ~U[2026-03-20 23:09:55.690291Z]]
23:09:55.691 [debug] QUERY OK source="treasury_policy_audit_logs" db=0.1ms
INSERT INTO "treasury_policy_audit_logs" ("id","mode","threshold","org_id","actor_email","changed_at","created_at","updated_at") VALUES ($1,$2,$3,$4,$5,$6,$7,$8) ["019d0d83-3469-7a12-9c85-6904ea305861", "strict", Decimal.new("50000"), "85b77536-8822-4fa7-b5b0-996113e79f69", "test@example.com", ~U[2026-03-20 23:09:55.689690Z], ~U[2026-03-20 23:09:55.690923Z], ~U[2026-03-20 23:09:55.690923Z]]
23:09:55.691 [debug] QUERY OK db=0.1ms
commit []
23:09:55.691 [info] 		[36mWhen [32mthe treasury manager selects "strict" mode
23:09:55.692 [debug] QUERY OK source="treasury_policies" db=0.3ms queue=0.2ms
SELECT t0."id", t0."org_id", t0."transfer_threshold", t0."mode", t0."reporting_currency", t0."mode_thresholds", t0."created_at", t0."updated_at" FROM "treasury_policies" AS t0 WHERE (t0."org_id" = $1) ["85b77536-8822-4fa7-b5b0-996113e79f69"]
23:09:55.692 [info] 		[36mThen [32mthe policy mode should be saved as "strict"
23:09:55.693 [debug] QUERY OK source="treasury_policies" db=0.5ms
SELECT t0."id", t0."org_id", t0."transfer_threshold", t0."mode", t0."reporting_currency", t0."mode_thresholds", t0."created_at", t0."updated_at" FROM "treasury_policies" AS t0 WHERE (t0."org_id" = $1) ["85b77536-8822-4fa7-b5b0-996113e79f69"]
.23:09:55.693 [info] 		[36mThen [32mthe transfer threshold should be "50000"
23:09:55.693 [debug] QUERY OK source="treasury_policy_alerts" db=0.4ms
DELETE FROM "treasury_policy_alerts" AS t0 []
23:09:55.694 [debug] QUERY OK source="treasury_policy_audit_logs" db=0.4ms
DELETE FROM "treasury_policy_audit_logs" AS t0 []
23:09:55.694 [debug] QUERY OK source="treasury_policies" db=0.4ms
DELETE FROM "treasury_policies" AS t0 []
23:09:55.695 [debug] QUERY OK source="projection_versions" db=0.4ms
DELETE FROM "projection_versions" AS p0 WHERE (p0."projection_name" IN ('Treasury.PolicyProjector')) []
23:09:55.695 [debug] Locating aggregate process for `Nexus.Treasury.Aggregates.Policy` with UUID "a60e67d1-9efc-4b8a-b0ae-124a566dca80"
23:09:55.695 [debug] Nexus.Treasury.Aggregates.Policy<a60e67d1-9efc-4b8a-b0ae-124a566dca80@0> executing command: %Nexus.Treasury.Commands.SetPolicyMode{policy_id: "a60e67d1-9efc-4b8a-b0ae-124a566dca80", org_id: "a60e67d1-9efc-4b8a-b0ae-124a566dca80", mode: "strict", threshold: Decimal.new("50000"), actor_email: "test@example.com", changed_at: ~U[2026-03-20 23:09:55.695464Z]}
23:09:55.697 [debug] Appended 1 event(s) to stream "a60e67d1-9efc-4b8a-b0ae-124a566dca80"
23:09:55.697 [debug] Listener received notification on channel "event_store.events" with payload: "a60e67d1-9efc-4b8a-b0ae-124a566dca80,8608,1,1"
23:09:55.697 [debug] Listener received notification on channel "event_store.events" with payload: "$all,0,12177,12177"
23:09:55.697 [debug] QUERY OK db=0.1ms
begin []
23:09:55.697 [debug] Nexus.Treasury.Aggregates.Policy<a60e67d1-9efc-4b8a-b0ae-124a566dca80@1> received events: [%Commanded.EventStore.RecordedEvent{event_id: "13cfed7d-501d-4cc4-826c-511ec17630b3", event_number: 1, stream_id: "a60e67d1-9efc-4b8a-b0ae-124a566dca80", stream_version: 1, causation_id: "89916bb0-9744-43af-a051-c29bd0ffc65f", correlation_id: "5eba54cc-657e-4a36-b3f0-ee5cfa11c321", event_type: "Elixir.Nexus.Treasury.Events.PolicyModeChanged", data: %Nexus.Treasury.Events.PolicyModeChanged{policy_id: "a60e67d1-9efc-4b8a-b0ae-124a566dca80", org_id: "a60e67d1-9efc-4b8a-b0ae-124a566dca80", mode: "strict", threshold: "50000", actor_email: "test@example.com", changed_at: "2026-03-20T23:09:55.695464Z"}, created_at: ~U[2026-03-20 23:09:55.696275Z], metadata: %{"causation_id" => "019d0d83-346f-75de-94ad-3885aab3a7a1", "correlation_id" => "019d0d83-346f-75de-94ad-3885aab3a7a1"}}]
23:09:55.697 [debug] QUERY OK source="projection_versions" db=0.3ms
INSERT INTO "projection_versions" AS p0 ("projection_name","last_seen_event_number","inserted_at","updated_at") VALUES ($1,$2,$3,$4) ON CONFLICT ("projection_name") DO UPDATE SET "last_seen_event_number" = $5 WHERE ((p0."projection_name" = $6) AND (p0."last_seen_event_number" < $7)) ["Treasury.PolicyProjector", 1, ~N[2026-03-20 23:09:55.697341], ~N[2026-03-20 23:09:55.697341], 1, "Treasury.PolicyProjector", 1]
23:09:55.698 [debug] QUERY OK source="treasury_policies" db=0.2ms
INSERT INTO "treasury_policies" ("id","mode","org_id","mode_thresholds","transfer_threshold","reporting_currency","created_at","updated_at") VALUES ($1,$2,$3,$4,$5,$6,$7,$8) ON CONFLICT ("org_id") DO UPDATE SET "mode" = EXCLUDED."mode","transfer_threshold" = EXCLUDED."transfer_threshold","updated_at" = EXCLUDED."updated_at" ["a60e67d1-9efc-4b8a-b0ae-124a566dca80", "strict", "a60e67d1-9efc-4b8a-b0ae-124a566dca80", %{"relaxed" => "10000000", "standard" => "1000000", "strict" => "50000"}, Decimal.new("50000"), "USD", ~U[2026-03-20 23:09:55.698008Z], ~U[2026-03-20 23:09:55.698008Z]]
23:09:55.698 [debug] QUERY OK source="treasury_policy_audit_logs" db=0.1ms
INSERT INTO "treasury_policy_audit_logs" ("id","mode","threshold","org_id","actor_email","changed_at","created_at","updated_at") VALUES ($1,$2,$3,$4,$5,$6,$7,$8) ["019d0d83-3471-7898-89f0-d00a50dc8567", "strict", Decimal.new("50000"), "a60e67d1-9efc-4b8a-b0ae-124a566dca80", "test@example.com", ~U[2026-03-20 23:09:55.697073Z], ~U[2026-03-20 23:09:55.698542Z], ~U[2026-03-20 23:09:55.698542Z]]
23:09:55.699 [debug] QUERY OK db=0.1ms
commit []
23:09:55.699 [info] 		[36mGiven [32mthe organization "Nexus Corp" is on "strict" mode
23:09:55.699 [debug] Locating aggregate process for `Nexus.Treasury.Aggregates.Policy` with UUID "a60e67d1-9efc-4b8a-b0ae-124a566dca80"
23:09:55.699 [debug] Nexus.Treasury.Aggregates.Policy<a60e67d1-9efc-4b8a-b0ae-124a566dca80@1> executing command: %Nexus.Treasury.Commands.SetPolicyMode{policy_id: "a60e67d1-9efc-4b8a-b0ae-124a566dca80", org_id: "a60e67d1-9efc-4b8a-b0ae-124a566dca80", mode: "relaxed", threshold: Decimal.new("10000000"), actor_email: "test@example.com", changed_at: ~U[2026-03-20 23:09:55.699157Z]}
23:09:55.700 [debug] Appended 1 event(s) to stream "a60e67d1-9efc-4b8a-b0ae-124a566dca80"
23:09:55.700 [debug] Listener received notification on channel "event_store.events" with payload: "a60e67d1-9efc-4b8a-b0ae-124a566dca80,8608,2,2"
23:09:55.700 [debug] Listener received notification on channel "event_store.events" with payload: "$all,0,12178,12178"
23:09:55.700 [debug] QUERY OK db=0.0ms
begin []
23:09:55.701 [debug] Nexus.Treasury.Aggregates.Policy<a60e67d1-9efc-4b8a-b0ae-124a566dca80@2> received events: [%Commanded.EventStore.RecordedEvent{event_id: "f1497f3b-3d8d-438f-9f51-2a943694c1cd", event_number: 2, stream_id: "a60e67d1-9efc-4b8a-b0ae-124a566dca80", stream_version: 2, causation_id: "d2df32fd-593b-400a-9cf3-ea1acea4efcf", correlation_id: "584b8ca7-2daa-425a-81dc-42ede35aab36", event_type: "Elixir.Nexus.Treasury.Events.PolicyModeChanged", data: %Nexus.Treasury.Events.PolicyModeChanged{policy_id: "a60e67d1-9efc-4b8a-b0ae-124a566dca80", org_id: "a60e67d1-9efc-4b8a-b0ae-124a566dca80", mode: "relaxed", threshold: "10000000", actor_email: "test@example.com", changed_at: "2026-03-20T23:09:55.699157Z"}, created_at: ~U[2026-03-20 23:09:55.699637Z], metadata: %{"causation_id" => "019d0d83-3473-7790-b9d5-1197b9901f6c", "correlation_id" => "019d0d83-3473-7790-b9d5-1197b9901f6c"}}]
23:09:55.701 [debug] QUERY OK source="projection_versions" db=0.1ms
INSERT INTO "projection_versions" AS p0 ("projection_name","last_seen_event_number","inserted_at","updated_at") VALUES ($1,$2,$3,$4) ON CONFLICT ("projection_name") DO UPDATE SET "last_seen_event_number" = $5 WHERE ((p0."projection_name" = $6) AND (p0."last_seen_event_number" < $7)) ["Treasury.PolicyProjector", 2, ~N[2026-03-20 23:09:55.700984], ~N[2026-03-20 23:09:55.700984], 2, "Treasury.PolicyProjector", 2]
23:09:55.702 [debug] QUERY OK source="treasury_policies" db=0.2ms
INSERT INTO "treasury_policies" ("id","mode","org_id","mode_thresholds","transfer_threshold","reporting_currency","created_at","updated_at") VALUES ($1,$2,$3,$4,$5,$6,$7,$8) ON CONFLICT ("org_id") DO UPDATE SET "mode" = EXCLUDED."mode","transfer_threshold" = EXCLUDED."transfer_threshold","updated_at" = EXCLUDED."updated_at" ["a60e67d1-9efc-4b8a-b0ae-124a566dca80", "relaxed", "a60e67d1-9efc-4b8a-b0ae-124a566dca80", %{"relaxed" => "10000000", "standard" => "1000000", "strict" => "50000"}, Decimal.new("10000000"), "USD", ~U[2026-03-20 23:09:55.701539Z], ~U[2026-03-20 23:09:55.701539Z]]
23:09:55.702 [debug] QUERY OK source="treasury_policy_audit_logs" db=0.2ms
INSERT INTO "treasury_policy_audit_logs" ("id","mode","threshold","org_id","actor_email","changed_at","created_at","updated_at") VALUES ($1,$2,$3,$4,$5,$6,$7,$8) ["019d0d83-3474-7900-a717-ec15844958e0", "relaxed", Decimal.new("10000000"), "a60e67d1-9efc-4b8a-b0ae-124a566dca80", "test@example.com", ~U[2026-03-20 23:09:55.700699Z], ~U[2026-03-20 23:09:55.702066Z], ~U[2026-03-20 23:09:55.702066Z]]
23:09:55.702 [debug] QUERY OK db=0.2ms
commit []
23:09:55.702 [info] 		[36mWhen [32mthe treasury manager switches to "relaxed" mode
23:09:55.703 [debug] QUERY OK source="treasury_policies" db=0.4ms
SELECT t0."id", t0."org_id", t0."transfer_threshold", t0."mode", t0."reporting_currency", t0."mode_thresholds", t0."created_at", t0."updated_at" FROM "treasury_policies" AS t0 WHERE (t0."org_id" = $1) ["a60e67d1-9efc-4b8a-b0ae-124a566dca80"]
23:09:55.703 [info] 		[36mThen [32mthe policy mode should be saved as "relaxed"
23:09:55.704 [debug] QUERY OK source="treasury_policies" db=0.4ms
SELECT t0."id", t0."org_id", t0."transfer_threshold", t0."mode", t0."reporting_currency", t0."mode_thresholds", t0."created_at", t0."updated_at" FROM "treasury_policies" AS t0 WHERE (t0."org_id" = $1) ["a60e67d1-9efc-4b8a-b0ae-124a566dca80"]
23:09:55.704 [info] 		[36mThen [32mthe transfer threshold should be "10000000"
.23:09:55.704 [debug] QUERY OK source="treasury_policy_alerts" db=0.3ms
DELETE FROM "treasury_policy_alerts" AS t0 []
23:09:55.705 [debug] QUERY OK source="treasury_policy_audit_logs" db=0.3ms
DELETE FROM "treasury_policy_audit_logs" AS t0 []
23:09:55.705 [debug] QUERY OK source="treasury_policies" db=0.3ms
DELETE FROM "treasury_policies" AS t0 []
23:09:55.706 [debug] QUERY OK source="projection_versions" db=0.3ms
DELETE FROM "projection_versions" AS p0 WHERE (p0."projection_name" IN ('Treasury.PolicyProjector')) []
23:09:55.706 [debug] Locating aggregate process for `Nexus.Treasury.Aggregates.Policy` with UUID "d4665739-af08-4980-9336-8c7e5b122c1d"
23:09:55.706 [debug] Nexus.Treasury.Aggregates.Policy<d4665739-af08-4980-9336-8c7e5b122c1d@0> executing command: %Nexus.Treasury.Commands.SetPolicyMode{policy_id: "d4665739-af08-4980-9336-8c7e5b122c1d", org_id: "d4665739-af08-4980-9336-8c7e5b122c1d", mode: "strict", threshold: Decimal.new("50000"), actor_email: "test@example.com", changed_at: ~U[2026-03-20 23:09:55.706342Z]}
23:09:55.707 [debug] Appended 1 event(s) to stream "d4665739-af08-4980-9336-8c7e5b122c1d"
23:09:55.707 [debug] Listener received notification on channel "event_store.events" with payload: "d4665739-af08-4980-9336-8c7e5b122c1d,8609,1,1"
23:09:55.707 [debug] Listener received notification on channel "event_store.events" with payload: "$all,0,12179,12179"
23:09:55.707 [debug] QUERY OK db=0.1ms
begin []
23:09:55.708 [debug] QUERY OK source="projection_versions" db=0.1ms
INSERT INTO "projection_versions" AS p0 ("projection_name","last_seen_event_number","inserted_at","updated_at") VALUES ($1,$2,$3,$4) ON CONFLICT ("projection_name") DO UPDATE SET "last_seen_event_number" = $5 WHERE ((p0."projection_name" = $6) AND (p0."last_seen_event_number" < $7)) ["Treasury.PolicyProjector", 1, ~N[2026-03-20 23:09:55.708037], ~N[2026-03-20 23:09:55.708037], 1, "Treasury.PolicyProjector", 1]
23:09:55.708 [debug] Nexus.Treasury.Aggregates.Policy<d4665739-af08-4980-9336-8c7e5b122c1d@1> received events: [%Commanded.EventStore.RecordedEvent{event_id: "a29472d4-23b5-4c30-b07f-032e13e46c90", event_number: 1, stream_id: "d4665739-af08-4980-9336-8c7e5b122c1d", stream_version: 1, causation_id: "02b9ca4b-d38d-4cd5-82b8-d91f444016e3", correlation_id: "74fd2503-bece-483b-af23-5a9a7107dfb5", event_type: "Elixir.Nexus.Treasury.Events.PolicyModeChanged", data: %Nexus.Treasury.Events.PolicyModeChanged{policy_id: "d4665739-af08-4980-9336-8c7e5b122c1d", org_id: "d4665739-af08-4980-9336-8c7e5b122c1d", mode: "strict", threshold: "50000", actor_email: "test@example.com", changed_at: "2026-03-20T23:09:55.706342Z"}, created_at: ~U[2026-03-20 23:09:55.707040Z], metadata: %{"causation_id" => "019d0d83-347a-7194-93a4-15fb403255c2", "correlation_id" => "019d0d83-347a-7194-93a4-15fb403255c2"}}]
23:09:55.708 [debug] QUERY OK source="treasury_policies" db=0.3ms
INSERT INTO "treasury_policies" ("id","mode","org_id","mode_thresholds","transfer_threshold","reporting_currency","created_at","updated_at") VALUES ($1,$2,$3,$4,$5,$6,$7,$8) ON CONFLICT ("org_id") DO UPDATE SET "mode" = EXCLUDED."mode","transfer_threshold" = EXCLUDED."transfer_threshold","updated_at" = EXCLUDED."updated_at" ["d4665739-af08-4980-9336-8c7e5b122c1d", "strict", "d4665739-af08-4980-9336-8c7e5b122c1d", %{"relaxed" => "10000000", "standard" => "1000000", "strict" => "50000"}, Decimal.new("50000"), "USD", ~U[2026-03-20 23:09:55.708353Z], ~U[2026-03-20 23:09:55.708353Z]]
23:09:55.709 [debug] QUERY OK source="treasury_policy_audit_logs" db=0.2ms
INSERT INTO "treasury_policy_audit_logs" ("id","mode","threshold","org_id","actor_email","changed_at","created_at","updated_at") VALUES ($1,$2,$3,$4,$5,$6,$7,$8) ["019d0d83-347b-7b38-8822-3e644b3ddfae", "strict", Decimal.new("50000"), "d4665739-af08-4980-9336-8c7e5b122c1d", "test@example.com", ~U[2026-03-20 23:09:55.707723Z], ~U[2026-03-20 23:09:55.708955Z], ~U[2026-03-20 23:09:55.708955Z]]
23:09:55.709 [debug] QUERY OK db=0.2ms
commit []
23:09:55.709 [info] 		[36mGiven [32mthe organization "Nexus Corp" is on "strict" mode
23:09:55.709 [info] 		[36mGiven [32mthe strict mode threshold is "50000"
23:09:55.709 [debug] Locating aggregate process for `Nexus.Treasury.Aggregates.Policy` with UUID "d4665739-af08-4980-9336-8c7e5b122c1d"
23:09:55.709 [debug] Nexus.Treasury.Aggregates.Policy<d4665739-af08-4980-9336-8c7e5b122c1d@1> executing command: %Nexus.Treasury.Commands.SetTransferThreshold{policy_id: "d4665739-af08-4980-9336-8c7e5b122c1d", org_id: "d4665739-af08-4980-9336-8c7e5b122c1d", threshold: Decimal.new("50000"), set_at: ~U[2026-03-20 23:09:55.709821Z]}
23:09:55.711 [debug] Appended 1 event(s) to stream "d4665739-af08-4980-9336-8c7e5b122c1d"
23:09:55.711 [debug] Listener received notification on channel "event_store.events" with payload: "d4665739-af08-4980-9336-8c7e5b122c1d,8609,2,2"
23:09:55.711 [debug] Listener received notification on channel "event_store.events" with payload: "$all,0,12180,12180"
23:09:55.711 [debug] QUERY OK db=0.0ms
begin []
23:09:55.711 [debug] QUERY OK source="projection_versions" db=0.1ms
INSERT INTO "projection_versions" AS p0 ("projection_name","last_seen_event_number","inserted_at","updated_at") VALUES ($1,$2,$3,$4) ON CONFLICT ("projection_name") DO UPDATE SET "last_seen_event_number" = $5 WHERE ((p0."projection_name" = $6) AND (p0."last_seen_event_number" < $7)) ["Treasury.PolicyProjector", 2, ~N[2026-03-20 23:09:55.711698], ~N[2026-03-20 23:09:55.711698], 2, "Treasury.PolicyProjector", 2]
23:09:55.712 [debug] Nexus.Treasury.Aggregates.Policy<d4665739-af08-4980-9336-8c7e5b122c1d@2> received events: [%Commanded.EventStore.RecordedEvent{event_id: "b1a29e63-2d40-4a30-bde9-3e0d2db55718", event_number: 2, stream_id: "d4665739-af08-4980-9336-8c7e5b122c1d", stream_version: 2, causation_id: "41f5bf4e-9cd2-4141-8e5b-2808b54f9f7f", correlation_id: "3d3e5ce7-77ca-477a-8836-ae6ba9e89722", event_type: "Elixir.Nexus.Treasury.Events.TransferThresholdSet", data: %Nexus.Treasury.Events.TransferThresholdSet{policy_id: "d4665739-af08-4980-9336-8c7e5b122c1d", org_id: "d4665739-af08-4980-9336-8c7e5b122c1d", threshold: "50000", set_at: "2026-03-20T23:09:55.709821Z"}, created_at: ~U[2026-03-20 23:09:55.710423Z], metadata: %{"causation_id" => "019d0d83-347d-7c09-b67b-41bb29c06ed1", "correlation_id" => "019d0d83-347d-7c09-b67b-41bb29c06ed1"}}]
23:09:55.712 [debug] QUERY OK source="treasury_policies" db=0.1ms
INSERT INTO "treasury_policies" ("id","mode","org_id","mode_thresholds","transfer_threshold","reporting_currency","created_at","updated_at") VALUES ($1,$2,$3,$4,$5,$6,$7,$8) ON CONFLICT ("org_id") DO UPDATE SET "transfer_threshold" = EXCLUDED."transfer_threshold","updated_at" = EXCLUDED."updated_at" ["d4665739-af08-4980-9336-8c7e5b122c1d", "standard", "d4665739-af08-4980-9336-8c7e5b122c1d", %{"relaxed" => "10000000", "standard" => "1000000", "strict" => "50000"}, Decimal.new("50000"), "USD", ~U[2026-03-20 23:09:55.712003Z], ~U[2026-03-20 23:09:55.712003Z]]
23:09:55.712 [debug] QUERY OK db=0.2ms
commit []
23:09:55.712 [debug] Locating aggregate process for `Nexus.Treasury.Aggregates.Policy` with UUID "d4665739-af08-4980-9336-8c7e5b122c1d"
23:09:55.712 [debug] Nexus.Treasury.Aggregates.Policy<d4665739-af08-4980-9336-8c7e5b122c1d@2> executing command: %Nexus.Treasury.Commands.EvaluateExposurePolicy{policy_id: "d4665739-af08-4980-9336-8c7e5b122c1d", org_id: "d4665739-af08-4980-9336-8c7e5b122c1d", currency_pair: "EUR/USD", exposure_amount: Decimal.new("60000"), evaluated_at: ~U[2026-03-20 23:09:55.712712Z]}
23:09:55.714 [debug] Appended 1 event(s) to stream "d4665739-af08-4980-9336-8c7e5b122c1d"
23:09:55.714 [debug] Listener received notification on channel "event_store.events" with payload: "d4665739-af08-4980-9336-8c7e5b122c1d,8609,3,3"
23:09:55.714 [debug] Listener received notification on channel "event_store.events" with payload: "$all,0,12181,12181"
23:09:55.714 [debug] QUERY OK db=0.0ms
begin []
23:09:55.714 [debug] QUERY OK source="projection_versions" db=0.2ms
INSERT INTO "projection_versions" AS p0 ("projection_name","last_seen_event_number","inserted_at","updated_at") VALUES ($1,$2,$3,$4) ON CONFLICT ("projection_name") DO UPDATE SET "last_seen_event_number" = $5 WHERE ((p0."projection_name" = $6) AND (p0."last_seen_event_number" < $7)) ["Treasury.PolicyProjector", 3, ~N[2026-03-20 23:09:55.714428], ~N[2026-03-20 23:09:55.714428], 3, "Treasury.PolicyProjector", 3]
23:09:55.714 [debug] Nexus.Treasury.Aggregates.Policy<d4665739-af08-4980-9336-8c7e5b122c1d@3> received events: [%Commanded.EventStore.RecordedEvent{event_id: "7162e2f0-1162-4ecc-b457-265b3af185b9", event_number: 3, stream_id: "d4665739-af08-4980-9336-8c7e5b122c1d", stream_version: 3, causation_id: "897821d6-8c79-4c3a-8343-9d669dad4d40", correlation_id: "9ba8bb77-6dfa-4907-86ca-9ba4bdd06a84", event_type: "Elixir.Nexus.Treasury.Events.PolicyAlertTriggered", data: %Nexus.Treasury.Events.PolicyAlertTriggered{policy_id: "d4665739-af08-4980-9336-8c7e5b122c1d", org_id: "d4665739-af08-4980-9336-8c7e5b122c1d", currency_pair: "EUR/USD", exposure_amount: "60000", threshold: "50000", triggered_at: "2026-03-20T23:09:55.712712Z"}, created_at: ~U[2026-03-20 23:09:55.713351Z], metadata: %{"causation_id" => "019d0d83-3480-7dfe-a290-ca62330251a7", "correlation_id" => "019d0d83-3480-7dfe-a290-ca62330251a7"}}]
23:09:55.715 [debug] QUERY OK source="treasury_policy_alerts" db=0.3ms
INSERT INTO "treasury_policy_alerts" ("id","threshold","org_id","currency_pair","exposure_amount","triggered_at","created_at","updated_at") VALUES ($1,$2,$3,$4,$5,$6,$7,$8) ["019d0d83-3482-7efb-ba36-8bd77c1f35fa", Decimal.new("50000"), "d4665739-af08-4980-9336-8c7e5b122c1d", "EUR/USD", Decimal.new("60000"), ~U[2026-03-20 23:09:55.714201Z], ~U[2026-03-20 23:09:55.714734Z], ~U[2026-03-20 23:09:55.714734Z]]
23:09:55.715 [debug] QUERY OK db=0.1ms
commit []
23:09:55.715 [info] 		[36mWhen [32mthe system evaluates an exposure of "60000" EUR/USD
23:09:55.716 [debug] QUERY OK source="treasury_policy_alerts" db=0.4ms
SELECT t0."id", t0."org_id", t0."currency_pair", t0."exposure_amount", t0."threshold", t0."triggered_at", t0."created_at", t0."updated_at" FROM "treasury_policy_alerts" AS t0 WHERE (t0."org_id" = $1) ["d4665739-af08-4980-9336-8c7e5b122c1d"]
.23:09:55.716 [info] 		[36mThen [32ma policy alert should be triggered
23:09:55.716 [debug] QUERY OK source="treasury_policy_alerts" db=0.2ms
DELETE FROM "treasury_policy_alerts" AS t0 []
23:09:55.717 [debug] QUERY OK source="treasury_policy_audit_logs" db=0.5ms
DELETE FROM "treasury_policy_audit_logs" AS t0 []
23:09:55.717 [debug] QUERY OK source="treasury_policies" db=0.2ms
DELETE FROM "treasury_policies" AS t0 []
23:09:55.718 [debug] QUERY OK source="projection_versions" db=0.3ms
DELETE FROM "projection_versions" AS p0 WHERE (p0."projection_name" IN ('Treasury.PolicyProjector')) []
23:09:55.718 [debug] Locating aggregate process for `Nexus.Treasury.Aggregates.Policy` with UUID "e8c522c4-bad2-4477-82ed-7cfd30342662"
23:09:55.718 [debug] Nexus.Treasury.Aggregates.Policy<e8c522c4-bad2-4477-82ed-7cfd30342662@0> executing command: %Nexus.Treasury.Commands.SetPolicyMode{policy_id: "e8c522c4-bad2-4477-82ed-7cfd30342662", org_id: "e8c522c4-bad2-4477-82ed-7cfd30342662", mode: "standard", threshold: Decimal.new("1000000"), actor_email: "test@example.com", changed_at: ~U[2026-03-20 23:09:55.718138Z]}
23:09:55.719 [debug] Appended 1 event(s) to stream "e8c522c4-bad2-4477-82ed-7cfd30342662"
23:09:55.720 [debug] Listener received notification on channel "event_store.events" with payload: "e8c522c4-bad2-4477-82ed-7cfd30342662,8610,1,1"
23:09:55.720 [debug] Listener received notification on channel "event_store.events" with payload: "$all,0,12182,12182"
23:09:55.720 [debug] QUERY OK db=0.1ms
begin []
23:09:55.720 [debug] QUERY OK source="projection_versions" db=0.2ms
INSERT INTO "projection_versions" AS p0 ("projection_name","last_seen_event_number","inserted_at","updated_at") VALUES ($1,$2,$3,$4) ON CONFLICT ("projection_name") DO UPDATE SET "last_seen_event_number" = $5 WHERE ((p0."projection_name" = $6) AND (p0."last_seen_event_number" < $7)) ["Treasury.PolicyProjector", 1, ~N[2026-03-20 23:09:55.720308], ~N[2026-03-20 23:09:55.720308], 1, "Treasury.PolicyProjector", 1]
23:09:55.720 [debug] Nexus.Treasury.Aggregates.Policy<e8c522c4-bad2-4477-82ed-7cfd30342662@1> received events: [%Commanded.EventStore.RecordedEvent{event_id: "310f6002-fcfc-4ce0-b330-4bd5f7feb76c", event_number: 1, stream_id: "e8c522c4-bad2-4477-82ed-7cfd30342662", stream_version: 1, causation_id: "c99ebb53-a923-433b-9ddf-60a01a947eb2", correlation_id: "c4930fff-2a88-49a6-8142-d43a6f9a6e3b", event_type: "Elixir.Nexus.Treasury.Events.PolicyModeChanged", data: %Nexus.Treasury.Events.PolicyModeChanged{policy_id: "e8c522c4-bad2-4477-82ed-7cfd30342662", org_id: "e8c522c4-bad2-4477-82ed-7cfd30342662", mode: "standard", threshold: "1000000", actor_email: "test@example.com", changed_at: "2026-03-20T23:09:55.718138Z"}, created_at: ~U[2026-03-20 23:09:55.719236Z], metadata: %{"causation_id" => "019d0d83-3486-71f5-a112-c123430bb836", "correlation_id" => "019d0d83-3486-71f5-a112-c123430bb836"}}]
23:09:55.721 [debug] QUERY OK source="treasury_policies" db=0.2ms
INSERT INTO "treasury_policies" ("id","mode","org_id","mode_thresholds","transfer_threshold","reporting_currency","created_at","updated_at") VALUES ($1,$2,$3,$4,$5,$6,$7,$8) ON CONFLICT ("org_id") DO UPDATE SET "mode" = EXCLUDED."mode","transfer_threshold" = EXCLUDED."transfer_threshold","updated_at" = EXCLUDED."updated_at" ["e8c522c4-bad2-4477-82ed-7cfd30342662", "standard", "e8c522c4-bad2-4477-82ed-7cfd30342662", %{"relaxed" => "10000000", "standard" => "1000000", "strict" => "50000"}, Decimal.new("1000000"), "USD", ~U[2026-03-20 23:09:55.720712Z], ~U[2026-03-20 23:09:55.720712Z]]
23:09:55.721 [debug] QUERY OK source="treasury_policy_audit_logs" db=0.2ms
INSERT INTO "treasury_policy_audit_logs" ("id","mode","threshold","org_id","actor_email","changed_at","created_at","updated_at") VALUES ($1,$2,$3,$4,$5,$6,$7,$8) ["019d0d83-3488-7363-9a9a-ea982e7661e4", "standard", Decimal.new("1000000"), "e8c522c4-bad2-4477-82ed-7cfd30342662", "test@example.com", ~U[2026-03-20 23:09:55.720041Z], ~U[2026-03-20 23:09:55.721273Z], ~U[2026-03-20 23:09:55.721273Z]]
23:09:55.721 [debug] QUERY OK db=0.1ms
commit []
23:09:55.721 [info] 		[36mGiven [32mthe organization "Nexus Corp" is on "standard" mode
23:09:55.721 [debug] Locating aggregate process for `Nexus.Treasury.Aggregates.Policy` with UUID "e8c522c4-bad2-4477-82ed-7cfd30342662"
23:09:55.722 [debug] Nexus.Treasury.Aggregates.Policy<e8c522c4-bad2-4477-82ed-7cfd30342662@1> executing command: %Nexus.Treasury.Commands.SetPolicyMode{policy_id: "e8c522c4-bad2-4477-82ed-7cfd30342662", org_id: "e8c522c4-bad2-4477-82ed-7cfd30342662", mode: "strict", threshold: Decimal.new("50000"), actor_email: "test@example.com", changed_at: ~U[2026-03-20 23:09:55.721960Z]}
23:09:55.723 [debug] Appended 1 event(s) to stream "e8c522c4-bad2-4477-82ed-7cfd30342662"
23:09:55.723 [debug] Listener received notification on channel "event_store.events" with payload: "e8c522c4-bad2-4477-82ed-7cfd30342662,8610,2,2"
23:09:55.723 [debug] Listener received notification on channel "event_store.events" with payload: "$all,0,12183,12183"
23:09:55.723 [debug] QUERY OK db=0.1ms
begin []
23:09:55.723 [debug] QUERY OK source="projection_versions" db=0.1ms
INSERT INTO "projection_versions" AS p0 ("projection_name","last_seen_event_number","inserted_at","updated_at") VALUES ($1,$2,$3,$4) ON CONFLICT ("projection_name") DO UPDATE SET "last_seen_event_number" = $5 WHERE ((p0."projection_name" = $6) AND (p0."last_seen_event_number" < $7)) ["Treasury.PolicyProjector", 2, ~N[2026-03-20 23:09:55.723377], ~N[2026-03-20 23:09:55.723377], 2, "Treasury.PolicyProjector", 2]
23:09:55.723 [debug] Nexus.Treasury.Aggregates.Policy<e8c522c4-bad2-4477-82ed-7cfd30342662@2> received events: [%Commanded.EventStore.RecordedEvent{event_id: "af2f12cc-7843-48b7-a291-422b50836a62", event_number: 2, stream_id: "e8c522c4-bad2-4477-82ed-7cfd30342662", stream_version: 2, causation_id: "40b544a4-6207-400c-8fd8-c75d07e3c73f", correlation_id: "7285a31a-13a5-4602-8d87-77d6c678f3a9", event_type: "Elixir.Nexus.Treasury.Events.PolicyModeChanged", data: %Nexus.Treasury.Events.PolicyModeChanged{policy_id: "e8c522c4-bad2-4477-82ed-7cfd30342662", org_id: "e8c522c4-bad2-4477-82ed-7cfd30342662", mode: "strict", threshold: "50000", actor_email: "test@example.com", changed_at: "2026-03-20T23:09:55.721960Z"}, created_at: ~U[2026-03-20 23:09:55.722393Z], metadata: %{"causation_id" => "019d0d83-3489-768d-904b-1387e827e620", "correlation_id" => "019d0d83-3489-768d-904b-1387e827e620"}}]
23:09:55.723 [debug] QUERY OK source="treasury_policies" db=0.1ms
INSERT INTO "treasury_policies" ("id","mode","org_id","mode_thresholds","transfer_threshold","reporting_currency","created_at","updated_at") VALUES ($1,$2,$3,$4,$5,$6,$7,$8) ON CONFLICT ("org_id") DO UPDATE SET "mode" = EXCLUDED."mode","transfer_threshold" = EXCLUDED."transfer_threshold","updated_at" = EXCLUDED."updated_at" ["e8c522c4-bad2-4477-82ed-7cfd30342662", "strict", "e8c522c4-bad2-4477-82ed-7cfd30342662", %{"relaxed" => "10000000", "standard" => "1000000", "strict" => "50000"}, Decimal.new("50000"), "USD", ~U[2026-03-20 23:09:55.723636Z], ~U[2026-03-20 23:09:55.723636Z]]
23:09:55.724 [debug] QUERY OK source="treasury_policy_audit_logs" db=0.2ms
INSERT INTO "treasury_policy_audit_logs" ("id","mode","threshold","org_id","actor_email","changed_at","created_at","updated_at") VALUES ($1,$2,$3,$4,$5,$6,$7,$8) ["019d0d83-348b-7532-a6fd-a55b2a3cbfb6", "strict", Decimal.new("50000"), "e8c522c4-bad2-4477-82ed-7cfd30342662", "test@example.com", ~U[2026-03-20 23:09:55.723160Z], ~U[2026-03-20 23:09:55.723969Z], ~U[2026-03-20 23:09:55.723969Z]]
23:09:55.724 [debug] QUERY OK db=0.1ms
commit []
23:09:55.724 [info] 		[36mWhen [32mthe treasury manager switches to "strict" mode
23:09:55.725 [debug] QUERY OK source="treasury_policy_audit_logs" db=0.3ms queue=0.2ms
SELECT t0."id", t0."org_id", t0."actor_email", t0."mode", t0."threshold", t0."changed_at", t0."created_at", t0."updated_at" FROM "treasury_policy_audit_logs" AS t0 WHERE (t0."org_id" = $1) ["e8c522c4-bad2-4477-82ed-7cfd30342662"]
23:09:55.725 [info] 		[36mThen [32man audit log should be recorded for "strict" mode
23:09:55.726 [debug] QUERY OK source="treasury_policy_audit_logs" db=0.4ms
SELECT t0."id", t0."org_id", t0."actor_email", t0."mode", t0."threshold", t0."changed_at", t0."created_at", t0."updated_at" FROM "treasury_policy_audit_logs" AS t0 WHERE (t0."org_id" = $1) ["e8c522c4-bad2-4477-82ed-7cfd30342662"]
.23:09:55.726 [info] 		[36mThen [32mthe audit log should attribute the change to "test@example.com"
23:09:55.726 [info] 		[36mGiven [32ma registered tenant "Munich HQ" exists
23:09:55.730 [info] 		[36mWhen [32mthe ERP system sends 5 invoice payloads within the limit
23:09:55.730 [info] 		[36mThen [32mall 5 payloads should be accepted
.23:09:55.730 [info] 		[36mGiven [32ma registered tenant "Munich HQ" exists
23:09:55.731 [info] 		[36mWhen [32mthe ERP system sends 150 invoice payloads rapidly
23:09:55.731 [info] 		[36mThen [32mthe system should return a 429 Too Many Requests error
.23:09:55.731 [info] 		[36mThen [32mthe excess payloads should not reach the domain aggregate
23:09:55.731 [debug] Locating aggregate process for `Nexus.Identity.Aggregates.User` with UUID "019d0d83-3493-7ce2-97c8-66f3817e6884"
23:09:55.734 [debug] Nexus.Identity.Aggregates.User<019d0d83-3493-7ce2-97c8-66f3817e6884@0> executing command: %Nexus.Identity.Commands.RegisterSystemAdmin{user_id: "019d0d83-3493-7ce2-97c8-66f3817e6884", org_id: "019d0d83-3493-712d-98e3-018541f56646", email: "test@example.com", display_name: "Test User", registered_at: ~U[2026-03-20 23:09:55.731505Z]}
23:09:55.736 [debug] Appended 1 event(s) to stream "019d0d83-3493-7ce2-97c8-66f3817e6884"
23:09:55.736 [debug] Listener received notification on channel "event_store.events" with payload: "019d0d83-3493-7ce2-97c8-66f3817e6884,8611,1,1"
23:09:55.736 [debug] Listener received notification on channel "event_store.events" with payload: "$all,0,12184,12184"
23:09:55.736 [info] 		[36mGiven [32mI am logged in as a "treasury_admin"
23:09:55.736 [info] 		[36mGiven [32mthe currency pair is "EUR/USD"
23:09:55.736 [debug] Locating aggregate process for `Nexus.Treasury.Aggregates.Transfer` with UUID "TX-123"
23:09:55.737 [debug] Nexus.Identity.Aggregates.User<019d0d83-3493-7ce2-97c8-66f3817e6884@1> received events: [%Commanded.EventStore.RecordedEvent{event_id: "77054efe-a266-4b8c-81dd-b549d7cc3faa", event_number: 1, stream_id: "019d0d83-3493-7ce2-97c8-66f3817e6884", stream_version: 1, causation_id: "13a6dd58-5748-41be-9ecc-5e245cfab43e", correlation_id: "3ae427fc-830d-472f-b90e-d9a3a21aa36b", event_type: "Elixir.Nexus.Identity.Events.UserRegistered", data: %Nexus.Identity.Events.UserRegistered{user_id: "019d0d83-3493-7ce2-97c8-66f3817e6884", org_id: "019d0d83-3493-712d-98e3-018541f56646", email: "test@example.com", role: "system_admin", cose_key: "Ym9vdHN0cmFwX2Nvc2Vfa2V5", credential_id: "Ym9vdHN0cmFwX2NyZWRlbnRpYWxfaWQ=", registered_at: "2026-03-20T23:09:55.731505Z", display_name: "Test User", status: "active"}, created_at: ~U[2026-03-20 23:09:55.734523Z], metadata: %{"causation_id" => "019d0d83-3493-7b93-8864-a0ea4ff24188", "correlation_id" => "019d0d83-3493-7b93-8864-a0ea4ff24188"}}]
..

 12) scenario Successful Biometric Verification Successful Biometric Verification (Nexus.Identity.BiometricVerificationTest)
     test/nexus/identity/biometric_verification_test.exs:6
     ** (Postgrex.Error) ERROR 42703 (undefined_column) column i0.id does not exist

         query: SELECT i0."id", i0."user_id", i0."org_id", i0."locale", i0."timezone", i0."notifications_enabled", i0."created_at", i0."updated_at" FROM "identity_user_settings" AS i0 WHERE (i0."id" = $1)
     code: project_event(event.data, event.event_number)
     stacktrace:
       (ecto_sql 3.13.4) lib/ecto/adapters/sql.ex:1113: Ecto.Adapters.SQL.raise_sql_call_error/1
       (ecto_sql 3.13.4) lib/ecto/adapters/sql.ex:1011: Ecto.Adapters.SQL.execute/6
       (ecto 3.13.5) lib/ecto/repo/queryable.ex:241: Ecto.Repo.Queryable.execute/4
       (ecto 3.13.5) lib/ecto/repo/queryable.ex:19: Ecto.Repo.Queryable.all/3
       (ecto 3.13.5) lib/ecto/repo/queryable.ex:163: Ecto.Repo.Queryable.one/3
       (nexus 0.1.0) lib/nexus/identity/projectors/user_registration_projector.ex:53: anonymous fn/3 in Nexus.Identity.Projectors.UserRegistrationProjector.project_registration/3
       (ecto 3.13.5) lib/ecto/multi.ex:905: Ecto.Multi.apply_operation/5
       (elixir 1.19.5) lib/enum.ex:2520: Enum."-reduce/3-lists^foldl/2-0-"/3
       (ecto 3.13.5) lib/ecto/multi.ex:878: anonymous fn/5 in Ecto.Multi.apply_operations/5
       (ecto_sql 3.13.4) lib/ecto/adapters/sql.ex:1473: anonymous fn/3 in Ecto.Adapters.SQL.checkout_or_transaction/4
       (db_connection 2.9.0) lib/db_connection.ex:1747: DBConnection.run_transaction/4
       (ecto 3.13.5) lib/ecto/repo/transaction.ex:30: Ecto.Repo.Transaction.transact/4
       (nexus 0.1.0) deps/commanded_ecto_projections/lib/projections/ecto.ex:97: Nexus.Identity.Projectors.UserRegistrationProjector.update_projection/3
       (ecto_sql 3.13.4) lib/ecto/adapters/sql/sandbox.ex:629: Ecto.Adapters.SQL.Sandbox.unboxed_run/2
       test/nexus/identity/biometric_verification_test.exs:48: (test)



 13) test User Management LiveView mounts correctly and renders the Institutional DataGrid (NexusWeb.Admin.UserLiveTest)
     test/nexus_web/live/admin/user_live_test.exs:38
     ** (KeyError) key :role not found in:

         %Nexus.Identity.Projections.User{
           __meta__: #Ecto.Schema.Metadata<:loaded, "users">,
           id: "019d0d83-34bb-7beb-b7da-f5611c9a0fa7",
           org_id: "019d0d83-34bb-72a0-a8a0-ee7d6c419f6a",
           email: "test_admin@nexus.app",
           display_name: "Test Admin",
           status: "active",
           cose_key: "mock_key",
           credential_id: "mock_cred",
           roles: ["admin"],
           org_name: nil,
           created_at: ~U[2026-03-20 23:09:55.771467Z],
           updated_at: ~U[2026-03-20 23:09:55.771467Z]
         }

     Did you mean:

         * :roles

     stacktrace:
       (nexus 0.1.0) lib/nexus_web/live/admin/user_live/index.html.heex:98: anonymous fn/3 in NexusWeb.Admin.UserLive.Index.render/1
       (phoenix_live_view 1.0.18) lib/phoenix_live_view/diff.ex:414: Phoenix.LiveView.Diff.traverse/7
       (phoenix_live_view 1.0.18) lib/phoenix_live_view/diff.ex:582: anonymous fn/3 in Phoenix.LiveView.Diff.traverse_comprehension/5
       (elixir 1.19.5) lib/enum.ex:1814: Enum."-map_reduce/3-lists^mapfoldl/2-0-"/3
       (elixir 1.19.5) lib/enum.ex:1814: Enum."-map_reduce/3-lists^mapfoldl/2-0-"/3
       (elixir 1.19.5) lib/enum.ex:1814: Enum."-map_reduce/3-lists^mapfoldl/2-0-"/3
       (elixir 1.19.5) lib/enum.ex:1814: Enum."-map_reduce/3-lists^mapfoldl/2-0-"/3
       (phoenix_live_view 1.0.18) lib/phoenix_live_view/diff.ex:493: Phoenix.LiveView.Diff.traverse/7
       (phoenix_live_view 1.0.18) lib/phoenix_live_view/diff.ex:582: anonymous fn/3 in Phoenix.LiveView.Diff.traverse_comprehension/5
       (elixir 1.19.5) lib/enum.ex:1814: Enum."-map_reduce/3-lists^mapfoldl/2-0-"/3
       (elixir 1.19.5) lib/enum.ex:1814: Enum."-map_reduce/3-lists^mapfoldl/2-0-"/3
       (elixir 1.19.5) lib/enum.ex:1814: Enum."-map_reduce/3-lists^mapfoldl/2-0-"/3
       (phoenix_live_view 1.0.18) lib/phoenix_live_view/diff.ex:503: Phoenix.LiveView.Diff.traverse/7
       (phoenix_live_view 1.0.18) lib/phoenix_live_view/diff.ex:555: anonymous fn/4 in Phoenix.LiveView.Diff.traverse_dynamic/7
       (elixir 1.19.5) lib/enum.ex:2520: Enum."-reduce/3-lists^foldl/2-0-"/3
       (phoenix_live_view 1.0.18) lib/phoenix_live_view/diff.ex:412: Phoenix.LiveView.Diff.traverse/7
       (phoenix_live_view 1.0.18) lib/phoenix_live_view/diff.ex:555: anonymous fn/4 in Phoenix.LiveView.Diff.traverse_dynamic/7
       (elixir 1.19.5) lib/enum.ex:2520: Enum."-reduce/3-lists^foldl/2-0-"/3
       (phoenix_live_view 1.0.18) lib/phoenix_live_view/diff.ex:412: Phoenix.LiveView.Diff.traverse/7
       (phoenix_live_view 1.0.18) lib/phoenix_live_view/diff.ex:555: anonymous fn/4 in Phoenix.LiveView.Diff.traverse_dynamic/7



 14) test User Management LiveView handles invitation link generation via modal (NexusWeb.Admin.UserLiveTest)
     test/nexus_web/live/admin/user_live_test.exs:52
     ** (KeyError) key :role not found in:

         %Nexus.Identity.Projections.User{
           __meta__: #Ecto.Schema.Metadata<:loaded, "users">,
           id: "019d0d83-34cf-7c77-ba50-d292d6decd69",
           org_id: "019d0d83-34cf-7641-afb2-1d928818bc3e",
           email: "test_admin@nexus.app",
           display_name: "Test Admin",
           status: "active",
           cose_key: "mock_key",
           credential_id: "mock_cred",
           roles: ["admin"],
           org_name: nil,
           created_at: ~U[2026-03-20 23:09:55.791852Z],
           updated_at: ~U[2026-03-20 23:09:55.791852Z]
         }

     Did you mean:

         * :roles

     stacktrace:
       (nexus 0.1.0) lib/nexus_web/live/admin/user_live/index.html.heex:98: anonymous fn/3 in NexusWeb.Admin.UserLive.Index.render/1
       (phoenix_live_view 1.0.18) lib/phoenix_live_view/diff.ex:414: Phoenix.LiveView.Diff.traverse/7
       (phoenix_live_view 1.0.18) lib/phoenix_live_view/diff.ex:582: anonymous fn/3 in Phoenix.LiveView.Diff.traverse_comprehension/5
       (elixir 1.19.5) lib/enum.ex:1814: Enum."-map_reduce/3-lists^mapfoldl/2-0-"/3
       (elixir 1.19.5) lib/enum.ex:1814: Enum."-map_reduce/3-lists^mapfoldl/2-0-"/3
       (elixir 1.19.5) lib/enum.ex:1814: Enum."-map_reduce/3-lists^mapfoldl/2-0-"/3
       (elixir 1.19.5) lib/enum.ex:1814: Enum."-map_reduce/3-lists^mapfoldl/2-0-"/3
       (phoenix_live_view 1.0.18) lib/phoenix_live_view/diff.ex:493: Phoenix.LiveView.Diff.traverse/7
       (phoenix_live_view 1.0.18) lib/phoenix_live_view/diff.ex:582: anonymous fn/3 in Phoenix.LiveView.Diff.traverse_comprehension/5
       (elixir 1.19.5) lib/enum.ex:1814: Enum."-map_reduce/3-lists^mapfoldl/2-0-"/3
       (elixir 1.19.5) lib/enum.ex:1814: Enum."-map_reduce/3-lists^mapfoldl/2-0-"/3
       (elixir 1.19.5) lib/enum.ex:1814: Enum."-map_reduce/3-lists^mapfoldl/2-0-"/3
       (phoenix_live_view 1.0.18) lib/phoenix_live_view/diff.ex:503: Phoenix.LiveView.Diff.traverse/7
       (phoenix_live_view 1.0.18) lib/phoenix_live_view/diff.ex:555: anonymous fn/4 in Phoenix.LiveView.Diff.traverse_dynamic/7
       (elixir 1.19.5) lib/enum.ex:2520: Enum."-reduce/3-lists^foldl/2-0-"/3
       (phoenix_live_view 1.0.18) lib/phoenix_live_view/diff.ex:412: Phoenix.LiveView.Diff.traverse/7
       (phoenix_live_view 1.0.18) lib/phoenix_live_view/diff.ex:555: anonymous fn/4 in Phoenix.LiveView.Diff.traverse_dynamic/7
       (elixir 1.19.5) lib/enum.ex:2520: Enum."-reduce/3-lists^foldl/2-0-"/3
       (phoenix_live_view 1.0.18) lib/phoenix_live_view/diff.ex:412: Phoenix.LiveView.Diff.traverse/7
       (phoenix_live_view 1.0.18) lib/phoenix_live_view/diff.ex:555: anonymous fn/4 in Phoenix.LiveView.Diff.traverse_dynamic/7



 15) test User Management LiveView filters users by role correctly (NexusWeb.Admin.UserLiveTest)
     test/nexus_web/live/admin/user_live_test.exs:74
     ** (KeyError) key :role not found in:

         %Nexus.Identity.Projections.User{
           __meta__: #Ecto.Schema.Metadata<:loaded, "users">,
           id: "019d0d83-34d7-7e19-88fb-4097a3a7ed5b",
           org_id: "019d0d83-34d7-735e-8f95-8e65fecb5188",
           email: "test_admin@nexus.app",
           display_name: "Test Admin",
           status: "active",
           cose_key: "mock_key",
           credential_id: "mock_cred",
           roles: ["admin"],
           org_name: nil,
           created_at: ~U[2026-03-20 23:09:55.799251Z],
           updated_at: ~U[2026-03-20 23:09:55.799251Z]
         }

     Did you mean:

         * :roles

     stacktrace:
       (nexus 0.1.0) lib/nexus_web/live/admin/user_live/index.html.heex:98: anonymous fn/3 in NexusWeb.Admin.UserLive.Index.render/1
       (phoenix_live_view 1.0.18) lib/phoenix_live_view/diff.ex:414: Phoenix.LiveView.Diff.traverse/7
       (phoenix_live_view 1.0.18) lib/phoenix_live_view/diff.ex:582: anonymous fn/3 in Phoenix.LiveView.Diff.traverse_comprehension/5
       (elixir 1.19.5) lib/enum.ex:1814: Enum."-map_reduce/3-lists^mapfoldl/2-0-"/3
       (elixir 1.19.5) lib/enum.ex:1814: Enum."-map_reduce/3-lists^mapfoldl/2-0-"/3
       (elixir 1.19.5) lib/enum.ex:1814: Enum."-map_reduce/3-lists^mapfoldl/2-0-"/3
       (elixir 1.19.5) lib/enum.ex:1814: Enum."-map_reduce/3-lists^mapfoldl/2-0-"/3
       (phoenix_live_view 1.0.18) lib/phoenix_live_view/diff.ex:493: Phoenix.LiveView.Diff.traverse/7
       (phoenix_live_view 1.0.18) lib/phoenix_live_view/diff.ex:582: anonymous fn/3 in Phoenix.LiveView.Diff.traverse_comprehension/5
       (elixir 1.19.5) lib/enum.ex:1814: Enum."-map_reduce/3-lists^mapfoldl/2-0-"/3
       (elixir 1.19.5) lib/enum.ex:1814: Enum."-map_reduce/3-lists^mapfoldl/2-0-"/3
       (elixir 1.19.5) lib/enum.ex:1814: Enum."-map_reduce/3-lists^mapfoldl/2-0-"/3
       (phoenix_live_view 1.0.18) lib/phoenix_live_view/diff.ex:503: Phoenix.LiveView.Diff.traverse/7
       (phoenix_live_view 1.0.18) lib/phoenix_live_view/diff.ex:555: anonymous fn/4 in Phoenix.LiveView.Diff.traverse_dynamic/7
       (elixir 1.19.5) lib/enum.ex:2520: Enum."-reduce/3-lists^foldl/2-0-"/3
       (phoenix_live_view 1.0.18) lib/phoenix_live_view/diff.ex:412: Phoenix.LiveView.Diff.traverse/7
       (phoenix_live_view 1.0.18) lib/phoenix_live_view/diff.ex:555: anonymous fn/4 in Phoenix.LiveView.Diff.traverse_dynamic/7
       (elixir 1.19.5) lib/enum.ex:2520: Enum."-reduce/3-lists^foldl/2-0-"/3
       (phoenix_live_view 1.0.18) lib/phoenix_live_view/diff.ex:412: Phoenix.LiveView.Diff.traverse/7
       (phoenix_live_view 1.0.18) lib/phoenix_live_view/diff.ex:555: anonymous fn/4 in Phoenix.LiveView.Diff.traverse_dynamic/7

.....23:09:56.449 [debug] Nexus.Identity.Projectors.UserRegistrationProjector received events: [%Commanded.EventStore.RecordedEvent{event_id: "282ec866-f518-44ed-95f6-7a535d6c3e25", event_number: 11262, stream_id: "019d0c26-0b00-74a0-bd6d-48329cf61a57", stream_version: 1, causation_id: "d64809a4-8402-4360-8536-99b7a0f860ca", correlation_id: "e0f4b4bb-483c-4914-aaaa-956d1587d67e", event_type: "Elixir.Nexus.Identity.Events.UserRegistered", data: %Nexus.Identity.Events.UserRegistered{user_id: "019d0c26-0b00-74a0-bd6d-48329cf61a57", org_id: "019d0c26-0b00-74a0-8884-24b7b734f296", email: "test@example.com", role: "system_admin", cose_key: "Ym9vdHN0cmFwX2Nvc2Vfa2V5", credential_id: "Ym9vdHN0cmFwX2NyZWRlbnRpYWxfaWQ=", registered_at: "2026-03-20T16:48:33.024173Z", display_name: "Test User", status: "active"}, created_at: ~U[2026-03-20 16:48:33.025211Z], metadata: %{"causation_id" => "019d0c26-0b00-71d0-a1d2-041f55e92cfc", "correlation_id" => "019d0c26-0b00-71d0-a1d2-041f55e92cfc"}}]
23:09:56.449 [debug] QUERY OK db=0.2ms
begin []
23:09:56.450 [debug] QUERY OK source="projection_versions" db=0.2ms
INSERT INTO "projection_versions" AS p0 ("projection_name","last_seen_event_number","inserted_at","updated_at") VALUES ($1,$2,$3,$4) ON CONFLICT ("projection_name") DO UPDATE SET "last_seen_event_number" = $5 WHERE ((p0."projection_name" = $6) AND (p0."last_seen_event_number" < $7)) ["Identity.Projectors.UserRegistrationProjector", 11262, ~N[2026-03-20 23:09:56.449802], ~N[2026-03-20 23:09:56.449802], 11262, "Identity.Projectors.UserRegistrationProjector", 11262]
23:09:56.450 [debug] QUERY OK source="users" db=0.1ms
SELECT u0."id", u0."org_id", u0."email", u0."display_name", u0."status", u0."cose_key", u0."credential_id", u0."roles", u0."created_at", u0."updated_at" FROM "users" AS u0 WHERE (u0."id" = $1) ["019d0c26-0b00-74a0-bd6d-48329cf61a57"]
23:09:56.450 [debug] QUERY OK source="users" db=0.0ms
SELECT u0."id", u0."org_id", u0."email", u0."display_name", u0."status", u0."cose_key", u0."credential_id", u0."roles", u0."created_at", u0."updated_at" FROM "users" AS u0 WHERE (u0."email" = $1) ["test@example.com"]
23:09:56.450 [debug] QUERY OK source="users" db=0.1ms
INSERT INTO "users" ("id","status","org_id","email","display_name","roles","cose_key","credential_id","created_at","updated_at") VALUES ($1,$2,$3,$4,$5,$6,$7,$8,$9,$10) ["019d0c26-0b00-74a0-bd6d-48329cf61a57", "active", "019d0c26-0b00-74a0-8884-24b7b734f296", "test@example.com", "Test User", ["system_admin"], "bootstrap_cose_key", "bootstrap_credential_id", ~U[2026-03-20 23:09:56.450530Z], ~U[2026-03-20 23:09:56.450530Z]]
23:09:56.450 [debug] QUERY ERROR source="identity_user_settings" db=0.0ms
SELECT i0."id", i0."user_id", i0."org_id", i0."locale", i0."timezone", i0."notifications_enabled", i0."created_at", i0."updated_at" FROM "identity_user_settings" AS i0 WHERE (i0."id" = $1) ["019d0c26-0b00-74a0-bd6d-48329cf61a57"]
23:09:56.451 [debug] QUERY OK db=0.1ms
rollback []
23:09:56.452 [error] Nexus.Identity.Projectors.UserRegistrationProjector failed to handle event:
%Commanded.EventStore.RecordedEvent{
  event_id: "282ec866-f518-44ed-95f6-7a535d6c3e25",
  event_number: 11262,
  stream_id: "019d0c26-0b00-74a0-bd6d-48329cf61a57",
  stream_version: 1,
  causation_id: "d64809a4-8402-4360-8536-99b7a0f860ca",
  correlation_id: "e0f4b4bb-483c-4914-aaaa-956d1587d67e",
  event_type: "Elixir.Nexus.Identity.Events.UserRegistered",
  data: %Nexus.Identity.Events.UserRegistered{
    user_id: "019d0c26-0b00-74a0-bd6d-48329cf61a57",
    org_id: "019d0c26-0b00-74a0-8884-24b7b734f296",
    email: "test@example.com",
    role: "system_admin",
    cose_key: "Ym9vdHN0cmFwX2Nvc2Vfa2V5",
    credential_id: "Ym9vdHN0cmFwX2NyZWRlbnRpYWxfaWQ=",
    registered_at: "2026-03-20T16:48:33.024173Z",
    display_name: "Test User",
    status: "active"
  },
  created_at: ~U[2026-03-20 16:48:33.025211Z],
  metadata: %{
    "causation_id" => "019d0c26-0b00-71d0-a1d2-041f55e92cfc",
    "correlation_id" => "019d0c26-0b00-71d0-a1d2-041f55e92cfc"
  }
}, due to:
** (Postgrex.Error) ERROR 42703 (undefined_column) column i0.id does not exist

    query: SELECT i0."id", i0."user_id", i0."org_id", i0."locale", i0."timezone", i0."notifications_enabled", i0."created_at", i0."updated_at" FROM "identity_user_settings" AS i0 WHERE (i0."id" = $1)
    (ecto_sql 3.13.4) lib/ecto/adapters/sql.ex:1113: Ecto.Adapters.SQL.raise_sql_call_error/1
    (ecto_sql 3.13.4) lib/ecto/adapters/sql.ex:1011: Ecto.Adapters.SQL.execute/6
    (ecto 3.13.5) lib/ecto/repo/queryable.ex:241: Ecto.Repo.Queryable.execute/4
    (ecto 3.13.5) lib/ecto/repo/queryable.ex:19: Ecto.Repo.Queryable.all/3
    (ecto 3.13.5) lib/ecto/repo/queryable.ex:163: Ecto.Repo.Queryable.one/3
    (nexus 0.1.0) lib/nexus/identity/projectors/user_registration_projector.ex:53: anonymous fn/3 in Nexus.Identity.Projectors.UserRegistrationProjector.project_registration/3
    (ecto 3.13.5) lib/ecto/multi.ex:905: Ecto.Multi.apply_operation/5
    (elixir 1.19.5) lib/enum.ex:2520: Enum."-reduce/3-lists^foldl/2-0-"/3
    (ecto 3.13.5) lib/ecto/multi.ex:878: anonymous fn/5 in Ecto.Multi.apply_operations/5
    (ecto_sql 3.13.4) lib/ecto/adapters/sql.ex:1473: anonymous fn/3 in Ecto.Adapters.SQL.checkout_or_transaction/4
    (db_connection 2.9.0) lib/db_connection.ex:1747: DBConnection.run_transaction/4
    (ecto 3.13.5) lib/ecto/repo/transaction.ex:30: Ecto.Repo.Transaction.transact/4
    (nexus 0.1.0) deps/commanded_ecto_projections/lib/projections/ecto.ex:97: Nexus.Identity.Projectors.UserRegistrationProjector.update_projection/3
    (commanded 1.4.9) lib/commanded/event/handler.ex:1221: Commanded.Event.Handler.delegate_event_to_handler/2
    (commanded 1.4.9) lib/commanded/event/handler.ex:1062: Commanded.Event.Handler.handle_event/3
    (elixir 1.19.5) lib/enum.ex:2520: Enum."-reduce/3-lists^foldl/2-0-"/3
    (commanded 1.4.9) lib/commanded/event/handler.ex:969: Commanded.Event.Handler.handle_info/2
    (stdlib 7.1) gen_server.erl:2434: :gen_server.try_handle_info/3
    (stdlib 7.1) gen_server.erl:2420: :gen_server.handle_msg/3
    (stdlib 7.1) proc_lib.erl:333: :proc_lib.init_p_do_apply/3

23:09:56.452 [warning] Nexus.Identity.Projectors.UserRegistrationProjector has requested to stop: %Postgrex.Error{message: nil, postgres: %{code: :undefined_column, line: "3721", message: "column i0.id does not exist", position: "8", file: "parse_relation.c", unknown: "ERROR", severity: "ERROR", pg_code: "42703", routine: "errorMissingColumn"}, connection_id: 3142, query: "SELECT i0.\"id\", i0.\"user_id\", i0.\"org_id\", i0.\"locale\", i0.\"timezone\", i0.\"notifications_enabled\", i0.\"created_at\", i0.\"updated_at\" FROM \"identity_user_settings\" AS i0 WHERE (i0.\"id\" = $1)"}
23:09:56.452 [debug] Nexus.Identity.Projectors.UserRegistrationProjector is shutting down due to %Postgrex.Error{message: nil, postgres: %{code: :undefined_column, line: "3721", message: "column i0.id does not exist", position: "8", file: "parse_relation.c", unknown: "ERROR", severity: "ERROR", pg_code: "42703", routine: "errorMissingColumn"}, connection_id: 3142, query: "SELECT i0.\"id\", i0.\"user_id\", i0.\"org_id\", i0.\"locale\", i0.\"timezone\", i0.\"notifications_enabled\", i0.\"created_at\", i0.\"updated_at\" FROM \"identity_user_settings\" AS i0 WHERE (i0.\"id\" = $1)"}
23:09:56.452 [error] GenServer {Nexus.App.LocalRegistry, {Nexus.App, Commanded.Event.Handler, "Identity.Projectors.UserRegistrationProjector"}} terminating
** (stop) %Postgrex.Error{message: nil, postgres: %{code: :undefined_column, line: "3721", message: "column i0.id does not exist", position: "8", file: "parse_relation.c", unknown: "ERROR", severity: "ERROR", pg_code: "42703", routine: "errorMissingColumn"}, connection_id: 3142, query: "SELECT i0.\"id\", i0.\"user_id\", i0.\"org_id\", i0.\"locale\", i0.\"timezone\", i0.\"notifications_enabled\", i0.\"created_at\", i0.\"updated_at\" FROM \"identity_user_settings\" AS i0 WHERE (i0.\"id\" = $1)"}
Last message: {:events, [%Commanded.EventStore.RecordedEvent{event_id: "282ec866-f518-44ed-95f6-7a535d6c3e25", event_number: 11262, stream_id: "019d0c26-0b00-74a0-bd6d-48329cf61a57", stream_version: 1, causation_id: "d64809a4-8402-4360-8536-99b7a0f860ca", correlation_id: "e0f4b4bb-483c-4914-aaaa-956d1587d67e", event_type: "Elixir.Nexus.Identity.Events.UserRegistered", data: %Nexus.Identity.Events.UserRegistered{user_id: "019d0c26-0b00-74a0-bd6d-48329cf61a57", org_id: "019d0c26-0b00-74a0-8884-24b7b734f296", email: "test@example.com", role: "system_admin", cose_key: "Ym9vdHN0cmFwX2Nvc2Vfa2V5", credential_id: "Ym9vdHN0cmFwX2NyZWRlbnRpYWxfaWQ=", registered_at: "2026-03-20T16:48:33.024173Z", display_name: "Test User", status: "active"}, created_at: ~U[2026-03-20 16:48:33.025211Z], metadata: %{"causation_id" => "019d0c26-0b00-71d0-a1d2-041f55e92cfc", "correlation_id" => "019d0c26-0b00-71d0-a1d2-041f55e92cfc"}}]}
State: %Commanded.Event.Handler{application: Nexus.App, consistency: :strong, handler_callback: :event, handler_name: "Identity.Projectors.UserRegistrationProjector", handler_module: Nexus.Identity.Projectors.UserRegistrationProjector, handler_state: nil, last_seen_event: nil, subscription: %Commanded.EventStore.Subscription{application: Nexus.App, backoff: {:backoff, 1000, 60000, 1000, :jitter, :undefined, :undefined}, concurrency: 1, partition_by: nil, subscribe_to: :all, subscribe_from: :origin, subscription_name: "Identity.Projectors.UserRegistrationProjector", subscription_opts: [], subscription_pid: #PID<0.1695.0>, subscription_ref: #Reference<0.504251661.3394502657.92798>}, subscribe_timer: nil}
23:09:56.452 [debug] Subscription "Identity.Projectors.UserRegistrationProjector"@"$all" subscriber #PID<0.1694.0> down due to: %Postgrex.Error{message: nil, postgres: %{code: :undefined_column, line: "3721", message: "column i0.id does not exist", position: "8", file: "parse_relation.c", unknown: "ERROR", severity: "ERROR", pg_code: "42703", routine: "errorMissingColumn"}, connection_id: 3142, query: "SELECT i0.\"id\", i0.\"user_id\", i0.\"org_id\", i0.\"locale\", i0.\"timezone\", i0.\"notifications_enabled\", i0.\"created_at\", i0.\"updated_at\" FROM \"identity_user_settings\" AS i0 WHERE (i0.\"id\" = $1)"}
23:09:56.452 [debug] Subscription "Identity.Projectors.UserRegistrationProjector"@"$all" has no subscribers, shutting down
23:09:56.452 [error] GenServer {Nexus.EventStore.EventStore.Subscriptions.Registry, {"$all", "Identity.Projectors.UserRegistrationProjector"}} terminating
** (stop) %Postgrex.Error{message: nil, postgres: %{code: :undefined_column, line: "3721", message: "column i0.id does not exist", position: "8", file: "parse_relation.c", unknown: "ERROR", severity: "ERROR", pg_code: "42703", routine: "errorMissingColumn"}, connection_id: 3142, query: "SELECT i0.\"id\", i0.\"user_id\", i0.\"org_id\", i0.\"locale\", i0.\"timezone\", i0.\"notifications_enabled\", i0.\"created_at\", i0.\"updated_at\" FROM \"identity_user_settings\" AS i0 WHERE (i0.\"id\" = $1)"}
Last message: {:DOWN, #Reference<0.504251661.3394502657.92793>, :process, #PID<0.1694.0>, %Postgrex.Error{message: nil, postgres: %{code: :undefined_column, line: "3721", message: "column i0.id does not exist", position: "8", file: "parse_relation.c", unknown: "ERROR", severity: "ERROR", pg_code: "42703", routine: "errorMissingColumn"}, connection_id: 3142, query: "SELECT i0.\"id\", i0.\"user_id\", i0.\"org_id\", i0.\"locale\", i0.\"timezone\", i0.\"notifications_enabled\", i0.\"created_at\", i0.\"updated_at\" FROM \"identity_user_settings\" AS i0 WHERE (i0.\"id\" = $1)"}}
State: %EventStore.Subscriptions.Subscription{stream_uuid: "$all", subscription_name: "Identity.Projectors.UserRegistrationProjector", subscription: %EventStore.Subscriptions.SubscriptionFsm{state: :unsubscribed, data: %EventStore.Subscriptions.SubscriptionState{conn: Nexus.EventStore.Postgrex, event_store: Nexus.EventStore, serializer: Commanded.Serialization.JsonSerializer, schema: "event_store", stream_uuid: "$all", start_from: 0, subscription_name: "Identity.Projectors.UserRegistrationProjector", subscription_id: 405, selector: nil, mapper: &Commanded.EventStore.Adapters.EventStore.Mapper.from_recorded_event/1, max_size: 1000, partition_by: nil, query_timeout: 15000, lock_ref: #Reference<0.504251661.3394502659.48629>, last_received: 12194, last_sent: 11262, last_ack: 11261, queue_size: 933, buffer_size: 1, checkpoint_after: 0, checkpoint_threshold: 1, checkpoint_timer_ref: nil, checkpoints_pending: 0, subscribers: %{}, partitions: %{nil: {[%EventStore.RecordedEvent{event_number: 12194, event_id: "3f8f3cbc-ea72-45a7-ab6d-12a43da50245", stream_uuid: "e55da693-c009-4afd-a56e-9b4ab3975acc", stream_version: 2, correlation_id: "e5500f71-9103-4737-8991-5eb165815e23", causation_id: "633094f8-6986-459b-9416-072dd0187fd9", event_type: "Elixir.Nexus.Identity.Events.SessionStarted", data: %Nexus.Identity.Events.SessionStarted{org_id: "84a4120a-ffd5-4f1d-8c8d-39a304840d78", user_id: "e55da693-c009-4afd-a56e-9b4ab3975acc", session_id: "418d0e43-cc2d-4727-80e0-b2438bf62242", session_token: "token123", user_agent: "Mozilla/5.0", ip_address: "127.0.0.1", started_at: "2026-03-20T23:09:56.072666Z"}, metadata: %{"causation_id" => "019d0d83-35e8-753f-984d-38ea338eda81", "correlation_id" => "019d0d83-35e8-753f-984d-38ea338eda81"}, created_at: ~U[2026-03-20 23:09:56.073170Z]}, %EventStore.RecordedEvent{event_number: 12193, event_id: "e88a74fa-5b0c-4b91-8cb5-06995a22261e", stream_uuid: "e55da693-c009-4afd-a56e-9b4ab3975acc", stream_version: 1, correlation_id: "9e656c1d-d0e4-4f46-bf33-1d95e39eba77", causation_id: "26eb51ca-d88e-4ba3-ac69-47b72ac05e07", event_type: "Elixir.Nexus.Identity.Events.UserRegistered", data: %Nexus.Identity.Events.UserRegistered{user_id: "e55da693-c009-4afd-a56e-9b4ab3975acc", org_id: "84a4120a-ffd5-4f1d-8c8d-39a304840d78", email: "test@example.com", role: "admin", cose_key: "dummy", credential_id: "dummy", registered_at: "2026-03-20T23:09:55.865334Z", display_name: "Test User", status: "active"}, metadata: %{"causation_id" => "019d0d83-3519-7150-9f84-629ff4c7083d", "correlation_id" => "019d0d83-3519-7150-9f84-629ff4c7083d"}, created_at: ~U[2026-03-20 23:09:55.869271Z]}, %EventStore.RecordedEvent{event_number: 12192, event_id: "9369472d-8342-4f67-bb09-dce99e1564a7", stream_uuid: "1cdc5b98-437f-46cd-b961-7f94b0c70951", stream_version: 1, correlation_id: "e360bbe5-91fe-4778-86d9-a6f47112ba01", causation_id: "52f95646-b2ab-41d6-bf6d-ab344ab03a52", event_type: "Elixir.Nexus.Intelligence.Events.SentimentScored", data: %Nexus.Intelligence.Events.SentimentScored{analysis_id: "1cdc5b98-437f-46cd-b961-7f94b0c70951", org_id: "9ee17310-2c39-46b6-95f5-570903b30cc6", source_id: "28559047-9a6a-4272-91c2-29d39b9fb8a9", sentiment: "neutral", confidence: 1.0, scored_at: "2026-03-20T23:09:55.852322Z"}, metadata: %{"causation_id" => "019d0d83-350c-7b9d-831a-294ad7368326", "correlation_id" => "019d0d83-350c-7b9d-831a-294ad7368326"}, created_at: ~U[2026-03-20 23:09:55.853288Z]}, %EventStore.RecordedEvent{event_number: 12191, event_id: "9b31ad65-078c-4754-b859-a6b48cf288b1", stream_uuid: "5de77d75-9239-459f-a7bf-fd6cc1d81616", stream_version: 1, correlation_id: "d3280ce6-50f3-4930-bbe9-4c6d6ebe4c3e", causation_id: "62545285-b05e-4958-b2d8-792040341ce7", ...}, ...], ...}}, ...}}, ...}
23:09:56.452 [debug] Nexus.Identity.Projectors.UserRegistrationProjector is shutting down due to {%Postgrex.Error{message: nil, postgres: %{code: :undefined_column, line: "3721", message: "column i0.id does not exist", position: "8", file: "parse_relation.c", unknown: "ERROR", severity: "ERROR", pg_code: "42703", routine: "errorMissingColumn"}, connection_id: 3142, query: "SELECT i0.\"id\", i0.\"user_id\", i0.\"org_id\", i0.\"locale\", i0.\"timezone\", i0.\"notifications_enabled\", i0.\"created_at\", i0.\"updated_at\" FROM \"identity_user_settings\" AS i0 WHERE (i0.\"id\" = $1)"}, {GenServer, :call, [#PID<0.1695.0>, {:connect, #PID<0.1696.0>, [retry_interval: 60000, hibernate_after: 15000, partition_by: nil, concurrency_limit: 1, name: Nexus.EventStore, mapper: &Commanded.EventStore.Adapters.EventStore.Mapper.from_recorded_event/1, conn: Nexus.EventStore.Postgrex, event_store: Nexus.EventStore, query_timeout: 15000, schema: "event_store", serializer: Commanded.Serialization.JsonSerializer, stream_uuid: "$all", subscription_name: "Identity.Projectors.UserRegistrationProjector", start_from: 0]}, 5000]}}
23:09:56.452 [error] GenServer {Nexus.App.LocalRegistry, {Nexus.App, Commanded.Event.Handler, "Identity.Projectors.UserRegistrationProjector"}} terminating
** (stop) exited in: GenServer.call(#PID<0.1695.0>, {:connect, #PID<0.1696.0>, [retry_interval: 60000, hibernate_after: 15000, partition_by: nil, concurrency_limit: 1, name: Nexus.EventStore, mapper: &Commanded.EventStore.Adapters.EventStore.Mapper.from_recorded_event/1, conn: Nexus.EventStore.Postgrex, event_store: Nexus.EventStore, query_timeout: 15000, schema: "event_store", serializer: Commanded.Serialization.JsonSerializer, stream_uuid: "$all", subscription_name: "Identity.Projectors.UserRegistrationProjector", start_from: 0]}, 5000)
    ** (EXIT) %Postgrex.Error{message: nil, postgres: %{code: :undefined_column, line: "3721", message: "column i0.id does not exist", position: "8", file: "parse_relation.c", unknown: "ERROR", severity: "ERROR", pg_code: "42703", routine: "errorMissingColumn"}, connection_id: 3142, query: "SELECT i0.\"id\", i0.\"user_id\", i0.\"org_id\", i0.\"locale\", i0.\"timezone\", i0.\"notifications_enabled\", i0.\"created_at\", i0.\"updated_at\" FROM \"identity_user_settings\" AS i0 WHERE (i0.\"id\" = $1)"}
    (elixir 1.19.5) lib/gen_server.ex:1142: GenServer.call/3
    (commanded 1.4.9) lib/commanded/event_store.ex:289: anonymous fn/2 in Commanded.EventStore.span/3
    (telemetry 1.3.0) /Users/bernard/dev/nexus/deps/telemetry/src/telemetry.erl:324: :telemetry.span/3
    (commanded 1.4.9) lib/commanded/event_store/subscription.ex:58: Commanded.EventStore.Subscription.subscribe/2
    (commanded 1.4.9) lib/commanded/event/handler.ex:1024: Commanded.Event.Handler.subscribe_to_events/1
    (commanded 1.4.9) lib/commanded/event/handler.ex:887: Commanded.Event.Handler.handle_continue/2
    (stdlib 7.1) gen_server.erl:2424: :gen_server.try_handle_continue/3
    (stdlib 7.1) gen_server.erl:2291: :gen_server.loop/4
    (stdlib 7.1) proc_lib.erl:333: :proc_lib.init_p_do_apply/3
Last message: {:continue, :subscribe_to_events}
State: %Commanded.Event.Handler{application: Nexus.App, consistency: :strong, handler_callback: :event, handler_name: "Identity.Projectors.UserRegistrationProjector", handler_module: Nexus.Identity.Projectors.UserRegistrationProjector, handler_state: nil, last_seen_event: nil, subscription: %Commanded.EventStore.Subscription{application: Nexus.App, backoff: {:backoff, 1000, 60000, 1000, :jitter, :undefined, :undefined}, concurrency: 1, partition_by: nil, subscribe_to: :all, subscribe_from: :origin, subscription_name: "Identity.Projectors.UserRegistrationProjector", subscription_opts: [], subscription_pid: nil, subscription_ref: nil}, subscribe_timer: nil}
23:09:56.453 [debug] Subscription "Identity.Projectors.UserRegistrationProjector"@"$all" attempting to connect subscriber #PID<0.1697.0>
23:09:56.454 [debug] Subscription "Identity.Projectors.UserRegistrationProjector"@"$all" catching-up
23:09:56.454 [debug] Nexus.Identity.Projectors.UserRegistrationProjector has successfully subscribed to event store
23:09:56.465 [debug] Nexus.Identity.Projectors.UserRegistrationProjector received events: [%Commanded.EventStore.RecordedEvent{event_id: "282ec866-f518-44ed-95f6-7a535d6c3e25", event_number: 11262, stream_id: "019d0c26-0b00-74a0-bd6d-48329cf61a57", stream_version: 1, causation_id: "d64809a4-8402-4360-8536-99b7a0f860ca", correlation_id: "e0f4b4bb-483c-4914-aaaa-956d1587d67e", event_type: "Elixir.Nexus.Identity.Events.UserRegistered", data: %Nexus.Identity.Events.UserRegistered{user_id: "019d0c26-0b00-74a0-bd6d-48329cf61a57", org_id: "019d0c26-0b00-74a0-8884-24b7b734f296", email: "test@example.com", role: "system_admin", cose_key: "Ym9vdHN0cmFwX2Nvc2Vfa2V5", credential_id: "Ym9vdHN0cmFwX2NyZWRlbnRpYWxfaWQ=", registered_at: "2026-03-20T16:48:33.024173Z", display_name: "Test User", status: "active"}, created_at: ~U[2026-03-20 16:48:33.025211Z], metadata: %{"causation_id" => "019d0c26-0b00-71d0-a1d2-041f55e92cfc", "correlation_id" => "019d0c26-0b00-71d0-a1d2-041f55e92cfc"}}]
23:09:56.466 [debug] QUERY OK db=0.2ms
begin []
23:09:56.466 [debug] QUERY OK source="projection_versions" db=0.2ms
INSERT INTO "projection_versions" AS p0 ("projection_name","last_seen_event_number","inserted_at","updated_at") VALUES ($1,$2,$3,$4) ON CONFLICT ("projection_name") DO UPDATE SET "last_seen_event_number" = $5 WHERE ((p0."projection_name" = $6) AND (p0."last_seen_event_number" < $7)) ["Identity.Projectors.UserRegistrationProjector", 11262, ~N[2026-03-20 23:09:56.466119], ~N[2026-03-20 23:09:56.466119], 11262, "Identity.Projectors.UserRegistrationProjector", 11262]
23:09:56.466 [debug] QUERY OK source="users" db=0.1ms
SELECT u0."id", u0."org_id", u0."email", u0."display_name", u0."status", u0."cose_key", u0."credential_id", u0."roles", u0."created_at", u0."updated_at" FROM "users" AS u0 WHERE (u0."id" = $1) ["019d0c26-0b00-74a0-bd6d-48329cf61a57"]
23:09:56.466 [debug] QUERY OK source="users" db=0.1ms
SELECT u0."id", u0."org_id", u0."email", u0."display_name", u0."status", u0."cose_key", u0."credential_id", u0."roles", u0."created_at", u0."updated_at" FROM "users" AS u0 WHERE (u0."email" = $1) ["test@example.com"]
23:09:56.467 [debug] QUERY OK source="users" db=0.1ms
INSERT INTO "users" ("id","status","org_id","email","display_name","roles","cose_key","credential_id","created_at","updated_at") VALUES ($1,$2,$3,$4,$5,$6,$7,$8,$9,$10) ["019d0c26-0b00-74a0-bd6d-48329cf61a57", "active", "019d0c26-0b00-74a0-8884-24b7b734f296", "test@example.com", "Test User", ["system_admin"], "bootstrap_cose_key", "bootstrap_credential_id", ~U[2026-03-20 23:09:56.466829Z], ~U[2026-03-20 23:09:56.466829Z]]
23:09:56.467 [debug] QUERY ERROR source="identity_user_settings" db=0.0ms
SELECT i0."id", i0."user_id", i0."org_id", i0."locale", i0."timezone", i0."notifications_enabled", i0."created_at", i0."updated_at" FROM "identity_user_settings" AS i0 WHERE (i0."id" = $1) ["019d0c26-0b00-74a0-bd6d-48329cf61a57"]
23:09:56.467 [debug] QUERY OK db=0.0ms
rollback []
23:09:56.468 [error] Nexus.Identity.Projectors.UserRegistrationProjector failed to handle event:
%Commanded.EventStore.RecordedEvent{
  event_id: "282ec866-f518-44ed-95f6-7a535d6c3e25",
  event_number: 11262,
  stream_id: "019d0c26-0b00-74a0-bd6d-48329cf61a57",
  stream_version: 1,
  causation_id: "d64809a4-8402-4360-8536-99b7a0f860ca",
  correlation_id: "e0f4b4bb-483c-4914-aaaa-956d1587d67e",
  event_type: "Elixir.Nexus.Identity.Events.UserRegistered",
  data: %Nexus.Identity.Events.UserRegistered{
    user_id: "019d0c26-0b00-74a0-bd6d-48329cf61a57",
    org_id: "019d0c26-0b00-74a0-8884-24b7b734f296",
    email: "test@example.com",
    role: "system_admin",
    cose_key: "Ym9vdHN0cmFwX2Nvc2Vfa2V5",
    credential_id: "Ym9vdHN0cmFwX2NyZWRlbnRpYWxfaWQ=",
    registered_at: "2026-03-20T16:48:33.024173Z",
    display_name: "Test User",
    status: "active"
  },
  created_at: ~U[2026-03-20 16:48:33.025211Z],
  metadata: %{
    "causation_id" => "019d0c26-0b00-71d0-a1d2-041f55e92cfc",
    "correlation_id" => "019d0c26-0b00-71d0-a1d2-041f55e92cfc"
  }
}, due to:
** (Postgrex.Error) ERROR 42703 (undefined_column) column i0.id does not exist

    query: SELECT i0."id", i0."user_id", i0."org_id", i0."locale", i0."timezone", i0."notifications_enabled", i0."created_at", i0."updated_at" FROM "identity_user_settings" AS i0 WHERE (i0."id" = $1)
    (ecto_sql 3.13.4) lib/ecto/adapters/sql.ex:1113: Ecto.Adapters.SQL.raise_sql_call_error/1
    (ecto_sql 3.13.4) lib/ecto/adapters/sql.ex:1011: Ecto.Adapters.SQL.execute/6
    (ecto 3.13.5) lib/ecto/repo/queryable.ex:241: Ecto.Repo.Queryable.execute/4
    (ecto 3.13.5) lib/ecto/repo/queryable.ex:19: Ecto.Repo.Queryable.all/3
    (ecto 3.13.5) lib/ecto/repo/queryable.ex:163: Ecto.Repo.Queryable.one/3
    (nexus 0.1.0) lib/nexus/identity/projectors/user_registration_projector.ex:53: anonymous fn/3 in Nexus.Identity.Projectors.UserRegistrationProjector.project_registration/3
    (ecto 3.13.5) lib/ecto/multi.ex:905: Ecto.Multi.apply_operation/5
    (elixir 1.19.5) lib/enum.ex:2520: Enum."-reduce/3-lists^foldl/2-0-"/3
    (ecto 3.13.5) lib/ecto/multi.ex:878: anonymous fn/5 in Ecto.Multi.apply_operations/5
    (ecto_sql 3.13.4) lib/ecto/adapters/sql.ex:1473: anonymous fn/3 in Ecto.Adapters.SQL.checkout_or_transaction/4
    (db_connection 2.9.0) lib/db_connection.ex:1747: DBConnection.run_transaction/4
    (ecto 3.13.5) lib/ecto/repo/transaction.ex:30: Ecto.Repo.Transaction.transact/4
    (nexus 0.1.0) deps/commanded_ecto_projections/lib/projections/ecto.ex:97: Nexus.Identity.Projectors.UserRegistrationProjector.update_projection/3
    (commanded 1.4.9) lib/commanded/event/handler.ex:1221: Commanded.Event.Handler.delegate_event_to_handler/2
    (commanded 1.4.9) lib/commanded/event/handler.ex:1062: Commanded.Event.Handler.handle_event/3
    (elixir 1.19.5) lib/enum.ex:2520: Enum."-reduce/3-lists^foldl/2-0-"/3
    (commanded 1.4.9) lib/commanded/event/handler.ex:969: Commanded.Event.Handler.handle_info/2
    (stdlib 7.1) gen_server.erl:2434: :gen_server.try_handle_info/3
    (stdlib 7.1) gen_server.erl:2420: :gen_server.handle_msg/3
    (stdlib 7.1) proc_lib.erl:333: :proc_lib.init_p_do_apply/3

23:09:56.468 [warning] Nexus.Identity.Projectors.UserRegistrationProjector has requested to stop: %Postgrex.Error{message: nil, postgres: %{code: :undefined_column, line: "3721", message: "column i0.id does not exist", position: "8", file: "parse_relation.c", unknown: "ERROR", severity: "ERROR", pg_code: "42703", routine: "errorMissingColumn"}, connection_id: 3142, query: "SELECT i0.\"id\", i0.\"user_id\", i0.\"org_id\", i0.\"locale\", i0.\"timezone\", i0.\"notifications_enabled\", i0.\"created_at\", i0.\"updated_at\" FROM \"identity_user_settings\" AS i0 WHERE (i0.\"id\" = $1)"}
23:09:56.468 [debug] Nexus.Identity.Projectors.UserRegistrationProjector is shutting down due to %Postgrex.Error{message: nil, postgres: %{code: :undefined_column, line: "3721", message: "column i0.id does not exist", position: "8", file: "parse_relation.c", unknown: "ERROR", severity: "ERROR", pg_code: "42703", routine: "errorMissingColumn"}, connection_id: 3142, query: "SELECT i0.\"id\", i0.\"user_id\", i0.\"org_id\", i0.\"locale\", i0.\"timezone\", i0.\"notifications_enabled\", i0.\"created_at\", i0.\"updated_at\" FROM \"identity_user_settings\" AS i0 WHERE (i0.\"id\" = $1)"}
23:09:56.468 [error] GenServer {Nexus.App.LocalRegistry, {Nexus.App, Commanded.Event.Handler, "Identity.Projectors.UserRegistrationProjector"}} terminating
** (stop) %Postgrex.Error{message: nil, postgres: %{code: :undefined_column, line: "3721", message: "column i0.id does not exist", position: "8", file: "parse_relation.c", unknown: "ERROR", severity: "ERROR", pg_code: "42703", routine: "errorMissingColumn"}, connection_id: 3142, query: "SELECT i0.\"id\", i0.\"user_id\", i0.\"org_id\", i0.\"locale\", i0.\"timezone\", i0.\"notifications_enabled\", i0.\"created_at\", i0.\"updated_at\" FROM \"identity_user_settings\" AS i0 WHERE (i0.\"id\" = $1)"}
Last message: {:events, [%Commanded.EventStore.RecordedEvent{event_id: "282ec866-f518-44ed-95f6-7a535d6c3e25", event_number: 11262, stream_id: "019d0c26-0b00-74a0-bd6d-48329cf61a57", stream_version: 1, causation_id: "d64809a4-8402-4360-8536-99b7a0f860ca", correlation_id: "e0f4b4bb-483c-4914-aaaa-956d1587d67e", event_type: "Elixir.Nexus.Identity.Events.UserRegistered", data: %Nexus.Identity.Events.UserRegistered{user_id: "019d0c26-0b00-74a0-bd6d-48329cf61a57", org_id: "019d0c26-0b00-74a0-8884-24b7b734f296", email: "test@example.com", role: "system_admin", cose_key: "Ym9vdHN0cmFwX2Nvc2Vfa2V5", credential_id: "Ym9vdHN0cmFwX2NyZWRlbnRpYWxfaWQ=", registered_at: "2026-03-20T16:48:33.024173Z", display_name: "Test User", status: "active"}, created_at: ~U[2026-03-20 16:48:33.025211Z], metadata: %{"causation_id" => "019d0c26-0b00-71d0-a1d2-041f55e92cfc", "correlation_id" => "019d0c26-0b00-71d0-a1d2-041f55e92cfc"}}]}
State: %Commanded.Event.Handler{application: Nexus.App, consistency: :strong, handler_callback: :event, handler_name: "Identity.Projectors.UserRegistrationProjector", handler_module: Nexus.Identity.Projectors.UserRegistrationProjector, handler_state: nil, last_seen_event: nil, subscription: %Commanded.EventStore.Subscription{application: Nexus.App, backoff: {:backoff, 1000, 60000, 1000, :jitter, :undefined, :undefined}, concurrency: 1, partition_by: nil, subscribe_to: :all, subscribe_from: :origin, subscription_name: "Identity.Projectors.UserRegistrationProjector", subscription_opts: [], subscription_pid: #PID<0.1698.0>, subscription_ref: #Reference<0.504251661.3394502659.48793>}, subscribe_timer: nil}
23:09:56.468 [debug] Subscription "Identity.Projectors.UserRegistrationProjector"@"$all" subscriber #PID<0.1697.0> down due to: %Postgrex.Error{message: nil, postgres: %{code: :undefined_column, line: "3721", message: "column i0.id does not exist", position: "8", file: "parse_relation.c", unknown: "ERROR", severity: "ERROR", pg_code: "42703", routine: "errorMissingColumn"}, connection_id: 3142, query: "SELECT i0.\"id\", i0.\"user_id\", i0.\"org_id\", i0.\"locale\", i0.\"timezone\", i0.\"notifications_enabled\", i0.\"created_at\", i0.\"updated_at\" FROM \"identity_user_settings\" AS i0 WHERE (i0.\"id\" = $1)"}
23:09:56.468 [debug] Subscription "Identity.Projectors.UserRegistrationProjector"@"$all" has no subscribers, shutting down
23:09:56.468 [error] GenServer {Nexus.EventStore.EventStore.Subscriptions.Registry, {"$all", "Identity.Projectors.UserRegistrationProjector"}} terminating
** (stop) %Postgrex.Error{message: nil, postgres: %{code: :undefined_column, line: "3721", message: "column i0.id does not exist", position: "8", file: "parse_relation.c", unknown: "ERROR", severity: "ERROR", pg_code: "42703", routine: "errorMissingColumn"}, connection_id: 3142, query: "SELECT i0.\"id\", i0.\"user_id\", i0.\"org_id\", i0.\"locale\", i0.\"timezone\", i0.\"notifications_enabled\", i0.\"created_at\", i0.\"updated_at\" FROM \"identity_user_settings\" AS i0 WHERE (i0.\"id\" = $1)"}
Last message: {:DOWN, #Reference<0.504251661.3394502660.14712>, :process, #PID<0.1697.0>, %Postgrex.Error{message: nil, postgres: %{code: :undefined_column, line: "3721", message: "column i0.id does not exist", position: "8", file: "parse_relation.c", unknown: "ERROR", severity: "ERROR", pg_code: "42703", routine: "errorMissingColumn"}, connection_id: 3142, query: "SELECT i0.\"id\", i0.\"user_id\", i0.\"org_id\", i0.\"locale\", i0.\"timezone\", i0.\"notifications_enabled\", i0.\"created_at\", i0.\"updated_at\" FROM \"identity_user_settings\" AS i0 WHERE (i0.\"id\" = $1)"}}
State: %EventStore.Subscriptions.Subscription{stream_uuid: "$all", subscription_name: "Identity.Projectors.UserRegistrationProjector", subscription: %EventStore.Subscriptions.SubscriptionFsm{state: :unsubscribed, data: %EventStore.Subscriptions.SubscriptionState{conn: Nexus.EventStore.Postgrex, event_store: Nexus.EventStore, serializer: Commanded.Serialization.JsonSerializer, schema: "event_store", stream_uuid: "$all", start_from: 0, subscription_name: "Identity.Projectors.UserRegistrationProjector", subscription_id: 405, selector: nil, mapper: &Commanded.EventStore.Adapters.EventStore.Mapper.from_recorded_event/1, max_size: 1000, partition_by: nil, query_timeout: 15000, lock_ref: #Reference<0.504251661.3394502659.48790>, last_received: 12194, last_sent: 11262, last_ack: 11261, queue_size: 933, buffer_size: 1, checkpoint_after: 0, checkpoint_threshold: 1, checkpoint_timer_ref: nil, checkpoints_pending: 0, subscribers: %{}, partitions: %{nil: {[%EventStore.RecordedEvent{event_number: 12194, event_id: "3f8f3cbc-ea72-45a7-ab6d-12a43da50245", stream_uuid: "e55da693-c009-4afd-a56e-9b4ab3975acc", stream_version: 2, correlation_id: "e5500f71-9103-4737-8991-5eb165815e23", causation_id: "633094f8-6986-459b-9416-072dd0187fd9", event_type: "Elixir.Nexus.Identity.Events.SessionStarted", data: %Nexus.Identity.Events.SessionStarted{org_id: "84a4120a-ffd5-4f1d-8c8d-39a304840d78", user_id: "e55da693-c009-4afd-a56e-9b4ab3975acc", session_id: "418d0e43-cc2d-4727-80e0-b2438bf62242", session_token: "token123", user_agent: "Mozilla/5.0", ip_address: "127.0.0.1", started_at: "2026-03-20T23:09:56.072666Z"}, metadata: %{"causation_id" => "019d0d83-35e8-753f-984d-38ea338eda81", "correlation_id" => "019d0d83-35e8-753f-984d-38ea338eda81"}, created_at: ~U[2026-03-20 23:09:56.073170Z]}, %EventStore.RecordedEvent{event_number: 12193, event_id: "e88a74fa-5b0c-4b91-8cb5-06995a22261e", stream_uuid: "e55da693-c009-4afd-a56e-9b4ab3975acc", stream_version: 1, correlation_id: "9e656c1d-d0e4-4f46-bf33-1d95e39eba77", causation_id: "26eb51ca-d88e-4ba3-ac69-47b72ac05e07", event_type: "Elixir.Nexus.Identity.Events.UserRegistered", data: %Nexus.Identity.Events.UserRegistered{user_id: "e55da693-c009-4afd-a56e-9b4ab3975acc", org_id: "84a4120a-ffd5-4f1d-8c8d-39a304840d78", email: "test@example.com", role: "admin", cose_key: "dummy", credential_id: "dummy", registered_at: "2026-03-20T23:09:55.865334Z", display_name: "Test User", status: "active"}, metadata: %{"causation_id" => "019d0d83-3519-7150-9f84-629ff4c7083d", "correlation_id" => "019d0d83-3519-7150-9f84-629ff4c7083d"}, created_at: ~U[2026-03-20 23:09:55.869271Z]}, %EventStore.RecordedEvent{event_number: 12192, event_id: "9369472d-8342-4f67-bb09-dce99e1564a7", stream_uuid: "1cdc5b98-437f-46cd-b961-7f94b0c70951", stream_version: 1, correlation_id: "e360bbe5-91fe-4778-86d9-a6f47112ba01", causation_id: "52f95646-b2ab-41d6-bf6d-ab344ab03a52", event_type: "Elixir.Nexus.Intelligence.Events.SentimentScored", data: %Nexus.Intelligence.Events.SentimentScored{analysis_id: "1cdc5b98-437f-46cd-b961-7f94b0c70951", org_id: "9ee17310-2c39-46b6-95f5-570903b30cc6", source_id: "28559047-9a6a-4272-91c2-29d39b9fb8a9", sentiment: "neutral", confidence: 1.0, scored_at: "2026-03-20T23:09:55.852322Z"}, metadata: %{"causation_id" => "019d0d83-350c-7b9d-831a-294ad7368326", "correlation_id" => "019d0d83-350c-7b9d-831a-294ad7368326"}, created_at: ~U[2026-03-20 23:09:55.853288Z]}, %EventStore.RecordedEvent{event_number: 12191, event_id: "9b31ad65-078c-4754-b859-a6b48cf288b1", stream_uuid: "5de77d75-9239-459f-a7bf-fd6cc1d81616", stream_version: 1, correlation_id: "d3280ce6-50f3-4930-bbe9-4c6d6ebe4c3e", causation_id: "62545285-b05e-4958-b2d8-792040341ce7", ...}, ...], ...}}, ...}}, ...}
23:09:56.469 [debug] Nexus.Identity.Projectors.UserRegistrationProjector is shutting down due to {%Postgrex.Error{message: nil, postgres: %{code: :undefined_column, line: "3721", message: "column i0.id does not exist", position: "8", file: "parse_relation.c", unknown: "ERROR", severity: "ERROR", pg_code: "42703", routine: "errorMissingColumn"}, connection_id: 3142, query: "SELECT i0.\"id\", i0.\"user_id\", i0.\"org_id\", i0.\"locale\", i0.\"timezone\", i0.\"notifications_enabled\", i0.\"created_at\", i0.\"updated_at\" FROM \"identity_user_settings\" AS i0 WHERE (i0.\"id\" = $1)"}, {GenServer, :call, [#PID<0.1698.0>, {:connect, #PID<0.1699.0>, [retry_interval: 60000, hibernate_after: 15000, partition_by: nil, concurrency_limit: 1, name: Nexus.EventStore, mapper: &Commanded.EventStore.Adapters.EventStore.Mapper.from_recorded_event/1, conn: Nexus.EventStore.Postgrex, event_store: Nexus.EventStore, query_timeout: 15000, schema: "event_store", serializer: Commanded.Serialization.JsonSerializer, stream_uuid: "$all", subscription_name: "Identity.Projectors.UserRegistrationProjector", start_from: 0]}, 5000]}}
23:09:56.469 [error] GenServer {Nexus.App.LocalRegistry, {Nexus.App, Commanded.Event.Handler, "Identity.Projectors.UserRegistrationProjector"}} terminating
** (stop) exited in: GenServer.call(#PID<0.1698.0>, {:connect, #PID<0.1699.0>, [retry_interval: 60000, hibernate_after: 15000, partition_by: nil, concurrency_limit: 1, name: Nexus.EventStore, mapper: &Commanded.EventStore.Adapters.EventStore.Mapper.from_recorded_event/1, conn: Nexus.EventStore.Postgrex, event_store: Nexus.EventStore, query_timeout: 15000, schema: "event_store", serializer: Commanded.Serialization.JsonSerializer, stream_uuid: "$all", subscription_name: "Identity.Projectors.UserRegistrationProjector", start_from: 0]}, 5000)
    ** (EXIT) %Postgrex.Error{message: nil, postgres: %{code: :undefined_column, line: "3721", message: "column i0.id does not exist", position: "8", file: "parse_relation.c", unknown: "ERROR", severity: "ERROR", pg_code: "42703", routine: "errorMissingColumn"}, connection_id: 3142, query: "SELECT i0.\"id\", i0.\"user_id\", i0.\"org_id\", i0.\"locale\", i0.\"timezone\", i0.\"notifications_enabled\", i0.\"created_at\", i0.\"updated_at\" FROM \"identity_user_settings\" AS i0 WHERE (i0.\"id\" = $1)"}
    (elixir 1.19.5) lib/gen_server.ex:1142: GenServer.call/3
    (commanded 1.4.9) lib/commanded/event_store.ex:289: anonymous fn/2 in Commanded.EventStore.span/3
    (telemetry 1.3.0) /Users/bernard/dev/nexus/deps/telemetry/src/telemetry.erl:324: :telemetry.span/3
    (commanded 1.4.9) lib/commanded/event_store/subscription.ex:58: Commanded.EventStore.Subscription.subscribe/2
    (commanded 1.4.9) lib/commanded/event/handler.ex:1024: Commanded.Event.Handler.subscribe_to_events/1
    (commanded 1.4.9) lib/commanded/event/handler.ex:887: Commanded.Event.Handler.handle_continue/2
    (stdlib 7.1) gen_server.erl:2424: :gen_server.try_handle_continue/3
    (stdlib 7.1) gen_server.erl:2291: :gen_server.loop/4
    (stdlib 7.1) proc_lib.erl:333: :proc_lib.init_p_do_apply/3
Last message: {:continue, :subscribe_to_events}
State: %Commanded.Event.Handler{application: Nexus.App, consistency: :strong, handler_callback: :event, handler_name: "Identity.Projectors.UserRegistrationProjector", handler_module: Nexus.Identity.Projectors.UserRegistrationProjector, handler_state: nil, last_seen_event: nil, subscription: %Commanded.EventStore.Subscription{application: Nexus.App, backoff: {:backoff, 1000, 60000, 1000, :jitter, :undefined, :undefined}, concurrency: 1, partition_by: nil, subscribe_to: :all, subscribe_from: :origin, subscription_name: "Identity.Projectors.UserRegistrationProjector", subscription_opts: [], subscription_pid: nil, subscription_ref: nil}, subscribe_timer: nil}
23:09:56.470 [debug] Subscription "Identity.Projectors.UserRegistrationProjector"@"$all" attempting to connect subscriber #PID<0.1700.0>
23:09:56.471 [debug] Subscription "Identity.Projectors.UserRegistrationProjector"@"$all" catching-up
23:09:56.471 [debug] Nexus.Identity.Projectors.UserRegistrationProjector has successfully subscribed to event store
23:09:56.482 [debug] Nexus.Identity.Projectors.UserRegistrationProjector received events: [%Commanded.EventStore.RecordedEvent{event_id: "282ec866-f518-44ed-95f6-7a535d6c3e25", event_number: 11262, stream_id: "019d0c26-0b00-74a0-bd6d-48329cf61a57", stream_version: 1, causation_id: "d64809a4-8402-4360-8536-99b7a0f860ca", correlation_id: "e0f4b4bb-483c-4914-aaaa-956d1587d67e", event_type: "Elixir.Nexus.Identity.Events.UserRegistered", data: %Nexus.Identity.Events.UserRegistered{user_id: "019d0c26-0b00-74a0-bd6d-48329cf61a57", org_id: "019d0c26-0b00-74a0-8884-24b7b734f296", email: "test@example.com", role: "system_admin", cose_key: "Ym9vdHN0cmFwX2Nvc2Vfa2V5", credential_id: "Ym9vdHN0cmFwX2NyZWRlbnRpYWxfaWQ=", registered_at: "2026-03-20T16:48:33.024173Z", display_name: "Test User", status: "active"}, created_at: ~U[2026-03-20 16:48:33.025211Z], metadata: %{"causation_id" => "019d0c26-0b00-71d0-a1d2-041f55e92cfc", "correlation_id" => "019d0c26-0b00-71d0-a1d2-041f55e92cfc"}}]
23:09:56.483 [debug] QUERY OK db=0.5ms
begin []
23:09:56.483 [debug] QUERY OK source="projection_versions" db=0.2ms
INSERT INTO "projection_versions" AS p0 ("projection_name","last_seen_event_number","inserted_at","updated_at") VALUES ($1,$2,$3,$4) ON CONFLICT ("projection_name") DO UPDATE SET "last_seen_event_number" = $5 WHERE ((p0."projection_name" = $6) AND (p0."last_seen_event_number" < $7)) ["Identity.Projectors.UserRegistrationProjector", 11262, ~N[2026-03-20 23:09:56.483419], ~N[2026-03-20 23:09:56.483419], 11262, "Identity.Projectors.UserRegistrationProjector", 11262]
23:09:56.483 [debug] QUERY OK source="users" db=0.2ms
SELECT u0."id", u0."org_id", u0."email", u0."display_name", u0."status", u0."cose_key", u0."credential_id", u0."roles", u0."created_at", u0."updated_at" FROM "users" AS u0 WHERE (u0."id" = $1) ["019d0c26-0b00-74a0-bd6d-48329cf61a57"]
23:09:56.484 [debug] QUERY OK source="users" db=0.0ms
SELECT u0."id", u0."org_id", u0."email", u0."display_name", u0."status", u0."cose_key", u0."credential_id", u0."roles", u0."created_at", u0."updated_at" FROM "users" AS u0 WHERE (u0."email" = $1) ["test@example.com"]
23:09:56.484 [debug] QUERY OK source="users" db=0.1ms
INSERT INTO "users" ("id","status","org_id","email","display_name","roles","cose_key","credential_id","created_at","updated_at") VALUES ($1,$2,$3,$4,$5,$6,$7,$8,$9,$10) ["019d0c26-0b00-74a0-bd6d-48329cf61a57", "active", "019d0c26-0b00-74a0-8884-24b7b734f296", "test@example.com", "Test User", ["system_admin"], "bootstrap_cose_key", "bootstrap_credential_id", ~U[2026-03-20 23:09:56.484163Z], ~U[2026-03-20 23:09:56.484163Z]]
23:09:56.484 [debug] QUERY ERROR source="identity_user_settings" db=0.0ms
SELECT i0."id", i0."user_id", i0."org_id", i0."locale", i0."timezone", i0."notifications_enabled", i0."created_at", i0."updated_at" FROM "identity_user_settings" AS i0 WHERE (i0."id" = $1) ["019d0c26-0b00-74a0-bd6d-48329cf61a57"]
23:09:56.484 [debug] QUERY OK db=0.0ms
rollback []
23:09:56.485 [error] Nexus.Identity.Projectors.UserRegistrationProjector failed to handle event:
%Commanded.EventStore.RecordedEvent{
  event_id: "282ec866-f518-44ed-95f6-7a535d6c3e25",
  event_number: 11262,
  stream_id: "019d0c26-0b00-74a0-bd6d-48329cf61a57",
  stream_version: 1,
  causation_id: "d64809a4-8402-4360-8536-99b7a0f860ca",
  correlation_id: "e0f4b4bb-483c-4914-aaaa-956d1587d67e",
  event_type: "Elixir.Nexus.Identity.Events.UserRegistered",
  data: %Nexus.Identity.Events.UserRegistered{
    user_id: "019d0c26-0b00-74a0-bd6d-48329cf61a57",
    org_id: "019d0c26-0b00-74a0-8884-24b7b734f296",
    email: "test@example.com",
    role: "system_admin",
    cose_key: "Ym9vdHN0cmFwX2Nvc2Vfa2V5",
    credential_id: "Ym9vdHN0cmFwX2NyZWRlbnRpYWxfaWQ=",
    registered_at: "2026-03-20T16:48:33.024173Z",
    display_name: "Test User",
    status: "active"
  },
  created_at: ~U[2026-03-20 16:48:33.025211Z],
  metadata: %{
    "causation_id" => "019d0c26-0b00-71d0-a1d2-041f55e92cfc",
    "correlation_id" => "019d0c26-0b00-71d0-a1d2-041f55e92cfc"
  }
}, due to:
** (Postgrex.Error) ERROR 42703 (undefined_column) column i0.id does not exist

    query: SELECT i0."id", i0."user_id", i0."org_id", i0."locale", i0."timezone", i0."notifications_enabled", i0."created_at", i0."updated_at" FROM "identity_user_settings" AS i0 WHERE (i0."id" = $1)
    (ecto_sql 3.13.4) lib/ecto/adapters/sql.ex:1113: Ecto.Adapters.SQL.raise_sql_call_error/1
    (ecto_sql 3.13.4) lib/ecto/adapters/sql.ex:1011: Ecto.Adapters.SQL.execute/6
    (ecto 3.13.5) lib/ecto/repo/queryable.ex:241: Ecto.Repo.Queryable.execute/4
    (ecto 3.13.5) lib/ecto/repo/queryable.ex:19: Ecto.Repo.Queryable.all/3
    (ecto 3.13.5) lib/ecto/repo/queryable.ex:163: Ecto.Repo.Queryable.one/3
    (nexus 0.1.0) lib/nexus/identity/projectors/user_registration_projector.ex:53: anonymous fn/3 in Nexus.Identity.Projectors.UserRegistrationProjector.project_registration/3
    (ecto 3.13.5) lib/ecto/multi.ex:905: Ecto.Multi.apply_operation/5
    (elixir 1.19.5) lib/enum.ex:2520: Enum."-reduce/3-lists^foldl/2-0-"/3
    (ecto 3.13.5) lib/ecto/multi.ex:878: anonymous fn/5 in Ecto.Multi.apply_operations/5
    (ecto_sql 3.13.4) lib/ecto/adapters/sql.ex:1473: anonymous fn/3 in Ecto.Adapters.SQL.checkout_or_transaction/4
    (db_connection 2.9.0) lib/db_connection.ex:1747: DBConnection.run_transaction/4
    (ecto 3.13.5) lib/ecto/repo/transaction.ex:30: Ecto.Repo.Transaction.transact/4
    (nexus 0.1.0) deps/commanded_ecto_projections/lib/projections/ecto.ex:97: Nexus.Identity.Projectors.UserRegistrationProjector.update_projection/3
    (commanded 1.4.9) lib/commanded/event/handler.ex:1221: Commanded.Event.Handler.delegate_event_to_handler/2
    (commanded 1.4.9) lib/commanded/event/handler.ex:1062: Commanded.Event.Handler.handle_event/3
    (elixir 1.19.5) lib/enum.ex:2520: Enum."-reduce/3-lists^foldl/2-0-"/3
    (commanded 1.4.9) lib/commanded/event/handler.ex:969: Commanded.Event.Handler.handle_info/2
    (stdlib 7.1) gen_server.erl:2434: :gen_server.try_handle_info/3
    (stdlib 7.1) gen_server.erl:2420: :gen_server.handle_msg/3
    (stdlib 7.1) proc_lib.erl:333: :proc_lib.init_p_do_apply/3

23:09:56.485 [warning] Nexus.Identity.Projectors.UserRegistrationProjector has requested to stop: %Postgrex.Error{message: nil, postgres: %{code: :undefined_column, line: "3721", message: "column i0.id does not exist", position: "8", file: "parse_relation.c", unknown: "ERROR", severity: "ERROR", pg_code: "42703", routine: "errorMissingColumn"}, connection_id: 3142, query: "SELECT i0.\"id\", i0.\"user_id\", i0.\"org_id\", i0.\"locale\", i0.\"timezone\", i0.\"notifications_enabled\", i0.\"created_at\", i0.\"updated_at\" FROM \"identity_user_settings\" AS i0 WHERE (i0.\"id\" = $1)"}
23:09:56.485 [debug] Nexus.Identity.Projectors.UserRegistrationProjector is shutting down due to %Postgrex.Error{message: nil, postgres: %{code: :undefined_column, line: "3721", message: "column i0.id does not exist", position: "8", file: "parse_relation.c", unknown: "ERROR", severity: "ERROR", pg_code: "42703", routine: "errorMissingColumn"}, connection_id: 3142, query: "SELECT i0.\"id\", i0.\"user_id\", i0.\"org_id\", i0.\"locale\", i0.\"timezone\", i0.\"notifications_enabled\", i0.\"created_at\", i0.\"updated_at\" FROM \"identity_user_settings\" AS i0 WHERE (i0.\"id\" = $1)"}
23:09:56.485 [error] GenServer {Nexus.App.LocalRegistry, {Nexus.App, Commanded.Event.Handler, "Identity.Projectors.UserRegistrationProjector"}} terminating
** (stop) %Postgrex.Error{message: nil, postgres: %{code: :undefined_column, line: "3721", message: "column i0.id does not exist", position: "8", file: "parse_relation.c", unknown: "ERROR", severity: "ERROR", pg_code: "42703", routine: "errorMissingColumn"}, connection_id: 3142, query: "SELECT i0.\"id\", i0.\"user_id\", i0.\"org_id\", i0.\"locale\", i0.\"timezone\", i0.\"notifications_enabled\", i0.\"created_at\", i0.\"updated_at\" FROM \"identity_user_settings\" AS i0 WHERE (i0.\"id\" = $1)"}
Last message: {:events, [%Commanded.EventStore.RecordedEvent{event_id: "282ec866-f518-44ed-95f6-7a535d6c3e25", event_number: 11262, stream_id: "019d0c26-0b00-74a0-bd6d-48329cf61a57", stream_version: 1, causation_id: "d64809a4-8402-4360-8536-99b7a0f860ca", correlation_id: "e0f4b4bb-483c-4914-aaaa-956d1587d67e", event_type: "Elixir.Nexus.Identity.Events.UserRegistered", data: %Nexus.Identity.Events.UserRegistered{user_id: "019d0c26-0b00-74a0-bd6d-48329cf61a57", org_id: "019d0c26-0b00-74a0-8884-24b7b734f296", email: "test@example.com", role: "system_admin", cose_key: "Ym9vdHN0cmFwX2Nvc2Vfa2V5", credential_id: "Ym9vdHN0cmFwX2NyZWRlbnRpYWxfaWQ=", registered_at: "2026-03-20T16:48:33.024173Z", display_name: "Test User", status: "active"}, created_at: ~U[2026-03-20 16:48:33.025211Z], metadata: %{"causation_id" => "019d0c26-0b00-71d0-a1d2-041f55e92cfc", "correlation_id" => "019d0c26-0b00-71d0-a1d2-041f55e92cfc"}}]}
State: %Commanded.Event.Handler{application: Nexus.App, consistency: :strong, handler_callback: :event, handler_name: "Identity.Projectors.UserRegistrationProjector", handler_module: Nexus.Identity.Projectors.UserRegistrationProjector, handler_state: nil, last_seen_event: nil, subscription: %Commanded.EventStore.Subscription{application: Nexus.App, backoff: {:backoff, 1000, 60000, 1000, :jitter, :undefined, :undefined}, concurrency: 1, partition_by: nil, subscribe_to: :all, subscribe_from: :origin, subscription_name: "Identity.Projectors.UserRegistrationProjector", subscription_opts: [], subscription_pid: #PID<0.1701.0>, subscription_ref: #Reference<0.504251661.3394502659.49006>}, subscribe_timer: nil}
23:09:56.486 [debug] Subscription "Identity.Projectors.UserRegistrationProjector"@"$all" subscriber #PID<0.1700.0> down due to: %Postgrex.Error{message: nil, postgres: %{code: :undefined_column, line: "3721", message: "column i0.id does not exist", position: "8", file: "parse_relation.c", unknown: "ERROR", severity: "ERROR", pg_code: "42703", routine: "errorMissingColumn"}, connection_id: 3142, query: "SELECT i0.\"id\", i0.\"user_id\", i0.\"org_id\", i0.\"locale\", i0.\"timezone\", i0.\"notifications_enabled\", i0.\"created_at\", i0.\"updated_at\" FROM \"identity_user_settings\" AS i0 WHERE (i0.\"id\" = $1)"}
23:09:56.486 [debug] Subscription "Identity.Projectors.UserRegistrationProjector"@"$all" has no subscribers, shutting down
23:09:56.486 [error] GenServer {Nexus.EventStore.EventStore.Subscriptions.Registry, {"$all", "Identity.Projectors.UserRegistrationProjector"}} terminating
** (stop) %Postgrex.Error{message: nil, postgres: %{code: :undefined_column, line: "3721", message: "column i0.id does not exist", position: "8", file: "parse_relation.c", unknown: "ERROR", severity: "ERROR", pg_code: "42703", routine: "errorMissingColumn"}, connection_id: 3142, query: "SELECT i0.\"id\", i0.\"user_id\", i0.\"org_id\", i0.\"locale\", i0.\"timezone\", i0.\"notifications_enabled\", i0.\"created_at\", i0.\"updated_at\" FROM \"identity_user_settings\" AS i0 WHERE (i0.\"id\" = $1)"}
Last message: {:DOWN, #Reference<0.504251661.3394502660.14719>, :process, #PID<0.1700.0>, %Postgrex.Error{message: nil, postgres: %{code: :undefined_column, line: "3721", message: "column i0.id does not exist", position: "8", file: "parse_relation.c", unknown: "ERROR", severity: "ERROR", pg_code: "42703", routine: "errorMissingColumn"}, connection_id: 3142, query: "SELECT i0.\"id\", i0.\"user_id\", i0.\"org_id\", i0.\"locale\", i0.\"timezone\", i0.\"notifications_enabled\", i0.\"created_at\", i0.\"updated_at\" FROM \"identity_user_settings\" AS i0 WHERE (i0.\"id\" = $1)"}}
State: %EventStore.Subscriptions.Subscription{stream_uuid: "$all", subscription_name: "Identity.Projectors.UserRegistrationProjector", subscription: %EventStore.Subscriptions.SubscriptionFsm{state: :unsubscribed, data: %EventStore.Subscriptions.SubscriptionState{conn: Nexus.EventStore.Postgrex, event_store: Nexus.EventStore, serializer: Commanded.Serialization.JsonSerializer, schema: "event_store", stream_uuid: "$all", start_from: 0, subscription_name: "Identity.Projectors.UserRegistrationProjector", subscription_id: 405, selector: nil, mapper: &Commanded.EventStore.Adapters.EventStore.Mapper.from_recorded_event/1, max_size: 1000, partition_by: nil, query_timeout: 15000, lock_ref: #Reference<0.504251661.3394502659.49003>, last_received: 12194, last_sent: 11262, last_ack: 11261, queue_size: 933, buffer_size: 1, checkpoint_after: 0, checkpoint_threshold: 1, checkpoint_timer_ref: nil, checkpoints_pending: 0, subscribers: %{}, partitions: %{nil: {[%EventStore.RecordedEvent{event_number: 12194, event_id: "3f8f3cbc-ea72-45a7-ab6d-12a43da50245", stream_uuid: "e55da693-c009-4afd-a56e-9b4ab3975acc", stream_version: 2, correlation_id: "e5500f71-9103-4737-8991-5eb165815e23", causation_id: "633094f8-6986-459b-9416-072dd0187fd9", event_type: "Elixir.Nexus.Identity.Events.SessionStarted", data: %Nexus.Identity.Events.SessionStarted{org_id: "84a4120a-ffd5-4f1d-8c8d-39a304840d78", user_id: "e55da693-c009-4afd-a56e-9b4ab3975acc", session_id: "418d0e43-cc2d-4727-80e0-b2438bf62242", session_token: "token123", user_agent: "Mozilla/5.0", ip_address: "127.0.0.1", started_at: "2026-03-20T23:09:56.072666Z"}, metadata: %{"causation_id" => "019d0d83-35e8-753f-984d-38ea338eda81", "correlation_id" => "019d0d83-35e8-753f-984d-38ea338eda81"}, created_at: ~U[2026-03-20 23:09:56.073170Z]}, %EventStore.RecordedEvent{event_number: 12193, event_id: "e88a74fa-5b0c-4b91-8cb5-06995a22261e", stream_uuid: "e55da693-c009-4afd-a56e-9b4ab3975acc", stream_version: 1, correlation_id: "9e656c1d-d0e4-4f46-bf33-1d95e39eba77", causation_id: "26eb51ca-d88e-4ba3-ac69-47b72ac05e07", event_type: "Elixir.Nexus.Identity.Events.UserRegistered", data: %Nexus.Identity.Events.UserRegistered{user_id: "e55da693-c009-4afd-a56e-9b4ab3975acc", org_id: "84a4120a-ffd5-4f1d-8c8d-39a304840d78", email: "test@example.com", role: "admin", cose_key: "dummy", credential_id: "dummy", registered_at: "2026-03-20T23:09:55.865334Z", display_name: "Test User", status: "active"}, metadata: %{"causation_id" => "019d0d83-3519-7150-9f84-629ff4c7083d", "correlation_id" => "019d0d83-3519-7150-9f84-629ff4c7083d"}, created_at: ~U[2026-03-20 23:09:55.869271Z]}, %EventStore.RecordedEvent{event_number: 12192, event_id: "9369472d-8342-4f67-bb09-dce99e1564a7", stream_uuid: "1cdc5b98-437f-46cd-b961-7f94b0c70951", stream_version: 1, correlation_id: "e360bbe5-91fe-4778-86d9-a6f47112ba01", causation_id: "52f95646-b2ab-41d6-bf6d-ab344ab03a52", event_type: "Elixir.Nexus.Intelligence.Events.SentimentScored", data: %Nexus.Intelligence.Events.SentimentScored{analysis_id: "1cdc5b98-437f-46cd-b961-7f94b0c70951", org_id: "9ee17310-2c39-46b6-95f5-570903b30cc6", source_id: "28559047-9a6a-4272-91c2-29d39b9fb8a9", sentiment: "neutral", confidence: 1.0, scored_at: "2026-03-20T23:09:55.852322Z"}, metadata: %{"causation_id" => "019d0d83-350c-7b9d-831a-294ad7368326", "correlation_id" => "019d0d83-350c-7b9d-831a-294ad7368326"}, created_at: ~U[2026-03-20 23:09:55.853288Z]}, %EventStore.RecordedEvent{event_number: 12191, event_id: "9b31ad65-078c-4754-b859-a6b48cf288b1", stream_uuid: "5de77d75-9239-459f-a7bf-fd6cc1d81616", stream_version: 1, correlation_id: "d3280ce6-50f3-4930-bbe9-4c6d6ebe4c3e", causation_id: "62545285-b05e-4958-b2d8-792040341ce7", ...}, ...], ...}}, ...}}, ...}
23:09:56.486 [debug] Nexus.Identity.Projectors.UserRegistrationProjector is shutting down due to {%Postgrex.Error{message: nil, postgres: %{code: :undefined_column, line: "3721", message: "column i0.id does not exist", position: "8", file: "parse_relation.c", unknown: "ERROR", severity: "ERROR", pg_code: "42703", routine: "errorMissingColumn"}, connection_id: 3142, query: "SELECT i0.\"id\", i0.\"user_id\", i0.\"org_id\", i0.\"locale\", i0.\"timezone\", i0.\"notifications_enabled\", i0.\"created_at\", i0.\"updated_at\" FROM \"identity_user_settings\" AS i0 WHERE (i0.\"id\" = $1)"}, {GenServer, :call, [#PID<0.1701.0>, {:connect, #PID<0.1702.0>, [retry_interval: 60000, hibernate_after: 15000, partition_by: nil, concurrency_limit: 1, name: Nexus.EventStore, mapper: &Commanded.EventStore.Adapters.EventStore.Mapper.from_recorded_event/1, conn: Nexus.EventStore.Postgrex, event_store: Nexus.EventStore, query_timeout: 15000, schema: "event_store", serializer: Commanded.Serialization.JsonSerializer, stream_uuid: "$all", subscription_name: "Identity.Projectors.UserRegistrationProjector", start_from: 0]}, 5000]}}
23:09:56.486 [error] GenServer {Nexus.App.LocalRegistry, {Nexus.App, Commanded.Event.Handler, "Identity.Projectors.UserRegistrationProjector"}} terminating
** (stop) exited in: GenServer.call(#PID<0.1701.0>, {:connect, #PID<0.1702.0>, [retry_interval: 60000, hibernate_after: 15000, partition_by: nil, concurrency_limit: 1, name: Nexus.EventStore, mapper: &Commanded.EventStore.Adapters.EventStore.Mapper.from_recorded_event/1, conn: Nexus.EventStore.Postgrex, event_store: Nexus.EventStore, query_timeout: 15000, schema: "event_store", serializer: Commanded.Serialization.JsonSerializer, stream_uuid: "$all", subscription_name: "Identity.Projectors.UserRegistrationProjector", start_from: 0]}, 5000)
    ** (EXIT) %Postgrex.Error{message: nil, postgres: %{code: :undefined_column, line: "3721", message: "column i0.id does not exist", position: "8", file: "parse_relation.c", unknown: "ERROR", severity: "ERROR", pg_code: "42703", routine: "errorMissingColumn"}, connection_id: 3142, query: "SELECT i0.\"id\", i0.\"user_id\", i0.\"org_id\", i0.\"locale\", i0.\"timezone\", i0.\"notifications_enabled\", i0.\"created_at\", i0.\"updated_at\" FROM \"identity_user_settings\" AS i0 WHERE (i0.\"id\" = $1)"}
    (elixir 1.19.5) lib/gen_server.ex:1142: GenServer.call/3
    (commanded 1.4.9) lib/commanded/event_store.ex:289: anonymous fn/2 in Commanded.EventStore.span/3
    (telemetry 1.3.0) /Users/bernard/dev/nexus/deps/telemetry/src/telemetry.erl:324: :telemetry.span/3
    (commanded 1.4.9) lib/commanded/event_store/subscription.ex:58: Commanded.EventStore.Subscription.subscribe/2
    (commanded 1.4.9) lib/commanded/event/handler.ex:1024: Commanded.Event.Handler.subscribe_to_events/1
    (commanded 1.4.9) lib/commanded/event/handler.ex:887: Commanded.Event.Handler.handle_continue/2
    (stdlib 7.1) gen_server.erl:2424: :gen_server.try_handle_continue/3
    (stdlib 7.1) gen_server.erl:2291: :gen_server.loop/4
    (stdlib 7.1) proc_lib.erl:333: :proc_lib.init_p_do_apply/3
Last message: {:continue, :subscribe_to_events}
State: %Commanded.Event.Handler{application: Nexus.App, consistency: :strong, handler_callback: :event, handler_name: "Identity.Projectors.UserRegistrationProjector", handler_module: Nexus.Identity.Projectors.UserRegistrationProjector, handler_state: nil, last_seen_event: nil, subscription: %Commanded.EventStore.Subscription{application: Nexus.App, backoff: {:backoff, 1000, 60000, 1000, :jitter, :undefined, :undefined}, concurrency: 1, partition_by: nil, subscribe_to: :all, subscribe_from: :origin, subscription_name: "Identity.Projectors.UserRegistrationProjector", subscription_opts: [], subscription_pid: nil, subscription_ref: nil}, subscribe_timer: nil}
23:09:56.487 [debug] Subscription "Identity.Projectors.UserRegistrationProjector"@"$all" attempting to connect subscriber #PID<0.1703.0>
23:09:56.489 [debug] Subscription "Identity.Projectors.UserRegistrationProjector"@"$all" catching-up
23:09:56.489 [debug] Nexus.Identity.Projectors.UserRegistrationProjector has successfully subscribed to event store
23:09:56.508 [debug] Nexus.Identity.Projectors.UserRegistrationProjector received events: [%Commanded.EventStore.RecordedEvent{event_id: "282ec866-f518-44ed-95f6-7a535d6c3e25", event_number: 11262, stream_id: "019d0c26-0b00-74a0-bd6d-48329cf61a57", stream_version: 1, causation_id: "d64809a4-8402-4360-8536-99b7a0f860ca", correlation_id: "e0f4b4bb-483c-4914-aaaa-956d1587d67e", event_type: "Elixir.Nexus.Identity.Events.UserRegistered", data: %Nexus.Identity.Events.UserRegistered{user_id: "019d0c26-0b00-74a0-bd6d-48329cf61a57", org_id: "019d0c26-0b00-74a0-8884-24b7b734f296", email: "test@example.com", role: "system_admin", cose_key: "Ym9vdHN0cmFwX2Nvc2Vfa2V5", credential_id: "Ym9vdHN0cmFwX2NyZWRlbnRpYWxfaWQ=", registered_at: "2026-03-20T16:48:33.024173Z", display_name: "Test User", status: "active"}, created_at: ~U[2026-03-20 16:48:33.025211Z], metadata: %{"causation_id" => "019d0c26-0b00-71d0-a1d2-041f55e92cfc", "correlation_id" => "019d0c26-0b00-71d0-a1d2-041f55e92cfc"}}]
23:09:56.508 [debug] QUERY OK db=0.1ms
begin []
23:09:56.508 [debug] QUERY OK source="projection_versions" db=0.1ms
INSERT INTO "projection_versions" AS p0 ("projection_name","last_seen_event_number","inserted_at","updated_at") VALUES ($1,$2,$3,$4) ON CONFLICT ("projection_name") DO UPDATE SET "last_seen_event_number" = $5 WHERE ((p0."projection_name" = $6) AND (p0."last_seen_event_number" < $7)) ["Identity.Projectors.UserRegistrationProjector", 11262, ~N[2026-03-20 23:09:56.508648], ~N[2026-03-20 23:09:56.508648], 11262, "Identity.Projectors.UserRegistrationProjector", 11262]
23:09:56.509 [debug] QUERY OK source="users" db=0.0ms
SELECT u0."id", u0."org_id", u0."email", u0."display_name", u0."status", u0."cose_key", u0."credential_id", u0."roles", u0."created_at", u0."updated_at" FROM "users" AS u0 WHERE (u0."id" = $1) ["019d0c26-0b00-74a0-bd6d-48329cf61a57"]
23:09:56.509 [debug] QUERY OK source="users" db=0.0ms
SELECT u0."id", u0."org_id", u0."email", u0."display_name", u0."status", u0."cose_key", u0."credential_id", u0."roles", u0."created_at", u0."updated_at" FROM "users" AS u0 WHERE (u0."email" = $1) ["test@example.com"]
23:09:56.509 [debug] QUERY OK source="users" db=0.1ms
INSERT INTO "users" ("id","status","org_id","email","display_name","roles","cose_key","credential_id","created_at","updated_at") VALUES ($1,$2,$3,$4,$5,$6,$7,$8,$9,$10) ["019d0c26-0b00-74a0-bd6d-48329cf61a57", "active", "019d0c26-0b00-74a0-8884-24b7b734f296", "test@example.com", "Test User", ["system_admin"], "bootstrap_cose_key", "bootstrap_credential_id", ~U[2026-03-20 23:09:56.509208Z], ~U[2026-03-20 23:09:56.509208Z]]
23:09:56.509 [debug] QUERY ERROR source="identity_user_settings" db=0.0ms
SELECT i0."id", i0."user_id", i0."org_id", i0."locale", i0."timezone", i0."notifications_enabled", i0."created_at", i0."updated_at" FROM "identity_user_settings" AS i0 WHERE (i0."id" = $1) ["019d0c26-0b00-74a0-bd6d-48329cf61a57"]
23:09:56.509 [debug] QUERY OK db=0.0ms
rollback []
23:09:56.510 [error] Nexus.Identity.Projectors.UserRegistrationProjector failed to handle event:
%Commanded.EventStore.RecordedEvent{
  event_id: "282ec866-f518-44ed-95f6-7a535d6c3e25",
  event_number: 11262,
  stream_id: "019d0c26-0b00-74a0-bd6d-48329cf61a57",
  stream_version: 1,
  causation_id: "d64809a4-8402-4360-8536-99b7a0f860ca",
  correlation_id: "e0f4b4bb-483c-4914-aaaa-956d1587d67e",
  event_type: "Elixir.Nexus.Identity.Events.UserRegistered",
  data: %Nexus.Identity.Events.UserRegistered{
    user_id: "019d0c26-0b00-74a0-bd6d-48329cf61a57",
    org_id: "019d0c26-0b00-74a0-8884-24b7b734f296",
    email: "test@example.com",
    role: "system_admin",
    cose_key: "Ym9vdHN0cmFwX2Nvc2Vfa2V5",
    credential_id: "Ym9vdHN0cmFwX2NyZWRlbnRpYWxfaWQ=",
    registered_at: "2026-03-20T16:48:33.024173Z",
    display_name: "Test User",
    status: "active"
  },
  created_at: ~U[2026-03-20 16:48:33.025211Z],
  metadata: %{
    "causation_id" => "019d0c26-0b00-71d0-a1d2-041f55e92cfc",
    "correlation_id" => "019d0c26-0b00-71d0-a1d2-041f55e92cfc"
  }
}, due to:
** (Postgrex.Error) ERROR 42703 (undefined_column) column i0.id does not exist

    query: SELECT i0."id", i0."user_id", i0."org_id", i0."locale", i0."timezone", i0."notifications_enabled", i0."created_at", i0."updated_at" FROM "identity_user_settings" AS i0 WHERE (i0."id" = $1)
    (ecto_sql 3.13.4) lib/ecto/adapters/sql.ex:1113: Ecto.Adapters.SQL.raise_sql_call_error/1
    (ecto_sql 3.13.4) lib/ecto/adapters/sql.ex:1011: Ecto.Adapters.SQL.execute/6
    (ecto 3.13.5) lib/ecto/repo/queryable.ex:241: Ecto.Repo.Queryable.execute/4
    (ecto 3.13.5) lib/ecto/repo/queryable.ex:19: Ecto.Repo.Queryable.all/3
    (ecto 3.13.5) lib/ecto/repo/queryable.ex:163: Ecto.Repo.Queryable.one/3
    (nexus 0.1.0) lib/nexus/identity/projectors/user_registration_projector.ex:53: anonymous fn/3 in Nexus.Identity.Projectors.UserRegistrationProjector.project_registration/3
    (ecto 3.13.5) lib/ecto/multi.ex:905: Ecto.Multi.apply_operation/5
    (elixir 1.19.5) lib/enum.ex:2520: Enum."-reduce/3-lists^foldl/2-0-"/3
    (ecto 3.13.5) lib/ecto/multi.ex:878: anonymous fn/5 in Ecto.Multi.apply_operations/5
    (ecto_sql 3.13.4) lib/ecto/adapters/sql.ex:1473: anonymous fn/3 in Ecto.Adapters.SQL.checkout_or_transaction/4
    (db_connection 2.9.0) lib/db_connection.ex:1747: DBConnection.run_transaction/4
    (ecto 3.13.5) lib/ecto/repo/transaction.ex:30: Ecto.Repo.Transaction.transact/4
    (nexus 0.1.0) deps/commanded_ecto_projections/lib/projections/ecto.ex:97: Nexus.Identity.Projectors.UserRegistrationProjector.update_projection/3
    (commanded 1.4.9) lib/commanded/event/handler.ex:1221: Commanded.Event.Handler.delegate_event_to_handler/2
    (commanded 1.4.9) lib/commanded/event/handler.ex:1062: Commanded.Event.Handler.handle_event/3
    (elixir 1.19.5) lib/enum.ex:2520: Enum."-reduce/3-lists^foldl/2-0-"/3
    (commanded 1.4.9) lib/commanded/event/handler.ex:969: Commanded.Event.Handler.handle_info/2
    (stdlib 7.1) gen_server.erl:2434: :gen_server.try_handle_info/3
    (stdlib 7.1) gen_server.erl:2420: :gen_server.handle_msg/3
    (stdlib 7.1) proc_lib.erl:333: :proc_lib.init_p_do_apply/3

23:09:56.510 [warning] Nexus.Identity.Projectors.UserRegistrationProjector has requested to stop: %Postgrex.Error{message: nil, postgres: %{code: :undefined_column, line: "3721", message: "column i0.id does not exist", position: "8", file: "parse_relation.c", unknown: "ERROR", severity: "ERROR", pg_code: "42703", routine: "errorMissingColumn"}, connection_id: 3142, query: "SELECT i0.\"id\", i0.\"user_id\", i0.\"org_id\", i0.\"locale\", i0.\"timezone\", i0.\"notifications_enabled\", i0.\"created_at\", i0.\"updated_at\" FROM \"identity_user_settings\" AS i0 WHERE (i0.\"id\" = $1)"}
23:09:56.510 [debug] Nexus.Identity.Projectors.UserRegistrationProjector is shutting down due to %Postgrex.Error{message: nil, postgres: %{code: :undefined_column, line: "3721", message: "column i0.id does not exist", position: "8", file: "parse_relation.c", unknown: "ERROR", severity: "ERROR", pg_code: "42703", routine: "errorMissingColumn"}, connection_id: 3142, query: "SELECT i0.\"id\", i0.\"user_id\", i0.\"org_id\", i0.\"locale\", i0.\"timezone\", i0.\"notifications_enabled\", i0.\"created_at\", i0.\"updated_at\" FROM \"identity_user_settings\" AS i0 WHERE (i0.\"id\" = $1)"}
23:09:56.510 [error] GenServer {Nexus.App.LocalRegistry, {Nexus.App, Commanded.Event.Handler, "Identity.Projectors.UserRegistrationProjector"}} terminating
** (stop) %Postgrex.Error{message: nil, postgres: %{code: :undefined_column, line: "3721", message: "column i0.id does not exist", position: "8", file: "parse_relation.c", unknown: "ERROR", severity: "ERROR", pg_code: "42703", routine: "errorMissingColumn"}, connection_id: 3142, query: "SELECT i0.\"id\", i0.\"user_id\", i0.\"org_id\", i0.\"locale\", i0.\"timezone\", i0.\"notifications_enabled\", i0.\"created_at\", i0.\"updated_at\" FROM \"identity_user_settings\" AS i0 WHERE (i0.\"id\" = $1)"}
Last message: {:events, [%Commanded.EventStore.RecordedEvent{event_id: "282ec866-f518-44ed-95f6-7a535d6c3e25", event_number: 11262, stream_id: "019d0c26-0b00-74a0-bd6d-48329cf61a57", stream_version: 1, causation_id: "d64809a4-8402-4360-8536-99b7a0f860ca", correlation_id: "e0f4b4bb-483c-4914-aaaa-956d1587d67e", event_type: "Elixir.Nexus.Identity.Events.UserRegistered", data: %Nexus.Identity.Events.UserRegistered{user_id: "019d0c26-0b00-74a0-bd6d-48329cf61a57", org_id: "019d0c26-0b00-74a0-8884-24b7b734f296", email: "test@example.com", role: "system_admin", cose_key: "Ym9vdHN0cmFwX2Nvc2Vfa2V5", credential_id: "Ym9vdHN0cmFwX2NyZWRlbnRpYWxfaWQ=", registered_at: "2026-03-20T16:48:33.024173Z", display_name: "Test User", status: "active"}, created_at: ~U[2026-03-20 16:48:33.025211Z], metadata: %{"causation_id" => "019d0c26-0b00-71d0-a1d2-041f55e92cfc", "correlation_id" => "019d0c26-0b00-71d0-a1d2-041f55e92cfc"}}]}
State: %Commanded.Event.Handler{application: Nexus.App, consistency: :strong, handler_callback: :event, handler_name: "Identity.Projectors.UserRegistrationProjector", handler_module: Nexus.Identity.Projectors.UserRegistrationProjector, handler_state: nil, last_seen_event: nil, subscription: %Commanded.EventStore.Subscription{application: Nexus.App, backoff: {:backoff, 1000, 60000, 1000, :jitter, :undefined, :undefined}, concurrency: 1, partition_by: nil, subscribe_to: :all, subscribe_from: :origin, subscription_name: "Identity.Projectors.UserRegistrationProjector", subscription_opts: [], subscription_pid: #PID<0.1704.0>, subscription_ref: #Reference<0.504251661.3394502658.55383>}, subscribe_timer: nil}
23:09:56.511 [debug] Subscription "Identity.Projectors.UserRegistrationProjector"@"$all" subscriber #PID<0.1703.0> down due to: %Postgrex.Error{message: nil, postgres: %{code: :undefined_column, line: "3721", message: "column i0.id does not exist", position: "8", file: "parse_relation.c", unknown: "ERROR", severity: "ERROR", pg_code: "42703", routine: "errorMissingColumn"}, connection_id: 3142, query: "SELECT i0.\"id\", i0.\"user_id\", i0.\"org_id\", i0.\"locale\", i0.\"timezone\", i0.\"notifications_enabled\", i0.\"created_at\", i0.\"updated_at\" FROM \"identity_user_settings\" AS i0 WHERE (i0.\"id\" = $1)"}
23:09:56.511 [debug] Subscription "Identity.Projectors.UserRegistrationProjector"@"$all" has no subscribers, shutting down
23:09:56.511 [error] GenServer {Nexus.EventStore.EventStore.Subscriptions.Registry, {"$all", "Identity.Projectors.UserRegistrationProjector"}} terminating
** (stop) %Postgrex.Error{message: nil, postgres: %{code: :undefined_column, line: "3721", message: "column i0.id does not exist", position: "8", file: "parse_relation.c", unknown: "ERROR", severity: "ERROR", pg_code: "42703", routine: "errorMissingColumn"}, connection_id: 3142, query: "SELECT i0.\"id\", i0.\"user_id\", i0.\"org_id\", i0.\"locale\", i0.\"timezone\", i0.\"notifications_enabled\", i0.\"created_at\", i0.\"updated_at\" FROM \"identity_user_settings\" AS i0 WHERE (i0.\"id\" = $1)"}
Last message: {:DOWN, #Reference<0.504251661.3394502659.49202>, :process, #PID<0.1703.0>, %Postgrex.Error{message: nil, postgres: %{code: :undefined_column, line: "3721", message: "column i0.id does not exist", position: "8", file: "parse_relation.c", unknown: "ERROR", severity: "ERROR", pg_code: "42703", routine: "errorMissingColumn"}, connection_id: 3142, query: "SELECT i0.\"id\", i0.\"user_id\", i0.\"org_id\", i0.\"locale\", i0.\"timezone\", i0.\"notifications_enabled\", i0.\"created_at\", i0.\"updated_at\" FROM \"identity_user_settings\" AS i0 WHERE (i0.\"id\" = $1)"}}
State: %EventStore.Subscriptions.Subscription{stream_uuid: "$all", subscription_name: "Identity.Projectors.UserRegistrationProjector", subscription: %EventStore.Subscriptions.SubscriptionFsm{state: :unsubscribed, data: %EventStore.Subscriptions.SubscriptionState{conn: Nexus.EventStore.Postgrex, event_store: Nexus.EventStore, serializer: Commanded.Serialization.JsonSerializer, schema: "event_store", stream_uuid: "$all", start_from: 0, subscription_name: "Identity.Projectors.UserRegistrationProjector", subscription_id: 405, selector: nil, mapper: &Commanded.EventStore.Adapters.EventStore.Mapper.from_recorded_event/1, max_size: 1000, partition_by: nil, query_timeout: 15000, lock_ref: #Reference<0.504251661.3394502659.49215>, last_received: 12194, last_sent: 11262, last_ack: 11261, queue_size: 933, buffer_size: 1, checkpoint_after: 0, checkpoint_threshold: 1, checkpoint_timer_ref: nil, checkpoints_pending: 0, subscribers: %{}, partitions: %{nil: {[%EventStore.RecordedEvent{event_number: 12194, event_id: "3f8f3cbc-ea72-45a7-ab6d-12a43da50245", stream_uuid: "e55da693-c009-4afd-a56e-9b4ab3975acc", stream_version: 2, correlation_id: "e5500f71-9103-4737-8991-5eb165815e23", causation_id: "633094f8-6986-459b-9416-072dd0187fd9", event_type: "Elixir.Nexus.Identity.Events.SessionStarted", data: %Nexus.Identity.Events.SessionStarted{org_id: "84a4120a-ffd5-4f1d-8c8d-39a304840d78", user_id: "e55da693-c009-4afd-a56e-9b4ab3975acc", session_id: "418d0e43-cc2d-4727-80e0-b2438bf62242", session_token: "token123", user_agent: "Mozilla/5.0", ip_address: "127.0.0.1", started_at: "2026-03-20T23:09:56.072666Z"}, metadata: %{"causation_id" => "019d0d83-35e8-753f-984d-38ea338eda81", "correlation_id" => "019d0d83-35e8-753f-984d-38ea338eda81"}, created_at: ~U[2026-03-20 23:09:56.073170Z]}, %EventStore.RecordedEvent{event_number: 12193, event_id: "e88a74fa-5b0c-4b91-8cb5-06995a22261e", stream_uuid: "e55da693-c009-4afd-a56e-9b4ab3975acc", stream_version: 1, correlation_id: "9e656c1d-d0e4-4f46-bf33-1d95e39eba77", causation_id: "26eb51ca-d88e-4ba3-ac69-47b72ac05e07", event_type: "Elixir.Nexus.Identity.Events.UserRegistered", data: %Nexus.Identity.Events.UserRegistered{user_id: "e55da693-c009-4afd-a56e-9b4ab3975acc", org_id: "84a4120a-ffd5-4f1d-8c8d-39a304840d78", email: "test@example.com", role: "admin", cose_key: "dummy", credential_id: "dummy", registered_at: "2026-03-20T23:09:55.865334Z", display_name: "Test User", status: "active"}, metadata: %{"causation_id" => "019d0d83-3519-7150-9f84-629ff4c7083d", "correlation_id" => "019d0d83-3519-7150-9f84-629ff4c7083d"}, created_at: ~U[2026-03-20 23:09:55.869271Z]}, %EventStore.RecordedEvent{event_number: 12192, event_id: "9369472d-8342-4f67-bb09-dce99e1564a7", stream_uuid: "1cdc5b98-437f-46cd-b961-7f94b0c70951", stream_version: 1, correlation_id: "e360bbe5-91fe-4778-86d9-a6f47112ba01", causation_id: "52f95646-b2ab-41d6-bf6d-ab344ab03a52", event_type: "Elixir.Nexus.Intelligence.Events.SentimentScored", data: %Nexus.Intelligence.Events.SentimentScored{analysis_id: "1cdc5b98-437f-46cd-b961-7f94b0c70951", org_id: "9ee17310-2c39-46b6-95f5-570903b30cc6", source_id: "28559047-9a6a-4272-91c2-29d39b9fb8a9", sentiment: "neutral", confidence: 1.0, scored_at: "2026-03-20T23:09:55.852322Z"}, metadata: %{"causation_id" => "019d0d83-350c-7b9d-831a-294ad7368326", "correlation_id" => "019d0d83-350c-7b9d-831a-294ad7368326"}, created_at: ~U[2026-03-20 23:09:55.853288Z]}, %EventStore.RecordedEvent{event_number: 12191, event_id: "9b31ad65-078c-4754-b859-a6b48cf288b1", stream_uuid: "5de77d75-9239-459f-a7bf-fd6cc1d81616", stream_version: 1, correlation_id: "d3280ce6-50f3-4930-bbe9-4c6d6ebe4c3e", causation_id: "62545285-b05e-4958-b2d8-792040341ce7", ...}, ...], ...}}, ...}}, ...}
23:09:56.511 [debug] Nexus.Identity.Projectors.UserRegistrationProjector is shutting down due to {%Postgrex.Error{message: nil, postgres: %{code: :undefined_column, line: "3721", message: "column i0.id does not exist", position: "8", file: "parse_relation.c", unknown: "ERROR", severity: "ERROR", pg_code: "42703", routine: "errorMissingColumn"}, connection_id: 3142, query: "SELECT i0.\"id\", i0.\"user_id\", i0.\"org_id\", i0.\"locale\", i0.\"timezone\", i0.\"notifications_enabled\", i0.\"created_at\", i0.\"updated_at\" FROM \"identity_user_settings\" AS i0 WHERE (i0.\"id\" = $1)"}, {GenServer, :call, [#PID<0.1704.0>, {:connect, #PID<0.1705.0>, [retry_interval: 60000, hibernate_after: 15000, partition_by: nil, concurrency_limit: 1, name: Nexus.EventStore, mapper: &Commanded.EventStore.Adapters.EventStore.Mapper.from_recorded_event/1, conn: Nexus.EventStore.Postgrex, event_store: Nexus.EventStore, query_timeout: 15000, schema: "event_store", serializer: Commanded.Serialization.JsonSerializer, stream_uuid: "$all", subscription_name: "Identity.Projectors.UserRegistrationProjector", start_from: 0]}, 5000]}}
23:09:56.511 [error] GenServer {Nexus.App.LocalRegistry, {Nexus.App, Commanded.Event.Handler, "Identity.Projectors.UserRegistrationProjector"}} terminating
** (stop) exited in: GenServer.call(#PID<0.1704.0>, {:connect, #PID<0.1705.0>, [retry_interval: 60000, hibernate_after: 15000, partition_by: nil, concurrency_limit: 1, name: Nexus.EventStore, mapper: &Commanded.EventStore.Adapters.EventStore.Mapper.from_recorded_event/1, conn: Nexus.EventStore.Postgrex, event_store: Nexus.EventStore, query_timeout: 15000, schema: "event_store", serializer: Commanded.Serialization.JsonSerializer, stream_uuid: "$all", subscription_name: "Identity.Projectors.UserRegistrationProjector", start_from: 0]}, 5000)
    ** (EXIT) %Postgrex.Error{message: nil, postgres: %{code: :undefined_column, line: "3721", message: "column i0.id does not exist", position: "8", file: "parse_relation.c", unknown: "ERROR", severity: "ERROR", pg_code: "42703", routine: "errorMissingColumn"}, connection_id: 3142, query: "SELECT i0.\"id\", i0.\"user_id\", i0.\"org_id\", i0.\"locale\", i0.\"timezone\", i0.\"notifications_enabled\", i0.\"created_at\", i0.\"updated_at\" FROM \"identity_user_settings\" AS i0 WHERE (i0.\"id\" = $1)"}
    (elixir 1.19.5) lib/gen_server.ex:1142: GenServer.call/3
    (commanded 1.4.9) lib/commanded/event_store.ex:289: anonymous fn/2 in Commanded.EventStore.span/3
    (telemetry 1.3.0) /Users/bernard/dev/nexus/deps/telemetry/src/telemetry.erl:324: :telemetry.span/3
    (commanded 1.4.9) lib/commanded/event_store/subscription.ex:58: Commanded.EventStore.Subscription.subscribe/2
    (commanded 1.4.9) lib/commanded/event/handler.ex:1024: Commanded.Event.Handler.subscribe_to_events/1
    (commanded 1.4.9) lib/commanded/event/handler.ex:887: Commanded.Event.Handler.handle_continue/2
    (stdlib 7.1) gen_server.erl:2424: :gen_server.try_handle_continue/3
    (stdlib 7.1) gen_server.erl:2291: :gen_server.loop/4
    (stdlib 7.1) proc_lib.erl:333: :proc_lib.init_p_do_apply/3
Last message: {:continue, :subscribe_to_events}
State: %Commanded.Event.Handler{application: Nexus.App, consistency: :strong, handler_callback: :event, handler_name: "Identity.Projectors.UserRegistrationProjector", handler_module: Nexus.Identity.Projectors.UserRegistrationProjector, handler_state: nil, last_seen_event: nil, subscription: %Commanded.EventStore.Subscription{application: Nexus.App, backoff: {:backoff, 1000, 60000, 1000, :jitter, :undefined, :undefined}, concurrency: 1, partition_by: nil, subscribe_to: :all, subscribe_from: :origin, subscription_name: "Identity.Projectors.UserRegistrationProjector", subscription_opts: [], subscription_pid: nil, subscription_ref: nil}, subscribe_timer: nil}
23:09:56.512 [debug] Subscription "Identity.Projectors.UserRegistrationProjector"@"$all" attempting to connect subscriber #PID<0.1706.0>
23:09:56.512 [debug] Subscription "Identity.Projectors.UserRegistrationProjector"@"$all" catching-up
23:09:56.512 [debug] Nexus.Identity.Projectors.UserRegistrationProjector has successfully subscribed to event store
23:09:56.524 [debug] Nexus.Identity.Projectors.UserRegistrationProjector received events: [%Commanded.EventStore.RecordedEvent{event_id: "282ec866-f518-44ed-95f6-7a535d6c3e25", event_number: 11262, stream_id: "019d0c26-0b00-74a0-bd6d-48329cf61a57", stream_version: 1, causation_id: "d64809a4-8402-4360-8536-99b7a0f860ca", correlation_id: "e0f4b4bb-483c-4914-aaaa-956d1587d67e", event_type: "Elixir.Nexus.Identity.Events.UserRegistered", data: %Nexus.Identity.Events.UserRegistered{user_id: "019d0c26-0b00-74a0-bd6d-48329cf61a57", org_id: "019d0c26-0b00-74a0-8884-24b7b734f296", email: "test@example.com", role: "system_admin", cose_key: "Ym9vdHN0cmFwX2Nvc2Vfa2V5", credential_id: "Ym9vdHN0cmFwX2NyZWRlbnRpYWxfaWQ=", registered_at: "2026-03-20T16:48:33.024173Z", display_name: "Test User", status: "active"}, created_at: ~U[2026-03-20 16:48:33.025211Z], metadata: %{"causation_id" => "019d0c26-0b00-71d0-a1d2-041f55e92cfc", "correlation_id" => "019d0c26-0b00-71d0-a1d2-041f55e92cfc"}}]
23:09:56.524 [debug] QUERY OK db=0.1ms
begin []
23:09:56.525 [debug] QUERY OK source="projection_versions" db=0.1ms
INSERT INTO "projection_versions" AS p0 ("projection_name","last_seen_event_number","inserted_at","updated_at") VALUES ($1,$2,$3,$4) ON CONFLICT ("projection_name") DO UPDATE SET "last_seen_event_number" = $5 WHERE ((p0."projection_name" = $6) AND (p0."last_seen_event_number" < $7)) ["Identity.Projectors.UserRegistrationProjector", 11262, ~N[2026-03-20 23:09:56.524887], ~N[2026-03-20 23:09:56.524887], 11262, "Identity.Projectors.UserRegistrationProjector", 11262]
23:09:56.525 [debug] QUERY OK source="users" db=0.0ms
SELECT u0."id", u0."org_id", u0."email", u0."display_name", u0."status", u0."cose_key", u0."credential_id", u0."roles", u0."created_at", u0."updated_at" FROM "users" AS u0 WHERE (u0."id" = $1) ["019d0c26-0b00-74a0-bd6d-48329cf61a57"]
23:09:56.525 [debug] QUERY OK source="users" db=0.0ms
SELECT u0."id", u0."org_id", u0."email", u0."display_name", u0."status", u0."cose_key", u0."credential_id", u0."roles", u0."created_at", u0."updated_at" FROM "users" AS u0 WHERE (u0."email" = $1) ["test@example.com"]
23:09:56.525 [debug] QUERY OK source="users" db=0.1ms
INSERT INTO "users" ("id","status","org_id","email","display_name","roles","cose_key","credential_id","created_at","updated_at") VALUES ($1,$2,$3,$4,$5,$6,$7,$8,$9,$10) ["019d0c26-0b00-74a0-bd6d-48329cf61a57", "active", "019d0c26-0b00-74a0-8884-24b7b734f296", "test@example.com", "Test User", ["system_admin"], "bootstrap_cose_key", "bootstrap_credential_id", ~U[2026-03-20 23:09:56.525487Z], ~U[2026-03-20 23:09:56.525487Z]]
23:09:56.525 [debug] QUERY ERROR source="identity_user_settings" db=0.0ms
SELECT i0."id", i0."user_id", i0."org_id", i0."locale", i0."timezone", i0."notifications_enabled", i0."created_at", i0."updated_at" FROM "identity_user_settings" AS i0 WHERE (i0."id" = $1) ["019d0c26-0b00-74a0-bd6d-48329cf61a57"]
23:09:56.525 [debug] QUERY OK db=0.0ms
rollback []
23:09:56.527 [error] Nexus.Identity.Projectors.UserRegistrationProjector failed to handle event:
%Commanded.EventStore.RecordedEvent{
  event_id: "282ec866-f518-44ed-95f6-7a535d6c3e25",
  event_number: 11262,
  stream_id: "019d0c26-0b00-74a0-bd6d-48329cf61a57",
  stream_version: 1,
  causation_id: "d64809a4-8402-4360-8536-99b7a0f860ca",
  correlation_id: "e0f4b4bb-483c-4914-aaaa-956d1587d67e",
  event_type: "Elixir.Nexus.Identity.Events.UserRegistered",
  data: %Nexus.Identity.Events.UserRegistered{
    user_id: "019d0c26-0b00-74a0-bd6d-48329cf61a57",
    org_id: "019d0c26-0b00-74a0-8884-24b7b734f296",
    email: "test@example.com",
    role: "system_admin",
    cose_key: "Ym9vdHN0cmFwX2Nvc2Vfa2V5",
    credential_id: "Ym9vdHN0cmFwX2NyZWRlbnRpYWxfaWQ=",
    registered_at: "2026-03-20T16:48:33.024173Z",
    display_name: "Test User",
    status: "active"
  },
  created_at: ~U[2026-03-20 16:48:33.025211Z],
  metadata: %{
    "causation_id" => "019d0c26-0b00-71d0-a1d2-041f55e92cfc",
    "correlation_id" => "019d0c26-0b00-71d0-a1d2-041f55e92cfc"
  }
}, due to:
** (Postgrex.Error) ERROR 42703 (undefined_column) column i0.id does not exist

    query: SELECT i0."id", i0."user_id", i0."org_id", i0."locale", i0."timezone", i0."notifications_enabled", i0."created_at", i0."updated_at" FROM "identity_user_settings" AS i0 WHERE (i0."id" = $1)
    (ecto_sql 3.13.4) lib/ecto/adapters/sql.ex:1113: Ecto.Adapters.SQL.raise_sql_call_error/1
    (ecto_sql 3.13.4) lib/ecto/adapters/sql.ex:1011: Ecto.Adapters.SQL.execute/6
    (ecto 3.13.5) lib/ecto/repo/queryable.ex:241: Ecto.Repo.Queryable.execute/4
    (ecto 3.13.5) lib/ecto/repo/queryable.ex:19: Ecto.Repo.Queryable.all/3
    (ecto 3.13.5) lib/ecto/repo/queryable.ex:163: Ecto.Repo.Queryable.one/3
    (nexus 0.1.0) lib/nexus/identity/projectors/user_registration_projector.ex:53: anonymous fn/3 in Nexus.Identity.Projectors.UserRegistrationProjector.project_registration/3
    (ecto 3.13.5) lib/ecto/multi.ex:905: Ecto.Multi.apply_operation/5
    (elixir 1.19.5) lib/enum.ex:2520: Enum."-reduce/3-lists^foldl/2-0-"/3
    (ecto 3.13.5) lib/ecto/multi.ex:878: anonymous fn/5 in Ecto.Multi.apply_operations/5
    (ecto_sql 3.13.4) lib/ecto/adapters/sql.ex:1473: anonymous fn/3 in Ecto.Adapters.SQL.checkout_or_transaction/4
    (db_connection 2.9.0) lib/db_connection.ex:1747: DBConnection.run_transaction/4
    (ecto 3.13.5) lib/ecto/repo/transaction.ex:30: Ecto.Repo.Transaction.transact/4
    (nexus 0.1.0) deps/commanded_ecto_projections/lib/projections/ecto.ex:97: Nexus.Identity.Projectors.UserRegistrationProjector.update_projection/3
    (commanded 1.4.9) lib/commanded/event/handler.ex:1221: Commanded.Event.Handler.delegate_event_to_handler/2
    (commanded 1.4.9) lib/commanded/event/handler.ex:1062: Commanded.Event.Handler.handle_event/3
    (elixir 1.19.5) lib/enum.ex:2520: Enum."-reduce/3-lists^foldl/2-0-"/3
    (commanded 1.4.9) lib/commanded/event/handler.ex:969: Commanded.Event.Handler.handle_info/2
    (stdlib 7.1) gen_server.erl:2434: :gen_server.try_handle_info/3
    (stdlib 7.1) gen_server.erl:2420: :gen_server.handle_msg/3
    (stdlib 7.1) proc_lib.erl:333: :proc_lib.init_p_do_apply/3

23:09:56.527 [warning] Nexus.Identity.Projectors.UserRegistrationProjector has requested to stop: %Postgrex.Error{message: nil, postgres: %{code: :undefined_column, line: "3721", message: "column i0.id does not exist", position: "8", file: "parse_relation.c", unknown: "ERROR", severity: "ERROR", pg_code: "42703", routine: "errorMissingColumn"}, connection_id: 3142, query: "SELECT i0.\"id\", i0.\"user_id\", i0.\"org_id\", i0.\"locale\", i0.\"timezone\", i0.\"notifications_enabled\", i0.\"created_at\", i0.\"updated_at\" FROM \"identity_user_settings\" AS i0 WHERE (i0.\"id\" = $1)"}
23:09:56.527 [debug] Nexus.Identity.Projectors.UserRegistrationProjector is shutting down due to %Postgrex.Error{message: nil, postgres: %{code: :undefined_column, line: "3721", message: "column i0.id does not exist", position: "8", file: "parse_relation.c", unknown: "ERROR", severity: "ERROR", pg_code: "42703", routine: "errorMissingColumn"}, connection_id: 3142, query: "SELECT i0.\"id\", i0.\"user_id\", i0.\"org_id\", i0.\"locale\", i0.\"timezone\", i0.\"notifications_enabled\", i0.\"created_at\", i0.\"updated_at\" FROM \"identity_user_settings\" AS i0 WHERE (i0.\"id\" = $1)"}
23:09:56.527 [error] GenServer {Nexus.App.LocalRegistry, {Nexus.App, Commanded.Event.Handler, "Identity.Projectors.UserRegistrationProjector"}} terminating
** (stop) %Postgrex.Error{message: nil, postgres: %{code: :undefined_column, line: "3721", message: "column i0.id does not exist", position: "8", file: "parse_relation.c", unknown: "ERROR", severity: "ERROR", pg_code: "42703", routine: "errorMissingColumn"}, connection_id: 3142, query: "SELECT i0.\"id\", i0.\"user_id\", i0.\"org_id\", i0.\"locale\", i0.\"timezone\", i0.\"notifications_enabled\", i0.\"created_at\", i0.\"updated_at\" FROM \"identity_user_settings\" AS i0 WHERE (i0.\"id\" = $1)"}
Last message: {:events, [%Commanded.EventStore.RecordedEvent{event_id: "282ec866-f518-44ed-95f6-7a535d6c3e25", event_number: 11262, stream_id: "019d0c26-0b00-74a0-bd6d-48329cf61a57", stream_version: 1, causation_id: "d64809a4-8402-4360-8536-99b7a0f860ca", correlation_id: "e0f4b4bb-483c-4914-aaaa-956d1587d67e", event_type: "Elixir.Nexus.Identity.Events.UserRegistered", data: %Nexus.Identity.Events.UserRegistered{user_id: "019d0c26-0b00-74a0-bd6d-48329cf61a57", org_id: "019d0c26-0b00-74a0-8884-24b7b734f296", email: "test@example.com", role: "system_admin", cose_key: "Ym9vdHN0cmFwX2Nvc2Vfa2V5", credential_id: "Ym9vdHN0cmFwX2NyZWRlbnRpYWxfaWQ=", registered_at: "2026-03-20T16:48:33.024173Z", display_name: "Test User", status: "active"}, created_at: ~U[2026-03-20 16:48:33.025211Z], metadata: %{"causation_id" => "019d0c26-0b00-71d0-a1d2-041f55e92cfc", "correlation_id" => "019d0c26-0b00-71d0-a1d2-041f55e92cfc"}}]}
State: %Commanded.Event.Handler{application: Nexus.App, consistency: :strong, handler_callback: :event, handler_name: "Identity.Projectors.UserRegistrationProjector", handler_module: Nexus.Identity.Projectors.UserRegistrationProjector, handler_state: nil, last_seen_event: nil, subscription: %Commanded.EventStore.Subscription{application: Nexus.App, backoff: {:backoff, 1000, 60000, 1000, :jitter, :undefined, :undefined}, concurrency: 1, partition_by: nil, subscribe_to: :all, subscribe_from: :origin, subscription_name: "Identity.Projectors.UserRegistrationProjector", subscription_opts: [], subscription_pid: #PID<0.1707.0>, subscription_ref: #Reference<0.504251661.3394502658.55453>}, subscribe_timer: nil}
23:09:56.527 [debug] Subscription "Identity.Projectors.UserRegistrationProjector"@"$all" subscriber #PID<0.1706.0> down due to: %Postgrex.Error{message: nil, postgres: %{code: :undefined_column, line: "3721", message: "column i0.id does not exist", position: "8", file: "parse_relation.c", unknown: "ERROR", severity: "ERROR", pg_code: "42703", routine: "errorMissingColumn"}, connection_id: 3142, query: "SELECT i0.\"id\", i0.\"user_id\", i0.\"org_id\", i0.\"locale\", i0.\"timezone\", i0.\"notifications_enabled\", i0.\"created_at\", i0.\"updated_at\" FROM \"identity_user_settings\" AS i0 WHERE (i0.\"id\" = $1)"}
23:09:56.527 [debug] Subscription "Identity.Projectors.UserRegistrationProjector"@"$all" has no subscribers, shutting down
23:09:56.527 [error] GenServer {Nexus.EventStore.EventStore.Subscriptions.Registry, {"$all", "Identity.Projectors.UserRegistrationProjector"}} terminating
** (stop) %Postgrex.Error{message: nil, postgres: %{code: :undefined_column, line: "3721", message: "column i0.id does not exist", position: "8", file: "parse_relation.c", unknown: "ERROR", severity: "ERROR", pg_code: "42703", routine: "errorMissingColumn"}, connection_id: 3142, query: "SELECT i0.\"id\", i0.\"user_id\", i0.\"org_id\", i0.\"locale\", i0.\"timezone\", i0.\"notifications_enabled\", i0.\"created_at\", i0.\"updated_at\" FROM \"identity_user_settings\" AS i0 WHERE (i0.\"id\" = $1)"}
Last message: {:DOWN, #Reference<0.504251661.3394502658.55448>, :process, #PID<0.1706.0>, %Postgrex.Error{message: nil, postgres: %{code: :undefined_column, line: "3721", message: "column i0.id does not exist", position: "8", file: "parse_relation.c", unknown: "ERROR", severity: "ERROR", pg_code: "42703", routine: "errorMissingColumn"}, connection_id: 3142, query: "SELECT i0.\"id\", i0.\"user_id\", i0.\"org_id\", i0.\"locale\", i0.\"timezone\", i0.\"notifications_enabled\", i0.\"created_at\", i0.\"updated_at\" FROM \"identity_user_settings\" AS i0 WHERE (i0.\"id\" = $1)"}}
State: %EventStore.Subscriptions.Subscription{stream_uuid: "$all", subscription_name: "Identity.Projectors.UserRegistrationProjector", subscription: %EventStore.Subscriptions.SubscriptionFsm{state: :unsubscribed, data: %EventStore.Subscriptions.SubscriptionState{conn: Nexus.EventStore.Postgrex, event_store: Nexus.EventStore, serializer: Commanded.Serialization.JsonSerializer, schema: "event_store", stream_uuid: "$all", start_from: 0, subscription_name: "Identity.Projectors.UserRegistrationProjector", subscription_id: 405, selector: nil, mapper: &Commanded.EventStore.Adapters.EventStore.Mapper.from_recorded_event/1, max_size: 1000, partition_by: nil, query_timeout: 15000, lock_ref: #Reference<0.504251661.3394502659.49412>, last_received: 12194, last_sent: 11262, last_ack: 11261, queue_size: 933, buffer_size: 1, checkpoint_after: 0, checkpoint_threshold: 1, checkpoint_timer_ref: nil, checkpoints_pending: 0, subscribers: %{}, partitions: %{nil: {[%EventStore.RecordedEvent{event_number: 12194, event_id: "3f8f3cbc-ea72-45a7-ab6d-12a43da50245", stream_uuid: "e55da693-c009-4afd-a56e-9b4ab3975acc", stream_version: 2, correlation_id: "e5500f71-9103-4737-8991-5eb165815e23", causation_id: "633094f8-6986-459b-9416-072dd0187fd9", event_type: "Elixir.Nexus.Identity.Events.SessionStarted", data: %Nexus.Identity.Events.SessionStarted{org_id: "84a4120a-ffd5-4f1d-8c8d-39a304840d78", user_id: "e55da693-c009-4afd-a56e-9b4ab3975acc", session_id: "418d0e43-cc2d-4727-80e0-b2438bf62242", session_token: "token123", user_agent: "Mozilla/5.0", ip_address: "127.0.0.1", started_at: "2026-03-20T23:09:56.072666Z"}, metadata: %{"causation_id" => "019d0d83-35e8-753f-984d-38ea338eda81", "correlation_id" => "019d0d83-35e8-753f-984d-38ea338eda81"}, created_at: ~U[2026-03-20 23:09:56.073170Z]}, %EventStore.RecordedEvent{event_number: 12193, event_id: "e88a74fa-5b0c-4b91-8cb5-06995a22261e", stream_uuid: "e55da693-c009-4afd-a56e-9b4ab3975acc", stream_version: 1, correlation_id: "9e656c1d-d0e4-4f46-bf33-1d95e39eba77", causation_id: "26eb51ca-d88e-4ba3-ac69-47b72ac05e07", event_type: "Elixir.Nexus.Identity.Events.UserRegistered", data: %Nexus.Identity.Events.UserRegistered{user_id: "e55da693-c009-4afd-a56e-9b4ab3975acc", org_id: "84a4120a-ffd5-4f1d-8c8d-39a304840d78", email: "test@example.com", role: "admin", cose_key: "dummy", credential_id: "dummy", registered_at: "2026-03-20T23:09:55.865334Z", display_name: "Test User", status: "active"}, metadata: %{"causation_id" => "019d0d83-3519-7150-9f84-629ff4c7083d", "correlation_id" => "019d0d83-3519-7150-9f84-629ff4c7083d"}, created_at: ~U[2026-03-20 23:09:55.869271Z]}, %EventStore.RecordedEvent{event_number: 12192, event_id: "9369472d-8342-4f67-bb09-dce99e1564a7", stream_uuid: "1cdc5b98-437f-46cd-b961-7f94b0c70951", stream_version: 1, correlation_id: "e360bbe5-91fe-4778-86d9-a6f47112ba01", causation_id: "52f95646-b2ab-41d6-bf6d-ab344ab03a52", event_type: "Elixir.Nexus.Intelligence.Events.SentimentScored", data: %Nexus.Intelligence.Events.SentimentScored{analysis_id: "1cdc5b98-437f-46cd-b961-7f94b0c70951", org_id: "9ee17310-2c39-46b6-95f5-570903b30cc6", source_id: "28559047-9a6a-4272-91c2-29d39b9fb8a9", sentiment: "neutral", confidence: 1.0, scored_at: "2026-03-20T23:09:55.852322Z"}, metadata: %{"causation_id" => "019d0d83-350c-7b9d-831a-294ad7368326", "correlation_id" => "019d0d83-350c-7b9d-831a-294ad7368326"}, created_at: ~U[2026-03-20 23:09:55.853288Z]}, %EventStore.RecordedEvent{event_number: 12191, event_id: "9b31ad65-078c-4754-b859-a6b48cf288b1", stream_uuid: "5de77d75-9239-459f-a7bf-fd6cc1d81616", stream_version: 1, correlation_id: "d3280ce6-50f3-4930-bbe9-4c6d6ebe4c3e", causation_id: "62545285-b05e-4958-b2d8-792040341ce7", ...}, ...], ...}}, ...}}, ...}
23:09:56.527 [debug] Nexus.Identity.Projectors.UserRegistrationProjector is shutting down due to {%Postgrex.Error{message: nil, postgres: %{code: :undefined_column, line: "3721", message: "column i0.id does not exist", position: "8", file: "parse_relation.c", unknown: "ERROR", severity: "ERROR", pg_code: "42703", routine: "errorMissingColumn"}, connection_id: 3142, query: "SELECT i0.\"id\", i0.\"user_id\", i0.\"org_id\", i0.\"locale\", i0.\"timezone\", i0.\"notifications_enabled\", i0.\"created_at\", i0.\"updated_at\" FROM \"identity_user_settings\" AS i0 WHERE (i0.\"id\" = $1)"}, {GenServer, :call, [#PID<0.1707.0>, {:connect, #PID<0.1708.0>, [retry_interval: 60000, hibernate_after: 15000, partition_by: nil, concurrency_limit: 1, name: Nexus.EventStore, mapper: &Commanded.EventStore.Adapters.EventStore.Mapper.from_recorded_event/1, conn: Nexus.EventStore.Postgrex, event_store: Nexus.EventStore, query_timeout: 15000, schema: "event_store", serializer: Commanded.Serialization.JsonSerializer, stream_uuid: "$all", subscription_name: "Identity.Projectors.UserRegistrationProjector", start_from: 0]}, 5000]}}
23:09:56.527 [error] GenServer {Nexus.App.LocalRegistry, {Nexus.App, Commanded.Event.Handler, "Identity.Projectors.UserRegistrationProjector"}} terminating
** (stop) exited in: GenServer.call(#PID<0.1707.0>, {:connect, #PID<0.1708.0>, [retry_interval: 60000, hibernate_after: 15000, partition_by: nil, concurrency_limit: 1, name: Nexus.EventStore, mapper: &Commanded.EventStore.Adapters.EventStore.Mapper.from_recorded_event/1, conn: Nexus.EventStore.Postgrex, event_store: Nexus.EventStore, query_timeout: 15000, schema: "event_store", serializer: Commanded.Serialization.JsonSerializer, stream_uuid: "$all", subscription_name: "Identity.Projectors.UserRegistrationProjector", start_from: 0]}, 5000)
    ** (EXIT) %Postgrex.Error{message: nil, postgres: %{code: :undefined_column, line: "3721", message: "column i0.id does not exist", position: "8", file: "parse_relation.c", unknown: "ERROR", severity: "ERROR", pg_code: "42703", routine: "errorMissingColumn"}, connection_id: 3142, query: "SELECT i0.\"id\", i0.\"user_id\", i0.\"org_id\", i0.\"locale\", i0.\"timezone\", i0.\"notifications_enabled\", i0.\"created_at\", i0.\"updated_at\" FROM \"identity_user_settings\" AS i0 WHERE (i0.\"id\" = $1)"}
    (elixir 1.19.5) lib/gen_server.ex:1142: GenServer.call/3
    (commanded 1.4.9) lib/commanded/event_store.ex:289: anonymous fn/2 in Commanded.EventStore.span/3
    (telemetry 1.3.0) /Users/bernard/dev/nexus/deps/telemetry/src/telemetry.erl:324: :telemetry.span/3
    (commanded 1.4.9) lib/commanded/event_store/subscription.ex:58: Commanded.EventStore.Subscription.subscribe/2
    (commanded 1.4.9) lib/commanded/event/handler.ex:1024: Commanded.Event.Handler.subscribe_to_events/1
    (commanded 1.4.9) lib/commanded/event/handler.ex:887: Commanded.Event.Handler.handle_continue/2
    (stdlib 7.1) gen_server.erl:2424: :gen_server.try_handle_continue/3
    (stdlib 7.1) gen_server.erl:2291: :gen_server.loop/4
    (stdlib 7.1) proc_lib.erl:333: :proc_lib.init_p_do_apply/3
Last message: {:continue, :subscribe_to_events}
State: %Commanded.Event.Handler{application: Nexus.App, consistency: :strong, handler_callback: :event, handler_name: "Identity.Projectors.UserRegistrationProjector", handler_module: Nexus.Identity.Projectors.UserRegistrationProjector, handler_state: nil, last_seen_event: nil, subscription: %Commanded.EventStore.Subscription{application: Nexus.App, backoff: {:backoff, 1000, 60000, 1000, :jitter, :undefined, :undefined}, concurrency: 1, partition_by: nil, subscribe_to: :all, subscribe_from: :origin, subscription_name: "Identity.Projectors.UserRegistrationProjector", subscription_opts: [], subscription_pid: nil, subscription_ref: nil}, subscribe_timer: nil}
23:09:56.528 [debug] Subscription "Identity.Projectors.UserRegistrationProjector"@"$all" attempting to connect subscriber #PID<0.1709.0>
23:09:56.529 [debug] Subscription "Identity.Projectors.UserRegistrationProjector"@"$all" catching-up
23:09:56.529 [debug] Nexus.Identity.Projectors.UserRegistrationProjector has successfully subscribed to event store
23:09:56.542 [debug] Nexus.Identity.Projectors.UserRegistrationProjector received events: [%Commanded.EventStore.RecordedEvent{event_id: "282ec866-f518-44ed-95f6-7a535d6c3e25", event_number: 11262, stream_id: "019d0c26-0b00-74a0-bd6d-48329cf61a57", stream_version: 1, causation_id: "d64809a4-8402-4360-8536-99b7a0f860ca", correlation_id: "e0f4b4bb-483c-4914-aaaa-956d1587d67e", event_type: "Elixir.Nexus.Identity.Events.UserRegistered", data: %Nexus.Identity.Events.UserRegistered{user_id: "019d0c26-0b00-74a0-bd6d-48329cf61a57", org_id: "019d0c26-0b00-74a0-8884-24b7b734f296", email: "test@example.com", role: "system_admin", cose_key: "Ym9vdHN0cmFwX2Nvc2Vfa2V5", credential_id: "Ym9vdHN0cmFwX2NyZWRlbnRpYWxfaWQ=", registered_at: "2026-03-20T16:48:33.024173Z", display_name: "Test User", status: "active"}, created_at: ~U[2026-03-20 16:48:33.025211Z], metadata: %{"causation_id" => "019d0c26-0b00-71d0-a1d2-041f55e92cfc", "correlation_id" => "019d0c26-0b00-71d0-a1d2-041f55e92cfc"}}]
23:09:56.542 [debug] QUERY OK db=0.1ms
begin []
23:09:56.543 [debug] QUERY OK source="projection_versions" db=0.1ms
INSERT INTO "projection_versions" AS p0 ("projection_name","last_seen_event_number","inserted_at","updated_at") VALUES ($1,$2,$3,$4) ON CONFLICT ("projection_name") DO UPDATE SET "last_seen_event_number" = $5 WHERE ((p0."projection_name" = $6) AND (p0."last_seen_event_number" < $7)) ["Identity.Projectors.UserRegistrationProjector", 11262, ~N[2026-03-20 23:09:56.542894], ~N[2026-03-20 23:09:56.542894], 11262, "Identity.Projectors.UserRegistrationProjector", 11262]
23:09:56.543 [debug] QUERY OK source="users" db=0.0ms
SELECT u0."id", u0."org_id", u0."email", u0."display_name", u0."status", u0."cose_key", u0."credential_id", u0."roles", u0."created_at", u0."updated_at" FROM "users" AS u0 WHERE (u0."id" = $1) ["019d0c26-0b00-74a0-bd6d-48329cf61a57"]
23:09:56.543 [debug] QUERY OK source="users" db=0.0ms
SELECT u0."id", u0."org_id", u0."email", u0."display_name", u0."status", u0."cose_key", u0."credential_id", u0."roles", u0."created_at", u0."updated_at" FROM "users" AS u0 WHERE (u0."email" = $1) ["test@example.com"]
23:09:56.543 [debug] QUERY OK source="users" db=0.1ms
INSERT INTO "users" ("id","status","org_id","email","display_name","roles","cose_key","credential_id","created_at","updated_at") VALUES ($1,$2,$3,$4,$5,$6,$7,$8,$9,$10) ["019d0c26-0b00-74a0-bd6d-48329cf61a57", "active", "019d0c26-0b00-74a0-8884-24b7b734f296", "test@example.com", "Test User", ["system_admin"], "bootstrap_cose_key", "bootstrap_credential_id", ~U[2026-03-20 23:09:56.543484Z], ~U[2026-03-20 23:09:56.543484Z]]
23:09:56.543 [debug] QUERY ERROR source="identity_user_settings" db=0.0ms
SELECT i0."id", i0."user_id", i0."org_id", i0."locale", i0."timezone", i0."notifications_enabled", i0."created_at", i0."updated_at" FROM "identity_user_settings" AS i0 WHERE (i0."id" = $1) ["019d0c26-0b00-74a0-bd6d-48329cf61a57"]
23:09:56.544 [debug] QUERY OK db=0.1ms
rollback []
23:09:56.545 [error] Nexus.Identity.Projectors.UserRegistrationProjector failed to handle event:
%Commanded.EventStore.RecordedEvent{
  event_id: "282ec866-f518-44ed-95f6-7a535d6c3e25",
  event_number: 11262,
  stream_id: "019d0c26-0b00-74a0-bd6d-48329cf61a57",
  stream_version: 1,
  causation_id: "d64809a4-8402-4360-8536-99b7a0f860ca",
  correlation_id: "e0f4b4bb-483c-4914-aaaa-956d1587d67e",
  event_type: "Elixir.Nexus.Identity.Events.UserRegistered",
  data: %Nexus.Identity.Events.UserRegistered{
    user_id: "019d0c26-0b00-74a0-bd6d-48329cf61a57",
    org_id: "019d0c26-0b00-74a0-8884-24b7b734f296",
    email: "test@example.com",
    role: "system_admin",
    cose_key: "Ym9vdHN0cmFwX2Nvc2Vfa2V5",
    credential_id: "Ym9vdHN0cmFwX2NyZWRlbnRpYWxfaWQ=",
    registered_at: "2026-03-20T16:48:33.024173Z",
    display_name: "Test User",
    status: "active"
  },
  created_at: ~U[2026-03-20 16:48:33.025211Z],
  metadata: %{
    "causation_id" => "019d0c26-0b00-71d0-a1d2-041f55e92cfc",
    "correlation_id" => "019d0c26-0b00-71d0-a1d2-041f55e92cfc"
  }
}, due to:
** (Postgrex.Error) ERROR 42703 (undefined_column) column i0.id does not exist

    query: SELECT i0."id", i0."user_id", i0."org_id", i0."locale", i0."timezone", i0."notifications_enabled", i0."created_at", i0."updated_at" FROM "identity_user_settings" AS i0 WHERE (i0."id" = $1)
    (ecto_sql 3.13.4) lib/ecto/adapters/sql.ex:1113: Ecto.Adapters.SQL.raise_sql_call_error/1
    (ecto_sql 3.13.4) lib/ecto/adapters/sql.ex:1011: Ecto.Adapters.SQL.execute/6
    (ecto 3.13.5) lib/ecto/repo/queryable.ex:241: Ecto.Repo.Queryable.execute/4
    (ecto 3.13.5) lib/ecto/repo/queryable.ex:19: Ecto.Repo.Queryable.all/3
    (ecto 3.13.5) lib/ecto/repo/queryable.ex:163: Ecto.Repo.Queryable.one/3
    (nexus 0.1.0) lib/nexus/identity/projectors/user_registration_projector.ex:53: anonymous fn/3 in Nexus.Identity.Projectors.UserRegistrationProjector.project_registration/3
    (ecto 3.13.5) lib/ecto/multi.ex:905: Ecto.Multi.apply_operation/5
    (elixir 1.19.5) lib/enum.ex:2520: Enum."-reduce/3-lists^foldl/2-0-"/3
    (ecto 3.13.5) lib/ecto/multi.ex:878: anonymous fn/5 in Ecto.Multi.apply_operations/5
    (ecto_sql 3.13.4) lib/ecto/adapters/sql.ex:1473: anonymous fn/3 in Ecto.Adapters.SQL.checkout_or_transaction/4
    (db_connection 2.9.0) lib/db_connection.ex:1747: DBConnection.run_transaction/4
    (ecto 3.13.5) lib/ecto/repo/transaction.ex:30: Ecto.Repo.Transaction.transact/4
    (nexus 0.1.0) deps/commanded_ecto_projections/lib/projections/ecto.ex:97: Nexus.Identity.Projectors.UserRegistrationProjector.update_projection/3
    (commanded 1.4.9) lib/commanded/event/handler.ex:1221: Commanded.Event.Handler.delegate_event_to_handler/2
    (commanded 1.4.9) lib/commanded/event/handler.ex:1062: Commanded.Event.Handler.handle_event/3
    (elixir 1.19.5) lib/enum.ex:2520: Enum."-reduce/3-lists^foldl/2-0-"/3
    (commanded 1.4.9) lib/commanded/event/handler.ex:969: Commanded.Event.Handler.handle_info/2
    (stdlib 7.1) gen_server.erl:2434: :gen_server.try_handle_info/3
    (stdlib 7.1) gen_server.erl:2420: :gen_server.handle_msg/3
    (stdlib 7.1) proc_lib.erl:333: :proc_lib.init_p_do_apply/3

23:09:56.545 [warning] Nexus.Identity.Projectors.UserRegistrationProjector has requested to stop: %Postgrex.Error{message: nil, postgres: %{code: :undefined_column, line: "3721", message: "column i0.id does not exist", position: "8", file: "parse_relation.c", unknown: "ERROR", severity: "ERROR", pg_code: "42703", routine: "errorMissingColumn"}, connection_id: 3142, query: "SELECT i0.\"id\", i0.\"user_id\", i0.\"org_id\", i0.\"locale\", i0.\"timezone\", i0.\"notifications_enabled\", i0.\"created_at\", i0.\"updated_at\" FROM \"identity_user_settings\" AS i0 WHERE (i0.\"id\" = $1)"}
23:09:56.545 [debug] Nexus.Identity.Projectors.UserRegistrationProjector is shutting down due to %Postgrex.Error{message: nil, postgres: %{code: :undefined_column, line: "3721", message: "column i0.id does not exist", position: "8", file: "parse_relation.c", unknown: "ERROR", severity: "ERROR", pg_code: "42703", routine: "errorMissingColumn"}, connection_id: 3142, query: "SELECT i0.\"id\", i0.\"user_id\", i0.\"org_id\", i0.\"locale\", i0.\"timezone\", i0.\"notifications_enabled\", i0.\"created_at\", i0.\"updated_at\" FROM \"identity_user_settings\" AS i0 WHERE (i0.\"id\" = $1)"}
23:09:56.545 [error] GenServer {Nexus.App.LocalRegistry, {Nexus.App, Commanded.Event.Handler, "Identity.Projectors.UserRegistrationProjector"}} terminating
** (stop) %Postgrex.Error{message: nil, postgres: %{code: :undefined_column, line: "3721", message: "column i0.id does not exist", position: "8", file: "parse_relation.c", unknown: "ERROR", severity: "ERROR", pg_code: "42703", routine: "errorMissingColumn"}, connection_id: 3142, query: "SELECT i0.\"id\", i0.\"user_id\", i0.\"org_id\", i0.\"locale\", i0.\"timezone\", i0.\"notifications_enabled\", i0.\"created_at\", i0.\"updated_at\" FROM \"identity_user_settings\" AS i0 WHERE (i0.\"id\" = $1)"}
Last message: {:events, [%Commanded.EventStore.RecordedEvent{event_id: "282ec866-f518-44ed-95f6-7a535d6c3e25", event_number: 11262, stream_id: "019d0c26-0b00-74a0-bd6d-48329cf61a57", stream_version: 1, causation_id: "d64809a4-8402-4360-8536-99b7a0f860ca", correlation_id: "e0f4b4bb-483c-4914-aaaa-956d1587d67e", event_type: "Elixir.Nexus.Identity.Events.UserRegistered", data: %Nexus.Identity.Events.UserRegistered{user_id: "019d0c26-0b00-74a0-bd6d-48329cf61a57", org_id: "019d0c26-0b00-74a0-8884-24b7b734f296", email: "test@example.com", role: "system_admin", cose_key: "Ym9vdHN0cmFwX2Nvc2Vfa2V5", credential_id: "Ym9vdHN0cmFwX2NyZWRlbnRpYWxfaWQ=", registered_at: "2026-03-20T16:48:33.024173Z", display_name: "Test User", status: "active"}, created_at: ~U[2026-03-20 16:48:33.025211Z], metadata: %{"causation_id" => "019d0c26-0b00-71d0-a1d2-041f55e92cfc", "correlation_id" => "019d0c26-0b00-71d0-a1d2-041f55e92cfc"}}]}
State: %Commanded.Event.Handler{application: Nexus.App, consistency: :strong, handler_callback: :event, handler_name: "Identity.Projectors.UserRegistrationProjector", handler_module: Nexus.Identity.Projectors.UserRegistrationProjector, handler_state: nil, last_seen_event: nil, subscription: %Commanded.EventStore.Subscription{application: Nexus.App, backoff: {:backoff, 1000, 60000, 1000, :jitter, :undefined, :undefined}, concurrency: 1, partition_by: nil, subscribe_to: :all, subscribe_from: :origin, subscription_name: "Identity.Projectors.UserRegistrationProjector", subscription_opts: [], subscription_pid: #PID<0.1710.0>, subscription_ref: #Reference<0.504251661.3394502658.55502>}, subscribe_timer: nil}
23:09:56.545 [debug] Subscription "Identity.Projectors.UserRegistrationProjector"@"$all" subscriber #PID<0.1709.0> down due to: %Postgrex.Error{message: nil, postgres: %{code: :undefined_column, line: "3721", message: "column i0.id does not exist", position: "8", file: "parse_relation.c", unknown: "ERROR", severity: "ERROR", pg_code: "42703", routine: "errorMissingColumn"}, connection_id: 3142, query: "SELECT i0.\"id\", i0.\"user_id\", i0.\"org_id\", i0.\"locale\", i0.\"timezone\", i0.\"notifications_enabled\", i0.\"created_at\", i0.\"updated_at\" FROM \"identity_user_settings\" AS i0 WHERE (i0.\"id\" = $1)"}
23:09:56.545 [debug] Subscription "Identity.Projectors.UserRegistrationProjector"@"$all" has no subscribers, shutting down
23:09:56.545 [error] GenServer {Nexus.EventStore.EventStore.Subscriptions.Registry, {"$all", "Identity.Projectors.UserRegistrationProjector"}} terminating
** (stop) %Postgrex.Error{message: nil, postgres: %{code: :undefined_column, line: "3721", message: "column i0.id does not exist", position: "8", file: "parse_relation.c", unknown: "ERROR", severity: "ERROR", pg_code: "42703", routine: "errorMissingColumn"}, connection_id: 3142, query: "SELECT i0.\"id\", i0.\"user_id\", i0.\"org_id\", i0.\"locale\", i0.\"timezone\", i0.\"notifications_enabled\", i0.\"created_at\", i0.\"updated_at\" FROM \"identity_user_settings\" AS i0 WHERE (i0.\"id\" = $1)"}
Last message: {:DOWN, #Reference<0.504251661.3394502659.49568>, :process, #PID<0.1709.0>, %Postgrex.Error{message: nil, postgres: %{code: :undefined_column, line: "3721", message: "column i0.id does not exist", position: "8", file: "parse_relation.c", unknown: "ERROR", severity: "ERROR", pg_code: "42703", routine: "errorMissingColumn"}, connection_id: 3142, query: "SELECT i0.\"id\", i0.\"user_id\", i0.\"org_id\", i0.\"locale\", i0.\"timezone\", i0.\"notifications_enabled\", i0.\"created_at\", i0.\"updated_at\" FROM \"identity_user_settings\" AS i0 WHERE (i0.\"id\" = $1)"}}
State: %EventStore.Subscriptions.Subscription{stream_uuid: "$all", subscription_name: "Identity.Projectors.UserRegistrationProjector", subscription: %EventStore.Subscriptions.SubscriptionFsm{state: :unsubscribed, data: %EventStore.Subscriptions.SubscriptionState{conn: Nexus.EventStore.Postgrex, event_store: Nexus.EventStore, serializer: Commanded.Serialization.JsonSerializer, schema: "event_store", stream_uuid: "$all", start_from: 0, subscription_name: "Identity.Projectors.UserRegistrationProjector", subscription_id: 405, selector: nil, mapper: &Commanded.EventStore.Adapters.EventStore.Mapper.from_recorded_event/1, max_size: 1000, partition_by: nil, query_timeout: 15000, lock_ref: #Reference<0.504251661.3394502659.49581>, last_received: 12194, last_sent: 11262, last_ack: 11261, queue_size: 933, buffer_size: 1, checkpoint_after: 0, checkpoint_threshold: 1, checkpoint_timer_ref: nil, checkpoints_pending: 0, subscribers: %{}, partitions: %{nil: {[%EventStore.RecordedEvent{event_number: 12194, event_id: "3f8f3cbc-ea72-45a7-ab6d-12a43da50245", stream_uuid: "e55da693-c009-4afd-a56e-9b4ab3975acc", stream_version: 2, correlation_id: "e5500f71-9103-4737-8991-5eb165815e23", causation_id: "633094f8-6986-459b-9416-072dd0187fd9", event_type: "Elixir.Nexus.Identity.Events.SessionStarted", data: %Nexus.Identity.Events.SessionStarted{org_id: "84a4120a-ffd5-4f1d-8c8d-39a304840d78", user_id: "e55da693-c009-4afd-a56e-9b4ab3975acc", session_id: "418d0e43-cc2d-4727-80e0-b2438bf62242", session_token: "token123", user_agent: "Mozilla/5.0", ip_address: "127.0.0.1", started_at: "2026-03-20T23:09:56.072666Z"}, metadata: %{"causation_id" => "019d0d83-35e8-753f-984d-38ea338eda81", "correlation_id" => "019d0d83-35e8-753f-984d-38ea338eda81"}, created_at: ~U[2026-03-20 23:09:56.073170Z]}, %EventStore.RecordedEvent{event_number: 12193, event_id: "e88a74fa-5b0c-4b91-8cb5-06995a22261e", stream_uuid: "e55da693-c009-4afd-a56e-9b4ab3975acc", stream_version: 1, correlation_id: "9e656c1d-d0e4-4f46-bf33-1d95e39eba77", causation_id: "26eb51ca-d88e-4ba3-ac69-47b72ac05e07", event_type: "Elixir.Nexus.Identity.Events.UserRegistered", data: %Nexus.Identity.Events.UserRegistered{user_id: "e55da693-c009-4afd-a56e-9b4ab3975acc", org_id: "84a4120a-ffd5-4f1d-8c8d-39a304840d78", email: "test@example.com", role: "admin", cose_key: "dummy", credential_id: "dummy", registered_at: "2026-03-20T23:09:55.865334Z", display_name: "Test User", status: "active"}, metadata: %{"causation_id" => "019d0d83-3519-7150-9f84-629ff4c7083d", "correlation_id" => "019d0d83-3519-7150-9f84-629ff4c7083d"}, created_at: ~U[2026-03-20 23:09:55.869271Z]}, %EventStore.RecordedEvent{event_number: 12192, event_id: "9369472d-8342-4f67-bb09-dce99e1564a7", stream_uuid: "1cdc5b98-437f-46cd-b961-7f94b0c70951", stream_version: 1, correlation_id: "e360bbe5-91fe-4778-86d9-a6f47112ba01", causation_id: "52f95646-b2ab-41d6-bf6d-ab344ab03a52", event_type: "Elixir.Nexus.Intelligence.Events.SentimentScored", data: %Nexus.Intelligence.Events.SentimentScored{analysis_id: "1cdc5b98-437f-46cd-b961-7f94b0c70951", org_id: "9ee17310-2c39-46b6-95f5-570903b30cc6", source_id: "28559047-9a6a-4272-91c2-29d39b9fb8a9", sentiment: "neutral", confidence: 1.0, scored_at: "2026-03-20T23:09:55.852322Z"}, metadata: %{"causation_id" => "019d0d83-350c-7b9d-831a-294ad7368326", "correlation_id" => "019d0d83-350c-7b9d-831a-294ad7368326"}, created_at: ~U[2026-03-20 23:09:55.853288Z]}, %EventStore.RecordedEvent{event_number: 12191, event_id: "9b31ad65-078c-4754-b859-a6b48cf288b1", stream_uuid: "5de77d75-9239-459f-a7bf-fd6cc1d81616", stream_version: 1, correlation_id: "d3280ce6-50f3-4930-bbe9-4c6d6ebe4c3e", causation_id: "62545285-b05e-4958-b2d8-792040341ce7", ...}, ...], ...}}, ...}}, ...}
23:09:56.546 [debug] Nexus.Identity.Projectors.UserRegistrationProjector is shutting down due to {%Postgrex.Error{message: nil, postgres: %{code: :undefined_column, line: "3721", message: "column i0.id does not exist", position: "8", file: "parse_relation.c", unknown: "ERROR", severity: "ERROR", pg_code: "42703", routine: "errorMissingColumn"}, connection_id: 3142, query: "SELECT i0.\"id\", i0.\"user_id\", i0.\"org_id\", i0.\"locale\", i0.\"timezone\", i0.\"notifications_enabled\", i0.\"created_at\", i0.\"updated_at\" FROM \"identity_user_settings\" AS i0 WHERE (i0.\"id\" = $1)"}, {GenServer, :call, [#PID<0.1710.0>, {:connect, #PID<0.1711.0>, [retry_interval: 60000, hibernate_after: 15000, partition_by: nil, concurrency_limit: 1, name: Nexus.EventStore, mapper: &Commanded.EventStore.Adapters.EventStore.Mapper.from_recorded_event/1, conn: Nexus.EventStore.Postgrex, event_store: Nexus.EventStore, query_timeout: 15000, schema: "event_store", serializer: Commanded.Serialization.JsonSerializer, stream_uuid: "$all", subscription_name: "Identity.Projectors.UserRegistrationProjector", start_from: 0]}, 5000]}}
23:09:56.546 [error] GenServer {Nexus.App.LocalRegistry, {Nexus.App, Commanded.Event.Handler, "Identity.Projectors.UserRegistrationProjector"}} terminating
** (stop) exited in: GenServer.call(#PID<0.1710.0>, {:connect, #PID<0.1711.0>, [retry_interval: 60000, hibernate_after: 15000, partition_by: nil, concurrency_limit: 1, name: Nexus.EventStore, mapper: &Commanded.EventStore.Adapters.EventStore.Mapper.from_recorded_event/1, conn: Nexus.EventStore.Postgrex, event_store: Nexus.EventStore, query_timeout: 15000, schema: "event_store", serializer: Commanded.Serialization.JsonSerializer, stream_uuid: "$all", subscription_name: "Identity.Projectors.UserRegistrationProjector", start_from: 0]}, 5000)
    ** (EXIT) %Postgrex.Error{message: nil, postgres: %{code: :undefined_column, line: "3721", message: "column i0.id does not exist", position: "8", file: "parse_relation.c", unknown: "ERROR", severity: "ERROR", pg_code: "42703", routine: "errorMissingColumn"}, connection_id: 3142, query: "SELECT i0.\"id\", i0.\"user_id\", i0.\"org_id\", i0.\"locale\", i0.\"timezone\", i0.\"notifications_enabled\", i0.\"created_at\", i0.\"updated_at\" FROM \"identity_user_settings\" AS i0 WHERE (i0.\"id\" = $1)"}
    (elixir 1.19.5) lib/gen_server.ex:1142: GenServer.call/3
    (commanded 1.4.9) lib/commanded/event_store.ex:289: anonymous fn/2 in Commanded.EventStore.span/3
    (telemetry 1.3.0) /Users/bernard/dev/nexus/deps/telemetry/src/telemetry.erl:324: :telemetry.span/3
    (commanded 1.4.9) lib/commanded/event_store/subscription.ex:58: Commanded.EventStore.Subscription.subscribe/2
    (commanded 1.4.9) lib/commanded/event/handler.ex:1024: Commanded.Event.Handler.subscribe_to_events/1
    (commanded 1.4.9) lib/commanded/event/handler.ex:887: Commanded.Event.Handler.handle_continue/2
    (stdlib 7.1) gen_server.erl:2424: :gen_server.try_handle_continue/3
    (stdlib 7.1) gen_server.erl:2291: :gen_server.loop/4
    (stdlib 7.1) proc_lib.erl:333: :proc_lib.init_p_do_apply/3
Last message: {:continue, :subscribe_to_events}
State: %Commanded.Event.Handler{application: Nexus.App, consistency: :strong, handler_callback: :event, handler_name: "Identity.Projectors.UserRegistrationProjector", handler_module: Nexus.Identity.Projectors.UserRegistrationProjector, handler_state: nil, last_seen_event: nil, subscription: %Commanded.EventStore.Subscription{application: Nexus.App, backoff: {:backoff, 1000, 60000, 1000, :jitter, :undefined, :undefined}, concurrency: 1, partition_by: nil, subscribe_to: :all, subscribe_from: :origin, subscription_name: "Identity.Projectors.UserRegistrationProjector", subscription_opts: [], subscription_pid: nil, subscription_ref: nil}, subscribe_timer: nil}
23:09:56.547 [debug] Subscription "Identity.Projectors.UserRegistrationProjector"@"$all" attempting to connect subscriber #PID<0.1712.0>
23:09:56.547 [debug] Subscription "Identity.Projectors.UserRegistrationProjector"@"$all" catching-up
23:09:56.547 [debug] Nexus.Identity.Projectors.UserRegistrationProjector has successfully subscribed to event store
23:09:56.561 [debug] Nexus.Identity.Projectors.UserRegistrationProjector received events: [%Commanded.EventStore.RecordedEvent{event_id: "282ec866-f518-44ed-95f6-7a535d6c3e25", event_number: 11262, stream_id: "019d0c26-0b00-74a0-bd6d-48329cf61a57", stream_version: 1, causation_id: "d64809a4-8402-4360-8536-99b7a0f860ca", correlation_id: "e0f4b4bb-483c-4914-aaaa-956d1587d67e", event_type: "Elixir.Nexus.Identity.Events.UserRegistered", data: %Nexus.Identity.Events.UserRegistered{user_id: "019d0c26-0b00-74a0-bd6d-48329cf61a57", org_id: "019d0c26-0b00-74a0-8884-24b7b734f296", email: "test@example.com", role: "system_admin", cose_key: "Ym9vdHN0cmFwX2Nvc2Vfa2V5", credential_id: "Ym9vdHN0cmFwX2NyZWRlbnRpYWxfaWQ=", registered_at: "2026-03-20T16:48:33.024173Z", display_name: "Test User", status: "active"}, created_at: ~U[2026-03-20 16:48:33.025211Z], metadata: %{"causation_id" => "019d0c26-0b00-71d0-a1d2-041f55e92cfc", "correlation_id" => "019d0c26-0b00-71d0-a1d2-041f55e92cfc"}}]
23:09:56.561 [debug] QUERY OK db=0.1ms
begin []
23:09:56.562 [debug] QUERY OK source="projection_versions" db=0.1ms
INSERT INTO "projection_versions" AS p0 ("projection_name","last_seen_event_number","inserted_at","updated_at") VALUES ($1,$2,$3,$4) ON CONFLICT ("projection_name") DO UPDATE SET "last_seen_event_number" = $5 WHERE ((p0."projection_name" = $6) AND (p0."last_seen_event_number" < $7)) ["Identity.Projectors.UserRegistrationProjector", 11262, ~N[2026-03-20 23:09:56.561938], ~N[2026-03-20 23:09:56.561938], 11262, "Identity.Projectors.UserRegistrationProjector", 11262]
23:09:56.562 [debug] QUERY OK source="users" db=0.1ms
SELECT u0."id", u0."org_id", u0."email", u0."display_name", u0."status", u0."cose_key", u0."credential_id", u0."roles", u0."created_at", u0."updated_at" FROM "users" AS u0 WHERE (u0."id" = $1) ["019d0c26-0b00-74a0-bd6d-48329cf61a57"]
23:09:56.562 [debug] QUERY OK source="users" db=0.0ms
SELECT u0."id", u0."org_id", u0."email", u0."display_name", u0."status", u0."cose_key", u0."credential_id", u0."roles", u0."created_at", u0."updated_at" FROM "users" AS u0 WHERE (u0."email" = $1) ["test@example.com"]
23:09:56.562 [debug] QUERY OK source="users" db=0.1ms
INSERT INTO "users" ("id","status","org_id","email","display_name","roles","cose_key","credential_id","created_at","updated_at") VALUES ($1,$2,$3,$4,$5,$6,$7,$8,$9,$10) ["019d0c26-0b00-74a0-bd6d-48329cf61a57", "active", "019d0c26-0b00-74a0-8884-24b7b734f296", "test@example.com", "Test User", ["system_admin"], "bootstrap_cose_key", "bootstrap_credential_id", ~U[2026-03-20 23:09:56.562541Z], ~U[2026-03-20 23:09:56.562541Z]]
23:09:56.562 [debug] QUERY ERROR source="identity_user_settings" db=0.0ms
SELECT i0."id", i0."user_id", i0."org_id", i0."locale", i0."timezone", i0."notifications_enabled", i0."created_at", i0."updated_at" FROM "identity_user_settings" AS i0 WHERE (i0."id" = $1) ["019d0c26-0b00-74a0-bd6d-48329cf61a57"]
23:09:56.563 [debug] QUERY OK db=0.0ms
rollback []
23:09:56.564 [error] Nexus.Identity.Projectors.UserRegistrationProjector failed to handle event:
%Commanded.EventStore.RecordedEvent{
  event_id: "282ec866-f518-44ed-95f6-7a535d6c3e25",
  event_number: 11262,
  stream_id: "019d0c26-0b00-74a0-bd6d-48329cf61a57",
  stream_version: 1,
  causation_id: "d64809a4-8402-4360-8536-99b7a0f860ca",
  correlation_id: "e0f4b4bb-483c-4914-aaaa-956d1587d67e",
  event_type: "Elixir.Nexus.Identity.Events.UserRegistered",
  data: %Nexus.Identity.Events.UserRegistered{
    user_id: "019d0c26-0b00-74a0-bd6d-48329cf61a57",
    org_id: "019d0c26-0b00-74a0-8884-24b7b734f296",
    email: "test@example.com",
    role: "system_admin",
    cose_key: "Ym9vdHN0cmFwX2Nvc2Vfa2V5",
    credential_id: "Ym9vdHN0cmFwX2NyZWRlbnRpYWxfaWQ=",
    registered_at: "2026-03-20T16:48:33.024173Z",
    display_name: "Test User",
    status: "active"
  },
  created_at: ~U[2026-03-20 16:48:33.025211Z],
  metadata: %{
    "causation_id" => "019d0c26-0b00-71d0-a1d2-041f55e92cfc",
    "correlation_id" => "019d0c26-0b00-71d0-a1d2-041f55e92cfc"
  }
}, due to:
** (Postgrex.Error) ERROR 42703 (undefined_column) column i0.id does not exist

    query: SELECT i0."id", i0."user_id", i0."org_id", i0."locale", i0."timezone", i0."notifications_enabled", i0."created_at", i0."updated_at" FROM "identity_user_settings" AS i0 WHERE (i0."id" = $1)
    (ecto_sql 3.13.4) lib/ecto/adapters/sql.ex:1113: Ecto.Adapters.SQL.raise_sql_call_error/1
    (ecto_sql 3.13.4) lib/ecto/adapters/sql.ex:1011: Ecto.Adapters.SQL.execute/6
    (ecto 3.13.5) lib/ecto/repo/queryable.ex:241: Ecto.Repo.Queryable.execute/4
    (ecto 3.13.5) lib/ecto/repo/queryable.ex:19: Ecto.Repo.Queryable.all/3
    (ecto 3.13.5) lib/ecto/repo/queryable.ex:163: Ecto.Repo.Queryable.one/3
    (nexus 0.1.0) lib/nexus/identity/projectors/user_registration_projector.ex:53: anonymous fn/3 in Nexus.Identity.Projectors.UserRegistrationProjector.project_registration/3
    (ecto 3.13.5) lib/ecto/multi.ex:905: Ecto.Multi.apply_operation/5
    (elixir 1.19.5) lib/enum.ex:2520: Enum."-reduce/3-lists^foldl/2-0-"/3
    (ecto 3.13.5) lib/ecto/multi.ex:878: anonymous fn/5 in Ecto.Multi.apply_operations/5
    (ecto_sql 3.13.4) lib/ecto/adapters/sql.ex:1473: anonymous fn/3 in Ecto.Adapters.SQL.checkout_or_transaction/4
    (db_connection 2.9.0) lib/db_connection.ex:1747: DBConnection.run_transaction/4
    (ecto 3.13.5) lib/ecto/repo/transaction.ex:30: Ecto.Repo.Transaction.transact/4
    (nexus 0.1.0) deps/commanded_ecto_projections/lib/projections/ecto.ex:97: Nexus.Identity.Projectors.UserRegistrationProjector.update_projection/3
    (commanded 1.4.9) lib/commanded/event/handler.ex:1221: Commanded.Event.Handler.delegate_event_to_handler/2
    (commanded 1.4.9) lib/commanded/event/handler.ex:1062: Commanded.Event.Handler.handle_event/3
    (elixir 1.19.5) lib/enum.ex:2520: Enum."-reduce/3-lists^foldl/2-0-"/3
    (commanded 1.4.9) lib/commanded/event/handler.ex:969: Commanded.Event.Handler.handle_info/2
    (stdlib 7.1) gen_server.erl:2434: :gen_server.try_handle_info/3
    (stdlib 7.1) gen_server.erl:2420: :gen_server.handle_msg/3
    (stdlib 7.1) proc_lib.erl:333: :proc_lib.init_p_do_apply/3

23:09:56.564 [warning] Nexus.Identity.Projectors.UserRegistrationProjector has requested to stop: %Postgrex.Error{message: nil, postgres: %{code: :undefined_column, line: "3721", message: "column i0.id does not exist", position: "8", file: "parse_relation.c", unknown: "ERROR", severity: "ERROR", pg_code: "42703", routine: "errorMissingColumn"}, connection_id: 3142, query: "SELECT i0.\"id\", i0.\"user_id\", i0.\"org_id\", i0.\"locale\", i0.\"timezone\", i0.\"notifications_enabled\", i0.\"created_at\", i0.\"updated_at\" FROM \"identity_user_settings\" AS i0 WHERE (i0.\"id\" = $1)"}
23:09:56.564 [debug] Nexus.Identity.Projectors.UserRegistrationProjector is shutting down due to %Postgrex.Error{message: nil, postgres: %{code: :undefined_column, line: "3721", message: "column i0.id does not exist", position: "8", file: "parse_relation.c", unknown: "ERROR", severity: "ERROR", pg_code: "42703", routine: "errorMissingColumn"}, connection_id: 3142, query: "SELECT i0.\"id\", i0.\"user_id\", i0.\"org_id\", i0.\"locale\", i0.\"timezone\", i0.\"notifications_enabled\", i0.\"created_at\", i0.\"updated_at\" FROM \"identity_user_settings\" AS i0 WHERE (i0.\"id\" = $1)"}
23:09:56.564 [error] GenServer {Nexus.App.LocalRegistry, {Nexus.App, Commanded.Event.Handler, "Identity.Projectors.UserRegistrationProjector"}} terminating
** (stop) %Postgrex.Error{message: nil, postgres: %{code: :undefined_column, line: "3721", message: "column i0.id does not exist", position: "8", file: "parse_relation.c", unknown: "ERROR", severity: "ERROR", pg_code: "42703", routine: "errorMissingColumn"}, connection_id: 3142, query: "SELECT i0.\"id\", i0.\"user_id\", i0.\"org_id\", i0.\"locale\", i0.\"timezone\", i0.\"notifications_enabled\", i0.\"created_at\", i0.\"updated_at\" FROM \"identity_user_settings\" AS i0 WHERE (i0.\"id\" = $1)"}
Last message: {:events, [%Commanded.EventStore.RecordedEvent{event_id: "282ec866-f518-44ed-95f6-7a535d6c3e25", event_number: 11262, stream_id: "019d0c26-0b00-74a0-bd6d-48329cf61a57", stream_version: 1, causation_id: "d64809a4-8402-4360-8536-99b7a0f860ca", correlation_id: "e0f4b4bb-483c-4914-aaaa-956d1587d67e", event_type: "Elixir.Nexus.Identity.Events.UserRegistered", data: %Nexus.Identity.Events.UserRegistered{user_id: "019d0c26-0b00-74a0-bd6d-48329cf61a57", org_id: "019d0c26-0b00-74a0-8884-24b7b734f296", email: "test@example.com", role: "system_admin", cose_key: "Ym9vdHN0cmFwX2Nvc2Vfa2V5", credential_id: "Ym9vdHN0cmFwX2NyZWRlbnRpYWxfaWQ=", registered_at: "2026-03-20T16:48:33.024173Z", display_name: "Test User", status: "active"}, created_at: ~U[2026-03-20 16:48:33.025211Z], metadata: %{"causation_id" => "019d0c26-0b00-71d0-a1d2-041f55e92cfc", "correlation_id" => "019d0c26-0b00-71d0-a1d2-041f55e92cfc"}}]}
State: %Commanded.Event.Handler{application: Nexus.App, consistency: :strong, handler_callback: :event, handler_name: "Identity.Projectors.UserRegistrationProjector", handler_module: Nexus.Identity.Projectors.UserRegistrationProjector, handler_state: nil, last_seen_event: nil, subscription: %Commanded.EventStore.Subscription{application: Nexus.App, backoff: {:backoff, 1000, 60000, 1000, :jitter, :undefined, :undefined}, concurrency: 1, partition_by: nil, subscribe_to: :all, subscribe_from: :origin, subscription_name: "Identity.Projectors.UserRegistrationProjector", subscription_opts: [], subscription_pid: #PID<0.1713.0>, subscription_ref: #Reference<0.504251661.3394502657.93025>}, subscribe_timer: nil}
23:09:56.564 [debug] Subscription "Identity.Projectors.UserRegistrationProjector"@"$all" subscriber #PID<0.1712.0> down due to: %Postgrex.Error{message: nil, postgres: %{code: :undefined_column, line: "3721", message: "column i0.id does not exist", position: "8", file: "parse_relation.c", unknown: "ERROR", severity: "ERROR", pg_code: "42703", routine: "errorMissingColumn"}, connection_id: 3142, query: "SELECT i0.\"id\", i0.\"user_id\", i0.\"org_id\", i0.\"locale\", i0.\"timezone\", i0.\"notifications_enabled\", i0.\"created_at\", i0.\"updated_at\" FROM \"identity_user_settings\" AS i0 WHERE (i0.\"id\" = $1)"}
23:09:56.564 [debug] Subscription "Identity.Projectors.UserRegistrationProjector"@"$all" has no subscribers, shutting down
23:09:56.564 [error] GenServer {Nexus.EventStore.EventStore.Subscriptions.Registry, {"$all", "Identity.Projectors.UserRegistrationProjector"}} terminating
** (stop) %Postgrex.Error{message: nil, postgres: %{code: :undefined_column, line: "3721", message: "column i0.id does not exist", position: "8", file: "parse_relation.c", unknown: "ERROR", severity: "ERROR", pg_code: "42703", routine: "errorMissingColumn"}, connection_id: 3142, query: "SELECT i0.\"id\", i0.\"user_id\", i0.\"org_id\", i0.\"locale\", i0.\"timezone\", i0.\"notifications_enabled\", i0.\"created_at\", i0.\"updated_at\" FROM \"identity_user_settings\" AS i0 WHERE (i0.\"id\" = $1)"}
Last message: {:DOWN, #Reference<0.504251661.3394502658.55586>, :process, #PID<0.1712.0>, %Postgrex.Error{message: nil, postgres: %{code: :undefined_column, line: "3721", message: "column i0.id does not exist", position: "8", file: "parse_relation.c", unknown: "ERROR", severity: "ERROR", pg_code: "42703", routine: "errorMissingColumn"}, connection_id: 3142, query: "SELECT i0.\"id\", i0.\"user_id\", i0.\"org_id\", i0.\"locale\", i0.\"timezone\", i0.\"notifications_enabled\", i0.\"created_at\", i0.\"updated_at\" FROM \"identity_user_settings\" AS i0 WHERE (i0.\"id\" = $1)"}}
State: %EventStore.Subscriptions.Subscription{stream_uuid: "$all", subscription_name: "Identity.Projectors.UserRegistrationProjector", subscription: %EventStore.Subscriptions.SubscriptionFsm{state: :unsubscribed, data: %EventStore.Subscriptions.SubscriptionState{conn: Nexus.EventStore.Postgrex, event_store: Nexus.EventStore, serializer: Commanded.Serialization.JsonSerializer, schema: "event_store", stream_uuid: "$all", start_from: 0, subscription_name: "Identity.Projectors.UserRegistrationProjector", subscription_id: 405, selector: nil, mapper: &Commanded.EventStore.Adapters.EventStore.Mapper.from_recorded_event/1, max_size: 1000, partition_by: nil, query_timeout: 15000, lock_ref: #Reference<0.504251661.3394502659.49736>, last_received: 12194, last_sent: 11262, last_ack: 11261, queue_size: 933, buffer_size: 1, checkpoint_after: 0, checkpoint_threshold: 1, checkpoint_timer_ref: nil, checkpoints_pending: 0, subscribers: %{}, partitions: %{nil: {[%EventStore.RecordedEvent{event_number: 12194, event_id: "3f8f3cbc-ea72-45a7-ab6d-12a43da50245", stream_uuid: "e55da693-c009-4afd-a56e-9b4ab3975acc", stream_version: 2, correlation_id: "e5500f71-9103-4737-8991-5eb165815e23", causation_id: "633094f8-6986-459b-9416-072dd0187fd9", event_type: "Elixir.Nexus.Identity.Events.SessionStarted", data: %Nexus.Identity.Events.SessionStarted{org_id: "84a4120a-ffd5-4f1d-8c8d-39a304840d78", user_id: "e55da693-c009-4afd-a56e-9b4ab3975acc", session_id: "418d0e43-cc2d-4727-80e0-b2438bf62242", session_token: "token123", user_agent: "Mozilla/5.0", ip_address: "127.0.0.1", started_at: "2026-03-20T23:09:56.072666Z"}, metadata: %{"causation_id" => "019d0d83-35e8-753f-984d-38ea338eda81", "correlation_id" => "019d0d83-35e8-753f-984d-38ea338eda81"}, created_at: ~U[2026-03-20 23:09:56.073170Z]}, %EventStore.RecordedEvent{event_number: 12193, event_id: "e88a74fa-5b0c-4b91-8cb5-06995a22261e", stream_uuid: "e55da693-c009-4afd-a56e-9b4ab3975acc", stream_version: 1, correlation_id: "9e656c1d-d0e4-4f46-bf33-1d95e39eba77", causation_id: "26eb51ca-d88e-4ba3-ac69-47b72ac05e07", event_type: "Elixir.Nexus.Identity.Events.UserRegistered", data: %Nexus.Identity.Events.UserRegistered{user_id: "e55da693-c009-4afd-a56e-9b4ab3975acc", org_id: "84a4120a-ffd5-4f1d-8c8d-39a304840d78", email: "test@example.com", role: "admin", cose_key: "dummy", credential_id: "dummy", registered_at: "2026-03-20T23:09:55.865334Z", display_name: "Test User", status: "active"}, metadata: %{"causation_id" => "019d0d83-3519-7150-9f84-629ff4c7083d", "correlation_id" => "019d0d83-3519-7150-9f84-629ff4c7083d"}, created_at: ~U[2026-03-20 23:09:55.869271Z]}, %EventStore.RecordedEvent{event_number: 12192, event_id: "9369472d-8342-4f67-bb09-dce99e1564a7", stream_uuid: "1cdc5b98-437f-46cd-b961-7f94b0c70951", stream_version: 1, correlation_id: "e360bbe5-91fe-4778-86d9-a6f47112ba01", causation_id: "52f95646-b2ab-41d6-bf6d-ab344ab03a52", event_type: "Elixir.Nexus.Intelligence.Events.SentimentScored", data: %Nexus.Intelligence.Events.SentimentScored{analysis_id: "1cdc5b98-437f-46cd-b961-7f94b0c70951", org_id: "9ee17310-2c39-46b6-95f5-570903b30cc6", source_id: "28559047-9a6a-4272-91c2-29d39b9fb8a9", sentiment: "neutral", confidence: 1.0, scored_at: "2026-03-20T23:09:55.852322Z"}, metadata: %{"causation_id" => "019d0d83-350c-7b9d-831a-294ad7368326", "correlation_id" => "019d0d83-350c-7b9d-831a-294ad7368326"}, created_at: ~U[2026-03-20 23:09:55.853288Z]}, %EventStore.RecordedEvent{event_number: 12191, event_id: "9b31ad65-078c-4754-b859-a6b48cf288b1", stream_uuid: "5de77d75-9239-459f-a7bf-fd6cc1d81616", stream_version: 1, correlation_id: "d3280ce6-50f3-4930-bbe9-4c6d6ebe4c3e", causation_id: "62545285-b05e-4958-b2d8-792040341ce7", ...}, ...], ...}}, ...}}, ...}
23:09:56.565 [debug] Nexus.Identity.Projectors.UserRegistrationProjector is shutting down due to {%Postgrex.Error{message: nil, postgres: %{code: :undefined_column, line: "3721", message: "column i0.id does not exist", position: "8", file: "parse_relation.c", unknown: "ERROR", severity: "ERROR", pg_code: "42703", routine: "errorMissingColumn"}, connection_id: 3142, query: "SELECT i0.\"id\", i0.\"user_id\", i0.\"org_id\", i0.\"locale\", i0.\"timezone\", i0.\"notifications_enabled\", i0.\"created_at\", i0.\"updated_at\" FROM \"identity_user_settings\" AS i0 WHERE (i0.\"id\" = $1)"}, {GenServer, :call, [#PID<0.1713.0>, {:connect, #PID<0.1714.0>, [retry_interval: 60000, hibernate_after: 15000, partition_by: nil, concurrency_limit: 1, name: Nexus.EventStore, mapper: &Commanded.EventStore.Adapters.EventStore.Mapper.from_recorded_event/1, conn: Nexus.EventStore.Postgrex, event_store: Nexus.EventStore, query_timeout: 15000, schema: "event_store", serializer: Commanded.Serialization.JsonSerializer, stream_uuid: "$all", subscription_name: "Identity.Projectors.UserRegistrationProjector", start_from: 0]}, 5000]}}
23:09:56.565 [error] GenServer {Nexus.App.LocalRegistry, {Nexus.App, Commanded.Event.Handler, "Identity.Projectors.UserRegistrationProjector"}} terminating
** (stop) exited in: GenServer.call(#PID<0.1713.0>, {:connect, #PID<0.1714.0>, [retry_interval: 60000, hibernate_after: 15000, partition_by: nil, concurrency_limit: 1, name: Nexus.EventStore, mapper: &Commanded.EventStore.Adapters.EventStore.Mapper.from_recorded_event/1, conn: Nexus.EventStore.Postgrex, event_store: Nexus.EventStore, query_timeout: 15000, schema: "event_store", serializer: Commanded.Serialization.JsonSerializer, stream_uuid: "$all", subscription_name: "Identity.Projectors.UserRegistrationProjector", start_from: 0]}, 5000)
    ** (EXIT) %Postgrex.Error{message: nil, postgres: %{code: :undefined_column, line: "3721", message: "column i0.id does not exist", position: "8", file: "parse_relation.c", unknown: "ERROR", severity: "ERROR", pg_code: "42703", routine: "errorMissingColumn"}, connection_id: 3142, query: "SELECT i0.\"id\", i0.\"user_id\", i0.\"org_id\", i0.\"locale\", i0.\"timezone\", i0.\"notifications_enabled\", i0.\"created_at\", i0.\"updated_at\" FROM \"identity_user_settings\" AS i0 WHERE (i0.\"id\" = $1)"}
    (elixir 1.19.5) lib/gen_server.ex:1142: GenServer.call/3
    (commanded 1.4.9) lib/commanded/event_store.ex:289: anonymous fn/2 in Commanded.EventStore.span/3
    (telemetry 1.3.0) /Users/bernard/dev/nexus/deps/telemetry/src/telemetry.erl:324: :telemetry.span/3
    (commanded 1.4.9) lib/commanded/event_store/subscription.ex:58: Commanded.EventStore.Subscription.subscribe/2
    (commanded 1.4.9) lib/commanded/event/handler.ex:1024: Commanded.Event.Handler.subscribe_to_events/1
    (commanded 1.4.9) lib/commanded/event/handler.ex:887: Commanded.Event.Handler.handle_continue/2
    (stdlib 7.1) gen_server.erl:2424: :gen_server.try_handle_continue/3
    (stdlib 7.1) gen_server.erl:2291: :gen_server.loop/4
    (stdlib 7.1) proc_lib.erl:333: :proc_lib.init_p_do_apply/3
Last message: {:continue, :subscribe_to_events}
State: %Commanded.Event.Handler{application: Nexus.App, consistency: :strong, handler_callback: :event, handler_name: "Identity.Projectors.UserRegistrationProjector", handler_module: Nexus.Identity.Projectors.UserRegistrationProjector, handler_state: nil, last_seen_event: nil, subscription: %Commanded.EventStore.Subscription{application: Nexus.App, backoff: {:backoff, 1000, 60000, 1000, :jitter, :undefined, :undefined}, concurrency: 1, partition_by: nil, subscribe_to: :all, subscribe_from: :origin, subscription_name: "Identity.Projectors.UserRegistrationProjector", subscription_opts: [], subscription_pid: nil, subscription_ref: nil}, subscribe_timer: nil}
23:09:56.565 [debug] Subscription "Identity.Projectors.UserRegistrationProjector"@"$all" attempting to connect subscriber #PID<0.1715.0>
23:09:56.566 [debug] Subscription "Identity.Projectors.UserRegistrationProjector"@"$all" catching-up
23:09:56.566 [debug] Nexus.Identity.Projectors.UserRegistrationProjector has successfully subscribed to event store
23:09:56.579 [debug] QUERY OK source="identity_user_sessions" db=0.3ms queue=0.2ms
SELECT i0."id", i0."org_id", i0."user_id", i0."session_token", i0."user_agent", i0."ip_address", i0."last_active_at", i0."is_expired", i0."created_at", i0."updated_at" FROM "identity_user_sessions" AS i0 WHERE (i0."id" = $1) ["418d0e43-cc2d-4727-80e0-b2438bf62242"]
23:09:56.579 [debug] Nexus.Identity.Projectors.UserProjector is shutting down due to :shutdown
.23:09:56.579 [debug] Subscription "Identity.Projectors.UserProjector"@"$all" subscriber #PID<0.1604.0> down due to: :shutdown
23:09:56.579 [debug] Subscription "Identity.Projectors.UserProjector"@"$all" has no subscribers, shutting down
23:09:56.579 [debug] Nexus.Identity.Projectors.UserRegistrationProjector is shutting down due to :shutdown
23:09:56.579 [debug] Subscription "Identity.Projectors.UserProjector"@"$all" attempting to connect subscriber #PID<0.1723.0>
23:09:56.579 [debug] Locating aggregate process for `Nexus.Identity.Aggregates.User` with UUID "a6d32835-04fe-47c3-93c7-50750f4c0025"
23:09:56.580 [debug] Subscription "Identity.Projectors.UserProjector"@"$all" catching-up
23:09:56.580 [debug] Nexus.Identity.Projectors.UserProjector has successfully subscribed to event store
23:09:56.580 [debug] Nexus.Identity.Aggregates.User<a6d32835-04fe-47c3-93c7-50750f4c0025@0> executing command: %Nexus.Identity.Commands.RegisterUser{user_id: "a6d32835-04fe-47c3-93c7-50750f4c0025", org_id: "aefc3981-97e0-4a44-a442-807e9d7b3892", email: "test@example.com", cose_key: "dummy", credential_id: "dummy", role: "admin", display_name: "Test User", registered_at: ~U[2026-03-20 23:09:56.579831Z]}
23:09:56.583 [debug] Subscription "Identity.Projectors.UserRegistrationProjector"@"$all" subscriber #PID<0.1715.0> down due to: :shutdown
23:09:56.583 [debug] Subscription "Identity.Projectors.UserRegistrationProjector"@"$all" has no subscribers, shutting down
23:09:56.583 [debug] Nexus.Identity.Projectors.UserRegistrationProjector is shutting down due to {:shutdown, {GenServer, :call, [#PID<0.1716.0>, {:connect, #PID<0.1722.0>, [retry_interval: 60000, hibernate_after: 15000, partition_by: nil, concurrency_limit: 1, name: Nexus.EventStore, mapper: &Commanded.EventStore.Adapters.EventStore.Mapper.from_recorded_event/1, conn: Nexus.EventStore.Postgrex, event_store: Nexus.EventStore, query_timeout: 15000, schema: "event_store", serializer: Commanded.Serialization.JsonSerializer, stream_uuid: "$all", subscription_name: "Identity.Projectors.UserRegistrationProjector", start_from: 0]}, 5000]}}
23:09:56.583 [debug] Subscription "Identity.Projectors.UserRegistrationProjector"@"$all" attempting to connect subscriber #PID<0.1727.0>
23:09:56.583 [debug] Subscription "Identity.Projectors.UserRegistrationProjector"@"$all" catching-up
23:09:56.583 [debug] Nexus.Identity.Projectors.UserRegistrationProjector has successfully subscribed to event store
23:09:56.584 [debug] Appended 1 event(s) to stream "a6d32835-04fe-47c3-93c7-50750f4c0025"
23:09:56.584 [debug] Listener received notification on channel "event_store.events" with payload: "a6d32835-04fe-47c3-93c7-50750f4c0025,8620,1,1"
23:09:56.584 [debug] Listener received notification on channel "event_store.events" with payload: "$all,0,12195,12195"
23:09:56.584 [debug] Nexus.Identity.Aggregates.User<a6d32835-04fe-47c3-93c7-50750f4c0025@1> received events: [%Commanded.EventStore.RecordedEvent{event_id: "63cf0cf3-679d-4adb-a5fc-1b7c8cdfe448", event_number: 1, stream_id: "a6d32835-04fe-47c3-93c7-50750f4c0025", stream_version: 1, causation_id: "0f27ee9d-27db-4e8b-8f2d-6a8556a5e9d4", correlation_id: "4b130646-5380-41f3-b6df-9abfd1ed0d92", event_type: "Elixir.Nexus.Identity.Events.UserRegistered", data: %Nexus.Identity.Events.UserRegistered{user_id: "a6d32835-04fe-47c3-93c7-50750f4c0025", org_id: "aefc3981-97e0-4a44-a442-807e9d7b3892", email: "test@example.com", role: "admin", cose_key: "dummy", credential_id: "dummy", registered_at: "2026-03-20T23:09:56.579831Z", display_name: "Test User", status: "active"}, created_at: ~U[2026-03-20 23:09:56.581065Z], metadata: %{"causation_id" => "019d0d83-37e3-7671-991d-f18a42a53090", "correlation_id" => "019d0d83-37e3-7671-991d-f18a42a53090"}}]
23:09:56.585 [debug] Subscription "Identity.Projectors.UserProjector"@"$all" received 1 event(s)
23:09:56.585 [debug] Subscription "Identity.Projectors.UserProjector"@"$all" is enqueueing 1 event(s)
23:09:56.585 [debug] Nexus.Identity.Projectors.UserProjector received events: [%Commanded.EventStore.RecordedEvent{event_id: "63cf0cf3-679d-4adb-a5fc-1b7c8cdfe448", event_number: 12195, stream_id: "a6d32835-04fe-47c3-93c7-50750f4c0025", stream_version: 1, causation_id: "0f27ee9d-27db-4e8b-8f2d-6a8556a5e9d4", correlation_id: "4b130646-5380-41f3-b6df-9abfd1ed0d92", event_type: "Elixir.Nexus.Identity.Events.UserRegistered", data: %Nexus.Identity.Events.UserRegistered{user_id: "a6d32835-04fe-47c3-93c7-50750f4c0025", org_id: "aefc3981-97e0-4a44-a442-807e9d7b3892", email: "test@example.com", role: "admin", cose_key: "dummy", credential_id: "dummy", registered_at: "2026-03-20T23:09:56.579831Z", display_name: "Test User", status: "active"}, created_at: ~U[2026-03-20 23:09:56.581065Z], metadata: %{"causation_id" => "019d0d83-37e3-7671-991d-f18a42a53090", "correlation_id" => "019d0d83-37e3-7671-991d-f18a42a53090"}}]
23:09:56.585 [debug] Nexus.Identity.Projectors.UserProjector confirming receipt of event #12195 of events: [%Commanded.EventStore.RecordedEvent{event_id: "63cf0cf3-679d-4adb-a5fc-1b7c8cdfe448", event_number: 12195, stream_id: "a6d32835-04fe-47c3-93c7-50750f4c0025", stream_version: 1, causation_id: "0f27ee9d-27db-4e8b-8f2d-6a8556a5e9d4", correlation_id: "4b130646-5380-41f3-b6df-9abfd1ed0d92", event_type: "Elixir.Nexus.Identity.Events.UserRegistered", data: %Nexus.Identity.Events.UserRegistered{user_id: "a6d32835-04fe-47c3-93c7-50750f4c0025", org_id: "aefc3981-97e0-4a44-a442-807e9d7b3892", email: "test@example.com", role: "admin", cose_key: "dummy", credential_id: "dummy", registered_at: "2026-03-20T23:09:56.579831Z", display_name: "Test User", status: "active"}, created_at: ~U[2026-03-20 23:09:56.581065Z], metadata: %{"causation_id" => "019d0d83-37e3-7671-991d-f18a42a53090", "correlation_id" => "019d0d83-37e3-7671-991d-f18a42a53090"}}]
23:09:56.595 [debug] Subscription "Identity.Projectors.UserRegistrationProjector"@"$all" received 1 event(s)
23:09:56.595 [debug] Nexus.Identity.Projectors.UserRegistrationProjector received events: [%Commanded.EventStore.RecordedEvent{event_id: "282ec866-f518-44ed-95f6-7a535d6c3e25", event_number: 11262, stream_id: "019d0c26-0b00-74a0-bd6d-48329cf61a57", stream_version: 1, causation_id: "d64809a4-8402-4360-8536-99b7a0f860ca", correlation_id: "e0f4b4bb-483c-4914-aaaa-956d1587d67e", event_type: "Elixir.Nexus.Identity.Events.UserRegistered", data: %Nexus.Identity.Events.UserRegistered{user_id: "019d0c26-0b00-74a0-bd6d-48329cf61a57", org_id: "019d0c26-0b00-74a0-8884-24b7b734f296", email: "test@example.com", role: "system_admin", cose_key: "Ym9vdHN0cmFwX2Nvc2Vfa2V5", credential_id: "Ym9vdHN0cmFwX2NyZWRlbnRpYWxfaWQ=", registered_at: "2026-03-20T16:48:33.024173Z", display_name: "Test User", status: "active"}, created_at: ~U[2026-03-20 16:48:33.025211Z], metadata: %{"causation_id" => "019d0c26-0b00-71d0-a1d2-041f55e92cfc", "correlation_id" => "019d0c26-0b00-71d0-a1d2-041f55e92cfc"}}]
23:09:56.595 [debug] QUERY OK db=0.1ms
begin []
23:09:56.595 [debug] QUERY OK source="projection_versions" db=0.2ms
INSERT INTO "projection_versions" AS p0 ("projection_name","last_seen_event_number","inserted_at","updated_at") VALUES ($1,$2,$3,$4) ON CONFLICT ("projection_name") DO UPDATE SET "last_seen_event_number" = $5 WHERE ((p0."projection_name" = $6) AND (p0."last_seen_event_number" < $7)) ["Identity.Projectors.UserRegistrationProjector", 11262, ~N[2026-03-20 23:09:56.595563], ~N[2026-03-20 23:09:56.595563], 11262, "Identity.Projectors.UserRegistrationProjector", 11262]
23:09:56.596 [debug] QUERY OK source="users" db=0.1ms
SELECT u0."id", u0."org_id", u0."email", u0."display_name", u0."status", u0."cose_key", u0."credential_id", u0."roles", u0."created_at", u0."updated_at" FROM "users" AS u0 WHERE (u0."id" = $1) ["019d0c26-0b00-74a0-bd6d-48329cf61a57"]
23:09:56.596 [debug] QUERY OK source="users" db=0.2ms
SELECT u0."id", u0."org_id", u0."email", u0."display_name", u0."status", u0."cose_key", u0."credential_id", u0."roles", u0."created_at", u0."updated_at" FROM "users" AS u0 WHERE (u0."email" = $1) ["test@example.com"]
23:09:56.596 [debug] QUERY OK source="users" db=0.1ms
INSERT INTO "users" ("id","status","org_id","email","display_name","roles","cose_key","credential_id","created_at","updated_at") VALUES ($1,$2,$3,$4,$5,$6,$7,$8,$9,$10) ["019d0c26-0b00-74a0-bd6d-48329cf61a57", "active", "019d0c26-0b00-74a0-8884-24b7b734f296", "test@example.com", "Test User", ["system_admin"], "bootstrap_cose_key", "bootstrap_credential_id", ~U[2026-03-20 23:09:56.596466Z], ~U[2026-03-20 23:09:56.596466Z]]
23:09:56.596 [debug] QUERY ERROR source="identity_user_settings" db=0.0ms
SELECT i0."id", i0."user_id", i0."org_id", i0."locale", i0."timezone", i0."notifications_enabled", i0."created_at", i0."updated_at" FROM "identity_user_settings" AS i0 WHERE (i0."id" = $1) ["019d0c26-0b00-74a0-bd6d-48329cf61a57"]
23:09:56.597 [debug] QUERY OK db=0.1ms
rollback []
23:09:56.598 [error] Nexus.Identity.Projectors.UserRegistrationProjector failed to handle event:
%Commanded.EventStore.RecordedEvent{
  event_id: "282ec866-f518-44ed-95f6-7a535d6c3e25",
  event_number: 11262,
  stream_id: "019d0c26-0b00-74a0-bd6d-48329cf61a57",
  stream_version: 1,
  causation_id: "d64809a4-8402-4360-8536-99b7a0f860ca",
  correlation_id: "e0f4b4bb-483c-4914-aaaa-956d1587d67e",
  event_type: "Elixir.Nexus.Identity.Events.UserRegistered",
  data: %Nexus.Identity.Events.UserRegistered{
    user_id: "019d0c26-0b00-74a0-bd6d-48329cf61a57",
    org_id: "019d0c26-0b00-74a0-8884-24b7b734f296",
    email: "test@example.com",
    role: "system_admin",
    cose_key: "Ym9vdHN0cmFwX2Nvc2Vfa2V5",
    credential_id: "Ym9vdHN0cmFwX2NyZWRlbnRpYWxfaWQ=",
    registered_at: "2026-03-20T16:48:33.024173Z",
    display_name: "Test User",
    status: "active"
  },
  created_at: ~U[2026-03-20 16:48:33.025211Z],
  metadata: %{
    "causation_id" => "019d0c26-0b00-71d0-a1d2-041f55e92cfc",
    "correlation_id" => "019d0c26-0b00-71d0-a1d2-041f55e92cfc"
  }
}, due to:
** (Postgrex.Error) ERROR 42703 (undefined_column) column i0.id does not exist

    query: SELECT i0."id", i0."user_id", i0."org_id", i0."locale", i0."timezone", i0."notifications_enabled", i0."created_at", i0."updated_at" FROM "identity_user_settings" AS i0 WHERE (i0."id" = $1)
    (ecto_sql 3.13.4) lib/ecto/adapters/sql.ex:1113: Ecto.Adapters.SQL.raise_sql_call_error/1
    (ecto_sql 3.13.4) lib/ecto/adapters/sql.ex:1011: Ecto.Adapters.SQL.execute/6
    (ecto 3.13.5) lib/ecto/repo/queryable.ex:241: Ecto.Repo.Queryable.execute/4
    (ecto 3.13.5) lib/ecto/repo/queryable.ex:19: Ecto.Repo.Queryable.all/3
    (ecto 3.13.5) lib/ecto/repo/queryable.ex:163: Ecto.Repo.Queryable.one/3
    (nexus 0.1.0) lib/nexus/identity/projectors/user_registration_projector.ex:53: anonymous fn/3 in Nexus.Identity.Projectors.UserRegistrationProjector.project_registration/3
    (ecto 3.13.5) lib/ecto/multi.ex:905: Ecto.Multi.apply_operation/5
    (elixir 1.19.5) lib/enum.ex:2520: Enum."-reduce/3-lists^foldl/2-0-"/3
    (ecto 3.13.5) lib/ecto/multi.ex:878: anonymous fn/5 in Ecto.Multi.apply_operations/5
    (ecto_sql 3.13.4) lib/ecto/adapters/sql.ex:1473: anonymous fn/3 in Ecto.Adapters.SQL.checkout_or_transaction/4
    (db_connection 2.9.0) lib/db_connection.ex:1747: DBConnection.run_transaction/4
    (ecto 3.13.5) lib/ecto/repo/transaction.ex:30: Ecto.Repo.Transaction.transact/4
    (nexus 0.1.0) deps/commanded_ecto_projections/lib/projections/ecto.ex:97: Nexus.Identity.Projectors.UserRegistrationProjector.update_projection/3
    (commanded 1.4.9) lib/commanded/event/handler.ex:1221: Commanded.Event.Handler.delegate_event_to_handler/2
    (commanded 1.4.9) lib/commanded/event/handler.ex:1062: Commanded.Event.Handler.handle_event/3
    (elixir 1.19.5) lib/enum.ex:2520: Enum."-reduce/3-lists^foldl/2-0-"/3
    (commanded 1.4.9) lib/commanded/event/handler.ex:969: Commanded.Event.Handler.handle_info/2
    (stdlib 7.1) gen_server.erl:2434: :gen_server.try_handle_info/3
    (stdlib 7.1) gen_server.erl:2420: :gen_server.handle_msg/3
    (stdlib 7.1) proc_lib.erl:333: :proc_lib.init_p_do_apply/3

23:09:56.598 [warning] Nexus.Identity.Projectors.UserRegistrationProjector has requested to stop: %Postgrex.Error{message: nil, postgres: %{code: :undefined_column, line: "3721", message: "column i0.id does not exist", position: "8", file: "parse_relation.c", unknown: "ERROR", severity: "ERROR", pg_code: "42703", routine: "errorMissingColumn"}, connection_id: 3158, query: "SELECT i0.\"id\", i0.\"user_id\", i0.\"org_id\", i0.\"locale\", i0.\"timezone\", i0.\"notifications_enabled\", i0.\"created_at\", i0.\"updated_at\" FROM \"identity_user_settings\" AS i0 WHERE (i0.\"id\" = $1)"}
23:09:56.598 [debug] Nexus.Identity.Projectors.UserRegistrationProjector is shutting down due to %Postgrex.Error{message: nil, postgres: %{code: :undefined_column, line: "3721", message: "column i0.id does not exist", position: "8", file: "parse_relation.c", unknown: "ERROR", severity: "ERROR", pg_code: "42703", routine: "errorMissingColumn"}, connection_id: 3158, query: "SELECT i0.\"id\", i0.\"user_id\", i0.\"org_id\", i0.\"locale\", i0.\"timezone\", i0.\"notifications_enabled\", i0.\"created_at\", i0.\"updated_at\" FROM \"identity_user_settings\" AS i0 WHERE (i0.\"id\" = $1)"}
23:09:56.598 [error] GenServer {Nexus.App.LocalRegistry, {Nexus.App, Commanded.Event.Handler, "Identity.Projectors.UserRegistrationProjector"}} terminating
** (stop) %Postgrex.Error{message: nil, postgres: %{code: :undefined_column, line: "3721", message: "column i0.id does not exist", position: "8", file: "parse_relation.c", unknown: "ERROR", severity: "ERROR", pg_code: "42703", routine: "errorMissingColumn"}, connection_id: 3158, query: "SELECT i0.\"id\", i0.\"user_id\", i0.\"org_id\", i0.\"locale\", i0.\"timezone\", i0.\"notifications_enabled\", i0.\"created_at\", i0.\"updated_at\" FROM \"identity_user_settings\" AS i0 WHERE (i0.\"id\" = $1)"}
Last message: {:events, [%Commanded.EventStore.RecordedEvent{event_id: "282ec866-f518-44ed-95f6-7a535d6c3e25", event_number: 11262, stream_id: "019d0c26-0b00-74a0-bd6d-48329cf61a57", stream_version: 1, causation_id: "d64809a4-8402-4360-8536-99b7a0f860ca", correlation_id: "e0f4b4bb-483c-4914-aaaa-956d1587d67e", event_type: "Elixir.Nexus.Identity.Events.UserRegistered", data: %Nexus.Identity.Events.UserRegistered{user_id: "019d0c26-0b00-74a0-bd6d-48329cf61a57", org_id: "019d0c26-0b00-74a0-8884-24b7b734f296", email: "test@example.com", role: "system_admin", cose_key: "Ym9vdHN0cmFwX2Nvc2Vfa2V5", credential_id: "Ym9vdHN0cmFwX2NyZWRlbnRpYWxfaWQ=", registered_at: "2026-03-20T16:48:33.024173Z", display_name: "Test User", status: "active"}, created_at: ~U[2026-03-20 16:48:33.025211Z], metadata: %{"causation_id" => "019d0c26-0b00-71d0-a1d2-041f55e92cfc", "correlation_id" => "019d0c26-0b00-71d0-a1d2-041f55e92cfc"}}]}
State: %Commanded.Event.Handler{application: Nexus.App, consistency: :strong, handler_callback: :event, handler_name: "Identity.Projectors.UserRegistrationProjector", handler_module: Nexus.Identity.Projectors.UserRegistrationProjector, handler_state: nil, last_seen_event: nil, subscription: %Commanded.EventStore.Subscription{application: Nexus.App, backoff: {:backoff, 1000, 60000, 1000, :jitter, :undefined, :undefined}, concurrency: 1, partition_by: nil, subscribe_to: :all, subscribe_from: :origin, subscription_name: "Identity.Projectors.UserRegistrationProjector", subscription_opts: [], subscription_pid: #PID<0.1728.0>, subscription_ref: #Reference<0.504251661.3394502658.55783>}, subscribe_timer: nil}
23:09:56.598 [debug] Subscription "Identity.Projectors.UserRegistrationProjector"@"$all" subscriber #PID<0.1727.0> down due to: %Postgrex.Error{message: nil, postgres: %{code: :undefined_column, line: "3721", message: "column i0.id does not exist", position: "8", file: "parse_relation.c", unknown: "ERROR", severity: "ERROR", pg_code: "42703", routine: "errorMissingColumn"}, connection_id: 3158, query: "SELECT i0.\"id\", i0.\"user_id\", i0.\"org_id\", i0.\"locale\", i0.\"timezone\", i0.\"notifications_enabled\", i0.\"created_at\", i0.\"updated_at\" FROM \"identity_user_settings\" AS i0 WHERE (i0.\"id\" = $1)"}
23:09:56.598 [debug] Subscription "Identity.Projectors.UserRegistrationProjector"@"$all" has no subscribers, shutting down
23:09:56.598 [error] GenServer {Nexus.EventStore.EventStore.Subscriptions.Registry, {"$all", "Identity.Projectors.UserRegistrationProjector"}} terminating
** (stop) %Postgrex.Error{message: nil, postgres: %{code: :undefined_column, line: "3721", message: "column i0.id does not exist", position: "8", file: "parse_relation.c", unknown: "ERROR", severity: "ERROR", pg_code: "42703", routine: "errorMissingColumn"}, connection_id: 3158, query: "SELECT i0.\"id\", i0.\"user_id\", i0.\"org_id\", i0.\"locale\", i0.\"timezone\", i0.\"notifications_enabled\", i0.\"created_at\", i0.\"updated_at\" FROM \"identity_user_settings\" AS i0 WHERE (i0.\"id\" = $1)"}
Last message: {:DOWN, #Reference<0.504251661.3394502658.55770>, :process, #PID<0.1727.0>, %Postgrex.Error{message: nil, postgres: %{code: :undefined_column, line: "3721", message: "column i0.id does not exist", position: "8", file: "parse_relation.c", unknown: "ERROR", severity: "ERROR", pg_code: "42703", routine: "errorMissingColumn"}, connection_id: 3158, query: "SELECT i0.\"id\", i0.\"user_id\", i0.\"org_id\", i0.\"locale\", i0.\"timezone\", i0.\"notifications_enabled\", i0.\"created_at\", i0.\"updated_at\" FROM \"identity_user_settings\" AS i0 WHERE (i0.\"id\" = $1)"}}
State: %EventStore.Subscriptions.Subscription{stream_uuid: "$all", subscription_name: "Identity.Projectors.UserRegistrationProjector", subscription: %EventStore.Subscriptions.SubscriptionFsm{state: :unsubscribed, data: %EventStore.Subscriptions.SubscriptionState{conn: Nexus.EventStore.Postgrex, event_store: Nexus.EventStore, serializer: Commanded.Serialization.JsonSerializer, schema: "event_store", stream_uuid: "$all", start_from: 0, subscription_name: "Identity.Projectors.UserRegistrationProjector", subscription_id: 405, selector: nil, mapper: &Commanded.EventStore.Adapters.EventStore.Mapper.from_recorded_event/1, max_size: 1000, partition_by: nil, query_timeout: 15000, lock_ref: #Reference<0.504251661.3394502658.55780>, last_received: 12195, last_sent: 11262, last_ack: 11261, queue_size: 934, buffer_size: 1, checkpoint_after: 0, checkpoint_threshold: 1, checkpoint_timer_ref: nil, checkpoints_pending: 0, subscribers: %{}, partitions: %{nil: {[%EventStore.RecordedEvent{event_number: 12195, event_id: "63cf0cf3-679d-4adb-a5fc-1b7c8cdfe448", stream_uuid: "a6d32835-04fe-47c3-93c7-50750f4c0025", stream_version: 1, correlation_id: "4b130646-5380-41f3-b6df-9abfd1ed0d92", causation_id: "0f27ee9d-27db-4e8b-8f2d-6a8556a5e9d4", event_type: "Elixir.Nexus.Identity.Events.UserRegistered", data: %Nexus.Identity.Events.UserRegistered{user_id: "a6d32835-04fe-47c3-93c7-50750f4c0025", org_id: "aefc3981-97e0-4a44-a442-807e9d7b3892", email: "test@example.com", role: "admin", cose_key: "dummy", credential_id: "dummy", registered_at: "2026-03-20T23:09:56.579831Z", display_name: "Test User", status: "active"}, metadata: %{"causation_id" => "019d0d83-37e3-7671-991d-f18a42a53090", "correlation_id" => "019d0d83-37e3-7671-991d-f18a42a53090"}, created_at: ~U[2026-03-20 23:09:56.581065Z]}, %EventStore.RecordedEvent{event_number: 12194, event_id: "3f8f3cbc-ea72-45a7-ab6d-12a43da50245", stream_uuid: "e55da693-c009-4afd-a56e-9b4ab3975acc", stream_version: 2, correlation_id: "e5500f71-9103-4737-8991-5eb165815e23", causation_id: "633094f8-6986-459b-9416-072dd0187fd9", event_type: "Elixir.Nexus.Identity.Events.SessionStarted", data: %Nexus.Identity.Events.SessionStarted{org_id: "84a4120a-ffd5-4f1d-8c8d-39a304840d78", user_id: "e55da693-c009-4afd-a56e-9b4ab3975acc", session_id: "418d0e43-cc2d-4727-80e0-b2438bf62242", session_token: "token123", user_agent: "Mozilla/5.0", ip_address: "127.0.0.1", started_at: "2026-03-20T23:09:56.072666Z"}, metadata: %{"causation_id" => "019d0d83-35e8-753f-984d-38ea338eda81", "correlation_id" => "019d0d83-35e8-753f-984d-38ea338eda81"}, created_at: ~U[2026-03-20 23:09:56.073170Z]}, %EventStore.RecordedEvent{event_number: 12193, event_id: "e88a74fa-5b0c-4b91-8cb5-06995a22261e", stream_uuid: "e55da693-c009-4afd-a56e-9b4ab3975acc", stream_version: 1, correlation_id: "9e656c1d-d0e4-4f46-bf33-1d95e39eba77", causation_id: "26eb51ca-d88e-4ba3-ac69-47b72ac05e07", event_type: "Elixir.Nexus.Identity.Events.UserRegistered", data: %Nexus.Identity.Events.UserRegistered{user_id: "e55da693-c009-4afd-a56e-9b4ab3975acc", org_id: "84a4120a-ffd5-4f1d-8c8d-39a304840d78", email: "test@example.com", role: "admin", cose_key: "dummy", credential_id: "dummy", registered_at: "2026-03-20T23:09:55.865334Z", display_name: "Test User", status: "active"}, metadata: %{"causation_id" => "019d0d83-3519-7150-9f84-629ff4c7083d", "correlation_id" => "019d0d83-3519-7150-9f84-629ff4c7083d"}, created_at: ~U[2026-03-20 23:09:55.869271Z]}, %EventStore.RecordedEvent{event_number: 12192, event_id: "9369472d-8342-4f67-bb09-dce99e1564a7", stream_uuid: "1cdc5b98-437f-46cd-b961-7f94b0c70951", ...}, ...], ...}}, ...}}, ...}
23:09:56.598 [debug] Nexus.Identity.Projectors.UserRegistrationProjector is shutting down due to {%Postgrex.Error{message: nil, postgres: %{code: :undefined_column, line: "3721", message: "column i0.id does not exist", position: "8", file: "parse_relation.c", unknown: "ERROR", severity: "ERROR", pg_code: "42703", routine: "errorMissingColumn"}, connection_id: 3158, query: "SELECT i0.\"id\", i0.\"user_id\", i0.\"org_id\", i0.\"locale\", i0.\"timezone\", i0.\"notifications_enabled\", i0.\"created_at\", i0.\"updated_at\" FROM \"identity_user_settings\" AS i0 WHERE (i0.\"id\" = $1)"}, {GenServer, :call, [#PID<0.1728.0>, {:connect, #PID<0.1729.0>, [retry_interval: 60000, hibernate_after: 15000, partition_by: nil, concurrency_limit: 1, name: Nexus.EventStore, mapper: &Commanded.EventStore.Adapters.EventStore.Mapper.from_recorded_event/1, conn: Nexus.EventStore.Postgrex, event_store: Nexus.EventStore, query_timeout: 15000, schema: "event_store", serializer: Commanded.Serialization.JsonSerializer, stream_uuid: "$all", subscription_name: "Identity.Projectors.UserRegistrationProjector", start_from: 0]}, 5000]}}
23:09:56.598 [error] GenServer {Nexus.App.LocalRegistry, {Nexus.App, Commanded.Event.Handler, "Identity.Projectors.UserRegistrationProjector"}} terminating
** (stop) exited in: GenServer.call(#PID<0.1728.0>, {:connect, #PID<0.1729.0>, [retry_interval: 60000, hibernate_after: 15000, partition_by: nil, concurrency_limit: 1, name: Nexus.EventStore, mapper: &Commanded.EventStore.Adapters.EventStore.Mapper.from_recorded_event/1, conn: Nexus.EventStore.Postgrex, event_store: Nexus.EventStore, query_timeout: 15000, schema: "event_store", serializer: Commanded.Serialization.JsonSerializer, stream_uuid: "$all", subscription_name: "Identity.Projectors.UserRegistrationProjector", start_from: 0]}, 5000)
    ** (EXIT) %Postgrex.Error{message: nil, postgres: %{code: :undefined_column, line: "3721", message: "column i0.id does not exist", position: "8", file: "parse_relation.c", unknown: "ERROR", severity: "ERROR", pg_code: "42703", routine: "errorMissingColumn"}, connection_id: 3158, query: "SELECT i0.\"id\", i0.\"user_id\", i0.\"org_id\", i0.\"locale\", i0.\"timezone\", i0.\"notifications_enabled\", i0.\"created_at\", i0.\"updated_at\" FROM \"identity_user_settings\" AS i0 WHERE (i0.\"id\" = $1)"}
    (elixir 1.19.5) lib/gen_server.ex:1142: GenServer.call/3
    (commanded 1.4.9) lib/commanded/event_store.ex:289: anonymous fn/2 in Commanded.EventStore.span/3
    (telemetry 1.3.0) /Users/bernard/dev/nexus/deps/telemetry/src/telemetry.erl:324: :telemetry.span/3
    (commanded 1.4.9) lib/commanded/event_store/subscription.ex:58: Commanded.EventStore.Subscription.subscribe/2
    (commanded 1.4.9) lib/commanded/event/handler.ex:1024: Commanded.Event.Handler.subscribe_to_events/1
    (commanded 1.4.9) lib/commanded/event/handler.ex:887: Commanded.Event.Handler.handle_continue/2
    (stdlib 7.1) gen_server.erl:2424: :gen_server.try_handle_continue/3
    (stdlib 7.1) gen_server.erl:2291: :gen_server.loop/4
    (stdlib 7.1) proc_lib.erl:333: :proc_lib.init_p_do_apply/3
Last message: {:continue, :subscribe_to_events}
State: %Commanded.Event.Handler{application: Nexus.App, consistency: :strong, handler_callback: :event, handler_name: "Identity.Projectors.UserRegistrationProjector", handler_module: Nexus.Identity.Projectors.UserRegistrationProjector, handler_state: nil, last_seen_event: nil, subscription: %Commanded.EventStore.Subscription{application: Nexus.App, backoff: {:backoff, 1000, 60000, 1000, :jitter, :undefined, :undefined}, concurrency: 1, partition_by: nil, subscribe_to: :all, subscribe_from: :origin, subscription_name: "Identity.Projectors.UserRegistrationProjector", subscription_opts: [], subscription_pid: nil, subscription_ref: nil}, subscribe_timer: nil}
23:09:56.599 [debug] Subscription "Identity.Projectors.UserRegistrationProjector"@"$all" attempting to connect subscriber #PID<0.1730.0>
23:09:56.600 [debug] Subscription "Identity.Projectors.UserRegistrationProjector"@"$all" catching-up
23:09:56.600 [debug] Nexus.Identity.Projectors.UserRegistrationProjector has successfully subscribed to event store
23:09:56.611 [debug] Nexus.Identity.Projectors.UserRegistrationProjector received events: [%Commanded.EventStore.RecordedEvent{event_id: "282ec866-f518-44ed-95f6-7a535d6c3e25", event_number: 11262, stream_id: "019d0c26-0b00-74a0-bd6d-48329cf61a57", stream_version: 1, causation_id: "d64809a4-8402-4360-8536-99b7a0f860ca", correlation_id: "e0f4b4bb-483c-4914-aaaa-956d1587d67e", event_type: "Elixir.Nexus.Identity.Events.UserRegistered", data: %Nexus.Identity.Events.UserRegistered{user_id: "019d0c26-0b00-74a0-bd6d-48329cf61a57", org_id: "019d0c26-0b00-74a0-8884-24b7b734f296", email: "test@example.com", role: "system_admin", cose_key: "Ym9vdHN0cmFwX2Nvc2Vfa2V5", credential_id: "Ym9vdHN0cmFwX2NyZWRlbnRpYWxfaWQ=", registered_at: "2026-03-20T16:48:33.024173Z", display_name: "Test User", status: "active"}, created_at: ~U[2026-03-20 16:48:33.025211Z], metadata: %{"causation_id" => "019d0c26-0b00-71d0-a1d2-041f55e92cfc", "correlation_id" => "019d0c26-0b00-71d0-a1d2-041f55e92cfc"}}]
23:09:56.612 [debug] QUERY OK db=0.1ms
begin []
23:09:56.612 [debug] QUERY OK source="projection_versions" db=0.1ms
INSERT INTO "projection_versions" AS p0 ("projection_name","last_seen_event_number","inserted_at","updated_at") VALUES ($1,$2,$3,$4) ON CONFLICT ("projection_name") DO UPDATE SET "last_seen_event_number" = $5 WHERE ((p0."projection_name" = $6) AND (p0."last_seen_event_number" < $7)) ["Identity.Projectors.UserRegistrationProjector", 11262, ~N[2026-03-20 23:09:56.612178], ~N[2026-03-20 23:09:56.612178], 11262, "Identity.Projectors.UserRegistrationProjector", 11262]
23:09:56.612 [debug] QUERY OK source="users" db=0.1ms
SELECT u0."id", u0."org_id", u0."email", u0."display_name", u0."status", u0."cose_key", u0."credential_id", u0."roles", u0."created_at", u0."updated_at" FROM "users" AS u0 WHERE (u0."id" = $1) ["019d0c26-0b00-74a0-bd6d-48329cf61a57"]
23:09:56.612 [debug] QUERY OK source="users" db=0.1ms
SELECT u0."id", u0."org_id", u0."email", u0."display_name", u0."status", u0."cose_key", u0."credential_id", u0."roles", u0."created_at", u0."updated_at" FROM "users" AS u0 WHERE (u0."email" = $1) ["test@example.com"]
23:09:56.613 [debug] QUERY OK source="users" db=0.1ms
INSERT INTO "users" ("id","status","org_id","email","display_name","roles","cose_key","credential_id","created_at","updated_at") VALUES ($1,$2,$3,$4,$5,$6,$7,$8,$9,$10) ["019d0c26-0b00-74a0-bd6d-48329cf61a57", "active", "019d0c26-0b00-74a0-8884-24b7b734f296", "test@example.com", "Test User", ["system_admin"], "bootstrap_cose_key", "bootstrap_credential_id", ~U[2026-03-20 23:09:56.612910Z], ~U[2026-03-20 23:09:56.612910Z]]
23:09:56.613 [debug] QUERY ERROR source="identity_user_settings" db=0.0ms
SELECT i0."id", i0."user_id", i0."org_id", i0."locale", i0."timezone", i0."notifications_enabled", i0."created_at", i0."updated_at" FROM "identity_user_settings" AS i0 WHERE (i0."id" = $1) ["019d0c26-0b00-74a0-bd6d-48329cf61a57"]
23:09:56.613 [debug] QUERY OK db=0.0ms
rollback []
23:09:56.614 [error] Nexus.Identity.Projectors.UserRegistrationProjector failed to handle event:
%Commanded.EventStore.RecordedEvent{
  event_id: "282ec866-f518-44ed-95f6-7a535d6c3e25",
  event_number: 11262,
  stream_id: "019d0c26-0b00-74a0-bd6d-48329cf61a57",
  stream_version: 1,
  causation_id: "d64809a4-8402-4360-8536-99b7a0f860ca",
  correlation_id: "e0f4b4bb-483c-4914-aaaa-956d1587d67e",
  event_type: "Elixir.Nexus.Identity.Events.UserRegistered",
  data: %Nexus.Identity.Events.UserRegistered{
    user_id: "019d0c26-0b00-74a0-bd6d-48329cf61a57",
    org_id: "019d0c26-0b00-74a0-8884-24b7b734f296",
    email: "test@example.com",
    role: "system_admin",
    cose_key: "Ym9vdHN0cmFwX2Nvc2Vfa2V5",
    credential_id: "Ym9vdHN0cmFwX2NyZWRlbnRpYWxfaWQ=",
    registered_at: "2026-03-20T16:48:33.024173Z",
    display_name: "Test User",
    status: "active"
  },
  created_at: ~U[2026-03-20 16:48:33.025211Z],
  metadata: %{
    "causation_id" => "019d0c26-0b00-71d0-a1d2-041f55e92cfc",
    "correlation_id" => "019d0c26-0b00-71d0-a1d2-041f55e92cfc"
  }
}, due to:
** (Postgrex.Error) ERROR 42703 (undefined_column) column i0.id does not exist

    query: SELECT i0."id", i0."user_id", i0."org_id", i0."locale", i0."timezone", i0."notifications_enabled", i0."created_at", i0."updated_at" FROM "identity_user_settings" AS i0 WHERE (i0."id" = $1)
    (ecto_sql 3.13.4) lib/ecto/adapters/sql.ex:1113: Ecto.Adapters.SQL.raise_sql_call_error/1
    (ecto_sql 3.13.4) lib/ecto/adapters/sql.ex:1011: Ecto.Adapters.SQL.execute/6
    (ecto 3.13.5) lib/ecto/repo/queryable.ex:241: Ecto.Repo.Queryable.execute/4
    (ecto 3.13.5) lib/ecto/repo/queryable.ex:19: Ecto.Repo.Queryable.all/3
    (ecto 3.13.5) lib/ecto/repo/queryable.ex:163: Ecto.Repo.Queryable.one/3
    (nexus 0.1.0) lib/nexus/identity/projectors/user_registration_projector.ex:53: anonymous fn/3 in Nexus.Identity.Projectors.UserRegistrationProjector.project_registration/3
    (ecto 3.13.5) lib/ecto/multi.ex:905: Ecto.Multi.apply_operation/5
    (elixir 1.19.5) lib/enum.ex:2520: Enum."-reduce/3-lists^foldl/2-0-"/3
    (ecto 3.13.5) lib/ecto/multi.ex:878: anonymous fn/5 in Ecto.Multi.apply_operations/5
    (ecto_sql 3.13.4) lib/ecto/adapters/sql.ex:1473: anonymous fn/3 in Ecto.Adapters.SQL.checkout_or_transaction/4
    (db_connection 2.9.0) lib/db_connection.ex:1747: DBConnection.run_transaction/4
    (ecto 3.13.5) lib/ecto/repo/transaction.ex:30: Ecto.Repo.Transaction.transact/4
    (nexus 0.1.0) deps/commanded_ecto_projections/lib/projections/ecto.ex:97: Nexus.Identity.Projectors.UserRegistrationProjector.update_projection/3
    (commanded 1.4.9) lib/commanded/event/handler.ex:1221: Commanded.Event.Handler.delegate_event_to_handler/2
    (commanded 1.4.9) lib/commanded/event/handler.ex:1062: Commanded.Event.Handler.handle_event/3
    (elixir 1.19.5) lib/enum.ex:2520: Enum."-reduce/3-lists^foldl/2-0-"/3
    (commanded 1.4.9) lib/commanded/event/handler.ex:969: Commanded.Event.Handler.handle_info/2
    (stdlib 7.1) gen_server.erl:2434: :gen_server.try_handle_info/3
    (stdlib 7.1) gen_server.erl:2420: :gen_server.handle_msg/3
    (stdlib 7.1) proc_lib.erl:333: :proc_lib.init_p_do_apply/3

23:09:56.614 [warning] Nexus.Identity.Projectors.UserRegistrationProjector has requested to stop: %Postgrex.Error{message: nil, postgres: %{code: :undefined_column, line: "3721", message: "column i0.id does not exist", position: "8", file: "parse_relation.c", unknown: "ERROR", severity: "ERROR", pg_code: "42703", routine: "errorMissingColumn"}, connection_id: 3158, query: "SELECT i0.\"id\", i0.\"user_id\", i0.\"org_id\", i0.\"locale\", i0.\"timezone\", i0.\"notifications_enabled\", i0.\"created_at\", i0.\"updated_at\" FROM \"identity_user_settings\" AS i0 WHERE (i0.\"id\" = $1)"}
23:09:56.614 [debug] Nexus.Identity.Projectors.UserRegistrationProjector is shutting down due to %Postgrex.Error{message: nil, postgres: %{code: :undefined_column, line: "3721", message: "column i0.id does not exist", position: "8", file: "parse_relation.c", unknown: "ERROR", severity: "ERROR", pg_code: "42703", routine: "errorMissingColumn"}, connection_id: 3158, query: "SELECT i0.\"id\", i0.\"user_id\", i0.\"org_id\", i0.\"locale\", i0.\"timezone\", i0.\"notifications_enabled\", i0.\"created_at\", i0.\"updated_at\" FROM \"identity_user_settings\" AS i0 WHERE (i0.\"id\" = $1)"}
23:09:56.614 [error] GenServer {Nexus.App.LocalRegistry, {Nexus.App, Commanded.Event.Handler, "Identity.Projectors.UserRegistrationProjector"}} terminating
** (stop) %Postgrex.Error{message: nil, postgres: %{code: :undefined_column, line: "3721", message: "column i0.id does not exist", position: "8", file: "parse_relation.c", unknown: "ERROR", severity: "ERROR", pg_code: "42703", routine: "errorMissingColumn"}, connection_id: 3158, query: "SELECT i0.\"id\", i0.\"user_id\", i0.\"org_id\", i0.\"locale\", i0.\"timezone\", i0.\"notifications_enabled\", i0.\"created_at\", i0.\"updated_at\" FROM \"identity_user_settings\" AS i0 WHERE (i0.\"id\" = $1)"}
Last message: {:events, [%Commanded.EventStore.RecordedEvent{event_id: "282ec866-f518-44ed-95f6-7a535d6c3e25", event_number: 11262, stream_id: "019d0c26-0b00-74a0-bd6d-48329cf61a57", stream_version: 1, causation_id: "d64809a4-8402-4360-8536-99b7a0f860ca", correlation_id: "e0f4b4bb-483c-4914-aaaa-956d1587d67e", event_type: "Elixir.Nexus.Identity.Events.UserRegistered", data: %Nexus.Identity.Events.UserRegistered{user_id: "019d0c26-0b00-74a0-bd6d-48329cf61a57", org_id: "019d0c26-0b00-74a0-8884-24b7b734f296", email: "test@example.com", role: "system_admin", cose_key: "Ym9vdHN0cmFwX2Nvc2Vfa2V5", credential_id: "Ym9vdHN0cmFwX2NyZWRlbnRpYWxfaWQ=", registered_at: "2026-03-20T16:48:33.024173Z", display_name: "Test User", status: "active"}, created_at: ~U[2026-03-20 16:48:33.025211Z], metadata: %{"causation_id" => "019d0c26-0b00-71d0-a1d2-041f55e92cfc", "correlation_id" => "019d0c26-0b00-71d0-a1d2-041f55e92cfc"}}]}
State: %Commanded.Event.Handler{application: Nexus.App, consistency: :strong, handler_callback: :event, handler_name: "Identity.Projectors.UserRegistrationProjector", handler_module: Nexus.Identity.Projectors.UserRegistrationProjector, handler_state: nil, last_seen_event: nil, subscription: %Commanded.EventStore.Subscription{application: Nexus.App, backoff: {:backoff, 1000, 60000, 1000, :jitter, :undefined, :undefined}, concurrency: 1, partition_by: nil, subscribe_to: :all, subscribe_from: :origin, subscription_name: "Identity.Projectors.UserRegistrationProjector", subscription_opts: [], subscription_pid: #PID<0.1731.0>, subscription_ref: #Reference<0.504251661.3394502659.50132>}, subscribe_timer: nil}
23:09:56.614 [debug] Subscription "Identity.Projectors.UserRegistrationProjector"@"$all" subscriber #PID<0.1730.0> down due to: %Postgrex.Error{message: nil, postgres: %{code: :undefined_column, line: "3721", message: "column i0.id does not exist", position: "8", file: "parse_relation.c", unknown: "ERROR", severity: "ERROR", pg_code: "42703", routine: "errorMissingColumn"}, connection_id: 3158, query: "SELECT i0.\"id\", i0.\"user_id\", i0.\"org_id\", i0.\"locale\", i0.\"timezone\", i0.\"notifications_enabled\", i0.\"created_at\", i0.\"updated_at\" FROM \"identity_user_settings\" AS i0 WHERE (i0.\"id\" = $1)"}
23:09:56.614 [debug] Subscription "Identity.Projectors.UserRegistrationProjector"@"$all" has no subscribers, shutting down
23:09:56.614 [error] GenServer {Nexus.EventStore.EventStore.Subscriptions.Registry, {"$all", "Identity.Projectors.UserRegistrationProjector"}} terminating
** (stop) %Postgrex.Error{message: nil, postgres: %{code: :undefined_column, line: "3721", message: "column i0.id does not exist", position: "8", file: "parse_relation.c", unknown: "ERROR", severity: "ERROR", pg_code: "42703", routine: "errorMissingColumn"}, connection_id: 3158, query: "SELECT i0.\"id\", i0.\"user_id\", i0.\"org_id\", i0.\"locale\", i0.\"timezone\", i0.\"notifications_enabled\", i0.\"created_at\", i0.\"updated_at\" FROM \"identity_user_settings\" AS i0 WHERE (i0.\"id\" = $1)"}
Last message: {:DOWN, #Reference<0.504251661.3394502657.93352>, :process, #PID<0.1730.0>, %Postgrex.Error{message: nil, postgres: %{code: :undefined_column, line: "3721", message: "column i0.id does not exist", position: "8", file: "parse_relation.c", unknown: "ERROR", severity: "ERROR", pg_code: "42703", routine: "errorMissingColumn"}, connection_id: 3158, query: "SELECT i0.\"id\", i0.\"user_id\", i0.\"org_id\", i0.\"locale\", i0.\"timezone\", i0.\"notifications_enabled\", i0.\"created_at\", i0.\"updated_at\" FROM \"identity_user_settings\" AS i0 WHERE (i0.\"id\" = $1)"}}
State: %EventStore.Subscriptions.Subscription{stream_uuid: "$all", subscription_name: "Identity.Projectors.UserRegistrationProjector", subscription: %EventStore.Subscriptions.SubscriptionFsm{state: :unsubscribed, data: %EventStore.Subscriptions.SubscriptionState{conn: Nexus.EventStore.Postgrex, event_store: Nexus.EventStore, serializer: Commanded.Serialization.JsonSerializer, schema: "event_store", stream_uuid: "$all", start_from: 0, subscription_name: "Identity.Projectors.UserRegistrationProjector", subscription_id: 405, selector: nil, mapper: &Commanded.EventStore.Adapters.EventStore.Mapper.from_recorded_event/1, max_size: 1000, partition_by: nil, query_timeout: 15000, lock_ref: #Reference<0.504251661.3394502658.55813>, last_received: 12195, last_sent: 11262, last_ack: 11261, queue_size: 934, buffer_size: 1, checkpoint_after: 0, checkpoint_threshold: 1, checkpoint_timer_ref: nil, checkpoints_pending: 0, subscribers: %{}, partitions: %{nil: {[%EventStore.RecordedEvent{event_number: 12195, event_id: "63cf0cf3-679d-4adb-a5fc-1b7c8cdfe448", stream_uuid: "a6d32835-04fe-47c3-93c7-50750f4c0025", stream_version: 1, correlation_id: "4b130646-5380-41f3-b6df-9abfd1ed0d92", causation_id: "0f27ee9d-27db-4e8b-8f2d-6a8556a5e9d4", event_type: "Elixir.Nexus.Identity.Events.UserRegistered", data: %Nexus.Identity.Events.UserRegistered{user_id: "a6d32835-04fe-47c3-93c7-50750f4c0025", org_id: "aefc3981-97e0-4a44-a442-807e9d7b3892", email: "test@example.com", role: "admin", cose_key: "dummy", credential_id: "dummy", registered_at: "2026-03-20T23:09:56.579831Z", display_name: "Test User", status: "active"}, metadata: %{"causation_id" => "019d0d83-37e3-7671-991d-f18a42a53090", "correlation_id" => "019d0d83-37e3-7671-991d-f18a42a53090"}, created_at: ~U[2026-03-20 23:09:56.581065Z]}, %EventStore.RecordedEvent{event_number: 12194, event_id: "3f8f3cbc-ea72-45a7-ab6d-12a43da50245", stream_uuid: "e55da693-c009-4afd-a56e-9b4ab3975acc", stream_version: 2, correlation_id: "e5500f71-9103-4737-8991-5eb165815e23", causation_id: "633094f8-6986-459b-9416-072dd0187fd9", event_type: "Elixir.Nexus.Identity.Events.SessionStarted", data: %Nexus.Identity.Events.SessionStarted{org_id: "84a4120a-ffd5-4f1d-8c8d-39a304840d78", user_id: "e55da693-c009-4afd-a56e-9b4ab3975acc", session_id: "418d0e43-cc2d-4727-80e0-b2438bf62242", session_token: "token123", user_agent: "Mozilla/5.0", ip_address: "127.0.0.1", started_at: "2026-03-20T23:09:56.072666Z"}, metadata: %{"causation_id" => "019d0d83-35e8-753f-984d-38ea338eda81", "correlation_id" => "019d0d83-35e8-753f-984d-38ea338eda81"}, created_at: ~U[2026-03-20 23:09:56.073170Z]}, %EventStore.RecordedEvent{event_number: 12193, event_id: "e88a74fa-5b0c-4b91-8cb5-06995a22261e", stream_uuid: "e55da693-c009-4afd-a56e-9b4ab3975acc", stream_version: 1, correlation_id: "9e656c1d-d0e4-4f46-bf33-1d95e39eba77", causation_id: "26eb51ca-d88e-4ba3-ac69-47b72ac05e07", event_type: "Elixir.Nexus.Identity.Events.UserRegistered", data: %Nexus.Identity.Events.UserRegistered{user_id: "e55da693-c009-4afd-a56e-9b4ab3975acc", org_id: "84a4120a-ffd5-4f1d-8c8d-39a304840d78", email: "test@example.com", role: "admin", cose_key: "dummy", credential_id: "dummy", registered_at: "2026-03-20T23:09:55.865334Z", display_name: "Test User", status: "active"}, metadata: %{"causation_id" => "019d0d83-3519-7150-9f84-629ff4c7083d", "correlation_id" => "019d0d83-3519-7150-9f84-629ff4c7083d"}, created_at: ~U[2026-03-20 23:09:55.869271Z]}, %EventStore.RecordedEvent{event_number: 12192, event_id: "9369472d-8342-4f67-bb09-dce99e1564a7", stream_uuid: "1cdc5b98-437f-46cd-b961-7f94b0c70951", ...}, ...], ...}}, ...}}, ...}
23:09:56.615 [debug] Nexus.Identity.Projectors.UserRegistrationProjector is shutting down due to {%Postgrex.Error{message: nil, postgres: %{code: :undefined_column, line: "3721", message: "column i0.id does not exist", position: "8", file: "parse_relation.c", unknown: "ERROR", severity: "ERROR", pg_code: "42703", routine: "errorMissingColumn"}, connection_id: 3158, query: "SELECT i0.\"id\", i0.\"user_id\", i0.\"org_id\", i0.\"locale\", i0.\"timezone\", i0.\"notifications_enabled\", i0.\"created_at\", i0.\"updated_at\" FROM \"identity_user_settings\" AS i0 WHERE (i0.\"id\" = $1)"}, {GenServer, :call, [#PID<0.1731.0>, {:connect, #PID<0.1732.0>, [retry_interval: 60000, hibernate_after: 15000, partition_by: nil, concurrency_limit: 1, name: Nexus.EventStore, mapper: &Commanded.EventStore.Adapters.EventStore.Mapper.from_recorded_event/1, conn: Nexus.EventStore.Postgrex, event_store: Nexus.EventStore, query_timeout: 15000, schema: "event_store", serializer: Commanded.Serialization.JsonSerializer, stream_uuid: "$all", subscription_name: "Identity.Projectors.UserRegistrationProjector", start_from: 0]}, 5000]}}
23:09:56.615 [error] GenServer {Nexus.App.LocalRegistry, {Nexus.App, Commanded.Event.Handler, "Identity.Projectors.UserRegistrationProjector"}} terminating
** (stop) exited in: GenServer.call(#PID<0.1731.0>, {:connect, #PID<0.1732.0>, [retry_interval: 60000, hibernate_after: 15000, partition_by: nil, concurrency_limit: 1, name: Nexus.EventStore, mapper: &Commanded.EventStore.Adapters.EventStore.Mapper.from_recorded_event/1, conn: Nexus.EventStore.Postgrex, event_store: Nexus.EventStore, query_timeout: 15000, schema: "event_store", serializer: Commanded.Serialization.JsonSerializer, stream_uuid: "$all", subscription_name: "Identity.Projectors.UserRegistrationProjector", start_from: 0]}, 5000)
    ** (EXIT) %Postgrex.Error{message: nil, postgres: %{code: :undefined_column, line: "3721", message: "column i0.id does not exist", position: "8", file: "parse_relation.c", unknown: "ERROR", severity: "ERROR", pg_code: "42703", routine: "errorMissingColumn"}, connection_id: 3158, query: "SELECT i0.\"id\", i0.\"user_id\", i0.\"org_id\", i0.\"locale\", i0.\"timezone\", i0.\"notifications_enabled\", i0.\"created_at\", i0.\"updated_at\" FROM \"identity_user_settings\" AS i0 WHERE (i0.\"id\" = $1)"}
    (elixir 1.19.5) lib/gen_server.ex:1142: GenServer.call/3
    (commanded 1.4.9) lib/commanded/event_store.ex:289: anonymous fn/2 in Commanded.EventStore.span/3
    (telemetry 1.3.0) /Users/bernard/dev/nexus/deps/telemetry/src/telemetry.erl:324: :telemetry.span/3
    (commanded 1.4.9) lib/commanded/event_store/subscription.ex:58: Commanded.EventStore.Subscription.subscribe/2
    (commanded 1.4.9) lib/commanded/event/handler.ex:1024: Commanded.Event.Handler.subscribe_to_events/1
    (commanded 1.4.9) lib/commanded/event/handler.ex:887: Commanded.Event.Handler.handle_continue/2
    (stdlib 7.1) gen_server.erl:2424: :gen_server.try_handle_continue/3
    (stdlib 7.1) gen_server.erl:2291: :gen_server.loop/4
    (stdlib 7.1) proc_lib.erl:333: :proc_lib.init_p_do_apply/3
Last message: {:continue, :subscribe_to_events}
State: %Commanded.Event.Handler{application: Nexus.App, consistency: :strong, handler_callback: :event, handler_name: "Identity.Projectors.UserRegistrationProjector", handler_module: Nexus.Identity.Projectors.UserRegistrationProjector, handler_state: nil, last_seen_event: nil, subscription: %Commanded.EventStore.Subscription{application: Nexus.App, backoff: {:backoff, 1000, 60000, 1000, :jitter, :undefined, :undefined}, concurrency: 1, partition_by: nil, subscribe_to: :all, subscribe_from: :origin, subscription_name: "Identity.Projectors.UserRegistrationProjector", subscription_opts: [], subscription_pid: nil, subscription_ref: nil}, subscribe_timer: nil}
23:09:56.616 [debug] Subscription "Identity.Projectors.UserRegistrationProjector"@"$all" attempting to connect subscriber #PID<0.1733.0>
23:09:56.616 [debug] Subscription "Identity.Projectors.UserRegistrationProjector"@"$all" catching-up
23:09:56.616 [debug] Nexus.Identity.Projectors.UserRegistrationProjector has successfully subscribed to event store
23:09:56.627 [debug] Nexus.Identity.Projectors.UserRegistrationProjector received events: [%Commanded.EventStore.RecordedEvent{event_id: "282ec866-f518-44ed-95f6-7a535d6c3e25", event_number: 11262, stream_id: "019d0c26-0b00-74a0-bd6d-48329cf61a57", stream_version: 1, causation_id: "d64809a4-8402-4360-8536-99b7a0f860ca", correlation_id: "e0f4b4bb-483c-4914-aaaa-956d1587d67e", event_type: "Elixir.Nexus.Identity.Events.UserRegistered", data: %Nexus.Identity.Events.UserRegistered{user_id: "019d0c26-0b00-74a0-bd6d-48329cf61a57", org_id: "019d0c26-0b00-74a0-8884-24b7b734f296", email: "test@example.com", role: "system_admin", cose_key: "Ym9vdHN0cmFwX2Nvc2Vfa2V5", credential_id: "Ym9vdHN0cmFwX2NyZWRlbnRpYWxfaWQ=", registered_at: "2026-03-20T16:48:33.024173Z", display_name: "Test User", status: "active"}, created_at: ~U[2026-03-20 16:48:33.025211Z], metadata: %{"causation_id" => "019d0c26-0b00-71d0-a1d2-041f55e92cfc", "correlation_id" => "019d0c26-0b00-71d0-a1d2-041f55e92cfc"}}]
23:09:56.628 [debug] QUERY OK db=0.1ms
begin []
23:09:56.628 [debug] QUERY OK source="projection_versions" db=0.1ms
INSERT INTO "projection_versions" AS p0 ("projection_name","last_seen_event_number","inserted_at","updated_at") VALUES ($1,$2,$3,$4) ON CONFLICT ("projection_name") DO UPDATE SET "last_seen_event_number" = $5 WHERE ((p0."projection_name" = $6) AND (p0."last_seen_event_number" < $7)) ["Identity.Projectors.UserRegistrationProjector", 11262, ~N[2026-03-20 23:09:56.628068], ~N[2026-03-20 23:09:56.628068], 11262, "Identity.Projectors.UserRegistrationProjector", 11262]
23:09:56.628 [debug] QUERY OK source="users" db=0.1ms
SELECT u0."id", u0."org_id", u0."email", u0."display_name", u0."status", u0."cose_key", u0."credential_id", u0."roles", u0."created_at", u0."updated_at" FROM "users" AS u0 WHERE (u0."id" = $1) ["019d0c26-0b00-74a0-bd6d-48329cf61a57"]
23:09:56.628 [debug] QUERY OK source="users" db=0.1ms
SELECT u0."id", u0."org_id", u0."email", u0."display_name", u0."status", u0."cose_key", u0."credential_id", u0."roles", u0."created_at", u0."updated_at" FROM "users" AS u0 WHERE (u0."email" = $1) ["test@example.com"]
23:09:56.628 [debug] QUERY OK source="users" db=0.1ms
INSERT INTO "users" ("id","status","org_id","email","display_name","roles","cose_key","credential_id","created_at","updated_at") VALUES ($1,$2,$3,$4,$5,$6,$7,$8,$9,$10) ["019d0c26-0b00-74a0-bd6d-48329cf61a57", "active", "019d0c26-0b00-74a0-8884-24b7b734f296", "test@example.com", "Test User", ["system_admin"], "bootstrap_cose_key", "bootstrap_credential_id", ~U[2026-03-20 23:09:56.628795Z], ~U[2026-03-20 23:09:56.628795Z]]
23:09:56.629 [debug] QUERY ERROR source="identity_user_settings" db=0.0ms
SELECT i0."id", i0."user_id", i0."org_id", i0."locale", i0."timezone", i0."notifications_enabled", i0."created_at", i0."updated_at" FROM "identity_user_settings" AS i0 WHERE (i0."id" = $1) ["019d0c26-0b00-74a0-bd6d-48329cf61a57"]
23:09:56.629 [debug] QUERY OK db=0.0ms
rollback []
23:09:56.630 [error] Nexus.Identity.Projectors.UserRegistrationProjector failed to handle event:
%Commanded.EventStore.RecordedEvent{
  event_id: "282ec866-f518-44ed-95f6-7a535d6c3e25",
  event_number: 11262,
  stream_id: "019d0c26-0b00-74a0-bd6d-48329cf61a57",
  stream_version: 1,
  causation_id: "d64809a4-8402-4360-8536-99b7a0f860ca",
  correlation_id: "e0f4b4bb-483c-4914-aaaa-956d1587d67e",
  event_type: "Elixir.Nexus.Identity.Events.UserRegistered",
  data: %Nexus.Identity.Events.UserRegistered{
    user_id: "019d0c26-0b00-74a0-bd6d-48329cf61a57",
    org_id: "019d0c26-0b00-74a0-8884-24b7b734f296",
    email: "test@example.com",
    role: "system_admin",
    cose_key: "Ym9vdHN0cmFwX2Nvc2Vfa2V5",
    credential_id: "Ym9vdHN0cmFwX2NyZWRlbnRpYWxfaWQ=",
    registered_at: "2026-03-20T16:48:33.024173Z",
    display_name: "Test User",
    status: "active"
  },
  created_at: ~U[2026-03-20 16:48:33.025211Z],
  metadata: %{
    "causation_id" => "019d0c26-0b00-71d0-a1d2-041f55e92cfc",
    "correlation_id" => "019d0c26-0b00-71d0-a1d2-041f55e92cfc"
  }
}, due to:
** (Postgrex.Error) ERROR 42703 (undefined_column) column i0.id does not exist

    query: SELECT i0."id", i0."user_id", i0."org_id", i0."locale", i0."timezone", i0."notifications_enabled", i0."created_at", i0."updated_at" FROM "identity_user_settings" AS i0 WHERE (i0."id" = $1)
    (ecto_sql 3.13.4) lib/ecto/adapters/sql.ex:1113: Ecto.Adapters.SQL.raise_sql_call_error/1
    (ecto_sql 3.13.4) lib/ecto/adapters/sql.ex:1011: Ecto.Adapters.SQL.execute/6
    (ecto 3.13.5) lib/ecto/repo/queryable.ex:241: Ecto.Repo.Queryable.execute/4
    (ecto 3.13.5) lib/ecto/repo/queryable.ex:19: Ecto.Repo.Queryable.all/3
    (ecto 3.13.5) lib/ecto/repo/queryable.ex:163: Ecto.Repo.Queryable.one/3
    (nexus 0.1.0) lib/nexus/identity/projectors/user_registration_projector.ex:53: anonymous fn/3 in Nexus.Identity.Projectors.UserRegistrationProjector.project_registration/3
    (ecto 3.13.5) lib/ecto/multi.ex:905: Ecto.Multi.apply_operation/5
    (elixir 1.19.5) lib/enum.ex:2520: Enum."-reduce/3-lists^foldl/2-0-"/3
    (ecto 3.13.5) lib/ecto/multi.ex:878: anonymous fn/5 in Ecto.Multi.apply_operations/5
    (ecto_sql 3.13.4) lib/ecto/adapters/sql.ex:1473: anonymous fn/3 in Ecto.Adapters.SQL.checkout_or_transaction/4
    (db_connection 2.9.0) lib/db_connection.ex:1747: DBConnection.run_transaction/4
    (ecto 3.13.5) lib/ecto/repo/transaction.ex:30: Ecto.Repo.Transaction.transact/4
    (nexus 0.1.0) deps/commanded_ecto_projections/lib/projections/ecto.ex:97: Nexus.Identity.Projectors.UserRegistrationProjector.update_projection/3
    (commanded 1.4.9) lib/commanded/event/handler.ex:1221: Commanded.Event.Handler.delegate_event_to_handler/2
    (commanded 1.4.9) lib/commanded/event/handler.ex:1062: Commanded.Event.Handler.handle_event/3
    (elixir 1.19.5) lib/enum.ex:2520: Enum."-reduce/3-lists^foldl/2-0-"/3
    (commanded 1.4.9) lib/commanded/event/handler.ex:969: Commanded.Event.Handler.handle_info/2
    (stdlib 7.1) gen_server.erl:2434: :gen_server.try_handle_info/3
    (stdlib 7.1) gen_server.erl:2420: :gen_server.handle_msg/3
    (stdlib 7.1) proc_lib.erl:333: :proc_lib.init_p_do_apply/3

23:09:56.630 [warning] Nexus.Identity.Projectors.UserRegistrationProjector has requested to stop: %Postgrex.Error{message: nil, postgres: %{code: :undefined_column, line: "3721", message: "column i0.id does not exist", position: "8", file: "parse_relation.c", unknown: "ERROR", severity: "ERROR", pg_code: "42703", routine: "errorMissingColumn"}, connection_id: 3158, query: "SELECT i0.\"id\", i0.\"user_id\", i0.\"org_id\", i0.\"locale\", i0.\"timezone\", i0.\"notifications_enabled\", i0.\"created_at\", i0.\"updated_at\" FROM \"identity_user_settings\" AS i0 WHERE (i0.\"id\" = $1)"}
23:09:56.630 [debug] Nexus.Identity.Projectors.UserRegistrationProjector is shutting down due to %Postgrex.Error{message: nil, postgres: %{code: :undefined_column, line: "3721", message: "column i0.id does not exist", position: "8", file: "parse_relation.c", unknown: "ERROR", severity: "ERROR", pg_code: "42703", routine: "errorMissingColumn"}, connection_id: 3158, query: "SELECT i0.\"id\", i0.\"user_id\", i0.\"org_id\", i0.\"locale\", i0.\"timezone\", i0.\"notifications_enabled\", i0.\"created_at\", i0.\"updated_at\" FROM \"identity_user_settings\" AS i0 WHERE (i0.\"id\" = $1)"}
23:09:56.630 [error] GenServer {Nexus.App.LocalRegistry, {Nexus.App, Commanded.Event.Handler, "Identity.Projectors.UserRegistrationProjector"}} terminating
** (stop) %Postgrex.Error{message: nil, postgres: %{code: :undefined_column, line: "3721", message: "column i0.id does not exist", position: "8", file: "parse_relation.c", unknown: "ERROR", severity: "ERROR", pg_code: "42703", routine: "errorMissingColumn"}, connection_id: 3158, query: "SELECT i0.\"id\", i0.\"user_id\", i0.\"org_id\", i0.\"locale\", i0.\"timezone\", i0.\"notifications_enabled\", i0.\"created_at\", i0.\"updated_at\" FROM \"identity_user_settings\" AS i0 WHERE (i0.\"id\" = $1)"}
Last message: {:events, [%Commanded.EventStore.RecordedEvent{event_id: "282ec866-f518-44ed-95f6-7a535d6c3e25", event_number: 11262, stream_id: "019d0c26-0b00-74a0-bd6d-48329cf61a57", stream_version: 1, causation_id: "d64809a4-8402-4360-8536-99b7a0f860ca", correlation_id: "e0f4b4bb-483c-4914-aaaa-956d1587d67e", event_type: "Elixir.Nexus.Identity.Events.UserRegistered", data: %Nexus.Identity.Events.UserRegistered{user_id: "019d0c26-0b00-74a0-bd6d-48329cf61a57", org_id: "019d0c26-0b00-74a0-8884-24b7b734f296", email: "test@example.com", role: "system_admin", cose_key: "Ym9vdHN0cmFwX2Nvc2Vfa2V5", credential_id: "Ym9vdHN0cmFwX2NyZWRlbnRpYWxfaWQ=", registered_at: "2026-03-20T16:48:33.024173Z", display_name: "Test User", status: "active"}, created_at: ~U[2026-03-20 16:48:33.025211Z], metadata: %{"causation_id" => "019d0c26-0b00-71d0-a1d2-041f55e92cfc", "correlation_id" => "019d0c26-0b00-71d0-a1d2-041f55e92cfc"}}]}
State: %Commanded.Event.Handler{application: Nexus.App, consistency: :strong, handler_callback: :event, handler_name: "Identity.Projectors.UserRegistrationProjector", handler_module: Nexus.Identity.Projectors.UserRegistrationProjector, handler_state: nil, last_seen_event: nil, subscription: %Commanded.EventStore.Subscription{application: Nexus.App, backoff: {:backoff, 1000, 60000, 1000, :jitter, :undefined, :undefined}, concurrency: 1, partition_by: nil, subscribe_to: :all, subscribe_from: :origin, subscription_name: "Identity.Projectors.UserRegistrationProjector", subscription_opts: [], subscription_pid: #PID<0.1734.0>, subscription_ref: #Reference<0.504251661.3394502657.93540>}, subscribe_timer: nil}
23:09:56.630 [debug] Subscription "Identity.Projectors.UserRegistrationProjector"@"$all" subscriber #PID<0.1733.0> down due to: %Postgrex.Error{message: nil, postgres: %{code: :undefined_column, line: "3721", message: "column i0.id does not exist", position: "8", file: "parse_relation.c", unknown: "ERROR", severity: "ERROR", pg_code: "42703", routine: "errorMissingColumn"}, connection_id: 3158, query: "SELECT i0.\"id\", i0.\"user_id\", i0.\"org_id\", i0.\"locale\", i0.\"timezone\", i0.\"notifications_enabled\", i0.\"created_at\", i0.\"updated_at\" FROM \"identity_user_settings\" AS i0 WHERE (i0.\"id\" = $1)"}
23:09:56.630 [debug] Subscription "Identity.Projectors.UserRegistrationProjector"@"$all" has no subscribers, shutting down
23:09:56.630 [error] GenServer {Nexus.EventStore.EventStore.Subscriptions.Registry, {"$all", "Identity.Projectors.UserRegistrationProjector"}} terminating
** (stop) %Postgrex.Error{message: nil, postgres: %{code: :undefined_column, line: "3721", message: "column i0.id does not exist", position: "8", file: "parse_relation.c", unknown: "ERROR", severity: "ERROR", pg_code: "42703", routine: "errorMissingColumn"}, connection_id: 3158, query: "SELECT i0.\"id\", i0.\"user_id\", i0.\"org_id\", i0.\"locale\", i0.\"timezone\", i0.\"notifications_enabled\", i0.\"created_at\", i0.\"updated_at\" FROM \"identity_user_settings\" AS i0 WHERE (i0.\"id\" = $1)"}
Last message: {:DOWN, #Reference<0.504251661.3394502659.50186>, :process, #PID<0.1733.0>, %Postgrex.Error{message: nil, postgres: %{code: :undefined_column, line: "3721", message: "column i0.id does not exist", position: "8", file: "parse_relation.c", unknown: "ERROR", severity: "ERROR", pg_code: "42703", routine: "errorMissingColumn"}, connection_id: 3158, query: "SELECT i0.\"id\", i0.\"user_id\", i0.\"org_id\", i0.\"locale\", i0.\"timezone\", i0.\"notifications_enabled\", i0.\"created_at\", i0.\"updated_at\" FROM \"identity_user_settings\" AS i0 WHERE (i0.\"id\" = $1)"}}
State: %EventStore.Subscriptions.Subscription{stream_uuid: "$all", subscription_name: "Identity.Projectors.UserRegistrationProjector", subscription: %EventStore.Subscriptions.SubscriptionFsm{state: :unsubscribed, data: %EventStore.Subscriptions.SubscriptionState{conn: Nexus.EventStore.Postgrex, event_store: Nexus.EventStore, serializer: Commanded.Serialization.JsonSerializer, schema: "event_store", stream_uuid: "$all", start_from: 0, subscription_name: "Identity.Projectors.UserRegistrationProjector", subscription_id: 405, selector: nil, mapper: &Commanded.EventStore.Adapters.EventStore.Mapper.from_recorded_event/1, max_size: 1000, partition_by: nil, query_timeout: 15000, lock_ref: #Reference<0.504251661.3394502658.55860>, last_received: 12195, last_sent: 11262, last_ack: 11261, queue_size: 934, buffer_size: 1, checkpoint_after: 0, checkpoint_threshold: 1, checkpoint_timer_ref: nil, checkpoints_pending: 0, subscribers: %{}, partitions: %{nil: {[%EventStore.RecordedEvent{event_number: 12195, event_id: "63cf0cf3-679d-4adb-a5fc-1b7c8cdfe448", stream_uuid: "a6d32835-04fe-47c3-93c7-50750f4c0025", stream_version: 1, correlation_id: "4b130646-5380-41f3-b6df-9abfd1ed0d92", causation_id: "0f27ee9d-27db-4e8b-8f2d-6a8556a5e9d4", event_type: "Elixir.Nexus.Identity.Events.UserRegistered", data: %Nexus.Identity.Events.UserRegistered{user_id: "a6d32835-04fe-47c3-93c7-50750f4c0025", org_id: "aefc3981-97e0-4a44-a442-807e9d7b3892", email: "test@example.com", role: "admin", cose_key: "dummy", credential_id: "dummy", registered_at: "2026-03-20T23:09:56.579831Z", display_name: "Test User", status: "active"}, metadata: %{"causation_id" => "019d0d83-37e3-7671-991d-f18a42a53090", "correlation_id" => "019d0d83-37e3-7671-991d-f18a42a53090"}, created_at: ~U[2026-03-20 23:09:56.581065Z]}, %EventStore.RecordedEvent{event_number: 12194, event_id: "3f8f3cbc-ea72-45a7-ab6d-12a43da50245", stream_uuid: "e55da693-c009-4afd-a56e-9b4ab3975acc", stream_version: 2, correlation_id: "e5500f71-9103-4737-8991-5eb165815e23", causation_id: "633094f8-6986-459b-9416-072dd0187fd9", event_type: "Elixir.Nexus.Identity.Events.SessionStarted", data: %Nexus.Identity.Events.SessionStarted{org_id: "84a4120a-ffd5-4f1d-8c8d-39a304840d78", user_id: "e55da693-c009-4afd-a56e-9b4ab3975acc", session_id: "418d0e43-cc2d-4727-80e0-b2438bf62242", session_token: "token123", user_agent: "Mozilla/5.0", ip_address: "127.0.0.1", started_at: "2026-03-20T23:09:56.072666Z"}, metadata: %{"causation_id" => "019d0d83-35e8-753f-984d-38ea338eda81", "correlation_id" => "019d0d83-35e8-753f-984d-38ea338eda81"}, created_at: ~U[2026-03-20 23:09:56.073170Z]}, %EventStore.RecordedEvent{event_number: 12193, event_id: "e88a74fa-5b0c-4b91-8cb5-06995a22261e", stream_uuid: "e55da693-c009-4afd-a56e-9b4ab3975acc", stream_version: 1, correlation_id: "9e656c1d-d0e4-4f46-bf33-1d95e39eba77", causation_id: "26eb51ca-d88e-4ba3-ac69-47b72ac05e07", event_type: "Elixir.Nexus.Identity.Events.UserRegistered", data: %Nexus.Identity.Events.UserRegistered{user_id: "e55da693-c009-4afd-a56e-9b4ab3975acc", org_id: "84a4120a-ffd5-4f1d-8c8d-39a304840d78", email: "test@example.com", role: "admin", cose_key: "dummy", credential_id: "dummy", registered_at: "2026-03-20T23:09:55.865334Z", display_name: "Test User", status: "active"}, metadata: %{"causation_id" => "019d0d83-3519-7150-9f84-629ff4c7083d", "correlation_id" => "019d0d83-3519-7150-9f84-629ff4c7083d"}, created_at: ~U[2026-03-20 23:09:55.869271Z]}, %EventStore.RecordedEvent{event_number: 12192, event_id: "9369472d-8342-4f67-bb09-dce99e1564a7", stream_uuid: "1cdc5b98-437f-46cd-b961-7f94b0c70951", ...}, ...], ...}}, ...}}, ...}
23:09:56.631 [debug] Nexus.Identity.Projectors.UserRegistrationProjector is shutting down due to {%Postgrex.Error{message: nil, postgres: %{code: :undefined_column, line: "3721", message: "column i0.id does not exist", position: "8", file: "parse_relation.c", unknown: "ERROR", severity: "ERROR", pg_code: "42703", routine: "errorMissingColumn"}, connection_id: 3158, query: "SELECT i0.\"id\", i0.\"user_id\", i0.\"org_id\", i0.\"locale\", i0.\"timezone\", i0.\"notifications_enabled\", i0.\"created_at\", i0.\"updated_at\" FROM \"identity_user_settings\" AS i0 WHERE (i0.\"id\" = $1)"}, {GenServer, :call, [#PID<0.1734.0>, {:connect, #PID<0.1735.0>, [retry_interval: 60000, hibernate_after: 15000, partition_by: nil, concurrency_limit: 1, name: Nexus.EventStore, mapper: &Commanded.EventStore.Adapters.EventStore.Mapper.from_recorded_event/1, conn: Nexus.EventStore.Postgrex, event_store: Nexus.EventStore, query_timeout: 15000, schema: "event_store", serializer: Commanded.Serialization.JsonSerializer, stream_uuid: "$all", subscription_name: "Identity.Projectors.UserRegistrationProjector", start_from: 0]}, 5000]}}
23:09:56.631 [error] GenServer {Nexus.App.LocalRegistry, {Nexus.App, Commanded.Event.Handler, "Identity.Projectors.UserRegistrationProjector"}} terminating
** (stop) exited in: GenServer.call(#PID<0.1734.0>, {:connect, #PID<0.1735.0>, [retry_interval: 60000, hibernate_after: 15000, partition_by: nil, concurrency_limit: 1, name: Nexus.EventStore, mapper: &Commanded.EventStore.Adapters.EventStore.Mapper.from_recorded_event/1, conn: Nexus.EventStore.Postgrex, event_store: Nexus.EventStore, query_timeout: 15000, schema: "event_store", serializer: Commanded.Serialization.JsonSerializer, stream_uuid: "$all", subscription_name: "Identity.Projectors.UserRegistrationProjector", start_from: 0]}, 5000)
    ** (EXIT) %Postgrex.Error{message: nil, postgres: %{code: :undefined_column, line: "3721", message: "column i0.id does not exist", position: "8", file: "parse_relation.c", unknown: "ERROR", severity: "ERROR", pg_code: "42703", routine: "errorMissingColumn"}, connection_id: 3158, query: "SELECT i0.\"id\", i0.\"user_id\", i0.\"org_id\", i0.\"locale\", i0.\"timezone\", i0.\"notifications_enabled\", i0.\"created_at\", i0.\"updated_at\" FROM \"identity_user_settings\" AS i0 WHERE (i0.\"id\" = $1)"}
    (elixir 1.19.5) lib/gen_server.ex:1142: GenServer.call/3
    (commanded 1.4.9) lib/commanded/event_store.ex:289: anonymous fn/2 in Commanded.EventStore.span/3
    (telemetry 1.3.0) /Users/bernard/dev/nexus/deps/telemetry/src/telemetry.erl:324: :telemetry.span/3
    (commanded 1.4.9) lib/commanded/event_store/subscription.ex:58: Commanded.EventStore.Subscription.subscribe/2
    (commanded 1.4.9) lib/commanded/event/handler.ex:1024: Commanded.Event.Handler.subscribe_to_events/1
    (commanded 1.4.9) lib/commanded/event/handler.ex:887: Commanded.Event.Handler.handle_continue/2
    (stdlib 7.1) gen_server.erl:2424: :gen_server.try_handle_continue/3
    (stdlib 7.1) gen_server.erl:2291: :gen_server.loop/4
    (stdlib 7.1) proc_lib.erl:333: :proc_lib.init_p_do_apply/3
Last message: {:continue, :subscribe_to_events}
State: %Commanded.Event.Handler{application: Nexus.App, consistency: :strong, handler_callback: :event, handler_name: "Identity.Projectors.UserRegistrationProjector", handler_module: Nexus.Identity.Projectors.UserRegistrationProjector, handler_state: nil, last_seen_event: nil, subscription: %Commanded.EventStore.Subscription{application: Nexus.App, backoff: {:backoff, 1000, 60000, 1000, :jitter, :undefined, :undefined}, concurrency: 1, partition_by: nil, subscribe_to: :all, subscribe_from: :origin, subscription_name: "Identity.Projectors.UserRegistrationProjector", subscription_opts: [], subscription_pid: nil, subscription_ref: nil}, subscribe_timer: nil}
23:09:56.632 [debug] Subscription "Identity.Projectors.UserRegistrationProjector"@"$all" attempting to connect subscriber #PID<0.1736.0>
23:09:56.632 [debug] Subscription "Identity.Projectors.UserRegistrationProjector"@"$all" catching-up
23:09:56.632 [debug] Nexus.Identity.Projectors.UserRegistrationProjector has successfully subscribed to event store
23:09:56.647 [debug] Nexus.Identity.Projectors.UserRegistrationProjector received events: [%Commanded.EventStore.RecordedEvent{event_id: "282ec866-f518-44ed-95f6-7a535d6c3e25", event_number: 11262, stream_id: "019d0c26-0b00-74a0-bd6d-48329cf61a57", stream_version: 1, causation_id: "d64809a4-8402-4360-8536-99b7a0f860ca", correlation_id: "e0f4b4bb-483c-4914-aaaa-956d1587d67e", event_type: "Elixir.Nexus.Identity.Events.UserRegistered", data: %Nexus.Identity.Events.UserRegistered{user_id: "019d0c26-0b00-74a0-bd6d-48329cf61a57", org_id: "019d0c26-0b00-74a0-8884-24b7b734f296", email: "test@example.com", role: "system_admin", cose_key: "Ym9vdHN0cmFwX2Nvc2Vfa2V5", credential_id: "Ym9vdHN0cmFwX2NyZWRlbnRpYWxfaWQ=", registered_at: "2026-03-20T16:48:33.024173Z", display_name: "Test User", status: "active"}, created_at: ~U[2026-03-20 16:48:33.025211Z], metadata: %{"causation_id" => "019d0c26-0b00-71d0-a1d2-041f55e92cfc", "correlation_id" => "019d0c26-0b00-71d0-a1d2-041f55e92cfc"}}]
23:09:56.647 [debug] QUERY OK db=0.1ms
begin []
23:09:56.647 [debug] QUERY OK source="projection_versions" db=0.1ms
INSERT INTO "projection_versions" AS p0 ("projection_name","last_seen_event_number","inserted_at","updated_at") VALUES ($1,$2,$3,$4) ON CONFLICT ("projection_name") DO UPDATE SET "last_seen_event_number" = $5 WHERE ((p0."projection_name" = $6) AND (p0."last_seen_event_number" < $7)) ["Identity.Projectors.UserRegistrationProjector", 11262, ~N[2026-03-20 23:09:56.647643], ~N[2026-03-20 23:09:56.647643], 11262, "Identity.Projectors.UserRegistrationProjector", 11262]
23:09:56.648 [debug] QUERY OK source="users" db=0.1ms
SELECT u0."id", u0."org_id", u0."email", u0."display_name", u0."status", u0."cose_key", u0."credential_id", u0."roles", u0."created_at", u0."updated_at" FROM "users" AS u0 WHERE (u0."id" = $1) ["019d0c26-0b00-74a0-bd6d-48329cf61a57"]
23:09:56.648 [debug] QUERY OK source="users" db=0.1ms
SELECT u0."id", u0."org_id", u0."email", u0."display_name", u0."status", u0."cose_key", u0."credential_id", u0."roles", u0."created_at", u0."updated_at" FROM "users" AS u0 WHERE (u0."email" = $1) ["test@example.com"]
23:09:56.648 [debug] QUERY OK source="users" db=0.1ms
INSERT INTO "users" ("id","status","org_id","email","display_name","roles","cose_key","credential_id","created_at","updated_at") VALUES ($1,$2,$3,$4,$5,$6,$7,$8,$9,$10) ["019d0c26-0b00-74a0-bd6d-48329cf61a57", "active", "019d0c26-0b00-74a0-8884-24b7b734f296", "test@example.com", "Test User", ["system_admin"], "bootstrap_cose_key", "bootstrap_credential_id", ~U[2026-03-20 23:09:56.648321Z], ~U[2026-03-20 23:09:56.648321Z]]
23:09:56.648 [debug] QUERY ERROR source="identity_user_settings" db=0.0ms
SELECT i0."id", i0."user_id", i0."org_id", i0."locale", i0."timezone", i0."notifications_enabled", i0."created_at", i0."updated_at" FROM "identity_user_settings" AS i0 WHERE (i0."id" = $1) ["019d0c26-0b00-74a0-bd6d-48329cf61a57"]
23:09:56.648 [debug] QUERY OK db=0.0ms
rollback []
23:09:56.650 [error] Nexus.Identity.Projectors.UserRegistrationProjector failed to handle event:
%Commanded.EventStore.RecordedEvent{
  event_id: "282ec866-f518-44ed-95f6-7a535d6c3e25",
  event_number: 11262,
  stream_id: "019d0c26-0b00-74a0-bd6d-48329cf61a57",
  stream_version: 1,
  causation_id: "d64809a4-8402-4360-8536-99b7a0f860ca",
  correlation_id: "e0f4b4bb-483c-4914-aaaa-956d1587d67e",
  event_type: "Elixir.Nexus.Identity.Events.UserRegistered",
  data: %Nexus.Identity.Events.UserRegistered{
    user_id: "019d0c26-0b00-74a0-bd6d-48329cf61a57",
    org_id: "019d0c26-0b00-74a0-8884-24b7b734f296",
    email: "test@example.com",
    role: "system_admin",
    cose_key: "Ym9vdHN0cmFwX2Nvc2Vfa2V5",
    credential_id: "Ym9vdHN0cmFwX2NyZWRlbnRpYWxfaWQ=",
    registered_at: "2026-03-20T16:48:33.024173Z",
    display_name: "Test User",
    status: "active"
  },
  created_at: ~U[2026-03-20 16:48:33.025211Z],
  metadata: %{
    "causation_id" => "019d0c26-0b00-71d0-a1d2-041f55e92cfc",
    "correlation_id" => "019d0c26-0b00-71d0-a1d2-041f55e92cfc"
  }
}, due to:
** (Postgrex.Error) ERROR 42703 (undefined_column) column i0.id does not exist

    query: SELECT i0."id", i0."user_id", i0."org_id", i0."locale", i0."timezone", i0."notifications_enabled", i0."created_at", i0."updated_at" FROM "identity_user_settings" AS i0 WHERE (i0."id" = $1)
    (ecto_sql 3.13.4) lib/ecto/adapters/sql.ex:1113: Ecto.Adapters.SQL.raise_sql_call_error/1
    (ecto_sql 3.13.4) lib/ecto/adapters/sql.ex:1011: Ecto.Adapters.SQL.execute/6
    (ecto 3.13.5) lib/ecto/repo/queryable.ex:241: Ecto.Repo.Queryable.execute/4
    (ecto 3.13.5) lib/ecto/repo/queryable.ex:19: Ecto.Repo.Queryable.all/3
    (ecto 3.13.5) lib/ecto/repo/queryable.ex:163: Ecto.Repo.Queryable.one/3
    (nexus 0.1.0) lib/nexus/identity/projectors/user_registration_projector.ex:53: anonymous fn/3 in Nexus.Identity.Projectors.UserRegistrationProjector.project_registration/3
    (ecto 3.13.5) lib/ecto/multi.ex:905: Ecto.Multi.apply_operation/5
    (elixir 1.19.5) lib/enum.ex:2520: Enum."-reduce/3-lists^foldl/2-0-"/3
    (ecto 3.13.5) lib/ecto/multi.ex:878: anonymous fn/5 in Ecto.Multi.apply_operations/5
    (ecto_sql 3.13.4) lib/ecto/adapters/sql.ex:1473: anonymous fn/3 in Ecto.Adapters.SQL.checkout_or_transaction/4
    (db_connection 2.9.0) lib/db_connection.ex:1747: DBConnection.run_transaction/4
    (ecto 3.13.5) lib/ecto/repo/transaction.ex:30: Ecto.Repo.Transaction.transact/4
    (nexus 0.1.0) deps/commanded_ecto_projections/lib/projections/ecto.ex:97: Nexus.Identity.Projectors.UserRegistrationProjector.update_projection/3
    (commanded 1.4.9) lib/commanded/event/handler.ex:1221: Commanded.Event.Handler.delegate_event_to_handler/2
    (commanded 1.4.9) lib/commanded/event/handler.ex:1062: Commanded.Event.Handler.handle_event/3
    (elixir 1.19.5) lib/enum.ex:2520: Enum."-reduce/3-lists^foldl/2-0-"/3
    (commanded 1.4.9) lib/commanded/event/handler.ex:969: Commanded.Event.Handler.handle_info/2
    (stdlib 7.1) gen_server.erl:2434: :gen_server.try_handle_info/3
    (stdlib 7.1) gen_server.erl:2420: :gen_server.handle_msg/3
    (stdlib 7.1) proc_lib.erl:333: :proc_lib.init_p_do_apply/3

23:09:56.650 [warning] Nexus.Identity.Projectors.UserRegistrationProjector has requested to stop: %Postgrex.Error{message: nil, postgres: %{code: :undefined_column, line: "3721", message: "column i0.id does not exist", position: "8", file: "parse_relation.c", unknown: "ERROR", severity: "ERROR", pg_code: "42703", routine: "errorMissingColumn"}, connection_id: 3158, query: "SELECT i0.\"id\", i0.\"user_id\", i0.\"org_id\", i0.\"locale\", i0.\"timezone\", i0.\"notifications_enabled\", i0.\"created_at\", i0.\"updated_at\" FROM \"identity_user_settings\" AS i0 WHERE (i0.\"id\" = $1)"}
23:09:56.650 [debug] Nexus.Identity.Projectors.UserRegistrationProjector is shutting down due to %Postgrex.Error{message: nil, postgres: %{code: :undefined_column, line: "3721", message: "column i0.id does not exist", position: "8", file: "parse_relation.c", unknown: "ERROR", severity: "ERROR", pg_code: "42703", routine: "errorMissingColumn"}, connection_id: 3158, query: "SELECT i0.\"id\", i0.\"user_id\", i0.\"org_id\", i0.\"locale\", i0.\"timezone\", i0.\"notifications_enabled\", i0.\"created_at\", i0.\"updated_at\" FROM \"identity_user_settings\" AS i0 WHERE (i0.\"id\" = $1)"}
23:09:56.650 [error] GenServer {Nexus.App.LocalRegistry, {Nexus.App, Commanded.Event.Handler, "Identity.Projectors.UserRegistrationProjector"}} terminating
** (stop) %Postgrex.Error{message: nil, postgres: %{code: :undefined_column, line: "3721", message: "column i0.id does not exist", position: "8", file: "parse_relation.c", unknown: "ERROR", severity: "ERROR", pg_code: "42703", routine: "errorMissingColumn"}, connection_id: 3158, query: "SELECT i0.\"id\", i0.\"user_id\", i0.\"org_id\", i0.\"locale\", i0.\"timezone\", i0.\"notifications_enabled\", i0.\"created_at\", i0.\"updated_at\" FROM \"identity_user_settings\" AS i0 WHERE (i0.\"id\" = $1)"}
Last message: {:events, [%Commanded.EventStore.RecordedEvent{event_id: "282ec866-f518-44ed-95f6-7a535d6c3e25", event_number: 11262, stream_id: "019d0c26-0b00-74a0-bd6d-48329cf61a57", stream_version: 1, causation_id: "d64809a4-8402-4360-8536-99b7a0f860ca", correlation_id: "e0f4b4bb-483c-4914-aaaa-956d1587d67e", event_type: "Elixir.Nexus.Identity.Events.UserRegistered", data: %Nexus.Identity.Events.UserRegistered{user_id: "019d0c26-0b00-74a0-bd6d-48329cf61a57", org_id: "019d0c26-0b00-74a0-8884-24b7b734f296", email: "test@example.com", role: "system_admin", cose_key: "Ym9vdHN0cmFwX2Nvc2Vfa2V5", credential_id: "Ym9vdHN0cmFwX2NyZWRlbnRpYWxfaWQ=", registered_at: "2026-03-20T16:48:33.024173Z", display_name: "Test User", status: "active"}, created_at: ~U[2026-03-20 16:48:33.025211Z], metadata: %{"causation_id" => "019d0c26-0b00-71d0-a1d2-041f55e92cfc", "correlation_id" => "019d0c26-0b00-71d0-a1d2-041f55e92cfc"}}]}
State: %Commanded.Event.Handler{application: Nexus.App, consistency: :strong, handler_callback: :event, handler_name: "Identity.Projectors.UserRegistrationProjector", handler_module: Nexus.Identity.Projectors.UserRegistrationProjector, handler_state: nil, last_seen_event: nil, subscription: %Commanded.EventStore.Subscription{application: Nexus.App, backoff: {:backoff, 1000, 60000, 1000, :jitter, :undefined, :undefined}, concurrency: 1, partition_by: nil, subscribe_to: :all, subscribe_from: :origin, subscription_name: "Identity.Projectors.UserRegistrationProjector", subscription_opts: [], subscription_pid: #PID<0.1737.0>, subscription_ref: #Reference<0.504251661.3394502657.93715>}, subscribe_timer: nil}
23:09:56.650 [debug] Subscription "Identity.Projectors.UserRegistrationProjector"@"$all" subscriber #PID<0.1736.0> down due to: %Postgrex.Error{message: nil, postgres: %{code: :undefined_column, line: "3721", message: "column i0.id does not exist", position: "8", file: "parse_relation.c", unknown: "ERROR", severity: "ERROR", pg_code: "42703", routine: "errorMissingColumn"}, connection_id: 3158, query: "SELECT i0.\"id\", i0.\"user_id\", i0.\"org_id\", i0.\"locale\", i0.\"timezone\", i0.\"notifications_enabled\", i0.\"created_at\", i0.\"updated_at\" FROM \"identity_user_settings\" AS i0 WHERE (i0.\"id\" = $1)"}
23:09:56.650 [debug] Subscription "Identity.Projectors.UserRegistrationProjector"@"$all" has no subscribers, shutting down
23:09:56.650 [error] GenServer {Nexus.EventStore.EventStore.Subscriptions.Registry, {"$all", "Identity.Projectors.UserRegistrationProjector"}} terminating
** (stop) %Postgrex.Error{message: nil, postgres: %{code: :undefined_column, line: "3721", message: "column i0.id does not exist", position: "8", file: "parse_relation.c", unknown: "ERROR", severity: "ERROR", pg_code: "42703", routine: "errorMissingColumn"}, connection_id: 3158, query: "SELECT i0.\"id\", i0.\"user_id\", i0.\"org_id\", i0.\"locale\", i0.\"timezone\", i0.\"notifications_enabled\", i0.\"created_at\", i0.\"updated_at\" FROM \"identity_user_settings\" AS i0 WHERE (i0.\"id\" = $1)"}
Last message: {:DOWN, #Reference<0.504251661.3394502658.55936>, :process, #PID<0.1736.0>, %Postgrex.Error{message: nil, postgres: %{code: :undefined_column, line: "3721", message: "column i0.id does not exist", position: "8", file: "parse_relation.c", unknown: "ERROR", severity: "ERROR", pg_code: "42703", routine: "errorMissingColumn"}, connection_id: 3158, query: "SELECT i0.\"id\", i0.\"user_id\", i0.\"org_id\", i0.\"locale\", i0.\"timezone\", i0.\"notifications_enabled\", i0.\"created_at\", i0.\"updated_at\" FROM \"identity_user_settings\" AS i0 WHERE (i0.\"id\" = $1)"}}
State: %EventStore.Subscriptions.Subscription{stream_uuid: "$all", subscription_name: "Identity.Projectors.UserRegistrationProjector", subscription: %EventStore.Subscriptions.SubscriptionFsm{state: :unsubscribed, data: %EventStore.Subscriptions.SubscriptionState{conn: Nexus.EventStore.Postgrex, event_store: Nexus.EventStore, serializer: Commanded.Serialization.JsonSerializer, schema: "event_store", stream_uuid: "$all", start_from: 0, subscription_name: "Identity.Projectors.UserRegistrationProjector", subscription_id: 405, selector: nil, mapper: &Commanded.EventStore.Adapters.EventStore.Mapper.from_recorded_event/1, max_size: 1000, partition_by: nil, query_timeout: 15000, lock_ref: #Reference<0.504251661.3394502658.55942>, last_received: 12195, last_sent: 11262, last_ack: 11261, queue_size: 934, buffer_size: 1, checkpoint_after: 0, checkpoint_threshold: 1, checkpoint_timer_ref: nil, checkpoints_pending: 0, subscribers: %{}, partitions: %{nil: {[%EventStore.RecordedEvent{event_number: 12195, event_id: "63cf0cf3-679d-4adb-a5fc-1b7c8cdfe448", stream_uuid: "a6d32835-04fe-47c3-93c7-50750f4c0025", stream_version: 1, correlation_id: "4b130646-5380-41f3-b6df-9abfd1ed0d92", causation_id: "0f27ee9d-27db-4e8b-8f2d-6a8556a5e9d4", event_type: "Elixir.Nexus.Identity.Events.UserRegistered", data: %Nexus.Identity.Events.UserRegistered{user_id: "a6d32835-04fe-47c3-93c7-50750f4c0025", org_id: "aefc3981-97e0-4a44-a442-807e9d7b3892", email: "test@example.com", role: "admin", cose_key: "dummy", credential_id: "dummy", registered_at: "2026-03-20T23:09:56.579831Z", display_name: "Test User", status: "active"}, metadata: %{"causation_id" => "019d0d83-37e3-7671-991d-f18a42a53090", "correlation_id" => "019d0d83-37e3-7671-991d-f18a42a53090"}, created_at: ~U[2026-03-20 23:09:56.581065Z]}, %EventStore.RecordedEvent{event_number: 12194, event_id: "3f8f3cbc-ea72-45a7-ab6d-12a43da50245", stream_uuid: "e55da693-c009-4afd-a56e-9b4ab3975acc", stream_version: 2, correlation_id: "e5500f71-9103-4737-8991-5eb165815e23", causation_id: "633094f8-6986-459b-9416-072dd0187fd9", event_type: "Elixir.Nexus.Identity.Events.SessionStarted", data: %Nexus.Identity.Events.SessionStarted{org_id: "84a4120a-ffd5-4f1d-8c8d-39a304840d78", user_id: "e55da693-c009-4afd-a56e-9b4ab3975acc", session_id: "418d0e43-cc2d-4727-80e0-b2438bf62242", session_token: "token123", user_agent: "Mozilla/5.0", ip_address: "127.0.0.1", started_at: "2026-03-20T23:09:56.072666Z"}, metadata: %{"causation_id" => "019d0d83-35e8-753f-984d-38ea338eda81", "correlation_id" => "019d0d83-35e8-753f-984d-38ea338eda81"}, created_at: ~U[2026-03-20 23:09:56.073170Z]}, %EventStore.RecordedEvent{event_number: 12193, event_id: "e88a74fa-5b0c-4b91-8cb5-06995a22261e", stream_uuid: "e55da693-c009-4afd-a56e-9b4ab3975acc", stream_version: 1, correlation_id: "9e656c1d-d0e4-4f46-bf33-1d95e39eba77", causation_id: "26eb51ca-d88e-4ba3-ac69-47b72ac05e07", event_type: "Elixir.Nexus.Identity.Events.UserRegistered", data: %Nexus.Identity.Events.UserRegistered{user_id: "e55da693-c009-4afd-a56e-9b4ab3975acc", org_id: "84a4120a-ffd5-4f1d-8c8d-39a304840d78", email: "test@example.com", role: "admin", cose_key: "dummy", credential_id: "dummy", registered_at: "2026-03-20T23:09:55.865334Z", display_name: "Test User", status: "active"}, metadata: %{"causation_id" => "019d0d83-3519-7150-9f84-629ff4c7083d", "correlation_id" => "019d0d83-3519-7150-9f84-629ff4c7083d"}, created_at: ~U[2026-03-20 23:09:55.869271Z]}, %EventStore.RecordedEvent{event_number: 12192, event_id: "9369472d-8342-4f67-bb09-dce99e1564a7", stream_uuid: "1cdc5b98-437f-46cd-b961-7f94b0c70951", ...}, ...], ...}}, ...}}, ...}
23:09:56.650 [debug] Nexus.Identity.Projectors.UserRegistrationProjector is shutting down due to {%Postgrex.Error{message: nil, postgres: %{code: :undefined_column, line: "3721", message: "column i0.id does not exist", position: "8", file: "parse_relation.c", unknown: "ERROR", severity: "ERROR", pg_code: "42703", routine: "errorMissingColumn"}, connection_id: 3158, query: "SELECT i0.\"id\", i0.\"user_id\", i0.\"org_id\", i0.\"locale\", i0.\"timezone\", i0.\"notifications_enabled\", i0.\"created_at\", i0.\"updated_at\" FROM \"identity_user_settings\" AS i0 WHERE (i0.\"id\" = $1)"}, {GenServer, :call, [#PID<0.1737.0>, {:connect, #PID<0.1738.0>, [retry_interval: 60000, hibernate_after: 15000, partition_by: nil, concurrency_limit: 1, name: Nexus.EventStore, mapper: &Commanded.EventStore.Adapters.EventStore.Mapper.from_recorded_event/1, conn: Nexus.EventStore.Postgrex, event_store: Nexus.EventStore, query_timeout: 15000, schema: "event_store", serializer: Commanded.Serialization.JsonSerializer, stream_uuid: "$all", subscription_name: "Identity.Projectors.UserRegistrationProjector", start_from: 0]}, 5000]}}
23:09:56.650 [error] GenServer {Nexus.App.LocalRegistry, {Nexus.App, Commanded.Event.Handler, "Identity.Projectors.UserRegistrationProjector"}} terminating
** (stop) exited in: GenServer.call(#PID<0.1737.0>, {:connect, #PID<0.1738.0>, [retry_interval: 60000, hibernate_after: 15000, partition_by: nil, concurrency_limit: 1, name: Nexus.EventStore, mapper: &Commanded.EventStore.Adapters.EventStore.Mapper.from_recorded_event/1, conn: Nexus.EventStore.Postgrex, event_store: Nexus.EventStore, query_timeout: 15000, schema: "event_store", serializer: Commanded.Serialization.JsonSerializer, stream_uuid: "$all", subscription_name: "Identity.Projectors.UserRegistrationProjector", start_from: 0]}, 5000)
    ** (EXIT) %Postgrex.Error{message: nil, postgres: %{code: :undefined_column, line: "3721", message: "column i0.id does not exist", position: "8", file: "parse_relation.c", unknown: "ERROR", severity: "ERROR", pg_code: "42703", routine: "errorMissingColumn"}, connection_id: 3158, query: "SELECT i0.\"id\", i0.\"user_id\", i0.\"org_id\", i0.\"locale\", i0.\"timezone\", i0.\"notifications_enabled\", i0.\"created_at\", i0.\"updated_at\" FROM \"identity_user_settings\" AS i0 WHERE (i0.\"id\" = $1)"}
    (elixir 1.19.5) lib/gen_server.ex:1142: GenServer.call/3
    (commanded 1.4.9) lib/commanded/event_store.ex:289: anonymous fn/2 in Commanded.EventStore.span/3
    (telemetry 1.3.0) /Users/bernard/dev/nexus/deps/telemetry/src/telemetry.erl:324: :telemetry.span/3
    (commanded 1.4.9) lib/commanded/event_store/subscription.ex:58: Commanded.EventStore.Subscription.subscribe/2
    (commanded 1.4.9) lib/commanded/event/handler.ex:1024: Commanded.Event.Handler.subscribe_to_events/1
    (commanded 1.4.9) lib/commanded/event/handler.ex:887: Commanded.Event.Handler.handle_continue/2
    (stdlib 7.1) gen_server.erl:2424: :gen_server.try_handle_continue/3
    (stdlib 7.1) gen_server.erl:2291: :gen_server.loop/4
    (stdlib 7.1) proc_lib.erl:333: :proc_lib.init_p_do_apply/3
Last message: {:continue, :subscribe_to_events}
State: %Commanded.Event.Handler{application: Nexus.App, consistency: :strong, handler_callback: :event, handler_name: "Identity.Projectors.UserRegistrationProjector", handler_module: Nexus.Identity.Projectors.UserRegistrationProjector, handler_state: nil, last_seen_event: nil, subscription: %Commanded.EventStore.Subscription{application: Nexus.App, backoff: {:backoff, 1000, 60000, 1000, :jitter, :undefined, :undefined}, concurrency: 1, partition_by: nil, subscribe_to: :all, subscribe_from: :origin, subscription_name: "Identity.Projectors.UserRegistrationProjector", subscription_opts: [], subscription_pid: nil, subscription_ref: nil}, subscribe_timer: nil}
23:09:56.651 [debug] Subscription "Identity.Projectors.UserRegistrationProjector"@"$all" attempting to connect subscriber #PID<0.1739.0>
23:09:56.652 [debug] Subscription "Identity.Projectors.UserRegistrationProjector"@"$all" catching-up
23:09:56.652 [debug] Nexus.Identity.Projectors.UserRegistrationProjector has successfully subscribed to event store
23:09:56.666 [debug] Nexus.Identity.Projectors.UserRegistrationProjector received events: [%Commanded.EventStore.RecordedEvent{event_id: "282ec866-f518-44ed-95f6-7a535d6c3e25", event_number: 11262, stream_id: "019d0c26-0b00-74a0-bd6d-48329cf61a57", stream_version: 1, causation_id: "d64809a4-8402-4360-8536-99b7a0f860ca", correlation_id: "e0f4b4bb-483c-4914-aaaa-956d1587d67e", event_type: "Elixir.Nexus.Identity.Events.UserRegistered", data: %Nexus.Identity.Events.UserRegistered{user_id: "019d0c26-0b00-74a0-bd6d-48329cf61a57", org_id: "019d0c26-0b00-74a0-8884-24b7b734f296", email: "test@example.com", role: "system_admin", cose_key: "Ym9vdHN0cmFwX2Nvc2Vfa2V5", credential_id: "Ym9vdHN0cmFwX2NyZWRlbnRpYWxfaWQ=", registered_at: "2026-03-20T16:48:33.024173Z", display_name: "Test User", status: "active"}, created_at: ~U[2026-03-20 16:48:33.025211Z], metadata: %{"causation_id" => "019d0c26-0b00-71d0-a1d2-041f55e92cfc", "correlation_id" => "019d0c26-0b00-71d0-a1d2-041f55e92cfc"}}]
23:09:56.666 [debug] QUERY OK db=0.2ms
begin []
23:09:56.667 [debug] QUERY OK source="projection_versions" db=0.3ms
INSERT INTO "projection_versions" AS p0 ("projection_name","last_seen_event_number","inserted_at","updated_at") VALUES ($1,$2,$3,$4) ON CONFLICT ("projection_name") DO UPDATE SET "last_seen_event_number" = $5 WHERE ((p0."projection_name" = $6) AND (p0."last_seen_event_number" < $7)) ["Identity.Projectors.UserRegistrationProjector", 11262, ~N[2026-03-20 23:09:56.666793], ~N[2026-03-20 23:09:56.666793], 11262, "Identity.Projectors.UserRegistrationProjector", 11262]
23:09:56.667 [debug] QUERY OK source="users" db=0.1ms
SELECT u0."id", u0."org_id", u0."email", u0."display_name", u0."status", u0."cose_key", u0."credential_id", u0."roles", u0."created_at", u0."updated_at" FROM "users" AS u0 WHERE (u0."id" = $1) ["019d0c26-0b00-74a0-bd6d-48329cf61a57"]
23:09:56.667 [debug] QUERY OK source="users" db=0.1ms
SELECT u0."id", u0."org_id", u0."email", u0."display_name", u0."status", u0."cose_key", u0."credential_id", u0."roles", u0."created_at", u0."updated_at" FROM "users" AS u0 WHERE (u0."email" = $1) ["test@example.com"]
23:09:56.667 [debug] QUERY OK source="users" db=0.2ms
INSERT INTO "users" ("id","status","org_id","email","display_name","roles","cose_key","credential_id","created_at","updated_at") VALUES ($1,$2,$3,$4,$5,$6,$7,$8,$9,$10) ["019d0c26-0b00-74a0-bd6d-48329cf61a57", "active", "019d0c26-0b00-74a0-8884-24b7b734f296", "test@example.com", "Test User", ["system_admin"], "bootstrap_cose_key", "bootstrap_credential_id", ~U[2026-03-20 23:09:56.667690Z], ~U[2026-03-20 23:09:56.667690Z]]
23:09:56.668 [debug] QUERY ERROR source="identity_user_settings" db=0.0ms
SELECT i0."id", i0."user_id", i0."org_id", i0."locale", i0."timezone", i0."notifications_enabled", i0."created_at", i0."updated_at" FROM "identity_user_settings" AS i0 WHERE (i0."id" = $1) ["019d0c26-0b00-74a0-bd6d-48329cf61a57"]
23:09:56.668 [debug] QUERY OK db=0.1ms
rollback []
23:09:56.669 [error] Nexus.Identity.Projectors.UserRegistrationProjector failed to handle event:
%Commanded.EventStore.RecordedEvent{
  event_id: "282ec866-f518-44ed-95f6-7a535d6c3e25",
  event_number: 11262,
  stream_id: "019d0c26-0b00-74a0-bd6d-48329cf61a57",
  stream_version: 1,
  causation_id: "d64809a4-8402-4360-8536-99b7a0f860ca",
  correlation_id: "e0f4b4bb-483c-4914-aaaa-956d1587d67e",
  event_type: "Elixir.Nexus.Identity.Events.UserRegistered",
  data: %Nexus.Identity.Events.UserRegistered{
    user_id: "019d0c26-0b00-74a0-bd6d-48329cf61a57",
    org_id: "019d0c26-0b00-74a0-8884-24b7b734f296",
    email: "test@example.com",
    role: "system_admin",
    cose_key: "Ym9vdHN0cmFwX2Nvc2Vfa2V5",
    credential_id: "Ym9vdHN0cmFwX2NyZWRlbnRpYWxfaWQ=",
    registered_at: "2026-03-20T16:48:33.024173Z",
    display_name: "Test User",
    status: "active"
  },
  created_at: ~U[2026-03-20 16:48:33.025211Z],
  metadata: %{
    "causation_id" => "019d0c26-0b00-71d0-a1d2-041f55e92cfc",
    "correlation_id" => "019d0c26-0b00-71d0-a1d2-041f55e92cfc"
  }
}, due to:
** (Postgrex.Error) ERROR 42703 (undefined_column) column i0.id does not exist

    query: SELECT i0."id", i0."user_id", i0."org_id", i0."locale", i0."timezone", i0."notifications_enabled", i0."created_at", i0."updated_at" FROM "identity_user_settings" AS i0 WHERE (i0."id" = $1)
    (ecto_sql 3.13.4) lib/ecto/adapters/sql.ex:1113: Ecto.Adapters.SQL.raise_sql_call_error/1
    (ecto_sql 3.13.4) lib/ecto/adapters/sql.ex:1011: Ecto.Adapters.SQL.execute/6
    (ecto 3.13.5) lib/ecto/repo/queryable.ex:241: Ecto.Repo.Queryable.execute/4
    (ecto 3.13.5) lib/ecto/repo/queryable.ex:19: Ecto.Repo.Queryable.all/3
    (ecto 3.13.5) lib/ecto/repo/queryable.ex:163: Ecto.Repo.Queryable.one/3
    (nexus 0.1.0) lib/nexus/identity/projectors/user_registration_projector.ex:53: anonymous fn/3 in Nexus.Identity.Projectors.UserRegistrationProjector.project_registration/3
    (ecto 3.13.5) lib/ecto/multi.ex:905: Ecto.Multi.apply_operation/5
    (elixir 1.19.5) lib/enum.ex:2520: Enum."-reduce/3-lists^foldl/2-0-"/3
    (ecto 3.13.5) lib/ecto/multi.ex:878: anonymous fn/5 in Ecto.Multi.apply_operations/5
    (ecto_sql 3.13.4) lib/ecto/adapters/sql.ex:1473: anonymous fn/3 in Ecto.Adapters.SQL.checkout_or_transaction/4
    (db_connection 2.9.0) lib/db_connection.ex:1747: DBConnection.run_transaction/4
    (ecto 3.13.5) lib/ecto/repo/transaction.ex:30: Ecto.Repo.Transaction.transact/4
    (nexus 0.1.0) deps/commanded_ecto_projections/lib/projections/ecto.ex:97: Nexus.Identity.Projectors.UserRegistrationProjector.update_projection/3
    (commanded 1.4.9) lib/commanded/event/handler.ex:1221: Commanded.Event.Handler.delegate_event_to_handler/2
    (commanded 1.4.9) lib/commanded/event/handler.ex:1062: Commanded.Event.Handler.handle_event/3
    (elixir 1.19.5) lib/enum.ex:2520: Enum."-reduce/3-lists^foldl/2-0-"/3
    (commanded 1.4.9) lib/commanded/event/handler.ex:969: Commanded.Event.Handler.handle_info/2
    (stdlib 7.1) gen_server.erl:2434: :gen_server.try_handle_info/3
    (stdlib 7.1) gen_server.erl:2420: :gen_server.handle_msg/3
    (stdlib 7.1) proc_lib.erl:333: :proc_lib.init_p_do_apply/3

23:09:56.669 [warning] Nexus.Identity.Projectors.UserRegistrationProjector has requested to stop: %Postgrex.Error{message: nil, postgres: %{code: :undefined_column, line: "3721", message: "column i0.id does not exist", position: "8", file: "parse_relation.c", unknown: "ERROR", severity: "ERROR", pg_code: "42703", routine: "errorMissingColumn"}, connection_id: 3158, query: "SELECT i0.\"id\", i0.\"user_id\", i0.\"org_id\", i0.\"locale\", i0.\"timezone\", i0.\"notifications_enabled\", i0.\"created_at\", i0.\"updated_at\" FROM \"identity_user_settings\" AS i0 WHERE (i0.\"id\" = $1)"}
23:09:56.669 [debug] Nexus.Identity.Projectors.UserRegistrationProjector is shutting down due to %Postgrex.Error{message: nil, postgres: %{code: :undefined_column, line: "3721", message: "column i0.id does not exist", position: "8", file: "parse_relation.c", unknown: "ERROR", severity: "ERROR", pg_code: "42703", routine: "errorMissingColumn"}, connection_id: 3158, query: "SELECT i0.\"id\", i0.\"user_id\", i0.\"org_id\", i0.\"locale\", i0.\"timezone\", i0.\"notifications_enabled\", i0.\"created_at\", i0.\"updated_at\" FROM \"identity_user_settings\" AS i0 WHERE (i0.\"id\" = $1)"}
23:09:56.669 [error] GenServer {Nexus.App.LocalRegistry, {Nexus.App, Commanded.Event.Handler, "Identity.Projectors.UserRegistrationProjector"}} terminating
** (stop) %Postgrex.Error{message: nil, postgres: %{code: :undefined_column, line: "3721", message: "column i0.id does not exist", position: "8", file: "parse_relation.c", unknown: "ERROR", severity: "ERROR", pg_code: "42703", routine: "errorMissingColumn"}, connection_id: 3158, query: "SELECT i0.\"id\", i0.\"user_id\", i0.\"org_id\", i0.\"locale\", i0.\"timezone\", i0.\"notifications_enabled\", i0.\"created_at\", i0.\"updated_at\" FROM \"identity_user_settings\" AS i0 WHERE (i0.\"id\" = $1)"}
Last message: {:events, [%Commanded.EventStore.RecordedEvent{event_id: "282ec866-f518-44ed-95f6-7a535d6c3e25", event_number: 11262, stream_id: "019d0c26-0b00-74a0-bd6d-48329cf61a57", stream_version: 1, causation_id: "d64809a4-8402-4360-8536-99b7a0f860ca", correlation_id: "e0f4b4bb-483c-4914-aaaa-956d1587d67e", event_type: "Elixir.Nexus.Identity.Events.UserRegistered", data: %Nexus.Identity.Events.UserRegistered{user_id: "019d0c26-0b00-74a0-bd6d-48329cf61a57", org_id: "019d0c26-0b00-74a0-8884-24b7b734f296", email: "test@example.com", role: "system_admin", cose_key: "Ym9vdHN0cmFwX2Nvc2Vfa2V5", credential_id: "Ym9vdHN0cmFwX2NyZWRlbnRpYWxfaWQ=", registered_at: "2026-03-20T16:48:33.024173Z", display_name: "Test User", status: "active"}, created_at: ~U[2026-03-20 16:48:33.025211Z], metadata: %{"causation_id" => "019d0c26-0b00-71d0-a1d2-041f55e92cfc", "correlation_id" => "019d0c26-0b00-71d0-a1d2-041f55e92cfc"}}]}
State: %Commanded.Event.Handler{application: Nexus.App, consistency: :strong, handler_callback: :event, handler_name: "Identity.Projectors.UserRegistrationProjector", handler_module: Nexus.Identity.Projectors.UserRegistrationProjector, handler_state: nil, last_seen_event: nil, subscription: %Commanded.EventStore.Subscription{application: Nexus.App, backoff: {:backoff, 1000, 60000, 1000, :jitter, :undefined, :undefined}, concurrency: 1, partition_by: nil, subscribe_to: :all, subscribe_from: :origin, subscription_name: "Identity.Projectors.UserRegistrationProjector", subscription_opts: [], subscription_pid: #PID<0.1740.0>, subscription_ref: #Reference<0.504251661.3394502660.14908>}, subscribe_timer: nil}
23:09:56.669 [debug] Subscription "Identity.Projectors.UserRegistrationProjector"@"$all" subscriber #PID<0.1739.0> down due to: %Postgrex.Error{message: nil, postgres: %{code: :undefined_column, line: "3721", message: "column i0.id does not exist", position: "8", file: "parse_relation.c", unknown: "ERROR", severity: "ERROR", pg_code: "42703", routine: "errorMissingColumn"}, connection_id: 3158, query: "SELECT i0.\"id\", i0.\"user_id\", i0.\"org_id\", i0.\"locale\", i0.\"timezone\", i0.\"notifications_enabled\", i0.\"created_at\", i0.\"updated_at\" FROM \"identity_user_settings\" AS i0 WHERE (i0.\"id\" = $1)"}
23:09:56.669 [debug] Subscription "Identity.Projectors.UserRegistrationProjector"@"$all" has no subscribers, shutting down
23:09:56.669 [error] GenServer {Nexus.EventStore.EventStore.Subscriptions.Registry, {"$all", "Identity.Projectors.UserRegistrationProjector"}} terminating
** (stop) %Postgrex.Error{message: nil, postgres: %{code: :undefined_column, line: "3721", message: "column i0.id does not exist", position: "8", file: "parse_relation.c", unknown: "ERROR", severity: "ERROR", pg_code: "42703", routine: "errorMissingColumn"}, connection_id: 3158, query: "SELECT i0.\"id\", i0.\"user_id\", i0.\"org_id\", i0.\"locale\", i0.\"timezone\", i0.\"notifications_enabled\", i0.\"created_at\", i0.\"updated_at\" FROM \"identity_user_settings\" AS i0 WHERE (i0.\"id\" = $1)"}
Last message: {:DOWN, #Reference<0.504251661.3394502658.55998>, :process, #PID<0.1739.0>, %Postgrex.Error{message: nil, postgres: %{code: :undefined_column, line: "3721", message: "column i0.id does not exist", position: "8", file: "parse_relation.c", unknown: "ERROR", severity: "ERROR", pg_code: "42703", routine: "errorMissingColumn"}, connection_id: 3158, query: "SELECT i0.\"id\", i0.\"user_id\", i0.\"org_id\", i0.\"locale\", i0.\"timezone\", i0.\"notifications_enabled\", i0.\"created_at\", i0.\"updated_at\" FROM \"identity_user_settings\" AS i0 WHERE (i0.\"id\" = $1)"}}
State: %EventStore.Subscriptions.Subscription{stream_uuid: "$all", subscription_name: "Identity.Projectors.UserRegistrationProjector", subscription: %EventStore.Subscriptions.SubscriptionFsm{state: :unsubscribed, data: %EventStore.Subscriptions.SubscriptionState{conn: Nexus.EventStore.Postgrex, event_store: Nexus.EventStore, serializer: Commanded.Serialization.JsonSerializer, schema: "event_store", stream_uuid: "$all", start_from: 0, subscription_name: "Identity.Projectors.UserRegistrationProjector", subscription_id: 405, selector: nil, mapper: &Commanded.EventStore.Adapters.EventStore.Mapper.from_recorded_event/1, max_size: 1000, partition_by: nil, query_timeout: 15000, lock_ref: #Reference<0.504251661.3394502658.56007>, last_received: 12195, last_sent: 11262, last_ack: 11261, queue_size: 934, buffer_size: 1, checkpoint_after: 0, checkpoint_threshold: 1, checkpoint_timer_ref: nil, checkpoints_pending: 0, subscribers: %{}, partitions: %{nil: {[%EventStore.RecordedEvent{event_number: 12195, event_id: "63cf0cf3-679d-4adb-a5fc-1b7c8cdfe448", stream_uuid: "a6d32835-04fe-47c3-93c7-50750f4c0025", stream_version: 1, correlation_id: "4b130646-5380-41f3-b6df-9abfd1ed0d92", causation_id: "0f27ee9d-27db-4e8b-8f2d-6a8556a5e9d4", event_type: "Elixir.Nexus.Identity.Events.UserRegistered", data: %Nexus.Identity.Events.UserRegistered{user_id: "a6d32835-04fe-47c3-93c7-50750f4c0025", org_id: "aefc3981-97e0-4a44-a442-807e9d7b3892", email: "test@example.com", role: "admin", cose_key: "dummy", credential_id: "dummy", registered_at: "2026-03-20T23:09:56.579831Z", display_name: "Test User", status: "active"}, metadata: %{"causation_id" => "019d0d83-37e3-7671-991d-f18a42a53090", "correlation_id" => "019d0d83-37e3-7671-991d-f18a42a53090"}, created_at: ~U[2026-03-20 23:09:56.581065Z]}, %EventStore.RecordedEvent{event_number: 12194, event_id: "3f8f3cbc-ea72-45a7-ab6d-12a43da50245", stream_uuid: "e55da693-c009-4afd-a56e-9b4ab3975acc", stream_version: 2, correlation_id: "e5500f71-9103-4737-8991-5eb165815e23", causation_id: "633094f8-6986-459b-9416-072dd0187fd9", event_type: "Elixir.Nexus.Identity.Events.SessionStarted", data: %Nexus.Identity.Events.SessionStarted{org_id: "84a4120a-ffd5-4f1d-8c8d-39a304840d78", user_id: "e55da693-c009-4afd-a56e-9b4ab3975acc", session_id: "418d0e43-cc2d-4727-80e0-b2438bf62242", session_token: "token123", user_agent: "Mozilla/5.0", ip_address: "127.0.0.1", started_at: "2026-03-20T23:09:56.072666Z"}, metadata: %{"causation_id" => "019d0d83-35e8-753f-984d-38ea338eda81", "correlation_id" => "019d0d83-35e8-753f-984d-38ea338eda81"}, created_at: ~U[2026-03-20 23:09:56.073170Z]}, %EventStore.RecordedEvent{event_number: 12193, event_id: "e88a74fa-5b0c-4b91-8cb5-06995a22261e", stream_uuid: "e55da693-c009-4afd-a56e-9b4ab3975acc", stream_version: 1, correlation_id: "9e656c1d-d0e4-4f46-bf33-1d95e39eba77", causation_id: "26eb51ca-d88e-4ba3-ac69-47b72ac05e07", event_type: "Elixir.Nexus.Identity.Events.UserRegistered", data: %Nexus.Identity.Events.UserRegistered{user_id: "e55da693-c009-4afd-a56e-9b4ab3975acc", org_id: "84a4120a-ffd5-4f1d-8c8d-39a304840d78", email: "test@example.com", role: "admin", cose_key: "dummy", credential_id: "dummy", registered_at: "2026-03-20T23:09:55.865334Z", display_name: "Test User", status: "active"}, metadata: %{"causation_id" => "019d0d83-3519-7150-9f84-629ff4c7083d", "correlation_id" => "019d0d83-3519-7150-9f84-629ff4c7083d"}, created_at: ~U[2026-03-20 23:09:55.869271Z]}, %EventStore.RecordedEvent{event_number: 12192, event_id: "9369472d-8342-4f67-bb09-dce99e1564a7", stream_uuid: "1cdc5b98-437f-46cd-b961-7f94b0c70951", ...}, ...], ...}}, ...}}, ...}
23:09:56.670 [debug] Nexus.Identity.Projectors.UserRegistrationProjector is shutting down due to {%Postgrex.Error{message: nil, postgres: %{code: :undefined_column, line: "3721", message: "column i0.id does not exist", position: "8", file: "parse_relation.c", unknown: "ERROR", severity: "ERROR", pg_code: "42703", routine: "errorMissingColumn"}, connection_id: 3158, query: "SELECT i0.\"id\", i0.\"user_id\", i0.\"org_id\", i0.\"locale\", i0.\"timezone\", i0.\"notifications_enabled\", i0.\"created_at\", i0.\"updated_at\" FROM \"identity_user_settings\" AS i0 WHERE (i0.\"id\" = $1)"}, {GenServer, :call, [#PID<0.1740.0>, {:connect, #PID<0.1741.0>, [retry_interval: 60000, hibernate_after: 15000, partition_by: nil, concurrency_limit: 1, name: Nexus.EventStore, mapper: &Commanded.EventStore.Adapters.EventStore.Mapper.from_recorded_event/1, conn: Nexus.EventStore.Postgrex, event_store: Nexus.EventStore, query_timeout: 15000, schema: "event_store", serializer: Commanded.Serialization.JsonSerializer, stream_uuid: "$all", subscription_name: "Identity.Projectors.UserRegistrationProjector", start_from: 0]}, 5000]}}
23:09:56.670 [error] GenServer {Nexus.App.LocalRegistry, {Nexus.App, Commanded.Event.Handler, "Identity.Projectors.UserRegistrationProjector"}} terminating
** (stop) exited in: GenServer.call(#PID<0.1740.0>, {:connect, #PID<0.1741.0>, [retry_interval: 60000, hibernate_after: 15000, partition_by: nil, concurrency_limit: 1, name: Nexus.EventStore, mapper: &Commanded.EventStore.Adapters.EventStore.Mapper.from_recorded_event/1, conn: Nexus.EventStore.Postgrex, event_store: Nexus.EventStore, query_timeout: 15000, schema: "event_store", serializer: Commanded.Serialization.JsonSerializer, stream_uuid: "$all", subscription_name: "Identity.Projectors.UserRegistrationProjector", start_from: 0]}, 5000)
    ** (EXIT) %Postgrex.Error{message: nil, postgres: %{code: :undefined_column, line: "3721", message: "column i0.id does not exist", position: "8", file: "parse_relation.c", unknown: "ERROR", severity: "ERROR", pg_code: "42703", routine: "errorMissingColumn"}, connection_id: 3158, query: "SELECT i0.\"id\", i0.\"user_id\", i0.\"org_id\", i0.\"locale\", i0.\"timezone\", i0.\"notifications_enabled\", i0.\"created_at\", i0.\"updated_at\" FROM \"identity_user_settings\" AS i0 WHERE (i0.\"id\" = $1)"}
    (elixir 1.19.5) lib/gen_server.ex:1142: GenServer.call/3
    (commanded 1.4.9) lib/commanded/event_store.ex:289: anonymous fn/2 in Commanded.EventStore.span/3
    (telemetry 1.3.0) /Users/bernard/dev/nexus/deps/telemetry/src/telemetry.erl:324: :telemetry.span/3
    (commanded 1.4.9) lib/commanded/event_store/subscription.ex:58: Commanded.EventStore.Subscription.subscribe/2
    (commanded 1.4.9) lib/commanded/event/handler.ex:1024: Commanded.Event.Handler.subscribe_to_events/1
    (commanded 1.4.9) lib/commanded/event/handler.ex:887: Commanded.Event.Handler.handle_continue/2
    (stdlib 7.1) gen_server.erl:2424: :gen_server.try_handle_continue/3
    (stdlib 7.1) gen_server.erl:2291: :gen_server.loop/4
    (stdlib 7.1) proc_lib.erl:333: :proc_lib.init_p_do_apply/3
Last message: {:continue, :subscribe_to_events}
State: %Commanded.Event.Handler{application: Nexus.App, consistency: :strong, handler_callback: :event, handler_name: "Identity.Projectors.UserRegistrationProjector", handler_module: Nexus.Identity.Projectors.UserRegistrationProjector, handler_state: nil, last_seen_event: nil, subscription: %Commanded.EventStore.Subscription{application: Nexus.App, backoff: {:backoff, 1000, 60000, 1000, :jitter, :undefined, :undefined}, concurrency: 1, partition_by: nil, subscribe_to: :all, subscribe_from: :origin, subscription_name: "Identity.Projectors.UserRegistrationProjector", subscription_opts: [], subscription_pid: nil, subscription_ref: nil}, subscribe_timer: nil}
23:09:56.670 [debug] Subscription "Identity.Projectors.UserRegistrationProjector"@"$all" attempting to connect subscriber #PID<0.1742.0>
23:09:56.671 [debug] Subscription "Identity.Projectors.UserRegistrationProjector"@"$all" catching-up
23:09:56.671 [debug] Nexus.Identity.Projectors.UserRegistrationProjector has successfully subscribed to event store
23:09:56.685 [debug] Nexus.Identity.Projectors.UserRegistrationProjector received events: [%Commanded.EventStore.RecordedEvent{event_id: "282ec866-f518-44ed-95f6-7a535d6c3e25", event_number: 11262, stream_id: "019d0c26-0b00-74a0-bd6d-48329cf61a57", stream_version: 1, causation_id: "d64809a4-8402-4360-8536-99b7a0f860ca", correlation_id: "e0f4b4bb-483c-4914-aaaa-956d1587d67e", event_type: "Elixir.Nexus.Identity.Events.UserRegistered", data: %Nexus.Identity.Events.UserRegistered{user_id: "019d0c26-0b00-74a0-bd6d-48329cf61a57", org_id: "019d0c26-0b00-74a0-8884-24b7b734f296", email: "test@example.com", role: "system_admin", cose_key: "Ym9vdHN0cmFwX2Nvc2Vfa2V5", credential_id: "Ym9vdHN0cmFwX2NyZWRlbnRpYWxfaWQ=", registered_at: "2026-03-20T16:48:33.024173Z", display_name: "Test User", status: "active"}, created_at: ~U[2026-03-20 16:48:33.025211Z], metadata: %{"causation_id" => "019d0c26-0b00-71d0-a1d2-041f55e92cfc", "correlation_id" => "019d0c26-0b00-71d0-a1d2-041f55e92cfc"}}]
23:09:56.686 [debug] QUERY OK db=0.1ms
begin []
23:09:56.686 [debug] QUERY OK source="projection_versions" db=0.1ms
INSERT INTO "projection_versions" AS p0 ("projection_name","last_seen_event_number","inserted_at","updated_at") VALUES ($1,$2,$3,$4) ON CONFLICT ("projection_name") DO UPDATE SET "last_seen_event_number" = $5 WHERE ((p0."projection_name" = $6) AND (p0."last_seen_event_number" < $7)) ["Identity.Projectors.UserRegistrationProjector", 11262, ~N[2026-03-20 23:09:56.686168], ~N[2026-03-20 23:09:56.686168], 11262, "Identity.Projectors.UserRegistrationProjector", 11262]
23:09:56.686 [debug] QUERY OK source="users" db=0.0ms
SELECT u0."id", u0."org_id", u0."email", u0."display_name", u0."status", u0."cose_key", u0."credential_id", u0."roles", u0."created_at", u0."updated_at" FROM "users" AS u0 WHERE (u0."id" = $1) ["019d0c26-0b00-74a0-bd6d-48329cf61a57"]
23:09:56.686 [debug] QUERY OK source="users" db=0.1ms
SELECT u0."id", u0."org_id", u0."email", u0."display_name", u0."status", u0."cose_key", u0."credential_id", u0."roles", u0."created_at", u0."updated_at" FROM "users" AS u0 WHERE (u0."email" = $1) ["test@example.com"]
23:09:56.686 [debug] QUERY OK source="users" db=0.1ms
INSERT INTO "users" ("id","status","org_id","email","display_name","roles","cose_key","credential_id","created_at","updated_at") VALUES ($1,$2,$3,$4,$5,$6,$7,$8,$9,$10) ["019d0c26-0b00-74a0-bd6d-48329cf61a57", "active", "019d0c26-0b00-74a0-8884-24b7b734f296", "test@example.com", "Test User", ["system_admin"], "bootstrap_cose_key", "bootstrap_credential_id", ~U[2026-03-20 23:09:56.686786Z], ~U[2026-03-20 23:09:56.686786Z]]
23:09:56.687 [debug] QUERY ERROR source="identity_user_settings" db=0.0ms
SELECT i0."id", i0."user_id", i0."org_id", i0."locale", i0."timezone", i0."notifications_enabled", i0."created_at", i0."updated_at" FROM "identity_user_settings" AS i0 WHERE (i0."id" = $1) ["019d0c26-0b00-74a0-bd6d-48329cf61a57"]
23:09:56.687 [debug] QUERY OK db=0.0ms
rollback []
23:09:56.688 [error] Nexus.Identity.Projectors.UserRegistrationProjector failed to handle event:
%Commanded.EventStore.RecordedEvent{
  event_id: "282ec866-f518-44ed-95f6-7a535d6c3e25",
  event_number: 11262,
  stream_id: "019d0c26-0b00-74a0-bd6d-48329cf61a57",
  stream_version: 1,
  causation_id: "d64809a4-8402-4360-8536-99b7a0f860ca",
  correlation_id: "e0f4b4bb-483c-4914-aaaa-956d1587d67e",
  event_type: "Elixir.Nexus.Identity.Events.UserRegistered",
  data: %Nexus.Identity.Events.UserRegistered{
    user_id: "019d0c26-0b00-74a0-bd6d-48329cf61a57",
    org_id: "019d0c26-0b00-74a0-8884-24b7b734f296",
    email: "test@example.com",
    role: "system_admin",
    cose_key: "Ym9vdHN0cmFwX2Nvc2Vfa2V5",
    credential_id: "Ym9vdHN0cmFwX2NyZWRlbnRpYWxfaWQ=",
    registered_at: "2026-03-20T16:48:33.024173Z",
    display_name: "Test User",
    status: "active"
  },
  created_at: ~U[2026-03-20 16:48:33.025211Z],
  metadata: %{
    "causation_id" => "019d0c26-0b00-71d0-a1d2-041f55e92cfc",
    "correlation_id" => "019d0c26-0b00-71d0-a1d2-041f55e92cfc"
  }
}, due to:
** (Postgrex.Error) ERROR 42703 (undefined_column) column i0.id does not exist

    query: SELECT i0."id", i0."user_id", i0."org_id", i0."locale", i0."timezone", i0."notifications_enabled", i0."created_at", i0."updated_at" FROM "identity_user_settings" AS i0 WHERE (i0."id" = $1)
    (ecto_sql 3.13.4) lib/ecto/adapters/sql.ex:1113: Ecto.Adapters.SQL.raise_sql_call_error/1
    (ecto_sql 3.13.4) lib/ecto/adapters/sql.ex:1011: Ecto.Adapters.SQL.execute/6
    (ecto 3.13.5) lib/ecto/repo/queryable.ex:241: Ecto.Repo.Queryable.execute/4
    (ecto 3.13.5) lib/ecto/repo/queryable.ex:19: Ecto.Repo.Queryable.all/3
    (ecto 3.13.5) lib/ecto/repo/queryable.ex:163: Ecto.Repo.Queryable.one/3
    (nexus 0.1.0) lib/nexus/identity/projectors/user_registration_projector.ex:53: anonymous fn/3 in Nexus.Identity.Projectors.UserRegistrationProjector.project_registration/3
    (ecto 3.13.5) lib/ecto/multi.ex:905: Ecto.Multi.apply_operation/5
    (elixir 1.19.5) lib/enum.ex:2520: Enum."-reduce/3-lists^foldl/2-0-"/3
    (ecto 3.13.5) lib/ecto/multi.ex:878: anonymous fn/5 in Ecto.Multi.apply_operations/5
    (ecto_sql 3.13.4) lib/ecto/adapters/sql.ex:1473: anonymous fn/3 in Ecto.Adapters.SQL.checkout_or_transaction/4
    (db_connection 2.9.0) lib/db_connection.ex:1747: DBConnection.run_transaction/4
    (ecto 3.13.5) lib/ecto/repo/transaction.ex:30: Ecto.Repo.Transaction.transact/4
    (nexus 0.1.0) deps/commanded_ecto_projections/lib/projections/ecto.ex:97: Nexus.Identity.Projectors.UserRegistrationProjector.update_projection/3
    (commanded 1.4.9) lib/commanded/event/handler.ex:1221: Commanded.Event.Handler.delegate_event_to_handler/2
    (commanded 1.4.9) lib/commanded/event/handler.ex:1062: Commanded.Event.Handler.handle_event/3
    (elixir 1.19.5) lib/enum.ex:2520: Enum."-reduce/3-lists^foldl/2-0-"/3
    (commanded 1.4.9) lib/commanded/event/handler.ex:969: Commanded.Event.Handler.handle_info/2
    (stdlib 7.1) gen_server.erl:2434: :gen_server.try_handle_info/3
    (stdlib 7.1) gen_server.erl:2420: :gen_server.handle_msg/3
    (stdlib 7.1) proc_lib.erl:333: :proc_lib.init_p_do_apply/3

23:09:56.688 [warning] Nexus.Identity.Projectors.UserRegistrationProjector has requested to stop: %Postgrex.Error{message: nil, postgres: %{code: :undefined_column, line: "3721", message: "column i0.id does not exist", position: "8", file: "parse_relation.c", unknown: "ERROR", severity: "ERROR", pg_code: "42703", routine: "errorMissingColumn"}, connection_id: 3158, query: "SELECT i0.\"id\", i0.\"user_id\", i0.\"org_id\", i0.\"locale\", i0.\"timezone\", i0.\"notifications_enabled\", i0.\"created_at\", i0.\"updated_at\" FROM \"identity_user_settings\" AS i0 WHERE (i0.\"id\" = $1)"}
23:09:56.688 [debug] Nexus.Identity.Projectors.UserRegistrationProjector is shutting down due to %Postgrex.Error{message: nil, postgres: %{code: :undefined_column, line: "3721", message: "column i0.id does not exist", position: "8", file: "parse_relation.c", unknown: "ERROR", severity: "ERROR", pg_code: "42703", routine: "errorMissingColumn"}, connection_id: 3158, query: "SELECT i0.\"id\", i0.\"user_id\", i0.\"org_id\", i0.\"locale\", i0.\"timezone\", i0.\"notifications_enabled\", i0.\"created_at\", i0.\"updated_at\" FROM \"identity_user_settings\" AS i0 WHERE (i0.\"id\" = $1)"}
23:09:56.688 [error] GenServer {Nexus.App.LocalRegistry, {Nexus.App, Commanded.Event.Handler, "Identity.Projectors.UserRegistrationProjector"}} terminating
** (stop) %Postgrex.Error{message: nil, postgres: %{code: :undefined_column, line: "3721", message: "column i0.id does not exist", position: "8", file: "parse_relation.c", unknown: "ERROR", severity: "ERROR", pg_code: "42703", routine: "errorMissingColumn"}, connection_id: 3158, query: "SELECT i0.\"id\", i0.\"user_id\", i0.\"org_id\", i0.\"locale\", i0.\"timezone\", i0.\"notifications_enabled\", i0.\"created_at\", i0.\"updated_at\" FROM \"identity_user_settings\" AS i0 WHERE (i0.\"id\" = $1)"}
Last message: {:events, [%Commanded.EventStore.RecordedEvent{event_id: "282ec866-f518-44ed-95f6-7a535d6c3e25", event_number: 11262, stream_id: "019d0c26-0b00-74a0-bd6d-48329cf61a57", stream_version: 1, causation_id: "d64809a4-8402-4360-8536-99b7a0f860ca", correlation_id: "e0f4b4bb-483c-4914-aaaa-956d1587d67e", event_type: "Elixir.Nexus.Identity.Events.UserRegistered", data: %Nexus.Identity.Events.UserRegistered{user_id: "019d0c26-0b00-74a0-bd6d-48329cf61a57", org_id: "019d0c26-0b00-74a0-8884-24b7b734f296", email: "test@example.com", role: "system_admin", cose_key: "Ym9vdHN0cmFwX2Nvc2Vfa2V5", credential_id: "Ym9vdHN0cmFwX2NyZWRlbnRpYWxfaWQ=", registered_at: "2026-03-20T16:48:33.024173Z", display_name: "Test User", status: "active"}, created_at: ~U[2026-03-20 16:48:33.025211Z], metadata: %{"causation_id" => "019d0c26-0b00-71d0-a1d2-041f55e92cfc", "correlation_id" => "019d0c26-0b00-71d0-a1d2-041f55e92cfc"}}]}
State: %Commanded.Event.Handler{application: Nexus.App, consistency: :strong, handler_callback: :event, handler_name: "Identity.Projectors.UserRegistrationProjector", handler_module: Nexus.Identity.Projectors.UserRegistrationProjector, handler_state: nil, last_seen_event: nil, subscription: %Commanded.EventStore.Subscription{application: Nexus.App, backoff: {:backoff, 1000, 60000, 1000, :jitter, :undefined, :undefined}, concurrency: 1, partition_by: nil, subscribe_to: :all, subscribe_from: :origin, subscription_name: "Identity.Projectors.UserRegistrationProjector", subscription_opts: [], subscription_pid: #PID<0.1743.0>, subscription_ref: #Reference<0.504251661.3394502657.94065>}, subscribe_timer: nil}
23:09:56.688 [debug] Subscription "Identity.Projectors.UserRegistrationProjector"@"$all" subscriber #PID<0.1742.0> down due to: %Postgrex.Error{message: nil, postgres: %{code: :undefined_column, line: "3721", message: "column i0.id does not exist", position: "8", file: "parse_relation.c", unknown: "ERROR", severity: "ERROR", pg_code: "42703", routine: "errorMissingColumn"}, connection_id: 3158, query: "SELECT i0.\"id\", i0.\"user_id\", i0.\"org_id\", i0.\"locale\", i0.\"timezone\", i0.\"notifications_enabled\", i0.\"created_at\", i0.\"updated_at\" FROM \"identity_user_settings\" AS i0 WHERE (i0.\"id\" = $1)"}
23:09:56.688 [debug] Subscription "Identity.Projectors.UserRegistrationProjector"@"$all" has no subscribers, shutting down
23:09:56.688 [error] GenServer {Nexus.EventStore.EventStore.Subscriptions.Registry, {"$all", "Identity.Projectors.UserRegistrationProjector"}} terminating
** (stop) %Postgrex.Error{message: nil, postgres: %{code: :undefined_column, line: "3721", message: "column i0.id does not exist", position: "8", file: "parse_relation.c", unknown: "ERROR", severity: "ERROR", pg_code: "42703", routine: "errorMissingColumn"}, connection_id: 3158, query: "SELECT i0.\"id\", i0.\"user_id\", i0.\"org_id\", i0.\"locale\", i0.\"timezone\", i0.\"notifications_enabled\", i0.\"created_at\", i0.\"updated_at\" FROM \"identity_user_settings\" AS i0 WHERE (i0.\"id\" = $1)"}
Last message: {:DOWN, #Reference<0.504251661.3394502658.56054>, :process, #PID<0.1742.0>, %Postgrex.Error{message: nil, postgres: %{code: :undefined_column, line: "3721", message: "column i0.id does not exist", position: "8", file: "parse_relation.c", unknown: "ERROR", severity: "ERROR", pg_code: "42703", routine: "errorMissingColumn"}, connection_id: 3158, query: "SELECT i0.\"id\", i0.\"user_id\", i0.\"org_id\", i0.\"locale\", i0.\"timezone\", i0.\"notifications_enabled\", i0.\"created_at\", i0.\"updated_at\" FROM \"identity_user_settings\" AS i0 WHERE (i0.\"id\" = $1)"}}
State: %EventStore.Subscriptions.Subscription{stream_uuid: "$all", subscription_name: "Identity.Projectors.UserRegistrationProjector", subscription: %EventStore.Subscriptions.SubscriptionFsm{state: :unsubscribed, data: %EventStore.Subscriptions.SubscriptionState{conn: Nexus.EventStore.Postgrex, event_store: Nexus.EventStore, serializer: Commanded.Serialization.JsonSerializer, schema: "event_store", stream_uuid: "$all", start_from: 0, subscription_name: "Identity.Projectors.UserRegistrationProjector", subscription_id: 405, selector: nil, mapper: &Commanded.EventStore.Adapters.EventStore.Mapper.from_recorded_event/1, max_size: 1000, partition_by: nil, query_timeout: 15000, lock_ref: #Reference<0.504251661.3394502658.56063>, last_received: 12195, last_sent: 11262, last_ack: 11261, queue_size: 934, buffer_size: 1, checkpoint_after: 0, checkpoint_threshold: 1, checkpoint_timer_ref: nil, checkpoints_pending: 0, subscribers: %{}, partitions: %{nil: {[%EventStore.RecordedEvent{event_number: 12195, event_id: "63cf0cf3-679d-4adb-a5fc-1b7c8cdfe448", stream_uuid: "a6d32835-04fe-47c3-93c7-50750f4c0025", stream_version: 1, correlation_id: "4b130646-5380-41f3-b6df-9abfd1ed0d92", causation_id: "0f27ee9d-27db-4e8b-8f2d-6a8556a5e9d4", event_type: "Elixir.Nexus.Identity.Events.UserRegistered", data: %Nexus.Identity.Events.UserRegistered{user_id: "a6d32835-04fe-47c3-93c7-50750f4c0025", org_id: "aefc3981-97e0-4a44-a442-807e9d7b3892", email: "test@example.com", role: "admin", cose_key: "dummy", credential_id: "dummy", registered_at: "2026-03-20T23:09:56.579831Z", display_name: "Test User", status: "active"}, metadata: %{"causation_id" => "019d0d83-37e3-7671-991d-f18a42a53090", "correlation_id" => "019d0d83-37e3-7671-991d-f18a42a53090"}, created_at: ~U[2026-03-20 23:09:56.581065Z]}, %EventStore.RecordedEvent{event_number: 12194, event_id: "3f8f3cbc-ea72-45a7-ab6d-12a43da50245", stream_uuid: "e55da693-c009-4afd-a56e-9b4ab3975acc", stream_version: 2, correlation_id: "e5500f71-9103-4737-8991-5eb165815e23", causation_id: "633094f8-6986-459b-9416-072dd0187fd9", event_type: "Elixir.Nexus.Identity.Events.SessionStarted", data: %Nexus.Identity.Events.SessionStarted{org_id: "84a4120a-ffd5-4f1d-8c8d-39a304840d78", user_id: "e55da693-c009-4afd-a56e-9b4ab3975acc", session_id: "418d0e43-cc2d-4727-80e0-b2438bf62242", session_token: "token123", user_agent: "Mozilla/5.0", ip_address: "127.0.0.1", started_at: "2026-03-20T23:09:56.072666Z"}, metadata: %{"causation_id" => "019d0d83-35e8-753f-984d-38ea338eda81", "correlation_id" => "019d0d83-35e8-753f-984d-38ea338eda81"}, created_at: ~U[2026-03-20 23:09:56.073170Z]}, %EventStore.RecordedEvent{event_number: 12193, event_id: "e88a74fa-5b0c-4b91-8cb5-06995a22261e", stream_uuid: "e55da693-c009-4afd-a56e-9b4ab3975acc", stream_version: 1, correlation_id: "9e656c1d-d0e4-4f46-bf33-1d95e39eba77", causation_id: "26eb51ca-d88e-4ba3-ac69-47b72ac05e07", event_type: "Elixir.Nexus.Identity.Events.UserRegistered", data: %Nexus.Identity.Events.UserRegistered{user_id: "e55da693-c009-4afd-a56e-9b4ab3975acc", org_id: "84a4120a-ffd5-4f1d-8c8d-39a304840d78", email: "test@example.com", role: "admin", cose_key: "dummy", credential_id: "dummy", registered_at: "2026-03-20T23:09:55.865334Z", display_name: "Test User", status: "active"}, metadata: %{"causation_id" => "019d0d83-3519-7150-9f84-629ff4c7083d", "correlation_id" => "019d0d83-3519-7150-9f84-629ff4c7083d"}, created_at: ~U[2026-03-20 23:09:55.869271Z]}, %EventStore.RecordedEvent{event_number: 12192, event_id: "9369472d-8342-4f67-bb09-dce99e1564a7", stream_uuid: "1cdc5b98-437f-46cd-b961-7f94b0c70951", ...}, ...], ...}}, ...}}, ...}
23:09:56.689 [debug] Nexus.Identity.Projectors.UserRegistrationProjector is shutting down due to {%Postgrex.Error{message: nil, postgres: %{code: :undefined_column, line: "3721", message: "column i0.id does not exist", position: "8", file: "parse_relation.c", unknown: "ERROR", severity: "ERROR", pg_code: "42703", routine: "errorMissingColumn"}, connection_id: 3158, query: "SELECT i0.\"id\", i0.\"user_id\", i0.\"org_id\", i0.\"locale\", i0.\"timezone\", i0.\"notifications_enabled\", i0.\"created_at\", i0.\"updated_at\" FROM \"identity_user_settings\" AS i0 WHERE (i0.\"id\" = $1)"}, {GenServer, :call, [#PID<0.1743.0>, {:connect, #PID<0.1744.0>, [retry_interval: 60000, hibernate_after: 15000, partition_by: nil, concurrency_limit: 1, name: Nexus.EventStore, mapper: &Commanded.EventStore.Adapters.EventStore.Mapper.from_recorded_event/1, conn: Nexus.EventStore.Postgrex, event_store: Nexus.EventStore, query_timeout: 15000, schema: "event_store", serializer: Commanded.Serialization.JsonSerializer, stream_uuid: "$all", subscription_name: "Identity.Projectors.UserRegistrationProjector", start_from: 0]}, 5000]}}
23:09:56.689 [error] GenServer {Nexus.App.LocalRegistry, {Nexus.App, Commanded.Event.Handler, "Identity.Projectors.UserRegistrationProjector"}} terminating
** (stop) exited in: GenServer.call(#PID<0.1743.0>, {:connect, #PID<0.1744.0>, [retry_interval: 60000, hibernate_after: 15000, partition_by: nil, concurrency_limit: 1, name: Nexus.EventStore, mapper: &Commanded.EventStore.Adapters.EventStore.Mapper.from_recorded_event/1, conn: Nexus.EventStore.Postgrex, event_store: Nexus.EventStore, query_timeout: 15000, schema: "event_store", serializer: Commanded.Serialization.JsonSerializer, stream_uuid: "$all", subscription_name: "Identity.Projectors.UserRegistrationProjector", start_from: 0]}, 5000)
    ** (EXIT) %Postgrex.Error{message: nil, postgres: %{code: :undefined_column, line: "3721", message: "column i0.id does not exist", position: "8", file: "parse_relation.c", unknown: "ERROR", severity: "ERROR", pg_code: "42703", routine: "errorMissingColumn"}, connection_id: 3158, query: "SELECT i0.\"id\", i0.\"user_id\", i0.\"org_id\", i0.\"locale\", i0.\"timezone\", i0.\"notifications_enabled\", i0.\"created_at\", i0.\"updated_at\" FROM \"identity_user_settings\" AS i0 WHERE (i0.\"id\" = $1)"}
    (elixir 1.19.5) lib/gen_server.ex:1142: GenServer.call/3
    (commanded 1.4.9) lib/commanded/event_store.ex:289: anonymous fn/2 in Commanded.EventStore.span/3
    (telemetry 1.3.0) /Users/bernard/dev/nexus/deps/telemetry/src/telemetry.erl:324: :telemetry.span/3
    (commanded 1.4.9) lib/commanded/event_store/subscription.ex:58: Commanded.EventStore.Subscription.subscribe/2
    (commanded 1.4.9) lib/commanded/event/handler.ex:1024: Commanded.Event.Handler.subscribe_to_events/1
    (commanded 1.4.9) lib/commanded/event/handler.ex:887: Commanded.Event.Handler.handle_continue/2
    (stdlib 7.1) gen_server.erl:2424: :gen_server.try_handle_continue/3
    (stdlib 7.1) gen_server.erl:2291: :gen_server.loop/4
    (stdlib 7.1) proc_lib.erl:333: :proc_lib.init_p_do_apply/3
Last message: {:continue, :subscribe_to_events}
State: %Commanded.Event.Handler{application: Nexus.App, consistency: :strong, handler_callback: :event, handler_name: "Identity.Projectors.UserRegistrationProjector", handler_module: Nexus.Identity.Projectors.UserRegistrationProjector, handler_state: nil, last_seen_event: nil, subscription: %Commanded.EventStore.Subscription{application: Nexus.App, backoff: {:backoff, 1000, 60000, 1000, :jitter, :undefined, :undefined}, concurrency: 1, partition_by: nil, subscribe_to: :all, subscribe_from: :origin, subscription_name: "Identity.Projectors.UserRegistrationProjector", subscription_opts: [], subscription_pid: nil, subscription_ref: nil}, subscribe_timer: nil}
23:09:56.690 [debug] Subscription "Identity.Projectors.UserRegistrationProjector"@"$all" attempting to connect subscriber #PID<0.1745.0>
23:09:56.691 [debug] Subscription "Identity.Projectors.UserRegistrationProjector"@"$all" catching-up
23:09:56.691 [debug] Nexus.Identity.Projectors.UserRegistrationProjector has successfully subscribed to event store
23:09:56.703 [debug] Nexus.Identity.Projectors.UserRegistrationProjector received events: [%Commanded.EventStore.RecordedEvent{event_id: "282ec866-f518-44ed-95f6-7a535d6c3e25", event_number: 11262, stream_id: "019d0c26-0b00-74a0-bd6d-48329cf61a57", stream_version: 1, causation_id: "d64809a4-8402-4360-8536-99b7a0f860ca", correlation_id: "e0f4b4bb-483c-4914-aaaa-956d1587d67e", event_type: "Elixir.Nexus.Identity.Events.UserRegistered", data: %Nexus.Identity.Events.UserRegistered{user_id: "019d0c26-0b00-74a0-bd6d-48329cf61a57", org_id: "019d0c26-0b00-74a0-8884-24b7b734f296", email: "test@example.com", role: "system_admin", cose_key: "Ym9vdHN0cmFwX2Nvc2Vfa2V5", credential_id: "Ym9vdHN0cmFwX2NyZWRlbnRpYWxfaWQ=", registered_at: "2026-03-20T16:48:33.024173Z", display_name: "Test User", status: "active"}, created_at: ~U[2026-03-20 16:48:33.025211Z], metadata: %{"causation_id" => "019d0c26-0b00-71d0-a1d2-041f55e92cfc", "correlation_id" => "019d0c26-0b00-71d0-a1d2-041f55e92cfc"}}]
23:09:56.704 [debug] QUERY OK db=0.1ms
begin []
23:09:56.704 [debug] QUERY OK source="projection_versions" db=0.1ms
INSERT INTO "projection_versions" AS p0 ("projection_name","last_seen_event_number","inserted_at","updated_at") VALUES ($1,$2,$3,$4) ON CONFLICT ("projection_name") DO UPDATE SET "last_seen_event_number" = $5 WHERE ((p0."projection_name" = $6) AND (p0."last_seen_event_number" < $7)) ["Identity.Projectors.UserRegistrationProjector", 11262, ~N[2026-03-20 23:09:56.704168], ~N[2026-03-20 23:09:56.704168], 11262, "Identity.Projectors.UserRegistrationProjector", 11262]
23:09:56.704 [debug] QUERY OK source="users" db=0.0ms
SELECT u0."id", u0."org_id", u0."email", u0."display_name", u0."status", u0."cose_key", u0."credential_id", u0."roles", u0."created_at", u0."updated_at" FROM "users" AS u0 WHERE (u0."id" = $1) ["019d0c26-0b00-74a0-bd6d-48329cf61a57"]
23:09:56.704 [debug] QUERY OK source="users" db=0.0ms
SELECT u0."id", u0."org_id", u0."email", u0."display_name", u0."status", u0."cose_key", u0."credential_id", u0."roles", u0."created_at", u0."updated_at" FROM "users" AS u0 WHERE (u0."email" = $1) ["test@example.com"]
23:09:56.704 [debug] QUERY OK source="users" db=0.1ms
INSERT INTO "users" ("id","status","org_id","email","display_name","roles","cose_key","credential_id","created_at","updated_at") VALUES ($1,$2,$3,$4,$5,$6,$7,$8,$9,$10) ["019d0c26-0b00-74a0-bd6d-48329cf61a57", "active", "019d0c26-0b00-74a0-8884-24b7b734f296", "test@example.com", "Test User", ["system_admin"], "bootstrap_cose_key", "bootstrap_credential_id", ~U[2026-03-20 23:09:56.704764Z], ~U[2026-03-20 23:09:56.704764Z]]
23:09:56.705 [debug] QUERY ERROR source="identity_user_settings" db=0.0ms
SELECT i0."id", i0."user_id", i0."org_id", i0."locale", i0."timezone", i0."notifications_enabled", i0."created_at", i0."updated_at" FROM "identity_user_settings" AS i0 WHERE (i0."id" = $1) ["019d0c26-0b00-74a0-bd6d-48329cf61a57"]
23:09:56.705 [debug] QUERY OK db=0.0ms
rollback []
23:09:56.706 [error] Nexus.Identity.Projectors.UserRegistrationProjector failed to handle event:
%Commanded.EventStore.RecordedEvent{
  event_id: "282ec866-f518-44ed-95f6-7a535d6c3e25",
  event_number: 11262,
  stream_id: "019d0c26-0b00-74a0-bd6d-48329cf61a57",
  stream_version: 1,
  causation_id: "d64809a4-8402-4360-8536-99b7a0f860ca",
  correlation_id: "e0f4b4bb-483c-4914-aaaa-956d1587d67e",
  event_type: "Elixir.Nexus.Identity.Events.UserRegistered",
  data: %Nexus.Identity.Events.UserRegistered{
    user_id: "019d0c26-0b00-74a0-bd6d-48329cf61a57",
    org_id: "019d0c26-0b00-74a0-8884-24b7b734f296",
    email: "test@example.com",
    role: "system_admin",
    cose_key: "Ym9vdHN0cmFwX2Nvc2Vfa2V5",
    credential_id: "Ym9vdHN0cmFwX2NyZWRlbnRpYWxfaWQ=",
    registered_at: "2026-03-20T16:48:33.024173Z",
    display_name: "Test User",
    status: "active"
  },
  created_at: ~U[2026-03-20 16:48:33.025211Z],
  metadata: %{
    "causation_id" => "019d0c26-0b00-71d0-a1d2-041f55e92cfc",
    "correlation_id" => "019d0c26-0b00-71d0-a1d2-041f55e92cfc"
  }
}, due to:
** (Postgrex.Error) ERROR 42703 (undefined_column) column i0.id does not exist

    query: SELECT i0."id", i0."user_id", i0."org_id", i0."locale", i0."timezone", i0."notifications_enabled", i0."created_at", i0."updated_at" FROM "identity_user_settings" AS i0 WHERE (i0."id" = $1)
    (ecto_sql 3.13.4) lib/ecto/adapters/sql.ex:1113: Ecto.Adapters.SQL.raise_sql_call_error/1
    (ecto_sql 3.13.4) lib/ecto/adapters/sql.ex:1011: Ecto.Adapters.SQL.execute/6
    (ecto 3.13.5) lib/ecto/repo/queryable.ex:241: Ecto.Repo.Queryable.execute/4
    (ecto 3.13.5) lib/ecto/repo/queryable.ex:19: Ecto.Repo.Queryable.all/3
    (ecto 3.13.5) lib/ecto/repo/queryable.ex:163: Ecto.Repo.Queryable.one/3
    (nexus 0.1.0) lib/nexus/identity/projectors/user_registration_projector.ex:53: anonymous fn/3 in Nexus.Identity.Projectors.UserRegistrationProjector.project_registration/3
    (ecto 3.13.5) lib/ecto/multi.ex:905: Ecto.Multi.apply_operation/5
    (elixir 1.19.5) lib/enum.ex:2520: Enum."-reduce/3-lists^foldl/2-0-"/3
    (ecto 3.13.5) lib/ecto/multi.ex:878: anonymous fn/5 in Ecto.Multi.apply_operations/5
    (ecto_sql 3.13.4) lib/ecto/adapters/sql.ex:1473: anonymous fn/3 in Ecto.Adapters.SQL.checkout_or_transaction/4
    (db_connection 2.9.0) lib/db_connection.ex:1747: DBConnection.run_transaction/4
    (ecto 3.13.5) lib/ecto/repo/transaction.ex:30: Ecto.Repo.Transaction.transact/4
    (nexus 0.1.0) deps/commanded_ecto_projections/lib/projections/ecto.ex:97: Nexus.Identity.Projectors.UserRegistrationProjector.update_projection/3
    (commanded 1.4.9) lib/commanded/event/handler.ex:1221: Commanded.Event.Handler.delegate_event_to_handler/2
    (commanded 1.4.9) lib/commanded/event/handler.ex:1062: Commanded.Event.Handler.handle_event/3
    (elixir 1.19.5) lib/enum.ex:2520: Enum."-reduce/3-lists^foldl/2-0-"/3
    (commanded 1.4.9) lib/commanded/event/handler.ex:969: Commanded.Event.Handler.handle_info/2
    (stdlib 7.1) gen_server.erl:2434: :gen_server.try_handle_info/3
    (stdlib 7.1) gen_server.erl:2420: :gen_server.handle_msg/3
    (stdlib 7.1) proc_lib.erl:333: :proc_lib.init_p_do_apply/3

23:09:56.706 [warning] Nexus.Identity.Projectors.UserRegistrationProjector has requested to stop: %Postgrex.Error{message: nil, postgres: %{code: :undefined_column, line: "3721", message: "column i0.id does not exist", position: "8", file: "parse_relation.c", unknown: "ERROR", severity: "ERROR", pg_code: "42703", routine: "errorMissingColumn"}, connection_id: 3158, query: "SELECT i0.\"id\", i0.\"user_id\", i0.\"org_id\", i0.\"locale\", i0.\"timezone\", i0.\"notifications_enabled\", i0.\"created_at\", i0.\"updated_at\" FROM \"identity_user_settings\" AS i0 WHERE (i0.\"id\" = $1)"}
23:09:56.706 [debug] Nexus.Identity.Projectors.UserRegistrationProjector is shutting down due to %Postgrex.Error{message: nil, postgres: %{code: :undefined_column, line: "3721", message: "column i0.id does not exist", position: "8", file: "parse_relation.c", unknown: "ERROR", severity: "ERROR", pg_code: "42703", routine: "errorMissingColumn"}, connection_id: 3158, query: "SELECT i0.\"id\", i0.\"user_id\", i0.\"org_id\", i0.\"locale\", i0.\"timezone\", i0.\"notifications_enabled\", i0.\"created_at\", i0.\"updated_at\" FROM \"identity_user_settings\" AS i0 WHERE (i0.\"id\" = $1)"}
23:09:56.706 [error] GenServer {Nexus.App.LocalRegistry, {Nexus.App, Commanded.Event.Handler, "Identity.Projectors.UserRegistrationProjector"}} terminating
** (stop) %Postgrex.Error{message: nil, postgres: %{code: :undefined_column, line: "3721", message: "column i0.id does not exist", position: "8", file: "parse_relation.c", unknown: "ERROR", severity: "ERROR", pg_code: "42703", routine: "errorMissingColumn"}, connection_id: 3158, query: "SELECT i0.\"id\", i0.\"user_id\", i0.\"org_id\", i0.\"locale\", i0.\"timezone\", i0.\"notifications_enabled\", i0.\"created_at\", i0.\"updated_at\" FROM \"identity_user_settings\" AS i0 WHERE (i0.\"id\" = $1)"}
Last message: {:events, [%Commanded.EventStore.RecordedEvent{event_id: "282ec866-f518-44ed-95f6-7a535d6c3e25", event_number: 11262, stream_id: "019d0c26-0b00-74a0-bd6d-48329cf61a57", stream_version: 1, causation_id: "d64809a4-8402-4360-8536-99b7a0f860ca", correlation_id: "e0f4b4bb-483c-4914-aaaa-956d1587d67e", event_type: "Elixir.Nexus.Identity.Events.UserRegistered", data: %Nexus.Identity.Events.UserRegistered{user_id: "019d0c26-0b00-74a0-bd6d-48329cf61a57", org_id: "019d0c26-0b00-74a0-8884-24b7b734f296", email: "test@example.com", role: "system_admin", cose_key: "Ym9vdHN0cmFwX2Nvc2Vfa2V5", credential_id: "Ym9vdHN0cmFwX2NyZWRlbnRpYWxfaWQ=", registered_at: "2026-03-20T16:48:33.024173Z", display_name: "Test User", status: "active"}, created_at: ~U[2026-03-20 16:48:33.025211Z], metadata: %{"causation_id" => "019d0c26-0b00-71d0-a1d2-041f55e92cfc", "correlation_id" => "019d0c26-0b00-71d0-a1d2-041f55e92cfc"}}]}
State: %Commanded.Event.Handler{application: Nexus.App, consistency: :strong, handler_callback: :event, handler_name: "Identity.Projectors.UserRegistrationProjector", handler_module: Nexus.Identity.Projectors.UserRegistrationProjector, handler_state: nil, last_seen_event: nil, subscription: %Commanded.EventStore.Subscription{application: Nexus.App, backoff: {:backoff, 1000, 60000, 1000, :jitter, :undefined, :undefined}, concurrency: 1, partition_by: nil, subscribe_to: :all, subscribe_from: :origin, subscription_name: "Identity.Projectors.UserRegistrationProjector", subscription_opts: [], subscription_pid: #PID<0.1746.0>, subscription_ref: #Reference<0.504251661.3394502658.56106>}, subscribe_timer: nil}
23:09:56.706 [debug] Subscription "Identity.Projectors.UserRegistrationProjector"@"$all" subscriber #PID<0.1745.0> down due to: %Postgrex.Error{message: nil, postgres: %{code: :undefined_column, line: "3721", message: "column i0.id does not exist", position: "8", file: "parse_relation.c", unknown: "ERROR", severity: "ERROR", pg_code: "42703", routine: "errorMissingColumn"}, connection_id: 3158, query: "SELECT i0.\"id\", i0.\"user_id\", i0.\"org_id\", i0.\"locale\", i0.\"timezone\", i0.\"notifications_enabled\", i0.\"created_at\", i0.\"updated_at\" FROM \"identity_user_settings\" AS i0 WHERE (i0.\"id\" = $1)"}
23:09:56.706 [debug] Subscription "Identity.Projectors.UserRegistrationProjector"@"$all" has no subscribers, shutting down
23:09:56.706 [error] GenServer {Nexus.EventStore.EventStore.Subscriptions.Registry, {"$all", "Identity.Projectors.UserRegistrationProjector"}} terminating
** (stop) %Postgrex.Error{message: nil, postgres: %{code: :undefined_column, line: "3721", message: "column i0.id does not exist", position: "8", file: "parse_relation.c", unknown: "ERROR", severity: "ERROR", pg_code: "42703", routine: "errorMissingColumn"}, connection_id: 3158, query: "SELECT i0.\"id\", i0.\"user_id\", i0.\"org_id\", i0.\"locale\", i0.\"timezone\", i0.\"notifications_enabled\", i0.\"created_at\", i0.\"updated_at\" FROM \"identity_user_settings\" AS i0 WHERE (i0.\"id\" = $1)"}
Last message: {:DOWN, #Reference<0.504251661.3394502659.50284>, :process, #PID<0.1745.0>, %Postgrex.Error{message: nil, postgres: %{code: :undefined_column, line: "3721", message: "column i0.id does not exist", position: "8", file: "parse_relation.c", unknown: "ERROR", severity: "ERROR", pg_code: "42703", routine: "errorMissingColumn"}, connection_id: 3158, query: "SELECT i0.\"id\", i0.\"user_id\", i0.\"org_id\", i0.\"locale\", i0.\"timezone\", i0.\"notifications_enabled\", i0.\"created_at\", i0.\"updated_at\" FROM \"identity_user_settings\" AS i0 WHERE (i0.\"id\" = $1)"}}
State: %EventStore.Subscriptions.Subscription{stream_uuid: "$all", subscription_name: "Identity.Projectors.UserRegistrationProjector", subscription: %EventStore.Subscriptions.SubscriptionFsm{state: :unsubscribed, data: %EventStore.Subscriptions.SubscriptionState{conn: Nexus.EventStore.Postgrex, event_store: Nexus.EventStore, serializer: Commanded.Serialization.JsonSerializer, schema: "event_store", stream_uuid: "$all", start_from: 0, subscription_name: "Identity.Projectors.UserRegistrationProjector", subscription_id: 405, selector: nil, mapper: &Commanded.EventStore.Adapters.EventStore.Mapper.from_recorded_event/1, max_size: 1000, partition_by: nil, query_timeout: 15000, lock_ref: #Reference<0.504251661.3394502658.56103>, last_received: 12195, last_sent: 11262, last_ack: 11261, queue_size: 934, buffer_size: 1, checkpoint_after: 0, checkpoint_threshold: 1, checkpoint_timer_ref: nil, checkpoints_pending: 0, subscribers: %{}, partitions: %{nil: {[%EventStore.RecordedEvent{event_number: 12195, event_id: "63cf0cf3-679d-4adb-a5fc-1b7c8cdfe448", stream_uuid: "a6d32835-04fe-47c3-93c7-50750f4c0025", stream_version: 1, correlation_id: "4b130646-5380-41f3-b6df-9abfd1ed0d92", causation_id: "0f27ee9d-27db-4e8b-8f2d-6a8556a5e9d4", event_type: "Elixir.Nexus.Identity.Events.UserRegistered", data: %Nexus.Identity.Events.UserRegistered{user_id: "a6d32835-04fe-47c3-93c7-50750f4c0025", org_id: "aefc3981-97e0-4a44-a442-807e9d7b3892", email: "test@example.com", role: "admin", cose_key: "dummy", credential_id: "dummy", registered_at: "2026-03-20T23:09:56.579831Z", display_name: "Test User", status: "active"}, metadata: %{"causation_id" => "019d0d83-37e3-7671-991d-f18a42a53090", "correlation_id" => "019d0d83-37e3-7671-991d-f18a42a53090"}, created_at: ~U[2026-03-20 23:09:56.581065Z]}, %EventStore.RecordedEvent{event_number: 12194, event_id: "3f8f3cbc-ea72-45a7-ab6d-12a43da50245", stream_uuid: "e55da693-c009-4afd-a56e-9b4ab3975acc", stream_version: 2, correlation_id: "e5500f71-9103-4737-8991-5eb165815e23", causation_id: "633094f8-6986-459b-9416-072dd0187fd9", event_type: "Elixir.Nexus.Identity.Events.SessionStarted", data: %Nexus.Identity.Events.SessionStarted{org_id: "84a4120a-ffd5-4f1d-8c8d-39a304840d78", user_id: "e55da693-c009-4afd-a56e-9b4ab3975acc", session_id: "418d0e43-cc2d-4727-80e0-b2438bf62242", session_token: "token123", user_agent: "Mozilla/5.0", ip_address: "127.0.0.1", started_at: "2026-03-20T23:09:56.072666Z"}, metadata: %{"causation_id" => "019d0d83-35e8-753f-984d-38ea338eda81", "correlation_id" => "019d0d83-35e8-753f-984d-38ea338eda81"}, created_at: ~U[2026-03-20 23:09:56.073170Z]}, %EventStore.RecordedEvent{event_number: 12193, event_id: "e88a74fa-5b0c-4b91-8cb5-06995a22261e", stream_uuid: "e55da693-c009-4afd-a56e-9b4ab3975acc", stream_version: 1, correlation_id: "9e656c1d-d0e4-4f46-bf33-1d95e39eba77", causation_id: "26eb51ca-d88e-4ba3-ac69-47b72ac05e07", event_type: "Elixir.Nexus.Identity.Events.UserRegistered", data: %Nexus.Identity.Events.UserRegistered{user_id: "e55da693-c009-4afd-a56e-9b4ab3975acc", org_id: "84a4120a-ffd5-4f1d-8c8d-39a304840d78", email: "test@example.com", role: "admin", cose_key: "dummy", credential_id: "dummy", registered_at: "2026-03-20T23:09:55.865334Z", display_name: "Test User", status: "active"}, metadata: %{"causation_id" => "019d0d83-3519-7150-9f84-629ff4c7083d", "correlation_id" => "019d0d83-3519-7150-9f84-629ff4c7083d"}, created_at: ~U[2026-03-20 23:09:55.869271Z]}, %EventStore.RecordedEvent{event_number: 12192, event_id: "9369472d-8342-4f67-bb09-dce99e1564a7", stream_uuid: "1cdc5b98-437f-46cd-b961-7f94b0c70951", ...}, ...], ...}}, ...}}, ...}
23:09:56.707 [debug] Nexus.Identity.Projectors.UserRegistrationProjector is shutting down due to {%Postgrex.Error{message: nil, postgres: %{code: :undefined_column, line: "3721", message: "column i0.id does not exist", position: "8", file: "parse_relation.c", unknown: "ERROR", severity: "ERROR", pg_code: "42703", routine: "errorMissingColumn"}, connection_id: 3158, query: "SELECT i0.\"id\", i0.\"user_id\", i0.\"org_id\", i0.\"locale\", i0.\"timezone\", i0.\"notifications_enabled\", i0.\"created_at\", i0.\"updated_at\" FROM \"identity_user_settings\" AS i0 WHERE (i0.\"id\" = $1)"}, {GenServer, :call, [#PID<0.1746.0>, {:connect, #PID<0.1747.0>, [retry_interval: 60000, hibernate_after: 15000, partition_by: nil, concurrency_limit: 1, name: Nexus.EventStore, mapper: &Commanded.EventStore.Adapters.EventStore.Mapper.from_recorded_event/1, conn: Nexus.EventStore.Postgrex, event_store: Nexus.EventStore, query_timeout: 15000, schema: "event_store", serializer: Commanded.Serialization.JsonSerializer, stream_uuid: "$all", subscription_name: "Identity.Projectors.UserRegistrationProjector", start_from: 0]}, 5000]}}
23:09:56.707 [error] GenServer {Nexus.App.LocalRegistry, {Nexus.App, Commanded.Event.Handler, "Identity.Projectors.UserRegistrationProjector"}} terminating
** (stop) exited in: GenServer.call(#PID<0.1746.0>, {:connect, #PID<0.1747.0>, [retry_interval: 60000, hibernate_after: 15000, partition_by: nil, concurrency_limit: 1, name: Nexus.EventStore, mapper: &Commanded.EventStore.Adapters.EventStore.Mapper.from_recorded_event/1, conn: Nexus.EventStore.Postgrex, event_store: Nexus.EventStore, query_timeout: 15000, schema: "event_store", serializer: Commanded.Serialization.JsonSerializer, stream_uuid: "$all", subscription_name: "Identity.Projectors.UserRegistrationProjector", start_from: 0]}, 5000)
    ** (EXIT) %Postgrex.Error{message: nil, postgres: %{code: :undefined_column, line: "3721", message: "column i0.id does not exist", position: "8", file: "parse_relation.c", unknown: "ERROR", severity: "ERROR", pg_code: "42703", routine: "errorMissingColumn"}, connection_id: 3158, query: "SELECT i0.\"id\", i0.\"user_id\", i0.\"org_id\", i0.\"locale\", i0.\"timezone\", i0.\"notifications_enabled\", i0.\"created_at\", i0.\"updated_at\" FROM \"identity_user_settings\" AS i0 WHERE (i0.\"id\" = $1)"}
    (elixir 1.19.5) lib/gen_server.ex:1142: GenServer.call/3
    (commanded 1.4.9) lib/commanded/event_store.ex:289: anonymous fn/2 in Commanded.EventStore.span/3
    (telemetry 1.3.0) /Users/bernard/dev/nexus/deps/telemetry/src/telemetry.erl:324: :telemetry.span/3
    (commanded 1.4.9) lib/commanded/event_store/subscription.ex:58: Commanded.EventStore.Subscription.subscribe/2
    (commanded 1.4.9) lib/commanded/event/handler.ex:1024: Commanded.Event.Handler.subscribe_to_events/1
    (commanded 1.4.9) lib/commanded/event/handler.ex:887: Commanded.Event.Handler.handle_continue/2
    (stdlib 7.1) gen_server.erl:2424: :gen_server.try_handle_continue/3
    (stdlib 7.1) gen_server.erl:2291: :gen_server.loop/4
    (stdlib 7.1) proc_lib.erl:333: :proc_lib.init_p_do_apply/3
Last message: {:continue, :subscribe_to_events}
State: %Commanded.Event.Handler{application: Nexus.App, consistency: :strong, handler_callback: :event, handler_name: "Identity.Projectors.UserRegistrationProjector", handler_module: Nexus.Identity.Projectors.UserRegistrationProjector, handler_state: nil, last_seen_event: nil, subscription: %Commanded.EventStore.Subscription{application: Nexus.App, backoff: {:backoff, 1000, 60000, 1000, :jitter, :undefined, :undefined}, concurrency: 1, partition_by: nil, subscribe_to: :all, subscribe_from: :origin, subscription_name: "Identity.Projectors.UserRegistrationProjector", subscription_opts: [], subscription_pid: nil, subscription_ref: nil}, subscribe_timer: nil}
23:09:56.707 [debug] Subscription "Identity.Projectors.UserRegistrationProjector"@"$all" attempting to connect subscriber #PID<0.1748.0>
23:09:56.708 [debug] Subscription "Identity.Projectors.UserRegistrationProjector"@"$all" catching-up
23:09:56.708 [debug] Nexus.Identity.Projectors.UserRegistrationProjector has successfully subscribed to event store
23:09:56.723 [debug] Nexus.Identity.Projectors.UserRegistrationProjector received events: [%Commanded.EventStore.RecordedEvent{event_id: "282ec866-f518-44ed-95f6-7a535d6c3e25", event_number: 11262, stream_id: "019d0c26-0b00-74a0-bd6d-48329cf61a57", stream_version: 1, causation_id: "d64809a4-8402-4360-8536-99b7a0f860ca", correlation_id: "e0f4b4bb-483c-4914-aaaa-956d1587d67e", event_type: "Elixir.Nexus.Identity.Events.UserRegistered", data: %Nexus.Identity.Events.UserRegistered{user_id: "019d0c26-0b00-74a0-bd6d-48329cf61a57", org_id: "019d0c26-0b00-74a0-8884-24b7b734f296", email: "test@example.com", role: "system_admin", cose_key: "Ym9vdHN0cmFwX2Nvc2Vfa2V5", credential_id: "Ym9vdHN0cmFwX2NyZWRlbnRpYWxfaWQ=", registered_at: "2026-03-20T16:48:33.024173Z", display_name: "Test User", status: "active"}, created_at: ~U[2026-03-20 16:48:33.025211Z], metadata: %{"causation_id" => "019d0c26-0b00-71d0-a1d2-041f55e92cfc", "correlation_id" => "019d0c26-0b00-71d0-a1d2-041f55e92cfc"}}]
23:09:56.723 [debug] QUERY OK db=0.1ms
begin []
23:09:56.723 [debug] QUERY OK source="projection_versions" db=0.2ms
INSERT INTO "projection_versions" AS p0 ("projection_name","last_seen_event_number","inserted_at","updated_at") VALUES ($1,$2,$3,$4) ON CONFLICT ("projection_name") DO UPDATE SET "last_seen_event_number" = $5 WHERE ((p0."projection_name" = $6) AND (p0."last_seen_event_number" < $7)) ["Identity.Projectors.UserRegistrationProjector", 11262, ~N[2026-03-20 23:09:56.723438], ~N[2026-03-20 23:09:56.723438], 11262, "Identity.Projectors.UserRegistrationProjector", 11262]
23:09:56.723 [debug] QUERY OK source="users" db=0.1ms
SELECT u0."id", u0."org_id", u0."email", u0."display_name", u0."status", u0."cose_key", u0."credential_id", u0."roles", u0."created_at", u0."updated_at" FROM "users" AS u0 WHERE (u0."id" = $1) ["019d0c26-0b00-74a0-bd6d-48329cf61a57"]
23:09:56.724 [debug] QUERY OK source="users" db=0.0ms
SELECT u0."id", u0."org_id", u0."email", u0."display_name", u0."status", u0."cose_key", u0."credential_id", u0."roles", u0."created_at", u0."updated_at" FROM "users" AS u0 WHERE (u0."email" = $1) ["test@example.com"]
23:09:56.724 [debug] QUERY OK source="users" db=0.1ms
INSERT INTO "users" ("id","status","org_id","email","display_name","roles","cose_key","credential_id","created_at","updated_at") VALUES ($1,$2,$3,$4,$5,$6,$7,$8,$9,$10) ["019d0c26-0b00-74a0-bd6d-48329cf61a57", "active", "019d0c26-0b00-74a0-8884-24b7b734f296", "test@example.com", "Test User", ["system_admin"], "bootstrap_cose_key", "bootstrap_credential_id", ~U[2026-03-20 23:09:56.724089Z], ~U[2026-03-20 23:09:56.724089Z]]
23:09:56.724 [debug] QUERY ERROR source="identity_user_settings" db=0.0ms
SELECT i0."id", i0."user_id", i0."org_id", i0."locale", i0."timezone", i0."notifications_enabled", i0."created_at", i0."updated_at" FROM "identity_user_settings" AS i0 WHERE (i0."id" = $1) ["019d0c26-0b00-74a0-bd6d-48329cf61a57"]
23:09:56.724 [debug] QUERY OK db=0.1ms
rollback []
23:09:56.725 [error] Nexus.Identity.Projectors.UserRegistrationProjector failed to handle event:
%Commanded.EventStore.RecordedEvent{
  event_id: "282ec866-f518-44ed-95f6-7a535d6c3e25",
  event_number: 11262,
  stream_id: "019d0c26-0b00-74a0-bd6d-48329cf61a57",
  stream_version: 1,
  causation_id: "d64809a4-8402-4360-8536-99b7a0f860ca",
  correlation_id: "e0f4b4bb-483c-4914-aaaa-956d1587d67e",
  event_type: "Elixir.Nexus.Identity.Events.UserRegistered",
  data: %Nexus.Identity.Events.UserRegistered{
    user_id: "019d0c26-0b00-74a0-bd6d-48329cf61a57",
    org_id: "019d0c26-0b00-74a0-8884-24b7b734f296",
    email: "test@example.com",
    role: "system_admin",
    cose_key: "Ym9vdHN0cmFwX2Nvc2Vfa2V5",
    credential_id: "Ym9vdHN0cmFwX2NyZWRlbnRpYWxfaWQ=",
    registered_at: "2026-03-20T16:48:33.024173Z",
    display_name: "Test User",
    status: "active"
  },
  created_at: ~U[2026-03-20 16:48:33.025211Z],
  metadata: %{
    "causation_id" => "019d0c26-0b00-71d0-a1d2-041f55e92cfc",
    "correlation_id" => "019d0c26-0b00-71d0-a1d2-041f55e92cfc"
  }
}, due to:
** (Postgrex.Error) ERROR 42703 (undefined_column) column i0.id does not exist

    query: SELECT i0."id", i0."user_id", i0."org_id", i0."locale", i0."timezone", i0."notifications_enabled", i0."created_at", i0."updated_at" FROM "identity_user_settings" AS i0 WHERE (i0."id" = $1)
    (ecto_sql 3.13.4) lib/ecto/adapters/sql.ex:1113: Ecto.Adapters.SQL.raise_sql_call_error/1
    (ecto_sql 3.13.4) lib/ecto/adapters/sql.ex:1011: Ecto.Adapters.SQL.execute/6
    (ecto 3.13.5) lib/ecto/repo/queryable.ex:241: Ecto.Repo.Queryable.execute/4
    (ecto 3.13.5) lib/ecto/repo/queryable.ex:19: Ecto.Repo.Queryable.all/3
    (ecto 3.13.5) lib/ecto/repo/queryable.ex:163: Ecto.Repo.Queryable.one/3
    (nexus 0.1.0) lib/nexus/identity/projectors/user_registration_projector.ex:53: anonymous fn/3 in Nexus.Identity.Projectors.UserRegistrationProjector.project_registration/3
    (ecto 3.13.5) lib/ecto/multi.ex:905: Ecto.Multi.apply_operation/5
    (elixir 1.19.5) lib/enum.ex:2520: Enum."-reduce/3-lists^foldl/2-0-"/3
    (ecto 3.13.5) lib/ecto/multi.ex:878: anonymous fn/5 in Ecto.Multi.apply_operations/5
    (ecto_sql 3.13.4) lib/ecto/adapters/sql.ex:1473: anonymous fn/3 in Ecto.Adapters.SQL.checkout_or_transaction/4
    (db_connection 2.9.0) lib/db_connection.ex:1747: DBConnection.run_transaction/4
    (ecto 3.13.5) lib/ecto/repo/transaction.ex:30: Ecto.Repo.Transaction.transact/4
    (nexus 0.1.0) deps/commanded_ecto_projections/lib/projections/ecto.ex:97: Nexus.Identity.Projectors.UserRegistrationProjector.update_projection/3
    (commanded 1.4.9) lib/commanded/event/handler.ex:1221: Commanded.Event.Handler.delegate_event_to_handler/2
    (commanded 1.4.9) lib/commanded/event/handler.ex:1062: Commanded.Event.Handler.handle_event/3
    (elixir 1.19.5) lib/enum.ex:2520: Enum."-reduce/3-lists^foldl/2-0-"/3
    (commanded 1.4.9) lib/commanded/event/handler.ex:969: Commanded.Event.Handler.handle_info/2
    (stdlib 7.1) gen_server.erl:2434: :gen_server.try_handle_info/3
    (stdlib 7.1) gen_server.erl:2420: :gen_server.handle_msg/3
    (stdlib 7.1) proc_lib.erl:333: :proc_lib.init_p_do_apply/3

23:09:56.725 [warning] Nexus.Identity.Projectors.UserRegistrationProjector has requested to stop: %Postgrex.Error{message: nil, postgres: %{code: :undefined_column, line: "3721", message: "column i0.id does not exist", position: "8", file: "parse_relation.c", unknown: "ERROR", severity: "ERROR", pg_code: "42703", routine: "errorMissingColumn"}, connection_id: 3158, query: "SELECT i0.\"id\", i0.\"user_id\", i0.\"org_id\", i0.\"locale\", i0.\"timezone\", i0.\"notifications_enabled\", i0.\"created_at\", i0.\"updated_at\" FROM \"identity_user_settings\" AS i0 WHERE (i0.\"id\" = $1)"}
23:09:56.725 [debug] Nexus.Identity.Projectors.UserRegistrationProjector is shutting down due to %Postgrex.Error{message: nil, postgres: %{code: :undefined_column, line: "3721", message: "column i0.id does not exist", position: "8", file: "parse_relation.c", unknown: "ERROR", severity: "ERROR", pg_code: "42703", routine: "errorMissingColumn"}, connection_id: 3158, query: "SELECT i0.\"id\", i0.\"user_id\", i0.\"org_id\", i0.\"locale\", i0.\"timezone\", i0.\"notifications_enabled\", i0.\"created_at\", i0.\"updated_at\" FROM \"identity_user_settings\" AS i0 WHERE (i0.\"id\" = $1)"}
23:09:56.725 [error] GenServer {Nexus.App.LocalRegistry, {Nexus.App, Commanded.Event.Handler, "Identity.Projectors.UserRegistrationProjector"}} terminating
** (stop) %Postgrex.Error{message: nil, postgres: %{code: :undefined_column, line: "3721", message: "column i0.id does not exist", position: "8", file: "parse_relation.c", unknown: "ERROR", severity: "ERROR", pg_code: "42703", routine: "errorMissingColumn"}, connection_id: 3158, query: "SELECT i0.\"id\", i0.\"user_id\", i0.\"org_id\", i0.\"locale\", i0.\"timezone\", i0.\"notifications_enabled\", i0.\"created_at\", i0.\"updated_at\" FROM \"identity_user_settings\" AS i0 WHERE (i0.\"id\" = $1)"}
Last message: {:events, [%Commanded.EventStore.RecordedEvent{event_id: "282ec866-f518-44ed-95f6-7a535d6c3e25", event_number: 11262, stream_id: "019d0c26-0b00-74a0-bd6d-48329cf61a57", stream_version: 1, causation_id: "d64809a4-8402-4360-8536-99b7a0f860ca", correlation_id: "e0f4b4bb-483c-4914-aaaa-956d1587d67e", event_type: "Elixir.Nexus.Identity.Events.UserRegistered", data: %Nexus.Identity.Events.UserRegistered{user_id: "019d0c26-0b00-74a0-bd6d-48329cf61a57", org_id: "019d0c26-0b00-74a0-8884-24b7b734f296", email: "test@example.com", role: "system_admin", cose_key: "Ym9vdHN0cmFwX2Nvc2Vfa2V5", credential_id: "Ym9vdHN0cmFwX2NyZWRlbnRpYWxfaWQ=", registered_at: "2026-03-20T16:48:33.024173Z", display_name: "Test User", status: "active"}, created_at: ~U[2026-03-20 16:48:33.025211Z], metadata: %{"causation_id" => "019d0c26-0b00-71d0-a1d2-041f55e92cfc", "correlation_id" => "019d0c26-0b00-71d0-a1d2-041f55e92cfc"}}]}
State: %Commanded.Event.Handler{application: Nexus.App, consistency: :strong, handler_callback: :event, handler_name: "Identity.Projectors.UserRegistrationProjector", handler_module: Nexus.Identity.Projectors.UserRegistrationProjector, handler_state: nil, last_seen_event: nil, subscription: %Commanded.EventStore.Subscription{application: Nexus.App, backoff: {:backoff, 1000, 60000, 1000, :jitter, :undefined, :undefined}, concurrency: 1, partition_by: nil, subscribe_to: :all, subscribe_from: :origin, subscription_name: "Identity.Projectors.UserRegistrationProjector", subscription_opts: [], subscription_pid: #PID<0.1749.0>, subscription_ref: #Reference<0.504251661.3394502660.15012>}, subscribe_timer: nil}
23:09:56.726 [debug] Subscription "Identity.Projectors.UserRegistrationProjector"@"$all" subscriber #PID<0.1748.0> down due to: %Postgrex.Error{message: nil, postgres: %{code: :undefined_column, line: "3721", message: "column i0.id does not exist", position: "8", file: "parse_relation.c", unknown: "ERROR", severity: "ERROR", pg_code: "42703", routine: "errorMissingColumn"}, connection_id: 3158, query: "SELECT i0.\"id\", i0.\"user_id\", i0.\"org_id\", i0.\"locale\", i0.\"timezone\", i0.\"notifications_enabled\", i0.\"created_at\", i0.\"updated_at\" FROM \"identity_user_settings\" AS i0 WHERE (i0.\"id\" = $1)"}
23:09:56.726 [debug] Subscription "Identity.Projectors.UserRegistrationProjector"@"$all" has no subscribers, shutting down
23:09:56.726 [error] GenServer {Nexus.EventStore.EventStore.Subscriptions.Registry, {"$all", "Identity.Projectors.UserRegistrationProjector"}} terminating
** (stop) %Postgrex.Error{message: nil, postgres: %{code: :undefined_column, line: "3721", message: "column i0.id does not exist", position: "8", file: "parse_relation.c", unknown: "ERROR", severity: "ERROR", pg_code: "42703", routine: "errorMissingColumn"}, connection_id: 3158, query: "SELECT i0.\"id\", i0.\"user_id\", i0.\"org_id\", i0.\"locale\", i0.\"timezone\", i0.\"notifications_enabled\", i0.\"created_at\", i0.\"updated_at\" FROM \"identity_user_settings\" AS i0 WHERE (i0.\"id\" = $1)"}
Last message: {:DOWN, #Reference<0.504251661.3394502659.50333>, :process, #PID<0.1748.0>, %Postgrex.Error{message: nil, postgres: %{code: :undefined_column, line: "3721", message: "column i0.id does not exist", position: "8", file: "parse_relation.c", unknown: "ERROR", severity: "ERROR", pg_code: "42703", routine: "errorMissingColumn"}, connection_id: 3158, query: "SELECT i0.\"id\", i0.\"user_id\", i0.\"org_id\", i0.\"locale\", i0.\"timezone\", i0.\"notifications_enabled\", i0.\"created_at\", i0.\"updated_at\" FROM \"identity_user_settings\" AS i0 WHERE (i0.\"id\" = $1)"}}
State: %EventStore.Subscriptions.Subscription{stream_uuid: "$all", subscription_name: "Identity.Projectors.UserRegistrationProjector", subscription: %EventStore.Subscriptions.SubscriptionFsm{state: :unsubscribed, data: %EventStore.Subscriptions.SubscriptionState{conn: Nexus.EventStore.Postgrex, event_store: Nexus.EventStore, serializer: Commanded.Serialization.JsonSerializer, schema: "event_store", stream_uuid: "$all", start_from: 0, subscription_name: "Identity.Projectors.UserRegistrationProjector", subscription_id: 405, selector: nil, mapper: &Commanded.EventStore.Adapters.EventStore.Mapper.from_recorded_event/1, max_size: 1000, partition_by: nil, query_timeout: 15000, lock_ref: #Reference<0.504251661.3394502658.56145>, last_received: 12195, last_sent: 11262, last_ack: 11261, queue_size: 934, buffer_size: 1, checkpoint_after: 0, checkpoint_threshold: 1, checkpoint_timer_ref: nil, checkpoints_pending: 0, subscribers: %{}, partitions: %{nil: {[%EventStore.RecordedEvent{event_number: 12195, event_id: "63cf0cf3-679d-4adb-a5fc-1b7c8cdfe448", stream_uuid: "a6d32835-04fe-47c3-93c7-50750f4c0025", stream_version: 1, correlation_id: "4b130646-5380-41f3-b6df-9abfd1ed0d92", causation_id: "0f27ee9d-27db-4e8b-8f2d-6a8556a5e9d4", event_type: "Elixir.Nexus.Identity.Events.UserRegistered", data: %Nexus.Identity.Events.UserRegistered{user_id: "a6d32835-04fe-47c3-93c7-50750f4c0025", org_id: "aefc3981-97e0-4a44-a442-807e9d7b3892", email: "test@example.com", role: "admin", cose_key: "dummy", credential_id: "dummy", registered_at: "2026-03-20T23:09:56.579831Z", display_name: "Test User", status: "active"}, metadata: %{"causation_id" => "019d0d83-37e3-7671-991d-f18a42a53090", "correlation_id" => "019d0d83-37e3-7671-991d-f18a42a53090"}, created_at: ~U[2026-03-20 23:09:56.581065Z]}, %EventStore.RecordedEvent{event_number: 12194, event_id: "3f8f3cbc-ea72-45a7-ab6d-12a43da50245", stream_uuid: "e55da693-c009-4afd-a56e-9b4ab3975acc", stream_version: 2, correlation_id: "e5500f71-9103-4737-8991-5eb165815e23", causation_id: "633094f8-6986-459b-9416-072dd0187fd9", event_type: "Elixir.Nexus.Identity.Events.SessionStarted", data: %Nexus.Identity.Events.SessionStarted{org_id: "84a4120a-ffd5-4f1d-8c8d-39a304840d78", user_id: "e55da693-c009-4afd-a56e-9b4ab3975acc", session_id: "418d0e43-cc2d-4727-80e0-b2438bf62242", session_token: "token123", user_agent: "Mozilla/5.0", ip_address: "127.0.0.1", started_at: "2026-03-20T23:09:56.072666Z"}, metadata: %{"causation_id" => "019d0d83-35e8-753f-984d-38ea338eda81", "correlation_id" => "019d0d83-35e8-753f-984d-38ea338eda81"}, created_at: ~U[2026-03-20 23:09:56.073170Z]}, %EventStore.RecordedEvent{event_number: 12193, event_id: "e88a74fa-5b0c-4b91-8cb5-06995a22261e", stream_uuid: "e55da693-c009-4afd-a56e-9b4ab3975acc", stream_version: 1, correlation_id: "9e656c1d-d0e4-4f46-bf33-1d95e39eba77", causation_id: "26eb51ca-d88e-4ba3-ac69-47b72ac05e07", event_type: "Elixir.Nexus.Identity.Events.UserRegistered", data: %Nexus.Identity.Events.UserRegistered{user_id: "e55da693-c009-4afd-a56e-9b4ab3975acc", org_id: "84a4120a-ffd5-4f1d-8c8d-39a304840d78", email: "test@example.com", role: "admin", cose_key: "dummy", credential_id: "dummy", registered_at: "2026-03-20T23:09:55.865334Z", display_name: "Test User", status: "active"}, metadata: %{"causation_id" => "019d0d83-3519-7150-9f84-629ff4c7083d", "correlation_id" => "019d0d83-3519-7150-9f84-629ff4c7083d"}, created_at: ~U[2026-03-20 23:09:55.869271Z]}, %EventStore.RecordedEvent{event_number: 12192, event_id: "9369472d-8342-4f67-bb09-dce99e1564a7", stream_uuid: "1cdc5b98-437f-46cd-b961-7f94b0c70951", ...}, ...], ...}}, ...}}, ...}
23:09:56.726 [debug] Nexus.Identity.Projectors.UserRegistrationProjector is shutting down due to {%Postgrex.Error{message: nil, postgres: %{code: :undefined_column, line: "3721", message: "column i0.id does not exist", position: "8", file: "parse_relation.c", unknown: "ERROR", severity: "ERROR", pg_code: "42703", routine: "errorMissingColumn"}, connection_id: 3158, query: "SELECT i0.\"id\", i0.\"user_id\", i0.\"org_id\", i0.\"locale\", i0.\"timezone\", i0.\"notifications_enabled\", i0.\"created_at\", i0.\"updated_at\" FROM \"identity_user_settings\" AS i0 WHERE (i0.\"id\" = $1)"}, {GenServer, :call, [#PID<0.1749.0>, {:connect, #PID<0.1750.0>, [retry_interval: 60000, hibernate_after: 15000, partition_by: nil, concurrency_limit: 1, name: Nexus.EventStore, mapper: &Commanded.EventStore.Adapters.EventStore.Mapper.from_recorded_event/1, conn: Nexus.EventStore.Postgrex, event_store: Nexus.EventStore, query_timeout: 15000, schema: "event_store", serializer: Commanded.Serialization.JsonSerializer, stream_uuid: "$all", subscription_name: "Identity.Projectors.UserRegistrationProjector", start_from: 0]}, 5000]}}
23:09:56.726 [error] GenServer {Nexus.App.LocalRegistry, {Nexus.App, Commanded.Event.Handler, "Identity.Projectors.UserRegistrationProjector"}} terminating
** (stop) exited in: GenServer.call(#PID<0.1749.0>, {:connect, #PID<0.1750.0>, [retry_interval: 60000, hibernate_after: 15000, partition_by: nil, concurrency_limit: 1, name: Nexus.EventStore, mapper: &Commanded.EventStore.Adapters.EventStore.Mapper.from_recorded_event/1, conn: Nexus.EventStore.Postgrex, event_store: Nexus.EventStore, query_timeout: 15000, schema: "event_store", serializer: Commanded.Serialization.JsonSerializer, stream_uuid: "$all", subscription_name: "Identity.Projectors.UserRegistrationProjector", start_from: 0]}, 5000)
    ** (EXIT) %Postgrex.Error{message: nil, postgres: %{code: :undefined_column, line: "3721", message: "column i0.id does not exist", position: "8", file: "parse_relation.c", unknown: "ERROR", severity: "ERROR", pg_code: "42703", routine: "errorMissingColumn"}, connection_id: 3158, query: "SELECT i0.\"id\", i0.\"user_id\", i0.\"org_id\", i0.\"locale\", i0.\"timezone\", i0.\"notifications_enabled\", i0.\"created_at\", i0.\"updated_at\" FROM \"identity_user_settings\" AS i0 WHERE (i0.\"id\" = $1)"}
    (elixir 1.19.5) lib/gen_server.ex:1142: GenServer.call/3
    (commanded 1.4.9) lib/commanded/event_store.ex:289: anonymous fn/2 in Commanded.EventStore.span/3
    (telemetry 1.3.0) /Users/bernard/dev/nexus/deps/telemetry/src/telemetry.erl:324: :telemetry.span/3
    (commanded 1.4.9) lib/commanded/event_store/subscription.ex:58: Commanded.EventStore.Subscription.subscribe/2
    (commanded 1.4.9) lib/commanded/event/handler.ex:1024: Commanded.Event.Handler.subscribe_to_events/1
    (commanded 1.4.9) lib/commanded/event/handler.ex:887: Commanded.Event.Handler.handle_continue/2
    (stdlib 7.1) gen_server.erl:2424: :gen_server.try_handle_continue/3
    (stdlib 7.1) gen_server.erl:2291: :gen_server.loop/4
    (stdlib 7.1) proc_lib.erl:333: :proc_lib.init_p_do_apply/3
Last message: {:continue, :subscribe_to_events}
State: %Commanded.Event.Handler{application: Nexus.App, consistency: :strong, handler_callback: :event, handler_name: "Identity.Projectors.UserRegistrationProjector", handler_module: Nexus.Identity.Projectors.UserRegistrationProjector, handler_state: nil, last_seen_event: nil, subscription: %Commanded.EventStore.Subscription{application: Nexus.App, backoff: {:backoff, 1000, 60000, 1000, :jitter, :undefined, :undefined}, concurrency: 1, partition_by: nil, subscribe_to: :all, subscribe_from: :origin, subscription_name: "Identity.Projectors.UserRegistrationProjector", subscription_opts: [], subscription_pid: nil, subscription_ref: nil}, subscribe_timer: nil}
23:09:56.727 [debug] Subscription "Identity.Projectors.UserRegistrationProjector"@"$all" attempting to connect subscriber #PID<0.1751.0>
23:09:56.728 [debug] Subscription "Identity.Projectors.UserRegistrationProjector"@"$all" catching-up
23:09:56.728 [debug] Nexus.Identity.Projectors.UserRegistrationProjector has successfully subscribed to event store
23:09:56.742 [debug] Nexus.Identity.Projectors.UserRegistrationProjector received events: [%Commanded.EventStore.RecordedEvent{event_id: "282ec866-f518-44ed-95f6-7a535d6c3e25", event_number: 11262, stream_id: "019d0c26-0b00-74a0-bd6d-48329cf61a57", stream_version: 1, causation_id: "d64809a4-8402-4360-8536-99b7a0f860ca", correlation_id: "e0f4b4bb-483c-4914-aaaa-956d1587d67e", event_type: "Elixir.Nexus.Identity.Events.UserRegistered", data: %Nexus.Identity.Events.UserRegistered{user_id: "019d0c26-0b00-74a0-bd6d-48329cf61a57", org_id: "019d0c26-0b00-74a0-8884-24b7b734f296", email: "test@example.com", role: "system_admin", cose_key: "Ym9vdHN0cmFwX2Nvc2Vfa2V5", credential_id: "Ym9vdHN0cmFwX2NyZWRlbnRpYWxfaWQ=", registered_at: "2026-03-20T16:48:33.024173Z", display_name: "Test User", status: "active"}, created_at: ~U[2026-03-20 16:48:33.025211Z], metadata: %{"causation_id" => "019d0c26-0b00-71d0-a1d2-041f55e92cfc", "correlation_id" => "019d0c26-0b00-71d0-a1d2-041f55e92cfc"}}]
23:09:56.743 [debug] QUERY OK db=0.2ms
begin []
23:09:56.743 [debug] QUERY OK source="projection_versions" db=0.2ms
INSERT INTO "projection_versions" AS p0 ("projection_name","last_seen_event_number","inserted_at","updated_at") VALUES ($1,$2,$3,$4) ON CONFLICT ("projection_name") DO UPDATE SET "last_seen_event_number" = $5 WHERE ((p0."projection_name" = $6) AND (p0."last_seen_event_number" < $7)) ["Identity.Projectors.UserRegistrationProjector", 11262, ~N[2026-03-20 23:09:56.743329], ~N[2026-03-20 23:09:56.743329], 11262, "Identity.Projectors.UserRegistrationProjector", 11262]
23:09:56.743 [debug] QUERY OK source="users" db=0.1ms
SELECT u0."id", u0."org_id", u0."email", u0."display_name", u0."status", u0."cose_key", u0."credential_id", u0."roles", u0."created_at", u0."updated_at" FROM "users" AS u0 WHERE (u0."id" = $1) ["019d0c26-0b00-74a0-bd6d-48329cf61a57"]
23:09:56.743 [debug] QUERY OK source="users" db=0.1ms
SELECT u0."id", u0."org_id", u0."email", u0."display_name", u0."status", u0."cose_key", u0."credential_id", u0."roles", u0."created_at", u0."updated_at" FROM "users" AS u0 WHERE (u0."email" = $1) ["test@example.com"]
23:09:56.744 [debug] QUERY OK source="users" db=0.1ms
INSERT INTO "users" ("id","status","org_id","email","display_name","roles","cose_key","credential_id","created_at","updated_at") VALUES ($1,$2,$3,$4,$5,$6,$7,$8,$9,$10) ["019d0c26-0b00-74a0-bd6d-48329cf61a57", "active", "019d0c26-0b00-74a0-8884-24b7b734f296", "test@example.com", "Test User", ["system_admin"], "bootstrap_cose_key", "bootstrap_credential_id", ~U[2026-03-20 23:09:56.744032Z], ~U[2026-03-20 23:09:56.744032Z]]
23:09:56.744 [debug] QUERY ERROR source="identity_user_settings" db=0.0ms
SELECT i0."id", i0."user_id", i0."org_id", i0."locale", i0."timezone", i0."notifications_enabled", i0."created_at", i0."updated_at" FROM "identity_user_settings" AS i0 WHERE (i0."id" = $1) ["019d0c26-0b00-74a0-bd6d-48329cf61a57"]
23:09:56.744 [debug] QUERY OK db=0.1ms
rollback []
23:09:56.745 [error] Nexus.Identity.Projectors.UserRegistrationProjector failed to handle event:
%Commanded.EventStore.RecordedEvent{
  event_id: "282ec866-f518-44ed-95f6-7a535d6c3e25",
  event_number: 11262,
  stream_id: "019d0c26-0b00-74a0-bd6d-48329cf61a57",
  stream_version: 1,
  causation_id: "d64809a4-8402-4360-8536-99b7a0f860ca",
  correlation_id: "e0f4b4bb-483c-4914-aaaa-956d1587d67e",
  event_type: "Elixir.Nexus.Identity.Events.UserRegistered",
  data: %Nexus.Identity.Events.UserRegistered{
    user_id: "019d0c26-0b00-74a0-bd6d-48329cf61a57",
    org_id: "019d0c26-0b00-74a0-8884-24b7b734f296",
    email: "test@example.com",
    role: "system_admin",
    cose_key: "Ym9vdHN0cmFwX2Nvc2Vfa2V5",
    credential_id: "Ym9vdHN0cmFwX2NyZWRlbnRpYWxfaWQ=",
    registered_at: "2026-03-20T16:48:33.024173Z",
    display_name: "Test User",
    status: "active"
  },
  created_at: ~U[2026-03-20 16:48:33.025211Z],
  metadata: %{
    "causation_id" => "019d0c26-0b00-71d0-a1d2-041f55e92cfc",
    "correlation_id" => "019d0c26-0b00-71d0-a1d2-041f55e92cfc"
  }
}, due to:
** (Postgrex.Error) ERROR 42703 (undefined_column) column i0.id does not exist

    query: SELECT i0."id", i0."user_id", i0."org_id", i0."locale", i0."timezone", i0."notifications_enabled", i0."created_at", i0."updated_at" FROM "identity_user_settings" AS i0 WHERE (i0."id" = $1)
    (ecto_sql 3.13.4) lib/ecto/adapters/sql.ex:1113: Ecto.Adapters.SQL.raise_sql_call_error/1
    (ecto_sql 3.13.4) lib/ecto/adapters/sql.ex:1011: Ecto.Adapters.SQL.execute/6
    (ecto 3.13.5) lib/ecto/repo/queryable.ex:241: Ecto.Repo.Queryable.execute/4
    (ecto 3.13.5) lib/ecto/repo/queryable.ex:19: Ecto.Repo.Queryable.all/3
    (ecto 3.13.5) lib/ecto/repo/queryable.ex:163: Ecto.Repo.Queryable.one/3
    (nexus 0.1.0) lib/nexus/identity/projectors/user_registration_projector.ex:53: anonymous fn/3 in Nexus.Identity.Projectors.UserRegistrationProjector.project_registration/3
    (ecto 3.13.5) lib/ecto/multi.ex:905: Ecto.Multi.apply_operation/5
    (elixir 1.19.5) lib/enum.ex:2520: Enum."-reduce/3-lists^foldl/2-0-"/3
    (ecto 3.13.5) lib/ecto/multi.ex:878: anonymous fn/5 in Ecto.Multi.apply_operations/5
    (ecto_sql 3.13.4) lib/ecto/adapters/sql.ex:1473: anonymous fn/3 in Ecto.Adapters.SQL.checkout_or_transaction/4
    (db_connection 2.9.0) lib/db_connection.ex:1747: DBConnection.run_transaction/4
    (ecto 3.13.5) lib/ecto/repo/transaction.ex:30: Ecto.Repo.Transaction.transact/4
    (nexus 0.1.0) deps/commanded_ecto_projections/lib/projections/ecto.ex:97: Nexus.Identity.Projectors.UserRegistrationProjector.update_projection/3
    (commanded 1.4.9) lib/commanded/event/handler.ex:1221: Commanded.Event.Handler.delegate_event_to_handler/2
    (commanded 1.4.9) lib/commanded/event/handler.ex:1062: Commanded.Event.Handler.handle_event/3
    (elixir 1.19.5) lib/enum.ex:2520: Enum."-reduce/3-lists^foldl/2-0-"/3
    (commanded 1.4.9) lib/commanded/event/handler.ex:969: Commanded.Event.Handler.handle_info/2
    (stdlib 7.1) gen_server.erl:2434: :gen_server.try_handle_info/3
    (stdlib 7.1) gen_server.erl:2420: :gen_server.handle_msg/3
    (stdlib 7.1) proc_lib.erl:333: :proc_lib.init_p_do_apply/3

23:09:56.745 [warning] Nexus.Identity.Projectors.UserRegistrationProjector has requested to stop: %Postgrex.Error{message: nil, postgres: %{code: :undefined_column, line: "3721", message: "column i0.id does not exist", position: "8", file: "parse_relation.c", unknown: "ERROR", severity: "ERROR", pg_code: "42703", routine: "errorMissingColumn"}, connection_id: 3158, query: "SELECT i0.\"id\", i0.\"user_id\", i0.\"org_id\", i0.\"locale\", i0.\"timezone\", i0.\"notifications_enabled\", i0.\"created_at\", i0.\"updated_at\" FROM \"identity_user_settings\" AS i0 WHERE (i0.\"id\" = $1)"}
23:09:56.745 [debug] Nexus.Identity.Projectors.UserRegistrationProjector is shutting down due to %Postgrex.Error{message: nil, postgres: %{code: :undefined_column, line: "3721", message: "column i0.id does not exist", position: "8", file: "parse_relation.c", unknown: "ERROR", severity: "ERROR", pg_code: "42703", routine: "errorMissingColumn"}, connection_id: 3158, query: "SELECT i0.\"id\", i0.\"user_id\", i0.\"org_id\", i0.\"locale\", i0.\"timezone\", i0.\"notifications_enabled\", i0.\"created_at\", i0.\"updated_at\" FROM \"identity_user_settings\" AS i0 WHERE (i0.\"id\" = $1)"}
23:09:56.745 [error] GenServer {Nexus.App.LocalRegistry, {Nexus.App, Commanded.Event.Handler, "Identity.Projectors.UserRegistrationProjector"}} terminating
** (stop) %Postgrex.Error{message: nil, postgres: %{code: :undefined_column, line: "3721", message: "column i0.id does not exist", position: "8", file: "parse_relation.c", unknown: "ERROR", severity: "ERROR", pg_code: "42703", routine: "errorMissingColumn"}, connection_id: 3158, query: "SELECT i0.\"id\", i0.\"user_id\", i0.\"org_id\", i0.\"locale\", i0.\"timezone\", i0.\"notifications_enabled\", i0.\"created_at\", i0.\"updated_at\" FROM \"identity_user_settings\" AS i0 WHERE (i0.\"id\" = $1)"}
Last message: {:events, [%Commanded.EventStore.RecordedEvent{event_id: "282ec866-f518-44ed-95f6-7a535d6c3e25", event_number: 11262, stream_id: "019d0c26-0b00-74a0-bd6d-48329cf61a57", stream_version: 1, causation_id: "d64809a4-8402-4360-8536-99b7a0f860ca", correlation_id: "e0f4b4bb-483c-4914-aaaa-956d1587d67e", event_type: "Elixir.Nexus.Identity.Events.UserRegistered", data: %Nexus.Identity.Events.UserRegistered{user_id: "019d0c26-0b00-74a0-bd6d-48329cf61a57", org_id: "019d0c26-0b00-74a0-8884-24b7b734f296", email: "test@example.com", role: "system_admin", cose_key: "Ym9vdHN0cmFwX2Nvc2Vfa2V5", credential_id: "Ym9vdHN0cmFwX2NyZWRlbnRpYWxfaWQ=", registered_at: "2026-03-20T16:48:33.024173Z", display_name: "Test User", status: "active"}, created_at: ~U[2026-03-20 16:48:33.025211Z], metadata: %{"causation_id" => "019d0c26-0b00-71d0-a1d2-041f55e92cfc", "correlation_id" => "019d0c26-0b00-71d0-a1d2-041f55e92cfc"}}]}
State: %Commanded.Event.Handler{application: Nexus.App, consistency: :strong, handler_callback: :event, handler_name: "Identity.Projectors.UserRegistrationProjector", handler_module: Nexus.Identity.Projectors.UserRegistrationProjector, handler_state: nil, last_seen_event: nil, subscription: %Commanded.EventStore.Subscription{application: Nexus.App, backoff: {:backoff, 1000, 60000, 1000, :jitter, :undefined, :undefined}, concurrency: 1, partition_by: nil, subscribe_to: :all, subscribe_from: :origin, subscription_name: "Identity.Projectors.UserRegistrationProjector", subscription_opts: [], subscription_pid: #PID<0.1752.0>, subscription_ref: #Reference<0.504251661.3394502657.94550>}, subscribe_timer: nil}
23:09:56.746 [debug] Subscription "Identity.Projectors.UserRegistrationProjector"@"$all" subscriber #PID<0.1751.0> down due to: %Postgrex.Error{message: nil, postgres: %{code: :undefined_column, line: "3721", message: "column i0.id does not exist", position: "8", file: "parse_relation.c", unknown: "ERROR", severity: "ERROR", pg_code: "42703", routine: "errorMissingColumn"}, connection_id: 3158, query: "SELECT i0.\"id\", i0.\"user_id\", i0.\"org_id\", i0.\"locale\", i0.\"timezone\", i0.\"notifications_enabled\", i0.\"created_at\", i0.\"updated_at\" FROM \"identity_user_settings\" AS i0 WHERE (i0.\"id\" = $1)"}
23:09:56.746 [debug] Subscription "Identity.Projectors.UserRegistrationProjector"@"$all" has no subscribers, shutting down
23:09:56.746 [error] GenServer {Nexus.EventStore.EventStore.Subscriptions.Registry, {"$all", "Identity.Projectors.UserRegistrationProjector"}} terminating
** (stop) %Postgrex.Error{message: nil, postgres: %{code: :undefined_column, line: "3721", message: "column i0.id does not exist", position: "8", file: "parse_relation.c", unknown: "ERROR", severity: "ERROR", pg_code: "42703", routine: "errorMissingColumn"}, connection_id: 3158, query: "SELECT i0.\"id\", i0.\"user_id\", i0.\"org_id\", i0.\"locale\", i0.\"timezone\", i0.\"notifications_enabled\", i0.\"created_at\", i0.\"updated_at\" FROM \"identity_user_settings\" AS i0 WHERE (i0.\"id\" = $1)"}
Last message: {:DOWN, #Reference<0.504251661.3394502660.15099>, :process, #PID<0.1751.0>, %Postgrex.Error{message: nil, postgres: %{code: :undefined_column, line: "3721", message: "column i0.id does not exist", position: "8", file: "parse_relation.c", unknown: "ERROR", severity: "ERROR", pg_code: "42703", routine: "errorMissingColumn"}, connection_id: 3158, query: "SELECT i0.\"id\", i0.\"user_id\", i0.\"org_id\", i0.\"locale\", i0.\"timezone\", i0.\"notifications_enabled\", i0.\"created_at\", i0.\"updated_at\" FROM \"identity_user_settings\" AS i0 WHERE (i0.\"id\" = $1)"}}
State: %EventStore.Subscriptions.Subscription{stream_uuid: "$all", subscription_name: "Identity.Projectors.UserRegistrationProjector", subscription: %EventStore.Subscriptions.SubscriptionFsm{state: :unsubscribed, data: %EventStore.Subscriptions.SubscriptionState{conn: Nexus.EventStore.Postgrex, event_store: Nexus.EventStore, serializer: Commanded.Serialization.JsonSerializer, schema: "event_store", stream_uuid: "$all", start_from: 0, subscription_name: "Identity.Projectors.UserRegistrationProjector", subscription_id: 405, selector: nil, mapper: &Commanded.EventStore.Adapters.EventStore.Mapper.from_recorded_event/1, max_size: 1000, partition_by: nil, query_timeout: 15000, lock_ref: #Reference<0.504251661.3394502658.56162>, last_received: 12195, last_sent: 11262, last_ack: 11261, queue_size: 934, buffer_size: 1, checkpoint_after: 0, checkpoint_threshold: 1, checkpoint_timer_ref: nil, checkpoints_pending: 0, subscribers: %{}, partitions: %{nil: {[%EventStore.RecordedEvent{event_number: 12195, event_id: "63cf0cf3-679d-4adb-a5fc-1b7c8cdfe448", stream_uuid: "a6d32835-04fe-47c3-93c7-50750f4c0025", stream_version: 1, correlation_id: "4b130646-5380-41f3-b6df-9abfd1ed0d92", causation_id: "0f27ee9d-27db-4e8b-8f2d-6a8556a5e9d4", event_type: "Elixir.Nexus.Identity.Events.UserRegistered", data: %Nexus.Identity.Events.UserRegistered{user_id: "a6d32835-04fe-47c3-93c7-50750f4c0025", org_id: "aefc3981-97e0-4a44-a442-807e9d7b3892", email: "test@example.com", role: "admin", cose_key: "dummy", credential_id: "dummy", registered_at: "2026-03-20T23:09:56.579831Z", display_name: "Test User", status: "active"}, metadata: %{"causation_id" => "019d0d83-37e3-7671-991d-f18a42a53090", "correlation_id" => "019d0d83-37e3-7671-991d-f18a42a53090"}, created_at: ~U[2026-03-20 23:09:56.581065Z]}, %EventStore.RecordedEvent{event_number: 12194, event_id: "3f8f3cbc-ea72-45a7-ab6d-12a43da50245", stream_uuid: "e55da693-c009-4afd-a56e-9b4ab3975acc", stream_version: 2, correlation_id: "e5500f71-9103-4737-8991-5eb165815e23", causation_id: "633094f8-6986-459b-9416-072dd0187fd9", event_type: "Elixir.Nexus.Identity.Events.SessionStarted", data: %Nexus.Identity.Events.SessionStarted{org_id: "84a4120a-ffd5-4f1d-8c8d-39a304840d78", user_id: "e55da693-c009-4afd-a56e-9b4ab3975acc", session_id: "418d0e43-cc2d-4727-80e0-b2438bf62242", session_token: "token123", user_agent: "Mozilla/5.0", ip_address: "127.0.0.1", started_at: "2026-03-20T23:09:56.072666Z"}, metadata: %{"causation_id" => "019d0d83-35e8-753f-984d-38ea338eda81", "correlation_id" => "019d0d83-35e8-753f-984d-38ea338eda81"}, created_at: ~U[2026-03-20 23:09:56.073170Z]}, %EventStore.RecordedEvent{event_number: 12193, event_id: "e88a74fa-5b0c-4b91-8cb5-06995a22261e", stream_uuid: "e55da693-c009-4afd-a56e-9b4ab3975acc", stream_version: 1, correlation_id: "9e656c1d-d0e4-4f46-bf33-1d95e39eba77", causation_id: "26eb51ca-d88e-4ba3-ac69-47b72ac05e07", event_type: "Elixir.Nexus.Identity.Events.UserRegistered", data: %Nexus.Identity.Events.UserRegistered{user_id: "e55da693-c009-4afd-a56e-9b4ab3975acc", org_id: "84a4120a-ffd5-4f1d-8c8d-39a304840d78", email: "test@example.com", role: "admin", cose_key: "dummy", credential_id: "dummy", registered_at: "2026-03-20T23:09:55.865334Z", display_name: "Test User", status: "active"}, metadata: %{"causation_id" => "019d0d83-3519-7150-9f84-629ff4c7083d", "correlation_id" => "019d0d83-3519-7150-9f84-629ff4c7083d"}, created_at: ~U[2026-03-20 23:09:55.869271Z]}, %EventStore.RecordedEvent{event_number: 12192, event_id: "9369472d-8342-4f67-bb09-dce99e1564a7", stream_uuid: "1cdc5b98-437f-46cd-b961-7f94b0c70951", ...}, ...], ...}}, ...}}, ...}
23:09:56.746 [debug] Nexus.Identity.Projectors.UserRegistrationProjector is shutting down due to {%Postgrex.Error{message: nil, postgres: %{code: :undefined_column, line: "3721", message: "column i0.id does not exist", position: "8", file: "parse_relation.c", unknown: "ERROR", severity: "ERROR", pg_code: "42703", routine: "errorMissingColumn"}, connection_id: 3158, query: "SELECT i0.\"id\", i0.\"user_id\", i0.\"org_id\", i0.\"locale\", i0.\"timezone\", i0.\"notifications_enabled\", i0.\"created_at\", i0.\"updated_at\" FROM \"identity_user_settings\" AS i0 WHERE (i0.\"id\" = $1)"}, {GenServer, :call, [#PID<0.1752.0>, {:connect, #PID<0.1753.0>, [retry_interval: 60000, hibernate_after: 15000, partition_by: nil, concurrency_limit: 1, name: Nexus.EventStore, mapper: &Commanded.EventStore.Adapters.EventStore.Mapper.from_recorded_event/1, conn: Nexus.EventStore.Postgrex, event_store: Nexus.EventStore, query_timeout: 15000, schema: "event_store", serializer: Commanded.Serialization.JsonSerializer, stream_uuid: "$all", subscription_name: "Identity.Projectors.UserRegistrationProjector", start_from: 0]}, 5000]}}
23:09:56.746 [error] GenServer {Nexus.App.LocalRegistry, {Nexus.App, Commanded.Event.Handler, "Identity.Projectors.UserRegistrationProjector"}} terminating
** (stop) exited in: GenServer.call(#PID<0.1752.0>, {:connect, #PID<0.1753.0>, [retry_interval: 60000, hibernate_after: 15000, partition_by: nil, concurrency_limit: 1, name: Nexus.EventStore, mapper: &Commanded.EventStore.Adapters.EventStore.Mapper.from_recorded_event/1, conn: Nexus.EventStore.Postgrex, event_store: Nexus.EventStore, query_timeout: 15000, schema: "event_store", serializer: Commanded.Serialization.JsonSerializer, stream_uuid: "$all", subscription_name: "Identity.Projectors.UserRegistrationProjector", start_from: 0]}, 5000)
    ** (EXIT) %Postgrex.Error{message: nil, postgres: %{code: :undefined_column, line: "3721", message: "column i0.id does not exist", position: "8", file: "parse_relation.c", unknown: "ERROR", severity: "ERROR", pg_code: "42703", routine: "errorMissingColumn"}, connection_id: 3158, query: "SELECT i0.\"id\", i0.\"user_id\", i0.\"org_id\", i0.\"locale\", i0.\"timezone\", i0.\"notifications_enabled\", i0.\"created_at\", i0.\"updated_at\" FROM \"identity_user_settings\" AS i0 WHERE (i0.\"id\" = $1)"}
    (elixir 1.19.5) lib/gen_server.ex:1142: GenServer.call/3
    (commanded 1.4.9) lib/commanded/event_store.ex:289: anonymous fn/2 in Commanded.EventStore.span/3
    (telemetry 1.3.0) /Users/bernard/dev/nexus/deps/telemetry/src/telemetry.erl:324: :telemetry.span/3
    (commanded 1.4.9) lib/commanded/event_store/subscription.ex:58: Commanded.EventStore.Subscription.subscribe/2
    (commanded 1.4.9) lib/commanded/event/handler.ex:1024: Commanded.Event.Handler.subscribe_to_events/1
    (commanded 1.4.9) lib/commanded/event/handler.ex:887: Commanded.Event.Handler.handle_continue/2
    (stdlib 7.1) gen_server.erl:2424: :gen_server.try_handle_continue/3
    (stdlib 7.1) gen_server.erl:2291: :gen_server.loop/4
    (stdlib 7.1) proc_lib.erl:333: :proc_lib.init_p_do_apply/3
Last message: {:continue, :subscribe_to_events}
State: %Commanded.Event.Handler{application: Nexus.App, consistency: :strong, handler_callback: :event, handler_name: "Identity.Projectors.UserRegistrationProjector", handler_module: Nexus.Identity.Projectors.UserRegistrationProjector, handler_state: nil, last_seen_event: nil, subscription: %Commanded.EventStore.Subscription{application: Nexus.App, backoff: {:backoff, 1000, 60000, 1000, :jitter, :undefined, :undefined}, concurrency: 1, partition_by: nil, subscribe_to: :all, subscribe_from: :origin, subscription_name: "Identity.Projectors.UserRegistrationProjector", subscription_opts: [], subscription_pid: nil, subscription_ref: nil}, subscribe_timer: nil}
23:09:56.747 [debug] Subscription "Identity.Projectors.UserRegistrationProjector"@"$all" attempting to connect subscriber #PID<0.1754.0>
23:09:56.748 [debug] Subscription "Identity.Projectors.UserRegistrationProjector"@"$all" catching-up
23:09:56.748 [debug] Nexus.Identity.Projectors.UserRegistrationProjector has successfully subscribed to event store
23:09:56.762 [debug] Nexus.Identity.Projectors.UserRegistrationProjector received events: [%Commanded.EventStore.RecordedEvent{event_id: "282ec866-f518-44ed-95f6-7a535d6c3e25", event_number: 11262, stream_id: "019d0c26-0b00-74a0-bd6d-48329cf61a57", stream_version: 1, causation_id: "d64809a4-8402-4360-8536-99b7a0f860ca", correlation_id: "e0f4b4bb-483c-4914-aaaa-956d1587d67e", event_type: "Elixir.Nexus.Identity.Events.UserRegistered", data: %Nexus.Identity.Events.UserRegistered{user_id: "019d0c26-0b00-74a0-bd6d-48329cf61a57", org_id: "019d0c26-0b00-74a0-8884-24b7b734f296", email: "test@example.com", role: "system_admin", cose_key: "Ym9vdHN0cmFwX2Nvc2Vfa2V5", credential_id: "Ym9vdHN0cmFwX2NyZWRlbnRpYWxfaWQ=", registered_at: "2026-03-20T16:48:33.024173Z", display_name: "Test User", status: "active"}, created_at: ~U[2026-03-20 16:48:33.025211Z], metadata: %{"causation_id" => "019d0c26-0b00-71d0-a1d2-041f55e92cfc", "correlation_id" => "019d0c26-0b00-71d0-a1d2-041f55e92cfc"}}]
23:09:56.762 [debug] QUERY OK db=0.3ms
begin []
23:09:56.762 [debug] QUERY OK source="projection_versions" db=0.3ms
INSERT INTO "projection_versions" AS p0 ("projection_name","last_seen_event_number","inserted_at","updated_at") VALUES ($1,$2,$3,$4) ON CONFLICT ("projection_name") DO UPDATE SET "last_seen_event_number" = $5 WHERE ((p0."projection_name" = $6) AND (p0."last_seen_event_number" < $7)) ["Identity.Projectors.UserRegistrationProjector", 11262, ~N[2026-03-20 23:09:56.762507], ~N[2026-03-20 23:09:56.762507], 11262, "Identity.Projectors.UserRegistrationProjector", 11262]
23:09:56.763 [debug] QUERY OK source="users" db=0.1ms
SELECT u0."id", u0."org_id", u0."email", u0."display_name", u0."status", u0."cose_key", u0."credential_id", u0."roles", u0."created_at", u0."updated_at" FROM "users" AS u0 WHERE (u0."id" = $1) ["019d0c26-0b00-74a0-bd6d-48329cf61a57"]
23:09:56.763 [debug] QUERY OK source="users" db=0.1ms
SELECT u0."id", u0."org_id", u0."email", u0."display_name", u0."status", u0."cose_key", u0."credential_id", u0."roles", u0."created_at", u0."updated_at" FROM "users" AS u0 WHERE (u0."email" = $1) ["test@example.com"]
23:09:56.763 [debug] QUERY OK source="users" db=0.1ms
INSERT INTO "users" ("id","status","org_id","email","display_name","roles","cose_key","credential_id","created_at","updated_at") VALUES ($1,$2,$3,$4,$5,$6,$7,$8,$9,$10) ["019d0c26-0b00-74a0-bd6d-48329cf61a57", "active", "019d0c26-0b00-74a0-8884-24b7b734f296", "test@example.com", "Test User", ["system_admin"], "bootstrap_cose_key", "bootstrap_credential_id", ~U[2026-03-20 23:09:56.763315Z], ~U[2026-03-20 23:09:56.763315Z]]
23:09:56.763 [debug] QUERY ERROR source="identity_user_settings" db=0.0ms
SELECT i0."id", i0."user_id", i0."org_id", i0."locale", i0."timezone", i0."notifications_enabled", i0."created_at", i0."updated_at" FROM "identity_user_settings" AS i0 WHERE (i0."id" = $1) ["019d0c26-0b00-74a0-bd6d-48329cf61a57"]
23:09:56.763 [debug] QUERY OK db=0.1ms
rollback []
23:09:56.765 [error] Nexus.Identity.Projectors.UserRegistrationProjector failed to handle event:
%Commanded.EventStore.RecordedEvent{
  event_id: "282ec866-f518-44ed-95f6-7a535d6c3e25",
  event_number: 11262,
  stream_id: "019d0c26-0b00-74a0-bd6d-48329cf61a57",
  stream_version: 1,
  causation_id: "d64809a4-8402-4360-8536-99b7a0f860ca",
  correlation_id: "e0f4b4bb-483c-4914-aaaa-956d1587d67e",
  event_type: "Elixir.Nexus.Identity.Events.UserRegistered",
  data: %Nexus.Identity.Events.UserRegistered{
    user_id: "019d0c26-0b00-74a0-bd6d-48329cf61a57",
    org_id: "019d0c26-0b00-74a0-8884-24b7b734f296",
    email: "test@example.com",
    role: "system_admin",
    cose_key: "Ym9vdHN0cmFwX2Nvc2Vfa2V5",
    credential_id: "Ym9vdHN0cmFwX2NyZWRlbnRpYWxfaWQ=",
    registered_at: "2026-03-20T16:48:33.024173Z",
    display_name: "Test User",
    status: "active"
  },
  created_at: ~U[2026-03-20 16:48:33.025211Z],
  metadata: %{
    "causation_id" => "019d0c26-0b00-71d0-a1d2-041f55e92cfc",
    "correlation_id" => "019d0c26-0b00-71d0-a1d2-041f55e92cfc"
  }
}, due to:
** (Postgrex.Error) ERROR 42703 (undefined_column) column i0.id does not exist

    query: SELECT i0."id", i0."user_id", i0."org_id", i0."locale", i0."timezone", i0."notifications_enabled", i0."created_at", i0."updated_at" FROM "identity_user_settings" AS i0 WHERE (i0."id" = $1)
    (ecto_sql 3.13.4) lib/ecto/adapters/sql.ex:1113: Ecto.Adapters.SQL.raise_sql_call_error/1
    (ecto_sql 3.13.4) lib/ecto/adapters/sql.ex:1011: Ecto.Adapters.SQL.execute/6
    (ecto 3.13.5) lib/ecto/repo/queryable.ex:241: Ecto.Repo.Queryable.execute/4
    (ecto 3.13.5) lib/ecto/repo/queryable.ex:19: Ecto.Repo.Queryable.all/3
    (ecto 3.13.5) lib/ecto/repo/queryable.ex:163: Ecto.Repo.Queryable.one/3
    (nexus 0.1.0) lib/nexus/identity/projectors/user_registration_projector.ex:53: anonymous fn/3 in Nexus.Identity.Projectors.UserRegistrationProjector.project_registration/3
    (ecto 3.13.5) lib/ecto/multi.ex:905: Ecto.Multi.apply_operation/5
    (elixir 1.19.5) lib/enum.ex:2520: Enum."-reduce/3-lists^foldl/2-0-"/3
    (ecto 3.13.5) lib/ecto/multi.ex:878: anonymous fn/5 in Ecto.Multi.apply_operations/5
    (ecto_sql 3.13.4) lib/ecto/adapters/sql.ex:1473: anonymous fn/3 in Ecto.Adapters.SQL.checkout_or_transaction/4
    (db_connection 2.9.0) lib/db_connection.ex:1747: DBConnection.run_transaction/4
    (ecto 3.13.5) lib/ecto/repo/transaction.ex:30: Ecto.Repo.Transaction.transact/4
    (nexus 0.1.0) deps/commanded_ecto_projections/lib/projections/ecto.ex:97: Nexus.Identity.Projectors.UserRegistrationProjector.update_projection/3
    (commanded 1.4.9) lib/commanded/event/handler.ex:1221: Commanded.Event.Handler.delegate_event_to_handler/2
    (commanded 1.4.9) lib/commanded/event/handler.ex:1062: Commanded.Event.Handler.handle_event/3
    (elixir 1.19.5) lib/enum.ex:2520: Enum."-reduce/3-lists^foldl/2-0-"/3
    (commanded 1.4.9) lib/commanded/event/handler.ex:969: Commanded.Event.Handler.handle_info/2
    (stdlib 7.1) gen_server.erl:2434: :gen_server.try_handle_info/3
    (stdlib 7.1) gen_server.erl:2420: :gen_server.handle_msg/3
    (stdlib 7.1) proc_lib.erl:333: :proc_lib.init_p_do_apply/3

23:09:56.765 [warning] Nexus.Identity.Projectors.UserRegistrationProjector has requested to stop: %Postgrex.Error{message: nil, postgres: %{code: :undefined_column, line: "3721", message: "column i0.id does not exist", position: "8", file: "parse_relation.c", unknown: "ERROR", severity: "ERROR", pg_code: "42703", routine: "errorMissingColumn"}, connection_id: 3158, query: "SELECT i0.\"id\", i0.\"user_id\", i0.\"org_id\", i0.\"locale\", i0.\"timezone\", i0.\"notifications_enabled\", i0.\"created_at\", i0.\"updated_at\" FROM \"identity_user_settings\" AS i0 WHERE (i0.\"id\" = $1)"}
23:09:56.765 [debug] Nexus.Identity.Projectors.UserRegistrationProjector is shutting down due to %Postgrex.Error{message: nil, postgres: %{code: :undefined_column, line: "3721", message: "column i0.id does not exist", position: "8", file: "parse_relation.c", unknown: "ERROR", severity: "ERROR", pg_code: "42703", routine: "errorMissingColumn"}, connection_id: 3158, query: "SELECT i0.\"id\", i0.\"user_id\", i0.\"org_id\", i0.\"locale\", i0.\"timezone\", i0.\"notifications_enabled\", i0.\"created_at\", i0.\"updated_at\" FROM \"identity_user_settings\" AS i0 WHERE (i0.\"id\" = $1)"}
23:09:56.765 [error] GenServer {Nexus.App.LocalRegistry, {Nexus.App, Commanded.Event.Handler, "Identity.Projectors.UserRegistrationProjector"}} terminating
** (stop) %Postgrex.Error{message: nil, postgres: %{code: :undefined_column, line: "3721", message: "column i0.id does not exist", position: "8", file: "parse_relation.c", unknown: "ERROR", severity: "ERROR", pg_code: "42703", routine: "errorMissingColumn"}, connection_id: 3158, query: "SELECT i0.\"id\", i0.\"user_id\", i0.\"org_id\", i0.\"locale\", i0.\"timezone\", i0.\"notifications_enabled\", i0.\"created_at\", i0.\"updated_at\" FROM \"identity_user_settings\" AS i0 WHERE (i0.\"id\" = $1)"}
Last message: {:events, [%Commanded.EventStore.RecordedEvent{event_id: "282ec866-f518-44ed-95f6-7a535d6c3e25", event_number: 11262, stream_id: "019d0c26-0b00-74a0-bd6d-48329cf61a57", stream_version: 1, causation_id: "d64809a4-8402-4360-8536-99b7a0f860ca", correlation_id: "e0f4b4bb-483c-4914-aaaa-956d1587d67e", event_type: "Elixir.Nexus.Identity.Events.UserRegistered", data: %Nexus.Identity.Events.UserRegistered{user_id: "019d0c26-0b00-74a0-bd6d-48329cf61a57", org_id: "019d0c26-0b00-74a0-8884-24b7b734f296", email: "test@example.com", role: "system_admin", cose_key: "Ym9vdHN0cmFwX2Nvc2Vfa2V5", credential_id: "Ym9vdHN0cmFwX2NyZWRlbnRpYWxfaWQ=", registered_at: "2026-03-20T16:48:33.024173Z", display_name: "Test User", status: "active"}, created_at: ~U[2026-03-20 16:48:33.025211Z], metadata: %{"causation_id" => "019d0c26-0b00-71d0-a1d2-041f55e92cfc", "correlation_id" => "019d0c26-0b00-71d0-a1d2-041f55e92cfc"}}]}
State: %Commanded.Event.Handler{application: Nexus.App, consistency: :strong, handler_callback: :event, handler_name: "Identity.Projectors.UserRegistrationProjector", handler_module: Nexus.Identity.Projectors.UserRegistrationProjector, handler_state: nil, last_seen_event: nil, subscription: %Commanded.EventStore.Subscription{application: Nexus.App, backoff: {:backoff, 1000, 60000, 1000, :jitter, :undefined, :undefined}, concurrency: 1, partition_by: nil, subscribe_to: :all, subscribe_from: :origin, subscription_name: "Identity.Projectors.UserRegistrationProjector", subscription_opts: [], subscription_pid: #PID<0.1755.0>, subscription_ref: #Reference<0.504251661.3394502658.56201>}, subscribe_timer: nil}
23:09:56.765 [debug] Subscription "Identity.Projectors.UserRegistrationProjector"@"$all" subscriber #PID<0.1754.0> down due to: %Postgrex.Error{message: nil, postgres: %{code: :undefined_column, line: "3721", message: "column i0.id does not exist", position: "8", file: "parse_relation.c", unknown: "ERROR", severity: "ERROR", pg_code: "42703", routine: "errorMissingColumn"}, connection_id: 3158, query: "SELECT i0.\"id\", i0.\"user_id\", i0.\"org_id\", i0.\"locale\", i0.\"timezone\", i0.\"notifications_enabled\", i0.\"created_at\", i0.\"updated_at\" FROM \"identity_user_settings\" AS i0 WHERE (i0.\"id\" = $1)"}
23:09:56.765 [debug] Subscription "Identity.Projectors.UserRegistrationProjector"@"$all" has no subscribers, shutting down
23:09:56.765 [error] GenServer {Nexus.EventStore.EventStore.Subscriptions.Registry, {"$all", "Identity.Projectors.UserRegistrationProjector"}} terminating
** (stop) %Postgrex.Error{message: nil, postgres: %{code: :undefined_column, line: "3721", message: "column i0.id does not exist", position: "8", file: "parse_relation.c", unknown: "ERROR", severity: "ERROR", pg_code: "42703", routine: "errorMissingColumn"}, connection_id: 3158, query: "SELECT i0.\"id\", i0.\"user_id\", i0.\"org_id\", i0.\"locale\", i0.\"timezone\", i0.\"notifications_enabled\", i0.\"created_at\", i0.\"updated_at\" FROM \"identity_user_settings\" AS i0 WHERE (i0.\"id\" = $1)"}
Last message: {:DOWN, #Reference<0.504251661.3394502659.50439>, :process, #PID<0.1754.0>, %Postgrex.Error{message: nil, postgres: %{code: :undefined_column, line: "3721", message: "column i0.id does not exist", position: "8", file: "parse_relation.c", unknown: "ERROR", severity: "ERROR", pg_code: "42703", routine: "errorMissingColumn"}, connection_id: 3158, query: "SELECT i0.\"id\", i0.\"user_id\", i0.\"org_id\", i0.\"locale\", i0.\"timezone\", i0.\"notifications_enabled\", i0.\"created_at\", i0.\"updated_at\" FROM \"identity_user_settings\" AS i0 WHERE (i0.\"id\" = $1)"}}
State: %EventStore.Subscriptions.Subscription{stream_uuid: "$all", subscription_name: "Identity.Projectors.UserRegistrationProjector", subscription: %EventStore.Subscriptions.SubscriptionFsm{state: :unsubscribed, data: %EventStore.Subscriptions.SubscriptionState{conn: Nexus.EventStore.Postgrex, event_store: Nexus.EventStore, serializer: Commanded.Serialization.JsonSerializer, schema: "event_store", stream_uuid: "$all", start_from: 0, subscription_name: "Identity.Projectors.UserRegistrationProjector", subscription_id: 405, selector: nil, mapper: &Commanded.EventStore.Adapters.EventStore.Mapper.from_recorded_event/1, max_size: 1000, partition_by: nil, query_timeout: 15000, lock_ref: #Reference<0.504251661.3394502658.56198>, last_received: 12195, last_sent: 11262, last_ack: 11261, queue_size: 934, buffer_size: 1, checkpoint_after: 0, checkpoint_threshold: 1, checkpoint_timer_ref: nil, checkpoints_pending: 0, subscribers: %{}, partitions: %{nil: {[%EventStore.RecordedEvent{event_number: 12195, event_id: "63cf0cf3-679d-4adb-a5fc-1b7c8cdfe448", stream_uuid: "a6d32835-04fe-47c3-93c7-50750f4c0025", stream_version: 1, correlation_id: "4b130646-5380-41f3-b6df-9abfd1ed0d92", causation_id: "0f27ee9d-27db-4e8b-8f2d-6a8556a5e9d4", event_type: "Elixir.Nexus.Identity.Events.UserRegistered", data: %Nexus.Identity.Events.UserRegistered{user_id: "a6d32835-04fe-47c3-93c7-50750f4c0025", org_id: "aefc3981-97e0-4a44-a442-807e9d7b3892", email: "test@example.com", role: "admin", cose_key: "dummy", credential_id: "dummy", registered_at: "2026-03-20T23:09:56.579831Z", display_name: "Test User", status: "active"}, metadata: %{"causation_id" => "019d0d83-37e3-7671-991d-f18a42a53090", "correlation_id" => "019d0d83-37e3-7671-991d-f18a42a53090"}, created_at: ~U[2026-03-20 23:09:56.581065Z]}, %EventStore.RecordedEvent{event_number: 12194, event_id: "3f8f3cbc-ea72-45a7-ab6d-12a43da50245", stream_uuid: "e55da693-c009-4afd-a56e-9b4ab3975acc", stream_version: 2, correlation_id: "e5500f71-9103-4737-8991-5eb165815e23", causation_id: "633094f8-6986-459b-9416-072dd0187fd9", event_type: "Elixir.Nexus.Identity.Events.SessionStarted", data: %Nexus.Identity.Events.SessionStarted{org_id: "84a4120a-ffd5-4f1d-8c8d-39a304840d78", user_id: "e55da693-c009-4afd-a56e-9b4ab3975acc", session_id: "418d0e43-cc2d-4727-80e0-b2438bf62242", session_token: "token123", user_agent: "Mozilla/5.0", ip_address: "127.0.0.1", started_at: "2026-03-20T23:09:56.072666Z"}, metadata: %{"causation_id" => "019d0d83-35e8-753f-984d-38ea338eda81", "correlation_id" => "019d0d83-35e8-753f-984d-38ea338eda81"}, created_at: ~U[2026-03-20 23:09:56.073170Z]}, %EventStore.RecordedEvent{event_number: 12193, event_id: "e88a74fa-5b0c-4b91-8cb5-06995a22261e", stream_uuid: "e55da693-c009-4afd-a56e-9b4ab3975acc", stream_version: 1, correlation_id: "9e656c1d-d0e4-4f46-bf33-1d95e39eba77", causation_id: "26eb51ca-d88e-4ba3-ac69-47b72ac05e07", event_type: "Elixir.Nexus.Identity.Events.UserRegistered", data: %Nexus.Identity.Events.UserRegistered{user_id: "e55da693-c009-4afd-a56e-9b4ab3975acc", org_id: "84a4120a-ffd5-4f1d-8c8d-39a304840d78", email: "test@example.com", role: "admin", cose_key: "dummy", credential_id: "dummy", registered_at: "2026-03-20T23:09:55.865334Z", display_name: "Test User", status: "active"}, metadata: %{"causation_id" => "019d0d83-3519-7150-9f84-629ff4c7083d", "correlation_id" => "019d0d83-3519-7150-9f84-629ff4c7083d"}, created_at: ~U[2026-03-20 23:09:55.869271Z]}, %EventStore.RecordedEvent{event_number: 12192, event_id: "9369472d-8342-4f67-bb09-dce99e1564a7", stream_uuid: "1cdc5b98-437f-46cd-b961-7f94b0c70951", ...}, ...], ...}}, ...}}, ...}
23:09:56.765 [debug] Nexus.Identity.Projectors.UserRegistrationProjector is shutting down due to {%Postgrex.Error{message: nil, postgres: %{code: :undefined_column, line: "3721", message: "column i0.id does not exist", position: "8", file: "parse_relation.c", unknown: "ERROR", severity: "ERROR", pg_code: "42703", routine: "errorMissingColumn"}, connection_id: 3158, query: "SELECT i0.\"id\", i0.\"user_id\", i0.\"org_id\", i0.\"locale\", i0.\"timezone\", i0.\"notifications_enabled\", i0.\"created_at\", i0.\"updated_at\" FROM \"identity_user_settings\" AS i0 WHERE (i0.\"id\" = $1)"}, {GenServer, :call, [#PID<0.1755.0>, {:connect, #PID<0.1756.0>, [retry_interval: 60000, hibernate_after: 15000, partition_by: nil, concurrency_limit: 1, name: Nexus.EventStore, mapper: &Commanded.EventStore.Adapters.EventStore.Mapper.from_recorded_event/1, conn: Nexus.EventStore.Postgrex, event_store: Nexus.EventStore, query_timeout: 15000, schema: "event_store", serializer: Commanded.Serialization.JsonSerializer, stream_uuid: "$all", subscription_name: "Identity.Projectors.UserRegistrationProjector", start_from: 0]}, 5000]}}
23:09:56.765 [error] GenServer {Nexus.App.LocalRegistry, {Nexus.App, Commanded.Event.Handler, "Identity.Projectors.UserRegistrationProjector"}} terminating
** (stop) exited in: GenServer.call(#PID<0.1755.0>, {:connect, #PID<0.1756.0>, [retry_interval: 60000, hibernate_after: 15000, partition_by: nil, concurrency_limit: 1, name: Nexus.EventStore, mapper: &Commanded.EventStore.Adapters.EventStore.Mapper.from_recorded_event/1, conn: Nexus.EventStore.Postgrex, event_store: Nexus.EventStore, query_timeout: 15000, schema: "event_store", serializer: Commanded.Serialization.JsonSerializer, stream_uuid: "$all", subscription_name: "Identity.Projectors.UserRegistrationProjector", start_from: 0]}, 5000)
    ** (EXIT) %Postgrex.Error{message: nil, postgres: %{code: :undefined_column, line: "3721", message: "column i0.id does not exist", position: "8", file: "parse_relation.c", unknown: "ERROR", severity: "ERROR", pg_code: "42703", routine: "errorMissingColumn"}, connection_id: 3158, query: "SELECT i0.\"id\", i0.\"user_id\", i0.\"org_id\", i0.\"locale\", i0.\"timezone\", i0.\"notifications_enabled\", i0.\"created_at\", i0.\"updated_at\" FROM \"identity_user_settings\" AS i0 WHERE (i0.\"id\" = $1)"}
    (elixir 1.19.5) lib/gen_server.ex:1142: GenServer.call/3
    (commanded 1.4.9) lib/commanded/event_store.ex:289: anonymous fn/2 in Commanded.EventStore.span/3
    (telemetry 1.3.0) /Users/bernard/dev/nexus/deps/telemetry/src/telemetry.erl:324: :telemetry.span/3
    (commanded 1.4.9) lib/commanded/event_store/subscription.ex:58: Commanded.EventStore.Subscription.subscribe/2
    (commanded 1.4.9) lib/commanded/event/handler.ex:1024: Commanded.Event.Handler.subscribe_to_events/1
    (commanded 1.4.9) lib/commanded/event/handler.ex:887: Commanded.Event.Handler.handle_continue/2
    (stdlib 7.1) gen_server.erl:2424: :gen_server.try_handle_continue/3
    (stdlib 7.1) gen_server.erl:2291: :gen_server.loop/4
    (stdlib 7.1) proc_lib.erl:333: :proc_lib.init_p_do_apply/3
Last message: {:continue, :subscribe_to_events}
State: %Commanded.Event.Handler{application: Nexus.App, consistency: :strong, handler_callback: :event, handler_name: "Identity.Projectors.UserRegistrationProjector", handler_module: Nexus.Identity.Projectors.UserRegistrationProjector, handler_state: nil, last_seen_event: nil, subscription: %Commanded.EventStore.Subscription{application: Nexus.App, backoff: {:backoff, 1000, 60000, 1000, :jitter, :undefined, :undefined}, concurrency: 1, partition_by: nil, subscribe_to: :all, subscribe_from: :origin, subscription_name: "Identity.Projectors.UserRegistrationProjector", subscription_opts: [], subscription_pid: nil, subscription_ref: nil}, subscribe_timer: nil}
23:09:56.766 [debug] Subscription "Identity.Projectors.UserRegistrationProjector"@"$all" attempting to connect subscriber #PID<0.1757.0>
23:09:56.767 [debug] Subscription "Identity.Projectors.UserRegistrationProjector"@"$all" catching-up
23:09:56.767 [debug] Nexus.Identity.Projectors.UserRegistrationProjector has successfully subscribed to event store
23:09:56.780 [debug] Nexus.Identity.Projectors.UserRegistrationProjector received events: [%Commanded.EventStore.RecordedEvent{event_id: "282ec866-f518-44ed-95f6-7a535d6c3e25", event_number: 11262, stream_id: "019d0c26-0b00-74a0-bd6d-48329cf61a57", stream_version: 1, causation_id: "d64809a4-8402-4360-8536-99b7a0f860ca", correlation_id: "e0f4b4bb-483c-4914-aaaa-956d1587d67e", event_type: "Elixir.Nexus.Identity.Events.UserRegistered", data: %Nexus.Identity.Events.UserRegistered{user_id: "019d0c26-0b00-74a0-bd6d-48329cf61a57", org_id: "019d0c26-0b00-74a0-8884-24b7b734f296", email: "test@example.com", role: "system_admin", cose_key: "Ym9vdHN0cmFwX2Nvc2Vfa2V5", credential_id: "Ym9vdHN0cmFwX2NyZWRlbnRpYWxfaWQ=", registered_at: "2026-03-20T16:48:33.024173Z", display_name: "Test User", status: "active"}, created_at: ~U[2026-03-20 16:48:33.025211Z], metadata: %{"causation_id" => "019d0c26-0b00-71d0-a1d2-041f55e92cfc", "correlation_id" => "019d0c26-0b00-71d0-a1d2-041f55e92cfc"}}]
23:09:56.781 [debug] QUERY OK db=0.2ms
begin []
23:09:56.781 [debug] QUERY OK source="projection_versions" db=0.2ms
INSERT INTO "projection_versions" AS p0 ("projection_name","last_seen_event_number","inserted_at","updated_at") VALUES ($1,$2,$3,$4) ON CONFLICT ("projection_name") DO UPDATE SET "last_seen_event_number" = $5 WHERE ((p0."projection_name" = $6) AND (p0."last_seen_event_number" < $7)) ["Identity.Projectors.UserRegistrationProjector", 11262, ~N[2026-03-20 23:09:56.781350], ~N[2026-03-20 23:09:56.781350], 11262, "Identity.Projectors.UserRegistrationProjector", 11262]
23:09:56.781 [debug] QUERY OK source="users" db=0.1ms
SELECT u0."id", u0."org_id", u0."email", u0."display_name", u0."status", u0."cose_key", u0."credential_id", u0."roles", u0."created_at", u0."updated_at" FROM "users" AS u0 WHERE (u0."id" = $1) ["019d0c26-0b00-74a0-bd6d-48329cf61a57"]
23:09:56.781 [debug] QUERY OK source="users" db=0.0ms
SELECT u0."id", u0."org_id", u0."email", u0."display_name", u0."status", u0."cose_key", u0."credential_id", u0."roles", u0."created_at", u0."updated_at" FROM "users" AS u0 WHERE (u0."email" = $1) ["test@example.com"]
23:09:56.782 [debug] QUERY OK source="users" db=0.1ms
INSERT INTO "users" ("id","status","org_id","email","display_name","roles","cose_key","credential_id","created_at","updated_at") VALUES ($1,$2,$3,$4,$5,$6,$7,$8,$9,$10) ["019d0c26-0b00-74a0-bd6d-48329cf61a57", "active", "019d0c26-0b00-74a0-8884-24b7b734f296", "test@example.com", "Test User", ["system_admin"], "bootstrap_cose_key", "bootstrap_credential_id", ~U[2026-03-20 23:09:56.781985Z], ~U[2026-03-20 23:09:56.781985Z]]
23:09:56.782 [debug] QUERY ERROR source="identity_user_settings" db=0.0ms
SELECT i0."id", i0."user_id", i0."org_id", i0."locale", i0."timezone", i0."notifications_enabled", i0."created_at", i0."updated_at" FROM "identity_user_settings" AS i0 WHERE (i0."id" = $1) ["019d0c26-0b00-74a0-bd6d-48329cf61a57"]
23:09:56.782 [debug] QUERY OK db=0.1ms
rollback []
23:09:56.783 [error] Nexus.Identity.Projectors.UserRegistrationProjector failed to handle event:
%Commanded.EventStore.RecordedEvent{
  event_id: "282ec866-f518-44ed-95f6-7a535d6c3e25",
  event_number: 11262,
  stream_id: "019d0c26-0b00-74a0-bd6d-48329cf61a57",
  stream_version: 1,
  causation_id: "d64809a4-8402-4360-8536-99b7a0f860ca",
  correlation_id: "e0f4b4bb-483c-4914-aaaa-956d1587d67e",
  event_type: "Elixir.Nexus.Identity.Events.UserRegistered",
  data: %Nexus.Identity.Events.UserRegistered{
    user_id: "019d0c26-0b00-74a0-bd6d-48329cf61a57",
    org_id: "019d0c26-0b00-74a0-8884-24b7b734f296",
    email: "test@example.com",
    role: "system_admin",
    cose_key: "Ym9vdHN0cmFwX2Nvc2Vfa2V5",
    credential_id: "Ym9vdHN0cmFwX2NyZWRlbnRpYWxfaWQ=",
    registered_at: "2026-03-20T16:48:33.024173Z",
    display_name: "Test User",
    status: "active"
  },
  created_at: ~U[2026-03-20 16:48:33.025211Z],
  metadata: %{
    "causation_id" => "019d0c26-0b00-71d0-a1d2-041f55e92cfc",
    "correlation_id" => "019d0c26-0b00-71d0-a1d2-041f55e92cfc"
  }
}, due to:
** (Postgrex.Error) ERROR 42703 (undefined_column) column i0.id does not exist

    query: SELECT i0."id", i0."user_id", i0."org_id", i0."locale", i0."timezone", i0."notifications_enabled", i0."created_at", i0."updated_at" FROM "identity_user_settings" AS i0 WHERE (i0."id" = $1)
    (ecto_sql 3.13.4) lib/ecto/adapters/sql.ex:1113: Ecto.Adapters.SQL.raise_sql_call_error/1
    (ecto_sql 3.13.4) lib/ecto/adapters/sql.ex:1011: Ecto.Adapters.SQL.execute/6
    (ecto 3.13.5) lib/ecto/repo/queryable.ex:241: Ecto.Repo.Queryable.execute/4
    (ecto 3.13.5) lib/ecto/repo/queryable.ex:19: Ecto.Repo.Queryable.all/3
    (ecto 3.13.5) lib/ecto/repo/queryable.ex:163: Ecto.Repo.Queryable.one/3
    (nexus 0.1.0) lib/nexus/identity/projectors/user_registration_projector.ex:53: anonymous fn/3 in Nexus.Identity.Projectors.UserRegistrationProjector.project_registration/3
    (ecto 3.13.5) lib/ecto/multi.ex:905: Ecto.Multi.apply_operation/5
    (elixir 1.19.5) lib/enum.ex:2520: Enum."-reduce/3-lists^foldl/2-0-"/3
    (ecto 3.13.5) lib/ecto/multi.ex:878: anonymous fn/5 in Ecto.Multi.apply_operations/5
    (ecto_sql 3.13.4) lib/ecto/adapters/sql.ex:1473: anonymous fn/3 in Ecto.Adapters.SQL.checkout_or_transaction/4
    (db_connection 2.9.0) lib/db_connection.ex:1747: DBConnection.run_transaction/4
    (ecto 3.13.5) lib/ecto/repo/transaction.ex:30: Ecto.Repo.Transaction.transact/4
    (nexus 0.1.0) deps/commanded_ecto_projections/lib/projections/ecto.ex:97: Nexus.Identity.Projectors.UserRegistrationProjector.update_projection/3
    (commanded 1.4.9) lib/commanded/event/handler.ex:1221: Commanded.Event.Handler.delegate_event_to_handler/2
    (commanded 1.4.9) lib/commanded/event/handler.ex:1062: Commanded.Event.Handler.handle_event/3
    (elixir 1.19.5) lib/enum.ex:2520: Enum."-reduce/3-lists^foldl/2-0-"/3
    (commanded 1.4.9) lib/commanded/event/handler.ex:969: Commanded.Event.Handler.handle_info/2
    (stdlib 7.1) gen_server.erl:2434: :gen_server.try_handle_info/3
    (stdlib 7.1) gen_server.erl:2420: :gen_server.handle_msg/3
    (stdlib 7.1) proc_lib.erl:333: :proc_lib.init_p_do_apply/3

23:09:56.783 [warning] Nexus.Identity.Projectors.UserRegistrationProjector has requested to stop: %Postgrex.Error{message: nil, postgres: %{code: :undefined_column, line: "3721", message: "column i0.id does not exist", position: "8", file: "parse_relation.c", unknown: "ERROR", severity: "ERROR", pg_code: "42703", routine: "errorMissingColumn"}, connection_id: 3158, query: "SELECT i0.\"id\", i0.\"user_id\", i0.\"org_id\", i0.\"locale\", i0.\"timezone\", i0.\"notifications_enabled\", i0.\"created_at\", i0.\"updated_at\" FROM \"identity_user_settings\" AS i0 WHERE (i0.\"id\" = $1)"}
23:09:56.783 [debug] Nexus.Identity.Projectors.UserRegistrationProjector is shutting down due to %Postgrex.Error{message: nil, postgres: %{code: :undefined_column, line: "3721", message: "column i0.id does not exist", position: "8", file: "parse_relation.c", unknown: "ERROR", severity: "ERROR", pg_code: "42703", routine: "errorMissingColumn"}, connection_id: 3158, query: "SELECT i0.\"id\", i0.\"user_id\", i0.\"org_id\", i0.\"locale\", i0.\"timezone\", i0.\"notifications_enabled\", i0.\"created_at\", i0.\"updated_at\" FROM \"identity_user_settings\" AS i0 WHERE (i0.\"id\" = $1)"}
23:09:56.783 [error] GenServer {Nexus.App.LocalRegistry, {Nexus.App, Commanded.Event.Handler, "Identity.Projectors.UserRegistrationProjector"}} terminating
** (stop) %Postgrex.Error{message: nil, postgres: %{code: :undefined_column, line: "3721", message: "column i0.id does not exist", position: "8", file: "parse_relation.c", unknown: "ERROR", severity: "ERROR", pg_code: "42703", routine: "errorMissingColumn"}, connection_id: 3158, query: "SELECT i0.\"id\", i0.\"user_id\", i0.\"org_id\", i0.\"locale\", i0.\"timezone\", i0.\"notifications_enabled\", i0.\"created_at\", i0.\"updated_at\" FROM \"identity_user_settings\" AS i0 WHERE (i0.\"id\" = $1)"}
Last message: {:events, [%Commanded.EventStore.RecordedEvent{event_id: "282ec866-f518-44ed-95f6-7a535d6c3e25", event_number: 11262, stream_id: "019d0c26-0b00-74a0-bd6d-48329cf61a57", stream_version: 1, causation_id: "d64809a4-8402-4360-8536-99b7a0f860ca", correlation_id: "e0f4b4bb-483c-4914-aaaa-956d1587d67e", event_type: "Elixir.Nexus.Identity.Events.UserRegistered", data: %Nexus.Identity.Events.UserRegistered{user_id: "019d0c26-0b00-74a0-bd6d-48329cf61a57", org_id: "019d0c26-0b00-74a0-8884-24b7b734f296", email: "test@example.com", role: "system_admin", cose_key: "Ym9vdHN0cmFwX2Nvc2Vfa2V5", credential_id: "Ym9vdHN0cmFwX2NyZWRlbnRpYWxfaWQ=", registered_at: "2026-03-20T16:48:33.024173Z", display_name: "Test User", status: "active"}, created_at: ~U[2026-03-20 16:48:33.025211Z], metadata: %{"causation_id" => "019d0c26-0b00-71d0-a1d2-041f55e92cfc", "correlation_id" => "019d0c26-0b00-71d0-a1d2-041f55e92cfc"}}]}
State: %Commanded.Event.Handler{application: Nexus.App, consistency: :strong, handler_callback: :event, handler_name: "Identity.Projectors.UserRegistrationProjector", handler_module: Nexus.Identity.Projectors.UserRegistrationProjector, handler_state: nil, last_seen_event: nil, subscription: %Commanded.EventStore.Subscription{application: Nexus.App, backoff: {:backoff, 1000, 60000, 1000, :jitter, :undefined, :undefined}, concurrency: 1, partition_by: nil, subscribe_to: :all, subscribe_from: :origin, subscription_name: "Identity.Projectors.UserRegistrationProjector", subscription_opts: [], subscription_pid: #PID<0.1758.0>, subscription_ref: #Reference<0.504251661.3394502659.50494>}, subscribe_timer: nil}
23:09:56.784 [debug] Subscription "Identity.Projectors.UserRegistrationProjector"@"$all" subscriber #PID<0.1757.0> down due to: %Postgrex.Error{message: nil, postgres: %{code: :undefined_column, line: "3721", message: "column i0.id does not exist", position: "8", file: "parse_relation.c", unknown: "ERROR", severity: "ERROR", pg_code: "42703", routine: "errorMissingColumn"}, connection_id: 3158, query: "SELECT i0.\"id\", i0.\"user_id\", i0.\"org_id\", i0.\"locale\", i0.\"timezone\", i0.\"notifications_enabled\", i0.\"created_at\", i0.\"updated_at\" FROM \"identity_user_settings\" AS i0 WHERE (i0.\"id\" = $1)"}
23:09:56.784 [debug] Subscription "Identity.Projectors.UserRegistrationProjector"@"$all" has no subscribers, shutting down
23:09:56.784 [error] GenServer {Nexus.EventStore.EventStore.Subscriptions.Registry, {"$all", "Identity.Projectors.UserRegistrationProjector"}} terminating
** (stop) %Postgrex.Error{message: nil, postgres: %{code: :undefined_column, line: "3721", message: "column i0.id does not exist", position: "8", file: "parse_relation.c", unknown: "ERROR", severity: "ERROR", pg_code: "42703", routine: "errorMissingColumn"}, connection_id: 3158, query: "SELECT i0.\"id\", i0.\"user_id\", i0.\"org_id\", i0.\"locale\", i0.\"timezone\", i0.\"notifications_enabled\", i0.\"created_at\", i0.\"updated_at\" FROM \"identity_user_settings\" AS i0 WHERE (i0.\"id\" = $1)"}
Last message: {:DOWN, #Reference<0.504251661.3394502659.50479>, :process, #PID<0.1757.0>, %Postgrex.Error{message: nil, postgres: %{code: :undefined_column, line: "3721", message: "column i0.id does not exist", position: "8", file: "parse_relation.c", unknown: "ERROR", severity: "ERROR", pg_code: "42703", routine: "errorMissingColumn"}, connection_id: 3158, query: "SELECT i0.\"id\", i0.\"user_id\", i0.\"org_id\", i0.\"locale\", i0.\"timezone\", i0.\"notifications_enabled\", i0.\"created_at\", i0.\"updated_at\" FROM \"identity_user_settings\" AS i0 WHERE (i0.\"id\" = $1)"}}
State: %EventStore.Subscriptions.Subscription{stream_uuid: "$all", subscription_name: "Identity.Projectors.UserRegistrationProjector", subscription: %EventStore.Subscriptions.SubscriptionFsm{state: :unsubscribed, data: %EventStore.Subscriptions.SubscriptionState{conn: Nexus.EventStore.Postgrex, event_store: Nexus.EventStore, serializer: Commanded.Serialization.JsonSerializer, schema: "event_store", stream_uuid: "$all", start_from: 0, subscription_name: "Identity.Projectors.UserRegistrationProjector", subscription_id: 405, selector: nil, mapper: &Commanded.EventStore.Adapters.EventStore.Mapper.from_recorded_event/1, max_size: 1000, partition_by: nil, query_timeout: 15000, lock_ref: #Reference<0.504251661.3394502658.56236>, last_received: 12195, last_sent: 11262, last_ack: 11261, queue_size: 934, buffer_size: 1, checkpoint_after: 0, checkpoint_threshold: 1, checkpoint_timer_ref: nil, checkpoints_pending: 0, subscribers: %{}, partitions: %{nil: {[%EventStore.RecordedEvent{event_number: 12195, event_id: "63cf0cf3-679d-4adb-a5fc-1b7c8cdfe448", stream_uuid: "a6d32835-04fe-47c3-93c7-50750f4c0025", stream_version: 1, correlation_id: "4b130646-5380-41f3-b6df-9abfd1ed0d92", causation_id: "0f27ee9d-27db-4e8b-8f2d-6a8556a5e9d4", event_type: "Elixir.Nexus.Identity.Events.UserRegistered", data: %Nexus.Identity.Events.UserRegistered{user_id: "a6d32835-04fe-47c3-93c7-50750f4c0025", org_id: "aefc3981-97e0-4a44-a442-807e9d7b3892", email: "test@example.com", role: "admin", cose_key: "dummy", credential_id: "dummy", registered_at: "2026-03-20T23:09:56.579831Z", display_name: "Test User", status: "active"}, metadata: %{"causation_id" => "019d0d83-37e3-7671-991d-f18a42a53090", "correlation_id" => "019d0d83-37e3-7671-991d-f18a42a53090"}, created_at: ~U[2026-03-20 23:09:56.581065Z]}, %EventStore.RecordedEvent{event_number: 12194, event_id: "3f8f3cbc-ea72-45a7-ab6d-12a43da50245", stream_uuid: "e55da693-c009-4afd-a56e-9b4ab3975acc", stream_version: 2, correlation_id: "e5500f71-9103-4737-8991-5eb165815e23", causation_id: "633094f8-6986-459b-9416-072dd0187fd9", event_type: "Elixir.Nexus.Identity.Events.SessionStarted", data: %Nexus.Identity.Events.SessionStarted{org_id: "84a4120a-ffd5-4f1d-8c8d-39a304840d78", user_id: "e55da693-c009-4afd-a56e-9b4ab3975acc", session_id: "418d0e43-cc2d-4727-80e0-b2438bf62242", session_token: "token123", user_agent: "Mozilla/5.0", ip_address: "127.0.0.1", started_at: "2026-03-20T23:09:56.072666Z"}, metadata: %{"causation_id" => "019d0d83-35e8-753f-984d-38ea338eda81", "correlation_id" => "019d0d83-35e8-753f-984d-38ea338eda81"}, created_at: ~U[2026-03-20 23:09:56.073170Z]}, %EventStore.RecordedEvent{event_number: 12193, event_id: "e88a74fa-5b0c-4b91-8cb5-06995a22261e", stream_uuid: "e55da693-c009-4afd-a56e-9b4ab3975acc", stream_version: 1, correlation_id: "9e656c1d-d0e4-4f46-bf33-1d95e39eba77", causation_id: "26eb51ca-d88e-4ba3-ac69-47b72ac05e07", event_type: "Elixir.Nexus.Identity.Events.UserRegistered", data: %Nexus.Identity.Events.UserRegistered{user_id: "e55da693-c009-4afd-a56e-9b4ab3975acc", org_id: "84a4120a-ffd5-4f1d-8c8d-39a304840d78", email: "test@example.com", role: "admin", cose_key: "dummy", credential_id: "dummy", registered_at: "2026-03-20T23:09:55.865334Z", display_name: "Test User", status: "active"}, metadata: %{"causation_id" => "019d0d83-3519-7150-9f84-629ff4c7083d", "correlation_id" => "019d0d83-3519-7150-9f84-629ff4c7083d"}, created_at: ~U[2026-03-20 23:09:55.869271Z]}, %EventStore.RecordedEvent{event_number: 12192, event_id: "9369472d-8342-4f67-bb09-dce99e1564a7", stream_uuid: "1cdc5b98-437f-46cd-b961-7f94b0c70951", ...}, ...], ...}}, ...}}, ...}
23:09:56.784 [debug] Nexus.Identity.Projectors.UserRegistrationProjector is shutting down due to {%Postgrex.Error{message: nil, postgres: %{code: :undefined_column, line: "3721", message: "column i0.id does not exist", position: "8", file: "parse_relation.c", unknown: "ERROR", severity: "ERROR", pg_code: "42703", routine: "errorMissingColumn"}, connection_id: 3158, query: "SELECT i0.\"id\", i0.\"user_id\", i0.\"org_id\", i0.\"locale\", i0.\"timezone\", i0.\"notifications_enabled\", i0.\"created_at\", i0.\"updated_at\" FROM \"identity_user_settings\" AS i0 WHERE (i0.\"id\" = $1)"}, {GenServer, :call, [#PID<0.1758.0>, {:connect, #PID<0.1759.0>, [retry_interval: 60000, hibernate_after: 15000, partition_by: nil, concurrency_limit: 1, name: Nexus.EventStore, mapper: &Commanded.EventStore.Adapters.EventStore.Mapper.from_recorded_event/1, conn: Nexus.EventStore.Postgrex, event_store: Nexus.EventStore, query_timeout: 15000, schema: "event_store", serializer: Commanded.Serialization.JsonSerializer, stream_uuid: "$all", subscription_name: "Identity.Projectors.UserRegistrationProjector", start_from: 0]}, 5000]}}
23:09:56.785 [debug] QUERY OK source="identity_user_sessions" db=0.7ms queue=0.3ms
INSERT INTO "identity_user_sessions" ("id","user_id","org_id","session_token","is_expired","last_active_at","created_at","updated_at") VALUES ($1,$2,$3,$4,$5,$6,$7,$8) ["87180336-fdab-415d-a0c7-23fd23f136a9", "a6d32835-04fe-47c3-93c7-50750f4c0025", "aefc3981-97e0-4a44-a442-807e9d7b3892", "token123", false, ~U[2026-03-20 23:09:56.784408Z], ~U[2026-03-20 23:09:56.784415Z], ~U[2026-03-20 23:09:56.784415Z]]
23:09:56.785 [debug] Locating aggregate process for `Nexus.Identity.Aggregates.User` with UUID "a6d32835-04fe-47c3-93c7-50750f4c0025"
23:09:56.784 [error] GenServer {Nexus.App.LocalRegistry, {Nexus.App, Commanded.Event.Handler, "Identity.Projectors.UserRegistrationProjector"}} terminating
** (stop) exited in: GenServer.call(#PID<0.1758.0>, {:connect, #PID<0.1759.0>, [retry_interval: 60000, hibernate_after: 15000, partition_by: nil, concurrency_limit: 1, name: Nexus.EventStore, mapper: &Commanded.EventStore.Adapters.EventStore.Mapper.from_recorded_event/1, conn: Nexus.EventStore.Postgrex, event_store: Nexus.EventStore, query_timeout: 15000, schema: "event_store", serializer: Commanded.Serialization.JsonSerializer, stream_uuid: "$all", subscription_name: "Identity.Projectors.UserRegistrationProjector", start_from: 0]}, 5000)
    ** (EXIT) %Postgrex.Error{message: nil, postgres: %{code: :undefined_column, line: "3721", message: "column i0.id does not exist", position: "8", file: "parse_relation.c", unknown: "ERROR", severity: "ERROR", pg_code: "42703", routine: "errorMissingColumn"}, connection_id: 3158, query: "SELECT i0.\"id\", i0.\"user_id\", i0.\"org_id\", i0.\"locale\", i0.\"timezone\", i0.\"notifications_enabled\", i0.\"created_at\", i0.\"updated_at\" FROM \"identity_user_settings\" AS i0 WHERE (i0.\"id\" = $1)"}
    (elixir 1.19.5) lib/gen_server.ex:1142: GenServer.call/3
    (commanded 1.4.9) lib/commanded/event_store.ex:289: anonymous fn/2 in Commanded.EventStore.span/3
    (telemetry 1.3.0) /Users/bernard/dev/nexus/deps/telemetry/src/telemetry.erl:324: :telemetry.span/3
    (commanded 1.4.9) lib/commanded/event_store/subscription.ex:58: Commanded.EventStore.Subscription.subscribe/2
    (commanded 1.4.9) lib/commanded/event/handler.ex:1024: Commanded.Event.Handler.subscribe_to_events/1
    (commanded 1.4.9) lib/commanded/event/handler.ex:887: Commanded.Event.Handler.handle_continue/2
    (stdlib 7.1) gen_server.erl:2424: :gen_server.try_handle_continue/3
    (stdlib 7.1) gen_server.erl:2291: :gen_server.loop/4
    (stdlib 7.1) proc_lib.erl:333: :proc_lib.init_p_do_apply/3
Last message: {:continue, :subscribe_to_events}
State: %Commanded.Event.Handler{application: Nexus.App, consistency: :strong, handler_callback: :event, handler_name: "Identity.Projectors.UserRegistrationProjector", handler_module: Nexus.Identity.Projectors.UserRegistrationProjector, handler_state: nil, last_seen_event: nil, subscription: %Commanded.EventStore.Subscription{application: Nexus.App, backoff: {:backoff, 1000, 60000, 1000, :jitter, :undefined, :undefined}, concurrency: 1, partition_by: nil, subscribe_to: :all, subscribe_from: :origin, subscription_name: "Identity.Projectors.UserRegistrationProjector", subscription_opts: [], subscription_pid: nil, subscription_ref: nil}, subscribe_timer: nil}
23:09:56.785 [debug] Nexus.Identity.Aggregates.User<a6d32835-04fe-47c3-93c7-50750f4c0025@1> executing command: %Nexus.Identity.Commands.ExpireSession{org_id: "aefc3981-97e0-4a44-a442-807e9d7b3892", user_id: "a6d32835-04fe-47c3-93c7-50750f4c0025", session_id: "87180336-fdab-415d-a0c7-23fd23f136a9", expired_at: ~U[2026-03-20 23:09:56.784404Z]}
23:09:56.785 [debug] Subscription "Identity.Projectors.UserRegistrationProjector"@"$all" attempting to connect subscriber #PID<0.1761.0>
23:09:56.786 [debug] Subscription "Identity.Projectors.UserRegistrationProjector"@"$all" catching-up
23:09:56.786 [debug] Nexus.Identity.Projectors.UserRegistrationProjector has successfully subscribed to event store
23:09:56.790 [debug] Appended 1 event(s) to stream "a6d32835-04fe-47c3-93c7-50750f4c0025"
23:09:56.790 [debug] Listener received notification on channel "event_store.events" with payload: "a6d32835-04fe-47c3-93c7-50750f4c0025,8620,2,2"
23:09:56.790 [debug] Listener received notification on channel "event_store.events" with payload: "$all,0,12196,12196"
23:09:56.791 [debug] Nexus.Identity.Aggregates.User<a6d32835-04fe-47c3-93c7-50750f4c0025@2> received events: [%Commanded.EventStore.RecordedEvent{event_id: "51ed3aa0-2b4d-4f9e-bb88-d9b7471414a0", event_number: 2, stream_id: "a6d32835-04fe-47c3-93c7-50750f4c0025", stream_version: 2, causation_id: "e22481cf-a9ef-4153-a77b-9a91fcb9b83b", correlation_id: "fb342b99-3477-4551-974c-9a74331120b4", event_type: "Elixir.Nexus.Identity.Events.SessionExpired", data: %Nexus.Identity.Events.SessionExpired{org_id: "aefc3981-97e0-4a44-a442-807e9d7b3892", user_id: "a6d32835-04fe-47c3-93c7-50750f4c0025", session_id: "87180336-fdab-415d-a0c7-23fd23f136a9", expired_at: "2026-03-20T23:09:56.784404Z"}, created_at: ~U[2026-03-20 23:09:56.786169Z], metadata: %{"causation_id" => "019d0d83-38b1-75a5-8e13-bbe0bed9ff21", "correlation_id" => "019d0d83-38b1-75a5-8e13-bbe0bed9ff21"}}]
23:09:56.792 [debug] Subscription "Identity.Projectors.UserProjector"@"$all" received 1 event(s)
23:09:56.792 [debug] Subscription "Identity.Projectors.UserProjector"@"$all" is enqueueing 1 event(s)
23:09:56.792 [debug] Nexus.Identity.Projectors.UserProjector received events: [%Commanded.EventStore.RecordedEvent{event_id: "51ed3aa0-2b4d-4f9e-bb88-d9b7471414a0", event_number: 12196, stream_id: "a6d32835-04fe-47c3-93c7-50750f4c0025", stream_version: 2, causation_id: "e22481cf-a9ef-4153-a77b-9a91fcb9b83b", correlation_id: "fb342b99-3477-4551-974c-9a74331120b4", event_type: "Elixir.Nexus.Identity.Events.SessionExpired", data: %Nexus.Identity.Events.SessionExpired{org_id: "aefc3981-97e0-4a44-a442-807e9d7b3892", user_id: "a6d32835-04fe-47c3-93c7-50750f4c0025", session_id: "87180336-fdab-415d-a0c7-23fd23f136a9", expired_at: "2026-03-20T23:09:56.784404Z"}, created_at: ~U[2026-03-20 23:09:56.786169Z], metadata: %{"causation_id" => "019d0d83-38b1-75a5-8e13-bbe0bed9ff21", "correlation_id" => "019d0d83-38b1-75a5-8e13-bbe0bed9ff21"}}]
23:09:56.792 [debug] QUERY OK db=0.1ms
begin []
23:09:56.792 [debug] QUERY OK source="projection_versions" db=0.1ms
INSERT INTO "projection_versions" AS p0 ("projection_name","last_seen_event_number","inserted_at","updated_at") VALUES ($1,$2,$3,$4) ON CONFLICT ("projection_name") DO UPDATE SET "last_seen_event_number" = $5 WHERE ((p0."projection_name" = $6) AND (p0."last_seen_event_number" < $7)) ["Identity.Projectors.UserProjector", 12196, ~N[2026-03-20 23:09:56.792682], ~N[2026-03-20 23:09:56.792682], 12196, "Identity.Projectors.UserProjector", 12196]
23:09:56.793 [debug] QUERY OK source="identity_user_sessions" db=0.3ms
UPDATE "identity_user_sessions" AS i0 SET "is_expired" = $1, "updated_at" = $2 WHERE (i0."id" = $3) [true, ~U[2026-03-20 23:09:56.784404Z], "87180336-fdab-415d-a0c7-23fd23f136a9"]
23:09:56.793 [debug] QUERY OK db=0.1ms
commit []
23:09:56.793 [debug] Nexus.Identity.Projectors.UserProjector confirming receipt of event #12196 of events: [%Commanded.EventStore.RecordedEvent{event_id: "51ed3aa0-2b4d-4f9e-bb88-d9b7471414a0", event_number: 12196, stream_id: "a6d32835-04fe-47c3-93c7-50750f4c0025", stream_version: 2, causation_id: "e22481cf-a9ef-4153-a77b-9a91fcb9b83b", correlation_id: "fb342b99-3477-4551-974c-9a74331120b4", event_type: "Elixir.Nexus.Identity.Events.SessionExpired", data: %Nexus.Identity.Events.SessionExpired{org_id: "aefc3981-97e0-4a44-a442-807e9d7b3892", user_id: "a6d32835-04fe-47c3-93c7-50750f4c0025", session_id: "87180336-fdab-415d-a0c7-23fd23f136a9", expired_at: "2026-03-20T23:09:56.784404Z"}, created_at: ~U[2026-03-20 23:09:56.786169Z], metadata: %{"causation_id" => "019d0d83-38b1-75a5-8e13-bbe0bed9ff21", "correlation_id" => "019d0d83-38b1-75a5-8e13-bbe0bed9ff21"}}]
23:09:56.801 [debug] Subscription "Identity.Projectors.UserRegistrationProjector"@"$all" received 1 event(s)
23:09:56.801 [debug] Nexus.Identity.Projectors.UserRegistrationProjector received events: [%Commanded.EventStore.RecordedEvent{event_id: "282ec866-f518-44ed-95f6-7a535d6c3e25", event_number: 11262, stream_id: "019d0c26-0b00-74a0-bd6d-48329cf61a57", stream_version: 1, causation_id: "d64809a4-8402-4360-8536-99b7a0f860ca", correlation_id: "e0f4b4bb-483c-4914-aaaa-956d1587d67e", event_type: "Elixir.Nexus.Identity.Events.UserRegistered", data: %Nexus.Identity.Events.UserRegistered{user_id: "019d0c26-0b00-74a0-bd6d-48329cf61a57", org_id: "019d0c26-0b00-74a0-8884-24b7b734f296", email: "test@example.com", role: "system_admin", cose_key: "Ym9vdHN0cmFwX2Nvc2Vfa2V5", credential_id: "Ym9vdHN0cmFwX2NyZWRlbnRpYWxfaWQ=", registered_at: "2026-03-20T16:48:33.024173Z", display_name: "Test User", status: "active"}, created_at: ~U[2026-03-20 16:48:33.025211Z], metadata: %{"causation_id" => "019d0c26-0b00-71d0-a1d2-041f55e92cfc", "correlation_id" => "019d0c26-0b00-71d0-a1d2-041f55e92cfc"}}]
23:09:56.802 [debug] QUERY OK db=0.1ms
begin []
23:09:56.802 [debug] QUERY OK source="projection_versions" db=0.2ms
INSERT INTO "projection_versions" AS p0 ("projection_name","last_seen_event_number","inserted_at","updated_at") VALUES ($1,$2,$3,$4) ON CONFLICT ("projection_name") DO UPDATE SET "last_seen_event_number" = $5 WHERE ((p0."projection_name" = $6) AND (p0."last_seen_event_number" < $7)) ["Identity.Projectors.UserRegistrationProjector", 11262, ~N[2026-03-20 23:09:56.802035], ~N[2026-03-20 23:09:56.802035], 11262, "Identity.Projectors.UserRegistrationProjector", 11262]
23:09:56.802 [debug] QUERY OK source="users" db=0.1ms
SELECT u0."id", u0."org_id", u0."email", u0."display_name", u0."status", u0."cose_key", u0."credential_id", u0."roles", u0."created_at", u0."updated_at" FROM "users" AS u0 WHERE (u0."id" = $1) ["019d0c26-0b00-74a0-bd6d-48329cf61a57"]
23:09:56.802 [debug] QUERY OK source="users" db=0.1ms
SELECT u0."id", u0."org_id", u0."email", u0."display_name", u0."status", u0."cose_key", u0."credential_id", u0."roles", u0."created_at", u0."updated_at" FROM "users" AS u0 WHERE (u0."email" = $1) ["test@example.com"]
23:09:56.802 [debug] QUERY OK source="users" db=0.1ms
INSERT INTO "users" ("id","status","org_id","email","display_name","roles","cose_key","credential_id","created_at","updated_at") VALUES ($1,$2,$3,$4,$5,$6,$7,$8,$9,$10) ["019d0c26-0b00-74a0-bd6d-48329cf61a57", "active", "019d0c26-0b00-74a0-8884-24b7b734f296", "test@example.com", "Test User", ["system_admin"], "bootstrap_cose_key", "bootstrap_credential_id", ~U[2026-03-20 23:09:56.802698Z], ~U[2026-03-20 23:09:56.802698Z]]
23:09:56.803 [debug] QUERY ERROR source="identity_user_settings" db=0.0ms
SELECT i0."id", i0."user_id", i0."org_id", i0."locale", i0."timezone", i0."notifications_enabled", i0."created_at", i0."updated_at" FROM "identity_user_settings" AS i0 WHERE (i0."id" = $1) ["019d0c26-0b00-74a0-bd6d-48329cf61a57"]
23:09:56.803 [debug] QUERY OK db=0.2ms
rollback []
23:09:56.804 [error] Nexus.Identity.Projectors.UserRegistrationProjector failed to handle event:
%Commanded.EventStore.RecordedEvent{
  event_id: "282ec866-f518-44ed-95f6-7a535d6c3e25",
  event_number: 11262,
  stream_id: "019d0c26-0b00-74a0-bd6d-48329cf61a57",
  stream_version: 1,
  causation_id: "d64809a4-8402-4360-8536-99b7a0f860ca",
  correlation_id: "e0f4b4bb-483c-4914-aaaa-956d1587d67e",
  event_type: "Elixir.Nexus.Identity.Events.UserRegistered",
  data: %Nexus.Identity.Events.UserRegistered{
    user_id: "019d0c26-0b00-74a0-bd6d-48329cf61a57",
    org_id: "019d0c26-0b00-74a0-8884-24b7b734f296",
    email: "test@example.com",
    role: "system_admin",
    cose_key: "Ym9vdHN0cmFwX2Nvc2Vfa2V5",
    credential_id: "Ym9vdHN0cmFwX2NyZWRlbnRpYWxfaWQ=",
    registered_at: "2026-03-20T16:48:33.024173Z",
    display_name: "Test User",
    status: "active"
  },
  created_at: ~U[2026-03-20 16:48:33.025211Z],
  metadata: %{
    "causation_id" => "019d0c26-0b00-71d0-a1d2-041f55e92cfc",
    "correlation_id" => "019d0c26-0b00-71d0-a1d2-041f55e92cfc"
  }
}, due to:
** (Postgrex.Error) ERROR 42703 (undefined_column) column i0.id does not exist

    query: SELECT i0."id", i0."user_id", i0."org_id", i0."locale", i0."timezone", i0."notifications_enabled", i0."created_at", i0."updated_at" FROM "identity_user_settings" AS i0 WHERE (i0."id" = $1)
    (ecto_sql 3.13.4) lib/ecto/adapters/sql.ex:1113: Ecto.Adapters.SQL.raise_sql_call_error/1
    (ecto_sql 3.13.4) lib/ecto/adapters/sql.ex:1011: Ecto.Adapters.SQL.execute/6
    (ecto 3.13.5) lib/ecto/repo/queryable.ex:241: Ecto.Repo.Queryable.execute/4
    (ecto 3.13.5) lib/ecto/repo/queryable.ex:19: Ecto.Repo.Queryable.all/3
    (ecto 3.13.5) lib/ecto/repo/queryable.ex:163: Ecto.Repo.Queryable.one/3
    (nexus 0.1.0) lib/nexus/identity/projectors/user_registration_projector.ex:53: anonymous fn/3 in Nexus.Identity.Projectors.UserRegistrationProjector.project_registration/3
    (ecto 3.13.5) lib/ecto/multi.ex:905: Ecto.Multi.apply_operation/5
    (elixir 1.19.5) lib/enum.ex:2520: Enum."-reduce/3-lists^foldl/2-0-"/3
    (ecto 3.13.5) lib/ecto/multi.ex:878: anonymous fn/5 in Ecto.Multi.apply_operations/5
    (ecto_sql 3.13.4) lib/ecto/adapters/sql.ex:1473: anonymous fn/3 in Ecto.Adapters.SQL.checkout_or_transaction/4
    (db_connection 2.9.0) lib/db_connection.ex:1747: DBConnection.run_transaction/4
    (ecto 3.13.5) lib/ecto/repo/transaction.ex:30: Ecto.Repo.Transaction.transact/4
    (nexus 0.1.0) deps/commanded_ecto_projections/lib/projections/ecto.ex:97: Nexus.Identity.Projectors.UserRegistrationProjector.update_projection/3
    (commanded 1.4.9) lib/commanded/event/handler.ex:1221: Commanded.Event.Handler.delegate_event_to_handler/2
    (commanded 1.4.9) lib/commanded/event/handler.ex:1062: Commanded.Event.Handler.handle_event/3
    (elixir 1.19.5) lib/enum.ex:2520: Enum."-reduce/3-lists^foldl/2-0-"/3
    (commanded 1.4.9) lib/commanded/event/handler.ex:969: Commanded.Event.Handler.handle_info/2
    (stdlib 7.1) gen_server.erl:2434: :gen_server.try_handle_info/3
    (stdlib 7.1) gen_server.erl:2420: :gen_server.handle_msg/3
    (stdlib 7.1) proc_lib.erl:333: :proc_lib.init_p_do_apply/3

23:09:56.804 [warning] Nexus.Identity.Projectors.UserRegistrationProjector has requested to stop: %Postgrex.Error{message: nil, postgres: %{code: :undefined_column, line: "3721", message: "column i0.id does not exist", position: "8", file: "parse_relation.c", unknown: "ERROR", severity: "ERROR", pg_code: "42703", routine: "errorMissingColumn"}, connection_id: 3158, query: "SELECT i0.\"id\", i0.\"user_id\", i0.\"org_id\", i0.\"locale\", i0.\"timezone\", i0.\"notifications_enabled\", i0.\"created_at\", i0.\"updated_at\" FROM \"identity_user_settings\" AS i0 WHERE (i0.\"id\" = $1)"}
23:09:56.804 [debug] Nexus.Identity.Projectors.UserRegistrationProjector is shutting down due to %Postgrex.Error{message: nil, postgres: %{code: :undefined_column, line: "3721", message: "column i0.id does not exist", position: "8", file: "parse_relation.c", unknown: "ERROR", severity: "ERROR", pg_code: "42703", routine: "errorMissingColumn"}, connection_id: 3158, query: "SELECT i0.\"id\", i0.\"user_id\", i0.\"org_id\", i0.\"locale\", i0.\"timezone\", i0.\"notifications_enabled\", i0.\"created_at\", i0.\"updated_at\" FROM \"identity_user_settings\" AS i0 WHERE (i0.\"id\" = $1)"}
23:09:56.804 [error] GenServer {Nexus.App.LocalRegistry, {Nexus.App, Commanded.Event.Handler, "Identity.Projectors.UserRegistrationProjector"}} terminating
** (stop) %Postgrex.Error{message: nil, postgres: %{code: :undefined_column, line: "3721", message: "column i0.id does not exist", position: "8", file: "parse_relation.c", unknown: "ERROR", severity: "ERROR", pg_code: "42703", routine: "errorMissingColumn"}, connection_id: 3158, query: "SELECT i0.\"id\", i0.\"user_id\", i0.\"org_id\", i0.\"locale\", i0.\"timezone\", i0.\"notifications_enabled\", i0.\"created_at\", i0.\"updated_at\" FROM \"identity_user_settings\" AS i0 WHERE (i0.\"id\" = $1)"}
Last message: {:events, [%Commanded.EventStore.RecordedEvent{event_id: "282ec866-f518-44ed-95f6-7a535d6c3e25", event_number: 11262, stream_id: "019d0c26-0b00-74a0-bd6d-48329cf61a57", stream_version: 1, causation_id: "d64809a4-8402-4360-8536-99b7a0f860ca", correlation_id: "e0f4b4bb-483c-4914-aaaa-956d1587d67e", event_type: "Elixir.Nexus.Identity.Events.UserRegistered", data: %Nexus.Identity.Events.UserRegistered{user_id: "019d0c26-0b00-74a0-bd6d-48329cf61a57", org_id: "019d0c26-0b00-74a0-8884-24b7b734f296", email: "test@example.com", role: "system_admin", cose_key: "Ym9vdHN0cmFwX2Nvc2Vfa2V5", credential_id: "Ym9vdHN0cmFwX2NyZWRlbnRpYWxfaWQ=", registered_at: "2026-03-20T16:48:33.024173Z", display_name: "Test User", status: "active"}, created_at: ~U[2026-03-20 16:48:33.025211Z], metadata: %{"causation_id" => "019d0c26-0b00-71d0-a1d2-041f55e92cfc", "correlation_id" => "019d0c26-0b00-71d0-a1d2-041f55e92cfc"}}]}
State: %Commanded.Event.Handler{application: Nexus.App, consistency: :strong, handler_callback: :event, handler_name: "Identity.Projectors.UserRegistrationProjector", handler_module: Nexus.Identity.Projectors.UserRegistrationProjector, handler_state: nil, last_seen_event: nil, subscription: %Commanded.EventStore.Subscription{application: Nexus.App, backoff: {:backoff, 1000, 60000, 1000, :jitter, :undefined, :undefined}, concurrency: 1, partition_by: nil, subscribe_to: :all, subscribe_from: :origin, subscription_name: "Identity.Projectors.UserRegistrationProjector", subscription_opts: [], subscription_pid: #PID<0.1762.0>, subscription_ref: #Reference<0.504251661.3394502657.95096>}, subscribe_timer: nil}
23:09:56.805 [debug] Subscription "Identity.Projectors.UserRegistrationProjector"@"$all" subscriber #PID<0.1761.0> down due to: %Postgrex.Error{message: nil, postgres: %{code: :undefined_column, line: "3721", message: "column i0.id does not exist", position: "8", file: "parse_relation.c", unknown: "ERROR", severity: "ERROR", pg_code: "42703", routine: "errorMissingColumn"}, connection_id: 3158, query: "SELECT i0.\"id\", i0.\"user_id\", i0.\"org_id\", i0.\"locale\", i0.\"timezone\", i0.\"notifications_enabled\", i0.\"created_at\", i0.\"updated_at\" FROM \"identity_user_settings\" AS i0 WHERE (i0.\"id\" = $1)"}
23:09:56.805 [debug] Subscription "Identity.Projectors.UserRegistrationProjector"@"$all" has no subscribers, shutting down
23:09:56.805 [error] GenServer {Nexus.EventStore.EventStore.Subscriptions.Registry, {"$all", "Identity.Projectors.UserRegistrationProjector"}} terminating
** (stop) %Postgrex.Error{message: nil, postgres: %{code: :undefined_column, line: "3721", message: "column i0.id does not exist", position: "8", file: "parse_relation.c", unknown: "ERROR", severity: "ERROR", pg_code: "42703", routine: "errorMissingColumn"}, connection_id: 3158, query: "SELECT i0.\"id\", i0.\"user_id\", i0.\"org_id\", i0.\"locale\", i0.\"timezone\", i0.\"notifications_enabled\", i0.\"created_at\", i0.\"updated_at\" FROM \"identity_user_settings\" AS i0 WHERE (i0.\"id\" = $1)"}
Last message: {:DOWN, #Reference<0.504251661.3394502657.95084>, :process, #PID<0.1761.0>, %Postgrex.Error{message: nil, postgres: %{code: :undefined_column, line: "3721", message: "column i0.id does not exist", position: "8", file: "parse_relation.c", unknown: "ERROR", severity: "ERROR", pg_code: "42703", routine: "errorMissingColumn"}, connection_id: 3158, query: "SELECT i0.\"id\", i0.\"user_id\", i0.\"org_id\", i0.\"locale\", i0.\"timezone\", i0.\"notifications_enabled\", i0.\"created_at\", i0.\"updated_at\" FROM \"identity_user_settings\" AS i0 WHERE (i0.\"id\" = $1)"}}
State: %EventStore.Subscriptions.Subscription{stream_uuid: "$all", subscription_name: "Identity.Projectors.UserRegistrationProjector", subscription: %EventStore.Subscriptions.SubscriptionFsm{state: :unsubscribed, data: %EventStore.Subscriptions.SubscriptionState{conn: Nexus.EventStore.Postgrex, event_store: Nexus.EventStore, serializer: Commanded.Serialization.JsonSerializer, schema: "event_store", stream_uuid: "$all", start_from: 0, subscription_name: "Identity.Projectors.UserRegistrationProjector", subscription_id: 405, selector: nil, mapper: &Commanded.EventStore.Adapters.EventStore.Mapper.from_recorded_event/1, max_size: 1000, partition_by: nil, query_timeout: 15000, lock_ref: #Reference<0.504251661.3394502658.56259>, last_received: 12196, last_sent: 11262, last_ack: 11261, queue_size: 934, buffer_size: 1, checkpoint_after: 0, checkpoint_threshold: 1, checkpoint_timer_ref: nil, checkpoints_pending: 0, subscribers: %{}, partitions: %{nil: {[%EventStore.RecordedEvent{event_number: 12195, event_id: "63cf0cf3-679d-4adb-a5fc-1b7c8cdfe448", stream_uuid: "a6d32835-04fe-47c3-93c7-50750f4c0025", stream_version: 1, correlation_id: "4b130646-5380-41f3-b6df-9abfd1ed0d92", causation_id: "0f27ee9d-27db-4e8b-8f2d-6a8556a5e9d4", event_type: "Elixir.Nexus.Identity.Events.UserRegistered", data: %Nexus.Identity.Events.UserRegistered{user_id: "a6d32835-04fe-47c3-93c7-50750f4c0025", org_id: "aefc3981-97e0-4a44-a442-807e9d7b3892", email: "test@example.com", role: "admin", cose_key: "dummy", credential_id: "dummy", registered_at: "2026-03-20T23:09:56.579831Z", display_name: "Test User", status: "active"}, metadata: %{"causation_id" => "019d0d83-37e3-7671-991d-f18a42a53090", "correlation_id" => "019d0d83-37e3-7671-991d-f18a42a53090"}, created_at: ~U[2026-03-20 23:09:56.581065Z]}, %EventStore.RecordedEvent{event_number: 12194, event_id: "3f8f3cbc-ea72-45a7-ab6d-12a43da50245", stream_uuid: "e55da693-c009-4afd-a56e-9b4ab3975acc", stream_version: 2, correlation_id: "e5500f71-9103-4737-8991-5eb165815e23", causation_id: "633094f8-6986-459b-9416-072dd0187fd9", event_type: "Elixir.Nexus.Identity.Events.SessionStarted", data: %Nexus.Identity.Events.SessionStarted{org_id: "84a4120a-ffd5-4f1d-8c8d-39a304840d78", user_id: "e55da693-c009-4afd-a56e-9b4ab3975acc", session_id: "418d0e43-cc2d-4727-80e0-b2438bf62242", session_token: "token123", user_agent: "Mozilla/5.0", ip_address: "127.0.0.1", started_at: "2026-03-20T23:09:56.072666Z"}, metadata: %{"causation_id" => "019d0d83-35e8-753f-984d-38ea338eda81", "correlation_id" => "019d0d83-35e8-753f-984d-38ea338eda81"}, created_at: ~U[2026-03-20 23:09:56.073170Z]}, %EventStore.RecordedEvent{event_number: 12193, event_id: "e88a74fa-5b0c-4b91-8cb5-06995a22261e", stream_uuid: "e55da693-c009-4afd-a56e-9b4ab3975acc", stream_version: 1, correlation_id: "9e656c1d-d0e4-4f46-bf33-1d95e39eba77", causation_id: "26eb51ca-d88e-4ba3-ac69-47b72ac05e07", event_type: "Elixir.Nexus.Identity.Events.UserRegistered", data: %Nexus.Identity.Events.UserRegistered{user_id: "e55da693-c009-4afd-a56e-9b4ab3975acc", org_id: "84a4120a-ffd5-4f1d-8c8d-39a304840d78", email: "test@example.com", role: "admin", cose_key: "dummy", credential_id: "dummy", registered_at: "2026-03-20T23:09:55.865334Z", display_name: "Test User", status: "active"}, metadata: %{"causation_id" => "019d0d83-3519-7150-9f84-629ff4c7083d", "correlation_id" => "019d0d83-3519-7150-9f84-629ff4c7083d"}, created_at: ~U[2026-03-20 23:09:55.869271Z]}, %EventStore.RecordedEvent{event_number: 12192, event_id: "9369472d-8342-4f67-bb09-dce99e1564a7", stream_uuid: "1cdc5b98-437f-46cd-b961-7f94b0c70951", ...}, ...], ...}}, ...}}, ...}
23:09:56.805 [debug] Nexus.Identity.Projectors.UserRegistrationProjector is shutting down due to {%Postgrex.Error{message: nil, postgres: %{code: :undefined_column, line: "3721", message: "column i0.id does not exist", position: "8", file: "parse_relation.c", unknown: "ERROR", severity: "ERROR", pg_code: "42703", routine: "errorMissingColumn"}, connection_id: 3158, query: "SELECT i0.\"id\", i0.\"user_id\", i0.\"org_id\", i0.\"locale\", i0.\"timezone\", i0.\"notifications_enabled\", i0.\"created_at\", i0.\"updated_at\" FROM \"identity_user_settings\" AS i0 WHERE (i0.\"id\" = $1)"}, {GenServer, :call, [#PID<0.1762.0>, {:connect, #PID<0.1763.0>, [retry_interval: 60000, hibernate_after: 15000, partition_by: nil, concurrency_limit: 1, name: Nexus.EventStore, mapper: &Commanded.EventStore.Adapters.EventStore.Mapper.from_recorded_event/1, conn: Nexus.EventStore.Postgrex, event_store: Nexus.EventStore, query_timeout: 15000, schema: "event_store", serializer: Commanded.Serialization.JsonSerializer, stream_uuid: "$all", subscription_name: "Identity.Projectors.UserRegistrationProjector", start_from: 0]}, 5000]}}
23:09:56.805 [error] GenServer {Nexus.App.LocalRegistry, {Nexus.App, Commanded.Event.Handler, "Identity.Projectors.UserRegistrationProjector"}} terminating
** (stop) exited in: GenServer.call(#PID<0.1762.0>, {:connect, #PID<0.1763.0>, [retry_interval: 60000, hibernate_after: 15000, partition_by: nil, concurrency_limit: 1, name: Nexus.EventStore, mapper: &Commanded.EventStore.Adapters.EventStore.Mapper.from_recorded_event/1, conn: Nexus.EventStore.Postgrex, event_store: Nexus.EventStore, query_timeout: 15000, schema: "event_store", serializer: Commanded.Serialization.JsonSerializer, stream_uuid: "$all", subscription_name: "Identity.Projectors.UserRegistrationProjector", start_from: 0]}, 5000)
    ** (EXIT) %Postgrex.Error{message: nil, postgres: %{code: :undefined_column, line: "3721", message: "column i0.id does not exist", position: "8", file: "parse_relation.c", unknown: "ERROR", severity: "ERROR", pg_code: "42703", routine: "errorMissingColumn"}, connection_id: 3158, query: "SELECT i0.\"id\", i0.\"user_id\", i0.\"org_id\", i0.\"locale\", i0.\"timezone\", i0.\"notifications_enabled\", i0.\"created_at\", i0.\"updated_at\" FROM \"identity_user_settings\" AS i0 WHERE (i0.\"id\" = $1)"}
    (elixir 1.19.5) lib/gen_server.ex:1142: GenServer.call/3
    (commanded 1.4.9) lib/commanded/event_store.ex:289: anonymous fn/2 in Commanded.EventStore.span/3
    (telemetry 1.3.0) /Users/bernard/dev/nexus/deps/telemetry/src/telemetry.erl:324: :telemetry.span/3
    (commanded 1.4.9) lib/commanded/event_store/subscription.ex:58: Commanded.EventStore.Subscription.subscribe/2
    (commanded 1.4.9) lib/commanded/event/handler.ex:1024: Commanded.Event.Handler.subscribe_to_events/1
    (commanded 1.4.9) lib/commanded/event/handler.ex:887: Commanded.Event.Handler.handle_continue/2
    (stdlib 7.1) gen_server.erl:2424: :gen_server.try_handle_continue/3
    (stdlib 7.1) gen_server.erl:2291: :gen_server.loop/4
    (stdlib 7.1) proc_lib.erl:333: :proc_lib.init_p_do_apply/3
Last message: {:continue, :subscribe_to_events}
State: %Commanded.Event.Handler{application: Nexus.App, consistency: :strong, handler_callback: :event, handler_name: "Identity.Projectors.UserRegistrationProjector", handler_module: Nexus.Identity.Projectors.UserRegistrationProjector, handler_state: nil, last_seen_event: nil, subscription: %Commanded.EventStore.Subscription{application: Nexus.App, backoff: {:backoff, 1000, 60000, 1000, :jitter, :undefined, :undefined}, concurrency: 1, partition_by: nil, subscribe_to: :all, subscribe_from: :origin, subscription_name: "Identity.Projectors.UserRegistrationProjector", subscription_opts: [], subscription_pid: nil, subscription_ref: nil}, subscribe_timer: nil}
23:09:56.806 [debug] Subscription "Identity.Projectors.UserRegistrationProjector"@"$all" attempting to connect subscriber #PID<0.1764.0>
23:09:56.806 [debug] Subscription "Identity.Projectors.UserRegistrationProjector"@"$all" catching-up
23:09:56.806 [debug] Nexus.Identity.Projectors.UserRegistrationProjector has successfully subscribed to event store
23:09:56.820 [debug] Nexus.Identity.Projectors.UserRegistrationProjector received events: [%Commanded.EventStore.RecordedEvent{event_id: "282ec866-f518-44ed-95f6-7a535d6c3e25", event_number: 11262, stream_id: "019d0c26-0b00-74a0-bd6d-48329cf61a57", stream_version: 1, causation_id: "d64809a4-8402-4360-8536-99b7a0f860ca", correlation_id: "e0f4b4bb-483c-4914-aaaa-956d1587d67e", event_type: "Elixir.Nexus.Identity.Events.UserRegistered", data: %Nexus.Identity.Events.UserRegistered{user_id: "019d0c26-0b00-74a0-bd6d-48329cf61a57", org_id: "019d0c26-0b00-74a0-8884-24b7b734f296", email: "test@example.com", role: "system_admin", cose_key: "Ym9vdHN0cmFwX2Nvc2Vfa2V5", credential_id: "Ym9vdHN0cmFwX2NyZWRlbnRpYWxfaWQ=", registered_at: "2026-03-20T16:48:33.024173Z", display_name: "Test User", status: "active"}, created_at: ~U[2026-03-20 16:48:33.025211Z], metadata: %{"causation_id" => "019d0c26-0b00-71d0-a1d2-041f55e92cfc", "correlation_id" => "019d0c26-0b00-71d0-a1d2-041f55e92cfc"}}]
23:09:56.821 [debug] QUERY OK db=0.6ms
begin []
23:09:56.822 [debug] QUERY OK source="projection_versions" db=0.9ms
INSERT INTO "projection_versions" AS p0 ("projection_name","last_seen_event_number","inserted_at","updated_at") VALUES ($1,$2,$3,$4) ON CONFLICT ("projection_name") DO UPDATE SET "last_seen_event_number" = $5 WHERE ((p0."projection_name" = $6) AND (p0."last_seen_event_number" < $7)) ["Identity.Projectors.UserRegistrationProjector", 11262, ~N[2026-03-20 23:09:56.821234], ~N[2026-03-20 23:09:56.821234], 11262, "Identity.Projectors.UserRegistrationProjector", 11262]
23:09:56.822 [debug] QUERY OK source="users" db=0.1ms
SELECT u0."id", u0."org_id", u0."email", u0."display_name", u0."status", u0."cose_key", u0."credential_id", u0."roles", u0."created_at", u0."updated_at" FROM "users" AS u0 WHERE (u0."id" = $1) ["019d0c26-0b00-74a0-bd6d-48329cf61a57"]
23:09:56.823 [debug] QUERY OK source="users" db=0.6ms
SELECT u0."id", u0."org_id", u0."email", u0."display_name", u0."status", u0."cose_key", u0."credential_id", u0."roles", u0."created_at", u0."updated_at" FROM "users" AS u0 WHERE (u0."email" = $1) ["test@example.com"]
23:09:56.823 [debug] QUERY OK source="users" db=0.6ms
INSERT INTO "users" ("id","status","org_id","email","display_name","roles","cose_key","credential_id","created_at","updated_at") VALUES ($1,$2,$3,$4,$5,$6,$7,$8,$9,$10) ["019d0c26-0b00-74a0-bd6d-48329cf61a57", "active", "019d0c26-0b00-74a0-8884-24b7b734f296", "test@example.com", "Test User", ["system_admin"], "bootstrap_cose_key", "bootstrap_credential_id", ~U[2026-03-20 23:09:56.823176Z], ~U[2026-03-20 23:09:56.823176Z]]
23:09:56.825 [debug] QUERY ERROR source="identity_user_settings" db=0.0ms
SELECT i0."id", i0."user_id", i0."org_id", i0."locale", i0."timezone", i0."notifications_enabled", i0."created_at", i0."updated_at" FROM "identity_user_settings" AS i0 WHERE (i0."id" = $1) ["019d0c26-0b00-74a0-bd6d-48329cf61a57"]
23:09:56.825 [debug] QUERY OK db=0.1ms
rollback []
23:09:56.826 [error] Nexus.Identity.Projectors.UserRegistrationProjector failed to handle event:
%Commanded.EventStore.RecordedEvent{
  event_id: "282ec866-f518-44ed-95f6-7a535d6c3e25",
  event_number: 11262,
  stream_id: "019d0c26-0b00-74a0-bd6d-48329cf61a57",
  stream_version: 1,
  causation_id: "d64809a4-8402-4360-8536-99b7a0f860ca",
  correlation_id: "e0f4b4bb-483c-4914-aaaa-956d1587d67e",
  event_type: "Elixir.Nexus.Identity.Events.UserRegistered",
  data: %Nexus.Identity.Events.UserRegistered{
    user_id: "019d0c26-0b00-74a0-bd6d-48329cf61a57",
    org_id: "019d0c26-0b00-74a0-8884-24b7b734f296",
    email: "test@example.com",
    role: "system_admin",
    cose_key: "Ym9vdHN0cmFwX2Nvc2Vfa2V5",
    credential_id: "Ym9vdHN0cmFwX2NyZWRlbnRpYWxfaWQ=",
    registered_at: "2026-03-20T16:48:33.024173Z",
    display_name: "Test User",
    status: "active"
  },
  created_at: ~U[2026-03-20 16:48:33.025211Z],
  metadata: %{
    "causation_id" => "019d0c26-0b00-71d0-a1d2-041f55e92cfc",
    "correlation_id" => "019d0c26-0b00-71d0-a1d2-041f55e92cfc"
  }
}, due to:
** (Postgrex.Error) ERROR 42703 (undefined_column) column i0.id does not exist

    query: SELECT i0."id", i0."user_id", i0."org_id", i0."locale", i0."timezone", i0."notifications_enabled", i0."created_at", i0."updated_at" FROM "identity_user_settings" AS i0 WHERE (i0."id" = $1)
    (ecto_sql 3.13.4) lib/ecto/adapters/sql.ex:1113: Ecto.Adapters.SQL.raise_sql_call_error/1
    (ecto_sql 3.13.4) lib/ecto/adapters/sql.ex:1011: Ecto.Adapters.SQL.execute/6
    (ecto 3.13.5) lib/ecto/repo/queryable.ex:241: Ecto.Repo.Queryable.execute/4
    (ecto 3.13.5) lib/ecto/repo/queryable.ex:19: Ecto.Repo.Queryable.all/3
    (ecto 3.13.5) lib/ecto/repo/queryable.ex:163: Ecto.Repo.Queryable.one/3
    (nexus 0.1.0) lib/nexus/identity/projectors/user_registration_projector.ex:53: anonymous fn/3 in Nexus.Identity.Projectors.UserRegistrationProjector.project_registration/3
    (ecto 3.13.5) lib/ecto/multi.ex:905: Ecto.Multi.apply_operation/5
    (elixir 1.19.5) lib/enum.ex:2520: Enum."-reduce/3-lists^foldl/2-0-"/3
    (ecto 3.13.5) lib/ecto/multi.ex:878: anonymous fn/5 in Ecto.Multi.apply_operations/5
    (ecto_sql 3.13.4) lib/ecto/adapters/sql.ex:1473: anonymous fn/3 in Ecto.Adapters.SQL.checkout_or_transaction/4
    (db_connection 2.9.0) lib/db_connection.ex:1747: DBConnection.run_transaction/4
    (ecto 3.13.5) lib/ecto/repo/transaction.ex:30: Ecto.Repo.Transaction.transact/4
    (nexus 0.1.0) deps/commanded_ecto_projections/lib/projections/ecto.ex:97: Nexus.Identity.Projectors.UserRegistrationProjector.update_projection/3
    (commanded 1.4.9) lib/commanded/event/handler.ex:1221: Commanded.Event.Handler.delegate_event_to_handler/2
    (commanded 1.4.9) lib/commanded/event/handler.ex:1062: Commanded.Event.Handler.handle_event/3
    (elixir 1.19.5) lib/enum.ex:2520: Enum."-reduce/3-lists^foldl/2-0-"/3
    (commanded 1.4.9) lib/commanded/event/handler.ex:969: Commanded.Event.Handler.handle_info/2
    (stdlib 7.1) gen_server.erl:2434: :gen_server.try_handle_info/3
    (stdlib 7.1) gen_server.erl:2420: :gen_server.handle_msg/3
    (stdlib 7.1) proc_lib.erl:333: :proc_lib.init_p_do_apply/3

23:09:56.826 [warning] Nexus.Identity.Projectors.UserRegistrationProjector has requested to stop: %Postgrex.Error{message: nil, postgres: %{code: :undefined_column, line: "3721", message: "column i0.id does not exist", position: "8", file: "parse_relation.c", unknown: "ERROR", severity: "ERROR", pg_code: "42703", routine: "errorMissingColumn"}, connection_id: 3158, query: "SELECT i0.\"id\", i0.\"user_id\", i0.\"org_id\", i0.\"locale\", i0.\"timezone\", i0.\"notifications_enabled\", i0.\"created_at\", i0.\"updated_at\" FROM \"identity_user_settings\" AS i0 WHERE (i0.\"id\" = $1)"}
23:09:56.826 [debug] Nexus.Identity.Projectors.UserRegistrationProjector is shutting down due to %Postgrex.Error{message: nil, postgres: %{code: :undefined_column, line: "3721", message: "column i0.id does not exist", position: "8", file: "parse_relation.c", unknown: "ERROR", severity: "ERROR", pg_code: "42703", routine: "errorMissingColumn"}, connection_id: 3158, query: "SELECT i0.\"id\", i0.\"user_id\", i0.\"org_id\", i0.\"locale\", i0.\"timezone\", i0.\"notifications_enabled\", i0.\"created_at\", i0.\"updated_at\" FROM \"identity_user_settings\" AS i0 WHERE (i0.\"id\" = $1)"}
23:09:56.826 [error] GenServer {Nexus.App.LocalRegistry, {Nexus.App, Commanded.Event.Handler, "Identity.Projectors.UserRegistrationProjector"}} terminating
** (stop) %Postgrex.Error{message: nil, postgres: %{code: :undefined_column, line: "3721", message: "column i0.id does not exist", position: "8", file: "parse_relation.c", unknown: "ERROR", severity: "ERROR", pg_code: "42703", routine: "errorMissingColumn"}, connection_id: 3158, query: "SELECT i0.\"id\", i0.\"user_id\", i0.\"org_id\", i0.\"locale\", i0.\"timezone\", i0.\"notifications_enabled\", i0.\"created_at\", i0.\"updated_at\" FROM \"identity_user_settings\" AS i0 WHERE (i0.\"id\" = $1)"}
Last message: {:events, [%Commanded.EventStore.RecordedEvent{event_id: "282ec866-f518-44ed-95f6-7a535d6c3e25", event_number: 11262, stream_id: "019d0c26-0b00-74a0-bd6d-48329cf61a57", stream_version: 1, causation_id: "d64809a4-8402-4360-8536-99b7a0f860ca", correlation_id: "e0f4b4bb-483c-4914-aaaa-956d1587d67e", event_type: "Elixir.Nexus.Identity.Events.UserRegistered", data: %Nexus.Identity.Events.UserRegistered{user_id: "019d0c26-0b00-74a0-bd6d-48329cf61a57", org_id: "019d0c26-0b00-74a0-8884-24b7b734f296", email: "test@example.com", role: "system_admin", cose_key: "Ym9vdHN0cmFwX2Nvc2Vfa2V5", credential_id: "Ym9vdHN0cmFwX2NyZWRlbnRpYWxfaWQ=", registered_at: "2026-03-20T16:48:33.024173Z", display_name: "Test User", status: "active"}, created_at: ~U[2026-03-20 16:48:33.025211Z], metadata: %{"causation_id" => "019d0c26-0b00-71d0-a1d2-041f55e92cfc", "correlation_id" => "019d0c26-0b00-71d0-a1d2-041f55e92cfc"}}]}
State: %Commanded.Event.Handler{application: Nexus.App, consistency: :strong, handler_callback: :event, handler_name: "Identity.Projectors.UserRegistrationProjector", handler_module: Nexus.Identity.Projectors.UserRegistrationProjector, handler_state: nil, last_seen_event: nil, subscription: %Commanded.EventStore.Subscription{application: Nexus.App, backoff: {:backoff, 1000, 60000, 1000, :jitter, :undefined, :undefined}, concurrency: 1, partition_by: nil, subscribe_to: :all, subscribe_from: :origin, subscription_name: "Identity.Projectors.UserRegistrationProjector", subscription_opts: [], subscription_pid: #PID<0.1765.0>, subscription_ref: #Reference<0.504251661.3394502658.56299>}, subscribe_timer: nil}
23:09:56.827 [debug] Subscription "Identity.Projectors.UserRegistrationProjector"@"$all" subscriber #PID<0.1764.0> down due to: %Postgrex.Error{message: nil, postgres: %{code: :undefined_column, line: "3721", message: "column i0.id does not exist", position: "8", file: "parse_relation.c", unknown: "ERROR", severity: "ERROR", pg_code: "42703", routine: "errorMissingColumn"}, connection_id: 3158, query: "SELECT i0.\"id\", i0.\"user_id\", i0.\"org_id\", i0.\"locale\", i0.\"timezone\", i0.\"notifications_enabled\", i0.\"created_at\", i0.\"updated_at\" FROM \"identity_user_settings\" AS i0 WHERE (i0.\"id\" = $1)"}
23:09:56.827 [debug] Subscription "Identity.Projectors.UserRegistrationProjector"@"$all" has no subscribers, shutting down
23:09:56.827 [error] GenServer {Nexus.EventStore.EventStore.Subscriptions.Registry, {"$all", "Identity.Projectors.UserRegistrationProjector"}} terminating
** (stop) %Postgrex.Error{message: nil, postgres: %{code: :undefined_column, line: "3721", message: "column i0.id does not exist", position: "8", file: "parse_relation.c", unknown: "ERROR", severity: "ERROR", pg_code: "42703", routine: "errorMissingColumn"}, connection_id: 3158, query: "SELECT i0.\"id\", i0.\"user_id\", i0.\"org_id\", i0.\"locale\", i0.\"timezone\", i0.\"notifications_enabled\", i0.\"created_at\", i0.\"updated_at\" FROM \"identity_user_settings\" AS i0 WHERE (i0.\"id\" = $1)"}
Last message: {:DOWN, #Reference<0.504251661.3394502659.50622>, :process, #PID<0.1764.0>, %Postgrex.Error{message: nil, postgres: %{code: :undefined_column, line: "3721", message: "column i0.id does not exist", position: "8", file: "parse_relation.c", unknown: "ERROR", severity: "ERROR", pg_code: "42703", routine: "errorMissingColumn"}, connection_id: 3158, query: "SELECT i0.\"id\", i0.\"user_id\", i0.\"org_id\", i0.\"locale\", i0.\"timezone\", i0.\"notifications_enabled\", i0.\"created_at\", i0.\"updated_at\" FROM \"identity_user_settings\" AS i0 WHERE (i0.\"id\" = $1)"}}
State: %EventStore.Subscriptions.Subscription{stream_uuid: "$all", subscription_name: "Identity.Projectors.UserRegistrationProjector", subscription: %EventStore.Subscriptions.SubscriptionFsm{state: :unsubscribed, data: %EventStore.Subscriptions.SubscriptionState{conn: Nexus.EventStore.Postgrex, event_store: Nexus.EventStore, serializer: Commanded.Serialization.JsonSerializer, schema: "event_store", stream_uuid: "$all", start_from: 0, subscription_name: "Identity.Projectors.UserRegistrationProjector", subscription_id: 405, selector: nil, mapper: &Commanded.EventStore.Adapters.EventStore.Mapper.from_recorded_event/1, max_size: 1000, partition_by: nil, query_timeout: 15000, lock_ref: #Reference<0.504251661.3394502658.56296>, last_received: 12196, last_sent: 11262, last_ack: 11261, queue_size: 935, buffer_size: 1, checkpoint_after: 0, checkpoint_threshold: 1, checkpoint_timer_ref: nil, checkpoints_pending: 0, subscribers: %{}, partitions: %{nil: {[%EventStore.RecordedEvent{event_number: 12196, event_id: "51ed3aa0-2b4d-4f9e-bb88-d9b7471414a0", stream_uuid: "a6d32835-04fe-47c3-93c7-50750f4c0025", stream_version: 2, correlation_id: "fb342b99-3477-4551-974c-9a74331120b4", causation_id: "e22481cf-a9ef-4153-a77b-9a91fcb9b83b", event_type: "Elixir.Nexus.Identity.Events.SessionExpired", data: %Nexus.Identity.Events.SessionExpired{org_id: "aefc3981-97e0-4a44-a442-807e9d7b3892", user_id: "a6d32835-04fe-47c3-93c7-50750f4c0025", session_id: "87180336-fdab-415d-a0c7-23fd23f136a9", expired_at: "2026-03-20T23:09:56.784404Z"}, metadata: %{"causation_id" => "019d0d83-38b1-75a5-8e13-bbe0bed9ff21", "correlation_id" => "019d0d83-38b1-75a5-8e13-bbe0bed9ff21"}, created_at: ~U[2026-03-20 23:09:56.786169Z]}, %EventStore.RecordedEvent{event_number: 12195, event_id: "63cf0cf3-679d-4adb-a5fc-1b7c8cdfe448", stream_uuid: "a6d32835-04fe-47c3-93c7-50750f4c0025", stream_version: 1, correlation_id: "4b130646-5380-41f3-b6df-9abfd1ed0d92", causation_id: "0f27ee9d-27db-4e8b-8f2d-6a8556a5e9d4", event_type: "Elixir.Nexus.Identity.Events.UserRegistered", data: %Nexus.Identity.Events.UserRegistered{user_id: "a6d32835-04fe-47c3-93c7-50750f4c0025", org_id: "aefc3981-97e0-4a44-a442-807e9d7b3892", email: "test@example.com", role: "admin", cose_key: "dummy", credential_id: "dummy", registered_at: "2026-03-20T23:09:56.579831Z", display_name: "Test User", status: "active"}, metadata: %{"causation_id" => "019d0d83-37e3-7671-991d-f18a42a53090", "correlation_id" => "019d0d83-37e3-7671-991d-f18a42a53090"}, created_at: ~U[2026-03-20 23:09:56.581065Z]}, %EventStore.RecordedEvent{event_number: 12194, event_id: "3f8f3cbc-ea72-45a7-ab6d-12a43da50245", stream_uuid: "e55da693-c009-4afd-a56e-9b4ab3975acc", stream_version: 2, correlation_id: "e5500f71-9103-4737-8991-5eb165815e23", causation_id: "633094f8-6986-459b-9416-072dd0187fd9", event_type: "Elixir.Nexus.Identity.Events.SessionStarted", data: %Nexus.Identity.Events.SessionStarted{org_id: "84a4120a-ffd5-4f1d-8c8d-39a304840d78", user_id: "e55da693-c009-4afd-a56e-9b4ab3975acc", session_id: "418d0e43-cc2d-4727-80e0-b2438bf62242", session_token: "token123", user_agent: "Mozilla/5.0", ip_address: "127.0.0.1", started_at: "2026-03-20T23:09:56.072666Z"}, metadata: %{"causation_id" => "019d0d83-35e8-753f-984d-38ea338eda81", "correlation_id" => "019d0d83-35e8-753f-984d-38ea338eda81"}, created_at: ~U[2026-03-20 23:09:56.073170Z]}, %EventStore.RecordedEvent{event_number: 12193, event_id: "e88a74fa-5b0c-4b91-8cb5-06995a22261e", stream_uuid: "e55da693-c009-4afd-a56e-9b4ab3975acc", stream_version: 1, correlation_id: "9e656c1d-d0e4-4f46-bf33-1d95e39eba77", causation_id: "26eb51ca-d88e-4ba3-ac69-47b72ac05e07", event_type: "Elixir.Nexus.Identity.Events.UserRegistered", data: %Nexus.Identity.Events.UserRegistered{...}, ...}, ...], ...}}, ...}}, ...}
23:09:56.827 [debug] Nexus.Identity.Projectors.UserRegistrationProjector is shutting down due to {%Postgrex.Error{message: nil, postgres: %{code: :undefined_column, line: "3721", message: "column i0.id does not exist", position: "8", file: "parse_relation.c", unknown: "ERROR", severity: "ERROR", pg_code: "42703", routine: "errorMissingColumn"}, connection_id: 3158, query: "SELECT i0.\"id\", i0.\"user_id\", i0.\"org_id\", i0.\"locale\", i0.\"timezone\", i0.\"notifications_enabled\", i0.\"created_at\", i0.\"updated_at\" FROM \"identity_user_settings\" AS i0 WHERE (i0.\"id\" = $1)"}, {GenServer, :call, [#PID<0.1765.0>, {:connect, #PID<0.1766.0>, [retry_interval: 60000, hibernate_after: 15000, partition_by: nil, concurrency_limit: 1, name: Nexus.EventStore, mapper: &Commanded.EventStore.Adapters.EventStore.Mapper.from_recorded_event/1, conn: Nexus.EventStore.Postgrex, event_store: Nexus.EventStore, query_timeout: 15000, schema: "event_store", serializer: Commanded.Serialization.JsonSerializer, stream_uuid: "$all", subscription_name: "Identity.Projectors.UserRegistrationProjector", start_from: 0]}, 5000]}}
23:09:56.827 [error] GenServer {Nexus.App.LocalRegistry, {Nexus.App, Commanded.Event.Handler, "Identity.Projectors.UserRegistrationProjector"}} terminating
** (stop) exited in: GenServer.call(#PID<0.1765.0>, {:connect, #PID<0.1766.0>, [retry_interval: 60000, hibernate_after: 15000, partition_by: nil, concurrency_limit: 1, name: Nexus.EventStore, mapper: &Commanded.EventStore.Adapters.EventStore.Mapper.from_recorded_event/1, conn: Nexus.EventStore.Postgrex, event_store: Nexus.EventStore, query_timeout: 15000, schema: "event_store", serializer: Commanded.Serialization.JsonSerializer, stream_uuid: "$all", subscription_name: "Identity.Projectors.UserRegistrationProjector", start_from: 0]}, 5000)
    ** (EXIT) %Postgrex.Error{message: nil, postgres: %{code: :undefined_column, line: "3721", message: "column i0.id does not exist", position: "8", file: "parse_relation.c", unknown: "ERROR", severity: "ERROR", pg_code: "42703", routine: "errorMissingColumn"}, connection_id: 3158, query: "SELECT i0.\"id\", i0.\"user_id\", i0.\"org_id\", i0.\"locale\", i0.\"timezone\", i0.\"notifications_enabled\", i0.\"created_at\", i0.\"updated_at\" FROM \"identity_user_settings\" AS i0 WHERE (i0.\"id\" = $1)"}
    (elixir 1.19.5) lib/gen_server.ex:1142: GenServer.call/3
    (commanded 1.4.9) lib/commanded/event_store.ex:289: anonymous fn/2 in Commanded.EventStore.span/3
    (telemetry 1.3.0) /Users/bernard/dev/nexus/deps/telemetry/src/telemetry.erl:324: :telemetry.span/3
    (commanded 1.4.9) lib/commanded/event_store/subscription.ex:58: Commanded.EventStore.Subscription.subscribe/2
    (commanded 1.4.9) lib/commanded/event/handler.ex:1024: Commanded.Event.Handler.subscribe_to_events/1
    (commanded 1.4.9) lib/commanded/event/handler.ex:887: Commanded.Event.Handler.handle_continue/2
    (stdlib 7.1) gen_server.erl:2424: :gen_server.try_handle_continue/3
    (stdlib 7.1) gen_server.erl:2291: :gen_server.loop/4
    (stdlib 7.1) proc_lib.erl:333: :proc_lib.init_p_do_apply/3
Last message: {:continue, :subscribe_to_events}
State: %Commanded.Event.Handler{application: Nexus.App, consistency: :strong, handler_callback: :event, handler_name: "Identity.Projectors.UserRegistrationProjector", handler_module: Nexus.Identity.Projectors.UserRegistrationProjector, handler_state: nil, last_seen_event: nil, subscription: %Commanded.EventStore.Subscription{application: Nexus.App, backoff: {:backoff, 1000, 60000, 1000, :jitter, :undefined, :undefined}, concurrency: 1, partition_by: nil, subscribe_to: :all, subscribe_from: :origin, subscription_name: "Identity.Projectors.UserRegistrationProjector", subscription_opts: [], subscription_pid: nil, subscription_ref: nil}, subscribe_timer: nil}
23:09:56.828 [debug] Subscription "Identity.Projectors.UserRegistrationProjector"@"$all" attempting to connect subscriber #PID<0.1767.0>
23:09:56.829 [debug] Subscription "Identity.Projectors.UserRegistrationProjector"@"$all" catching-up
23:09:56.829 [debug] Nexus.Identity.Projectors.UserRegistrationProjector has successfully subscribed to event store
23:09:56.845 [debug] Nexus.Identity.Projectors.UserRegistrationProjector received events: [%Commanded.EventStore.RecordedEvent{event_id: "282ec866-f518-44ed-95f6-7a535d6c3e25", event_number: 11262, stream_id: "019d0c26-0b00-74a0-bd6d-48329cf61a57", stream_version: 1, causation_id: "d64809a4-8402-4360-8536-99b7a0f860ca", correlation_id: "e0f4b4bb-483c-4914-aaaa-956d1587d67e", event_type: "Elixir.Nexus.Identity.Events.UserRegistered", data: %Nexus.Identity.Events.UserRegistered{user_id: "019d0c26-0b00-74a0-bd6d-48329cf61a57", org_id: "019d0c26-0b00-74a0-8884-24b7b734f296", email: "test@example.com", role: "system_admin", cose_key: "Ym9vdHN0cmFwX2Nvc2Vfa2V5", credential_id: "Ym9vdHN0cmFwX2NyZWRlbnRpYWxfaWQ=", registered_at: "2026-03-20T16:48:33.024173Z", display_name: "Test User", status: "active"}, created_at: ~U[2026-03-20 16:48:33.025211Z], metadata: %{"causation_id" => "019d0c26-0b00-71d0-a1d2-041f55e92cfc", "correlation_id" => "019d0c26-0b00-71d0-a1d2-041f55e92cfc"}}]
23:09:56.845 [debug] QUERY OK db=0.3ms
begin []
23:09:56.846 [debug] QUERY OK source="projection_versions" db=0.3ms
INSERT INTO "projection_versions" AS p0 ("projection_name","last_seen_event_number","inserted_at","updated_at") VALUES ($1,$2,$3,$4) ON CONFLICT ("projection_name") DO UPDATE SET "last_seen_event_number" = $5 WHERE ((p0."projection_name" = $6) AND (p0."last_seen_event_number" < $7)) ["Identity.Projectors.UserRegistrationProjector", 11262, ~N[2026-03-20 23:09:56.845600], ~N[2026-03-20 23:09:56.845600], 11262, "Identity.Projectors.UserRegistrationProjector", 11262]
23:09:56.846 [debug] QUERY OK source="users" db=0.1ms
SELECT u0."id", u0."org_id", u0."email", u0."display_name", u0."status", u0."cose_key", u0."credential_id", u0."roles", u0."created_at", u0."updated_at" FROM "users" AS u0 WHERE (u0."id" = $1) ["019d0c26-0b00-74a0-bd6d-48329cf61a57"]
23:09:56.846 [debug] QUERY OK source="users" db=0.1ms
SELECT u0."id", u0."org_id", u0."email", u0."display_name", u0."status", u0."cose_key", u0."credential_id", u0."roles", u0."created_at", u0."updated_at" FROM "users" AS u0 WHERE (u0."email" = $1) ["test@example.com"]
23:09:56.846 [debug] QUERY OK source="users" db=0.1ms
INSERT INTO "users" ("id","status","org_id","email","display_name","roles","cose_key","credential_id","created_at","updated_at") VALUES ($1,$2,$3,$4,$5,$6,$7,$8,$9,$10) ["019d0c26-0b00-74a0-bd6d-48329cf61a57", "active", "019d0c26-0b00-74a0-8884-24b7b734f296", "test@example.com", "Test User", ["system_admin"], "bootstrap_cose_key", "bootstrap_credential_id", ~U[2026-03-20 23:09:56.846449Z], ~U[2026-03-20 23:09:56.846449Z]]
23:09:56.846 [debug] QUERY ERROR source="identity_user_settings" db=0.0ms
SELECT i0."id", i0."user_id", i0."org_id", i0."locale", i0."timezone", i0."notifications_enabled", i0."created_at", i0."updated_at" FROM "identity_user_settings" AS i0 WHERE (i0."id" = $1) ["019d0c26-0b00-74a0-bd6d-48329cf61a57"]
23:09:56.847 [debug] QUERY OK db=0.1ms
rollback []
23:09:56.848 [error] Nexus.Identity.Projectors.UserRegistrationProjector failed to handle event:
%Commanded.EventStore.RecordedEvent{
  event_id: "282ec866-f518-44ed-95f6-7a535d6c3e25",
  event_number: 11262,
  stream_id: "019d0c26-0b00-74a0-bd6d-48329cf61a57",
  stream_version: 1,
  causation_id: "d64809a4-8402-4360-8536-99b7a0f860ca",
  correlation_id: "e0f4b4bb-483c-4914-aaaa-956d1587d67e",
  event_type: "Elixir.Nexus.Identity.Events.UserRegistered",
  data: %Nexus.Identity.Events.UserRegistered{
    user_id: "019d0c26-0b00-74a0-bd6d-48329cf61a57",
    org_id: "019d0c26-0b00-74a0-8884-24b7b734f296",
    email: "test@example.com",
    role: "system_admin",
    cose_key: "Ym9vdHN0cmFwX2Nvc2Vfa2V5",
    credential_id: "Ym9vdHN0cmFwX2NyZWRlbnRpYWxfaWQ=",
    registered_at: "2026-03-20T16:48:33.024173Z",
    display_name: "Test User",
    status: "active"
  },
  created_at: ~U[2026-03-20 16:48:33.025211Z],
  metadata: %{
    "causation_id" => "019d0c26-0b00-71d0-a1d2-041f55e92cfc",
    "correlation_id" => "019d0c26-0b00-71d0-a1d2-041f55e92cfc"
  }
}, due to:
** (Postgrex.Error) ERROR 42703 (undefined_column) column i0.id does not exist

    query: SELECT i0."id", i0."user_id", i0."org_id", i0."locale", i0."timezone", i0."notifications_enabled", i0."created_at", i0."updated_at" FROM "identity_user_settings" AS i0 WHERE (i0."id" = $1)
    (ecto_sql 3.13.4) lib/ecto/adapters/sql.ex:1113: Ecto.Adapters.SQL.raise_sql_call_error/1
    (ecto_sql 3.13.4) lib/ecto/adapters/sql.ex:1011: Ecto.Adapters.SQL.execute/6
    (ecto 3.13.5) lib/ecto/repo/queryable.ex:241: Ecto.Repo.Queryable.execute/4
    (ecto 3.13.5) lib/ecto/repo/queryable.ex:19: Ecto.Repo.Queryable.all/3
    (ecto 3.13.5) lib/ecto/repo/queryable.ex:163: Ecto.Repo.Queryable.one/3
    (nexus 0.1.0) lib/nexus/identity/projectors/user_registration_projector.ex:53: anonymous fn/3 in Nexus.Identity.Projectors.UserRegistrationProjector.project_registration/3
    (ecto 3.13.5) lib/ecto/multi.ex:905: Ecto.Multi.apply_operation/5
    (elixir 1.19.5) lib/enum.ex:2520: Enum."-reduce/3-lists^foldl/2-0-"/3
    (ecto 3.13.5) lib/ecto/multi.ex:878: anonymous fn/5 in Ecto.Multi.apply_operations/5
    (ecto_sql 3.13.4) lib/ecto/adapters/sql.ex:1473: anonymous fn/3 in Ecto.Adapters.SQL.checkout_or_transaction/4
    (db_connection 2.9.0) lib/db_connection.ex:1747: DBConnection.run_transaction/4
    (ecto 3.13.5) lib/ecto/repo/transaction.ex:30: Ecto.Repo.Transaction.transact/4
    (nexus 0.1.0) deps/commanded_ecto_projections/lib/projections/ecto.ex:97: Nexus.Identity.Projectors.UserRegistrationProjector.update_projection/3
    (commanded 1.4.9) lib/commanded/event/handler.ex:1221: Commanded.Event.Handler.delegate_event_to_handler/2
    (commanded 1.4.9) lib/commanded/event/handler.ex:1062: Commanded.Event.Handler.handle_event/3
    (elixir 1.19.5) lib/enum.ex:2520: Enum."-reduce/3-lists^foldl/2-0-"/3
    (commanded 1.4.9) lib/commanded/event/handler.ex:969: Commanded.Event.Handler.handle_info/2
    (stdlib 7.1) gen_server.erl:2434: :gen_server.try_handle_info/3
    (stdlib 7.1) gen_server.erl:2420: :gen_server.handle_msg/3
    (stdlib 7.1) proc_lib.erl:333: :proc_lib.init_p_do_apply/3

23:09:56.848 [warning] Nexus.Identity.Projectors.UserRegistrationProjector has requested to stop: %Postgrex.Error{message: nil, postgres: %{code: :undefined_column, line: "3721", message: "column i0.id does not exist", position: "8", file: "parse_relation.c", unknown: "ERROR", severity: "ERROR", pg_code: "42703", routine: "errorMissingColumn"}, connection_id: 3158, query: "SELECT i0.\"id\", i0.\"user_id\", i0.\"org_id\", i0.\"locale\", i0.\"timezone\", i0.\"notifications_enabled\", i0.\"created_at\", i0.\"updated_at\" FROM \"identity_user_settings\" AS i0 WHERE (i0.\"id\" = $1)"}
23:09:56.848 [debug] Nexus.Identity.Projectors.UserRegistrationProjector is shutting down due to %Postgrex.Error{message: nil, postgres: %{code: :undefined_column, line: "3721", message: "column i0.id does not exist", position: "8", file: "parse_relation.c", unknown: "ERROR", severity: "ERROR", pg_code: "42703", routine: "errorMissingColumn"}, connection_id: 3158, query: "SELECT i0.\"id\", i0.\"user_id\", i0.\"org_id\", i0.\"locale\", i0.\"timezone\", i0.\"notifications_enabled\", i0.\"created_at\", i0.\"updated_at\" FROM \"identity_user_settings\" AS i0 WHERE (i0.\"id\" = $1)"}
23:09:56.848 [error] GenServer {Nexus.App.LocalRegistry, {Nexus.App, Commanded.Event.Handler, "Identity.Projectors.UserRegistrationProjector"}} terminating
** (stop) %Postgrex.Error{message: nil, postgres: %{code: :undefined_column, line: "3721", message: "column i0.id does not exist", position: "8", file: "parse_relation.c", unknown: "ERROR", severity: "ERROR", pg_code: "42703", routine: "errorMissingColumn"}, connection_id: 3158, query: "SELECT i0.\"id\", i0.\"user_id\", i0.\"org_id\", i0.\"locale\", i0.\"timezone\", i0.\"notifications_enabled\", i0.\"created_at\", i0.\"updated_at\" FROM \"identity_user_settings\" AS i0 WHERE (i0.\"id\" = $1)"}
Last message: {:events, [%Commanded.EventStore.RecordedEvent{event_id: "282ec866-f518-44ed-95f6-7a535d6c3e25", event_number: 11262, stream_id: "019d0c26-0b00-74a0-bd6d-48329cf61a57", stream_version: 1, causation_id: "d64809a4-8402-4360-8536-99b7a0f860ca", correlation_id: "e0f4b4bb-483c-4914-aaaa-956d1587d67e", event_type: "Elixir.Nexus.Identity.Events.UserRegistered", data: %Nexus.Identity.Events.UserRegistered{user_id: "019d0c26-0b00-74a0-bd6d-48329cf61a57", org_id: "019d0c26-0b00-74a0-8884-24b7b734f296", email: "test@example.com", role: "system_admin", cose_key: "Ym9vdHN0cmFwX2Nvc2Vfa2V5", credential_id: "Ym9vdHN0cmFwX2NyZWRlbnRpYWxfaWQ=", registered_at: "2026-03-20T16:48:33.024173Z", display_name: "Test User", status: "active"}, created_at: ~U[2026-03-20 16:48:33.025211Z], metadata: %{"causation_id" => "019d0c26-0b00-71d0-a1d2-041f55e92cfc", "correlation_id" => "019d0c26-0b00-71d0-a1d2-041f55e92cfc"}}]}
State: %Commanded.Event.Handler{application: Nexus.App, consistency: :strong, handler_callback: :event, handler_name: "Identity.Projectors.UserRegistrationProjector", handler_module: Nexus.Identity.Projectors.UserRegistrationProjector, handler_state: nil, last_seen_event: nil, subscription: %Commanded.EventStore.Subscription{application: Nexus.App, backoff: {:backoff, 1000, 60000, 1000, :jitter, :undefined, :undefined}, concurrency: 1, partition_by: nil, subscribe_to: :all, subscribe_from: :origin, subscription_name: "Identity.Projectors.UserRegistrationProjector", subscription_opts: [], subscription_pid: #PID<0.1768.0>, subscription_ref: #Reference<0.504251661.3394502657.95523>}, subscribe_timer: nil}
23:09:56.848 [debug] Subscription "Identity.Projectors.UserRegistrationProjector"@"$all" subscriber #PID<0.1767.0> down due to: %Postgrex.Error{message: nil, postgres: %{code: :undefined_column, line: "3721", message: "column i0.id does not exist", position: "8", file: "parse_relation.c", unknown: "ERROR", severity: "ERROR", pg_code: "42703", routine: "errorMissingColumn"}, connection_id: 3158, query: "SELECT i0.\"id\", i0.\"user_id\", i0.\"org_id\", i0.\"locale\", i0.\"timezone\", i0.\"notifications_enabled\", i0.\"created_at\", i0.\"updated_at\" FROM \"identity_user_settings\" AS i0 WHERE (i0.\"id\" = $1)"}
23:09:56.848 [debug] Subscription "Identity.Projectors.UserRegistrationProjector"@"$all" has no subscribers, shutting down
23:09:56.848 [error] GenServer {Nexus.EventStore.EventStore.Subscriptions.Registry, {"$all", "Identity.Projectors.UserRegistrationProjector"}} terminating
** (stop) %Postgrex.Error{message: nil, postgres: %{code: :undefined_column, line: "3721", message: "column i0.id does not exist", position: "8", file: "parse_relation.c", unknown: "ERROR", severity: "ERROR", pg_code: "42703", routine: "errorMissingColumn"}, connection_id: 3158, query: "SELECT i0.\"id\", i0.\"user_id\", i0.\"org_id\", i0.\"locale\", i0.\"timezone\", i0.\"notifications_enabled\", i0.\"created_at\", i0.\"updated_at\" FROM \"identity_user_settings\" AS i0 WHERE (i0.\"id\" = $1)"}
Last message: {:DOWN, #Reference<0.504251661.3394502659.50655>, :process, #PID<0.1767.0>, %Postgrex.Error{message: nil, postgres: %{code: :undefined_column, line: "3721", message: "column i0.id does not exist", position: "8", file: "parse_relation.c", unknown: "ERROR", severity: "ERROR", pg_code: "42703", routine: "errorMissingColumn"}, connection_id: 3158, query: "SELECT i0.\"id\", i0.\"user_id\", i0.\"org_id\", i0.\"locale\", i0.\"timezone\", i0.\"notifications_enabled\", i0.\"created_at\", i0.\"updated_at\" FROM \"identity_user_settings\" AS i0 WHERE (i0.\"id\" = $1)"}}
State: %EventStore.Subscriptions.Subscription{stream_uuid: "$all", subscription_name: "Identity.Projectors.UserRegistrationProjector", subscription: %EventStore.Subscriptions.SubscriptionFsm{state: :unsubscribed, data: %EventStore.Subscriptions.SubscriptionState{conn: Nexus.EventStore.Postgrex, event_store: Nexus.EventStore, serializer: Commanded.Serialization.JsonSerializer, schema: "event_store", stream_uuid: "$all", start_from: 0, subscription_name: "Identity.Projectors.UserRegistrationProjector", subscription_id: 405, selector: nil, mapper: &Commanded.EventStore.Adapters.EventStore.Mapper.from_recorded_event/1, max_size: 1000, partition_by: nil, query_timeout: 15000, lock_ref: #Reference<0.504251661.3394502658.56353>, last_received: 12196, last_sent: 11262, last_ack: 11261, queue_size: 935, buffer_size: 1, checkpoint_after: 0, checkpoint_threshold: 1, checkpoint_timer_ref: nil, checkpoints_pending: 0, subscribers: %{}, partitions: %{nil: {[%EventStore.RecordedEvent{event_number: 12196, event_id: "51ed3aa0-2b4d-4f9e-bb88-d9b7471414a0", stream_uuid: "a6d32835-04fe-47c3-93c7-50750f4c0025", stream_version: 2, correlation_id: "fb342b99-3477-4551-974c-9a74331120b4", causation_id: "e22481cf-a9ef-4153-a77b-9a91fcb9b83b", event_type: "Elixir.Nexus.Identity.Events.SessionExpired", data: %Nexus.Identity.Events.SessionExpired{org_id: "aefc3981-97e0-4a44-a442-807e9d7b3892", user_id: "a6d32835-04fe-47c3-93c7-50750f4c0025", session_id: "87180336-fdab-415d-a0c7-23fd23f136a9", expired_at: "2026-03-20T23:09:56.784404Z"}, metadata: %{"causation_id" => "019d0d83-38b1-75a5-8e13-bbe0bed9ff21", "correlation_id" => "019d0d83-38b1-75a5-8e13-bbe0bed9ff21"}, created_at: ~U[2026-03-20 23:09:56.786169Z]}, %EventStore.RecordedEvent{event_number: 12195, event_id: "63cf0cf3-679d-4adb-a5fc-1b7c8cdfe448", stream_uuid: "a6d32835-04fe-47c3-93c7-50750f4c0025", stream_version: 1, correlation_id: "4b130646-5380-41f3-b6df-9abfd1ed0d92", causation_id: "0f27ee9d-27db-4e8b-8f2d-6a8556a5e9d4", event_type: "Elixir.Nexus.Identity.Events.UserRegistered", data: %Nexus.Identity.Events.UserRegistered{user_id: "a6d32835-04fe-47c3-93c7-50750f4c0025", org_id: "aefc3981-97e0-4a44-a442-807e9d7b3892", email: "test@example.com", role: "admin", cose_key: "dummy", credential_id: "dummy", registered_at: "2026-03-20T23:09:56.579831Z", display_name: "Test User", status: "active"}, metadata: %{"causation_id" => "019d0d83-37e3-7671-991d-f18a42a53090", "correlation_id" => "019d0d83-37e3-7671-991d-f18a42a53090"}, created_at: ~U[2026-03-20 23:09:56.581065Z]}, %EventStore.RecordedEvent{event_number: 12194, event_id: "3f8f3cbc-ea72-45a7-ab6d-12a43da50245", stream_uuid: "e55da693-c009-4afd-a56e-9b4ab3975acc", stream_version: 2, correlation_id: "e5500f71-9103-4737-8991-5eb165815e23", causation_id: "633094f8-6986-459b-9416-072dd0187fd9", event_type: "Elixir.Nexus.Identity.Events.SessionStarted", data: %Nexus.Identity.Events.SessionStarted{org_id: "84a4120a-ffd5-4f1d-8c8d-39a304840d78", user_id: "e55da693-c009-4afd-a56e-9b4ab3975acc", session_id: "418d0e43-cc2d-4727-80e0-b2438bf62242", session_token: "token123", user_agent: "Mozilla/5.0", ip_address: "127.0.0.1", started_at: "2026-03-20T23:09:56.072666Z"}, metadata: %{"causation_id" => "019d0d83-35e8-753f-984d-38ea338eda81", "correlation_id" => "019d0d83-35e8-753f-984d-38ea338eda81"}, created_at: ~U[2026-03-20 23:09:56.073170Z]}, %EventStore.RecordedEvent{event_number: 12193, event_id: "e88a74fa-5b0c-4b91-8cb5-06995a22261e", stream_uuid: "e55da693-c009-4afd-a56e-9b4ab3975acc", stream_version: 1, correlation_id: "9e656c1d-d0e4-4f46-bf33-1d95e39eba77", causation_id: "26eb51ca-d88e-4ba3-ac69-47b72ac05e07", event_type: "Elixir.Nexus.Identity.Events.UserRegistered", data: %Nexus.Identity.Events.UserRegistered{...}, ...}, ...], ...}}, ...}}, ...}
23:09:56.849 [debug] Nexus.Identity.Projectors.UserRegistrationProjector is shutting down due to {%Postgrex.Error{message: nil, postgres: %{code: :undefined_column, line: "3721", message: "column i0.id does not exist", position: "8", file: "parse_relation.c", unknown: "ERROR", severity: "ERROR", pg_code: "42703", routine: "errorMissingColumn"}, connection_id: 3158, query: "SELECT i0.\"id\", i0.\"user_id\", i0.\"org_id\", i0.\"locale\", i0.\"timezone\", i0.\"notifications_enabled\", i0.\"created_at\", i0.\"updated_at\" FROM \"identity_user_settings\" AS i0 WHERE (i0.\"id\" = $1)"}, {GenServer, :call, [#PID<0.1768.0>, {:connect, #PID<0.1769.0>, [retry_interval: 60000, hibernate_after: 15000, partition_by: nil, concurrency_limit: 1, name: Nexus.EventStore, mapper: &Commanded.EventStore.Adapters.EventStore.Mapper.from_recorded_event/1, conn: Nexus.EventStore.Postgrex, event_store: Nexus.EventStore, query_timeout: 15000, schema: "event_store", serializer: Commanded.Serialization.JsonSerializer, stream_uuid: "$all", subscription_name: "Identity.Projectors.UserRegistrationProjector", start_from: 0]}, 5000]}}
23:09:56.849 [error] GenServer {Nexus.App.LocalRegistry, {Nexus.App, Commanded.Event.Handler, "Identity.Projectors.UserRegistrationProjector"}} terminating
** (stop) exited in: GenServer.call(#PID<0.1768.0>, {:connect, #PID<0.1769.0>, [retry_interval: 60000, hibernate_after: 15000, partition_by: nil, concurrency_limit: 1, name: Nexus.EventStore, mapper: &Commanded.EventStore.Adapters.EventStore.Mapper.from_recorded_event/1, conn: Nexus.EventStore.Postgrex, event_store: Nexus.EventStore, query_timeout: 15000, schema: "event_store", serializer: Commanded.Serialization.JsonSerializer, stream_uuid: "$all", subscription_name: "Identity.Projectors.UserRegistrationProjector", start_from: 0]}, 5000)
    ** (EXIT) %Postgrex.Error{message: nil, postgres: %{code: :undefined_column, line: "3721", message: "column i0.id does not exist", position: "8", file: "parse_relation.c", unknown: "ERROR", severity: "ERROR", pg_code: "42703", routine: "errorMissingColumn"}, connection_id: 3158, query: "SELECT i0.\"id\", i0.\"user_id\", i0.\"org_id\", i0.\"locale\", i0.\"timezone\", i0.\"notifications_enabled\", i0.\"created_at\", i0.\"updated_at\" FROM \"identity_user_settings\" AS i0 WHERE (i0.\"id\" = $1)"}
    (elixir 1.19.5) lib/gen_server.ex:1142: GenServer.call/3
    (commanded 1.4.9) lib/commanded/event_store.ex:289: anonymous fn/2 in Commanded.EventStore.span/3
    (telemetry 1.3.0) /Users/bernard/dev/nexus/deps/telemetry/src/telemetry.erl:324: :telemetry.span/3
    (commanded 1.4.9) lib/commanded/event_store/subscription.ex:58: Commanded.EventStore.Subscription.subscribe/2
    (commanded 1.4.9) lib/commanded/event/handler.ex:1024: Commanded.Event.Handler.subscribe_to_events/1
    (commanded 1.4.9) lib/commanded/event/handler.ex:887: Commanded.Event.Handler.handle_continue/2
    (stdlib 7.1) gen_server.erl:2424: :gen_server.try_handle_continue/3
    (stdlib 7.1) gen_server.erl:2291: :gen_server.loop/4
    (stdlib 7.1) proc_lib.erl:333: :proc_lib.init_p_do_apply/3
Last message: {:continue, :subscribe_to_events}
State: %Commanded.Event.Handler{application: Nexus.App, consistency: :strong, handler_callback: :event, handler_name: "Identity.Projectors.UserRegistrationProjector", handler_module: Nexus.Identity.Projectors.UserRegistrationProjector, handler_state: nil, last_seen_event: nil, subscription: %Commanded.EventStore.Subscription{application: Nexus.App, backoff: {:backoff, 1000, 60000, 1000, :jitter, :undefined, :undefined}, concurrency: 1, partition_by: nil, subscribe_to: :all, subscribe_from: :origin, subscription_name: "Identity.Projectors.UserRegistrationProjector", subscription_opts: [], subscription_pid: nil, subscription_ref: nil}, subscribe_timer: nil}
23:09:56.850 [debug] Subscription "Identity.Projectors.UserRegistrationProjector"@"$all" attempting to connect subscriber #PID<0.1770.0>
23:09:56.850 [debug] Subscription "Identity.Projectors.UserRegistrationProjector"@"$all" catching-up
23:09:56.850 [debug] Nexus.Identity.Projectors.UserRegistrationProjector has successfully subscribed to event store
23:09:56.865 [debug] Nexus.Identity.Projectors.UserRegistrationProjector received events: [%Commanded.EventStore.RecordedEvent{event_id: "282ec866-f518-44ed-95f6-7a535d6c3e25", event_number: 11262, stream_id: "019d0c26-0b00-74a0-bd6d-48329cf61a57", stream_version: 1, causation_id: "d64809a4-8402-4360-8536-99b7a0f860ca", correlation_id: "e0f4b4bb-483c-4914-aaaa-956d1587d67e", event_type: "Elixir.Nexus.Identity.Events.UserRegistered", data: %Nexus.Identity.Events.UserRegistered{user_id: "019d0c26-0b00-74a0-bd6d-48329cf61a57", org_id: "019d0c26-0b00-74a0-8884-24b7b734f296", email: "test@example.com", role: "system_admin", cose_key: "Ym9vdHN0cmFwX2Nvc2Vfa2V5", credential_id: "Ym9vdHN0cmFwX2NyZWRlbnRpYWxfaWQ=", registered_at: "2026-03-20T16:48:33.024173Z", display_name: "Test User", status: "active"}, created_at: ~U[2026-03-20 16:48:33.025211Z], metadata: %{"causation_id" => "019d0c26-0b00-71d0-a1d2-041f55e92cfc", "correlation_id" => "019d0c26-0b00-71d0-a1d2-041f55e92cfc"}}]
23:09:56.865 [debug] QUERY OK db=0.1ms
begin []
23:09:56.865 [debug] QUERY OK source="projection_versions" db=0.1ms
INSERT INTO "projection_versions" AS p0 ("projection_name","last_seen_event_number","inserted_at","updated_at") VALUES ($1,$2,$3,$4) ON CONFLICT ("projection_name") DO UPDATE SET "last_seen_event_number" = $5 WHERE ((p0."projection_name" = $6) AND (p0."last_seen_event_number" < $7)) ["Identity.Projectors.UserRegistrationProjector", 11262, ~N[2026-03-20 23:09:56.865566], ~N[2026-03-20 23:09:56.865566], 11262, "Identity.Projectors.UserRegistrationProjector", 11262]
23:09:56.866 [debug] QUERY OK source="users" db=0.1ms
SELECT u0."id", u0."org_id", u0."email", u0."display_name", u0."status", u0."cose_key", u0."credential_id", u0."roles", u0."created_at", u0."updated_at" FROM "users" AS u0 WHERE (u0."id" = $1) ["019d0c26-0b00-74a0-bd6d-48329cf61a57"]
23:09:56.866 [debug] QUERY OK source="users" db=0.1ms
SELECT u0."id", u0."org_id", u0."email", u0."display_name", u0."status", u0."cose_key", u0."credential_id", u0."roles", u0."created_at", u0."updated_at" FROM "users" AS u0 WHERE (u0."email" = $1) ["test@example.com"]
23:09:56.866 [debug] QUERY OK source="users" db=0.1ms
INSERT INTO "users" ("id","status","org_id","email","display_name","roles","cose_key","credential_id","created_at","updated_at") VALUES ($1,$2,$3,$4,$5,$6,$7,$8,$9,$10) ["019d0c26-0b00-74a0-bd6d-48329cf61a57", "active", "019d0c26-0b00-74a0-8884-24b7b734f296", "test@example.com", "Test User", ["system_admin"], "bootstrap_cose_key", "bootstrap_credential_id", ~U[2026-03-20 23:09:56.866267Z], ~U[2026-03-20 23:09:56.866267Z]]
23:09:56.866 [debug] QUERY ERROR source="identity_user_settings" db=0.0ms
SELECT i0."id", i0."user_id", i0."org_id", i0."locale", i0."timezone", i0."notifications_enabled", i0."created_at", i0."updated_at" FROM "identity_user_settings" AS i0 WHERE (i0."id" = $1) ["019d0c26-0b00-74a0-bd6d-48329cf61a57"]
23:09:56.866 [debug] QUERY OK db=0.1ms
rollback []
23:09:56.868 [error] Nexus.Identity.Projectors.UserRegistrationProjector failed to handle event:
%Commanded.EventStore.RecordedEvent{
  event_id: "282ec866-f518-44ed-95f6-7a535d6c3e25",
  event_number: 11262,
  stream_id: "019d0c26-0b00-74a0-bd6d-48329cf61a57",
  stream_version: 1,
  causation_id: "d64809a4-8402-4360-8536-99b7a0f860ca",
  correlation_id: "e0f4b4bb-483c-4914-aaaa-956d1587d67e",
  event_type: "Elixir.Nexus.Identity.Events.UserRegistered",
  data: %Nexus.Identity.Events.UserRegistered{
    user_id: "019d0c26-0b00-74a0-bd6d-48329cf61a57",
    org_id: "019d0c26-0b00-74a0-8884-24b7b734f296",
    email: "test@example.com",
    role: "system_admin",
    cose_key: "Ym9vdHN0cmFwX2Nvc2Vfa2V5",
    credential_id: "Ym9vdHN0cmFwX2NyZWRlbnRpYWxfaWQ=",
    registered_at: "2026-03-20T16:48:33.024173Z",
    display_name: "Test User",
    status: "active"
  },
  created_at: ~U[2026-03-20 16:48:33.025211Z],
  metadata: %{
    "causation_id" => "019d0c26-0b00-71d0-a1d2-041f55e92cfc",
    "correlation_id" => "019d0c26-0b00-71d0-a1d2-041f55e92cfc"
  }
}, due to:
** (Postgrex.Error) ERROR 42703 (undefined_column) column i0.id does not exist

    query: SELECT i0."id", i0."user_id", i0."org_id", i0."locale", i0."timezone", i0."notifications_enabled", i0."created_at", i0."updated_at" FROM "identity_user_settings" AS i0 WHERE (i0."id" = $1)
    (ecto_sql 3.13.4) lib/ecto/adapters/sql.ex:1113: Ecto.Adapters.SQL.raise_sql_call_error/1
    (ecto_sql 3.13.4) lib/ecto/adapters/sql.ex:1011: Ecto.Adapters.SQL.execute/6
    (ecto 3.13.5) lib/ecto/repo/queryable.ex:241: Ecto.Repo.Queryable.execute/4
    (ecto 3.13.5) lib/ecto/repo/queryable.ex:19: Ecto.Repo.Queryable.all/3
    (ecto 3.13.5) lib/ecto/repo/queryable.ex:163: Ecto.Repo.Queryable.one/3
    (nexus 0.1.0) lib/nexus/identity/projectors/user_registration_projector.ex:53: anonymous fn/3 in Nexus.Identity.Projectors.UserRegistrationProjector.project_registration/3
    (ecto 3.13.5) lib/ecto/multi.ex:905: Ecto.Multi.apply_operation/5
    (elixir 1.19.5) lib/enum.ex:2520: Enum."-reduce/3-lists^foldl/2-0-"/3
    (ecto 3.13.5) lib/ecto/multi.ex:878: anonymous fn/5 in Ecto.Multi.apply_operations/5
    (ecto_sql 3.13.4) lib/ecto/adapters/sql.ex:1473: anonymous fn/3 in Ecto.Adapters.SQL.checkout_or_transaction/4
    (db_connection 2.9.0) lib/db_connection.ex:1747: DBConnection.run_transaction/4
    (ecto 3.13.5) lib/ecto/repo/transaction.ex:30: Ecto.Repo.Transaction.transact/4
    (nexus 0.1.0) deps/commanded_ecto_projections/lib/projections/ecto.ex:97: Nexus.Identity.Projectors.UserRegistrationProjector.update_projection/3
    (commanded 1.4.9) lib/commanded/event/handler.ex:1221: Commanded.Event.Handler.delegate_event_to_handler/2
    (commanded 1.4.9) lib/commanded/event/handler.ex:1062: Commanded.Event.Handler.handle_event/3
    (elixir 1.19.5) lib/enum.ex:2520: Enum."-reduce/3-lists^foldl/2-0-"/3
    (commanded 1.4.9) lib/commanded/event/handler.ex:969: Commanded.Event.Handler.handle_info/2
    (stdlib 7.1) gen_server.erl:2434: :gen_server.try_handle_info/3
    (stdlib 7.1) gen_server.erl:2420: :gen_server.handle_msg/3
    (stdlib 7.1) proc_lib.erl:333: :proc_lib.init_p_do_apply/3

23:09:56.868 [warning] Nexus.Identity.Projectors.UserRegistrationProjector has requested to stop: %Postgrex.Error{message: nil, postgres: %{code: :undefined_column, line: "3721", message: "column i0.id does not exist", position: "8", file: "parse_relation.c", unknown: "ERROR", severity: "ERROR", pg_code: "42703", routine: "errorMissingColumn"}, connection_id: 3158, query: "SELECT i0.\"id\", i0.\"user_id\", i0.\"org_id\", i0.\"locale\", i0.\"timezone\", i0.\"notifications_enabled\", i0.\"created_at\", i0.\"updated_at\" FROM \"identity_user_settings\" AS i0 WHERE (i0.\"id\" = $1)"}
23:09:56.868 [debug] Nexus.Identity.Projectors.UserRegistrationProjector is shutting down due to %Postgrex.Error{message: nil, postgres: %{code: :undefined_column, line: "3721", message: "column i0.id does not exist", position: "8", file: "parse_relation.c", unknown: "ERROR", severity: "ERROR", pg_code: "42703", routine: "errorMissingColumn"}, connection_id: 3158, query: "SELECT i0.\"id\", i0.\"user_id\", i0.\"org_id\", i0.\"locale\", i0.\"timezone\", i0.\"notifications_enabled\", i0.\"created_at\", i0.\"updated_at\" FROM \"identity_user_settings\" AS i0 WHERE (i0.\"id\" = $1)"}
23:09:56.868 [error] GenServer {Nexus.App.LocalRegistry, {Nexus.App, Commanded.Event.Handler, "Identity.Projectors.UserRegistrationProjector"}} terminating
** (stop) %Postgrex.Error{message: nil, postgres: %{code: :undefined_column, line: "3721", message: "column i0.id does not exist", position: "8", file: "parse_relation.c", unknown: "ERROR", severity: "ERROR", pg_code: "42703", routine: "errorMissingColumn"}, connection_id: 3158, query: "SELECT i0.\"id\", i0.\"user_id\", i0.\"org_id\", i0.\"locale\", i0.\"timezone\", i0.\"notifications_enabled\", i0.\"created_at\", i0.\"updated_at\" FROM \"identity_user_settings\" AS i0 WHERE (i0.\"id\" = $1)"}
Last message: {:events, [%Commanded.EventStore.RecordedEvent{event_id: "282ec866-f518-44ed-95f6-7a535d6c3e25", event_number: 11262, stream_id: "019d0c26-0b00-74a0-bd6d-48329cf61a57", stream_version: 1, causation_id: "d64809a4-8402-4360-8536-99b7a0f860ca", correlation_id: "e0f4b4bb-483c-4914-aaaa-956d1587d67e", event_type: "Elixir.Nexus.Identity.Events.UserRegistered", data: %Nexus.Identity.Events.UserRegistered{user_id: "019d0c26-0b00-74a0-bd6d-48329cf61a57", org_id: "019d0c26-0b00-74a0-8884-24b7b734f296", email: "test@example.com", role: "system_admin", cose_key: "Ym9vdHN0cmFwX2Nvc2Vfa2V5", credential_id: "Ym9vdHN0cmFwX2NyZWRlbnRpYWxfaWQ=", registered_at: "2026-03-20T16:48:33.024173Z", display_name: "Test User", status: "active"}, created_at: ~U[2026-03-20 16:48:33.025211Z], metadata: %{"causation_id" => "019d0c26-0b00-71d0-a1d2-041f55e92cfc", "correlation_id" => "019d0c26-0b00-71d0-a1d2-041f55e92cfc"}}]}
State: %Commanded.Event.Handler{application: Nexus.App, consistency: :strong, handler_callback: :event, handler_name: "Identity.Projectors.UserRegistrationProjector", handler_module: Nexus.Identity.Projectors.UserRegistrationProjector, handler_state: nil, last_seen_event: nil, subscription: %Commanded.EventStore.Subscription{application: Nexus.App, backoff: {:backoff, 1000, 60000, 1000, :jitter, :undefined, :undefined}, concurrency: 1, partition_by: nil, subscribe_to: :all, subscribe_from: :origin, subscription_name: "Identity.Projectors.UserRegistrationProjector", subscription_opts: [], subscription_pid: #PID<0.1771.0>, subscription_ref: #Reference<0.504251661.3394502657.95704>}, subscribe_timer: nil}
23:09:56.868 [debug] Subscription "Identity.Projectors.UserRegistrationProjector"@"$all" subscriber #PID<0.1770.0> down due to: %Postgrex.Error{message: nil, postgres: %{code: :undefined_column, line: "3721", message: "column i0.id does not exist", position: "8", file: "parse_relation.c", unknown: "ERROR", severity: "ERROR", pg_code: "42703", routine: "errorMissingColumn"}, connection_id: 3158, query: "SELECT i0.\"id\", i0.\"user_id\", i0.\"org_id\", i0.\"locale\", i0.\"timezone\", i0.\"notifications_enabled\", i0.\"created_at\", i0.\"updated_at\" FROM \"identity_user_settings\" AS i0 WHERE (i0.\"id\" = $1)"}
23:09:56.868 [debug] Subscription "Identity.Projectors.UserRegistrationProjector"@"$all" has no subscribers, shutting down
23:09:56.868 [error] GenServer {Nexus.EventStore.EventStore.Subscriptions.Registry, {"$all", "Identity.Projectors.UserRegistrationProjector"}} terminating
** (stop) %Postgrex.Error{message: nil, postgres: %{code: :undefined_column, line: "3721", message: "column i0.id does not exist", position: "8", file: "parse_relation.c", unknown: "ERROR", severity: "ERROR", pg_code: "42703", routine: "errorMissingColumn"}, connection_id: 3158, query: "SELECT i0.\"id\", i0.\"user_id\", i0.\"org_id\", i0.\"locale\", i0.\"timezone\", i0.\"notifications_enabled\", i0.\"created_at\", i0.\"updated_at\" FROM \"identity_user_settings\" AS i0 WHERE (i0.\"id\" = $1)"}
Last message: {:DOWN, #Reference<0.504251661.3394502660.15359>, :process, #PID<0.1770.0>, %Postgrex.Error{message: nil, postgres: %{code: :undefined_column, line: "3721", message: "column i0.id does not exist", position: "8", file: "parse_relation.c", unknown: "ERROR", severity: "ERROR", pg_code: "42703", routine: "errorMissingColumn"}, connection_id: 3158, query: "SELECT i0.\"id\", i0.\"user_id\", i0.\"org_id\", i0.\"locale\", i0.\"timezone\", i0.\"notifications_enabled\", i0.\"created_at\", i0.\"updated_at\" FROM \"identity_user_settings\" AS i0 WHERE (i0.\"id\" = $1)"}}
State: %EventStore.Subscriptions.Subscription{stream_uuid: "$all", subscription_name: "Identity.Projectors.UserRegistrationProjector", subscription: %EventStore.Subscriptions.SubscriptionFsm{state: :unsubscribed, data: %EventStore.Subscriptions.SubscriptionState{conn: Nexus.EventStore.Postgrex, event_store: Nexus.EventStore, serializer: Commanded.Serialization.JsonSerializer, schema: "event_store", stream_uuid: "$all", start_from: 0, subscription_name: "Identity.Projectors.UserRegistrationProjector", subscription_id: 405, selector: nil, mapper: &Commanded.EventStore.Adapters.EventStore.Mapper.from_recorded_event/1, max_size: 1000, partition_by: nil, query_timeout: 15000, lock_ref: #Reference<0.504251661.3394502658.56416>, last_received: 12196, last_sent: 11262, last_ack: 11261, queue_size: 935, buffer_size: 1, checkpoint_after: 0, checkpoint_threshold: 1, checkpoint_timer_ref: nil, checkpoints_pending: 0, subscribers: %{}, partitions: %{nil: {[%EventStore.RecordedEvent{event_number: 12196, event_id: "51ed3aa0-2b4d-4f9e-bb88-d9b7471414a0", stream_uuid: "a6d32835-04fe-47c3-93c7-50750f4c0025", stream_version: 2, correlation_id: "fb342b99-3477-4551-974c-9a74331120b4", causation_id: "e22481cf-a9ef-4153-a77b-9a91fcb9b83b", event_type: "Elixir.Nexus.Identity.Events.SessionExpired", data: %Nexus.Identity.Events.SessionExpired{org_id: "aefc3981-97e0-4a44-a442-807e9d7b3892", user_id: "a6d32835-04fe-47c3-93c7-50750f4c0025", session_id: "87180336-fdab-415d-a0c7-23fd23f136a9", expired_at: "2026-03-20T23:09:56.784404Z"}, metadata: %{"causation_id" => "019d0d83-38b1-75a5-8e13-bbe0bed9ff21", "correlation_id" => "019d0d83-38b1-75a5-8e13-bbe0bed9ff21"}, created_at: ~U[2026-03-20 23:09:56.786169Z]}, %EventStore.RecordedEvent{event_number: 12195, event_id: "63cf0cf3-679d-4adb-a5fc-1b7c8cdfe448", stream_uuid: "a6d32835-04fe-47c3-93c7-50750f4c0025", stream_version: 1, correlation_id: "4b130646-5380-41f3-b6df-9abfd1ed0d92", causation_id: "0f27ee9d-27db-4e8b-8f2d-6a8556a5e9d4", event_type: "Elixir.Nexus.Identity.Events.UserRegistered", data: %Nexus.Identity.Events.UserRegistered{user_id: "a6d32835-04fe-47c3-93c7-50750f4c0025", org_id: "aefc3981-97e0-4a44-a442-807e9d7b3892", email: "test@example.com", role: "admin", cose_key: "dummy", credential_id: "dummy", registered_at: "2026-03-20T23:09:56.579831Z", display_name: "Test User", status: "active"}, metadata: %{"causation_id" => "019d0d83-37e3-7671-991d-f18a42a53090", "correlation_id" => "019d0d83-37e3-7671-991d-f18a42a53090"}, created_at: ~U[2026-03-20 23:09:56.581065Z]}, %EventStore.RecordedEvent{event_number: 12194, event_id: "3f8f3cbc-ea72-45a7-ab6d-12a43da50245", stream_uuid: "e55da693-c009-4afd-a56e-9b4ab3975acc", stream_version: 2, correlation_id: "e5500f71-9103-4737-8991-5eb165815e23", causation_id: "633094f8-6986-459b-9416-072dd0187fd9", event_type: "Elixir.Nexus.Identity.Events.SessionStarted", data: %Nexus.Identity.Events.SessionStarted{org_id: "84a4120a-ffd5-4f1d-8c8d-39a304840d78", user_id: "e55da693-c009-4afd-a56e-9b4ab3975acc", session_id: "418d0e43-cc2d-4727-80e0-b2438bf62242", session_token: "token123", user_agent: "Mozilla/5.0", ip_address: "127.0.0.1", started_at: "2026-03-20T23:09:56.072666Z"}, metadata: %{"causation_id" => "019d0d83-35e8-753f-984d-38ea338eda81", "correlation_id" => "019d0d83-35e8-753f-984d-38ea338eda81"}, created_at: ~U[2026-03-20 23:09:56.073170Z]}, %EventStore.RecordedEvent{event_number: 12193, event_id: "e88a74fa-5b0c-4b91-8cb5-06995a22261e", stream_uuid: "e55da693-c009-4afd-a56e-9b4ab3975acc", stream_version: 1, correlation_id: "9e656c1d-d0e4-4f46-bf33-1d95e39eba77", causation_id: "26eb51ca-d88e-4ba3-ac69-47b72ac05e07", event_type: "Elixir.Nexus.Identity.Events.UserRegistered", data: %Nexus.Identity.Events.UserRegistered{...}, ...}, ...], ...}}, ...}}, ...}
23:09:56.868 [debug] Nexus.Identity.Projectors.UserRegistrationProjector is shutting down due to {%Postgrex.Error{message: nil, postgres: %{code: :undefined_column, line: "3721", message: "column i0.id does not exist", position: "8", file: "parse_relation.c", unknown: "ERROR", severity: "ERROR", pg_code: "42703", routine: "errorMissingColumn"}, connection_id: 3158, query: "SELECT i0.\"id\", i0.\"user_id\", i0.\"org_id\", i0.\"locale\", i0.\"timezone\", i0.\"notifications_enabled\", i0.\"created_at\", i0.\"updated_at\" FROM \"identity_user_settings\" AS i0 WHERE (i0.\"id\" = $1)"}, {GenServer, :call, [#PID<0.1771.0>, {:connect, #PID<0.1772.0>, [retry_interval: 60000, hibernate_after: 15000, partition_by: nil, concurrency_limit: 1, name: Nexus.EventStore, mapper: &Commanded.EventStore.Adapters.EventStore.Mapper.from_recorded_event/1, conn: Nexus.EventStore.Postgrex, event_store: Nexus.EventStore, query_timeout: 15000, schema: "event_store", serializer: Commanded.Serialization.JsonSerializer, stream_uuid: "$all", subscription_name: "Identity.Projectors.UserRegistrationProjector", start_from: 0]}, 5000]}}
23:09:56.868 [error] GenServer {Nexus.App.LocalRegistry, {Nexus.App, Commanded.Event.Handler, "Identity.Projectors.UserRegistrationProjector"}} terminating
** (stop) exited in: GenServer.call(#PID<0.1771.0>, {:connect, #PID<0.1772.0>, [retry_interval: 60000, hibernate_after: 15000, partition_by: nil, concurrency_limit: 1, name: Nexus.EventStore, mapper: &Commanded.EventStore.Adapters.EventStore.Mapper.from_recorded_event/1, conn: Nexus.EventStore.Postgrex, event_store: Nexus.EventStore, query_timeout: 15000, schema: "event_store", serializer: Commanded.Serialization.JsonSerializer, stream_uuid: "$all", subscription_name: "Identity.Projectors.UserRegistrationProjector", start_from: 0]}, 5000)
    ** (EXIT) %Postgrex.Error{message: nil, postgres: %{code: :undefined_column, line: "3721", message: "column i0.id does not exist", position: "8", file: "parse_relation.c", unknown: "ERROR", severity: "ERROR", pg_code: "42703", routine: "errorMissingColumn"}, connection_id: 3158, query: "SELECT i0.\"id\", i0.\"user_id\", i0.\"org_id\", i0.\"locale\", i0.\"timezone\", i0.\"notifications_enabled\", i0.\"created_at\", i0.\"updated_at\" FROM \"identity_user_settings\" AS i0 WHERE (i0.\"id\" = $1)"}
    (elixir 1.19.5) lib/gen_server.ex:1142: GenServer.call/3
    (commanded 1.4.9) lib/commanded/event_store.ex:289: anonymous fn/2 in Commanded.EventStore.span/3
    (telemetry 1.3.0) /Users/bernard/dev/nexus/deps/telemetry/src/telemetry.erl:324: :telemetry.span/3
    (commanded 1.4.9) lib/commanded/event_store/subscription.ex:58: Commanded.EventStore.Subscription.subscribe/2
    (commanded 1.4.9) lib/commanded/event/handler.ex:1024: Commanded.Event.Handler.subscribe_to_events/1
    (commanded 1.4.9) lib/commanded/event/handler.ex:887: Commanded.Event.Handler.handle_continue/2
    (stdlib 7.1) gen_server.erl:2424: :gen_server.try_handle_continue/3
    (stdlib 7.1) gen_server.erl:2291: :gen_server.loop/4
    (stdlib 7.1) proc_lib.erl:333: :proc_lib.init_p_do_apply/3
Last message: {:continue, :subscribe_to_events}
State: %Commanded.Event.Handler{application: Nexus.App, consistency: :strong, handler_callback: :event, handler_name: "Identity.Projectors.UserRegistrationProjector", handler_module: Nexus.Identity.Projectors.UserRegistrationProjector, handler_state: nil, last_seen_event: nil, subscription: %Commanded.EventStore.Subscription{application: Nexus.App, backoff: {:backoff, 1000, 60000, 1000, :jitter, :undefined, :undefined}, concurrency: 1, partition_by: nil, subscribe_to: :all, subscribe_from: :origin, subscription_name: "Identity.Projectors.UserRegistrationProjector", subscription_opts: [], subscription_pid: nil, subscription_ref: nil}, subscribe_timer: nil}
23:09:56.869 [debug] Subscription "Identity.Projectors.UserRegistrationProjector"@"$all" attempting to connect subscriber #PID<0.1773.0>
23:09:56.870 [debug] Subscription "Identity.Projectors.UserRegistrationProjector"@"$all" catching-up
23:09:56.870 [debug] Nexus.Identity.Projectors.UserRegistrationProjector has successfully subscribed to event store
23:09:56.881 [debug] Nexus.Identity.Projectors.UserRegistrationProjector received events: [%Commanded.EventStore.RecordedEvent{event_id: "282ec866-f518-44ed-95f6-7a535d6c3e25", event_number: 11262, stream_id: "019d0c26-0b00-74a0-bd6d-48329cf61a57", stream_version: 1, causation_id: "d64809a4-8402-4360-8536-99b7a0f860ca", correlation_id: "e0f4b4bb-483c-4914-aaaa-956d1587d67e", event_type: "Elixir.Nexus.Identity.Events.UserRegistered", data: %Nexus.Identity.Events.UserRegistered{user_id: "019d0c26-0b00-74a0-bd6d-48329cf61a57", org_id: "019d0c26-0b00-74a0-8884-24b7b734f296", email: "test@example.com", role: "system_admin", cose_key: "Ym9vdHN0cmFwX2Nvc2Vfa2V5", credential_id: "Ym9vdHN0cmFwX2NyZWRlbnRpYWxfaWQ=", registered_at: "2026-03-20T16:48:33.024173Z", display_name: "Test User", status: "active"}, created_at: ~U[2026-03-20 16:48:33.025211Z], metadata: %{"causation_id" => "019d0c26-0b00-71d0-a1d2-041f55e92cfc", "correlation_id" => "019d0c26-0b00-71d0-a1d2-041f55e92cfc"}}]
23:09:56.881 [debug] QUERY OK db=0.1ms
begin []
23:09:56.882 [debug] QUERY OK source="projection_versions" db=0.1ms
INSERT INTO "projection_versions" AS p0 ("projection_name","last_seen_event_number","inserted_at","updated_at") VALUES ($1,$2,$3,$4) ON CONFLICT ("projection_name") DO UPDATE SET "last_seen_event_number" = $5 WHERE ((p0."projection_name" = $6) AND (p0."last_seen_event_number" < $7)) ["Identity.Projectors.UserRegistrationProjector", 11262, ~N[2026-03-20 23:09:56.881836], ~N[2026-03-20 23:09:56.881836], 11262, "Identity.Projectors.UserRegistrationProjector", 11262]
23:09:56.882 [debug] QUERY OK source="users" db=0.0ms
SELECT u0."id", u0."org_id", u0."email", u0."display_name", u0."status", u0."cose_key", u0."credential_id", u0."roles", u0."created_at", u0."updated_at" FROM "users" AS u0 WHERE (u0."id" = $1) ["019d0c26-0b00-74a0-bd6d-48329cf61a57"]
23:09:56.882 [debug] QUERY OK source="users" db=0.1ms
SELECT u0."id", u0."org_id", u0."email", u0."display_name", u0."status", u0."cose_key", u0."credential_id", u0."roles", u0."created_at", u0."updated_at" FROM "users" AS u0 WHERE (u0."email" = $1) ["test@example.com"]
23:09:56.882 [debug] QUERY OK source="users" db=0.1ms
INSERT INTO "users" ("id","status","org_id","email","display_name","roles","cose_key","credential_id","created_at","updated_at") VALUES ($1,$2,$3,$4,$5,$6,$7,$8,$9,$10) ["019d0c26-0b00-74a0-bd6d-48329cf61a57", "active", "019d0c26-0b00-74a0-8884-24b7b734f296", "test@example.com", "Test User", ["system_admin"], "bootstrap_cose_key", "bootstrap_credential_id", ~U[2026-03-20 23:09:56.882510Z], ~U[2026-03-20 23:09:56.882510Z]]
23:09:56.883 [debug] QUERY ERROR source="identity_user_settings" db=0.0ms
SELECT i0."id", i0."user_id", i0."org_id", i0."locale", i0."timezone", i0."notifications_enabled", i0."created_at", i0."updated_at" FROM "identity_user_settings" AS i0 WHERE (i0."id" = $1) ["019d0c26-0b00-74a0-bd6d-48329cf61a57"]
23:09:56.883 [debug] QUERY OK db=0.1ms
rollback []
23:09:56.884 [error] Nexus.Identity.Projectors.UserRegistrationProjector failed to handle event:
%Commanded.EventStore.RecordedEvent{
  event_id: "282ec866-f518-44ed-95f6-7a535d6c3e25",
  event_number: 11262,
  stream_id: "019d0c26-0b00-74a0-bd6d-48329cf61a57",
  stream_version: 1,
  causation_id: "d64809a4-8402-4360-8536-99b7a0f860ca",
  correlation_id: "e0f4b4bb-483c-4914-aaaa-956d1587d67e",
  event_type: "Elixir.Nexus.Identity.Events.UserRegistered",
  data: %Nexus.Identity.Events.UserRegistered{
    user_id: "019d0c26-0b00-74a0-bd6d-48329cf61a57",
    org_id: "019d0c26-0b00-74a0-8884-24b7b734f296",
    email: "test@example.com",
    role: "system_admin",
    cose_key: "Ym9vdHN0cmFwX2Nvc2Vfa2V5",
    credential_id: "Ym9vdHN0cmFwX2NyZWRlbnRpYWxfaWQ=",
    registered_at: "2026-03-20T16:48:33.024173Z",
    display_name: "Test User",
    status: "active"
  },
  created_at: ~U[2026-03-20 16:48:33.025211Z],
  metadata: %{
    "causation_id" => "019d0c26-0b00-71d0-a1d2-041f55e92cfc",
    "correlation_id" => "019d0c26-0b00-71d0-a1d2-041f55e92cfc"
  }
}, due to:
** (Postgrex.Error) ERROR 42703 (undefined_column) column i0.id does not exist

    query: SELECT i0."id", i0."user_id", i0."org_id", i0."locale", i0."timezone", i0."notifications_enabled", i0."created_at", i0."updated_at" FROM "identity_user_settings" AS i0 WHERE (i0."id" = $1)
    (ecto_sql 3.13.4) lib/ecto/adapters/sql.ex:1113: Ecto.Adapters.SQL.raise_sql_call_error/1
    (ecto_sql 3.13.4) lib/ecto/adapters/sql.ex:1011: Ecto.Adapters.SQL.execute/6
    (ecto 3.13.5) lib/ecto/repo/queryable.ex:241: Ecto.Repo.Queryable.execute/4
    (ecto 3.13.5) lib/ecto/repo/queryable.ex:19: Ecto.Repo.Queryable.all/3
    (ecto 3.13.5) lib/ecto/repo/queryable.ex:163: Ecto.Repo.Queryable.one/3
    (nexus 0.1.0) lib/nexus/identity/projectors/user_registration_projector.ex:53: anonymous fn/3 in Nexus.Identity.Projectors.UserRegistrationProjector.project_registration/3
    (ecto 3.13.5) lib/ecto/multi.ex:905: Ecto.Multi.apply_operation/5
    (elixir 1.19.5) lib/enum.ex:2520: Enum."-reduce/3-lists^foldl/2-0-"/3
    (ecto 3.13.5) lib/ecto/multi.ex:878: anonymous fn/5 in Ecto.Multi.apply_operations/5
    (ecto_sql 3.13.4) lib/ecto/adapters/sql.ex:1473: anonymous fn/3 in Ecto.Adapters.SQL.checkout_or_transaction/4
    (db_connection 2.9.0) lib/db_connection.ex:1747: DBConnection.run_transaction/4
    (ecto 3.13.5) lib/ecto/repo/transaction.ex:30: Ecto.Repo.Transaction.transact/4
    (nexus 0.1.0) deps/commanded_ecto_projections/lib/projections/ecto.ex:97: Nexus.Identity.Projectors.UserRegistrationProjector.update_projection/3
    (commanded 1.4.9) lib/commanded/event/handler.ex:1221: Commanded.Event.Handler.delegate_event_to_handler/2
    (commanded 1.4.9) lib/commanded/event/handler.ex:1062: Commanded.Event.Handler.handle_event/3
    (elixir 1.19.5) lib/enum.ex:2520: Enum."-reduce/3-lists^foldl/2-0-"/3
    (commanded 1.4.9) lib/commanded/event/handler.ex:969: Commanded.Event.Handler.handle_info/2
    (stdlib 7.1) gen_server.erl:2434: :gen_server.try_handle_info/3
    (stdlib 7.1) gen_server.erl:2420: :gen_server.handle_msg/3
    (stdlib 7.1) proc_lib.erl:333: :proc_lib.init_p_do_apply/3

23:09:56.884 [warning] Nexus.Identity.Projectors.UserRegistrationProjector has requested to stop: %Postgrex.Error{message: nil, postgres: %{code: :undefined_column, line: "3721", message: "column i0.id does not exist", position: "8", file: "parse_relation.c", unknown: "ERROR", severity: "ERROR", pg_code: "42703", routine: "errorMissingColumn"}, connection_id: 3158, query: "SELECT i0.\"id\", i0.\"user_id\", i0.\"org_id\", i0.\"locale\", i0.\"timezone\", i0.\"notifications_enabled\", i0.\"created_at\", i0.\"updated_at\" FROM \"identity_user_settings\" AS i0 WHERE (i0.\"id\" = $1)"}
23:09:56.884 [debug] Nexus.Identity.Projectors.UserRegistrationProjector is shutting down due to %Postgrex.Error{message: nil, postgres: %{code: :undefined_column, line: "3721", message: "column i0.id does not exist", position: "8", file: "parse_relation.c", unknown: "ERROR", severity: "ERROR", pg_code: "42703", routine: "errorMissingColumn"}, connection_id: 3158, query: "SELECT i0.\"id\", i0.\"user_id\", i0.\"org_id\", i0.\"locale\", i0.\"timezone\", i0.\"notifications_enabled\", i0.\"created_at\", i0.\"updated_at\" FROM \"identity_user_settings\" AS i0 WHERE (i0.\"id\" = $1)"}
23:09:56.884 [error] GenServer {Nexus.App.LocalRegistry, {Nexus.App, Commanded.Event.Handler, "Identity.Projectors.UserRegistrationProjector"}} terminating
** (stop) %Postgrex.Error{message: nil, postgres: %{code: :undefined_column, line: "3721", message: "column i0.id does not exist", position: "8", file: "parse_relation.c", unknown: "ERROR", severity: "ERROR", pg_code: "42703", routine: "errorMissingColumn"}, connection_id: 3158, query: "SELECT i0.\"id\", i0.\"user_id\", i0.\"org_id\", i0.\"locale\", i0.\"timezone\", i0.\"notifications_enabled\", i0.\"created_at\", i0.\"updated_at\" FROM \"identity_user_settings\" AS i0 WHERE (i0.\"id\" = $1)"}
Last message: {:events, [%Commanded.EventStore.RecordedEvent{event_id: "282ec866-f518-44ed-95f6-7a535d6c3e25", event_number: 11262, stream_id: "019d0c26-0b00-74a0-bd6d-48329cf61a57", stream_version: 1, causation_id: "d64809a4-8402-4360-8536-99b7a0f860ca", correlation_id: "e0f4b4bb-483c-4914-aaaa-956d1587d67e", event_type: "Elixir.Nexus.Identity.Events.UserRegistered", data: %Nexus.Identity.Events.UserRegistered{user_id: "019d0c26-0b00-74a0-bd6d-48329cf61a57", org_id: "019d0c26-0b00-74a0-8884-24b7b734f296", email: "test@example.com", role: "system_admin", cose_key: "Ym9vdHN0cmFwX2Nvc2Vfa2V5", credential_id: "Ym9vdHN0cmFwX2NyZWRlbnRpYWxfaWQ=", registered_at: "2026-03-20T16:48:33.024173Z", display_name: "Test User", status: "active"}, created_at: ~U[2026-03-20 16:48:33.025211Z], metadata: %{"causation_id" => "019d0c26-0b00-71d0-a1d2-041f55e92cfc", "correlation_id" => "019d0c26-0b00-71d0-a1d2-041f55e92cfc"}}]}
State: %Commanded.Event.Handler{application: Nexus.App, consistency: :strong, handler_callback: :event, handler_name: "Identity.Projectors.UserRegistrationProjector", handler_module: Nexus.Identity.Projectors.UserRegistrationProjector, handler_state: nil, last_seen_event: nil, subscription: %Commanded.EventStore.Subscription{application: Nexus.App, backoff: {:backoff, 1000, 60000, 1000, :jitter, :undefined, :undefined}, concurrency: 1, partition_by: nil, subscribe_to: :all, subscribe_from: :origin, subscription_name: "Identity.Projectors.UserRegistrationProjector", subscription_opts: [], subscription_pid: #PID<0.1774.0>, subscription_ref: #Reference<0.504251661.3394502659.50717>}, subscribe_timer: nil}
23:09:56.884 [debug] Subscription "Identity.Projectors.UserRegistrationProjector"@"$all" subscriber #PID<0.1773.0> down due to: %Postgrex.Error{message: nil, postgres: %{code: :undefined_column, line: "3721", message: "column i0.id does not exist", position: "8", file: "parse_relation.c", unknown: "ERROR", severity: "ERROR", pg_code: "42703", routine: "errorMissingColumn"}, connection_id: 3158, query: "SELECT i0.\"id\", i0.\"user_id\", i0.\"org_id\", i0.\"locale\", i0.\"timezone\", i0.\"notifications_enabled\", i0.\"created_at\", i0.\"updated_at\" FROM \"identity_user_settings\" AS i0 WHERE (i0.\"id\" = $1)"}
23:09:56.884 [debug] Subscription "Identity.Projectors.UserRegistrationProjector"@"$all" has no subscribers, shutting down
23:09:56.884 [error] GenServer {Nexus.EventStore.EventStore.Subscriptions.Registry, {"$all", "Identity.Projectors.UserRegistrationProjector"}} terminating
** (stop) %Postgrex.Error{message: nil, postgres: %{code: :undefined_column, line: "3721", message: "column i0.id does not exist", position: "8", file: "parse_relation.c", unknown: "ERROR", severity: "ERROR", pg_code: "42703", routine: "errorMissingColumn"}, connection_id: 3158, query: "SELECT i0.\"id\", i0.\"user_id\", i0.\"org_id\", i0.\"locale\", i0.\"timezone\", i0.\"notifications_enabled\", i0.\"created_at\", i0.\"updated_at\" FROM \"identity_user_settings\" AS i0 WHERE (i0.\"id\" = $1)"}
Last message: {:DOWN, #Reference<0.504251661.3394502660.15428>, :process, #PID<0.1773.0>, %Postgrex.Error{message: nil, postgres: %{code: :undefined_column, line: "3721", message: "column i0.id does not exist", position: "8", file: "parse_relation.c", unknown: "ERROR", severity: "ERROR", pg_code: "42703", routine: "errorMissingColumn"}, connection_id: 3158, query: "SELECT i0.\"id\", i0.\"user_id\", i0.\"org_id\", i0.\"locale\", i0.\"timezone\", i0.\"notifications_enabled\", i0.\"created_at\", i0.\"updated_at\" FROM \"identity_user_settings\" AS i0 WHERE (i0.\"id\" = $1)"}}
State: %EventStore.Subscriptions.Subscription{stream_uuid: "$all", subscription_name: "Identity.Projectors.UserRegistrationProjector", subscription: %EventStore.Subscriptions.SubscriptionFsm{state: :unsubscribed, data: %EventStore.Subscriptions.SubscriptionState{conn: Nexus.EventStore.Postgrex, event_store: Nexus.EventStore, serializer: Commanded.Serialization.JsonSerializer, schema: "event_store", stream_uuid: "$all", start_from: 0, subscription_name: "Identity.Projectors.UserRegistrationProjector", subscription_id: 405, selector: nil, mapper: &Commanded.EventStore.Adapters.EventStore.Mapper.from_recorded_event/1, max_size: 1000, partition_by: nil, query_timeout: 15000, lock_ref: #Reference<0.504251661.3394502658.56445>, last_received: 12196, last_sent: 11262, last_ack: 11261, queue_size: 935, buffer_size: 1, checkpoint_after: 0, checkpoint_threshold: 1, checkpoint_timer_ref: nil, checkpoints_pending: 0, subscribers: %{}, partitions: %{nil: {[%EventStore.RecordedEvent{event_number: 12196, event_id: "51ed3aa0-2b4d-4f9e-bb88-d9b7471414a0", stream_uuid: "a6d32835-04fe-47c3-93c7-50750f4c0025", stream_version: 2, correlation_id: "fb342b99-3477-4551-974c-9a74331120b4", causation_id: "e22481cf-a9ef-4153-a77b-9a91fcb9b83b", event_type: "Elixir.Nexus.Identity.Events.SessionExpired", data: %Nexus.Identity.Events.SessionExpired{org_id: "aefc3981-97e0-4a44-a442-807e9d7b3892", user_id: "a6d32835-04fe-47c3-93c7-50750f4c0025", session_id: "87180336-fdab-415d-a0c7-23fd23f136a9", expired_at: "2026-03-20T23:09:56.784404Z"}, metadata: %{"causation_id" => "019d0d83-38b1-75a5-8e13-bbe0bed9ff21", "correlation_id" => "019d0d83-38b1-75a5-8e13-bbe0bed9ff21"}, created_at: ~U[2026-03-20 23:09:56.786169Z]}, %EventStore.RecordedEvent{event_number: 12195, event_id: "63cf0cf3-679d-4adb-a5fc-1b7c8cdfe448", stream_uuid: "a6d32835-04fe-47c3-93c7-50750f4c0025", stream_version: 1, correlation_id: "4b130646-5380-41f3-b6df-9abfd1ed0d92", causation_id: "0f27ee9d-27db-4e8b-8f2d-6a8556a5e9d4", event_type: "Elixir.Nexus.Identity.Events.UserRegistered", data: %Nexus.Identity.Events.UserRegistered{user_id: "a6d32835-04fe-47c3-93c7-50750f4c0025", org_id: "aefc3981-97e0-4a44-a442-807e9d7b3892", email: "test@example.com", role: "admin", cose_key: "dummy", credential_id: "dummy", registered_at: "2026-03-20T23:09:56.579831Z", display_name: "Test User", status: "active"}, metadata: %{"causation_id" => "019d0d83-37e3-7671-991d-f18a42a53090", "correlation_id" => "019d0d83-37e3-7671-991d-f18a42a53090"}, created_at: ~U[2026-03-20 23:09:56.581065Z]}, %EventStore.RecordedEvent{event_number: 12194, event_id: "3f8f3cbc-ea72-45a7-ab6d-12a43da50245", stream_uuid: "e55da693-c009-4afd-a56e-9b4ab3975acc", stream_version: 2, correlation_id: "e5500f71-9103-4737-8991-5eb165815e23", causation_id: "633094f8-6986-459b-9416-072dd0187fd9", event_type: "Elixir.Nexus.Identity.Events.SessionStarted", data: %Nexus.Identity.Events.SessionStarted{org_id: "84a4120a-ffd5-4f1d-8c8d-39a304840d78", user_id: "e55da693-c009-4afd-a56e-9b4ab3975acc", session_id: "418d0e43-cc2d-4727-80e0-b2438bf62242", session_token: "token123", user_agent: "Mozilla/5.0", ip_address: "127.0.0.1", started_at: "2026-03-20T23:09:56.072666Z"}, metadata: %{"causation_id" => "019d0d83-35e8-753f-984d-38ea338eda81", "correlation_id" => "019d0d83-35e8-753f-984d-38ea338eda81"}, created_at: ~U[2026-03-20 23:09:56.073170Z]}, %EventStore.RecordedEvent{event_number: 12193, event_id: "e88a74fa-5b0c-4b91-8cb5-06995a22261e", stream_uuid: "e55da693-c009-4afd-a56e-9b4ab3975acc", stream_version: 1, correlation_id: "9e656c1d-d0e4-4f46-bf33-1d95e39eba77", causation_id: "26eb51ca-d88e-4ba3-ac69-47b72ac05e07", event_type: "Elixir.Nexus.Identity.Events.UserRegistered", data: %Nexus.Identity.Events.UserRegistered{...}, ...}, ...], ...}}, ...}}, ...}
23:09:56.885 [debug] Nexus.Identity.Projectors.UserRegistrationProjector is shutting down due to {%Postgrex.Error{message: nil, postgres: %{code: :undefined_column, line: "3721", message: "column i0.id does not exist", position: "8", file: "parse_relation.c", unknown: "ERROR", severity: "ERROR", pg_code: "42703", routine: "errorMissingColumn"}, connection_id: 3158, query: "SELECT i0.\"id\", i0.\"user_id\", i0.\"org_id\", i0.\"locale\", i0.\"timezone\", i0.\"notifications_enabled\", i0.\"created_at\", i0.\"updated_at\" FROM \"identity_user_settings\" AS i0 WHERE (i0.\"id\" = $1)"}, {GenServer, :call, [#PID<0.1774.0>, {:connect, #PID<0.1775.0>, [retry_interval: 60000, hibernate_after: 15000, partition_by: nil, concurrency_limit: 1, name: Nexus.EventStore, mapper: &Commanded.EventStore.Adapters.EventStore.Mapper.from_recorded_event/1, conn: Nexus.EventStore.Postgrex, event_store: Nexus.EventStore, query_timeout: 15000, schema: "event_store", serializer: Commanded.Serialization.JsonSerializer, stream_uuid: "$all", subscription_name: "Identity.Projectors.UserRegistrationProjector", start_from: 0]}, 5000]}}
23:09:56.885 [error] GenServer {Nexus.App.LocalRegistry, {Nexus.App, Commanded.Event.Handler, "Identity.Projectors.UserRegistrationProjector"}} terminating
** (stop) exited in: GenServer.call(#PID<0.1774.0>, {:connect, #PID<0.1775.0>, [retry_interval: 60000, hibernate_after: 15000, partition_by: nil, concurrency_limit: 1, name: Nexus.EventStore, mapper: &Commanded.EventStore.Adapters.EventStore.Mapper.from_recorded_event/1, conn: Nexus.EventStore.Postgrex, event_store: Nexus.EventStore, query_timeout: 15000, schema: "event_store", serializer: Commanded.Serialization.JsonSerializer, stream_uuid: "$all", subscription_name: "Identity.Projectors.UserRegistrationProjector", start_from: 0]}, 5000)
    ** (EXIT) %Postgrex.Error{message: nil, postgres: %{code: :undefined_column, line: "3721", message: "column i0.id does not exist", position: "8", file: "parse_relation.c", unknown: "ERROR", severity: "ERROR", pg_code: "42703", routine: "errorMissingColumn"}, connection_id: 3158, query: "SELECT i0.\"id\", i0.\"user_id\", i0.\"org_id\", i0.\"locale\", i0.\"timezone\", i0.\"notifications_enabled\", i0.\"created_at\", i0.\"updated_at\" FROM \"identity_user_settings\" AS i0 WHERE (i0.\"id\" = $1)"}
    (elixir 1.19.5) lib/gen_server.ex:1142: GenServer.call/3
    (commanded 1.4.9) lib/commanded/event_store.ex:289: anonymous fn/2 in Commanded.EventStore.span/3
    (telemetry 1.3.0) /Users/bernard/dev/nexus/deps/telemetry/src/telemetry.erl:324: :telemetry.span/3
    (commanded 1.4.9) lib/commanded/event_store/subscription.ex:58: Commanded.EventStore.Subscription.subscribe/2
    (commanded 1.4.9) lib/commanded/event/handler.ex:1024: Commanded.Event.Handler.subscribe_to_events/1
    (commanded 1.4.9) lib/commanded/event/handler.ex:887: Commanded.Event.Handler.handle_continue/2
    (stdlib 7.1) gen_server.erl:2424: :gen_server.try_handle_continue/3
    (stdlib 7.1) gen_server.erl:2291: :gen_server.loop/4
    (stdlib 7.1) proc_lib.erl:333: :proc_lib.init_p_do_apply/3
Last message: {:continue, :subscribe_to_events}
State: %Commanded.Event.Handler{application: Nexus.App, consistency: :strong, handler_callback: :event, handler_name: "Identity.Projectors.UserRegistrationProjector", handler_module: Nexus.Identity.Projectors.UserRegistrationProjector, handler_state: nil, last_seen_event: nil, subscription: %Commanded.EventStore.Subscription{application: Nexus.App, backoff: {:backoff, 1000, 60000, 1000, :jitter, :undefined, :undefined}, concurrency: 1, partition_by: nil, subscribe_to: :all, subscribe_from: :origin, subscription_name: "Identity.Projectors.UserRegistrationProjector", subscription_opts: [], subscription_pid: nil, subscription_ref: nil}, subscribe_timer: nil}
23:09:56.886 [debug] Subscription "Identity.Projectors.UserRegistrationProjector"@"$all" attempting to connect subscriber #PID<0.1776.0>
23:09:56.888 [debug] Subscription "Identity.Projectors.UserRegistrationProjector"@"$all" catching-up
23:09:56.888 [debug] Nexus.Identity.Projectors.UserRegistrationProjector has successfully subscribed to event store
.23:09:57.455 [debug] Nexus.Identity.Projectors.UserRegistrationProjector received events: [%Commanded.EventStore.RecordedEvent{event_id: "282ec866-f518-44ed-95f6-7a535d6c3e25", event_number: 11262, stream_id: "019d0c26-0b00-74a0-bd6d-48329cf61a57", stream_version: 1, causation_id: "d64809a4-8402-4360-8536-99b7a0f860ca", correlation_id: "e0f4b4bb-483c-4914-aaaa-956d1587d67e", event_type: "Elixir.Nexus.Identity.Events.UserRegistered", data: %Nexus.Identity.Events.UserRegistered{user_id: "019d0c26-0b00-74a0-bd6d-48329cf61a57", org_id: "019d0c26-0b00-74a0-8884-24b7b734f296", email: "test@example.com", role: "system_admin", cose_key: "Ym9vdHN0cmFwX2Nvc2Vfa2V5", credential_id: "Ym9vdHN0cmFwX2NyZWRlbnRpYWxfaWQ=", registered_at: "2026-03-20T16:48:33.024173Z", display_name: "Test User", status: "active"}, created_at: ~U[2026-03-20 16:48:33.025211Z], metadata: %{"causation_id" => "019d0c26-0b00-71d0-a1d2-041f55e92cfc", "correlation_id" => "019d0c26-0b00-71d0-a1d2-041f55e92cfc"}}]
23:09:57.455 [debug] QUERY OK db=0.1ms
begin []
23:09:57.455 [debug] QUERY OK source="projection_versions" db=0.1ms
INSERT INTO "projection_versions" AS p0 ("projection_name","last_seen_event_number","inserted_at","updated_at") VALUES ($1,$2,$3,$4) ON CONFLICT ("projection_name") DO UPDATE SET "last_seen_event_number" = $5 WHERE ((p0."projection_name" = $6) AND (p0."last_seen_event_number" < $7)) ["Identity.Projectors.UserRegistrationProjector", 11262, ~N[2026-03-20 23:09:57.455332], ~N[2026-03-20 23:09:57.455332], 11262, "Identity.Projectors.UserRegistrationProjector", 11262]
23:09:57.455 [debug] QUERY OK source="users" db=0.1ms
SELECT u0."id", u0."org_id", u0."email", u0."display_name", u0."status", u0."cose_key", u0."credential_id", u0."roles", u0."created_at", u0."updated_at" FROM "users" AS u0 WHERE (u0."id" = $1) ["019d0c26-0b00-74a0-bd6d-48329cf61a57"]
23:09:57.456 [debug] QUERY OK source="users" db=0.1ms
SELECT u0."id", u0."org_id", u0."email", u0."display_name", u0."status", u0."cose_key", u0."credential_id", u0."roles", u0."created_at", u0."updated_at" FROM "users" AS u0 WHERE (u0."email" = $1) ["test@example.com"]
23:09:57.456 [debug] QUERY OK source="users" db=0.1ms
INSERT INTO "users" ("id","status","org_id","email","display_name","roles","cose_key","credential_id","created_at","updated_at") VALUES ($1,$2,$3,$4,$5,$6,$7,$8,$9,$10) ["019d0c26-0b00-74a0-bd6d-48329cf61a57", "active", "019d0c26-0b00-74a0-8884-24b7b734f296", "test@example.com", "Test User", ["system_admin"], "bootstrap_cose_key", "bootstrap_credential_id", ~U[2026-03-20 23:09:57.456073Z], ~U[2026-03-20 23:09:57.456073Z]]
23:09:57.456 [debug] QUERY ERROR source="identity_user_settings" db=0.0ms
SELECT i0."id", i0."user_id", i0."org_id", i0."locale", i0."timezone", i0."notifications_enabled", i0."created_at", i0."updated_at" FROM "identity_user_settings" AS i0 WHERE (i0."id" = $1) ["019d0c26-0b00-74a0-bd6d-48329cf61a57"]
23:09:57.456 [debug] QUERY OK db=0.1ms
rollback []
23:09:57.457 [error] Nexus.Identity.Projectors.UserRegistrationProjector failed to handle event:
%Commanded.EventStore.RecordedEvent{
  event_id: "282ec866-f518-44ed-95f6-7a535d6c3e25",
  event_number: 11262,
  stream_id: "019d0c26-0b00-74a0-bd6d-48329cf61a57",
  stream_version: 1,
  causation_id: "d64809a4-8402-4360-8536-99b7a0f860ca",
  correlation_id: "e0f4b4bb-483c-4914-aaaa-956d1587d67e",
  event_type: "Elixir.Nexus.Identity.Events.UserRegistered",
  data: %Nexus.Identity.Events.UserRegistered{
    user_id: "019d0c26-0b00-74a0-bd6d-48329cf61a57",
    org_id: "019d0c26-0b00-74a0-8884-24b7b734f296",
    email: "test@example.com",
    role: "system_admin",
    cose_key: "Ym9vdHN0cmFwX2Nvc2Vfa2V5",
    credential_id: "Ym9vdHN0cmFwX2NyZWRlbnRpYWxfaWQ=",
    registered_at: "2026-03-20T16:48:33.024173Z",
    display_name: "Test User",
    status: "active"
  },
  created_at: ~U[2026-03-20 16:48:33.025211Z],
  metadata: %{
    "causation_id" => "019d0c26-0b00-71d0-a1d2-041f55e92cfc",
    "correlation_id" => "019d0c26-0b00-71d0-a1d2-041f55e92cfc"
  }
}, due to:
** (Postgrex.Error) ERROR 42703 (undefined_column) column i0.id does not exist

    query: SELECT i0."id", i0."user_id", i0."org_id", i0."locale", i0."timezone", i0."notifications_enabled", i0."created_at", i0."updated_at" FROM "identity_user_settings" AS i0 WHERE (i0."id" = $1)
    (ecto_sql 3.13.4) lib/ecto/adapters/sql.ex:1113: Ecto.Adapters.SQL.raise_sql_call_error/1
    (ecto_sql 3.13.4) lib/ecto/adapters/sql.ex:1011: Ecto.Adapters.SQL.execute/6
    (ecto 3.13.5) lib/ecto/repo/queryable.ex:241: Ecto.Repo.Queryable.execute/4
    (ecto 3.13.5) lib/ecto/repo/queryable.ex:19: Ecto.Repo.Queryable.all/3
    (ecto 3.13.5) lib/ecto/repo/queryable.ex:163: Ecto.Repo.Queryable.one/3
    (nexus 0.1.0) lib/nexus/identity/projectors/user_registration_projector.ex:53: anonymous fn/3 in Nexus.Identity.Projectors.UserRegistrationProjector.project_registration/3
    (ecto 3.13.5) lib/ecto/multi.ex:905: Ecto.Multi.apply_operation/5
    (elixir 1.19.5) lib/enum.ex:2520: Enum."-reduce/3-lists^foldl/2-0-"/3
    (ecto 3.13.5) lib/ecto/multi.ex:878: anonymous fn/5 in Ecto.Multi.apply_operations/5
    (ecto_sql 3.13.4) lib/ecto/adapters/sql.ex:1473: anonymous fn/3 in Ecto.Adapters.SQL.checkout_or_transaction/4
    (db_connection 2.9.0) lib/db_connection.ex:1747: DBConnection.run_transaction/4
    (ecto 3.13.5) lib/ecto/repo/transaction.ex:30: Ecto.Repo.Transaction.transact/4
    (nexus 0.1.0) deps/commanded_ecto_projections/lib/projections/ecto.ex:97: Nexus.Identity.Projectors.UserRegistrationProjector.update_projection/3
    (commanded 1.4.9) lib/commanded/event/handler.ex:1221: Commanded.Event.Handler.delegate_event_to_handler/2
    (commanded 1.4.9) lib/commanded/event/handler.ex:1062: Commanded.Event.Handler.handle_event/3
    (elixir 1.19.5) lib/enum.ex:2520: Enum."-reduce/3-lists^foldl/2-0-"/3
    (commanded 1.4.9) lib/commanded/event/handler.ex:969: Commanded.Event.Handler.handle_info/2
    (stdlib 7.1) gen_server.erl:2434: :gen_server.try_handle_info/3
    (stdlib 7.1) gen_server.erl:2420: :gen_server.handle_msg/3
    (stdlib 7.1) proc_lib.erl:333: :proc_lib.init_p_do_apply/3

23:09:57.457 [warning] Nexus.Identity.Projectors.UserRegistrationProjector has requested to stop: %Postgrex.Error{message: nil, postgres: %{code: :undefined_column, line: "3721", message: "column i0.id does not exist", position: "8", file: "parse_relation.c", unknown: "ERROR", severity: "ERROR", pg_code: "42703", routine: "errorMissingColumn"}, connection_id: 3157, query: "SELECT i0.\"id\", i0.\"user_id\", i0.\"org_id\", i0.\"locale\", i0.\"timezone\", i0.\"notifications_enabled\", i0.\"created_at\", i0.\"updated_at\" FROM \"identity_user_settings\" AS i0 WHERE (i0.\"id\" = $1)"}
23:09:57.457 [debug] Nexus.Identity.Projectors.UserRegistrationProjector is shutting down due to %Postgrex.Error{message: nil, postgres: %{code: :undefined_column, line: "3721", message: "column i0.id does not exist", position: "8", file: "parse_relation.c", unknown: "ERROR", severity: "ERROR", pg_code: "42703", routine: "errorMissingColumn"}, connection_id: 3157, query: "SELECT i0.\"id\", i0.\"user_id\", i0.\"org_id\", i0.\"locale\", i0.\"timezone\", i0.\"notifications_enabled\", i0.\"created_at\", i0.\"updated_at\" FROM \"identity_user_settings\" AS i0 WHERE (i0.\"id\" = $1)"}
23:09:57.457 [error] GenServer {Nexus.App.LocalRegistry, {Nexus.App, Commanded.Event.Handler, "Identity.Projectors.UserRegistrationProjector"}} terminating
** (stop) %Postgrex.Error{message: nil, postgres: %{code: :undefined_column, line: "3721", message: "column i0.id does not exist", position: "8", file: "parse_relation.c", unknown: "ERROR", severity: "ERROR", pg_code: "42703", routine: "errorMissingColumn"}, connection_id: 3157, query: "SELECT i0.\"id\", i0.\"user_id\", i0.\"org_id\", i0.\"locale\", i0.\"timezone\", i0.\"notifications_enabled\", i0.\"created_at\", i0.\"updated_at\" FROM \"identity_user_settings\" AS i0 WHERE (i0.\"id\" = $1)"}
Last message: {:events, [%Commanded.EventStore.RecordedEvent{event_id: "282ec866-f518-44ed-95f6-7a535d6c3e25", event_number: 11262, stream_id: "019d0c26-0b00-74a0-bd6d-48329cf61a57", stream_version: 1, causation_id: "d64809a4-8402-4360-8536-99b7a0f860ca", correlation_id: "e0f4b4bb-483c-4914-aaaa-956d1587d67e", event_type: "Elixir.Nexus.Identity.Events.UserRegistered", data: %Nexus.Identity.Events.UserRegistered{user_id: "019d0c26-0b00-74a0-bd6d-48329cf61a57", org_id: "019d0c26-0b00-74a0-8884-24b7b734f296", email: "test@example.com", role: "system_admin", cose_key: "Ym9vdHN0cmFwX2Nvc2Vfa2V5", credential_id: "Ym9vdHN0cmFwX2NyZWRlbnRpYWxfaWQ=", registered_at: "2026-03-20T16:48:33.024173Z", display_name: "Test User", status: "active"}, created_at: ~U[2026-03-20 16:48:33.025211Z], metadata: %{"causation_id" => "019d0c26-0b00-71d0-a1d2-041f55e92cfc", "correlation_id" => "019d0c26-0b00-71d0-a1d2-041f55e92cfc"}}]}
State: %Commanded.Event.Handler{application: Nexus.App, consistency: :strong, handler_callback: :event, handler_name: "Identity.Projectors.UserRegistrationProjector", handler_module: Nexus.Identity.Projectors.UserRegistrationProjector, handler_state: nil, last_seen_event: nil, subscription: %Commanded.EventStore.Subscription{application: Nexus.App, backoff: {:backoff, 1000, 60000, 1000, :jitter, :undefined, :undefined}, concurrency: 1, partition_by: nil, subscribe_to: :all, subscribe_from: :origin, subscription_name: "Identity.Projectors.UserRegistrationProjector", subscription_opts: [], subscription_pid: #PID<0.1873.0>, subscription_ref: #Reference<0.504251661.3394502658.57416>}, subscribe_timer: nil}
23:09:57.458 [debug] Subscription "Identity.Projectors.UserRegistrationProjector"@"$all" subscriber #PID<0.1872.0> down due to: %Postgrex.Error{message: nil, postgres: %{code: :undefined_column, line: "3721", message: "column i0.id does not exist", position: "8", file: "parse_relation.c", unknown: "ERROR", severity: "ERROR", pg_code: "42703", routine: "errorMissingColumn"}, connection_id: 3157, query: "SELECT i0.\"id\", i0.\"user_id\", i0.\"org_id\", i0.\"locale\", i0.\"timezone\", i0.\"notifications_enabled\", i0.\"created_at\", i0.\"updated_at\" FROM \"identity_user_settings\" AS i0 WHERE (i0.\"id\" = $1)"}
23:09:57.458 [debug] Subscription "Identity.Projectors.UserRegistrationProjector"@"$all" has no subscribers, shutting down
23:09:57.458 [error] GenServer {Nexus.EventStore.EventStore.Subscriptions.Registry, {"$all", "Identity.Projectors.UserRegistrationProjector"}} terminating
** (stop) %Postgrex.Error{message: nil, postgres: %{code: :undefined_column, line: "3721", message: "column i0.id does not exist", position: "8", file: "parse_relation.c", unknown: "ERROR", severity: "ERROR", pg_code: "42703", routine: "errorMissingColumn"}, connection_id: 3157, query: "SELECT i0.\"id\", i0.\"user_id\", i0.\"org_id\", i0.\"locale\", i0.\"timezone\", i0.\"notifications_enabled\", i0.\"created_at\", i0.\"updated_at\" FROM \"identity_user_settings\" AS i0 WHERE (i0.\"id\" = $1)"}
Last message: {:DOWN, #Reference<0.504251661.3394502658.57411>, :process, #PID<0.1872.0>, %Postgrex.Error{message: nil, postgres: %{code: :undefined_column, line: "3721", message: "column i0.id does not exist", position: "8", file: "parse_relation.c", unknown: "ERROR", severity: "ERROR", pg_code: "42703", routine: "errorMissingColumn"}, connection_id: 3157, query: "SELECT i0.\"id\", i0.\"user_id\", i0.\"org_id\", i0.\"locale\", i0.\"timezone\", i0.\"notifications_enabled\", i0.\"created_at\", i0.\"updated_at\" FROM \"identity_user_settings\" AS i0 WHERE (i0.\"id\" = $1)"}}
State: %EventStore.Subscriptions.Subscription{stream_uuid: "$all", subscription_name: "Identity.Projectors.UserRegistrationProjector", subscription: %EventStore.Subscriptions.SubscriptionFsm{state: :unsubscribed, data: %EventStore.Subscriptions.SubscriptionState{conn: Nexus.EventStore.Postgrex, event_store: Nexus.EventStore, serializer: Commanded.Serialization.JsonSerializer, schema: "event_store", stream_uuid: "$all", start_from: 0, subscription_name: "Identity.Projectors.UserRegistrationProjector", subscription_id: 405, selector: nil, mapper: &Commanded.EventStore.Adapters.EventStore.Mapper.from_recorded_event/1, max_size: 1000, partition_by: nil, query_timeout: 15000, lock_ref: #Reference<0.504251661.3394502657.101136>, last_received: 12197, last_sent: 11262, last_ack: 11261, queue_size: 936, buffer_size: 1, checkpoint_after: 0, checkpoint_threshold: 1, checkpoint_timer_ref: nil, checkpoints_pending: 0, subscribers: %{}, partitions: %{nil: {[%EventStore.RecordedEvent{event_number: 12197, event_id: "1090d0fa-e811-4476-b333-0ecde47df19b", stream_uuid: "7f9d61e3-4ddb-4a45-9632-c9b4e8e37a26", stream_version: 1, correlation_id: "95c6a40b-6222-41f9-98d5-3e8c238cd512", causation_id: "cafcad9f-48b9-4455-9cc5-59cc5c81305c", event_type: "Elixir.Nexus.Identity.Events.UserRegistered", data: %Nexus.Identity.Events.UserRegistered{user_id: "7f9d61e3-4ddb-4a45-9632-c9b4e8e37a26", org_id: "a136c24b-09d3-44e5-b654-62c6eb3563d2", email: "test@example.com", role: "admin", cose_key: "dummy", credential_id: "dummy", registered_at: "2026-03-20T23:09:57.291719Z", display_name: "Test User", status: "active"}, metadata: %{"causation_id" => "019d0d83-3aab-7cfc-b64f-9c138c365c71", "correlation_id" => "019d0d83-3aab-7cfc-b64f-9c138c365c71"}, created_at: ~U[2026-03-20 23:09:57.294271Z]}, %EventStore.RecordedEvent{event_number: 12196, event_id: "51ed3aa0-2b4d-4f9e-bb88-d9b7471414a0", stream_uuid: "a6d32835-04fe-47c3-93c7-50750f4c0025", stream_version: 2, correlation_id: "fb342b99-3477-4551-974c-9a74331120b4", causation_id: "e22481cf-a9ef-4153-a77b-9a91fcb9b83b", event_type: "Elixir.Nexus.Identity.Events.SessionExpired", data: %Nexus.Identity.Events.SessionExpired{org_id: "aefc3981-97e0-4a44-a442-807e9d7b3892", user_id: "a6d32835-04fe-47c3-93c7-50750f4c0025", session_id: "87180336-fdab-415d-a0c7-23fd23f136a9", expired_at: "2026-03-20T23:09:56.784404Z"}, metadata: %{"causation_id" => "019d0d83-38b1-75a5-8e13-bbe0bed9ff21", "correlation_id" => "019d0d83-38b1-75a5-8e13-bbe0bed9ff21"}, created_at: ~U[2026-03-20 23:09:56.786169Z]}, %EventStore.RecordedEvent{event_number: 12195, event_id: "63cf0cf3-679d-4adb-a5fc-1b7c8cdfe448", stream_uuid: "a6d32835-04fe-47c3-93c7-50750f4c0025", stream_version: 1, correlation_id: "4b130646-5380-41f3-b6df-9abfd1ed0d92", causation_id: "0f27ee9d-27db-4e8b-8f2d-6a8556a5e9d4", event_type: "Elixir.Nexus.Identity.Events.UserRegistered", data: %Nexus.Identity.Events.UserRegistered{user_id: "a6d32835-04fe-47c3-93c7-50750f4c0025", org_id: "aefc3981-97e0-4a44-a442-807e9d7b3892", email: "test@example.com", role: "admin", cose_key: "dummy", credential_id: "dummy", registered_at: "2026-03-20T23:09:56.579831Z", display_name: "Test User", status: "active"}, metadata: %{"causation_id" => "019d0d83-37e3-7671-991d-f18a42a53090", "correlation_id" => "019d0d83-37e3-7671-991d-f18a42a53090"}, created_at: ~U[2026-03-20 23:09:56.581065Z]}, %EventStore.RecordedEvent{event_number: 12194, event_id: "3f8f3cbc-ea72-45a7-ab6d-12a43da50245", stream_uuid: "e55da693-c009-4afd-a56e-9b4ab3975acc", stream_version: 2, correlation_id: "e5500f71-9103-4737-8991-5eb165815e23", causation_id: "633094f8-6986-459b-9416-072dd0187fd9", ...}, ...], ...}}, ...}}, ...}
23:09:57.458 [debug] Nexus.Identity.Projectors.UserRegistrationProjector is shutting down due to {%Postgrex.Error{message: nil, postgres: %{code: :undefined_column, line: "3721", message: "column i0.id does not exist", position: "8", file: "parse_relation.c", unknown: "ERROR", severity: "ERROR", pg_code: "42703", routine: "errorMissingColumn"}, connection_id: 3157, query: "SELECT i0.\"id\", i0.\"user_id\", i0.\"org_id\", i0.\"locale\", i0.\"timezone\", i0.\"notifications_enabled\", i0.\"created_at\", i0.\"updated_at\" FROM \"identity_user_settings\" AS i0 WHERE (i0.\"id\" = $1)"}, {GenServer, :call, [#PID<0.1873.0>, {:connect, #PID<0.1874.0>, [retry_interval: 60000, hibernate_after: 15000, partition_by: nil, concurrency_limit: 1, name: Nexus.EventStore, mapper: &Commanded.EventStore.Adapters.EventStore.Mapper.from_recorded_event/1, conn: Nexus.EventStore.Postgrex, event_store: Nexus.EventStore, query_timeout: 15000, schema: "event_store", serializer: Commanded.Serialization.JsonSerializer, stream_uuid: "$all", subscription_name: "Identity.Projectors.UserRegistrationProjector", start_from: 0]}, 5000]}}
23:09:57.458 [error] GenServer {Nexus.App.LocalRegistry, {Nexus.App, Commanded.Event.Handler, "Identity.Projectors.UserRegistrationProjector"}} terminating
** (stop) exited in: GenServer.call(#PID<0.1873.0>, {:connect, #PID<0.1874.0>, [retry_interval: 60000, hibernate_after: 15000, partition_by: nil, concurrency_limit: 1, name: Nexus.EventStore, mapper: &Commanded.EventStore.Adapters.EventStore.Mapper.from_recorded_event/1, conn: Nexus.EventStore.Postgrex, event_store: Nexus.EventStore, query_timeout: 15000, schema: "event_store", serializer: Commanded.Serialization.JsonSerializer, stream_uuid: "$all", subscription_name: "Identity.Projectors.UserRegistrationProjector", start_from: 0]}, 5000)
    ** (EXIT) %Postgrex.Error{message: nil, postgres: %{code: :undefined_column, line: "3721", message: "column i0.id does not exist", position: "8", file: "parse_relation.c", unknown: "ERROR", severity: "ERROR", pg_code: "42703", routine: "errorMissingColumn"}, connection_id: 3157, query: "SELECT i0.\"id\", i0.\"user_id\", i0.\"org_id\", i0.\"locale\", i0.\"timezone\", i0.\"notifications_enabled\", i0.\"created_at\", i0.\"updated_at\" FROM \"identity_user_settings\" AS i0 WHERE (i0.\"id\" = $1)"}
    (elixir 1.19.5) lib/gen_server.ex:1142: GenServer.call/3
    (commanded 1.4.9) lib/commanded/event_store.ex:289: anonymous fn/2 in Commanded.EventStore.span/3
    (telemetry 1.3.0) /Users/bernard/dev/nexus/deps/telemetry/src/telemetry.erl:324: :telemetry.span/3
    (commanded 1.4.9) lib/commanded/event_store/subscription.ex:58: Commanded.EventStore.Subscription.subscribe/2
    (commanded 1.4.9) lib/commanded/event/handler.ex:1024: Commanded.Event.Handler.subscribe_to_events/1
    (commanded 1.4.9) lib/commanded/event/handler.ex:887: Commanded.Event.Handler.handle_continue/2
    (stdlib 7.1) gen_server.erl:2424: :gen_server.try_handle_continue/3
    (stdlib 7.1) gen_server.erl:2291: :gen_server.loop/4
    (stdlib 7.1) proc_lib.erl:333: :proc_lib.init_p_do_apply/3
Last message: {:continue, :subscribe_to_events}
State: %Commanded.Event.Handler{application: Nexus.App, consistency: :strong, handler_callback: :event, handler_name: "Identity.Projectors.UserRegistrationProjector", handler_module: Nexus.Identity.Projectors.UserRegistrationProjector, handler_state: nil, last_seen_event: nil, subscription: %Commanded.EventStore.Subscription{application: Nexus.App, backoff: {:backoff, 1000, 60000, 1000, :jitter, :undefined, :undefined}, concurrency: 1, partition_by: nil, subscribe_to: :all, subscribe_from: :origin, subscription_name: "Identity.Projectors.UserRegistrationProjector", subscription_opts: [], subscription_pid: nil, subscription_ref: nil}, subscribe_timer: nil}
23:09:57.459 [debug] Subscription "Identity.Projectors.UserRegistrationProjector"@"$all" attempting to connect subscriber #PID<0.1875.0>
23:09:57.460 [debug] Subscription "Identity.Projectors.UserRegistrationProjector"@"$all" catching-up
23:09:57.460 [debug] Nexus.Identity.Projectors.UserRegistrationProjector has successfully subscribed to event store
23:09:57.473 [debug] Nexus.Identity.Projectors.UserRegistrationProjector received events: [%Commanded.EventStore.RecordedEvent{event_id: "282ec866-f518-44ed-95f6-7a535d6c3e25", event_number: 11262, stream_id: "019d0c26-0b00-74a0-bd6d-48329cf61a57", stream_version: 1, causation_id: "d64809a4-8402-4360-8536-99b7a0f860ca", correlation_id: "e0f4b4bb-483c-4914-aaaa-956d1587d67e", event_type: "Elixir.Nexus.Identity.Events.UserRegistered", data: %Nexus.Identity.Events.UserRegistered{user_id: "019d0c26-0b00-74a0-bd6d-48329cf61a57", org_id: "019d0c26-0b00-74a0-8884-24b7b734f296", email: "test@example.com", role: "system_admin", cose_key: "Ym9vdHN0cmFwX2Nvc2Vfa2V5", credential_id: "Ym9vdHN0cmFwX2NyZWRlbnRpYWxfaWQ=", registered_at: "2026-03-20T16:48:33.024173Z", display_name: "Test User", status: "active"}, created_at: ~U[2026-03-20 16:48:33.025211Z], metadata: %{"causation_id" => "019d0c26-0b00-71d0-a1d2-041f55e92cfc", "correlation_id" => "019d0c26-0b00-71d0-a1d2-041f55e92cfc"}}]
23:09:57.473 [debug] QUERY OK db=0.1ms
begin []
23:09:57.473 [debug] QUERY OK source="projection_versions" db=0.1ms
INSERT INTO "projection_versions" AS p0 ("projection_name","last_seen_event_number","inserted_at","updated_at") VALUES ($1,$2,$3,$4) ON CONFLICT ("projection_name") DO UPDATE SET "last_seen_event_number" = $5 WHERE ((p0."projection_name" = $6) AND (p0."last_seen_event_number" < $7)) ["Identity.Projectors.UserRegistrationProjector", 11262, ~N[2026-03-20 23:09:57.473325], ~N[2026-03-20 23:09:57.473325], 11262, "Identity.Projectors.UserRegistrationProjector", 11262]
23:09:57.473 [debug] QUERY OK source="users" db=0.1ms
SELECT u0."id", u0."org_id", u0."email", u0."display_name", u0."status", u0."cose_key", u0."credential_id", u0."roles", u0."created_at", u0."updated_at" FROM "users" AS u0 WHERE (u0."id" = $1) ["019d0c26-0b00-74a0-bd6d-48329cf61a57"]
23:09:57.473 [debug] QUERY OK source="users" db=0.0ms
SELECT u0."id", u0."org_id", u0."email", u0."display_name", u0."status", u0."cose_key", u0."credential_id", u0."roles", u0."created_at", u0."updated_at" FROM "users" AS u0 WHERE (u0."email" = $1) ["test@example.com"]
23:09:57.474 [debug] QUERY OK source="users" db=0.1ms
INSERT INTO "users" ("id","status","org_id","email","display_name","roles","cose_key","credential_id","created_at","updated_at") VALUES ($1,$2,$3,$4,$5,$6,$7,$8,$9,$10) ["019d0c26-0b00-74a0-bd6d-48329cf61a57", "active", "019d0c26-0b00-74a0-8884-24b7b734f296", "test@example.com", "Test User", ["system_admin"], "bootstrap_cose_key", "bootstrap_credential_id", ~U[2026-03-20 23:09:57.473932Z], ~U[2026-03-20 23:09:57.473932Z]]
23:09:57.474 [debug] QUERY ERROR source="identity_user_settings" db=0.0ms
SELECT i0."id", i0."user_id", i0."org_id", i0."locale", i0."timezone", i0."notifications_enabled", i0."created_at", i0."updated_at" FROM "identity_user_settings" AS i0 WHERE (i0."id" = $1) ["019d0c26-0b00-74a0-bd6d-48329cf61a57"]
23:09:57.474 [debug] QUERY OK db=0.0ms
rollback []
23:09:57.475 [error] Nexus.Identity.Projectors.UserRegistrationProjector failed to handle event:
%Commanded.EventStore.RecordedEvent{
  event_id: "282ec866-f518-44ed-95f6-7a535d6c3e25",
  event_number: 11262,
  stream_id: "019d0c26-0b00-74a0-bd6d-48329cf61a57",
  stream_version: 1,
  causation_id: "d64809a4-8402-4360-8536-99b7a0f860ca",
  correlation_id: "e0f4b4bb-483c-4914-aaaa-956d1587d67e",
  event_type: "Elixir.Nexus.Identity.Events.UserRegistered",
  data: %Nexus.Identity.Events.UserRegistered{
    user_id: "019d0c26-0b00-74a0-bd6d-48329cf61a57",
    org_id: "019d0c26-0b00-74a0-8884-24b7b734f296",
    email: "test@example.com",
    role: "system_admin",
    cose_key: "Ym9vdHN0cmFwX2Nvc2Vfa2V5",
    credential_id: "Ym9vdHN0cmFwX2NyZWRlbnRpYWxfaWQ=",
    registered_at: "2026-03-20T16:48:33.024173Z",
    display_name: "Test User",
    status: "active"
  },
  created_at: ~U[2026-03-20 16:48:33.025211Z],
  metadata: %{
    "causation_id" => "019d0c26-0b00-71d0-a1d2-041f55e92cfc",
    "correlation_id" => "019d0c26-0b00-71d0-a1d2-041f55e92cfc"
  }
}, due to:
** (Postgrex.Error) ERROR 42703 (undefined_column) column i0.id does not exist

    query: SELECT i0."id", i0."user_id", i0."org_id", i0."locale", i0."timezone", i0."notifications_enabled", i0."created_at", i0."updated_at" FROM "identity_user_settings" AS i0 WHERE (i0."id" = $1)
    (ecto_sql 3.13.4) lib/ecto/adapters/sql.ex:1113: Ecto.Adapters.SQL.raise_sql_call_error/1
    (ecto_sql 3.13.4) lib/ecto/adapters/sql.ex:1011: Ecto.Adapters.SQL.execute/6
    (ecto 3.13.5) lib/ecto/repo/queryable.ex:241: Ecto.Repo.Queryable.execute/4
    (ecto 3.13.5) lib/ecto/repo/queryable.ex:19: Ecto.Repo.Queryable.all/3
    (ecto 3.13.5) lib/ecto/repo/queryable.ex:163: Ecto.Repo.Queryable.one/3
    (nexus 0.1.0) lib/nexus/identity/projectors/user_registration_projector.ex:53: anonymous fn/3 in Nexus.Identity.Projectors.UserRegistrationProjector.project_registration/3
    (ecto 3.13.5) lib/ecto/multi.ex:905: Ecto.Multi.apply_operation/5
    (elixir 1.19.5) lib/enum.ex:2520: Enum."-reduce/3-lists^foldl/2-0-"/3
    (ecto 3.13.5) lib/ecto/multi.ex:878: anonymous fn/5 in Ecto.Multi.apply_operations/5
    (ecto_sql 3.13.4) lib/ecto/adapters/sql.ex:1473: anonymous fn/3 in Ecto.Adapters.SQL.checkout_or_transaction/4
    (db_connection 2.9.0) lib/db_connection.ex:1747: DBConnection.run_transaction/4
    (ecto 3.13.5) lib/ecto/repo/transaction.ex:30: Ecto.Repo.Transaction.transact/4
    (nexus 0.1.0) deps/commanded_ecto_projections/lib/projections/ecto.ex:97: Nexus.Identity.Projectors.UserRegistrationProjector.update_projection/3
    (commanded 1.4.9) lib/commanded/event/handler.ex:1221: Commanded.Event.Handler.delegate_event_to_handler/2
    (commanded 1.4.9) lib/commanded/event/handler.ex:1062: Commanded.Event.Handler.handle_event/3
    (elixir 1.19.5) lib/enum.ex:2520: Enum."-reduce/3-lists^foldl/2-0-"/3
    (commanded 1.4.9) lib/commanded/event/handler.ex:969: Commanded.Event.Handler.handle_info/2
    (stdlib 7.1) gen_server.erl:2434: :gen_server.try_handle_info/3
    (stdlib 7.1) gen_server.erl:2420: :gen_server.handle_msg/3
    (stdlib 7.1) proc_lib.erl:333: :proc_lib.init_p_do_apply/3

23:09:57.475 [warning] Nexus.Identity.Projectors.UserRegistrationProjector has requested to stop: %Postgrex.Error{message: nil, postgres: %{code: :undefined_column, line: "3721", message: "column i0.id does not exist", position: "8", file: "parse_relation.c", unknown: "ERROR", severity: "ERROR", pg_code: "42703", routine: "errorMissingColumn"}, connection_id: 3157, query: "SELECT i0.\"id\", i0.\"user_id\", i0.\"org_id\", i0.\"locale\", i0.\"timezone\", i0.\"notifications_enabled\", i0.\"created_at\", i0.\"updated_at\" FROM \"identity_user_settings\" AS i0 WHERE (i0.\"id\" = $1)"}
23:09:57.475 [debug] Nexus.Identity.Projectors.UserRegistrationProjector is shutting down due to %Postgrex.Error{message: nil, postgres: %{code: :undefined_column, line: "3721", message: "column i0.id does not exist", position: "8", file: "parse_relation.c", unknown: "ERROR", severity: "ERROR", pg_code: "42703", routine: "errorMissingColumn"}, connection_id: 3157, query: "SELECT i0.\"id\", i0.\"user_id\", i0.\"org_id\", i0.\"locale\", i0.\"timezone\", i0.\"notifications_enabled\", i0.\"created_at\", i0.\"updated_at\" FROM \"identity_user_settings\" AS i0 WHERE (i0.\"id\" = $1)"}
23:09:57.475 [error] GenServer {Nexus.App.LocalRegistry, {Nexus.App, Commanded.Event.Handler, "Identity.Projectors.UserRegistrationProjector"}} terminating
** (stop) %Postgrex.Error{message: nil, postgres: %{code: :undefined_column, line: "3721", message: "column i0.id does not exist", position: "8", file: "parse_relation.c", unknown: "ERROR", severity: "ERROR", pg_code: "42703", routine: "errorMissingColumn"}, connection_id: 3157, query: "SELECT i0.\"id\", i0.\"user_id\", i0.\"org_id\", i0.\"locale\", i0.\"timezone\", i0.\"notifications_enabled\", i0.\"created_at\", i0.\"updated_at\" FROM \"identity_user_settings\" AS i0 WHERE (i0.\"id\" = $1)"}
Last message: {:events, [%Commanded.EventStore.RecordedEvent{event_id: "282ec866-f518-44ed-95f6-7a535d6c3e25", event_number: 11262, stream_id: "019d0c26-0b00-74a0-bd6d-48329cf61a57", stream_version: 1, causation_id: "d64809a4-8402-4360-8536-99b7a0f860ca", correlation_id: "e0f4b4bb-483c-4914-aaaa-956d1587d67e", event_type: "Elixir.Nexus.Identity.Events.UserRegistered", data: %Nexus.Identity.Events.UserRegistered{user_id: "019d0c26-0b00-74a0-bd6d-48329cf61a57", org_id: "019d0c26-0b00-74a0-8884-24b7b734f296", email: "test@example.com", role: "system_admin", cose_key: "Ym9vdHN0cmFwX2Nvc2Vfa2V5", credential_id: "Ym9vdHN0cmFwX2NyZWRlbnRpYWxfaWQ=", registered_at: "2026-03-20T16:48:33.024173Z", display_name: "Test User", status: "active"}, created_at: ~U[2026-03-20 16:48:33.025211Z], metadata: %{"causation_id" => "019d0c26-0b00-71d0-a1d2-041f55e92cfc", "correlation_id" => "019d0c26-0b00-71d0-a1d2-041f55e92cfc"}}]}
State: %Commanded.Event.Handler{application: Nexus.App, consistency: :strong, handler_callback: :event, handler_name: "Identity.Projectors.UserRegistrationProjector", handler_module: Nexus.Identity.Projectors.UserRegistrationProjector, handler_state: nil, last_seen_event: nil, subscription: %Commanded.EventStore.Subscription{application: Nexus.App, backoff: {:backoff, 1000, 60000, 1000, :jitter, :undefined, :undefined}, concurrency: 1, partition_by: nil, subscribe_to: :all, subscribe_from: :origin, subscription_name: "Identity.Projectors.UserRegistrationProjector", subscription_opts: [], subscription_pid: #PID<0.1876.0>, subscription_ref: #Reference<0.504251661.3394502658.57458>}, subscribe_timer: nil}
23:09:57.475 [debug] Subscription "Identity.Projectors.UserRegistrationProjector"@"$all" subscriber #PID<0.1875.0> down due to: %Postgrex.Error{message: nil, postgres: %{code: :undefined_column, line: "3721", message: "column i0.id does not exist", position: "8", file: "parse_relation.c", unknown: "ERROR", severity: "ERROR", pg_code: "42703", routine: "errorMissingColumn"}, connection_id: 3157, query: "SELECT i0.\"id\", i0.\"user_id\", i0.\"org_id\", i0.\"locale\", i0.\"timezone\", i0.\"notifications_enabled\", i0.\"created_at\", i0.\"updated_at\" FROM \"identity_user_settings\" AS i0 WHERE (i0.\"id\" = $1)"}
23:09:57.475 [debug] Subscription "Identity.Projectors.UserRegistrationProjector"@"$all" has no subscribers, shutting down
23:09:57.475 [error] GenServer {Nexus.EventStore.EventStore.Subscriptions.Registry, {"$all", "Identity.Projectors.UserRegistrationProjector"}} terminating
** (stop) %Postgrex.Error{message: nil, postgres: %{code: :undefined_column, line: "3721", message: "column i0.id does not exist", position: "8", file: "parse_relation.c", unknown: "ERROR", severity: "ERROR", pg_code: "42703", routine: "errorMissingColumn"}, connection_id: 3157, query: "SELECT i0.\"id\", i0.\"user_id\", i0.\"org_id\", i0.\"locale\", i0.\"timezone\", i0.\"notifications_enabled\", i0.\"created_at\", i0.\"updated_at\" FROM \"identity_user_settings\" AS i0 WHERE (i0.\"id\" = $1)"}
Last message: {:DOWN, #Reference<0.504251661.3394502658.57456>, :process, #PID<0.1875.0>, %Postgrex.Error{message: nil, postgres: %{code: :undefined_column, line: "3721", message: "column i0.id does not exist", position: "8", file: "parse_relation.c", unknown: "ERROR", severity: "ERROR", pg_code: "42703", routine: "errorMissingColumn"}, connection_id: 3157, query: "SELECT i0.\"id\", i0.\"user_id\", i0.\"org_id\", i0.\"locale\", i0.\"timezone\", i0.\"notifications_enabled\", i0.\"created_at\", i0.\"updated_at\" FROM \"identity_user_settings\" AS i0 WHERE (i0.\"id\" = $1)"}}
State: %EventStore.Subscriptions.Subscription{stream_uuid: "$all", subscription_name: "Identity.Projectors.UserRegistrationProjector", subscription: %EventStore.Subscriptions.SubscriptionFsm{state: :unsubscribed, data: %EventStore.Subscriptions.SubscriptionState{conn: Nexus.EventStore.Postgrex, event_store: Nexus.EventStore, serializer: Commanded.Serialization.JsonSerializer, schema: "event_store", stream_uuid: "$all", start_from: 0, subscription_name: "Identity.Projectors.UserRegistrationProjector", subscription_id: 405, selector: nil, mapper: &Commanded.EventStore.Adapters.EventStore.Mapper.from_recorded_event/1, max_size: 1000, partition_by: nil, query_timeout: 15000, lock_ref: #Reference<0.504251661.3394502657.101379>, last_received: 12197, last_sent: 11262, last_ack: 11261, queue_size: 936, buffer_size: 1, checkpoint_after: 0, checkpoint_threshold: 1, checkpoint_timer_ref: nil, checkpoints_pending: 0, subscribers: %{}, partitions: %{nil: {[%EventStore.RecordedEvent{event_number: 12197, event_id: "1090d0fa-e811-4476-b333-0ecde47df19b", stream_uuid: "7f9d61e3-4ddb-4a45-9632-c9b4e8e37a26", stream_version: 1, correlation_id: "95c6a40b-6222-41f9-98d5-3e8c238cd512", causation_id: "cafcad9f-48b9-4455-9cc5-59cc5c81305c", event_type: "Elixir.Nexus.Identity.Events.UserRegistered", data: %Nexus.Identity.Events.UserRegistered{user_id: "7f9d61e3-4ddb-4a45-9632-c9b4e8e37a26", org_id: "a136c24b-09d3-44e5-b654-62c6eb3563d2", email: "test@example.com", role: "admin", cose_key: "dummy", credential_id: "dummy", registered_at: "2026-03-20T23:09:57.291719Z", display_name: "Test User", status: "active"}, metadata: %{"causation_id" => "019d0d83-3aab-7cfc-b64f-9c138c365c71", "correlation_id" => "019d0d83-3aab-7cfc-b64f-9c138c365c71"}, created_at: ~U[2026-03-20 23:09:57.294271Z]}, %EventStore.RecordedEvent{event_number: 12196, event_id: "51ed3aa0-2b4d-4f9e-bb88-d9b7471414a0", stream_uuid: "a6d32835-04fe-47c3-93c7-50750f4c0025", stream_version: 2, correlation_id: "fb342b99-3477-4551-974c-9a74331120b4", causation_id: "e22481cf-a9ef-4153-a77b-9a91fcb9b83b", event_type: "Elixir.Nexus.Identity.Events.SessionExpired", data: %Nexus.Identity.Events.SessionExpired{org_id: "aefc3981-97e0-4a44-a442-807e9d7b3892", user_id: "a6d32835-04fe-47c3-93c7-50750f4c0025", session_id: "87180336-fdab-415d-a0c7-23fd23f136a9", expired_at: "2026-03-20T23:09:56.784404Z"}, metadata: %{"causation_id" => "019d0d83-38b1-75a5-8e13-bbe0bed9ff21", "correlation_id" => "019d0d83-38b1-75a5-8e13-bbe0bed9ff21"}, created_at: ~U[2026-03-20 23:09:56.786169Z]}, %EventStore.RecordedEvent{event_number: 12195, event_id: "63cf0cf3-679d-4adb-a5fc-1b7c8cdfe448", stream_uuid: "a6d32835-04fe-47c3-93c7-50750f4c0025", stream_version: 1, correlation_id: "4b130646-5380-41f3-b6df-9abfd1ed0d92", causation_id: "0f27ee9d-27db-4e8b-8f2d-6a8556a5e9d4", event_type: "Elixir.Nexus.Identity.Events.UserRegistered", data: %Nexus.Identity.Events.UserRegistered{user_id: "a6d32835-04fe-47c3-93c7-50750f4c0025", org_id: "aefc3981-97e0-4a44-a442-807e9d7b3892", email: "test@example.com", role: "admin", cose_key: "dummy", credential_id: "dummy", registered_at: "2026-03-20T23:09:56.579831Z", display_name: "Test User", status: "active"}, metadata: %{"causation_id" => "019d0d83-37e3-7671-991d-f18a42a53090", "correlation_id" => "019d0d83-37e3-7671-991d-f18a42a53090"}, created_at: ~U[2026-03-20 23:09:56.581065Z]}, %EventStore.RecordedEvent{event_number: 12194, event_id: "3f8f3cbc-ea72-45a7-ab6d-12a43da50245", stream_uuid: "e55da693-c009-4afd-a56e-9b4ab3975acc", stream_version: 2, correlation_id: "e5500f71-9103-4737-8991-5eb165815e23", causation_id: "633094f8-6986-459b-9416-072dd0187fd9", ...}, ...], ...}}, ...}}, ...}
23:09:57.476 [debug] Nexus.Identity.Projectors.UserRegistrationProjector is shutting down due to {%Postgrex.Error{message: nil, postgres: %{code: :undefined_column, line: "3721", message: "column i0.id does not exist", position: "8", file: "parse_relation.c", unknown: "ERROR", severity: "ERROR", pg_code: "42703", routine: "errorMissingColumn"}, connection_id: 3157, query: "SELECT i0.\"id\", i0.\"user_id\", i0.\"org_id\", i0.\"locale\", i0.\"timezone\", i0.\"notifications_enabled\", i0.\"created_at\", i0.\"updated_at\" FROM \"identity_user_settings\" AS i0 WHERE (i0.\"id\" = $1)"}, {GenServer, :call, [#PID<0.1876.0>, {:connect, #PID<0.1877.0>, [retry_interval: 60000, hibernate_after: 15000, partition_by: nil, concurrency_limit: 1, name: Nexus.EventStore, mapper: &Commanded.EventStore.Adapters.EventStore.Mapper.from_recorded_event/1, conn: Nexus.EventStore.Postgrex, event_store: Nexus.EventStore, query_timeout: 15000, schema: "event_store", serializer: Commanded.Serialization.JsonSerializer, stream_uuid: "$all", subscription_name: "Identity.Projectors.UserRegistrationProjector", start_from: 0]}, 5000]}}
23:09:57.476 [error] GenServer {Nexus.App.LocalRegistry, {Nexus.App, Commanded.Event.Handler, "Identity.Projectors.UserRegistrationProjector"}} terminating
** (stop) exited in: GenServer.call(#PID<0.1876.0>, {:connect, #PID<0.1877.0>, [retry_interval: 60000, hibernate_after: 15000, partition_by: nil, concurrency_limit: 1, name: Nexus.EventStore, mapper: &Commanded.EventStore.Adapters.EventStore.Mapper.from_recorded_event/1, conn: Nexus.EventStore.Postgrex, event_store: Nexus.EventStore, query_timeout: 15000, schema: "event_store", serializer: Commanded.Serialization.JsonSerializer, stream_uuid: "$all", subscription_name: "Identity.Projectors.UserRegistrationProjector", start_from: 0]}, 5000)
    ** (EXIT) %Postgrex.Error{message: nil, postgres: %{code: :undefined_column, line: "3721", message: "column i0.id does not exist", position: "8", file: "parse_relation.c", unknown: "ERROR", severity: "ERROR", pg_code: "42703", routine: "errorMissingColumn"}, connection_id: 3157, query: "SELECT i0.\"id\", i0.\"user_id\", i0.\"org_id\", i0.\"locale\", i0.\"timezone\", i0.\"notifications_enabled\", i0.\"created_at\", i0.\"updated_at\" FROM \"identity_user_settings\" AS i0 WHERE (i0.\"id\" = $1)"}
    (elixir 1.19.5) lib/gen_server.ex:1142: GenServer.call/3
    (commanded 1.4.9) lib/commanded/event_store.ex:289: anonymous fn/2 in Commanded.EventStore.span/3
    (telemetry 1.3.0) /Users/bernard/dev/nexus/deps/telemetry/src/telemetry.erl:324: :telemetry.span/3
    (commanded 1.4.9) lib/commanded/event_store/subscription.ex:58: Commanded.EventStore.Subscription.subscribe/2
    (commanded 1.4.9) lib/commanded/event/handler.ex:1024: Commanded.Event.Handler.subscribe_to_events/1
    (commanded 1.4.9) lib/commanded/event/handler.ex:887: Commanded.Event.Handler.handle_continue/2
    (stdlib 7.1) gen_server.erl:2424: :gen_server.try_handle_continue/3
    (stdlib 7.1) gen_server.erl:2291: :gen_server.loop/4
    (stdlib 7.1) proc_lib.erl:333: :proc_lib.init_p_do_apply/3
Last message: {:continue, :subscribe_to_events}
State: %Commanded.Event.Handler{application: Nexus.App, consistency: :strong, handler_callback: :event, handler_name: "Identity.Projectors.UserRegistrationProjector", handler_module: Nexus.Identity.Projectors.UserRegistrationProjector, handler_state: nil, last_seen_event: nil, subscription: %Commanded.EventStore.Subscription{application: Nexus.App, backoff: {:backoff, 1000, 60000, 1000, :jitter, :undefined, :undefined}, concurrency: 1, partition_by: nil, subscribe_to: :all, subscribe_from: :origin, subscription_name: "Identity.Projectors.UserRegistrationProjector", subscription_opts: [], subscription_pid: nil, subscription_ref: nil}, subscribe_timer: nil}
23:09:57.476 [debug] Subscription "Identity.Projectors.UserRegistrationProjector"@"$all" attempting to connect subscriber #PID<0.1878.0>
23:09:57.477 [debug] Subscription "Identity.Projectors.UserRegistrationProjector"@"$all" catching-up
23:09:57.477 [debug] Nexus.Identity.Projectors.UserRegistrationProjector has successfully subscribed to event store
23:09:57.491 [debug] Nexus.Identity.Projectors.UserRegistrationProjector received events: [%Commanded.EventStore.RecordedEvent{event_id: "282ec866-f518-44ed-95f6-7a535d6c3e25", event_number: 11262, stream_id: "019d0c26-0b00-74a0-bd6d-48329cf61a57", stream_version: 1, causation_id: "d64809a4-8402-4360-8536-99b7a0f860ca", correlation_id: "e0f4b4bb-483c-4914-aaaa-956d1587d67e", event_type: "Elixir.Nexus.Identity.Events.UserRegistered", data: %Nexus.Identity.Events.UserRegistered{user_id: "019d0c26-0b00-74a0-bd6d-48329cf61a57", org_id: "019d0c26-0b00-74a0-8884-24b7b734f296", email: "test@example.com", role: "system_admin", cose_key: "Ym9vdHN0cmFwX2Nvc2Vfa2V5", credential_id: "Ym9vdHN0cmFwX2NyZWRlbnRpYWxfaWQ=", registered_at: "2026-03-20T16:48:33.024173Z", display_name: "Test User", status: "active"}, created_at: ~U[2026-03-20 16:48:33.025211Z], metadata: %{"causation_id" => "019d0c26-0b00-71d0-a1d2-041f55e92cfc", "correlation_id" => "019d0c26-0b00-71d0-a1d2-041f55e92cfc"}}]
23:09:57.491 [debug] QUERY OK db=0.1ms
begin []
23:09:57.492 [debug] QUERY OK source="projection_versions" db=0.2ms
INSERT INTO "projection_versions" AS p0 ("projection_name","last_seen_event_number","inserted_at","updated_at") VALUES ($1,$2,$3,$4) ON CONFLICT ("projection_name") DO UPDATE SET "last_seen_event_number" = $5 WHERE ((p0."projection_name" = $6) AND (p0."last_seen_event_number" < $7)) ["Identity.Projectors.UserRegistrationProjector", 11262, ~N[2026-03-20 23:09:57.491960], ~N[2026-03-20 23:09:57.491960], 11262, "Identity.Projectors.UserRegistrationProjector", 11262]
23:09:57.492 [debug] QUERY OK source="users" db=0.1ms
SELECT u0."id", u0."org_id", u0."email", u0."display_name", u0."status", u0."cose_key", u0."credential_id", u0."roles", u0."created_at", u0."updated_at" FROM "users" AS u0 WHERE (u0."id" = $1) ["019d0c26-0b00-74a0-bd6d-48329cf61a57"]
23:09:57.492 [debug] QUERY OK source="users" db=0.1ms
SELECT u0."id", u0."org_id", u0."email", u0."display_name", u0."status", u0."cose_key", u0."credential_id", u0."roles", u0."created_at", u0."updated_at" FROM "users" AS u0 WHERE (u0."email" = $1) ["test@example.com"]
23:09:57.492 [debug] QUERY OK source="users" db=0.2ms
INSERT INTO "users" ("id","status","org_id","email","display_name","roles","cose_key","credential_id","created_at","updated_at") VALUES ($1,$2,$3,$4,$5,$6,$7,$8,$9,$10) ["019d0c26-0b00-74a0-bd6d-48329cf61a57", "active", "019d0c26-0b00-74a0-8884-24b7b734f296", "test@example.com", "Test User", ["system_admin"], "bootstrap_cose_key", "bootstrap_credential_id", ~U[2026-03-20 23:09:57.492644Z], ~U[2026-03-20 23:09:57.492644Z]]
23:09:57.493 [debug] QUERY ERROR source="identity_user_settings" db=0.0ms
SELECT i0."id", i0."user_id", i0."org_id", i0."locale", i0."timezone", i0."notifications_enabled", i0."created_at", i0."updated_at" FROM "identity_user_settings" AS i0 WHERE (i0."id" = $1) ["019d0c26-0b00-74a0-bd6d-48329cf61a57"]
23:09:57.493 [debug] QUERY OK db=0.1ms
rollback []
23:09:57.494 [error] Nexus.Identity.Projectors.UserRegistrationProjector failed to handle event:
%Commanded.EventStore.RecordedEvent{
  event_id: "282ec866-f518-44ed-95f6-7a535d6c3e25",
  event_number: 11262,
  stream_id: "019d0c26-0b00-74a0-bd6d-48329cf61a57",
  stream_version: 1,
  causation_id: "d64809a4-8402-4360-8536-99b7a0f860ca",
  correlation_id: "e0f4b4bb-483c-4914-aaaa-956d1587d67e",
  event_type: "Elixir.Nexus.Identity.Events.UserRegistered",
  data: %Nexus.Identity.Events.UserRegistered{
    user_id: "019d0c26-0b00-74a0-bd6d-48329cf61a57",
    org_id: "019d0c26-0b00-74a0-8884-24b7b734f296",
    email: "test@example.com",
    role: "system_admin",
    cose_key: "Ym9vdHN0cmFwX2Nvc2Vfa2V5",
    credential_id: "Ym9vdHN0cmFwX2NyZWRlbnRpYWxfaWQ=",
    registered_at: "2026-03-20T16:48:33.024173Z",
    display_name: "Test User",
    status: "active"
  },
  created_at: ~U[2026-03-20 16:48:33.025211Z],
  metadata: %{
    "causation_id" => "019d0c26-0b00-71d0-a1d2-041f55e92cfc",
    "correlation_id" => "019d0c26-0b00-71d0-a1d2-041f55e92cfc"
  }
}, due to:
** (Postgrex.Error) ERROR 42703 (undefined_column) column i0.id does not exist

    query: SELECT i0."id", i0."user_id", i0."org_id", i0."locale", i0."timezone", i0."notifications_enabled", i0."created_at", i0."updated_at" FROM "identity_user_settings" AS i0 WHERE (i0."id" = $1)
    (ecto_sql 3.13.4) lib/ecto/adapters/sql.ex:1113: Ecto.Adapters.SQL.raise_sql_call_error/1
    (ecto_sql 3.13.4) lib/ecto/adapters/sql.ex:1011: Ecto.Adapters.SQL.execute/6
    (ecto 3.13.5) lib/ecto/repo/queryable.ex:241: Ecto.Repo.Queryable.execute/4
    (ecto 3.13.5) lib/ecto/repo/queryable.ex:19: Ecto.Repo.Queryable.all/3
    (ecto 3.13.5) lib/ecto/repo/queryable.ex:163: Ecto.Repo.Queryable.one/3
    (nexus 0.1.0) lib/nexus/identity/projectors/user_registration_projector.ex:53: anonymous fn/3 in Nexus.Identity.Projectors.UserRegistrationProjector.project_registration/3
    (ecto 3.13.5) lib/ecto/multi.ex:905: Ecto.Multi.apply_operation/5
    (elixir 1.19.5) lib/enum.ex:2520: Enum."-reduce/3-lists^foldl/2-0-"/3
    (ecto 3.13.5) lib/ecto/multi.ex:878: anonymous fn/5 in Ecto.Multi.apply_operations/5
    (ecto_sql 3.13.4) lib/ecto/adapters/sql.ex:1473: anonymous fn/3 in Ecto.Adapters.SQL.checkout_or_transaction/4
    (db_connection 2.9.0) lib/db_connection.ex:1747: DBConnection.run_transaction/4
    (ecto 3.13.5) lib/ecto/repo/transaction.ex:30: Ecto.Repo.Transaction.transact/4
    (nexus 0.1.0) deps/commanded_ecto_projections/lib/projections/ecto.ex:97: Nexus.Identity.Projectors.UserRegistrationProjector.update_projection/3
    (commanded 1.4.9) lib/commanded/event/handler.ex:1221: Commanded.Event.Handler.delegate_event_to_handler/2
    (commanded 1.4.9) lib/commanded/event/handler.ex:1062: Commanded.Event.Handler.handle_event/3
    (elixir 1.19.5) lib/enum.ex:2520: Enum."-reduce/3-lists^foldl/2-0-"/3
    (commanded 1.4.9) lib/commanded/event/handler.ex:969: Commanded.Event.Handler.handle_info/2
    (stdlib 7.1) gen_server.erl:2434: :gen_server.try_handle_info/3
    (stdlib 7.1) gen_server.erl:2420: :gen_server.handle_msg/3
    (stdlib 7.1) proc_lib.erl:333: :proc_lib.init_p_do_apply/3

23:09:57.494 [warning] Nexus.Identity.Projectors.UserRegistrationProjector has requested to stop: %Postgrex.Error{message: nil, postgres: %{code: :undefined_column, line: "3721", message: "column i0.id does not exist", position: "8", file: "parse_relation.c", unknown: "ERROR", severity: "ERROR", pg_code: "42703", routine: "errorMissingColumn"}, connection_id: 3157, query: "SELECT i0.\"id\", i0.\"user_id\", i0.\"org_id\", i0.\"locale\", i0.\"timezone\", i0.\"notifications_enabled\", i0.\"created_at\", i0.\"updated_at\" FROM \"identity_user_settings\" AS i0 WHERE (i0.\"id\" = $1)"}
23:09:57.494 [debug] Nexus.Identity.Projectors.UserRegistrationProjector is shutting down due to %Postgrex.Error{message: nil, postgres: %{code: :undefined_column, line: "3721", message: "column i0.id does not exist", position: "8", file: "parse_relation.c", unknown: "ERROR", severity: "ERROR", pg_code: "42703", routine: "errorMissingColumn"}, connection_id: 3157, query: "SELECT i0.\"id\", i0.\"user_id\", i0.\"org_id\", i0.\"locale\", i0.\"timezone\", i0.\"notifications_enabled\", i0.\"created_at\", i0.\"updated_at\" FROM \"identity_user_settings\" AS i0 WHERE (i0.\"id\" = $1)"}
23:09:57.494 [error] GenServer {Nexus.App.LocalRegistry, {Nexus.App, Commanded.Event.Handler, "Identity.Projectors.UserRegistrationProjector"}} terminating
** (stop) %Postgrex.Error{message: nil, postgres: %{code: :undefined_column, line: "3721", message: "column i0.id does not exist", position: "8", file: "parse_relation.c", unknown: "ERROR", severity: "ERROR", pg_code: "42703", routine: "errorMissingColumn"}, connection_id: 3157, query: "SELECT i0.\"id\", i0.\"user_id\", i0.\"org_id\", i0.\"locale\", i0.\"timezone\", i0.\"notifications_enabled\", i0.\"created_at\", i0.\"updated_at\" FROM \"identity_user_settings\" AS i0 WHERE (i0.\"id\" = $1)"}
Last message: {:events, [%Commanded.EventStore.RecordedEvent{event_id: "282ec866-f518-44ed-95f6-7a535d6c3e25", event_number: 11262, stream_id: "019d0c26-0b00-74a0-bd6d-48329cf61a57", stream_version: 1, causation_id: "d64809a4-8402-4360-8536-99b7a0f860ca", correlation_id: "e0f4b4bb-483c-4914-aaaa-956d1587d67e", event_type: "Elixir.Nexus.Identity.Events.UserRegistered", data: %Nexus.Identity.Events.UserRegistered{user_id: "019d0c26-0b00-74a0-bd6d-48329cf61a57", org_id: "019d0c26-0b00-74a0-8884-24b7b734f296", email: "test@example.com", role: "system_admin", cose_key: "Ym9vdHN0cmFwX2Nvc2Vfa2V5", credential_id: "Ym9vdHN0cmFwX2NyZWRlbnRpYWxfaWQ=", registered_at: "2026-03-20T16:48:33.024173Z", display_name: "Test User", status: "active"}, created_at: ~U[2026-03-20 16:48:33.025211Z], metadata: %{"causation_id" => "019d0c26-0b00-71d0-a1d2-041f55e92cfc", "correlation_id" => "019d0c26-0b00-71d0-a1d2-041f55e92cfc"}}]}
State: %Commanded.Event.Handler{application: Nexus.App, consistency: :strong, handler_callback: :event, handler_name: "Identity.Projectors.UserRegistrationProjector", handler_module: Nexus.Identity.Projectors.UserRegistrationProjector, handler_state: nil, last_seen_event: nil, subscription: %Commanded.EventStore.Subscription{application: Nexus.App, backoff: {:backoff, 1000, 60000, 1000, :jitter, :undefined, :undefined}, concurrency: 1, partition_by: nil, subscribe_to: :all, subscribe_from: :origin, subscription_name: "Identity.Projectors.UserRegistrationProjector", subscription_opts: [], subscription_pid: #PID<0.1879.0>, subscription_ref: #Reference<0.504251661.3394502658.57549>}, subscribe_timer: nil}
23:09:57.495 [debug] Subscription "Identity.Projectors.UserRegistrationProjector"@"$all" subscriber #PID<0.1878.0> down due to: %Postgrex.Error{message: nil, postgres: %{code: :undefined_column, line: "3721", message: "column i0.id does not exist", position: "8", file: "parse_relation.c", unknown: "ERROR", severity: "ERROR", pg_code: "42703", routine: "errorMissingColumn"}, connection_id: 3157, query: "SELECT i0.\"id\", i0.\"user_id\", i0.\"org_id\", i0.\"locale\", i0.\"timezone\", i0.\"notifications_enabled\", i0.\"created_at\", i0.\"updated_at\" FROM \"identity_user_settings\" AS i0 WHERE (i0.\"id\" = $1)"}
23:09:57.495 [debug] Subscription "Identity.Projectors.UserRegistrationProjector"@"$all" has no subscribers, shutting down
23:09:57.495 [error] GenServer {Nexus.EventStore.EventStore.Subscriptions.Registry, {"$all", "Identity.Projectors.UserRegistrationProjector"}} terminating
** (stop) %Postgrex.Error{message: nil, postgres: %{code: :undefined_column, line: "3721", message: "column i0.id does not exist", position: "8", file: "parse_relation.c", unknown: "ERROR", severity: "ERROR", pg_code: "42703", routine: "errorMissingColumn"}, connection_id: 3157, query: "SELECT i0.\"id\", i0.\"user_id\", i0.\"org_id\", i0.\"locale\", i0.\"timezone\", i0.\"notifications_enabled\", i0.\"created_at\", i0.\"updated_at\" FROM \"identity_user_settings\" AS i0 WHERE (i0.\"id\" = $1)"}
Last message: {:DOWN, #Reference<0.504251661.3394502658.57541>, :process, #PID<0.1878.0>, %Postgrex.Error{message: nil, postgres: %{code: :undefined_column, line: "3721", message: "column i0.id does not exist", position: "8", file: "parse_relation.c", unknown: "ERROR", severity: "ERROR", pg_code: "42703", routine: "errorMissingColumn"}, connection_id: 3157, query: "SELECT i0.\"id\", i0.\"user_id\", i0.\"org_id\", i0.\"locale\", i0.\"timezone\", i0.\"notifications_enabled\", i0.\"created_at\", i0.\"updated_at\" FROM \"identity_user_settings\" AS i0 WHERE (i0.\"id\" = $1)"}}
State: %EventStore.Subscriptions.Subscription{stream_uuid: "$all", subscription_name: "Identity.Projectors.UserRegistrationProjector", subscription: %EventStore.Subscriptions.SubscriptionFsm{state: :unsubscribed, data: %EventStore.Subscriptions.SubscriptionState{conn: Nexus.EventStore.Postgrex, event_store: Nexus.EventStore, serializer: Commanded.Serialization.JsonSerializer, schema: "event_store", stream_uuid: "$all", start_from: 0, subscription_name: "Identity.Projectors.UserRegistrationProjector", subscription_id: 405, selector: nil, mapper: &Commanded.EventStore.Adapters.EventStore.Mapper.from_recorded_event/1, max_size: 1000, partition_by: nil, query_timeout: 15000, lock_ref: #Reference<0.504251661.3394502657.101581>, last_received: 12197, last_sent: 11262, last_ack: 11261, queue_size: 936, buffer_size: 1, checkpoint_after: 0, checkpoint_threshold: 1, checkpoint_timer_ref: nil, checkpoints_pending: 0, subscribers: %{}, partitions: %{nil: {[%EventStore.RecordedEvent{event_number: 12197, event_id: "1090d0fa-e811-4476-b333-0ecde47df19b", stream_uuid: "7f9d61e3-4ddb-4a45-9632-c9b4e8e37a26", stream_version: 1, correlation_id: "95c6a40b-6222-41f9-98d5-3e8c238cd512", causation_id: "cafcad9f-48b9-4455-9cc5-59cc5c81305c", event_type: "Elixir.Nexus.Identity.Events.UserRegistered", data: %Nexus.Identity.Events.UserRegistered{user_id: "7f9d61e3-4ddb-4a45-9632-c9b4e8e37a26", org_id: "a136c24b-09d3-44e5-b654-62c6eb3563d2", email: "test@example.com", role: "admin", cose_key: "dummy", credential_id: "dummy", registered_at: "2026-03-20T23:09:57.291719Z", display_name: "Test User", status: "active"}, metadata: %{"causation_id" => "019d0d83-3aab-7cfc-b64f-9c138c365c71", "correlation_id" => "019d0d83-3aab-7cfc-b64f-9c138c365c71"}, created_at: ~U[2026-03-20 23:09:57.294271Z]}, %EventStore.RecordedEvent{event_number: 12196, event_id: "51ed3aa0-2b4d-4f9e-bb88-d9b7471414a0", stream_uuid: "a6d32835-04fe-47c3-93c7-50750f4c0025", stream_version: 2, correlation_id: "fb342b99-3477-4551-974c-9a74331120b4", causation_id: "e22481cf-a9ef-4153-a77b-9a91fcb9b83b", event_type: "Elixir.Nexus.Identity.Events.SessionExpired", data: %Nexus.Identity.Events.SessionExpired{org_id: "aefc3981-97e0-4a44-a442-807e9d7b3892", user_id: "a6d32835-04fe-47c3-93c7-50750f4c0025", session_id: "87180336-fdab-415d-a0c7-23fd23f136a9", expired_at: "2026-03-20T23:09:56.784404Z"}, metadata: %{"causation_id" => "019d0d83-38b1-75a5-8e13-bbe0bed9ff21", "correlation_id" => "019d0d83-38b1-75a5-8e13-bbe0bed9ff21"}, created_at: ~U[2026-03-20 23:09:56.786169Z]}, %EventStore.RecordedEvent{event_number: 12195, event_id: "63cf0cf3-679d-4adb-a5fc-1b7c8cdfe448", stream_uuid: "a6d32835-04fe-47c3-93c7-50750f4c0025", stream_version: 1, correlation_id: "4b130646-5380-41f3-b6df-9abfd1ed0d92", causation_id: "0f27ee9d-27db-4e8b-8f2d-6a8556a5e9d4", event_type: "Elixir.Nexus.Identity.Events.UserRegistered", data: %Nexus.Identity.Events.UserRegistered{user_id: "a6d32835-04fe-47c3-93c7-50750f4c0025", org_id: "aefc3981-97e0-4a44-a442-807e9d7b3892", email: "test@example.com", role: "admin", cose_key: "dummy", credential_id: "dummy", registered_at: "2026-03-20T23:09:56.579831Z", display_name: "Test User", status: "active"}, metadata: %{"causation_id" => "019d0d83-37e3-7671-991d-f18a42a53090", "correlation_id" => "019d0d83-37e3-7671-991d-f18a42a53090"}, created_at: ~U[2026-03-20 23:09:56.581065Z]}, %EventStore.RecordedEvent{event_number: 12194, event_id: "3f8f3cbc-ea72-45a7-ab6d-12a43da50245", stream_uuid: "e55da693-c009-4afd-a56e-9b4ab3975acc", stream_version: 2, correlation_id: "e5500f71-9103-4737-8991-5eb165815e23", causation_id: "633094f8-6986-459b-9416-072dd0187fd9", ...}, ...], ...}}, ...}}, ...}
23:09:57.495 [debug] Nexus.Identity.Projectors.UserRegistrationProjector is shutting down due to {%Postgrex.Error{message: nil, postgres: %{code: :undefined_column, line: "3721", message: "column i0.id does not exist", position: "8", file: "parse_relation.c", unknown: "ERROR", severity: "ERROR", pg_code: "42703", routine: "errorMissingColumn"}, connection_id: 3157, query: "SELECT i0.\"id\", i0.\"user_id\", i0.\"org_id\", i0.\"locale\", i0.\"timezone\", i0.\"notifications_enabled\", i0.\"created_at\", i0.\"updated_at\" FROM \"identity_user_settings\" AS i0 WHERE (i0.\"id\" = $1)"}, {GenServer, :call, [#PID<0.1879.0>, {:connect, #PID<0.1880.0>, [retry_interval: 60000, hibernate_after: 15000, partition_by: nil, concurrency_limit: 1, name: Nexus.EventStore, mapper: &Commanded.EventStore.Adapters.EventStore.Mapper.from_recorded_event/1, conn: Nexus.EventStore.Postgrex, event_store: Nexus.EventStore, query_timeout: 15000, schema: "event_store", serializer: Commanded.Serialization.JsonSerializer, stream_uuid: "$all", subscription_name: "Identity.Projectors.UserRegistrationProjector", start_from: 0]}, 5000]}}
23:09:57.495 [error] GenServer {Nexus.App.LocalRegistry, {Nexus.App, Commanded.Event.Handler, "Identity.Projectors.UserRegistrationProjector"}} terminating
** (stop) exited in: GenServer.call(#PID<0.1879.0>, {:connect, #PID<0.1880.0>, [retry_interval: 60000, hibernate_after: 15000, partition_by: nil, concurrency_limit: 1, name: Nexus.EventStore, mapper: &Commanded.EventStore.Adapters.EventStore.Mapper.from_recorded_event/1, conn: Nexus.EventStore.Postgrex, event_store: Nexus.EventStore, query_timeout: 15000, schema: "event_store", serializer: Commanded.Serialization.JsonSerializer, stream_uuid: "$all", subscription_name: "Identity.Projectors.UserRegistrationProjector", start_from: 0]}, 5000)
    ** (EXIT) %Postgrex.Error{message: nil, postgres: %{code: :undefined_column, line: "3721", message: "column i0.id does not exist", position: "8", file: "parse_relation.c", unknown: "ERROR", severity: "ERROR", pg_code: "42703", routine: "errorMissingColumn"}, connection_id: 3157, query: "SELECT i0.\"id\", i0.\"user_id\", i0.\"org_id\", i0.\"locale\", i0.\"timezone\", i0.\"notifications_enabled\", i0.\"created_at\", i0.\"updated_at\" FROM \"identity_user_settings\" AS i0 WHERE (i0.\"id\" = $1)"}
    (elixir 1.19.5) lib/gen_server.ex:1142: GenServer.call/3
    (commanded 1.4.9) lib/commanded/event_store.ex:289: anonymous fn/2 in Commanded.EventStore.span/3
    (telemetry 1.3.0) /Users/bernard/dev/nexus/deps/telemetry/src/telemetry.erl:324: :telemetry.span/3
    (commanded 1.4.9) lib/commanded/event_store/subscription.ex:58: Commanded.EventStore.Subscription.subscribe/2
    (commanded 1.4.9) lib/commanded/event/handler.ex:1024: Commanded.Event.Handler.subscribe_to_events/1
    (commanded 1.4.9) lib/commanded/event/handler.ex:887: Commanded.Event.Handler.handle_continue/2
    (stdlib 7.1) gen_server.erl:2424: :gen_server.try_handle_continue/3
    (stdlib 7.1) gen_server.erl:2291: :gen_server.loop/4
    (stdlib 7.1) proc_lib.erl:333: :proc_lib.init_p_do_apply/3
Last message: {:continue, :subscribe_to_events}
State: %Commanded.Event.Handler{application: Nexus.App, consistency: :strong, handler_callback: :event, handler_name: "Identity.Projectors.UserRegistrationProjector", handler_module: Nexus.Identity.Projectors.UserRegistrationProjector, handler_state: nil, last_seen_event: nil, subscription: %Commanded.EventStore.Subscription{application: Nexus.App, backoff: {:backoff, 1000, 60000, 1000, :jitter, :undefined, :undefined}, concurrency: 1, partition_by: nil, subscribe_to: :all, subscribe_from: :origin, subscription_name: "Identity.Projectors.UserRegistrationProjector", subscription_opts: [], subscription_pid: nil, subscription_ref: nil}, subscribe_timer: nil}
23:09:57.496 [debug] Subscription "Identity.Projectors.UserRegistrationProjector"@"$all" attempting to connect subscriber #PID<0.1881.0>
23:09:57.497 [debug] Subscription "Identity.Projectors.UserRegistrationProjector"@"$all" catching-up
23:09:57.497 [debug] Nexus.Identity.Projectors.UserRegistrationProjector has successfully subscribed to event store
23:09:57.511 [debug] Nexus.Identity.Projectors.UserRegistrationProjector received events: [%Commanded.EventStore.RecordedEvent{event_id: "282ec866-f518-44ed-95f6-7a535d6c3e25", event_number: 11262, stream_id: "019d0c26-0b00-74a0-bd6d-48329cf61a57", stream_version: 1, causation_id: "d64809a4-8402-4360-8536-99b7a0f860ca", correlation_id: "e0f4b4bb-483c-4914-aaaa-956d1587d67e", event_type: "Elixir.Nexus.Identity.Events.UserRegistered", data: %Nexus.Identity.Events.UserRegistered{user_id: "019d0c26-0b00-74a0-bd6d-48329cf61a57", org_id: "019d0c26-0b00-74a0-8884-24b7b734f296", email: "test@example.com", role: "system_admin", cose_key: "Ym9vdHN0cmFwX2Nvc2Vfa2V5", credential_id: "Ym9vdHN0cmFwX2NyZWRlbnRpYWxfaWQ=", registered_at: "2026-03-20T16:48:33.024173Z", display_name: "Test User", status: "active"}, created_at: ~U[2026-03-20 16:48:33.025211Z], metadata: %{"causation_id" => "019d0c26-0b00-71d0-a1d2-041f55e92cfc", "correlation_id" => "019d0c26-0b00-71d0-a1d2-041f55e92cfc"}}]
23:09:57.512 [debug] QUERY OK db=0.2ms
begin []
23:09:57.512 [debug] QUERY OK source="projection_versions" db=0.2ms
INSERT INTO "projection_versions" AS p0 ("projection_name","last_seen_event_number","inserted_at","updated_at") VALUES ($1,$2,$3,$4) ON CONFLICT ("projection_name") DO UPDATE SET "last_seen_event_number" = $5 WHERE ((p0."projection_name" = $6) AND (p0."last_seen_event_number" < $7)) ["Identity.Projectors.UserRegistrationProjector", 11262, ~N[2026-03-20 23:09:57.512280], ~N[2026-03-20 23:09:57.512280], 11262, "Identity.Projectors.UserRegistrationProjector", 11262]
23:09:57.512 [debug] QUERY OK source="users" db=0.1ms
SELECT u0."id", u0."org_id", u0."email", u0."display_name", u0."status", u0."cose_key", u0."credential_id", u0."roles", u0."created_at", u0."updated_at" FROM "users" AS u0 WHERE (u0."id" = $1) ["019d0c26-0b00-74a0-bd6d-48329cf61a57"]
23:09:57.512 [debug] QUERY OK source="users" db=0.1ms
SELECT u0."id", u0."org_id", u0."email", u0."display_name", u0."status", u0."cose_key", u0."credential_id", u0."roles", u0."created_at", u0."updated_at" FROM "users" AS u0 WHERE (u0."email" = $1) ["test@example.com"]
23:09:57.513 [debug] QUERY OK source="users" db=0.1ms
INSERT INTO "users" ("id","status","org_id","email","display_name","roles","cose_key","credential_id","created_at","updated_at") VALUES ($1,$2,$3,$4,$5,$6,$7,$8,$9,$10) ["019d0c26-0b00-74a0-bd6d-48329cf61a57", "active", "019d0c26-0b00-74a0-8884-24b7b734f296", "test@example.com", "Test User", ["system_admin"], "bootstrap_cose_key", "bootstrap_credential_id", ~U[2026-03-20 23:09:57.512903Z], ~U[2026-03-20 23:09:57.512903Z]]
23:09:57.513 [debug] QUERY ERROR source="identity_user_settings" db=0.0ms
SELECT i0."id", i0."user_id", i0."org_id", i0."locale", i0."timezone", i0."notifications_enabled", i0."created_at", i0."updated_at" FROM "identity_user_settings" AS i0 WHERE (i0."id" = $1) ["019d0c26-0b00-74a0-bd6d-48329cf61a57"]
23:09:57.513 [debug] QUERY OK db=0.1ms
rollback []
23:09:57.514 [error] Nexus.Identity.Projectors.UserRegistrationProjector failed to handle event:
%Commanded.EventStore.RecordedEvent{
  event_id: "282ec866-f518-44ed-95f6-7a535d6c3e25",
  event_number: 11262,
  stream_id: "019d0c26-0b00-74a0-bd6d-48329cf61a57",
  stream_version: 1,
  causation_id: "d64809a4-8402-4360-8536-99b7a0f860ca",
  correlation_id: "e0f4b4bb-483c-4914-aaaa-956d1587d67e",
  event_type: "Elixir.Nexus.Identity.Events.UserRegistered",
  data: %Nexus.Identity.Events.UserRegistered{
    user_id: "019d0c26-0b00-74a0-bd6d-48329cf61a57",
    org_id: "019d0c26-0b00-74a0-8884-24b7b734f296",
    email: "test@example.com",
    role: "system_admin",
    cose_key: "Ym9vdHN0cmFwX2Nvc2Vfa2V5",
    credential_id: "Ym9vdHN0cmFwX2NyZWRlbnRpYWxfaWQ=",
    registered_at: "2026-03-20T16:48:33.024173Z",
    display_name: "Test User",
    status: "active"
  },
  created_at: ~U[2026-03-20 16:48:33.025211Z],
  metadata: %{
    "causation_id" => "019d0c26-0b00-71d0-a1d2-041f55e92cfc",
    "correlation_id" => "019d0c26-0b00-71d0-a1d2-041f55e92cfc"
  }
}, due to:
** (Postgrex.Error) ERROR 42703 (undefined_column) column i0.id does not exist

    query: SELECT i0."id", i0."user_id", i0."org_id", i0."locale", i0."timezone", i0."notifications_enabled", i0."created_at", i0."updated_at" FROM "identity_user_settings" AS i0 WHERE (i0."id" = $1)
    (ecto_sql 3.13.4) lib/ecto/adapters/sql.ex:1113: Ecto.Adapters.SQL.raise_sql_call_error/1
    (ecto_sql 3.13.4) lib/ecto/adapters/sql.ex:1011: Ecto.Adapters.SQL.execute/6
    (ecto 3.13.5) lib/ecto/repo/queryable.ex:241: Ecto.Repo.Queryable.execute/4
    (ecto 3.13.5) lib/ecto/repo/queryable.ex:19: Ecto.Repo.Queryable.all/3
    (ecto 3.13.5) lib/ecto/repo/queryable.ex:163: Ecto.Repo.Queryable.one/3
    (nexus 0.1.0) lib/nexus/identity/projectors/user_registration_projector.ex:53: anonymous fn/3 in Nexus.Identity.Projectors.UserRegistrationProjector.project_registration/3
    (ecto 3.13.5) lib/ecto/multi.ex:905: Ecto.Multi.apply_operation/5
    (elixir 1.19.5) lib/enum.ex:2520: Enum."-reduce/3-lists^foldl/2-0-"/3
    (ecto 3.13.5) lib/ecto/multi.ex:878: anonymous fn/5 in Ecto.Multi.apply_operations/5
    (ecto_sql 3.13.4) lib/ecto/adapters/sql.ex:1473: anonymous fn/3 in Ecto.Adapters.SQL.checkout_or_transaction/4
    (db_connection 2.9.0) lib/db_connection.ex:1747: DBConnection.run_transaction/4
    (ecto 3.13.5) lib/ecto/repo/transaction.ex:30: Ecto.Repo.Transaction.transact/4
    (nexus 0.1.0) deps/commanded_ecto_projections/lib/projections/ecto.ex:97: Nexus.Identity.Projectors.UserRegistrationProjector.update_projection/3
    (commanded 1.4.9) lib/commanded/event/handler.ex:1221: Commanded.Event.Handler.delegate_event_to_handler/2
    (commanded 1.4.9) lib/commanded/event/handler.ex:1062: Commanded.Event.Handler.handle_event/3
    (elixir 1.19.5) lib/enum.ex:2520: Enum."-reduce/3-lists^foldl/2-0-"/3
    (commanded 1.4.9) lib/commanded/event/handler.ex:969: Commanded.Event.Handler.handle_info/2
    (stdlib 7.1) gen_server.erl:2434: :gen_server.try_handle_info/3
    (stdlib 7.1) gen_server.erl:2420: :gen_server.handle_msg/3
    (stdlib 7.1) proc_lib.erl:333: :proc_lib.init_p_do_apply/3

23:09:57.514 [warning] Nexus.Identity.Projectors.UserRegistrationProjector has requested to stop: %Postgrex.Error{message: nil, postgres: %{code: :undefined_column, line: "3721", message: "column i0.id does not exist", position: "8", file: "parse_relation.c", unknown: "ERROR", severity: "ERROR", pg_code: "42703", routine: "errorMissingColumn"}, connection_id: 3157, query: "SELECT i0.\"id\", i0.\"user_id\", i0.\"org_id\", i0.\"locale\", i0.\"timezone\", i0.\"notifications_enabled\", i0.\"created_at\", i0.\"updated_at\" FROM \"identity_user_settings\" AS i0 WHERE (i0.\"id\" = $1)"}
23:09:57.514 [debug] Nexus.Identity.Projectors.UserRegistrationProjector is shutting down due to %Postgrex.Error{message: nil, postgres: %{code: :undefined_column, line: "3721", message: "column i0.id does not exist", position: "8", file: "parse_relation.c", unknown: "ERROR", severity: "ERROR", pg_code: "42703", routine: "errorMissingColumn"}, connection_id: 3157, query: "SELECT i0.\"id\", i0.\"user_id\", i0.\"org_id\", i0.\"locale\", i0.\"timezone\", i0.\"notifications_enabled\", i0.\"created_at\", i0.\"updated_at\" FROM \"identity_user_settings\" AS i0 WHERE (i0.\"id\" = $1)"}
23:09:57.514 [error] GenServer {Nexus.App.LocalRegistry, {Nexus.App, Commanded.Event.Handler, "Identity.Projectors.UserRegistrationProjector"}} terminating
** (stop) %Postgrex.Error{message: nil, postgres: %{code: :undefined_column, line: "3721", message: "column i0.id does not exist", position: "8", file: "parse_relation.c", unknown: "ERROR", severity: "ERROR", pg_code: "42703", routine: "errorMissingColumn"}, connection_id: 3157, query: "SELECT i0.\"id\", i0.\"user_id\", i0.\"org_id\", i0.\"locale\", i0.\"timezone\", i0.\"notifications_enabled\", i0.\"created_at\", i0.\"updated_at\" FROM \"identity_user_settings\" AS i0 WHERE (i0.\"id\" = $1)"}
Last message: {:events, [%Commanded.EventStore.RecordedEvent{event_id: "282ec866-f518-44ed-95f6-7a535d6c3e25", event_number: 11262, stream_id: "019d0c26-0b00-74a0-bd6d-48329cf61a57", stream_version: 1, causation_id: "d64809a4-8402-4360-8536-99b7a0f860ca", correlation_id: "e0f4b4bb-483c-4914-aaaa-956d1587d67e", event_type: "Elixir.Nexus.Identity.Events.UserRegistered", data: %Nexus.Identity.Events.UserRegistered{user_id: "019d0c26-0b00-74a0-bd6d-48329cf61a57", org_id: "019d0c26-0b00-74a0-8884-24b7b734f296", email: "test@example.com", role: "system_admin", cose_key: "Ym9vdHN0cmFwX2Nvc2Vfa2V5", credential_id: "Ym9vdHN0cmFwX2NyZWRlbnRpYWxfaWQ=", registered_at: "2026-03-20T16:48:33.024173Z", display_name: "Test User", status: "active"}, created_at: ~U[2026-03-20 16:48:33.025211Z], metadata: %{"causation_id" => "019d0c26-0b00-71d0-a1d2-041f55e92cfc", "correlation_id" => "019d0c26-0b00-71d0-a1d2-041f55e92cfc"}}]}
State: %Commanded.Event.Handler{application: Nexus.App, consistency: :strong, handler_callback: :event, handler_name: "Identity.Projectors.UserRegistrationProjector", handler_module: Nexus.Identity.Projectors.UserRegistrationProjector, handler_state: nil, last_seen_event: nil, subscription: %Commanded.EventStore.Subscription{application: Nexus.App, backoff: {:backoff, 1000, 60000, 1000, :jitter, :undefined, :undefined}, concurrency: 1, partition_by: nil, subscribe_to: :all, subscribe_from: :origin, subscription_name: "Identity.Projectors.UserRegistrationProjector", subscription_opts: [], subscription_pid: #PID<0.1882.0>, subscription_ref: #Reference<0.504251661.3394502658.57623>}, subscribe_timer: nil}
23:09:57.514 [debug] Subscription "Identity.Projectors.UserRegistrationProjector"@"$all" subscriber #PID<0.1881.0> down due to: %Postgrex.Error{message: nil, postgres: %{code: :undefined_column, line: "3721", message: "column i0.id does not exist", position: "8", file: "parse_relation.c", unknown: "ERROR", severity: "ERROR", pg_code: "42703", routine: "errorMissingColumn"}, connection_id: 3157, query: "SELECT i0.\"id\", i0.\"user_id\", i0.\"org_id\", i0.\"locale\", i0.\"timezone\", i0.\"notifications_enabled\", i0.\"created_at\", i0.\"updated_at\" FROM \"identity_user_settings\" AS i0 WHERE (i0.\"id\" = $1)"}
23:09:57.514 [debug] Subscription "Identity.Projectors.UserRegistrationProjector"@"$all" has no subscribers, shutting down
23:09:57.514 [error] GenServer {Nexus.EventStore.EventStore.Subscriptions.Registry, {"$all", "Identity.Projectors.UserRegistrationProjector"}} terminating
** (stop) %Postgrex.Error{message: nil, postgres: %{code: :undefined_column, line: "3721", message: "column i0.id does not exist", position: "8", file: "parse_relation.c", unknown: "ERROR", severity: "ERROR", pg_code: "42703", routine: "errorMissingColumn"}, connection_id: 3157, query: "SELECT i0.\"id\", i0.\"user_id\", i0.\"org_id\", i0.\"locale\", i0.\"timezone\", i0.\"notifications_enabled\", i0.\"created_at\", i0.\"updated_at\" FROM \"identity_user_settings\" AS i0 WHERE (i0.\"id\" = $1)"}
Last message: {:DOWN, #Reference<0.504251661.3394502658.57618>, :process, #PID<0.1881.0>, %Postgrex.Error{message: nil, postgres: %{code: :undefined_column, line: "3721", message: "column i0.id does not exist", position: "8", file: "parse_relation.c", unknown: "ERROR", severity: "ERROR", pg_code: "42703", routine: "errorMissingColumn"}, connection_id: 3157, query: "SELECT i0.\"id\", i0.\"user_id\", i0.\"org_id\", i0.\"locale\", i0.\"timezone\", i0.\"notifications_enabled\", i0.\"created_at\", i0.\"updated_at\" FROM \"identity_user_settings\" AS i0 WHERE (i0.\"id\" = $1)"}}
State: %EventStore.Subscriptions.Subscription{stream_uuid: "$all", subscription_name: "Identity.Projectors.UserRegistrationProjector", subscription: %EventStore.Subscriptions.SubscriptionFsm{state: :unsubscribed, data: %EventStore.Subscriptions.SubscriptionState{conn: Nexus.EventStore.Postgrex, event_store: Nexus.EventStore, serializer: Commanded.Serialization.JsonSerializer, schema: "event_store", stream_uuid: "$all", start_from: 0, subscription_name: "Identity.Projectors.UserRegistrationProjector", subscription_id: 405, selector: nil, mapper: &Commanded.EventStore.Adapters.EventStore.Mapper.from_recorded_event/1, max_size: 1000, partition_by: nil, query_timeout: 15000, lock_ref: #Reference<0.504251661.3394502657.101801>, last_received: 12197, last_sent: 11262, last_ack: 11261, queue_size: 936, buffer_size: 1, checkpoint_after: 0, checkpoint_threshold: 1, checkpoint_timer_ref: nil, checkpoints_pending: 0, subscribers: %{}, partitions: %{nil: {[%EventStore.RecordedEvent{event_number: 12197, event_id: "1090d0fa-e811-4476-b333-0ecde47df19b", stream_uuid: "7f9d61e3-4ddb-4a45-9632-c9b4e8e37a26", stream_version: 1, correlation_id: "95c6a40b-6222-41f9-98d5-3e8c238cd512", causation_id: "cafcad9f-48b9-4455-9cc5-59cc5c81305c", event_type: "Elixir.Nexus.Identity.Events.UserRegistered", data: %Nexus.Identity.Events.UserRegistered{user_id: "7f9d61e3-4ddb-4a45-9632-c9b4e8e37a26", org_id: "a136c24b-09d3-44e5-b654-62c6eb3563d2", email: "test@example.com", role: "admin", cose_key: "dummy", credential_id: "dummy", registered_at: "2026-03-20T23:09:57.291719Z", display_name: "Test User", status: "active"}, metadata: %{"causation_id" => "019d0d83-3aab-7cfc-b64f-9c138c365c71", "correlation_id" => "019d0d83-3aab-7cfc-b64f-9c138c365c71"}, created_at: ~U[2026-03-20 23:09:57.294271Z]}, %EventStore.RecordedEvent{event_number: 12196, event_id: "51ed3aa0-2b4d-4f9e-bb88-d9b7471414a0", stream_uuid: "a6d32835-04fe-47c3-93c7-50750f4c0025", stream_version: 2, correlation_id: "fb342b99-3477-4551-974c-9a74331120b4", causation_id: "e22481cf-a9ef-4153-a77b-9a91fcb9b83b", event_type: "Elixir.Nexus.Identity.Events.SessionExpired", data: %Nexus.Identity.Events.SessionExpired{org_id: "aefc3981-97e0-4a44-a442-807e9d7b3892", user_id: "a6d32835-04fe-47c3-93c7-50750f4c0025", session_id: "87180336-fdab-415d-a0c7-23fd23f136a9", expired_at: "2026-03-20T23:09:56.784404Z"}, metadata: %{"causation_id" => "019d0d83-38b1-75a5-8e13-bbe0bed9ff21", "correlation_id" => "019d0d83-38b1-75a5-8e13-bbe0bed9ff21"}, created_at: ~U[2026-03-20 23:09:56.786169Z]}, %EventStore.RecordedEvent{event_number: 12195, event_id: "63cf0cf3-679d-4adb-a5fc-1b7c8cdfe448", stream_uuid: "a6d32835-04fe-47c3-93c7-50750f4c0025", stream_version: 1, correlation_id: "4b130646-5380-41f3-b6df-9abfd1ed0d92", causation_id: "0f27ee9d-27db-4e8b-8f2d-6a8556a5e9d4", event_type: "Elixir.Nexus.Identity.Events.UserRegistered", data: %Nexus.Identity.Events.UserRegistered{user_id: "a6d32835-04fe-47c3-93c7-50750f4c0025", org_id: "aefc3981-97e0-4a44-a442-807e9d7b3892", email: "test@example.com", role: "admin", cose_key: "dummy", credential_id: "dummy", registered_at: "2026-03-20T23:09:56.579831Z", display_name: "Test User", status: "active"}, metadata: %{"causation_id" => "019d0d83-37e3-7671-991d-f18a42a53090", "correlation_id" => "019d0d83-37e3-7671-991d-f18a42a53090"}, created_at: ~U[2026-03-20 23:09:56.581065Z]}, %EventStore.RecordedEvent{event_number: 12194, event_id: "3f8f3cbc-ea72-45a7-ab6d-12a43da50245", stream_uuid: "e55da693-c009-4afd-a56e-9b4ab3975acc", stream_version: 2, correlation_id: "e5500f71-9103-4737-8991-5eb165815e23", causation_id: "633094f8-6986-459b-9416-072dd0187fd9", ...}, ...], ...}}, ...}}, ...}
23:09:57.515 [debug] Nexus.Identity.Projectors.UserRegistrationProjector is shutting down due to {%Postgrex.Error{message: nil, postgres: %{code: :undefined_column, line: "3721", message: "column i0.id does not exist", position: "8", file: "parse_relation.c", unknown: "ERROR", severity: "ERROR", pg_code: "42703", routine: "errorMissingColumn"}, connection_id: 3157, query: "SELECT i0.\"id\", i0.\"user_id\", i0.\"org_id\", i0.\"locale\", i0.\"timezone\", i0.\"notifications_enabled\", i0.\"created_at\", i0.\"updated_at\" FROM \"identity_user_settings\" AS i0 WHERE (i0.\"id\" = $1)"}, {GenServer, :call, [#PID<0.1882.0>, {:connect, #PID<0.1883.0>, [retry_interval: 60000, hibernate_after: 15000, partition_by: nil, concurrency_limit: 1, name: Nexus.EventStore, mapper: &Commanded.EventStore.Adapters.EventStore.Mapper.from_recorded_event/1, conn: Nexus.EventStore.Postgrex, event_store: Nexus.EventStore, query_timeout: 15000, schema: "event_store", serializer: Commanded.Serialization.JsonSerializer, stream_uuid: "$all", subscription_name: "Identity.Projectors.UserRegistrationProjector", start_from: 0]}, 5000]}}
23:09:57.515 [error] GenServer {Nexus.App.LocalRegistry, {Nexus.App, Commanded.Event.Handler, "Identity.Projectors.UserRegistrationProjector"}} terminating
** (stop) exited in: GenServer.call(#PID<0.1882.0>, {:connect, #PID<0.1883.0>, [retry_interval: 60000, hibernate_after: 15000, partition_by: nil, concurrency_limit: 1, name: Nexus.EventStore, mapper: &Commanded.EventStore.Adapters.EventStore.Mapper.from_recorded_event/1, conn: Nexus.EventStore.Postgrex, event_store: Nexus.EventStore, query_timeout: 15000, schema: "event_store", serializer: Commanded.Serialization.JsonSerializer, stream_uuid: "$all", subscription_name: "Identity.Projectors.UserRegistrationProjector", start_from: 0]}, 5000)
    ** (EXIT) %Postgrex.Error{message: nil, postgres: %{code: :undefined_column, line: "3721", message: "column i0.id does not exist", position: "8", file: "parse_relation.c", unknown: "ERROR", severity: "ERROR", pg_code: "42703", routine: "errorMissingColumn"}, connection_id: 3157, query: "SELECT i0.\"id\", i0.\"user_id\", i0.\"org_id\", i0.\"locale\", i0.\"timezone\", i0.\"notifications_enabled\", i0.\"created_at\", i0.\"updated_at\" FROM \"identity_user_settings\" AS i0 WHERE (i0.\"id\" = $1)"}
    (elixir 1.19.5) lib/gen_server.ex:1142: GenServer.call/3
    (commanded 1.4.9) lib/commanded/event_store.ex:289: anonymous fn/2 in Commanded.EventStore.span/3
    (telemetry 1.3.0) /Users/bernard/dev/nexus/deps/telemetry/src/telemetry.erl:324: :telemetry.span/3
    (commanded 1.4.9) lib/commanded/event_store/subscription.ex:58: Commanded.EventStore.Subscription.subscribe/2
    (commanded 1.4.9) lib/commanded/event/handler.ex:1024: Commanded.Event.Handler.subscribe_to_events/1
    (commanded 1.4.9) lib/commanded/event/handler.ex:887: Commanded.Event.Handler.handle_continue/2
    (stdlib 7.1) gen_server.erl:2424: :gen_server.try_handle_continue/3
    (stdlib 7.1) gen_server.erl:2291: :gen_server.loop/4
    (stdlib 7.1) proc_lib.erl:333: :proc_lib.init_p_do_apply/3
Last message: {:continue, :subscribe_to_events}
State: %Commanded.Event.Handler{application: Nexus.App, consistency: :strong, handler_callback: :event, handler_name: "Identity.Projectors.UserRegistrationProjector", handler_module: Nexus.Identity.Projectors.UserRegistrationProjector, handler_state: nil, last_seen_event: nil, subscription: %Commanded.EventStore.Subscription{application: Nexus.App, backoff: {:backoff, 1000, 60000, 1000, :jitter, :undefined, :undefined}, concurrency: 1, partition_by: nil, subscribe_to: :all, subscribe_from: :origin, subscription_name: "Identity.Projectors.UserRegistrationProjector", subscription_opts: [], subscription_pid: nil, subscription_ref: nil}, subscribe_timer: nil}
23:09:57.516 [debug] Subscription "Identity.Projectors.UserRegistrationProjector"@"$all" attempting to connect subscriber #PID<0.1884.0>
23:09:57.516 [debug] Subscription "Identity.Projectors.UserRegistrationProjector"@"$all" catching-up
23:09:57.516 [debug] Nexus.Identity.Projectors.UserRegistrationProjector has successfully subscribed to event store
23:09:57.531 [debug] Nexus.Identity.Projectors.UserRegistrationProjector received events: [%Commanded.EventStore.RecordedEvent{event_id: "282ec866-f518-44ed-95f6-7a535d6c3e25", event_number: 11262, stream_id: "019d0c26-0b00-74a0-bd6d-48329cf61a57", stream_version: 1, causation_id: "d64809a4-8402-4360-8536-99b7a0f860ca", correlation_id: "e0f4b4bb-483c-4914-aaaa-956d1587d67e", event_type: "Elixir.Nexus.Identity.Events.UserRegistered", data: %Nexus.Identity.Events.UserRegistered{user_id: "019d0c26-0b00-74a0-bd6d-48329cf61a57", org_id: "019d0c26-0b00-74a0-8884-24b7b734f296", email: "test@example.com", role: "system_admin", cose_key: "Ym9vdHN0cmFwX2Nvc2Vfa2V5", credential_id: "Ym9vdHN0cmFwX2NyZWRlbnRpYWxfaWQ=", registered_at: "2026-03-20T16:48:33.024173Z", display_name: "Test User", status: "active"}, created_at: ~U[2026-03-20 16:48:33.025211Z], metadata: %{"causation_id" => "019d0c26-0b00-71d0-a1d2-041f55e92cfc", "correlation_id" => "019d0c26-0b00-71d0-a1d2-041f55e92cfc"}}]
23:09:57.531 [debug] QUERY OK db=0.2ms
begin []
23:09:57.531 [debug] QUERY OK source="projection_versions" db=0.1ms
INSERT INTO "projection_versions" AS p0 ("projection_name","last_seen_event_number","inserted_at","updated_at") VALUES ($1,$2,$3,$4) ON CONFLICT ("projection_name") DO UPDATE SET "last_seen_event_number" = $5 WHERE ((p0."projection_name" = $6) AND (p0."last_seen_event_number" < $7)) ["Identity.Projectors.UserRegistrationProjector", 11262, ~N[2026-03-20 23:09:57.531544], ~N[2026-03-20 23:09:57.531544], 11262, "Identity.Projectors.UserRegistrationProjector", 11262]
23:09:57.531 [debug] QUERY OK source="users" db=0.0ms
SELECT u0."id", u0."org_id", u0."email", u0."display_name", u0."status", u0."cose_key", u0."credential_id", u0."roles", u0."created_at", u0."updated_at" FROM "users" AS u0 WHERE (u0."id" = $1) ["019d0c26-0b00-74a0-bd6d-48329cf61a57"]
23:09:57.532 [debug] QUERY OK source="users" db=0.1ms
SELECT u0."id", u0."org_id", u0."email", u0."display_name", u0."status", u0."cose_key", u0."credential_id", u0."roles", u0."created_at", u0."updated_at" FROM "users" AS u0 WHERE (u0."email" = $1) ["test@example.com"]
23:09:57.532 [debug] QUERY OK source="users" db=0.1ms
INSERT INTO "users" ("id","status","org_id","email","display_name","roles","cose_key","credential_id","created_at","updated_at") VALUES ($1,$2,$3,$4,$5,$6,$7,$8,$9,$10) ["019d0c26-0b00-74a0-bd6d-48329cf61a57", "active", "019d0c26-0b00-74a0-8884-24b7b734f296", "test@example.com", "Test User", ["system_admin"], "bootstrap_cose_key", "bootstrap_credential_id", ~U[2026-03-20 23:09:57.532186Z], ~U[2026-03-20 23:09:57.532186Z]]
23:09:57.532 [debug] QUERY ERROR source="identity_user_settings" db=0.0ms
SELECT i0."id", i0."user_id", i0."org_id", i0."locale", i0."timezone", i0."notifications_enabled", i0."created_at", i0."updated_at" FROM "identity_user_settings" AS i0 WHERE (i0."id" = $1) ["019d0c26-0b00-74a0-bd6d-48329cf61a57"]
23:09:57.532 [debug] QUERY OK db=0.1ms
rollback []
23:09:57.534 [error] Nexus.Identity.Projectors.UserRegistrationProjector failed to handle event:
%Commanded.EventStore.RecordedEvent{
  event_id: "282ec866-f518-44ed-95f6-7a535d6c3e25",
  event_number: 11262,
  stream_id: "019d0c26-0b00-74a0-bd6d-48329cf61a57",
  stream_version: 1,
  causation_id: "d64809a4-8402-4360-8536-99b7a0f860ca",
  correlation_id: "e0f4b4bb-483c-4914-aaaa-956d1587d67e",
  event_type: "Elixir.Nexus.Identity.Events.UserRegistered",
  data: %Nexus.Identity.Events.UserRegistered{
    user_id: "019d0c26-0b00-74a0-bd6d-48329cf61a57",
    org_id: "019d0c26-0b00-74a0-8884-24b7b734f296",
    email: "test@example.com",
    role: "system_admin",
    cose_key: "Ym9vdHN0cmFwX2Nvc2Vfa2V5",
    credential_id: "Ym9vdHN0cmFwX2NyZWRlbnRpYWxfaWQ=",
    registered_at: "2026-03-20T16:48:33.024173Z",
    display_name: "Test User",
    status: "active"
  },
  created_at: ~U[2026-03-20 16:48:33.025211Z],
  metadata: %{
    "causation_id" => "019d0c26-0b00-71d0-a1d2-041f55e92cfc",
    "correlation_id" => "019d0c26-0b00-71d0-a1d2-041f55e92cfc"
  }
}, due to:
** (Postgrex.Error) ERROR 42703 (undefined_column) column i0.id does not exist

    query: SELECT i0."id", i0."user_id", i0."org_id", i0."locale", i0."timezone", i0."notifications_enabled", i0."created_at", i0."updated_at" FROM "identity_user_settings" AS i0 WHERE (i0."id" = $1)
    (ecto_sql 3.13.4) lib/ecto/adapters/sql.ex:1113: Ecto.Adapters.SQL.raise_sql_call_error/1
    (ecto_sql 3.13.4) lib/ecto/adapters/sql.ex:1011: Ecto.Adapters.SQL.execute/6
    (ecto 3.13.5) lib/ecto/repo/queryable.ex:241: Ecto.Repo.Queryable.execute/4
    (ecto 3.13.5) lib/ecto/repo/queryable.ex:19: Ecto.Repo.Queryable.all/3
    (ecto 3.13.5) lib/ecto/repo/queryable.ex:163: Ecto.Repo.Queryable.one/3
    (nexus 0.1.0) lib/nexus/identity/projectors/user_registration_projector.ex:53: anonymous fn/3 in Nexus.Identity.Projectors.UserRegistrationProjector.project_registration/3
    (ecto 3.13.5) lib/ecto/multi.ex:905: Ecto.Multi.apply_operation/5
    (elixir 1.19.5) lib/enum.ex:2520: Enum."-reduce/3-lists^foldl/2-0-"/3
    (ecto 3.13.5) lib/ecto/multi.ex:878: anonymous fn/5 in Ecto.Multi.apply_operations/5
    (ecto_sql 3.13.4) lib/ecto/adapters/sql.ex:1473: anonymous fn/3 in Ecto.Adapters.SQL.checkout_or_transaction/4
    (db_connection 2.9.0) lib/db_connection.ex:1747: DBConnection.run_transaction/4
    (ecto 3.13.5) lib/ecto/repo/transaction.ex:30: Ecto.Repo.Transaction.transact/4
    (nexus 0.1.0) deps/commanded_ecto_projections/lib/projections/ecto.ex:97: Nexus.Identity.Projectors.UserRegistrationProjector.update_projection/3
    (commanded 1.4.9) lib/commanded/event/handler.ex:1221: Commanded.Event.Handler.delegate_event_to_handler/2
    (commanded 1.4.9) lib/commanded/event/handler.ex:1062: Commanded.Event.Handler.handle_event/3
    (elixir 1.19.5) lib/enum.ex:2520: Enum."-reduce/3-lists^foldl/2-0-"/3
    (commanded 1.4.9) lib/commanded/event/handler.ex:969: Commanded.Event.Handler.handle_info/2
    (stdlib 7.1) gen_server.erl:2434: :gen_server.try_handle_info/3
    (stdlib 7.1) gen_server.erl:2420: :gen_server.handle_msg/3
    (stdlib 7.1) proc_lib.erl:333: :proc_lib.init_p_do_apply/3

23:09:57.534 [warning] Nexus.Identity.Projectors.UserRegistrationProjector has requested to stop: %Postgrex.Error{message: nil, postgres: %{code: :undefined_column, line: "3721", message: "column i0.id does not exist", position: "8", file: "parse_relation.c", unknown: "ERROR", severity: "ERROR", pg_code: "42703", routine: "errorMissingColumn"}, connection_id: 3157, query: "SELECT i0.\"id\", i0.\"user_id\", i0.\"org_id\", i0.\"locale\", i0.\"timezone\", i0.\"notifications_enabled\", i0.\"created_at\", i0.\"updated_at\" FROM \"identity_user_settings\" AS i0 WHERE (i0.\"id\" = $1)"}
23:09:57.534 [debug] Nexus.Identity.Projectors.UserRegistrationProjector is shutting down due to %Postgrex.Error{message: nil, postgres: %{code: :undefined_column, line: "3721", message: "column i0.id does not exist", position: "8", file: "parse_relation.c", unknown: "ERROR", severity: "ERROR", pg_code: "42703", routine: "errorMissingColumn"}, connection_id: 3157, query: "SELECT i0.\"id\", i0.\"user_id\", i0.\"org_id\", i0.\"locale\", i0.\"timezone\", i0.\"notifications_enabled\", i0.\"created_at\", i0.\"updated_at\" FROM \"identity_user_settings\" AS i0 WHERE (i0.\"id\" = $1)"}
23:09:57.534 [error] GenServer {Nexus.App.LocalRegistry, {Nexus.App, Commanded.Event.Handler, "Identity.Projectors.UserRegistrationProjector"}} terminating
** (stop) %Postgrex.Error{message: nil, postgres: %{code: :undefined_column, line: "3721", message: "column i0.id does not exist", position: "8", file: "parse_relation.c", unknown: "ERROR", severity: "ERROR", pg_code: "42703", routine: "errorMissingColumn"}, connection_id: 3157, query: "SELECT i0.\"id\", i0.\"user_id\", i0.\"org_id\", i0.\"locale\", i0.\"timezone\", i0.\"notifications_enabled\", i0.\"created_at\", i0.\"updated_at\" FROM \"identity_user_settings\" AS i0 WHERE (i0.\"id\" = $1)"}
Last message: {:events, [%Commanded.EventStore.RecordedEvent{event_id: "282ec866-f518-44ed-95f6-7a535d6c3e25", event_number: 11262, stream_id: "019d0c26-0b00-74a0-bd6d-48329cf61a57", stream_version: 1, causation_id: "d64809a4-8402-4360-8536-99b7a0f860ca", correlation_id: "e0f4b4bb-483c-4914-aaaa-956d1587d67e", event_type: "Elixir.Nexus.Identity.Events.UserRegistered", data: %Nexus.Identity.Events.UserRegistered{user_id: "019d0c26-0b00-74a0-bd6d-48329cf61a57", org_id: "019d0c26-0b00-74a0-8884-24b7b734f296", email: "test@example.com", role: "system_admin", cose_key: "Ym9vdHN0cmFwX2Nvc2Vfa2V5", credential_id: "Ym9vdHN0cmFwX2NyZWRlbnRpYWxfaWQ=", registered_at: "2026-03-20T16:48:33.024173Z", display_name: "Test User", status: "active"}, created_at: ~U[2026-03-20 16:48:33.025211Z], metadata: %{"causation_id" => "019d0c26-0b00-71d0-a1d2-041f55e92cfc", "correlation_id" => "019d0c26-0b00-71d0-a1d2-041f55e92cfc"}}]}
State: %Commanded.Event.Handler{application: Nexus.App, consistency: :strong, handler_callback: :event, handler_name: "Identity.Projectors.UserRegistrationProjector", handler_module: Nexus.Identity.Projectors.UserRegistrationProjector, handler_state: nil, last_seen_event: nil, subscription: %Commanded.EventStore.Subscription{application: Nexus.App, backoff: {:backoff, 1000, 60000, 1000, :jitter, :undefined, :undefined}, concurrency: 1, partition_by: nil, subscribe_to: :all, subscribe_from: :origin, subscription_name: "Identity.Projectors.UserRegistrationProjector", subscription_opts: [], subscription_pid: #PID<0.1885.0>, subscription_ref: #Reference<0.504251661.3394502658.57699>}, subscribe_timer: nil}
23:09:57.534 [debug] Subscription "Identity.Projectors.UserRegistrationProjector"@"$all" subscriber #PID<0.1884.0> down due to: %Postgrex.Error{message: nil, postgres: %{code: :undefined_column, line: "3721", message: "column i0.id does not exist", position: "8", file: "parse_relation.c", unknown: "ERROR", severity: "ERROR", pg_code: "42703", routine: "errorMissingColumn"}, connection_id: 3157, query: "SELECT i0.\"id\", i0.\"user_id\", i0.\"org_id\", i0.\"locale\", i0.\"timezone\", i0.\"notifications_enabled\", i0.\"created_at\", i0.\"updated_at\" FROM \"identity_user_settings\" AS i0 WHERE (i0.\"id\" = $1)"}
23:09:57.534 [debug] Subscription "Identity.Projectors.UserRegistrationProjector"@"$all" has no subscribers, shutting down
23:09:57.534 [error] GenServer {Nexus.EventStore.EventStore.Subscriptions.Registry, {"$all", "Identity.Projectors.UserRegistrationProjector"}} terminating
** (stop) %Postgrex.Error{message: nil, postgres: %{code: :undefined_column, line: "3721", message: "column i0.id does not exist", position: "8", file: "parse_relation.c", unknown: "ERROR", severity: "ERROR", pg_code: "42703", routine: "errorMissingColumn"}, connection_id: 3157, query: "SELECT i0.\"id\", i0.\"user_id\", i0.\"org_id\", i0.\"locale\", i0.\"timezone\", i0.\"notifications_enabled\", i0.\"created_at\", i0.\"updated_at\" FROM \"identity_user_settings\" AS i0 WHERE (i0.\"id\" = $1)"}
Last message: {:DOWN, #Reference<0.504251661.3394502658.57694>, :process, #PID<0.1884.0>, %Postgrex.Error{message: nil, postgres: %{code: :undefined_column, line: "3721", message: "column i0.id does not exist", position: "8", file: "parse_relation.c", unknown: "ERROR", severity: "ERROR", pg_code: "42703", routine: "errorMissingColumn"}, connection_id: 3157, query: "SELECT i0.\"id\", i0.\"user_id\", i0.\"org_id\", i0.\"locale\", i0.\"timezone\", i0.\"notifications_enabled\", i0.\"created_at\", i0.\"updated_at\" FROM \"identity_user_settings\" AS i0 WHERE (i0.\"id\" = $1)"}}
State: %EventStore.Subscriptions.Subscription{stream_uuid: "$all", subscription_name: "Identity.Projectors.UserRegistrationProjector", subscription: %EventStore.Subscriptions.SubscriptionFsm{state: :unsubscribed, data: %EventStore.Subscriptions.SubscriptionState{conn: Nexus.EventStore.Postgrex, event_store: Nexus.EventStore, serializer: Commanded.Serialization.JsonSerializer, schema: "event_store", stream_uuid: "$all", start_from: 0, subscription_name: "Identity.Projectors.UserRegistrationProjector", subscription_id: 405, selector: nil, mapper: &Commanded.EventStore.Adapters.EventStore.Mapper.from_recorded_event/1, max_size: 1000, partition_by: nil, query_timeout: 15000, lock_ref: #Reference<0.504251661.3394502657.102018>, last_received: 12197, last_sent: 11262, last_ack: 11261, queue_size: 936, buffer_size: 1, checkpoint_after: 0, checkpoint_threshold: 1, checkpoint_timer_ref: nil, checkpoints_pending: 0, subscribers: %{}, partitions: %{nil: {[%EventStore.RecordedEvent{event_number: 12197, event_id: "1090d0fa-e811-4476-b333-0ecde47df19b", stream_uuid: "7f9d61e3-4ddb-4a45-9632-c9b4e8e37a26", stream_version: 1, correlation_id: "95c6a40b-6222-41f9-98d5-3e8c238cd512", causation_id: "cafcad9f-48b9-4455-9cc5-59cc5c81305c", event_type: "Elixir.Nexus.Identity.Events.UserRegistered", data: %Nexus.Identity.Events.UserRegistered{user_id: "7f9d61e3-4ddb-4a45-9632-c9b4e8e37a26", org_id: "a136c24b-09d3-44e5-b654-62c6eb3563d2", email: "test@example.com", role: "admin", cose_key: "dummy", credential_id: "dummy", registered_at: "2026-03-20T23:09:57.291719Z", display_name: "Test User", status: "active"}, metadata: %{"causation_id" => "019d0d83-3aab-7cfc-b64f-9c138c365c71", "correlation_id" => "019d0d83-3aab-7cfc-b64f-9c138c365c71"}, created_at: ~U[2026-03-20 23:09:57.294271Z]}, %EventStore.RecordedEvent{event_number: 12196, event_id: "51ed3aa0-2b4d-4f9e-bb88-d9b7471414a0", stream_uuid: "a6d32835-04fe-47c3-93c7-50750f4c0025", stream_version: 2, correlation_id: "fb342b99-3477-4551-974c-9a74331120b4", causation_id: "e22481cf-a9ef-4153-a77b-9a91fcb9b83b", event_type: "Elixir.Nexus.Identity.Events.SessionExpired", data: %Nexus.Identity.Events.SessionExpired{org_id: "aefc3981-97e0-4a44-a442-807e9d7b3892", user_id: "a6d32835-04fe-47c3-93c7-50750f4c0025", session_id: "87180336-fdab-415d-a0c7-23fd23f136a9", expired_at: "2026-03-20T23:09:56.784404Z"}, metadata: %{"causation_id" => "019d0d83-38b1-75a5-8e13-bbe0bed9ff21", "correlation_id" => "019d0d83-38b1-75a5-8e13-bbe0bed9ff21"}, created_at: ~U[2026-03-20 23:09:56.786169Z]}, %EventStore.RecordedEvent{event_number: 12195, event_id: "63cf0cf3-679d-4adb-a5fc-1b7c8cdfe448", stream_uuid: "a6d32835-04fe-47c3-93c7-50750f4c0025", stream_version: 1, correlation_id: "4b130646-5380-41f3-b6df-9abfd1ed0d92", causation_id: "0f27ee9d-27db-4e8b-8f2d-6a8556a5e9d4", event_type: "Elixir.Nexus.Identity.Events.UserRegistered", data: %Nexus.Identity.Events.UserRegistered{user_id: "a6d32835-04fe-47c3-93c7-50750f4c0025", org_id: "aefc3981-97e0-4a44-a442-807e9d7b3892", email: "test@example.com", role: "admin", cose_key: "dummy", credential_id: "dummy", registered_at: "2026-03-20T23:09:56.579831Z", display_name: "Test User", status: "active"}, metadata: %{"causation_id" => "019d0d83-37e3-7671-991d-f18a42a53090", "correlation_id" => "019d0d83-37e3-7671-991d-f18a42a53090"}, created_at: ~U[2026-03-20 23:09:56.581065Z]}, %EventStore.RecordedEvent{event_number: 12194, event_id: "3f8f3cbc-ea72-45a7-ab6d-12a43da50245", stream_uuid: "e55da693-c009-4afd-a56e-9b4ab3975acc", stream_version: 2, correlation_id: "e5500f71-9103-4737-8991-5eb165815e23", causation_id: "633094f8-6986-459b-9416-072dd0187fd9", ...}, ...], ...}}, ...}}, ...}
23:09:57.534 [debug] Nexus.Identity.Projectors.UserRegistrationProjector is shutting down due to {%Postgrex.Error{message: nil, postgres: %{code: :undefined_column, line: "3721", message: "column i0.id does not exist", position: "8", file: "parse_relation.c", unknown: "ERROR", severity: "ERROR", pg_code: "42703", routine: "errorMissingColumn"}, connection_id: 3157, query: "SELECT i0.\"id\", i0.\"user_id\", i0.\"org_id\", i0.\"locale\", i0.\"timezone\", i0.\"notifications_enabled\", i0.\"created_at\", i0.\"updated_at\" FROM \"identity_user_settings\" AS i0 WHERE (i0.\"id\" = $1)"}, {GenServer, :call, [#PID<0.1885.0>, {:connect, #PID<0.1886.0>, [retry_interval: 60000, hibernate_after: 15000, partition_by: nil, concurrency_limit: 1, name: Nexus.EventStore, mapper: &Commanded.EventStore.Adapters.EventStore.Mapper.from_recorded_event/1, conn: Nexus.EventStore.Postgrex, event_store: Nexus.EventStore, query_timeout: 15000, schema: "event_store", serializer: Commanded.Serialization.JsonSerializer, stream_uuid: "$all", subscription_name: "Identity.Projectors.UserRegistrationProjector", start_from: 0]}, 5000]}}
23:09:57.534 [error] GenServer {Nexus.App.LocalRegistry, {Nexus.App, Commanded.Event.Handler, "Identity.Projectors.UserRegistrationProjector"}} terminating
** (stop) exited in: GenServer.call(#PID<0.1885.0>, {:connect, #PID<0.1886.0>, [retry_interval: 60000, hibernate_after: 15000, partition_by: nil, concurrency_limit: 1, name: Nexus.EventStore, mapper: &Commanded.EventStore.Adapters.EventStore.Mapper.from_recorded_event/1, conn: Nexus.EventStore.Postgrex, event_store: Nexus.EventStore, query_timeout: 15000, schema: "event_store", serializer: Commanded.Serialization.JsonSerializer, stream_uuid: "$all", subscription_name: "Identity.Projectors.UserRegistrationProjector", start_from: 0]}, 5000)
    ** (EXIT) %Postgrex.Error{message: nil, postgres: %{code: :undefined_column, line: "3721", message: "column i0.id does not exist", position: "8", file: "parse_relation.c", unknown: "ERROR", severity: "ERROR", pg_code: "42703", routine: "errorMissingColumn"}, connection_id: 3157, query: "SELECT i0.\"id\", i0.\"user_id\", i0.\"org_id\", i0.\"locale\", i0.\"timezone\", i0.\"notifications_enabled\", i0.\"created_at\", i0.\"updated_at\" FROM \"identity_user_settings\" AS i0 WHERE (i0.\"id\" = $1)"}
    (elixir 1.19.5) lib/gen_server.ex:1142: GenServer.call/3
    (commanded 1.4.9) lib/commanded/event_store.ex:289: anonymous fn/2 in Commanded.EventStore.span/3
    (telemetry 1.3.0) /Users/bernard/dev/nexus/deps/telemetry/src/telemetry.erl:324: :telemetry.span/3
    (commanded 1.4.9) lib/commanded/event_store/subscription.ex:58: Commanded.EventStore.Subscription.subscribe/2
    (commanded 1.4.9) lib/commanded/event/handler.ex:1024: Commanded.Event.Handler.subscribe_to_events/1
    (commanded 1.4.9) lib/commanded/event/handler.ex:887: Commanded.Event.Handler.handle_continue/2
    (stdlib 7.1) gen_server.erl:2424: :gen_server.try_handle_continue/3
    (stdlib 7.1) gen_server.erl:2291: :gen_server.loop/4
    (stdlib 7.1) proc_lib.erl:333: :proc_lib.init_p_do_apply/3
Last message: {:continue, :subscribe_to_events}
State: %Commanded.Event.Handler{application: Nexus.App, consistency: :strong, handler_callback: :event, handler_name: "Identity.Projectors.UserRegistrationProjector", handler_module: Nexus.Identity.Projectors.UserRegistrationProjector, handler_state: nil, last_seen_event: nil, subscription: %Commanded.EventStore.Subscription{application: Nexus.App, backoff: {:backoff, 1000, 60000, 1000, :jitter, :undefined, :undefined}, concurrency: 1, partition_by: nil, subscribe_to: :all, subscribe_from: :origin, subscription_name: "Identity.Projectors.UserRegistrationProjector", subscription_opts: [], subscription_pid: nil, subscription_ref: nil}, subscribe_timer: nil}
23:09:57.535 [debug] Subscription "Identity.Projectors.UserRegistrationProjector"@"$all" attempting to connect subscriber #PID<0.1887.0>
23:09:57.536 [debug] Subscription "Identity.Projectors.UserRegistrationProjector"@"$all" catching-up
23:09:57.536 [debug] Nexus.Identity.Projectors.UserRegistrationProjector has successfully subscribed to event store
23:09:57.551 [debug] Nexus.Identity.Projectors.UserRegistrationProjector received events: [%Commanded.EventStore.RecordedEvent{event_id: "282ec866-f518-44ed-95f6-7a535d6c3e25", event_number: 11262, stream_id: "019d0c26-0b00-74a0-bd6d-48329cf61a57", stream_version: 1, causation_id: "d64809a4-8402-4360-8536-99b7a0f860ca", correlation_id: "e0f4b4bb-483c-4914-aaaa-956d1587d67e", event_type: "Elixir.Nexus.Identity.Events.UserRegistered", data: %Nexus.Identity.Events.UserRegistered{user_id: "019d0c26-0b00-74a0-bd6d-48329cf61a57", org_id: "019d0c26-0b00-74a0-8884-24b7b734f296", email: "test@example.com", role: "system_admin", cose_key: "Ym9vdHN0cmFwX2Nvc2Vfa2V5", credential_id: "Ym9vdHN0cmFwX2NyZWRlbnRpYWxfaWQ=", registered_at: "2026-03-20T16:48:33.024173Z", display_name: "Test User", status: "active"}, created_at: ~U[2026-03-20 16:48:33.025211Z], metadata: %{"causation_id" => "019d0c26-0b00-71d0-a1d2-041f55e92cfc", "correlation_id" => "019d0c26-0b00-71d0-a1d2-041f55e92cfc"}}]
23:09:57.552 [debug] QUERY OK db=0.8ms
begin []
23:09:57.552 [debug] QUERY OK source="projection_versions" db=0.2ms
INSERT INTO "projection_versions" AS p0 ("projection_name","last_seen_event_number","inserted_at","updated_at") VALUES ($1,$2,$3,$4) ON CONFLICT ("projection_name") DO UPDATE SET "last_seen_event_number" = $5 WHERE ((p0."projection_name" = $6) AND (p0."last_seen_event_number" < $7)) ["Identity.Projectors.UserRegistrationProjector", 11262, ~N[2026-03-20 23:09:57.552250], ~N[2026-03-20 23:09:57.552250], 11262, "Identity.Projectors.UserRegistrationProjector", 11262]
23:09:57.552 [debug] QUERY OK source="users" db=0.1ms
SELECT u0."id", u0."org_id", u0."email", u0."display_name", u0."status", u0."cose_key", u0."credential_id", u0."roles", u0."created_at", u0."updated_at" FROM "users" AS u0 WHERE (u0."id" = $1) ["019d0c26-0b00-74a0-bd6d-48329cf61a57"]
23:09:57.552 [debug] QUERY OK source="users" db=0.1ms
SELECT u0."id", u0."org_id", u0."email", u0."display_name", u0."status", u0."cose_key", u0."credential_id", u0."roles", u0."created_at", u0."updated_at" FROM "users" AS u0 WHERE (u0."email" = $1) ["test@example.com"]
23:09:57.553 [debug] QUERY OK source="users" db=0.2ms
INSERT INTO "users" ("id","status","org_id","email","display_name","roles","cose_key","credential_id","created_at","updated_at") VALUES ($1,$2,$3,$4,$5,$6,$7,$8,$9,$10) ["019d0c26-0b00-74a0-bd6d-48329cf61a57", "active", "019d0c26-0b00-74a0-8884-24b7b734f296", "test@example.com", "Test User", ["system_admin"], "bootstrap_cose_key", "bootstrap_credential_id", ~U[2026-03-20 23:09:57.552991Z], ~U[2026-03-20 23:09:57.552991Z]]
23:09:57.553 [debug] QUERY ERROR source="identity_user_settings" db=0.0ms
SELECT i0."id", i0."user_id", i0."org_id", i0."locale", i0."timezone", i0."notifications_enabled", i0."created_at", i0."updated_at" FROM "identity_user_settings" AS i0 WHERE (i0."id" = $1) ["019d0c26-0b00-74a0-bd6d-48329cf61a57"]
23:09:57.553 [debug] QUERY OK db=0.1ms
rollback []
23:09:57.554 [error] Nexus.Identity.Projectors.UserRegistrationProjector failed to handle event:
%Commanded.EventStore.RecordedEvent{
  event_id: "282ec866-f518-44ed-95f6-7a535d6c3e25",
  event_number: 11262,
  stream_id: "019d0c26-0b00-74a0-bd6d-48329cf61a57",
  stream_version: 1,
  causation_id: "d64809a4-8402-4360-8536-99b7a0f860ca",
  correlation_id: "e0f4b4bb-483c-4914-aaaa-956d1587d67e",
  event_type: "Elixir.Nexus.Identity.Events.UserRegistered",
  data: %Nexus.Identity.Events.UserRegistered{
    user_id: "019d0c26-0b00-74a0-bd6d-48329cf61a57",
    org_id: "019d0c26-0b00-74a0-8884-24b7b734f296",
    email: "test@example.com",
    role: "system_admin",
    cose_key: "Ym9vdHN0cmFwX2Nvc2Vfa2V5",
    credential_id: "Ym9vdHN0cmFwX2NyZWRlbnRpYWxfaWQ=",
    registered_at: "2026-03-20T16:48:33.024173Z",
    display_name: "Test User",
    status: "active"
  },
  created_at: ~U[2026-03-20 16:48:33.025211Z],
  metadata: %{
    "causation_id" => "019d0c26-0b00-71d0-a1d2-041f55e92cfc",
    "correlation_id" => "019d0c26-0b00-71d0-a1d2-041f55e92cfc"
  }
}, due to:
** (Postgrex.Error) ERROR 42703 (undefined_column) column i0.id does not exist

    query: SELECT i0."id", i0."user_id", i0."org_id", i0."locale", i0."timezone", i0."notifications_enabled", i0."created_at", i0."updated_at" FROM "identity_user_settings" AS i0 WHERE (i0."id" = $1)
    (ecto_sql 3.13.4) lib/ecto/adapters/sql.ex:1113: Ecto.Adapters.SQL.raise_sql_call_error/1
    (ecto_sql 3.13.4) lib/ecto/adapters/sql.ex:1011: Ecto.Adapters.SQL.execute/6
    (ecto 3.13.5) lib/ecto/repo/queryable.ex:241: Ecto.Repo.Queryable.execute/4
    (ecto 3.13.5) lib/ecto/repo/queryable.ex:19: Ecto.Repo.Queryable.all/3
    (ecto 3.13.5) lib/ecto/repo/queryable.ex:163: Ecto.Repo.Queryable.one/3
    (nexus 0.1.0) lib/nexus/identity/projectors/user_registration_projector.ex:53: anonymous fn/3 in Nexus.Identity.Projectors.UserRegistrationProjector.project_registration/3
    (ecto 3.13.5) lib/ecto/multi.ex:905: Ecto.Multi.apply_operation/5
    (elixir 1.19.5) lib/enum.ex:2520: Enum."-reduce/3-lists^foldl/2-0-"/3
    (ecto 3.13.5) lib/ecto/multi.ex:878: anonymous fn/5 in Ecto.Multi.apply_operations/5
    (ecto_sql 3.13.4) lib/ecto/adapters/sql.ex:1473: anonymous fn/3 in Ecto.Adapters.SQL.checkout_or_transaction/4
    (db_connection 2.9.0) lib/db_connection.ex:1747: DBConnection.run_transaction/4
    (ecto 3.13.5) lib/ecto/repo/transaction.ex:30: Ecto.Repo.Transaction.transact/4
    (nexus 0.1.0) deps/commanded_ecto_projections/lib/projections/ecto.ex:97: Nexus.Identity.Projectors.UserRegistrationProjector.update_projection/3
    (commanded 1.4.9) lib/commanded/event/handler.ex:1221: Commanded.Event.Handler.delegate_event_to_handler/2
    (commanded 1.4.9) lib/commanded/event/handler.ex:1062: Commanded.Event.Handler.handle_event/3
    (elixir 1.19.5) lib/enum.ex:2520: Enum."-reduce/3-lists^foldl/2-0-"/3
    (commanded 1.4.9) lib/commanded/event/handler.ex:969: Commanded.Event.Handler.handle_info/2
    (stdlib 7.1) gen_server.erl:2434: :gen_server.try_handle_info/3
    (stdlib 7.1) gen_server.erl:2420: :gen_server.handle_msg/3
    (stdlib 7.1) proc_lib.erl:333: :proc_lib.init_p_do_apply/3

23:09:57.554 [warning] Nexus.Identity.Projectors.UserRegistrationProjector has requested to stop: %Postgrex.Error{message: nil, postgres: %{code: :undefined_column, line: "3721", message: "column i0.id does not exist", position: "8", file: "parse_relation.c", unknown: "ERROR", severity: "ERROR", pg_code: "42703", routine: "errorMissingColumn"}, connection_id: 3157, query: "SELECT i0.\"id\", i0.\"user_id\", i0.\"org_id\", i0.\"locale\", i0.\"timezone\", i0.\"notifications_enabled\", i0.\"created_at\", i0.\"updated_at\" FROM \"identity_user_settings\" AS i0 WHERE (i0.\"id\" = $1)"}
23:09:57.554 [debug] Nexus.Identity.Projectors.UserRegistrationProjector is shutting down due to %Postgrex.Error{message: nil, postgres: %{code: :undefined_column, line: "3721", message: "column i0.id does not exist", position: "8", file: "parse_relation.c", unknown: "ERROR", severity: "ERROR", pg_code: "42703", routine: "errorMissingColumn"}, connection_id: 3157, query: "SELECT i0.\"id\", i0.\"user_id\", i0.\"org_id\", i0.\"locale\", i0.\"timezone\", i0.\"notifications_enabled\", i0.\"created_at\", i0.\"updated_at\" FROM \"identity_user_settings\" AS i0 WHERE (i0.\"id\" = $1)"}
23:09:57.554 [error] GenServer {Nexus.App.LocalRegistry, {Nexus.App, Commanded.Event.Handler, "Identity.Projectors.UserRegistrationProjector"}} terminating
** (stop) %Postgrex.Error{message: nil, postgres: %{code: :undefined_column, line: "3721", message: "column i0.id does not exist", position: "8", file: "parse_relation.c", unknown: "ERROR", severity: "ERROR", pg_code: "42703", routine: "errorMissingColumn"}, connection_id: 3157, query: "SELECT i0.\"id\", i0.\"user_id\", i0.\"org_id\", i0.\"locale\", i0.\"timezone\", i0.\"notifications_enabled\", i0.\"created_at\", i0.\"updated_at\" FROM \"identity_user_settings\" AS i0 WHERE (i0.\"id\" = $1)"}
Last message: {:events, [%Commanded.EventStore.RecordedEvent{event_id: "282ec866-f518-44ed-95f6-7a535d6c3e25", event_number: 11262, stream_id: "019d0c26-0b00-74a0-bd6d-48329cf61a57", stream_version: 1, causation_id: "d64809a4-8402-4360-8536-99b7a0f860ca", correlation_id: "e0f4b4bb-483c-4914-aaaa-956d1587d67e", event_type: "Elixir.Nexus.Identity.Events.UserRegistered", data: %Nexus.Identity.Events.UserRegistered{user_id: "019d0c26-0b00-74a0-bd6d-48329cf61a57", org_id: "019d0c26-0b00-74a0-8884-24b7b734f296", email: "test@example.com", role: "system_admin", cose_key: "Ym9vdHN0cmFwX2Nvc2Vfa2V5", credential_id: "Ym9vdHN0cmFwX2NyZWRlbnRpYWxfaWQ=", registered_at: "2026-03-20T16:48:33.024173Z", display_name: "Test User", status: "active"}, created_at: ~U[2026-03-20 16:48:33.025211Z], metadata: %{"causation_id" => "019d0c26-0b00-71d0-a1d2-041f55e92cfc", "correlation_id" => "019d0c26-0b00-71d0-a1d2-041f55e92cfc"}}]}
State: %Commanded.Event.Handler{application: Nexus.App, consistency: :strong, handler_callback: :event, handler_name: "Identity.Projectors.UserRegistrationProjector", handler_module: Nexus.Identity.Projectors.UserRegistrationProjector, handler_state: nil, last_seen_event: nil, subscription: %Commanded.EventStore.Subscription{application: Nexus.App, backoff: {:backoff, 1000, 60000, 1000, :jitter, :undefined, :undefined}, concurrency: 1, partition_by: nil, subscribe_to: :all, subscribe_from: :origin, subscription_name: "Identity.Projectors.UserRegistrationProjector", subscription_opts: [], subscription_pid: #PID<0.1888.0>, subscription_ref: #Reference<0.504251661.3394502658.57776>}, subscribe_timer: nil}
23:09:57.555 [debug] Subscription "Identity.Projectors.UserRegistrationProjector"@"$all" subscriber #PID<0.1887.0> down due to: %Postgrex.Error{message: nil, postgres: %{code: :undefined_column, line: "3721", message: "column i0.id does not exist", position: "8", file: "parse_relation.c", unknown: "ERROR", severity: "ERROR", pg_code: "42703", routine: "errorMissingColumn"}, connection_id: 3157, query: "SELECT i0.\"id\", i0.\"user_id\", i0.\"org_id\", i0.\"locale\", i0.\"timezone\", i0.\"notifications_enabled\", i0.\"created_at\", i0.\"updated_at\" FROM \"identity_user_settings\" AS i0 WHERE (i0.\"id\" = $1)"}
23:09:57.555 [debug] Subscription "Identity.Projectors.UserRegistrationProjector"@"$all" has no subscribers, shutting down
23:09:57.555 [error] GenServer {Nexus.EventStore.EventStore.Subscriptions.Registry, {"$all", "Identity.Projectors.UserRegistrationProjector"}} terminating
** (stop) %Postgrex.Error{message: nil, postgres: %{code: :undefined_column, line: "3721", message: "column i0.id does not exist", position: "8", file: "parse_relation.c", unknown: "ERROR", severity: "ERROR", pg_code: "42703", routine: "errorMissingColumn"}, connection_id: 3157, query: "SELECT i0.\"id\", i0.\"user_id\", i0.\"org_id\", i0.\"locale\", i0.\"timezone\", i0.\"notifications_enabled\", i0.\"created_at\", i0.\"updated_at\" FROM \"identity_user_settings\" AS i0 WHERE (i0.\"id\" = $1)"}
Last message: {:DOWN, #Reference<0.504251661.3394502657.102212>, :process, #PID<0.1887.0>, %Postgrex.Error{message: nil, postgres: %{code: :undefined_column, line: "3721", message: "column i0.id does not exist", position: "8", file: "parse_relation.c", unknown: "ERROR", severity: "ERROR", pg_code: "42703", routine: "errorMissingColumn"}, connection_id: 3157, query: "SELECT i0.\"id\", i0.\"user_id\", i0.\"org_id\", i0.\"locale\", i0.\"timezone\", i0.\"notifications_enabled\", i0.\"created_at\", i0.\"updated_at\" FROM \"identity_user_settings\" AS i0 WHERE (i0.\"id\" = $1)"}}
State: %EventStore.Subscriptions.Subscription{stream_uuid: "$all", subscription_name: "Identity.Projectors.UserRegistrationProjector", subscription: %EventStore.Subscriptions.SubscriptionFsm{state: :unsubscribed, data: %EventStore.Subscriptions.SubscriptionState{conn: Nexus.EventStore.Postgrex, event_store: Nexus.EventStore, serializer: Commanded.Serialization.JsonSerializer, schema: "event_store", stream_uuid: "$all", start_from: 0, subscription_name: "Identity.Projectors.UserRegistrationProjector", subscription_id: 405, selector: nil, mapper: &Commanded.EventStore.Adapters.EventStore.Mapper.from_recorded_event/1, max_size: 1000, partition_by: nil, query_timeout: 15000, lock_ref: #Reference<0.504251661.3394502657.102234>, last_received: 12197, last_sent: 11262, last_ack: 11261, queue_size: 936, buffer_size: 1, checkpoint_after: 0, checkpoint_threshold: 1, checkpoint_timer_ref: nil, checkpoints_pending: 0, subscribers: %{}, partitions: %{nil: {[%EventStore.RecordedEvent{event_number: 12197, event_id: "1090d0fa-e811-4476-b333-0ecde47df19b", stream_uuid: "7f9d61e3-4ddb-4a45-9632-c9b4e8e37a26", stream_version: 1, correlation_id: "95c6a40b-6222-41f9-98d5-3e8c238cd512", causation_id: "cafcad9f-48b9-4455-9cc5-59cc5c81305c", event_type: "Elixir.Nexus.Identity.Events.UserRegistered", data: %Nexus.Identity.Events.UserRegistered{user_id: "7f9d61e3-4ddb-4a45-9632-c9b4e8e37a26", org_id: "a136c24b-09d3-44e5-b654-62c6eb3563d2", email: "test@example.com", role: "admin", cose_key: "dummy", credential_id: "dummy", registered_at: "2026-03-20T23:09:57.291719Z", display_name: "Test User", status: "active"}, metadata: %{"causation_id" => "019d0d83-3aab-7cfc-b64f-9c138c365c71", "correlation_id" => "019d0d83-3aab-7cfc-b64f-9c138c365c71"}, created_at: ~U[2026-03-20 23:09:57.294271Z]}, %EventStore.RecordedEvent{event_number: 12196, event_id: "51ed3aa0-2b4d-4f9e-bb88-d9b7471414a0", stream_uuid: "a6d32835-04fe-47c3-93c7-50750f4c0025", stream_version: 2, correlation_id: "fb342b99-3477-4551-974c-9a74331120b4", causation_id: "e22481cf-a9ef-4153-a77b-9a91fcb9b83b", event_type: "Elixir.Nexus.Identity.Events.SessionExpired", data: %Nexus.Identity.Events.SessionExpired{org_id: "aefc3981-97e0-4a44-a442-807e9d7b3892", user_id: "a6d32835-04fe-47c3-93c7-50750f4c0025", session_id: "87180336-fdab-415d-a0c7-23fd23f136a9", expired_at: "2026-03-20T23:09:56.784404Z"}, metadata: %{"causation_id" => "019d0d83-38b1-75a5-8e13-bbe0bed9ff21", "correlation_id" => "019d0d83-38b1-75a5-8e13-bbe0bed9ff21"}, created_at: ~U[2026-03-20 23:09:56.786169Z]}, %EventStore.RecordedEvent{event_number: 12195, event_id: "63cf0cf3-679d-4adb-a5fc-1b7c8cdfe448", stream_uuid: "a6d32835-04fe-47c3-93c7-50750f4c0025", stream_version: 1, correlation_id: "4b130646-5380-41f3-b6df-9abfd1ed0d92", causation_id: "0f27ee9d-27db-4e8b-8f2d-6a8556a5e9d4", event_type: "Elixir.Nexus.Identity.Events.UserRegistered", data: %Nexus.Identity.Events.UserRegistered{user_id: "a6d32835-04fe-47c3-93c7-50750f4c0025", org_id: "aefc3981-97e0-4a44-a442-807e9d7b3892", email: "test@example.com", role: "admin", cose_key: "dummy", credential_id: "dummy", registered_at: "2026-03-20T23:09:56.579831Z", display_name: "Test User", status: "active"}, metadata: %{"causation_id" => "019d0d83-37e3-7671-991d-f18a42a53090", "correlation_id" => "019d0d83-37e3-7671-991d-f18a42a53090"}, created_at: ~U[2026-03-20 23:09:56.581065Z]}, %EventStore.RecordedEvent{event_number: 12194, event_id: "3f8f3cbc-ea72-45a7-ab6d-12a43da50245", stream_uuid: "e55da693-c009-4afd-a56e-9b4ab3975acc", stream_version: 2, correlation_id: "e5500f71-9103-4737-8991-5eb165815e23", causation_id: "633094f8-6986-459b-9416-072dd0187fd9", ...}, ...], ...}}, ...}}, ...}
23:09:57.555 [debug] Nexus.Identity.Projectors.UserRegistrationProjector is shutting down due to {%Postgrex.Error{message: nil, postgres: %{code: :undefined_column, line: "3721", message: "column i0.id does not exist", position: "8", file: "parse_relation.c", unknown: "ERROR", severity: "ERROR", pg_code: "42703", routine: "errorMissingColumn"}, connection_id: 3157, query: "SELECT i0.\"id\", i0.\"user_id\", i0.\"org_id\", i0.\"locale\", i0.\"timezone\", i0.\"notifications_enabled\", i0.\"created_at\", i0.\"updated_at\" FROM \"identity_user_settings\" AS i0 WHERE (i0.\"id\" = $1)"}, {GenServer, :call, [#PID<0.1888.0>, {:connect, #PID<0.1889.0>, [retry_interval: 60000, hibernate_after: 15000, partition_by: nil, concurrency_limit: 1, name: Nexus.EventStore, mapper: &Commanded.EventStore.Adapters.EventStore.Mapper.from_recorded_event/1, conn: Nexus.EventStore.Postgrex, event_store: Nexus.EventStore, query_timeout: 15000, schema: "event_store", serializer: Commanded.Serialization.JsonSerializer, stream_uuid: "$all", subscription_name: "Identity.Projectors.UserRegistrationProjector", start_from: 0]}, 5000]}}
23:09:57.555 [error] GenServer {Nexus.App.LocalRegistry, {Nexus.App, Commanded.Event.Handler, "Identity.Projectors.UserRegistrationProjector"}} terminating
** (stop) exited in: GenServer.call(#PID<0.1888.0>, {:connect, #PID<0.1889.0>, [retry_interval: 60000, hibernate_after: 15000, partition_by: nil, concurrency_limit: 1, name: Nexus.EventStore, mapper: &Commanded.EventStore.Adapters.EventStore.Mapper.from_recorded_event/1, conn: Nexus.EventStore.Postgrex, event_store: Nexus.EventStore, query_timeout: 15000, schema: "event_store", serializer: Commanded.Serialization.JsonSerializer, stream_uuid: "$all", subscription_name: "Identity.Projectors.UserRegistrationProjector", start_from: 0]}, 5000)
    ** (EXIT) %Postgrex.Error{message: nil, postgres: %{code: :undefined_column, line: "3721", message: "column i0.id does not exist", position: "8", file: "parse_relation.c", unknown: "ERROR", severity: "ERROR", pg_code: "42703", routine: "errorMissingColumn"}, connection_id: 3157, query: "SELECT i0.\"id\", i0.\"user_id\", i0.\"org_id\", i0.\"locale\", i0.\"timezone\", i0.\"notifications_enabled\", i0.\"created_at\", i0.\"updated_at\" FROM \"identity_user_settings\" AS i0 WHERE (i0.\"id\" = $1)"}
    (elixir 1.19.5) lib/gen_server.ex:1142: GenServer.call/3
    (commanded 1.4.9) lib/commanded/event_store.ex:289: anonymous fn/2 in Commanded.EventStore.span/3
    (telemetry 1.3.0) /Users/bernard/dev/nexus/deps/telemetry/src/telemetry.erl:324: :telemetry.span/3
    (commanded 1.4.9) lib/commanded/event_store/subscription.ex:58: Commanded.EventStore.Subscription.subscribe/2
    (commanded 1.4.9) lib/commanded/event/handler.ex:1024: Commanded.Event.Handler.subscribe_to_events/1
    (commanded 1.4.9) lib/commanded/event/handler.ex:887: Commanded.Event.Handler.handle_continue/2
    (stdlib 7.1) gen_server.erl:2424: :gen_server.try_handle_continue/3
    (stdlib 7.1) gen_server.erl:2291: :gen_server.loop/4
    (stdlib 7.1) proc_lib.erl:333: :proc_lib.init_p_do_apply/3
Last message: {:continue, :subscribe_to_events}
State: %Commanded.Event.Handler{application: Nexus.App, consistency: :strong, handler_callback: :event, handler_name: "Identity.Projectors.UserRegistrationProjector", handler_module: Nexus.Identity.Projectors.UserRegistrationProjector, handler_state: nil, last_seen_event: nil, subscription: %Commanded.EventStore.Subscription{application: Nexus.App, backoff: {:backoff, 1000, 60000, 1000, :jitter, :undefined, :undefined}, concurrency: 1, partition_by: nil, subscribe_to: :all, subscribe_from: :origin, subscription_name: "Identity.Projectors.UserRegistrationProjector", subscription_opts: [], subscription_pid: nil, subscription_ref: nil}, subscribe_timer: nil}
23:09:57.556 [debug] Subscription "Identity.Projectors.UserRegistrationProjector"@"$all" attempting to connect subscriber #PID<0.1890.0>
23:09:57.557 [debug] Subscription "Identity.Projectors.UserRegistrationProjector"@"$all" catching-up
23:09:57.557 [debug] Nexus.Identity.Projectors.UserRegistrationProjector has successfully subscribed to event store
23:09:57.570 [debug] Nexus.Identity.Projectors.UserRegistrationProjector received events: [%Commanded.EventStore.RecordedEvent{event_id: "282ec866-f518-44ed-95f6-7a535d6c3e25", event_number: 11262, stream_id: "019d0c26-0b00-74a0-bd6d-48329cf61a57", stream_version: 1, causation_id: "d64809a4-8402-4360-8536-99b7a0f860ca", correlation_id: "e0f4b4bb-483c-4914-aaaa-956d1587d67e", event_type: "Elixir.Nexus.Identity.Events.UserRegistered", data: %Nexus.Identity.Events.UserRegistered{user_id: "019d0c26-0b00-74a0-bd6d-48329cf61a57", org_id: "019d0c26-0b00-74a0-8884-24b7b734f296", email: "test@example.com", role: "system_admin", cose_key: "Ym9vdHN0cmFwX2Nvc2Vfa2V5", credential_id: "Ym9vdHN0cmFwX2NyZWRlbnRpYWxfaWQ=", registered_at: "2026-03-20T16:48:33.024173Z", display_name: "Test User", status: "active"}, created_at: ~U[2026-03-20 16:48:33.025211Z], metadata: %{"causation_id" => "019d0c26-0b00-71d0-a1d2-041f55e92cfc", "correlation_id" => "019d0c26-0b00-71d0-a1d2-041f55e92cfc"}}]
23:09:57.571 [debug] QUERY OK db=0.2ms
begin []
23:09:57.571 [debug] QUERY OK source="projection_versions" db=0.2ms
INSERT INTO "projection_versions" AS p0 ("projection_name","last_seen_event_number","inserted_at","updated_at") VALUES ($1,$2,$3,$4) ON CONFLICT ("projection_name") DO UPDATE SET "last_seen_event_number" = $5 WHERE ((p0."projection_name" = $6) AND (p0."last_seen_event_number" < $7)) ["Identity.Projectors.UserRegistrationProjector", 11262, ~N[2026-03-20 23:09:57.571130], ~N[2026-03-20 23:09:57.571130], 11262, "Identity.Projectors.UserRegistrationProjector", 11262]
23:09:57.571 [debug] QUERY OK source="users" db=0.1ms
SELECT u0."id", u0."org_id", u0."email", u0."display_name", u0."status", u0."cose_key", u0."credential_id", u0."roles", u0."created_at", u0."updated_at" FROM "users" AS u0 WHERE (u0."id" = $1) ["019d0c26-0b00-74a0-bd6d-48329cf61a57"]
23:09:57.571 [debug] QUERY OK source="users" db=0.1ms
SELECT u0."id", u0."org_id", u0."email", u0."display_name", u0."status", u0."cose_key", u0."credential_id", u0."roles", u0."created_at", u0."updated_at" FROM "users" AS u0 WHERE (u0."email" = $1) ["test@example.com"]
23:09:57.572 [debug] QUERY OK source="users" db=0.1ms
INSERT INTO "users" ("id","status","org_id","email","display_name","roles","cose_key","credential_id","created_at","updated_at") VALUES ($1,$2,$3,$4,$5,$6,$7,$8,$9,$10) ["019d0c26-0b00-74a0-bd6d-48329cf61a57", "active", "019d0c26-0b00-74a0-8884-24b7b734f296", "test@example.com", "Test User", ["system_admin"], "bootstrap_cose_key", "bootstrap_credential_id", ~U[2026-03-20 23:09:57.571810Z], ~U[2026-03-20 23:09:57.571810Z]]
23:09:57.572 [debug] QUERY ERROR source="identity_user_settings" db=0.0ms
SELECT i0."id", i0."user_id", i0."org_id", i0."locale", i0."timezone", i0."notifications_enabled", i0."created_at", i0."updated_at" FROM "identity_user_settings" AS i0 WHERE (i0."id" = $1) ["019d0c26-0b00-74a0-bd6d-48329cf61a57"]
23:09:57.572 [debug] QUERY OK db=0.1ms
rollback []
23:09:57.573 [error] Nexus.Identity.Projectors.UserRegistrationProjector failed to handle event:
%Commanded.EventStore.RecordedEvent{
  event_id: "282ec866-f518-44ed-95f6-7a535d6c3e25",
  event_number: 11262,
  stream_id: "019d0c26-0b00-74a0-bd6d-48329cf61a57",
  stream_version: 1,
  causation_id: "d64809a4-8402-4360-8536-99b7a0f860ca",
  correlation_id: "e0f4b4bb-483c-4914-aaaa-956d1587d67e",
  event_type: "Elixir.Nexus.Identity.Events.UserRegistered",
  data: %Nexus.Identity.Events.UserRegistered{
    user_id: "019d0c26-0b00-74a0-bd6d-48329cf61a57",
    org_id: "019d0c26-0b00-74a0-8884-24b7b734f296",
    email: "test@example.com",
    role: "system_admin",
    cose_key: "Ym9vdHN0cmFwX2Nvc2Vfa2V5",
    credential_id: "Ym9vdHN0cmFwX2NyZWRlbnRpYWxfaWQ=",
    registered_at: "2026-03-20T16:48:33.024173Z",
    display_name: "Test User",
    status: "active"
  },
  created_at: ~U[2026-03-20 16:48:33.025211Z],
  metadata: %{
    "causation_id" => "019d0c26-0b00-71d0-a1d2-041f55e92cfc",
    "correlation_id" => "019d0c26-0b00-71d0-a1d2-041f55e92cfc"
  }
}, due to:
** (Postgrex.Error) ERROR 42703 (undefined_column) column i0.id does not exist

    query: SELECT i0."id", i0."user_id", i0."org_id", i0."locale", i0."timezone", i0."notifications_enabled", i0."created_at", i0."updated_at" FROM "identity_user_settings" AS i0 WHERE (i0."id" = $1)
    (ecto_sql 3.13.4) lib/ecto/adapters/sql.ex:1113: Ecto.Adapters.SQL.raise_sql_call_error/1
    (ecto_sql 3.13.4) lib/ecto/adapters/sql.ex:1011: Ecto.Adapters.SQL.execute/6
    (ecto 3.13.5) lib/ecto/repo/queryable.ex:241: Ecto.Repo.Queryable.execute/4
    (ecto 3.13.5) lib/ecto/repo/queryable.ex:19: Ecto.Repo.Queryable.all/3
    (ecto 3.13.5) lib/ecto/repo/queryable.ex:163: Ecto.Repo.Queryable.one/3
    (nexus 0.1.0) lib/nexus/identity/projectors/user_registration_projector.ex:53: anonymous fn/3 in Nexus.Identity.Projectors.UserRegistrationProjector.project_registration/3
    (ecto 3.13.5) lib/ecto/multi.ex:905: Ecto.Multi.apply_operation/5
    (elixir 1.19.5) lib/enum.ex:2520: Enum."-reduce/3-lists^foldl/2-0-"/3
    (ecto 3.13.5) lib/ecto/multi.ex:878: anonymous fn/5 in Ecto.Multi.apply_operations/5
    (ecto_sql 3.13.4) lib/ecto/adapters/sql.ex:1473: anonymous fn/3 in Ecto.Adapters.SQL.checkout_or_transaction/4
    (db_connection 2.9.0) lib/db_connection.ex:1747: DBConnection.run_transaction/4
    (ecto 3.13.5) lib/ecto/repo/transaction.ex:30: Ecto.Repo.Transaction.transact/4
    (nexus 0.1.0) deps/commanded_ecto_projections/lib/projections/ecto.ex:97: Nexus.Identity.Projectors.UserRegistrationProjector.update_projection/3
    (commanded 1.4.9) lib/commanded/event/handler.ex:1221: Commanded.Event.Handler.delegate_event_to_handler/2
    (commanded 1.4.9) lib/commanded/event/handler.ex:1062: Commanded.Event.Handler.handle_event/3
    (elixir 1.19.5) lib/enum.ex:2520: Enum."-reduce/3-lists^foldl/2-0-"/3
    (commanded 1.4.9) lib/commanded/event/handler.ex:969: Commanded.Event.Handler.handle_info/2
    (stdlib 7.1) gen_server.erl:2434: :gen_server.try_handle_info/3
    (stdlib 7.1) gen_server.erl:2420: :gen_server.handle_msg/3
    (stdlib 7.1) proc_lib.erl:333: :proc_lib.init_p_do_apply/3

23:09:57.573 [warning] Nexus.Identity.Projectors.UserRegistrationProjector has requested to stop: %Postgrex.Error{message: nil, postgres: %{code: :undefined_column, line: "3721", message: "column i0.id does not exist", position: "8", file: "parse_relation.c", unknown: "ERROR", severity: "ERROR", pg_code: "42703", routine: "errorMissingColumn"}, connection_id: 3157, query: "SELECT i0.\"id\", i0.\"user_id\", i0.\"org_id\", i0.\"locale\", i0.\"timezone\", i0.\"notifications_enabled\", i0.\"created_at\", i0.\"updated_at\" FROM \"identity_user_settings\" AS i0 WHERE (i0.\"id\" = $1)"}
23:09:57.573 [debug] Nexus.Identity.Projectors.UserRegistrationProjector is shutting down due to %Postgrex.Error{message: nil, postgres: %{code: :undefined_column, line: "3721", message: "column i0.id does not exist", position: "8", file: "parse_relation.c", unknown: "ERROR", severity: "ERROR", pg_code: "42703", routine: "errorMissingColumn"}, connection_id: 3157, query: "SELECT i0.\"id\", i0.\"user_id\", i0.\"org_id\", i0.\"locale\", i0.\"timezone\", i0.\"notifications_enabled\", i0.\"created_at\", i0.\"updated_at\" FROM \"identity_user_settings\" AS i0 WHERE (i0.\"id\" = $1)"}
23:09:57.573 [error] GenServer {Nexus.App.LocalRegistry, {Nexus.App, Commanded.Event.Handler, "Identity.Projectors.UserRegistrationProjector"}} terminating
** (stop) %Postgrex.Error{message: nil, postgres: %{code: :undefined_column, line: "3721", message: "column i0.id does not exist", position: "8", file: "parse_relation.c", unknown: "ERROR", severity: "ERROR", pg_code: "42703", routine: "errorMissingColumn"}, connection_id: 3157, query: "SELECT i0.\"id\", i0.\"user_id\", i0.\"org_id\", i0.\"locale\", i0.\"timezone\", i0.\"notifications_enabled\", i0.\"created_at\", i0.\"updated_at\" FROM \"identity_user_settings\" AS i0 WHERE (i0.\"id\" = $1)"}
Last message: {:events, [%Commanded.EventStore.RecordedEvent{event_id: "282ec866-f518-44ed-95f6-7a535d6c3e25", event_number: 11262, stream_id: "019d0c26-0b00-74a0-bd6d-48329cf61a57", stream_version: 1, causation_id: "d64809a4-8402-4360-8536-99b7a0f860ca", correlation_id: "e0f4b4bb-483c-4914-aaaa-956d1587d67e", event_type: "Elixir.Nexus.Identity.Events.UserRegistered", data: %Nexus.Identity.Events.UserRegistered{user_id: "019d0c26-0b00-74a0-bd6d-48329cf61a57", org_id: "019d0c26-0b00-74a0-8884-24b7b734f296", email: "test@example.com", role: "system_admin", cose_key: "Ym9vdHN0cmFwX2Nvc2Vfa2V5", credential_id: "Ym9vdHN0cmFwX2NyZWRlbnRpYWxfaWQ=", registered_at: "2026-03-20T16:48:33.024173Z", display_name: "Test User", status: "active"}, created_at: ~U[2026-03-20 16:48:33.025211Z], metadata: %{"causation_id" => "019d0c26-0b00-71d0-a1d2-041f55e92cfc", "correlation_id" => "019d0c26-0b00-71d0-a1d2-041f55e92cfc"}}]}
State: %Commanded.Event.Handler{application: Nexus.App, consistency: :strong, handler_callback: :event, handler_name: "Identity.Projectors.UserRegistrationProjector", handler_module: Nexus.Identity.Projectors.UserRegistrationProjector, handler_state: nil, last_seen_event: nil, subscription: %Commanded.EventStore.Subscription{application: Nexus.App, backoff: {:backoff, 1000, 60000, 1000, :jitter, :undefined, :undefined}, concurrency: 1, partition_by: nil, subscribe_to: :all, subscribe_from: :origin, subscription_name: "Identity.Projectors.UserRegistrationProjector", subscription_opts: [], subscription_pid: #PID<0.1891.0>, subscription_ref: #Reference<0.504251661.3394502658.57869>}, subscribe_timer: nil}
23:09:57.573 [debug] Subscription "Identity.Projectors.UserRegistrationProjector"@"$all" subscriber #PID<0.1890.0> down due to: %Postgrex.Error{message: nil, postgres: %{code: :undefined_column, line: "3721", message: "column i0.id does not exist", position: "8", file: "parse_relation.c", unknown: "ERROR", severity: "ERROR", pg_code: "42703", routine: "errorMissingColumn"}, connection_id: 3157, query: "SELECT i0.\"id\", i0.\"user_id\", i0.\"org_id\", i0.\"locale\", i0.\"timezone\", i0.\"notifications_enabled\", i0.\"created_at\", i0.\"updated_at\" FROM \"identity_user_settings\" AS i0 WHERE (i0.\"id\" = $1)"}
23:09:57.573 [debug] Subscription "Identity.Projectors.UserRegistrationProjector"@"$all" has no subscribers, shutting down
23:09:57.573 [error] GenServer {Nexus.EventStore.EventStore.Subscriptions.Registry, {"$all", "Identity.Projectors.UserRegistrationProjector"}} terminating
** (stop) %Postgrex.Error{message: nil, postgres: %{code: :undefined_column, line: "3721", message: "column i0.id does not exist", position: "8", file: "parse_relation.c", unknown: "ERROR", severity: "ERROR", pg_code: "42703", routine: "errorMissingColumn"}, connection_id: 3157, query: "SELECT i0.\"id\", i0.\"user_id\", i0.\"org_id\", i0.\"locale\", i0.\"timezone\", i0.\"notifications_enabled\", i0.\"created_at\", i0.\"updated_at\" FROM \"identity_user_settings\" AS i0 WHERE (i0.\"id\" = $1)"}
Last message: {:DOWN, #Reference<0.504251661.3394502657.102416>, :process, #PID<0.1890.0>, %Postgrex.Error{message: nil, postgres: %{code: :undefined_column, line: "3721", message: "column i0.id does not exist", position: "8", file: "parse_relation.c", unknown: "ERROR", severity: "ERROR", pg_code: "42703", routine: "errorMissingColumn"}, connection_id: 3157, query: "SELECT i0.\"id\", i0.\"user_id\", i0.\"org_id\", i0.\"locale\", i0.\"timezone\", i0.\"notifications_enabled\", i0.\"created_at\", i0.\"updated_at\" FROM \"identity_user_settings\" AS i0 WHERE (i0.\"id\" = $1)"}}
State: %EventStore.Subscriptions.Subscription{stream_uuid: "$all", subscription_name: "Identity.Projectors.UserRegistrationProjector", subscription: %EventStore.Subscriptions.SubscriptionFsm{state: :unsubscribed, data: %EventStore.Subscriptions.SubscriptionState{conn: Nexus.EventStore.Postgrex, event_store: Nexus.EventStore, serializer: Commanded.Serialization.JsonSerializer, schema: "event_store", stream_uuid: "$all", start_from: 0, subscription_name: "Identity.Projectors.UserRegistrationProjector", subscription_id: 405, selector: nil, mapper: &Commanded.EventStore.Adapters.EventStore.Mapper.from_recorded_event/1, max_size: 1000, partition_by: nil, query_timeout: 15000, lock_ref: #Reference<0.504251661.3394502657.102434>, last_received: 12197, last_sent: 11262, last_ack: 11261, queue_size: 936, buffer_size: 1, checkpoint_after: 0, checkpoint_threshold: 1, checkpoint_timer_ref: nil, checkpoints_pending: 0, subscribers: %{}, partitions: %{nil: {[%EventStore.RecordedEvent{event_number: 12197, event_id: "1090d0fa-e811-4476-b333-0ecde47df19b", stream_uuid: "7f9d61e3-4ddb-4a45-9632-c9b4e8e37a26", stream_version: 1, correlation_id: "95c6a40b-6222-41f9-98d5-3e8c238cd512", causation_id: "cafcad9f-48b9-4455-9cc5-59cc5c81305c", event_type: "Elixir.Nexus.Identity.Events.UserRegistered", data: %Nexus.Identity.Events.UserRegistered{user_id: "7f9d61e3-4ddb-4a45-9632-c9b4e8e37a26", org_id: "a136c24b-09d3-44e5-b654-62c6eb3563d2", email: "test@example.com", role: "admin", cose_key: "dummy", credential_id: "dummy", registered_at: "2026-03-20T23:09:57.291719Z", display_name: "Test User", status: "active"}, metadata: %{"causation_id" => "019d0d83-3aab-7cfc-b64f-9c138c365c71", "correlation_id" => "019d0d83-3aab-7cfc-b64f-9c138c365c71"}, created_at: ~U[2026-03-20 23:09:57.294271Z]}, %EventStore.RecordedEvent{event_number: 12196, event_id: "51ed3aa0-2b4d-4f9e-bb88-d9b7471414a0", stream_uuid: "a6d32835-04fe-47c3-93c7-50750f4c0025", stream_version: 2, correlation_id: "fb342b99-3477-4551-974c-9a74331120b4", causation_id: "e22481cf-a9ef-4153-a77b-9a91fcb9b83b", event_type: "Elixir.Nexus.Identity.Events.SessionExpired", data: %Nexus.Identity.Events.SessionExpired{org_id: "aefc3981-97e0-4a44-a442-807e9d7b3892", user_id: "a6d32835-04fe-47c3-93c7-50750f4c0025", session_id: "87180336-fdab-415d-a0c7-23fd23f136a9", expired_at: "2026-03-20T23:09:56.784404Z"}, metadata: %{"causation_id" => "019d0d83-38b1-75a5-8e13-bbe0bed9ff21", "correlation_id" => "019d0d83-38b1-75a5-8e13-bbe0bed9ff21"}, created_at: ~U[2026-03-20 23:09:56.786169Z]}, %EventStore.RecordedEvent{event_number: 12195, event_id: "63cf0cf3-679d-4adb-a5fc-1b7c8cdfe448", stream_uuid: "a6d32835-04fe-47c3-93c7-50750f4c0025", stream_version: 1, correlation_id: "4b130646-5380-41f3-b6df-9abfd1ed0d92", causation_id: "0f27ee9d-27db-4e8b-8f2d-6a8556a5e9d4", event_type: "Elixir.Nexus.Identity.Events.UserRegistered", data: %Nexus.Identity.Events.UserRegistered{user_id: "a6d32835-04fe-47c3-93c7-50750f4c0025", org_id: "aefc3981-97e0-4a44-a442-807e9d7b3892", email: "test@example.com", role: "admin", cose_key: "dummy", credential_id: "dummy", registered_at: "2026-03-20T23:09:56.579831Z", display_name: "Test User", status: "active"}, metadata: %{"causation_id" => "019d0d83-37e3-7671-991d-f18a42a53090", "correlation_id" => "019d0d83-37e3-7671-991d-f18a42a53090"}, created_at: ~U[2026-03-20 23:09:56.581065Z]}, %EventStore.RecordedEvent{event_number: 12194, event_id: "3f8f3cbc-ea72-45a7-ab6d-12a43da50245", stream_uuid: "e55da693-c009-4afd-a56e-9b4ab3975acc", stream_version: 2, correlation_id: "e5500f71-9103-4737-8991-5eb165815e23", causation_id: "633094f8-6986-459b-9416-072dd0187fd9", ...}, ...], ...}}, ...}}, ...}
23:09:57.574 [debug] Nexus.Identity.Projectors.UserRegistrationProjector is shutting down due to {%Postgrex.Error{message: nil, postgres: %{code: :undefined_column, line: "3721", message: "column i0.id does not exist", position: "8", file: "parse_relation.c", unknown: "ERROR", severity: "ERROR", pg_code: "42703", routine: "errorMissingColumn"}, connection_id: 3157, query: "SELECT i0.\"id\", i0.\"user_id\", i0.\"org_id\", i0.\"locale\", i0.\"timezone\", i0.\"notifications_enabled\", i0.\"created_at\", i0.\"updated_at\" FROM \"identity_user_settings\" AS i0 WHERE (i0.\"id\" = $1)"}, {GenServer, :call, [#PID<0.1891.0>, {:connect, #PID<0.1892.0>, [retry_interval: 60000, hibernate_after: 15000, partition_by: nil, concurrency_limit: 1, name: Nexus.EventStore, mapper: &Commanded.EventStore.Adapters.EventStore.Mapper.from_recorded_event/1, conn: Nexus.EventStore.Postgrex, event_store: Nexus.EventStore, query_timeout: 15000, schema: "event_store", serializer: Commanded.Serialization.JsonSerializer, stream_uuid: "$all", subscription_name: "Identity.Projectors.UserRegistrationProjector", start_from: 0]}, 5000]}}
23:09:57.574 [error] GenServer {Nexus.App.LocalRegistry, {Nexus.App, Commanded.Event.Handler, "Identity.Projectors.UserRegistrationProjector"}} terminating
** (stop) exited in: GenServer.call(#PID<0.1891.0>, {:connect, #PID<0.1892.0>, [retry_interval: 60000, hibernate_after: 15000, partition_by: nil, concurrency_limit: 1, name: Nexus.EventStore, mapper: &Commanded.EventStore.Adapters.EventStore.Mapper.from_recorded_event/1, conn: Nexus.EventStore.Postgrex, event_store: Nexus.EventStore, query_timeout: 15000, schema: "event_store", serializer: Commanded.Serialization.JsonSerializer, stream_uuid: "$all", subscription_name: "Identity.Projectors.UserRegistrationProjector", start_from: 0]}, 5000)
    ** (EXIT) %Postgrex.Error{message: nil, postgres: %{code: :undefined_column, line: "3721", message: "column i0.id does not exist", position: "8", file: "parse_relation.c", unknown: "ERROR", severity: "ERROR", pg_code: "42703", routine: "errorMissingColumn"}, connection_id: 3157, query: "SELECT i0.\"id\", i0.\"user_id\", i0.\"org_id\", i0.\"locale\", i0.\"timezone\", i0.\"notifications_enabled\", i0.\"created_at\", i0.\"updated_at\" FROM \"identity_user_settings\" AS i0 WHERE (i0.\"id\" = $1)"}
    (elixir 1.19.5) lib/gen_server.ex:1142: GenServer.call/3
    (commanded 1.4.9) lib/commanded/event_store.ex:289: anonymous fn/2 in Commanded.EventStore.span/3
    (telemetry 1.3.0) /Users/bernard/dev/nexus/deps/telemetry/src/telemetry.erl:324: :telemetry.span/3
    (commanded 1.4.9) lib/commanded/event_store/subscription.ex:58: Commanded.EventStore.Subscription.subscribe/2
    (commanded 1.4.9) lib/commanded/event/handler.ex:1024: Commanded.Event.Handler.subscribe_to_events/1
    (commanded 1.4.9) lib/commanded/event/handler.ex:887: Commanded.Event.Handler.handle_continue/2
    (stdlib 7.1) gen_server.erl:2424: :gen_server.try_handle_continue/3
    (stdlib 7.1) gen_server.erl:2291: :gen_server.loop/4
    (stdlib 7.1) proc_lib.erl:333: :proc_lib.init_p_do_apply/3
Last message: {:continue, :subscribe_to_events}
State: %Commanded.Event.Handler{application: Nexus.App, consistency: :strong, handler_callback: :event, handler_name: "Identity.Projectors.UserRegistrationProjector", handler_module: Nexus.Identity.Projectors.UserRegistrationProjector, handler_state: nil, last_seen_event: nil, subscription: %Commanded.EventStore.Subscription{application: Nexus.App, backoff: {:backoff, 1000, 60000, 1000, :jitter, :undefined, :undefined}, concurrency: 1, partition_by: nil, subscribe_to: :all, subscribe_from: :origin, subscription_name: "Identity.Projectors.UserRegistrationProjector", subscription_opts: [], subscription_pid: nil, subscription_ref: nil}, subscribe_timer: nil}
23:09:57.575 [debug] Subscription "Identity.Projectors.UserRegistrationProjector"@"$all" attempting to connect subscriber #PID<0.1893.0>
23:09:57.577 [debug] Subscription "Identity.Projectors.UserRegistrationProjector"@"$all" catching-up
23:09:57.577 [debug] Nexus.Identity.Projectors.UserRegistrationProjector has successfully subscribed to event store
23:09:57.590 [debug] Nexus.Identity.Projectors.UserRegistrationProjector received events: [%Commanded.EventStore.RecordedEvent{event_id: "282ec866-f518-44ed-95f6-7a535d6c3e25", event_number: 11262, stream_id: "019d0c26-0b00-74a0-bd6d-48329cf61a57", stream_version: 1, causation_id: "d64809a4-8402-4360-8536-99b7a0f860ca", correlation_id: "e0f4b4bb-483c-4914-aaaa-956d1587d67e", event_type: "Elixir.Nexus.Identity.Events.UserRegistered", data: %Nexus.Identity.Events.UserRegistered{user_id: "019d0c26-0b00-74a0-bd6d-48329cf61a57", org_id: "019d0c26-0b00-74a0-8884-24b7b734f296", email: "test@example.com", role: "system_admin", cose_key: "Ym9vdHN0cmFwX2Nvc2Vfa2V5", credential_id: "Ym9vdHN0cmFwX2NyZWRlbnRpYWxfaWQ=", registered_at: "2026-03-20T16:48:33.024173Z", display_name: "Test User", status: "active"}, created_at: ~U[2026-03-20 16:48:33.025211Z], metadata: %{"causation_id" => "019d0c26-0b00-71d0-a1d2-041f55e92cfc", "correlation_id" => "019d0c26-0b00-71d0-a1d2-041f55e92cfc"}}]
23:09:57.590 [debug] QUERY OK db=0.4ms
begin []
23:09:57.591 [debug] QUERY OK source="projection_versions" db=0.2ms
INSERT INTO "projection_versions" AS p0 ("projection_name","last_seen_event_number","inserted_at","updated_at") VALUES ($1,$2,$3,$4) ON CONFLICT ("projection_name") DO UPDATE SET "last_seen_event_number" = $5 WHERE ((p0."projection_name" = $6) AND (p0."last_seen_event_number" < $7)) ["Identity.Projectors.UserRegistrationProjector", 11262, ~N[2026-03-20 23:09:57.590752], ~N[2026-03-20 23:09:57.590752], 11262, "Identity.Projectors.UserRegistrationProjector", 11262]
23:09:57.591 [debug] QUERY OK source="users" db=0.1ms
SELECT u0."id", u0."org_id", u0."email", u0."display_name", u0."status", u0."cose_key", u0."credential_id", u0."roles", u0."created_at", u0."updated_at" FROM "users" AS u0 WHERE (u0."id" = $1) ["019d0c26-0b00-74a0-bd6d-48329cf61a57"]
23:09:57.591 [debug] QUERY OK source="users" db=0.1ms
SELECT u0."id", u0."org_id", u0."email", u0."display_name", u0."status", u0."cose_key", u0."credential_id", u0."roles", u0."created_at", u0."updated_at" FROM "users" AS u0 WHERE (u0."email" = $1) ["test@example.com"]
23:09:57.591 [debug] QUERY OK source="users" db=0.2ms
INSERT INTO "users" ("id","status","org_id","email","display_name","roles","cose_key","credential_id","created_at","updated_at") VALUES ($1,$2,$3,$4,$5,$6,$7,$8,$9,$10) ["019d0c26-0b00-74a0-bd6d-48329cf61a57", "active", "019d0c26-0b00-74a0-8884-24b7b734f296", "test@example.com", "Test User", ["system_admin"], "bootstrap_cose_key", "bootstrap_credential_id", ~U[2026-03-20 23:09:57.591477Z], ~U[2026-03-20 23:09:57.591477Z]]
23:09:57.592 [debug] QUERY ERROR source="identity_user_settings" db=0.0ms
SELECT i0."id", i0."user_id", i0."org_id", i0."locale", i0."timezone", i0."notifications_enabled", i0."created_at", i0."updated_at" FROM "identity_user_settings" AS i0 WHERE (i0."id" = $1) ["019d0c26-0b00-74a0-bd6d-48329cf61a57"]
23:09:57.592 [debug] QUERY OK db=0.1ms
rollback []
23:09:57.593 [error] Nexus.Identity.Projectors.UserRegistrationProjector failed to handle event:
%Commanded.EventStore.RecordedEvent{
  event_id: "282ec866-f518-44ed-95f6-7a535d6c3e25",
  event_number: 11262,
  stream_id: "019d0c26-0b00-74a0-bd6d-48329cf61a57",
  stream_version: 1,
  causation_id: "d64809a4-8402-4360-8536-99b7a0f860ca",
  correlation_id: "e0f4b4bb-483c-4914-aaaa-956d1587d67e",
  event_type: "Elixir.Nexus.Identity.Events.UserRegistered",
  data: %Nexus.Identity.Events.UserRegistered{
    user_id: "019d0c26-0b00-74a0-bd6d-48329cf61a57",
    org_id: "019d0c26-0b00-74a0-8884-24b7b734f296",
    email: "test@example.com",
    role: "system_admin",
    cose_key: "Ym9vdHN0cmFwX2Nvc2Vfa2V5",
    credential_id: "Ym9vdHN0cmFwX2NyZWRlbnRpYWxfaWQ=",
    registered_at: "2026-03-20T16:48:33.024173Z",
    display_name: "Test User",
    status: "active"
  },
  created_at: ~U[2026-03-20 16:48:33.025211Z],
  metadata: %{
    "causation_id" => "019d0c26-0b00-71d0-a1d2-041f55e92cfc",
    "correlation_id" => "019d0c26-0b00-71d0-a1d2-041f55e92cfc"
  }
}, due to:
** (Postgrex.Error) ERROR 42703 (undefined_column) column i0.id does not exist

    query: SELECT i0."id", i0."user_id", i0."org_id", i0."locale", i0."timezone", i0."notifications_enabled", i0."created_at", i0."updated_at" FROM "identity_user_settings" AS i0 WHERE (i0."id" = $1)
    (ecto_sql 3.13.4) lib/ecto/adapters/sql.ex:1113: Ecto.Adapters.SQL.raise_sql_call_error/1
    (ecto_sql 3.13.4) lib/ecto/adapters/sql.ex:1011: Ecto.Adapters.SQL.execute/6
    (ecto 3.13.5) lib/ecto/repo/queryable.ex:241: Ecto.Repo.Queryable.execute/4
    (ecto 3.13.5) lib/ecto/repo/queryable.ex:19: Ecto.Repo.Queryable.all/3
    (ecto 3.13.5) lib/ecto/repo/queryable.ex:163: Ecto.Repo.Queryable.one/3
    (nexus 0.1.0) lib/nexus/identity/projectors/user_registration_projector.ex:53: anonymous fn/3 in Nexus.Identity.Projectors.UserRegistrationProjector.project_registration/3
    (ecto 3.13.5) lib/ecto/multi.ex:905: Ecto.Multi.apply_operation/5
    (elixir 1.19.5) lib/enum.ex:2520: Enum."-reduce/3-lists^foldl/2-0-"/3
    (ecto 3.13.5) lib/ecto/multi.ex:878: anonymous fn/5 in Ecto.Multi.apply_operations/5
    (ecto_sql 3.13.4) lib/ecto/adapters/sql.ex:1473: anonymous fn/3 in Ecto.Adapters.SQL.checkout_or_transaction/4
    (db_connection 2.9.0) lib/db_connection.ex:1747: DBConnection.run_transaction/4
    (ecto 3.13.5) lib/ecto/repo/transaction.ex:30: Ecto.Repo.Transaction.transact/4
    (nexus 0.1.0) deps/commanded_ecto_projections/lib/projections/ecto.ex:97: Nexus.Identity.Projectors.UserRegistrationProjector.update_projection/3
    (commanded 1.4.9) lib/commanded/event/handler.ex:1221: Commanded.Event.Handler.delegate_event_to_handler/2
    (commanded 1.4.9) lib/commanded/event/handler.ex:1062: Commanded.Event.Handler.handle_event/3
    (elixir 1.19.5) lib/enum.ex:2520: Enum."-reduce/3-lists^foldl/2-0-"/3
    (commanded 1.4.9) lib/commanded/event/handler.ex:969: Commanded.Event.Handler.handle_info/2
    (stdlib 7.1) gen_server.erl:2434: :gen_server.try_handle_info/3
    (stdlib 7.1) gen_server.erl:2420: :gen_server.handle_msg/3
    (stdlib 7.1) proc_lib.erl:333: :proc_lib.init_p_do_apply/3

23:09:57.593 [warning] Nexus.Identity.Projectors.UserRegistrationProjector has requested to stop: %Postgrex.Error{message: nil, postgres: %{code: :undefined_column, line: "3721", message: "column i0.id does not exist", position: "8", file: "parse_relation.c", unknown: "ERROR", severity: "ERROR", pg_code: "42703", routine: "errorMissingColumn"}, connection_id: 3157, query: "SELECT i0.\"id\", i0.\"user_id\", i0.\"org_id\", i0.\"locale\", i0.\"timezone\", i0.\"notifications_enabled\", i0.\"created_at\", i0.\"updated_at\" FROM \"identity_user_settings\" AS i0 WHERE (i0.\"id\" = $1)"}
23:09:57.593 [debug] Nexus.Identity.Projectors.UserRegistrationProjector is shutting down due to %Postgrex.Error{message: nil, postgres: %{code: :undefined_column, line: "3721", message: "column i0.id does not exist", position: "8", file: "parse_relation.c", unknown: "ERROR", severity: "ERROR", pg_code: "42703", routine: "errorMissingColumn"}, connection_id: 3157, query: "SELECT i0.\"id\", i0.\"user_id\", i0.\"org_id\", i0.\"locale\", i0.\"timezone\", i0.\"notifications_enabled\", i0.\"created_at\", i0.\"updated_at\" FROM \"identity_user_settings\" AS i0 WHERE (i0.\"id\" = $1)"}
23:09:57.593 [error] GenServer {Nexus.App.LocalRegistry, {Nexus.App, Commanded.Event.Handler, "Identity.Projectors.UserRegistrationProjector"}} terminating
** (stop) %Postgrex.Error{message: nil, postgres: %{code: :undefined_column, line: "3721", message: "column i0.id does not exist", position: "8", file: "parse_relation.c", unknown: "ERROR", severity: "ERROR", pg_code: "42703", routine: "errorMissingColumn"}, connection_id: 3157, query: "SELECT i0.\"id\", i0.\"user_id\", i0.\"org_id\", i0.\"locale\", i0.\"timezone\", i0.\"notifications_enabled\", i0.\"created_at\", i0.\"updated_at\" FROM \"identity_user_settings\" AS i0 WHERE (i0.\"id\" = $1)"}
Last message: {:events, [%Commanded.EventStore.RecordedEvent{event_id: "282ec866-f518-44ed-95f6-7a535d6c3e25", event_number: 11262, stream_id: "019d0c26-0b00-74a0-bd6d-48329cf61a57", stream_version: 1, causation_id: "d64809a4-8402-4360-8536-99b7a0f860ca", correlation_id: "e0f4b4bb-483c-4914-aaaa-956d1587d67e", event_type: "Elixir.Nexus.Identity.Events.UserRegistered", data: %Nexus.Identity.Events.UserRegistered{user_id: "019d0c26-0b00-74a0-bd6d-48329cf61a57", org_id: "019d0c26-0b00-74a0-8884-24b7b734f296", email: "test@example.com", role: "system_admin", cose_key: "Ym9vdHN0cmFwX2Nvc2Vfa2V5", credential_id: "Ym9vdHN0cmFwX2NyZWRlbnRpYWxfaWQ=", registered_at: "2026-03-20T16:48:33.024173Z", display_name: "Test User", status: "active"}, created_at: ~U[2026-03-20 16:48:33.025211Z], metadata: %{"causation_id" => "019d0c26-0b00-71d0-a1d2-041f55e92cfc", "correlation_id" => "019d0c26-0b00-71d0-a1d2-041f55e92cfc"}}]}
State: %Commanded.Event.Handler{application: Nexus.App, consistency: :strong, handler_callback: :event, handler_name: "Identity.Projectors.UserRegistrationProjector", handler_module: Nexus.Identity.Projectors.UserRegistrationProjector, handler_state: nil, last_seen_event: nil, subscription: %Commanded.EventStore.Subscription{application: Nexus.App, backoff: {:backoff, 1000, 60000, 1000, :jitter, :undefined, :undefined}, concurrency: 1, partition_by: nil, subscribe_to: :all, subscribe_from: :origin, subscription_name: "Identity.Projectors.UserRegistrationProjector", subscription_opts: [], subscription_pid: #PID<0.1894.0>, subscription_ref: #Reference<0.504251661.3394502658.57931>}, subscribe_timer: nil}
23:09:57.593 [debug] Subscription "Identity.Projectors.UserRegistrationProjector"@"$all" subscriber #PID<0.1893.0> down due to: %Postgrex.Error{message: nil, postgres: %{code: :undefined_column, line: "3721", message: "column i0.id does not exist", position: "8", file: "parse_relation.c", unknown: "ERROR", severity: "ERROR", pg_code: "42703", routine: "errorMissingColumn"}, connection_id: 3157, query: "SELECT i0.\"id\", i0.\"user_id\", i0.\"org_id\", i0.\"locale\", i0.\"timezone\", i0.\"notifications_enabled\", i0.\"created_at\", i0.\"updated_at\" FROM \"identity_user_settings\" AS i0 WHERE (i0.\"id\" = $1)"}
23:09:57.593 [debug] Subscription "Identity.Projectors.UserRegistrationProjector"@"$all" has no subscribers, shutting down
23:09:57.594 [error] GenServer {Nexus.EventStore.EventStore.Subscriptions.Registry, {"$all", "Identity.Projectors.UserRegistrationProjector"}} terminating
** (stop) %Postgrex.Error{message: nil, postgres: %{code: :undefined_column, line: "3721", message: "column i0.id does not exist", position: "8", file: "parse_relation.c", unknown: "ERROR", severity: "ERROR", pg_code: "42703", routine: "errorMissingColumn"}, connection_id: 3157, query: "SELECT i0.\"id\", i0.\"user_id\", i0.\"org_id\", i0.\"locale\", i0.\"timezone\", i0.\"notifications_enabled\", i0.\"created_at\", i0.\"updated_at\" FROM \"identity_user_settings\" AS i0 WHERE (i0.\"id\" = $1)"}
Last message: {:DOWN, #Reference<0.504251661.3394502658.57918>, :process, #PID<0.1893.0>, %Postgrex.Error{message: nil, postgres: %{code: :undefined_column, line: "3721", message: "column i0.id does not exist", position: "8", file: "parse_relation.c", unknown: "ERROR", severity: "ERROR", pg_code: "42703", routine: "errorMissingColumn"}, connection_id: 3157, query: "SELECT i0.\"id\", i0.\"user_id\", i0.\"org_id\", i0.\"locale\", i0.\"timezone\", i0.\"notifications_enabled\", i0.\"created_at\", i0.\"updated_at\" FROM \"identity_user_settings\" AS i0 WHERE (i0.\"id\" = $1)"}}
State: %EventStore.Subscriptions.Subscription{stream_uuid: "$all", subscription_name: "Identity.Projectors.UserRegistrationProjector", subscription: %EventStore.Subscriptions.SubscriptionFsm{state: :unsubscribed, data: %EventStore.Subscriptions.SubscriptionState{conn: Nexus.EventStore.Postgrex, event_store: Nexus.EventStore, serializer: Commanded.Serialization.JsonSerializer, schema: "event_store", stream_uuid: "$all", start_from: 0, subscription_name: "Identity.Projectors.UserRegistrationProjector", subscription_id: 405, selector: nil, mapper: &Commanded.EventStore.Adapters.EventStore.Mapper.from_recorded_event/1, max_size: 1000, partition_by: nil, query_timeout: 15000, lock_ref: #Reference<0.504251661.3394502658.57928>, last_received: 12197, last_sent: 11262, last_ack: 11261, queue_size: 936, buffer_size: 1, checkpoint_after: 0, checkpoint_threshold: 1, checkpoint_timer_ref: nil, checkpoints_pending: 0, subscribers: %{}, partitions: %{nil: {[%EventStore.RecordedEvent{event_number: 12197, event_id: "1090d0fa-e811-4476-b333-0ecde47df19b", stream_uuid: "7f9d61e3-4ddb-4a45-9632-c9b4e8e37a26", stream_version: 1, correlation_id: "95c6a40b-6222-41f9-98d5-3e8c238cd512", causation_id: "cafcad9f-48b9-4455-9cc5-59cc5c81305c", event_type: "Elixir.Nexus.Identity.Events.UserRegistered", data: %Nexus.Identity.Events.UserRegistered{user_id: "7f9d61e3-4ddb-4a45-9632-c9b4e8e37a26", org_id: "a136c24b-09d3-44e5-b654-62c6eb3563d2", email: "test@example.com", role: "admin", cose_key: "dummy", credential_id: "dummy", registered_at: "2026-03-20T23:09:57.291719Z", display_name: "Test User", status: "active"}, metadata: %{"causation_id" => "019d0d83-3aab-7cfc-b64f-9c138c365c71", "correlation_id" => "019d0d83-3aab-7cfc-b64f-9c138c365c71"}, created_at: ~U[2026-03-20 23:09:57.294271Z]}, %EventStore.RecordedEvent{event_number: 12196, event_id: "51ed3aa0-2b4d-4f9e-bb88-d9b7471414a0", stream_uuid: "a6d32835-04fe-47c3-93c7-50750f4c0025", stream_version: 2, correlation_id: "fb342b99-3477-4551-974c-9a74331120b4", causation_id: "e22481cf-a9ef-4153-a77b-9a91fcb9b83b", event_type: "Elixir.Nexus.Identity.Events.SessionExpired", data: %Nexus.Identity.Events.SessionExpired{org_id: "aefc3981-97e0-4a44-a442-807e9d7b3892", user_id: "a6d32835-04fe-47c3-93c7-50750f4c0025", session_id: "87180336-fdab-415d-a0c7-23fd23f136a9", expired_at: "2026-03-20T23:09:56.784404Z"}, metadata: %{"causation_id" => "019d0d83-38b1-75a5-8e13-bbe0bed9ff21", "correlation_id" => "019d0d83-38b1-75a5-8e13-bbe0bed9ff21"}, created_at: ~U[2026-03-20 23:09:56.786169Z]}, %EventStore.RecordedEvent{event_number: 12195, event_id: "63cf0cf3-679d-4adb-a5fc-1b7c8cdfe448", stream_uuid: "a6d32835-04fe-47c3-93c7-50750f4c0025", stream_version: 1, correlation_id: "4b130646-5380-41f3-b6df-9abfd1ed0d92", causation_id: "0f27ee9d-27db-4e8b-8f2d-6a8556a5e9d4", event_type: "Elixir.Nexus.Identity.Events.UserRegistered", data: %Nexus.Identity.Events.UserRegistered{user_id: "a6d32835-04fe-47c3-93c7-50750f4c0025", org_id: "aefc3981-97e0-4a44-a442-807e9d7b3892", email: "test@example.com", role: "admin", cose_key: "dummy", credential_id: "dummy", registered_at: "2026-03-20T23:09:56.579831Z", display_name: "Test User", status: "active"}, metadata: %{"causation_id" => "019d0d83-37e3-7671-991d-f18a42a53090", "correlation_id" => "019d0d83-37e3-7671-991d-f18a42a53090"}, created_at: ~U[2026-03-20 23:09:56.581065Z]}, %EventStore.RecordedEvent{event_number: 12194, event_id: "3f8f3cbc-ea72-45a7-ab6d-12a43da50245", stream_uuid: "e55da693-c009-4afd-a56e-9b4ab3975acc", stream_version: 2, correlation_id: "e5500f71-9103-4737-8991-5eb165815e23", causation_id: "633094f8-6986-459b-9416-072dd0187fd9", ...}, ...], ...}}, ...}}, ...}
23:09:57.594 [debug] Nexus.Identity.Projectors.UserRegistrationProjector is shutting down due to {%Postgrex.Error{message: nil, postgres: %{code: :undefined_column, line: "3721", message: "column i0.id does not exist", position: "8", file: "parse_relation.c", unknown: "ERROR", severity: "ERROR", pg_code: "42703", routine: "errorMissingColumn"}, connection_id: 3157, query: "SELECT i0.\"id\", i0.\"user_id\", i0.\"org_id\", i0.\"locale\", i0.\"timezone\", i0.\"notifications_enabled\", i0.\"created_at\", i0.\"updated_at\" FROM \"identity_user_settings\" AS i0 WHERE (i0.\"id\" = $1)"}, {GenServer, :call, [#PID<0.1894.0>, {:connect, #PID<0.1895.0>, [retry_interval: 60000, hibernate_after: 15000, partition_by: nil, concurrency_limit: 1, name: Nexus.EventStore, mapper: &Commanded.EventStore.Adapters.EventStore.Mapper.from_recorded_event/1, conn: Nexus.EventStore.Postgrex, event_store: Nexus.EventStore, query_timeout: 15000, schema: "event_store", serializer: Commanded.Serialization.JsonSerializer, stream_uuid: "$all", subscription_name: "Identity.Projectors.UserRegistrationProjector", start_from: 0]}, 5000]}}
23:09:57.594 [error] GenServer {Nexus.App.LocalRegistry, {Nexus.App, Commanded.Event.Handler, "Identity.Projectors.UserRegistrationProjector"}} terminating
** (stop) exited in: GenServer.call(#PID<0.1894.0>, {:connect, #PID<0.1895.0>, [retry_interval: 60000, hibernate_after: 15000, partition_by: nil, concurrency_limit: 1, name: Nexus.EventStore, mapper: &Commanded.EventStore.Adapters.EventStore.Mapper.from_recorded_event/1, conn: Nexus.EventStore.Postgrex, event_store: Nexus.EventStore, query_timeout: 15000, schema: "event_store", serializer: Commanded.Serialization.JsonSerializer, stream_uuid: "$all", subscription_name: "Identity.Projectors.UserRegistrationProjector", start_from: 0]}, 5000)
    ** (EXIT) %Postgrex.Error{message: nil, postgres: %{code: :undefined_column, line: "3721", message: "column i0.id does not exist", position: "8", file: "parse_relation.c", unknown: "ERROR", severity: "ERROR", pg_code: "42703", routine: "errorMissingColumn"}, connection_id: 3157, query: "SELECT i0.\"id\", i0.\"user_id\", i0.\"org_id\", i0.\"locale\", i0.\"timezone\", i0.\"notifications_enabled\", i0.\"created_at\", i0.\"updated_at\" FROM \"identity_user_settings\" AS i0 WHERE (i0.\"id\" = $1)"}
    (elixir 1.19.5) lib/gen_server.ex:1142: GenServer.call/3
    (commanded 1.4.9) lib/commanded/event_store.ex:289: anonymous fn/2 in Commanded.EventStore.span/3
    (telemetry 1.3.0) /Users/bernard/dev/nexus/deps/telemetry/src/telemetry.erl:324: :telemetry.span/3
    (commanded 1.4.9) lib/commanded/event_store/subscription.ex:58: Commanded.EventStore.Subscription.subscribe/2
    (commanded 1.4.9) lib/commanded/event/handler.ex:1024: Commanded.Event.Handler.subscribe_to_events/1
    (commanded 1.4.9) lib/commanded/event/handler.ex:887: Commanded.Event.Handler.handle_continue/2
    (stdlib 7.1) gen_server.erl:2424: :gen_server.try_handle_continue/3
    (stdlib 7.1) gen_server.erl:2291: :gen_server.loop/4
    (stdlib 7.1) proc_lib.erl:333: :proc_lib.init_p_do_apply/3
Last message: {:continue, :subscribe_to_events}
State: %Commanded.Event.Handler{application: Nexus.App, consistency: :strong, handler_callback: :event, handler_name: "Identity.Projectors.UserRegistrationProjector", handler_module: Nexus.Identity.Projectors.UserRegistrationProjector, handler_state: nil, last_seen_event: nil, subscription: %Commanded.EventStore.Subscription{application: Nexus.App, backoff: {:backoff, 1000, 60000, 1000, :jitter, :undefined, :undefined}, concurrency: 1, partition_by: nil, subscribe_to: :all, subscribe_from: :origin, subscription_name: "Identity.Projectors.UserRegistrationProjector", subscription_opts: [], subscription_pid: nil, subscription_ref: nil}, subscribe_timer: nil}
23:09:57.595 [debug] Subscription "Identity.Projectors.UserRegistrationProjector"@"$all" attempting to connect subscriber #PID<0.1896.0>
23:09:57.595 [debug] Subscription "Identity.Projectors.UserRegistrationProjector"@"$all" catching-up
23:09:57.595 [debug] Nexus.Identity.Projectors.UserRegistrationProjector has successfully subscribed to event store
23:09:57.609 [debug] Nexus.Identity.Projectors.UserRegistrationProjector received events: [%Commanded.EventStore.RecordedEvent{event_id: "282ec866-f518-44ed-95f6-7a535d6c3e25", event_number: 11262, stream_id: "019d0c26-0b00-74a0-bd6d-48329cf61a57", stream_version: 1, causation_id: "d64809a4-8402-4360-8536-99b7a0f860ca", correlation_id: "e0f4b4bb-483c-4914-aaaa-956d1587d67e", event_type: "Elixir.Nexus.Identity.Events.UserRegistered", data: %Nexus.Identity.Events.UserRegistered{user_id: "019d0c26-0b00-74a0-bd6d-48329cf61a57", org_id: "019d0c26-0b00-74a0-8884-24b7b734f296", email: "test@example.com", role: "system_admin", cose_key: "Ym9vdHN0cmFwX2Nvc2Vfa2V5", credential_id: "Ym9vdHN0cmFwX2NyZWRlbnRpYWxfaWQ=", registered_at: "2026-03-20T16:48:33.024173Z", display_name: "Test User", status: "active"}, created_at: ~U[2026-03-20 16:48:33.025211Z], metadata: %{"causation_id" => "019d0c26-0b00-71d0-a1d2-041f55e92cfc", "correlation_id" => "019d0c26-0b00-71d0-a1d2-041f55e92cfc"}}]
23:09:57.609 [debug] QUERY OK db=0.2ms
begin []
23:09:57.610 [debug] QUERY OK source="projection_versions" db=0.2ms
INSERT INTO "projection_versions" AS p0 ("projection_name","last_seen_event_number","inserted_at","updated_at") VALUES ($1,$2,$3,$4) ON CONFLICT ("projection_name") DO UPDATE SET "last_seen_event_number" = $5 WHERE ((p0."projection_name" = $6) AND (p0."last_seen_event_number" < $7)) ["Identity.Projectors.UserRegistrationProjector", 11262, ~N[2026-03-20 23:09:57.609776], ~N[2026-03-20 23:09:57.609776], 11262, "Identity.Projectors.UserRegistrationProjector", 11262]
23:09:57.610 [debug] QUERY OK source="users" db=0.1ms
SELECT u0."id", u0."org_id", u0."email", u0."display_name", u0."status", u0."cose_key", u0."credential_id", u0."roles", u0."created_at", u0."updated_at" FROM "users" AS u0 WHERE (u0."id" = $1) ["019d0c26-0b00-74a0-bd6d-48329cf61a57"]
23:09:57.610 [debug] QUERY OK source="users" db=0.1ms
SELECT u0."id", u0."org_id", u0."email", u0."display_name", u0."status", u0."cose_key", u0."credential_id", u0."roles", u0."created_at", u0."updated_at" FROM "users" AS u0 WHERE (u0."email" = $1) ["test@example.com"]
23:09:57.610 [debug] QUERY OK source="users" db=0.1ms
INSERT INTO "users" ("id","status","org_id","email","display_name","roles","cose_key","credential_id","created_at","updated_at") VALUES ($1,$2,$3,$4,$5,$6,$7,$8,$9,$10) ["019d0c26-0b00-74a0-bd6d-48329cf61a57", "active", "019d0c26-0b00-74a0-8884-24b7b734f296", "test@example.com", "Test User", ["system_admin"], "bootstrap_cose_key", "bootstrap_credential_id", ~U[2026-03-20 23:09:57.610455Z], ~U[2026-03-20 23:09:57.610455Z]]
23:09:57.610 [debug] QUERY ERROR source="identity_user_settings" db=0.0ms
SELECT i0."id", i0."user_id", i0."org_id", i0."locale", i0."timezone", i0."notifications_enabled", i0."created_at", i0."updated_at" FROM "identity_user_settings" AS i0 WHERE (i0."id" = $1) ["019d0c26-0b00-74a0-bd6d-48329cf61a57"]
23:09:57.611 [debug] QUERY OK db=0.1ms
rollback []
23:09:57.612 [error] Nexus.Identity.Projectors.UserRegistrationProjector failed to handle event:
%Commanded.EventStore.RecordedEvent{
  event_id: "282ec866-f518-44ed-95f6-7a535d6c3e25",
  event_number: 11262,
  stream_id: "019d0c26-0b00-74a0-bd6d-48329cf61a57",
  stream_version: 1,
  causation_id: "d64809a4-8402-4360-8536-99b7a0f860ca",
  correlation_id: "e0f4b4bb-483c-4914-aaaa-956d1587d67e",
  event_type: "Elixir.Nexus.Identity.Events.UserRegistered",
  data: %Nexus.Identity.Events.UserRegistered{
    user_id: "019d0c26-0b00-74a0-bd6d-48329cf61a57",
    org_id: "019d0c26-0b00-74a0-8884-24b7b734f296",
    email: "test@example.com",
    role: "system_admin",
    cose_key: "Ym9vdHN0cmFwX2Nvc2Vfa2V5",
    credential_id: "Ym9vdHN0cmFwX2NyZWRlbnRpYWxfaWQ=",
    registered_at: "2026-03-20T16:48:33.024173Z",
    display_name: "Test User",
    status: "active"
  },
  created_at: ~U[2026-03-20 16:48:33.025211Z],
  metadata: %{
    "causation_id" => "019d0c26-0b00-71d0-a1d2-041f55e92cfc",
    "correlation_id" => "019d0c26-0b00-71d0-a1d2-041f55e92cfc"
  }
}, due to:
** (Postgrex.Error) ERROR 42703 (undefined_column) column i0.id does not exist

    query: SELECT i0."id", i0."user_id", i0."org_id", i0."locale", i0."timezone", i0."notifications_enabled", i0."created_at", i0."updated_at" FROM "identity_user_settings" AS i0 WHERE (i0."id" = $1)
    (ecto_sql 3.13.4) lib/ecto/adapters/sql.ex:1113: Ecto.Adapters.SQL.raise_sql_call_error/1
    (ecto_sql 3.13.4) lib/ecto/adapters/sql.ex:1011: Ecto.Adapters.SQL.execute/6
    (ecto 3.13.5) lib/ecto/repo/queryable.ex:241: Ecto.Repo.Queryable.execute/4
    (ecto 3.13.5) lib/ecto/repo/queryable.ex:19: Ecto.Repo.Queryable.all/3
    (ecto 3.13.5) lib/ecto/repo/queryable.ex:163: Ecto.Repo.Queryable.one/3
    (nexus 0.1.0) lib/nexus/identity/projectors/user_registration_projector.ex:53: anonymous fn/3 in Nexus.Identity.Projectors.UserRegistrationProjector.project_registration/3
    (ecto 3.13.5) lib/ecto/multi.ex:905: Ecto.Multi.apply_operation/5
    (elixir 1.19.5) lib/enum.ex:2520: Enum."-reduce/3-lists^foldl/2-0-"/3
    (ecto 3.13.5) lib/ecto/multi.ex:878: anonymous fn/5 in Ecto.Multi.apply_operations/5
    (ecto_sql 3.13.4) lib/ecto/adapters/sql.ex:1473: anonymous fn/3 in Ecto.Adapters.SQL.checkout_or_transaction/4
    (db_connection 2.9.0) lib/db_connection.ex:1747: DBConnection.run_transaction/4
    (ecto 3.13.5) lib/ecto/repo/transaction.ex:30: Ecto.Repo.Transaction.transact/4
    (nexus 0.1.0) deps/commanded_ecto_projections/lib/projections/ecto.ex:97: Nexus.Identity.Projectors.UserRegistrationProjector.update_projection/3
    (commanded 1.4.9) lib/commanded/event/handler.ex:1221: Commanded.Event.Handler.delegate_event_to_handler/2
    (commanded 1.4.9) lib/commanded/event/handler.ex:1062: Commanded.Event.Handler.handle_event/3
    (elixir 1.19.5) lib/enum.ex:2520: Enum."-reduce/3-lists^foldl/2-0-"/3
    (commanded 1.4.9) lib/commanded/event/handler.ex:969: Commanded.Event.Handler.handle_info/2
    (stdlib 7.1) gen_server.erl:2434: :gen_server.try_handle_info/3
    (stdlib 7.1) gen_server.erl:2420: :gen_server.handle_msg/3
    (stdlib 7.1) proc_lib.erl:333: :proc_lib.init_p_do_apply/3

23:09:57.612 [warning] Nexus.Identity.Projectors.UserRegistrationProjector has requested to stop: %Postgrex.Error{message: nil, postgres: %{code: :undefined_column, line: "3721", message: "column i0.id does not exist", position: "8", file: "parse_relation.c", unknown: "ERROR", severity: "ERROR", pg_code: "42703", routine: "errorMissingColumn"}, connection_id: 3157, query: "SELECT i0.\"id\", i0.\"user_id\", i0.\"org_id\", i0.\"locale\", i0.\"timezone\", i0.\"notifications_enabled\", i0.\"created_at\", i0.\"updated_at\" FROM \"identity_user_settings\" AS i0 WHERE (i0.\"id\" = $1)"}
23:09:57.612 [debug] Nexus.Identity.Projectors.UserRegistrationProjector is shutting down due to %Postgrex.Error{message: nil, postgres: %{code: :undefined_column, line: "3721", message: "column i0.id does not exist", position: "8", file: "parse_relation.c", unknown: "ERROR", severity: "ERROR", pg_code: "42703", routine: "errorMissingColumn"}, connection_id: 3157, query: "SELECT i0.\"id\", i0.\"user_id\", i0.\"org_id\", i0.\"locale\", i0.\"timezone\", i0.\"notifications_enabled\", i0.\"created_at\", i0.\"updated_at\" FROM \"identity_user_settings\" AS i0 WHERE (i0.\"id\" = $1)"}
23:09:57.612 [error] GenServer {Nexus.App.LocalRegistry, {Nexus.App, Commanded.Event.Handler, "Identity.Projectors.UserRegistrationProjector"}} terminating
** (stop) %Postgrex.Error{message: nil, postgres: %{code: :undefined_column, line: "3721", message: "column i0.id does not exist", position: "8", file: "parse_relation.c", unknown: "ERROR", severity: "ERROR", pg_code: "42703", routine: "errorMissingColumn"}, connection_id: 3157, query: "SELECT i0.\"id\", i0.\"user_id\", i0.\"org_id\", i0.\"locale\", i0.\"timezone\", i0.\"notifications_enabled\", i0.\"created_at\", i0.\"updated_at\" FROM \"identity_user_settings\" AS i0 WHERE (i0.\"id\" = $1)"}
Last message: {:events, [%Commanded.EventStore.RecordedEvent{event_id: "282ec866-f518-44ed-95f6-7a535d6c3e25", event_number: 11262, stream_id: "019d0c26-0b00-74a0-bd6d-48329cf61a57", stream_version: 1, causation_id: "d64809a4-8402-4360-8536-99b7a0f860ca", correlation_id: "e0f4b4bb-483c-4914-aaaa-956d1587d67e", event_type: "Elixir.Nexus.Identity.Events.UserRegistered", data: %Nexus.Identity.Events.UserRegistered{user_id: "019d0c26-0b00-74a0-bd6d-48329cf61a57", org_id: "019d0c26-0b00-74a0-8884-24b7b734f296", email: "test@example.com", role: "system_admin", cose_key: "Ym9vdHN0cmFwX2Nvc2Vfa2V5", credential_id: "Ym9vdHN0cmFwX2NyZWRlbnRpYWxfaWQ=", registered_at: "2026-03-20T16:48:33.024173Z", display_name: "Test User", status: "active"}, created_at: ~U[2026-03-20 16:48:33.025211Z], metadata: %{"causation_id" => "019d0c26-0b00-71d0-a1d2-041f55e92cfc", "correlation_id" => "019d0c26-0b00-71d0-a1d2-041f55e92cfc"}}]}
State: %Commanded.Event.Handler{application: Nexus.App, consistency: :strong, handler_callback: :event, handler_name: "Identity.Projectors.UserRegistrationProjector", handler_module: Nexus.Identity.Projectors.UserRegistrationProjector, handler_state: nil, last_seen_event: nil, subscription: %Commanded.EventStore.Subscription{application: Nexus.App, backoff: {:backoff, 1000, 60000, 1000, :jitter, :undefined, :undefined}, concurrency: 1, partition_by: nil, subscribe_to: :all, subscribe_from: :origin, subscription_name: "Identity.Projectors.UserRegistrationProjector", subscription_opts: [], subscription_pid: #PID<0.1897.0>, subscription_ref: #Reference<0.504251661.3394502657.102915>}, subscribe_timer: nil}
23:09:57.612 [debug] Subscription "Identity.Projectors.UserRegistrationProjector"@"$all" subscriber #PID<0.1896.0> down due to: %Postgrex.Error{message: nil, postgres: %{code: :undefined_column, line: "3721", message: "column i0.id does not exist", position: "8", file: "parse_relation.c", unknown: "ERROR", severity: "ERROR", pg_code: "42703", routine: "errorMissingColumn"}, connection_id: 3157, query: "SELECT i0.\"id\", i0.\"user_id\", i0.\"org_id\", i0.\"locale\", i0.\"timezone\", i0.\"notifications_enabled\", i0.\"created_at\", i0.\"updated_at\" FROM \"identity_user_settings\" AS i0 WHERE (i0.\"id\" = $1)"}
23:09:57.612 [debug] Subscription "Identity.Projectors.UserRegistrationProjector"@"$all" has no subscribers, shutting down
23:09:57.612 [error] GenServer {Nexus.EventStore.EventStore.Subscriptions.Registry, {"$all", "Identity.Projectors.UserRegistrationProjector"}} terminating
** (stop) %Postgrex.Error{message: nil, postgres: %{code: :undefined_column, line: "3721", message: "column i0.id does not exist", position: "8", file: "parse_relation.c", unknown: "ERROR", severity: "ERROR", pg_code: "42703", routine: "errorMissingColumn"}, connection_id: 3157, query: "SELECT i0.\"id\", i0.\"user_id\", i0.\"org_id\", i0.\"locale\", i0.\"timezone\", i0.\"notifications_enabled\", i0.\"created_at\", i0.\"updated_at\" FROM \"identity_user_settings\" AS i0 WHERE (i0.\"id\" = $1)"}
Last message: {:DOWN, #Reference<0.504251661.3394502657.102897>, :process, #PID<0.1896.0>, %Postgrex.Error{message: nil, postgres: %{code: :undefined_column, line: "3721", message: "column i0.id does not exist", position: "8", file: "parse_relation.c", unknown: "ERROR", severity: "ERROR", pg_code: "42703", routine: "errorMissingColumn"}, connection_id: 3157, query: "SELECT i0.\"id\", i0.\"user_id\", i0.\"org_id\", i0.\"locale\", i0.\"timezone\", i0.\"notifications_enabled\", i0.\"created_at\", i0.\"updated_at\" FROM \"identity_user_settings\" AS i0 WHERE (i0.\"id\" = $1)"}}
State: %EventStore.Subscriptions.Subscription{stream_uuid: "$all", subscription_name: "Identity.Projectors.UserRegistrationProjector", subscription: %EventStore.Subscriptions.SubscriptionFsm{state: :unsubscribed, data: %EventStore.Subscriptions.SubscriptionState{conn: Nexus.EventStore.Postgrex, event_store: Nexus.EventStore, serializer: Commanded.Serialization.JsonSerializer, schema: "event_store", stream_uuid: "$all", start_from: 0, subscription_name: "Identity.Projectors.UserRegistrationProjector", subscription_id: 405, selector: nil, mapper: &Commanded.EventStore.Adapters.EventStore.Mapper.from_recorded_event/1, max_size: 1000, partition_by: nil, query_timeout: 15000, lock_ref: #Reference<0.504251661.3394502658.57975>, last_received: 12197, last_sent: 11262, last_ack: 11261, queue_size: 936, buffer_size: 1, checkpoint_after: 0, checkpoint_threshold: 1, checkpoint_timer_ref: nil, checkpoints_pending: 0, subscribers: %{}, partitions: %{nil: {[%EventStore.RecordedEvent{event_number: 12197, event_id: "1090d0fa-e811-4476-b333-0ecde47df19b", stream_uuid: "7f9d61e3-4ddb-4a45-9632-c9b4e8e37a26", stream_version: 1, correlation_id: "95c6a40b-6222-41f9-98d5-3e8c238cd512", causation_id: "cafcad9f-48b9-4455-9cc5-59cc5c81305c", event_type: "Elixir.Nexus.Identity.Events.UserRegistered", data: %Nexus.Identity.Events.UserRegistered{user_id: "7f9d61e3-4ddb-4a45-9632-c9b4e8e37a26", org_id: "a136c24b-09d3-44e5-b654-62c6eb3563d2", email: "test@example.com", role: "admin", cose_key: "dummy", credential_id: "dummy", registered_at: "2026-03-20T23:09:57.291719Z", display_name: "Test User", status: "active"}, metadata: %{"causation_id" => "019d0d83-3aab-7cfc-b64f-9c138c365c71", "correlation_id" => "019d0d83-3aab-7cfc-b64f-9c138c365c71"}, created_at: ~U[2026-03-20 23:09:57.294271Z]}, %EventStore.RecordedEvent{event_number: 12196, event_id: "51ed3aa0-2b4d-4f9e-bb88-d9b7471414a0", stream_uuid: "a6d32835-04fe-47c3-93c7-50750f4c0025", stream_version: 2, correlation_id: "fb342b99-3477-4551-974c-9a74331120b4", causation_id: "e22481cf-a9ef-4153-a77b-9a91fcb9b83b", event_type: "Elixir.Nexus.Identity.Events.SessionExpired", data: %Nexus.Identity.Events.SessionExpired{org_id: "aefc3981-97e0-4a44-a442-807e9d7b3892", user_id: "a6d32835-04fe-47c3-93c7-50750f4c0025", session_id: "87180336-fdab-415d-a0c7-23fd23f136a9", expired_at: "2026-03-20T23:09:56.784404Z"}, metadata: %{"causation_id" => "019d0d83-38b1-75a5-8e13-bbe0bed9ff21", "correlation_id" => "019d0d83-38b1-75a5-8e13-bbe0bed9ff21"}, created_at: ~U[2026-03-20 23:09:56.786169Z]}, %EventStore.RecordedEvent{event_number: 12195, event_id: "63cf0cf3-679d-4adb-a5fc-1b7c8cdfe448", stream_uuid: "a6d32835-04fe-47c3-93c7-50750f4c0025", stream_version: 1, correlation_id: "4b130646-5380-41f3-b6df-9abfd1ed0d92", causation_id: "0f27ee9d-27db-4e8b-8f2d-6a8556a5e9d4", event_type: "Elixir.Nexus.Identity.Events.UserRegistered", data: %Nexus.Identity.Events.UserRegistered{user_id: "a6d32835-04fe-47c3-93c7-50750f4c0025", org_id: "aefc3981-97e0-4a44-a442-807e9d7b3892", email: "test@example.com", role: "admin", cose_key: "dummy", credential_id: "dummy", registered_at: "2026-03-20T23:09:56.579831Z", display_name: "Test User", status: "active"}, metadata: %{"causation_id" => "019d0d83-37e3-7671-991d-f18a42a53090", "correlation_id" => "019d0d83-37e3-7671-991d-f18a42a53090"}, created_at: ~U[2026-03-20 23:09:56.581065Z]}, %EventStore.RecordedEvent{event_number: 12194, event_id: "3f8f3cbc-ea72-45a7-ab6d-12a43da50245", stream_uuid: "e55da693-c009-4afd-a56e-9b4ab3975acc", stream_version: 2, correlation_id: "e5500f71-9103-4737-8991-5eb165815e23", causation_id: "633094f8-6986-459b-9416-072dd0187fd9", ...}, ...], ...}}, ...}}, ...}
23:09:57.612 [debug] Nexus.Identity.Projectors.UserRegistrationProjector is shutting down due to {%Postgrex.Error{message: nil, postgres: %{code: :undefined_column, line: "3721", message: "column i0.id does not exist", position: "8", file: "parse_relation.c", unknown: "ERROR", severity: "ERROR", pg_code: "42703", routine: "errorMissingColumn"}, connection_id: 3157, query: "SELECT i0.\"id\", i0.\"user_id\", i0.\"org_id\", i0.\"locale\", i0.\"timezone\", i0.\"notifications_enabled\", i0.\"created_at\", i0.\"updated_at\" FROM \"identity_user_settings\" AS i0 WHERE (i0.\"id\" = $1)"}, {GenServer, :call, [#PID<0.1897.0>, {:connect, #PID<0.1898.0>, [retry_interval: 60000, hibernate_after: 15000, partition_by: nil, concurrency_limit: 1, name: Nexus.EventStore, mapper: &Commanded.EventStore.Adapters.EventStore.Mapper.from_recorded_event/1, conn: Nexus.EventStore.Postgrex, event_store: Nexus.EventStore, query_timeout: 15000, schema: "event_store", serializer: Commanded.Serialization.JsonSerializer, stream_uuid: "$all", subscription_name: "Identity.Projectors.UserRegistrationProjector", start_from: 0]}, 5000]}}
23:09:57.612 [error] GenServer {Nexus.App.LocalRegistry, {Nexus.App, Commanded.Event.Handler, "Identity.Projectors.UserRegistrationProjector"}} terminating
** (stop) exited in: GenServer.call(#PID<0.1897.0>, {:connect, #PID<0.1898.0>, [retry_interval: 60000, hibernate_after: 15000, partition_by: nil, concurrency_limit: 1, name: Nexus.EventStore, mapper: &Commanded.EventStore.Adapters.EventStore.Mapper.from_recorded_event/1, conn: Nexus.EventStore.Postgrex, event_store: Nexus.EventStore, query_timeout: 15000, schema: "event_store", serializer: Commanded.Serialization.JsonSerializer, stream_uuid: "$all", subscription_name: "Identity.Projectors.UserRegistrationProjector", start_from: 0]}, 5000)
    ** (EXIT) %Postgrex.Error{message: nil, postgres: %{code: :undefined_column, line: "3721", message: "column i0.id does not exist", position: "8", file: "parse_relation.c", unknown: "ERROR", severity: "ERROR", pg_code: "42703", routine: "errorMissingColumn"}, connection_id: 3157, query: "SELECT i0.\"id\", i0.\"user_id\", i0.\"org_id\", i0.\"locale\", i0.\"timezone\", i0.\"notifications_enabled\", i0.\"created_at\", i0.\"updated_at\" FROM \"identity_user_settings\" AS i0 WHERE (i0.\"id\" = $1)"}
    (elixir 1.19.5) lib/gen_server.ex:1142: GenServer.call/3
    (commanded 1.4.9) lib/commanded/event_store.ex:289: anonymous fn/2 in Commanded.EventStore.span/3
    (telemetry 1.3.0) /Users/bernard/dev/nexus/deps/telemetry/src/telemetry.erl:324: :telemetry.span/3
    (commanded 1.4.9) lib/commanded/event_store/subscription.ex:58: Commanded.EventStore.Subscription.subscribe/2
    (commanded 1.4.9) lib/commanded/event/handler.ex:1024: Commanded.Event.Handler.subscribe_to_events/1
    (commanded 1.4.9) lib/commanded/event/handler.ex:887: Commanded.Event.Handler.handle_continue/2
    (stdlib 7.1) gen_server.erl:2424: :gen_server.try_handle_continue/3
    (stdlib 7.1) gen_server.erl:2291: :gen_server.loop/4
    (stdlib 7.1) proc_lib.erl:333: :proc_lib.init_p_do_apply/3
Last message: {:continue, :subscribe_to_events}
State: %Commanded.Event.Handler{application: Nexus.App, consistency: :strong, handler_callback: :event, handler_name: "Identity.Projectors.UserRegistrationProjector", handler_module: Nexus.Identity.Projectors.UserRegistrationProjector, handler_state: nil, last_seen_event: nil, subscription: %Commanded.EventStore.Subscription{application: Nexus.App, backoff: {:backoff, 1000, 60000, 1000, :jitter, :undefined, :undefined}, concurrency: 1, partition_by: nil, subscribe_to: :all, subscribe_from: :origin, subscription_name: "Identity.Projectors.UserRegistrationProjector", subscription_opts: [], subscription_pid: nil, subscription_ref: nil}, subscribe_timer: nil}
23:09:57.613 [debug] Subscription "Identity.Projectors.UserRegistrationProjector"@"$all" attempting to connect subscriber #PID<0.1899.0>
23:09:57.614 [debug] Subscription "Identity.Projectors.UserRegistrationProjector"@"$all" catching-up
23:09:57.614 [debug] Nexus.Identity.Projectors.UserRegistrationProjector has successfully subscribed to event store
23:09:57.628 [debug] Nexus.Identity.Projectors.UserRegistrationProjector received events: [%Commanded.EventStore.RecordedEvent{event_id: "282ec866-f518-44ed-95f6-7a535d6c3e25", event_number: 11262, stream_id: "019d0c26-0b00-74a0-bd6d-48329cf61a57", stream_version: 1, causation_id: "d64809a4-8402-4360-8536-99b7a0f860ca", correlation_id: "e0f4b4bb-483c-4914-aaaa-956d1587d67e", event_type: "Elixir.Nexus.Identity.Events.UserRegistered", data: %Nexus.Identity.Events.UserRegistered{user_id: "019d0c26-0b00-74a0-bd6d-48329cf61a57", org_id: "019d0c26-0b00-74a0-8884-24b7b734f296", email: "test@example.com", role: "system_admin", cose_key: "Ym9vdHN0cmFwX2Nvc2Vfa2V5", credential_id: "Ym9vdHN0cmFwX2NyZWRlbnRpYWxfaWQ=", registered_at: "2026-03-20T16:48:33.024173Z", display_name: "Test User", status: "active"}, created_at: ~U[2026-03-20 16:48:33.025211Z], metadata: %{"causation_id" => "019d0c26-0b00-71d0-a1d2-041f55e92cfc", "correlation_id" => "019d0c26-0b00-71d0-a1d2-041f55e92cfc"}}]
23:09:57.629 [debug] QUERY OK db=0.1ms
begin []
23:09:57.629 [debug] QUERY OK source="projection_versions" db=0.2ms
INSERT INTO "projection_versions" AS p0 ("projection_name","last_seen_event_number","inserted_at","updated_at") VALUES ($1,$2,$3,$4) ON CONFLICT ("projection_name") DO UPDATE SET "last_seen_event_number" = $5 WHERE ((p0."projection_name" = $6) AND (p0."last_seen_event_number" < $7)) ["Identity.Projectors.UserRegistrationProjector", 11262, ~N[2026-03-20 23:09:57.629126], ~N[2026-03-20 23:09:57.629126], 11262, "Identity.Projectors.UserRegistrationProjector", 11262]
23:09:57.629 [debug] QUERY OK source="users" db=0.1ms
SELECT u0."id", u0."org_id", u0."email", u0."display_name", u0."status", u0."cose_key", u0."credential_id", u0."roles", u0."created_at", u0."updated_at" FROM "users" AS u0 WHERE (u0."id" = $1) ["019d0c26-0b00-74a0-bd6d-48329cf61a57"]
23:09:57.629 [debug] QUERY OK source="users" db=0.1ms
SELECT u0."id", u0."org_id", u0."email", u0."display_name", u0."status", u0."cose_key", u0."credential_id", u0."roles", u0."created_at", u0."updated_at" FROM "users" AS u0 WHERE (u0."email" = $1) ["test@example.com"]
23:09:57.629 [debug] QUERY OK source="users" db=0.1ms
INSERT INTO "users" ("id","status","org_id","email","display_name","roles","cose_key","credential_id","created_at","updated_at") VALUES ($1,$2,$3,$4,$5,$6,$7,$8,$9,$10) ["019d0c26-0b00-74a0-bd6d-48329cf61a57", "active", "019d0c26-0b00-74a0-8884-24b7b734f296", "test@example.com", "Test User", ["system_admin"], "bootstrap_cose_key", "bootstrap_credential_id", ~U[2026-03-20 23:09:57.629780Z], ~U[2026-03-20 23:09:57.629780Z]]
23:09:57.630 [debug] QUERY ERROR source="identity_user_settings" db=0.0ms
SELECT i0."id", i0."user_id", i0."org_id", i0."locale", i0."timezone", i0."notifications_enabled", i0."created_at", i0."updated_at" FROM "identity_user_settings" AS i0 WHERE (i0."id" = $1) ["019d0c26-0b00-74a0-bd6d-48329cf61a57"]
23:09:57.630 [debug] QUERY OK db=0.1ms
rollback []
23:09:57.631 [error] Nexus.Identity.Projectors.UserRegistrationProjector failed to handle event:
%Commanded.EventStore.RecordedEvent{
  event_id: "282ec866-f518-44ed-95f6-7a535d6c3e25",
  event_number: 11262,
  stream_id: "019d0c26-0b00-74a0-bd6d-48329cf61a57",
  stream_version: 1,
  causation_id: "d64809a4-8402-4360-8536-99b7a0f860ca",
  correlation_id: "e0f4b4bb-483c-4914-aaaa-956d1587d67e",
  event_type: "Elixir.Nexus.Identity.Events.UserRegistered",
  data: %Nexus.Identity.Events.UserRegistered{
    user_id: "019d0c26-0b00-74a0-bd6d-48329cf61a57",
    org_id: "019d0c26-0b00-74a0-8884-24b7b734f296",
    email: "test@example.com",
    role: "system_admin",
    cose_key: "Ym9vdHN0cmFwX2Nvc2Vfa2V5",
    credential_id: "Ym9vdHN0cmFwX2NyZWRlbnRpYWxfaWQ=",
    registered_at: "2026-03-20T16:48:33.024173Z",
    display_name: "Test User",
    status: "active"
  },
  created_at: ~U[2026-03-20 16:48:33.025211Z],
  metadata: %{
    "causation_id" => "019d0c26-0b00-71d0-a1d2-041f55e92cfc",
    "correlation_id" => "019d0c26-0b00-71d0-a1d2-041f55e92cfc"
  }
}, due to:
** (Postgrex.Error) ERROR 42703 (undefined_column) column i0.id does not exist

    query: SELECT i0."id", i0."user_id", i0."org_id", i0."locale", i0."timezone", i0."notifications_enabled", i0."created_at", i0."updated_at" FROM "identity_user_settings" AS i0 WHERE (i0."id" = $1)
    (ecto_sql 3.13.4) lib/ecto/adapters/sql.ex:1113: Ecto.Adapters.SQL.raise_sql_call_error/1
    (ecto_sql 3.13.4) lib/ecto/adapters/sql.ex:1011: Ecto.Adapters.SQL.execute/6
    (ecto 3.13.5) lib/ecto/repo/queryable.ex:241: Ecto.Repo.Queryable.execute/4
    (ecto 3.13.5) lib/ecto/repo/queryable.ex:19: Ecto.Repo.Queryable.all/3
    (ecto 3.13.5) lib/ecto/repo/queryable.ex:163: Ecto.Repo.Queryable.one/3
    (nexus 0.1.0) lib/nexus/identity/projectors/user_registration_projector.ex:53: anonymous fn/3 in Nexus.Identity.Projectors.UserRegistrationProjector.project_registration/3
    (ecto 3.13.5) lib/ecto/multi.ex:905: Ecto.Multi.apply_operation/5
    (elixir 1.19.5) lib/enum.ex:2520: Enum."-reduce/3-lists^foldl/2-0-"/3
    (ecto 3.13.5) lib/ecto/multi.ex:878: anonymous fn/5 in Ecto.Multi.apply_operations/5
    (ecto_sql 3.13.4) lib/ecto/adapters/sql.ex:1473: anonymous fn/3 in Ecto.Adapters.SQL.checkout_or_transaction/4
    (db_connection 2.9.0) lib/db_connection.ex:1747: DBConnection.run_transaction/4
    (ecto 3.13.5) lib/ecto/repo/transaction.ex:30: Ecto.Repo.Transaction.transact/4
    (nexus 0.1.0) deps/commanded_ecto_projections/lib/projections/ecto.ex:97: Nexus.Identity.Projectors.UserRegistrationProjector.update_projection/3
    (commanded 1.4.9) lib/commanded/event/handler.ex:1221: Commanded.Event.Handler.delegate_event_to_handler/2
    (commanded 1.4.9) lib/commanded/event/handler.ex:1062: Commanded.Event.Handler.handle_event/3
    (elixir 1.19.5) lib/enum.ex:2520: Enum."-reduce/3-lists^foldl/2-0-"/3
    (commanded 1.4.9) lib/commanded/event/handler.ex:969: Commanded.Event.Handler.handle_info/2
    (stdlib 7.1) gen_server.erl:2434: :gen_server.try_handle_info/3
    (stdlib 7.1) gen_server.erl:2420: :gen_server.handle_msg/3
    (stdlib 7.1) proc_lib.erl:333: :proc_lib.init_p_do_apply/3

23:09:57.631 [warning] Nexus.Identity.Projectors.UserRegistrationProjector has requested to stop: %Postgrex.Error{message: nil, postgres: %{code: :undefined_column, line: "3721", message: "column i0.id does not exist", position: "8", file: "parse_relation.c", unknown: "ERROR", severity: "ERROR", pg_code: "42703", routine: "errorMissingColumn"}, connection_id: 3157, query: "SELECT i0.\"id\", i0.\"user_id\", i0.\"org_id\", i0.\"locale\", i0.\"timezone\", i0.\"notifications_enabled\", i0.\"created_at\", i0.\"updated_at\" FROM \"identity_user_settings\" AS i0 WHERE (i0.\"id\" = $1)"}
23:09:57.631 [debug] Nexus.Identity.Projectors.UserRegistrationProjector is shutting down due to %Postgrex.Error{message: nil, postgres: %{code: :undefined_column, line: "3721", message: "column i0.id does not exist", position: "8", file: "parse_relation.c", unknown: "ERROR", severity: "ERROR", pg_code: "42703", routine: "errorMissingColumn"}, connection_id: 3157, query: "SELECT i0.\"id\", i0.\"user_id\", i0.\"org_id\", i0.\"locale\", i0.\"timezone\", i0.\"notifications_enabled\", i0.\"created_at\", i0.\"updated_at\" FROM \"identity_user_settings\" AS i0 WHERE (i0.\"id\" = $1)"}
23:09:57.631 [error] GenServer {Nexus.App.LocalRegistry, {Nexus.App, Commanded.Event.Handler, "Identity.Projectors.UserRegistrationProjector"}} terminating
** (stop) %Postgrex.Error{message: nil, postgres: %{code: :undefined_column, line: "3721", message: "column i0.id does not exist", position: "8", file: "parse_relation.c", unknown: "ERROR", severity: "ERROR", pg_code: "42703", routine: "errorMissingColumn"}, connection_id: 3157, query: "SELECT i0.\"id\", i0.\"user_id\", i0.\"org_id\", i0.\"locale\", i0.\"timezone\", i0.\"notifications_enabled\", i0.\"created_at\", i0.\"updated_at\" FROM \"identity_user_settings\" AS i0 WHERE (i0.\"id\" = $1)"}
Last message: {:events, [%Commanded.EventStore.RecordedEvent{event_id: "282ec866-f518-44ed-95f6-7a535d6c3e25", event_number: 11262, stream_id: "019d0c26-0b00-74a0-bd6d-48329cf61a57", stream_version: 1, causation_id: "d64809a4-8402-4360-8536-99b7a0f860ca", correlation_id: "e0f4b4bb-483c-4914-aaaa-956d1587d67e", event_type: "Elixir.Nexus.Identity.Events.UserRegistered", data: %Nexus.Identity.Events.UserRegistered{user_id: "019d0c26-0b00-74a0-bd6d-48329cf61a57", org_id: "019d0c26-0b00-74a0-8884-24b7b734f296", email: "test@example.com", role: "system_admin", cose_key: "Ym9vdHN0cmFwX2Nvc2Vfa2V5", credential_id: "Ym9vdHN0cmFwX2NyZWRlbnRpYWxfaWQ=", registered_at: "2026-03-20T16:48:33.024173Z", display_name: "Test User", status: "active"}, created_at: ~U[2026-03-20 16:48:33.025211Z], metadata: %{"causation_id" => "019d0c26-0b00-71d0-a1d2-041f55e92cfc", "correlation_id" => "019d0c26-0b00-71d0-a1d2-041f55e92cfc"}}]}
State: %Commanded.Event.Handler{application: Nexus.App, consistency: :strong, handler_callback: :event, handler_name: "Identity.Projectors.UserRegistrationProjector", handler_module: Nexus.Identity.Projectors.UserRegistrationProjector, handler_state: nil, last_seen_event: nil, subscription: %Commanded.EventStore.Subscription{application: Nexus.App, backoff: {:backoff, 1000, 60000, 1000, :jitter, :undefined, :undefined}, concurrency: 1, partition_by: nil, subscribe_to: :all, subscribe_from: :origin, subscription_name: "Identity.Projectors.UserRegistrationProjector", subscription_opts: [], subscription_pid: #PID<0.1900.0>, subscription_ref: #Reference<0.504251661.3394502657.103144>}, subscribe_timer: nil}
23:09:57.631 [debug] Subscription "Identity.Projectors.UserRegistrationProjector"@"$all" subscriber #PID<0.1899.0> down due to: %Postgrex.Error{message: nil, postgres: %{code: :undefined_column, line: "3721", message: "column i0.id does not exist", position: "8", file: "parse_relation.c", unknown: "ERROR", severity: "ERROR", pg_code: "42703", routine: "errorMissingColumn"}, connection_id: 3157, query: "SELECT i0.\"id\", i0.\"user_id\", i0.\"org_id\", i0.\"locale\", i0.\"timezone\", i0.\"notifications_enabled\", i0.\"created_at\", i0.\"updated_at\" FROM \"identity_user_settings\" AS i0 WHERE (i0.\"id\" = $1)"}
23:09:57.631 [debug] Subscription "Identity.Projectors.UserRegistrationProjector"@"$all" has no subscribers, shutting down
23:09:57.631 [error] GenServer {Nexus.EventStore.EventStore.Subscriptions.Registry, {"$all", "Identity.Projectors.UserRegistrationProjector"}} terminating
** (stop) %Postgrex.Error{message: nil, postgres: %{code: :undefined_column, line: "3721", message: "column i0.id does not exist", position: "8", file: "parse_relation.c", unknown: "ERROR", severity: "ERROR", pg_code: "42703", routine: "errorMissingColumn"}, connection_id: 3157, query: "SELECT i0.\"id\", i0.\"user_id\", i0.\"org_id\", i0.\"locale\", i0.\"timezone\", i0.\"notifications_enabled\", i0.\"created_at\", i0.\"updated_at\" FROM \"identity_user_settings\" AS i0 WHERE (i0.\"id\" = $1)"}
Last message: {:DOWN, #Reference<0.504251661.3394502657.103126>, :process, #PID<0.1899.0>, %Postgrex.Error{message: nil, postgres: %{code: :undefined_column, line: "3721", message: "column i0.id does not exist", position: "8", file: "parse_relation.c", unknown: "ERROR", severity: "ERROR", pg_code: "42703", routine: "errorMissingColumn"}, connection_id: 3157, query: "SELECT i0.\"id\", i0.\"user_id\", i0.\"org_id\", i0.\"locale\", i0.\"timezone\", i0.\"notifications_enabled\", i0.\"created_at\", i0.\"updated_at\" FROM \"identity_user_settings\" AS i0 WHERE (i0.\"id\" = $1)"}}
State: %EventStore.Subscriptions.Subscription{stream_uuid: "$all", subscription_name: "Identity.Projectors.UserRegistrationProjector", subscription: %EventStore.Subscriptions.SubscriptionFsm{state: :unsubscribed, data: %EventStore.Subscriptions.SubscriptionState{conn: Nexus.EventStore.Postgrex, event_store: Nexus.EventStore, serializer: Commanded.Serialization.JsonSerializer, schema: "event_store", stream_uuid: "$all", start_from: 0, subscription_name: "Identity.Projectors.UserRegistrationProjector", subscription_id: 405, selector: nil, mapper: &Commanded.EventStore.Adapters.EventStore.Mapper.from_recorded_event/1, max_size: 1000, partition_by: nil, query_timeout: 15000, lock_ref: #Reference<0.504251661.3394502658.58039>, last_received: 12197, last_sent: 11262, last_ack: 11261, queue_size: 936, buffer_size: 1, checkpoint_after: 0, checkpoint_threshold: 1, checkpoint_timer_ref: nil, checkpoints_pending: 0, subscribers: %{}, partitions: %{nil: {[%EventStore.RecordedEvent{event_number: 12197, event_id: "1090d0fa-e811-4476-b333-0ecde47df19b", stream_uuid: "7f9d61e3-4ddb-4a45-9632-c9b4e8e37a26", stream_version: 1, correlation_id: "95c6a40b-6222-41f9-98d5-3e8c238cd512", causation_id: "cafcad9f-48b9-4455-9cc5-59cc5c81305c", event_type: "Elixir.Nexus.Identity.Events.UserRegistered", data: %Nexus.Identity.Events.UserRegistered{user_id: "7f9d61e3-4ddb-4a45-9632-c9b4e8e37a26", org_id: "a136c24b-09d3-44e5-b654-62c6eb3563d2", email: "test@example.com", role: "admin", cose_key: "dummy", credential_id: "dummy", registered_at: "2026-03-20T23:09:57.291719Z", display_name: "Test User", status: "active"}, metadata: %{"causation_id" => "019d0d83-3aab-7cfc-b64f-9c138c365c71", "correlation_id" => "019d0d83-3aab-7cfc-b64f-9c138c365c71"}, created_at: ~U[2026-03-20 23:09:57.294271Z]}, %EventStore.RecordedEvent{event_number: 12196, event_id: "51ed3aa0-2b4d-4f9e-bb88-d9b7471414a0", stream_uuid: "a6d32835-04fe-47c3-93c7-50750f4c0025", stream_version: 2, correlation_id: "fb342b99-3477-4551-974c-9a74331120b4", causation_id: "e22481cf-a9ef-4153-a77b-9a91fcb9b83b", event_type: "Elixir.Nexus.Identity.Events.SessionExpired", data: %Nexus.Identity.Events.SessionExpired{org_id: "aefc3981-97e0-4a44-a442-807e9d7b3892", user_id: "a6d32835-04fe-47c3-93c7-50750f4c0025", session_id: "87180336-fdab-415d-a0c7-23fd23f136a9", expired_at: "2026-03-20T23:09:56.784404Z"}, metadata: %{"causation_id" => "019d0d83-38b1-75a5-8e13-bbe0bed9ff21", "correlation_id" => "019d0d83-38b1-75a5-8e13-bbe0bed9ff21"}, created_at: ~U[2026-03-20 23:09:56.786169Z]}, %EventStore.RecordedEvent{event_number: 12195, event_id: "63cf0cf3-679d-4adb-a5fc-1b7c8cdfe448", stream_uuid: "a6d32835-04fe-47c3-93c7-50750f4c0025", stream_version: 1, correlation_id: "4b130646-5380-41f3-b6df-9abfd1ed0d92", causation_id: "0f27ee9d-27db-4e8b-8f2d-6a8556a5e9d4", event_type: "Elixir.Nexus.Identity.Events.UserRegistered", data: %Nexus.Identity.Events.UserRegistered{user_id: "a6d32835-04fe-47c3-93c7-50750f4c0025", org_id: "aefc3981-97e0-4a44-a442-807e9d7b3892", email: "test@example.com", role: "admin", cose_key: "dummy", credential_id: "dummy", registered_at: "2026-03-20T23:09:56.579831Z", display_name: "Test User", status: "active"}, metadata: %{"causation_id" => "019d0d83-37e3-7671-991d-f18a42a53090", "correlation_id" => "019d0d83-37e3-7671-991d-f18a42a53090"}, created_at: ~U[2026-03-20 23:09:56.581065Z]}, %EventStore.RecordedEvent{event_number: 12194, event_id: "3f8f3cbc-ea72-45a7-ab6d-12a43da50245", stream_uuid: "e55da693-c009-4afd-a56e-9b4ab3975acc", stream_version: 2, correlation_id: "e5500f71-9103-4737-8991-5eb165815e23", causation_id: "633094f8-6986-459b-9416-072dd0187fd9", ...}, ...], ...}}, ...}}, ...}
23:09:57.632 [debug] Nexus.Identity.Projectors.UserRegistrationProjector is shutting down due to {%Postgrex.Error{message: nil, postgres: %{code: :undefined_column, line: "3721", message: "column i0.id does not exist", position: "8", file: "parse_relation.c", unknown: "ERROR", severity: "ERROR", pg_code: "42703", routine: "errorMissingColumn"}, connection_id: 3157, query: "SELECT i0.\"id\", i0.\"user_id\", i0.\"org_id\", i0.\"locale\", i0.\"timezone\", i0.\"notifications_enabled\", i0.\"created_at\", i0.\"updated_at\" FROM \"identity_user_settings\" AS i0 WHERE (i0.\"id\" = $1)"}, {GenServer, :call, [#PID<0.1900.0>, {:connect, #PID<0.1901.0>, [retry_interval: 60000, hibernate_after: 15000, partition_by: nil, concurrency_limit: 1, name: Nexus.EventStore, mapper: &Commanded.EventStore.Adapters.EventStore.Mapper.from_recorded_event/1, conn: Nexus.EventStore.Postgrex, event_store: Nexus.EventStore, query_timeout: 15000, schema: "event_store", serializer: Commanded.Serialization.JsonSerializer, stream_uuid: "$all", subscription_name: "Identity.Projectors.UserRegistrationProjector", start_from: 0]}, 5000]}}
23:09:57.632 [error] GenServer {Nexus.App.LocalRegistry, {Nexus.App, Commanded.Event.Handler, "Identity.Projectors.UserRegistrationProjector"}} terminating
** (stop) exited in: GenServer.call(#PID<0.1900.0>, {:connect, #PID<0.1901.0>, [retry_interval: 60000, hibernate_after: 15000, partition_by: nil, concurrency_limit: 1, name: Nexus.EventStore, mapper: &Commanded.EventStore.Adapters.EventStore.Mapper.from_recorded_event/1, conn: Nexus.EventStore.Postgrex, event_store: Nexus.EventStore, query_timeout: 15000, schema: "event_store", serializer: Commanded.Serialization.JsonSerializer, stream_uuid: "$all", subscription_name: "Identity.Projectors.UserRegistrationProjector", start_from: 0]}, 5000)
    ** (EXIT) %Postgrex.Error{message: nil, postgres: %{code: :undefined_column, line: "3721", message: "column i0.id does not exist", position: "8", file: "parse_relation.c", unknown: "ERROR", severity: "ERROR", pg_code: "42703", routine: "errorMissingColumn"}, connection_id: 3157, query: "SELECT i0.\"id\", i0.\"user_id\", i0.\"org_id\", i0.\"locale\", i0.\"timezone\", i0.\"notifications_enabled\", i0.\"created_at\", i0.\"updated_at\" FROM \"identity_user_settings\" AS i0 WHERE (i0.\"id\" = $1)"}
    (elixir 1.19.5) lib/gen_server.ex:1142: GenServer.call/3
    (commanded 1.4.9) lib/commanded/event_store.ex:289: anonymous fn/2 in Commanded.EventStore.span/3
    (telemetry 1.3.0) /Users/bernard/dev/nexus/deps/telemetry/src/telemetry.erl:324: :telemetry.span/3
    (commanded 1.4.9) lib/commanded/event_store/subscription.ex:58: Commanded.EventStore.Subscription.subscribe/2
    (commanded 1.4.9) lib/commanded/event/handler.ex:1024: Commanded.Event.Handler.subscribe_to_events/1
    (commanded 1.4.9) lib/commanded/event/handler.ex:887: Commanded.Event.Handler.handle_continue/2
    (stdlib 7.1) gen_server.erl:2424: :gen_server.try_handle_continue/3
    (stdlib 7.1) gen_server.erl:2291: :gen_server.loop/4
    (stdlib 7.1) proc_lib.erl:333: :proc_lib.init_p_do_apply/3
Last message: {:continue, :subscribe_to_events}
State: %Commanded.Event.Handler{application: Nexus.App, consistency: :strong, handler_callback: :event, handler_name: "Identity.Projectors.UserRegistrationProjector", handler_module: Nexus.Identity.Projectors.UserRegistrationProjector, handler_state: nil, last_seen_event: nil, subscription: %Commanded.EventStore.Subscription{application: Nexus.App, backoff: {:backoff, 1000, 60000, 1000, :jitter, :undefined, :undefined}, concurrency: 1, partition_by: nil, subscribe_to: :all, subscribe_from: :origin, subscription_name: "Identity.Projectors.UserRegistrationProjector", subscription_opts: [], subscription_pid: nil, subscription_ref: nil}, subscribe_timer: nil}
23:09:57.633 [debug] Subscription "Identity.Projectors.UserRegistrationProjector"@"$all" attempting to connect subscriber #PID<0.1902.0>
23:09:57.633 [debug] Subscription "Identity.Projectors.UserRegistrationProjector"@"$all" catching-up
23:09:57.633 [debug] Nexus.Identity.Projectors.UserRegistrationProjector has successfully subscribed to event store
23:09:57.647 [debug] Nexus.Identity.Projectors.UserRegistrationProjector received events: [%Commanded.EventStore.RecordedEvent{event_id: "282ec866-f518-44ed-95f6-7a535d6c3e25", event_number: 11262, stream_id: "019d0c26-0b00-74a0-bd6d-48329cf61a57", stream_version: 1, causation_id: "d64809a4-8402-4360-8536-99b7a0f860ca", correlation_id: "e0f4b4bb-483c-4914-aaaa-956d1587d67e", event_type: "Elixir.Nexus.Identity.Events.UserRegistered", data: %Nexus.Identity.Events.UserRegistered{user_id: "019d0c26-0b00-74a0-bd6d-48329cf61a57", org_id: "019d0c26-0b00-74a0-8884-24b7b734f296", email: "test@example.com", role: "system_admin", cose_key: "Ym9vdHN0cmFwX2Nvc2Vfa2V5", credential_id: "Ym9vdHN0cmFwX2NyZWRlbnRpYWxfaWQ=", registered_at: "2026-03-20T16:48:33.024173Z", display_name: "Test User", status: "active"}, created_at: ~U[2026-03-20 16:48:33.025211Z], metadata: %{"causation_id" => "019d0c26-0b00-71d0-a1d2-041f55e92cfc", "correlation_id" => "019d0c26-0b00-71d0-a1d2-041f55e92cfc"}}]
23:09:57.648 [debug] QUERY OK db=0.1ms
begin []
23:09:57.648 [debug] QUERY OK source="projection_versions" db=0.2ms
INSERT INTO "projection_versions" AS p0 ("projection_name","last_seen_event_number","inserted_at","updated_at") VALUES ($1,$2,$3,$4) ON CONFLICT ("projection_name") DO UPDATE SET "last_seen_event_number" = $5 WHERE ((p0."projection_name" = $6) AND (p0."last_seen_event_number" < $7)) ["Identity.Projectors.UserRegistrationProjector", 11262, ~N[2026-03-20 23:09:57.648030], ~N[2026-03-20 23:09:57.648030], 11262, "Identity.Projectors.UserRegistrationProjector", 11262]
23:09:57.648 [debug] QUERY OK source="users" db=0.1ms
SELECT u0."id", u0."org_id", u0."email", u0."display_name", u0."status", u0."cose_key", u0."credential_id", u0."roles", u0."created_at", u0."updated_at" FROM "users" AS u0 WHERE (u0."id" = $1) ["019d0c26-0b00-74a0-bd6d-48329cf61a57"]
23:09:57.648 [debug] QUERY OK source="users" db=0.1ms
SELECT u0."id", u0."org_id", u0."email", u0."display_name", u0."status", u0."cose_key", u0."credential_id", u0."roles", u0."created_at", u0."updated_at" FROM "users" AS u0 WHERE (u0."email" = $1) ["test@example.com"]
23:09:57.648 [debug] QUERY OK source="users" db=0.1ms
INSERT INTO "users" ("id","status","org_id","email","display_name","roles","cose_key","credential_id","created_at","updated_at") VALUES ($1,$2,$3,$4,$5,$6,$7,$8,$9,$10) ["019d0c26-0b00-74a0-bd6d-48329cf61a57", "active", "019d0c26-0b00-74a0-8884-24b7b734f296", "test@example.com", "Test User", ["system_admin"], "bootstrap_cose_key", "bootstrap_credential_id", ~U[2026-03-20 23:09:57.648710Z], ~U[2026-03-20 23:09:57.648710Z]]
23:09:57.649 [debug] QUERY ERROR source="identity_user_settings" db=0.0ms
SELECT i0."id", i0."user_id", i0."org_id", i0."locale", i0."timezone", i0."notifications_enabled", i0."created_at", i0."updated_at" FROM "identity_user_settings" AS i0 WHERE (i0."id" = $1) ["019d0c26-0b00-74a0-bd6d-48329cf61a57"]
23:09:57.649 [debug] QUERY OK db=0.1ms
rollback []
23:09:57.650 [error] Nexus.Identity.Projectors.UserRegistrationProjector failed to handle event:
%Commanded.EventStore.RecordedEvent{
  event_id: "282ec866-f518-44ed-95f6-7a535d6c3e25",
  event_number: 11262,
  stream_id: "019d0c26-0b00-74a0-bd6d-48329cf61a57",
  stream_version: 1,
  causation_id: "d64809a4-8402-4360-8536-99b7a0f860ca",
  correlation_id: "e0f4b4bb-483c-4914-aaaa-956d1587d67e",
  event_type: "Elixir.Nexus.Identity.Events.UserRegistered",
  data: %Nexus.Identity.Events.UserRegistered{
    user_id: "019d0c26-0b00-74a0-bd6d-48329cf61a57",
    org_id: "019d0c26-0b00-74a0-8884-24b7b734f296",
    email: "test@example.com",
    role: "system_admin",
    cose_key: "Ym9vdHN0cmFwX2Nvc2Vfa2V5",
    credential_id: "Ym9vdHN0cmFwX2NyZWRlbnRpYWxfaWQ=",
    registered_at: "2026-03-20T16:48:33.024173Z",
    display_name: "Test User",
    status: "active"
  },
  created_at: ~U[2026-03-20 16:48:33.025211Z],
  metadata: %{
    "causation_id" => "019d0c26-0b00-71d0-a1d2-041f55e92cfc",
    "correlation_id" => "019d0c26-0b00-71d0-a1d2-041f55e92cfc"
  }
}, due to:
** (Postgrex.Error) ERROR 42703 (undefined_column) column i0.id does not exist

    query: SELECT i0."id", i0."user_id", i0."org_id", i0."locale", i0."timezone", i0."notifications_enabled", i0."created_at", i0."updated_at" FROM "identity_user_settings" AS i0 WHERE (i0."id" = $1)
    (ecto_sql 3.13.4) lib/ecto/adapters/sql.ex:1113: Ecto.Adapters.SQL.raise_sql_call_error/1
    (ecto_sql 3.13.4) lib/ecto/adapters/sql.ex:1011: Ecto.Adapters.SQL.execute/6
    (ecto 3.13.5) lib/ecto/repo/queryable.ex:241: Ecto.Repo.Queryable.execute/4
    (ecto 3.13.5) lib/ecto/repo/queryable.ex:19: Ecto.Repo.Queryable.all/3
    (ecto 3.13.5) lib/ecto/repo/queryable.ex:163: Ecto.Repo.Queryable.one/3
    (nexus 0.1.0) lib/nexus/identity/projectors/user_registration_projector.ex:53: anonymous fn/3 in Nexus.Identity.Projectors.UserRegistrationProjector.project_registration/3
    (ecto 3.13.5) lib/ecto/multi.ex:905: Ecto.Multi.apply_operation/5
    (elixir 1.19.5) lib/enum.ex:2520: Enum."-reduce/3-lists^foldl/2-0-"/3
    (ecto 3.13.5) lib/ecto/multi.ex:878: anonymous fn/5 in Ecto.Multi.apply_operations/5
    (ecto_sql 3.13.4) lib/ecto/adapters/sql.ex:1473: anonymous fn/3 in Ecto.Adapters.SQL.checkout_or_transaction/4
    (db_connection 2.9.0) lib/db_connection.ex:1747: DBConnection.run_transaction/4
    (ecto 3.13.5) lib/ecto/repo/transaction.ex:30: Ecto.Repo.Transaction.transact/4
    (nexus 0.1.0) deps/commanded_ecto_projections/lib/projections/ecto.ex:97: Nexus.Identity.Projectors.UserRegistrationProjector.update_projection/3
    (commanded 1.4.9) lib/commanded/event/handler.ex:1221: Commanded.Event.Handler.delegate_event_to_handler/2
    (commanded 1.4.9) lib/commanded/event/handler.ex:1062: Commanded.Event.Handler.handle_event/3
    (elixir 1.19.5) lib/enum.ex:2520: Enum."-reduce/3-lists^foldl/2-0-"/3
    (commanded 1.4.9) lib/commanded/event/handler.ex:969: Commanded.Event.Handler.handle_info/2
    (stdlib 7.1) gen_server.erl:2434: :gen_server.try_handle_info/3
    (stdlib 7.1) gen_server.erl:2420: :gen_server.handle_msg/3
    (stdlib 7.1) proc_lib.erl:333: :proc_lib.init_p_do_apply/3

23:09:57.650 [warning] Nexus.Identity.Projectors.UserRegistrationProjector has requested to stop: %Postgrex.Error{message: nil, postgres: %{code: :undefined_column, line: "3721", message: "column i0.id does not exist", position: "8", file: "parse_relation.c", unknown: "ERROR", severity: "ERROR", pg_code: "42703", routine: "errorMissingColumn"}, connection_id: 3157, query: "SELECT i0.\"id\", i0.\"user_id\", i0.\"org_id\", i0.\"locale\", i0.\"timezone\", i0.\"notifications_enabled\", i0.\"created_at\", i0.\"updated_at\" FROM \"identity_user_settings\" AS i0 WHERE (i0.\"id\" = $1)"}
23:09:57.650 [debug] Nexus.Identity.Projectors.UserRegistrationProjector is shutting down due to %Postgrex.Error{message: nil, postgres: %{code: :undefined_column, line: "3721", message: "column i0.id does not exist", position: "8", file: "parse_relation.c", unknown: "ERROR", severity: "ERROR", pg_code: "42703", routine: "errorMissingColumn"}, connection_id: 3157, query: "SELECT i0.\"id\", i0.\"user_id\", i0.\"org_id\", i0.\"locale\", i0.\"timezone\", i0.\"notifications_enabled\", i0.\"created_at\", i0.\"updated_at\" FROM \"identity_user_settings\" AS i0 WHERE (i0.\"id\" = $1)"}
23:09:57.650 [error] GenServer {Nexus.App.LocalRegistry, {Nexus.App, Commanded.Event.Handler, "Identity.Projectors.UserRegistrationProjector"}} terminating
** (stop) %Postgrex.Error{message: nil, postgres: %{code: :undefined_column, line: "3721", message: "column i0.id does not exist", position: "8", file: "parse_relation.c", unknown: "ERROR", severity: "ERROR", pg_code: "42703", routine: "errorMissingColumn"}, connection_id: 3157, query: "SELECT i0.\"id\", i0.\"user_id\", i0.\"org_id\", i0.\"locale\", i0.\"timezone\", i0.\"notifications_enabled\", i0.\"created_at\", i0.\"updated_at\" FROM \"identity_user_settings\" AS i0 WHERE (i0.\"id\" = $1)"}
Last message: {:events, [%Commanded.EventStore.RecordedEvent{event_id: "282ec866-f518-44ed-95f6-7a535d6c3e25", event_number: 11262, stream_id: "019d0c26-0b00-74a0-bd6d-48329cf61a57", stream_version: 1, causation_id: "d64809a4-8402-4360-8536-99b7a0f860ca", correlation_id: "e0f4b4bb-483c-4914-aaaa-956d1587d67e", event_type: "Elixir.Nexus.Identity.Events.UserRegistered", data: %Nexus.Identity.Events.UserRegistered{user_id: "019d0c26-0b00-74a0-bd6d-48329cf61a57", org_id: "019d0c26-0b00-74a0-8884-24b7b734f296", email: "test@example.com", role: "system_admin", cose_key: "Ym9vdHN0cmFwX2Nvc2Vfa2V5", credential_id: "Ym9vdHN0cmFwX2NyZWRlbnRpYWxfaWQ=", registered_at: "2026-03-20T16:48:33.024173Z", display_name: "Test User", status: "active"}, created_at: ~U[2026-03-20 16:48:33.025211Z], metadata: %{"causation_id" => "019d0c26-0b00-71d0-a1d2-041f55e92cfc", "correlation_id" => "019d0c26-0b00-71d0-a1d2-041f55e92cfc"}}]}
State: %Commanded.Event.Handler{application: Nexus.App, consistency: :strong, handler_callback: :event, handler_name: "Identity.Projectors.UserRegistrationProjector", handler_module: Nexus.Identity.Projectors.UserRegistrationProjector, handler_state: nil, last_seen_event: nil, subscription: %Commanded.EventStore.Subscription{application: Nexus.App, backoff: {:backoff, 1000, 60000, 1000, :jitter, :undefined, :undefined}, concurrency: 1, partition_by: nil, subscribe_to: :all, subscribe_from: :origin, subscription_name: "Identity.Projectors.UserRegistrationProjector", subscription_opts: [], subscription_pid: #PID<0.1903.0>, subscription_ref: #Reference<0.504251661.3394502657.103348>}, subscribe_timer: nil}
23:09:57.650 [debug] Subscription "Identity.Projectors.UserRegistrationProjector"@"$all" subscriber #PID<0.1902.0> down due to: %Postgrex.Error{message: nil, postgres: %{code: :undefined_column, line: "3721", message: "column i0.id does not exist", position: "8", file: "parse_relation.c", unknown: "ERROR", severity: "ERROR", pg_code: "42703", routine: "errorMissingColumn"}, connection_id: 3157, query: "SELECT i0.\"id\", i0.\"user_id\", i0.\"org_id\", i0.\"locale\", i0.\"timezone\", i0.\"notifications_enabled\", i0.\"created_at\", i0.\"updated_at\" FROM \"identity_user_settings\" AS i0 WHERE (i0.\"id\" = $1)"}
23:09:57.650 [debug] Subscription "Identity.Projectors.UserRegistrationProjector"@"$all" has no subscribers, shutting down
23:09:57.650 [error] GenServer {Nexus.EventStore.EventStore.Subscriptions.Registry, {"$all", "Identity.Projectors.UserRegistrationProjector"}} terminating
** (stop) %Postgrex.Error{message: nil, postgres: %{code: :undefined_column, line: "3721", message: "column i0.id does not exist", position: "8", file: "parse_relation.c", unknown: "ERROR", severity: "ERROR", pg_code: "42703", routine: "errorMissingColumn"}, connection_id: 3157, query: "SELECT i0.\"id\", i0.\"user_id\", i0.\"org_id\", i0.\"locale\", i0.\"timezone\", i0.\"notifications_enabled\", i0.\"created_at\", i0.\"updated_at\" FROM \"identity_user_settings\" AS i0 WHERE (i0.\"id\" = $1)"}
Last message: {:DOWN, #Reference<0.504251661.3394502658.58111>, :process, #PID<0.1902.0>, %Postgrex.Error{message: nil, postgres: %{code: :undefined_column, line: "3721", message: "column i0.id does not exist", position: "8", file: "parse_relation.c", unknown: "ERROR", severity: "ERROR", pg_code: "42703", routine: "errorMissingColumn"}, connection_id: 3157, query: "SELECT i0.\"id\", i0.\"user_id\", i0.\"org_id\", i0.\"locale\", i0.\"timezone\", i0.\"notifications_enabled\", i0.\"created_at\", i0.\"updated_at\" FROM \"identity_user_settings\" AS i0 WHERE (i0.\"id\" = $1)"}}
State: %EventStore.Subscriptions.Subscription{stream_uuid: "$all", subscription_name: "Identity.Projectors.UserRegistrationProjector", subscription: %EventStore.Subscriptions.SubscriptionFsm{state: :unsubscribed, data: %EventStore.Subscriptions.SubscriptionState{conn: Nexus.EventStore.Postgrex, event_store: Nexus.EventStore, serializer: Commanded.Serialization.JsonSerializer, schema: "event_store", stream_uuid: "$all", start_from: 0, subscription_name: "Identity.Projectors.UserRegistrationProjector", subscription_id: 405, selector: nil, mapper: &Commanded.EventStore.Adapters.EventStore.Mapper.from_recorded_event/1, max_size: 1000, partition_by: nil, query_timeout: 15000, lock_ref: #Reference<0.504251661.3394502658.58129>, last_received: 12197, last_sent: 11262, last_ack: 11261, queue_size: 936, buffer_size: 1, checkpoint_after: 0, checkpoint_threshold: 1, checkpoint_timer_ref: nil, checkpoints_pending: 0, subscribers: %{}, partitions: %{nil: {[%EventStore.RecordedEvent{event_number: 12197, event_id: "1090d0fa-e811-4476-b333-0ecde47df19b", stream_uuid: "7f9d61e3-4ddb-4a45-9632-c9b4e8e37a26", stream_version: 1, correlation_id: "95c6a40b-6222-41f9-98d5-3e8c238cd512", causation_id: "cafcad9f-48b9-4455-9cc5-59cc5c81305c", event_type: "Elixir.Nexus.Identity.Events.UserRegistered", data: %Nexus.Identity.Events.UserRegistered{user_id: "7f9d61e3-4ddb-4a45-9632-c9b4e8e37a26", org_id: "a136c24b-09d3-44e5-b654-62c6eb3563d2", email: "test@example.com", role: "admin", cose_key: "dummy", credential_id: "dummy", registered_at: "2026-03-20T23:09:57.291719Z", display_name: "Test User", status: "active"}, metadata: %{"causation_id" => "019d0d83-3aab-7cfc-b64f-9c138c365c71", "correlation_id" => "019d0d83-3aab-7cfc-b64f-9c138c365c71"}, created_at: ~U[2026-03-20 23:09:57.294271Z]}, %EventStore.RecordedEvent{event_number: 12196, event_id: "51ed3aa0-2b4d-4f9e-bb88-d9b7471414a0", stream_uuid: "a6d32835-04fe-47c3-93c7-50750f4c0025", stream_version: 2, correlation_id: "fb342b99-3477-4551-974c-9a74331120b4", causation_id: "e22481cf-a9ef-4153-a77b-9a91fcb9b83b", event_type: "Elixir.Nexus.Identity.Events.SessionExpired", data: %Nexus.Identity.Events.SessionExpired{org_id: "aefc3981-97e0-4a44-a442-807e9d7b3892", user_id: "a6d32835-04fe-47c3-93c7-50750f4c0025", session_id: "87180336-fdab-415d-a0c7-23fd23f136a9", expired_at: "2026-03-20T23:09:56.784404Z"}, metadata: %{"causation_id" => "019d0d83-38b1-75a5-8e13-bbe0bed9ff21", "correlation_id" => "019d0d83-38b1-75a5-8e13-bbe0bed9ff21"}, created_at: ~U[2026-03-20 23:09:56.786169Z]}, %EventStore.RecordedEvent{event_number: 12195, event_id: "63cf0cf3-679d-4adb-a5fc-1b7c8cdfe448", stream_uuid: "a6d32835-04fe-47c3-93c7-50750f4c0025", stream_version: 1, correlation_id: "4b130646-5380-41f3-b6df-9abfd1ed0d92", causation_id: "0f27ee9d-27db-4e8b-8f2d-6a8556a5e9d4", event_type: "Elixir.Nexus.Identity.Events.UserRegistered", data: %Nexus.Identity.Events.UserRegistered{user_id: "a6d32835-04fe-47c3-93c7-50750f4c0025", org_id: "aefc3981-97e0-4a44-a442-807e9d7b3892", email: "test@example.com", role: "admin", cose_key: "dummy", credential_id: "dummy", registered_at: "2026-03-20T23:09:56.579831Z", display_name: "Test User", status: "active"}, metadata: %{"causation_id" => "019d0d83-37e3-7671-991d-f18a42a53090", "correlation_id" => "019d0d83-37e3-7671-991d-f18a42a53090"}, created_at: ~U[2026-03-20 23:09:56.581065Z]}, %EventStore.RecordedEvent{event_number: 12194, event_id: "3f8f3cbc-ea72-45a7-ab6d-12a43da50245", stream_uuid: "e55da693-c009-4afd-a56e-9b4ab3975acc", stream_version: 2, correlation_id: "e5500f71-9103-4737-8991-5eb165815e23", causation_id: "633094f8-6986-459b-9416-072dd0187fd9", ...}, ...], ...}}, ...}}, ...}
23:09:57.651 [debug] Nexus.Identity.Projectors.UserRegistrationProjector is shutting down due to {%Postgrex.Error{message: nil, postgres: %{code: :undefined_column, line: "3721", message: "column i0.id does not exist", position: "8", file: "parse_relation.c", unknown: "ERROR", severity: "ERROR", pg_code: "42703", routine: "errorMissingColumn"}, connection_id: 3157, query: "SELECT i0.\"id\", i0.\"user_id\", i0.\"org_id\", i0.\"locale\", i0.\"timezone\", i0.\"notifications_enabled\", i0.\"created_at\", i0.\"updated_at\" FROM \"identity_user_settings\" AS i0 WHERE (i0.\"id\" = $1)"}, {GenServer, :call, [#PID<0.1903.0>, {:connect, #PID<0.1904.0>, [retry_interval: 60000, hibernate_after: 15000, partition_by: nil, concurrency_limit: 1, name: Nexus.EventStore, mapper: &Commanded.EventStore.Adapters.EventStore.Mapper.from_recorded_event/1, conn: Nexus.EventStore.Postgrex, event_store: Nexus.EventStore, query_timeout: 15000, schema: "event_store", serializer: Commanded.Serialization.JsonSerializer, stream_uuid: "$all", subscription_name: "Identity.Projectors.UserRegistrationProjector", start_from: 0]}, 5000]}}
23:09:57.651 [error] GenServer {Nexus.App.LocalRegistry, {Nexus.App, Commanded.Event.Handler, "Identity.Projectors.UserRegistrationProjector"}} terminating
** (stop) exited in: GenServer.call(#PID<0.1903.0>, {:connect, #PID<0.1904.0>, [retry_interval: 60000, hibernate_after: 15000, partition_by: nil, concurrency_limit: 1, name: Nexus.EventStore, mapper: &Commanded.EventStore.Adapters.EventStore.Mapper.from_recorded_event/1, conn: Nexus.EventStore.Postgrex, event_store: Nexus.EventStore, query_timeout: 15000, schema: "event_store", serializer: Commanded.Serialization.JsonSerializer, stream_uuid: "$all", subscription_name: "Identity.Projectors.UserRegistrationProjector", start_from: 0]}, 5000)
    ** (EXIT) %Postgrex.Error{message: nil, postgres: %{code: :undefined_column, line: "3721", message: "column i0.id does not exist", position: "8", file: "parse_relation.c", unknown: "ERROR", severity: "ERROR", pg_code: "42703", routine: "errorMissingColumn"}, connection_id: 3157, query: "SELECT i0.\"id\", i0.\"user_id\", i0.\"org_id\", i0.\"locale\", i0.\"timezone\", i0.\"notifications_enabled\", i0.\"created_at\", i0.\"updated_at\" FROM \"identity_user_settings\" AS i0 WHERE (i0.\"id\" = $1)"}
    (elixir 1.19.5) lib/gen_server.ex:1142: GenServer.call/3
    (commanded 1.4.9) lib/commanded/event_store.ex:289: anonymous fn/2 in Commanded.EventStore.span/3
    (telemetry 1.3.0) /Users/bernard/dev/nexus/deps/telemetry/src/telemetry.erl:324: :telemetry.span/3
    (commanded 1.4.9) lib/commanded/event_store/subscription.ex:58: Commanded.EventStore.Subscription.subscribe/2
    (commanded 1.4.9) lib/commanded/event/handler.ex:1024: Commanded.Event.Handler.subscribe_to_events/1
    (commanded 1.4.9) lib/commanded/event/handler.ex:887: Commanded.Event.Handler.handle_continue/2
    (stdlib 7.1) gen_server.erl:2424: :gen_server.try_handle_continue/3
    (stdlib 7.1) gen_server.erl:2291: :gen_server.loop/4
    (stdlib 7.1) proc_lib.erl:333: :proc_lib.init_p_do_apply/3
Last message: {:continue, :subscribe_to_events}
State: %Commanded.Event.Handler{application: Nexus.App, consistency: :strong, handler_callback: :event, handler_name: "Identity.Projectors.UserRegistrationProjector", handler_module: Nexus.Identity.Projectors.UserRegistrationProjector, handler_state: nil, last_seen_event: nil, subscription: %Commanded.EventStore.Subscription{application: Nexus.App, backoff: {:backoff, 1000, 60000, 1000, :jitter, :undefined, :undefined}, concurrency: 1, partition_by: nil, subscribe_to: :all, subscribe_from: :origin, subscription_name: "Identity.Projectors.UserRegistrationProjector", subscription_opts: [], subscription_pid: nil, subscription_ref: nil}, subscribe_timer: nil}
23:09:57.651 [debug] Subscription "Identity.Projectors.UserRegistrationProjector"@"$all" attempting to connect subscriber #PID<0.1905.0>
23:09:57.652 [debug] Subscription "Identity.Projectors.UserRegistrationProjector"@"$all" catching-up
23:09:57.652 [debug] Nexus.Identity.Projectors.UserRegistrationProjector has successfully subscribed to event store
23:09:57.665 [debug] Nexus.Identity.Projectors.UserRegistrationProjector received events: [%Commanded.EventStore.RecordedEvent{event_id: "282ec866-f518-44ed-95f6-7a535d6c3e25", event_number: 11262, stream_id: "019d0c26-0b00-74a0-bd6d-48329cf61a57", stream_version: 1, causation_id: "d64809a4-8402-4360-8536-99b7a0f860ca", correlation_id: "e0f4b4bb-483c-4914-aaaa-956d1587d67e", event_type: "Elixir.Nexus.Identity.Events.UserRegistered", data: %Nexus.Identity.Events.UserRegistered{user_id: "019d0c26-0b00-74a0-bd6d-48329cf61a57", org_id: "019d0c26-0b00-74a0-8884-24b7b734f296", email: "test@example.com", role: "system_admin", cose_key: "Ym9vdHN0cmFwX2Nvc2Vfa2V5", credential_id: "Ym9vdHN0cmFwX2NyZWRlbnRpYWxfaWQ=", registered_at: "2026-03-20T16:48:33.024173Z", display_name: "Test User", status: "active"}, created_at: ~U[2026-03-20 16:48:33.025211Z], metadata: %{"causation_id" => "019d0c26-0b00-71d0-a1d2-041f55e92cfc", "correlation_id" => "019d0c26-0b00-71d0-a1d2-041f55e92cfc"}}]
23:09:57.665 [debug] QUERY OK db=0.2ms
begin []
23:09:57.666 [debug] QUERY OK source="projection_versions" db=0.1ms
INSERT INTO "projection_versions" AS p0 ("projection_name","last_seen_event_number","inserted_at","updated_at") VALUES ($1,$2,$3,$4) ON CONFLICT ("projection_name") DO UPDATE SET "last_seen_event_number" = $5 WHERE ((p0."projection_name" = $6) AND (p0."last_seen_event_number" < $7)) ["Identity.Projectors.UserRegistrationProjector", 11262, ~N[2026-03-20 23:09:57.665774], ~N[2026-03-20 23:09:57.665774], 11262, "Identity.Projectors.UserRegistrationProjector", 11262]
23:09:57.666 [debug] QUERY OK source="users" db=0.1ms
SELECT u0."id", u0."org_id", u0."email", u0."display_name", u0."status", u0."cose_key", u0."credential_id", u0."roles", u0."created_at", u0."updated_at" FROM "users" AS u0 WHERE (u0."id" = $1) ["019d0c26-0b00-74a0-bd6d-48329cf61a57"]
23:09:57.666 [debug] QUERY OK source="users" db=0.1ms
SELECT u0."id", u0."org_id", u0."email", u0."display_name", u0."status", u0."cose_key", u0."credential_id", u0."roles", u0."created_at", u0."updated_at" FROM "users" AS u0 WHERE (u0."email" = $1) ["test@example.com"]
23:09:57.666 [debug] QUERY OK source="users" db=0.1ms
INSERT INTO "users" ("id","status","org_id","email","display_name","roles","cose_key","credential_id","created_at","updated_at") VALUES ($1,$2,$3,$4,$5,$6,$7,$8,$9,$10) ["019d0c26-0b00-74a0-bd6d-48329cf61a57", "active", "019d0c26-0b00-74a0-8884-24b7b734f296", "test@example.com", "Test User", ["system_admin"], "bootstrap_cose_key", "bootstrap_credential_id", ~U[2026-03-20 23:09:57.666402Z], ~U[2026-03-20 23:09:57.666402Z]]
23:09:57.666 [debug] QUERY ERROR source="identity_user_settings" db=0.0ms
SELECT i0."id", i0."user_id", i0."org_id", i0."locale", i0."timezone", i0."notifications_enabled", i0."created_at", i0."updated_at" FROM "identity_user_settings" AS i0 WHERE (i0."id" = $1) ["019d0c26-0b00-74a0-bd6d-48329cf61a57"]
23:09:57.667 [debug] QUERY OK db=0.1ms
rollback []
23:09:57.668 [error] Nexus.Identity.Projectors.UserRegistrationProjector failed to handle event:
%Commanded.EventStore.RecordedEvent{
  event_id: "282ec866-f518-44ed-95f6-7a535d6c3e25",
  event_number: 11262,
  stream_id: "019d0c26-0b00-74a0-bd6d-48329cf61a57",
  stream_version: 1,
  causation_id: "d64809a4-8402-4360-8536-99b7a0f860ca",
  correlation_id: "e0f4b4bb-483c-4914-aaaa-956d1587d67e",
  event_type: "Elixir.Nexus.Identity.Events.UserRegistered",
  data: %Nexus.Identity.Events.UserRegistered{
    user_id: "019d0c26-0b00-74a0-bd6d-48329cf61a57",
    org_id: "019d0c26-0b00-74a0-8884-24b7b734f296",
    email: "test@example.com",
    role: "system_admin",
    cose_key: "Ym9vdHN0cmFwX2Nvc2Vfa2V5",
    credential_id: "Ym9vdHN0cmFwX2NyZWRlbnRpYWxfaWQ=",
    registered_at: "2026-03-20T16:48:33.024173Z",
    display_name: "Test User",
    status: "active"
  },
  created_at: ~U[2026-03-20 16:48:33.025211Z],
  metadata: %{
    "causation_id" => "019d0c26-0b00-71d0-a1d2-041f55e92cfc",
    "correlation_id" => "019d0c26-0b00-71d0-a1d2-041f55e92cfc"
  }
}, due to:
** (Postgrex.Error) ERROR 42703 (undefined_column) column i0.id does not exist

    query: SELECT i0."id", i0."user_id", i0."org_id", i0."locale", i0."timezone", i0."notifications_enabled", i0."created_at", i0."updated_at" FROM "identity_user_settings" AS i0 WHERE (i0."id" = $1)
    (ecto_sql 3.13.4) lib/ecto/adapters/sql.ex:1113: Ecto.Adapters.SQL.raise_sql_call_error/1
    (ecto_sql 3.13.4) lib/ecto/adapters/sql.ex:1011: Ecto.Adapters.SQL.execute/6
    (ecto 3.13.5) lib/ecto/repo/queryable.ex:241: Ecto.Repo.Queryable.execute/4
    (ecto 3.13.5) lib/ecto/repo/queryable.ex:19: Ecto.Repo.Queryable.all/3
    (ecto 3.13.5) lib/ecto/repo/queryable.ex:163: Ecto.Repo.Queryable.one/3
    (nexus 0.1.0) lib/nexus/identity/projectors/user_registration_projector.ex:53: anonymous fn/3 in Nexus.Identity.Projectors.UserRegistrationProjector.project_registration/3
    (ecto 3.13.5) lib/ecto/multi.ex:905: Ecto.Multi.apply_operation/5
    (elixir 1.19.5) lib/enum.ex:2520: Enum."-reduce/3-lists^foldl/2-0-"/3
    (ecto 3.13.5) lib/ecto/multi.ex:878: anonymous fn/5 in Ecto.Multi.apply_operations/5
    (ecto_sql 3.13.4) lib/ecto/adapters/sql.ex:1473: anonymous fn/3 in Ecto.Adapters.SQL.checkout_or_transaction/4
    (db_connection 2.9.0) lib/db_connection.ex:1747: DBConnection.run_transaction/4
    (ecto 3.13.5) lib/ecto/repo/transaction.ex:30: Ecto.Repo.Transaction.transact/4
    (nexus 0.1.0) deps/commanded_ecto_projections/lib/projections/ecto.ex:97: Nexus.Identity.Projectors.UserRegistrationProjector.update_projection/3
    (commanded 1.4.9) lib/commanded/event/handler.ex:1221: Commanded.Event.Handler.delegate_event_to_handler/2
    (commanded 1.4.9) lib/commanded/event/handler.ex:1062: Commanded.Event.Handler.handle_event/3
    (elixir 1.19.5) lib/enum.ex:2520: Enum."-reduce/3-lists^foldl/2-0-"/3
    (commanded 1.4.9) lib/commanded/event/handler.ex:969: Commanded.Event.Handler.handle_info/2
    (stdlib 7.1) gen_server.erl:2434: :gen_server.try_handle_info/3
    (stdlib 7.1) gen_server.erl:2420: :gen_server.handle_msg/3
    (stdlib 7.1) proc_lib.erl:333: :proc_lib.init_p_do_apply/3

23:09:57.668 [warning] Nexus.Identity.Projectors.UserRegistrationProjector has requested to stop: %Postgrex.Error{message: nil, postgres: %{code: :undefined_column, line: "3721", message: "column i0.id does not exist", position: "8", file: "parse_relation.c", unknown: "ERROR", severity: "ERROR", pg_code: "42703", routine: "errorMissingColumn"}, connection_id: 3157, query: "SELECT i0.\"id\", i0.\"user_id\", i0.\"org_id\", i0.\"locale\", i0.\"timezone\", i0.\"notifications_enabled\", i0.\"created_at\", i0.\"updated_at\" FROM \"identity_user_settings\" AS i0 WHERE (i0.\"id\" = $1)"}
23:09:57.668 [debug] Nexus.Identity.Projectors.UserRegistrationProjector is shutting down due to %Postgrex.Error{message: nil, postgres: %{code: :undefined_column, line: "3721", message: "column i0.id does not exist", position: "8", file: "parse_relation.c", unknown: "ERROR", severity: "ERROR", pg_code: "42703", routine: "errorMissingColumn"}, connection_id: 3157, query: "SELECT i0.\"id\", i0.\"user_id\", i0.\"org_id\", i0.\"locale\", i0.\"timezone\", i0.\"notifications_enabled\", i0.\"created_at\", i0.\"updated_at\" FROM \"identity_user_settings\" AS i0 WHERE (i0.\"id\" = $1)"}
23:09:57.668 [error] GenServer {Nexus.App.LocalRegistry, {Nexus.App, Commanded.Event.Handler, "Identity.Projectors.UserRegistrationProjector"}} terminating
** (stop) %Postgrex.Error{message: nil, postgres: %{code: :undefined_column, line: "3721", message: "column i0.id does not exist", position: "8", file: "parse_relation.c", unknown: "ERROR", severity: "ERROR", pg_code: "42703", routine: "errorMissingColumn"}, connection_id: 3157, query: "SELECT i0.\"id\", i0.\"user_id\", i0.\"org_id\", i0.\"locale\", i0.\"timezone\", i0.\"notifications_enabled\", i0.\"created_at\", i0.\"updated_at\" FROM \"identity_user_settings\" AS i0 WHERE (i0.\"id\" = $1)"}
Last message: {:events, [%Commanded.EventStore.RecordedEvent{event_id: "282ec866-f518-44ed-95f6-7a535d6c3e25", event_number: 11262, stream_id: "019d0c26-0b00-74a0-bd6d-48329cf61a57", stream_version: 1, causation_id: "d64809a4-8402-4360-8536-99b7a0f860ca", correlation_id: "e0f4b4bb-483c-4914-aaaa-956d1587d67e", event_type: "Elixir.Nexus.Identity.Events.UserRegistered", data: %Nexus.Identity.Events.UserRegistered{user_id: "019d0c26-0b00-74a0-bd6d-48329cf61a57", org_id: "019d0c26-0b00-74a0-8884-24b7b734f296", email: "test@example.com", role: "system_admin", cose_key: "Ym9vdHN0cmFwX2Nvc2Vfa2V5", credential_id: "Ym9vdHN0cmFwX2NyZWRlbnRpYWxfaWQ=", registered_at: "2026-03-20T16:48:33.024173Z", display_name: "Test User", status: "active"}, created_at: ~U[2026-03-20 16:48:33.025211Z], metadata: %{"causation_id" => "019d0c26-0b00-71d0-a1d2-041f55e92cfc", "correlation_id" => "019d0c26-0b00-71d0-a1d2-041f55e92cfc"}}]}
State: %Commanded.Event.Handler{application: Nexus.App, consistency: :strong, handler_callback: :event, handler_name: "Identity.Projectors.UserRegistrationProjector", handler_module: Nexus.Identity.Projectors.UserRegistrationProjector, handler_state: nil, last_seen_event: nil, subscription: %Commanded.EventStore.Subscription{application: Nexus.App, backoff: {:backoff, 1000, 60000, 1000, :jitter, :undefined, :undefined}, concurrency: 1, partition_by: nil, subscribe_to: :all, subscribe_from: :origin, subscription_name: "Identity.Projectors.UserRegistrationProjector", subscription_opts: [], subscription_pid: #PID<0.1906.0>, subscription_ref: #Reference<0.504251661.3394502657.103558>}, subscribe_timer: nil}
23:09:57.668 [debug] Subscription "Identity.Projectors.UserRegistrationProjector"@"$all" subscriber #PID<0.1905.0> down due to: %Postgrex.Error{message: nil, postgres: %{code: :undefined_column, line: "3721", message: "column i0.id does not exist", position: "8", file: "parse_relation.c", unknown: "ERROR", severity: "ERROR", pg_code: "42703", routine: "errorMissingColumn"}, connection_id: 3157, query: "SELECT i0.\"id\", i0.\"user_id\", i0.\"org_id\", i0.\"locale\", i0.\"timezone\", i0.\"notifications_enabled\", i0.\"created_at\", i0.\"updated_at\" FROM \"identity_user_settings\" AS i0 WHERE (i0.\"id\" = $1)"}
23:09:57.668 [debug] Subscription "Identity.Projectors.UserRegistrationProjector"@"$all" has no subscribers, shutting down
23:09:57.668 [error] GenServer {Nexus.EventStore.EventStore.Subscriptions.Registry, {"$all", "Identity.Projectors.UserRegistrationProjector"}} terminating
** (stop) %Postgrex.Error{message: nil, postgres: %{code: :undefined_column, line: "3721", message: "column i0.id does not exist", position: "8", file: "parse_relation.c", unknown: "ERROR", severity: "ERROR", pg_code: "42703", routine: "errorMissingColumn"}, connection_id: 3157, query: "SELECT i0.\"id\", i0.\"user_id\", i0.\"org_id\", i0.\"locale\", i0.\"timezone\", i0.\"notifications_enabled\", i0.\"created_at\", i0.\"updated_at\" FROM \"identity_user_settings\" AS i0 WHERE (i0.\"id\" = $1)"}
Last message: {:DOWN, #Reference<0.504251661.3394502657.103553>, :process, #PID<0.1905.0>, %Postgrex.Error{message: nil, postgres: %{code: :undefined_column, line: "3721", message: "column i0.id does not exist", position: "8", file: "parse_relation.c", unknown: "ERROR", severity: "ERROR", pg_code: "42703", routine: "errorMissingColumn"}, connection_id: 3157, query: "SELECT i0.\"id\", i0.\"user_id\", i0.\"org_id\", i0.\"locale\", i0.\"timezone\", i0.\"notifications_enabled\", i0.\"created_at\", i0.\"updated_at\" FROM \"identity_user_settings\" AS i0 WHERE (i0.\"id\" = $1)"}}
State: %EventStore.Subscriptions.Subscription{stream_uuid: "$all", subscription_name: "Identity.Projectors.UserRegistrationProjector", subscription: %EventStore.Subscriptions.SubscriptionFsm{state: :unsubscribed, data: %EventStore.Subscriptions.SubscriptionState{conn: Nexus.EventStore.Postgrex, event_store: Nexus.EventStore, serializer: Commanded.Serialization.JsonSerializer, schema: "event_store", stream_uuid: "$all", start_from: 0, subscription_name: "Identity.Projectors.UserRegistrationProjector", subscription_id: 405, selector: nil, mapper: &Commanded.EventStore.Adapters.EventStore.Mapper.from_recorded_event/1, max_size: 1000, partition_by: nil, query_timeout: 15000, lock_ref: #Reference<0.504251661.3394502658.58212>, last_received: 12197, last_sent: 11262, last_ack: 11261, queue_size: 936, buffer_size: 1, checkpoint_after: 0, checkpoint_threshold: 1, checkpoint_timer_ref: nil, checkpoints_pending: 0, subscribers: %{}, partitions: %{nil: {[%EventStore.RecordedEvent{event_number: 12197, event_id: "1090d0fa-e811-4476-b333-0ecde47df19b", stream_uuid: "7f9d61e3-4ddb-4a45-9632-c9b4e8e37a26", stream_version: 1, correlation_id: "95c6a40b-6222-41f9-98d5-3e8c238cd512", causation_id: "cafcad9f-48b9-4455-9cc5-59cc5c81305c", event_type: "Elixir.Nexus.Identity.Events.UserRegistered", data: %Nexus.Identity.Events.UserRegistered{user_id: "7f9d61e3-4ddb-4a45-9632-c9b4e8e37a26", org_id: "a136c24b-09d3-44e5-b654-62c6eb3563d2", email: "test@example.com", role: "admin", cose_key: "dummy", credential_id: "dummy", registered_at: "2026-03-20T23:09:57.291719Z", display_name: "Test User", status: "active"}, metadata: %{"causation_id" => "019d0d83-3aab-7cfc-b64f-9c138c365c71", "correlation_id" => "019d0d83-3aab-7cfc-b64f-9c138c365c71"}, created_at: ~U[2026-03-20 23:09:57.294271Z]}, %EventStore.RecordedEvent{event_number: 12196, event_id: "51ed3aa0-2b4d-4f9e-bb88-d9b7471414a0", stream_uuid: "a6d32835-04fe-47c3-93c7-50750f4c0025", stream_version: 2, correlation_id: "fb342b99-3477-4551-974c-9a74331120b4", causation_id: "e22481cf-a9ef-4153-a77b-9a91fcb9b83b", event_type: "Elixir.Nexus.Identity.Events.SessionExpired", data: %Nexus.Identity.Events.SessionExpired{org_id: "aefc3981-97e0-4a44-a442-807e9d7b3892", user_id: "a6d32835-04fe-47c3-93c7-50750f4c0025", session_id: "87180336-fdab-415d-a0c7-23fd23f136a9", expired_at: "2026-03-20T23:09:56.784404Z"}, metadata: %{"causation_id" => "019d0d83-38b1-75a5-8e13-bbe0bed9ff21", "correlation_id" => "019d0d83-38b1-75a5-8e13-bbe0bed9ff21"}, created_at: ~U[2026-03-20 23:09:56.786169Z]}, %EventStore.RecordedEvent{event_number: 12195, event_id: "63cf0cf3-679d-4adb-a5fc-1b7c8cdfe448", stream_uuid: "a6d32835-04fe-47c3-93c7-50750f4c0025", stream_version: 1, correlation_id: "4b130646-5380-41f3-b6df-9abfd1ed0d92", causation_id: "0f27ee9d-27db-4e8b-8f2d-6a8556a5e9d4", event_type: "Elixir.Nexus.Identity.Events.UserRegistered", data: %Nexus.Identity.Events.UserRegistered{user_id: "a6d32835-04fe-47c3-93c7-50750f4c0025", org_id: "aefc3981-97e0-4a44-a442-807e9d7b3892", email: "test@example.com", role: "admin", cose_key: "dummy", credential_id: "dummy", registered_at: "2026-03-20T23:09:56.579831Z", display_name: "Test User", status: "active"}, metadata: %{"causation_id" => "019d0d83-37e3-7671-991d-f18a42a53090", "correlation_id" => "019d0d83-37e3-7671-991d-f18a42a53090"}, created_at: ~U[2026-03-20 23:09:56.581065Z]}, %EventStore.RecordedEvent{event_number: 12194, event_id: "3f8f3cbc-ea72-45a7-ab6d-12a43da50245", stream_uuid: "e55da693-c009-4afd-a56e-9b4ab3975acc", stream_version: 2, correlation_id: "e5500f71-9103-4737-8991-5eb165815e23", causation_id: "633094f8-6986-459b-9416-072dd0187fd9", ...}, ...], ...}}, ...}}, ...}
23:09:57.668 [debug] Nexus.Identity.Projectors.UserRegistrationProjector is shutting down due to {%Postgrex.Error{message: nil, postgres: %{code: :undefined_column, line: "3721", message: "column i0.id does not exist", position: "8", file: "parse_relation.c", unknown: "ERROR", severity: "ERROR", pg_code: "42703", routine: "errorMissingColumn"}, connection_id: 3157, query: "SELECT i0.\"id\", i0.\"user_id\", i0.\"org_id\", i0.\"locale\", i0.\"timezone\", i0.\"notifications_enabled\", i0.\"created_at\", i0.\"updated_at\" FROM \"identity_user_settings\" AS i0 WHERE (i0.\"id\" = $1)"}, {GenServer, :call, [#PID<0.1906.0>, {:connect, #PID<0.1907.0>, [retry_interval: 60000, hibernate_after: 15000, partition_by: nil, concurrency_limit: 1, name: Nexus.EventStore, mapper: &Commanded.EventStore.Adapters.EventStore.Mapper.from_recorded_event/1, conn: Nexus.EventStore.Postgrex, event_store: Nexus.EventStore, query_timeout: 15000, schema: "event_store", serializer: Commanded.Serialization.JsonSerializer, stream_uuid: "$all", subscription_name: "Identity.Projectors.UserRegistrationProjector", start_from: 0]}, 5000]}}
23:09:57.668 [error] GenServer {Nexus.App.LocalRegistry, {Nexus.App, Commanded.Event.Handler, "Identity.Projectors.UserRegistrationProjector"}} terminating
** (stop) exited in: GenServer.call(#PID<0.1906.0>, {:connect, #PID<0.1907.0>, [retry_interval: 60000, hibernate_after: 15000, partition_by: nil, concurrency_limit: 1, name: Nexus.EventStore, mapper: &Commanded.EventStore.Adapters.EventStore.Mapper.from_recorded_event/1, conn: Nexus.EventStore.Postgrex, event_store: Nexus.EventStore, query_timeout: 15000, schema: "event_store", serializer: Commanded.Serialization.JsonSerializer, stream_uuid: "$all", subscription_name: "Identity.Projectors.UserRegistrationProjector", start_from: 0]}, 5000)
    ** (EXIT) %Postgrex.Error{message: nil, postgres: %{code: :undefined_column, line: "3721", message: "column i0.id does not exist", position: "8", file: "parse_relation.c", unknown: "ERROR", severity: "ERROR", pg_code: "42703", routine: "errorMissingColumn"}, connection_id: 3157, query: "SELECT i0.\"id\", i0.\"user_id\", i0.\"org_id\", i0.\"locale\", i0.\"timezone\", i0.\"notifications_enabled\", i0.\"created_at\", i0.\"updated_at\" FROM \"identity_user_settings\" AS i0 WHERE (i0.\"id\" = $1)"}
    (elixir 1.19.5) lib/gen_server.ex:1142: GenServer.call/3
    (commanded 1.4.9) lib/commanded/event_store.ex:289: anonymous fn/2 in Commanded.EventStore.span/3
    (telemetry 1.3.0) /Users/bernard/dev/nexus/deps/telemetry/src/telemetry.erl:324: :telemetry.span/3
    (commanded 1.4.9) lib/commanded/event_store/subscription.ex:58: Commanded.EventStore.Subscription.subscribe/2
    (commanded 1.4.9) lib/commanded/event/handler.ex:1024: Commanded.Event.Handler.subscribe_to_events/1
    (commanded 1.4.9) lib/commanded/event/handler.ex:887: Commanded.Event.Handler.handle_continue/2
    (stdlib 7.1) gen_server.erl:2424: :gen_server.try_handle_continue/3
    (stdlib 7.1) gen_server.erl:2291: :gen_server.loop/4
    (stdlib 7.1) proc_lib.erl:333: :proc_lib.init_p_do_apply/3
Last message: {:continue, :subscribe_to_events}
State: %Commanded.Event.Handler{application: Nexus.App, consistency: :strong, handler_callback: :event, handler_name: "Identity.Projectors.UserRegistrationProjector", handler_module: Nexus.Identity.Projectors.UserRegistrationProjector, handler_state: nil, last_seen_event: nil, subscription: %Commanded.EventStore.Subscription{application: Nexus.App, backoff: {:backoff, 1000, 60000, 1000, :jitter, :undefined, :undefined}, concurrency: 1, partition_by: nil, subscribe_to: :all, subscribe_from: :origin, subscription_name: "Identity.Projectors.UserRegistrationProjector", subscription_opts: [], subscription_pid: nil, subscription_ref: nil}, subscribe_timer: nil}
23:09:57.669 [debug] Subscription "Identity.Projectors.UserRegistrationProjector"@"$all" attempting to connect subscriber #PID<0.1908.0>
23:09:57.670 [debug] Subscription "Identity.Projectors.UserRegistrationProjector"@"$all" catching-up
23:09:57.670 [debug] Nexus.Identity.Projectors.UserRegistrationProjector has successfully subscribed to event store
23:09:57.684 [debug] Nexus.Identity.Projectors.UserRegistrationProjector received events: [%Commanded.EventStore.RecordedEvent{event_id: "282ec866-f518-44ed-95f6-7a535d6c3e25", event_number: 11262, stream_id: "019d0c26-0b00-74a0-bd6d-48329cf61a57", stream_version: 1, causation_id: "d64809a4-8402-4360-8536-99b7a0f860ca", correlation_id: "e0f4b4bb-483c-4914-aaaa-956d1587d67e", event_type: "Elixir.Nexus.Identity.Events.UserRegistered", data: %Nexus.Identity.Events.UserRegistered{user_id: "019d0c26-0b00-74a0-bd6d-48329cf61a57", org_id: "019d0c26-0b00-74a0-8884-24b7b734f296", email: "test@example.com", role: "system_admin", cose_key: "Ym9vdHN0cmFwX2Nvc2Vfa2V5", credential_id: "Ym9vdHN0cmFwX2NyZWRlbnRpYWxfaWQ=", registered_at: "2026-03-20T16:48:33.024173Z", display_name: "Test User", status: "active"}, created_at: ~U[2026-03-20 16:48:33.025211Z], metadata: %{"causation_id" => "019d0c26-0b00-71d0-a1d2-041f55e92cfc", "correlation_id" => "019d0c26-0b00-71d0-a1d2-041f55e92cfc"}}]
23:09:57.684 [debug] QUERY OK db=0.2ms
begin []
23:09:57.684 [debug] QUERY OK source="projection_versions" db=0.2ms
INSERT INTO "projection_versions" AS p0 ("projection_name","last_seen_event_number","inserted_at","updated_at") VALUES ($1,$2,$3,$4) ON CONFLICT ("projection_name") DO UPDATE SET "last_seen_event_number" = $5 WHERE ((p0."projection_name" = $6) AND (p0."last_seen_event_number" < $7)) ["Identity.Projectors.UserRegistrationProjector", 11262, ~N[2026-03-20 23:09:57.684665], ~N[2026-03-20 23:09:57.684665], 11262, "Identity.Projectors.UserRegistrationProjector", 11262]
23:09:57.685 [debug] QUERY OK source="users" db=0.1ms
SELECT u0."id", u0."org_id", u0."email", u0."display_name", u0."status", u0."cose_key", u0."credential_id", u0."roles", u0."created_at", u0."updated_at" FROM "users" AS u0 WHERE (u0."id" = $1) ["019d0c26-0b00-74a0-bd6d-48329cf61a57"]
23:09:57.685 [debug] QUERY OK source="users" db=0.1ms
SELECT u0."id", u0."org_id", u0."email", u0."display_name", u0."status", u0."cose_key", u0."credential_id", u0."roles", u0."created_at", u0."updated_at" FROM "users" AS u0 WHERE (u0."email" = $1) ["test@example.com"]
23:09:57.685 [debug] QUERY OK source="users" db=0.1ms
INSERT INTO "users" ("id","status","org_id","email","display_name","roles","cose_key","credential_id","created_at","updated_at") VALUES ($1,$2,$3,$4,$5,$6,$7,$8,$9,$10) ["019d0c26-0b00-74a0-bd6d-48329cf61a57", "active", "019d0c26-0b00-74a0-8884-24b7b734f296", "test@example.com", "Test User", ["system_admin"], "bootstrap_cose_key", "bootstrap_credential_id", ~U[2026-03-20 23:09:57.685290Z], ~U[2026-03-20 23:09:57.685290Z]]
23:09:57.685 [debug] QUERY ERROR source="identity_user_settings" db=0.0ms
SELECT i0."id", i0."user_id", i0."org_id", i0."locale", i0."timezone", i0."notifications_enabled", i0."created_at", i0."updated_at" FROM "identity_user_settings" AS i0 WHERE (i0."id" = $1) ["019d0c26-0b00-74a0-bd6d-48329cf61a57"]
23:09:57.685 [debug] QUERY OK db=0.1ms
rollback []
23:09:57.687 [error] Nexus.Identity.Projectors.UserRegistrationProjector failed to handle event:
%Commanded.EventStore.RecordedEvent{
  event_id: "282ec866-f518-44ed-95f6-7a535d6c3e25",
  event_number: 11262,
  stream_id: "019d0c26-0b00-74a0-bd6d-48329cf61a57",
  stream_version: 1,
  causation_id: "d64809a4-8402-4360-8536-99b7a0f860ca",
  correlation_id: "e0f4b4bb-483c-4914-aaaa-956d1587d67e",
  event_type: "Elixir.Nexus.Identity.Events.UserRegistered",
  data: %Nexus.Identity.Events.UserRegistered{
    user_id: "019d0c26-0b00-74a0-bd6d-48329cf61a57",
    org_id: "019d0c26-0b00-74a0-8884-24b7b734f296",
    email: "test@example.com",
    role: "system_admin",
    cose_key: "Ym9vdHN0cmFwX2Nvc2Vfa2V5",
    credential_id: "Ym9vdHN0cmFwX2NyZWRlbnRpYWxfaWQ=",
    registered_at: "2026-03-20T16:48:33.024173Z",
    display_name: "Test User",
    status: "active"
  },
  created_at: ~U[2026-03-20 16:48:33.025211Z],
  metadata: %{
    "causation_id" => "019d0c26-0b00-71d0-a1d2-041f55e92cfc",
    "correlation_id" => "019d0c26-0b00-71d0-a1d2-041f55e92cfc"
  }
}, due to:
** (Postgrex.Error) ERROR 42703 (undefined_column) column i0.id does not exist

    query: SELECT i0."id", i0."user_id", i0."org_id", i0."locale", i0."timezone", i0."notifications_enabled", i0."created_at", i0."updated_at" FROM "identity_user_settings" AS i0 WHERE (i0."id" = $1)
    (ecto_sql 3.13.4) lib/ecto/adapters/sql.ex:1113: Ecto.Adapters.SQL.raise_sql_call_error/1
    (ecto_sql 3.13.4) lib/ecto/adapters/sql.ex:1011: Ecto.Adapters.SQL.execute/6
    (ecto 3.13.5) lib/ecto/repo/queryable.ex:241: Ecto.Repo.Queryable.execute/4
    (ecto 3.13.5) lib/ecto/repo/queryable.ex:19: Ecto.Repo.Queryable.all/3
    (ecto 3.13.5) lib/ecto/repo/queryable.ex:163: Ecto.Repo.Queryable.one/3
    (nexus 0.1.0) lib/nexus/identity/projectors/user_registration_projector.ex:53: anonymous fn/3 in Nexus.Identity.Projectors.UserRegistrationProjector.project_registration/3
    (ecto 3.13.5) lib/ecto/multi.ex:905: Ecto.Multi.apply_operation/5
    (elixir 1.19.5) lib/enum.ex:2520: Enum."-reduce/3-lists^foldl/2-0-"/3
    (ecto 3.13.5) lib/ecto/multi.ex:878: anonymous fn/5 in Ecto.Multi.apply_operations/5
    (ecto_sql 3.13.4) lib/ecto/adapters/sql.ex:1473: anonymous fn/3 in Ecto.Adapters.SQL.checkout_or_transaction/4
    (db_connection 2.9.0) lib/db_connection.ex:1747: DBConnection.run_transaction/4
    (ecto 3.13.5) lib/ecto/repo/transaction.ex:30: Ecto.Repo.Transaction.transact/4
    (nexus 0.1.0) deps/commanded_ecto_projections/lib/projections/ecto.ex:97: Nexus.Identity.Projectors.UserRegistrationProjector.update_projection/3
    (commanded 1.4.9) lib/commanded/event/handler.ex:1221: Commanded.Event.Handler.delegate_event_to_handler/2
    (commanded 1.4.9) lib/commanded/event/handler.ex:1062: Commanded.Event.Handler.handle_event/3
    (elixir 1.19.5) lib/enum.ex:2520: Enum."-reduce/3-lists^foldl/2-0-"/3
    (commanded 1.4.9) lib/commanded/event/handler.ex:969: Commanded.Event.Handler.handle_info/2
    (stdlib 7.1) gen_server.erl:2434: :gen_server.try_handle_info/3
    (stdlib 7.1) gen_server.erl:2420: :gen_server.handle_msg/3
    (stdlib 7.1) proc_lib.erl:333: :proc_lib.init_p_do_apply/3

23:09:57.687 [warning] Nexus.Identity.Projectors.UserRegistrationProjector has requested to stop: %Postgrex.Error{message: nil, postgres: %{code: :undefined_column, line: "3721", message: "column i0.id does not exist", position: "8", file: "parse_relation.c", unknown: "ERROR", severity: "ERROR", pg_code: "42703", routine: "errorMissingColumn"}, connection_id: 3157, query: "SELECT i0.\"id\", i0.\"user_id\", i0.\"org_id\", i0.\"locale\", i0.\"timezone\", i0.\"notifications_enabled\", i0.\"created_at\", i0.\"updated_at\" FROM \"identity_user_settings\" AS i0 WHERE (i0.\"id\" = $1)"}
23:09:57.687 [debug] Nexus.Identity.Projectors.UserRegistrationProjector is shutting down due to %Postgrex.Error{message: nil, postgres: %{code: :undefined_column, line: "3721", message: "column i0.id does not exist", position: "8", file: "parse_relation.c", unknown: "ERROR", severity: "ERROR", pg_code: "42703", routine: "errorMissingColumn"}, connection_id: 3157, query: "SELECT i0.\"id\", i0.\"user_id\", i0.\"org_id\", i0.\"locale\", i0.\"timezone\", i0.\"notifications_enabled\", i0.\"created_at\", i0.\"updated_at\" FROM \"identity_user_settings\" AS i0 WHERE (i0.\"id\" = $1)"}
23:09:57.687 [error] GenServer {Nexus.App.LocalRegistry, {Nexus.App, Commanded.Event.Handler, "Identity.Projectors.UserRegistrationProjector"}} terminating
** (stop) %Postgrex.Error{message: nil, postgres: %{code: :undefined_column, line: "3721", message: "column i0.id does not exist", position: "8", file: "parse_relation.c", unknown: "ERROR", severity: "ERROR", pg_code: "42703", routine: "errorMissingColumn"}, connection_id: 3157, query: "SELECT i0.\"id\", i0.\"user_id\", i0.\"org_id\", i0.\"locale\", i0.\"timezone\", i0.\"notifications_enabled\", i0.\"created_at\", i0.\"updated_at\" FROM \"identity_user_settings\" AS i0 WHERE (i0.\"id\" = $1)"}
Last message: {:events, [%Commanded.EventStore.RecordedEvent{event_id: "282ec866-f518-44ed-95f6-7a535d6c3e25", event_number: 11262, stream_id: "019d0c26-0b00-74a0-bd6d-48329cf61a57", stream_version: 1, causation_id: "d64809a4-8402-4360-8536-99b7a0f860ca", correlation_id: "e0f4b4bb-483c-4914-aaaa-956d1587d67e", event_type: "Elixir.Nexus.Identity.Events.UserRegistered", data: %Nexus.Identity.Events.UserRegistered{user_id: "019d0c26-0b00-74a0-bd6d-48329cf61a57", org_id: "019d0c26-0b00-74a0-8884-24b7b734f296", email: "test@example.com", role: "system_admin", cose_key: "Ym9vdHN0cmFwX2Nvc2Vfa2V5", credential_id: "Ym9vdHN0cmFwX2NyZWRlbnRpYWxfaWQ=", registered_at: "2026-03-20T16:48:33.024173Z", display_name: "Test User", status: "active"}, created_at: ~U[2026-03-20 16:48:33.025211Z], metadata: %{"causation_id" => "019d0c26-0b00-71d0-a1d2-041f55e92cfc", "correlation_id" => "019d0c26-0b00-71d0-a1d2-041f55e92cfc"}}]}
State: %Commanded.Event.Handler{application: Nexus.App, consistency: :strong, handler_callback: :event, handler_name: "Identity.Projectors.UserRegistrationProjector", handler_module: Nexus.Identity.Projectors.UserRegistrationProjector, handler_state: nil, last_seen_event: nil, subscription: %Commanded.EventStore.Subscription{application: Nexus.App, backoff: {:backoff, 1000, 60000, 1000, :jitter, :undefined, :undefined}, concurrency: 1, partition_by: nil, subscribe_to: :all, subscribe_from: :origin, subscription_name: "Identity.Projectors.UserRegistrationProjector", subscription_opts: [], subscription_pid: #PID<0.1909.0>, subscription_ref: #Reference<0.504251661.3394502657.103761>}, subscribe_timer: nil}
23:09:57.687 [debug] Subscription "Identity.Projectors.UserRegistrationProjector"@"$all" subscriber #PID<0.1908.0> down due to: %Postgrex.Error{message: nil, postgres: %{code: :undefined_column, line: "3721", message: "column i0.id does not exist", position: "8", file: "parse_relation.c", unknown: "ERROR", severity: "ERROR", pg_code: "42703", routine: "errorMissingColumn"}, connection_id: 3157, query: "SELECT i0.\"id\", i0.\"user_id\", i0.\"org_id\", i0.\"locale\", i0.\"timezone\", i0.\"notifications_enabled\", i0.\"created_at\", i0.\"updated_at\" FROM \"identity_user_settings\" AS i0 WHERE (i0.\"id\" = $1)"}
23:09:57.687 [debug] Subscription "Identity.Projectors.UserRegistrationProjector"@"$all" has no subscribers, shutting down
23:09:57.687 [error] GenServer {Nexus.EventStore.EventStore.Subscriptions.Registry, {"$all", "Identity.Projectors.UserRegistrationProjector"}} terminating
** (stop) %Postgrex.Error{message: nil, postgres: %{code: :undefined_column, line: "3721", message: "column i0.id does not exist", position: "8", file: "parse_relation.c", unknown: "ERROR", severity: "ERROR", pg_code: "42703", routine: "errorMissingColumn"}, connection_id: 3157, query: "SELECT i0.\"id\", i0.\"user_id\", i0.\"org_id\", i0.\"locale\", i0.\"timezone\", i0.\"notifications_enabled\", i0.\"created_at\", i0.\"updated_at\" FROM \"identity_user_settings\" AS i0 WHERE (i0.\"id\" = $1)"}
Last message: {:DOWN, #Reference<0.504251661.3394502658.58280>, :process, #PID<0.1908.0>, %Postgrex.Error{message: nil, postgres: %{code: :undefined_column, line: "3721", message: "column i0.id does not exist", position: "8", file: "parse_relation.c", unknown: "ERROR", severity: "ERROR", pg_code: "42703", routine: "errorMissingColumn"}, connection_id: 3157, query: "SELECT i0.\"id\", i0.\"user_id\", i0.\"org_id\", i0.\"locale\", i0.\"timezone\", i0.\"notifications_enabled\", i0.\"created_at\", i0.\"updated_at\" FROM \"identity_user_settings\" AS i0 WHERE (i0.\"id\" = $1)"}}
State: %EventStore.Subscriptions.Subscription{stream_uuid: "$all", subscription_name: "Identity.Projectors.UserRegistrationProjector", subscription: %EventStore.Subscriptions.SubscriptionFsm{state: :unsubscribed, data: %EventStore.Subscriptions.SubscriptionState{conn: Nexus.EventStore.Postgrex, event_store: Nexus.EventStore, serializer: Commanded.Serialization.JsonSerializer, schema: "event_store", stream_uuid: "$all", start_from: 0, subscription_name: "Identity.Projectors.UserRegistrationProjector", subscription_id: 405, selector: nil, mapper: &Commanded.EventStore.Adapters.EventStore.Mapper.from_recorded_event/1, max_size: 1000, partition_by: nil, query_timeout: 15000, lock_ref: #Reference<0.504251661.3394502658.58302>, last_received: 12197, last_sent: 11262, last_ack: 11261, queue_size: 936, buffer_size: 1, checkpoint_after: 0, checkpoint_threshold: 1, checkpoint_timer_ref: nil, checkpoints_pending: 0, subscribers: %{}, partitions: %{nil: {[%EventStore.RecordedEvent{event_number: 12197, event_id: "1090d0fa-e811-4476-b333-0ecde47df19b", stream_uuid: "7f9d61e3-4ddb-4a45-9632-c9b4e8e37a26", stream_version: 1, correlation_id: "95c6a40b-6222-41f9-98d5-3e8c238cd512", causation_id: "cafcad9f-48b9-4455-9cc5-59cc5c81305c", event_type: "Elixir.Nexus.Identity.Events.UserRegistered", data: %Nexus.Identity.Events.UserRegistered{user_id: "7f9d61e3-4ddb-4a45-9632-c9b4e8e37a26", org_id: "a136c24b-09d3-44e5-b654-62c6eb3563d2", email: "test@example.com", role: "admin", cose_key: "dummy", credential_id: "dummy", registered_at: "2026-03-20T23:09:57.291719Z", display_name: "Test User", status: "active"}, metadata: %{"causation_id" => "019d0d83-3aab-7cfc-b64f-9c138c365c71", "correlation_id" => "019d0d83-3aab-7cfc-b64f-9c138c365c71"}, created_at: ~U[2026-03-20 23:09:57.294271Z]}, %EventStore.RecordedEvent{event_number: 12196, event_id: "51ed3aa0-2b4d-4f9e-bb88-d9b7471414a0", stream_uuid: "a6d32835-04fe-47c3-93c7-50750f4c0025", stream_version: 2, correlation_id: "fb342b99-3477-4551-974c-9a74331120b4", causation_id: "e22481cf-a9ef-4153-a77b-9a91fcb9b83b", event_type: "Elixir.Nexus.Identity.Events.SessionExpired", data: %Nexus.Identity.Events.SessionExpired{org_id: "aefc3981-97e0-4a44-a442-807e9d7b3892", user_id: "a6d32835-04fe-47c3-93c7-50750f4c0025", session_id: "87180336-fdab-415d-a0c7-23fd23f136a9", expired_at: "2026-03-20T23:09:56.784404Z"}, metadata: %{"causation_id" => "019d0d83-38b1-75a5-8e13-bbe0bed9ff21", "correlation_id" => "019d0d83-38b1-75a5-8e13-bbe0bed9ff21"}, created_at: ~U[2026-03-20 23:09:56.786169Z]}, %EventStore.RecordedEvent{event_number: 12195, event_id: "63cf0cf3-679d-4adb-a5fc-1b7c8cdfe448", stream_uuid: "a6d32835-04fe-47c3-93c7-50750f4c0025", stream_version: 1, correlation_id: "4b130646-5380-41f3-b6df-9abfd1ed0d92", causation_id: "0f27ee9d-27db-4e8b-8f2d-6a8556a5e9d4", event_type: "Elixir.Nexus.Identity.Events.UserRegistered", data: %Nexus.Identity.Events.UserRegistered{user_id: "a6d32835-04fe-47c3-93c7-50750f4c0025", org_id: "aefc3981-97e0-4a44-a442-807e9d7b3892", email: "test@example.com", role: "admin", cose_key: "dummy", credential_id: "dummy", registered_at: "2026-03-20T23:09:56.579831Z", display_name: "Test User", status: "active"}, metadata: %{"causation_id" => "019d0d83-37e3-7671-991d-f18a42a53090", "correlation_id" => "019d0d83-37e3-7671-991d-f18a42a53090"}, created_at: ~U[2026-03-20 23:09:56.581065Z]}, %EventStore.RecordedEvent{event_number: 12194, event_id: "3f8f3cbc-ea72-45a7-ab6d-12a43da50245", stream_uuid: "e55da693-c009-4afd-a56e-9b4ab3975acc", stream_version: 2, correlation_id: "e5500f71-9103-4737-8991-5eb165815e23", causation_id: "633094f8-6986-459b-9416-072dd0187fd9", ...}, ...], ...}}, ...}}, ...}
23:09:57.687 [debug] Nexus.Identity.Projectors.UserRegistrationProjector is shutting down due to {%Postgrex.Error{message: nil, postgres: %{code: :undefined_column, line: "3721", message: "column i0.id does not exist", position: "8", file: "parse_relation.c", unknown: "ERROR", severity: "ERROR", pg_code: "42703", routine: "errorMissingColumn"}, connection_id: 3157, query: "SELECT i0.\"id\", i0.\"user_id\", i0.\"org_id\", i0.\"locale\", i0.\"timezone\", i0.\"notifications_enabled\", i0.\"created_at\", i0.\"updated_at\" FROM \"identity_user_settings\" AS i0 WHERE (i0.\"id\" = $1)"}, {GenServer, :call, [#PID<0.1909.0>, {:connect, #PID<0.1910.0>, [retry_interval: 60000, hibernate_after: 15000, partition_by: nil, concurrency_limit: 1, name: Nexus.EventStore, mapper: &Commanded.EventStore.Adapters.EventStore.Mapper.from_recorded_event/1, conn: Nexus.EventStore.Postgrex, event_store: Nexus.EventStore, query_timeout: 15000, schema: "event_store", serializer: Commanded.Serialization.JsonSerializer, stream_uuid: "$all", subscription_name: "Identity.Projectors.UserRegistrationProjector", start_from: 0]}, 5000]}}
23:09:57.687 [error] GenServer {Nexus.App.LocalRegistry, {Nexus.App, Commanded.Event.Handler, "Identity.Projectors.UserRegistrationProjector"}} terminating
** (stop) exited in: GenServer.call(#PID<0.1909.0>, {:connect, #PID<0.1910.0>, [retry_interval: 60000, hibernate_after: 15000, partition_by: nil, concurrency_limit: 1, name: Nexus.EventStore, mapper: &Commanded.EventStore.Adapters.EventStore.Mapper.from_recorded_event/1, conn: Nexus.EventStore.Postgrex, event_store: Nexus.EventStore, query_timeout: 15000, schema: "event_store", serializer: Commanded.Serialization.JsonSerializer, stream_uuid: "$all", subscription_name: "Identity.Projectors.UserRegistrationProjector", start_from: 0]}, 5000)
    ** (EXIT) %Postgrex.Error{message: nil, postgres: %{code: :undefined_column, line: "3721", message: "column i0.id does not exist", position: "8", file: "parse_relation.c", unknown: "ERROR", severity: "ERROR", pg_code: "42703", routine: "errorMissingColumn"}, connection_id: 3157, query: "SELECT i0.\"id\", i0.\"user_id\", i0.\"org_id\", i0.\"locale\", i0.\"timezone\", i0.\"notifications_enabled\", i0.\"created_at\", i0.\"updated_at\" FROM \"identity_user_settings\" AS i0 WHERE (i0.\"id\" = $1)"}
    (elixir 1.19.5) lib/gen_server.ex:1142: GenServer.call/3
    (commanded 1.4.9) lib/commanded/event_store.ex:289: anonymous fn/2 in Commanded.EventStore.span/3
    (telemetry 1.3.0) /Users/bernard/dev/nexus/deps/telemetry/src/telemetry.erl:324: :telemetry.span/3
    (commanded 1.4.9) lib/commanded/event_store/subscription.ex:58: Commanded.EventStore.Subscription.subscribe/2
    (commanded 1.4.9) lib/commanded/event/handler.ex:1024: Commanded.Event.Handler.subscribe_to_events/1
    (commanded 1.4.9) lib/commanded/event/handler.ex:887: Commanded.Event.Handler.handle_continue/2
    (stdlib 7.1) gen_server.erl:2424: :gen_server.try_handle_continue/3
    (stdlib 7.1) gen_server.erl:2291: :gen_server.loop/4
    (stdlib 7.1) proc_lib.erl:333: :proc_lib.init_p_do_apply/3
Last message: {:continue, :subscribe_to_events}
State: %Commanded.Event.Handler{application: Nexus.App, consistency: :strong, handler_callback: :event, handler_name: "Identity.Projectors.UserRegistrationProjector", handler_module: Nexus.Identity.Projectors.UserRegistrationProjector, handler_state: nil, last_seen_event: nil, subscription: %Commanded.EventStore.Subscription{application: Nexus.App, backoff: {:backoff, 1000, 60000, 1000, :jitter, :undefined, :undefined}, concurrency: 1, partition_by: nil, subscribe_to: :all, subscribe_from: :origin, subscription_name: "Identity.Projectors.UserRegistrationProjector", subscription_opts: [], subscription_pid: nil, subscription_ref: nil}, subscribe_timer: nil}
23:09:57.688 [debug] Subscription "Identity.Projectors.UserRegistrationProjector"@"$all" attempting to connect subscriber #PID<0.1911.0>
23:09:57.689 [debug] Subscription "Identity.Projectors.UserRegistrationProjector"@"$all" catching-up
23:09:57.689 [debug] Nexus.Identity.Projectors.UserRegistrationProjector has successfully subscribed to event store
23:09:57.703 [debug] Nexus.Identity.Projectors.UserRegistrationProjector received events: [%Commanded.EventStore.RecordedEvent{event_id: "282ec866-f518-44ed-95f6-7a535d6c3e25", event_number: 11262, stream_id: "019d0c26-0b00-74a0-bd6d-48329cf61a57", stream_version: 1, causation_id: "d64809a4-8402-4360-8536-99b7a0f860ca", correlation_id: "e0f4b4bb-483c-4914-aaaa-956d1587d67e", event_type: "Elixir.Nexus.Identity.Events.UserRegistered", data: %Nexus.Identity.Events.UserRegistered{user_id: "019d0c26-0b00-74a0-bd6d-48329cf61a57", org_id: "019d0c26-0b00-74a0-8884-24b7b734f296", email: "test@example.com", role: "system_admin", cose_key: "Ym9vdHN0cmFwX2Nvc2Vfa2V5", credential_id: "Ym9vdHN0cmFwX2NyZWRlbnRpYWxfaWQ=", registered_at: "2026-03-20T16:48:33.024173Z", display_name: "Test User", status: "active"}, created_at: ~U[2026-03-20 16:48:33.025211Z], metadata: %{"causation_id" => "019d0c26-0b00-71d0-a1d2-041f55e92cfc", "correlation_id" => "019d0c26-0b00-71d0-a1d2-041f55e92cfc"}}]
23:09:57.703 [debug] QUERY OK db=0.2ms
begin []
23:09:57.704 [debug] QUERY OK source="projection_versions" db=0.2ms
INSERT INTO "projection_versions" AS p0 ("projection_name","last_seen_event_number","inserted_at","updated_at") VALUES ($1,$2,$3,$4) ON CONFLICT ("projection_name") DO UPDATE SET "last_seen_event_number" = $5 WHERE ((p0."projection_name" = $6) AND (p0."last_seen_event_number" < $7)) ["Identity.Projectors.UserRegistrationProjector", 11262, ~N[2026-03-20 23:09:57.703963], ~N[2026-03-20 23:09:57.703963], 11262, "Identity.Projectors.UserRegistrationProjector", 11262]
23:09:57.704 [debug] QUERY OK source="users" db=0.1ms
SELECT u0."id", u0."org_id", u0."email", u0."display_name", u0."status", u0."cose_key", u0."credential_id", u0."roles", u0."created_at", u0."updated_at" FROM "users" AS u0 WHERE (u0."id" = $1) ["019d0c26-0b00-74a0-bd6d-48329cf61a57"]
23:09:57.704 [debug] QUERY OK source="users" db=0.1ms
SELECT u0."id", u0."org_id", u0."email", u0."display_name", u0."status", u0."cose_key", u0."credential_id", u0."roles", u0."created_at", u0."updated_at" FROM "users" AS u0 WHERE (u0."email" = $1) ["test@example.com"]
23:09:57.704 [debug] QUERY OK source="users" db=0.1ms
INSERT INTO "users" ("id","status","org_id","email","display_name","roles","cose_key","credential_id","created_at","updated_at") VALUES ($1,$2,$3,$4,$5,$6,$7,$8,$9,$10) ["019d0c26-0b00-74a0-bd6d-48329cf61a57", "active", "019d0c26-0b00-74a0-8884-24b7b734f296", "test@example.com", "Test User", ["system_admin"], "bootstrap_cose_key", "bootstrap_credential_id", ~U[2026-03-20 23:09:57.704624Z], ~U[2026-03-20 23:09:57.704624Z]]
23:09:57.705 [debug] QUERY ERROR source="identity_user_settings" db=0.0ms
SELECT i0."id", i0."user_id", i0."org_id", i0."locale", i0."timezone", i0."notifications_enabled", i0."created_at", i0."updated_at" FROM "identity_user_settings" AS i0 WHERE (i0."id" = $1) ["019d0c26-0b00-74a0-bd6d-48329cf61a57"]
23:09:57.705 [debug] QUERY OK db=0.1ms
rollback []
23:09:57.706 [error] Nexus.Identity.Projectors.UserRegistrationProjector failed to handle event:
%Commanded.EventStore.RecordedEvent{
  event_id: "282ec866-f518-44ed-95f6-7a535d6c3e25",
  event_number: 11262,
  stream_id: "019d0c26-0b00-74a0-bd6d-48329cf61a57",
  stream_version: 1,
  causation_id: "d64809a4-8402-4360-8536-99b7a0f860ca",
  correlation_id: "e0f4b4bb-483c-4914-aaaa-956d1587d67e",
  event_type: "Elixir.Nexus.Identity.Events.UserRegistered",
  data: %Nexus.Identity.Events.UserRegistered{
    user_id: "019d0c26-0b00-74a0-bd6d-48329cf61a57",
    org_id: "019d0c26-0b00-74a0-8884-24b7b734f296",
    email: "test@example.com",
    role: "system_admin",
    cose_key: "Ym9vdHN0cmFwX2Nvc2Vfa2V5",
    credential_id: "Ym9vdHN0cmFwX2NyZWRlbnRpYWxfaWQ=",
    registered_at: "2026-03-20T16:48:33.024173Z",
    display_name: "Test User",
    status: "active"
  },
  created_at: ~U[2026-03-20 16:48:33.025211Z],
  metadata: %{
    "causation_id" => "019d0c26-0b00-71d0-a1d2-041f55e92cfc",
    "correlation_id" => "019d0c26-0b00-71d0-a1d2-041f55e92cfc"
  }
}, due to:
** (Postgrex.Error) ERROR 42703 (undefined_column) column i0.id does not exist

    query: SELECT i0."id", i0."user_id", i0."org_id", i0."locale", i0."timezone", i0."notifications_enabled", i0."created_at", i0."updated_at" FROM "identity_user_settings" AS i0 WHERE (i0."id" = $1)
    (ecto_sql 3.13.4) lib/ecto/adapters/sql.ex:1113: Ecto.Adapters.SQL.raise_sql_call_error/1
    (ecto_sql 3.13.4) lib/ecto/adapters/sql.ex:1011: Ecto.Adapters.SQL.execute/6
    (ecto 3.13.5) lib/ecto/repo/queryable.ex:241: Ecto.Repo.Queryable.execute/4
    (ecto 3.13.5) lib/ecto/repo/queryable.ex:19: Ecto.Repo.Queryable.all/3
    (ecto 3.13.5) lib/ecto/repo/queryable.ex:163: Ecto.Repo.Queryable.one/3
    (nexus 0.1.0) lib/nexus/identity/projectors/user_registration_projector.ex:53: anonymous fn/3 in Nexus.Identity.Projectors.UserRegistrationProjector.project_registration/3
    (ecto 3.13.5) lib/ecto/multi.ex:905: Ecto.Multi.apply_operation/5
    (elixir 1.19.5) lib/enum.ex:2520: Enum."-reduce/3-lists^foldl/2-0-"/3
    (ecto 3.13.5) lib/ecto/multi.ex:878: anonymous fn/5 in Ecto.Multi.apply_operations/5
    (ecto_sql 3.13.4) lib/ecto/adapters/sql.ex:1473: anonymous fn/3 in Ecto.Adapters.SQL.checkout_or_transaction/4
    (db_connection 2.9.0) lib/db_connection.ex:1747: DBConnection.run_transaction/4
    (ecto 3.13.5) lib/ecto/repo/transaction.ex:30: Ecto.Repo.Transaction.transact/4
    (nexus 0.1.0) deps/commanded_ecto_projections/lib/projections/ecto.ex:97: Nexus.Identity.Projectors.UserRegistrationProjector.update_projection/3
    (commanded 1.4.9) lib/commanded/event/handler.ex:1221: Commanded.Event.Handler.delegate_event_to_handler/2
    (commanded 1.4.9) lib/commanded/event/handler.ex:1062: Commanded.Event.Handler.handle_event/3
    (elixir 1.19.5) lib/enum.ex:2520: Enum."-reduce/3-lists^foldl/2-0-"/3
    (commanded 1.4.9) lib/commanded/event/handler.ex:969: Commanded.Event.Handler.handle_info/2
    (stdlib 7.1) gen_server.erl:2434: :gen_server.try_handle_info/3
    (stdlib 7.1) gen_server.erl:2420: :gen_server.handle_msg/3
    (stdlib 7.1) proc_lib.erl:333: :proc_lib.init_p_do_apply/3

23:09:57.706 [warning] Nexus.Identity.Projectors.UserRegistrationProjector has requested to stop: %Postgrex.Error{message: nil, postgres: %{code: :undefined_column, line: "3721", message: "column i0.id does not exist", position: "8", file: "parse_relation.c", unknown: "ERROR", severity: "ERROR", pg_code: "42703", routine: "errorMissingColumn"}, connection_id: 3157, query: "SELECT i0.\"id\", i0.\"user_id\", i0.\"org_id\", i0.\"locale\", i0.\"timezone\", i0.\"notifications_enabled\", i0.\"created_at\", i0.\"updated_at\" FROM \"identity_user_settings\" AS i0 WHERE (i0.\"id\" = $1)"}
23:09:57.706 [debug] Nexus.Identity.Projectors.UserRegistrationProjector is shutting down due to %Postgrex.Error{message: nil, postgres: %{code: :undefined_column, line: "3721", message: "column i0.id does not exist", position: "8", file: "parse_relation.c", unknown: "ERROR", severity: "ERROR", pg_code: "42703", routine: "errorMissingColumn"}, connection_id: 3157, query: "SELECT i0.\"id\", i0.\"user_id\", i0.\"org_id\", i0.\"locale\", i0.\"timezone\", i0.\"notifications_enabled\", i0.\"created_at\", i0.\"updated_at\" FROM \"identity_user_settings\" AS i0 WHERE (i0.\"id\" = $1)"}
23:09:57.706 [error] GenServer {Nexus.App.LocalRegistry, {Nexus.App, Commanded.Event.Handler, "Identity.Projectors.UserRegistrationProjector"}} terminating
** (stop) %Postgrex.Error{message: nil, postgres: %{code: :undefined_column, line: "3721", message: "column i0.id does not exist", position: "8", file: "parse_relation.c", unknown: "ERROR", severity: "ERROR", pg_code: "42703", routine: "errorMissingColumn"}, connection_id: 3157, query: "SELECT i0.\"id\", i0.\"user_id\", i0.\"org_id\", i0.\"locale\", i0.\"timezone\", i0.\"notifications_enabled\", i0.\"created_at\", i0.\"updated_at\" FROM \"identity_user_settings\" AS i0 WHERE (i0.\"id\" = $1)"}
Last message: {:events, [%Commanded.EventStore.RecordedEvent{event_id: "282ec866-f518-44ed-95f6-7a535d6c3e25", event_number: 11262, stream_id: "019d0c26-0b00-74a0-bd6d-48329cf61a57", stream_version: 1, causation_id: "d64809a4-8402-4360-8536-99b7a0f860ca", correlation_id: "e0f4b4bb-483c-4914-aaaa-956d1587d67e", event_type: "Elixir.Nexus.Identity.Events.UserRegistered", data: %Nexus.Identity.Events.UserRegistered{user_id: "019d0c26-0b00-74a0-bd6d-48329cf61a57", org_id: "019d0c26-0b00-74a0-8884-24b7b734f296", email: "test@example.com", role: "system_admin", cose_key: "Ym9vdHN0cmFwX2Nvc2Vfa2V5", credential_id: "Ym9vdHN0cmFwX2NyZWRlbnRpYWxfaWQ=", registered_at: "2026-03-20T16:48:33.024173Z", display_name: "Test User", status: "active"}, created_at: ~U[2026-03-20 16:48:33.025211Z], metadata: %{"causation_id" => "019d0c26-0b00-71d0-a1d2-041f55e92cfc", "correlation_id" => "019d0c26-0b00-71d0-a1d2-041f55e92cfc"}}]}
State: %Commanded.Event.Handler{application: Nexus.App, consistency: :strong, handler_callback: :event, handler_name: "Identity.Projectors.UserRegistrationProjector", handler_module: Nexus.Identity.Projectors.UserRegistrationProjector, handler_state: nil, last_seen_event: nil, subscription: %Commanded.EventStore.Subscription{application: Nexus.App, backoff: {:backoff, 1000, 60000, 1000, :jitter, :undefined, :undefined}, concurrency: 1, partition_by: nil, subscribe_to: :all, subscribe_from: :origin, subscription_name: "Identity.Projectors.UserRegistrationProjector", subscription_opts: [], subscription_pid: #PID<0.1912.0>, subscription_ref: #Reference<0.504251661.3394502658.58381>}, subscribe_timer: nil}
23:09:57.706 [debug] Subscription "Identity.Projectors.UserRegistrationProjector"@"$all" subscriber #PID<0.1911.0> down due to: %Postgrex.Error{message: nil, postgres: %{code: :undefined_column, line: "3721", message: "column i0.id does not exist", position: "8", file: "parse_relation.c", unknown: "ERROR", severity: "ERROR", pg_code: "42703", routine: "errorMissingColumn"}, connection_id: 3157, query: "SELECT i0.\"id\", i0.\"user_id\", i0.\"org_id\", i0.\"locale\", i0.\"timezone\", i0.\"notifications_enabled\", i0.\"created_at\", i0.\"updated_at\" FROM \"identity_user_settings\" AS i0 WHERE (i0.\"id\" = $1)"}
23:09:57.706 [debug] Subscription "Identity.Projectors.UserRegistrationProjector"@"$all" has no subscribers, shutting down
23:09:57.706 [error] GenServer {Nexus.EventStore.EventStore.Subscriptions.Registry, {"$all", "Identity.Projectors.UserRegistrationProjector"}} terminating
** (stop) %Postgrex.Error{message: nil, postgres: %{code: :undefined_column, line: "3721", message: "column i0.id does not exist", position: "8", file: "parse_relation.c", unknown: "ERROR", severity: "ERROR", pg_code: "42703", routine: "errorMissingColumn"}, connection_id: 3157, query: "SELECT i0.\"id\", i0.\"user_id\", i0.\"org_id\", i0.\"locale\", i0.\"timezone\", i0.\"notifications_enabled\", i0.\"created_at\", i0.\"updated_at\" FROM \"identity_user_settings\" AS i0 WHERE (i0.\"id\" = $1)"}
Last message: {:DOWN, #Reference<0.504251661.3394502658.58376>, :process, #PID<0.1911.0>, %Postgrex.Error{message: nil, postgres: %{code: :undefined_column, line: "3721", message: "column i0.id does not exist", position: "8", file: "parse_relation.c", unknown: "ERROR", severity: "ERROR", pg_code: "42703", routine: "errorMissingColumn"}, connection_id: 3157, query: "SELECT i0.\"id\", i0.\"user_id\", i0.\"org_id\", i0.\"locale\", i0.\"timezone\", i0.\"notifications_enabled\", i0.\"created_at\", i0.\"updated_at\" FROM \"identity_user_settings\" AS i0 WHERE (i0.\"id\" = $1)"}}
State: %EventStore.Subscriptions.Subscription{stream_uuid: "$all", subscription_name: "Identity.Projectors.UserRegistrationProjector", subscription: %EventStore.Subscriptions.SubscriptionFsm{state: :unsubscribed, data: %EventStore.Subscriptions.SubscriptionState{conn: Nexus.EventStore.Postgrex, event_store: Nexus.EventStore, serializer: Commanded.Serialization.JsonSerializer, schema: "event_store", stream_uuid: "$all", start_from: 0, subscription_name: "Identity.Projectors.UserRegistrationProjector", subscription_id: 405, selector: nil, mapper: &Commanded.EventStore.Adapters.EventStore.Mapper.from_recorded_event/1, max_size: 1000, partition_by: nil, query_timeout: 15000, lock_ref: #Reference<0.504251661.3394502657.103976>, last_received: 12197, last_sent: 11262, last_ack: 11261, queue_size: 936, buffer_size: 1, checkpoint_after: 0, checkpoint_threshold: 1, checkpoint_timer_ref: nil, checkpoints_pending: 0, subscribers: %{}, partitions: %{nil: {[%EventStore.RecordedEvent{event_number: 12197, event_id: "1090d0fa-e811-4476-b333-0ecde47df19b", stream_uuid: "7f9d61e3-4ddb-4a45-9632-c9b4e8e37a26", stream_version: 1, correlation_id: "95c6a40b-6222-41f9-98d5-3e8c238cd512", causation_id: "cafcad9f-48b9-4455-9cc5-59cc5c81305c", event_type: "Elixir.Nexus.Identity.Events.UserRegistered", data: %Nexus.Identity.Events.UserRegistered{user_id: "7f9d61e3-4ddb-4a45-9632-c9b4e8e37a26", org_id: "a136c24b-09d3-44e5-b654-62c6eb3563d2", email: "test@example.com", role: "admin", cose_key: "dummy", credential_id: "dummy", registered_at: "2026-03-20T23:09:57.291719Z", display_name: "Test User", status: "active"}, metadata: %{"causation_id" => "019d0d83-3aab-7cfc-b64f-9c138c365c71", "correlation_id" => "019d0d83-3aab-7cfc-b64f-9c138c365c71"}, created_at: ~U[2026-03-20 23:09:57.294271Z]}, %EventStore.RecordedEvent{event_number: 12196, event_id: "51ed3aa0-2b4d-4f9e-bb88-d9b7471414a0", stream_uuid: "a6d32835-04fe-47c3-93c7-50750f4c0025", stream_version: 2, correlation_id: "fb342b99-3477-4551-974c-9a74331120b4", causation_id: "e22481cf-a9ef-4153-a77b-9a91fcb9b83b", event_type: "Elixir.Nexus.Identity.Events.SessionExpired", data: %Nexus.Identity.Events.SessionExpired{org_id: "aefc3981-97e0-4a44-a442-807e9d7b3892", user_id: "a6d32835-04fe-47c3-93c7-50750f4c0025", session_id: "87180336-fdab-415d-a0c7-23fd23f136a9", expired_at: "2026-03-20T23:09:56.784404Z"}, metadata: %{"causation_id" => "019d0d83-38b1-75a5-8e13-bbe0bed9ff21", "correlation_id" => "019d0d83-38b1-75a5-8e13-bbe0bed9ff21"}, created_at: ~U[2026-03-20 23:09:56.786169Z]}, %EventStore.RecordedEvent{event_number: 12195, event_id: "63cf0cf3-679d-4adb-a5fc-1b7c8cdfe448", stream_uuid: "a6d32835-04fe-47c3-93c7-50750f4c0025", stream_version: 1, correlation_id: "4b130646-5380-41f3-b6df-9abfd1ed0d92", causation_id: "0f27ee9d-27db-4e8b-8f2d-6a8556a5e9d4", event_type: "Elixir.Nexus.Identity.Events.UserRegistered", data: %Nexus.Identity.Events.UserRegistered{user_id: "a6d32835-04fe-47c3-93c7-50750f4c0025", org_id: "aefc3981-97e0-4a44-a442-807e9d7b3892", email: "test@example.com", role: "admin", cose_key: "dummy", credential_id: "dummy", registered_at: "2026-03-20T23:09:56.579831Z", display_name: "Test User", status: "active"}, metadata: %{"causation_id" => "019d0d83-37e3-7671-991d-f18a42a53090", "correlation_id" => "019d0d83-37e3-7671-991d-f18a42a53090"}, created_at: ~U[2026-03-20 23:09:56.581065Z]}, %EventStore.RecordedEvent{event_number: 12194, event_id: "3f8f3cbc-ea72-45a7-ab6d-12a43da50245", stream_uuid: "e55da693-c009-4afd-a56e-9b4ab3975acc", stream_version: 2, correlation_id: "e5500f71-9103-4737-8991-5eb165815e23", causation_id: "633094f8-6986-459b-9416-072dd0187fd9", ...}, ...], ...}}, ...}}, ...}
23:09:57.706 [debug] Nexus.Identity.Projectors.UserRegistrationProjector is shutting down due to {%Postgrex.Error{message: nil, postgres: %{code: :undefined_column, line: "3721", message: "column i0.id does not exist", position: "8", file: "parse_relation.c", unknown: "ERROR", severity: "ERROR", pg_code: "42703", routine: "errorMissingColumn"}, connection_id: 3157, query: "SELECT i0.\"id\", i0.\"user_id\", i0.\"org_id\", i0.\"locale\", i0.\"timezone\", i0.\"notifications_enabled\", i0.\"created_at\", i0.\"updated_at\" FROM \"identity_user_settings\" AS i0 WHERE (i0.\"id\" = $1)"}, {GenServer, :call, [#PID<0.1912.0>, {:connect, #PID<0.1913.0>, [retry_interval: 60000, hibernate_after: 15000, partition_by: nil, concurrency_limit: 1, name: Nexus.EventStore, mapper: &Commanded.EventStore.Adapters.EventStore.Mapper.from_recorded_event/1, conn: Nexus.EventStore.Postgrex, event_store: Nexus.EventStore, query_timeout: 15000, schema: "event_store", serializer: Commanded.Serialization.JsonSerializer, stream_uuid: "$all", subscription_name: "Identity.Projectors.UserRegistrationProjector", start_from: 0]}, 5000]}}
23:09:57.707 [error] GenServer {Nexus.App.LocalRegistry, {Nexus.App, Commanded.Event.Handler, "Identity.Projectors.UserRegistrationProjector"}} terminating
** (stop) exited in: GenServer.call(#PID<0.1912.0>, {:connect, #PID<0.1913.0>, [retry_interval: 60000, hibernate_after: 15000, partition_by: nil, concurrency_limit: 1, name: Nexus.EventStore, mapper: &Commanded.EventStore.Adapters.EventStore.Mapper.from_recorded_event/1, conn: Nexus.EventStore.Postgrex, event_store: Nexus.EventStore, query_timeout: 15000, schema: "event_store", serializer: Commanded.Serialization.JsonSerializer, stream_uuid: "$all", subscription_name: "Identity.Projectors.UserRegistrationProjector", start_from: 0]}, 5000)
    ** (EXIT) %Postgrex.Error{message: nil, postgres: %{code: :undefined_column, line: "3721", message: "column i0.id does not exist", position: "8", file: "parse_relation.c", unknown: "ERROR", severity: "ERROR", pg_code: "42703", routine: "errorMissingColumn"}, connection_id: 3157, query: "SELECT i0.\"id\", i0.\"user_id\", i0.\"org_id\", i0.\"locale\", i0.\"timezone\", i0.\"notifications_enabled\", i0.\"created_at\", i0.\"updated_at\" FROM \"identity_user_settings\" AS i0 WHERE (i0.\"id\" = $1)"}
    (elixir 1.19.5) lib/gen_server.ex:1142: GenServer.call/3
    (commanded 1.4.9) lib/commanded/event_store.ex:289: anonymous fn/2 in Commanded.EventStore.span/3
    (telemetry 1.3.0) /Users/bernard/dev/nexus/deps/telemetry/src/telemetry.erl:324: :telemetry.span/3
    (commanded 1.4.9) lib/commanded/event_store/subscription.ex:58: Commanded.EventStore.Subscription.subscribe/2
    (commanded 1.4.9) lib/commanded/event/handler.ex:1024: Commanded.Event.Handler.subscribe_to_events/1
    (commanded 1.4.9) lib/commanded/event/handler.ex:887: Commanded.Event.Handler.handle_continue/2
    (stdlib 7.1) gen_server.erl:2424: :gen_server.try_handle_continue/3
    (stdlib 7.1) gen_server.erl:2291: :gen_server.loop/4
    (stdlib 7.1) proc_lib.erl:333: :proc_lib.init_p_do_apply/3
Last message: {:continue, :subscribe_to_events}
State: %Commanded.Event.Handler{application: Nexus.App, consistency: :strong, handler_callback: :event, handler_name: "Identity.Projectors.UserRegistrationProjector", handler_module: Nexus.Identity.Projectors.UserRegistrationProjector, handler_state: nil, last_seen_event: nil, subscription: %Commanded.EventStore.Subscription{application: Nexus.App, backoff: {:backoff, 1000, 60000, 1000, :jitter, :undefined, :undefined}, concurrency: 1, partition_by: nil, subscribe_to: :all, subscribe_from: :origin, subscription_name: "Identity.Projectors.UserRegistrationProjector", subscription_opts: [], subscription_pid: nil, subscription_ref: nil}, subscribe_timer: nil}
23:09:57.707 [debug] Subscription "Identity.Projectors.UserRegistrationProjector"@"$all" attempting to connect subscriber #PID<0.1914.0>
23:09:57.708 [debug] Subscription "Identity.Projectors.UserRegistrationProjector"@"$all" catching-up
23:09:57.708 [debug] Nexus.Identity.Projectors.UserRegistrationProjector has successfully subscribed to event store
23:09:57.724 [debug] Nexus.Identity.Projectors.UserRegistrationProjector received events: [%Commanded.EventStore.RecordedEvent{event_id: "282ec866-f518-44ed-95f6-7a535d6c3e25", event_number: 11262, stream_id: "019d0c26-0b00-74a0-bd6d-48329cf61a57", stream_version: 1, causation_id: "d64809a4-8402-4360-8536-99b7a0f860ca", correlation_id: "e0f4b4bb-483c-4914-aaaa-956d1587d67e", event_type: "Elixir.Nexus.Identity.Events.UserRegistered", data: %Nexus.Identity.Events.UserRegistered{user_id: "019d0c26-0b00-74a0-bd6d-48329cf61a57", org_id: "019d0c26-0b00-74a0-8884-24b7b734f296", email: "test@example.com", role: "system_admin", cose_key: "Ym9vdHN0cmFwX2Nvc2Vfa2V5", credential_id: "Ym9vdHN0cmFwX2NyZWRlbnRpYWxfaWQ=", registered_at: "2026-03-20T16:48:33.024173Z", display_name: "Test User", status: "active"}, created_at: ~U[2026-03-20 16:48:33.025211Z], metadata: %{"causation_id" => "019d0c26-0b00-71d0-a1d2-041f55e92cfc", "correlation_id" => "019d0c26-0b00-71d0-a1d2-041f55e92cfc"}}]
23:09:57.725 [debug] QUERY OK db=0.1ms
begin []
23:09:57.725 [debug] QUERY OK source="projection_versions" db=0.1ms
INSERT INTO "projection_versions" AS p0 ("projection_name","last_seen_event_number","inserted_at","updated_at") VALUES ($1,$2,$3,$4) ON CONFLICT ("projection_name") DO UPDATE SET "last_seen_event_number" = $5 WHERE ((p0."projection_name" = $6) AND (p0."last_seen_event_number" < $7)) ["Identity.Projectors.UserRegistrationProjector", 11262, ~N[2026-03-20 23:09:57.725033], ~N[2026-03-20 23:09:57.725033], 11262, "Identity.Projectors.UserRegistrationProjector", 11262]
23:09:57.725 [debug] QUERY OK source="users" db=0.1ms
SELECT u0."id", u0."org_id", u0."email", u0."display_name", u0."status", u0."cose_key", u0."credential_id", u0."roles", u0."created_at", u0."updated_at" FROM "users" AS u0 WHERE (u0."id" = $1) ["019d0c26-0b00-74a0-bd6d-48329cf61a57"]
23:09:57.725 [debug] QUERY OK source="users" db=0.1ms
SELECT u0."id", u0."org_id", u0."email", u0."display_name", u0."status", u0."cose_key", u0."credential_id", u0."roles", u0."created_at", u0."updated_at" FROM "users" AS u0 WHERE (u0."email" = $1) ["test@example.com"]
23:09:57.725 [debug] QUERY OK source="users" db=0.1ms
INSERT INTO "users" ("id","status","org_id","email","display_name","roles","cose_key","credential_id","created_at","updated_at") VALUES ($1,$2,$3,$4,$5,$6,$7,$8,$9,$10) ["019d0c26-0b00-74a0-bd6d-48329cf61a57", "active", "019d0c26-0b00-74a0-8884-24b7b734f296", "test@example.com", "Test User", ["system_admin"], "bootstrap_cose_key", "bootstrap_credential_id", ~U[2026-03-20 23:09:57.725643Z], ~U[2026-03-20 23:09:57.725643Z]]
23:09:57.726 [debug] QUERY ERROR source="identity_user_settings" db=0.0ms
SELECT i0."id", i0."user_id", i0."org_id", i0."locale", i0."timezone", i0."notifications_enabled", i0."created_at", i0."updated_at" FROM "identity_user_settings" AS i0 WHERE (i0."id" = $1) ["019d0c26-0b00-74a0-bd6d-48329cf61a57"]
23:09:57.726 [debug] QUERY OK db=0.0ms
rollback []
23:09:57.727 [error] Nexus.Identity.Projectors.UserRegistrationProjector failed to handle event:
%Commanded.EventStore.RecordedEvent{
  event_id: "282ec866-f518-44ed-95f6-7a535d6c3e25",
  event_number: 11262,
  stream_id: "019d0c26-0b00-74a0-bd6d-48329cf61a57",
  stream_version: 1,
  causation_id: "d64809a4-8402-4360-8536-99b7a0f860ca",
  correlation_id: "e0f4b4bb-483c-4914-aaaa-956d1587d67e",
  event_type: "Elixir.Nexus.Identity.Events.UserRegistered",
  data: %Nexus.Identity.Events.UserRegistered{
    user_id: "019d0c26-0b00-74a0-bd6d-48329cf61a57",
    org_id: "019d0c26-0b00-74a0-8884-24b7b734f296",
    email: "test@example.com",
    role: "system_admin",
    cose_key: "Ym9vdHN0cmFwX2Nvc2Vfa2V5",
    credential_id: "Ym9vdHN0cmFwX2NyZWRlbnRpYWxfaWQ=",
    registered_at: "2026-03-20T16:48:33.024173Z",
    display_name: "Test User",
    status: "active"
  },
  created_at: ~U[2026-03-20 16:48:33.025211Z],
  metadata: %{
    "causation_id" => "019d0c26-0b00-71d0-a1d2-041f55e92cfc",
    "correlation_id" => "019d0c26-0b00-71d0-a1d2-041f55e92cfc"
  }
}, due to:
** (Postgrex.Error) ERROR 42703 (undefined_column) column i0.id does not exist

    query: SELECT i0."id", i0."user_id", i0."org_id", i0."locale", i0."timezone", i0."notifications_enabled", i0."created_at", i0."updated_at" FROM "identity_user_settings" AS i0 WHERE (i0."id" = $1)
    (ecto_sql 3.13.4) lib/ecto/adapters/sql.ex:1113: Ecto.Adapters.SQL.raise_sql_call_error/1
    (ecto_sql 3.13.4) lib/ecto/adapters/sql.ex:1011: Ecto.Adapters.SQL.execute/6
    (ecto 3.13.5) lib/ecto/repo/queryable.ex:241: Ecto.Repo.Queryable.execute/4
    (ecto 3.13.5) lib/ecto/repo/queryable.ex:19: Ecto.Repo.Queryable.all/3
    (ecto 3.13.5) lib/ecto/repo/queryable.ex:163: Ecto.Repo.Queryable.one/3
    (nexus 0.1.0) lib/nexus/identity/projectors/user_registration_projector.ex:53: anonymous fn/3 in Nexus.Identity.Projectors.UserRegistrationProjector.project_registration/3
    (ecto 3.13.5) lib/ecto/multi.ex:905: Ecto.Multi.apply_operation/5
    (elixir 1.19.5) lib/enum.ex:2520: Enum."-reduce/3-lists^foldl/2-0-"/3
    (ecto 3.13.5) lib/ecto/multi.ex:878: anonymous fn/5 in Ecto.Multi.apply_operations/5
    (ecto_sql 3.13.4) lib/ecto/adapters/sql.ex:1473: anonymous fn/3 in Ecto.Adapters.SQL.checkout_or_transaction/4
    (db_connection 2.9.0) lib/db_connection.ex:1747: DBConnection.run_transaction/4
    (ecto 3.13.5) lib/ecto/repo/transaction.ex:30: Ecto.Repo.Transaction.transact/4
    (nexus 0.1.0) deps/commanded_ecto_projections/lib/projections/ecto.ex:97: Nexus.Identity.Projectors.UserRegistrationProjector.update_projection/3
    (commanded 1.4.9) lib/commanded/event/handler.ex:1221: Commanded.Event.Handler.delegate_event_to_handler/2
    (commanded 1.4.9) lib/commanded/event/handler.ex:1062: Commanded.Event.Handler.handle_event/3
    (elixir 1.19.5) lib/enum.ex:2520: Enum."-reduce/3-lists^foldl/2-0-"/3
    (commanded 1.4.9) lib/commanded/event/handler.ex:969: Commanded.Event.Handler.handle_info/2
    (stdlib 7.1) gen_server.erl:2434: :gen_server.try_handle_info/3
    (stdlib 7.1) gen_server.erl:2420: :gen_server.handle_msg/3
    (stdlib 7.1) proc_lib.erl:333: :proc_lib.init_p_do_apply/3

23:09:57.727 [warning] Nexus.Identity.Projectors.UserRegistrationProjector has requested to stop: %Postgrex.Error{message: nil, postgres: %{code: :undefined_column, line: "3721", message: "column i0.id does not exist", position: "8", file: "parse_relation.c", unknown: "ERROR", severity: "ERROR", pg_code: "42703", routine: "errorMissingColumn"}, connection_id: 3157, query: "SELECT i0.\"id\", i0.\"user_id\", i0.\"org_id\", i0.\"locale\", i0.\"timezone\", i0.\"notifications_enabled\", i0.\"created_at\", i0.\"updated_at\" FROM \"identity_user_settings\" AS i0 WHERE (i0.\"id\" = $1)"}
23:09:57.727 [debug] Nexus.Identity.Projectors.UserRegistrationProjector is shutting down due to %Postgrex.Error{message: nil, postgres: %{code: :undefined_column, line: "3721", message: "column i0.id does not exist", position: "8", file: "parse_relation.c", unknown: "ERROR", severity: "ERROR", pg_code: "42703", routine: "errorMissingColumn"}, connection_id: 3157, query: "SELECT i0.\"id\", i0.\"user_id\", i0.\"org_id\", i0.\"locale\", i0.\"timezone\", i0.\"notifications_enabled\", i0.\"created_at\", i0.\"updated_at\" FROM \"identity_user_settings\" AS i0 WHERE (i0.\"id\" = $1)"}
23:09:57.727 [error] GenServer {Nexus.App.LocalRegistry, {Nexus.App, Commanded.Event.Handler, "Identity.Projectors.UserRegistrationProjector"}} terminating
** (stop) %Postgrex.Error{message: nil, postgres: %{code: :undefined_column, line: "3721", message: "column i0.id does not exist", position: "8", file: "parse_relation.c", unknown: "ERROR", severity: "ERROR", pg_code: "42703", routine: "errorMissingColumn"}, connection_id: 3157, query: "SELECT i0.\"id\", i0.\"user_id\", i0.\"org_id\", i0.\"locale\", i0.\"timezone\", i0.\"notifications_enabled\", i0.\"created_at\", i0.\"updated_at\" FROM \"identity_user_settings\" AS i0 WHERE (i0.\"id\" = $1)"}
Last message: {:events, [%Commanded.EventStore.RecordedEvent{event_id: "282ec866-f518-44ed-95f6-7a535d6c3e25", event_number: 11262, stream_id: "019d0c26-0b00-74a0-bd6d-48329cf61a57", stream_version: 1, causation_id: "d64809a4-8402-4360-8536-99b7a0f860ca", correlation_id: "e0f4b4bb-483c-4914-aaaa-956d1587d67e", event_type: "Elixir.Nexus.Identity.Events.UserRegistered", data: %Nexus.Identity.Events.UserRegistered{user_id: "019d0c26-0b00-74a0-bd6d-48329cf61a57", org_id: "019d0c26-0b00-74a0-8884-24b7b734f296", email: "test@example.com", role: "system_admin", cose_key: "Ym9vdHN0cmFwX2Nvc2Vfa2V5", credential_id: "Ym9vdHN0cmFwX2NyZWRlbnRpYWxfaWQ=", registered_at: "2026-03-20T16:48:33.024173Z", display_name: "Test User", status: "active"}, created_at: ~U[2026-03-20 16:48:33.025211Z], metadata: %{"causation_id" => "019d0c26-0b00-71d0-a1d2-041f55e92cfc", "correlation_id" => "019d0c26-0b00-71d0-a1d2-041f55e92cfc"}}]}
State: %Commanded.Event.Handler{application: Nexus.App, consistency: :strong, handler_callback: :event, handler_name: "Identity.Projectors.UserRegistrationProjector", handler_module: Nexus.Identity.Projectors.UserRegistrationProjector, handler_state: nil, last_seen_event: nil, subscription: %Commanded.EventStore.Subscription{application: Nexus.App, backoff: {:backoff, 1000, 60000, 1000, :jitter, :undefined, :undefined}, concurrency: 1, partition_by: nil, subscribe_to: :all, subscribe_from: :origin, subscription_name: "Identity.Projectors.UserRegistrationProjector", subscription_opts: [], subscription_pid: #PID<0.1915.0>, subscription_ref: #Reference<0.504251661.3394502658.58456>}, subscribe_timer: nil}
23:09:57.727 [debug] Subscription "Identity.Projectors.UserRegistrationProjector"@"$all" subscriber #PID<0.1914.0> down due to: %Postgrex.Error{message: nil, postgres: %{code: :undefined_column, line: "3721", message: "column i0.id does not exist", position: "8", file: "parse_relation.c", unknown: "ERROR", severity: "ERROR", pg_code: "42703", routine: "errorMissingColumn"}, connection_id: 3157, query: "SELECT i0.\"id\", i0.\"user_id\", i0.\"org_id\", i0.\"locale\", i0.\"timezone\", i0.\"notifications_enabled\", i0.\"created_at\", i0.\"updated_at\" FROM \"identity_user_settings\" AS i0 WHERE (i0.\"id\" = $1)"}
23:09:57.727 [debug] Subscription "Identity.Projectors.UserRegistrationProjector"@"$all" has no subscribers, shutting down
23:09:57.727 [error] GenServer {Nexus.EventStore.EventStore.Subscriptions.Registry, {"$all", "Identity.Projectors.UserRegistrationProjector"}} terminating
** (stop) %Postgrex.Error{message: nil, postgres: %{code: :undefined_column, line: "3721", message: "column i0.id does not exist", position: "8", file: "parse_relation.c", unknown: "ERROR", severity: "ERROR", pg_code: "42703", routine: "errorMissingColumn"}, connection_id: 3157, query: "SELECT i0.\"id\", i0.\"user_id\", i0.\"org_id\", i0.\"locale\", i0.\"timezone\", i0.\"notifications_enabled\", i0.\"created_at\", i0.\"updated_at\" FROM \"identity_user_settings\" AS i0 WHERE (i0.\"id\" = $1)"}
Last message: {:DOWN, #Reference<0.504251661.3394502657.104172>, :process, #PID<0.1914.0>, %Postgrex.Error{message: nil, postgres: %{code: :undefined_column, line: "3721", message: "column i0.id does not exist", position: "8", file: "parse_relation.c", unknown: "ERROR", severity: "ERROR", pg_code: "42703", routine: "errorMissingColumn"}, connection_id: 3157, query: "SELECT i0.\"id\", i0.\"user_id\", i0.\"org_id\", i0.\"locale\", i0.\"timezone\", i0.\"notifications_enabled\", i0.\"created_at\", i0.\"updated_at\" FROM \"identity_user_settings\" AS i0 WHERE (i0.\"id\" = $1)"}}
State: %EventStore.Subscriptions.Subscription{stream_uuid: "$all", subscription_name: "Identity.Projectors.UserRegistrationProjector", subscription: %EventStore.Subscriptions.SubscriptionFsm{state: :unsubscribed, data: %EventStore.Subscriptions.SubscriptionState{conn: Nexus.EventStore.Postgrex, event_store: Nexus.EventStore, serializer: Commanded.Serialization.JsonSerializer, schema: "event_store", stream_uuid: "$all", start_from: 0, subscription_name: "Identity.Projectors.UserRegistrationProjector", subscription_id: 405, selector: nil, mapper: &Commanded.EventStore.Adapters.EventStore.Mapper.from_recorded_event/1, max_size: 1000, partition_by: nil, query_timeout: 15000, lock_ref: #Reference<0.504251661.3394502657.104196>, last_received: 12197, last_sent: 11262, last_ack: 11261, queue_size: 936, buffer_size: 1, checkpoint_after: 0, checkpoint_threshold: 1, checkpoint_timer_ref: nil, checkpoints_pending: 0, subscribers: %{}, partitions: %{nil: {[%EventStore.RecordedEvent{event_number: 12197, event_id: "1090d0fa-e811-4476-b333-0ecde47df19b", stream_uuid: "7f9d61e3-4ddb-4a45-9632-c9b4e8e37a26", stream_version: 1, correlation_id: "95c6a40b-6222-41f9-98d5-3e8c238cd512", causation_id: "cafcad9f-48b9-4455-9cc5-59cc5c81305c", event_type: "Elixir.Nexus.Identity.Events.UserRegistered", data: %Nexus.Identity.Events.UserRegistered{user_id: "7f9d61e3-4ddb-4a45-9632-c9b4e8e37a26", org_id: "a136c24b-09d3-44e5-b654-62c6eb3563d2", email: "test@example.com", role: "admin", cose_key: "dummy", credential_id: "dummy", registered_at: "2026-03-20T23:09:57.291719Z", display_name: "Test User", status: "active"}, metadata: %{"causation_id" => "019d0d83-3aab-7cfc-b64f-9c138c365c71", "correlation_id" => "019d0d83-3aab-7cfc-b64f-9c138c365c71"}, created_at: ~U[2026-03-20 23:09:57.294271Z]}, %EventStore.RecordedEvent{event_number: 12196, event_id: "51ed3aa0-2b4d-4f9e-bb88-d9b7471414a0", stream_uuid: "a6d32835-04fe-47c3-93c7-50750f4c0025", stream_version: 2, correlation_id: "fb342b99-3477-4551-974c-9a74331120b4", causation_id: "e22481cf-a9ef-4153-a77b-9a91fcb9b83b", event_type: "Elixir.Nexus.Identity.Events.SessionExpired", data: %Nexus.Identity.Events.SessionExpired{org_id: "aefc3981-97e0-4a44-a442-807e9d7b3892", user_id: "a6d32835-04fe-47c3-93c7-50750f4c0025", session_id: "87180336-fdab-415d-a0c7-23fd23f136a9", expired_at: "2026-03-20T23:09:56.784404Z"}, metadata: %{"causation_id" => "019d0d83-38b1-75a5-8e13-bbe0bed9ff21", "correlation_id" => "019d0d83-38b1-75a5-8e13-bbe0bed9ff21"}, created_at: ~U[2026-03-20 23:09:56.786169Z]}, %EventStore.RecordedEvent{event_number: 12195, event_id: "63cf0cf3-679d-4adb-a5fc-1b7c8cdfe448", stream_uuid: "a6d32835-04fe-47c3-93c7-50750f4c0025", stream_version: 1, correlation_id: "4b130646-5380-41f3-b6df-9abfd1ed0d92", causation_id: "0f27ee9d-27db-4e8b-8f2d-6a8556a5e9d4", event_type: "Elixir.Nexus.Identity.Events.UserRegistered", data: %Nexus.Identity.Events.UserRegistered{user_id: "a6d32835-04fe-47c3-93c7-50750f4c0025", org_id: "aefc3981-97e0-4a44-a442-807e9d7b3892", email: "test@example.com", role: "admin", cose_key: "dummy", credential_id: "dummy", registered_at: "2026-03-20T23:09:56.579831Z", display_name: "Test User", status: "active"}, metadata: %{"causation_id" => "019d0d83-37e3-7671-991d-f18a42a53090", "correlation_id" => "019d0d83-37e3-7671-991d-f18a42a53090"}, created_at: ~U[2026-03-20 23:09:56.581065Z]}, %EventStore.RecordedEvent{event_number: 12194, event_id: "3f8f3cbc-ea72-45a7-ab6d-12a43da50245", stream_uuid: "e55da693-c009-4afd-a56e-9b4ab3975acc", stream_version: 2, correlation_id: "e5500f71-9103-4737-8991-5eb165815e23", causation_id: "633094f8-6986-459b-9416-072dd0187fd9", ...}, ...], ...}}, ...}}, ...}
23:09:57.727 [debug] Nexus.Identity.Projectors.UserRegistrationProjector is shutting down due to {%Postgrex.Error{message: nil, postgres: %{code: :undefined_column, line: "3721", message: "column i0.id does not exist", position: "8", file: "parse_relation.c", unknown: "ERROR", severity: "ERROR", pg_code: "42703", routine: "errorMissingColumn"}, connection_id: 3157, query: "SELECT i0.\"id\", i0.\"user_id\", i0.\"org_id\", i0.\"locale\", i0.\"timezone\", i0.\"notifications_enabled\", i0.\"created_at\", i0.\"updated_at\" FROM \"identity_user_settings\" AS i0 WHERE (i0.\"id\" = $1)"}, {GenServer, :call, [#PID<0.1915.0>, {:connect, #PID<0.1916.0>, [retry_interval: 60000, hibernate_after: 15000, partition_by: nil, concurrency_limit: 1, name: Nexus.EventStore, mapper: &Commanded.EventStore.Adapters.EventStore.Mapper.from_recorded_event/1, conn: Nexus.EventStore.Postgrex, event_store: Nexus.EventStore, query_timeout: 15000, schema: "event_store", serializer: Commanded.Serialization.JsonSerializer, stream_uuid: "$all", subscription_name: "Identity.Projectors.UserRegistrationProjector", start_from: 0]}, 5000]}}
23:09:57.727 [error] GenServer {Nexus.App.LocalRegistry, {Nexus.App, Commanded.Event.Handler, "Identity.Projectors.UserRegistrationProjector"}} terminating
** (stop) exited in: GenServer.call(#PID<0.1915.0>, {:connect, #PID<0.1916.0>, [retry_interval: 60000, hibernate_after: 15000, partition_by: nil, concurrency_limit: 1, name: Nexus.EventStore, mapper: &Commanded.EventStore.Adapters.EventStore.Mapper.from_recorded_event/1, conn: Nexus.EventStore.Postgrex, event_store: Nexus.EventStore, query_timeout: 15000, schema: "event_store", serializer: Commanded.Serialization.JsonSerializer, stream_uuid: "$all", subscription_name: "Identity.Projectors.UserRegistrationProjector", start_from: 0]}, 5000)
    ** (EXIT) %Postgrex.Error{message: nil, postgres: %{code: :undefined_column, line: "3721", message: "column i0.id does not exist", position: "8", file: "parse_relation.c", unknown: "ERROR", severity: "ERROR", pg_code: "42703", routine: "errorMissingColumn"}, connection_id: 3157, query: "SELECT i0.\"id\", i0.\"user_id\", i0.\"org_id\", i0.\"locale\", i0.\"timezone\", i0.\"notifications_enabled\", i0.\"created_at\", i0.\"updated_at\" FROM \"identity_user_settings\" AS i0 WHERE (i0.\"id\" = $1)"}
    (elixir 1.19.5) lib/gen_server.ex:1142: GenServer.call/3
    (commanded 1.4.9) lib/commanded/event_store.ex:289: anonymous fn/2 in Commanded.EventStore.span/3
    (telemetry 1.3.0) /Users/bernard/dev/nexus/deps/telemetry/src/telemetry.erl:324: :telemetry.span/3
    (commanded 1.4.9) lib/commanded/event_store/subscription.ex:58: Commanded.EventStore.Subscription.subscribe/2
    (commanded 1.4.9) lib/commanded/event/handler.ex:1024: Commanded.Event.Handler.subscribe_to_events/1
    (commanded 1.4.9) lib/commanded/event/handler.ex:887: Commanded.Event.Handler.handle_continue/2
    (stdlib 7.1) gen_server.erl:2424: :gen_server.try_handle_continue/3
    (stdlib 7.1) gen_server.erl:2291: :gen_server.loop/4
    (stdlib 7.1) proc_lib.erl:333: :proc_lib.init_p_do_apply/3
Last message: {:continue, :subscribe_to_events}
State: %Commanded.Event.Handler{application: Nexus.App, consistency: :strong, handler_callback: :event, handler_name: "Identity.Projectors.UserRegistrationProjector", handler_module: Nexus.Identity.Projectors.UserRegistrationProjector, handler_state: nil, last_seen_event: nil, subscription: %Commanded.EventStore.Subscription{application: Nexus.App, backoff: {:backoff, 1000, 60000, 1000, :jitter, :undefined, :undefined}, concurrency: 1, partition_by: nil, subscribe_to: :all, subscribe_from: :origin, subscription_name: "Identity.Projectors.UserRegistrationProjector", subscription_opts: [], subscription_pid: nil, subscription_ref: nil}, subscribe_timer: nil}
23:09:57.728 [debug] Subscription "Identity.Projectors.UserRegistrationProjector"@"$all" attempting to connect subscriber #PID<0.1917.0>
23:09:57.729 [debug] Subscription "Identity.Projectors.UserRegistrationProjector"@"$all" catching-up
23:09:57.729 [debug] Nexus.Identity.Projectors.UserRegistrationProjector has successfully subscribed to event store
23:09:57.740 [debug] Nexus.Identity.Projectors.UserRegistrationProjector received events: [%Commanded.EventStore.RecordedEvent{event_id: "282ec866-f518-44ed-95f6-7a535d6c3e25", event_number: 11262, stream_id: "019d0c26-0b00-74a0-bd6d-48329cf61a57", stream_version: 1, causation_id: "d64809a4-8402-4360-8536-99b7a0f860ca", correlation_id: "e0f4b4bb-483c-4914-aaaa-956d1587d67e", event_type: "Elixir.Nexus.Identity.Events.UserRegistered", data: %Nexus.Identity.Events.UserRegistered{user_id: "019d0c26-0b00-74a0-bd6d-48329cf61a57", org_id: "019d0c26-0b00-74a0-8884-24b7b734f296", email: "test@example.com", role: "system_admin", cose_key: "Ym9vdHN0cmFwX2Nvc2Vfa2V5", credential_id: "Ym9vdHN0cmFwX2NyZWRlbnRpYWxfaWQ=", registered_at: "2026-03-20T16:48:33.024173Z", display_name: "Test User", status: "active"}, created_at: ~U[2026-03-20 16:48:33.025211Z], metadata: %{"causation_id" => "019d0c26-0b00-71d0-a1d2-041f55e92cfc", "correlation_id" => "019d0c26-0b00-71d0-a1d2-041f55e92cfc"}}]
23:09:57.740 [debug] QUERY OK db=0.1ms
begin []
23:09:57.740 [debug] QUERY OK source="projection_versions" db=0.1ms
INSERT INTO "projection_versions" AS p0 ("projection_name","last_seen_event_number","inserted_at","updated_at") VALUES ($1,$2,$3,$4) ON CONFLICT ("projection_name") DO UPDATE SET "last_seen_event_number" = $5 WHERE ((p0."projection_name" = $6) AND (p0."last_seen_event_number" < $7)) ["Identity.Projectors.UserRegistrationProjector", 11262, ~N[2026-03-20 23:09:57.740645], ~N[2026-03-20 23:09:57.740645], 11262, "Identity.Projectors.UserRegistrationProjector", 11262]
23:09:57.741 [debug] QUERY OK source="users" db=0.1ms
SELECT u0."id", u0."org_id", u0."email", u0."display_name", u0."status", u0."cose_key", u0."credential_id", u0."roles", u0."created_at", u0."updated_at" FROM "users" AS u0 WHERE (u0."id" = $1) ["019d0c26-0b00-74a0-bd6d-48329cf61a57"]
23:09:57.741 [debug] QUERY OK source="users" db=0.1ms
SELECT u0."id", u0."org_id", u0."email", u0."display_name", u0."status", u0."cose_key", u0."credential_id", u0."roles", u0."created_at", u0."updated_at" FROM "users" AS u0 WHERE (u0."email" = $1) ["test@example.com"]
23:09:57.741 [debug] QUERY OK source="users" db=0.2ms
INSERT INTO "users" ("id","status","org_id","email","display_name","roles","cose_key","credential_id","created_at","updated_at") VALUES ($1,$2,$3,$4,$5,$6,$7,$8,$9,$10) ["019d0c26-0b00-74a0-bd6d-48329cf61a57", "active", "019d0c26-0b00-74a0-8884-24b7b734f296", "test@example.com", "Test User", ["system_admin"], "bootstrap_cose_key", "bootstrap_credential_id", ~U[2026-03-20 23:09:57.741258Z], ~U[2026-03-20 23:09:57.741258Z]]
23:09:57.741 [debug] QUERY ERROR source="identity_user_settings" db=0.0ms
SELECT i0."id", i0."user_id", i0."org_id", i0."locale", i0."timezone", i0."notifications_enabled", i0."created_at", i0."updated_at" FROM "identity_user_settings" AS i0 WHERE (i0."id" = $1) ["019d0c26-0b00-74a0-bd6d-48329cf61a57"]
23:09:57.742 [debug] QUERY OK db=0.1ms
rollback []
23:09:57.743 [error] Nexus.Identity.Projectors.UserRegistrationProjector failed to handle event:
%Commanded.EventStore.RecordedEvent{
  event_id: "282ec866-f518-44ed-95f6-7a535d6c3e25",
  event_number: 11262,
  stream_id: "019d0c26-0b00-74a0-bd6d-48329cf61a57",
  stream_version: 1,
  causation_id: "d64809a4-8402-4360-8536-99b7a0f860ca",
  correlation_id: "e0f4b4bb-483c-4914-aaaa-956d1587d67e",
  event_type: "Elixir.Nexus.Identity.Events.UserRegistered",
  data: %Nexus.Identity.Events.UserRegistered{
    user_id: "019d0c26-0b00-74a0-bd6d-48329cf61a57",
    org_id: "019d0c26-0b00-74a0-8884-24b7b734f296",
    email: "test@example.com",
    role: "system_admin",
    cose_key: "Ym9vdHN0cmFwX2Nvc2Vfa2V5",
    credential_id: "Ym9vdHN0cmFwX2NyZWRlbnRpYWxfaWQ=",
    registered_at: "2026-03-20T16:48:33.024173Z",
    display_name: "Test User",
    status: "active"
  },
  created_at: ~U[2026-03-20 16:48:33.025211Z],
  metadata: %{
    "causation_id" => "019d0c26-0b00-71d0-a1d2-041f55e92cfc",
    "correlation_id" => "019d0c26-0b00-71d0-a1d2-041f55e92cfc"
  }
}, due to:
** (Postgrex.Error) ERROR 42703 (undefined_column) column i0.id does not exist

    query: SELECT i0."id", i0."user_id", i0."org_id", i0."locale", i0."timezone", i0."notifications_enabled", i0."created_at", i0."updated_at" FROM "identity_user_settings" AS i0 WHERE (i0."id" = $1)
    (ecto_sql 3.13.4) lib/ecto/adapters/sql.ex:1113: Ecto.Adapters.SQL.raise_sql_call_error/1
    (ecto_sql 3.13.4) lib/ecto/adapters/sql.ex:1011: Ecto.Adapters.SQL.execute/6
    (ecto 3.13.5) lib/ecto/repo/queryable.ex:241: Ecto.Repo.Queryable.execute/4
    (ecto 3.13.5) lib/ecto/repo/queryable.ex:19: Ecto.Repo.Queryable.all/3
    (ecto 3.13.5) lib/ecto/repo/queryable.ex:163: Ecto.Repo.Queryable.one/3
    (nexus 0.1.0) lib/nexus/identity/projectors/user_registration_projector.ex:53: anonymous fn/3 in Nexus.Identity.Projectors.UserRegistrationProjector.project_registration/3
    (ecto 3.13.5) lib/ecto/multi.ex:905: Ecto.Multi.apply_operation/5
    (elixir 1.19.5) lib/enum.ex:2520: Enum."-reduce/3-lists^foldl/2-0-"/3
    (ecto 3.13.5) lib/ecto/multi.ex:878: anonymous fn/5 in Ecto.Multi.apply_operations/5
    (ecto_sql 3.13.4) lib/ecto/adapters/sql.ex:1473: anonymous fn/3 in Ecto.Adapters.SQL.checkout_or_transaction/4
    (db_connection 2.9.0) lib/db_connection.ex:1747: DBConnection.run_transaction/4
    (ecto 3.13.5) lib/ecto/repo/transaction.ex:30: Ecto.Repo.Transaction.transact/4
    (nexus 0.1.0) deps/commanded_ecto_projections/lib/projections/ecto.ex:97: Nexus.Identity.Projectors.UserRegistrationProjector.update_projection/3
    (commanded 1.4.9) lib/commanded/event/handler.ex:1221: Commanded.Event.Handler.delegate_event_to_handler/2
    (commanded 1.4.9) lib/commanded/event/handler.ex:1062: Commanded.Event.Handler.handle_event/3
    (elixir 1.19.5) lib/enum.ex:2520: Enum."-reduce/3-lists^foldl/2-0-"/3
    (commanded 1.4.9) lib/commanded/event/handler.ex:969: Commanded.Event.Handler.handle_info/2
    (stdlib 7.1) gen_server.erl:2434: :gen_server.try_handle_info/3
    (stdlib 7.1) gen_server.erl:2420: :gen_server.handle_msg/3
    (stdlib 7.1) proc_lib.erl:333: :proc_lib.init_p_do_apply/3

23:09:57.743 [warning] Nexus.Identity.Projectors.UserRegistrationProjector has requested to stop: %Postgrex.Error{message: nil, postgres: %{code: :undefined_column, line: "3721", message: "column i0.id does not exist", position: "8", file: "parse_relation.c", unknown: "ERROR", severity: "ERROR", pg_code: "42703", routine: "errorMissingColumn"}, connection_id: 3157, query: "SELECT i0.\"id\", i0.\"user_id\", i0.\"org_id\", i0.\"locale\", i0.\"timezone\", i0.\"notifications_enabled\", i0.\"created_at\", i0.\"updated_at\" FROM \"identity_user_settings\" AS i0 WHERE (i0.\"id\" = $1)"}
23:09:57.743 [debug] Nexus.Identity.Projectors.UserRegistrationProjector is shutting down due to %Postgrex.Error{message: nil, postgres: %{code: :undefined_column, line: "3721", message: "column i0.id does not exist", position: "8", file: "parse_relation.c", unknown: "ERROR", severity: "ERROR", pg_code: "42703", routine: "errorMissingColumn"}, connection_id: 3157, query: "SELECT i0.\"id\", i0.\"user_id\", i0.\"org_id\", i0.\"locale\", i0.\"timezone\", i0.\"notifications_enabled\", i0.\"created_at\", i0.\"updated_at\" FROM \"identity_user_settings\" AS i0 WHERE (i0.\"id\" = $1)"}
23:09:57.743 [error] GenServer {Nexus.App.LocalRegistry, {Nexus.App, Commanded.Event.Handler, "Identity.Projectors.UserRegistrationProjector"}} terminating
** (stop) %Postgrex.Error{message: nil, postgres: %{code: :undefined_column, line: "3721", message: "column i0.id does not exist", position: "8", file: "parse_relation.c", unknown: "ERROR", severity: "ERROR", pg_code: "42703", routine: "errorMissingColumn"}, connection_id: 3157, query: "SELECT i0.\"id\", i0.\"user_id\", i0.\"org_id\", i0.\"locale\", i0.\"timezone\", i0.\"notifications_enabled\", i0.\"created_at\", i0.\"updated_at\" FROM \"identity_user_settings\" AS i0 WHERE (i0.\"id\" = $1)"}
Last message: {:events, [%Commanded.EventStore.RecordedEvent{event_id: "282ec866-f518-44ed-95f6-7a535d6c3e25", event_number: 11262, stream_id: "019d0c26-0b00-74a0-bd6d-48329cf61a57", stream_version: 1, causation_id: "d64809a4-8402-4360-8536-99b7a0f860ca", correlation_id: "e0f4b4bb-483c-4914-aaaa-956d1587d67e", event_type: "Elixir.Nexus.Identity.Events.UserRegistered", data: %Nexus.Identity.Events.UserRegistered{user_id: "019d0c26-0b00-74a0-bd6d-48329cf61a57", org_id: "019d0c26-0b00-74a0-8884-24b7b734f296", email: "test@example.com", role: "system_admin", cose_key: "Ym9vdHN0cmFwX2Nvc2Vfa2V5", credential_id: "Ym9vdHN0cmFwX2NyZWRlbnRpYWxfaWQ=", registered_at: "2026-03-20T16:48:33.024173Z", display_name: "Test User", status: "active"}, created_at: ~U[2026-03-20 16:48:33.025211Z], metadata: %{"causation_id" => "019d0c26-0b00-71d0-a1d2-041f55e92cfc", "correlation_id" => "019d0c26-0b00-71d0-a1d2-041f55e92cfc"}}]}
State: %Commanded.Event.Handler{application: Nexus.App, consistency: :strong, handler_callback: :event, handler_name: "Identity.Projectors.UserRegistrationProjector", handler_module: Nexus.Identity.Projectors.UserRegistrationProjector, handler_state: nil, last_seen_event: nil, subscription: %Commanded.EventStore.Subscription{application: Nexus.App, backoff: {:backoff, 1000, 60000, 1000, :jitter, :undefined, :undefined}, concurrency: 1, partition_by: nil, subscribe_to: :all, subscribe_from: :origin, subscription_name: "Identity.Projectors.UserRegistrationProjector", subscription_opts: [], subscription_pid: #PID<0.1918.0>, subscription_ref: #Reference<0.504251661.3394502658.58521>}, subscribe_timer: nil}
23:09:57.743 [debug] Subscription "Identity.Projectors.UserRegistrationProjector"@"$all" subscriber #PID<0.1917.0> down due to: %Postgrex.Error{message: nil, postgres: %{code: :undefined_column, line: "3721", message: "column i0.id does not exist", position: "8", file: "parse_relation.c", unknown: "ERROR", severity: "ERROR", pg_code: "42703", routine: "errorMissingColumn"}, connection_id: 3157, query: "SELECT i0.\"id\", i0.\"user_id\", i0.\"org_id\", i0.\"locale\", i0.\"timezone\", i0.\"notifications_enabled\", i0.\"created_at\", i0.\"updated_at\" FROM \"identity_user_settings\" AS i0 WHERE (i0.\"id\" = $1)"}
23:09:57.743 [debug] Subscription "Identity.Projectors.UserRegistrationProjector"@"$all" has no subscribers, shutting down
23:09:57.743 [error] GenServer {Nexus.EventStore.EventStore.Subscriptions.Registry, {"$all", "Identity.Projectors.UserRegistrationProjector"}} terminating
** (stop) %Postgrex.Error{message: nil, postgres: %{code: :undefined_column, line: "3721", message: "column i0.id does not exist", position: "8", file: "parse_relation.c", unknown: "ERROR", severity: "ERROR", pg_code: "42703", routine: "errorMissingColumn"}, connection_id: 3157, query: "SELECT i0.\"id\", i0.\"user_id\", i0.\"org_id\", i0.\"locale\", i0.\"timezone\", i0.\"notifications_enabled\", i0.\"created_at\", i0.\"updated_at\" FROM \"identity_user_settings\" AS i0 WHERE (i0.\"id\" = $1)"}
Last message: {:DOWN, #Reference<0.504251661.3394502658.58516>, :process, #PID<0.1917.0>, %Postgrex.Error{message: nil, postgres: %{code: :undefined_column, line: "3721", message: "column i0.id does not exist", position: "8", file: "parse_relation.c", unknown: "ERROR", severity: "ERROR", pg_code: "42703", routine: "errorMissingColumn"}, connection_id: 3157, query: "SELECT i0.\"id\", i0.\"user_id\", i0.\"org_id\", i0.\"locale\", i0.\"timezone\", i0.\"notifications_enabled\", i0.\"created_at\", i0.\"updated_at\" FROM \"identity_user_settings\" AS i0 WHERE (i0.\"id\" = $1)"}}
State: %EventStore.Subscriptions.Subscription{stream_uuid: "$all", subscription_name: "Identity.Projectors.UserRegistrationProjector", subscription: %EventStore.Subscriptions.SubscriptionFsm{state: :unsubscribed, data: %EventStore.Subscriptions.SubscriptionState{conn: Nexus.EventStore.Postgrex, event_store: Nexus.EventStore, serializer: Commanded.Serialization.JsonSerializer, schema: "event_store", stream_uuid: "$all", start_from: 0, subscription_name: "Identity.Projectors.UserRegistrationProjector", subscription_id: 405, selector: nil, mapper: &Commanded.EventStore.Adapters.EventStore.Mapper.from_recorded_event/1, max_size: 1000, partition_by: nil, query_timeout: 15000, lock_ref: #Reference<0.504251661.3394502657.104425>, last_received: 12197, last_sent: 11262, last_ack: 11261, queue_size: 936, buffer_size: 1, checkpoint_after: 0, checkpoint_threshold: 1, checkpoint_timer_ref: nil, checkpoints_pending: 0, subscribers: %{}, partitions: %{nil: {[%EventStore.RecordedEvent{event_number: 12197, event_id: "1090d0fa-e811-4476-b333-0ecde47df19b", stream_uuid: "7f9d61e3-4ddb-4a45-9632-c9b4e8e37a26", stream_version: 1, correlation_id: "95c6a40b-6222-41f9-98d5-3e8c238cd512", causation_id: "cafcad9f-48b9-4455-9cc5-59cc5c81305c", event_type: "Elixir.Nexus.Identity.Events.UserRegistered", data: %Nexus.Identity.Events.UserRegistered{user_id: "7f9d61e3-4ddb-4a45-9632-c9b4e8e37a26", org_id: "a136c24b-09d3-44e5-b654-62c6eb3563d2", email: "test@example.com", role: "admin", cose_key: "dummy", credential_id: "dummy", registered_at: "2026-03-20T23:09:57.291719Z", display_name: "Test User", status: "active"}, metadata: %{"causation_id" => "019d0d83-3aab-7cfc-b64f-9c138c365c71", "correlation_id" => "019d0d83-3aab-7cfc-b64f-9c138c365c71"}, created_at: ~U[2026-03-20 23:09:57.294271Z]}, %EventStore.RecordedEvent{event_number: 12196, event_id: "51ed3aa0-2b4d-4f9e-bb88-d9b7471414a0", stream_uuid: "a6d32835-04fe-47c3-93c7-50750f4c0025", stream_version: 2, correlation_id: "fb342b99-3477-4551-974c-9a74331120b4", causation_id: "e22481cf-a9ef-4153-a77b-9a91fcb9b83b", event_type: "Elixir.Nexus.Identity.Events.SessionExpired", data: %Nexus.Identity.Events.SessionExpired{org_id: "aefc3981-97e0-4a44-a442-807e9d7b3892", user_id: "a6d32835-04fe-47c3-93c7-50750f4c0025", session_id: "87180336-fdab-415d-a0c7-23fd23f136a9", expired_at: "2026-03-20T23:09:56.784404Z"}, metadata: %{"causation_id" => "019d0d83-38b1-75a5-8e13-bbe0bed9ff21", "correlation_id" => "019d0d83-38b1-75a5-8e13-bbe0bed9ff21"}, created_at: ~U[2026-03-20 23:09:56.786169Z]}, %EventStore.RecordedEvent{event_number: 12195, event_id: "63cf0cf3-679d-4adb-a5fc-1b7c8cdfe448", stream_uuid: "a6d32835-04fe-47c3-93c7-50750f4c0025", stream_version: 1, correlation_id: "4b130646-5380-41f3-b6df-9abfd1ed0d92", causation_id: "0f27ee9d-27db-4e8b-8f2d-6a8556a5e9d4", event_type: "Elixir.Nexus.Identity.Events.UserRegistered", data: %Nexus.Identity.Events.UserRegistered{user_id: "a6d32835-04fe-47c3-93c7-50750f4c0025", org_id: "aefc3981-97e0-4a44-a442-807e9d7b3892", email: "test@example.com", role: "admin", cose_key: "dummy", credential_id: "dummy", registered_at: "2026-03-20T23:09:56.579831Z", display_name: "Test User", status: "active"}, metadata: %{"causation_id" => "019d0d83-37e3-7671-991d-f18a42a53090", "correlation_id" => "019d0d83-37e3-7671-991d-f18a42a53090"}, created_at: ~U[2026-03-20 23:09:56.581065Z]}, %EventStore.RecordedEvent{event_number: 12194, event_id: "3f8f3cbc-ea72-45a7-ab6d-12a43da50245", stream_uuid: "e55da693-c009-4afd-a56e-9b4ab3975acc", stream_version: 2, correlation_id: "e5500f71-9103-4737-8991-5eb165815e23", causation_id: "633094f8-6986-459b-9416-072dd0187fd9", ...}, ...], ...}}, ...}}, ...}
23:09:57.743 [debug] Nexus.Identity.Projectors.UserRegistrationProjector is shutting down due to {%Postgrex.Error{message: nil, postgres: %{code: :undefined_column, line: "3721", message: "column i0.id does not exist", position: "8", file: "parse_relation.c", unknown: "ERROR", severity: "ERROR", pg_code: "42703", routine: "errorMissingColumn"}, connection_id: 3157, query: "SELECT i0.\"id\", i0.\"user_id\", i0.\"org_id\", i0.\"locale\", i0.\"timezone\", i0.\"notifications_enabled\", i0.\"created_at\", i0.\"updated_at\" FROM \"identity_user_settings\" AS i0 WHERE (i0.\"id\" = $1)"}, {GenServer, :call, [#PID<0.1918.0>, {:connect, #PID<0.1919.0>, [retry_interval: 60000, hibernate_after: 15000, partition_by: nil, concurrency_limit: 1, name: Nexus.EventStore, mapper: &Commanded.EventStore.Adapters.EventStore.Mapper.from_recorded_event/1, conn: Nexus.EventStore.Postgrex, event_store: Nexus.EventStore, query_timeout: 15000, schema: "event_store", serializer: Commanded.Serialization.JsonSerializer, stream_uuid: "$all", subscription_name: "Identity.Projectors.UserRegistrationProjector", start_from: 0]}, 5000]}}
23:09:57.743 [error] GenServer {Nexus.App.LocalRegistry, {Nexus.App, Commanded.Event.Handler, "Identity.Projectors.UserRegistrationProjector"}} terminating
** (stop) exited in: GenServer.call(#PID<0.1918.0>, {:connect, #PID<0.1919.0>, [retry_interval: 60000, hibernate_after: 15000, partition_by: nil, concurrency_limit: 1, name: Nexus.EventStore, mapper: &Commanded.EventStore.Adapters.EventStore.Mapper.from_recorded_event/1, conn: Nexus.EventStore.Postgrex, event_store: Nexus.EventStore, query_timeout: 15000, schema: "event_store", serializer: Commanded.Serialization.JsonSerializer, stream_uuid: "$all", subscription_name: "Identity.Projectors.UserRegistrationProjector", start_from: 0]}, 5000)
    ** (EXIT) %Postgrex.Error{message: nil, postgres: %{code: :undefined_column, line: "3721", message: "column i0.id does not exist", position: "8", file: "parse_relation.c", unknown: "ERROR", severity: "ERROR", pg_code: "42703", routine: "errorMissingColumn"}, connection_id: 3157, query: "SELECT i0.\"id\", i0.\"user_id\", i0.\"org_id\", i0.\"locale\", i0.\"timezone\", i0.\"notifications_enabled\", i0.\"created_at\", i0.\"updated_at\" FROM \"identity_user_settings\" AS i0 WHERE (i0.\"id\" = $1)"}
    (elixir 1.19.5) lib/gen_server.ex:1142: GenServer.call/3
    (commanded 1.4.9) lib/commanded/event_store.ex:289: anonymous fn/2 in Commanded.EventStore.span/3
    (telemetry 1.3.0) /Users/bernard/dev/nexus/deps/telemetry/src/telemetry.erl:324: :telemetry.span/3
    (commanded 1.4.9) lib/commanded/event_store/subscription.ex:58: Commanded.EventStore.Subscription.subscribe/2
    (commanded 1.4.9) lib/commanded/event/handler.ex:1024: Commanded.Event.Handler.subscribe_to_events/1
    (commanded 1.4.9) lib/commanded/event/handler.ex:887: Commanded.Event.Handler.handle_continue/2
    (stdlib 7.1) gen_server.erl:2424: :gen_server.try_handle_continue/3
    (stdlib 7.1) gen_server.erl:2291: :gen_server.loop/4
    (stdlib 7.1) proc_lib.erl:333: :proc_lib.init_p_do_apply/3
Last message: {:continue, :subscribe_to_events}
State: %Commanded.Event.Handler{application: Nexus.App, consistency: :strong, handler_callback: :event, handler_name: "Identity.Projectors.UserRegistrationProjector", handler_module: Nexus.Identity.Projectors.UserRegistrationProjector, handler_state: nil, last_seen_event: nil, subscription: %Commanded.EventStore.Subscription{application: Nexus.App, backoff: {:backoff, 1000, 60000, 1000, :jitter, :undefined, :undefined}, concurrency: 1, partition_by: nil, subscribe_to: :all, subscribe_from: :origin, subscription_name: "Identity.Projectors.UserRegistrationProjector", subscription_opts: [], subscription_pid: nil, subscription_ref: nil}, subscribe_timer: nil}
23:09:57.744 [debug] Subscription "Identity.Projectors.UserRegistrationProjector"@"$all" attempting to connect subscriber #PID<0.1920.0>
23:09:57.745 [debug] Subscription "Identity.Projectors.UserRegistrationProjector"@"$all" catching-up
23:09:57.745 [debug] Nexus.Identity.Projectors.UserRegistrationProjector has successfully subscribed to event store
23:09:57.760 [debug] Nexus.Identity.Projectors.UserRegistrationProjector received events: [%Commanded.EventStore.RecordedEvent{event_id: "282ec866-f518-44ed-95f6-7a535d6c3e25", event_number: 11262, stream_id: "019d0c26-0b00-74a0-bd6d-48329cf61a57", stream_version: 1, causation_id: "d64809a4-8402-4360-8536-99b7a0f860ca", correlation_id: "e0f4b4bb-483c-4914-aaaa-956d1587d67e", event_type: "Elixir.Nexus.Identity.Events.UserRegistered", data: %Nexus.Identity.Events.UserRegistered{user_id: "019d0c26-0b00-74a0-bd6d-48329cf61a57", org_id: "019d0c26-0b00-74a0-8884-24b7b734f296", email: "test@example.com", role: "system_admin", cose_key: "Ym9vdHN0cmFwX2Nvc2Vfa2V5", credential_id: "Ym9vdHN0cmFwX2NyZWRlbnRpYWxfaWQ=", registered_at: "2026-03-20T16:48:33.024173Z", display_name: "Test User", status: "active"}, created_at: ~U[2026-03-20 16:48:33.025211Z], metadata: %{"causation_id" => "019d0c26-0b00-71d0-a1d2-041f55e92cfc", "correlation_id" => "019d0c26-0b00-71d0-a1d2-041f55e92cfc"}}]
23:09:57.761 [debug] QUERY OK db=0.1ms
begin []
23:09:57.761 [debug] QUERY OK source="projection_versions" db=0.1ms
INSERT INTO "projection_versions" AS p0 ("projection_name","last_seen_event_number","inserted_at","updated_at") VALUES ($1,$2,$3,$4) ON CONFLICT ("projection_name") DO UPDATE SET "last_seen_event_number" = $5 WHERE ((p0."projection_name" = $6) AND (p0."last_seen_event_number" < $7)) ["Identity.Projectors.UserRegistrationProjector", 11262, ~N[2026-03-20 23:09:57.761072], ~N[2026-03-20 23:09:57.761072], 11262, "Identity.Projectors.UserRegistrationProjector", 11262]
23:09:57.761 [debug] QUERY OK source="users" db=0.0ms
SELECT u0."id", u0."org_id", u0."email", u0."display_name", u0."status", u0."cose_key", u0."credential_id", u0."roles", u0."created_at", u0."updated_at" FROM "users" AS u0 WHERE (u0."id" = $1) ["019d0c26-0b00-74a0-bd6d-48329cf61a57"]
23:09:57.761 [debug] QUERY OK source="users" db=0.0ms
SELECT u0."id", u0."org_id", u0."email", u0."display_name", u0."status", u0."cose_key", u0."credential_id", u0."roles", u0."created_at", u0."updated_at" FROM "users" AS u0 WHERE (u0."email" = $1) ["test@example.com"]
23:09:57.761 [debug] QUERY OK source="users" db=0.1ms
INSERT INTO "users" ("id","status","org_id","email","display_name","roles","cose_key","credential_id","created_at","updated_at") VALUES ($1,$2,$3,$4,$5,$6,$7,$8,$9,$10) ["019d0c26-0b00-74a0-bd6d-48329cf61a57", "active", "019d0c26-0b00-74a0-8884-24b7b734f296", "test@example.com", "Test User", ["system_admin"], "bootstrap_cose_key", "bootstrap_credential_id", ~U[2026-03-20 23:09:57.761599Z], ~U[2026-03-20 23:09:57.761599Z]]
23:09:57.761 [debug] QUERY ERROR source="identity_user_settings" db=0.0ms
SELECT i0."id", i0."user_id", i0."org_id", i0."locale", i0."timezone", i0."notifications_enabled", i0."created_at", i0."updated_at" FROM "identity_user_settings" AS i0 WHERE (i0."id" = $1) ["019d0c26-0b00-74a0-bd6d-48329cf61a57"]
23:09:57.762 [debug] QUERY OK db=0.1ms
rollback []
23:09:57.763 [error] Nexus.Identity.Projectors.UserRegistrationProjector failed to handle event:
%Commanded.EventStore.RecordedEvent{
  event_id: "282ec866-f518-44ed-95f6-7a535d6c3e25",
  event_number: 11262,
  stream_id: "019d0c26-0b00-74a0-bd6d-48329cf61a57",
  stream_version: 1,
  causation_id: "d64809a4-8402-4360-8536-99b7a0f860ca",
  correlation_id: "e0f4b4bb-483c-4914-aaaa-956d1587d67e",
  event_type: "Elixir.Nexus.Identity.Events.UserRegistered",
  data: %Nexus.Identity.Events.UserRegistered{
    user_id: "019d0c26-0b00-74a0-bd6d-48329cf61a57",
    org_id: "019d0c26-0b00-74a0-8884-24b7b734f296",
    email: "test@example.com",
    role: "system_admin",
    cose_key: "Ym9vdHN0cmFwX2Nvc2Vfa2V5",
    credential_id: "Ym9vdHN0cmFwX2NyZWRlbnRpYWxfaWQ=",
    registered_at: "2026-03-20T16:48:33.024173Z",
    display_name: "Test User",
    status: "active"
  },
  created_at: ~U[2026-03-20 16:48:33.025211Z],
  metadata: %{
    "causation_id" => "019d0c26-0b00-71d0-a1d2-041f55e92cfc",
    "correlation_id" => "019d0c26-0b00-71d0-a1d2-041f55e92cfc"
  }
}, due to:
** (Postgrex.Error) ERROR 42703 (undefined_column) column i0.id does not exist

    query: SELECT i0."id", i0."user_id", i0."org_id", i0."locale", i0."timezone", i0."notifications_enabled", i0."created_at", i0."updated_at" FROM "identity_user_settings" AS i0 WHERE (i0."id" = $1)
    (ecto_sql 3.13.4) lib/ecto/adapters/sql.ex:1113: Ecto.Adapters.SQL.raise_sql_call_error/1
    (ecto_sql 3.13.4) lib/ecto/adapters/sql.ex:1011: Ecto.Adapters.SQL.execute/6
    (ecto 3.13.5) lib/ecto/repo/queryable.ex:241: Ecto.Repo.Queryable.execute/4
    (ecto 3.13.5) lib/ecto/repo/queryable.ex:19: Ecto.Repo.Queryable.all/3
    (ecto 3.13.5) lib/ecto/repo/queryable.ex:163: Ecto.Repo.Queryable.one/3
    (nexus 0.1.0) lib/nexus/identity/projectors/user_registration_projector.ex:53: anonymous fn/3 in Nexus.Identity.Projectors.UserRegistrationProjector.project_registration/3
    (ecto 3.13.5) lib/ecto/multi.ex:905: Ecto.Multi.apply_operation/5
    (elixir 1.19.5) lib/enum.ex:2520: Enum."-reduce/3-lists^foldl/2-0-"/3
    (ecto 3.13.5) lib/ecto/multi.ex:878: anonymous fn/5 in Ecto.Multi.apply_operations/5
    (ecto_sql 3.13.4) lib/ecto/adapters/sql.ex:1473: anonymous fn/3 in Ecto.Adapters.SQL.checkout_or_transaction/4
    (db_connection 2.9.0) lib/db_connection.ex:1747: DBConnection.run_transaction/4
    (ecto 3.13.5) lib/ecto/repo/transaction.ex:30: Ecto.Repo.Transaction.transact/4
    (nexus 0.1.0) deps/commanded_ecto_projections/lib/projections/ecto.ex:97: Nexus.Identity.Projectors.UserRegistrationProjector.update_projection/3
    (commanded 1.4.9) lib/commanded/event/handler.ex:1221: Commanded.Event.Handler.delegate_event_to_handler/2
    (commanded 1.4.9) lib/commanded/event/handler.ex:1062: Commanded.Event.Handler.handle_event/3
    (elixir 1.19.5) lib/enum.ex:2520: Enum."-reduce/3-lists^foldl/2-0-"/3
    (commanded 1.4.9) lib/commanded/event/handler.ex:969: Commanded.Event.Handler.handle_info/2
    (stdlib 7.1) gen_server.erl:2434: :gen_server.try_handle_info/3
    (stdlib 7.1) gen_server.erl:2420: :gen_server.handle_msg/3
    (stdlib 7.1) proc_lib.erl:333: :proc_lib.init_p_do_apply/3

23:09:57.763 [warning] Nexus.Identity.Projectors.UserRegistrationProjector has requested to stop: %Postgrex.Error{message: nil, postgres: %{code: :undefined_column, line: "3721", message: "column i0.id does not exist", position: "8", file: "parse_relation.c", unknown: "ERROR", severity: "ERROR", pg_code: "42703", routine: "errorMissingColumn"}, connection_id: 3157, query: "SELECT i0.\"id\", i0.\"user_id\", i0.\"org_id\", i0.\"locale\", i0.\"timezone\", i0.\"notifications_enabled\", i0.\"created_at\", i0.\"updated_at\" FROM \"identity_user_settings\" AS i0 WHERE (i0.\"id\" = $1)"}
23:09:57.763 [debug] Nexus.Identity.Projectors.UserRegistrationProjector is shutting down due to %Postgrex.Error{message: nil, postgres: %{code: :undefined_column, line: "3721", message: "column i0.id does not exist", position: "8", file: "parse_relation.c", unknown: "ERROR", severity: "ERROR", pg_code: "42703", routine: "errorMissingColumn"}, connection_id: 3157, query: "SELECT i0.\"id\", i0.\"user_id\", i0.\"org_id\", i0.\"locale\", i0.\"timezone\", i0.\"notifications_enabled\", i0.\"created_at\", i0.\"updated_at\" FROM \"identity_user_settings\" AS i0 WHERE (i0.\"id\" = $1)"}
23:09:57.763 [error] GenServer {Nexus.App.LocalRegistry, {Nexus.App, Commanded.Event.Handler, "Identity.Projectors.UserRegistrationProjector"}} terminating
** (stop) %Postgrex.Error{message: nil, postgres: %{code: :undefined_column, line: "3721", message: "column i0.id does not exist", position: "8", file: "parse_relation.c", unknown: "ERROR", severity: "ERROR", pg_code: "42703", routine: "errorMissingColumn"}, connection_id: 3157, query: "SELECT i0.\"id\", i0.\"user_id\", i0.\"org_id\", i0.\"locale\", i0.\"timezone\", i0.\"notifications_enabled\", i0.\"created_at\", i0.\"updated_at\" FROM \"identity_user_settings\" AS i0 WHERE (i0.\"id\" = $1)"}
Last message: {:events, [%Commanded.EventStore.RecordedEvent{event_id: "282ec866-f518-44ed-95f6-7a535d6c3e25", event_number: 11262, stream_id: "019d0c26-0b00-74a0-bd6d-48329cf61a57", stream_version: 1, causation_id: "d64809a4-8402-4360-8536-99b7a0f860ca", correlation_id: "e0f4b4bb-483c-4914-aaaa-956d1587d67e", event_type: "Elixir.Nexus.Identity.Events.UserRegistered", data: %Nexus.Identity.Events.UserRegistered{user_id: "019d0c26-0b00-74a0-bd6d-48329cf61a57", org_id: "019d0c26-0b00-74a0-8884-24b7b734f296", email: "test@example.com", role: "system_admin", cose_key: "Ym9vdHN0cmFwX2Nvc2Vfa2V5", credential_id: "Ym9vdHN0cmFwX2NyZWRlbnRpYWxfaWQ=", registered_at: "2026-03-20T16:48:33.024173Z", display_name: "Test User", status: "active"}, created_at: ~U[2026-03-20 16:48:33.025211Z], metadata: %{"causation_id" => "019d0c26-0b00-71d0-a1d2-041f55e92cfc", "correlation_id" => "019d0c26-0b00-71d0-a1d2-041f55e92cfc"}}]}
State: %Commanded.Event.Handler{application: Nexus.App, consistency: :strong, handler_callback: :event, handler_name: "Identity.Projectors.UserRegistrationProjector", handler_module: Nexus.Identity.Projectors.UserRegistrationProjector, handler_state: nil, last_seen_event: nil, subscription: %Commanded.EventStore.Subscription{application: Nexus.App, backoff: {:backoff, 1000, 60000, 1000, :jitter, :undefined, :undefined}, concurrency: 1, partition_by: nil, subscribe_to: :all, subscribe_from: :origin, subscription_name: "Identity.Projectors.UserRegistrationProjector", subscription_opts: [], subscription_pid: #PID<0.1921.0>, subscription_ref: #Reference<0.504251661.3394502658.58602>}, subscribe_timer: nil}
23:09:57.763 [debug] Subscription "Identity.Projectors.UserRegistrationProjector"@"$all" subscriber #PID<0.1920.0> down due to: %Postgrex.Error{message: nil, postgres: %{code: :undefined_column, line: "3721", message: "column i0.id does not exist", position: "8", file: "parse_relation.c", unknown: "ERROR", severity: "ERROR", pg_code: "42703", routine: "errorMissingColumn"}, connection_id: 3157, query: "SELECT i0.\"id\", i0.\"user_id\", i0.\"org_id\", i0.\"locale\", i0.\"timezone\", i0.\"notifications_enabled\", i0.\"created_at\", i0.\"updated_at\" FROM \"identity_user_settings\" AS i0 WHERE (i0.\"id\" = $1)"}
23:09:57.763 [debug] Subscription "Identity.Projectors.UserRegistrationProjector"@"$all" has no subscribers, shutting down
23:09:57.763 [error] GenServer {Nexus.EventStore.EventStore.Subscriptions.Registry, {"$all", "Identity.Projectors.UserRegistrationProjector"}} terminating
** (stop) %Postgrex.Error{message: nil, postgres: %{code: :undefined_column, line: "3721", message: "column i0.id does not exist", position: "8", file: "parse_relation.c", unknown: "ERROR", severity: "ERROR", pg_code: "42703", routine: "errorMissingColumn"}, connection_id: 3157, query: "SELECT i0.\"id\", i0.\"user_id\", i0.\"org_id\", i0.\"locale\", i0.\"timezone\", i0.\"notifications_enabled\", i0.\"created_at\", i0.\"updated_at\" FROM \"identity_user_settings\" AS i0 WHERE (i0.\"id\" = $1)"}
Last message: {:DOWN, #Reference<0.504251661.3394502658.58594>, :process, #PID<0.1920.0>, %Postgrex.Error{message: nil, postgres: %{code: :undefined_column, line: "3721", message: "column i0.id does not exist", position: "8", file: "parse_relation.c", unknown: "ERROR", severity: "ERROR", pg_code: "42703", routine: "errorMissingColumn"}, connection_id: 3157, query: "SELECT i0.\"id\", i0.\"user_id\", i0.\"org_id\", i0.\"locale\", i0.\"timezone\", i0.\"notifications_enabled\", i0.\"created_at\", i0.\"updated_at\" FROM \"identity_user_settings\" AS i0 WHERE (i0.\"id\" = $1)"}}
State: %EventStore.Subscriptions.Subscription{stream_uuid: "$all", subscription_name: "Identity.Projectors.UserRegistrationProjector", subscription: %EventStore.Subscriptions.SubscriptionFsm{state: :unsubscribed, data: %EventStore.Subscriptions.SubscriptionState{conn: Nexus.EventStore.Postgrex, event_store: Nexus.EventStore, serializer: Commanded.Serialization.JsonSerializer, schema: "event_store", stream_uuid: "$all", start_from: 0, subscription_name: "Identity.Projectors.UserRegistrationProjector", subscription_id: 405, selector: nil, mapper: &Commanded.EventStore.Adapters.EventStore.Mapper.from_recorded_event/1, max_size: 1000, partition_by: nil, query_timeout: 15000, lock_ref: #Reference<0.504251661.3394502657.104637>, last_received: 12197, last_sent: 11262, last_ack: 11261, queue_size: 936, buffer_size: 1, checkpoint_after: 0, checkpoint_threshold: 1, checkpoint_timer_ref: nil, checkpoints_pending: 0, subscribers: %{}, partitions: %{nil: {[%EventStore.RecordedEvent{event_number: 12197, event_id: "1090d0fa-e811-4476-b333-0ecde47df19b", stream_uuid: "7f9d61e3-4ddb-4a45-9632-c9b4e8e37a26", stream_version: 1, correlation_id: "95c6a40b-6222-41f9-98d5-3e8c238cd512", causation_id: "cafcad9f-48b9-4455-9cc5-59cc5c81305c", event_type: "Elixir.Nexus.Identity.Events.UserRegistered", data: %Nexus.Identity.Events.UserRegistered{user_id: "7f9d61e3-4ddb-4a45-9632-c9b4e8e37a26", org_id: "a136c24b-09d3-44e5-b654-62c6eb3563d2", email: "test@example.com", role: "admin", cose_key: "dummy", credential_id: "dummy", registered_at: "2026-03-20T23:09:57.291719Z", display_name: "Test User", status: "active"}, metadata: %{"causation_id" => "019d0d83-3aab-7cfc-b64f-9c138c365c71", "correlation_id" => "019d0d83-3aab-7cfc-b64f-9c138c365c71"}, created_at: ~U[2026-03-20 23:09:57.294271Z]}, %EventStore.RecordedEvent{event_number: 12196, event_id: "51ed3aa0-2b4d-4f9e-bb88-d9b7471414a0", stream_uuid: "a6d32835-04fe-47c3-93c7-50750f4c0025", stream_version: 2, correlation_id: "fb342b99-3477-4551-974c-9a74331120b4", causation_id: "e22481cf-a9ef-4153-a77b-9a91fcb9b83b", event_type: "Elixir.Nexus.Identity.Events.SessionExpired", data: %Nexus.Identity.Events.SessionExpired{org_id: "aefc3981-97e0-4a44-a442-807e9d7b3892", user_id: "a6d32835-04fe-47c3-93c7-50750f4c0025", session_id: "87180336-fdab-415d-a0c7-23fd23f136a9", expired_at: "2026-03-20T23:09:56.784404Z"}, metadata: %{"causation_id" => "019d0d83-38b1-75a5-8e13-bbe0bed9ff21", "correlation_id" => "019d0d83-38b1-75a5-8e13-bbe0bed9ff21"}, created_at: ~U[2026-03-20 23:09:56.786169Z]}, %EventStore.RecordedEvent{event_number: 12195, event_id: "63cf0cf3-679d-4adb-a5fc-1b7c8cdfe448", stream_uuid: "a6d32835-04fe-47c3-93c7-50750f4c0025", stream_version: 1, correlation_id: "4b130646-5380-41f3-b6df-9abfd1ed0d92", causation_id: "0f27ee9d-27db-4e8b-8f2d-6a8556a5e9d4", event_type: "Elixir.Nexus.Identity.Events.UserRegistered", data: %Nexus.Identity.Events.UserRegistered{user_id: "a6d32835-04fe-47c3-93c7-50750f4c0025", org_id: "aefc3981-97e0-4a44-a442-807e9d7b3892", email: "test@example.com", role: "admin", cose_key: "dummy", credential_id: "dummy", registered_at: "2026-03-20T23:09:56.579831Z", display_name: "Test User", status: "active"}, metadata: %{"causation_id" => "019d0d83-37e3-7671-991d-f18a42a53090", "correlation_id" => "019d0d83-37e3-7671-991d-f18a42a53090"}, created_at: ~U[2026-03-20 23:09:56.581065Z]}, %EventStore.RecordedEvent{event_number: 12194, event_id: "3f8f3cbc-ea72-45a7-ab6d-12a43da50245", stream_uuid: "e55da693-c009-4afd-a56e-9b4ab3975acc", stream_version: 2, correlation_id: "e5500f71-9103-4737-8991-5eb165815e23", causation_id: "633094f8-6986-459b-9416-072dd0187fd9", ...}, ...], ...}}, ...}}, ...}
23:09:57.763 [debug] Nexus.Identity.Projectors.UserRegistrationProjector is shutting down due to {%Postgrex.Error{message: nil, postgres: %{code: :undefined_column, line: "3721", message: "column i0.id does not exist", position: "8", file: "parse_relation.c", unknown: "ERROR", severity: "ERROR", pg_code: "42703", routine: "errorMissingColumn"}, connection_id: 3157, query: "SELECT i0.\"id\", i0.\"user_id\", i0.\"org_id\", i0.\"locale\", i0.\"timezone\", i0.\"notifications_enabled\", i0.\"created_at\", i0.\"updated_at\" FROM \"identity_user_settings\" AS i0 WHERE (i0.\"id\" = $1)"}, {GenServer, :call, [#PID<0.1921.0>, {:connect, #PID<0.1922.0>, [retry_interval: 60000, hibernate_after: 15000, partition_by: nil, concurrency_limit: 1, name: Nexus.EventStore, mapper: &Commanded.EventStore.Adapters.EventStore.Mapper.from_recorded_event/1, conn: Nexus.EventStore.Postgrex, event_store: Nexus.EventStore, query_timeout: 15000, schema: "event_store", serializer: Commanded.Serialization.JsonSerializer, stream_uuid: "$all", subscription_name: "Identity.Projectors.UserRegistrationProjector", start_from: 0]}, 5000]}}
23:09:57.763 [error] GenServer {Nexus.App.LocalRegistry, {Nexus.App, Commanded.Event.Handler, "Identity.Projectors.UserRegistrationProjector"}} terminating
** (stop) exited in: GenServer.call(#PID<0.1921.0>, {:connect, #PID<0.1922.0>, [retry_interval: 60000, hibernate_after: 15000, partition_by: nil, concurrency_limit: 1, name: Nexus.EventStore, mapper: &Commanded.EventStore.Adapters.EventStore.Mapper.from_recorded_event/1, conn: Nexus.EventStore.Postgrex, event_store: Nexus.EventStore, query_timeout: 15000, schema: "event_store", serializer: Commanded.Serialization.JsonSerializer, stream_uuid: "$all", subscription_name: "Identity.Projectors.UserRegistrationProjector", start_from: 0]}, 5000)
    ** (EXIT) %Postgrex.Error{message: nil, postgres: %{code: :undefined_column, line: "3721", message: "column i0.id does not exist", position: "8", file: "parse_relation.c", unknown: "ERROR", severity: "ERROR", pg_code: "42703", routine: "errorMissingColumn"}, connection_id: 3157, query: "SELECT i0.\"id\", i0.\"user_id\", i0.\"org_id\", i0.\"locale\", i0.\"timezone\", i0.\"notifications_enabled\", i0.\"created_at\", i0.\"updated_at\" FROM \"identity_user_settings\" AS i0 WHERE (i0.\"id\" = $1)"}
    (elixir 1.19.5) lib/gen_server.ex:1142: GenServer.call/3
    (commanded 1.4.9) lib/commanded/event_store.ex:289: anonymous fn/2 in Commanded.EventStore.span/3
    (telemetry 1.3.0) /Users/bernard/dev/nexus/deps/telemetry/src/telemetry.erl:324: :telemetry.span/3
    (commanded 1.4.9) lib/commanded/event_store/subscription.ex:58: Commanded.EventStore.Subscription.subscribe/2
    (commanded 1.4.9) lib/commanded/event/handler.ex:1024: Commanded.Event.Handler.subscribe_to_events/1
    (commanded 1.4.9) lib/commanded/event/handler.ex:887: Commanded.Event.Handler.handle_continue/2
    (stdlib 7.1) gen_server.erl:2424: :gen_server.try_handle_continue/3
    (stdlib 7.1) gen_server.erl:2291: :gen_server.loop/4
    (stdlib 7.1) proc_lib.erl:333: :proc_lib.init_p_do_apply/3
Last message: {:continue, :subscribe_to_events}
State: %Commanded.Event.Handler{application: Nexus.App, consistency: :strong, handler_callback: :event, handler_name: "Identity.Projectors.UserRegistrationProjector", handler_module: Nexus.Identity.Projectors.UserRegistrationProjector, handler_state: nil, last_seen_event: nil, subscription: %Commanded.EventStore.Subscription{application: Nexus.App, backoff: {:backoff, 1000, 60000, 1000, :jitter, :undefined, :undefined}, concurrency: 1, partition_by: nil, subscribe_to: :all, subscribe_from: :origin, subscription_name: "Identity.Projectors.UserRegistrationProjector", subscription_opts: [], subscription_pid: nil, subscription_ref: nil}, subscribe_timer: nil}
23:09:57.764 [debug] Subscription "Identity.Projectors.UserRegistrationProjector"@"$all" attempting to connect subscriber #PID<0.1923.0>
23:09:57.765 [debug] Subscription "Identity.Projectors.UserRegistrationProjector"@"$all" catching-up
23:09:57.765 [debug] Nexus.Identity.Projectors.UserRegistrationProjector has successfully subscribed to event store
23:09:57.776 [debug] Nexus.Identity.Projectors.UserRegistrationProjector received events: [%Commanded.EventStore.RecordedEvent{event_id: "282ec866-f518-44ed-95f6-7a535d6c3e25", event_number: 11262, stream_id: "019d0c26-0b00-74a0-bd6d-48329cf61a57", stream_version: 1, causation_id: "d64809a4-8402-4360-8536-99b7a0f860ca", correlation_id: "e0f4b4bb-483c-4914-aaaa-956d1587d67e", event_type: "Elixir.Nexus.Identity.Events.UserRegistered", data: %Nexus.Identity.Events.UserRegistered{user_id: "019d0c26-0b00-74a0-bd6d-48329cf61a57", org_id: "019d0c26-0b00-74a0-8884-24b7b734f296", email: "test@example.com", role: "system_admin", cose_key: "Ym9vdHN0cmFwX2Nvc2Vfa2V5", credential_id: "Ym9vdHN0cmFwX2NyZWRlbnRpYWxfaWQ=", registered_at: "2026-03-20T16:48:33.024173Z", display_name: "Test User", status: "active"}, created_at: ~U[2026-03-20 16:48:33.025211Z], metadata: %{"causation_id" => "019d0c26-0b00-71d0-a1d2-041f55e92cfc", "correlation_id" => "019d0c26-0b00-71d0-a1d2-041f55e92cfc"}}]
23:09:57.776 [debug] QUERY OK db=0.1ms
begin []
23:09:57.776 [debug] QUERY OK source="projection_versions" db=0.2ms
INSERT INTO "projection_versions" AS p0 ("projection_name","last_seen_event_number","inserted_at","updated_at") VALUES ($1,$2,$3,$4) ON CONFLICT ("projection_name") DO UPDATE SET "last_seen_event_number" = $5 WHERE ((p0."projection_name" = $6) AND (p0."last_seen_event_number" < $7)) ["Identity.Projectors.UserRegistrationProjector", 11262, ~N[2026-03-20 23:09:57.776398], ~N[2026-03-20 23:09:57.776398], 11262, "Identity.Projectors.UserRegistrationProjector", 11262]
23:09:57.776 [debug] QUERY OK source="users" db=0.1ms
SELECT u0."id", u0."org_id", u0."email", u0."display_name", u0."status", u0."cose_key", u0."credential_id", u0."roles", u0."created_at", u0."updated_at" FROM "users" AS u0 WHERE (u0."id" = $1) ["019d0c26-0b00-74a0-bd6d-48329cf61a57"]
23:09:57.777 [debug] QUERY OK source="users" db=0.1ms
SELECT u0."id", u0."org_id", u0."email", u0."display_name", u0."status", u0."cose_key", u0."credential_id", u0."roles", u0."created_at", u0."updated_at" FROM "users" AS u0 WHERE (u0."email" = $1) ["test@example.com"]
23:09:57.777 [debug] QUERY OK source="users" db=0.1ms
INSERT INTO "users" ("id","status","org_id","email","display_name","roles","cose_key","credential_id","created_at","updated_at") VALUES ($1,$2,$3,$4,$5,$6,$7,$8,$9,$10) ["019d0c26-0b00-74a0-bd6d-48329cf61a57", "active", "019d0c26-0b00-74a0-8884-24b7b734f296", "test@example.com", "Test User", ["system_admin"], "bootstrap_cose_key", "bootstrap_credential_id", ~U[2026-03-20 23:09:57.777173Z], ~U[2026-03-20 23:09:57.777173Z]]
23:09:57.777 [debug] QUERY ERROR source="identity_user_settings" db=0.0ms
SELECT i0."id", i0."user_id", i0."org_id", i0."locale", i0."timezone", i0."notifications_enabled", i0."created_at", i0."updated_at" FROM "identity_user_settings" AS i0 WHERE (i0."id" = $1) ["019d0c26-0b00-74a0-bd6d-48329cf61a57"]
23:09:57.777 [debug] QUERY OK db=0.0ms
rollback []
23:09:57.778 [error] Nexus.Identity.Projectors.UserRegistrationProjector failed to handle event:
%Commanded.EventStore.RecordedEvent{
  event_id: "282ec866-f518-44ed-95f6-7a535d6c3e25",
  event_number: 11262,
  stream_id: "019d0c26-0b00-74a0-bd6d-48329cf61a57",
  stream_version: 1,
  causation_id: "d64809a4-8402-4360-8536-99b7a0f860ca",
  correlation_id: "e0f4b4bb-483c-4914-aaaa-956d1587d67e",
  event_type: "Elixir.Nexus.Identity.Events.UserRegistered",
  data: %Nexus.Identity.Events.UserRegistered{
    user_id: "019d0c26-0b00-74a0-bd6d-48329cf61a57",
    org_id: "019d0c26-0b00-74a0-8884-24b7b734f296",
    email: "test@example.com",
    role: "system_admin",
    cose_key: "Ym9vdHN0cmFwX2Nvc2Vfa2V5",
    credential_id: "Ym9vdHN0cmFwX2NyZWRlbnRpYWxfaWQ=",
    registered_at: "2026-03-20T16:48:33.024173Z",
    display_name: "Test User",
    status: "active"
  },
  created_at: ~U[2026-03-20 16:48:33.025211Z],
  metadata: %{
    "causation_id" => "019d0c26-0b00-71d0-a1d2-041f55e92cfc",
    "correlation_id" => "019d0c26-0b00-71d0-a1d2-041f55e92cfc"
  }
}, due to:
** (Postgrex.Error) ERROR 42703 (undefined_column) column i0.id does not exist

    query: SELECT i0."id", i0."user_id", i0."org_id", i0."locale", i0."timezone", i0."notifications_enabled", i0."created_at", i0."updated_at" FROM "identity_user_settings" AS i0 WHERE (i0."id" = $1)
    (ecto_sql 3.13.4) lib/ecto/adapters/sql.ex:1113: Ecto.Adapters.SQL.raise_sql_call_error/1
    (ecto_sql 3.13.4) lib/ecto/adapters/sql.ex:1011: Ecto.Adapters.SQL.execute/6
    (ecto 3.13.5) lib/ecto/repo/queryable.ex:241: Ecto.Repo.Queryable.execute/4
    (ecto 3.13.5) lib/ecto/repo/queryable.ex:19: Ecto.Repo.Queryable.all/3
    (ecto 3.13.5) lib/ecto/repo/queryable.ex:163: Ecto.Repo.Queryable.one/3
    (nexus 0.1.0) lib/nexus/identity/projectors/user_registration_projector.ex:53: anonymous fn/3 in Nexus.Identity.Projectors.UserRegistrationProjector.project_registration/3
    (ecto 3.13.5) lib/ecto/multi.ex:905: Ecto.Multi.apply_operation/5
    (elixir 1.19.5) lib/enum.ex:2520: Enum."-reduce/3-lists^foldl/2-0-"/3
    (ecto 3.13.5) lib/ecto/multi.ex:878: anonymous fn/5 in Ecto.Multi.apply_operations/5
    (ecto_sql 3.13.4) lib/ecto/adapters/sql.ex:1473: anonymous fn/3 in Ecto.Adapters.SQL.checkout_or_transaction/4
    (db_connection 2.9.0) lib/db_connection.ex:1747: DBConnection.run_transaction/4
    (ecto 3.13.5) lib/ecto/repo/transaction.ex:30: Ecto.Repo.Transaction.transact/4
    (nexus 0.1.0) deps/commanded_ecto_projections/lib/projections/ecto.ex:97: Nexus.Identity.Projectors.UserRegistrationProjector.update_projection/3
    (commanded 1.4.9) lib/commanded/event/handler.ex:1221: Commanded.Event.Handler.delegate_event_to_handler/2
    (commanded 1.4.9) lib/commanded/event/handler.ex:1062: Commanded.Event.Handler.handle_event/3
    (elixir 1.19.5) lib/enum.ex:2520: Enum."-reduce/3-lists^foldl/2-0-"/3
    (commanded 1.4.9) lib/commanded/event/handler.ex:969: Commanded.Event.Handler.handle_info/2
    (stdlib 7.1) gen_server.erl:2434: :gen_server.try_handle_info/3
    (stdlib 7.1) gen_server.erl:2420: :gen_server.handle_msg/3
    (stdlib 7.1) proc_lib.erl:333: :proc_lib.init_p_do_apply/3

23:09:57.778 [warning] Nexus.Identity.Projectors.UserRegistrationProjector has requested to stop: %Postgrex.Error{message: nil, postgres: %{code: :undefined_column, line: "3721", message: "column i0.id does not exist", position: "8", file: "parse_relation.c", unknown: "ERROR", severity: "ERROR", pg_code: "42703", routine: "errorMissingColumn"}, connection_id: 3157, query: "SELECT i0.\"id\", i0.\"user_id\", i0.\"org_id\", i0.\"locale\", i0.\"timezone\", i0.\"notifications_enabled\", i0.\"created_at\", i0.\"updated_at\" FROM \"identity_user_settings\" AS i0 WHERE (i0.\"id\" = $1)"}
23:09:57.778 [debug] Nexus.Identity.Projectors.UserRegistrationProjector is shutting down due to %Postgrex.Error{message: nil, postgres: %{code: :undefined_column, line: "3721", message: "column i0.id does not exist", position: "8", file: "parse_relation.c", unknown: "ERROR", severity: "ERROR", pg_code: "42703", routine: "errorMissingColumn"}, connection_id: 3157, query: "SELECT i0.\"id\", i0.\"user_id\", i0.\"org_id\", i0.\"locale\", i0.\"timezone\", i0.\"notifications_enabled\", i0.\"created_at\", i0.\"updated_at\" FROM \"identity_user_settings\" AS i0 WHERE (i0.\"id\" = $1)"}
23:09:57.778 [error] GenServer {Nexus.App.LocalRegistry, {Nexus.App, Commanded.Event.Handler, "Identity.Projectors.UserRegistrationProjector"}} terminating
** (stop) %Postgrex.Error{message: nil, postgres: %{code: :undefined_column, line: "3721", message: "column i0.id does not exist", position: "8", file: "parse_relation.c", unknown: "ERROR", severity: "ERROR", pg_code: "42703", routine: "errorMissingColumn"}, connection_id: 3157, query: "SELECT i0.\"id\", i0.\"user_id\", i0.\"org_id\", i0.\"locale\", i0.\"timezone\", i0.\"notifications_enabled\", i0.\"created_at\", i0.\"updated_at\" FROM \"identity_user_settings\" AS i0 WHERE (i0.\"id\" = $1)"}
Last message: {:events, [%Commanded.EventStore.RecordedEvent{event_id: "282ec866-f518-44ed-95f6-7a535d6c3e25", event_number: 11262, stream_id: "019d0c26-0b00-74a0-bd6d-48329cf61a57", stream_version: 1, causation_id: "d64809a4-8402-4360-8536-99b7a0f860ca", correlation_id: "e0f4b4bb-483c-4914-aaaa-956d1587d67e", event_type: "Elixir.Nexus.Identity.Events.UserRegistered", data: %Nexus.Identity.Events.UserRegistered{user_id: "019d0c26-0b00-74a0-bd6d-48329cf61a57", org_id: "019d0c26-0b00-74a0-8884-24b7b734f296", email: "test@example.com", role: "system_admin", cose_key: "Ym9vdHN0cmFwX2Nvc2Vfa2V5", credential_id: "Ym9vdHN0cmFwX2NyZWRlbnRpYWxfaWQ=", registered_at: "2026-03-20T16:48:33.024173Z", display_name: "Test User", status: "active"}, created_at: ~U[2026-03-20 16:48:33.025211Z], metadata: %{"causation_id" => "019d0c26-0b00-71d0-a1d2-041f55e92cfc", "correlation_id" => "019d0c26-0b00-71d0-a1d2-041f55e92cfc"}}]}
State: %Commanded.Event.Handler{application: Nexus.App, consistency: :strong, handler_callback: :event, handler_name: "Identity.Projectors.UserRegistrationProjector", handler_module: Nexus.Identity.Projectors.UserRegistrationProjector, handler_state: nil, last_seen_event: nil, subscription: %Commanded.EventStore.Subscription{application: Nexus.App, backoff: {:backoff, 1000, 60000, 1000, :jitter, :undefined, :undefined}, concurrency: 1, partition_by: nil, subscribe_to: :all, subscribe_from: :origin, subscription_name: "Identity.Projectors.UserRegistrationProjector", subscription_opts: [], subscription_pid: #PID<0.1924.0>, subscription_ref: #Reference<0.504251661.3394502657.104854>}, subscribe_timer: nil}
23:09:57.779 [debug] Subscription "Identity.Projectors.UserRegistrationProjector"@"$all" subscriber #PID<0.1923.0> down due to: %Postgrex.Error{message: nil, postgres: %{code: :undefined_column, line: "3721", message: "column i0.id does not exist", position: "8", file: "parse_relation.c", unknown: "ERROR", severity: "ERROR", pg_code: "42703", routine: "errorMissingColumn"}, connection_id: 3157, query: "SELECT i0.\"id\", i0.\"user_id\", i0.\"org_id\", i0.\"locale\", i0.\"timezone\", i0.\"notifications_enabled\", i0.\"created_at\", i0.\"updated_at\" FROM \"identity_user_settings\" AS i0 WHERE (i0.\"id\" = $1)"}
23:09:57.779 [debug] Subscription "Identity.Projectors.UserRegistrationProjector"@"$all" has no subscribers, shutting down
23:09:57.779 [error] GenServer {Nexus.EventStore.EventStore.Subscriptions.Registry, {"$all", "Identity.Projectors.UserRegistrationProjector"}} terminating
** (stop) %Postgrex.Error{message: nil, postgres: %{code: :undefined_column, line: "3721", message: "column i0.id does not exist", position: "8", file: "parse_relation.c", unknown: "ERROR", severity: "ERROR", pg_code: "42703", routine: "errorMissingColumn"}, connection_id: 3157, query: "SELECT i0.\"id\", i0.\"user_id\", i0.\"org_id\", i0.\"locale\", i0.\"timezone\", i0.\"notifications_enabled\", i0.\"created_at\", i0.\"updated_at\" FROM \"identity_user_settings\" AS i0 WHERE (i0.\"id\" = $1)"}
Last message: {:DOWN, #Reference<0.504251661.3394502657.104829>, :process, #PID<0.1923.0>, %Postgrex.Error{message: nil, postgres: %{code: :undefined_column, line: "3721", message: "column i0.id does not exist", position: "8", file: "parse_relation.c", unknown: "ERROR", severity: "ERROR", pg_code: "42703", routine: "errorMissingColumn"}, connection_id: 3157, query: "SELECT i0.\"id\", i0.\"user_id\", i0.\"org_id\", i0.\"locale\", i0.\"timezone\", i0.\"notifications_enabled\", i0.\"created_at\", i0.\"updated_at\" FROM \"identity_user_settings\" AS i0 WHERE (i0.\"id\" = $1)"}}
State: %EventStore.Subscriptions.Subscription{stream_uuid: "$all", subscription_name: "Identity.Projectors.UserRegistrationProjector", subscription: %EventStore.Subscriptions.SubscriptionFsm{state: :unsubscribed, data: %EventStore.Subscriptions.SubscriptionState{conn: Nexus.EventStore.Postgrex, event_store: Nexus.EventStore, serializer: Commanded.Serialization.JsonSerializer, schema: "event_store", stream_uuid: "$all", start_from: 0, subscription_name: "Identity.Projectors.UserRegistrationProjector", subscription_id: 405, selector: nil, mapper: &Commanded.EventStore.Adapters.EventStore.Mapper.from_recorded_event/1, max_size: 1000, partition_by: nil, query_timeout: 15000, lock_ref: #Reference<0.504251661.3394502657.104851>, last_received: 12197, last_sent: 11262, last_ack: 11261, queue_size: 936, buffer_size: 1, checkpoint_after: 0, checkpoint_threshold: 1, checkpoint_timer_ref: nil, checkpoints_pending: 0, subscribers: %{}, partitions: %{nil: {[%EventStore.RecordedEvent{event_number: 12197, event_id: "1090d0fa-e811-4476-b333-0ecde47df19b", stream_uuid: "7f9d61e3-4ddb-4a45-9632-c9b4e8e37a26", stream_version: 1, correlation_id: "95c6a40b-6222-41f9-98d5-3e8c238cd512", causation_id: "cafcad9f-48b9-4455-9cc5-59cc5c81305c", event_type: "Elixir.Nexus.Identity.Events.UserRegistered", data: %Nexus.Identity.Events.UserRegistered{user_id: "7f9d61e3-4ddb-4a45-9632-c9b4e8e37a26", org_id: "a136c24b-09d3-44e5-b654-62c6eb3563d2", email: "test@example.com", role: "admin", cose_key: "dummy", credential_id: "dummy", registered_at: "2026-03-20T23:09:57.291719Z", display_name: "Test User", status: "active"}, metadata: %{"causation_id" => "019d0d83-3aab-7cfc-b64f-9c138c365c71", "correlation_id" => "019d0d83-3aab-7cfc-b64f-9c138c365c71"}, created_at: ~U[2026-03-20 23:09:57.294271Z]}, %EventStore.RecordedEvent{event_number: 12196, event_id: "51ed3aa0-2b4d-4f9e-bb88-d9b7471414a0", stream_uuid: "a6d32835-04fe-47c3-93c7-50750f4c0025", stream_version: 2, correlation_id: "fb342b99-3477-4551-974c-9a74331120b4", causation_id: "e22481cf-a9ef-4153-a77b-9a91fcb9b83b", event_type: "Elixir.Nexus.Identity.Events.SessionExpired", data: %Nexus.Identity.Events.SessionExpired{org_id: "aefc3981-97e0-4a44-a442-807e9d7b3892", user_id: "a6d32835-04fe-47c3-93c7-50750f4c0025", session_id: "87180336-fdab-415d-a0c7-23fd23f136a9", expired_at: "2026-03-20T23:09:56.784404Z"}, metadata: %{"causation_id" => "019d0d83-38b1-75a5-8e13-bbe0bed9ff21", "correlation_id" => "019d0d83-38b1-75a5-8e13-bbe0bed9ff21"}, created_at: ~U[2026-03-20 23:09:56.786169Z]}, %EventStore.RecordedEvent{event_number: 12195, event_id: "63cf0cf3-679d-4adb-a5fc-1b7c8cdfe448", stream_uuid: "a6d32835-04fe-47c3-93c7-50750f4c0025", stream_version: 1, correlation_id: "4b130646-5380-41f3-b6df-9abfd1ed0d92", causation_id: "0f27ee9d-27db-4e8b-8f2d-6a8556a5e9d4", event_type: "Elixir.Nexus.Identity.Events.UserRegistered", data: %Nexus.Identity.Events.UserRegistered{user_id: "a6d32835-04fe-47c3-93c7-50750f4c0025", org_id: "aefc3981-97e0-4a44-a442-807e9d7b3892", email: "test@example.com", role: "admin", cose_key: "dummy", credential_id: "dummy", registered_at: "2026-03-20T23:09:56.579831Z", display_name: "Test User", status: "active"}, metadata: %{"causation_id" => "019d0d83-37e3-7671-991d-f18a42a53090", "correlation_id" => "019d0d83-37e3-7671-991d-f18a42a53090"}, created_at: ~U[2026-03-20 23:09:56.581065Z]}, %EventStore.RecordedEvent{event_number: 12194, event_id: "3f8f3cbc-ea72-45a7-ab6d-12a43da50245", stream_uuid: "e55da693-c009-4afd-a56e-9b4ab3975acc", stream_version: 2, correlation_id: "e5500f71-9103-4737-8991-5eb165815e23", causation_id: "633094f8-6986-459b-9416-072dd0187fd9", ...}, ...], ...}}, ...}}, ...}
23:09:57.779 [debug] Nexus.Identity.Projectors.UserRegistrationProjector is shutting down due to {%Postgrex.Error{message: nil, postgres: %{code: :undefined_column, line: "3721", message: "column i0.id does not exist", position: "8", file: "parse_relation.c", unknown: "ERROR", severity: "ERROR", pg_code: "42703", routine: "errorMissingColumn"}, connection_id: 3157, query: "SELECT i0.\"id\", i0.\"user_id\", i0.\"org_id\", i0.\"locale\", i0.\"timezone\", i0.\"notifications_enabled\", i0.\"created_at\", i0.\"updated_at\" FROM \"identity_user_settings\" AS i0 WHERE (i0.\"id\" = $1)"}, {GenServer, :call, [#PID<0.1924.0>, {:connect, #PID<0.1925.0>, [retry_interval: 60000, hibernate_after: 15000, partition_by: nil, concurrency_limit: 1, name: Nexus.EventStore, mapper: &Commanded.EventStore.Adapters.EventStore.Mapper.from_recorded_event/1, conn: Nexus.EventStore.Postgrex, event_store: Nexus.EventStore, query_timeout: 15000, schema: "event_store", serializer: Commanded.Serialization.JsonSerializer, stream_uuid: "$all", subscription_name: "Identity.Projectors.UserRegistrationProjector", start_from: 0]}, 5000]}}
23:09:57.779 [error] GenServer {Nexus.App.LocalRegistry, {Nexus.App, Commanded.Event.Handler, "Identity.Projectors.UserRegistrationProjector"}} terminating
** (stop) exited in: GenServer.call(#PID<0.1924.0>, {:connect, #PID<0.1925.0>, [retry_interval: 60000, hibernate_after: 15000, partition_by: nil, concurrency_limit: 1, name: Nexus.EventStore, mapper: &Commanded.EventStore.Adapters.EventStore.Mapper.from_recorded_event/1, conn: Nexus.EventStore.Postgrex, event_store: Nexus.EventStore, query_timeout: 15000, schema: "event_store", serializer: Commanded.Serialization.JsonSerializer, stream_uuid: "$all", subscription_name: "Identity.Projectors.UserRegistrationProjector", start_from: 0]}, 5000)
    ** (EXIT) %Postgrex.Error{message: nil, postgres: %{code: :undefined_column, line: "3721", message: "column i0.id does not exist", position: "8", file: "parse_relation.c", unknown: "ERROR", severity: "ERROR", pg_code: "42703", routine: "errorMissingColumn"}, connection_id: 3157, query: "SELECT i0.\"id\", i0.\"user_id\", i0.\"org_id\", i0.\"locale\", i0.\"timezone\", i0.\"notifications_enabled\", i0.\"created_at\", i0.\"updated_at\" FROM \"identity_user_settings\" AS i0 WHERE (i0.\"id\" = $1)"}
    (elixir 1.19.5) lib/gen_server.ex:1142: GenServer.call/3
    (commanded 1.4.9) lib/commanded/event_store.ex:289: anonymous fn/2 in Commanded.EventStore.span/3
    (telemetry 1.3.0) /Users/bernard/dev/nexus/deps/telemetry/src/telemetry.erl:324: :telemetry.span/3
    (commanded 1.4.9) lib/commanded/event_store/subscription.ex:58: Commanded.EventStore.Subscription.subscribe/2
    (commanded 1.4.9) lib/commanded/event/handler.ex:1024: Commanded.Event.Handler.subscribe_to_events/1
    (commanded 1.4.9) lib/commanded/event/handler.ex:887: Commanded.Event.Handler.handle_continue/2
    (stdlib 7.1) gen_server.erl:2424: :gen_server.try_handle_continue/3
    (stdlib 7.1) gen_server.erl:2291: :gen_server.loop/4
    (stdlib 7.1) proc_lib.erl:333: :proc_lib.init_p_do_apply/3
Last message: {:continue, :subscribe_to_events}
State: %Commanded.Event.Handler{application: Nexus.App, consistency: :strong, handler_callback: :event, handler_name: "Identity.Projectors.UserRegistrationProjector", handler_module: Nexus.Identity.Projectors.UserRegistrationProjector, handler_state: nil, last_seen_event: nil, subscription: %Commanded.EventStore.Subscription{application: Nexus.App, backoff: {:backoff, 1000, 60000, 1000, :jitter, :undefined, :undefined}, concurrency: 1, partition_by: nil, subscribe_to: :all, subscribe_from: :origin, subscription_name: "Identity.Projectors.UserRegistrationProjector", subscription_opts: [], subscription_pid: nil, subscription_ref: nil}, subscribe_timer: nil}
23:09:57.780 [debug] Subscription "Identity.Projectors.UserRegistrationProjector"@"$all" attempting to connect subscriber #PID<0.1926.0>
23:09:57.780 [debug] Subscription "Identity.Projectors.UserRegistrationProjector"@"$all" catching-up
23:09:57.780 [debug] Nexus.Identity.Projectors.UserRegistrationProjector has successfully subscribed to event store
23:09:57.793 [debug] Nexus.Identity.Projectors.UserRegistrationProjector received events: [%Commanded.EventStore.RecordedEvent{event_id: "282ec866-f518-44ed-95f6-7a535d6c3e25", event_number: 11262, stream_id: "019d0c26-0b00-74a0-bd6d-48329cf61a57", stream_version: 1, causation_id: "d64809a4-8402-4360-8536-99b7a0f860ca", correlation_id: "e0f4b4bb-483c-4914-aaaa-956d1587d67e", event_type: "Elixir.Nexus.Identity.Events.UserRegistered", data: %Nexus.Identity.Events.UserRegistered{user_id: "019d0c26-0b00-74a0-bd6d-48329cf61a57", org_id: "019d0c26-0b00-74a0-8884-24b7b734f296", email: "test@example.com", role: "system_admin", cose_key: "Ym9vdHN0cmFwX2Nvc2Vfa2V5", credential_id: "Ym9vdHN0cmFwX2NyZWRlbnRpYWxfaWQ=", registered_at: "2026-03-20T16:48:33.024173Z", display_name: "Test User", status: "active"}, created_at: ~U[2026-03-20 16:48:33.025211Z], metadata: %{"causation_id" => "019d0c26-0b00-71d0-a1d2-041f55e92cfc", "correlation_id" => "019d0c26-0b00-71d0-a1d2-041f55e92cfc"}}]
23:09:57.793 [debug] QUERY OK db=0.1ms
begin []
23:09:57.794 [debug] QUERY OK source="projection_versions" db=0.1ms
INSERT INTO "projection_versions" AS p0 ("projection_name","last_seen_event_number","inserted_at","updated_at") VALUES ($1,$2,$3,$4) ON CONFLICT ("projection_name") DO UPDATE SET "last_seen_event_number" = $5 WHERE ((p0."projection_name" = $6) AND (p0."last_seen_event_number" < $7)) ["Identity.Projectors.UserRegistrationProjector", 11262, ~N[2026-03-20 23:09:57.793990], ~N[2026-03-20 23:09:57.793990], 11262, "Identity.Projectors.UserRegistrationProjector", 11262]
23:09:57.794 [debug] QUERY OK source="users" db=0.0ms
SELECT u0."id", u0."org_id", u0."email", u0."display_name", u0."status", u0."cose_key", u0."credential_id", u0."roles", u0."created_at", u0."updated_at" FROM "users" AS u0 WHERE (u0."id" = $1) ["019d0c26-0b00-74a0-bd6d-48329cf61a57"]
23:09:57.794 [debug] QUERY OK source="users" db=0.1ms
SELECT u0."id", u0."org_id", u0."email", u0."display_name", u0."status", u0."cose_key", u0."credential_id", u0."roles", u0."created_at", u0."updated_at" FROM "users" AS u0 WHERE (u0."email" = $1) ["test@example.com"]
23:09:57.794 [debug] QUERY OK source="users" db=0.1ms
INSERT INTO "users" ("id","status","org_id","email","display_name","roles","cose_key","credential_id","created_at","updated_at") VALUES ($1,$2,$3,$4,$5,$6,$7,$8,$9,$10) ["019d0c26-0b00-74a0-bd6d-48329cf61a57", "active", "019d0c26-0b00-74a0-8884-24b7b734f296", "test@example.com", "Test User", ["system_admin"], "bootstrap_cose_key", "bootstrap_credential_id", ~U[2026-03-20 23:09:57.794570Z], ~U[2026-03-20 23:09:57.794570Z]]
23:09:57.794 [debug] QUERY ERROR source="identity_user_settings" db=0.0ms
SELECT i0."id", i0."user_id", i0."org_id", i0."locale", i0."timezone", i0."notifications_enabled", i0."created_at", i0."updated_at" FROM "identity_user_settings" AS i0 WHERE (i0."id" = $1) ["019d0c26-0b00-74a0-bd6d-48329cf61a57"]
23:09:57.795 [debug] QUERY OK db=0.1ms
rollback []
23:09:57.796 [error] Nexus.Identity.Projectors.UserRegistrationProjector failed to handle event:
%Commanded.EventStore.RecordedEvent{
  event_id: "282ec866-f518-44ed-95f6-7a535d6c3e25",
  event_number: 11262,
  stream_id: "019d0c26-0b00-74a0-bd6d-48329cf61a57",
  stream_version: 1,
  causation_id: "d64809a4-8402-4360-8536-99b7a0f860ca",
  correlation_id: "e0f4b4bb-483c-4914-aaaa-956d1587d67e",
  event_type: "Elixir.Nexus.Identity.Events.UserRegistered",
  data: %Nexus.Identity.Events.UserRegistered{
    user_id: "019d0c26-0b00-74a0-bd6d-48329cf61a57",
    org_id: "019d0c26-0b00-74a0-8884-24b7b734f296",
    email: "test@example.com",
    role: "system_admin",
    cose_key: "Ym9vdHN0cmFwX2Nvc2Vfa2V5",
    credential_id: "Ym9vdHN0cmFwX2NyZWRlbnRpYWxfaWQ=",
    registered_at: "2026-03-20T16:48:33.024173Z",
    display_name: "Test User",
    status: "active"
  },
  created_at: ~U[2026-03-20 16:48:33.025211Z],
  metadata: %{
    "causation_id" => "019d0c26-0b00-71d0-a1d2-041f55e92cfc",
    "correlation_id" => "019d0c26-0b00-71d0-a1d2-041f55e92cfc"
  }
}, due to:
** (Postgrex.Error) ERROR 42703 (undefined_column) column i0.id does not exist

    query: SELECT i0."id", i0."user_id", i0."org_id", i0."locale", i0."timezone", i0."notifications_enabled", i0."created_at", i0."updated_at" FROM "identity_user_settings" AS i0 WHERE (i0."id" = $1)
    (ecto_sql 3.13.4) lib/ecto/adapters/sql.ex:1113: Ecto.Adapters.SQL.raise_sql_call_error/1
    (ecto_sql 3.13.4) lib/ecto/adapters/sql.ex:1011: Ecto.Adapters.SQL.execute/6
    (ecto 3.13.5) lib/ecto/repo/queryable.ex:241: Ecto.Repo.Queryable.execute/4
    (ecto 3.13.5) lib/ecto/repo/queryable.ex:19: Ecto.Repo.Queryable.all/3
    (ecto 3.13.5) lib/ecto/repo/queryable.ex:163: Ecto.Repo.Queryable.one/3
    (nexus 0.1.0) lib/nexus/identity/projectors/user_registration_projector.ex:53: anonymous fn/3 in Nexus.Identity.Projectors.UserRegistrationProjector.project_registration/3
    (ecto 3.13.5) lib/ecto/multi.ex:905: Ecto.Multi.apply_operation/5
    (elixir 1.19.5) lib/enum.ex:2520: Enum."-reduce/3-lists^foldl/2-0-"/3
    (ecto 3.13.5) lib/ecto/multi.ex:878: anonymous fn/5 in Ecto.Multi.apply_operations/5
    (ecto_sql 3.13.4) lib/ecto/adapters/sql.ex:1473: anonymous fn/3 in Ecto.Adapters.SQL.checkout_or_transaction/4
    (db_connection 2.9.0) lib/db_connection.ex:1747: DBConnection.run_transaction/4
    (ecto 3.13.5) lib/ecto/repo/transaction.ex:30: Ecto.Repo.Transaction.transact/4
    (nexus 0.1.0) deps/commanded_ecto_projections/lib/projections/ecto.ex:97: Nexus.Identity.Projectors.UserRegistrationProjector.update_projection/3
    (commanded 1.4.9) lib/commanded/event/handler.ex:1221: Commanded.Event.Handler.delegate_event_to_handler/2
    (commanded 1.4.9) lib/commanded/event/handler.ex:1062: Commanded.Event.Handler.handle_event/3
    (elixir 1.19.5) lib/enum.ex:2520: Enum."-reduce/3-lists^foldl/2-0-"/3
    (commanded 1.4.9) lib/commanded/event/handler.ex:969: Commanded.Event.Handler.handle_info/2
    (stdlib 7.1) gen_server.erl:2434: :gen_server.try_handle_info/3
    (stdlib 7.1) gen_server.erl:2420: :gen_server.handle_msg/3
    (stdlib 7.1) proc_lib.erl:333: :proc_lib.init_p_do_apply/3

23:09:57.796 [warning] Nexus.Identity.Projectors.UserRegistrationProjector has requested to stop: %Postgrex.Error{message: nil, postgres: %{code: :undefined_column, line: "3721", message: "column i0.id does not exist", position: "8", file: "parse_relation.c", unknown: "ERROR", severity: "ERROR", pg_code: "42703", routine: "errorMissingColumn"}, connection_id: 3157, query: "SELECT i0.\"id\", i0.\"user_id\", i0.\"org_id\", i0.\"locale\", i0.\"timezone\", i0.\"notifications_enabled\", i0.\"created_at\", i0.\"updated_at\" FROM \"identity_user_settings\" AS i0 WHERE (i0.\"id\" = $1)"}
23:09:57.796 [debug] Nexus.Identity.Projectors.UserRegistrationProjector is shutting down due to %Postgrex.Error{message: nil, postgres: %{code: :undefined_column, line: "3721", message: "column i0.id does not exist", position: "8", file: "parse_relation.c", unknown: "ERROR", severity: "ERROR", pg_code: "42703", routine: "errorMissingColumn"}, connection_id: 3157, query: "SELECT i0.\"id\", i0.\"user_id\", i0.\"org_id\", i0.\"locale\", i0.\"timezone\", i0.\"notifications_enabled\", i0.\"created_at\", i0.\"updated_at\" FROM \"identity_user_settings\" AS i0 WHERE (i0.\"id\" = $1)"}
23:09:57.796 [error] GenServer {Nexus.App.LocalRegistry, {Nexus.App, Commanded.Event.Handler, "Identity.Projectors.UserRegistrationProjector"}} terminating
** (stop) %Postgrex.Error{message: nil, postgres: %{code: :undefined_column, line: "3721", message: "column i0.id does not exist", position: "8", file: "parse_relation.c", unknown: "ERROR", severity: "ERROR", pg_code: "42703", routine: "errorMissingColumn"}, connection_id: 3157, query: "SELECT i0.\"id\", i0.\"user_id\", i0.\"org_id\", i0.\"locale\", i0.\"timezone\", i0.\"notifications_enabled\", i0.\"created_at\", i0.\"updated_at\" FROM \"identity_user_settings\" AS i0 WHERE (i0.\"id\" = $1)"}
Last message: {:events, [%Commanded.EventStore.RecordedEvent{event_id: "282ec866-f518-44ed-95f6-7a535d6c3e25", event_number: 11262, stream_id: "019d0c26-0b00-74a0-bd6d-48329cf61a57", stream_version: 1, causation_id: "d64809a4-8402-4360-8536-99b7a0f860ca", correlation_id: "e0f4b4bb-483c-4914-aaaa-956d1587d67e", event_type: "Elixir.Nexus.Identity.Events.UserRegistered", data: %Nexus.Identity.Events.UserRegistered{user_id: "019d0c26-0b00-74a0-bd6d-48329cf61a57", org_id: "019d0c26-0b00-74a0-8884-24b7b734f296", email: "test@example.com", role: "system_admin", cose_key: "Ym9vdHN0cmFwX2Nvc2Vfa2V5", credential_id: "Ym9vdHN0cmFwX2NyZWRlbnRpYWxfaWQ=", registered_at: "2026-03-20T16:48:33.024173Z", display_name: "Test User", status: "active"}, created_at: ~U[2026-03-20 16:48:33.025211Z], metadata: %{"causation_id" => "019d0c26-0b00-71d0-a1d2-041f55e92cfc", "correlation_id" => "019d0c26-0b00-71d0-a1d2-041f55e92cfc"}}]}
State: %Commanded.Event.Handler{application: Nexus.App, consistency: :strong, handler_callback: :event, handler_name: "Identity.Projectors.UserRegistrationProjector", handler_module: Nexus.Identity.Projectors.UserRegistrationProjector, handler_state: nil, last_seen_event: nil, subscription: %Commanded.EventStore.Subscription{application: Nexus.App, backoff: {:backoff, 1000, 60000, 1000, :jitter, :undefined, :undefined}, concurrency: 1, partition_by: nil, subscribe_to: :all, subscribe_from: :origin, subscription_name: "Identity.Projectors.UserRegistrationProjector", subscription_opts: [], subscription_pid: #PID<0.1927.0>, subscription_ref: #Reference<0.504251661.3394502657.105067>}, subscribe_timer: nil}
23:09:57.796 [debug] Subscription "Identity.Projectors.UserRegistrationProjector"@"$all" subscriber #PID<0.1926.0> down due to: %Postgrex.Error{message: nil, postgres: %{code: :undefined_column, line: "3721", message: "column i0.id does not exist", position: "8", file: "parse_relation.c", unknown: "ERROR", severity: "ERROR", pg_code: "42703", routine: "errorMissingColumn"}, connection_id: 3157, query: "SELECT i0.\"id\", i0.\"user_id\", i0.\"org_id\", i0.\"locale\", i0.\"timezone\", i0.\"notifications_enabled\", i0.\"created_at\", i0.\"updated_at\" FROM \"identity_user_settings\" AS i0 WHERE (i0.\"id\" = $1)"}
23:09:57.796 [debug] Subscription "Identity.Projectors.UserRegistrationProjector"@"$all" has no subscribers, shutting down
23:09:57.796 [error] GenServer {Nexus.EventStore.EventStore.Subscriptions.Registry, {"$all", "Identity.Projectors.UserRegistrationProjector"}} terminating
** (stop) %Postgrex.Error{message: nil, postgres: %{code: :undefined_column, line: "3721", message: "column i0.id does not exist", position: "8", file: "parse_relation.c", unknown: "ERROR", severity: "ERROR", pg_code: "42703", routine: "errorMissingColumn"}, connection_id: 3157, query: "SELECT i0.\"id\", i0.\"user_id\", i0.\"org_id\", i0.\"locale\", i0.\"timezone\", i0.\"notifications_enabled\", i0.\"created_at\", i0.\"updated_at\" FROM \"identity_user_settings\" AS i0 WHERE (i0.\"id\" = $1)"}
Last message: {:DOWN, #Reference<0.504251661.3394502657.105061>, :process, #PID<0.1926.0>, %Postgrex.Error{message: nil, postgres: %{code: :undefined_column, line: "3721", message: "column i0.id does not exist", position: "8", file: "parse_relation.c", unknown: "ERROR", severity: "ERROR", pg_code: "42703", routine: "errorMissingColumn"}, connection_id: 3157, query: "SELECT i0.\"id\", i0.\"user_id\", i0.\"org_id\", i0.\"locale\", i0.\"timezone\", i0.\"notifications_enabled\", i0.\"created_at\", i0.\"updated_at\" FROM \"identity_user_settings\" AS i0 WHERE (i0.\"id\" = $1)"}}
State: %EventStore.Subscriptions.Subscription{stream_uuid: "$all", subscription_name: "Identity.Projectors.UserRegistrationProjector", subscription: %EventStore.Subscriptions.SubscriptionFsm{state: :unsubscribed, data: %EventStore.Subscriptions.SubscriptionState{conn: Nexus.EventStore.Postgrex, event_store: Nexus.EventStore, serializer: Commanded.Serialization.JsonSerializer, schema: "event_store", stream_uuid: "$all", start_from: 0, subscription_name: "Identity.Projectors.UserRegistrationProjector", subscription_id: 405, selector: nil, mapper: &Commanded.EventStore.Adapters.EventStore.Mapper.from_recorded_event/1, max_size: 1000, partition_by: nil, query_timeout: 15000, lock_ref: #Reference<0.504251661.3394502657.105064>, last_received: 12197, last_sent: 11262, last_ack: 11261, queue_size: 936, buffer_size: 1, checkpoint_after: 0, checkpoint_threshold: 1, checkpoint_timer_ref: nil, checkpoints_pending: 0, subscribers: %{}, partitions: %{nil: {[%EventStore.RecordedEvent{event_number: 12197, event_id: "1090d0fa-e811-4476-b333-0ecde47df19b", stream_uuid: "7f9d61e3-4ddb-4a45-9632-c9b4e8e37a26", stream_version: 1, correlation_id: "95c6a40b-6222-41f9-98d5-3e8c238cd512", causation_id: "cafcad9f-48b9-4455-9cc5-59cc5c81305c", event_type: "Elixir.Nexus.Identity.Events.UserRegistered", data: %Nexus.Identity.Events.UserRegistered{user_id: "7f9d61e3-4ddb-4a45-9632-c9b4e8e37a26", org_id: "a136c24b-09d3-44e5-b654-62c6eb3563d2", email: "test@example.com", role: "admin", cose_key: "dummy", credential_id: "dummy", registered_at: "2026-03-20T23:09:57.291719Z", display_name: "Test User", status: "active"}, metadata: %{"causation_id" => "019d0d83-3aab-7cfc-b64f-9c138c365c71", "correlation_id" => "019d0d83-3aab-7cfc-b64f-9c138c365c71"}, created_at: ~U[2026-03-20 23:09:57.294271Z]}, %EventStore.RecordedEvent{event_number: 12196, event_id: "51ed3aa0-2b4d-4f9e-bb88-d9b7471414a0", stream_uuid: "a6d32835-04fe-47c3-93c7-50750f4c0025", stream_version: 2, correlation_id: "fb342b99-3477-4551-974c-9a74331120b4", causation_id: "e22481cf-a9ef-4153-a77b-9a91fcb9b83b", event_type: "Elixir.Nexus.Identity.Events.SessionExpired", data: %Nexus.Identity.Events.SessionExpired{org_id: "aefc3981-97e0-4a44-a442-807e9d7b3892", user_id: "a6d32835-04fe-47c3-93c7-50750f4c0025", session_id: "87180336-fdab-415d-a0c7-23fd23f136a9", expired_at: "2026-03-20T23:09:56.784404Z"}, metadata: %{"causation_id" => "019d0d83-38b1-75a5-8e13-bbe0bed9ff21", "correlation_id" => "019d0d83-38b1-75a5-8e13-bbe0bed9ff21"}, created_at: ~U[2026-03-20 23:09:56.786169Z]}, %EventStore.RecordedEvent{event_number: 12195, event_id: "63cf0cf3-679d-4adb-a5fc-1b7c8cdfe448", stream_uuid: "a6d32835-04fe-47c3-93c7-50750f4c0025", stream_version: 1, correlation_id: "4b130646-5380-41f3-b6df-9abfd1ed0d92", causation_id: "0f27ee9d-27db-4e8b-8f2d-6a8556a5e9d4", event_type: "Elixir.Nexus.Identity.Events.UserRegistered", data: %Nexus.Identity.Events.UserRegistered{user_id: "a6d32835-04fe-47c3-93c7-50750f4c0025", org_id: "aefc3981-97e0-4a44-a442-807e9d7b3892", email: "test@example.com", role: "admin", cose_key: "dummy", credential_id: "dummy", registered_at: "2026-03-20T23:09:56.579831Z", display_name: "Test User", status: "active"}, metadata: %{"causation_id" => "019d0d83-37e3-7671-991d-f18a42a53090", "correlation_id" => "019d0d83-37e3-7671-991d-f18a42a53090"}, created_at: ~U[2026-03-20 23:09:56.581065Z]}, %EventStore.RecordedEvent{event_number: 12194, event_id: "3f8f3cbc-ea72-45a7-ab6d-12a43da50245", stream_uuid: "e55da693-c009-4afd-a56e-9b4ab3975acc", stream_version: 2, correlation_id: "e5500f71-9103-4737-8991-5eb165815e23", causation_id: "633094f8-6986-459b-9416-072dd0187fd9", ...}, ...], ...}}, ...}}, ...}
23:09:57.796 [debug] Nexus.Identity.Projectors.UserRegistrationProjector is shutting down due to {%Postgrex.Error{message: nil, postgres: %{code: :undefined_column, line: "3721", message: "column i0.id does not exist", position: "8", file: "parse_relation.c", unknown: "ERROR", severity: "ERROR", pg_code: "42703", routine: "errorMissingColumn"}, connection_id: 3157, query: "SELECT i0.\"id\", i0.\"user_id\", i0.\"org_id\", i0.\"locale\", i0.\"timezone\", i0.\"notifications_enabled\", i0.\"created_at\", i0.\"updated_at\" FROM \"identity_user_settings\" AS i0 WHERE (i0.\"id\" = $1)"}, {GenServer, :call, [#PID<0.1927.0>, {:connect, #PID<0.1928.0>, [retry_interval: 60000, hibernate_after: 15000, partition_by: nil, concurrency_limit: 1, name: Nexus.EventStore, mapper: &Commanded.EventStore.Adapters.EventStore.Mapper.from_recorded_event/1, conn: Nexus.EventStore.Postgrex, event_store: Nexus.EventStore, query_timeout: 15000, schema: "event_store", serializer: Commanded.Serialization.JsonSerializer, stream_uuid: "$all", subscription_name: "Identity.Projectors.UserRegistrationProjector", start_from: 0]}, 5000]}}
23:09:57.796 [error] GenServer {Nexus.App.LocalRegistry, {Nexus.App, Commanded.Event.Handler, "Identity.Projectors.UserRegistrationProjector"}} terminating
** (stop) exited in: GenServer.call(#PID<0.1927.0>, {:connect, #PID<0.1928.0>, [retry_interval: 60000, hibernate_after: 15000, partition_by: nil, concurrency_limit: 1, name: Nexus.EventStore, mapper: &Commanded.EventStore.Adapters.EventStore.Mapper.from_recorded_event/1, conn: Nexus.EventStore.Postgrex, event_store: Nexus.EventStore, query_timeout: 15000, schema: "event_store", serializer: Commanded.Serialization.JsonSerializer, stream_uuid: "$all", subscription_name: "Identity.Projectors.UserRegistrationProjector", start_from: 0]}, 5000)
    ** (EXIT) %Postgrex.Error{message: nil, postgres: %{code: :undefined_column, line: "3721", message: "column i0.id does not exist", position: "8", file: "parse_relation.c", unknown: "ERROR", severity: "ERROR", pg_code: "42703", routine: "errorMissingColumn"}, connection_id: 3157, query: "SELECT i0.\"id\", i0.\"user_id\", i0.\"org_id\", i0.\"locale\", i0.\"timezone\", i0.\"notifications_enabled\", i0.\"created_at\", i0.\"updated_at\" FROM \"identity_user_settings\" AS i0 WHERE (i0.\"id\" = $1)"}
    (elixir 1.19.5) lib/gen_server.ex:1142: GenServer.call/3
    (commanded 1.4.9) lib/commanded/event_store.ex:289: anonymous fn/2 in Commanded.EventStore.span/3
    (telemetry 1.3.0) /Users/bernard/dev/nexus/deps/telemetry/src/telemetry.erl:324: :telemetry.span/3
    (commanded 1.4.9) lib/commanded/event_store/subscription.ex:58: Commanded.EventStore.Subscription.subscribe/2
    (commanded 1.4.9) lib/commanded/event/handler.ex:1024: Commanded.Event.Handler.subscribe_to_events/1
    (commanded 1.4.9) lib/commanded/event/handler.ex:887: Commanded.Event.Handler.handle_continue/2
    (stdlib 7.1) gen_server.erl:2424: :gen_server.try_handle_continue/3
    (stdlib 7.1) gen_server.erl:2291: :gen_server.loop/4
    (stdlib 7.1) proc_lib.erl:333: :proc_lib.init_p_do_apply/3
Last message: {:continue, :subscribe_to_events}
State: %Commanded.Event.Handler{application: Nexus.App, consistency: :strong, handler_callback: :event, handler_name: "Identity.Projectors.UserRegistrationProjector", handler_module: Nexus.Identity.Projectors.UserRegistrationProjector, handler_state: nil, last_seen_event: nil, subscription: %Commanded.EventStore.Subscription{application: Nexus.App, backoff: {:backoff, 1000, 60000, 1000, :jitter, :undefined, :undefined}, concurrency: 1, partition_by: nil, subscribe_to: :all, subscribe_from: :origin, subscription_name: "Identity.Projectors.UserRegistrationProjector", subscription_opts: [], subscription_pid: nil, subscription_ref: nil}, subscribe_timer: nil}
23:09:57.797 [debug] Subscription "Identity.Projectors.UserRegistrationProjector"@"$all" attempting to connect subscriber #PID<0.1929.0>
23:09:57.798 [debug] Subscription "Identity.Projectors.UserRegistrationProjector"@"$all" catching-up
23:09:57.798 [debug] Nexus.Identity.Projectors.UserRegistrationProjector has successfully subscribed to event store
23:09:57.813 [debug] Nexus.Identity.Projectors.UserRegistrationProjector received events: [%Commanded.EventStore.RecordedEvent{event_id: "282ec866-f518-44ed-95f6-7a535d6c3e25", event_number: 11262, stream_id: "019d0c26-0b00-74a0-bd6d-48329cf61a57", stream_version: 1, causation_id: "d64809a4-8402-4360-8536-99b7a0f860ca", correlation_id: "e0f4b4bb-483c-4914-aaaa-956d1587d67e", event_type: "Elixir.Nexus.Identity.Events.UserRegistered", data: %Nexus.Identity.Events.UserRegistered{user_id: "019d0c26-0b00-74a0-bd6d-48329cf61a57", org_id: "019d0c26-0b00-74a0-8884-24b7b734f296", email: "test@example.com", role: "system_admin", cose_key: "Ym9vdHN0cmFwX2Nvc2Vfa2V5", credential_id: "Ym9vdHN0cmFwX2NyZWRlbnRpYWxfaWQ=", registered_at: "2026-03-20T16:48:33.024173Z", display_name: "Test User", status: "active"}, created_at: ~U[2026-03-20 16:48:33.025211Z], metadata: %{"causation_id" => "019d0c26-0b00-71d0-a1d2-041f55e92cfc", "correlation_id" => "019d0c26-0b00-71d0-a1d2-041f55e92cfc"}}]
23:09:57.813 [debug] QUERY OK db=0.1ms
begin []
23:09:57.813 [debug] QUERY OK source="projection_versions" db=0.1ms
INSERT INTO "projection_versions" AS p0 ("projection_name","last_seen_event_number","inserted_at","updated_at") VALUES ($1,$2,$3,$4) ON CONFLICT ("projection_name") DO UPDATE SET "last_seen_event_number" = $5 WHERE ((p0."projection_name" = $6) AND (p0."last_seen_event_number" < $7)) ["Identity.Projectors.UserRegistrationProjector", 11262, ~N[2026-03-20 23:09:57.813341], ~N[2026-03-20 23:09:57.813341], 11262, "Identity.Projectors.UserRegistrationProjector", 11262]
23:09:57.813 [debug] QUERY OK source="users" db=0.1ms
SELECT u0."id", u0."org_id", u0."email", u0."display_name", u0."status", u0."cose_key", u0."credential_id", u0."roles", u0."created_at", u0."updated_at" FROM "users" AS u0 WHERE (u0."id" = $1) ["019d0c26-0b00-74a0-bd6d-48329cf61a57"]
23:09:57.813 [debug] QUERY OK source="users" db=0.0ms
SELECT u0."id", u0."org_id", u0."email", u0."display_name", u0."status", u0."cose_key", u0."credential_id", u0."roles", u0."created_at", u0."updated_at" FROM "users" AS u0 WHERE (u0."email" = $1) ["test@example.com"]
23:09:57.814 [debug] QUERY OK source="users" db=0.1ms
INSERT INTO "users" ("id","status","org_id","email","display_name","roles","cose_key","credential_id","created_at","updated_at") VALUES ($1,$2,$3,$4,$5,$6,$7,$8,$9,$10) ["019d0c26-0b00-74a0-bd6d-48329cf61a57", "active", "019d0c26-0b00-74a0-8884-24b7b734f296", "test@example.com", "Test User", ["system_admin"], "bootstrap_cose_key", "bootstrap_credential_id", ~U[2026-03-20 23:09:57.813909Z], ~U[2026-03-20 23:09:57.813909Z]]
23:09:57.814 [debug] QUERY ERROR source="identity_user_settings" db=0.0ms
SELECT i0."id", i0."user_id", i0."org_id", i0."locale", i0."timezone", i0."notifications_enabled", i0."created_at", i0."updated_at" FROM "identity_user_settings" AS i0 WHERE (i0."id" = $1) ["019d0c26-0b00-74a0-bd6d-48329cf61a57"]
23:09:57.814 [debug] QUERY OK db=0.0ms
rollback []
23:09:57.815 [error] Nexus.Identity.Projectors.UserRegistrationProjector failed to handle event:
%Commanded.EventStore.RecordedEvent{
  event_id: "282ec866-f518-44ed-95f6-7a535d6c3e25",
  event_number: 11262,
  stream_id: "019d0c26-0b00-74a0-bd6d-48329cf61a57",
  stream_version: 1,
  causation_id: "d64809a4-8402-4360-8536-99b7a0f860ca",
  correlation_id: "e0f4b4bb-483c-4914-aaaa-956d1587d67e",
  event_type: "Elixir.Nexus.Identity.Events.UserRegistered",
  data: %Nexus.Identity.Events.UserRegistered{
    user_id: "019d0c26-0b00-74a0-bd6d-48329cf61a57",
    org_id: "019d0c26-0b00-74a0-8884-24b7b734f296",
    email: "test@example.com",
    role: "system_admin",
    cose_key: "Ym9vdHN0cmFwX2Nvc2Vfa2V5",
    credential_id: "Ym9vdHN0cmFwX2NyZWRlbnRpYWxfaWQ=",
    registered_at: "2026-03-20T16:48:33.024173Z",
    display_name: "Test User",
    status: "active"
  },
  created_at: ~U[2026-03-20 16:48:33.025211Z],
  metadata: %{
    "causation_id" => "019d0c26-0b00-71d0-a1d2-041f55e92cfc",
    "correlation_id" => "019d0c26-0b00-71d0-a1d2-041f55e92cfc"
  }
}, due to:
** (Postgrex.Error) ERROR 42703 (undefined_column) column i0.id does not exist

    query: SELECT i0."id", i0."user_id", i0."org_id", i0."locale", i0."timezone", i0."notifications_enabled", i0."created_at", i0."updated_at" FROM "identity_user_settings" AS i0 WHERE (i0."id" = $1)
    (ecto_sql 3.13.4) lib/ecto/adapters/sql.ex:1113: Ecto.Adapters.SQL.raise_sql_call_error/1
    (ecto_sql 3.13.4) lib/ecto/adapters/sql.ex:1011: Ecto.Adapters.SQL.execute/6
    (ecto 3.13.5) lib/ecto/repo/queryable.ex:241: Ecto.Repo.Queryable.execute/4
    (ecto 3.13.5) lib/ecto/repo/queryable.ex:19: Ecto.Repo.Queryable.all/3
    (ecto 3.13.5) lib/ecto/repo/queryable.ex:163: Ecto.Repo.Queryable.one/3
    (nexus 0.1.0) lib/nexus/identity/projectors/user_registration_projector.ex:53: anonymous fn/3 in Nexus.Identity.Projectors.UserRegistrationProjector.project_registration/3
    (ecto 3.13.5) lib/ecto/multi.ex:905: Ecto.Multi.apply_operation/5
    (elixir 1.19.5) lib/enum.ex:2520: Enum."-reduce/3-lists^foldl/2-0-"/3
    (ecto 3.13.5) lib/ecto/multi.ex:878: anonymous fn/5 in Ecto.Multi.apply_operations/5
    (ecto_sql 3.13.4) lib/ecto/adapters/sql.ex:1473: anonymous fn/3 in Ecto.Adapters.SQL.checkout_or_transaction/4
    (db_connection 2.9.0) lib/db_connection.ex:1747: DBConnection.run_transaction/4
    (ecto 3.13.5) lib/ecto/repo/transaction.ex:30: Ecto.Repo.Transaction.transact/4
    (nexus 0.1.0) deps/commanded_ecto_projections/lib/projections/ecto.ex:97: Nexus.Identity.Projectors.UserRegistrationProjector.update_projection/3
    (commanded 1.4.9) lib/commanded/event/handler.ex:1221: Commanded.Event.Handler.delegate_event_to_handler/2
    (commanded 1.4.9) lib/commanded/event/handler.ex:1062: Commanded.Event.Handler.handle_event/3
    (elixir 1.19.5) lib/enum.ex:2520: Enum."-reduce/3-lists^foldl/2-0-"/3
    (commanded 1.4.9) lib/commanded/event/handler.ex:969: Commanded.Event.Handler.handle_info/2
    (stdlib 7.1) gen_server.erl:2434: :gen_server.try_handle_info/3
    (stdlib 7.1) gen_server.erl:2420: :gen_server.handle_msg/3
    (stdlib 7.1) proc_lib.erl:333: :proc_lib.init_p_do_apply/3

23:09:57.815 [warning] Nexus.Identity.Projectors.UserRegistrationProjector has requested to stop: %Postgrex.Error{message: nil, postgres: %{code: :undefined_column, line: "3721", message: "column i0.id does not exist", position: "8", file: "parse_relation.c", unknown: "ERROR", severity: "ERROR", pg_code: "42703", routine: "errorMissingColumn"}, connection_id: 3157, query: "SELECT i0.\"id\", i0.\"user_id\", i0.\"org_id\", i0.\"locale\", i0.\"timezone\", i0.\"notifications_enabled\", i0.\"created_at\", i0.\"updated_at\" FROM \"identity_user_settings\" AS i0 WHERE (i0.\"id\" = $1)"}
23:09:57.815 [debug] Nexus.Identity.Projectors.UserRegistrationProjector is shutting down due to %Postgrex.Error{message: nil, postgres: %{code: :undefined_column, line: "3721", message: "column i0.id does not exist", position: "8", file: "parse_relation.c", unknown: "ERROR", severity: "ERROR", pg_code: "42703", routine: "errorMissingColumn"}, connection_id: 3157, query: "SELECT i0.\"id\", i0.\"user_id\", i0.\"org_id\", i0.\"locale\", i0.\"timezone\", i0.\"notifications_enabled\", i0.\"created_at\", i0.\"updated_at\" FROM \"identity_user_settings\" AS i0 WHERE (i0.\"id\" = $1)"}
23:09:57.815 [error] GenServer {Nexus.App.LocalRegistry, {Nexus.App, Commanded.Event.Handler, "Identity.Projectors.UserRegistrationProjector"}} terminating
** (stop) %Postgrex.Error{message: nil, postgres: %{code: :undefined_column, line: "3721", message: "column i0.id does not exist", position: "8", file: "parse_relation.c", unknown: "ERROR", severity: "ERROR", pg_code: "42703", routine: "errorMissingColumn"}, connection_id: 3157, query: "SELECT i0.\"id\", i0.\"user_id\", i0.\"org_id\", i0.\"locale\", i0.\"timezone\", i0.\"notifications_enabled\", i0.\"created_at\", i0.\"updated_at\" FROM \"identity_user_settings\" AS i0 WHERE (i0.\"id\" = $1)"}
Last message: {:events, [%Commanded.EventStore.RecordedEvent{event_id: "282ec866-f518-44ed-95f6-7a535d6c3e25", event_number: 11262, stream_id: "019d0c26-0b00-74a0-bd6d-48329cf61a57", stream_version: 1, causation_id: "d64809a4-8402-4360-8536-99b7a0f860ca", correlation_id: "e0f4b4bb-483c-4914-aaaa-956d1587d67e", event_type: "Elixir.Nexus.Identity.Events.UserRegistered", data: %Nexus.Identity.Events.UserRegistered{user_id: "019d0c26-0b00-74a0-bd6d-48329cf61a57", org_id: "019d0c26-0b00-74a0-8884-24b7b734f296", email: "test@example.com", role: "system_admin", cose_key: "Ym9vdHN0cmFwX2Nvc2Vfa2V5", credential_id: "Ym9vdHN0cmFwX2NyZWRlbnRpYWxfaWQ=", registered_at: "2026-03-20T16:48:33.024173Z", display_name: "Test User", status: "active"}, created_at: ~U[2026-03-20 16:48:33.025211Z], metadata: %{"causation_id" => "019d0c26-0b00-71d0-a1d2-041f55e92cfc", "correlation_id" => "019d0c26-0b00-71d0-a1d2-041f55e92cfc"}}]}
State: %Commanded.Event.Handler{application: Nexus.App, consistency: :strong, handler_callback: :event, handler_name: "Identity.Projectors.UserRegistrationProjector", handler_module: Nexus.Identity.Projectors.UserRegistrationProjector, handler_state: nil, last_seen_event: nil, subscription: %Commanded.EventStore.Subscription{application: Nexus.App, backoff: {:backoff, 1000, 60000, 1000, :jitter, :undefined, :undefined}, concurrency: 1, partition_by: nil, subscribe_to: :all, subscribe_from: :origin, subscription_name: "Identity.Projectors.UserRegistrationProjector", subscription_opts: [], subscription_pid: #PID<0.1930.0>, subscription_ref: #Reference<0.504251661.3394502657.105261>}, subscribe_timer: nil}
23:09:57.815 [debug] Subscription "Identity.Projectors.UserRegistrationProjector"@"$all" subscriber #PID<0.1929.0> down due to: %Postgrex.Error{message: nil, postgres: %{code: :undefined_column, line: "3721", message: "column i0.id does not exist", position: "8", file: "parse_relation.c", unknown: "ERROR", severity: "ERROR", pg_code: "42703", routine: "errorMissingColumn"}, connection_id: 3157, query: "SELECT i0.\"id\", i0.\"user_id\", i0.\"org_id\", i0.\"locale\", i0.\"timezone\", i0.\"notifications_enabled\", i0.\"created_at\", i0.\"updated_at\" FROM \"identity_user_settings\" AS i0 WHERE (i0.\"id\" = $1)"}
23:09:57.815 [debug] Subscription "Identity.Projectors.UserRegistrationProjector"@"$all" has no subscribers, shutting down
23:09:57.816 [error] GenServer {Nexus.EventStore.EventStore.Subscriptions.Registry, {"$all", "Identity.Projectors.UserRegistrationProjector"}} terminating
** (stop) %Postgrex.Error{message: nil, postgres: %{code: :undefined_column, line: "3721", message: "column i0.id does not exist", position: "8", file: "parse_relation.c", unknown: "ERROR", severity: "ERROR", pg_code: "42703", routine: "errorMissingColumn"}, connection_id: 3157, query: "SELECT i0.\"id\", i0.\"user_id\", i0.\"org_id\", i0.\"locale\", i0.\"timezone\", i0.\"notifications_enabled\", i0.\"created_at\", i0.\"updated_at\" FROM \"identity_user_settings\" AS i0 WHERE (i0.\"id\" = $1)"}
Last message: {:DOWN, #Reference<0.504251661.3394502658.58879>, :process, #PID<0.1929.0>, %Postgrex.Error{message: nil, postgres: %{code: :undefined_column, line: "3721", message: "column i0.id does not exist", position: "8", file: "parse_relation.c", unknown: "ERROR", severity: "ERROR", pg_code: "42703", routine: "errorMissingColumn"}, connection_id: 3157, query: "SELECT i0.\"id\", i0.\"user_id\", i0.\"org_id\", i0.\"locale\", i0.\"timezone\", i0.\"notifications_enabled\", i0.\"created_at\", i0.\"updated_at\" FROM \"identity_user_settings\" AS i0 WHERE (i0.\"id\" = $1)"}}
State: %EventStore.Subscriptions.Subscription{stream_uuid: "$all", subscription_name: "Identity.Projectors.UserRegistrationProjector", subscription: %EventStore.Subscriptions.SubscriptionFsm{state: :unsubscribed, data: %EventStore.Subscriptions.SubscriptionState{conn: Nexus.EventStore.Postgrex, event_store: Nexus.EventStore, serializer: Commanded.Serialization.JsonSerializer, schema: "event_store", stream_uuid: "$all", start_from: 0, subscription_name: "Identity.Projectors.UserRegistrationProjector", subscription_id: 405, selector: nil, mapper: &Commanded.EventStore.Adapters.EventStore.Mapper.from_recorded_event/1, max_size: 1000, partition_by: nil, query_timeout: 15000, lock_ref: #Reference<0.504251661.3394502657.105258>, last_received: 12197, last_sent: 11262, last_ack: 11261, queue_size: 936, buffer_size: 1, checkpoint_after: 0, checkpoint_threshold: 1, checkpoint_timer_ref: nil, checkpoints_pending: 0, subscribers: %{}, partitions: %{nil: {[%EventStore.RecordedEvent{event_number: 12197, event_id: "1090d0fa-e811-4476-b333-0ecde47df19b", stream_uuid: "7f9d61e3-4ddb-4a45-9632-c9b4e8e37a26", stream_version: 1, correlation_id: "95c6a40b-6222-41f9-98d5-3e8c238cd512", causation_id: "cafcad9f-48b9-4455-9cc5-59cc5c81305c", event_type: "Elixir.Nexus.Identity.Events.UserRegistered", data: %Nexus.Identity.Events.UserRegistered{user_id: "7f9d61e3-4ddb-4a45-9632-c9b4e8e37a26", org_id: "a136c24b-09d3-44e5-b654-62c6eb3563d2", email: "test@example.com", role: "admin", cose_key: "dummy", credential_id: "dummy", registered_at: "2026-03-20T23:09:57.291719Z", display_name: "Test User", status: "active"}, metadata: %{"causation_id" => "019d0d83-3aab-7cfc-b64f-9c138c365c71", "correlation_id" => "019d0d83-3aab-7cfc-b64f-9c138c365c71"}, created_at: ~U[2026-03-20 23:09:57.294271Z]}, %EventStore.RecordedEvent{event_number: 12196, event_id: "51ed3aa0-2b4d-4f9e-bb88-d9b7471414a0", stream_uuid: "a6d32835-04fe-47c3-93c7-50750f4c0025", stream_version: 2, correlation_id: "fb342b99-3477-4551-974c-9a74331120b4", causation_id: "e22481cf-a9ef-4153-a77b-9a91fcb9b83b", event_type: "Elixir.Nexus.Identity.Events.SessionExpired", data: %Nexus.Identity.Events.SessionExpired{org_id: "aefc3981-97e0-4a44-a442-807e9d7b3892", user_id: "a6d32835-04fe-47c3-93c7-50750f4c0025", session_id: "87180336-fdab-415d-a0c7-23fd23f136a9", expired_at: "2026-03-20T23:09:56.784404Z"}, metadata: %{"causation_id" => "019d0d83-38b1-75a5-8e13-bbe0bed9ff21", "correlation_id" => "019d0d83-38b1-75a5-8e13-bbe0bed9ff21"}, created_at: ~U[2026-03-20 23:09:56.786169Z]}, %EventStore.RecordedEvent{event_number: 12195, event_id: "63cf0cf3-679d-4adb-a5fc-1b7c8cdfe448", stream_uuid: "a6d32835-04fe-47c3-93c7-50750f4c0025", stream_version: 1, correlation_id: "4b130646-5380-41f3-b6df-9abfd1ed0d92", causation_id: "0f27ee9d-27db-4e8b-8f2d-6a8556a5e9d4", event_type: "Elixir.Nexus.Identity.Events.UserRegistered", data: %Nexus.Identity.Events.UserRegistered{user_id: "a6d32835-04fe-47c3-93c7-50750f4c0025", org_id: "aefc3981-97e0-4a44-a442-807e9d7b3892", email: "test@example.com", role: "admin", cose_key: "dummy", credential_id: "dummy", registered_at: "2026-03-20T23:09:56.579831Z", display_name: "Test User", status: "active"}, metadata: %{"causation_id" => "019d0d83-37e3-7671-991d-f18a42a53090", "correlation_id" => "019d0d83-37e3-7671-991d-f18a42a53090"}, created_at: ~U[2026-03-20 23:09:56.581065Z]}, %EventStore.RecordedEvent{event_number: 12194, event_id: "3f8f3cbc-ea72-45a7-ab6d-12a43da50245", stream_uuid: "e55da693-c009-4afd-a56e-9b4ab3975acc", stream_version: 2, correlation_id: "e5500f71-9103-4737-8991-5eb165815e23", causation_id: "633094f8-6986-459b-9416-072dd0187fd9", ...}, ...], ...}}, ...}}, ...}
23:09:57.816 [debug] Nexus.Identity.Projectors.UserRegistrationProjector is shutting down due to {%Postgrex.Error{message: nil, postgres: %{code: :undefined_column, line: "3721", message: "column i0.id does not exist", position: "8", file: "parse_relation.c", unknown: "ERROR", severity: "ERROR", pg_code: "42703", routine: "errorMissingColumn"}, connection_id: 3157, query: "SELECT i0.\"id\", i0.\"user_id\", i0.\"org_id\", i0.\"locale\", i0.\"timezone\", i0.\"notifications_enabled\", i0.\"created_at\", i0.\"updated_at\" FROM \"identity_user_settings\" AS i0 WHERE (i0.\"id\" = $1)"}, {GenServer, :call, [#PID<0.1930.0>, {:connect, #PID<0.1931.0>, [retry_interval: 60000, hibernate_after: 15000, partition_by: nil, concurrency_limit: 1, name: Nexus.EventStore, mapper: &Commanded.EventStore.Adapters.EventStore.Mapper.from_recorded_event/1, conn: Nexus.EventStore.Postgrex, event_store: Nexus.EventStore, query_timeout: 15000, schema: "event_store", serializer: Commanded.Serialization.JsonSerializer, stream_uuid: "$all", subscription_name: "Identity.Projectors.UserRegistrationProjector", start_from: 0]}, 5000]}}
23:09:57.816 [error] GenServer {Nexus.App.LocalRegistry, {Nexus.App, Commanded.Event.Handler, "Identity.Projectors.UserRegistrationProjector"}} terminating
** (stop) exited in: GenServer.call(#PID<0.1930.0>, {:connect, #PID<0.1931.0>, [retry_interval: 60000, hibernate_after: 15000, partition_by: nil, concurrency_limit: 1, name: Nexus.EventStore, mapper: &Commanded.EventStore.Adapters.EventStore.Mapper.from_recorded_event/1, conn: Nexus.EventStore.Postgrex, event_store: Nexus.EventStore, query_timeout: 15000, schema: "event_store", serializer: Commanded.Serialization.JsonSerializer, stream_uuid: "$all", subscription_name: "Identity.Projectors.UserRegistrationProjector", start_from: 0]}, 5000)
    ** (EXIT) %Postgrex.Error{message: nil, postgres: %{code: :undefined_column, line: "3721", message: "column i0.id does not exist", position: "8", file: "parse_relation.c", unknown: "ERROR", severity: "ERROR", pg_code: "42703", routine: "errorMissingColumn"}, connection_id: 3157, query: "SELECT i0.\"id\", i0.\"user_id\", i0.\"org_id\", i0.\"locale\", i0.\"timezone\", i0.\"notifications_enabled\", i0.\"created_at\", i0.\"updated_at\" FROM \"identity_user_settings\" AS i0 WHERE (i0.\"id\" = $1)"}
    (elixir 1.19.5) lib/gen_server.ex:1142: GenServer.call/3
    (commanded 1.4.9) lib/commanded/event_store.ex:289: anonymous fn/2 in Commanded.EventStore.span/3
    (telemetry 1.3.0) /Users/bernard/dev/nexus/deps/telemetry/src/telemetry.erl:324: :telemetry.span/3
    (commanded 1.4.9) lib/commanded/event_store/subscription.ex:58: Commanded.EventStore.Subscription.subscribe/2
    (commanded 1.4.9) lib/commanded/event/handler.ex:1024: Commanded.Event.Handler.subscribe_to_events/1
    (commanded 1.4.9) lib/commanded/event/handler.ex:887: Commanded.Event.Handler.handle_continue/2
    (stdlib 7.1) gen_server.erl:2424: :gen_server.try_handle_continue/3
    (stdlib 7.1) gen_server.erl:2291: :gen_server.loop/4
    (stdlib 7.1) proc_lib.erl:333: :proc_lib.init_p_do_apply/3
Last message: {:continue, :subscribe_to_events}
State: %Commanded.Event.Handler{application: Nexus.App, consistency: :strong, handler_callback: :event, handler_name: "Identity.Projectors.UserRegistrationProjector", handler_module: Nexus.Identity.Projectors.UserRegistrationProjector, handler_state: nil, last_seen_event: nil, subscription: %Commanded.EventStore.Subscription{application: Nexus.App, backoff: {:backoff, 1000, 60000, 1000, :jitter, :undefined, :undefined}, concurrency: 1, partition_by: nil, subscribe_to: :all, subscribe_from: :origin, subscription_name: "Identity.Projectors.UserRegistrationProjector", subscription_opts: [], subscription_pid: nil, subscription_ref: nil}, subscribe_timer: nil}
23:09:57.817 [debug] Subscription "Identity.Projectors.UserRegistrationProjector"@"$all" attempting to connect subscriber #PID<0.1932.0>
23:09:57.818 [debug] Subscription "Identity.Projectors.UserRegistrationProjector"@"$all" catching-up
23:09:57.818 [debug] Nexus.Identity.Projectors.UserRegistrationProjector has successfully subscribed to event store
23:09:57.833 [debug] Nexus.Identity.Projectors.UserRegistrationProjector received events: [%Commanded.EventStore.RecordedEvent{event_id: "282ec866-f518-44ed-95f6-7a535d6c3e25", event_number: 11262, stream_id: "019d0c26-0b00-74a0-bd6d-48329cf61a57", stream_version: 1, causation_id: "d64809a4-8402-4360-8536-99b7a0f860ca", correlation_id: "e0f4b4bb-483c-4914-aaaa-956d1587d67e", event_type: "Elixir.Nexus.Identity.Events.UserRegistered", data: %Nexus.Identity.Events.UserRegistered{user_id: "019d0c26-0b00-74a0-bd6d-48329cf61a57", org_id: "019d0c26-0b00-74a0-8884-24b7b734f296", email: "test@example.com", role: "system_admin", cose_key: "Ym9vdHN0cmFwX2Nvc2Vfa2V5", credential_id: "Ym9vdHN0cmFwX2NyZWRlbnRpYWxfaWQ=", registered_at: "2026-03-20T16:48:33.024173Z", display_name: "Test User", status: "active"}, created_at: ~U[2026-03-20 16:48:33.025211Z], metadata: %{"causation_id" => "019d0c26-0b00-71d0-a1d2-041f55e92cfc", "correlation_id" => "019d0c26-0b00-71d0-a1d2-041f55e92cfc"}}]
23:09:57.833 [debug] QUERY OK db=0.2ms
begin []
23:09:57.834 [debug] QUERY OK source="projection_versions" db=0.2ms
INSERT INTO "projection_versions" AS p0 ("projection_name","last_seen_event_number","inserted_at","updated_at") VALUES ($1,$2,$3,$4) ON CONFLICT ("projection_name") DO UPDATE SET "last_seen_event_number" = $5 WHERE ((p0."projection_name" = $6) AND (p0."last_seen_event_number" < $7)) ["Identity.Projectors.UserRegistrationProjector", 11262, ~N[2026-03-20 23:09:57.833747], ~N[2026-03-20 23:09:57.833747], 11262, "Identity.Projectors.UserRegistrationProjector", 11262]
23:09:57.834 [debug] QUERY OK source="users" db=0.1ms
SELECT u0."id", u0."org_id", u0."email", u0."display_name", u0."status", u0."cose_key", u0."credential_id", u0."roles", u0."created_at", u0."updated_at" FROM "users" AS u0 WHERE (u0."id" = $1) ["019d0c26-0b00-74a0-bd6d-48329cf61a57"]
23:09:57.834 [debug] QUERY OK source="users" db=0.1ms
SELECT u0."id", u0."org_id", u0."email", u0."display_name", u0."status", u0."cose_key", u0."credential_id", u0."roles", u0."created_at", u0."updated_at" FROM "users" AS u0 WHERE (u0."email" = $1) ["test@example.com"]
23:09:57.834 [debug] QUERY OK source="users" db=0.1ms
INSERT INTO "users" ("id","status","org_id","email","display_name","roles","cose_key","credential_id","created_at","updated_at") VALUES ($1,$2,$3,$4,$5,$6,$7,$8,$9,$10) ["019d0c26-0b00-74a0-bd6d-48329cf61a57", "active", "019d0c26-0b00-74a0-8884-24b7b734f296", "test@example.com", "Test User", ["system_admin"], "bootstrap_cose_key", "bootstrap_credential_id", ~U[2026-03-20 23:09:57.834515Z], ~U[2026-03-20 23:09:57.834515Z]]
23:09:57.834 [debug] QUERY ERROR source="identity_user_settings" db=0.0ms
SELECT i0."id", i0."user_id", i0."org_id", i0."locale", i0."timezone", i0."notifications_enabled", i0."created_at", i0."updated_at" FROM "identity_user_settings" AS i0 WHERE (i0."id" = $1) ["019d0c26-0b00-74a0-bd6d-48329cf61a57"]
23:09:57.835 [debug] QUERY OK db=0.1ms
rollback []
23:09:57.836 [error] Nexus.Identity.Projectors.UserRegistrationProjector failed to handle event:
%Commanded.EventStore.RecordedEvent{
  event_id: "282ec866-f518-44ed-95f6-7a535d6c3e25",
  event_number: 11262,
  stream_id: "019d0c26-0b00-74a0-bd6d-48329cf61a57",
  stream_version: 1,
  causation_id: "d64809a4-8402-4360-8536-99b7a0f860ca",
  correlation_id: "e0f4b4bb-483c-4914-aaaa-956d1587d67e",
  event_type: "Elixir.Nexus.Identity.Events.UserRegistered",
  data: %Nexus.Identity.Events.UserRegistered{
    user_id: "019d0c26-0b00-74a0-bd6d-48329cf61a57",
    org_id: "019d0c26-0b00-74a0-8884-24b7b734f296",
    email: "test@example.com",
    role: "system_admin",
    cose_key: "Ym9vdHN0cmFwX2Nvc2Vfa2V5",
    credential_id: "Ym9vdHN0cmFwX2NyZWRlbnRpYWxfaWQ=",
    registered_at: "2026-03-20T16:48:33.024173Z",
    display_name: "Test User",
    status: "active"
  },
  created_at: ~U[2026-03-20 16:48:33.025211Z],
  metadata: %{
    "causation_id" => "019d0c26-0b00-71d0-a1d2-041f55e92cfc",
    "correlation_id" => "019d0c26-0b00-71d0-a1d2-041f55e92cfc"
  }
}, due to:
** (Postgrex.Error) ERROR 42703 (undefined_column) column i0.id does not exist

    query: SELECT i0."id", i0."user_id", i0."org_id", i0."locale", i0."timezone", i0."notifications_enabled", i0."created_at", i0."updated_at" FROM "identity_user_settings" AS i0 WHERE (i0."id" = $1)
    (ecto_sql 3.13.4) lib/ecto/adapters/sql.ex:1113: Ecto.Adapters.SQL.raise_sql_call_error/1
    (ecto_sql 3.13.4) lib/ecto/adapters/sql.ex:1011: Ecto.Adapters.SQL.execute/6
    (ecto 3.13.5) lib/ecto/repo/queryable.ex:241: Ecto.Repo.Queryable.execute/4
    (ecto 3.13.5) lib/ecto/repo/queryable.ex:19: Ecto.Repo.Queryable.all/3
    (ecto 3.13.5) lib/ecto/repo/queryable.ex:163: Ecto.Repo.Queryable.one/3
    (nexus 0.1.0) lib/nexus/identity/projectors/user_registration_projector.ex:53: anonymous fn/3 in Nexus.Identity.Projectors.UserRegistrationProjector.project_registration/3
    (ecto 3.13.5) lib/ecto/multi.ex:905: Ecto.Multi.apply_operation/5
    (elixir 1.19.5) lib/enum.ex:2520: Enum."-reduce/3-lists^foldl/2-0-"/3
    (ecto 3.13.5) lib/ecto/multi.ex:878: anonymous fn/5 in Ecto.Multi.apply_operations/5
    (ecto_sql 3.13.4) lib/ecto/adapters/sql.ex:1473: anonymous fn/3 in Ecto.Adapters.SQL.checkout_or_transaction/4
    (db_connection 2.9.0) lib/db_connection.ex:1747: DBConnection.run_transaction/4
    (ecto 3.13.5) lib/ecto/repo/transaction.ex:30: Ecto.Repo.Transaction.transact/4
    (nexus 0.1.0) deps/commanded_ecto_projections/lib/projections/ecto.ex:97: Nexus.Identity.Projectors.UserRegistrationProjector.update_projection/3
    (commanded 1.4.9) lib/commanded/event/handler.ex:1221: Commanded.Event.Handler.delegate_event_to_handler/2
    (commanded 1.4.9) lib/commanded/event/handler.ex:1062: Commanded.Event.Handler.handle_event/3
    (elixir 1.19.5) lib/enum.ex:2520: Enum."-reduce/3-lists^foldl/2-0-"/3
    (commanded 1.4.9) lib/commanded/event/handler.ex:969: Commanded.Event.Handler.handle_info/2
    (stdlib 7.1) gen_server.erl:2434: :gen_server.try_handle_info/3
    (stdlib 7.1) gen_server.erl:2420: :gen_server.handle_msg/3
    (stdlib 7.1) proc_lib.erl:333: :proc_lib.init_p_do_apply/3

23:09:57.836 [warning] Nexus.Identity.Projectors.UserRegistrationProjector has requested to stop: %Postgrex.Error{message: nil, postgres: %{code: :undefined_column, line: "3721", message: "column i0.id does not exist", position: "8", file: "parse_relation.c", unknown: "ERROR", severity: "ERROR", pg_code: "42703", routine: "errorMissingColumn"}, connection_id: 3157, query: "SELECT i0.\"id\", i0.\"user_id\", i0.\"org_id\", i0.\"locale\", i0.\"timezone\", i0.\"notifications_enabled\", i0.\"created_at\", i0.\"updated_at\" FROM \"identity_user_settings\" AS i0 WHERE (i0.\"id\" = $1)"}
23:09:57.836 [debug] Nexus.Identity.Projectors.UserRegistrationProjector is shutting down due to %Postgrex.Error{message: nil, postgres: %{code: :undefined_column, line: "3721", message: "column i0.id does not exist", position: "8", file: "parse_relation.c", unknown: "ERROR", severity: "ERROR", pg_code: "42703", routine: "errorMissingColumn"}, connection_id: 3157, query: "SELECT i0.\"id\", i0.\"user_id\", i0.\"org_id\", i0.\"locale\", i0.\"timezone\", i0.\"notifications_enabled\", i0.\"created_at\", i0.\"updated_at\" FROM \"identity_user_settings\" AS i0 WHERE (i0.\"id\" = $1)"}
23:09:57.836 [error] GenServer {Nexus.App.LocalRegistry, {Nexus.App, Commanded.Event.Handler, "Identity.Projectors.UserRegistrationProjector"}} terminating
** (stop) %Postgrex.Error{message: nil, postgres: %{code: :undefined_column, line: "3721", message: "column i0.id does not exist", position: "8", file: "parse_relation.c", unknown: "ERROR", severity: "ERROR", pg_code: "42703", routine: "errorMissingColumn"}, connection_id: 3157, query: "SELECT i0.\"id\", i0.\"user_id\", i0.\"org_id\", i0.\"locale\", i0.\"timezone\", i0.\"notifications_enabled\", i0.\"created_at\", i0.\"updated_at\" FROM \"identity_user_settings\" AS i0 WHERE (i0.\"id\" = $1)"}
Last message: {:events, [%Commanded.EventStore.RecordedEvent{event_id: "282ec866-f518-44ed-95f6-7a535d6c3e25", event_number: 11262, stream_id: "019d0c26-0b00-74a0-bd6d-48329cf61a57", stream_version: 1, causation_id: "d64809a4-8402-4360-8536-99b7a0f860ca", correlation_id: "e0f4b4bb-483c-4914-aaaa-956d1587d67e", event_type: "Elixir.Nexus.Identity.Events.UserRegistered", data: %Nexus.Identity.Events.UserRegistered{user_id: "019d0c26-0b00-74a0-bd6d-48329cf61a57", org_id: "019d0c26-0b00-74a0-8884-24b7b734f296", email: "test@example.com", role: "system_admin", cose_key: "Ym9vdHN0cmFwX2Nvc2Vfa2V5", credential_id: "Ym9vdHN0cmFwX2NyZWRlbnRpYWxfaWQ=", registered_at: "2026-03-20T16:48:33.024173Z", display_name: "Test User", status: "active"}, created_at: ~U[2026-03-20 16:48:33.025211Z], metadata: %{"causation_id" => "019d0c26-0b00-71d0-a1d2-041f55e92cfc", "correlation_id" => "019d0c26-0b00-71d0-a1d2-041f55e92cfc"}}]}
State: %Commanded.Event.Handler{application: Nexus.App, consistency: :strong, handler_callback: :event, handler_name: "Identity.Projectors.UserRegistrationProjector", handler_module: Nexus.Identity.Projectors.UserRegistrationProjector, handler_state: nil, last_seen_event: nil, subscription: %Commanded.EventStore.Subscription{application: Nexus.App, backoff: {:backoff, 1000, 60000, 1000, :jitter, :undefined, :undefined}, concurrency: 1, partition_by: nil, subscribe_to: :all, subscribe_from: :origin, subscription_name: "Identity.Projectors.UserRegistrationProjector", subscription_opts: [], subscription_pid: #PID<0.1933.0>, subscription_ref: #Reference<0.504251661.3394502658.58967>}, subscribe_timer: nil}
23:09:57.836 [debug] Subscription "Identity.Projectors.UserRegistrationProjector"@"$all" subscriber #PID<0.1932.0> down due to: %Postgrex.Error{message: nil, postgres: %{code: :undefined_column, line: "3721", message: "column i0.id does not exist", position: "8", file: "parse_relation.c", unknown: "ERROR", severity: "ERROR", pg_code: "42703", routine: "errorMissingColumn"}, connection_id: 3157, query: "SELECT i0.\"id\", i0.\"user_id\", i0.\"org_id\", i0.\"locale\", i0.\"timezone\", i0.\"notifications_enabled\", i0.\"created_at\", i0.\"updated_at\" FROM \"identity_user_settings\" AS i0 WHERE (i0.\"id\" = $1)"}
23:09:57.836 [debug] Subscription "Identity.Projectors.UserRegistrationProjector"@"$all" has no subscribers, shutting down
23:09:57.836 [error] GenServer {Nexus.EventStore.EventStore.Subscriptions.Registry, {"$all", "Identity.Projectors.UserRegistrationProjector"}} terminating
** (stop) %Postgrex.Error{message: nil, postgres: %{code: :undefined_column, line: "3721", message: "column i0.id does not exist", position: "8", file: "parse_relation.c", unknown: "ERROR", severity: "ERROR", pg_code: "42703", routine: "errorMissingColumn"}, connection_id: 3157, query: "SELECT i0.\"id\", i0.\"user_id\", i0.\"org_id\", i0.\"locale\", i0.\"timezone\", i0.\"notifications_enabled\", i0.\"created_at\", i0.\"updated_at\" FROM \"identity_user_settings\" AS i0 WHERE (i0.\"id\" = $1)"}
Last message: {:DOWN, #Reference<0.504251661.3394502658.58962>, :process, #PID<0.1932.0>, %Postgrex.Error{message: nil, postgres: %{code: :undefined_column, line: "3721", message: "column i0.id does not exist", position: "8", file: "parse_relation.c", unknown: "ERROR", severity: "ERROR", pg_code: "42703", routine: "errorMissingColumn"}, connection_id: 3157, query: "SELECT i0.\"id\", i0.\"user_id\", i0.\"org_id\", i0.\"locale\", i0.\"timezone\", i0.\"notifications_enabled\", i0.\"created_at\", i0.\"updated_at\" FROM \"identity_user_settings\" AS i0 WHERE (i0.\"id\" = $1)"}}
State: %EventStore.Subscriptions.Subscription{stream_uuid: "$all", subscription_name: "Identity.Projectors.UserRegistrationProjector", subscription: %EventStore.Subscriptions.SubscriptionFsm{state: :unsubscribed, data: %EventStore.Subscriptions.SubscriptionState{conn: Nexus.EventStore.Postgrex, event_store: Nexus.EventStore, serializer: Commanded.Serialization.JsonSerializer, schema: "event_store", stream_uuid: "$all", start_from: 0, subscription_name: "Identity.Projectors.UserRegistrationProjector", subscription_id: 405, selector: nil, mapper: &Commanded.EventStore.Adapters.EventStore.Mapper.from_recorded_event/1, max_size: 1000, partition_by: nil, query_timeout: 15000, lock_ref: #Reference<0.504251661.3394502657.105484>, last_received: 12197, last_sent: 11262, last_ack: 11261, queue_size: 936, buffer_size: 1, checkpoint_after: 0, checkpoint_threshold: 1, checkpoint_timer_ref: nil, checkpoints_pending: 0, subscribers: %{}, partitions: %{nil: {[%EventStore.RecordedEvent{event_number: 12197, event_id: "1090d0fa-e811-4476-b333-0ecde47df19b", stream_uuid: "7f9d61e3-4ddb-4a45-9632-c9b4e8e37a26", stream_version: 1, correlation_id: "95c6a40b-6222-41f9-98d5-3e8c238cd512", causation_id: "cafcad9f-48b9-4455-9cc5-59cc5c81305c", event_type: "Elixir.Nexus.Identity.Events.UserRegistered", data: %Nexus.Identity.Events.UserRegistered{user_id: "7f9d61e3-4ddb-4a45-9632-c9b4e8e37a26", org_id: "a136c24b-09d3-44e5-b654-62c6eb3563d2", email: "test@example.com", role: "admin", cose_key: "dummy", credential_id: "dummy", registered_at: "2026-03-20T23:09:57.291719Z", display_name: "Test User", status: "active"}, metadata: %{"causation_id" => "019d0d83-3aab-7cfc-b64f-9c138c365c71", "correlation_id" => "019d0d83-3aab-7cfc-b64f-9c138c365c71"}, created_at: ~U[2026-03-20 23:09:57.294271Z]}, %EventStore.RecordedEvent{event_number: 12196, event_id: "51ed3aa0-2b4d-4f9e-bb88-d9b7471414a0", stream_uuid: "a6d32835-04fe-47c3-93c7-50750f4c0025", stream_version: 2, correlation_id: "fb342b99-3477-4551-974c-9a74331120b4", causation_id: "e22481cf-a9ef-4153-a77b-9a91fcb9b83b", event_type: "Elixir.Nexus.Identity.Events.SessionExpired", data: %Nexus.Identity.Events.SessionExpired{org_id: "aefc3981-97e0-4a44-a442-807e9d7b3892", user_id: "a6d32835-04fe-47c3-93c7-50750f4c0025", session_id: "87180336-fdab-415d-a0c7-23fd23f136a9", expired_at: "2026-03-20T23:09:56.784404Z"}, metadata: %{"causation_id" => "019d0d83-38b1-75a5-8e13-bbe0bed9ff21", "correlation_id" => "019d0d83-38b1-75a5-8e13-bbe0bed9ff21"}, created_at: ~U[2026-03-20 23:09:56.786169Z]}, %EventStore.RecordedEvent{event_number: 12195, event_id: "63cf0cf3-679d-4adb-a5fc-1b7c8cdfe448", stream_uuid: "a6d32835-04fe-47c3-93c7-50750f4c0025", stream_version: 1, correlation_id: "4b130646-5380-41f3-b6df-9abfd1ed0d92", causation_id: "0f27ee9d-27db-4e8b-8f2d-6a8556a5e9d4", event_type: "Elixir.Nexus.Identity.Events.UserRegistered", data: %Nexus.Identity.Events.UserRegistered{user_id: "a6d32835-04fe-47c3-93c7-50750f4c0025", org_id: "aefc3981-97e0-4a44-a442-807e9d7b3892", email: "test@example.com", role: "admin", cose_key: "dummy", credential_id: "dummy", registered_at: "2026-03-20T23:09:56.579831Z", display_name: "Test User", status: "active"}, metadata: %{"causation_id" => "019d0d83-37e3-7671-991d-f18a42a53090", "correlation_id" => "019d0d83-37e3-7671-991d-f18a42a53090"}, created_at: ~U[2026-03-20 23:09:56.581065Z]}, %EventStore.RecordedEvent{event_number: 12194, event_id: "3f8f3cbc-ea72-45a7-ab6d-12a43da50245", stream_uuid: "e55da693-c009-4afd-a56e-9b4ab3975acc", stream_version: 2, correlation_id: "e5500f71-9103-4737-8991-5eb165815e23", causation_id: "633094f8-6986-459b-9416-072dd0187fd9", ...}, ...], ...}}, ...}}, ...}
23:09:57.837 [debug] Nexus.Identity.Projectors.UserRegistrationProjector is shutting down due to {%Postgrex.Error{message: nil, postgres: %{code: :undefined_column, line: "3721", message: "column i0.id does not exist", position: "8", file: "parse_relation.c", unknown: "ERROR", severity: "ERROR", pg_code: "42703", routine: "errorMissingColumn"}, connection_id: 3157, query: "SELECT i0.\"id\", i0.\"user_id\", i0.\"org_id\", i0.\"locale\", i0.\"timezone\", i0.\"notifications_enabled\", i0.\"created_at\", i0.\"updated_at\" FROM \"identity_user_settings\" AS i0 WHERE (i0.\"id\" = $1)"}, {GenServer, :call, [#PID<0.1933.0>, {:connect, #PID<0.1934.0>, [retry_interval: 60000, hibernate_after: 15000, partition_by: nil, concurrency_limit: 1, name: Nexus.EventStore, mapper: &Commanded.EventStore.Adapters.EventStore.Mapper.from_recorded_event/1, conn: Nexus.EventStore.Postgrex, event_store: Nexus.EventStore, query_timeout: 15000, schema: "event_store", serializer: Commanded.Serialization.JsonSerializer, stream_uuid: "$all", subscription_name: "Identity.Projectors.UserRegistrationProjector", start_from: 0]}, 5000]}}
23:09:57.837 [error] GenServer {Nexus.App.LocalRegistry, {Nexus.App, Commanded.Event.Handler, "Identity.Projectors.UserRegistrationProjector"}} terminating
** (stop) exited in: GenServer.call(#PID<0.1933.0>, {:connect, #PID<0.1934.0>, [retry_interval: 60000, hibernate_after: 15000, partition_by: nil, concurrency_limit: 1, name: Nexus.EventStore, mapper: &Commanded.EventStore.Adapters.EventStore.Mapper.from_recorded_event/1, conn: Nexus.EventStore.Postgrex, event_store: Nexus.EventStore, query_timeout: 15000, schema: "event_store", serializer: Commanded.Serialization.JsonSerializer, stream_uuid: "$all", subscription_name: "Identity.Projectors.UserRegistrationProjector", start_from: 0]}, 5000)
    ** (EXIT) %Postgrex.Error{message: nil, postgres: %{code: :undefined_column, line: "3721", message: "column i0.id does not exist", position: "8", file: "parse_relation.c", unknown: "ERROR", severity: "ERROR", pg_code: "42703", routine: "errorMissingColumn"}, connection_id: 3157, query: "SELECT i0.\"id\", i0.\"user_id\", i0.\"org_id\", i0.\"locale\", i0.\"timezone\", i0.\"notifications_enabled\", i0.\"created_at\", i0.\"updated_at\" FROM \"identity_user_settings\" AS i0 WHERE (i0.\"id\" = $1)"}
    (elixir 1.19.5) lib/gen_server.ex:1142: GenServer.call/3
    (commanded 1.4.9) lib/commanded/event_store.ex:289: anonymous fn/2 in Commanded.EventStore.span/3
    (telemetry 1.3.0) /Users/bernard/dev/nexus/deps/telemetry/src/telemetry.erl:324: :telemetry.span/3
    (commanded 1.4.9) lib/commanded/event_store/subscription.ex:58: Commanded.EventStore.Subscription.subscribe/2
    (commanded 1.4.9) lib/commanded/event/handler.ex:1024: Commanded.Event.Handler.subscribe_to_events/1
    (commanded 1.4.9) lib/commanded/event/handler.ex:887: Commanded.Event.Handler.handle_continue/2
    (stdlib 7.1) gen_server.erl:2424: :gen_server.try_handle_continue/3
    (stdlib 7.1) gen_server.erl:2291: :gen_server.loop/4
    (stdlib 7.1) proc_lib.erl:333: :proc_lib.init_p_do_apply/3
Last message: {:continue, :subscribe_to_events}
State: %Commanded.Event.Handler{application: Nexus.App, consistency: :strong, handler_callback: :event, handler_name: "Identity.Projectors.UserRegistrationProjector", handler_module: Nexus.Identity.Projectors.UserRegistrationProjector, handler_state: nil, last_seen_event: nil, subscription: %Commanded.EventStore.Subscription{application: Nexus.App, backoff: {:backoff, 1000, 60000, 1000, :jitter, :undefined, :undefined}, concurrency: 1, partition_by: nil, subscribe_to: :all, subscribe_from: :origin, subscription_name: "Identity.Projectors.UserRegistrationProjector", subscription_opts: [], subscription_pid: nil, subscription_ref: nil}, subscribe_timer: nil}
23:09:57.837 [debug] Subscription "Identity.Projectors.UserRegistrationProjector"@"$all" attempting to connect subscriber #PID<0.1935.0>
23:09:57.838 [debug] Subscription "Identity.Projectors.UserRegistrationProjector"@"$all" catching-up
23:09:57.838 [debug] Nexus.Identity.Projectors.UserRegistrationProjector has successfully subscribed to event store
23:09:57.853 [debug] Nexus.Identity.Projectors.UserRegistrationProjector received events: [%Commanded.EventStore.RecordedEvent{event_id: "282ec866-f518-44ed-95f6-7a535d6c3e25", event_number: 11262, stream_id: "019d0c26-0b00-74a0-bd6d-48329cf61a57", stream_version: 1, causation_id: "d64809a4-8402-4360-8536-99b7a0f860ca", correlation_id: "e0f4b4bb-483c-4914-aaaa-956d1587d67e", event_type: "Elixir.Nexus.Identity.Events.UserRegistered", data: %Nexus.Identity.Events.UserRegistered{user_id: "019d0c26-0b00-74a0-bd6d-48329cf61a57", org_id: "019d0c26-0b00-74a0-8884-24b7b734f296", email: "test@example.com", role: "system_admin", cose_key: "Ym9vdHN0cmFwX2Nvc2Vfa2V5", credential_id: "Ym9vdHN0cmFwX2NyZWRlbnRpYWxfaWQ=", registered_at: "2026-03-20T16:48:33.024173Z", display_name: "Test User", status: "active"}, created_at: ~U[2026-03-20 16:48:33.025211Z], metadata: %{"causation_id" => "019d0c26-0b00-71d0-a1d2-041f55e92cfc", "correlation_id" => "019d0c26-0b00-71d0-a1d2-041f55e92cfc"}}]
23:09:57.853 [debug] QUERY OK db=0.1ms
begin []
23:09:57.854 [debug] QUERY OK source="projection_versions" db=0.1ms
INSERT INTO "projection_versions" AS p0 ("projection_name","last_seen_event_number","inserted_at","updated_at") VALUES ($1,$2,$3,$4) ON CONFLICT ("projection_name") DO UPDATE SET "last_seen_event_number" = $5 WHERE ((p0."projection_name" = $6) AND (p0."last_seen_event_number" < $7)) ["Identity.Projectors.UserRegistrationProjector", 11262, ~N[2026-03-20 23:09:57.853888], ~N[2026-03-20 23:09:57.853888], 11262, "Identity.Projectors.UserRegistrationProjector", 11262]
23:09:57.854 [debug] QUERY OK source="users" db=0.0ms
SELECT u0."id", u0."org_id", u0."email", u0."display_name", u0."status", u0."cose_key", u0."credential_id", u0."roles", u0."created_at", u0."updated_at" FROM "users" AS u0 WHERE (u0."id" = $1) ["019d0c26-0b00-74a0-bd6d-48329cf61a57"]
23:09:57.854 [debug] QUERY OK source="users" db=0.0ms
SELECT u0."id", u0."org_id", u0."email", u0."display_name", u0."status", u0."cose_key", u0."credential_id", u0."roles", u0."created_at", u0."updated_at" FROM "users" AS u0 WHERE (u0."email" = $1) ["test@example.com"]
23:09:57.854 [debug] QUERY OK source="users" db=0.1ms
INSERT INTO "users" ("id","status","org_id","email","display_name","roles","cose_key","credential_id","created_at","updated_at") VALUES ($1,$2,$3,$4,$5,$6,$7,$8,$9,$10) ["019d0c26-0b00-74a0-bd6d-48329cf61a57", "active", "019d0c26-0b00-74a0-8884-24b7b734f296", "test@example.com", "Test User", ["system_admin"], "bootstrap_cose_key", "bootstrap_credential_id", ~U[2026-03-20 23:09:57.854474Z], ~U[2026-03-20 23:09:57.854474Z]]
23:09:57.854 [debug] QUERY ERROR source="identity_user_settings" db=0.0ms
SELECT i0."id", i0."user_id", i0."org_id", i0."locale", i0."timezone", i0."notifications_enabled", i0."created_at", i0."updated_at" FROM "identity_user_settings" AS i0 WHERE (i0."id" = $1) ["019d0c26-0b00-74a0-bd6d-48329cf61a57"]
23:09:57.855 [debug] QUERY OK db=0.0ms
rollback []
23:09:57.856 [error] Nexus.Identity.Projectors.UserRegistrationProjector failed to handle event:
%Commanded.EventStore.RecordedEvent{
  event_id: "282ec866-f518-44ed-95f6-7a535d6c3e25",
  event_number: 11262,
  stream_id: "019d0c26-0b00-74a0-bd6d-48329cf61a57",
  stream_version: 1,
  causation_id: "d64809a4-8402-4360-8536-99b7a0f860ca",
  correlation_id: "e0f4b4bb-483c-4914-aaaa-956d1587d67e",
  event_type: "Elixir.Nexus.Identity.Events.UserRegistered",
  data: %Nexus.Identity.Events.UserRegistered{
    user_id: "019d0c26-0b00-74a0-bd6d-48329cf61a57",
    org_id: "019d0c26-0b00-74a0-8884-24b7b734f296",
    email: "test@example.com",
    role: "system_admin",
    cose_key: "Ym9vdHN0cmFwX2Nvc2Vfa2V5",
    credential_id: "Ym9vdHN0cmFwX2NyZWRlbnRpYWxfaWQ=",
    registered_at: "2026-03-20T16:48:33.024173Z",
    display_name: "Test User",
    status: "active"
  },
  created_at: ~U[2026-03-20 16:48:33.025211Z],
  metadata: %{
    "causation_id" => "019d0c26-0b00-71d0-a1d2-041f55e92cfc",
    "correlation_id" => "019d0c26-0b00-71d0-a1d2-041f55e92cfc"
  }
}, due to:
** (Postgrex.Error) ERROR 42703 (undefined_column) column i0.id does not exist

    query: SELECT i0."id", i0."user_id", i0."org_id", i0."locale", i0."timezone", i0."notifications_enabled", i0."created_at", i0."updated_at" FROM "identity_user_settings" AS i0 WHERE (i0."id" = $1)
    (ecto_sql 3.13.4) lib/ecto/adapters/sql.ex:1113: Ecto.Adapters.SQL.raise_sql_call_error/1
    (ecto_sql 3.13.4) lib/ecto/adapters/sql.ex:1011: Ecto.Adapters.SQL.execute/6
    (ecto 3.13.5) lib/ecto/repo/queryable.ex:241: Ecto.Repo.Queryable.execute/4
    (ecto 3.13.5) lib/ecto/repo/queryable.ex:19: Ecto.Repo.Queryable.all/3
    (ecto 3.13.5) lib/ecto/repo/queryable.ex:163: Ecto.Repo.Queryable.one/3
    (nexus 0.1.0) lib/nexus/identity/projectors/user_registration_projector.ex:53: anonymous fn/3 in Nexus.Identity.Projectors.UserRegistrationProjector.project_registration/3
    (ecto 3.13.5) lib/ecto/multi.ex:905: Ecto.Multi.apply_operation/5
    (elixir 1.19.5) lib/enum.ex:2520: Enum."-reduce/3-lists^foldl/2-0-"/3
    (ecto 3.13.5) lib/ecto/multi.ex:878: anonymous fn/5 in Ecto.Multi.apply_operations/5
    (ecto_sql 3.13.4) lib/ecto/adapters/sql.ex:1473: anonymous fn/3 in Ecto.Adapters.SQL.checkout_or_transaction/4
    (db_connection 2.9.0) lib/db_connection.ex:1747: DBConnection.run_transaction/4
    (ecto 3.13.5) lib/ecto/repo/transaction.ex:30: Ecto.Repo.Transaction.transact/4
    (nexus 0.1.0) deps/commanded_ecto_projections/lib/projections/ecto.ex:97: Nexus.Identity.Projectors.UserRegistrationProjector.update_projection/3
    (commanded 1.4.9) lib/commanded/event/handler.ex:1221: Commanded.Event.Handler.delegate_event_to_handler/2
    (commanded 1.4.9) lib/commanded/event/handler.ex:1062: Commanded.Event.Handler.handle_event/3
    (elixir 1.19.5) lib/enum.ex:2520: Enum."-reduce/3-lists^foldl/2-0-"/3
    (commanded 1.4.9) lib/commanded/event/handler.ex:969: Commanded.Event.Handler.handle_info/2
    (stdlib 7.1) gen_server.erl:2434: :gen_server.try_handle_info/3
    (stdlib 7.1) gen_server.erl:2420: :gen_server.handle_msg/3
    (stdlib 7.1) proc_lib.erl:333: :proc_lib.init_p_do_apply/3

23:09:57.856 [warning] Nexus.Identity.Projectors.UserRegistrationProjector has requested to stop: %Postgrex.Error{message: nil, postgres: %{code: :undefined_column, line: "3721", message: "column i0.id does not exist", position: "8", file: "parse_relation.c", unknown: "ERROR", severity: "ERROR", pg_code: "42703", routine: "errorMissingColumn"}, connection_id: 3157, query: "SELECT i0.\"id\", i0.\"user_id\", i0.\"org_id\", i0.\"locale\", i0.\"timezone\", i0.\"notifications_enabled\", i0.\"created_at\", i0.\"updated_at\" FROM \"identity_user_settings\" AS i0 WHERE (i0.\"id\" = $1)"}
23:09:57.856 [debug] Nexus.Identity.Projectors.UserRegistrationProjector is shutting down due to %Postgrex.Error{message: nil, postgres: %{code: :undefined_column, line: "3721", message: "column i0.id does not exist", position: "8", file: "parse_relation.c", unknown: "ERROR", severity: "ERROR", pg_code: "42703", routine: "errorMissingColumn"}, connection_id: 3157, query: "SELECT i0.\"id\", i0.\"user_id\", i0.\"org_id\", i0.\"locale\", i0.\"timezone\", i0.\"notifications_enabled\", i0.\"created_at\", i0.\"updated_at\" FROM \"identity_user_settings\" AS i0 WHERE (i0.\"id\" = $1)"}
23:09:57.856 [error] GenServer {Nexus.App.LocalRegistry, {Nexus.App, Commanded.Event.Handler, "Identity.Projectors.UserRegistrationProjector"}} terminating
** (stop) %Postgrex.Error{message: nil, postgres: %{code: :undefined_column, line: "3721", message: "column i0.id does not exist", position: "8", file: "parse_relation.c", unknown: "ERROR", severity: "ERROR", pg_code: "42703", routine: "errorMissingColumn"}, connection_id: 3157, query: "SELECT i0.\"id\", i0.\"user_id\", i0.\"org_id\", i0.\"locale\", i0.\"timezone\", i0.\"notifications_enabled\", i0.\"created_at\", i0.\"updated_at\" FROM \"identity_user_settings\" AS i0 WHERE (i0.\"id\" = $1)"}
Last message: {:events, [%Commanded.EventStore.RecordedEvent{event_id: "282ec866-f518-44ed-95f6-7a535d6c3e25", event_number: 11262, stream_id: "019d0c26-0b00-74a0-bd6d-48329cf61a57", stream_version: 1, causation_id: "d64809a4-8402-4360-8536-99b7a0f860ca", correlation_id: "e0f4b4bb-483c-4914-aaaa-956d1587d67e", event_type: "Elixir.Nexus.Identity.Events.UserRegistered", data: %Nexus.Identity.Events.UserRegistered{user_id: "019d0c26-0b00-74a0-bd6d-48329cf61a57", org_id: "019d0c26-0b00-74a0-8884-24b7b734f296", email: "test@example.com", role: "system_admin", cose_key: "Ym9vdHN0cmFwX2Nvc2Vfa2V5", credential_id: "Ym9vdHN0cmFwX2NyZWRlbnRpYWxfaWQ=", registered_at: "2026-03-20T16:48:33.024173Z", display_name: "Test User", status: "active"}, created_at: ~U[2026-03-20 16:48:33.025211Z], metadata: %{"causation_id" => "019d0c26-0b00-71d0-a1d2-041f55e92cfc", "correlation_id" => "019d0c26-0b00-71d0-a1d2-041f55e92cfc"}}]}
State: %Commanded.Event.Handler{application: Nexus.App, consistency: :strong, handler_callback: :event, handler_name: "Identity.Projectors.UserRegistrationProjector", handler_module: Nexus.Identity.Projectors.UserRegistrationProjector, handler_state: nil, last_seen_event: nil, subscription: %Commanded.EventStore.Subscription{application: Nexus.App, backoff: {:backoff, 1000, 60000, 1000, :jitter, :undefined, :undefined}, concurrency: 1, partition_by: nil, subscribe_to: :all, subscribe_from: :origin, subscription_name: "Identity.Projectors.UserRegistrationProjector", subscription_opts: [], subscription_pid: #PID<0.1936.0>, subscription_ref: #Reference<0.504251661.3394502657.105702>}, subscribe_timer: nil}
23:09:57.856 [debug] Subscription "Identity.Projectors.UserRegistrationProjector"@"$all" subscriber #PID<0.1935.0> down due to: %Postgrex.Error{message: nil, postgres: %{code: :undefined_column, line: "3721", message: "column i0.id does not exist", position: "8", file: "parse_relation.c", unknown: "ERROR", severity: "ERROR", pg_code: "42703", routine: "errorMissingColumn"}, connection_id: 3157, query: "SELECT i0.\"id\", i0.\"user_id\", i0.\"org_id\", i0.\"locale\", i0.\"timezone\", i0.\"notifications_enabled\", i0.\"created_at\", i0.\"updated_at\" FROM \"identity_user_settings\" AS i0 WHERE (i0.\"id\" = $1)"}
23:09:57.856 [debug] Subscription "Identity.Projectors.UserRegistrationProjector"@"$all" has no subscribers, shutting down
23:09:57.856 [error] GenServer {Nexus.EventStore.EventStore.Subscriptions.Registry, {"$all", "Identity.Projectors.UserRegistrationProjector"}} terminating
** (stop) %Postgrex.Error{message: nil, postgres: %{code: :undefined_column, line: "3721", message: "column i0.id does not exist", position: "8", file: "parse_relation.c", unknown: "ERROR", severity: "ERROR", pg_code: "42703", routine: "errorMissingColumn"}, connection_id: 3157, query: "SELECT i0.\"id\", i0.\"user_id\", i0.\"org_id\", i0.\"locale\", i0.\"timezone\", i0.\"notifications_enabled\", i0.\"created_at\", i0.\"updated_at\" FROM \"identity_user_settings\" AS i0 WHERE (i0.\"id\" = $1)"}
Last message: {:DOWN, #Reference<0.504251661.3394502658.59039>, :process, #PID<0.1935.0>, %Postgrex.Error{message: nil, postgres: %{code: :undefined_column, line: "3721", message: "column i0.id does not exist", position: "8", file: "parse_relation.c", unknown: "ERROR", severity: "ERROR", pg_code: "42703", routine: "errorMissingColumn"}, connection_id: 3157, query: "SELECT i0.\"id\", i0.\"user_id\", i0.\"org_id\", i0.\"locale\", i0.\"timezone\", i0.\"notifications_enabled\", i0.\"created_at\", i0.\"updated_at\" FROM \"identity_user_settings\" AS i0 WHERE (i0.\"id\" = $1)"}}
State: %EventStore.Subscriptions.Subscription{stream_uuid: "$all", subscription_name: "Identity.Projectors.UserRegistrationProjector", subscription: %EventStore.Subscriptions.SubscriptionFsm{state: :unsubscribed, data: %EventStore.Subscriptions.SubscriptionState{conn: Nexus.EventStore.Postgrex, event_store: Nexus.EventStore, serializer: Commanded.Serialization.JsonSerializer, schema: "event_store", stream_uuid: "$all", start_from: 0, subscription_name: "Identity.Projectors.UserRegistrationProjector", subscription_id: 405, selector: nil, mapper: &Commanded.EventStore.Adapters.EventStore.Mapper.from_recorded_event/1, max_size: 1000, partition_by: nil, query_timeout: 15000, lock_ref: #Reference<0.504251661.3394502657.105699>, last_received: 12197, last_sent: 11262, last_ack: 11261, queue_size: 936, buffer_size: 1, checkpoint_after: 0, checkpoint_threshold: 1, checkpoint_timer_ref: nil, checkpoints_pending: 0, subscribers: %{}, partitions: %{nil: {[%EventStore.RecordedEvent{event_number: 12197, event_id: "1090d0fa-e811-4476-b333-0ecde47df19b", stream_uuid: "7f9d61e3-4ddb-4a45-9632-c9b4e8e37a26", stream_version: 1, correlation_id: "95c6a40b-6222-41f9-98d5-3e8c238cd512", causation_id: "cafcad9f-48b9-4455-9cc5-59cc5c81305c", event_type: "Elixir.Nexus.Identity.Events.UserRegistered", data: %Nexus.Identity.Events.UserRegistered{user_id: "7f9d61e3-4ddb-4a45-9632-c9b4e8e37a26", org_id: "a136c24b-09d3-44e5-b654-62c6eb3563d2", email: "test@example.com", role: "admin", cose_key: "dummy", credential_id: "dummy", registered_at: "2026-03-20T23:09:57.291719Z", display_name: "Test User", status: "active"}, metadata: %{"causation_id" => "019d0d83-3aab-7cfc-b64f-9c138c365c71", "correlation_id" => "019d0d83-3aab-7cfc-b64f-9c138c365c71"}, created_at: ~U[2026-03-20 23:09:57.294271Z]}, %EventStore.RecordedEvent{event_number: 12196, event_id: "51ed3aa0-2b4d-4f9e-bb88-d9b7471414a0", stream_uuid: "a6d32835-04fe-47c3-93c7-50750f4c0025", stream_version: 2, correlation_id: "fb342b99-3477-4551-974c-9a74331120b4", causation_id: "e22481cf-a9ef-4153-a77b-9a91fcb9b83b", event_type: "Elixir.Nexus.Identity.Events.SessionExpired", data: %Nexus.Identity.Events.SessionExpired{org_id: "aefc3981-97e0-4a44-a442-807e9d7b3892", user_id: "a6d32835-04fe-47c3-93c7-50750f4c0025", session_id: "87180336-fdab-415d-a0c7-23fd23f136a9", expired_at: "2026-03-20T23:09:56.784404Z"}, metadata: %{"causation_id" => "019d0d83-38b1-75a5-8e13-bbe0bed9ff21", "correlation_id" => "019d0d83-38b1-75a5-8e13-bbe0bed9ff21"}, created_at: ~U[2026-03-20 23:09:56.786169Z]}, %EventStore.RecordedEvent{event_number: 12195, event_id: "63cf0cf3-679d-4adb-a5fc-1b7c8cdfe448", stream_uuid: "a6d32835-04fe-47c3-93c7-50750f4c0025", stream_version: 1, correlation_id: "4b130646-5380-41f3-b6df-9abfd1ed0d92", causation_id: "0f27ee9d-27db-4e8b-8f2d-6a8556a5e9d4", event_type: "Elixir.Nexus.Identity.Events.UserRegistered", data: %Nexus.Identity.Events.UserRegistered{user_id: "a6d32835-04fe-47c3-93c7-50750f4c0025", org_id: "aefc3981-97e0-4a44-a442-807e9d7b3892", email: "test@example.com", role: "admin", cose_key: "dummy", credential_id: "dummy", registered_at: "2026-03-20T23:09:56.579831Z", display_name: "Test User", status: "active"}, metadata: %{"causation_id" => "019d0d83-37e3-7671-991d-f18a42a53090", "correlation_id" => "019d0d83-37e3-7671-991d-f18a42a53090"}, created_at: ~U[2026-03-20 23:09:56.581065Z]}, %EventStore.RecordedEvent{event_number: 12194, event_id: "3f8f3cbc-ea72-45a7-ab6d-12a43da50245", stream_uuid: "e55da693-c009-4afd-a56e-9b4ab3975acc", stream_version: 2, correlation_id: "e5500f71-9103-4737-8991-5eb165815e23", causation_id: "633094f8-6986-459b-9416-072dd0187fd9", ...}, ...], ...}}, ...}}, ...}
23:09:57.856 [debug] Nexus.Identity.Projectors.UserRegistrationProjector is shutting down due to {%Postgrex.Error{message: nil, postgres: %{code: :undefined_column, line: "3721", message: "column i0.id does not exist", position: "8", file: "parse_relation.c", unknown: "ERROR", severity: "ERROR", pg_code: "42703", routine: "errorMissingColumn"}, connection_id: 3157, query: "SELECT i0.\"id\", i0.\"user_id\", i0.\"org_id\", i0.\"locale\", i0.\"timezone\", i0.\"notifications_enabled\", i0.\"created_at\", i0.\"updated_at\" FROM \"identity_user_settings\" AS i0 WHERE (i0.\"id\" = $1)"}, {GenServer, :call, [#PID<0.1936.0>, {:connect, #PID<0.1937.0>, [retry_interval: 60000, hibernate_after: 15000, partition_by: nil, concurrency_limit: 1, name: Nexus.EventStore, mapper: &Commanded.EventStore.Adapters.EventStore.Mapper.from_recorded_event/1, conn: Nexus.EventStore.Postgrex, event_store: Nexus.EventStore, query_timeout: 15000, schema: "event_store", serializer: Commanded.Serialization.JsonSerializer, stream_uuid: "$all", subscription_name: "Identity.Projectors.UserRegistrationProjector", start_from: 0]}, 5000]}}
23:09:57.856 [error] GenServer {Nexus.App.LocalRegistry, {Nexus.App, Commanded.Event.Handler, "Identity.Projectors.UserRegistrationProjector"}} terminating
** (stop) exited in: GenServer.call(#PID<0.1936.0>, {:connect, #PID<0.1937.0>, [retry_interval: 60000, hibernate_after: 15000, partition_by: nil, concurrency_limit: 1, name: Nexus.EventStore, mapper: &Commanded.EventStore.Adapters.EventStore.Mapper.from_recorded_event/1, conn: Nexus.EventStore.Postgrex, event_store: Nexus.EventStore, query_timeout: 15000, schema: "event_store", serializer: Commanded.Serialization.JsonSerializer, stream_uuid: "$all", subscription_name: "Identity.Projectors.UserRegistrationProjector", start_from: 0]}, 5000)
    ** (EXIT) %Postgrex.Error{message: nil, postgres: %{code: :undefined_column, line: "3721", message: "column i0.id does not exist", position: "8", file: "parse_relation.c", unknown: "ERROR", severity: "ERROR", pg_code: "42703", routine: "errorMissingColumn"}, connection_id: 3157, query: "SELECT i0.\"id\", i0.\"user_id\", i0.\"org_id\", i0.\"locale\", i0.\"timezone\", i0.\"notifications_enabled\", i0.\"created_at\", i0.\"updated_at\" FROM \"identity_user_settings\" AS i0 WHERE (i0.\"id\" = $1)"}
    (elixir 1.19.5) lib/gen_server.ex:1142: GenServer.call/3
    (commanded 1.4.9) lib/commanded/event_store.ex:289: anonymous fn/2 in Commanded.EventStore.span/3
    (telemetry 1.3.0) /Users/bernard/dev/nexus/deps/telemetry/src/telemetry.erl:324: :telemetry.span/3
    (commanded 1.4.9) lib/commanded/event_store/subscription.ex:58: Commanded.EventStore.Subscription.subscribe/2
    (commanded 1.4.9) lib/commanded/event/handler.ex:1024: Commanded.Event.Handler.subscribe_to_events/1
    (commanded 1.4.9) lib/commanded/event/handler.ex:887: Commanded.Event.Handler.handle_continue/2
    (stdlib 7.1) gen_server.erl:2424: :gen_server.try_handle_continue/3
    (stdlib 7.1) gen_server.erl:2291: :gen_server.loop/4
    (stdlib 7.1) proc_lib.erl:333: :proc_lib.init_p_do_apply/3
Last message: {:continue, :subscribe_to_events}
State: %Commanded.Event.Handler{application: Nexus.App, consistency: :strong, handler_callback: :event, handler_name: "Identity.Projectors.UserRegistrationProjector", handler_module: Nexus.Identity.Projectors.UserRegistrationProjector, handler_state: nil, last_seen_event: nil, subscription: %Commanded.EventStore.Subscription{application: Nexus.App, backoff: {:backoff, 1000, 60000, 1000, :jitter, :undefined, :undefined}, concurrency: 1, partition_by: nil, subscribe_to: :all, subscribe_from: :origin, subscription_name: "Identity.Projectors.UserRegistrationProjector", subscription_opts: [], subscription_pid: nil, subscription_ref: nil}, subscribe_timer: nil}
23:09:57.857 [debug] Subscription "Identity.Projectors.UserRegistrationProjector"@"$all" attempting to connect subscriber #PID<0.1938.0>
23:09:57.858 [debug] Subscription "Identity.Projectors.UserRegistrationProjector"@"$all" catching-up
23:09:57.858 [debug] Nexus.Identity.Projectors.UserRegistrationProjector has successfully subscribed to event store
23:09:57.872 [debug] Nexus.Identity.Projectors.UserRegistrationProjector received events: [%Commanded.EventStore.RecordedEvent{event_id: "282ec866-f518-44ed-95f6-7a535d6c3e25", event_number: 11262, stream_id: "019d0c26-0b00-74a0-bd6d-48329cf61a57", stream_version: 1, causation_id: "d64809a4-8402-4360-8536-99b7a0f860ca", correlation_id: "e0f4b4bb-483c-4914-aaaa-956d1587d67e", event_type: "Elixir.Nexus.Identity.Events.UserRegistered", data: %Nexus.Identity.Events.UserRegistered{user_id: "019d0c26-0b00-74a0-bd6d-48329cf61a57", org_id: "019d0c26-0b00-74a0-8884-24b7b734f296", email: "test@example.com", role: "system_admin", cose_key: "Ym9vdHN0cmFwX2Nvc2Vfa2V5", credential_id: "Ym9vdHN0cmFwX2NyZWRlbnRpYWxfaWQ=", registered_at: "2026-03-20T16:48:33.024173Z", display_name: "Test User", status: "active"}, created_at: ~U[2026-03-20 16:48:33.025211Z], metadata: %{"causation_id" => "019d0c26-0b00-71d0-a1d2-041f55e92cfc", "correlation_id" => "019d0c26-0b00-71d0-a1d2-041f55e92cfc"}}]
23:09:57.873 [debug] QUERY OK db=0.1ms
begin []
23:09:57.873 [debug] QUERY OK source="projection_versions" db=0.1ms
INSERT INTO "projection_versions" AS p0 ("projection_name","last_seen_event_number","inserted_at","updated_at") VALUES ($1,$2,$3,$4) ON CONFLICT ("projection_name") DO UPDATE SET "last_seen_event_number" = $5 WHERE ((p0."projection_name" = $6) AND (p0."last_seen_event_number" < $7)) ["Identity.Projectors.UserRegistrationProjector", 11262, ~N[2026-03-20 23:09:57.873250], ~N[2026-03-20 23:09:57.873250], 11262, "Identity.Projectors.UserRegistrationProjector", 11262]
23:09:57.873 [debug] QUERY OK source="users" db=0.1ms
SELECT u0."id", u0."org_id", u0."email", u0."display_name", u0."status", u0."cose_key", u0."credential_id", u0."roles", u0."created_at", u0."updated_at" FROM "users" AS u0 WHERE (u0."id" = $1) ["019d0c26-0b00-74a0-bd6d-48329cf61a57"]
23:09:57.873 [debug] QUERY OK source="users" db=0.1ms
SELECT u0."id", u0."org_id", u0."email", u0."display_name", u0."status", u0."cose_key", u0."credential_id", u0."roles", u0."created_at", u0."updated_at" FROM "users" AS u0 WHERE (u0."email" = $1) ["test@example.com"]
23:09:57.874 [debug] QUERY OK source="users" db=0.1ms
INSERT INTO "users" ("id","status","org_id","email","display_name","roles","cose_key","credential_id","created_at","updated_at") VALUES ($1,$2,$3,$4,$5,$6,$7,$8,$9,$10) ["019d0c26-0b00-74a0-bd6d-48329cf61a57", "active", "019d0c26-0b00-74a0-8884-24b7b734f296", "test@example.com", "Test User", ["system_admin"], "bootstrap_cose_key", "bootstrap_credential_id", ~U[2026-03-20 23:09:57.873864Z], ~U[2026-03-20 23:09:57.873864Z]]
23:09:57.874 [debug] QUERY ERROR source="identity_user_settings" db=0.0ms
SELECT i0."id", i0."user_id", i0."org_id", i0."locale", i0."timezone", i0."notifications_enabled", i0."created_at", i0."updated_at" FROM "identity_user_settings" AS i0 WHERE (i0."id" = $1) ["019d0c26-0b00-74a0-bd6d-48329cf61a57"]
23:09:57.874 [debug] QUERY OK db=0.1ms
rollback []
23:09:57.875 [error] Nexus.Identity.Projectors.UserRegistrationProjector failed to handle event:
%Commanded.EventStore.RecordedEvent{
  event_id: "282ec866-f518-44ed-95f6-7a535d6c3e25",
  event_number: 11262,
  stream_id: "019d0c26-0b00-74a0-bd6d-48329cf61a57",
  stream_version: 1,
  causation_id: "d64809a4-8402-4360-8536-99b7a0f860ca",
  correlation_id: "e0f4b4bb-483c-4914-aaaa-956d1587d67e",
  event_type: "Elixir.Nexus.Identity.Events.UserRegistered",
  data: %Nexus.Identity.Events.UserRegistered{
    user_id: "019d0c26-0b00-74a0-bd6d-48329cf61a57",
    org_id: "019d0c26-0b00-74a0-8884-24b7b734f296",
    email: "test@example.com",
    role: "system_admin",
    cose_key: "Ym9vdHN0cmFwX2Nvc2Vfa2V5",
    credential_id: "Ym9vdHN0cmFwX2NyZWRlbnRpYWxfaWQ=",
    registered_at: "2026-03-20T16:48:33.024173Z",
    display_name: "Test User",
    status: "active"
  },
  created_at: ~U[2026-03-20 16:48:33.025211Z],
  metadata: %{
    "causation_id" => "019d0c26-0b00-71d0-a1d2-041f55e92cfc",
    "correlation_id" => "019d0c26-0b00-71d0-a1d2-041f55e92cfc"
  }
}, due to:
** (Postgrex.Error) ERROR 42703 (undefined_column) column i0.id does not exist

    query: SELECT i0."id", i0."user_id", i0."org_id", i0."locale", i0."timezone", i0."notifications_enabled", i0."created_at", i0."updated_at" FROM "identity_user_settings" AS i0 WHERE (i0."id" = $1)
    (ecto_sql 3.13.4) lib/ecto/adapters/sql.ex:1113: Ecto.Adapters.SQL.raise_sql_call_error/1
    (ecto_sql 3.13.4) lib/ecto/adapters/sql.ex:1011: Ecto.Adapters.SQL.execute/6
    (ecto 3.13.5) lib/ecto/repo/queryable.ex:241: Ecto.Repo.Queryable.execute/4
    (ecto 3.13.5) lib/ecto/repo/queryable.ex:19: Ecto.Repo.Queryable.all/3
    (ecto 3.13.5) lib/ecto/repo/queryable.ex:163: Ecto.Repo.Queryable.one/3
    (nexus 0.1.0) lib/nexus/identity/projectors/user_registration_projector.ex:53: anonymous fn/3 in Nexus.Identity.Projectors.UserRegistrationProjector.project_registration/3
    (ecto 3.13.5) lib/ecto/multi.ex:905: Ecto.Multi.apply_operation/5
    (elixir 1.19.5) lib/enum.ex:2520: Enum."-reduce/3-lists^foldl/2-0-"/3
    (ecto 3.13.5) lib/ecto/multi.ex:878: anonymous fn/5 in Ecto.Multi.apply_operations/5
    (ecto_sql 3.13.4) lib/ecto/adapters/sql.ex:1473: anonymous fn/3 in Ecto.Adapters.SQL.checkout_or_transaction/4
    (db_connection 2.9.0) lib/db_connection.ex:1747: DBConnection.run_transaction/4
    (ecto 3.13.5) lib/ecto/repo/transaction.ex:30: Ecto.Repo.Transaction.transact/4
    (nexus 0.1.0) deps/commanded_ecto_projections/lib/projections/ecto.ex:97: Nexus.Identity.Projectors.UserRegistrationProjector.update_projection/3
    (commanded 1.4.9) lib/commanded/event/handler.ex:1221: Commanded.Event.Handler.delegate_event_to_handler/2
    (commanded 1.4.9) lib/commanded/event/handler.ex:1062: Commanded.Event.Handler.handle_event/3
    (elixir 1.19.5) lib/enum.ex:2520: Enum."-reduce/3-lists^foldl/2-0-"/3
    (commanded 1.4.9) lib/commanded/event/handler.ex:969: Commanded.Event.Handler.handle_info/2
    (stdlib 7.1) gen_server.erl:2434: :gen_server.try_handle_info/3
    (stdlib 7.1) gen_server.erl:2420: :gen_server.handle_msg/3
    (stdlib 7.1) proc_lib.erl:333: :proc_lib.init_p_do_apply/3

23:09:57.875 [warning] Nexus.Identity.Projectors.UserRegistrationProjector has requested to stop: %Postgrex.Error{message: nil, postgres: %{code: :undefined_column, line: "3721", message: "column i0.id does not exist", position: "8", file: "parse_relation.c", unknown: "ERROR", severity: "ERROR", pg_code: "42703", routine: "errorMissingColumn"}, connection_id: 3157, query: "SELECT i0.\"id\", i0.\"user_id\", i0.\"org_id\", i0.\"locale\", i0.\"timezone\", i0.\"notifications_enabled\", i0.\"created_at\", i0.\"updated_at\" FROM \"identity_user_settings\" AS i0 WHERE (i0.\"id\" = $1)"}
23:09:57.875 [debug] Nexus.Identity.Projectors.UserRegistrationProjector is shutting down due to %Postgrex.Error{message: nil, postgres: %{code: :undefined_column, line: "3721", message: "column i0.id does not exist", position: "8", file: "parse_relation.c", unknown: "ERROR", severity: "ERROR", pg_code: "42703", routine: "errorMissingColumn"}, connection_id: 3157, query: "SELECT i0.\"id\", i0.\"user_id\", i0.\"org_id\", i0.\"locale\", i0.\"timezone\", i0.\"notifications_enabled\", i0.\"created_at\", i0.\"updated_at\" FROM \"identity_user_settings\" AS i0 WHERE (i0.\"id\" = $1)"}
23:09:57.875 [error] GenServer {Nexus.App.LocalRegistry, {Nexus.App, Commanded.Event.Handler, "Identity.Projectors.UserRegistrationProjector"}} terminating
** (stop) %Postgrex.Error{message: nil, postgres: %{code: :undefined_column, line: "3721", message: "column i0.id does not exist", position: "8", file: "parse_relation.c", unknown: "ERROR", severity: "ERROR", pg_code: "42703", routine: "errorMissingColumn"}, connection_id: 3157, query: "SELECT i0.\"id\", i0.\"user_id\", i0.\"org_id\", i0.\"locale\", i0.\"timezone\", i0.\"notifications_enabled\", i0.\"created_at\", i0.\"updated_at\" FROM \"identity_user_settings\" AS i0 WHERE (i0.\"id\" = $1)"}
Last message: {:events, [%Commanded.EventStore.RecordedEvent{event_id: "282ec866-f518-44ed-95f6-7a535d6c3e25", event_number: 11262, stream_id: "019d0c26-0b00-74a0-bd6d-48329cf61a57", stream_version: 1, causation_id: "d64809a4-8402-4360-8536-99b7a0f860ca", correlation_id: "e0f4b4bb-483c-4914-aaaa-956d1587d67e", event_type: "Elixir.Nexus.Identity.Events.UserRegistered", data: %Nexus.Identity.Events.UserRegistered{user_id: "019d0c26-0b00-74a0-bd6d-48329cf61a57", org_id: "019d0c26-0b00-74a0-8884-24b7b734f296", email: "test@example.com", role: "system_admin", cose_key: "Ym9vdHN0cmFwX2Nvc2Vfa2V5", credential_id: "Ym9vdHN0cmFwX2NyZWRlbnRpYWxfaWQ=", registered_at: "2026-03-20T16:48:33.024173Z", display_name: "Test User", status: "active"}, created_at: ~U[2026-03-20 16:48:33.025211Z], metadata: %{"causation_id" => "019d0c26-0b00-71d0-a1d2-041f55e92cfc", "correlation_id" => "019d0c26-0b00-71d0-a1d2-041f55e92cfc"}}]}
State: %Commanded.Event.Handler{application: Nexus.App, consistency: :strong, handler_callback: :event, handler_name: "Identity.Projectors.UserRegistrationProjector", handler_module: Nexus.Identity.Projectors.UserRegistrationProjector, handler_state: nil, last_seen_event: nil, subscription: %Commanded.EventStore.Subscription{application: Nexus.App, backoff: {:backoff, 1000, 60000, 1000, :jitter, :undefined, :undefined}, concurrency: 1, partition_by: nil, subscribe_to: :all, subscribe_from: :origin, subscription_name: "Identity.Projectors.UserRegistrationProjector", subscription_opts: [], subscription_pid: #PID<0.1939.0>, subscription_ref: #Reference<0.504251661.3394502658.59100>}, subscribe_timer: nil}
23:09:57.875 [debug] Subscription "Identity.Projectors.UserRegistrationProjector"@"$all" subscriber #PID<0.1938.0> down due to: %Postgrex.Error{message: nil, postgres: %{code: :undefined_column, line: "3721", message: "column i0.id does not exist", position: "8", file: "parse_relation.c", unknown: "ERROR", severity: "ERROR", pg_code: "42703", routine: "errorMissingColumn"}, connection_id: 3157, query: "SELECT i0.\"id\", i0.\"user_id\", i0.\"org_id\", i0.\"locale\", i0.\"timezone\", i0.\"notifications_enabled\", i0.\"created_at\", i0.\"updated_at\" FROM \"identity_user_settings\" AS i0 WHERE (i0.\"id\" = $1)"}
23:09:57.875 [debug] Subscription "Identity.Projectors.UserRegistrationProjector"@"$all" has no subscribers, shutting down
23:09:57.875 [error] GenServer {Nexus.EventStore.EventStore.Subscriptions.Registry, {"$all", "Identity.Projectors.UserRegistrationProjector"}} terminating
** (stop) %Postgrex.Error{message: nil, postgres: %{code: :undefined_column, line: "3721", message: "column i0.id does not exist", position: "8", file: "parse_relation.c", unknown: "ERROR", severity: "ERROR", pg_code: "42703", routine: "errorMissingColumn"}, connection_id: 3157, query: "SELECT i0.\"id\", i0.\"user_id\", i0.\"org_id\", i0.\"locale\", i0.\"timezone\", i0.\"notifications_enabled\", i0.\"created_at\", i0.\"updated_at\" FROM \"identity_user_settings\" AS i0 WHERE (i0.\"id\" = $1)"}
Last message: {:DOWN, #Reference<0.504251661.3394502658.59094>, :process, #PID<0.1938.0>, %Postgrex.Error{message: nil, postgres: %{code: :undefined_column, line: "3721", message: "column i0.id does not exist", position: "8", file: "parse_relation.c", unknown: "ERROR", severity: "ERROR", pg_code: "42703", routine: "errorMissingColumn"}, connection_id: 3157, query: "SELECT i0.\"id\", i0.\"user_id\", i0.\"org_id\", i0.\"locale\", i0.\"timezone\", i0.\"notifications_enabled\", i0.\"created_at\", i0.\"updated_at\" FROM \"identity_user_settings\" AS i0 WHERE (i0.\"id\" = $1)"}}
State: %EventStore.Subscriptions.Subscription{stream_uuid: "$all", subscription_name: "Identity.Projectors.UserRegistrationProjector", subscription: %EventStore.Subscriptions.SubscriptionFsm{state: :unsubscribed, data: %EventStore.Subscriptions.SubscriptionState{conn: Nexus.EventStore.Postgrex, event_store: Nexus.EventStore, serializer: Commanded.Serialization.JsonSerializer, schema: "event_store", stream_uuid: "$all", start_from: 0, subscription_name: "Identity.Projectors.UserRegistrationProjector", subscription_id: 405, selector: nil, mapper: &Commanded.EventStore.Adapters.EventStore.Mapper.from_recorded_event/1, max_size: 1000, partition_by: nil, query_timeout: 15000, lock_ref: #Reference<0.504251661.3394502657.105939>, last_received: 12197, last_sent: 11262, last_ack: 11261, queue_size: 936, buffer_size: 1, checkpoint_after: 0, checkpoint_threshold: 1, checkpoint_timer_ref: nil, checkpoints_pending: 0, subscribers: %{}, partitions: %{nil: {[%EventStore.RecordedEvent{event_number: 12197, event_id: "1090d0fa-e811-4476-b333-0ecde47df19b", stream_uuid: "7f9d61e3-4ddb-4a45-9632-c9b4e8e37a26", stream_version: 1, correlation_id: "95c6a40b-6222-41f9-98d5-3e8c238cd512", causation_id: "cafcad9f-48b9-4455-9cc5-59cc5c81305c", event_type: "Elixir.Nexus.Identity.Events.UserRegistered", data: %Nexus.Identity.Events.UserRegistered{user_id: "7f9d61e3-4ddb-4a45-9632-c9b4e8e37a26", org_id: "a136c24b-09d3-44e5-b654-62c6eb3563d2", email: "test@example.com", role: "admin", cose_key: "dummy", credential_id: "dummy", registered_at: "2026-03-20T23:09:57.291719Z", display_name: "Test User", status: "active"}, metadata: %{"causation_id" => "019d0d83-3aab-7cfc-b64f-9c138c365c71", "correlation_id" => "019d0d83-3aab-7cfc-b64f-9c138c365c71"}, created_at: ~U[2026-03-20 23:09:57.294271Z]}, %EventStore.RecordedEvent{event_number: 12196, event_id: "51ed3aa0-2b4d-4f9e-bb88-d9b7471414a0", stream_uuid: "a6d32835-04fe-47c3-93c7-50750f4c0025", stream_version: 2, correlation_id: "fb342b99-3477-4551-974c-9a74331120b4", causation_id: "e22481cf-a9ef-4153-a77b-9a91fcb9b83b", event_type: "Elixir.Nexus.Identity.Events.SessionExpired", data: %Nexus.Identity.Events.SessionExpired{org_id: "aefc3981-97e0-4a44-a442-807e9d7b3892", user_id: "a6d32835-04fe-47c3-93c7-50750f4c0025", session_id: "87180336-fdab-415d-a0c7-23fd23f136a9", expired_at: "2026-03-20T23:09:56.784404Z"}, metadata: %{"causation_id" => "019d0d83-38b1-75a5-8e13-bbe0bed9ff21", "correlation_id" => "019d0d83-38b1-75a5-8e13-bbe0bed9ff21"}, created_at: ~U[2026-03-20 23:09:56.786169Z]}, %EventStore.RecordedEvent{event_number: 12195, event_id: "63cf0cf3-679d-4adb-a5fc-1b7c8cdfe448", stream_uuid: "a6d32835-04fe-47c3-93c7-50750f4c0025", stream_version: 1, correlation_id: "4b130646-5380-41f3-b6df-9abfd1ed0d92", causation_id: "0f27ee9d-27db-4e8b-8f2d-6a8556a5e9d4", event_type: "Elixir.Nexus.Identity.Events.UserRegistered", data: %Nexus.Identity.Events.UserRegistered{user_id: "a6d32835-04fe-47c3-93c7-50750f4c0025", org_id: "aefc3981-97e0-4a44-a442-807e9d7b3892", email: "test@example.com", role: "admin", cose_key: "dummy", credential_id: "dummy", registered_at: "2026-03-20T23:09:56.579831Z", display_name: "Test User", status: "active"}, metadata: %{"causation_id" => "019d0d83-37e3-7671-991d-f18a42a53090", "correlation_id" => "019d0d83-37e3-7671-991d-f18a42a53090"}, created_at: ~U[2026-03-20 23:09:56.581065Z]}, %EventStore.RecordedEvent{event_number: 12194, event_id: "3f8f3cbc-ea72-45a7-ab6d-12a43da50245", stream_uuid: "e55da693-c009-4afd-a56e-9b4ab3975acc", stream_version: 2, correlation_id: "e5500f71-9103-4737-8991-5eb165815e23", causation_id: "633094f8-6986-459b-9416-072dd0187fd9", ...}, ...], ...}}, ...}}, ...}
23:09:57.876 [debug] Nexus.Identity.Projectors.UserRegistrationProjector is shutting down due to {%Postgrex.Error{message: nil, postgres: %{code: :undefined_column, line: "3721", message: "column i0.id does not exist", position: "8", file: "parse_relation.c", unknown: "ERROR", severity: "ERROR", pg_code: "42703", routine: "errorMissingColumn"}, connection_id: 3157, query: "SELECT i0.\"id\", i0.\"user_id\", i0.\"org_id\", i0.\"locale\", i0.\"timezone\", i0.\"notifications_enabled\", i0.\"created_at\", i0.\"updated_at\" FROM \"identity_user_settings\" AS i0 WHERE (i0.\"id\" = $1)"}, {GenServer, :call, [#PID<0.1939.0>, {:connect, #PID<0.1940.0>, [retry_interval: 60000, hibernate_after: 15000, partition_by: nil, concurrency_limit: 1, name: Nexus.EventStore, mapper: &Commanded.EventStore.Adapters.EventStore.Mapper.from_recorded_event/1, conn: Nexus.EventStore.Postgrex, event_store: Nexus.EventStore, query_timeout: 15000, schema: "event_store", serializer: Commanded.Serialization.JsonSerializer, stream_uuid: "$all", subscription_name: "Identity.Projectors.UserRegistrationProjector", start_from: 0]}, 5000]}}
23:09:57.876 [error] GenServer {Nexus.App.LocalRegistry, {Nexus.App, Commanded.Event.Handler, "Identity.Projectors.UserRegistrationProjector"}} terminating
** (stop) exited in: GenServer.call(#PID<0.1939.0>, {:connect, #PID<0.1940.0>, [retry_interval: 60000, hibernate_after: 15000, partition_by: nil, concurrency_limit: 1, name: Nexus.EventStore, mapper: &Commanded.EventStore.Adapters.EventStore.Mapper.from_recorded_event/1, conn: Nexus.EventStore.Postgrex, event_store: Nexus.EventStore, query_timeout: 15000, schema: "event_store", serializer: Commanded.Serialization.JsonSerializer, stream_uuid: "$all", subscription_name: "Identity.Projectors.UserRegistrationProjector", start_from: 0]}, 5000)
    ** (EXIT) %Postgrex.Error{message: nil, postgres: %{code: :undefined_column, line: "3721", message: "column i0.id does not exist", position: "8", file: "parse_relation.c", unknown: "ERROR", severity: "ERROR", pg_code: "42703", routine: "errorMissingColumn"}, connection_id: 3157, query: "SELECT i0.\"id\", i0.\"user_id\", i0.\"org_id\", i0.\"locale\", i0.\"timezone\", i0.\"notifications_enabled\", i0.\"created_at\", i0.\"updated_at\" FROM \"identity_user_settings\" AS i0 WHERE (i0.\"id\" = $1)"}
    (elixir 1.19.5) lib/gen_server.ex:1142: GenServer.call/3
    (commanded 1.4.9) lib/commanded/event_store.ex:289: anonymous fn/2 in Commanded.EventStore.span/3
    (telemetry 1.3.0) /Users/bernard/dev/nexus/deps/telemetry/src/telemetry.erl:324: :telemetry.span/3
    (commanded 1.4.9) lib/commanded/event_store/subscription.ex:58: Commanded.EventStore.Subscription.subscribe/2
    (commanded 1.4.9) lib/commanded/event/handler.ex:1024: Commanded.Event.Handler.subscribe_to_events/1
    (commanded 1.4.9) lib/commanded/event/handler.ex:887: Commanded.Event.Handler.handle_continue/2
    (stdlib 7.1) gen_server.erl:2424: :gen_server.try_handle_continue/3
    (stdlib 7.1) gen_server.erl:2291: :gen_server.loop/4
    (stdlib 7.1) proc_lib.erl:333: :proc_lib.init_p_do_apply/3
Last message: {:continue, :subscribe_to_events}
State: %Commanded.Event.Handler{application: Nexus.App, consistency: :strong, handler_callback: :event, handler_name: "Identity.Projectors.UserRegistrationProjector", handler_module: Nexus.Identity.Projectors.UserRegistrationProjector, handler_state: nil, last_seen_event: nil, subscription: %Commanded.EventStore.Subscription{application: Nexus.App, backoff: {:backoff, 1000, 60000, 1000, :jitter, :undefined, :undefined}, concurrency: 1, partition_by: nil, subscribe_to: :all, subscribe_from: :origin, subscription_name: "Identity.Projectors.UserRegistrationProjector", subscription_opts: [], subscription_pid: nil, subscription_ref: nil}, subscribe_timer: nil}
23:09:57.877 [debug] Subscription "Identity.Projectors.UserRegistrationProjector"@"$all" attempting to connect subscriber #PID<0.1941.0>
23:09:57.877 [debug] Subscription "Identity.Projectors.UserRegistrationProjector"@"$all" catching-up
23:09:57.877 [debug] Nexus.Identity.Projectors.UserRegistrationProjector has successfully subscribed to event store
23:09:57.891 [debug] Nexus.Identity.Projectors.UserRegistrationProjector received events: [%Commanded.EventStore.RecordedEvent{event_id: "282ec866-f518-44ed-95f6-7a535d6c3e25", event_number: 11262, stream_id: "019d0c26-0b00-74a0-bd6d-48329cf61a57", stream_version: 1, causation_id: "d64809a4-8402-4360-8536-99b7a0f860ca", correlation_id: "e0f4b4bb-483c-4914-aaaa-956d1587d67e", event_type: "Elixir.Nexus.Identity.Events.UserRegistered", data: %Nexus.Identity.Events.UserRegistered{user_id: "019d0c26-0b00-74a0-bd6d-48329cf61a57", org_id: "019d0c26-0b00-74a0-8884-24b7b734f296", email: "test@example.com", role: "system_admin", cose_key: "Ym9vdHN0cmFwX2Nvc2Vfa2V5", credential_id: "Ym9vdHN0cmFwX2NyZWRlbnRpYWxfaWQ=", registered_at: "2026-03-20T16:48:33.024173Z", display_name: "Test User", status: "active"}, created_at: ~U[2026-03-20 16:48:33.025211Z], metadata: %{"causation_id" => "019d0c26-0b00-71d0-a1d2-041f55e92cfc", "correlation_id" => "019d0c26-0b00-71d0-a1d2-041f55e92cfc"}}]
23:09:57.892 [debug] QUERY OK db=0.1ms
begin []
23:09:57.892 [debug] QUERY OK source="projection_versions" db=0.2ms
INSERT INTO "projection_versions" AS p0 ("projection_name","last_seen_event_number","inserted_at","updated_at") VALUES ($1,$2,$3,$4) ON CONFLICT ("projection_name") DO UPDATE SET "last_seen_event_number" = $5 WHERE ((p0."projection_name" = $6) AND (p0."last_seen_event_number" < $7)) ["Identity.Projectors.UserRegistrationProjector", 11262, ~N[2026-03-20 23:09:57.892245], ~N[2026-03-20 23:09:57.892245], 11262, "Identity.Projectors.UserRegistrationProjector", 11262]
23:09:57.892 [debug] QUERY OK source="users" db=0.1ms
SELECT u0."id", u0."org_id", u0."email", u0."display_name", u0."status", u0."cose_key", u0."credential_id", u0."roles", u0."created_at", u0."updated_at" FROM "users" AS u0 WHERE (u0."id" = $1) ["019d0c26-0b00-74a0-bd6d-48329cf61a57"]
23:09:57.892 [debug] QUERY OK source="users" db=0.1ms
SELECT u0."id", u0."org_id", u0."email", u0."display_name", u0."status", u0."cose_key", u0."credential_id", u0."roles", u0."created_at", u0."updated_at" FROM "users" AS u0 WHERE (u0."email" = $1) ["test@example.com"]
23:09:57.893 [debug] QUERY OK source="users" db=0.2ms
INSERT INTO "users" ("id","status","org_id","email","display_name","roles","cose_key","credential_id","created_at","updated_at") VALUES ($1,$2,$3,$4,$5,$6,$7,$8,$9,$10) ["019d0c26-0b00-74a0-bd6d-48329cf61a57", "active", "019d0c26-0b00-74a0-8884-24b7b734f296", "test@example.com", "Test User", ["system_admin"], "bootstrap_cose_key", "bootstrap_credential_id", ~U[2026-03-20 23:09:57.892885Z], ~U[2026-03-20 23:09:57.892885Z]]
23:09:57.893 [debug] QUERY ERROR source="identity_user_settings" db=0.0ms
SELECT i0."id", i0."user_id", i0."org_id", i0."locale", i0."timezone", i0."notifications_enabled", i0."created_at", i0."updated_at" FROM "identity_user_settings" AS i0 WHERE (i0."id" = $1) ["019d0c26-0b00-74a0-bd6d-48329cf61a57"]
23:09:57.893 [debug] QUERY OK db=0.1ms
rollback []
23:09:57.894 [error] Nexus.Identity.Projectors.UserRegistrationProjector failed to handle event:
%Commanded.EventStore.RecordedEvent{
  event_id: "282ec866-f518-44ed-95f6-7a535d6c3e25",
  event_number: 11262,
  stream_id: "019d0c26-0b00-74a0-bd6d-48329cf61a57",
  stream_version: 1,
  causation_id: "d64809a4-8402-4360-8536-99b7a0f860ca",
  correlation_id: "e0f4b4bb-483c-4914-aaaa-956d1587d67e",
  event_type: "Elixir.Nexus.Identity.Events.UserRegistered",
  data: %Nexus.Identity.Events.UserRegistered{
    user_id: "019d0c26-0b00-74a0-bd6d-48329cf61a57",
    org_id: "019d0c26-0b00-74a0-8884-24b7b734f296",
    email: "test@example.com",
    role: "system_admin",
    cose_key: "Ym9vdHN0cmFwX2Nvc2Vfa2V5",
    credential_id: "Ym9vdHN0cmFwX2NyZWRlbnRpYWxfaWQ=",
    registered_at: "2026-03-20T16:48:33.024173Z",
    display_name: "Test User",
    status: "active"
  },
  created_at: ~U[2026-03-20 16:48:33.025211Z],
  metadata: %{
    "causation_id" => "019d0c26-0b00-71d0-a1d2-041f55e92cfc",
    "correlation_id" => "019d0c26-0b00-71d0-a1d2-041f55e92cfc"
  }
}, due to:
** (Postgrex.Error) ERROR 42703 (undefined_column) column i0.id does not exist

    query: SELECT i0."id", i0."user_id", i0."org_id", i0."locale", i0."timezone", i0."notifications_enabled", i0."created_at", i0."updated_at" FROM "identity_user_settings" AS i0 WHERE (i0."id" = $1)
    (ecto_sql 3.13.4) lib/ecto/adapters/sql.ex:1113: Ecto.Adapters.SQL.raise_sql_call_error/1
    (ecto_sql 3.13.4) lib/ecto/adapters/sql.ex:1011: Ecto.Adapters.SQL.execute/6
    (ecto 3.13.5) lib/ecto/repo/queryable.ex:241: Ecto.Repo.Queryable.execute/4
    (ecto 3.13.5) lib/ecto/repo/queryable.ex:19: Ecto.Repo.Queryable.all/3
    (ecto 3.13.5) lib/ecto/repo/queryable.ex:163: Ecto.Repo.Queryable.one/3
    (nexus 0.1.0) lib/nexus/identity/projectors/user_registration_projector.ex:53: anonymous fn/3 in Nexus.Identity.Projectors.UserRegistrationProjector.project_registration/3
    (ecto 3.13.5) lib/ecto/multi.ex:905: Ecto.Multi.apply_operation/5
    (elixir 1.19.5) lib/enum.ex:2520: Enum."-reduce/3-lists^foldl/2-0-"/3
    (ecto 3.13.5) lib/ecto/multi.ex:878: anonymous fn/5 in Ecto.Multi.apply_operations/5
    (ecto_sql 3.13.4) lib/ecto/adapters/sql.ex:1473: anonymous fn/3 in Ecto.Adapters.SQL.checkout_or_transaction/4
    (db_connection 2.9.0) lib/db_connection.ex:1747: DBConnection.run_transaction/4
    (ecto 3.13.5) lib/ecto/repo/transaction.ex:30: Ecto.Repo.Transaction.transact/4
    (nexus 0.1.0) deps/commanded_ecto_projections/lib/projections/ecto.ex:97: Nexus.Identity.Projectors.UserRegistrationProjector.update_projection/3
    (commanded 1.4.9) lib/commanded/event/handler.ex:1221: Commanded.Event.Handler.delegate_event_to_handler/2
    (commanded 1.4.9) lib/commanded/event/handler.ex:1062: Commanded.Event.Handler.handle_event/3
    (elixir 1.19.5) lib/enum.ex:2520: Enum."-reduce/3-lists^foldl/2-0-"/3
    (commanded 1.4.9) lib/commanded/event/handler.ex:969: Commanded.Event.Handler.handle_info/2
    (stdlib 7.1) gen_server.erl:2434: :gen_server.try_handle_info/3
    (stdlib 7.1) gen_server.erl:2420: :gen_server.handle_msg/3
    (stdlib 7.1) proc_lib.erl:333: :proc_lib.init_p_do_apply/3

23:09:57.894 [warning] Nexus.Identity.Projectors.UserRegistrationProjector has requested to stop: %Postgrex.Error{message: nil, postgres: %{code: :undefined_column, line: "3721", message: "column i0.id does not exist", position: "8", file: "parse_relation.c", unknown: "ERROR", severity: "ERROR", pg_code: "42703", routine: "errorMissingColumn"}, connection_id: 3157, query: "SELECT i0.\"id\", i0.\"user_id\", i0.\"org_id\", i0.\"locale\", i0.\"timezone\", i0.\"notifications_enabled\", i0.\"created_at\", i0.\"updated_at\" FROM \"identity_user_settings\" AS i0 WHERE (i0.\"id\" = $1)"}
23:09:57.894 [debug] Nexus.Identity.Projectors.UserRegistrationProjector is shutting down due to %Postgrex.Error{message: nil, postgres: %{code: :undefined_column, line: "3721", message: "column i0.id does not exist", position: "8", file: "parse_relation.c", unknown: "ERROR", severity: "ERROR", pg_code: "42703", routine: "errorMissingColumn"}, connection_id: 3157, query: "SELECT i0.\"id\", i0.\"user_id\", i0.\"org_id\", i0.\"locale\", i0.\"timezone\", i0.\"notifications_enabled\", i0.\"created_at\", i0.\"updated_at\" FROM \"identity_user_settings\" AS i0 WHERE (i0.\"id\" = $1)"}
23:09:57.894 [error] GenServer {Nexus.App.LocalRegistry, {Nexus.App, Commanded.Event.Handler, "Identity.Projectors.UserRegistrationProjector"}} terminating
** (stop) %Postgrex.Error{message: nil, postgres: %{code: :undefined_column, line: "3721", message: "column i0.id does not exist", position: "8", file: "parse_relation.c", unknown: "ERROR", severity: "ERROR", pg_code: "42703", routine: "errorMissingColumn"}, connection_id: 3157, query: "SELECT i0.\"id\", i0.\"user_id\", i0.\"org_id\", i0.\"locale\", i0.\"timezone\", i0.\"notifications_enabled\", i0.\"created_at\", i0.\"updated_at\" FROM \"identity_user_settings\" AS i0 WHERE (i0.\"id\" = $1)"}
Last message: {:events, [%Commanded.EventStore.RecordedEvent{event_id: "282ec866-f518-44ed-95f6-7a535d6c3e25", event_number: 11262, stream_id: "019d0c26-0b00-74a0-bd6d-48329cf61a57", stream_version: 1, causation_id: "d64809a4-8402-4360-8536-99b7a0f860ca", correlation_id: "e0f4b4bb-483c-4914-aaaa-956d1587d67e", event_type: "Elixir.Nexus.Identity.Events.UserRegistered", data: %Nexus.Identity.Events.UserRegistered{user_id: "019d0c26-0b00-74a0-bd6d-48329cf61a57", org_id: "019d0c26-0b00-74a0-8884-24b7b734f296", email: "test@example.com", role: "system_admin", cose_key: "Ym9vdHN0cmFwX2Nvc2Vfa2V5", credential_id: "Ym9vdHN0cmFwX2NyZWRlbnRpYWxfaWQ=", registered_at: "2026-03-20T16:48:33.024173Z", display_name: "Test User", status: "active"}, created_at: ~U[2026-03-20 16:48:33.025211Z], metadata: %{"causation_id" => "019d0c26-0b00-71d0-a1d2-041f55e92cfc", "correlation_id" => "019d0c26-0b00-71d0-a1d2-041f55e92cfc"}}]}
State: %Commanded.Event.Handler{application: Nexus.App, consistency: :strong, handler_callback: :event, handler_name: "Identity.Projectors.UserRegistrationProjector", handler_module: Nexus.Identity.Projectors.UserRegistrationProjector, handler_state: nil, last_seen_event: nil, subscription: %Commanded.EventStore.Subscription{application: Nexus.App, backoff: {:backoff, 1000, 60000, 1000, :jitter, :undefined, :undefined}, concurrency: 1, partition_by: nil, subscribe_to: :all, subscribe_from: :origin, subscription_name: "Identity.Projectors.UserRegistrationProjector", subscription_opts: [], subscription_pid: #PID<0.1942.0>, subscription_ref: #Reference<0.504251661.3394502657.106180>}, subscribe_timer: nil}
23:09:57.895 [debug] Subscription "Identity.Projectors.UserRegistrationProjector"@"$all" subscriber #PID<0.1941.0> down due to: %Postgrex.Error{message: nil, postgres: %{code: :undefined_column, line: "3721", message: "column i0.id does not exist", position: "8", file: "parse_relation.c", unknown: "ERROR", severity: "ERROR", pg_code: "42703", routine: "errorMissingColumn"}, connection_id: 3157, query: "SELECT i0.\"id\", i0.\"user_id\", i0.\"org_id\", i0.\"locale\", i0.\"timezone\", i0.\"notifications_enabled\", i0.\"created_at\", i0.\"updated_at\" FROM \"identity_user_settings\" AS i0 WHERE (i0.\"id\" = $1)"}
23:09:57.895 [debug] Subscription "Identity.Projectors.UserRegistrationProjector"@"$all" has no subscribers, shutting down
23:09:57.895 [error] GenServer {Nexus.EventStore.EventStore.Subscriptions.Registry, {"$all", "Identity.Projectors.UserRegistrationProjector"}} terminating
** (stop) %Postgrex.Error{message: nil, postgres: %{code: :undefined_column, line: "3721", message: "column i0.id does not exist", position: "8", file: "parse_relation.c", unknown: "ERROR", severity: "ERROR", pg_code: "42703", routine: "errorMissingColumn"}, connection_id: 3157, query: "SELECT i0.\"id\", i0.\"user_id\", i0.\"org_id\", i0.\"locale\", i0.\"timezone\", i0.\"notifications_enabled\", i0.\"created_at\", i0.\"updated_at\" FROM \"identity_user_settings\" AS i0 WHERE (i0.\"id\" = $1)"}
Last message: {:DOWN, #Reference<0.504251661.3394502658.59150>, :process, #PID<0.1941.0>, %Postgrex.Error{message: nil, postgres: %{code: :undefined_column, line: "3721", message: "column i0.id does not exist", position: "8", file: "parse_relation.c", unknown: "ERROR", severity: "ERROR", pg_code: "42703", routine: "errorMissingColumn"}, connection_id: 3157, query: "SELECT i0.\"id\", i0.\"user_id\", i0.\"org_id\", i0.\"locale\", i0.\"timezone\", i0.\"notifications_enabled\", i0.\"created_at\", i0.\"updated_at\" FROM \"identity_user_settings\" AS i0 WHERE (i0.\"id\" = $1)"}}
State: %EventStore.Subscriptions.Subscription{stream_uuid: "$all", subscription_name: "Identity.Projectors.UserRegistrationProjector", subscription: %EventStore.Subscriptions.SubscriptionFsm{state: :unsubscribed, data: %EventStore.Subscriptions.SubscriptionState{conn: Nexus.EventStore.Postgrex, event_store: Nexus.EventStore, serializer: Commanded.Serialization.JsonSerializer, schema: "event_store", stream_uuid: "$all", start_from: 0, subscription_name: "Identity.Projectors.UserRegistrationProjector", subscription_id: 405, selector: nil, mapper: &Commanded.EventStore.Adapters.EventStore.Mapper.from_recorded_event/1, max_size: 1000, partition_by: nil, query_timeout: 15000, lock_ref: #Reference<0.504251661.3394502657.106177>, last_received: 12197, last_sent: 11262, last_ack: 11261, queue_size: 936, buffer_size: 1, checkpoint_after: 0, checkpoint_threshold: 1, checkpoint_timer_ref: nil, checkpoints_pending: 0, subscribers: %{}, partitions: %{nil: {[%EventStore.RecordedEvent{event_number: 12197, event_id: "1090d0fa-e811-4476-b333-0ecde47df19b", stream_uuid: "7f9d61e3-4ddb-4a45-9632-c9b4e8e37a26", stream_version: 1, correlation_id: "95c6a40b-6222-41f9-98d5-3e8c238cd512", causation_id: "cafcad9f-48b9-4455-9cc5-59cc5c81305c", event_type: "Elixir.Nexus.Identity.Events.UserRegistered", data: %Nexus.Identity.Events.UserRegistered{user_id: "7f9d61e3-4ddb-4a45-9632-c9b4e8e37a26", org_id: "a136c24b-09d3-44e5-b654-62c6eb3563d2", email: "test@example.com", role: "admin", cose_key: "dummy", credential_id: "dummy", registered_at: "2026-03-20T23:09:57.291719Z", display_name: "Test User", status: "active"}, metadata: %{"causation_id" => "019d0d83-3aab-7cfc-b64f-9c138c365c71", "correlation_id" => "019d0d83-3aab-7cfc-b64f-9c138c365c71"}, created_at: ~U[2026-03-20 23:09:57.294271Z]}, %EventStore.RecordedEvent{event_number: 12196, event_id: "51ed3aa0-2b4d-4f9e-bb88-d9b7471414a0", stream_uuid: "a6d32835-04fe-47c3-93c7-50750f4c0025", stream_version: 2, correlation_id: "fb342b99-3477-4551-974c-9a74331120b4", causation_id: "e22481cf-a9ef-4153-a77b-9a91fcb9b83b", event_type: "Elixir.Nexus.Identity.Events.SessionExpired", data: %Nexus.Identity.Events.SessionExpired{org_id: "aefc3981-97e0-4a44-a442-807e9d7b3892", user_id: "a6d32835-04fe-47c3-93c7-50750f4c0025", session_id: "87180336-fdab-415d-a0c7-23fd23f136a9", expired_at: "2026-03-20T23:09:56.784404Z"}, metadata: %{"causation_id" => "019d0d83-38b1-75a5-8e13-bbe0bed9ff21", "correlation_id" => "019d0d83-38b1-75a5-8e13-bbe0bed9ff21"}, created_at: ~U[2026-03-20 23:09:56.786169Z]}, %EventStore.RecordedEvent{event_number: 12195, event_id: "63cf0cf3-679d-4adb-a5fc-1b7c8cdfe448", stream_uuid: "a6d32835-04fe-47c3-93c7-50750f4c0025", stream_version: 1, correlation_id: "4b130646-5380-41f3-b6df-9abfd1ed0d92", causation_id: "0f27ee9d-27db-4e8b-8f2d-6a8556a5e9d4", event_type: "Elixir.Nexus.Identity.Events.UserRegistered", data: %Nexus.Identity.Events.UserRegistered{user_id: "a6d32835-04fe-47c3-93c7-50750f4c0025", org_id: "aefc3981-97e0-4a44-a442-807e9d7b3892", email: "test@example.com", role: "admin", cose_key: "dummy", credential_id: "dummy", registered_at: "2026-03-20T23:09:56.579831Z", display_name: "Test User", status: "active"}, metadata: %{"causation_id" => "019d0d83-37e3-7671-991d-f18a42a53090", "correlation_id" => "019d0d83-37e3-7671-991d-f18a42a53090"}, created_at: ~U[2026-03-20 23:09:56.581065Z]}, %EventStore.RecordedEvent{event_number: 12194, event_id: "3f8f3cbc-ea72-45a7-ab6d-12a43da50245", stream_uuid: "e55da693-c009-4afd-a56e-9b4ab3975acc", stream_version: 2, correlation_id: "e5500f71-9103-4737-8991-5eb165815e23", causation_id: "633094f8-6986-459b-9416-072dd0187fd9", ...}, ...], ...}}, ...}}, ...}
23:09:57.895 [debug] Nexus.Identity.Projectors.UserRegistrationProjector is shutting down due to {%Postgrex.Error{message: nil, postgres: %{code: :undefined_column, line: "3721", message: "column i0.id does not exist", position: "8", file: "parse_relation.c", unknown: "ERROR", severity: "ERROR", pg_code: "42703", routine: "errorMissingColumn"}, connection_id: 3157, query: "SELECT i0.\"id\", i0.\"user_id\", i0.\"org_id\", i0.\"locale\", i0.\"timezone\", i0.\"notifications_enabled\", i0.\"created_at\", i0.\"updated_at\" FROM \"identity_user_settings\" AS i0 WHERE (i0.\"id\" = $1)"}, {GenServer, :call, [#PID<0.1942.0>, {:connect, #PID<0.1943.0>, [retry_interval: 60000, hibernate_after: 15000, partition_by: nil, concurrency_limit: 1, name: Nexus.EventStore, mapper: &Commanded.EventStore.Adapters.EventStore.Mapper.from_recorded_event/1, conn: Nexus.EventStore.Postgrex, event_store: Nexus.EventStore, query_timeout: 15000, schema: "event_store", serializer: Commanded.Serialization.JsonSerializer, stream_uuid: "$all", subscription_name: "Identity.Projectors.UserRegistrationProjector", start_from: 0]}, 5000]}}
23:09:57.895 [error] GenServer {Nexus.App.LocalRegistry, {Nexus.App, Commanded.Event.Handler, "Identity.Projectors.UserRegistrationProjector"}} terminating
** (stop) exited in: GenServer.call(#PID<0.1942.0>, {:connect, #PID<0.1943.0>, [retry_interval: 60000, hibernate_after: 15000, partition_by: nil, concurrency_limit: 1, name: Nexus.EventStore, mapper: &Commanded.EventStore.Adapters.EventStore.Mapper.from_recorded_event/1, conn: Nexus.EventStore.Postgrex, event_store: Nexus.EventStore, query_timeout: 15000, schema: "event_store", serializer: Commanded.Serialization.JsonSerializer, stream_uuid: "$all", subscription_name: "Identity.Projectors.UserRegistrationProjector", start_from: 0]}, 5000)
    ** (EXIT) %Postgrex.Error{message: nil, postgres: %{code: :undefined_column, line: "3721", message: "column i0.id does not exist", position: "8", file: "parse_relation.c", unknown: "ERROR", severity: "ERROR", pg_code: "42703", routine: "errorMissingColumn"}, connection_id: 3157, query: "SELECT i0.\"id\", i0.\"user_id\", i0.\"org_id\", i0.\"locale\", i0.\"timezone\", i0.\"notifications_enabled\", i0.\"created_at\", i0.\"updated_at\" FROM \"identity_user_settings\" AS i0 WHERE (i0.\"id\" = $1)"}
    (elixir 1.19.5) lib/gen_server.ex:1142: GenServer.call/3
    (commanded 1.4.9) lib/commanded/event_store.ex:289: anonymous fn/2 in Commanded.EventStore.span/3
    (telemetry 1.3.0) /Users/bernard/dev/nexus/deps/telemetry/src/telemetry.erl:324: :telemetry.span/3
    (commanded 1.4.9) lib/commanded/event_store/subscription.ex:58: Commanded.EventStore.Subscription.subscribe/2
    (commanded 1.4.9) lib/commanded/event/handler.ex:1024: Commanded.Event.Handler.subscribe_to_events/1
    (commanded 1.4.9) lib/commanded/event/handler.ex:887: Commanded.Event.Handler.handle_continue/2
    (stdlib 7.1) gen_server.erl:2424: :gen_server.try_handle_continue/3
    (stdlib 7.1) gen_server.erl:2291: :gen_server.loop/4
    (stdlib 7.1) proc_lib.erl:333: :proc_lib.init_p_do_apply/3
Last message: {:continue, :subscribe_to_events}
State: %Commanded.Event.Handler{application: Nexus.App, consistency: :strong, handler_callback: :event, handler_name: "Identity.Projectors.UserRegistrationProjector", handler_module: Nexus.Identity.Projectors.UserRegistrationProjector, handler_state: nil, last_seen_event: nil, subscription: %Commanded.EventStore.Subscription{application: Nexus.App, backoff: {:backoff, 1000, 60000, 1000, :jitter, :undefined, :undefined}, concurrency: 1, partition_by: nil, subscribe_to: :all, subscribe_from: :origin, subscription_name: "Identity.Projectors.UserRegistrationProjector", subscription_opts: [], subscription_pid: nil, subscription_ref: nil}, subscribe_timer: nil}
23:09:57.896 [debug] Subscription "Identity.Projectors.UserRegistrationProjector"@"$all" attempting to connect subscriber #PID<0.1944.0>
23:09:57.897 [debug] Subscription "Identity.Projectors.UserRegistrationProjector"@"$all" catching-up
23:09:57.897 [debug] Nexus.Identity.Projectors.UserRegistrationProjector has successfully subscribed to event store
23:09:57.910 [debug] Nexus.Identity.Projectors.UserRegistrationProjector received events: [%Commanded.EventStore.RecordedEvent{event_id: "282ec866-f518-44ed-95f6-7a535d6c3e25", event_number: 11262, stream_id: "019d0c26-0b00-74a0-bd6d-48329cf61a57", stream_version: 1, causation_id: "d64809a4-8402-4360-8536-99b7a0f860ca", correlation_id: "e0f4b4bb-483c-4914-aaaa-956d1587d67e", event_type: "Elixir.Nexus.Identity.Events.UserRegistered", data: %Nexus.Identity.Events.UserRegistered{user_id: "019d0c26-0b00-74a0-bd6d-48329cf61a57", org_id: "019d0c26-0b00-74a0-8884-24b7b734f296", email: "test@example.com", role: "system_admin", cose_key: "Ym9vdHN0cmFwX2Nvc2Vfa2V5", credential_id: "Ym9vdHN0cmFwX2NyZWRlbnRpYWxfaWQ=", registered_at: "2026-03-20T16:48:33.024173Z", display_name: "Test User", status: "active"}, created_at: ~U[2026-03-20 16:48:33.025211Z], metadata: %{"causation_id" => "019d0c26-0b00-71d0-a1d2-041f55e92cfc", "correlation_id" => "019d0c26-0b00-71d0-a1d2-041f55e92cfc"}}]
23:09:57.911 [debug] QUERY OK db=0.2ms
begin []
23:09:57.911 [debug] QUERY OK source="projection_versions" db=0.2ms
INSERT INTO "projection_versions" AS p0 ("projection_name","last_seen_event_number","inserted_at","updated_at") VALUES ($1,$2,$3,$4) ON CONFLICT ("projection_name") DO UPDATE SET "last_seen_event_number" = $5 WHERE ((p0."projection_name" = $6) AND (p0."last_seen_event_number" < $7)) ["Identity.Projectors.UserRegistrationProjector", 11262, ~N[2026-03-20 23:09:57.911358], ~N[2026-03-20 23:09:57.911358], 11262, "Identity.Projectors.UserRegistrationProjector", 11262]
23:09:57.911 [debug] QUERY OK source="users" db=0.1ms
SELECT u0."id", u0."org_id", u0."email", u0."display_name", u0."status", u0."cose_key", u0."credential_id", u0."roles", u0."created_at", u0."updated_at" FROM "users" AS u0 WHERE (u0."id" = $1) ["019d0c26-0b00-74a0-bd6d-48329cf61a57"]
23:09:57.912 [debug] QUERY OK source="users" db=0.1ms
SELECT u0."id", u0."org_id", u0."email", u0."display_name", u0."status", u0."cose_key", u0."credential_id", u0."roles", u0."created_at", u0."updated_at" FROM "users" AS u0 WHERE (u0."email" = $1) ["test@example.com"]
23:09:57.912 [debug] QUERY OK source="users" db=0.1ms
INSERT INTO "users" ("id","status","org_id","email","display_name","roles","cose_key","credential_id","created_at","updated_at") VALUES ($1,$2,$3,$4,$5,$6,$7,$8,$9,$10) ["019d0c26-0b00-74a0-bd6d-48329cf61a57", "active", "019d0c26-0b00-74a0-8884-24b7b734f296", "test@example.com", "Test User", ["system_admin"], "bootstrap_cose_key", "bootstrap_credential_id", ~U[2026-03-20 23:09:57.912113Z], ~U[2026-03-20 23:09:57.912113Z]]
23:09:57.912 [debug] QUERY ERROR source="identity_user_settings" db=0.0ms
SELECT i0."id", i0."user_id", i0."org_id", i0."locale", i0."timezone", i0."notifications_enabled", i0."created_at", i0."updated_at" FROM "identity_user_settings" AS i0 WHERE (i0."id" = $1) ["019d0c26-0b00-74a0-bd6d-48329cf61a57"]
23:09:57.912 [debug] QUERY OK db=0.0ms
rollback []
23:09:57.913 [error] Nexus.Identity.Projectors.UserRegistrationProjector failed to handle event:
%Commanded.EventStore.RecordedEvent{
  event_id: "282ec866-f518-44ed-95f6-7a535d6c3e25",
  event_number: 11262,
  stream_id: "019d0c26-0b00-74a0-bd6d-48329cf61a57",
  stream_version: 1,
  causation_id: "d64809a4-8402-4360-8536-99b7a0f860ca",
  correlation_id: "e0f4b4bb-483c-4914-aaaa-956d1587d67e",
  event_type: "Elixir.Nexus.Identity.Events.UserRegistered",
  data: %Nexus.Identity.Events.UserRegistered{
    user_id: "019d0c26-0b00-74a0-bd6d-48329cf61a57",
    org_id: "019d0c26-0b00-74a0-8884-24b7b734f296",
    email: "test@example.com",
    role: "system_admin",
    cose_key: "Ym9vdHN0cmFwX2Nvc2Vfa2V5",
    credential_id: "Ym9vdHN0cmFwX2NyZWRlbnRpYWxfaWQ=",
    registered_at: "2026-03-20T16:48:33.024173Z",
    display_name: "Test User",
    status: "active"
  },
  created_at: ~U[2026-03-20 16:48:33.025211Z],
  metadata: %{
    "causation_id" => "019d0c26-0b00-71d0-a1d2-041f55e92cfc",
    "correlation_id" => "019d0c26-0b00-71d0-a1d2-041f55e92cfc"
  }
}, due to:
** (Postgrex.Error) ERROR 42703 (undefined_column) column i0.id does not exist

    query: SELECT i0."id", i0."user_id", i0."org_id", i0."locale", i0."timezone", i0."notifications_enabled", i0."created_at", i0."updated_at" FROM "identity_user_settings" AS i0 WHERE (i0."id" = $1)
    (ecto_sql 3.13.4) lib/ecto/adapters/sql.ex:1113: Ecto.Adapters.SQL.raise_sql_call_error/1
    (ecto_sql 3.13.4) lib/ecto/adapters/sql.ex:1011: Ecto.Adapters.SQL.execute/6
    (ecto 3.13.5) lib/ecto/repo/queryable.ex:241: Ecto.Repo.Queryable.execute/4
    (ecto 3.13.5) lib/ecto/repo/queryable.ex:19: Ecto.Repo.Queryable.all/3
    (ecto 3.13.5) lib/ecto/repo/queryable.ex:163: Ecto.Repo.Queryable.one/3
    (nexus 0.1.0) lib/nexus/identity/projectors/user_registration_projector.ex:53: anonymous fn/3 in Nexus.Identity.Projectors.UserRegistrationProjector.project_registration/3
    (ecto 3.13.5) lib/ecto/multi.ex:905: Ecto.Multi.apply_operation/5
    (elixir 1.19.5) lib/enum.ex:2520: Enum."-reduce/3-lists^foldl/2-0-"/3
    (ecto 3.13.5) lib/ecto/multi.ex:878: anonymous fn/5 in Ecto.Multi.apply_operations/5
    (ecto_sql 3.13.4) lib/ecto/adapters/sql.ex:1473: anonymous fn/3 in Ecto.Adapters.SQL.checkout_or_transaction/4
    (db_connection 2.9.0) lib/db_connection.ex:1747: DBConnection.run_transaction/4
    (ecto 3.13.5) lib/ecto/repo/transaction.ex:30: Ecto.Repo.Transaction.transact/4
    (nexus 0.1.0) deps/commanded_ecto_projections/lib/projections/ecto.ex:97: Nexus.Identity.Projectors.UserRegistrationProjector.update_projection/3
    (commanded 1.4.9) lib/commanded/event/handler.ex:1221: Commanded.Event.Handler.delegate_event_to_handler/2
    (commanded 1.4.9) lib/commanded/event/handler.ex:1062: Commanded.Event.Handler.handle_event/3
    (elixir 1.19.5) lib/enum.ex:2520: Enum."-reduce/3-lists^foldl/2-0-"/3
    (commanded 1.4.9) lib/commanded/event/handler.ex:969: Commanded.Event.Handler.handle_info/2
    (stdlib 7.1) gen_server.erl:2434: :gen_server.try_handle_info/3
    (stdlib 7.1) gen_server.erl:2420: :gen_server.handle_msg/3
    (stdlib 7.1) proc_lib.erl:333: :proc_lib.init_p_do_apply/3

23:09:57.913 [warning] Nexus.Identity.Projectors.UserRegistrationProjector has requested to stop: %Postgrex.Error{message: nil, postgres: %{code: :undefined_column, line: "3721", message: "column i0.id does not exist", position: "8", file: "parse_relation.c", unknown: "ERROR", severity: "ERROR", pg_code: "42703", routine: "errorMissingColumn"}, connection_id: 3157, query: "SELECT i0.\"id\", i0.\"user_id\", i0.\"org_id\", i0.\"locale\", i0.\"timezone\", i0.\"notifications_enabled\", i0.\"created_at\", i0.\"updated_at\" FROM \"identity_user_settings\" AS i0 WHERE (i0.\"id\" = $1)"}
23:09:57.913 [debug] Nexus.Identity.Projectors.UserRegistrationProjector is shutting down due to %Postgrex.Error{message: nil, postgres: %{code: :undefined_column, line: "3721", message: "column i0.id does not exist", position: "8", file: "parse_relation.c", unknown: "ERROR", severity: "ERROR", pg_code: "42703", routine: "errorMissingColumn"}, connection_id: 3157, query: "SELECT i0.\"id\", i0.\"user_id\", i0.\"org_id\", i0.\"locale\", i0.\"timezone\", i0.\"notifications_enabled\", i0.\"created_at\", i0.\"updated_at\" FROM \"identity_user_settings\" AS i0 WHERE (i0.\"id\" = $1)"}
23:09:57.913 [error] GenServer {Nexus.App.LocalRegistry, {Nexus.App, Commanded.Event.Handler, "Identity.Projectors.UserRegistrationProjector"}} terminating
** (stop) %Postgrex.Error{message: nil, postgres: %{code: :undefined_column, line: "3721", message: "column i0.id does not exist", position: "8", file: "parse_relation.c", unknown: "ERROR", severity: "ERROR", pg_code: "42703", routine: "errorMissingColumn"}, connection_id: 3157, query: "SELECT i0.\"id\", i0.\"user_id\", i0.\"org_id\", i0.\"locale\", i0.\"timezone\", i0.\"notifications_enabled\", i0.\"created_at\", i0.\"updated_at\" FROM \"identity_user_settings\" AS i0 WHERE (i0.\"id\" = $1)"}
Last message: {:events, [%Commanded.EventStore.RecordedEvent{event_id: "282ec866-f518-44ed-95f6-7a535d6c3e25", event_number: 11262, stream_id: "019d0c26-0b00-74a0-bd6d-48329cf61a57", stream_version: 1, causation_id: "d64809a4-8402-4360-8536-99b7a0f860ca", correlation_id: "e0f4b4bb-483c-4914-aaaa-956d1587d67e", event_type: "Elixir.Nexus.Identity.Events.UserRegistered", data: %Nexus.Identity.Events.UserRegistered{user_id: "019d0c26-0b00-74a0-bd6d-48329cf61a57", org_id: "019d0c26-0b00-74a0-8884-24b7b734f296", email: "test@example.com", role: "system_admin", cose_key: "Ym9vdHN0cmFwX2Nvc2Vfa2V5", credential_id: "Ym9vdHN0cmFwX2NyZWRlbnRpYWxfaWQ=", registered_at: "2026-03-20T16:48:33.024173Z", display_name: "Test User", status: "active"}, created_at: ~U[2026-03-20 16:48:33.025211Z], metadata: %{"causation_id" => "019d0c26-0b00-71d0-a1d2-041f55e92cfc", "correlation_id" => "019d0c26-0b00-71d0-a1d2-041f55e92cfc"}}]}
State: %Commanded.Event.Handler{application: Nexus.App, consistency: :strong, handler_callback: :event, handler_name: "Identity.Projectors.UserRegistrationProjector", handler_module: Nexus.Identity.Projectors.UserRegistrationProjector, handler_state: nil, last_seen_event: nil, subscription: %Commanded.EventStore.Subscription{application: Nexus.App, backoff: {:backoff, 1000, 60000, 1000, :jitter, :undefined, :undefined}, concurrency: 1, partition_by: nil, subscribe_to: :all, subscribe_from: :origin, subscription_name: "Identity.Projectors.UserRegistrationProjector", subscription_opts: [], subscription_pid: #PID<0.1945.0>, subscription_ref: #Reference<0.504251661.3394502658.59231>}, subscribe_timer: nil}
23:09:57.914 [debug] Subscription "Identity.Projectors.UserRegistrationProjector"@"$all" subscriber #PID<0.1944.0> down due to: %Postgrex.Error{message: nil, postgres: %{code: :undefined_column, line: "3721", message: "column i0.id does not exist", position: "8", file: "parse_relation.c", unknown: "ERROR", severity: "ERROR", pg_code: "42703", routine: "errorMissingColumn"}, connection_id: 3157, query: "SELECT i0.\"id\", i0.\"user_id\", i0.\"org_id\", i0.\"locale\", i0.\"timezone\", i0.\"notifications_enabled\", i0.\"created_at\", i0.\"updated_at\" FROM \"identity_user_settings\" AS i0 WHERE (i0.\"id\" = $1)"}
23:09:57.914 [debug] Subscription "Identity.Projectors.UserRegistrationProjector"@"$all" has no subscribers, shutting down
23:09:57.914 [error] GenServer {Nexus.EventStore.EventStore.Subscriptions.Registry, {"$all", "Identity.Projectors.UserRegistrationProjector"}} terminating
** (stop) %Postgrex.Error{message: nil, postgres: %{code: :undefined_column, line: "3721", message: "column i0.id does not exist", position: "8", file: "parse_relation.c", unknown: "ERROR", severity: "ERROR", pg_code: "42703", routine: "errorMissingColumn"}, connection_id: 3157, query: "SELECT i0.\"id\", i0.\"user_id\", i0.\"org_id\", i0.\"locale\", i0.\"timezone\", i0.\"notifications_enabled\", i0.\"created_at\", i0.\"updated_at\" FROM \"identity_user_settings\" AS i0 WHERE (i0.\"id\" = $1)"}
Last message: {:DOWN, #Reference<0.504251661.3394502657.106369>, :process, #PID<0.1944.0>, %Postgrex.Error{message: nil, postgres: %{code: :undefined_column, line: "3721", message: "column i0.id does not exist", position: "8", file: "parse_relation.c", unknown: "ERROR", severity: "ERROR", pg_code: "42703", routine: "errorMissingColumn"}, connection_id: 3157, query: "SELECT i0.\"id\", i0.\"user_id\", i0.\"org_id\", i0.\"locale\", i0.\"timezone\", i0.\"notifications_enabled\", i0.\"created_at\", i0.\"updated_at\" FROM \"identity_user_settings\" AS i0 WHERE (i0.\"id\" = $1)"}}
State: %EventStore.Subscriptions.Subscription{stream_uuid: "$all", subscription_name: "Identity.Projectors.UserRegistrationProjector", subscription: %EventStore.Subscriptions.SubscriptionFsm{state: :unsubscribed, data: %EventStore.Subscriptions.SubscriptionState{conn: Nexus.EventStore.Postgrex, event_store: Nexus.EventStore, serializer: Commanded.Serialization.JsonSerializer, schema: "event_store", stream_uuid: "$all", start_from: 0, subscription_name: "Identity.Projectors.UserRegistrationProjector", subscription_id: 405, selector: nil, mapper: &Commanded.EventStore.Adapters.EventStore.Mapper.from_recorded_event/1, max_size: 1000, partition_by: nil, query_timeout: 15000, lock_ref: #Reference<0.504251661.3394502657.106394>, last_received: 12197, last_sent: 11262, last_ack: 11261, queue_size: 936, buffer_size: 1, checkpoint_after: 0, checkpoint_threshold: 1, checkpoint_timer_ref: nil, checkpoints_pending: 0, subscribers: %{}, partitions: %{nil: {[%EventStore.RecordedEvent{event_number: 12197, event_id: "1090d0fa-e811-4476-b333-0ecde47df19b", stream_uuid: "7f9d61e3-4ddb-4a45-9632-c9b4e8e37a26", stream_version: 1, correlation_id: "95c6a40b-6222-41f9-98d5-3e8c238cd512", causation_id: "cafcad9f-48b9-4455-9cc5-59cc5c81305c", event_type: "Elixir.Nexus.Identity.Events.UserRegistered", data: %Nexus.Identity.Events.UserRegistered{user_id: "7f9d61e3-4ddb-4a45-9632-c9b4e8e37a26", org_id: "a136c24b-09d3-44e5-b654-62c6eb3563d2", email: "test@example.com", role: "admin", cose_key: "dummy", credential_id: "dummy", registered_at: "2026-03-20T23:09:57.291719Z", display_name: "Test User", status: "active"}, metadata: %{"causation_id" => "019d0d83-3aab-7cfc-b64f-9c138c365c71", "correlation_id" => "019d0d83-3aab-7cfc-b64f-9c138c365c71"}, created_at: ~U[2026-03-20 23:09:57.294271Z]}, %EventStore.RecordedEvent{event_number: 12196, event_id: "51ed3aa0-2b4d-4f9e-bb88-d9b7471414a0", stream_uuid: "a6d32835-04fe-47c3-93c7-50750f4c0025", stream_version: 2, correlation_id: "fb342b99-3477-4551-974c-9a74331120b4", causation_id: "e22481cf-a9ef-4153-a77b-9a91fcb9b83b", event_type: "Elixir.Nexus.Identity.Events.SessionExpired", data: %Nexus.Identity.Events.SessionExpired{org_id: "aefc3981-97e0-4a44-a442-807e9d7b3892", user_id: "a6d32835-04fe-47c3-93c7-50750f4c0025", session_id: "87180336-fdab-415d-a0c7-23fd23f136a9", expired_at: "2026-03-20T23:09:56.784404Z"}, metadata: %{"causation_id" => "019d0d83-38b1-75a5-8e13-bbe0bed9ff21", "correlation_id" => "019d0d83-38b1-75a5-8e13-bbe0bed9ff21"}, created_at: ~U[2026-03-20 23:09:56.786169Z]}, %EventStore.RecordedEvent{event_number: 12195, event_id: "63cf0cf3-679d-4adb-a5fc-1b7c8cdfe448", stream_uuid: "a6d32835-04fe-47c3-93c7-50750f4c0025", stream_version: 1, correlation_id: "4b130646-5380-41f3-b6df-9abfd1ed0d92", causation_id: "0f27ee9d-27db-4e8b-8f2d-6a8556a5e9d4", event_type: "Elixir.Nexus.Identity.Events.UserRegistered", data: %Nexus.Identity.Events.UserRegistered{user_id: "a6d32835-04fe-47c3-93c7-50750f4c0025", org_id: "aefc3981-97e0-4a44-a442-807e9d7b3892", email: "test@example.com", role: "admin", cose_key: "dummy", credential_id: "dummy", registered_at: "2026-03-20T23:09:56.579831Z", display_name: "Test User", status: "active"}, metadata: %{"causation_id" => "019d0d83-37e3-7671-991d-f18a42a53090", "correlation_id" => "019d0d83-37e3-7671-991d-f18a42a53090"}, created_at: ~U[2026-03-20 23:09:56.581065Z]}, %EventStore.RecordedEvent{event_number: 12194, event_id: "3f8f3cbc-ea72-45a7-ab6d-12a43da50245", stream_uuid: "e55da693-c009-4afd-a56e-9b4ab3975acc", stream_version: 2, correlation_id: "e5500f71-9103-4737-8991-5eb165815e23", causation_id: "633094f8-6986-459b-9416-072dd0187fd9", ...}, ...], ...}}, ...}}, ...}
23:09:57.914 [debug] Nexus.Identity.Projectors.UserRegistrationProjector is shutting down due to {%Postgrex.Error{message: nil, postgres: %{code: :undefined_column, line: "3721", message: "column i0.id does not exist", position: "8", file: "parse_relation.c", unknown: "ERROR", severity: "ERROR", pg_code: "42703", routine: "errorMissingColumn"}, connection_id: 3157, query: "SELECT i0.\"id\", i0.\"user_id\", i0.\"org_id\", i0.\"locale\", i0.\"timezone\", i0.\"notifications_enabled\", i0.\"created_at\", i0.\"updated_at\" FROM \"identity_user_settings\" AS i0 WHERE (i0.\"id\" = $1)"}, {GenServer, :call, [#PID<0.1945.0>, {:connect, #PID<0.1946.0>, [retry_interval: 60000, hibernate_after: 15000, partition_by: nil, concurrency_limit: 1, name: Nexus.EventStore, mapper: &Commanded.EventStore.Adapters.EventStore.Mapper.from_recorded_event/1, conn: Nexus.EventStore.Postgrex, event_store: Nexus.EventStore, query_timeout: 15000, schema: "event_store", serializer: Commanded.Serialization.JsonSerializer, stream_uuid: "$all", subscription_name: "Identity.Projectors.UserRegistrationProjector", start_from: 0]}, 5000]}}
23:09:57.914 [error] GenServer {Nexus.App.LocalRegistry, {Nexus.App, Commanded.Event.Handler, "Identity.Projectors.UserRegistrationProjector"}} terminating
** (stop) exited in: GenServer.call(#PID<0.1945.0>, {:connect, #PID<0.1946.0>, [retry_interval: 60000, hibernate_after: 15000, partition_by: nil, concurrency_limit: 1, name: Nexus.EventStore, mapper: &Commanded.EventStore.Adapters.EventStore.Mapper.from_recorded_event/1, conn: Nexus.EventStore.Postgrex, event_store: Nexus.EventStore, query_timeout: 15000, schema: "event_store", serializer: Commanded.Serialization.JsonSerializer, stream_uuid: "$all", subscription_name: "Identity.Projectors.UserRegistrationProjector", start_from: 0]}, 5000)
    ** (EXIT) %Postgrex.Error{message: nil, postgres: %{code: :undefined_column, line: "3721", message: "column i0.id does not exist", position: "8", file: "parse_relation.c", unknown: "ERROR", severity: "ERROR", pg_code: "42703", routine: "errorMissingColumn"}, connection_id: 3157, query: "SELECT i0.\"id\", i0.\"user_id\", i0.\"org_id\", i0.\"locale\", i0.\"timezone\", i0.\"notifications_enabled\", i0.\"created_at\", i0.\"updated_at\" FROM \"identity_user_settings\" AS i0 WHERE (i0.\"id\" = $1)"}
    (elixir 1.19.5) lib/gen_server.ex:1142: GenServer.call/3
    (commanded 1.4.9) lib/commanded/event_store.ex:289: anonymous fn/2 in Commanded.EventStore.span/3
    (telemetry 1.3.0) /Users/bernard/dev/nexus/deps/telemetry/src/telemetry.erl:324: :telemetry.span/3
    (commanded 1.4.9) lib/commanded/event_store/subscription.ex:58: Commanded.EventStore.Subscription.subscribe/2
    (commanded 1.4.9) lib/commanded/event/handler.ex:1024: Commanded.Event.Handler.subscribe_to_events/1
    (commanded 1.4.9) lib/commanded/event/handler.ex:887: Commanded.Event.Handler.handle_continue/2
    (stdlib 7.1) gen_server.erl:2424: :gen_server.try_handle_continue/3
    (stdlib 7.1) gen_server.erl:2291: :gen_server.loop/4
    (stdlib 7.1) proc_lib.erl:333: :proc_lib.init_p_do_apply/3
Last message: {:continue, :subscribe_to_events}
State: %Commanded.Event.Handler{application: Nexus.App, consistency: :strong, handler_callback: :event, handler_name: "Identity.Projectors.UserRegistrationProjector", handler_module: Nexus.Identity.Projectors.UserRegistrationProjector, handler_state: nil, last_seen_event: nil, subscription: %Commanded.EventStore.Subscription{application: Nexus.App, backoff: {:backoff, 1000, 60000, 1000, :jitter, :undefined, :undefined}, concurrency: 1, partition_by: nil, subscribe_to: :all, subscribe_from: :origin, subscription_name: "Identity.Projectors.UserRegistrationProjector", subscription_opts: [], subscription_pid: nil, subscription_ref: nil}, subscribe_timer: nil}
23:09:57.915 [debug] Subscription "Identity.Projectors.UserRegistrationProjector"@"$all" attempting to connect subscriber #PID<0.1947.0>
23:09:57.915 [debug] Subscription "Identity.Projectors.UserRegistrationProjector"@"$all" catching-up
23:09:57.916 [debug] Nexus.Identity.Projectors.UserRegistrationProjector has successfully subscribed to event store
23:09:57.929 [debug] Nexus.Identity.Projectors.UserRegistrationProjector received events: [%Commanded.EventStore.RecordedEvent{event_id: "282ec866-f518-44ed-95f6-7a535d6c3e25", event_number: 11262, stream_id: "019d0c26-0b00-74a0-bd6d-48329cf61a57", stream_version: 1, causation_id: "d64809a4-8402-4360-8536-99b7a0f860ca", correlation_id: "e0f4b4bb-483c-4914-aaaa-956d1587d67e", event_type: "Elixir.Nexus.Identity.Events.UserRegistered", data: %Nexus.Identity.Events.UserRegistered{user_id: "019d0c26-0b00-74a0-bd6d-48329cf61a57", org_id: "019d0c26-0b00-74a0-8884-24b7b734f296", email: "test@example.com", role: "system_admin", cose_key: "Ym9vdHN0cmFwX2Nvc2Vfa2V5", credential_id: "Ym9vdHN0cmFwX2NyZWRlbnRpYWxfaWQ=", registered_at: "2026-03-20T16:48:33.024173Z", display_name: "Test User", status: "active"}, created_at: ~U[2026-03-20 16:48:33.025211Z], metadata: %{"causation_id" => "019d0c26-0b00-71d0-a1d2-041f55e92cfc", "correlation_id" => "019d0c26-0b00-71d0-a1d2-041f55e92cfc"}}]
23:09:58.455 [debug] QUERY OK db=0.1ms
rollback []
23:09:58.456 [error] Nexus.Identity.Projectors.UserRegistrationProjector failed to handle event:
%Commanded.EventStore.RecordedEvent{
  event_id: "282ec866-f518-44ed-95f6-7a535d6c3e25",
  event_number: 11262,
  stream_id: "019d0c26-0b00-74a0-bd6d-48329cf61a57",
  stream_version: 1,
  causation_id: "d64809a4-8402-4360-8536-99b7a0f860ca",
  correlation_id: "e0f4b4bb-483c-4914-aaaa-956d1587d67e",
  event_type: "Elixir.Nexus.Identity.Events.UserRegistered",
  data: %Nexus.Identity.Events.UserRegistered{
    user_id: "019d0c26-0b00-74a0-bd6d-48329cf61a57",
    org_id: "019d0c26-0b00-74a0-8884-24b7b734f296",
    email: "test@example.com",
    role: "system_admin",
    cose_key: "Ym9vdHN0cmFwX2Nvc2Vfa2V5",
    credential_id: "Ym9vdHN0cmFwX2NyZWRlbnRpYWxfaWQ=",
    registered_at: "2026-03-20T16:48:33.024173Z",
    display_name: "Test User",
    status: "active"
  },
  created_at: ~U[2026-03-20 16:48:33.025211Z],
  metadata: %{
    "causation_id" => "019d0c26-0b00-71d0-a1d2-041f55e92cfc",
    "correlation_id" => "019d0c26-0b00-71d0-a1d2-041f55e92cfc"
  }
}, due to:
** (Postgrex.Error) ERROR 42703 (undefined_column) column i0.id does not exist

    query: SELECT i0."id", i0."user_id", i0."org_id", i0."locale", i0."timezone", i0."notifications_enabled", i0."created_at", i0."updated_at" FROM "identity_user_settings" AS i0 WHERE (i0."id" = $1)
    (ecto_sql 3.13.4) lib/ecto/adapters/sql.ex:1113: Ecto.Adapters.SQL.raise_sql_call_error/1
    (ecto_sql 3.13.4) lib/ecto/adapters/sql.ex:1011: Ecto.Adapters.SQL.execute/6
    (ecto 3.13.5) lib/ecto/repo/queryable.ex:241: Ecto.Repo.Queryable.execute/4
    (ecto 3.13.5) lib/ecto/repo/queryable.ex:19: Ecto.Repo.Queryable.all/3
    (ecto 3.13.5) lib/ecto/repo/queryable.ex:163: Ecto.Repo.Queryable.one/3
    (nexus 0.1.0) lib/nexus/identity/projectors/user_registration_projector.ex:53: anonymous fn/3 in Nexus.Identity.Projectors.UserRegistrationProjector.project_registration/3
    (ecto 3.13.5) lib/ecto/multi.ex:905: Ecto.Multi.apply_operation/5
    (elixir 1.19.5) lib/enum.ex:2520: Enum."-reduce/3-lists^foldl/2-0-"/3
    (ecto 3.13.5) lib/ecto/multi.ex:878: anonymous fn/5 in Ecto.Multi.apply_operations/5
    (ecto_sql 3.13.4) lib/ecto/adapters/sql.ex:1473: anonymous fn/3 in Ecto.Adapters.SQL.checkout_or_transaction/4
    (db_connection 2.9.0) lib/db_connection.ex:1747: DBConnection.run_transaction/4
    (ecto 3.13.5) lib/ecto/repo/transaction.ex:30: Ecto.Repo.Transaction.transact/4
    (nexus 0.1.0) deps/commanded_ecto_projections/lib/projections/ecto.ex:97: Nexus.Identity.Projectors.UserRegistrationProjector.update_projection/3
    (commanded 1.4.9) lib/commanded/event/handler.ex:1221: Commanded.Event.Handler.delegate_event_to_handler/2
    (commanded 1.4.9) lib/commanded/event/handler.ex:1062: Commanded.Event.Handler.handle_event/3
    (elixir 1.19.5) lib/enum.ex:2520: Enum."-reduce/3-lists^foldl/2-0-"/3
    (commanded 1.4.9) lib/commanded/event/handler.ex:969: Commanded.Event.Handler.handle_info/2
    (stdlib 7.1) gen_server.erl:2434: :gen_server.try_handle_info/3
    (stdlib 7.1) gen_server.erl:2420: :gen_server.handle_msg/3
    (stdlib 7.1) proc_lib.erl:333: :proc_lib.init_p_do_apply/3

23:09:58.456 [warning] Nexus.Identity.Projectors.UserRegistrationProjector has requested to stop: %Postgrex.Error{message: nil, postgres: %{code: :undefined_column, line: "3721", message: "column i0.id does not exist", position: "8", file: "parse_relation.c", unknown: "ERROR", severity: "ERROR", pg_code: "42703", routine: "errorMissingColumn"}, connection_id: 3157, query: "SELECT i0.\"id\", i0.\"user_id\", i0.\"org_id\", i0.\"locale\", i0.\"timezone\", i0.\"notifications_enabled\", i0.\"created_at\", i0.\"updated_at\" FROM \"identity_user_settings\" AS i0 WHERE (i0.\"id\" = $1)"}
23:09:58.456 [debug] Nexus.Identity.Projectors.UserRegistrationProjector is shutting down due to %Postgrex.Error{message: nil, postgres: %{code: :undefined_column, line: "3721", message: "column i0.id does not exist", position: "8", file: "parse_relation.c", unknown: "ERROR", severity: "ERROR", pg_code: "42703", routine: "errorMissingColumn"}, connection_id: 3157, query: "SELECT i0.\"id\", i0.\"user_id\", i0.\"org_id\", i0.\"locale\", i0.\"timezone\", i0.\"notifications_enabled\", i0.\"created_at\", i0.\"updated_at\" FROM \"identity_user_settings\" AS i0 WHERE (i0.\"id\" = $1)"}
23:09:58.456 [error] GenServer {Nexus.App.LocalRegistry, {Nexus.App, Commanded.Event.Handler, "Identity.Projectors.UserRegistrationProjector"}} terminating
** (stop) %Postgrex.Error{message: nil, postgres: %{code: :undefined_column, line: "3721", message: "column i0.id does not exist", position: "8", file: "parse_relation.c", unknown: "ERROR", severity: "ERROR", pg_code: "42703", routine: "errorMissingColumn"}, connection_id: 3157, query: "SELECT i0.\"id\", i0.\"user_id\", i0.\"org_id\", i0.\"locale\", i0.\"timezone\", i0.\"notifications_enabled\", i0.\"created_at\", i0.\"updated_at\" FROM \"identity_user_settings\" AS i0 WHERE (i0.\"id\" = $1)"}
Last message: {:events, [%Commanded.EventStore.RecordedEvent{event_id: "282ec866-f518-44ed-95f6-7a535d6c3e25", event_number: 11262, stream_id: "019d0c26-0b00-74a0-bd6d-48329cf61a57", stream_version: 1, causation_id: "d64809a4-8402-4360-8536-99b7a0f860ca", correlation_id: "e0f4b4bb-483c-4914-aaaa-956d1587d67e", event_type: "Elixir.Nexus.Identity.Events.UserRegistered", data: %Nexus.Identity.Events.UserRegistered{user_id: "019d0c26-0b00-74a0-bd6d-48329cf61a57", org_id: "019d0c26-0b00-74a0-8884-24b7b734f296", email: "test@example.com", role: "system_admin", cose_key: "Ym9vdHN0cmFwX2Nvc2Vfa2V5", credential_id: "Ym9vdHN0cmFwX2NyZWRlbnRpYWxfaWQ=", registered_at: "2026-03-20T16:48:33.024173Z", display_name: "Test User", status: "active"}, created_at: ~U[2026-03-20 16:48:33.025211Z], metadata: %{"causation_id" => "019d0c26-0b00-71d0-a1d2-041f55e92cfc", "correlation_id" => "019d0c26-0b00-71d0-a1d2-041f55e92cfc"}}]}
State: %Commanded.Event.Handler{application: Nexus.App, consistency: :strong, handler_callback: :event, handler_name: "Identity.Projectors.UserRegistrationProjector", handler_module: Nexus.Identity.Projectors.UserRegistrationProjector, handler_state: nil, last_seen_event: nil, subscription: %Commanded.EventStore.Subscription{application: Nexus.App, backoff: {:backoff, 1000, 60000, 1000, :jitter, :undefined, :undefined}, concurrency: 1, partition_by: nil, subscribe_to: :all, subscribe_from: :origin, subscription_name: "Identity.Projectors.UserRegistrationProjector", subscription_opts: [], subscription_pid: #PID<0.2033.0>, subscription_ref: #Reference<0.504251661.3394502658.60433>}, subscribe_timer: nil}
23:09:58.456 [debug] Subscription "Identity.Projectors.UserRegistrationProjector"@"$all" subscriber #PID<0.2032.0> down due to: %Postgrex.Error{message: nil, postgres: %{code: :undefined_column, line: "3721", message: "column i0.id does not exist", position: "8", file: "parse_relation.c", unknown: "ERROR", severity: "ERROR", pg_code: "42703", routine: "errorMissingColumn"}, connection_id: 3157, query: "SELECT i0.\"id\", i0.\"user_id\", i0.\"org_id\", i0.\"locale\", i0.\"timezone\", i0.\"notifications_enabled\", i0.\"created_at\", i0.\"updated_at\" FROM \"identity_user_settings\" AS i0 WHERE (i0.\"id\" = $1)"}
23:09:58.456 [debug] Subscription "Identity.Projectors.UserRegistrationProjector"@"$all" has no subscribers, shutting down
23:09:58.456 [error] GenServer {Nexus.EventStore.EventStore.Subscriptions.Registry, {"$all", "Identity.Projectors.UserRegistrationProjector"}} terminating
** (stop) %Postgrex.Error{message: nil, postgres: %{code: :undefined_column, line: "3721", message: "column i0.id does not exist", position: "8", file: "parse_relation.c", unknown: "ERROR", severity: "ERROR", pg_code: "42703", routine: "errorMissingColumn"}, connection_id: 3157, query: "SELECT i0.\"id\", i0.\"user_id\", i0.\"org_id\", i0.\"locale\", i0.\"timezone\", i0.\"notifications_enabled\", i0.\"created_at\", i0.\"updated_at\" FROM \"identity_user_settings\" AS i0 WHERE (i0.\"id\" = $1)"}
Last message: {:DOWN, #Reference<0.504251661.3394502658.60428>, :process, #PID<0.2032.0>, %Postgrex.Error{message: nil, postgres: %{code: :undefined_column, line: "3721", message: "column i0.id does not exist", position: "8", file: "parse_relation.c", unknown: "ERROR", severity: "ERROR", pg_code: "42703", routine: "errorMissingColumn"}, connection_id: 3157, query: "SELECT i0.\"id\", i0.\"user_id\", i0.\"org_id\", i0.\"locale\", i0.\"timezone\", i0.\"notifications_enabled\", i0.\"created_at\", i0.\"updated_at\" FROM \"identity_user_settings\" AS i0 WHERE (i0.\"id\" = $1)"}}
State: %EventStore.Subscriptions.Subscription{stream_uuid: "$all", subscription_name: "Identity.Projectors.UserRegistrationProjector", subscription: %EventStore.Subscriptions.SubscriptionFsm{state: :unsubscribed, data: %EventStore.Subscriptions.SubscriptionState{conn: Nexus.EventStore.Postgrex, event_store: Nexus.EventStore, serializer: Commanded.Serialization.JsonSerializer, schema: "event_store", stream_uuid: "$all", start_from: 0, subscription_name: "Identity.Projectors.UserRegistrationProjector", subscription_id: 405, selector: nil, mapper: &Commanded.EventStore.Adapters.EventStore.Mapper.from_recorded_event/1, max_size: 1000, partition_by: nil, query_timeout: 15000, lock_ref: #Reference<0.504251661.3394502657.112134>, last_received: 12198, last_sent: 11262, last_ack: 11261, queue_size: 937, buffer_size: 1, checkpoint_after: 0, checkpoint_threshold: 1, checkpoint_timer_ref: nil, checkpoints_pending: 0, subscribers: %{}, partitions: %{nil: {[%EventStore.RecordedEvent{event_number: 12198, event_id: "cfdf706a-2840-4b71-a697-397a47506cf8", stream_uuid: "7f9d61e3-4ddb-4a45-9632-c9b4e8e37a26", stream_version: 2, correlation_id: "828768e0-2bda-4093-bae9-f59eae6c51f6", causation_id: "4fb48810-9c41-499e-9282-850ba88f04ea", event_type: "Elixir.Nexus.Identity.Events.SettingsUpdated", data: %Nexus.Identity.Events.SettingsUpdated{org_id: "a136c24b-09d3-44e5-b654-62c6eb3563d2", user_id: "7f9d61e3-4ddb-4a45-9632-c9b4e8e37a26", locale: "fr", timezone: "Europe/Paris", notifications_enabled: false, updated_at: "2026-03-20T23:09:57.997478Z"}, metadata: %{"causation_id" => "019d0d83-3d6d-7f7c-9cca-79dc960ddac5", "correlation_id" => "019d0d83-3d6d-7f7c-9cca-79dc960ddac5"}, created_at: ~U[2026-03-20 23:09:57.998212Z]}, %EventStore.RecordedEvent{event_number: 12197, event_id: "1090d0fa-e811-4476-b333-0ecde47df19b", stream_uuid: "7f9d61e3-4ddb-4a45-9632-c9b4e8e37a26", stream_version: 1, correlation_id: "95c6a40b-6222-41f9-98d5-3e8c238cd512", causation_id: "cafcad9f-48b9-4455-9cc5-59cc5c81305c", event_type: "Elixir.Nexus.Identity.Events.UserRegistered", data: %Nexus.Identity.Events.UserRegistered{user_id: "7f9d61e3-4ddb-4a45-9632-c9b4e8e37a26", org_id: "a136c24b-09d3-44e5-b654-62c6eb3563d2", email: "test@example.com", role: "admin", cose_key: "dummy", credential_id: "dummy", registered_at: "2026-03-20T23:09:57.291719Z", display_name: "Test User", status: "active"}, metadata: %{"causation_id" => "019d0d83-3aab-7cfc-b64f-9c138c365c71", "correlation_id" => "019d0d83-3aab-7cfc-b64f-9c138c365c71"}, created_at: ~U[2026-03-20 23:09:57.294271Z]}, %EventStore.RecordedEvent{event_number: 12196, event_id: "51ed3aa0-2b4d-4f9e-bb88-d9b7471414a0", stream_uuid: "a6d32835-04fe-47c3-93c7-50750f4c0025", stream_version: 2, correlation_id: "fb342b99-3477-4551-974c-9a74331120b4", causation_id: "e22481cf-a9ef-4153-a77b-9a91fcb9b83b", event_type: "Elixir.Nexus.Identity.Events.SessionExpired", data: %Nexus.Identity.Events.SessionExpired{org_id: "aefc3981-97e0-4a44-a442-807e9d7b3892", user_id: "a6d32835-04fe-47c3-93c7-50750f4c0025", session_id: "87180336-fdab-415d-a0c7-23fd23f136a9", expired_at: "2026-03-20T23:09:56.784404Z"}, metadata: %{"causation_id" => "019d0d83-38b1-75a5-8e13-bbe0bed9ff21", "correlation_id" => "019d0d83-38b1-75a5-8e13-bbe0bed9ff21"}, created_at: ~U[2026-03-20 23:09:56.786169Z]}, %EventStore.RecordedEvent{event_number: 12195, event_id: "63cf0cf3-679d-4adb-a5fc-1b7c8cdfe448", stream_uuid: "a6d32835-04fe-47c3-93c7-50750f4c0025", stream_version: 1, correlation_id: "4b130646-5380-41f3-b6df-9abfd1ed0d92", causation_id: "0f27ee9d-27db-4e8b-8f2d-6a8556a5e9d4", event_type: "Elixir.Nexus.Identity.Events.UserRegistered", data: %Nexus.Identity.Events.UserRegistered{user_id: "a6d32835-04fe-47c3-93c7-50750f4c0025", ...}, ...}, ...], ...}}, ...}}, ...}
23:09:58.456 [debug] Nexus.Identity.Projectors.UserRegistrationProjector is shutting down due to {%Postgrex.Error{message: nil, postgres: %{code: :undefined_column, line: "3721", message: "column i0.id does not exist", position: "8", file: "parse_relation.c", unknown: "ERROR", severity: "ERROR", pg_code: "42703", routine: "errorMissingColumn"}, connection_id: 3157, query: "SELECT i0.\"id\", i0.\"user_id\", i0.\"org_id\", i0.\"locale\", i0.\"timezone\", i0.\"notifications_enabled\", i0.\"created_at\", i0.\"updated_at\" FROM \"identity_user_settings\" AS i0 WHERE (i0.\"id\" = $1)"}, {GenServer, :call, [#PID<0.2033.0>, {:connect, #PID<0.2034.0>, [retry_interval: 60000, hibernate_after: 15000, partition_by: nil, concurrency_limit: 1, name: Nexus.EventStore, mapper: &Commanded.EventStore.Adapters.EventStore.Mapper.from_recorded_event/1, conn: Nexus.EventStore.Postgrex, event_store: Nexus.EventStore, query_timeout: 15000, schema: "event_store", serializer: Commanded.Serialization.JsonSerializer, stream_uuid: "$all", subscription_name: "Identity.Projectors.UserRegistrationProjector", start_from: 0]}, 5000]}}
23:09:58.456 [error] GenServer {Nexus.App.LocalRegistry, {Nexus.App, Commanded.Event.Handler, "Identity.Projectors.UserRegistrationProjector"}} terminating
** (stop) exited in: GenServer.call(#PID<0.2033.0>, {:connect, #PID<0.2034.0>, [retry_interval: 60000, hibernate_after: 15000, partition_by: nil, concurrency_limit: 1, name: Nexus.EventStore, mapper: &Commanded.EventStore.Adapters.EventStore.Mapper.from_recorded_event/1, conn: Nexus.EventStore.Postgrex, event_store: Nexus.EventStore, query_timeout: 15000, schema: "event_store", serializer: Commanded.Serialization.JsonSerializer, stream_uuid: "$all", subscription_name: "Identity.Projectors.UserRegistrationProjector", start_from: 0]}, 5000)
    ** (EXIT) %Postgrex.Error{message: nil, postgres: %{code: :undefined_column, line: "3721", message: "column i0.id does not exist", position: "8", file: "parse_relation.c", unknown: "ERROR", severity: "ERROR", pg_code: "42703", routine: "errorMissingColumn"}, connection_id: 3157, query: "SELECT i0.\"id\", i0.\"user_id\", i0.\"org_id\", i0.\"locale\", i0.\"timezone\", i0.\"notifications_enabled\", i0.\"created_at\", i0.\"updated_at\" FROM \"identity_user_settings\" AS i0 WHERE (i0.\"id\" = $1)"}
    (elixir 1.19.5) lib/gen_server.ex:1142: GenServer.call/3
    (commanded 1.4.9) lib/commanded/event_store.ex:289: anonymous fn/2 in Commanded.EventStore.span/3
    (telemetry 1.3.0) /Users/bernard/dev/nexus/deps/telemetry/src/telemetry.erl:324: :telemetry.span/3
    (commanded 1.4.9) lib/commanded/event_store/subscription.ex:58: Commanded.EventStore.Subscription.subscribe/2
    (commanded 1.4.9) lib/commanded/event/handler.ex:1024: Commanded.Event.Handler.subscribe_to_events/1
    (commanded 1.4.9) lib/commanded/event/handler.ex:887: Commanded.Event.Handler.handle_continue/2
    (stdlib 7.1) gen_server.erl:2424: :gen_server.try_handle_continue/3
    (stdlib 7.1) gen_server.erl:2291: :gen_server.loop/4
    (stdlib 7.1) proc_lib.erl:333: :proc_lib.init_p_do_apply/3
Last message: {:continue, :subscribe_to_events}
State: %Commanded.Event.Handler{application: Nexus.App, consistency: :strong, handler_callback: :event, handler_name: "Identity.Projectors.UserRegistrationProjector", handler_module: Nexus.Identity.Projectors.UserRegistrationProjector, handler_state: nil, last_seen_event: nil, subscription: %Commanded.EventStore.Subscription{application: Nexus.App, backoff: {:backoff, 1000, 60000, 1000, :jitter, :undefined, :undefined}, concurrency: 1, partition_by: nil, subscribe_to: :all, subscribe_from: :origin, subscription_name: "Identity.Projectors.UserRegistrationProjector", subscription_opts: [], subscription_pid: nil, subscription_ref: nil}, subscribe_timer: nil}
23:09:58.457 [debug] Subscription "Identity.Projectors.UserRegistrationProjector"@"$all" attempting to connect subscriber #PID<0.2035.0>
23:09:58.458 [debug] Subscription "Identity.Projectors.UserRegistrationProjector"@"$all" catching-up
23:09:58.458 [debug] Nexus.Identity.Projectors.UserRegistrationProjector has successfully subscribed to event store
23:09:58.473 [debug] Nexus.Identity.Projectors.UserRegistrationProjector received events: [%Commanded.EventStore.RecordedEvent{event_id: "282ec866-f518-44ed-95f6-7a535d6c3e25", event_number: 11262, stream_id: "019d0c26-0b00-74a0-bd6d-48329cf61a57", stream_version: 1, causation_id: "d64809a4-8402-4360-8536-99b7a0f860ca", correlation_id: "e0f4b4bb-483c-4914-aaaa-956d1587d67e", event_type: "Elixir.Nexus.Identity.Events.UserRegistered", data: %Nexus.Identity.Events.UserRegistered{user_id: "019d0c26-0b00-74a0-bd6d-48329cf61a57", org_id: "019d0c26-0b00-74a0-8884-24b7b734f296", email: "test@example.com", role: "system_admin", cose_key: "Ym9vdHN0cmFwX2Nvc2Vfa2V5", credential_id: "Ym9vdHN0cmFwX2NyZWRlbnRpYWxfaWQ=", registered_at: "2026-03-20T16:48:33.024173Z", display_name: "Test User", status: "active"}, created_at: ~U[2026-03-20 16:48:33.025211Z], metadata: %{"causation_id" => "019d0c26-0b00-71d0-a1d2-041f55e92cfc", "correlation_id" => "019d0c26-0b00-71d0-a1d2-041f55e92cfc"}}]
23:09:58.473 [debug] QUERY OK db=0.2ms
begin []
23:09:58.474 [debug] QUERY OK source="projection_versions" db=0.2ms
INSERT INTO "projection_versions" AS p0 ("projection_name","last_seen_event_number","inserted_at","updated_at") VALUES ($1,$2,$3,$4) ON CONFLICT ("projection_name") DO UPDATE SET "last_seen_event_number" = $5 WHERE ((p0."projection_name" = $6) AND (p0."last_seen_event_number" < $7)) ["Identity.Projectors.UserRegistrationProjector", 11262, ~N[2026-03-20 23:09:58.473764], ~N[2026-03-20 23:09:58.473764], 11262, "Identity.Projectors.UserRegistrationProjector", 11262]
23:09:58.474 [debug] QUERY OK source="users" db=0.1ms
SELECT u0."id", u0."org_id", u0."email", u0."display_name", u0."status", u0."cose_key", u0."credential_id", u0."roles", u0."created_at", u0."updated_at" FROM "users" AS u0 WHERE (u0."id" = $1) ["019d0c26-0b00-74a0-bd6d-48329cf61a57"]
23:09:58.474 [debug] QUERY OK source="users" db=0.1ms
SELECT u0."id", u0."org_id", u0."email", u0."display_name", u0."status", u0."cose_key", u0."credential_id", u0."roles", u0."created_at", u0."updated_at" FROM "users" AS u0 WHERE (u0."email" = $1) ["test@example.com"]
23:09:58.474 [debug] QUERY OK source="users" db=0.1ms
INSERT INTO "users" ("id","status","org_id","email","display_name","roles","cose_key","credential_id","created_at","updated_at") VALUES ($1,$2,$3,$4,$5,$6,$7,$8,$9,$10) ["019d0c26-0b00-74a0-bd6d-48329cf61a57", "active", "019d0c26-0b00-74a0-8884-24b7b734f296", "test@example.com", "Test User", ["system_admin"], "bootstrap_cose_key", "bootstrap_credential_id", ~U[2026-03-20 23:09:58.474587Z], ~U[2026-03-20 23:09:58.474587Z]]
23:09:58.475 [debug] QUERY ERROR source="identity_user_settings" db=0.0ms
SELECT i0."id", i0."user_id", i0."org_id", i0."locale", i0."timezone", i0."notifications_enabled", i0."created_at", i0."updated_at" FROM "identity_user_settings" AS i0 WHERE (i0."id" = $1) ["019d0c26-0b00-74a0-bd6d-48329cf61a57"]
23:09:58.475 [debug] QUERY OK db=0.1ms
rollback []
23:09:58.476 [error] Nexus.Identity.Projectors.UserRegistrationProjector failed to handle event:
%Commanded.EventStore.RecordedEvent{
  event_id: "282ec866-f518-44ed-95f6-7a535d6c3e25",
  event_number: 11262,
  stream_id: "019d0c26-0b00-74a0-bd6d-48329cf61a57",
  stream_version: 1,
  causation_id: "d64809a4-8402-4360-8536-99b7a0f860ca",
  correlation_id: "e0f4b4bb-483c-4914-aaaa-956d1587d67e",
  event_type: "Elixir.Nexus.Identity.Events.UserRegistered",
  data: %Nexus.Identity.Events.UserRegistered{
    user_id: "019d0c26-0b00-74a0-bd6d-48329cf61a57",
    org_id: "019d0c26-0b00-74a0-8884-24b7b734f296",
    email: "test@example.com",
    role: "system_admin",
    cose_key: "Ym9vdHN0cmFwX2Nvc2Vfa2V5",
    credential_id: "Ym9vdHN0cmFwX2NyZWRlbnRpYWxfaWQ=",
    registered_at: "2026-03-20T16:48:33.024173Z",
    display_name: "Test User",
    status: "active"
  },
  created_at: ~U[2026-03-20 16:48:33.025211Z],
  metadata: %{
    "causation_id" => "019d0c26-0b00-71d0-a1d2-041f55e92cfc",
    "correlation_id" => "019d0c26-0b00-71d0-a1d2-041f55e92cfc"
  }
}, due to:
** (Postgrex.Error) ERROR 42703 (undefined_column) column i0.id does not exist

    query: SELECT i0."id", i0."user_id", i0."org_id", i0."locale", i0."timezone", i0."notifications_enabled", i0."created_at", i0."updated_at" FROM "identity_user_settings" AS i0 WHERE (i0."id" = $1)
    (ecto_sql 3.13.4) lib/ecto/adapters/sql.ex:1113: Ecto.Adapters.SQL.raise_sql_call_error/1
    (ecto_sql 3.13.4) lib/ecto/adapters/sql.ex:1011: Ecto.Adapters.SQL.execute/6
    (ecto 3.13.5) lib/ecto/repo/queryable.ex:241: Ecto.Repo.Queryable.execute/4
    (ecto 3.13.5) lib/ecto/repo/queryable.ex:19: Ecto.Repo.Queryable.all/3
    (ecto 3.13.5) lib/ecto/repo/queryable.ex:163: Ecto.Repo.Queryable.one/3
    (nexus 0.1.0) lib/nexus/identity/projectors/user_registration_projector.ex:53: anonymous fn/3 in Nexus.Identity.Projectors.UserRegistrationProjector.project_registration/3
    (ecto 3.13.5) lib/ecto/multi.ex:905: Ecto.Multi.apply_operation/5
    (elixir 1.19.5) lib/enum.ex:2520: Enum."-reduce/3-lists^foldl/2-0-"/3
    (ecto 3.13.5) lib/ecto/multi.ex:878: anonymous fn/5 in Ecto.Multi.apply_operations/5
    (ecto_sql 3.13.4) lib/ecto/adapters/sql.ex:1473: anonymous fn/3 in Ecto.Adapters.SQL.checkout_or_transaction/4
    (db_connection 2.9.0) lib/db_connection.ex:1747: DBConnection.run_transaction/4
    (ecto 3.13.5) lib/ecto/repo/transaction.ex:30: Ecto.Repo.Transaction.transact/4
    (nexus 0.1.0) deps/commanded_ecto_projections/lib/projections/ecto.ex:97: Nexus.Identity.Projectors.UserRegistrationProjector.update_projection/3
    (commanded 1.4.9) lib/commanded/event/handler.ex:1221: Commanded.Event.Handler.delegate_event_to_handler/2
    (commanded 1.4.9) lib/commanded/event/handler.ex:1062: Commanded.Event.Handler.handle_event/3
    (elixir 1.19.5) lib/enum.ex:2520: Enum."-reduce/3-lists^foldl/2-0-"/3
    (commanded 1.4.9) lib/commanded/event/handler.ex:969: Commanded.Event.Handler.handle_info/2
    (stdlib 7.1) gen_server.erl:2434: :gen_server.try_handle_info/3
    (stdlib 7.1) gen_server.erl:2420: :gen_server.handle_msg/3
    (stdlib 7.1) proc_lib.erl:333: :proc_lib.init_p_do_apply/3

23:09:58.476 [warning] Nexus.Identity.Projectors.UserRegistrationProjector has requested to stop: %Postgrex.Error{message: nil, postgres: %{code: :undefined_column, line: "3721", message: "column i0.id does not exist", position: "8", file: "parse_relation.c", unknown: "ERROR", severity: "ERROR", pg_code: "42703", routine: "errorMissingColumn"}, connection_id: 3157, query: "SELECT i0.\"id\", i0.\"user_id\", i0.\"org_id\", i0.\"locale\", i0.\"timezone\", i0.\"notifications_enabled\", i0.\"created_at\", i0.\"updated_at\" FROM \"identity_user_settings\" AS i0 WHERE (i0.\"id\" = $1)"}
23:09:58.476 [debug] Nexus.Identity.Projectors.UserRegistrationProjector is shutting down due to %Postgrex.Error{message: nil, postgres: %{code: :undefined_column, line: "3721", message: "column i0.id does not exist", position: "8", file: "parse_relation.c", unknown: "ERROR", severity: "ERROR", pg_code: "42703", routine: "errorMissingColumn"}, connection_id: 3157, query: "SELECT i0.\"id\", i0.\"user_id\", i0.\"org_id\", i0.\"locale\", i0.\"timezone\", i0.\"notifications_enabled\", i0.\"created_at\", i0.\"updated_at\" FROM \"identity_user_settings\" AS i0 WHERE (i0.\"id\" = $1)"}
23:09:58.476 [error] GenServer {Nexus.App.LocalRegistry, {Nexus.App, Commanded.Event.Handler, "Identity.Projectors.UserRegistrationProjector"}} terminating
** (stop) %Postgrex.Error{message: nil, postgres: %{code: :undefined_column, line: "3721", message: "column i0.id does not exist", position: "8", file: "parse_relation.c", unknown: "ERROR", severity: "ERROR", pg_code: "42703", routine: "errorMissingColumn"}, connection_id: 3157, query: "SELECT i0.\"id\", i0.\"user_id\", i0.\"org_id\", i0.\"locale\", i0.\"timezone\", i0.\"notifications_enabled\", i0.\"created_at\", i0.\"updated_at\" FROM \"identity_user_settings\" AS i0 WHERE (i0.\"id\" = $1)"}
Last message: {:events, [%Commanded.EventStore.RecordedEvent{event_id: "282ec866-f518-44ed-95f6-7a535d6c3e25", event_number: 11262, stream_id: "019d0c26-0b00-74a0-bd6d-48329cf61a57", stream_version: 1, causation_id: "d64809a4-8402-4360-8536-99b7a0f860ca", correlation_id: "e0f4b4bb-483c-4914-aaaa-956d1587d67e", event_type: "Elixir.Nexus.Identity.Events.UserRegistered", data: %Nexus.Identity.Events.UserRegistered{user_id: "019d0c26-0b00-74a0-bd6d-48329cf61a57", org_id: "019d0c26-0b00-74a0-8884-24b7b734f296", email: "test@example.com", role: "system_admin", cose_key: "Ym9vdHN0cmFwX2Nvc2Vfa2V5", credential_id: "Ym9vdHN0cmFwX2NyZWRlbnRpYWxfaWQ=", registered_at: "2026-03-20T16:48:33.024173Z", display_name: "Test User", status: "active"}, created_at: ~U[2026-03-20 16:48:33.025211Z], metadata: %{"causation_id" => "019d0c26-0b00-71d0-a1d2-041f55e92cfc", "correlation_id" => "019d0c26-0b00-71d0-a1d2-041f55e92cfc"}}]}
State: %Commanded.Event.Handler{application: Nexus.App, consistency: :strong, handler_callback: :event, handler_name: "Identity.Projectors.UserRegistrationProjector", handler_module: Nexus.Identity.Projectors.UserRegistrationProjector, handler_state: nil, last_seen_event: nil, subscription: %Commanded.EventStore.Subscription{application: Nexus.App, backoff: {:backoff, 1000, 60000, 1000, :jitter, :undefined, :undefined}, concurrency: 1, partition_by: nil, subscribe_to: :all, subscribe_from: :origin, subscription_name: "Identity.Projectors.UserRegistrationProjector", subscription_opts: [], subscription_pid: #PID<0.2036.0>, subscription_ref: #Reference<0.504251661.3394502657.112361>}, subscribe_timer: nil}
23:09:58.477 [debug] Subscription "Identity.Projectors.UserRegistrationProjector"@"$all" subscriber #PID<0.2035.0> down due to: %Postgrex.Error{message: nil, postgres: %{code: :undefined_column, line: "3721", message: "column i0.id does not exist", position: "8", file: "parse_relation.c", unknown: "ERROR", severity: "ERROR", pg_code: "42703", routine: "errorMissingColumn"}, connection_id: 3157, query: "SELECT i0.\"id\", i0.\"user_id\", i0.\"org_id\", i0.\"locale\", i0.\"timezone\", i0.\"notifications_enabled\", i0.\"created_at\", i0.\"updated_at\" FROM \"identity_user_settings\" AS i0 WHERE (i0.\"id\" = $1)"}
23:09:58.477 [debug] Subscription "Identity.Projectors.UserRegistrationProjector"@"$all" has no subscribers, shutting down
23:09:58.477 [error] GenServer {Nexus.EventStore.EventStore.Subscriptions.Registry, {"$all", "Identity.Projectors.UserRegistrationProjector"}} terminating
** (stop) %Postgrex.Error{message: nil, postgres: %{code: :undefined_column, line: "3721", message: "column i0.id does not exist", position: "8", file: "parse_relation.c", unknown: "ERROR", severity: "ERROR", pg_code: "42703", routine: "errorMissingColumn"}, connection_id: 3157, query: "SELECT i0.\"id\", i0.\"user_id\", i0.\"org_id\", i0.\"locale\", i0.\"timezone\", i0.\"notifications_enabled\", i0.\"created_at\", i0.\"updated_at\" FROM \"identity_user_settings\" AS i0 WHERE (i0.\"id\" = $1)"}
Last message: {:DOWN, #Reference<0.504251661.3394502657.112340>, :process, #PID<0.2035.0>, %Postgrex.Error{message: nil, postgres: %{code: :undefined_column, line: "3721", message: "column i0.id does not exist", position: "8", file: "parse_relation.c", unknown: "ERROR", severity: "ERROR", pg_code: "42703", routine: "errorMissingColumn"}, connection_id: 3157, query: "SELECT i0.\"id\", i0.\"user_id\", i0.\"org_id\", i0.\"locale\", i0.\"timezone\", i0.\"notifications_enabled\", i0.\"created_at\", i0.\"updated_at\" FROM \"identity_user_settings\" AS i0 WHERE (i0.\"id\" = $1)"}}
State: %EventStore.Subscriptions.Subscription{stream_uuid: "$all", subscription_name: "Identity.Projectors.UserRegistrationProjector", subscription: %EventStore.Subscriptions.SubscriptionFsm{state: :unsubscribed, data: %EventStore.Subscriptions.SubscriptionState{conn: Nexus.EventStore.Postgrex, event_store: Nexus.EventStore, serializer: Commanded.Serialization.JsonSerializer, schema: "event_store", stream_uuid: "$all", start_from: 0, subscription_name: "Identity.Projectors.UserRegistrationProjector", subscription_id: 405, selector: nil, mapper: &Commanded.EventStore.Adapters.EventStore.Mapper.from_recorded_event/1, max_size: 1000, partition_by: nil, query_timeout: 15000, lock_ref: #Reference<0.504251661.3394502657.112358>, last_received: 12198, last_sent: 11262, last_ack: 11261, queue_size: 937, buffer_size: 1, checkpoint_after: 0, checkpoint_threshold: 1, checkpoint_timer_ref: nil, checkpoints_pending: 0, subscribers: %{}, partitions: %{nil: {[%EventStore.RecordedEvent{event_number: 12198, event_id: "cfdf706a-2840-4b71-a697-397a47506cf8", stream_uuid: "7f9d61e3-4ddb-4a45-9632-c9b4e8e37a26", stream_version: 2, correlation_id: "828768e0-2bda-4093-bae9-f59eae6c51f6", causation_id: "4fb48810-9c41-499e-9282-850ba88f04ea", event_type: "Elixir.Nexus.Identity.Events.SettingsUpdated", data: %Nexus.Identity.Events.SettingsUpdated{org_id: "a136c24b-09d3-44e5-b654-62c6eb3563d2", user_id: "7f9d61e3-4ddb-4a45-9632-c9b4e8e37a26", locale: "fr", timezone: "Europe/Paris", notifications_enabled: false, updated_at: "2026-03-20T23:09:57.997478Z"}, metadata: %{"causation_id" => "019d0d83-3d6d-7f7c-9cca-79dc960ddac5", "correlation_id" => "019d0d83-3d6d-7f7c-9cca-79dc960ddac5"}, created_at: ~U[2026-03-20 23:09:57.998212Z]}, %EventStore.RecordedEvent{event_number: 12197, event_id: "1090d0fa-e811-4476-b333-0ecde47df19b", stream_uuid: "7f9d61e3-4ddb-4a45-9632-c9b4e8e37a26", stream_version: 1, correlation_id: "95c6a40b-6222-41f9-98d5-3e8c238cd512", causation_id: "cafcad9f-48b9-4455-9cc5-59cc5c81305c", event_type: "Elixir.Nexus.Identity.Events.UserRegistered", data: %Nexus.Identity.Events.UserRegistered{user_id: "7f9d61e3-4ddb-4a45-9632-c9b4e8e37a26", org_id: "a136c24b-09d3-44e5-b654-62c6eb3563d2", email: "test@example.com", role: "admin", cose_key: "dummy", credential_id: "dummy", registered_at: "2026-03-20T23:09:57.291719Z", display_name: "Test User", status: "active"}, metadata: %{"causation_id" => "019d0d83-3aab-7cfc-b64f-9c138c365c71", "correlation_id" => "019d0d83-3aab-7cfc-b64f-9c138c365c71"}, created_at: ~U[2026-03-20 23:09:57.294271Z]}, %EventStore.RecordedEvent{event_number: 12196, event_id: "51ed3aa0-2b4d-4f9e-bb88-d9b7471414a0", stream_uuid: "a6d32835-04fe-47c3-93c7-50750f4c0025", stream_version: 2, correlation_id: "fb342b99-3477-4551-974c-9a74331120b4", causation_id: "e22481cf-a9ef-4153-a77b-9a91fcb9b83b", event_type: "Elixir.Nexus.Identity.Events.SessionExpired", data: %Nexus.Identity.Events.SessionExpired{org_id: "aefc3981-97e0-4a44-a442-807e9d7b3892", user_id: "a6d32835-04fe-47c3-93c7-50750f4c0025", session_id: "87180336-fdab-415d-a0c7-23fd23f136a9", expired_at: "2026-03-20T23:09:56.784404Z"}, metadata: %{"causation_id" => "019d0d83-38b1-75a5-8e13-bbe0bed9ff21", "correlation_id" => "019d0d83-38b1-75a5-8e13-bbe0bed9ff21"}, created_at: ~U[2026-03-20 23:09:56.786169Z]}, %EventStore.RecordedEvent{event_number: 12195, event_id: "63cf0cf3-679d-4adb-a5fc-1b7c8cdfe448", stream_uuid: "a6d32835-04fe-47c3-93c7-50750f4c0025", stream_version: 1, correlation_id: "4b130646-5380-41f3-b6df-9abfd1ed0d92", causation_id: "0f27ee9d-27db-4e8b-8f2d-6a8556a5e9d4", event_type: "Elixir.Nexus.Identity.Events.UserRegistered", data: %Nexus.Identity.Events.UserRegistered{user_id: "a6d32835-04fe-47c3-93c7-50750f4c0025", ...}, ...}, ...], ...}}, ...}}, ...}
23:09:58.477 [debug] Nexus.Identity.Projectors.UserRegistrationProjector is shutting down due to {%Postgrex.Error{message: nil, postgres: %{code: :undefined_column, line: "3721", message: "column i0.id does not exist", position: "8", file: "parse_relation.c", unknown: "ERROR", severity: "ERROR", pg_code: "42703", routine: "errorMissingColumn"}, connection_id: 3157, query: "SELECT i0.\"id\", i0.\"user_id\", i0.\"org_id\", i0.\"locale\", i0.\"timezone\", i0.\"notifications_enabled\", i0.\"created_at\", i0.\"updated_at\" FROM \"identity_user_settings\" AS i0 WHERE (i0.\"id\" = $1)"}, {GenServer, :call, [#PID<0.2036.0>, {:connect, #PID<0.2037.0>, [retry_interval: 60000, hibernate_after: 15000, partition_by: nil, concurrency_limit: 1, name: Nexus.EventStore, mapper: &Commanded.EventStore.Adapters.EventStore.Mapper.from_recorded_event/1, conn: Nexus.EventStore.Postgrex, event_store: Nexus.EventStore, query_timeout: 15000, schema: "event_store", serializer: Commanded.Serialization.JsonSerializer, stream_uuid: "$all", subscription_name: "Identity.Projectors.UserRegistrationProjector", start_from: 0]}, 5000]}}
23:09:58.477 [error] GenServer {Nexus.App.LocalRegistry, {Nexus.App, Commanded.Event.Handler, "Identity.Projectors.UserRegistrationProjector"}} terminating
** (stop) exited in: GenServer.call(#PID<0.2036.0>, {:connect, #PID<0.2037.0>, [retry_interval: 60000, hibernate_after: 15000, partition_by: nil, concurrency_limit: 1, name: Nexus.EventStore, mapper: &Commanded.EventStore.Adapters.EventStore.Mapper.from_recorded_event/1, conn: Nexus.EventStore.Postgrex, event_store: Nexus.EventStore, query_timeout: 15000, schema: "event_store", serializer: Commanded.Serialization.JsonSerializer, stream_uuid: "$all", subscription_name: "Identity.Projectors.UserRegistrationProjector", start_from: 0]}, 5000)
    ** (EXIT) %Postgrex.Error{message: nil, postgres: %{code: :undefined_column, line: "3721", message: "column i0.id does not exist", position: "8", file: "parse_relation.c", unknown: "ERROR", severity: "ERROR", pg_code: "42703", routine: "errorMissingColumn"}, connection_id: 3157, query: "SELECT i0.\"id\", i0.\"user_id\", i0.\"org_id\", i0.\"locale\", i0.\"timezone\", i0.\"notifications_enabled\", i0.\"created_at\", i0.\"updated_at\" FROM \"identity_user_settings\" AS i0 WHERE (i0.\"id\" = $1)"}
    (elixir 1.19.5) lib/gen_server.ex:1142: GenServer.call/3
    (commanded 1.4.9) lib/commanded/event_store.ex:289: anonymous fn/2 in Commanded.EventStore.span/3
    (telemetry 1.3.0) /Users/bernard/dev/nexus/deps/telemetry/src/telemetry.erl:324: :telemetry.span/3
    (commanded 1.4.9) lib/commanded/event_store/subscription.ex:58: Commanded.EventStore.Subscription.subscribe/2
    (commanded 1.4.9) lib/commanded/event/handler.ex:1024: Commanded.Event.Handler.subscribe_to_events/1
    (commanded 1.4.9) lib/commanded/event/handler.ex:887: Commanded.Event.Handler.handle_continue/2
    (stdlib 7.1) gen_server.erl:2424: :gen_server.try_handle_continue/3
    (stdlib 7.1) gen_server.erl:2291: :gen_server.loop/4
    (stdlib 7.1) proc_lib.erl:333: :proc_lib.init_p_do_apply/3
Last message: {:continue, :subscribe_to_events}
State: %Commanded.Event.Handler{application: Nexus.App, consistency: :strong, handler_callback: :event, handler_name: "Identity.Projectors.UserRegistrationProjector", handler_module: Nexus.Identity.Projectors.UserRegistrationProjector, handler_state: nil, last_seen_event: nil, subscription: %Commanded.EventStore.Subscription{application: Nexus.App, backoff: {:backoff, 1000, 60000, 1000, :jitter, :undefined, :undefined}, concurrency: 1, partition_by: nil, subscribe_to: :all, subscribe_from: :origin, subscription_name: "Identity.Projectors.UserRegistrationProjector", subscription_opts: [], subscription_pid: nil, subscription_ref: nil}, subscribe_timer: nil}
23:09:58.478 [debug] Subscription "Identity.Projectors.UserRegistrationProjector"@"$all" attempting to connect subscriber #PID<0.2038.0>
23:09:58.479 [debug] Subscription "Identity.Projectors.UserRegistrationProjector"@"$all" catching-up
23:09:58.479 [debug] Nexus.Identity.Projectors.UserRegistrationProjector has successfully subscribed to event store
23:09:58.492 [debug] Nexus.Identity.Projectors.UserRegistrationProjector received events: [%Commanded.EventStore.RecordedEvent{event_id: "282ec866-f518-44ed-95f6-7a535d6c3e25", event_number: 11262, stream_id: "019d0c26-0b00-74a0-bd6d-48329cf61a57", stream_version: 1, causation_id: "d64809a4-8402-4360-8536-99b7a0f860ca", correlation_id: "e0f4b4bb-483c-4914-aaaa-956d1587d67e", event_type: "Elixir.Nexus.Identity.Events.UserRegistered", data: %Nexus.Identity.Events.UserRegistered{user_id: "019d0c26-0b00-74a0-bd6d-48329cf61a57", org_id: "019d0c26-0b00-74a0-8884-24b7b734f296", email: "test@example.com", role: "system_admin", cose_key: "Ym9vdHN0cmFwX2Nvc2Vfa2V5", credential_id: "Ym9vdHN0cmFwX2NyZWRlbnRpYWxfaWQ=", registered_at: "2026-03-20T16:48:33.024173Z", display_name: "Test User", status: "active"}, created_at: ~U[2026-03-20 16:48:33.025211Z], metadata: %{"causation_id" => "019d0c26-0b00-71d0-a1d2-041f55e92cfc", "correlation_id" => "019d0c26-0b00-71d0-a1d2-041f55e92cfc"}}]
23:09:58.493 [debug] QUERY OK db=0.4ms
begin []
23:09:58.494 [debug] QUERY OK source="projection_versions" db=0.2ms
INSERT INTO "projection_versions" AS p0 ("projection_name","last_seen_event_number","inserted_at","updated_at") VALUES ($1,$2,$3,$4) ON CONFLICT ("projection_name") DO UPDATE SET "last_seen_event_number" = $5 WHERE ((p0."projection_name" = $6) AND (p0."last_seen_event_number" < $7)) ["Identity.Projectors.UserRegistrationProjector", 11262, ~N[2026-03-20 23:09:58.493687], ~N[2026-03-20 23:09:58.493687], 11262, "Identity.Projectors.UserRegistrationProjector", 11262]
23:09:58.494 [debug] QUERY OK source="users" db=0.1ms
SELECT u0."id", u0."org_id", u0."email", u0."display_name", u0."status", u0."cose_key", u0."credential_id", u0."roles", u0."created_at", u0."updated_at" FROM "users" AS u0 WHERE (u0."id" = $1) ["019d0c26-0b00-74a0-bd6d-48329cf61a57"]
23:09:58.494 [debug] QUERY OK source="users" db=0.1ms
SELECT u0."id", u0."org_id", u0."email", u0."display_name", u0."status", u0."cose_key", u0."credential_id", u0."roles", u0."created_at", u0."updated_at" FROM "users" AS u0 WHERE (u0."email" = $1) ["test@example.com"]
23:09:58.494 [debug] QUERY OK source="users" db=0.2ms
INSERT INTO "users" ("id","status","org_id","email","display_name","roles","cose_key","credential_id","created_at","updated_at") VALUES ($1,$2,$3,$4,$5,$6,$7,$8,$9,$10) ["019d0c26-0b00-74a0-bd6d-48329cf61a57", "active", "019d0c26-0b00-74a0-8884-24b7b734f296", "test@example.com", "Test User", ["system_admin"], "bootstrap_cose_key", "bootstrap_credential_id", ~U[2026-03-20 23:09:58.494507Z], ~U[2026-03-20 23:09:58.494507Z]]
23:09:58.495 [debug] QUERY ERROR source="identity_user_settings" db=0.0ms
SELECT i0."id", i0."user_id", i0."org_id", i0."locale", i0."timezone", i0."notifications_enabled", i0."created_at", i0."updated_at" FROM "identity_user_settings" AS i0 WHERE (i0."id" = $1) ["019d0c26-0b00-74a0-bd6d-48329cf61a57"]
23:09:58.495 [debug] QUERY OK db=0.1ms
rollback []
23:09:58.496 [error] Nexus.Identity.Projectors.UserRegistrationProjector failed to handle event:
%Commanded.EventStore.RecordedEvent{
  event_id: "282ec866-f518-44ed-95f6-7a535d6c3e25",
  event_number: 11262,
  stream_id: "019d0c26-0b00-74a0-bd6d-48329cf61a57",
  stream_version: 1,
  causation_id: "d64809a4-8402-4360-8536-99b7a0f860ca",
  correlation_id: "e0f4b4bb-483c-4914-aaaa-956d1587d67e",
  event_type: "Elixir.Nexus.Identity.Events.UserRegistered",
  data: %Nexus.Identity.Events.UserRegistered{
    user_id: "019d0c26-0b00-74a0-bd6d-48329cf61a57",
    org_id: "019d0c26-0b00-74a0-8884-24b7b734f296",
    email: "test@example.com",
    role: "system_admin",
    cose_key: "Ym9vdHN0cmFwX2Nvc2Vfa2V5",
    credential_id: "Ym9vdHN0cmFwX2NyZWRlbnRpYWxfaWQ=",
    registered_at: "2026-03-20T16:48:33.024173Z",
    display_name: "Test User",
    status: "active"
  },
  created_at: ~U[2026-03-20 16:48:33.025211Z],
  metadata: %{
    "causation_id" => "019d0c26-0b00-71d0-a1d2-041f55e92cfc",
    "correlation_id" => "019d0c26-0b00-71d0-a1d2-041f55e92cfc"
  }
}, due to:
** (Postgrex.Error) ERROR 42703 (undefined_column) column i0.id does not exist

    query: SELECT i0."id", i0."user_id", i0."org_id", i0."locale", i0."timezone", i0."notifications_enabled", i0."created_at", i0."updated_at" FROM "identity_user_settings" AS i0 WHERE (i0."id" = $1)
    (ecto_sql 3.13.4) lib/ecto/adapters/sql.ex:1113: Ecto.Adapters.SQL.raise_sql_call_error/1
    (ecto_sql 3.13.4) lib/ecto/adapters/sql.ex:1011: Ecto.Adapters.SQL.execute/6
    (ecto 3.13.5) lib/ecto/repo/queryable.ex:241: Ecto.Repo.Queryable.execute/4
    (ecto 3.13.5) lib/ecto/repo/queryable.ex:19: Ecto.Repo.Queryable.all/3
    (ecto 3.13.5) lib/ecto/repo/queryable.ex:163: Ecto.Repo.Queryable.one/3
    (nexus 0.1.0) lib/nexus/identity/projectors/user_registration_projector.ex:53: anonymous fn/3 in Nexus.Identity.Projectors.UserRegistrationProjector.project_registration/3
    (ecto 3.13.5) lib/ecto/multi.ex:905: Ecto.Multi.apply_operation/5
    (elixir 1.19.5) lib/enum.ex:2520: Enum."-reduce/3-lists^foldl/2-0-"/3
    (ecto 3.13.5) lib/ecto/multi.ex:878: anonymous fn/5 in Ecto.Multi.apply_operations/5
    (ecto_sql 3.13.4) lib/ecto/adapters/sql.ex:1473: anonymous fn/3 in Ecto.Adapters.SQL.checkout_or_transaction/4
    (db_connection 2.9.0) lib/db_connection.ex:1747: DBConnection.run_transaction/4
    (ecto 3.13.5) lib/ecto/repo/transaction.ex:30: Ecto.Repo.Transaction.transact/4
    (nexus 0.1.0) deps/commanded_ecto_projections/lib/projections/ecto.ex:97: Nexus.Identity.Projectors.UserRegistrationProjector.update_projection/3
    (commanded 1.4.9) lib/commanded/event/handler.ex:1221: Commanded.Event.Handler.delegate_event_to_handler/2
    (commanded 1.4.9) lib/commanded/event/handler.ex:1062: Commanded.Event.Handler.handle_event/3
    (elixir 1.19.5) lib/enum.ex:2520: Enum."-reduce/3-lists^foldl/2-0-"/3
    (commanded 1.4.9) lib/commanded/event/handler.ex:969: Commanded.Event.Handler.handle_info/2
    (stdlib 7.1) gen_server.erl:2434: :gen_server.try_handle_info/3
    (stdlib 7.1) gen_server.erl:2420: :gen_server.handle_msg/3
    (stdlib 7.1) proc_lib.erl:333: :proc_lib.init_p_do_apply/3

23:09:58.496 [warning] Nexus.Identity.Projectors.UserRegistrationProjector has requested to stop: %Postgrex.Error{message: nil, postgres: %{code: :undefined_column, line: "3721", message: "column i0.id does not exist", position: "8", file: "parse_relation.c", unknown: "ERROR", severity: "ERROR", pg_code: "42703", routine: "errorMissingColumn"}, connection_id: 3157, query: "SELECT i0.\"id\", i0.\"user_id\", i0.\"org_id\", i0.\"locale\", i0.\"timezone\", i0.\"notifications_enabled\", i0.\"created_at\", i0.\"updated_at\" FROM \"identity_user_settings\" AS i0 WHERE (i0.\"id\" = $1)"}
23:09:58.496 [debug] Nexus.Identity.Projectors.UserRegistrationProjector is shutting down due to %Postgrex.Error{message: nil, postgres: %{code: :undefined_column, line: "3721", message: "column i0.id does not exist", position: "8", file: "parse_relation.c", unknown: "ERROR", severity: "ERROR", pg_code: "42703", routine: "errorMissingColumn"}, connection_id: 3157, query: "SELECT i0.\"id\", i0.\"user_id\", i0.\"org_id\", i0.\"locale\", i0.\"timezone\", i0.\"notifications_enabled\", i0.\"created_at\", i0.\"updated_at\" FROM \"identity_user_settings\" AS i0 WHERE (i0.\"id\" = $1)"}
23:09:58.496 [error] GenServer {Nexus.App.LocalRegistry, {Nexus.App, Commanded.Event.Handler, "Identity.Projectors.UserRegistrationProjector"}} terminating
** (stop) %Postgrex.Error{message: nil, postgres: %{code: :undefined_column, line: "3721", message: "column i0.id does not exist", position: "8", file: "parse_relation.c", unknown: "ERROR", severity: "ERROR", pg_code: "42703", routine: "errorMissingColumn"}, connection_id: 3157, query: "SELECT i0.\"id\", i0.\"user_id\", i0.\"org_id\", i0.\"locale\", i0.\"timezone\", i0.\"notifications_enabled\", i0.\"created_at\", i0.\"updated_at\" FROM \"identity_user_settings\" AS i0 WHERE (i0.\"id\" = $1)"}
Last message: {:events, [%Commanded.EventStore.RecordedEvent{event_id: "282ec866-f518-44ed-95f6-7a535d6c3e25", event_number: 11262, stream_id: "019d0c26-0b00-74a0-bd6d-48329cf61a57", stream_version: 1, causation_id: "d64809a4-8402-4360-8536-99b7a0f860ca", correlation_id: "e0f4b4bb-483c-4914-aaaa-956d1587d67e", event_type: "Elixir.Nexus.Identity.Events.UserRegistered", data: %Nexus.Identity.Events.UserRegistered{user_id: "019d0c26-0b00-74a0-bd6d-48329cf61a57", org_id: "019d0c26-0b00-74a0-8884-24b7b734f296", email: "test@example.com", role: "system_admin", cose_key: "Ym9vdHN0cmFwX2Nvc2Vfa2V5", credential_id: "Ym9vdHN0cmFwX2NyZWRlbnRpYWxfaWQ=", registered_at: "2026-03-20T16:48:33.024173Z", display_name: "Test User", status: "active"}, created_at: ~U[2026-03-20 16:48:33.025211Z], metadata: %{"causation_id" => "019d0c26-0b00-71d0-a1d2-041f55e92cfc", "correlation_id" => "019d0c26-0b00-71d0-a1d2-041f55e92cfc"}}]}
State: %Commanded.Event.Handler{application: Nexus.App, consistency: :strong, handler_callback: :event, handler_name: "Identity.Projectors.UserRegistrationProjector", handler_module: Nexus.Identity.Projectors.UserRegistrationProjector, handler_state: nil, last_seen_event: nil, subscription: %Commanded.EventStore.Subscription{application: Nexus.App, backoff: {:backoff, 1000, 60000, 1000, :jitter, :undefined, :undefined}, concurrency: 1, partition_by: nil, subscribe_to: :all, subscribe_from: :origin, subscription_name: "Identity.Projectors.UserRegistrationProjector", subscription_opts: [], subscription_pid: #PID<0.2039.0>, subscription_ref: #Reference<0.504251661.3394502658.60563>}, subscribe_timer: nil}
23:09:58.496 [debug] Subscription "Identity.Projectors.UserRegistrationProjector"@"$all" subscriber #PID<0.2038.0> down due to: %Postgrex.Error{message: nil, postgres: %{code: :undefined_column, line: "3721", message: "column i0.id does not exist", position: "8", file: "parse_relation.c", unknown: "ERROR", severity: "ERROR", pg_code: "42703", routine: "errorMissingColumn"}, connection_id: 3157, query: "SELECT i0.\"id\", i0.\"user_id\", i0.\"org_id\", i0.\"locale\", i0.\"timezone\", i0.\"notifications_enabled\", i0.\"created_at\", i0.\"updated_at\" FROM \"identity_user_settings\" AS i0 WHERE (i0.\"id\" = $1)"}
23:09:58.496 [debug] Subscription "Identity.Projectors.UserRegistrationProjector"@"$all" has no subscribers, shutting down
23:09:58.496 [error] GenServer {Nexus.EventStore.EventStore.Subscriptions.Registry, {"$all", "Identity.Projectors.UserRegistrationProjector"}} terminating
** (stop) %Postgrex.Error{message: nil, postgres: %{code: :undefined_column, line: "3721", message: "column i0.id does not exist", position: "8", file: "parse_relation.c", unknown: "ERROR", severity: "ERROR", pg_code: "42703", routine: "errorMissingColumn"}, connection_id: 3157, query: "SELECT i0.\"id\", i0.\"user_id\", i0.\"org_id\", i0.\"locale\", i0.\"timezone\", i0.\"notifications_enabled\", i0.\"created_at\", i0.\"updated_at\" FROM \"identity_user_settings\" AS i0 WHERE (i0.\"id\" = $1)"}
Last message: {:DOWN, #Reference<0.504251661.3394502658.60545>, :process, #PID<0.2038.0>, %Postgrex.Error{message: nil, postgres: %{code: :undefined_column, line: "3721", message: "column i0.id does not exist", position: "8", file: "parse_relation.c", unknown: "ERROR", severity: "ERROR", pg_code: "42703", routine: "errorMissingColumn"}, connection_id: 3157, query: "SELECT i0.\"id\", i0.\"user_id\", i0.\"org_id\", i0.\"locale\", i0.\"timezone\", i0.\"notifications_enabled\", i0.\"created_at\", i0.\"updated_at\" FROM \"identity_user_settings\" AS i0 WHERE (i0.\"id\" = $1)"}}
State: %EventStore.Subscriptions.Subscription{stream_uuid: "$all", subscription_name: "Identity.Projectors.UserRegistrationProjector", subscription: %EventStore.Subscriptions.SubscriptionFsm{state: :unsubscribed, data: %EventStore.Subscriptions.SubscriptionState{conn: Nexus.EventStore.Postgrex, event_store: Nexus.EventStore, serializer: Commanded.Serialization.JsonSerializer, schema: "event_store", stream_uuid: "$all", start_from: 0, subscription_name: "Identity.Projectors.UserRegistrationProjector", subscription_id: 405, selector: nil, mapper: &Commanded.EventStore.Adapters.EventStore.Mapper.from_recorded_event/1, max_size: 1000, partition_by: nil, query_timeout: 15000, lock_ref: #Reference<0.504251661.3394502657.112562>, last_received: 12198, last_sent: 11262, last_ack: 11261, queue_size: 937, buffer_size: 1, checkpoint_after: 0, checkpoint_threshold: 1, checkpoint_timer_ref: nil, checkpoints_pending: 0, subscribers: %{}, partitions: %{nil: {[%EventStore.RecordedEvent{event_number: 12198, event_id: "cfdf706a-2840-4b71-a697-397a47506cf8", stream_uuid: "7f9d61e3-4ddb-4a45-9632-c9b4e8e37a26", stream_version: 2, correlation_id: "828768e0-2bda-4093-bae9-f59eae6c51f6", causation_id: "4fb48810-9c41-499e-9282-850ba88f04ea", event_type: "Elixir.Nexus.Identity.Events.SettingsUpdated", data: %Nexus.Identity.Events.SettingsUpdated{org_id: "a136c24b-09d3-44e5-b654-62c6eb3563d2", user_id: "7f9d61e3-4ddb-4a45-9632-c9b4e8e37a26", locale: "fr", timezone: "Europe/Paris", notifications_enabled: false, updated_at: "2026-03-20T23:09:57.997478Z"}, metadata: %{"causation_id" => "019d0d83-3d6d-7f7c-9cca-79dc960ddac5", "correlation_id" => "019d0d83-3d6d-7f7c-9cca-79dc960ddac5"}, created_at: ~U[2026-03-20 23:09:57.998212Z]}, %EventStore.RecordedEvent{event_number: 12197, event_id: "1090d0fa-e811-4476-b333-0ecde47df19b", stream_uuid: "7f9d61e3-4ddb-4a45-9632-c9b4e8e37a26", stream_version: 1, correlation_id: "95c6a40b-6222-41f9-98d5-3e8c238cd512", causation_id: "cafcad9f-48b9-4455-9cc5-59cc5c81305c", event_type: "Elixir.Nexus.Identity.Events.UserRegistered", data: %Nexus.Identity.Events.UserRegistered{user_id: "7f9d61e3-4ddb-4a45-9632-c9b4e8e37a26", org_id: "a136c24b-09d3-44e5-b654-62c6eb3563d2", email: "test@example.com", role: "admin", cose_key: "dummy", credential_id: "dummy", registered_at: "2026-03-20T23:09:57.291719Z", display_name: "Test User", status: "active"}, metadata: %{"causation_id" => "019d0d83-3aab-7cfc-b64f-9c138c365c71", "correlation_id" => "019d0d83-3aab-7cfc-b64f-9c138c365c71"}, created_at: ~U[2026-03-20 23:09:57.294271Z]}, %EventStore.RecordedEvent{event_number: 12196, event_id: "51ed3aa0-2b4d-4f9e-bb88-d9b7471414a0", stream_uuid: "a6d32835-04fe-47c3-93c7-50750f4c0025", stream_version: 2, correlation_id: "fb342b99-3477-4551-974c-9a74331120b4", causation_id: "e22481cf-a9ef-4153-a77b-9a91fcb9b83b", event_type: "Elixir.Nexus.Identity.Events.SessionExpired", data: %Nexus.Identity.Events.SessionExpired{org_id: "aefc3981-97e0-4a44-a442-807e9d7b3892", user_id: "a6d32835-04fe-47c3-93c7-50750f4c0025", session_id: "87180336-fdab-415d-a0c7-23fd23f136a9", expired_at: "2026-03-20T23:09:56.784404Z"}, metadata: %{"causation_id" => "019d0d83-38b1-75a5-8e13-bbe0bed9ff21", "correlation_id" => "019d0d83-38b1-75a5-8e13-bbe0bed9ff21"}, created_at: ~U[2026-03-20 23:09:56.786169Z]}, %EventStore.RecordedEvent{event_number: 12195, event_id: "63cf0cf3-679d-4adb-a5fc-1b7c8cdfe448", stream_uuid: "a6d32835-04fe-47c3-93c7-50750f4c0025", stream_version: 1, correlation_id: "4b130646-5380-41f3-b6df-9abfd1ed0d92", causation_id: "0f27ee9d-27db-4e8b-8f2d-6a8556a5e9d4", event_type: "Elixir.Nexus.Identity.Events.UserRegistered", data: %Nexus.Identity.Events.UserRegistered{user_id: "a6d32835-04fe-47c3-93c7-50750f4c0025", ...}, ...}, ...], ...}}, ...}}, ...}
23:09:58.497 [debug] Nexus.Identity.Projectors.UserRegistrationProjector is shutting down due to {%Postgrex.Error{message: nil, postgres: %{code: :undefined_column, line: "3721", message: "column i0.id does not exist", position: "8", file: "parse_relation.c", unknown: "ERROR", severity: "ERROR", pg_code: "42703", routine: "errorMissingColumn"}, connection_id: 3157, query: "SELECT i0.\"id\", i0.\"user_id\", i0.\"org_id\", i0.\"locale\", i0.\"timezone\", i0.\"notifications_enabled\", i0.\"created_at\", i0.\"updated_at\" FROM \"identity_user_settings\" AS i0 WHERE (i0.\"id\" = $1)"}, {GenServer, :call, [#PID<0.2039.0>, {:connect, #PID<0.2040.0>, [retry_interval: 60000, hibernate_after: 15000, partition_by: nil, concurrency_limit: 1, name: Nexus.EventStore, mapper: &Commanded.EventStore.Adapters.EventStore.Mapper.from_recorded_event/1, conn: Nexus.EventStore.Postgrex, event_store: Nexus.EventStore, query_timeout: 15000, schema: "event_store", serializer: Commanded.Serialization.JsonSerializer, stream_uuid: "$all", subscription_name: "Identity.Projectors.UserRegistrationProjector", start_from: 0]}, 5000]}}
23:09:58.497 [error] GenServer {Nexus.App.LocalRegistry, {Nexus.App, Commanded.Event.Handler, "Identity.Projectors.UserRegistrationProjector"}} terminating
** (stop) exited in: GenServer.call(#PID<0.2039.0>, {:connect, #PID<0.2040.0>, [retry_interval: 60000, hibernate_after: 15000, partition_by: nil, concurrency_limit: 1, name: Nexus.EventStore, mapper: &Commanded.EventStore.Adapters.EventStore.Mapper.from_recorded_event/1, conn: Nexus.EventStore.Postgrex, event_store: Nexus.EventStore, query_timeout: 15000, schema: "event_store", serializer: Commanded.Serialization.JsonSerializer, stream_uuid: "$all", subscription_name: "Identity.Projectors.UserRegistrationProjector", start_from: 0]}, 5000)
    ** (EXIT) %Postgrex.Error{message: nil, postgres: %{code: :undefined_column, line: "3721", message: "column i0.id does not exist", position: "8", file: "parse_relation.c", unknown: "ERROR", severity: "ERROR", pg_code: "42703", routine: "errorMissingColumn"}, connection_id: 3157, query: "SELECT i0.\"id\", i0.\"user_id\", i0.\"org_id\", i0.\"locale\", i0.\"timezone\", i0.\"notifications_enabled\", i0.\"created_at\", i0.\"updated_at\" FROM \"identity_user_settings\" AS i0 WHERE (i0.\"id\" = $1)"}
    (elixir 1.19.5) lib/gen_server.ex:1142: GenServer.call/3
    (commanded 1.4.9) lib/commanded/event_store.ex:289: anonymous fn/2 in Commanded.EventStore.span/3
    (telemetry 1.3.0) /Users/bernard/dev/nexus/deps/telemetry/src/telemetry.erl:324: :telemetry.span/3
    (commanded 1.4.9) lib/commanded/event_store/subscription.ex:58: Commanded.EventStore.Subscription.subscribe/2
    (commanded 1.4.9) lib/commanded/event/handler.ex:1024: Commanded.Event.Handler.subscribe_to_events/1
    (commanded 1.4.9) lib/commanded/event/handler.ex:887: Commanded.Event.Handler.handle_continue/2
    (stdlib 7.1) gen_server.erl:2424: :gen_server.try_handle_continue/3
    (stdlib 7.1) gen_server.erl:2291: :gen_server.loop/4
    (stdlib 7.1) proc_lib.erl:333: :proc_lib.init_p_do_apply/3
Last message: {:continue, :subscribe_to_events}
State: %Commanded.Event.Handler{application: Nexus.App, consistency: :strong, handler_callback: :event, handler_name: "Identity.Projectors.UserRegistrationProjector", handler_module: Nexus.Identity.Projectors.UserRegistrationProjector, handler_state: nil, last_seen_event: nil, subscription: %Commanded.EventStore.Subscription{application: Nexus.App, backoff: {:backoff, 1000, 60000, 1000, :jitter, :undefined, :undefined}, concurrency: 1, partition_by: nil, subscribe_to: :all, subscribe_from: :origin, subscription_name: "Identity.Projectors.UserRegistrationProjector", subscription_opts: [], subscription_pid: nil, subscription_ref: nil}, subscribe_timer: nil}
23:09:58.498 [debug] Subscription "Identity.Projectors.UserRegistrationProjector"@"$all" attempting to connect subscriber #PID<0.2041.0>
23:09:58.499 [debug] Subscription "Identity.Projectors.UserRegistrationProjector"@"$all" catching-up
23:09:58.499 [debug] Nexus.Identity.Projectors.UserRegistrationProjector has successfully subscribed to event store
23:09:58.503 [debug] QUERY ERROR source="identity_user_settings" db=0.0ms queue=1.3ms
SELECT i0."id", i0."user_id", i0."org_id", i0."locale", i0."timezone", i0."notifications_enabled", i0."created_at", i0."updated_at" FROM "identity_user_settings" AS i0 WHERE (i0."user_id" = $1) ["7f9d61e3-4ddb-4a45-9632-c9b4e8e37a26"]
23:09:58.503 [debug] Nexus.Identity.Projectors.UserProjector is shutting down due to :shutdown
23:09:58.503 [debug] Subscription "Identity.Projectors.UserProjector"@"$all" subscriber #PID<0.1847.0> down due to: :shutdown
23:09:58.504 [debug] Subscription "Identity.Projectors.UserProjector"@"$all" has no subscribers, shutting down
23:09:58.504 [debug] Nexus.Identity.Projectors.UserRegistrationProjector is shutting down due to :shutdown
23:09:58.504 [debug] Locating aggregate process for `Nexus.Identity.Aggregates.User` with UUID "019d0d83-3f68-72fc-a3db-e9872b8d6750"


 16) test User Settings Updating settings modifies the UserSettings projection (Nexus.Identity.UserSessionTest)
     test/nexus/identity/user_session_test.exs:101
     ** (Postgrex.Error) ERROR 42703 (undefined_column) column i0.id does not exist

         query: SELECT i0."id", i0."user_id", i0."org_id", i0."locale", i0."timezone", i0."notifications_enabled", i0."created_at", i0."updated_at" FROM "identity_user_settings" AS i0 WHERE (i0."user_id" = $1)
     code: settings = Repo.get_by(UserSettings, user_id: user_id)
     stacktrace:
       (ecto_sql 3.13.4) lib/ecto/adapters/sql.ex:1113: Ecto.Adapters.SQL.raise_sql_call_error/1
       (ecto_sql 3.13.4) lib/ecto/adapters/sql.ex:1011: Ecto.Adapters.SQL.execute/6
       (ecto 3.13.5) lib/ecto/repo/queryable.ex:241: Ecto.Repo.Queryable.execute/4
       (ecto 3.13.5) lib/ecto/repo/queryable.ex:19: Ecto.Repo.Queryable.all/3
       (ecto 3.13.5) lib/ecto/repo/queryable.ex:163: Ecto.Repo.Queryable.one/3
       test/nexus/identity/user_session_test.exs:122: (test)

23:09:58.506 [debug] Nexus.Identity.Aggregates.User<019d0d83-3f68-72fc-a3db-e9872b8d6750@0> executing command: %Nexus.Identity.Commands.RegisterUser{user_id: "019d0d83-3f68-72fc-a3db-e9872b8d6750", org_id: "019d0d83-3f68-76e5-8409-96413bebc508", email: "test_019d0d83-3f68-72fc-a3db-e9872b8d6750@nexus.ai", cose_key: "test_key_019d0d83-3f68-72fc-a3db-e9872b8d6750", credential_id: "test_cred_019d0d83-3f68-72fc-a3db-e9872b8d6750", role: "admin", display_name: "Test User", registered_at: ~U[2026-03-20 23:09:58.504282Z]}
23:09:58.508 [debug] Appended 1 event(s) to stream "019d0d83-3f68-72fc-a3db-e9872b8d6750"
23:09:58.508 [debug] Listener received notification on channel "event_store.events" with payload: "019d0d83-3f68-72fc-a3db-e9872b8d6750,8622,1,1"
23:09:58.508 [debug] Listener received notification on channel "event_store.events" with payload: "$all,0,12199,12199"
23:09:58.508 [debug] Subscription "96d0ab18-c8f4-4cb2-ad79-1549a530519c"@"$all" attempting to connect subscriber #PID<0.2046.0>
23:09:58.509 [debug] Attempting to create subscription on stream "$all" named "96d0ab18-c8f4-4cb2-ad79-1549a530519c" starting from #0
23:09:58.510 [debug] Nexus.Identity.Aggregates.User<019d0d83-3f68-72fc-a3db-e9872b8d6750@1> received events: [%Commanded.EventStore.RecordedEvent{event_id: "d62d1691-cbb3-47e4-8603-806ff5473294", event_number: 1, stream_id: "019d0d83-3f68-72fc-a3db-e9872b8d6750", stream_version: 1, causation_id: "59f3e35d-e4c2-4dc3-88fe-cc5f3cad4f9e", correlation_id: "45eb721e-84b9-41a6-b34f-7fa28e4f06cd", event_type: "Elixir.Nexus.Identity.Events.UserRegistered", data: %Nexus.Identity.Events.UserRegistered{user_id: "019d0d83-3f68-72fc-a3db-e9872b8d6750", org_id: "019d0d83-3f68-76e5-8409-96413bebc508", email: "test_019d0d83-3f68-72fc-a3db-e9872b8d6750@nexus.ai", role: "admin", cose_key: "test_key_019d0d83-3f68-72fc-a3db-e9872b8d6750", credential_id: "test_cred_019d0d83-3f68-72fc-a3db-e9872b8d6750", registered_at: "2026-03-20T23:09:58.504282Z", display_name: "Test User", status: "active"}, created_at: ~U[2026-03-20 23:09:58.506581Z], metadata: %{"causation_id" => "019d0d83-3f68-79ef-bb59-1f5fce8ec5f0", "correlation_id" => "019d0d83-3f68-79ef-bb59-1f5fce8ec5f0"}}]
23:09:58.510 [debug] Created subscription on stream "$all" named "96d0ab18-c8f4-4cb2-ad79-1549a530519c"
23:09:58.510 [debug] Subscription "96d0ab18-c8f4-4cb2-ad79-1549a530519c"@"$all" catching-up
23:09:58.515 [debug] Subscription "Identity.Projectors.UserRegistrationProjector"@"$all" subscriber #PID<0.2041.0> down due to: :shutdown
23:09:58.515 [debug] Subscription "Identity.Projectors.UserRegistrationProjector"@"$all" has no subscribers, shutting down
23:09:58.535 [debug] Subscription "96d0ab18-c8f4-4cb2-ad79-1549a530519c"@"$all" has no subscribers, shutting down
23:09:58.535 [debug] Attempting to delete subscription on stream "$all" named "96d0ab18-c8f4-4cb2-ad79-1549a530519c"
23:09:58.536 [debug] Deleted subscription to stream "$all" named "96d0ab18-c8f4-4cb2-ad79-1549a530519c"
23:09:58.536 [debug] Locating aggregate process for `Nexus.Treasury.Aggregates.Transfer` with UUID "019d0d83-3f88-7ae7-b1a3-4ca9940a8d24"
23:09:58.536 [debug] Nexus.Treasury.Aggregates.Transfer<019d0d83-3f88-7ae7-b1a3-4ca9940a8d24@0> executing command: %Nexus.Treasury.Commands.RequestTransfer{transfer_id: "019d0d83-3f88-7ae7-b1a3-4ca9940a8d24", org_id: "019d0d83-3f68-76e5-8409-96413bebc508", user_id: "019d0d83-3f68-72fc-a3db-e9872b8d6750", from_currency: "EUR", to_currency: "USD", amount: "100", threshold: "1000000", bulk_payment_id: nil, recipient_data: nil, requested_at: ~U[2026-03-20 23:09:58.536172Z]}
23:09:58.539 [debug] Appended 1 event(s) to stream "019d0d83-3f88-7ae7-b1a3-4ca9940a8d24"
23:09:58.539 [debug] Listener received notification on channel "event_store.events" with payload: "019d0d83-3f88-7ae7-b1a3-4ca9940a8d24,8623,1,1"
23:09:58.539 [debug] Listener received notification on channel "event_store.events" with payload: "$all,0,12200,12200"
23:09:58.540 [debug] Nexus.Treasury.Aggregates.Transfer<019d0d83-3f88-7ae7-b1a3-4ca9940a8d24@1> received events: [%Commanded.EventStore.RecordedEvent{event_id: "c921b5cc-3af7-4684-93a6-8b0add47fc1f", event_number: 1, stream_id: "019d0d83-3f88-7ae7-b1a3-4ca9940a8d24", stream_version: 1, causation_id: "0d0b68ee-5c2f-4fb9-936f-d78ad61acb56", correlation_id: "5e1a9161-069f-4c30-8bdc-ee6849e1ecc1", event_type: "Elixir.Nexus.Treasury.Events.TransferInitiated", data: %Nexus.Treasury.Events.TransferInitiated{transfer_id: "019d0d83-3f88-7ae7-b1a3-4ca9940a8d24", org_id: "019d0d83-3f68-76e5-8409-96413bebc508", user_id: "019d0d83-3f68-72fc-a3db-e9872b8d6750", from_currency: "EUR", to_currency: "USD", amount: "100", status: "authorized", bulk_payment_id: nil, recipient_data: nil, requested_at: "2026-03-20T23:09:58.536172Z"}, created_at: ~U[2026-03-20 23:09:58.537080Z], metadata: %{"causation_id" => "019d0d83-3f88-7652-bd70-50788e380705", "correlation_id" => "019d0d83-3f88-7652-bd70-50788e380705"}}]
23:09:58.540 [debug] Locating aggregate process for `Nexus.Treasury.Aggregates.Transfer` with UUID "019d0d83-3f88-7ae7-b1a3-4ca9940a8d24"
23:09:58.542 [debug] Nexus.Treasury.Aggregates.Transfer<019d0d83-3f88-7ae7-b1a3-4ca9940a8d24@1> executing command: %Nexus.Treasury.Commands.ExecuteTransfer{transfer_id: "019d0d83-3f88-7ae7-b1a3-4ca9940a8d24", org_id: "019d0d83-3f68-76e5-8409-96413bebc508", executed_at: ~U[2026-03-20 23:09:58.540772Z]}
23:09:58.544 [debug] Appended 1 event(s) to stream "019d0d83-3f88-7ae7-b1a3-4ca9940a8d24"
23:09:58.544 [debug] Listener received notification on channel "event_store.events" with payload: "019d0d83-3f88-7ae7-b1a3-4ca9940a8d24,8623,2,2"
23:09:58.544 [debug] Listener received notification on channel "event_store.events" with payload: "$all,0,12201,12201"
23:09:58.545 [debug] Nexus.Treasury.Aggregates.Transfer<019d0d83-3f88-7ae7-b1a3-4ca9940a8d24@2> received events: [%Commanded.EventStore.RecordedEvent{event_id: "a4c4e9ab-e953-4f32-b8af-d1d76a41320c", event_number: 2, stream_id: "019d0d83-3f88-7ae7-b1a3-4ca9940a8d24", stream_version: 2, causation_id: "c56dc7e5-200d-4e5a-be4c-7ae93d43b5b0", correlation_id: "f112264c-b6dc-47a3-b5e7-b7432ddee00a", event_type: "Elixir.Nexus.Treasury.Events.TransferExecuted", data: %Nexus.Treasury.Events.TransferExecuted{transfer_id: "019d0d83-3f88-7ae7-b1a3-4ca9940a8d24", org_id: "019d0d83-3f68-76e5-8409-96413bebc508", amount: "100", from_currency: "EUR", to_currency: "USD", recipient_data: nil, executed_at: "2026-03-20T23:09:58.540772Z"}, created_at: ~U[2026-03-20 23:09:58.542536Z], metadata: %{"causation_id" => "019d0d83-3f8c-7ff8-927f-bc51432669ef", "correlation_id" => "019d0d83-3f8c-7ff8-927f-bc51432669ef"}}]
23:09:58.546 [debug] Appended 1 event(s) to stream "TransferHardeningTest.PM-019d0d83-3f68-72fc-a3db-e9872b8d6750"
23:09:58.546 [debug] Listener received notification on channel "event_store.events" with payload: "TransferHardeningTest.PM-019d0d83-3f68-72fc-a3db-e9872b8d6750,8624,1,1"
23:09:58.546 [debug] Listener received notification on channel "event_store.events" with payload: "$all,0,12202,12202"
23:09:58.546 [debug] Subscription "3f75327c-8ca7-43fa-b43d-0eed46bde3b2"@"$all" attempting to connect subscriber #PID<0.2046.0>
23:09:58.546 [debug] Attempting to create subscription on stream "$all" named "3f75327c-8ca7-43fa-b43d-0eed46bde3b2" starting from #0
23:09:58.547 [debug] Created subscription on stream "$all" named "3f75327c-8ca7-43fa-b43d-0eed46bde3b2"
23:09:58.547 [debug] Subscription "3f75327c-8ca7-43fa-b43d-0eed46bde3b2"@"$all" catching-up
23:09:59.079 [debug] Subscription "3f75327c-8ca7-43fa-b43d-0eed46bde3b2"@"$all" has no subscribers, shutting down
23:09:59.079 [debug] Attempting to delete subscription on stream "$all" named "3f75327c-8ca7-43fa-b43d-0eed46bde3b2"
23:09:59.079 [debug] Deleted subscription to stream "$all" named "3f75327c-8ca7-43fa-b43d-0eed46bde3b2"
23:09:59.079 [debug] Subscription "0411e238-5181-4319-9203-de22483a088c"@"$all" attempting to connect subscriber #PID<0.2046.0>
23:09:59.080 [debug] Attempting to create subscription on stream "$all" named "0411e238-5181-4319-9203-de22483a088c" starting from #0
23:09:59.080 [debug] Created subscription on stream "$all" named "0411e238-5181-4319-9203-de22483a088c"
23:09:59.080 [debug] Subscription "0411e238-5181-4319-9203-de22483a088c"@"$all" catching-up
23:09:59.553 [debug] Subscription "0411e238-5181-4319-9203-de22483a088c"@"$all" has no subscribers, shutting down
23:09:59.553 [debug] Attempting to delete subscription on stream "$all" named "0411e238-5181-4319-9203-de22483a088c"
23:09:59.554 [debug] Deleted subscription to stream "$all" named "0411e238-5181-4319-9203-de22483a088c"
.23:09:59.554 [debug] Locating aggregate process for `Nexus.Identity.Aggregates.User` with UUID "019d0d83-4382-7033-9090-6bdd60a829dd"
23:09:59.554 [debug] Nexus.Identity.Aggregates.User<019d0d83-4382-7033-9090-6bdd60a829dd@0> executing command: %Nexus.Identity.Commands.RegisterUser{user_id: "019d0d83-4382-7033-9090-6bdd60a829dd", org_id: "019d0d83-4382-7a02-a462-0a39d3bcc695", email: "test_019d0d83-4382-7033-9090-6bdd60a829dd@nexus.ai", cose_key: "test_key_019d0d83-4382-7033-9090-6bdd60a829dd", credential_id: "test_cred_019d0d83-4382-7033-9090-6bdd60a829dd", role: "admin", display_name: "Test User", registered_at: ~U[2026-03-20 23:09:59.554215Z]}
23:09:59.555 [debug] Appended 1 event(s) to stream "019d0d83-4382-7033-9090-6bdd60a829dd"
23:09:59.555 [debug] Listener received notification on channel "event_store.events" with payload: "019d0d83-4382-7033-9090-6bdd60a829dd,8625,1,1"
23:09:59.555 [debug] Listener received notification on channel "event_store.events" with payload: "$all,0,12203,12203"
23:09:59.556 [debug] Subscription "a73ef064-7e2b-4517-b38f-d9977599b28c"@"$all" attempting to connect subscriber #PID<0.2055.0>
23:09:59.556 [debug] Attempting to create subscription on stream "$all" named "a73ef064-7e2b-4517-b38f-d9977599b28c" starting from #0
23:09:59.556 [debug] Nexus.Identity.Aggregates.User<019d0d83-4382-7033-9090-6bdd60a829dd@1> received events: [%Commanded.EventStore.RecordedEvent{event_id: "191e4856-3b74-4c90-81df-02ea90a0041a", event_number: 1, stream_id: "019d0d83-4382-7033-9090-6bdd60a829dd", stream_version: 1, causation_id: "0328f63f-543e-4fee-8342-3878e0af2cf2", correlation_id: "dc4d2e42-6bea-47ee-9da7-18b0a4333e79", event_type: "Elixir.Nexus.Identity.Events.UserRegistered", data: %Nexus.Identity.Events.UserRegistered{user_id: "019d0d83-4382-7033-9090-6bdd60a829dd", org_id: "019d0d83-4382-7a02-a462-0a39d3bcc695", email: "test_019d0d83-4382-7033-9090-6bdd60a829dd@nexus.ai", role: "admin", cose_key: "test_key_019d0d83-4382-7033-9090-6bdd60a829dd", credential_id: "test_cred_019d0d83-4382-7033-9090-6bdd60a829dd", registered_at: "2026-03-20T23:09:59.554215Z", display_name: "Test User", status: "active"}, created_at: ~U[2026-03-20 23:09:59.555133Z], metadata: %{"causation_id" => "019d0d83-4382-70b4-9417-0be2d9b58c8f", "correlation_id" => "019d0d83-4382-70b4-9417-0be2d9b58c8f"}}]
23:09:59.556 [debug] Created subscription on stream "$all" named "a73ef064-7e2b-4517-b38f-d9977599b28c"
23:09:59.556 [debug] Subscription "a73ef064-7e2b-4517-b38f-d9977599b28c"@"$all" catching-up
23:09:59.573 [debug] Subscription "a73ef064-7e2b-4517-b38f-d9977599b28c"@"$all" has no subscribers, shutting down
23:09:59.573 [debug] Attempting to delete subscription on stream "$all" named "a73ef064-7e2b-4517-b38f-d9977599b28c"
23:09:59.573 [debug] Deleted subscription to stream "$all" named "a73ef064-7e2b-4517-b38f-d9977599b28c"
23:09:59.573 [debug] Locating aggregate process for `Nexus.Treasury.Aggregates.Transfer` with UUID "019d0d83-4395-7bae-9664-639fd46091ae"
23:09:59.574 [debug] Nexus.Treasury.Aggregates.Transfer<019d0d83-4395-7bae-9664-639fd46091ae@0> executing command: %Nexus.Treasury.Commands.RequestTransfer{transfer_id: "019d0d83-4395-7bae-9664-639fd46091ae", org_id: "019d0d83-4382-7a02-a462-0a39d3bcc695", user_id: "019d0d83-4382-7033-9090-6bdd60a829dd", from_currency: "EUR", to_currency: "USD", amount: "5000000", threshold: "1000000", bulk_payment_id: nil, recipient_data: nil, requested_at: ~U[2026-03-20 23:09:59.573800Z]}
23:09:59.575 [debug] Appended 1 event(s) to stream "019d0d83-4395-7bae-9664-639fd46091ae"
23:09:59.575 [debug] Listener received notification on channel "event_store.events" with payload: "019d0d83-4395-7bae-9664-639fd46091ae,8626,1,1"
23:09:59.575 [debug] Listener received notification on channel "event_store.events" with payload: "$all,0,12204,12204"
23:09:59.575 [debug] Nexus.Treasury.Aggregates.Transfer<019d0d83-4395-7bae-9664-639fd46091ae@1> received events: [%Commanded.EventStore.RecordedEvent{event_id: "6e960f74-27f8-4f06-872e-d76140071c48", event_number: 1, stream_id: "019d0d83-4395-7bae-9664-639fd46091ae", stream_version: 1, causation_id: "8d7a159e-f12b-4889-81c6-42d987eb07e0", correlation_id: "55574042-9607-4b7b-a169-75df64e2f070", event_type: "Elixir.Nexus.Treasury.Events.TransferInitiated", data: %Nexus.Treasury.Events.TransferInitiated{transfer_id: "019d0d83-4395-7bae-9664-639fd46091ae", org_id: "019d0d83-4382-7a02-a462-0a39d3bcc695", user_id: "019d0d83-4382-7033-9090-6bdd60a829dd", from_currency: "EUR", to_currency: "USD", amount: "5000000", status: "pending_authorization", bulk_payment_id: nil, recipient_data: nil, requested_at: "2026-03-20T23:09:59.573800Z"}, created_at: ~U[2026-03-20 23:09:59.574333Z], metadata: %{"causation_id" => "019d0d83-4395-7cdf-844a-d93d94a2078c", "correlation_id" => "019d0d83-4395-7cdf-844a-d93d94a2078c"}}]
23:09:59.576 [debug] Appended 1 event(s) to stream "TransferHardeningTest.PM-019d0d83-4382-7033-9090-6bdd60a829dd"
23:09:59.576 [debug] Listener received notification on channel "event_store.events" with payload: "TransferHardeningTest.PM-019d0d83-4382-7033-9090-6bdd60a829dd,8627,1,1"
23:09:59.576 [debug] Listener received notification on channel "event_store.events" with payload: "$all,0,12205,12205"
23:09:59.576 [debug] Subscription "3e4f2706-ad2d-4623-937e-d499fe330eae"@"$all" attempting to connect subscriber #PID<0.2055.0>
23:09:59.577 [debug] Attempting to create subscription on stream "$all" named "3e4f2706-ad2d-4623-937e-d499fe330eae" starting from #0
23:09:59.577 [debug] Created subscription on stream "$all" named "3e4f2706-ad2d-4623-937e-d499fe330eae"
23:09:59.577 [debug] Subscription "3e4f2706-ad2d-4623-937e-d499fe330eae"@"$all" catching-up
23:10:00.052 [debug] Subscription "3e4f2706-ad2d-4623-937e-d499fe330eae"@"$all" has no subscribers, shutting down
23:10:00.053 [debug] Attempting to delete subscription on stream "$all" named "3e4f2706-ad2d-4623-937e-d499fe330eae"
23:10:00.053 [debug] Deleted subscription to stream "$all" named "3e4f2706-ad2d-4623-937e-d499fe330eae"
23:10:00.053 [debug] Locating aggregate process for `Nexus.Identity.Aggregates.User` with UUID "019d0d83-4382-7033-9090-6bdd60a829dd"
23:10:00.053 [debug] Nexus.Identity.Aggregates.User<019d0d83-4382-7033-9090-6bdd60a829dd@1> executing command: %Nexus.Identity.Commands.VerifyStepUp{user_id: "019d0d83-4382-7033-9090-6bdd60a829dd", org_id: "019d0d83-4382-7a02-a462-0a39d3bcc695", challenge_id: "test_challenge", action_id: "019d0d83-4395-7bae-9664-639fd46091ae", verified_at: ~U[2026-03-20 23:10:00.053354Z]}
23:10:00.054 [debug] Appended 1 event(s) to stream "019d0d83-4382-7033-9090-6bdd60a829dd"
23:10:00.054 [debug] Listener received notification on channel "event_store.events" with payload: "019d0d83-4382-7033-9090-6bdd60a829dd,8625,2,2"
23:10:00.054 [debug] Listener received notification on channel "event_store.events" with payload: "$all,0,12206,12206"
23:10:00.054 [debug] Nexus.Identity.Aggregates.User<019d0d83-4382-7033-9090-6bdd60a829dd@2> received events: [%Commanded.EventStore.RecordedEvent{event_id: "d786ad26-2692-4a77-a441-8d825daa2adc", event_number: 2, stream_id: "019d0d83-4382-7033-9090-6bdd60a829dd", stream_version: 2, causation_id: "8656e07c-4b2e-4ae6-bab7-18c80ba4f31c", correlation_id: "4df1ccf1-dfa4-4c79-a2d3-033c1046c9d0", event_type: "Elixir.Nexus.Identity.Events.StepUpVerified", data: %Nexus.Identity.Events.StepUpVerified{user_id: "019d0d83-4382-7033-9090-6bdd60a829dd", org_id: "019d0d83-4382-7a02-a462-0a39d3bcc695", action_id: "019d0d83-4395-7bae-9664-639fd46091ae", verified_at: "2026-03-20T23:10:00.053354Z"}, created_at: ~U[2026-03-20 23:10:00.053721Z], metadata: %{"causation_id" => "019d0d83-4575-77ef-956a-021f6ef87fdd", "correlation_id" => "019d0d83-4575-77ef-956a-021f6ef87fdd"}}]
23:10:00.055 [debug] Locating aggregate process for `Nexus.Treasury.Aggregates.Transfer` with UUID "019d0d83-4395-7bae-9664-639fd46091ae"
23:10:00.057 [debug] Nexus.Treasury.Aggregates.Transfer<019d0d83-4395-7bae-9664-639fd46091ae@1> executing command: %Nexus.Treasury.Commands.AuthorizeTransfer{transfer_id: "019d0d83-4395-7bae-9664-639fd46091ae", org_id: "019d0d83-4382-7a02-a462-0a39d3bcc695", user_id: nil, actor_email: "verified-user@nexus.ai", authorized_at: "2026-03-20T23:10:00.053354Z"}
23:10:00.059 [debug] Appended 1 event(s) to stream "019d0d83-4395-7bae-9664-639fd46091ae"
23:10:00.059 [debug] Listener received notification on channel "event_store.events" with payload: "019d0d83-4395-7bae-9664-639fd46091ae,8626,2,2"
23:10:00.059 [debug] Listener received notification on channel "event_store.events" with payload: "$all,0,12207,12207"
23:10:00.059 [debug] Nexus.Treasury.Aggregates.Transfer<019d0d83-4395-7bae-9664-639fd46091ae@2> received events: [%Commanded.EventStore.RecordedEvent{event_id: "4259e93d-5089-49e1-aeea-09174b92fab1", event_number: 2, stream_id: "019d0d83-4395-7bae-9664-639fd46091ae", stream_version: 2, causation_id: "a86ed328-fcec-43c7-9be1-122e9334f776", correlation_id: "68b66bd2-41db-44fd-9b6b-99cf0e36da66", event_type: "Elixir.Nexus.Treasury.Events.TransferAuthorized", data: %Nexus.Treasury.Events.TransferAuthorized{transfer_id: "019d0d83-4395-7bae-9664-639fd46091ae", org_id: "019d0d83-4382-7a02-a462-0a39d3bcc695", user_id: nil, actor_email: "verified-user@nexus.ai", authorized_at: "2026-03-20T23:10:00.053354Z"}, created_at: ~U[2026-03-20 23:10:00.057378Z], metadata: %{"causation_id" => "019d0d83-4577-75cd-9924-ecd6441d5275", "correlation_id" => "019d0d83-4577-75cd-9924-ecd6441d5275"}}]
23:10:00.060 [debug] Appended 1 event(s) to stream "TransferHardeningTest.PM-019d0d83-4382-7033-9090-6bdd60a829dd"
23:10:00.060 [debug] Listener received notification on channel "event_store.events" with payload: "TransferHardeningTest.PM-019d0d83-4382-7033-9090-6bdd60a829dd,8627,2,2"
23:10:00.060 [debug] Listener received notification on channel "event_store.events" with payload: "$all,0,12208,12208"
23:10:00.062 [debug] Appended 1 event(s) to stream "TransferHardeningTest.PM-019d0d83-4382-7033-9090-6bdd60a829dd"
23:10:00.062 [debug] Listener received notification on channel "event_store.events" with payload: "TransferHardeningTest.PM-019d0d83-4382-7033-9090-6bdd60a829dd,8627,3,3"
23:10:00.062 [debug] Listener received notification on channel "event_store.events" with payload: "$all,0,12209,12209"
23:10:00.062 [debug] Locating aggregate process for `Nexus.Treasury.Aggregates.Transfer` with UUID "019d0d83-4395-7bae-9664-639fd46091ae"
23:10:00.062 [debug] Nexus.Treasury.Aggregates.Transfer<019d0d83-4395-7bae-9664-639fd46091ae@2> executing command: %Nexus.Treasury.Commands.ExecuteTransfer{transfer_id: "019d0d83-4395-7bae-9664-639fd46091ae", org_id: "019d0d83-4382-7a02-a462-0a39d3bcc695", executed_at: ~U[2026-03-20 23:10:00.062576Z]}
23:10:00.063 [debug] Appended 1 event(s) to stream "019d0d83-4395-7bae-9664-639fd46091ae"
23:10:00.063 [debug] Listener received notification on channel "event_store.events" with payload: "019d0d83-4395-7bae-9664-639fd46091ae,8626,3,3"
23:10:00.063 [debug] Listener received notification on channel "event_store.events" with payload: "$all,0,12210,12210"
23:10:00.063 [debug] Nexus.Treasury.Aggregates.Transfer<019d0d83-4395-7bae-9664-639fd46091ae@3> received events: [%Commanded.EventStore.RecordedEvent{event_id: "373c9f91-a672-42d1-8c9f-e1c2f0bdfc8b", event_number: 3, stream_id: "019d0d83-4395-7bae-9664-639fd46091ae", stream_version: 3, causation_id: "321a2ba2-bd81-46fd-84ba-cf38533a7ef6", correlation_id: "f7eba5f5-e0a2-4a74-813e-060aba7ee172", event_type: "Elixir.Nexus.Treasury.Events.TransferExecuted", data: %Nexus.Treasury.Events.TransferExecuted{transfer_id: "019d0d83-4395-7bae-9664-639fd46091ae", org_id: "019d0d83-4382-7a02-a462-0a39d3bcc695", amount: "5000000", from_currency: "EUR", to_currency: "USD", recipient_data: nil, executed_at: "2026-03-20T23:10:00.062576Z"}, created_at: ~U[2026-03-20 23:10:00.062899Z], metadata: %{"causation_id" => "019d0d83-457e-746b-9207-06f93de5452a", "correlation_id" => "019d0d83-457e-746b-9207-06f93de5452a"}}]
23:10:00.064 [debug] Appended 1 event(s) to stream "TransferHardeningTest.PM-019d0d83-4382-7033-9090-6bdd60a829dd"
23:10:00.064 [debug] Listener received notification on channel "event_store.events" with payload: "TransferHardeningTest.PM-019d0d83-4382-7033-9090-6bdd60a829dd,8627,4,4"
23:10:00.064 [debug] Listener received notification on channel "event_store.events" with payload: "$all,0,12211,12211"
23:10:00.064 [debug] Subscription "5364adb7-ad14-41b6-bc6e-2a270763dd46"@"$all" attempting to connect subscriber #PID<0.2055.0>
23:10:00.064 [debug] Attempting to create subscription on stream "$all" named "5364adb7-ad14-41b6-bc6e-2a270763dd46" starting from #0
23:10:00.065 [debug] Created subscription on stream "$all" named "5364adb7-ad14-41b6-bc6e-2a270763dd46"
23:10:00.065 [debug] Subscription "5364adb7-ad14-41b6-bc6e-2a270763dd46"@"$all" catching-up
23:10:00.544 [debug] Subscription "5364adb7-ad14-41b6-bc6e-2a270763dd46"@"$all" has no subscribers, shutting down
23:10:00.544 [debug] Attempting to delete subscription on stream "$all" named "5364adb7-ad14-41b6-bc6e-2a270763dd46"
23:10:00.544 [debug] Deleted subscription to stream "$all" named "5364adb7-ad14-41b6-bc6e-2a270763dd46"
23:10:00.544 [debug] Subscription "043dee0a-4d56-4668-a9b6-4bb08b368c59"@"$all" attempting to connect subscriber #PID<0.2055.0>
23:10:00.544 [debug] Attempting to create subscription on stream "$all" named "043dee0a-4d56-4668-a9b6-4bb08b368c59" starting from #0
23:10:00.545 [debug] Created subscription on stream "$all" named "043dee0a-4d56-4668-a9b6-4bb08b368c59"
23:10:00.545 [debug] Subscription "043dee0a-4d56-4668-a9b6-4bb08b368c59"@"$all" catching-up
23:10:00.783 [info] client error exporting {:failed_connect,
 [
   {:to_address, {~c"localhost", 4318}},
   {:inet6, [:inet6], :econnrefused},
   {:inet, [:inet], :econnrefused}
 ]}
23:10:01.027 [debug] Subscription "043dee0a-4d56-4668-a9b6-4bb08b368c59"@"$all" has no subscribers, shutting down
23:10:01.027 [debug] Attempting to delete subscription on stream "$all" named "043dee0a-4d56-4668-a9b6-4bb08b368c59"
23:10:01.027 [debug] Deleted subscription to stream "$all" named "043dee0a-4d56-4668-a9b6-4bb08b368c59"
.23:10:01.028 [debug] Subscription "Identity.Projectors.UserRegistrationProjector"@"$all" attempting to connect subscriber #PID<0.2075.0>
23:10:01.028 [debug] Subscription "Identity.Projectors.UserProjector"@"$all" attempting to connect subscriber #PID<0.2077.0>
23:10:01.030 [debug] Subscription "Treasury.VaultProjector"@"$all" attempting to connect subscriber #PID<0.2079.0>
23:10:01.030 [debug] Subscription "Identity.Projectors.UserRegistrationProjector"@"$all" catching-up
23:10:01.030 [debug] Nexus.Identity.Projectors.UserRegistrationProjector has successfully subscribed to event store
23:10:01.030 [debug] Subscription "Identity.Projectors.UserProjector"@"$all" catching-up
23:10:01.030 [debug] Nexus.Identity.Projectors.UserProjector has successfully subscribed to event store
23:10:01.030 [debug] Subscription "Treasury.VaultProjector"@"$all" catching-up
23:10:01.030 [debug] Nexus.Treasury.Projectors.VaultProjector has successfully subscribed to event store
23:10:01.031 [debug] Nexus.Identity.Projectors.UserProjector received events: [%Commanded.EventStore.RecordedEvent{event_id: "d62d1691-cbb3-47e4-8603-806ff5473294", event_number: 12199, stream_id: "019d0d83-3f68-72fc-a3db-e9872b8d6750", stream_version: 1, causation_id: "59f3e35d-e4c2-4dc3-88fe-cc5f3cad4f9e", correlation_id: "45eb721e-84b9-41a6-b34f-7fa28e4f06cd", event_type: "Elixir.Nexus.Identity.Events.UserRegistered", data: %Nexus.Identity.Events.UserRegistered{user_id: "019d0d83-3f68-72fc-a3db-e9872b8d6750", org_id: "019d0d83-3f68-76e5-8409-96413bebc508", email: "test_019d0d83-3f68-72fc-a3db-e9872b8d6750@nexus.ai", role: "admin", cose_key: "test_key_019d0d83-3f68-72fc-a3db-e9872b8d6750", credential_id: "test_cred_019d0d83-3f68-72fc-a3db-e9872b8d6750", registered_at: "2026-03-20T23:09:58.504282Z", display_name: "Test User", status: "active"}, created_at: ~U[2026-03-20 23:09:58.506581Z], metadata: %{"causation_id" => "019d0d83-3f68-79ef-bb59-1f5fce8ec5f0", "correlation_id" => "019d0d83-3f68-79ef-bb59-1f5fce8ec5f0"}}]
23:10:01.031 [debug] Nexus.Identity.Projectors.UserProjector confirming receipt of event #12199 of events: [%Commanded.EventStore.RecordedEvent{event_id: "d62d1691-cbb3-47e4-8603-806ff5473294", event_number: 12199, stream_id: "019d0d83-3f68-72fc-a3db-e9872b8d6750", stream_version: 1, causation_id: "59f3e35d-e4c2-4dc3-88fe-cc5f3cad4f9e", correlation_id: "45eb721e-84b9-41a6-b34f-7fa28e4f06cd", event_type: "Elixir.Nexus.Identity.Events.UserRegistered", data: %Nexus.Identity.Events.UserRegistered{user_id: "019d0d83-3f68-72fc-a3db-e9872b8d6750", org_id: "019d0d83-3f68-76e5-8409-96413bebc508", email: "test_019d0d83-3f68-72fc-a3db-e9872b8d6750@nexus.ai", role: "admin", cose_key: "test_key_019d0d83-3f68-72fc-a3db-e9872b8d6750", credential_id: "test_cred_019d0d83-3f68-72fc-a3db-e9872b8d6750", registered_at: "2026-03-20T23:09:58.504282Z", display_name: "Test User", status: "active"}, created_at: ~U[2026-03-20 23:09:58.506581Z], metadata: %{"causation_id" => "019d0d83-3f68-79ef-bb59-1f5fce8ec5f0", "correlation_id" => "019d0d83-3f68-79ef-bb59-1f5fce8ec5f0"}}]
23:10:01.031 [debug] Subscription "Treasury.TransferProjector"@"$all" attempting to connect subscriber #PID<0.2081.0>
23:10:01.032 [debug] Nexus.Identity.Projectors.UserProjector received events: [%Commanded.EventStore.RecordedEvent{event_id: "c921b5cc-3af7-4684-93a6-8b0add47fc1f", event_number: 12200, stream_id: "019d0d83-3f88-7ae7-b1a3-4ca9940a8d24", stream_version: 1, causation_id: "0d0b68ee-5c2f-4fb9-936f-d78ad61acb56", correlation_id: "5e1a9161-069f-4c30-8bdc-ee6849e1ecc1", event_type: "Elixir.Nexus.Treasury.Events.TransferInitiated", data: %Nexus.Treasury.Events.TransferInitiated{transfer_id: "019d0d83-3f88-7ae7-b1a3-4ca9940a8d24", org_id: "019d0d83-3f68-76e5-8409-96413bebc508", user_id: "019d0d83-3f68-72fc-a3db-e9872b8d6750", from_currency: "EUR", to_currency: "USD", amount: "100", status: "authorized", bulk_payment_id: nil, recipient_data: nil, requested_at: "2026-03-20T23:09:58.536172Z"}, created_at: ~U[2026-03-20 23:09:58.537080Z], metadata: %{"causation_id" => "019d0d83-3f88-7652-bd70-50788e380705", "correlation_id" => "019d0d83-3f88-7652-bd70-50788e380705"}}]
23:10:01.032 [debug] Subscription "Treasury.TransferProjector"@"$all" catching-up
23:10:01.032 [debug] Nexus.Treasury.Projectors.TransferProjector has successfully subscribed to event store
23:10:01.032 [debug] Nexus.Identity.Projectors.UserProjector confirming receipt of event #12200 of events: [%Commanded.EventStore.RecordedEvent{event_id: "c921b5cc-3af7-4684-93a6-8b0add47fc1f", event_number: 12200, stream_id: "019d0d83-3f88-7ae7-b1a3-4ca9940a8d24", stream_version: 1, causation_id: "0d0b68ee-5c2f-4fb9-936f-d78ad61acb56", correlation_id: "5e1a9161-069f-4c30-8bdc-ee6849e1ecc1", event_type: "Elixir.Nexus.Treasury.Events.TransferInitiated", data: %Nexus.Treasury.Events.TransferInitiated{transfer_id: "019d0d83-3f88-7ae7-b1a3-4ca9940a8d24", org_id: "019d0d83-3f68-76e5-8409-96413bebc508", user_id: "019d0d83-3f68-72fc-a3db-e9872b8d6750", from_currency: "EUR", to_currency: "USD", amount: "100", status: "authorized", bulk_payment_id: nil, recipient_data: nil, requested_at: "2026-03-20T23:09:58.536172Z"}, created_at: ~U[2026-03-20 23:09:58.537080Z], metadata: %{"causation_id" => "019d0d83-3f88-7652-bd70-50788e380705", "correlation_id" => "019d0d83-3f88-7652-bd70-50788e380705"}}]
23:10:01.032 [debug] Nexus.Identity.Projectors.UserProjector received events: [%Commanded.EventStore.RecordedEvent{event_id: "a4c4e9ab-e953-4f32-b8af-d1d76a41320c", event_number: 12201, stream_id: "019d0d83-3f88-7ae7-b1a3-4ca9940a8d24", stream_version: 2, causation_id: "c56dc7e5-200d-4e5a-be4c-7ae93d43b5b0", correlation_id: "f112264c-b6dc-47a3-b5e7-b7432ddee00a", event_type: "Elixir.Nexus.Treasury.Events.TransferExecuted", data: %Nexus.Treasury.Events.TransferExecuted{transfer_id: "019d0d83-3f88-7ae7-b1a3-4ca9940a8d24", org_id: "019d0d83-3f68-76e5-8409-96413bebc508", amount: "100", from_currency: "EUR", to_currency: "USD", recipient_data: nil, executed_at: "2026-03-20T23:09:58.540772Z"}, created_at: ~U[2026-03-20 23:09:58.542536Z], metadata: %{"causation_id" => "019d0d83-3f8c-7ff8-927f-bc51432669ef", "correlation_id" => "019d0d83-3f8c-7ff8-927f-bc51432669ef"}}]
23:10:01.033 [debug] Nexus.Identity.Projectors.UserProjector confirming receipt of event #12201 of events: [%Commanded.EventStore.RecordedEvent{event_id: "a4c4e9ab-e953-4f32-b8af-d1d76a41320c", event_number: 12201, stream_id: "019d0d83-3f88-7ae7-b1a3-4ca9940a8d24", stream_version: 2, causation_id: "c56dc7e5-200d-4e5a-be4c-7ae93d43b5b0", correlation_id: "f112264c-b6dc-47a3-b5e7-b7432ddee00a", event_type: "Elixir.Nexus.Treasury.Events.TransferExecuted", data: %Nexus.Treasury.Events.TransferExecuted{transfer_id: "019d0d83-3f88-7ae7-b1a3-4ca9940a8d24", org_id: "019d0d83-3f68-76e5-8409-96413bebc508", amount: "100", from_currency: "EUR", to_currency: "USD", recipient_data: nil, executed_at: "2026-03-20T23:09:58.540772Z"}, created_at: ~U[2026-03-20 23:09:58.542536Z], metadata: %{"causation_id" => "019d0d83-3f8c-7ff8-927f-bc51432669ef", "correlation_id" => "019d0d83-3f8c-7ff8-927f-bc51432669ef"}}]
23:10:01.033 [debug] Subscription "Treasury.TransferExecutionHandler"@"$all" attempting to connect subscriber #PID<0.2083.0>
23:10:01.033 [debug] Nexus.Identity.Projectors.UserProjector received events: [%Commanded.EventStore.RecordedEvent{event_id: "4396a5b6-7b6f-43d9-914b-c0cd4e160ea8", event_number: 12202, stream_id: "TransferHardeningTest.PM-019d0d83-3f68-72fc-a3db-e9872b8d6750", stream_version: 1, causation_id: nil, correlation_id: nil, event_type: "Elixir.Nexus.Treasury.Events.TransferInitiated", data: %Nexus.Treasury.Events.TransferInitiated{transfer_id: "019d0d83-3f88-7ae7-b1a3-4ca9940a8d24", org_id: "019d0d83-3f68-76e5-8409-96413bebc508", user_id: "019d0d83-3f68-72fc-a3db-e9872b8d6750", from_currency: "EUR", to_currency: "USD", amount: "100", status: "authorized", bulk_payment_id: nil, recipient_data: nil, requested_at: "2026-03-20T23:09:58.536172Z"}, created_at: ~U[2026-03-20 23:09:58.545102Z], metadata: %{}}]
23:10:01.034 [debug] Nexus.Identity.Projectors.UserProjector confirming receipt of event #12202 of events: [%Commanded.EventStore.RecordedEvent{event_id: "4396a5b6-7b6f-43d9-914b-c0cd4e160ea8", event_number: 12202, stream_id: "TransferHardeningTest.PM-019d0d83-3f68-72fc-a3db-e9872b8d6750", stream_version: 1, causation_id: nil, correlation_id: nil, event_type: "Elixir.Nexus.Treasury.Events.TransferInitiated", data: %Nexus.Treasury.Events.TransferInitiated{transfer_id: "019d0d83-3f88-7ae7-b1a3-4ca9940a8d24", org_id: "019d0d83-3f68-76e5-8409-96413bebc508", user_id: "019d0d83-3f68-72fc-a3db-e9872b8d6750", from_currency: "EUR", to_currency: "USD", amount: "100", status: "authorized", bulk_payment_id: nil, recipient_data: nil, requested_at: "2026-03-20T23:09:58.536172Z"}, created_at: ~U[2026-03-20 23:09:58.545102Z], metadata: %{}}]
23:10:01.034 [debug] Nexus.Treasury.Projectors.VaultProjector received events: [%Commanded.EventStore.RecordedEvent{event_id: "075ecd34-6cf8-4ab2-b4bc-b69bd080dfb8", event_number: 12059, stream_id: "17f889eb-2c27-4930-88ba-598fea7c76a3", stream_version: 1, causation_id: "843485cc-4b37-4172-926a-b06e6dd02cb5", correlation_id: "0b18c771-3498-475d-bd3f-9e253f5e6a83", event_type: "Elixir.Nexus.Organization.Events.TenantProvisioned", data: %Nexus.Organization.Events.TenantProvisioned{org_id: "17f889eb-2c27-4930-88ba-598fea7c76a3", name: "Stark Industries-40e54178-b798-4084-ab40-ab4d469323cb", initial_admin_email: "elena@stark.com", provisioned_by: "sysadmin_test", provisioned_at: "2026-03-20T23:09:29.843850Z"}, created_at: ~U[2026-03-20 23:09:29.846078Z], metadata: %{"causation_id" => "019d0d82-cf73-7541-8ed3-9fedddc7151d", "correlation_id" => "019d0d82-cf73-7541-8ed3-9fedddc7151d"}}]
23:10:01.034 [debug] Nexus.Treasury.Projectors.VaultProjector confirming receipt of event #12059 of events: [%Commanded.EventStore.RecordedEvent{event_id: "075ecd34-6cf8-4ab2-b4bc-b69bd080dfb8", event_number: 12059, stream_id: "17f889eb-2c27-4930-88ba-598fea7c76a3", stream_version: 1, causation_id: "843485cc-4b37-4172-926a-b06e6dd02cb5", correlation_id: "0b18c771-3498-475d-bd3f-9e253f5e6a83", event_type: "Elixir.Nexus.Organization.Events.TenantProvisioned", data: %Nexus.Organization.Events.TenantProvisioned{org_id: "17f889eb-2c27-4930-88ba-598fea7c76a3", name: "Stark Industries-40e54178-b798-4084-ab40-ab4d469323cb", initial_admin_email: "elena@stark.com", provisioned_by: "sysadmin_test", provisioned_at: "2026-03-20T23:09:29.843850Z"}, created_at: ~U[2026-03-20 23:09:29.846078Z], metadata: %{"causation_id" => "019d0d82-cf73-7541-8ed3-9fedddc7151d", "correlation_id" => "019d0d82-cf73-7541-8ed3-9fedddc7151d"}}]
23:10:01.034 [debug] Nexus.Identity.Projectors.UserProjector received events: [%Commanded.EventStore.RecordedEvent{event_id: "191e4856-3b74-4c90-81df-02ea90a0041a", event_number: 12203, stream_id: "019d0d83-4382-7033-9090-6bdd60a829dd", stream_version: 1, causation_id: "0328f63f-543e-4fee-8342-3878e0af2cf2", correlation_id: "dc4d2e42-6bea-47ee-9da7-18b0a4333e79", event_type: "Elixir.Nexus.Identity.Events.UserRegistered", data: %Nexus.Identity.Events.UserRegistered{user_id: "019d0d83-4382-7033-9090-6bdd60a829dd", org_id: "019d0d83-4382-7a02-a462-0a39d3bcc695", email: "test_019d0d83-4382-7033-9090-6bdd60a829dd@nexus.ai", role: "admin", cose_key: "test_key_019d0d83-4382-7033-9090-6bdd60a829dd", credential_id: "test_cred_019d0d83-4382-7033-9090-6bdd60a829dd", registered_at: "2026-03-20T23:09:59.554215Z", display_name: "Test User", status: "active"}, created_at: ~U[2026-03-20 23:09:59.555133Z], metadata: %{"causation_id" => "019d0d83-4382-70b4-9417-0be2d9b58c8f", "correlation_id" => "019d0d83-4382-70b4-9417-0be2d9b58c8f"}}]
23:10:01.034 [debug] Nexus.Identity.Projectors.UserProjector confirming receipt of event #12203 of events: [%Commanded.EventStore.RecordedEvent{event_id: "191e4856-3b74-4c90-81df-02ea90a0041a", event_number: 12203, stream_id: "019d0d83-4382-7033-9090-6bdd60a829dd", stream_version: 1, causation_id: "0328f63f-543e-4fee-8342-3878e0af2cf2", correlation_id: "dc4d2e42-6bea-47ee-9da7-18b0a4333e79", event_type: "Elixir.Nexus.Identity.Events.UserRegistered", data: %Nexus.Identity.Events.UserRegistered{user_id: "019d0d83-4382-7033-9090-6bdd60a829dd", org_id: "019d0d83-4382-7a02-a462-0a39d3bcc695", email: "test_019d0d83-4382-7033-9090-6bdd60a829dd@nexus.ai", role: "admin", cose_key: "test_key_019d0d83-4382-7033-9090-6bdd60a829dd", credential_id: "test_cred_019d0d83-4382-7033-9090-6bdd60a829dd", registered_at: "2026-03-20T23:09:59.554215Z", display_name: "Test User", status: "active"}, created_at: ~U[2026-03-20 23:09:59.555133Z], metadata: %{"causation_id" => "019d0d83-4382-70b4-9417-0be2d9b58c8f", "correlation_id" => "019d0d83-4382-70b4-9417-0be2d9b58c8f"}}]
23:10:01.034 [debug] Subscription "Treasury.TransferExecutionHandler"@"$all" catching-up
23:10:01.034 [debug] Nexus.Treasury.Handlers.TransferExecutionHandler has successfully subscribed to event store
23:10:01.035 [debug] Nexus.Treasury.Projectors.VaultProjector received events: [%Commanded.EventStore.RecordedEvent{event_id: "e67ec6bb-85cb-4d17-a683-bd25cc5ed888", event_number: 12060, stream_id: "17f889eb-2c27-4930-88ba-598fea7c76a3", stream_version: 2, causation_id: "d6744945-f99c-4c6f-be0d-9c695434c9da", correlation_id: "d1e4a7d7-f827-4e45-a717-c3a3b25e027f", event_type: "Elixir.Nexus.Organization.Events.UserInvited", data: %Nexus.Organization.Events.UserInvited{org_id: "17f889eb-2c27-4930-88ba-598fea7c76a3", email: "marcus@stark.com", role: "trader", invited_by: "elena", invitation_token: "7d091ca9-79b3-4800-b7b1-7282eb886924", invited_at: "2026-03-20T23:09:29.853684Z"}, created_at: ~U[2026-03-20 23:09:29.854064Z], metadata: %{"causation_id" => "019d0d82-cf7d-710c-b2ab-618c0d216ad1", "correlation_id" => "019d0d82-cf7d-710c-b2ab-618c0d216ad1"}}]
23:10:01.035 [debug] Nexus.Treasury.Projectors.VaultProjector confirming receipt of event #12060 of events: [%Commanded.EventStore.RecordedEvent{event_id: "e67ec6bb-85cb-4d17-a683-bd25cc5ed888", event_number: 12060, stream_id: "17f889eb-2c27-4930-88ba-598fea7c76a3", stream_version: 2, causation_id: "d6744945-f99c-4c6f-be0d-9c695434c9da", correlation_id: "d1e4a7d7-f827-4e45-a717-c3a3b25e027f", event_type: "Elixir.Nexus.Organization.Events.UserInvited", data: %Nexus.Organization.Events.UserInvited{org_id: "17f889eb-2c27-4930-88ba-598fea7c76a3", email: "marcus@stark.com", role: "trader", invited_by: "elena", invitation_token: "7d091ca9-79b3-4800-b7b1-7282eb886924", invited_at: "2026-03-20T23:09:29.853684Z"}, created_at: ~U[2026-03-20 23:09:29.854064Z], metadata: %{"causation_id" => "019d0d82-cf7d-710c-b2ab-618c0d216ad1", "correlation_id" => "019d0d82-cf7d-710c-b2ab-618c0d216ad1"}}]
23:10:01.035 [debug] Nexus.Identity.Projectors.UserProjector received events: [%Commanded.EventStore.RecordedEvent{event_id: "6e960f74-27f8-4f06-872e-d76140071c48", event_number: 12204, stream_id: "019d0d83-4395-7bae-9664-639fd46091ae", stream_version: 1, causation_id: "8d7a159e-f12b-4889-81c6-42d987eb07e0", correlation_id: "55574042-9607-4b7b-a169-75df64e2f070", event_type: "Elixir.Nexus.Treasury.Events.TransferInitiated", data: %Nexus.Treasury.Events.TransferInitiated{transfer_id: "019d0d83-4395-7bae-9664-639fd46091ae", org_id: "019d0d83-4382-7a02-a462-0a39d3bcc695", user_id: "019d0d83-4382-7033-9090-6bdd60a829dd", from_currency: "EUR", to_currency: "USD", amount: "5000000", status: "pending_authorization", bulk_payment_id: nil, recipient_data: nil, requested_at: "2026-03-20T23:09:59.573800Z"}, created_at: ~U[2026-03-20 23:09:59.574333Z], metadata: %{"causation_id" => "019d0d83-4395-7cdf-844a-d93d94a2078c", "correlation_id" => "019d0d83-4395-7cdf-844a-d93d94a2078c"}}]
23:10:01.035 [debug] Nexus.Identity.Projectors.UserProjector confirming receipt of event #12204 of events: [%Commanded.EventStore.RecordedEvent{event_id: "6e960f74-27f8-4f06-872e-d76140071c48", event_number: 12204, stream_id: "019d0d83-4395-7bae-9664-639fd46091ae", stream_version: 1, causation_id: "8d7a159e-f12b-4889-81c6-42d987eb07e0", correlation_id: "55574042-9607-4b7b-a169-75df64e2f070", event_type: "Elixir.Nexus.Treasury.Events.TransferInitiated", data: %Nexus.Treasury.Events.TransferInitiated{transfer_id: "019d0d83-4395-7bae-9664-639fd46091ae", org_id: "019d0d83-4382-7a02-a462-0a39d3bcc695", user_id: "019d0d83-4382-7033-9090-6bdd60a829dd", from_currency: "EUR", to_currency: "USD", amount: "5000000", status: "pending_authorization", bulk_payment_id: nil, recipient_data: nil, requested_at: "2026-03-20T23:09:59.573800Z"}, created_at: ~U[2026-03-20 23:09:59.574333Z], metadata: %{"causation_id" => "019d0d83-4395-7cdf-844a-d93d94a2078c", "correlation_id" => "019d0d83-4395-7cdf-844a-d93d94a2078c"}}]
23:10:01.035 [debug] Nexus.Treasury.Projectors.VaultProjector received events: [%Commanded.EventStore.RecordedEvent{event_id: "ff94e980-1550-42ee-b15c-4ce1df17e94f", event_number: 12061, stream_id: "9fe00755-09e8-4b98-8a3b-8f04541c64d6", stream_version: 1, causation_id: "f8656b25-c5a6-4bf8-8769-5c85fb0688cc", correlation_id: "bfbfc3a6-0e7f-4afe-9fd1-f6c0f0f21555", event_type: "Elixir.Nexus.Organization.Events.TenantProvisioned", data: %Nexus.Organization.Events.TenantProvisioned{org_id: "9fe00755-09e8-4b98-8a3b-8f04541c64d6", name: "Stark Industries-932f6764-292c-482c-9154-98b77675d842", initial_admin_email: "elena@stark.com", provisioned_by: "sysadmin_test", provisioned_at: "2026-03-20T23:09:29.863378Z"}, created_at: ~U[2026-03-20 23:09:29.864088Z], metadata: %{"causation_id" => "019d0d82-cf87-784c-bcc9-0b026693b2ed", "correlation_id" => "019d0d82-cf87-784c-bcc9-0b026693b2ed"}}]
23:10:01.035 [debug] Nexus.Treasury.Projectors.VaultProjector confirming receipt of event #12061 of events: [%Commanded.EventStore.RecordedEvent{event_id: "ff94e980-1550-42ee-b15c-4ce1df17e94f", event_number: 12061, stream_id: "9fe00755-09e8-4b98-8a3b-8f04541c64d6", stream_version: 1, causation_id: "f8656b25-c5a6-4bf8-8769-5c85fb0688cc", correlation_id: "bfbfc3a6-0e7f-4afe-9fd1-f6c0f0f21555", event_type: "Elixir.Nexus.Organization.Events.TenantProvisioned", data: %Nexus.Organization.Events.TenantProvisioned{org_id: "9fe00755-09e8-4b98-8a3b-8f04541c64d6", name: "Stark Industries-932f6764-292c-482c-9154-98b77675d842", initial_admin_email: "elena@stark.com", provisioned_by: "sysadmin_test", provisioned_at: "2026-03-20T23:09:29.863378Z"}, created_at: ~U[2026-03-20 23:09:29.864088Z], metadata: %{"causation_id" => "019d0d82-cf87-784c-bcc9-0b026693b2ed", "correlation_id" => "019d0d82-cf87-784c-bcc9-0b026693b2ed"}}]
23:10:01.035 [debug] Nexus.Identity.Projectors.UserProjector received events: [%Commanded.EventStore.RecordedEvent{event_id: "c6ad1145-9861-4666-92eb-5de73518adec", event_number: 12205, stream_id: "TransferHardeningTest.PM-019d0d83-4382-7033-9090-6bdd60a829dd", stream_version: 1, causation_id: nil, correlation_id: nil, event_type: "Elixir.Nexus.Treasury.Events.TransferInitiated", data: %Nexus.Treasury.Events.TransferInitiated{transfer_id: "019d0d83-4395-7bae-9664-639fd46091ae", org_id: "019d0d83-4382-7a02-a462-0a39d3bcc695", user_id: "019d0d83-4382-7033-9090-6bdd60a829dd", from_currency: "EUR", to_currency: "USD", amount: "5000000", status: "pending_authorization", bulk_payment_id: nil, recipient_data: nil, requested_at: "2026-03-20T23:09:59.573800Z"}, created_at: ~U[2026-03-20 23:09:59.576261Z], metadata: %{}}]
23:10:01.035 [debug] Nexus.Identity.Projectors.UserProjector confirming receipt of event #12205 of events: [%Commanded.EventStore.RecordedEvent{event_id: "c6ad1145-9861-4666-92eb-5de73518adec", event_number: 12205, stream_id: "TransferHardeningTest.PM-019d0d83-4382-7033-9090-6bdd60a829dd", stream_version: 1, causation_id: nil, correlation_id: nil, event_type: "Elixir.Nexus.Treasury.Events.TransferInitiated", data: %Nexus.Treasury.Events.TransferInitiated{transfer_id: "019d0d83-4395-7bae-9664-639fd46091ae", org_id: "019d0d83-4382-7a02-a462-0a39d3bcc695", user_id: "019d0d83-4382-7033-9090-6bdd60a829dd", from_currency: "EUR", to_currency: "USD", amount: "5000000", status: "pending_authorization", bulk_payment_id: nil, recipient_data: nil, requested_at: "2026-03-20T23:09:59.573800Z"}, created_at: ~U[2026-03-20 23:09:59.576261Z], metadata: %{}}]
23:10:01.036 [debug] Nexus.Treasury.Projectors.VaultProjector received events: [%Commanded.EventStore.RecordedEvent{event_id: "95e3219b-18c7-46b7-805a-e5a166d52247", event_number: 12062, stream_id: "9fe00755-09e8-4b98-8a3b-8f04541c64d6", stream_version: 2, causation_id: "a90ec4d4-941c-40a8-a09a-b055b609bf23", correlation_id: "cf27841c-16ac-40f8-9460-e97539f2e74e", event_type: "Elixir.Nexus.Organization.Events.UserInvited", data: %Nexus.Organization.Events.UserInvited{org_id: "9fe00755-09e8-4b98-8a3b-8f04541c64d6", email: "ned@stark.com", role: "trader", invited_by: "peter", invitation_token: "5fb4f1a0-4ccb-46d6-b14b-7e9b56357653", invited_at: "2026-03-20T23:09:29.868111Z"}, created_at: ~U[2026-03-20 23:09:29.868477Z], metadata: %{"causation_id" => "019d0d82-cf8c-79fe-a688-f91f7870541c", "correlation_id" => "019d0d82-cf8c-79fe-a688-f91f7870541c"}}]
23:10:01.036 [debug] Nexus.Treasury.Projectors.VaultProjector confirming receipt of event #12062 of events: [%Commanded.EventStore.RecordedEvent{event_id: "95e3219b-18c7-46b7-805a-e5a166d52247", event_number: 12062, stream_id: "9fe00755-09e8-4b98-8a3b-8f04541c64d6", stream_version: 2, causation_id: "a90ec4d4-941c-40a8-a09a-b055b609bf23", correlation_id: "cf27841c-16ac-40f8-9460-e97539f2e74e", event_type: "Elixir.Nexus.Organization.Events.UserInvited", data: %Nexus.Organization.Events.UserInvited{org_id: "9fe00755-09e8-4b98-8a3b-8f04541c64d6", email: "ned@stark.com", role: "trader", invited_by: "peter", invitation_token: "5fb4f1a0-4ccb-46d6-b14b-7e9b56357653", invited_at: "2026-03-20T23:09:29.868111Z"}, created_at: ~U[2026-03-20 23:09:29.868477Z], metadata: %{"causation_id" => "019d0d82-cf8c-79fe-a688-f91f7870541c", "correlation_id" => "019d0d82-cf8c-79fe-a688-f91f7870541c"}}]
23:10:01.036 [debug] Nexus.Identity.Projectors.UserProjector received events: [%Commanded.EventStore.RecordedEvent{event_id: "d786ad26-2692-4a77-a441-8d825daa2adc", event_number: 12206, stream_id: "019d0d83-4382-7033-9090-6bdd60a829dd", stream_version: 2, causation_id: "8656e07c-4b2e-4ae6-bab7-18c80ba4f31c", correlation_id: "4df1ccf1-dfa4-4c79-a2d3-033c1046c9d0", event_type: "Elixir.Nexus.Identity.Events.StepUpVerified", data: %Nexus.Identity.Events.StepUpVerified{user_id: "019d0d83-4382-7033-9090-6bdd60a829dd", org_id: "019d0d83-4382-7a02-a462-0a39d3bcc695", action_id: "019d0d83-4395-7bae-9664-639fd46091ae", verified_at: "2026-03-20T23:10:00.053354Z"}, created_at: ~U[2026-03-20 23:10:00.053721Z], metadata: %{"causation_id" => "019d0d83-4575-77ef-956a-021f6ef87fdd", "correlation_id" => "019d0d83-4575-77ef-956a-021f6ef87fdd"}}]
23:10:01.036 [debug] Nexus.Identity.Projectors.UserProjector confirming receipt of event #12206 of events: [%Commanded.EventStore.RecordedEvent{event_id: "d786ad26-2692-4a77-a441-8d825daa2adc", event_number: 12206, stream_id: "019d0d83-4382-7033-9090-6bdd60a829dd", stream_version: 2, causation_id: "8656e07c-4b2e-4ae6-bab7-18c80ba4f31c", correlation_id: "4df1ccf1-dfa4-4c79-a2d3-033c1046c9d0", event_type: "Elixir.Nexus.Identity.Events.StepUpVerified", data: %Nexus.Identity.Events.StepUpVerified{user_id: "019d0d83-4382-7033-9090-6bdd60a829dd", org_id: "019d0d83-4382-7a02-a462-0a39d3bcc695", action_id: "019d0d83-4395-7bae-9664-639fd46091ae", verified_at: "2026-03-20T23:10:00.053354Z"}, created_at: ~U[2026-03-20 23:10:00.053721Z], metadata: %{"causation_id" => "019d0d83-4575-77ef-956a-021f6ef87fdd", "correlation_id" => "019d0d83-4575-77ef-956a-021f6ef87fdd"}}]
23:10:01.036 [debug] Nexus.Treasury.Projectors.VaultProjector received events: [%Commanded.EventStore.RecordedEvent{event_id: "b32334c1-278b-43bd-9b0d-7bc3c076ba78", event_number: 12063, stream_id: "90c937aa-6be7-40d5-89a9-57fed0c28da0", stream_version: 1, causation_id: "0da96299-26b8-4956-8fe8-e870014570ec", correlation_id: "23830c48-0adc-4395-b2c6-44cd2ddb374b", event_type: "Elixir.Nexus.Organization.Events.TenantProvisioned", data: %Nexus.Organization.Events.TenantProvisioned{org_id: "90c937aa-6be7-40d5-89a9-57fed0c28da0", name: "Stark Industries-58136573-6da8-44ec-b388-00343c80136f", initial_admin_email: "elena@stark.com", provisioned_by: "sysadmin_test", provisioned_at: "2026-03-20T23:09:29.872322Z"}, created_at: ~U[2026-03-20 23:09:29.872964Z], metadata: %{"causation_id" => "019d0d82-cf90-7316-a283-839bc3ba39a9", "correlation_id" => "019d0d82-cf90-7316-a283-839bc3ba39a9"}}]
23:10:01.036 [debug] Nexus.Treasury.Projectors.VaultProjector confirming receipt of event #12063 of events: [%Commanded.EventStore.RecordedEvent{event_id: "b32334c1-278b-43bd-9b0d-7bc3c076ba78", event_number: 12063, stream_id: "90c937aa-6be7-40d5-89a9-57fed0c28da0", stream_version: 1, causation_id: "0da96299-26b8-4956-8fe8-e870014570ec", correlation_id: "23830c48-0adc-4395-b2c6-44cd2ddb374b", event_type: "Elixir.Nexus.Organization.Events.TenantProvisioned", data: %Nexus.Organization.Events.TenantProvisioned{org_id: "90c937aa-6be7-40d5-89a9-57fed0c28da0", name: "Stark Industries-58136573-6da8-44ec-b388-00343c80136f", initial_admin_email: "elena@stark.com", provisioned_by: "sysadmin_test", provisioned_at: "2026-03-20T23:09:29.872322Z"}, created_at: ~U[2026-03-20 23:09:29.872964Z], metadata: %{"causation_id" => "019d0d82-cf90-7316-a283-839bc3ba39a9", "correlation_id" => "019d0d82-cf90-7316-a283-839bc3ba39a9"}}]
23:10:01.037 [debug] Subscription "Treasury.TransferManager"@"$all" attempting to connect subscriber #PID<0.2085.0>
23:10:01.037 [debug] Nexus.Identity.Projectors.UserProjector received events: [%Commanded.EventStore.RecordedEvent{event_id: "4259e93d-5089-49e1-aeea-09174b92fab1", event_number: 12207, stream_id: "019d0d83-4395-7bae-9664-639fd46091ae", stream_version: 2, causation_id: "a86ed328-fcec-43c7-9be1-122e9334f776", correlation_id: "68b66bd2-41db-44fd-9b6b-99cf0e36da66", event_type: "Elixir.Nexus.Treasury.Events.TransferAuthorized", data: %Nexus.Treasury.Events.TransferAuthorized{transfer_id: "019d0d83-4395-7bae-9664-639fd46091ae", org_id: "019d0d83-4382-7a02-a462-0a39d3bcc695", user_id: nil, actor_email: "verified-user@nexus.ai", authorized_at: "2026-03-20T23:10:00.053354Z"}, created_at: ~U[2026-03-20 23:10:00.057378Z], metadata: %{"causation_id" => "019d0d83-4577-75cd-9924-ecd6441d5275", "correlation_id" => "019d0d83-4577-75cd-9924-ecd6441d5275"}}]
23:10:01.037 [debug] Nexus.Identity.Projectors.UserProjector confirming receipt of event #12207 of events: [%Commanded.EventStore.RecordedEvent{event_id: "4259e93d-5089-49e1-aeea-09174b92fab1", event_number: 12207, stream_id: "019d0d83-4395-7bae-9664-639fd46091ae", stream_version: 2, causation_id: "a86ed328-fcec-43c7-9be1-122e9334f776", correlation_id: "68b66bd2-41db-44fd-9b6b-99cf0e36da66", event_type: "Elixir.Nexus.Treasury.Events.TransferAuthorized", data: %Nexus.Treasury.Events.TransferAuthorized{transfer_id: "019d0d83-4395-7bae-9664-639fd46091ae", org_id: "019d0d83-4382-7a02-a462-0a39d3bcc695", user_id: nil, actor_email: "verified-user@nexus.ai", authorized_at: "2026-03-20T23:10:00.053354Z"}, created_at: ~U[2026-03-20 23:10:00.057378Z], metadata: %{"causation_id" => "019d0d83-4577-75cd-9924-ecd6441d5275", "correlation_id" => "019d0d83-4577-75cd-9924-ecd6441d5275"}}]
23:10:01.037 [debug] Nexus.Treasury.Projectors.VaultProjector received events: [%Commanded.EventStore.RecordedEvent{event_id: "33b9273c-ae21-4f26-819b-7865159b48ae", event_number: 12064, stream_id: "90c937aa-6be7-40d5-89a9-57fed0c28da0", stream_version: 2, causation_id: "da14e3f1-c6ac-42c6-89aa-aadbc832575c", correlation_id: "7af5b6f8-f3a4-446e-999f-1f9c85064fd3", event_type: "Elixir.Nexus.Organization.Events.UserInvited", data: %Nexus.Organization.Events.UserInvited{org_id: "90c937aa-6be7-40d5-89a9-57fed0c28da0", email: "marcus@stark.com", role: "viewer", invited_by: "elena", invitation_token: "e8b097b0-9336-41f9-abb6-ffd615c8af8e", invited_at: "2026-03-20T23:09:29.875990Z"}, created_at: ~U[2026-03-20 23:09:29.876369Z], metadata: %{"causation_id" => "019d0d82-cf94-78ea-9098-45cb967a92f9", "correlation_id" => "019d0d82-cf94-78ea-9098-45cb967a92f9"}}]
23:10:01.037 [debug] Nexus.Treasury.Projectors.VaultProjector confirming receipt of event #12064 of events: [%Commanded.EventStore.RecordedEvent{event_id: "33b9273c-ae21-4f26-819b-7865159b48ae", event_number: 12064, stream_id: "90c937aa-6be7-40d5-89a9-57fed0c28da0", stream_version: 2, causation_id: "da14e3f1-c6ac-42c6-89aa-aadbc832575c", correlation_id: "7af5b6f8-f3a4-446e-999f-1f9c85064fd3", event_type: "Elixir.Nexus.Organization.Events.UserInvited", data: %Nexus.Organization.Events.UserInvited{org_id: "90c937aa-6be7-40d5-89a9-57fed0c28da0", email: "marcus@stark.com", role: "viewer", invited_by: "elena", invitation_token: "e8b097b0-9336-41f9-abb6-ffd615c8af8e", invited_at: "2026-03-20T23:09:29.875990Z"}, created_at: ~U[2026-03-20 23:09:29.876369Z], metadata: %{"causation_id" => "019d0d82-cf94-78ea-9098-45cb967a92f9", "correlation_id" => "019d0d82-cf94-78ea-9098-45cb967a92f9"}}]
23:10:01.037 [debug] Nexus.Identity.Projectors.UserProjector received events: [%Commanded.EventStore.RecordedEvent{event_id: "c51fa440-9064-413e-a2b3-c3825d129ab0", event_number: 12208, stream_id: "TransferHardeningTest.PM-019d0d83-4382-7033-9090-6bdd60a829dd", stream_version: 2, causation_id: nil, correlation_id: nil, event_type: "Elixir.Nexus.Identity.Events.StepUpVerified", data: %Nexus.Identity.Events.StepUpVerified{user_id: "019d0d83-4382-7033-9090-6bdd60a829dd", org_id: "019d0d83-4382-7a02-a462-0a39d3bcc695", action_id: "019d0d83-4395-7bae-9664-639fd46091ae", verified_at: "2026-03-20T23:10:00.053354Z"}, created_at: ~U[2026-03-20 23:10:00.059443Z], metadata: %{}}]
23:10:01.037 [debug] Nexus.Identity.Projectors.UserProjector confirming receipt of event #12208 of events: [%Commanded.EventStore.RecordedEvent{event_id: "c51fa440-9064-413e-a2b3-c3825d129ab0", event_number: 12208, stream_id: "TransferHardeningTest.PM-019d0d83-4382-7033-9090-6bdd60a829dd", stream_version: 2, causation_id: nil, correlation_id: nil, event_type: "Elixir.Nexus.Identity.Events.StepUpVerified", data: %Nexus.Identity.Events.StepUpVerified{user_id: "019d0d83-4382-7033-9090-6bdd60a829dd", org_id: "019d0d83-4382-7a02-a462-0a39d3bcc695", action_id: "019d0d83-4395-7bae-9664-639fd46091ae", verified_at: "2026-03-20T23:10:00.053354Z"}, created_at: ~U[2026-03-20 23:10:00.059443Z], metadata: %{}}]
23:10:01.037 [debug] QUERY OK source="users" db=0.3ms queue=0.1ms
DELETE FROM "users" AS u0 []
23:10:01.037 [debug] Nexus.Treasury.Handlers.TransferExecutionHandler received events: [%Commanded.EventStore.RecordedEvent{event_id: "075ecd34-6cf8-4ab2-b4bc-b69bd080dfb8", event_number: 12059, stream_id: "17f889eb-2c27-4930-88ba-598fea7c76a3", stream_version: 1, causation_id: "843485cc-4b37-4172-926a-b06e6dd02cb5", correlation_id: "0b18c771-3498-475d-bd3f-9e253f5e6a83", event_type: "Elixir.Nexus.Organization.Events.TenantProvisioned", data: %Nexus.Organization.Events.TenantProvisioned{org_id: "17f889eb-2c27-4930-88ba-598fea7c76a3", name: "Stark Industries-40e54178-b798-4084-ab40-ab4d469323cb", initial_admin_email: "elena@stark.com", provisioned_by: "sysadmin_test", provisioned_at: "2026-03-20T23:09:29.843850Z"}, created_at: ~U[2026-03-20 23:09:29.846078Z], metadata: %{"causation_id" => "019d0d82-cf73-7541-8ed3-9fedddc7151d", "correlation_id" => "019d0d82-cf73-7541-8ed3-9fedddc7151d"}}]
23:10:01.037 [debug] Subscription "Treasury.TransferManager"@"$all" catching-up
23:10:01.037 [debug] Nexus.Treasury.Handlers.TransferExecutionHandler confirming receipt of event #12059 of events: [%Commanded.EventStore.RecordedEvent{event_id: "075ecd34-6cf8-4ab2-b4bc-b69bd080dfb8", event_number: 12059, stream_id: "17f889eb-2c27-4930-88ba-598fea7c76a3", stream_version: 1, causation_id: "843485cc-4b37-4172-926a-b06e6dd02cb5", correlation_id: "0b18c771-3498-475d-bd3f-9e253f5e6a83", event_type: "Elixir.Nexus.Organization.Events.TenantProvisioned", data: %Nexus.Organization.Events.TenantProvisioned{org_id: "17f889eb-2c27-4930-88ba-598fea7c76a3", name: "Stark Industries-40e54178-b798-4084-ab40-ab4d469323cb", initial_admin_email: "elena@stark.com", provisioned_by: "sysadmin_test", provisioned_at: "2026-03-20T23:09:29.843850Z"}, created_at: ~U[2026-03-20 23:09:29.846078Z], metadata: %{"causation_id" => "019d0d82-cf73-7541-8ed3-9fedddc7151d", "correlation_id" => "019d0d82-cf73-7541-8ed3-9fedddc7151d"}}]
23:10:01.037 [debug] Nexus.Treasury.Projectors.VaultProjector received events: [%Commanded.EventStore.RecordedEvent{event_id: "4c7e3364-2221-4e48-819f-2b2f462ad03a", event_number: 12065, stream_id: "019d0d82-cf98-7aa9-8b28-cd665aa2b194", stream_version: 1, causation_id: "c794ea26-2c9d-432d-b2ba-4d4e1ecdc792", correlation_id: "f1b30960-e45a-429e-a92c-39b455ddb257", event_type: "Elixir.Nexus.ERP.Events.InvoiceIngested", data: %Nexus.ERP.Events.InvoiceIngested{org_id: "019d0d82-cf96-7733-ac4a-00adadcf2bec", invoice_id: "019d0d82-cf98-7aa9-8b28-cd665aa2b194", entity_id: "ENT-INV-1001", currency: "EUR", amount: "1500.0", due_date: "2026-04-19", subsidiary: "Default", line_items: [%{description: "Test", amount: "1500.0"}], sap_document_number: "SAP-INV-1001", sap_status: "Verified", ingested_at: "2026-03-20T23:09:29.880589Z"}, created_at: ~U[2026-03-20 23:09:29.881284Z], metadata: %{"causation_id" => "019d0d82-cf98-7547-9dbc-3d87815ff46f", "correlation_id" => "019d0d82-cf98-7547-9dbc-3d87815ff46f"}}]
23:10:01.037 [debug] Nexus.Treasury.ProcessManagers.TransferManager has successfully subscribed to event store
23:10:01.037 [debug] Nexus.Treasury.Projectors.VaultProjector confirming receipt of event #12065 of events: [%Commanded.EventStore.RecordedEvent{event_id: "4c7e3364-2221-4e48-819f-2b2f462ad03a", event_number: 12065, stream_id: "019d0d82-cf98-7aa9-8b28-cd665aa2b194", stream_version: 1, causation_id: "c794ea26-2c9d-432d-b2ba-4d4e1ecdc792", correlation_id: "f1b30960-e45a-429e-a92c-39b455ddb257", event_type: "Elixir.Nexus.ERP.Events.InvoiceIngested", data: %Nexus.ERP.Events.InvoiceIngested{org_id: "019d0d82-cf96-7733-ac4a-00adadcf2bec", invoice_id: "019d0d82-cf98-7aa9-8b28-cd665aa2b194", entity_id: "ENT-INV-1001", currency: "EUR", amount: "1500.0", due_date: "2026-04-19", subsidiary: "Default", line_items: [%{description: "Test", amount: "1500.0"}], sap_document_number: "SAP-INV-1001", sap_status: "Verified", ingested_at: "2026-03-20T23:09:29.880589Z"}, created_at: ~U[2026-03-20 23:09:29.881284Z], metadata: %{"causation_id" => "019d0d82-cf98-7547-9dbc-3d87815ff46f", "correlation_id" => "019d0d82-cf98-7547-9dbc-3d87815ff46f"}}]
23:10:01.037 [debug] Nexus.Identity.Projectors.UserProjector received events: [%Commanded.EventStore.RecordedEvent{event_id: "652058b4-5066-48aa-b6f7-dbba2fc4e1b6", event_number: 12209, stream_id: "TransferHardeningTest.PM-019d0d83-4382-7033-9090-6bdd60a829dd", stream_version: 3, causation_id: nil, correlation_id: nil, event_type: "Elixir.Nexus.Treasury.Events.TransferInitiated", data: %Nexus.Treasury.Events.TransferInitiated{transfer_id: "019d0d83-4395-7bae-9664-639fd46091ae", org_id: "019d0d83-4382-7a02-a462-0a39d3bcc695", user_id: "019d0d83-4382-7033-9090-6bdd60a829dd", from_currency: "EUR", to_currency: "USD", amount: "5000000", status: "pending_authorization", bulk_payment_id: nil, recipient_data: nil, requested_at: "2026-03-20T23:09:59.573800Z"}, created_at: ~U[2026-03-20 23:10:00.061586Z], metadata: %{}}]
23:10:01.037 [debug] Nexus.Identity.Projectors.UserProjector confirming receipt of event #12209 of events: [%Commanded.EventStore.RecordedEvent{event_id: "652058b4-5066-48aa-b6f7-dbba2fc4e1b6", event_number: 12209, stream_id: "TransferHardeningTest.PM-019d0d83-4382-7033-9090-6bdd60a829dd", stream_version: 3, causation_id: nil, correlation_id: nil, event_type: "Elixir.Nexus.Treasury.Events.TransferInitiated", data: %Nexus.Treasury.Events.TransferInitiated{transfer_id: "019d0d83-4395-7bae-9664-639fd46091ae", org_id: "019d0d83-4382-7a02-a462-0a39d3bcc695", user_id: "019d0d83-4382-7033-9090-6bdd60a829dd", from_currency: "EUR", to_currency: "USD", amount: "5000000", status: "pending_authorization", bulk_payment_id: nil, recipient_data: nil, requested_at: "2026-03-20T23:09:59.573800Z"}, created_at: ~U[2026-03-20 23:10:00.061586Z], metadata: %{}}]
23:10:01.038 [debug] Nexus.Treasury.Handlers.TransferExecutionHandler received events: [%Commanded.EventStore.RecordedEvent{event_id: "e67ec6bb-85cb-4d17-a683-bd25cc5ed888", event_number: 12060, stream_id: "17f889eb-2c27-4930-88ba-598fea7c76a3", stream_version: 2, causation_id: "d6744945-f99c-4c6f-be0d-9c695434c9da", correlation_id: "d1e4a7d7-f827-4e45-a717-c3a3b25e027f", event_type: "Elixir.Nexus.Organization.Events.UserInvited", data: %Nexus.Organization.Events.UserInvited{org_id: "17f889eb-2c27-4930-88ba-598fea7c76a3", email: "marcus@stark.com", role: "trader", invited_by: "elena", invitation_token: "7d091ca9-79b3-4800-b7b1-7282eb886924", invited_at: "2026-03-20T23:09:29.853684Z"}, created_at: ~U[2026-03-20 23:09:29.854064Z], metadata: %{"causation_id" => "019d0d82-cf7d-710c-b2ab-618c0d216ad1", "correlation_id" => "019d0d82-cf7d-710c-b2ab-618c0d216ad1"}}]
23:10:01.038 [debug] Nexus.Treasury.Handlers.TransferExecutionHandler confirming receipt of event #12060 of events: [%Commanded.EventStore.RecordedEvent{event_id: "e67ec6bb-85cb-4d17-a683-bd25cc5ed888", event_number: 12060, stream_id: "17f889eb-2c27-4930-88ba-598fea7c76a3", stream_version: 2, causation_id: "d6744945-f99c-4c6f-be0d-9c695434c9da", correlation_id: "d1e4a7d7-f827-4e45-a717-c3a3b25e027f", event_type: "Elixir.Nexus.Organization.Events.UserInvited", data: %Nexus.Organization.Events.UserInvited{org_id: "17f889eb-2c27-4930-88ba-598fea7c76a3", email: "marcus@stark.com", role: "trader", invited_by: "elena", invitation_token: "7d091ca9-79b3-4800-b7b1-7282eb886924", invited_at: "2026-03-20T23:09:29.853684Z"}, created_at: ~U[2026-03-20 23:09:29.854064Z], metadata: %{"causation_id" => "019d0d82-cf7d-710c-b2ab-618c0d216ad1", "correlation_id" => "019d0d82-cf7d-710c-b2ab-618c0d216ad1"}}]
23:10:01.038 [debug] QUERY OK source="treasury_vaults" db=0.5ms
DELETE FROM "treasury_vaults" AS t0 []
23:10:01.038 [debug] Nexus.Treasury.Projectors.VaultProjector received events: [%Commanded.EventStore.RecordedEvent{event_id: "b7c0b50b-f5ea-42f1-a37f-5939a7aa977f", event_number: 12066, stream_id: "Treasury.ReconciliationManager-019d0d82-cf96-7733-ac4a-00adadcf2bec", stream_version: 1, causation_id: nil, correlation_id: nil, event_type: "Elixir.Nexus.ERP.Events.InvoiceIngested", data: %Nexus.ERP.Events.InvoiceIngested{org_id: "019d0d82-cf96-7733-ac4a-00adadcf2bec", invoice_id: "019d0d82-cf98-7aa9-8b28-cd665aa2b194", entity_id: "ENT-INV-1001", currency: "EUR", amount: "1500.0", due_date: "2026-04-19", subsidiary: "Default", line_items: [%{description: "Test", amount: "1500.0"}], sap_document_number: "SAP-INV-1001", sap_status: "Verified", ingested_at: "2026-03-20T23:09:29.880589Z"}, created_at: ~U[2026-03-20 23:09:29.885207Z], metadata: %{}}]
23:10:01.038 [debug] Nexus.Treasury.Projectors.VaultProjector confirming receipt of event #12066 of events: [%Commanded.EventStore.RecordedEvent{event_id: "b7c0b50b-f5ea-42f1-a37f-5939a7aa977f", event_number: 12066, stream_id: "Treasury.ReconciliationManager-019d0d82-cf96-7733-ac4a-00adadcf2bec", stream_version: 1, causation_id: nil, correlation_id: nil, event_type: "Elixir.Nexus.ERP.Events.InvoiceIngested", data: %Nexus.ERP.Events.InvoiceIngested{org_id: "019d0d82-cf96-7733-ac4a-00adadcf2bec", invoice_id: "019d0d82-cf98-7aa9-8b28-cd665aa2b194", entity_id: "ENT-INV-1001", currency: "EUR", amount: "1500.0", due_date: "2026-04-19", subsidiary: "Default", line_items: [%{description: "Test", amount: "1500.0"}], sap_document_number: "SAP-INV-1001", sap_status: "Verified", ingested_at: "2026-03-20T23:09:29.880589Z"}, created_at: ~U[2026-03-20 23:09:29.885207Z], metadata: %{}}]
23:10:01.038 [debug] Nexus.Identity.Projectors.UserProjector received events: [%Commanded.EventStore.RecordedEvent{event_id: "373c9f91-a672-42d1-8c9f-e1c2f0bdfc8b", event_number: 12210, stream_id: "019d0d83-4395-7bae-9664-639fd46091ae", stream_version: 3, causation_id: "321a2ba2-bd81-46fd-84ba-cf38533a7ef6", correlation_id: "f7eba5f5-e0a2-4a74-813e-060aba7ee172", event_type: "Elixir.Nexus.Treasury.Events.TransferExecuted", data: %Nexus.Treasury.Events.TransferExecuted{transfer_id: "019d0d83-4395-7bae-9664-639fd46091ae", org_id: "019d0d83-4382-7a02-a462-0a39d3bcc695", amount: "5000000", from_currency: "EUR", to_currency: "USD", recipient_data: nil, executed_at: "2026-03-20T23:10:00.062576Z"}, created_at: ~U[2026-03-20 23:10:00.062899Z], metadata: %{"causation_id" => "019d0d83-457e-746b-9207-06f93de5452a", "correlation_id" => "019d0d83-457e-746b-9207-06f93de5452a"}}]
23:10:01.038 [debug] Nexus.Identity.Projectors.UserProjector confirming receipt of event #12210 of events: [%Commanded.EventStore.RecordedEvent{event_id: "373c9f91-a672-42d1-8c9f-e1c2f0bdfc8b", event_number: 12210, stream_id: "019d0d83-4395-7bae-9664-639fd46091ae", stream_version: 3, causation_id: "321a2ba2-bd81-46fd-84ba-cf38533a7ef6", correlation_id: "f7eba5f5-e0a2-4a74-813e-060aba7ee172", event_type: "Elixir.Nexus.Treasury.Events.TransferExecuted", data: %Nexus.Treasury.Events.TransferExecuted{transfer_id: "019d0d83-4395-7bae-9664-639fd46091ae", org_id: "019d0d83-4382-7a02-a462-0a39d3bcc695", amount: "5000000", from_currency: "EUR", to_currency: "USD", recipient_data: nil, executed_at: "2026-03-20T23:10:00.062576Z"}, created_at: ~U[2026-03-20 23:10:00.062899Z], metadata: %{"causation_id" => "019d0d83-457e-746b-9207-06f93de5452a", "correlation_id" => "019d0d83-457e-746b-9207-06f93de5452a"}}]
23:10:01.038 [debug] Nexus.Treasury.Handlers.TransferExecutionHandler received events: [%Commanded.EventStore.RecordedEvent{event_id: "ff94e980-1550-42ee-b15c-4ce1df17e94f", event_number: 12061, stream_id: "9fe00755-09e8-4b98-8a3b-8f04541c64d6", stream_version: 1, causation_id: "f8656b25-c5a6-4bf8-8769-5c85fb0688cc", correlation_id: "bfbfc3a6-0e7f-4afe-9fd1-f6c0f0f21555", event_type: "Elixir.Nexus.Organization.Events.TenantProvisioned", data: %Nexus.Organization.Events.TenantProvisioned{org_id: "9fe00755-09e8-4b98-8a3b-8f04541c64d6", name: "Stark Industries-932f6764-292c-482c-9154-98b77675d842", initial_admin_email: "elena@stark.com", provisioned_by: "sysadmin_test", provisioned_at: "2026-03-20T23:09:29.863378Z"}, created_at: ~U[2026-03-20 23:09:29.864088Z], metadata: %{"causation_id" => "019d0d82-cf87-784c-bcc9-0b026693b2ed", "correlation_id" => "019d0d82-cf87-784c-bcc9-0b026693b2ed"}}]
23:10:01.038 [debug] Nexus.Treasury.Handlers.TransferExecutionHandler confirming receipt of event #12061 of events: [%Commanded.EventStore.RecordedEvent{event_id: "ff94e980-1550-42ee-b15c-4ce1df17e94f", event_number: 12061, stream_id: "9fe00755-09e8-4b98-8a3b-8f04541c64d6", stream_version: 1, causation_id: "f8656b25-c5a6-4bf8-8769-5c85fb0688cc", correlation_id: "bfbfc3a6-0e7f-4afe-9fd1-f6c0f0f21555", event_type: "Elixir.Nexus.Organization.Events.TenantProvisioned", data: %Nexus.Organization.Events.TenantProvisioned{org_id: "9fe00755-09e8-4b98-8a3b-8f04541c64d6", name: "Stark Industries-932f6764-292c-482c-9154-98b77675d842", initial_admin_email: "elena@stark.com", provisioned_by: "sysadmin_test", provisioned_at: "2026-03-20T23:09:29.863378Z"}, created_at: ~U[2026-03-20 23:09:29.864088Z], metadata: %{"causation_id" => "019d0d82-cf87-784c-bcc9-0b026693b2ed", "correlation_id" => "019d0d82-cf87-784c-bcc9-0b026693b2ed"}}]
23:10:01.039 [debug] Nexus.Treasury.Projectors.VaultProjector received events: [%Commanded.EventStore.RecordedEvent{event_id: "edb022d1-dc88-4e10-9aa5-0688b2538c72", event_number: 12067, stream_id: "019d0d82-cf9e-7f9e-93b6-d82f9a5cdefd", stream_version: 1, causation_id: "a6208e89-cc24-44c8-aad9-be7e6afce792", correlation_id: "7075d0f3-eb20-41eb-a9ce-7957d46d015e", event_type: "Elixir.Nexus.ERP.Events.StatementUploaded", data: %Nexus.ERP.Events.StatementUploaded{statement_id: "019d0d82-cf9e-7f9e-93b6-d82f9a5cdefd", org_id: "019d0d82-cf96-7733-ac4a-00adadcf2bec", filename: "test.csv", format: "csv", lines: [%{id: "019d0d82-cf9e-75ab-8fb9-b39aa7df9036", status: "unmatched", date: "2024-02-25", metadata: %{}, currency: "EUR", ref: "REF-STMT-LINE-A", amount: "-1500.0", narrative: "Test matching"}], uploaded_at: "2026-03-20T23:09:29.886300Z", content_hash: "8957AFDFE9C89CCD2CD164DFCFA418288E1EC6027918D848738749767578A088"}, created_at: ~U[2026-03-20 23:09:29.886957Z], metadata: %{"causation_id" => "019d0d82-cf9e-7c27-be4b-4acf7db2472b", "correlation_id" => "019d0d82-cf9e-7c27-be4b-4acf7db2472b"}}]
23:10:01.039 [debug] Nexus.Treasury.Projectors.VaultProjector confirming receipt of event #12067 of events: [%Commanded.EventStore.RecordedEvent{event_id: "edb022d1-dc88-4e10-9aa5-0688b2538c72", event_number: 12067, stream_id: "019d0d82-cf9e-7f9e-93b6-d82f9a5cdefd", stream_version: 1, causation_id: "a6208e89-cc24-44c8-aad9-be7e6afce792", correlation_id: "7075d0f3-eb20-41eb-a9ce-7957d46d015e", event_type: "Elixir.Nexus.ERP.Events.StatementUploaded", data: %Nexus.ERP.Events.StatementUploaded{statement_id: "019d0d82-cf9e-7f9e-93b6-d82f9a5cdefd", org_id: "019d0d82-cf96-7733-ac4a-00adadcf2bec", filename: "test.csv", format: "csv", lines: [%{id: "019d0d82-cf9e-75ab-8fb9-b39aa7df9036", status: "unmatched", date: "2024-02-25", metadata: %{}, currency: "EUR", ref: "REF-STMT-LINE-A", amount: "-1500.0", narrative: "Test matching"}], uploaded_at: "2026-03-20T23:09:29.886300Z", content_hash: "8957AFDFE9C89CCD2CD164DFCFA418288E1EC6027918D848738749767578A088"}, created_at: ~U[2026-03-20 23:09:29.886957Z], metadata: %{"causation_id" => "019d0d82-cf9e-7c27-be4b-4acf7db2472b", "correlation_id" => "019d0d82-cf9e-7c27-be4b-4acf7db2472b"}}]
23:10:01.039 [debug] Nexus.Treasury.Handlers.TransferExecutionHandler received events: [%Commanded.EventStore.RecordedEvent{event_id: "95e3219b-18c7-46b7-805a-e5a166d52247", event_number: 12062, stream_id: "9fe00755-09e8-4b98-8a3b-8f04541c64d6", stream_version: 2, causation_id: "a90ec4d4-941c-40a8-a09a-b055b609bf23", correlation_id: "cf27841c-16ac-40f8-9460-e97539f2e74e", event_type: "Elixir.Nexus.Organization.Events.UserInvited", data: %Nexus.Organization.Events.UserInvited{org_id: "9fe00755-09e8-4b98-8a3b-8f04541c64d6", email: "ned@stark.com", role: "trader", invited_by: "peter", invitation_token: "5fb4f1a0-4ccb-46d6-b14b-7e9b56357653", invited_at: "2026-03-20T23:09:29.868111Z"}, created_at: ~U[2026-03-20 23:09:29.868477Z], metadata: %{"causation_id" => "019d0d82-cf8c-79fe-a688-f91f7870541c", "correlation_id" => "019d0d82-cf8c-79fe-a688-f91f7870541c"}}]
23:10:01.039 [debug] Nexus.Treasury.Handlers.TransferExecutionHandler confirming receipt of event #12062 of events: [%Commanded.EventStore.RecordedEvent{event_id: "95e3219b-18c7-46b7-805a-e5a166d52247", event_number: 12062, stream_id: "9fe00755-09e8-4b98-8a3b-8f04541c64d6", stream_version: 2, causation_id: "a90ec4d4-941c-40a8-a09a-b055b609bf23", correlation_id: "cf27841c-16ac-40f8-9460-e97539f2e74e", event_type: "Elixir.Nexus.Organization.Events.UserInvited", data: %Nexus.Organization.Events.UserInvited{org_id: "9fe00755-09e8-4b98-8a3b-8f04541c64d6", email: "ned@stark.com", role: "trader", invited_by: "peter", invitation_token: "5fb4f1a0-4ccb-46d6-b14b-7e9b56357653", invited_at: "2026-03-20T23:09:29.868111Z"}, created_at: ~U[2026-03-20 23:09:29.868477Z], metadata: %{"causation_id" => "019d0d82-cf8c-79fe-a688-f91f7870541c", "correlation_id" => "019d0d82-cf8c-79fe-a688-f91f7870541c"}}]
23:10:01.040 [debug] Nexus.Identity.Projectors.UserProjector received events: [%Commanded.EventStore.RecordedEvent{event_id: "26c91b1c-3489-4662-9626-bf258e27d2e3", event_number: 12211, stream_id: "TransferHardeningTest.PM-019d0d83-4382-7033-9090-6bdd60a829dd", stream_version: 4, causation_id: nil, correlation_id: nil, event_type: "Elixir.Nexus.Treasury.Events.TransferAuthorized", data: %Nexus.Treasury.Events.TransferAuthorized{transfer_id: "019d0d83-4395-7bae-9664-639fd46091ae", org_id: "019d0d83-4382-7a02-a462-0a39d3bcc695", user_id: nil, actor_email: "verified-user@nexus.ai", authorized_at: "2026-03-20T23:10:00.053354Z"}, created_at: ~U[2026-03-20 23:10:00.063708Z], metadata: %{}}]
23:10:01.040 [debug] Nexus.Identity.Projectors.UserProjector confirming receipt of event #12211 of events: [%Commanded.EventStore.RecordedEvent{event_id: "26c91b1c-3489-4662-9626-bf258e27d2e3", event_number: 12211, stream_id: "TransferHardeningTest.PM-019d0d83-4382-7033-9090-6bdd60a829dd", stream_version: 4, causation_id: nil, correlation_id: nil, event_type: "Elixir.Nexus.Treasury.Events.TransferAuthorized", data: %Nexus.Treasury.Events.TransferAuthorized{transfer_id: "019d0d83-4395-7bae-9664-639fd46091ae", org_id: "019d0d83-4382-7a02-a462-0a39d3bcc695", user_id: nil, actor_email: "verified-user@nexus.ai", authorized_at: "2026-03-20T23:10:00.053354Z"}, created_at: ~U[2026-03-20 23:10:00.063708Z], metadata: %{}}]
23:10:01.040 [debug] Nexus.Treasury.Projectors.VaultProjector received events: [%Commanded.EventStore.RecordedEvent{event_id: "9923eae9-88e3-4d37-9b29-b7af550ec57b", event_number: 12068, stream_id: "019d0d82-cfa2-7c12-87bb-e0327ec7e76b", stream_version: 1, causation_id: "f86d78d5-8539-4c0d-be1b-0db9307dffa8", correlation_id: "9a581c58-36d1-4462-8b87-015ea02d30bb", event_type: "Elixir.Nexus.Treasury.Events.TransactionReconciled", data: %Nexus.Treasury.Events.TransactionReconciled{org_id: "019d0d82-cf96-7733-ac4a-00adadcf2bec", reconciliation_id: "019d0d82-cfa2-7c12-87bb-e0327ec7e76b", invoice_id: "019d0d82-cf98-7aa9-8b28-cd665aa2b194", statement_id: "019d0d82-cf9e-7f9e-93b6-d82f9a5cdefd", statement_line_id: "019d0d82-cf9e-75ab-8fb9-b39aa7df9036", amount: "1500.0", variance: nil, variance_reason: nil, actor_email: "system@nexus.ai", currency: "EUR", timestamp: "2026-03-20T23:09:29.890924Z"}, created_at: ~U[2026-03-20 23:09:29.891557Z], metadata: %{"causation_id" => "019d0d82-cfa2-74e0-9ab2-ca84f45a2499", "correlation_id" => "019d0d82-cfa2-74e0-9ab2-ca84f45a2499"}}]
23:10:01.040 [debug] Nexus.Treasury.Projectors.VaultProjector confirming receipt of event #12068 of events: [%Commanded.EventStore.RecordedEvent{event_id: "9923eae9-88e3-4d37-9b29-b7af550ec57b", event_number: 12068, stream_id: "019d0d82-cfa2-7c12-87bb-e0327ec7e76b", stream_version: 1, causation_id: "f86d78d5-8539-4c0d-be1b-0db9307dffa8", correlation_id: "9a581c58-36d1-4462-8b87-015ea02d30bb", event_type: "Elixir.Nexus.Treasury.Events.TransactionReconciled", data: %Nexus.Treasury.Events.TransactionReconciled{org_id: "019d0d82-cf96-7733-ac4a-00adadcf2bec", reconciliation_id: "019d0d82-cfa2-7c12-87bb-e0327ec7e76b", invoice_id: "019d0d82-cf98-7aa9-8b28-cd665aa2b194", statement_id: "019d0d82-cf9e-7f9e-93b6-d82f9a5cdefd", statement_line_id: "019d0d82-cf9e-75ab-8fb9-b39aa7df9036", amount: "1500.0", variance: nil, variance_reason: nil, actor_email: "system@nexus.ai", currency: "EUR", timestamp: "2026-03-20T23:09:29.890924Z"}, created_at: ~U[2026-03-20 23:09:29.891557Z], metadata: %{"causation_id" => "019d0d82-cfa2-74e0-9ab2-ca84f45a2499", "correlation_id" => "019d0d82-cfa2-74e0-9ab2-ca84f45a2499"}}]
23:10:01.040 [debug] Nexus.Treasury.Handlers.TransferExecutionHandler received events: [%Commanded.EventStore.RecordedEvent{event_id: "b32334c1-278b-43bd-9b0d-7bc3c076ba78", event_number: 12063, stream_id: "90c937aa-6be7-40d5-89a9-57fed0c28da0", stream_version: 1, causation_id: "0da96299-26b8-4956-8fe8-e870014570ec", correlation_id: "23830c48-0adc-4395-b2c6-44cd2ddb374b", event_type: "Elixir.Nexus.Organization.Events.TenantProvisioned", data: %Nexus.Organization.Events.TenantProvisioned{org_id: "90c937aa-6be7-40d5-89a9-57fed0c28da0", name: "Stark Industries-58136573-6da8-44ec-b388-00343c80136f", initial_admin_email: "elena@stark.com", provisioned_by: "sysadmin_test", provisioned_at: "2026-03-20T23:09:29.872322Z"}, created_at: ~U[2026-03-20 23:09:29.872964Z], metadata: %{"causation_id" => "019d0d82-cf90-7316-a283-839bc3ba39a9", "correlation_id" => "019d0d82-cf90-7316-a283-839bc3ba39a9"}}]
23:10:01.040 [debug] Nexus.Treasury.ProcessManagers.TransferManager received 1 event(s)
23:10:01.040 [debug] Nexus.Treasury.ProcessManagers.TransferManager is not interested in event 12059 ("17f889eb-2c27-4930-88ba-598fea7c76a3"@1)
23:10:01.040 [debug] Nexus.Treasury.ProcessManagers.TransferManager confirming receipt of event: 12059
23:10:01.040 [debug] Nexus.Treasury.Handlers.TransferExecutionHandler confirming receipt of event #12063 of events: [%Commanded.EventStore.RecordedEvent{event_id: "b32334c1-278b-43bd-9b0d-7bc3c076ba78", event_number: 12063, stream_id: "90c937aa-6be7-40d5-89a9-57fed0c28da0", stream_version: 1, causation_id: "0da96299-26b8-4956-8fe8-e870014570ec", correlation_id: "23830c48-0adc-4395-b2c6-44cd2ddb374b", event_type: "Elixir.Nexus.Organization.Events.TenantProvisioned", data: %Nexus.Organization.Events.TenantProvisioned{org_id: "90c937aa-6be7-40d5-89a9-57fed0c28da0", name: "Stark Industries-58136573-6da8-44ec-b388-00343c80136f", initial_admin_email: "elena@stark.com", provisioned_by: "sysadmin_test", provisioned_at: "2026-03-20T23:09:29.872322Z"}, created_at: ~U[2026-03-20 23:09:29.872964Z], metadata: %{"causation_id" => "019d0d82-cf90-7316-a283-839bc3ba39a9", "correlation_id" => "019d0d82-cf90-7316-a283-839bc3ba39a9"}}]
23:10:01.040 [debug] Nexus.Treasury.Projectors.VaultProjector received events: [%Commanded.EventStore.RecordedEvent{event_id: "799340c3-b823-4913-921e-03f7da5b10fc", event_number: 12069, stream_id: "Treasury.ReconciliationManager-019d0d82-cf96-7733-ac4a-00adadcf2bec", stream_version: 2, causation_id: nil, correlation_id: nil, event_type: "Elixir.Nexus.ERP.Events.StatementUploaded", data: %Nexus.ERP.Events.StatementUploaded{statement_id: "019d0d82-cf9e-7f9e-93b6-d82f9a5cdefd", org_id: "019d0d82-cf96-7733-ac4a-00adadcf2bec", filename: "test.csv", format: "csv", lines: [%{id: "019d0d82-cf9e-75ab-8fb9-b39aa7df9036", status: "unmatched", date: "2024-02-25", metadata: %{}, currency: "EUR", ref: "REF-STMT-LINE-A", amount: "-1500.0", narrative: "Test matching"}], uploaded_at: "2026-03-20T23:09:29.886300Z", content_hash: "8957AFDFE9C89CCD2CD164DFCFA418288E1EC6027918D848738749767578A088"}, created_at: ~U[2026-03-20 23:09:29.895739Z], metadata: %{}}]
23:10:01.040 [debug] Nexus.Treasury.Projectors.VaultProjector confirming receipt of event #12069 of events: [%Commanded.EventStore.RecordedEvent{event_id: "799340c3-b823-4913-921e-03f7da5b10fc", event_number: 12069, stream_id: "Treasury.ReconciliationManager-019d0d82-cf96-7733-ac4a-00adadcf2bec", stream_version: 2, causation_id: nil, correlation_id: nil, event_type: "Elixir.Nexus.ERP.Events.StatementUploaded", data: %Nexus.ERP.Events.StatementUploaded{statement_id: "019d0d82-cf9e-7f9e-93b6-d82f9a5cdefd", org_id: "019d0d82-cf96-7733-ac4a-00adadcf2bec", filename: "test.csv", format: "csv", lines: [%{id: "019d0d82-cf9e-75ab-8fb9-b39aa7df9036", status: "unmatched", date: "2024-02-25", metadata: %{}, currency: "EUR", ref: "REF-STMT-LINE-A", amount: "-1500.0", narrative: "Test matching"}], uploaded_at: "2026-03-20T23:09:29.886300Z", content_hash: "8957AFDFE9C89CCD2CD164DFCFA418288E1EC6027918D848738749767578A088"}, created_at: ~U[2026-03-20 23:09:29.895739Z], metadata: %{}}]
23:10:01.040 [debug] Nexus.Treasury.Handlers.TransferExecutionHandler received events: [%Commanded.EventStore.RecordedEvent{event_id: "33b9273c-ae21-4f26-819b-7865159b48ae", event_number: 12064, stream_id: "90c937aa-6be7-40d5-89a9-57fed0c28da0", stream_version: 2, causation_id: "da14e3f1-c6ac-42c6-89aa-aadbc832575c", correlation_id: "7af5b6f8-f3a4-446e-999f-1f9c85064fd3", event_type: "Elixir.Nexus.Organization.Events.UserInvited", data: %Nexus.Organization.Events.UserInvited{org_id: "90c937aa-6be7-40d5-89a9-57fed0c28da0", email: "marcus@stark.com", role: "viewer", invited_by: "elena", invitation_token: "e8b097b0-9336-41f9-abb6-ffd615c8af8e", invited_at: "2026-03-20T23:09:29.875990Z"}, created_at: ~U[2026-03-20 23:09:29.876369Z], metadata: %{"causation_id" => "019d0d82-cf94-78ea-9098-45cb967a92f9", "correlation_id" => "019d0d82-cf94-78ea-9098-45cb967a92f9"}}]
23:10:01.041 [debug] Nexus.Treasury.Handlers.TransferExecutionHandler confirming receipt of event #12064 of events: [%Commanded.EventStore.RecordedEvent{event_id: "33b9273c-ae21-4f26-819b-7865159b48ae", event_number: 12064, stream_id: "90c937aa-6be7-40d5-89a9-57fed0c28da0", stream_version: 2, causation_id: "da14e3f1-c6ac-42c6-89aa-aadbc832575c", correlation_id: "7af5b6f8-f3a4-446e-999f-1f9c85064fd3", event_type: "Elixir.Nexus.Organization.Events.UserInvited", data: %Nexus.Organization.Events.UserInvited{org_id: "90c937aa-6be7-40d5-89a9-57fed0c28da0", email: "marcus@stark.com", role: "viewer", invited_by: "elena", invitation_token: "e8b097b0-9336-41f9-abb6-ffd615c8af8e", invited_at: "2026-03-20T23:09:29.875990Z"}, created_at: ~U[2026-03-20 23:09:29.876369Z], metadata: %{"causation_id" => "019d0d82-cf94-78ea-9098-45cb967a92f9", "correlation_id" => "019d0d82-cf94-78ea-9098-45cb967a92f9"}}]
23:10:01.041 [debug] Nexus.Treasury.ProcessManagers.TransferManager received 1 event(s)
23:10:01.041 [debug] Nexus.Treasury.ProcessManagers.TransferManager is not interested in event 12060 ("17f889eb-2c27-4930-88ba-598fea7c76a3"@2)
23:10:01.041 [debug] Nexus.Treasury.ProcessManagers.TransferManager confirming receipt of event: 12060
23:10:01.041 [debug] Nexus.Treasury.ProcessManagers.TransferManager received 1 event(s)
23:10:01.041 [debug] Nexus.Treasury.ProcessManagers.TransferManager is not interested in event 12061 ("9fe00755-09e8-4b98-8a3b-8f04541c64d6"@1)
23:10:01.041 [debug] Nexus.Treasury.ProcessManagers.TransferManager confirming receipt of event: 12061
23:10:01.041 [debug] Nexus.Treasury.Projectors.VaultProjector received events: [%Commanded.EventStore.RecordedEvent{event_id: "4424b9d5-34ee-466d-8f2d-50d597503cd2", event_number: 12070, stream_id: "019d0d82-cfac-7393-99b2-3e50a8c7b8f3", stream_version: 1, causation_id: "dd94d2dd-4a36-4cf8-a97b-085810f4179a", correlation_id: "426d7a85-251f-4be0-9261-ed74e5514c51", event_type: "Elixir.Nexus.ERP.Events.StatementUploaded", data: %Nexus.ERP.Events.StatementUploaded{statement_id: "019d0d82-cfac-7393-99b2-3e50a8c7b8f3", org_id: "019d0d82-cfaa-76ca-b3c7-d695fbec242f", filename: "test.csv", format: "csv", lines: [%{id: "019d0d82-cfac-710d-a7ad-5ea02366f9f3", status: "unmatched", date: "2024-02-25", metadata: %{}, currency: "USD", ref: "REF-STMT-LINE-B", amount: "-999.0", narrative: "Test matching"}], uploaded_at: "2026-03-20T23:09:29.900028Z", content_hash: "FEA32210E48AFF9FC975B88310541DF87D6707B5F282A6690CFBAF3F80434BA5"}, created_at: ~U[2026-03-20 23:09:29.900708Z], metadata: %{"causation_id" => "019d0d82-cfac-7500-8358-5b3499854dc0", "correlation_id" => "019d0d82-cfac-7500-8358-5b3499854dc0"}}]
23:10:01.041 [debug] Nexus.Treasury.Handlers.TransferExecutionHandler received events: [%Commanded.EventStore.RecordedEvent{event_id: "4c7e3364-2221-4e48-819f-2b2f462ad03a", event_number: 12065, stream_id: "019d0d82-cf98-7aa9-8b28-cd665aa2b194", stream_version: 1, causation_id: "c794ea26-2c9d-432d-b2ba-4d4e1ecdc792", correlation_id: "f1b30960-e45a-429e-a92c-39b455ddb257", event_type: "Elixir.Nexus.ERP.Events.InvoiceIngested", data: %Nexus.ERP.Events.InvoiceIngested{org_id: "019d0d82-cf96-7733-ac4a-00adadcf2bec", invoice_id: "019d0d82-cf98-7aa9-8b28-cd665aa2b194", entity_id: "ENT-INV-1001", currency: "EUR", amount: "1500.0", due_date: "2026-04-19", subsidiary: "Default", line_items: [%{description: "Test", amount: "1500.0"}], sap_document_number: "SAP-INV-1001", sap_status: "Verified", ingested_at: "2026-03-20T23:09:29.880589Z"}, created_at: ~U[2026-03-20 23:09:29.881284Z], metadata: %{"causation_id" => "019d0d82-cf98-7547-9dbc-3d87815ff46f", "correlation_id" => "019d0d82-cf98-7547-9dbc-3d87815ff46f"}}]
23:10:01.041 [debug] Nexus.Treasury.Projectors.VaultProjector confirming receipt of event #12070 of events: [%Commanded.EventStore.RecordedEvent{event_id: "4424b9d5-34ee-466d-8f2d-50d597503cd2", event_number: 12070, stream_id: "019d0d82-cfac-7393-99b2-3e50a8c7b8f3", stream_version: 1, causation_id: "dd94d2dd-4a36-4cf8-a97b-085810f4179a", correlation_id: "426d7a85-251f-4be0-9261-ed74e5514c51", event_type: "Elixir.Nexus.ERP.Events.StatementUploaded", data: %Nexus.ERP.Events.StatementUploaded{statement_id: "019d0d82-cfac-7393-99b2-3e50a8c7b8f3", org_id: "019d0d82-cfaa-76ca-b3c7-d695fbec242f", filename: "test.csv", format: "csv", lines: [%{id: "019d0d82-cfac-710d-a7ad-5ea02366f9f3", status: "unmatched", date: "2024-02-25", metadata: %{}, currency: "USD", ref: "REF-STMT-LINE-B", amount: "-999.0", narrative: "Test matching"}], uploaded_at: "2026-03-20T23:09:29.900028Z", content_hash: "FEA32210E48AFF9FC975B88310541DF87D6707B5F282A6690CFBAF3F80434BA5"}, created_at: ~U[2026-03-20 23:09:29.900708Z], metadata: %{"causation_id" => "019d0d82-cfac-7500-8358-5b3499854dc0", "correlation_id" => "019d0d82-cfac-7500-8358-5b3499854dc0"}}]
23:10:01.041 [debug] Nexus.Treasury.Handlers.TransferExecutionHandler confirming receipt of event #12065 of events: [%Commanded.EventStore.RecordedEvent{event_id: "4c7e3364-2221-4e48-819f-2b2f462ad03a", event_number: 12065, stream_id: "019d0d82-cf98-7aa9-8b28-cd665aa2b194", stream_version: 1, causation_id: "c794ea26-2c9d-432d-b2ba-4d4e1ecdc792", correlation_id: "f1b30960-e45a-429e-a92c-39b455ddb257", event_type: "Elixir.Nexus.ERP.Events.InvoiceIngested", data: %Nexus.ERP.Events.InvoiceIngested{org_id: "019d0d82-cf96-7733-ac4a-00adadcf2bec", invoice_id: "019d0d82-cf98-7aa9-8b28-cd665aa2b194", entity_id: "ENT-INV-1001", currency: "EUR", amount: "1500.0", due_date: "2026-04-19", subsidiary: "Default", line_items: [%{description: "Test", amount: "1500.0"}], sap_document_number: "SAP-INV-1001", sap_status: "Verified", ingested_at: "2026-03-20T23:09:29.880589Z"}, created_at: ~U[2026-03-20 23:09:29.881284Z], metadata: %{"causation_id" => "019d0d82-cf98-7547-9dbc-3d87815ff46f", "correlation_id" => "019d0d82-cf98-7547-9dbc-3d87815ff46f"}}]
23:10:01.041 [debug] QUERY OK source="treasury_transfers" db=0.5ms queue=0.1ms
DELETE FROM "treasury_transfers" AS t0 []
23:10:01.041 [debug] Nexus.Treasury.ProcessManagers.TransferManager received 1 event(s)
23:10:01.041 [debug] Nexus.Treasury.ProcessManagers.TransferManager is not interested in event 12062 ("9fe00755-09e8-4b98-8a3b-8f04541c64d6"@2)
23:10:01.041 [debug] Nexus.Treasury.ProcessManagers.TransferManager confirming receipt of event: 12062
23:10:01.041 [debug] Nexus.Treasury.Projectors.VaultProjector received events: [%Commanded.EventStore.RecordedEvent{event_id: "4543222c-fcf8-44dd-a2d4-19a7ba197982", event_number: 12071, stream_id: "Treasury.ReconciliationManager-019d0d82-cfaa-76ca-b3c7-d695fbec242f", stream_version: 1, causation_id: nil, correlation_id: nil, event_type: "Elixir.Nexus.ERP.Events.StatementUploaded", data: %Nexus.ERP.Events.StatementUploaded{statement_id: "019d0d82-cfac-7393-99b2-3e50a8c7b8f3", org_id: "019d0d82-cfaa-76ca-b3c7-d695fbec242f", filename: "test.csv", format: "csv", lines: [%{id: "019d0d82-cfac-710d-a7ad-5ea02366f9f3", status: "unmatched", date: "2024-02-25", metadata: %{}, currency: "USD", ref: "REF-STMT-LINE-B", amount: "-999.0", narrative: "Test matching"}], uploaded_at: "2026-03-20T23:09:29.900028Z", content_hash: "FEA32210E48AFF9FC975B88310541DF87D6707B5F282A6690CFBAF3F80434BA5"}, created_at: ~U[2026-03-20 23:09:29.909110Z], metadata: %{}}]
23:10:01.042 [debug] Nexus.Treasury.Projectors.VaultProjector confirming receipt of event #12071 of events: [%Commanded.EventStore.RecordedEvent{event_id: "4543222c-fcf8-44dd-a2d4-19a7ba197982", event_number: 12071, stream_id: "Treasury.ReconciliationManager-019d0d82-cfaa-76ca-b3c7-d695fbec242f", stream_version: 1, causation_id: nil, correlation_id: nil, event_type: "Elixir.Nexus.ERP.Events.StatementUploaded", data: %Nexus.ERP.Events.StatementUploaded{statement_id: "019d0d82-cfac-7393-99b2-3e50a8c7b8f3", org_id: "019d0d82-cfaa-76ca-b3c7-d695fbec242f", filename: "test.csv", format: "csv", lines: [%{id: "019d0d82-cfac-710d-a7ad-5ea02366f9f3", status: "unmatched", date: "2024-02-25", metadata: %{}, currency: "USD", ref: "REF-STMT-LINE-B", amount: "-999.0", narrative: "Test matching"}], uploaded_at: "2026-03-20T23:09:29.900028Z", content_hash: "FEA32210E48AFF9FC975B88310541DF87D6707B5F282A6690CFBAF3F80434BA5"}, created_at: ~U[2026-03-20 23:09:29.909110Z], metadata: %{}}]
23:10:01.042 [debug] Nexus.Treasury.Handlers.TransferExecutionHandler received events: [%Commanded.EventStore.RecordedEvent{event_id: "b7c0b50b-f5ea-42f1-a37f-5939a7aa977f", event_number: 12066, stream_id: "Treasury.ReconciliationManager-019d0d82-cf96-7733-ac4a-00adadcf2bec", stream_version: 1, causation_id: nil, correlation_id: nil, event_type: "Elixir.Nexus.ERP.Events.InvoiceIngested", data: %Nexus.ERP.Events.InvoiceIngested{org_id: "019d0d82-cf96-7733-ac4a-00adadcf2bec", invoice_id: "019d0d82-cf98-7aa9-8b28-cd665aa2b194", entity_id: "ENT-INV-1001", currency: "EUR", amount: "1500.0", due_date: "2026-04-19", subsidiary: "Default", line_items: [%{description: "Test", amount: "1500.0"}], sap_document_number: "SAP-INV-1001", sap_status: "Verified", ingested_at: "2026-03-20T23:09:29.880589Z"}, created_at: ~U[2026-03-20 23:09:29.885207Z], metadata: %{}}]
23:10:01.042 [debug] Nexus.Treasury.Handlers.TransferExecutionHandler confirming receipt of event #12066 of events: [%Commanded.EventStore.RecordedEvent{event_id: "b7c0b50b-f5ea-42f1-a37f-5939a7aa977f", event_number: 12066, stream_id: "Treasury.ReconciliationManager-019d0d82-cf96-7733-ac4a-00adadcf2bec", stream_version: 1, causation_id: nil, correlation_id: nil, event_type: "Elixir.Nexus.ERP.Events.InvoiceIngested", data: %Nexus.ERP.Events.InvoiceIngested{org_id: "019d0d82-cf96-7733-ac4a-00adadcf2bec", invoice_id: "019d0d82-cf98-7aa9-8b28-cd665aa2b194", entity_id: "ENT-INV-1001", currency: "EUR", amount: "1500.0", due_date: "2026-04-19", subsidiary: "Default", line_items: [%{description: "Test", amount: "1500.0"}], sap_document_number: "SAP-INV-1001", sap_status: "Verified", ingested_at: "2026-03-20T23:09:29.880589Z"}, created_at: ~U[2026-03-20 23:09:29.885207Z], metadata: %{}}]
23:10:01.042 [debug] Nexus.Treasury.ProcessManagers.TransferManager received 1 event(s)
23:10:01.042 [debug] Nexus.Treasury.ProcessManagers.TransferManager is not interested in event 12063 ("90c937aa-6be7-40d5-89a9-57fed0c28da0"@1)
23:10:01.042 [debug] Nexus.Treasury.ProcessManagers.TransferManager confirming receipt of event: 12063
23:10:01.042 [debug] QUERY OK source="projection_versions" db=0.4ms
DELETE FROM "projection_versions" AS p0 []
23:10:01.042 [debug] Locating aggregate process for `Nexus.Identity.Aggregates.User` with UUID "2da42fd8-a7ab-4fef-9440-e65930315ae3"
23:10:01.042 [debug] Nexus.Treasury.Projectors.VaultProjector received events: [%Commanded.EventStore.RecordedEvent{event_id: "3525fb1a-9f46-4704-b04d-5d43421dba04", event_number: 12072, stream_id: "019d0d82-cfba-71fd-a606-d27e0ad50967", stream_version: 1, causation_id: "9dbd76bc-9a4b-4579-a5f1-1fcac3e7cf5c", correlation_id: "aa3d65d1-55d2-4664-90d4-623072e4adb6", event_type: "Elixir.Nexus.ERP.Events.InvoiceIngested", data: %Nexus.ERP.Events.InvoiceIngested{org_id: "019d0d82-cfb8-7158-bd7d-4abc511a9d21", invoice_id: "019d0d82-cfba-71fd-a606-d27e0ad50967", entity_id: "ENT-INV-2000", currency: "GBP", amount: "500.0", due_date: "2026-04-19", subsidiary: "Default", line_items: [%{description: "Test", amount: "500.0"}], sap_document_number: "SAP-INV-2000", sap_status: "Verified", ingested_at: "2026-03-20T23:09:29.914520Z"}, created_at: ~U[2026-03-20 23:09:29.915212Z], metadata: %{"causation_id" => "019d0d82-cfba-7070-9b3a-9006bc0b9ea2", "correlation_id" => "019d0d82-cfba-7070-9b3a-9006bc0b9ea2"}}]
23:10:01.042 [debug] Nexus.Treasury.Handlers.TransferExecutionHandler received events: [%Commanded.EventStore.RecordedEvent{event_id: "edb022d1-dc88-4e10-9aa5-0688b2538c72", event_number: 12067, stream_id: "019d0d82-cf9e-7f9e-93b6-d82f9a5cdefd", stream_version: 1, causation_id: "a6208e89-cc24-44c8-aad9-be7e6afce792", correlation_id: "7075d0f3-eb20-41eb-a9ce-7957d46d015e", event_type: "Elixir.Nexus.ERP.Events.StatementUploaded", data: %Nexus.ERP.Events.StatementUploaded{statement_id: "019d0d82-cf9e-7f9e-93b6-d82f9a5cdefd", org_id: "019d0d82-cf96-7733-ac4a-00adadcf2bec", filename: "test.csv", format: "csv", lines: [%{id: "019d0d82-cf9e-75ab-8fb9-b39aa7df9036", status: "unmatched", date: "2024-02-25", metadata: %{}, currency: "EUR", ref: "REF-STMT-LINE-A", amount: "-1500.0", narrative: "Test matching"}], uploaded_at: "2026-03-20T23:09:29.886300Z", content_hash: "8957AFDFE9C89CCD2CD164DFCFA418288E1EC6027918D848738749767578A088"}, created_at: ~U[2026-03-20 23:09:29.886957Z], metadata: %{"causation_id" => "019d0d82-cf9e-7c27-be4b-4acf7db2472b", "correlation_id" => "019d0d82-cf9e-7c27-be4b-4acf7db2472b"}}]
23:10:01.042 [debug] Nexus.Treasury.Projectors.VaultProjector confirming receipt of event #12072 of events: [%Commanded.EventStore.RecordedEvent{event_id: "3525fb1a-9f46-4704-b04d-5d43421dba04", event_number: 12072, stream_id: "019d0d82-cfba-71fd-a606-d27e0ad50967", stream_version: 1, causation_id: "9dbd76bc-9a4b-4579-a5f1-1fcac3e7cf5c", correlation_id: "aa3d65d1-55d2-4664-90d4-623072e4adb6", event_type: "Elixir.Nexus.ERP.Events.InvoiceIngested", data: %Nexus.ERP.Events.InvoiceIngested{org_id: "019d0d82-cfb8-7158-bd7d-4abc511a9d21", invoice_id: "019d0d82-cfba-71fd-a606-d27e0ad50967", entity_id: "ENT-INV-2000", currency: "GBP", amount: "500.0", due_date: "2026-04-19", subsidiary: "Default", line_items: [%{description: "Test", amount: "500.0"}], sap_document_number: "SAP-INV-2000", sap_status: "Verified", ingested_at: "2026-03-20T23:09:29.914520Z"}, created_at: ~U[2026-03-20 23:09:29.915212Z], metadata: %{"causation_id" => "019d0d82-cfba-7070-9b3a-9006bc0b9ea2", "correlation_id" => "019d0d82-cfba-7070-9b3a-9006bc0b9ea2"}}]
23:10:01.042 [debug] Nexus.Treasury.Handlers.TransferExecutionHandler confirming receipt of event #12067 of events: [%Commanded.EventStore.RecordedEvent{event_id: "edb022d1-dc88-4e10-9aa5-0688b2538c72", event_number: 12067, stream_id: "019d0d82-cf9e-7f9e-93b6-d82f9a5cdefd", stream_version: 1, causation_id: "a6208e89-cc24-44c8-aad9-be7e6afce792", correlation_id: "7075d0f3-eb20-41eb-a9ce-7957d46d015e", event_type: "Elixir.Nexus.ERP.Events.StatementUploaded", data: %Nexus.ERP.Events.StatementUploaded{statement_id: "019d0d82-cf9e-7f9e-93b6-d82f9a5cdefd", org_id: "019d0d82-cf96-7733-ac4a-00adadcf2bec", filename: "test.csv", format: "csv", lines: [%{id: "019d0d82-cf9e-75ab-8fb9-b39aa7df9036", status: "unmatched", date: "2024-02-25", metadata: %{}, currency: "EUR", ref: "REF-STMT-LINE-A", amount: "-1500.0", narrative: "Test matching"}], uploaded_at: "2026-03-20T23:09:29.886300Z", content_hash: "8957AFDFE9C89CCD2CD164DFCFA418288E1EC6027918D848738749767578A088"}, created_at: ~U[2026-03-20 23:09:29.886957Z], metadata: %{"causation_id" => "019d0d82-cf9e-7c27-be4b-4acf7db2472b", "correlation_id" => "019d0d82-cf9e-7c27-be4b-4acf7db2472b"}}]
23:10:01.042 [debug] Nexus.Treasury.ProcessManagers.TransferManager received 1 event(s)
23:10:01.042 [debug] Nexus.Treasury.ProcessManagers.TransferManager is not interested in event 12064 ("90c937aa-6be7-40d5-89a9-57fed0c28da0"@2)
23:10:01.042 [debug] Nexus.Treasury.ProcessManagers.TransferManager confirming receipt of event: 12064
23:10:01.042 [debug] Nexus.Treasury.Projectors.VaultProjector received events: [%Commanded.EventStore.RecordedEvent{event_id: "435544ef-5edb-4aea-a3ca-f9ee33919f0d", event_number: 12073, stream_id: "Treasury.ReconciliationManager-019d0d82-cfb8-7158-bd7d-4abc511a9d21", stream_version: 1, causation_id: nil, correlation_id: nil, event_type: "Elixir.Nexus.ERP.Events.InvoiceIngested", data: %Nexus.ERP.Events.InvoiceIngested{org_id: "019d0d82-cfb8-7158-bd7d-4abc511a9d21", invoice_id: "019d0d82-cfba-71fd-a606-d27e0ad50967", entity_id: "ENT-INV-2000", currency: "GBP", amount: "500.0", due_date: "2026-04-19", subsidiary: "Default", line_items: [%{description: "Test", amount: "500.0"}], sap_document_number: "SAP-INV-2000", sap_status: "Verified", ingested_at: "2026-03-20T23:09:29.914520Z"}, created_at: ~U[2026-03-20 23:09:29.918984Z], metadata: %{}}]
23:10:01.042 [debug] Nexus.Treasury.ProcessManagers.TransferManager received 1 event(s)
23:10:01.043 [debug] Nexus.Treasury.ProcessManagers.TransferManager is not interested in event 12065 ("019d0d82-cf98-7aa9-8b28-cd665aa2b194"@1)
23:10:01.043 [debug] Nexus.Treasury.ProcessManagers.TransferManager confirming receipt of event: 12065
23:10:01.043 [debug] Nexus.Treasury.Projectors.VaultProjector confirming receipt of event #12073 of events: [%Commanded.EventStore.RecordedEvent{event_id: "435544ef-5edb-4aea-a3ca-f9ee33919f0d", event_number: 12073, stream_id: "Treasury.ReconciliationManager-019d0d82-cfb8-7158-bd7d-4abc511a9d21", stream_version: 1, causation_id: nil, correlation_id: nil, event_type: "Elixir.Nexus.ERP.Events.InvoiceIngested", data: %Nexus.ERP.Events.InvoiceIngested{org_id: "019d0d82-cfb8-7158-bd7d-4abc511a9d21", invoice_id: "019d0d82-cfba-71fd-a606-d27e0ad50967", entity_id: "ENT-INV-2000", currency: "GBP", amount: "500.0", due_date: "2026-04-19", subsidiary: "Default", line_items: [%{description: "Test", amount: "500.0"}], sap_document_number: "SAP-INV-2000", sap_status: "Verified", ingested_at: "2026-03-20T23:09:29.914520Z"}, created_at: ~U[2026-03-20 23:09:29.918984Z], metadata: %{}}]
23:10:01.043 [debug] Nexus.Treasury.Handlers.TransferExecutionHandler received events: [%Commanded.EventStore.RecordedEvent{event_id: "9923eae9-88e3-4d37-9b29-b7af550ec57b", event_number: 12068, stream_id: "019d0d82-cfa2-7c12-87bb-e0327ec7e76b", stream_version: 1, causation_id: "f86d78d5-8539-4c0d-be1b-0db9307dffa8", correlation_id: "9a581c58-36d1-4462-8b87-015ea02d30bb", event_type: "Elixir.Nexus.Treasury.Events.TransactionReconciled", data: %Nexus.Treasury.Events.TransactionReconciled{org_id: "019d0d82-cf96-7733-ac4a-00adadcf2bec", reconciliation_id: "019d0d82-cfa2-7c12-87bb-e0327ec7e76b", invoice_id: "019d0d82-cf98-7aa9-8b28-cd665aa2b194", statement_id: "019d0d82-cf9e-7f9e-93b6-d82f9a5cdefd", statement_line_id: "019d0d82-cf9e-75ab-8fb9-b39aa7df9036", amount: "1500.0", variance: nil, variance_reason: nil, actor_email: "system@nexus.ai", currency: "EUR", timestamp: "2026-03-20T23:09:29.890924Z"}, created_at: ~U[2026-03-20 23:09:29.891557Z], metadata: %{"causation_id" => "019d0d82-cfa2-74e0-9ab2-ca84f45a2499", "correlation_id" => "019d0d82-cfa2-74e0-9ab2-ca84f45a2499"}}]
23:10:01.043 [debug] Nexus.Treasury.Handlers.TransferExecutionHandler confirming receipt of event #12068 of events: [%Commanded.EventStore.RecordedEvent{event_id: "9923eae9-88e3-4d37-9b29-b7af550ec57b", event_number: 12068, stream_id: "019d0d82-cfa2-7c12-87bb-e0327ec7e76b", stream_version: 1, causation_id: "f86d78d5-8539-4c0d-be1b-0db9307dffa8", correlation_id: "9a581c58-36d1-4462-8b87-015ea02d30bb", event_type: "Elixir.Nexus.Treasury.Events.TransactionReconciled", data: %Nexus.Treasury.Events.TransactionReconciled{org_id: "019d0d82-cf96-7733-ac4a-00adadcf2bec", reconciliation_id: "019d0d82-cfa2-7c12-87bb-e0327ec7e76b", invoice_id: "019d0d82-cf98-7aa9-8b28-cd665aa2b194", statement_id: "019d0d82-cf9e-7f9e-93b6-d82f9a5cdefd", statement_line_id: "019d0d82-cf9e-75ab-8fb9-b39aa7df9036", amount: "1500.0", variance: nil, variance_reason: nil, actor_email: "system@nexus.ai", currency: "EUR", timestamp: "2026-03-20T23:09:29.890924Z"}, created_at: ~U[2026-03-20 23:09:29.891557Z], metadata: %{"causation_id" => "019d0d82-cfa2-74e0-9ab2-ca84f45a2499", "correlation_id" => "019d0d82-cfa2-74e0-9ab2-ca84f45a2499"}}]
23:10:01.043 [debug] Nexus.Identity.Aggregates.User<2da42fd8-a7ab-4fef-9440-e65930315ae3@0> executing command: %Nexus.Identity.Commands.RegisterUser{user_id: "2da42fd8-a7ab-4fef-9440-e65930315ae3", org_id: "ef931344-80c9-4e70-9a3b-9b8ea762cc4a", email: "treasurer-3ca2bd4e-ee08-4e47-b637-e208564bb986@nexus.financial", cose_key: "bW9jaw==", credential_id: "bW9jaw==", role: "treasurer", display_name: "Test Treasurer", registered_at: ~U[2026-03-20 23:10:01.042386Z]}
23:10:01.043 [debug] Nexus.Treasury.ProcessManagers.TransferManager received 1 event(s)
23:10:01.043 [debug] Nexus.Treasury.ProcessManagers.TransferManager is not interested in event 12066 ("Treasury.ReconciliationManager-019d0d82-cf96-7733-ac4a-00adadcf2bec"@1)
23:10:01.043 [debug] Nexus.Treasury.ProcessManagers.TransferManager confirming receipt of event: 12066
23:10:01.043 [debug] Nexus.Identity.Projectors.UserRegistrationProjector received events: [%Commanded.EventStore.RecordedEvent{event_id: "282ec866-f518-44ed-95f6-7a535d6c3e25", event_number: 11262, stream_id: "019d0c26-0b00-74a0-bd6d-48329cf61a57", stream_version: 1, causation_id: "d64809a4-8402-4360-8536-99b7a0f860ca", correlation_id: "e0f4b4bb-483c-4914-aaaa-956d1587d67e", event_type: "Elixir.Nexus.Identity.Events.UserRegistered", data: %Nexus.Identity.Events.UserRegistered{user_id: "019d0c26-0b00-74a0-bd6d-48329cf61a57", org_id: "019d0c26-0b00-74a0-8884-24b7b734f296", email: "test@example.com", role: "system_admin", cose_key: "Ym9vdHN0cmFwX2Nvc2Vfa2V5", credential_id: "Ym9vdHN0cmFwX2NyZWRlbnRpYWxfaWQ=", registered_at: "2026-03-20T16:48:33.024173Z", display_name: "Test User", status: "active"}, created_at: ~U[2026-03-20 16:48:33.025211Z], metadata: %{"causation_id" => "019d0c26-0b00-71d0-a1d2-041f55e92cfc", "correlation_id" => "019d0c26-0b00-71d0-a1d2-041f55e92cfc"}}]
23:10:01.043 [debug] Nexus.Treasury.Projectors.VaultProjector received events: [%Commanded.EventStore.RecordedEvent{event_id: "a8bb74e5-2381-4e4f-954b-8e49cc03d9fe", event_number: 12074, stream_id: "019d0d82-cfbf-7a3a-8ec1-bd6388d7e989", stream_version: 1, causation_id: "7bc852ec-9539-4899-b093-87881504daa5", correlation_id: "35ef9a06-e480-4eb7-9c28-373184fd9bbb", event_type: "Elixir.Nexus.ERP.Events.StatementUploaded", data: %Nexus.ERP.Events.StatementUploaded{statement_id: "019d0d82-cfbf-7a3a-8ec1-bd6388d7e989", org_id: "019d0d82-cfb8-7158-bd7d-4abc511a9d21", filename: "test.csv", format: "csv", lines: [%{id: "019d0d82-cfc0-7996-8c84-a067ee132adf", status: "unmatched", date: "2024-02-25", metadata: %{}, currency: "GBP", ref: "REF-STMT-LINE-C", amount: "-500.0", narrative: "Manual upload test"}], uploaded_at: "2026-03-20T23:09:29.919846Z", content_hash: "5E5B73C26808E626BFB8CAAE92990F8A32415AEF68A32B54AAAF6C7C0727FFA0"}, created_at: ~U[2026-03-20 23:09:29.920595Z], metadata: %{"causation_id" => "019d0d82-cfbf-7002-b566-ea3e1cc58bb9", "correlation_id" => "019d0d82-cfbf-7002-b566-ea3e1cc58bb9"}}]
23:10:01.043 [debug] Nexus.Treasury.Handlers.TransferExecutionHandler received events: [%Commanded.EventStore.RecordedEvent{event_id: "799340c3-b823-4913-921e-03f7da5b10fc", event_number: 12069, stream_id: "Treasury.ReconciliationManager-019d0d82-cf96-7733-ac4a-00adadcf2bec", stream_version: 2, causation_id: nil, correlation_id: nil, event_type: "Elixir.Nexus.ERP.Events.StatementUploaded", data: %Nexus.ERP.Events.StatementUploaded{statement_id: "019d0d82-cf9e-7f9e-93b6-d82f9a5cdefd", org_id: "019d0d82-cf96-7733-ac4a-00adadcf2bec", filename: "test.csv", format: "csv", lines: [%{id: "019d0d82-cf9e-75ab-8fb9-b39aa7df9036", status: "unmatched", date: "2024-02-25", metadata: %{}, currency: "EUR", ref: "REF-STMT-LINE-A", amount: "-1500.0", narrative: "Test matching"}], uploaded_at: "2026-03-20T23:09:29.886300Z", content_hash: "8957AFDFE9C89CCD2CD164DFCFA418288E1EC6027918D848738749767578A088"}, created_at: ~U[2026-03-20 23:09:29.895739Z], metadata: %{}}]
23:10:01.043 [debug] Nexus.Treasury.Projectors.VaultProjector confirming receipt of event #12074 of events: [%Commanded.EventStore.RecordedEvent{event_id: "a8bb74e5-2381-4e4f-954b-8e49cc03d9fe", event_number: 12074, stream_id: "019d0d82-cfbf-7a3a-8ec1-bd6388d7e989", stream_version: 1, causation_id: "7bc852ec-9539-4899-b093-87881504daa5", correlation_id: "35ef9a06-e480-4eb7-9c28-373184fd9bbb", event_type: "Elixir.Nexus.ERP.Events.StatementUploaded", data: %Nexus.ERP.Events.StatementUploaded{statement_id: "019d0d82-cfbf-7a3a-8ec1-bd6388d7e989", org_id: "019d0d82-cfb8-7158-bd7d-4abc511a9d21", filename: "test.csv", format: "csv", lines: [%{id: "019d0d82-cfc0-7996-8c84-a067ee132adf", status: "unmatched", date: "2024-02-25", metadata: %{}, currency: "GBP", ref: "REF-STMT-LINE-C", amount: "-500.0", narrative: "Manual upload test"}], uploaded_at: "2026-03-20T23:09:29.919846Z", content_hash: "5E5B73C26808E626BFB8CAAE92990F8A32415AEF68A32B54AAAF6C7C0727FFA0"}, created_at: ~U[2026-03-20 23:09:29.920595Z], metadata: %{"causation_id" => "019d0d82-cfbf-7002-b566-ea3e1cc58bb9", "correlation_id" => "019d0d82-cfbf-7002-b566-ea3e1cc58bb9"}}]
23:10:01.043 [debug] Nexus.Treasury.Handlers.TransferExecutionHandler confirming receipt of event #12069 of events: [%Commanded.EventStore.RecordedEvent{event_id: "799340c3-b823-4913-921e-03f7da5b10fc", event_number: 12069, stream_id: "Treasury.ReconciliationManager-019d0d82-cf96-7733-ac4a-00adadcf2bec", stream_version: 2, causation_id: nil, correlation_id: nil, event_type: "Elixir.Nexus.ERP.Events.StatementUploaded", data: %Nexus.ERP.Events.StatementUploaded{statement_id: "019d0d82-cf9e-7f9e-93b6-d82f9a5cdefd", org_id: "019d0d82-cf96-7733-ac4a-00adadcf2bec", filename: "test.csv", format: "csv", lines: [%{id: "019d0d82-cf9e-75ab-8fb9-b39aa7df9036", status: "unmatched", date: "2024-02-25", metadata: %{}, currency: "EUR", ref: "REF-STMT-LINE-A", amount: "-1500.0", narrative: "Test matching"}], uploaded_at: "2026-03-20T23:09:29.886300Z", content_hash: "8957AFDFE9C89CCD2CD164DFCFA418288E1EC6027918D848738749767578A088"}, created_at: ~U[2026-03-20 23:09:29.895739Z], metadata: %{}}]
23:10:01.043 [debug] QUERY OK db=0.0ms
begin []
23:10:01.043 [debug] Nexus.Treasury.ProcessManagers.TransferManager received 1 event(s)
23:10:01.043 [debug] Nexus.Treasury.ProcessManagers.TransferManager is not interested in event 12067 ("019d0d82-cf9e-7f9e-93b6-d82f9a5cdefd"@1)
23:10:01.043 [debug] Nexus.Treasury.ProcessManagers.TransferManager confirming receipt of event: 12067
23:10:01.044 [debug] Nexus.Treasury.Handlers.TransferExecutionHandler received events: [%Commanded.EventStore.RecordedEvent{event_id: "4424b9d5-34ee-466d-8f2d-50d597503cd2", event_number: 12070, stream_id: "019d0d82-cfac-7393-99b2-3e50a8c7b8f3", stream_version: 1, causation_id: "dd94d2dd-4a36-4cf8-a97b-085810f4179a", correlation_id: "426d7a85-251f-4be0-9261-ed74e5514c51", event_type: "Elixir.Nexus.ERP.Events.StatementUploaded", data: %Nexus.ERP.Events.StatementUploaded{statement_id: "019d0d82-cfac-7393-99b2-3e50a8c7b8f3", org_id: "019d0d82-cfaa-76ca-b3c7-d695fbec242f", filename: "test.csv", format: "csv", lines: [%{id: "019d0d82-cfac-710d-a7ad-5ea02366f9f3", status: "unmatched", date: "2024-02-25", metadata: %{}, currency: "USD", ref: "REF-STMT-LINE-B", amount: "-999.0", narrative: "Test matching"}], uploaded_at: "2026-03-20T23:09:29.900028Z", content_hash: "FEA32210E48AFF9FC975B88310541DF87D6707B5F282A6690CFBAF3F80434BA5"}, created_at: ~U[2026-03-20 23:09:29.900708Z], metadata: %{"causation_id" => "019d0d82-cfac-7500-8358-5b3499854dc0", "correlation_id" => "019d0d82-cfac-7500-8358-5b3499854dc0"}}]
23:10:01.044 [debug] QUERY OK source="projection_versions" db=0.3ms
INSERT INTO "projection_versions" AS p0 ("projection_name","last_seen_event_number","inserted_at","updated_at") VALUES ($1,$2,$3,$4) ON CONFLICT ("projection_name") DO UPDATE SET "last_seen_event_number" = $5 WHERE ((p0."projection_name" = $6) AND (p0."last_seen_event_number" < $7)) ["Identity.Projectors.UserRegistrationProjector", 11262, ~N[2026-03-20 23:10:01.043655], ~N[2026-03-20 23:10:01.043655], 11262, "Identity.Projectors.UserRegistrationProjector", 11262]
23:10:01.044 [debug] Nexus.Treasury.Projectors.VaultProjector received events: [%Commanded.EventStore.RecordedEvent{event_id: "5a7a7425-ef3d-43b1-b5bf-1422d70ca451", event_number: 12075, stream_id: "019d0d82-cfc4-712c-ab5c-8e366251e0c1", stream_version: 1, causation_id: "dbe54ee3-1538-4704-af45-ef6e59ef3fba", correlation_id: "9f9483ab-56ec-4142-a14a-e57f365b911e", event_type: "Elixir.Nexus.Treasury.Events.TransactionReconciled", data: %Nexus.Treasury.Events.TransactionReconciled{org_id: "019d0d82-cfb8-7158-bd7d-4abc511a9d21", reconciliation_id: "019d0d82-cfc4-712c-ab5c-8e366251e0c1", invoice_id: "019d0d82-cfba-71fd-a606-d27e0ad50967", statement_id: "019d0d82-cfbf-7a3a-8ec1-bd6388d7e989", statement_line_id: "019d0d82-cfc0-7996-8c84-a067ee132adf", amount: "500.0", variance: nil, variance_reason: nil, actor_email: "system@nexus.ai", currency: "GBP", timestamp: "2026-03-20T23:09:29.924287Z"}, created_at: ~U[2026-03-20 23:09:29.925101Z], metadata: %{"causation_id" => "019d0d82-cfc4-7273-b6ff-3563714dbf4e", "correlation_id" => "019d0d82-cfc4-7273-b6ff-3563714dbf4e"}}]
23:10:01.044 [debug] Nexus.Treasury.Handlers.TransferExecutionHandler confirming receipt of event #12070 of events: [%Commanded.EventStore.RecordedEvent{event_id: "4424b9d5-34ee-466d-8f2d-50d597503cd2", event_number: 12070, stream_id: "019d0d82-cfac-7393-99b2-3e50a8c7b8f3", stream_version: 1, causation_id: "dd94d2dd-4a36-4cf8-a97b-085810f4179a", correlation_id: "426d7a85-251f-4be0-9261-ed74e5514c51", event_type: "Elixir.Nexus.ERP.Events.StatementUploaded", data: %Nexus.ERP.Events.StatementUploaded{statement_id: "019d0d82-cfac-7393-99b2-3e50a8c7b8f3", org_id: "019d0d82-cfaa-76ca-b3c7-d695fbec242f", filename: "test.csv", format: "csv", lines: [%{id: "019d0d82-cfac-710d-a7ad-5ea02366f9f3", status: "unmatched", date: "2024-02-25", metadata: %{}, currency: "USD", ref: "REF-STMT-LINE-B", amount: "-999.0", narrative: "Test matching"}], uploaded_at: "2026-03-20T23:09:29.900028Z", content_hash: "FEA32210E48AFF9FC975B88310541DF87D6707B5F282A6690CFBAF3F80434BA5"}, created_at: ~U[2026-03-20 23:09:29.900708Z], metadata: %{"causation_id" => "019d0d82-cfac-7500-8358-5b3499854dc0", "correlation_id" => "019d0d82-cfac-7500-8358-5b3499854dc0"}}]
23:10:01.044 [debug] Nexus.Treasury.ProcessManagers.TransferManager received 1 event(s)
23:10:01.044 [debug] Nexus.Treasury.ProcessManagers.TransferManager is not interested in event 12068 ("019d0d82-cfa2-7c12-87bb-e0327ec7e76b"@1)
23:10:01.044 [debug] Nexus.Treasury.ProcessManagers.TransferManager confirming receipt of event: 12068
23:10:01.044 [debug] Nexus.Treasury.Projectors.VaultProjector confirming receipt of event #12075 of events: [%Commanded.EventStore.RecordedEvent{event_id: "5a7a7425-ef3d-43b1-b5bf-1422d70ca451", event_number: 12075, stream_id: "019d0d82-cfc4-712c-ab5c-8e366251e0c1", stream_version: 1, causation_id: "dbe54ee3-1538-4704-af45-ef6e59ef3fba", correlation_id: "9f9483ab-56ec-4142-a14a-e57f365b911e", event_type: "Elixir.Nexus.Treasury.Events.TransactionReconciled", data: %Nexus.Treasury.Events.TransactionReconciled{org_id: "019d0d82-cfb8-7158-bd7d-4abc511a9d21", reconciliation_id: "019d0d82-cfc4-712c-ab5c-8e366251e0c1", invoice_id: "019d0d82-cfba-71fd-a606-d27e0ad50967", statement_id: "019d0d82-cfbf-7a3a-8ec1-bd6388d7e989", statement_line_id: "019d0d82-cfc0-7996-8c84-a067ee132adf", amount: "500.0", variance: nil, variance_reason: nil, actor_email: "system@nexus.ai", currency: "GBP", timestamp: "2026-03-20T23:09:29.924287Z"}, created_at: ~U[2026-03-20 23:09:29.925101Z], metadata: %{"causation_id" => "019d0d82-cfc4-7273-b6ff-3563714dbf4e", "correlation_id" => "019d0d82-cfc4-7273-b6ff-3563714dbf4e"}}]
23:10:01.044 [debug] Appended 1 event(s) to stream "2da42fd8-a7ab-4fef-9440-e65930315ae3"
23:10:01.044 [debug] QUERY OK source="users" db=0.1ms
SELECT u0."id", u0."org_id", u0."email", u0."display_name", u0."status", u0."cose_key", u0."credential_id", u0."roles", u0."created_at", u0."updated_at" FROM "users" AS u0 WHERE (u0."id" = $1) ["019d0c26-0b00-74a0-bd6d-48329cf61a57"]
23:10:01.044 [debug] Listener received notification on channel "event_store.events" with payload: "2da42fd8-a7ab-4fef-9440-e65930315ae3,8628,1,1"
23:10:01.044 [debug] Listener received notification on channel "event_store.events" with payload: "$all,0,12212,12212"
23:10:01.044 [debug] Nexus.Treasury.ProcessManagers.TransferManager received 1 event(s)
23:10:01.044 [debug] Nexus.Treasury.Handlers.TransferExecutionHandler received events: [%Commanded.EventStore.RecordedEvent{event_id: "4543222c-fcf8-44dd-a2d4-19a7ba197982", event_number: 12071, stream_id: "Treasury.ReconciliationManager-019d0d82-cfaa-76ca-b3c7-d695fbec242f", stream_version: 1, causation_id: nil, correlation_id: nil, event_type: "Elixir.Nexus.ERP.Events.StatementUploaded", data: %Nexus.ERP.Events.StatementUploaded{statement_id: "019d0d82-cfac-7393-99b2-3e50a8c7b8f3", org_id: "019d0d82-cfaa-76ca-b3c7-d695fbec242f", filename: "test.csv", format: "csv", lines: [%{id: "019d0d82-cfac-710d-a7ad-5ea02366f9f3", status: "unmatched", date: "2024-02-25", metadata: %{}, currency: "USD", ref: "REF-STMT-LINE-B", amount: "-999.0", narrative: "Test matching"}], uploaded_at: "2026-03-20T23:09:29.900028Z", content_hash: "FEA32210E48AFF9FC975B88310541DF87D6707B5F282A6690CFBAF3F80434BA5"}, created_at: ~U[2026-03-20 23:09:29.909110Z], metadata: %{}}]
23:10:01.044 [debug] Nexus.Treasury.Projectors.VaultProjector received events: [%Commanded.EventStore.RecordedEvent{event_id: "1279bdaf-f099-427c-94bf-c469b6cfd955", event_number: 12076, stream_id: "Treasury.ReconciliationManager-019d0d82-cfb8-7158-bd7d-4abc511a9d21", stream_version: 2, causation_id: nil, correlation_id: nil, event_type: "Elixir.Nexus.ERP.Events.StatementUploaded", data: %Nexus.ERP.Events.StatementUploaded{statement_id: "019d0d82-cfbf-7a3a-8ec1-bd6388d7e989", org_id: "019d0d82-cfb8-7158-bd7d-4abc511a9d21", filename: "test.csv", format: "csv", lines: [%{id: "019d0d82-cfc0-7996-8c84-a067ee132adf", status: "unmatched", date: "2024-02-25", metadata: %{}, currency: "GBP", ref: "REF-STMT-LINE-C", amount: "-500.0", narrative: "Manual upload test"}], uploaded_at: "2026-03-20T23:09:29.919846Z", content_hash: "5E5B73C26808E626BFB8CAAE92990F8A32415AEF68A32B54AAAF6C7C0727FFA0"}, created_at: ~U[2026-03-20 23:09:29.928849Z], metadata: %{}}]
23:10:01.044 [info] 		[36mGiven [32mI am logged in as a "treasurer"
23:10:01.044 [debug] Nexus.Treasury.Handlers.TransferExecutionHandler confirming receipt of event #12071 of events: [%Commanded.EventStore.RecordedEvent{event_id: "4543222c-fcf8-44dd-a2d4-19a7ba197982", event_number: 12071, stream_id: "Treasury.ReconciliationManager-019d0d82-cfaa-76ca-b3c7-d695fbec242f", stream_version: 1, causation_id: nil, correlation_id: nil, event_type: "Elixir.Nexus.ERP.Events.StatementUploaded", data: %Nexus.ERP.Events.StatementUploaded{statement_id: "019d0d82-cfac-7393-99b2-3e50a8c7b8f3", org_id: "019d0d82-cfaa-76ca-b3c7-d695fbec242f", filename: "test.csv", format: "csv", lines: [%{id: "019d0d82-cfac-710d-a7ad-5ea02366f9f3", status: "unmatched", date: "2024-02-25", metadata: %{}, currency: "USD", ref: "REF-STMT-LINE-B", amount: "-999.0", narrative: "Test matching"}], uploaded_at: "2026-03-20T23:09:29.900028Z", content_hash: "FEA32210E48AFF9FC975B88310541DF87D6707B5F282A6690CFBAF3F80434BA5"}, created_at: ~U[2026-03-20 23:09:29.909110Z], metadata: %{}}]
23:10:01.044 [debug] Nexus.Treasury.Projectors.VaultProjector confirming receipt of event #12076 of events: [%Commanded.EventStore.RecordedEvent{event_id: "1279bdaf-f099-427c-94bf-c469b6cfd955", event_number: 12076, stream_id: "Treasury.ReconciliationManager-019d0d82-cfb8-7158-bd7d-4abc511a9d21", stream_version: 2, causation_id: nil, correlation_id: nil, event_type: "Elixir.Nexus.ERP.Events.StatementUploaded", data: %Nexus.ERP.Events.StatementUploaded{statement_id: "019d0d82-cfbf-7a3a-8ec1-bd6388d7e989", org_id: "019d0d82-cfb8-7158-bd7d-4abc511a9d21", filename: "test.csv", format: "csv", lines: [%{id: "019d0d82-cfc0-7996-8c84-a067ee132adf", status: "unmatched", date: "2024-02-25", metadata: %{}, currency: "GBP", ref: "REF-STMT-LINE-C", amount: "-500.0", narrative: "Manual upload test"}], uploaded_at: "2026-03-20T23:09:29.919846Z", content_hash: "5E5B73C26808E626BFB8CAAE92990F8A32415AEF68A32B54AAAF6C7C0727FFA0"}, created_at: ~U[2026-03-20 23:09:29.928849Z], metadata: %{}}]
23:10:01.044 [info] 		[36mGiven [32mI am on the "Vault Center" page
23:10:01.044 [info] 		[36mWhen [32mI click "Register Vault"
23:10:01.044 [info] 		[36mWhen [32mI enter "J.P. Morgan - Operational" as the vault name
23:10:01.044 [info] 		[36mWhen [32mI select "J.P. Morgan" as the bank
23:10:01.044 [info] 		[36mWhen [32mI select "USD" as the currency
23:10:01.044 [info] 		[36mWhen [32mI enter "US1234567890" as the account number
23:10:01.044 [debug] Locating aggregate process for `Nexus.Treasury.Aggregates.Vault` with UUID "019d0d83-4954-7c92-ab08-29d23d74b89e"
23:10:01.044 [debug] Nexus.Identity.Aggregates.User<2da42fd8-a7ab-4fef-9440-e65930315ae3@1> received events: [%Commanded.EventStore.RecordedEvent{event_id: "1929261c-1036-49bc-85d0-d711ffdbc115", event_number: 1, stream_id: "2da42fd8-a7ab-4fef-9440-e65930315ae3", stream_version: 1, causation_id: "ca1029d5-1170-429c-8f65-fdaac65cabc3", correlation_id: "1c43af81-d2fc-475c-8a15-fa657ebe5023", event_type: "Elixir.Nexus.Identity.Events.UserRegistered", data: %Nexus.Identity.Events.UserRegistered{user_id: "2da42fd8-a7ab-4fef-9440-e65930315ae3", org_id: "ef931344-80c9-4e70-9a3b-9b8ea762cc4a", email: "treasurer-3ca2bd4e-ee08-4e47-b637-e208564bb986@nexus.financial", role: "treasurer", cose_key: "bW9jaw==", credential_id: "bW9jaw==", registered_at: "2026-03-20T23:10:01.042386Z", display_name: "Test Treasurer", status: "active"}, created_at: ~U[2026-03-20 23:10:01.043534Z], metadata: %{"causation_id" => "019d0d83-4952-731b-8733-655f416afb9f", "correlation_id" => "019d0d83-4952-731b-8733-655f416afb9f"}}]
23:10:01.045 [debug] Nexus.Treasury.Projectors.VaultProjector received events: [%Commanded.EventStore.RecordedEvent{event_id: "25077787-f0e0-459e-b5df-8637853e1309", event_number: 12077, stream_id: "40d5aca6-9481-4f52-9f02-1980fd23346f", stream_version: 1, causation_id: "3ca5311d-5c29-4ca9-8cfe-398624213921", correlation_id: "3a18ef82-a1db-465e-9473-445d52b3e8ca", event_type: "Elixir.Nexus.Treasury.Events.TransferThresholdSet", data: %Nexus.Treasury.Events.TransferThresholdSet{policy_id: "40d5aca6-9481-4f52-9f02-1980fd23346f", org_id: "40d5aca6-9481-4f52-9f02-1980fd23346f", threshold: "100000", set_at: "2026-03-20T23:09:29.935727Z"}, created_at: ~U[2026-03-20 23:09:29.938189Z], metadata: %{"causation_id" => "019d0d82-cfcf-75c7-adb4-885beaa43e22", "correlation_id" => "019d0d82-cfcf-75c7-adb4-885beaa43e22"}}]
23:10:01.045 [debug] Nexus.Treasury.Projectors.VaultProjector confirming receipt of event #12077 of events: [%Commanded.EventStore.RecordedEvent{event_id: "25077787-f0e0-459e-b5df-8637853e1309", event_number: 12077, stream_id: "40d5aca6-9481-4f52-9f02-1980fd23346f", stream_version: 1, causation_id: "3ca5311d-5c29-4ca9-8cfe-398624213921", correlation_id: "3a18ef82-a1db-465e-9473-445d52b3e8ca", event_type: "Elixir.Nexus.Treasury.Events.TransferThresholdSet", data: %Nexus.Treasury.Events.TransferThresholdSet{policy_id: "40d5aca6-9481-4f52-9f02-1980fd23346f", org_id: "40d5aca6-9481-4f52-9f02-1980fd23346f", threshold: "100000", set_at: "2026-03-20T23:09:29.935727Z"}, created_at: ~U[2026-03-20 23:09:29.938189Z], metadata: %{"causation_id" => "019d0d82-cfcf-75c7-adb4-885beaa43e22", "correlation_id" => "019d0d82-cfcf-75c7-adb4-885beaa43e22"}}]
23:10:01.045 [debug] Nexus.Treasury.Projectors.TransferProjector received events: [%Commanded.EventStore.RecordedEvent{event_id: "62c6b71c-722f-4f2d-8755-429e94f0e965", event_number: 2172, stream_id: "019cca7f-79a7-7b90-938a-8ce15011f26b", stream_version: 1, causation_id: "d72ccd15-4b2a-488e-97ff-35721da3c29b", correlation_id: "e053c8f4-f9af-4815-b6f7-0a119251f0d0", event_type: "Elixir.Nexus.Treasury.Events.TransferInitiated", data: %Nexus.Treasury.Events.TransferInitiated{transfer_id: "019cca7f-79a7-7b90-938a-8ce15011f26b", org_id: "org_123", user_id: "user_456", from_currency: "EUR", to_currency: "USD", amount: "100", status: "authorized", bulk_payment_id: nil, recipient_data: nil, requested_at: "2026-03-07T22:51:17.800772Z"}, created_at: ~U[2026-03-07 22:51:17.837188Z], metadata: %{}}]
23:10:01.045 [debug] Nexus.Treasury.Handlers.TransferExecutionHandler received events: [%Commanded.EventStore.RecordedEvent{event_id: "3525fb1a-9f46-4704-b04d-5d43421dba04", event_number: 12072, stream_id: "019d0d82-cfba-71fd-a606-d27e0ad50967", stream_version: 1, causation_id: "9dbd76bc-9a4b-4579-a5f1-1fcac3e7cf5c", correlation_id: "aa3d65d1-55d2-4664-90d4-623072e4adb6", event_type: "Elixir.Nexus.ERP.Events.InvoiceIngested", data: %Nexus.ERP.Events.InvoiceIngested{org_id: "019d0d82-cfb8-7158-bd7d-4abc511a9d21", invoice_id: "019d0d82-cfba-71fd-a606-d27e0ad50967", entity_id: "ENT-INV-2000", currency: "GBP", amount: "500.0", due_date: "2026-04-19", subsidiary: "Default", line_items: [%{description: "Test", amount: "500.0"}], sap_document_number: "SAP-INV-2000", sap_status: "Verified", ingested_at: "2026-03-20T23:09:29.914520Z"}, created_at: ~U[2026-03-20 23:09:29.915212Z], metadata: %{"causation_id" => "019d0d82-cfba-7070-9b3a-9006bc0b9ea2", "correlation_id" => "019d0d82-cfba-7070-9b3a-9006bc0b9ea2"}}]
23:10:01.045 [debug] Nexus.Treasury.Handlers.TransferExecutionHandler confirming receipt of event #12072 of events: [%Commanded.EventStore.RecordedEvent{event_id: "3525fb1a-9f46-4704-b04d-5d43421dba04", event_number: 12072, stream_id: "019d0d82-cfba-71fd-a606-d27e0ad50967", stream_version: 1, causation_id: "9dbd76bc-9a4b-4579-a5f1-1fcac3e7cf5c", correlation_id: "aa3d65d1-55d2-4664-90d4-623072e4adb6", event_type: "Elixir.Nexus.ERP.Events.InvoiceIngested", data: %Nexus.ERP.Events.InvoiceIngested{org_id: "019d0d82-cfb8-7158-bd7d-4abc511a9d21", invoice_id: "019d0d82-cfba-71fd-a606-d27e0ad50967", entity_id: "ENT-INV-2000", currency: "GBP", amount: "500.0", due_date: "2026-04-19", subsidiary: "Default", line_items: [%{description: "Test", amount: "500.0"}], sap_document_number: "SAP-INV-2000", sap_status: "Verified", ingested_at: "2026-03-20T23:09:29.914520Z"}, created_at: ~U[2026-03-20 23:09:29.915212Z], metadata: %{"causation_id" => "019d0d82-cfba-7070-9b3a-9006bc0b9ea2", "correlation_id" => "019d0d82-cfba-7070-9b3a-9006bc0b9ea2"}}]
23:10:01.045 [debug] Nexus.Treasury.ProcessManagers.TransferManager is not interested in event 12069 ("Treasury.ReconciliationManager-019d0d82-cf96-7733-ac4a-00adadcf2bec"@2)
23:10:01.045 [debug] Nexus.Treasury.Aggregates.Vault<019d0d83-4954-7c92-ab08-29d23d74b89e@0> executing command: %Nexus.Treasury.Commands.RegisterVault{vault_id: "019d0d83-4954-7c92-ab08-29d23d74b89e", org_id: "ef931344-80c9-4e70-9a3b-9b8ea762cc4a", name: "J.P. Morgan - Operational - 27f29b8b-040b-42e5-bbab-7a249f2d777a", bank_name: "J.P. Morgan", account_number: "US1234567890", iban: nil, currency: "USD", provider: "mock", registered_at: ~U[2026-03-20 23:10:01.044834Z], daily_withdrawal_limit: Decimal.new("0.0"), requires_multi_sig: false}
23:10:01.045 [debug] Subscription "Identity.Projectors.UserRegistrationProjector"@"$all" received 1 event(s)
23:10:01.045 [debug] Subscription "Identity.Projectors.UserProjector"@"$all" received 1 event(s)
23:10:01.045 [debug] Subscription "Treasury.TransferProjector"@"$all" received 1 event(s)
23:10:01.045 [debug] Subscription "Treasury.VaultProjector"@"$all" received 1 event(s)
23:10:01.045 [debug] Subscription "Treasury.TransferManager"@"$all" received 1 event(s)
23:10:01.045 [debug] Subscription "Identity.Projectors.UserProjector"@"$all" is enqueueing 1 event(s)
23:10:01.045 [debug] Nexus.Treasury.Projectors.VaultProjector received events: [%Commanded.EventStore.RecordedEvent{event_id: "d4ce4387-733c-4eca-a430-da5d9f89e684", event_number: 12078, stream_id: "40d5aca6-9481-4f52-9f02-1980fd23346f", stream_version: 2, causation_id: "03e22fad-e3e4-4e41-a5e6-307994a9c3e9", correlation_id: "58441f84-1231-4ca5-9be4-34f3be75a839", event_type: "Elixir.Nexus.Treasury.Events.PolicyAlertTriggered", data: %Nexus.Treasury.Events.PolicyAlertTriggered{policy_id: "40d5aca6-9481-4f52-9f02-1980fd23346f", org_id: "40d5aca6-9481-4f52-9f02-1980fd23346f", currency_pair: "EUR/USD", exposure_amount: "120000", threshold: "100000", triggered_at: "2026-03-20T23:09:29.944211Z"}, created_at: ~U[2026-03-20 23:09:29.944561Z], metadata: %{"causation_id" => "019d0d82-cfd8-71ee-9a22-86fa828e670e", "correlation_id" => "019d0d82-cfd8-71ee-9a22-86fa828e670e"}}]
23:10:01.045 [debug] Nexus.Identity.Projectors.UserProjector received events: [%Commanded.EventStore.RecordedEvent{event_id: "1929261c-1036-49bc-85d0-d711ffdbc115", event_number: 12212, stream_id: "2da42fd8-a7ab-4fef-9440-e65930315ae3", stream_version: 1, causation_id: "ca1029d5-1170-429c-8f65-fdaac65cabc3", correlation_id: "1c43af81-d2fc-475c-8a15-fa657ebe5023", event_type: "Elixir.Nexus.Identity.Events.UserRegistered", data: %Nexus.Identity.Events.UserRegistered{user_id: "2da42fd8-a7ab-4fef-9440-e65930315ae3", org_id: "ef931344-80c9-4e70-9a3b-9b8ea762cc4a", email: "treasurer-3ca2bd4e-ee08-4e47-b637-e208564bb986@nexus.financial", role: "treasurer", cose_key: "bW9jaw==", credential_id: "bW9jaw==", registered_at: "2026-03-20T23:10:01.042386Z", display_name: "Test Treasurer", status: "active"}, created_at: ~U[2026-03-20 23:10:01.043534Z], metadata: %{"causation_id" => "019d0d83-4952-731b-8733-655f416afb9f", "correlation_id" => "019d0d83-4952-731b-8733-655f416afb9f"}}]
23:10:01.045 [debug] Nexus.Treasury.Projectors.VaultProjector confirming receipt of event #12078 of events: [%Commanded.EventStore.RecordedEvent{event_id: "d4ce4387-733c-4eca-a430-da5d9f89e684", event_number: 12078, stream_id: "40d5aca6-9481-4f52-9f02-1980fd23346f", stream_version: 2, causation_id: "03e22fad-e3e4-4e41-a5e6-307994a9c3e9", correlation_id: "58441f84-1231-4ca5-9be4-34f3be75a839", event_type: "Elixir.Nexus.Treasury.Events.PolicyAlertTriggered", data: %Nexus.Treasury.Events.PolicyAlertTriggered{policy_id: "40d5aca6-9481-4f52-9f02-1980fd23346f", org_id: "40d5aca6-9481-4f52-9f02-1980fd23346f", currency_pair: "EUR/USD", exposure_amount: "120000", threshold: "100000", triggered_at: "2026-03-20T23:09:29.944211Z"}, created_at: ~U[2026-03-20 23:09:29.944561Z], metadata: %{"causation_id" => "019d0d82-cfd8-71ee-9a22-86fa828e670e", "correlation_id" => "019d0d82-cfd8-71ee-9a22-86fa828e670e"}}]
23:10:01.045 [debug] Subscription "Treasury.TransferExecutionHandler"@"$all" received 1 event(s)
23:10:01.045 [debug] QUERY OK source="users" db=0.2ms
SELECT u0."id", u0."org_id", u0."email", u0."display_name", u0."status", u0."cose_key", u0."credential_id", u0."roles", u0."created_at", u0."updated_at" FROM "users" AS u0 WHERE (u0."email" = $1) ["test@example.com"]
23:10:01.045 [debug] Nexus.Identity.Projectors.UserProjector confirming receipt of event #12212 of events: [%Commanded.EventStore.RecordedEvent{event_id: "1929261c-1036-49bc-85d0-d711ffdbc115", event_number: 12212, stream_id: "2da42fd8-a7ab-4fef-9440-e65930315ae3", stream_version: 1, causation_id: "ca1029d5-1170-429c-8f65-fdaac65cabc3", correlation_id: "1c43af81-d2fc-475c-8a15-fa657ebe5023", event_type: "Elixir.Nexus.Identity.Events.UserRegistered", data: %Nexus.Identity.Events.UserRegistered{user_id: "2da42fd8-a7ab-4fef-9440-e65930315ae3", org_id: "ef931344-80c9-4e70-9a3b-9b8ea762cc4a", email: "treasurer-3ca2bd4e-ee08-4e47-b637-e208564bb986@nexus.financial", role: "treasurer", cose_key: "bW9jaw==", credential_id: "bW9jaw==", registered_at: "2026-03-20T23:10:01.042386Z", display_name: "Test Treasurer", status: "active"}, created_at: ~U[2026-03-20 23:10:01.043534Z], metadata: %{"causation_id" => "019d0d83-4952-731b-8733-655f416afb9f", "correlation_id" => "019d0d83-4952-731b-8733-655f416afb9f"}}]
23:10:01.045 [debug] Nexus.Treasury.Handlers.TransferExecutionHandler received events: [%Commanded.EventStore.RecordedEvent{event_id: "435544ef-5edb-4aea-a3ca-f9ee33919f0d", event_number: 12073, stream_id: "Treasury.ReconciliationManager-019d0d82-cfb8-7158-bd7d-4abc511a9d21", stream_version: 1, causation_id: nil, correlation_id: nil, event_type: "Elixir.Nexus.ERP.Events.InvoiceIngested", data: %Nexus.ERP.Events.InvoiceIngested{org_id: "019d0d82-cfb8-7158-bd7d-4abc511a9d21", invoice_id: "019d0d82-cfba-71fd-a606-d27e0ad50967", entity_id: "ENT-INV-2000", currency: "GBP", amount: "500.0", due_date: "2026-04-19", subsidiary: "Default", line_items: [%{description: "Test", amount: "500.0"}], sap_document_number: "SAP-INV-2000", sap_status: "Verified", ingested_at: "2026-03-20T23:09:29.914520Z"}, created_at: ~U[2026-03-20 23:09:29.918984Z], metadata: %{}}]
23:10:01.045 [debug] Nexus.Treasury.Handlers.TransferExecutionHandler confirming receipt of event #12073 of events: [%Commanded.EventStore.RecordedEvent{event_id: "435544ef-5edb-4aea-a3ca-f9ee33919f0d", event_number: 12073, stream_id: "Treasury.ReconciliationManager-019d0d82-cfb8-7158-bd7d-4abc511a9d21", stream_version: 1, causation_id: nil, correlation_id: nil, event_type: "Elixir.Nexus.ERP.Events.InvoiceIngested", data: %Nexus.ERP.Events.InvoiceIngested{org_id: "019d0d82-cfb8-7158-bd7d-4abc511a9d21", invoice_id: "019d0d82-cfba-71fd-a606-d27e0ad50967", entity_id: "ENT-INV-2000", currency: "GBP", amount: "500.0", due_date: "2026-04-19", subsidiary: "Default", line_items: [%{description: "Test", amount: "500.0"}], sap_document_number: "SAP-INV-2000", sap_status: "Verified", ingested_at: "2026-03-20T23:09:29.914520Z"}, created_at: ~U[2026-03-20 23:09:29.918984Z], metadata: %{}}]
23:10:01.045 [debug] QUERY OK source="users" db=0.2ms
INSERT INTO "users" ("id","status","org_id","email","display_name","roles","cose_key","credential_id","created_at","updated_at") VALUES ($1,$2,$3,$4,$5,$6,$7,$8,$9,$10) ["019d0c26-0b00-74a0-bd6d-48329cf61a57", "active", "019d0c26-0b00-74a0-8884-24b7b734f296", "test@example.com", "Test User", ["system_admin"], "bootstrap_cose_key", "bootstrap_credential_id", ~U[2026-03-20 23:10:01.045543Z], ~U[2026-03-20 23:10:01.045543Z]]
23:10:01.045 [debug] Nexus.Treasury.Projectors.VaultProjector received events: [%Commanded.EventStore.RecordedEvent{event_id: "e009d3f5-99ef-48ab-aa91-6285e3aaabcb", event_number: 12079, stream_id: "39f71cd3-699b-49bb-8114-3103890383dd", stream_version: 1, causation_id: "a21f2a16-6d34-416c-8f0a-40c8effb898d", correlation_id: "989d968e-07c2-485a-8f1b-b2a04d3a7604", event_type: "Elixir.Nexus.Treasury.Events.TransferThresholdSet", data: %Nexus.Treasury.Events.TransferThresholdSet{policy_id: "39f71cd3-699b-49bb-8114-3103890383dd", org_id: "39f71cd3-699b-49bb-8114-3103890383dd", threshold: "200000", set_at: "2026-03-20T23:09:29.949684Z"}, created_at: ~U[2026-03-20 23:09:29.950324Z], metadata: %{"causation_id" => "019d0d82-cfdd-72eb-8b9a-c34310df4dc4", "correlation_id" => "019d0d82-cfdd-72eb-8b9a-c34310df4dc4"}}]
23:10:01.045 [debug] Nexus.Treasury.Projectors.VaultProjector confirming receipt of event #12079 of events: [%Commanded.EventStore.RecordedEvent{event_id: "e009d3f5-99ef-48ab-aa91-6285e3aaabcb", event_number: 12079, stream_id: "39f71cd3-699b-49bb-8114-3103890383dd", stream_version: 1, causation_id: "a21f2a16-6d34-416c-8f0a-40c8effb898d", correlation_id: "989d968e-07c2-485a-8f1b-b2a04d3a7604", event_type: "Elixir.Nexus.Treasury.Events.TransferThresholdSet", data: %Nexus.Treasury.Events.TransferThresholdSet{policy_id: "39f71cd3-699b-49bb-8114-3103890383dd", org_id: "39f71cd3-699b-49bb-8114-3103890383dd", threshold: "200000", set_at: "2026-03-20T23:09:29.949684Z"}, created_at: ~U[2026-03-20 23:09:29.950324Z], metadata: %{"causation_id" => "019d0d82-cfdd-72eb-8b9a-c34310df4dc4", "correlation_id" => "019d0d82-cfdd-72eb-8b9a-c34310df4dc4"}}]
23:10:01.045 [debug] Nexus.Treasury.Handlers.TransferExecutionHandler received events: [%Commanded.EventStore.RecordedEvent{event_id: "a8bb74e5-2381-4e4f-954b-8e49cc03d9fe", event_number: 12074, stream_id: "019d0d82-cfbf-7a3a-8ec1-bd6388d7e989", stream_version: 1, causation_id: "7bc852ec-9539-4899-b093-87881504daa5", correlation_id: "35ef9a06-e480-4eb7-9c28-373184fd9bbb", event_type: "Elixir.Nexus.ERP.Events.StatementUploaded", data: %Nexus.ERP.Events.StatementUploaded{statement_id: "019d0d82-cfbf-7a3a-8ec1-bd6388d7e989", org_id: "019d0d82-cfb8-7158-bd7d-4abc511a9d21", filename: "test.csv", format: "csv", lines: [%{id: "019d0d82-cfc0-7996-8c84-a067ee132adf", status: "unmatched", date: "2024-02-25", metadata: %{}, currency: "GBP", ref: "REF-STMT-LINE-C", amount: "-500.0", narrative: "Manual upload test"}], uploaded_at: "2026-03-20T23:09:29.919846Z", content_hash: "5E5B73C26808E626BFB8CAAE92990F8A32415AEF68A32B54AAAF6C7C0727FFA0"}, created_at: ~U[2026-03-20 23:09:29.920595Z], metadata: %{"causation_id" => "019d0d82-cfbf-7002-b566-ea3e1cc58bb9", "correlation_id" => "019d0d82-cfbf-7002-b566-ea3e1cc58bb9"}}]
23:10:01.046 [debug] Nexus.Treasury.Handlers.TransferExecutionHandler confirming receipt of event #12074 of events: [%Commanded.EventStore.RecordedEvent{event_id: "a8bb74e5-2381-4e4f-954b-8e49cc03d9fe", event_number: 12074, stream_id: "019d0d82-cfbf-7a3a-8ec1-bd6388d7e989", stream_version: 1, causation_id: "7bc852ec-9539-4899-b093-87881504daa5", correlation_id: "35ef9a06-e480-4eb7-9c28-373184fd9bbb", event_type: "Elixir.Nexus.ERP.Events.StatementUploaded", data: %Nexus.ERP.Events.StatementUploaded{statement_id: "019d0d82-cfbf-7a3a-8ec1-bd6388d7e989", org_id: "019d0d82-cfb8-7158-bd7d-4abc511a9d21", filename: "test.csv", format: "csv", lines: [%{id: "019d0d82-cfc0-7996-8c84-a067ee132adf", status: "unmatched", date: "2024-02-25", metadata: %{}, currency: "GBP", ref: "REF-STMT-LINE-C", amount: "-500.0", narrative: "Manual upload test"}], uploaded_at: "2026-03-20T23:09:29.919846Z", content_hash: "5E5B73C26808E626BFB8CAAE92990F8A32415AEF68A32B54AAAF6C7C0727FFA0"}, created_at: ~U[2026-03-20 23:09:29.920595Z], metadata: %{"causation_id" => "019d0d82-cfbf-7002-b566-ea3e1cc58bb9", "correlation_id" => "019d0d82-cfbf-7002-b566-ea3e1cc58bb9"}}]
23:10:01.046 [debug] QUERY ERROR source="identity_user_settings" db=0.0ms
SELECT i0."id", i0."user_id", i0."org_id", i0."locale", i0."timezone", i0."notifications_enabled", i0."created_at", i0."updated_at" FROM "identity_user_settings" AS i0 WHERE (i0."id" = $1) ["019d0c26-0b00-74a0-bd6d-48329cf61a57"]
23:10:01.046 [debug] QUERY OK db=0.0ms
rollback []
23:10:01.046 [debug] Nexus.Treasury.Projectors.VaultProjector received events: [%Commanded.EventStore.RecordedEvent{event_id: "be0b8a92-0de7-4714-b320-16c06c0334eb", event_number: 12080, stream_id: "019d0d82-d021-7d98-91e9-06bc61506bf7", stream_version: 1, causation_id: "105f38e8-85bb-4739-8716-e348b4239ebb", correlation_id: "c9f2bfde-b088-4c5d-8cb5-79827949cb54", event_type: "Elixir.Nexus.Payments.Events.BulkPaymentInitiated", data: %Nexus.Payments.Events.BulkPaymentInitiated{bulk_payment_id: "019d0d82-d021-7d98-91e9-06bc61506bf7", org_id: "019d0d82-d003-78aa-9b5e-097aec0c0293", user_id: "019d0d82-d003-7811-b40e-ed8bb3328c3c", payments: [%{currency: "EUR", amount: "100.00", invoice_id: nil, recipient_name: "Target Vendor", recipient_account: "IBAN12345678"}], total_amount: "100.00", count: 1, initiated_at: "2026-03-20T23:09:30.017858Z"}, created_at: ~U[2026-03-20 23:09:30.018670Z], metadata: %{"causation_id" => "019d0d82-d021-7761-96ff-b10f898a4880", "correlation_id" => "019d0d82-d021-7761-96ff-b10f898a4880"}}]
23:10:01.046 [debug] Nexus.Treasury.Handlers.TransferExecutionHandler received events: [%Commanded.EventStore.RecordedEvent{event_id: "5a7a7425-ef3d-43b1-b5bf-1422d70ca451", event_number: 12075, stream_id: "019d0d82-cfc4-712c-ab5c-8e366251e0c1", stream_version: 1, causation_id: "dbe54ee3-1538-4704-af45-ef6e59ef3fba", correlation_id: "9f9483ab-56ec-4142-a14a-e57f365b911e", event_type: "Elixir.Nexus.Treasury.Events.TransactionReconciled", data: %Nexus.Treasury.Events.TransactionReconciled{org_id: "019d0d82-cfb8-7158-bd7d-4abc511a9d21", reconciliation_id: "019d0d82-cfc4-712c-ab5c-8e366251e0c1", invoice_id: "019d0d82-cfba-71fd-a606-d27e0ad50967", statement_id: "019d0d82-cfbf-7a3a-8ec1-bd6388d7e989", statement_line_id: "019d0d82-cfc0-7996-8c84-a067ee132adf", amount: "500.0", variance: nil, variance_reason: nil, actor_email: "system@nexus.ai", currency: "GBP", timestamp: "2026-03-20T23:09:29.924287Z"}, created_at: ~U[2026-03-20 23:09:29.925101Z], metadata: %{"causation_id" => "019d0d82-cfc4-7273-b6ff-3563714dbf4e", "correlation_id" => "019d0d82-cfc4-7273-b6ff-3563714dbf4e"}}]
23:10:01.046 [debug] Nexus.Treasury.Projectors.VaultProjector confirming receipt of event #12080 of events: [%Commanded.EventStore.RecordedEvent{event_id: "be0b8a92-0de7-4714-b320-16c06c0334eb", event_number: 12080, stream_id: "019d0d82-d021-7d98-91e9-06bc61506bf7", stream_version: 1, causation_id: "105f38e8-85bb-4739-8716-e348b4239ebb", correlation_id: "c9f2bfde-b088-4c5d-8cb5-79827949cb54", event_type: "Elixir.Nexus.Payments.Events.BulkPaymentInitiated", data: %Nexus.Payments.Events.BulkPaymentInitiated{bulk_payment_id: "019d0d82-d021-7d98-91e9-06bc61506bf7", org_id: "019d0d82-d003-78aa-9b5e-097aec0c0293", user_id: "019d0d82-d003-7811-b40e-ed8bb3328c3c", payments: [%{currency: "EUR", amount: "100.00", invoice_id: nil, recipient_name: "Target Vendor", recipient_account: "IBAN12345678"}], total_amount: "100.00", count: 1, initiated_at: "2026-03-20T23:09:30.017858Z"}, created_at: ~U[2026-03-20 23:09:30.018670Z], metadata: %{"causation_id" => "019d0d82-d021-7761-96ff-b10f898a4880", "correlation_id" => "019d0d82-d021-7761-96ff-b10f898a4880"}}]
23:10:01.046 [debug] Nexus.Treasury.Handlers.TransferExecutionHandler confirming receipt of event #12075 of events: [%Commanded.EventStore.RecordedEvent{event_id: "5a7a7425-ef3d-43b1-b5bf-1422d70ca451", event_number: 12075, stream_id: "019d0d82-cfc4-712c-ab5c-8e366251e0c1", stream_version: 1, causation_id: "dbe54ee3-1538-4704-af45-ef6e59ef3fba", correlation_id: "9f9483ab-56ec-4142-a14a-e57f365b911e", event_type: "Elixir.Nexus.Treasury.Events.TransactionReconciled", data: %Nexus.Treasury.Events.TransactionReconciled{org_id: "019d0d82-cfb8-7158-bd7d-4abc511a9d21", reconciliation_id: "019d0d82-cfc4-712c-ab5c-8e366251e0c1", invoice_id: "019d0d82-cfba-71fd-a606-d27e0ad50967", statement_id: "019d0d82-cfbf-7a3a-8ec1-bd6388d7e989", statement_line_id: "019d0d82-cfc0-7996-8c84-a067ee132adf", amount: "500.0", variance: nil, variance_reason: nil, actor_email: "system@nexus.ai", currency: "GBP", timestamp: "2026-03-20T23:09:29.924287Z"}, created_at: ~U[2026-03-20 23:09:29.925101Z], metadata: %{"causation_id" => "019d0d82-cfc4-7273-b6ff-3563714dbf4e", "correlation_id" => "019d0d82-cfc4-7273-b6ff-3563714dbf4e"}}]
23:10:01.046 [debug] Nexus.Treasury.Projectors.VaultProjector received events: [%Commanded.EventStore.RecordedEvent{event_id: "c35ed0ab-5241-408d-a4c2-884c5b3f239b", event_number: 12081, stream_id: "EUR/USD", stream_version: 140, causation_id: "abcd11b6-6ad2-4a6a-b251-1a5223dff97a", correlation_id: "e87effd7-b081-4f78-b330-2de6ef00101d", event_type: "Elixir.Nexus.Treasury.Events.MarketTickRecorded", data: %Nexus.Treasury.Events.MarketTickRecorded{pair: "EUR/USD", price: "1.0842", timestamp: "2026-03-20T23:09:30.047Z"}, created_at: ~U[2026-03-20 23:09:30.053537Z], metadata: %{"causation_id" => "019d0d82-d040-763a-a937-645868d50db5", "correlation_id" => "019d0d82-d040-763a-a937-645868d50db5"}}]
23:10:01.046 [debug] Nexus.Treasury.Handlers.TransferExecutionHandler received events: [%Commanded.EventStore.RecordedEvent{event_id: "1279bdaf-f099-427c-94bf-c469b6cfd955", event_number: 12076, stream_id: "Treasury.ReconciliationManager-019d0d82-cfb8-7158-bd7d-4abc511a9d21", stream_version: 2, causation_id: nil, correlation_id: nil, event_type: "Elixir.Nexus.ERP.Events.StatementUploaded", data: %Nexus.ERP.Events.StatementUploaded{statement_id: "019d0d82-cfbf-7a3a-8ec1-bd6388d7e989", org_id: "019d0d82-cfb8-7158-bd7d-4abc511a9d21", filename: "test.csv", format: "csv", lines: [%{id: "019d0d82-cfc0-7996-8c84-a067ee132adf", status: "unmatched", date: "2024-02-25", metadata: %{}, currency: "GBP", ref: "REF-STMT-LINE-C", amount: "-500.0", narrative: "Manual upload test"}], uploaded_at: "2026-03-20T23:09:29.919846Z", content_hash: "5E5B73C26808E626BFB8CAAE92990F8A32415AEF68A32B54AAAF6C7C0727FFA0"}, created_at: ~U[2026-03-20 23:09:29.928849Z], metadata: %{}}]
23:10:01.047 [debug] Nexus.Treasury.ProcessManagers.TransferManager confirming receipt of event: 12069
23:10:01.047 [debug] QUERY OK db=0.0ms
begin []
23:10:01.047 [error] Nexus.Identity.Projectors.UserRegistrationProjector failed to handle event:
%Commanded.EventStore.RecordedEvent{
  event_id: "282ec866-f518-44ed-95f6-7a535d6c3e25",
  event_number: 11262,
  stream_id: "019d0c26-0b00-74a0-bd6d-48329cf61a57",
  stream_version: 1,
  causation_id: "d64809a4-8402-4360-8536-99b7a0f860ca",
  correlation_id: "e0f4b4bb-483c-4914-aaaa-956d1587d67e",
  event_type: "Elixir.Nexus.Identity.Events.UserRegistered",
  data: %Nexus.Identity.Events.UserRegistered{
    user_id: "019d0c26-0b00-74a0-bd6d-48329cf61a57",
    org_id: "019d0c26-0b00-74a0-8884-24b7b734f296",
    email: "test@example.com",
    role: "system_admin",
    cose_key: "Ym9vdHN0cmFwX2Nvc2Vfa2V5",
    credential_id: "Ym9vdHN0cmFwX2NyZWRlbnRpYWxfaWQ=",
    registered_at: "2026-03-20T16:48:33.024173Z",
    display_name: "Test User",
    status: "active"
  },
  created_at: ~U[2026-03-20 16:48:33.025211Z],
  metadata: %{
    "causation_id" => "019d0c26-0b00-71d0-a1d2-041f55e92cfc",
    "correlation_id" => "019d0c26-0b00-71d0-a1d2-041f55e92cfc"
  }
}, due to:
** (Postgrex.Error) ERROR 42703 (undefined_column) column i0.id does not exist

    query: SELECT i0."id", i0."user_id", i0."org_id", i0."locale", i0."timezone", i0."notifications_enabled", i0."created_at", i0."updated_at" FROM "identity_user_settings" AS i0 WHERE (i0."id" = $1)
    (ecto_sql 3.13.4) lib/ecto/adapters/sql.ex:1113: Ecto.Adapters.SQL.raise_sql_call_error/1
    (ecto_sql 3.13.4) lib/ecto/adapters/sql.ex:1011: Ecto.Adapters.SQL.execute/6
    (ecto 3.13.5) lib/ecto/repo/queryable.ex:241: Ecto.Repo.Queryable.execute/4
    (ecto 3.13.5) lib/ecto/repo/queryable.ex:19: Ecto.Repo.Queryable.all/3
    (ecto 3.13.5) lib/ecto/repo/queryable.ex:163: Ecto.Repo.Queryable.one/3
    (nexus 0.1.0) lib/nexus/identity/projectors/user_registration_projector.ex:53: anonymous fn/3 in Nexus.Identity.Projectors.UserRegistrationProjector.project_registration/3
    (ecto 3.13.5) lib/ecto/multi.ex:905: Ecto.Multi.apply_operation/5
    (elixir 1.19.5) lib/enum.ex:2520: Enum."-reduce/3-lists^foldl/2-0-"/3
    (ecto 3.13.5) lib/ecto/multi.ex:878: anonymous fn/5 in Ecto.Multi.apply_operations/5
    (ecto_sql 3.13.4) lib/ecto/adapters/sql.ex:1473: anonymous fn/3 in Ecto.Adapters.SQL.checkout_or_transaction/4
    (db_connection 2.9.0) lib/db_connection.ex:1747: DBConnection.run_transaction/4
    (ecto 3.13.5) lib/ecto/repo/transaction.ex:30: Ecto.Repo.Transaction.transact/4
    (nexus 0.1.0) deps/commanded_ecto_projections/lib/projections/ecto.ex:97: Nexus.Identity.Projectors.UserRegistrationProjector.update_projection/3
    (commanded 1.4.9) lib/commanded/event/handler.ex:1221: Commanded.Event.Handler.delegate_event_to_handler/2
    (commanded 1.4.9) lib/commanded/event/handler.ex:1062: Commanded.Event.Handler.handle_event/3
    (elixir 1.19.5) lib/enum.ex:2520: Enum."-reduce/3-lists^foldl/2-0-"/3
    (commanded 1.4.9) lib/commanded/event/handler.ex:969: Commanded.Event.Handler.handle_info/2
    (stdlib 7.1) gen_server.erl:2434: :gen_server.try_handle_info/3
    (stdlib 7.1) gen_server.erl:2420: :gen_server.handle_msg/3
    (stdlib 7.1) proc_lib.erl:333: :proc_lib.init_p_do_apply/3

23:10:01.048 [warning] Nexus.Identity.Projectors.UserRegistrationProjector has requested to stop: %Postgrex.Error{message: nil, postgres: %{code: :undefined_column, line: "3721", message: "column i0.id does not exist", position: "8", file: "parse_relation.c", unknown: "ERROR", severity: "ERROR", pg_code: "42703", routine: "errorMissingColumn"}, connection_id: 3149, query: "SELECT i0.\"id\", i0.\"user_id\", i0.\"org_id\", i0.\"locale\", i0.\"timezone\", i0.\"notifications_enabled\", i0.\"created_at\", i0.\"updated_at\" FROM \"identity_user_settings\" AS i0 WHERE (i0.\"id\" = $1)"}
23:10:01.048 [debug] Nexus.Treasury.Projectors.VaultProjector confirming receipt of event #12081 of events: [%Commanded.EventStore.RecordedEvent{event_id: "c35ed0ab-5241-408d-a4c2-884c5b3f239b", event_number: 12081, stream_id: "EUR/USD", stream_version: 140, causation_id: "abcd11b6-6ad2-4a6a-b251-1a5223dff97a", correlation_id: "e87effd7-b081-4f78-b330-2de6ef00101d", event_type: "Elixir.Nexus.Treasury.Events.MarketTickRecorded", data: %Nexus.Treasury.Events.MarketTickRecorded{pair: "EUR/USD", price: "1.0842", timestamp: "2026-03-20T23:09:30.047Z"}, created_at: ~U[2026-03-20 23:09:30.053537Z], metadata: %{"causation_id" => "019d0d82-d040-763a-a937-645868d50db5", "correlation_id" => "019d0d82-d040-763a-a937-645868d50db5"}}]
23:10:01.048 [debug] Nexus.Identity.Projectors.UserRegistrationProjector is shutting down due to %Postgrex.Error{message: nil, postgres: %{code: :undefined_column, line: "3721", message: "column i0.id does not exist", position: "8", file: "parse_relation.c", unknown: "ERROR", severity: "ERROR", pg_code: "42703", routine: "errorMissingColumn"}, connection_id: 3149, query: "SELECT i0.\"id\", i0.\"user_id\", i0.\"org_id\", i0.\"locale\", i0.\"timezone\", i0.\"notifications_enabled\", i0.\"created_at\", i0.\"updated_at\" FROM \"identity_user_settings\" AS i0 WHERE (i0.\"id\" = $1)"}
23:10:01.048 [debug] Nexus.Treasury.Handlers.TransferExecutionHandler confirming receipt of event #12076 of events: [%Commanded.EventStore.RecordedEvent{event_id: "1279bdaf-f099-427c-94bf-c469b6cfd955", event_number: 12076, stream_id: "Treasury.ReconciliationManager-019d0d82-cfb8-7158-bd7d-4abc511a9d21", stream_version: 2, causation_id: nil, correlation_id: nil, event_type: "Elixir.Nexus.ERP.Events.StatementUploaded", data: %Nexus.ERP.Events.StatementUploaded{statement_id: "019d0d82-cfbf-7a3a-8ec1-bd6388d7e989", org_id: "019d0d82-cfb8-7158-bd7d-4abc511a9d21", filename: "test.csv", format: "csv", lines: [%{id: "019d0d82-cfc0-7996-8c84-a067ee132adf", status: "unmatched", date: "2024-02-25", metadata: %{}, currency: "GBP", ref: "REF-STMT-LINE-C", amount: "-500.0", narrative: "Manual upload test"}], uploaded_at: "2026-03-20T23:09:29.919846Z", content_hash: "5E5B73C26808E626BFB8CAAE92990F8A32415AEF68A32B54AAAF6C7C0727FFA0"}, created_at: ~U[2026-03-20 23:09:29.928849Z], metadata: %{}}]
23:10:01.048 [debug] QUERY OK source="projection_versions" db=0.1ms
INSERT INTO "projection_versions" AS p0 ("projection_name","last_seen_event_number","inserted_at","updated_at") VALUES ($1,$2,$3,$4) ON CONFLICT ("projection_name") DO UPDATE SET "last_seen_event_number" = $5 WHERE ((p0."projection_name" = $6) AND (p0."last_seen_event_number" < $7)) ["Treasury.TransferProjector", 2172, ~N[2026-03-20 23:10:01.048646], ~N[2026-03-20 23:10:01.048646], 2172, "Treasury.TransferProjector", 2172]
23:10:01.048 [error] GenServer {Nexus.App.LocalRegistry, {Nexus.App, Commanded.Event.Handler, "Identity.Projectors.UserRegistrationProjector"}} terminating
** (stop) %Postgrex.Error{message: nil, postgres: %{code: :undefined_column, line: "3721", message: "column i0.id does not exist", position: "8", file: "parse_relation.c", unknown: "ERROR", severity: "ERROR", pg_code: "42703", routine: "errorMissingColumn"}, connection_id: 3149, query: "SELECT i0.\"id\", i0.\"user_id\", i0.\"org_id\", i0.\"locale\", i0.\"timezone\", i0.\"notifications_enabled\", i0.\"created_at\", i0.\"updated_at\" FROM \"identity_user_settings\" AS i0 WHERE (i0.\"id\" = $1)"}
Last message: {:events, [%Commanded.EventStore.RecordedEvent{event_id: "282ec866-f518-44ed-95f6-7a535d6c3e25", event_number: 11262, stream_id: "019d0c26-0b00-74a0-bd6d-48329cf61a57", stream_version: 1, causation_id: "d64809a4-8402-4360-8536-99b7a0f860ca", correlation_id: "e0f4b4bb-483c-4914-aaaa-956d1587d67e", event_type: "Elixir.Nexus.Identity.Events.UserRegistered", data: %Nexus.Identity.Events.UserRegistered{user_id: "019d0c26-0b00-74a0-bd6d-48329cf61a57", org_id: "019d0c26-0b00-74a0-8884-24b7b734f296", email: "test@example.com", role: "system_admin", cose_key: "Ym9vdHN0cmFwX2Nvc2Vfa2V5", credential_id: "Ym9vdHN0cmFwX2NyZWRlbnRpYWxfaWQ=", registered_at: "2026-03-20T16:48:33.024173Z", display_name: "Test User", status: "active"}, created_at: ~U[2026-03-20 16:48:33.025211Z], metadata: %{"causation_id" => "019d0c26-0b00-71d0-a1d2-041f55e92cfc", "correlation_id" => "019d0c26-0b00-71d0-a1d2-041f55e92cfc"}}]}
State: %Commanded.Event.Handler{application: Nexus.App, consistency: :strong, handler_callback: :event, handler_name: "Identity.Projectors.UserRegistrationProjector", handler_module: Nexus.Identity.Projectors.UserRegistrationProjector, handler_state: nil, last_seen_event: nil, subscription: %Commanded.EventStore.Subscription{application: Nexus.App, backoff: {:backoff, 1000, 60000, 1000, :jitter, :undefined, :undefined}, concurrency: 1, partition_by: nil, subscribe_to: :all, subscribe_from: :origin, subscription_name: "Identity.Projectors.UserRegistrationProjector", subscription_opts: [], subscription_pid: #PID<0.2076.0>, subscription_ref: #Reference<0.504251661.3394502658.66660>}, subscribe_timer: nil}
23:10:01.048 [debug] Subscription "Identity.Projectors.UserRegistrationProjector"@"$all" subscriber #PID<0.2075.0> down due to: %Postgrex.Error{message: nil, postgres: %{code: :undefined_column, line: "3721", message: "column i0.id does not exist", position: "8", file: "parse_relation.c", unknown: "ERROR", severity: "ERROR", pg_code: "42703", routine: "errorMissingColumn"}, connection_id: 3149, query: "SELECT i0.\"id\", i0.\"user_id\", i0.\"org_id\", i0.\"locale\", i0.\"timezone\", i0.\"notifications_enabled\", i0.\"created_at\", i0.\"updated_at\" FROM \"identity_user_settings\" AS i0 WHERE (i0.\"id\" = $1)"}
23:10:01.048 [debug] Subscription "Identity.Projectors.UserRegistrationProjector"@"$all" has no subscribers, shutting down
23:10:01.049 [debug] QUERY OK db=0.1ms
rollback []
23:10:01.049 [debug] Nexus.Treasury.Projectors.VaultProjector received events: [%Commanded.EventStore.RecordedEvent{event_id: "4fe51f47-78f5-4170-9447-235c9ccd4057", event_number: 12082, stream_id: "31ac572e-796a-43d0-85db-afd12569109f", stream_version: 1, causation_id: "90003a35-52d5-40a6-a362-4891a85b1775", correlation_id: "7fdaadee-d155-48ed-8dd6-7c02408e7371", event_type: "Elixir.Nexus.Organization.Events.TenantProvisioned", data: %Nexus.Organization.Events.TenantProvisioned{org_id: "31ac572e-796a-43d0-85db-afd12569109f", name: "Global Corp-602ce2e6-a5b4-4918-ac30-8a4d6572ee56", initial_admin_email: "elena@global-corp.com", provisioned_by: "bernard", provisioned_at: "2026-03-20T23:09:30.058788Z"}, created_at: ~U[2026-03-20 23:09:30.059449Z], metadata: %{"causation_id" => "019d0d82-d04a-7a35-b733-169e8658a3f9", "correlation_id" => "019d0d82-d04a-7a35-b733-169e8658a3f9"}}]
23:10:01.049 [debug] Nexus.Treasury.Handlers.TransferExecutionHandler received events: [%Commanded.EventStore.RecordedEvent{event_id: "25077787-f0e0-459e-b5df-8637853e1309", event_number: 12077, stream_id: "40d5aca6-9481-4f52-9f02-1980fd23346f", stream_version: 1, causation_id: "3ca5311d-5c29-4ca9-8cfe-398624213921", correlation_id: "3a18ef82-a1db-465e-9473-445d52b3e8ca", event_type: "Elixir.Nexus.Treasury.Events.TransferThresholdSet", data: %Nexus.Treasury.Events.TransferThresholdSet{policy_id: "40d5aca6-9481-4f52-9f02-1980fd23346f", org_id: "40d5aca6-9481-4f52-9f02-1980fd23346f", threshold: "100000", set_at: "2026-03-20T23:09:29.935727Z"}, created_at: ~U[2026-03-20 23:09:29.938189Z], metadata: %{"causation_id" => "019d0d82-cfcf-75c7-adb4-885beaa43e22", "correlation_id" => "019d0d82-cfcf-75c7-adb4-885beaa43e22"}}]
23:10:01.049 [debug] Nexus.Treasury.ProcessManagers.TransferManager received 1 event(s)
23:10:01.049 [debug] Nexus.Treasury.ProcessManagers.TransferManager is not interested in event 12070 ("019d0d82-cfac-7393-99b2-3e50a8c7b8f3"@1)
23:10:01.049 [debug] Nexus.Treasury.Projectors.VaultProjector confirming receipt of event #12082 of events: [%Commanded.EventStore.RecordedEvent{event_id: "4fe51f47-78f5-4170-9447-235c9ccd4057", event_number: 12082, stream_id: "31ac572e-796a-43d0-85db-afd12569109f", stream_version: 1, causation_id: "90003a35-52d5-40a6-a362-4891a85b1775", correlation_id: "7fdaadee-d155-48ed-8dd6-7c02408e7371", event_type: "Elixir.Nexus.Organization.Events.TenantProvisioned", data: %Nexus.Organization.Events.TenantProvisioned{org_id: "31ac572e-796a-43d0-85db-afd12569109f", name: "Global Corp-602ce2e6-a5b4-4918-ac30-8a4d6572ee56", initial_admin_email: "elena@global-corp.com", provisioned_by: "bernard", provisioned_at: "2026-03-20T23:09:30.058788Z"}, created_at: ~U[2026-03-20 23:09:30.059449Z], metadata: %{"causation_id" => "019d0d82-d04a-7a35-b733-169e8658a3f9", "correlation_id" => "019d0d82-d04a-7a35-b733-169e8658a3f9"}}]
23:10:01.049 [debug] Nexus.Treasury.ProcessManagers.TransferManager confirming receipt of event: 12070
23:10:01.049 [debug] Nexus.Treasury.Handlers.TransferExecutionHandler confirming receipt of event #12077 of events: [%Commanded.EventStore.RecordedEvent{event_id: "25077787-f0e0-459e-b5df-8637853e1309", event_number: 12077, stream_id: "40d5aca6-9481-4f52-9f02-1980fd23346f", stream_version: 1, causation_id: "3ca5311d-5c29-4ca9-8cfe-398624213921", correlation_id: "3a18ef82-a1db-465e-9473-445d52b3e8ca", event_type: "Elixir.Nexus.Treasury.Events.TransferThresholdSet", data: %Nexus.Treasury.Events.TransferThresholdSet{policy_id: "40d5aca6-9481-4f52-9f02-1980fd23346f", org_id: "40d5aca6-9481-4f52-9f02-1980fd23346f", threshold: "100000", set_at: "2026-03-20T23:09:29.935727Z"}, created_at: ~U[2026-03-20 23:09:29.938189Z], metadata: %{"causation_id" => "019d0d82-cfcf-75c7-adb4-885beaa43e22", "correlation_id" => "019d0d82-cfcf-75c7-adb4-885beaa43e22"}}]
23:10:01.049 [error] GenServer {Nexus.EventStore.EventStore.Subscriptions.Registry, {"$all", "Identity.Projectors.UserRegistrationProjector"}} terminating
** (stop) %Postgrex.Error{message: nil, postgres: %{code: :undefined_column, line: "3721", message: "column i0.id does not exist", position: "8", file: "parse_relation.c", unknown: "ERROR", severity: "ERROR", pg_code: "42703", routine: "errorMissingColumn"}, connection_id: 3149, query: "SELECT i0.\"id\", i0.\"user_id\", i0.\"org_id\", i0.\"locale\", i0.\"timezone\", i0.\"notifications_enabled\", i0.\"created_at\", i0.\"updated_at\" FROM \"identity_user_settings\" AS i0 WHERE (i0.\"id\" = $1)"}
Last message: {:DOWN, #Reference<0.504251661.3394502657.207816>, :process, #PID<0.2075.0>, %Postgrex.Error{message: nil, postgres: %{code: :undefined_column, line: "3721", message: "column i0.id does not exist", position: "8", file: "parse_relation.c", unknown: "ERROR", severity: "ERROR", pg_code: "42703", routine: "errorMissingColumn"}, connection_id: 3149, query: "SELECT i0.\"id\", i0.\"user_id\", i0.\"org_id\", i0.\"locale\", i0.\"timezone\", i0.\"notifications_enabled\", i0.\"created_at\", i0.\"updated_at\" FROM \"identity_user_settings\" AS i0 WHERE (i0.\"id\" = $1)"}}
State: %EventStore.Subscriptions.Subscription{stream_uuid: "$all", subscription_name: "Identity.Projectors.UserRegistrationProjector", subscription: %EventStore.Subscriptions.SubscriptionFsm{state: :unsubscribed, data: %EventStore.Subscriptions.SubscriptionState{conn: Nexus.EventStore.Postgrex, event_store: Nexus.EventStore, serializer: Commanded.Serialization.JsonSerializer, schema: "event_store", stream_uuid: "$all", start_from: 0, subscription_name: "Identity.Projectors.UserRegistrationProjector", subscription_id: 405, selector: nil, mapper: &Commanded.EventStore.Adapters.EventStore.Mapper.from_recorded_event/1, max_size: 1000, partition_by: nil, query_timeout: 15000, lock_ref: #Reference<0.504251661.3394502657.207880>, last_received: 12212, last_sent: 11262, last_ack: 11261, queue_size: 950, buffer_size: 1, checkpoint_after: 0, checkpoint_threshold: 1, checkpoint_timer_ref: nil, checkpoints_pending: 0, subscribers: %{}, partitions: %{nil: {[%EventStore.RecordedEvent{event_number: 12211, event_id: "26c91b1c-3489-4662-9626-bf258e27d2e3", stream_uuid: "TransferHardeningTest.PM-019d0d83-4382-7033-9090-6bdd60a829dd", stream_version: 4, correlation_id: nil, causation_id: nil, event_type: "Elixir.Nexus.Treasury.Events.TransferAuthorized", data: %Nexus.Treasury.Events.TransferAuthorized{transfer_id: "019d0d83-4395-7bae-9664-639fd46091ae", org_id: "019d0d83-4382-7a02-a462-0a39d3bcc695", user_id: nil, actor_email: "verified-user@nexus.ai", authorized_at: "2026-03-20T23:10:00.053354Z"}, metadata: %{}, created_at: ~U[2026-03-20 23:10:00.063708Z]}, %EventStore.RecordedEvent{event_number: 12210, event_id: "373c9f91-a672-42d1-8c9f-e1c2f0bdfc8b", stream_uuid: "019d0d83-4395-7bae-9664-639fd46091ae", stream_version: 3, correlation_id: "f7eba5f5-e0a2-4a74-813e-060aba7ee172", causation_id: "321a2ba2-bd81-46fd-84ba-cf38533a7ef6", event_type: "Elixir.Nexus.Treasury.Events.TransferExecuted", data: %Nexus.Treasury.Events.TransferExecuted{transfer_id: "019d0d83-4395-7bae-9664-639fd46091ae", org_id: "019d0d83-4382-7a02-a462-0a39d3bcc695", amount: "5000000", from_currency: "EUR", to_currency: "USD", recipient_data: nil, executed_at: "2026-03-20T23:10:00.062576Z"}, metadata: %{"causation_id" => "019d0d83-457e-746b-9207-06f93de5452a", "correlation_id" => "019d0d83-457e-746b-9207-06f93de5452a"}, created_at: ~U[2026-03-20 23:10:00.062899Z]}, %EventStore.RecordedEvent{event_number: 12209, event_id: "652058b4-5066-48aa-b6f7-dbba2fc4e1b6", stream_uuid: "TransferHardeningTest.PM-019d0d83-4382-7033-9090-6bdd60a829dd", stream_version: 3, correlation_id: nil, causation_id: nil, event_type: "Elixir.Nexus.Treasury.Events.TransferInitiated", data: %Nexus.Treasury.Events.TransferInitiated{transfer_id: "019d0d83-4395-7bae-9664-639fd46091ae", org_id: "019d0d83-4382-7a02-a462-0a39d3bcc695", user_id: "019d0d83-4382-7033-9090-6bdd60a829dd", from_currency: "EUR", to_currency: "USD", amount: "5000000", status: "pending_authorization", bulk_payment_id: nil, recipient_data: nil, requested_at: "2026-03-20T23:09:59.573800Z"}, metadata: %{}, created_at: ~U[2026-03-20 23:10:00.061586Z]}, %EventStore.RecordedEvent{event_number: 12208, event_id: "c51fa440-9064-413e-a2b3-c3825d129ab0", stream_uuid: "TransferHardeningTest.PM-019d0d83-4382-7033-9090-6bdd60a829dd", stream_version: 2, correlation_id: nil, causation_id: nil, event_type: "Elixir.Nexus.Identity.Events.StepUpVerified", data: %Nexus.Identity.Events.StepUpVerified{user_id: "019d0d83-4382-7033-9090-6bdd60a829dd", org_id: "019d0d83-4382-7a02-a462-0a39d3bcc695", ...}, ...}, ...], ...}}, ...}}, ...}
23:10:01.049 [debug] Nexus.Identity.Projectors.UserRegistrationProjector is shutting down due to {%Postgrex.Error{message: nil, postgres: %{code: :undefined_column, line: "3721", message: "column i0.id does not exist", position: "8", file: "parse_relation.c", unknown: "ERROR", severity: "ERROR", pg_code: "42703", routine: "errorMissingColumn"}, connection_id: 3149, query: "SELECT i0.\"id\", i0.\"user_id\", i0.\"org_id\", i0.\"locale\", i0.\"timezone\", i0.\"notifications_enabled\", i0.\"created_at\", i0.\"updated_at\" FROM \"identity_user_settings\" AS i0 WHERE (i0.\"id\" = $1)"}, {GenServer, :call, [#PID<0.2076.0>, {:connect, #PID<0.2093.0>, [retry_interval: 60000, hibernate_after: 15000, partition_by: nil, concurrency_limit: 1, name: Nexus.EventStore, mapper: &Commanded.EventStore.Adapters.EventStore.Mapper.from_recorded_event/1, conn: Nexus.EventStore.Postgrex, event_store: Nexus.EventStore, query_timeout: 15000, schema: "event_store", serializer: Commanded.Serialization.JsonSerializer, stream_uuid: "$all", subscription_name: "Identity.Projectors.UserRegistrationProjector", start_from: 0]}, 5000]}}
23:10:01.049 [debug] Appended 1 event(s) to stream "019d0d83-4954-7c92-ab08-29d23d74b89e"
23:10:01.049 [debug] Listener received notification on channel "event_store.events" with payload: "019d0d83-4954-7c92-ab08-29d23d74b89e,8629,1,1"
23:10:01.049 [debug] Listener received notification on channel "event_store.events" with payload: "$all,0,12213,12213"
23:10:01.049 [debug] Nexus.Treasury.ProcessManagers.TransferManager received 1 event(s)
23:10:01.049 [debug] Nexus.Treasury.ProcessManagers.TransferManager is not interested in event 12071 ("Treasury.ReconciliationManager-019d0d82-cfaa-76ca-b3c7-d695fbec242f"@1)
23:10:01.049 [debug] Nexus.Treasury.Projectors.VaultProjector received events: [%Commanded.EventStore.RecordedEvent{event_id: "23882520-4d51-4c54-b4ad-f229f66a8791", event_number: 12083, stream_id: "7a36bc9b-8bbf-436b-97ed-60ac5eeac020", stream_version: 1, causation_id: "edbe0ce5-4506-411c-8fa6-a652a68807f5", correlation_id: "9fd7583c-6b61-47c3-ac9b-81d0ab6de92e", event_type: "Elixir.Nexus.Organization.Events.TenantProvisioned", data: %Nexus.Organization.Events.TenantProvisioned{org_id: "7a36bc9b-8bbf-436b-97ed-60ac5eeac020", name: "Rogue Inc-85b9db1d-62c9-4c64-b36a-7f3f7b46d6af", initial_admin_email: "dummy@example.com", provisioned_by: "not_system_admin", provisioned_at: "2026-03-20T23:09:30.064176Z"}, created_at: ~U[2026-03-20 23:09:30.064986Z], metadata: %{"causation_id" => "019d0d82-d050-7a9c-803e-b447939f9507", "correlation_id" => "019d0d82-d050-7a9c-803e-b447939f9507"}}]
23:10:01.049 [info] 		[36mWhen [32mI click "Initiate Onboarding"
23:10:01.049 [debug] Nexus.Treasury.ProcessManagers.TransferManager confirming receipt of event: 12071
23:10:01.049 [debug] Nexus.Treasury.Handlers.TransferExecutionHandler received events: [%Commanded.EventStore.RecordedEvent{event_id: "d4ce4387-733c-4eca-a430-da5d9f89e684", event_number: 12078, stream_id: "40d5aca6-9481-4f52-9f02-1980fd23346f", stream_version: 2, causation_id: "03e22fad-e3e4-4e41-a5e6-307994a9c3e9", correlation_id: "58441f84-1231-4ca5-9be4-34f3be75a839", event_type: "Elixir.Nexus.Treasury.Events.PolicyAlertTriggered", data: %Nexus.Treasury.Events.PolicyAlertTriggered{policy_id: "40d5aca6-9481-4f52-9f02-1980fd23346f", org_id: "40d5aca6-9481-4f52-9f02-1980fd23346f", currency_pair: "EUR/USD", exposure_amount: "120000", threshold: "100000", triggered_at: "2026-03-20T23:09:29.944211Z"}, created_at: ~U[2026-03-20 23:09:29.944561Z], metadata: %{"causation_id" => "019d0d82-cfd8-71ee-9a22-86fa828e670e", "correlation_id" => "019d0d82-cfd8-71ee-9a22-86fa828e670e"}}]
23:10:01.049 [info] 		[36mThen [32mI should see "Vault registration initiated successfully"
23:10:01.049 [debug] Nexus.Treasury.Projectors.VaultProjector confirming receipt of event #12083 of events: [%Commanded.EventStore.RecordedEvent{event_id: "23882520-4d51-4c54-b4ad-f229f66a8791", event_number: 12083, stream_id: "7a36bc9b-8bbf-436b-97ed-60ac5eeac020", stream_version: 1, causation_id: "edbe0ce5-4506-411c-8fa6-a652a68807f5", correlation_id: "9fd7583c-6b61-47c3-ac9b-81d0ab6de92e", event_type: "Elixir.Nexus.Organization.Events.TenantProvisioned", data: %Nexus.Organization.Events.TenantProvisioned{org_id: "7a36bc9b-8bbf-436b-97ed-60ac5eeac020", name: "Rogue Inc-85b9db1d-62c9-4c64-b36a-7f3f7b46d6af", initial_admin_email: "dummy@example.com", provisioned_by: "not_system_admin", provisioned_at: "2026-03-20T23:09:30.064176Z"}, created_at: ~U[2026-03-20 23:09:30.064986Z], metadata: %{"causation_id" => "019d0d82-d050-7a9c-803e-b447939f9507", "correlation_id" => "019d0d82-d050-7a9c-803e-b447939f9507"}}]
23:10:01.049 [debug] Nexus.Treasury.Handlers.TransferExecutionHandler confirming receipt of event #12078 of events: [%Commanded.EventStore.RecordedEvent{event_id: "d4ce4387-733c-4eca-a430-da5d9f89e684", event_number: 12078, stream_id: "40d5aca6-9481-4f52-9f02-1980fd23346f", stream_version: 2, causation_id: "03e22fad-e3e4-4e41-a5e6-307994a9c3e9", correlation_id: "58441f84-1231-4ca5-9be4-34f3be75a839", event_type: "Elixir.Nexus.Treasury.Events.PolicyAlertTriggered", data: %Nexus.Treasury.Events.PolicyAlertTriggered{policy_id: "40d5aca6-9481-4f52-9f02-1980fd23346f", org_id: "40d5aca6-9481-4f52-9f02-1980fd23346f", currency_pair: "EUR/USD", exposure_amount: "120000", threshold: "100000", triggered_at: "2026-03-20T23:09:29.944211Z"}, created_at: ~U[2026-03-20 23:09:29.944561Z], metadata: %{"causation_id" => "019d0d82-cfd8-71ee-9a22-86fa828e670e", "correlation_id" => "019d0d82-cfd8-71ee-9a22-86fa828e670e"}}]
23:10:01.050 [debug] Nexus.Treasury.ProcessManagers.TransferManager received 1 event(s)
23:10:01.050 [debug] Nexus.Treasury.ProcessManagers.TransferManager is not interested in event 12072 ("019d0d82-cfba-71fd-a606-d27e0ad50967"@1)
23:10:01.049 [error] GenServer {Nexus.App.LocalRegistry, {Nexus.App, Commanded.Event.Handler, "Identity.Projectors.UserRegistrationProjector"}} terminating
** (stop) exited in: GenServer.call(#PID<0.2076.0>, {:connect, #PID<0.2093.0>, [retry_interval: 60000, hibernate_after: 15000, partition_by: nil, concurrency_limit: 1, name: Nexus.EventStore, mapper: &Commanded.EventStore.Adapters.EventStore.Mapper.from_recorded_event/1, conn: Nexus.EventStore.Postgrex, event_store: Nexus.EventStore, query_timeout: 15000, schema: "event_store", serializer: Commanded.Serialization.JsonSerializer, stream_uuid: "$all", subscription_name: "Identity.Projectors.UserRegistrationProjector", start_from: 0]}, 5000)
    ** (EXIT) %Postgrex.Error{message: nil, postgres: %{code: :undefined_column, line: "3721", message: "column i0.id does not exist", position: "8", file: "parse_relation.c", unknown: "ERROR", severity: "ERROR", pg_code: "42703", routine: "errorMissingColumn"}, connection_id: 3149, query: "SELECT i0.\"id\", i0.\"user_id\", i0.\"org_id\", i0.\"locale\", i0.\"timezone\", i0.\"notifications_enabled\", i0.\"created_at\", i0.\"updated_at\" FROM \"identity_user_settings\" AS i0 WHERE (i0.\"id\" = $1)"}
    (elixir 1.19.5) lib/gen_server.ex:1142: GenServer.call/3
    (commanded 1.4.9) lib/commanded/event_store.ex:289: anonymous fn/2 in Commanded.EventStore.span/3
    (telemetry 1.3.0) /Users/bernard/dev/nexus/deps/telemetry/src/telemetry.erl:324: :telemetry.span/3
    (commanded 1.4.9) lib/commanded/event_store/subscription.ex:58: Commanded.EventStore.Subscription.subscribe/2
    (commanded 1.4.9) lib/commanded/event/handler.ex:1024: Commanded.Event.Handler.subscribe_to_events/1
    (commanded 1.4.9) lib/commanded/event/handler.ex:887: Commanded.Event.Handler.handle_continue/2
    (stdlib 7.1) gen_server.erl:2424: :gen_server.try_handle_continue/3
    (stdlib 7.1) gen_server.erl:2291: :gen_server.loop/4
    (stdlib 7.1) proc_lib.erl:333: :proc_lib.init_p_do_apply/3
Last message: {:continue, :subscribe_to_events}
State: %Commanded.Event.Handler{application: Nexus.App, consistency: :strong, handler_callback: :event, handler_name: "Identity.Projectors.UserRegistrationProjector", handler_module: Nexus.Identity.Projectors.UserRegistrationProjector, handler_state: nil, last_seen_event: nil, subscription: %Commanded.EventStore.Subscription{application: Nexus.App, backoff: {:backoff, 1000, 60000, 1000, :jitter, :undefined, :undefined}, concurrency: 1, partition_by: nil, subscribe_to: :all, subscribe_from: :origin, subscription_name: "Identity.Projectors.UserRegistrationProjector", subscription_opts: [], subscription_pid: nil, subscription_ref: nil}, subscribe_timer: nil}
23:10:01.050 [debug] Nexus.Treasury.ProcessManagers.TransferManager confirming receipt of event: 12072
23:10:01.050 [error] Nexus.Treasury.Projectors.TransferProjector failed to handle event:
%Commanded.EventStore.RecordedEvent{
  event_id: "62c6b71c-722f-4f2d-8755-429e94f0e965",
  event_number: 2172,
  stream_id: "019cca7f-79a7-7b90-938a-8ce15011f26b",
  stream_version: 1,
  causation_id: "d72ccd15-4b2a-488e-97ff-35721da3c29b",
  correlation_id: "e053c8f4-f9af-4815-b6f7-0a119251f0d0",
  event_type: "Elixir.Nexus.Treasury.Events.TransferInitiated",
  data: %Nexus.Treasury.Events.TransferInitiated{
    transfer_id: "019cca7f-79a7-7b90-938a-8ce15011f26b",
    org_id: "org_123",
    user_id: "user_456",
    from_currency: "EUR",
    to_currency: "USD",
    amount: "100",
    status: "authorized",
    bulk_payment_id: nil,
    recipient_data: nil,
    requested_at: "2026-03-07T22:51:17.800772Z"
  },
  created_at: ~U[2026-03-07 22:51:17.837188Z],
  metadata: %{}
}, due to:
** (Ecto.ChangeError) value `"user_456"` for `Nexus.Treasury.Projections.Transfer.user_id` in `insert` does not match type :binary_id
    (ecto 3.13.5) lib/ecto/repo/schema.ex:1301: Ecto.Repo.Schema.dump_field!/6
    (ecto 3.13.5) lib/ecto/repo/schema.ex:1310: anonymous fn/6 in Ecto.Repo.Schema.dump_fields!/5
    (stdlib 7.1) maps.erl:894: :maps.fold_1/4
    (ecto 3.13.5) lib/ecto/repo/schema.ex:1308: Ecto.Repo.Schema.dump_fields!/5
    (ecto 3.13.5) lib/ecto/repo/schema.ex:1240: Ecto.Repo.Schema.dump_changes!/7
    (ecto 3.13.5) lib/ecto/repo/schema.ex:476: anonymous fn/15 in Ecto.Repo.Schema.do_insert/4
    (ecto 3.13.5) lib/ecto/multi.ex:905: Ecto.Multi.apply_operation/5
    (elixir 1.19.5) lib/enum.ex:2520: Enum."-reduce/3-lists^foldl/2-0-"/3
    (ecto 3.13.5) lib/ecto/multi.ex:878: anonymous fn/5 in Ecto.Multi.apply_operations/5
    (ecto_sql 3.13.4) lib/ecto/adapters/sql.ex:1473: anonymous fn/3 in Ecto.Adapters.SQL.checkout_or_transaction/4
    (db_connection 2.9.0) lib/db_connection.ex:1747: DBConnection.run_transaction/4
    (ecto 3.13.5) lib/ecto/repo/transaction.ex:30: Ecto.Repo.Transaction.transact/4
    (nexus 0.1.0) deps/commanded_ecto_projections/lib/projections/ecto.ex:97: Nexus.Treasury.Projectors.TransferProjector.update_projection/3
    (commanded 1.4.9) lib/commanded/event/handler.ex:1221: Commanded.Event.Handler.delegate_event_to_handler/2
    (commanded 1.4.9) lib/commanded/event/handler.ex:1062: Commanded.Event.Handler.handle_event/3
    (elixir 1.19.5) lib/enum.ex:2520: Enum."-reduce/3-lists^foldl/2-0-"/3
    (commanded 1.4.9) lib/commanded/event/handler.ex:969: Commanded.Event.Handler.handle_info/2
    (stdlib 7.1) gen_server.erl:2434: :gen_server.try_handle_info/3
    (stdlib 7.1) gen_server.erl:2420: :gen_server.handle_msg/3
    (stdlib 7.1) proc_lib.erl:333: :proc_lib.init_p_do_apply/3

23:10:01.050 [warning] Nexus.Treasury.Projectors.TransferProjector has requested to stop: %Ecto.ChangeError{message: "value `\"user_456\"` for `Nexus.Treasury.Projections.Transfer.user_id` in `insert` does not match type :binary_id"}
23:10:01.050 [debug] Nexus.Treasury.Projectors.VaultProjector received events: [%Commanded.EventStore.RecordedEvent{event_id: "5d7a732d-7eaa-4cef-9bbd-8d4f862c76ec", event_number: 12084, stream_id: "019d0d82-d057-787a-9e8a-f5024017187d", stream_version: 1, causation_id: "eec33cbe-8163-489c-9334-c0c09cfc5aa3", correlation_id: "308420f9-7583-483b-a6ba-0e6b465171c4", event_type: "Elixir.Nexus.Identity.Events.UserRegistered", data: %Nexus.Identity.Events.UserRegistered{user_id: "019d0d82-d057-787a-9e8a-f5024017187d", org_id: "019d0d82-d057-7d1f-bcbc-c0f3a9c2947b", email: "test_019d0d82-d057-787a-9e8a-f5024017187d@nexus.ai", role: "admin", cose_key: "test_key_019d0d82-d057-787a-9e8a-f5024017187d", credential_id: "test_cred_019d0d82-d057-787a-9e8a-f5024017187d", registered_at: "2026-03-20T23:09:30.071637Z", display_name: "Test User", status: "active"}, created_at: ~U[2026-03-20 23:09:30.072629Z], metadata: %{"causation_id" => "019d0d82-d057-7d4f-821e-6d34a2678c7e", "correlation_id" => "019d0d82-d057-7d4f-821e-6d34a2678c7e"}}]
23:10:01.050 [debug] Nexus.Treasury.Projectors.TransferProjector is shutting down due to %Ecto.ChangeError{message: "value `\"user_456\"` for `Nexus.Treasury.Projections.Transfer.user_id` in `insert` does not match type :binary_id"}
23:10:01.050 [debug] Subscription "Identity.Projectors.UserRegistrationProjector"@"$all" attempting to connect subscriber #PID<0.2094.0>
23:10:01.050 [debug] QUERY OK source="treasury_vaults" db=0.1ms queue=0.3ms
SELECT t0."id", t0."org_id", t0."name", t0."bank_name", t0."account_number", t0."iban", t0."currency", t0."balance", t0."provider", t0."status", t0."daily_withdrawal_limit", t0."requires_multi_sig", t0."created_at", t0."updated_at" FROM "treasury_vaults" AS t0 WHERE ((t0."name" = $1) AND (t0."org_id" = $2)) ["J.P. Morgan - Operational - 27f29b8b-040b-42e5-bbab-7a249f2d777a", "ef931344-80c9-4e70-9a3b-9b8ea762cc4a"]
23:10:01.050 [debug] Nexus.Treasury.Handlers.TransferExecutionHandler received events: [%Commanded.EventStore.RecordedEvent{event_id: "e009d3f5-99ef-48ab-aa91-6285e3aaabcb", event_number: 12079, stream_id: "39f71cd3-699b-49bb-8114-3103890383dd", stream_version: 1, causation_id: "a21f2a16-6d34-416c-8f0a-40c8effb898d", correlation_id: "989d968e-07c2-485a-8f1b-b2a04d3a7604", event_type: "Elixir.Nexus.Treasury.Events.TransferThresholdSet", data: %Nexus.Treasury.Events.TransferThresholdSet{policy_id: "39f71cd3-699b-49bb-8114-3103890383dd", org_id: "39f71cd3-699b-49bb-8114-3103890383dd", threshold: "200000", set_at: "2026-03-20T23:09:29.949684Z"}, created_at: ~U[2026-03-20 23:09:29.950324Z], metadata: %{"causation_id" => "019d0d82-cfdd-72eb-8b9a-c34310df4dc4", "correlation_id" => "019d0d82-cfdd-72eb-8b9a-c34310df4dc4"}}]
23:10:01.050 [debug] Nexus.Treasury.Projectors.VaultProjector confirming receipt of event #12084 of events: [%Commanded.EventStore.RecordedEvent{event_id: "5d7a732d-7eaa-4cef-9bbd-8d4f862c76ec", event_number: 12084, stream_id: "019d0d82-d057-787a-9e8a-f5024017187d", stream_version: 1, causation_id: "eec33cbe-8163-489c-9334-c0c09cfc5aa3", correlation_id: "308420f9-7583-483b-a6ba-0e6b465171c4", event_type: "Elixir.Nexus.Identity.Events.UserRegistered", data: %Nexus.Identity.Events.UserRegistered{user_id: "019d0d82-d057-787a-9e8a-f5024017187d", org_id: "019d0d82-d057-7d1f-bcbc-c0f3a9c2947b", email: "test_019d0d82-d057-787a-9e8a-f5024017187d@nexus.ai", role: "admin", cose_key: "test_key_019d0d82-d057-787a-9e8a-f5024017187d", credential_id: "test_cred_019d0d82-d057-787a-9e8a-f5024017187d", registered_at: "2026-03-20T23:09:30.071637Z", display_name: "Test User", status: "active"}, created_at: ~U[2026-03-20 23:09:30.072629Z], metadata: %{"causation_id" => "019d0d82-d057-7d4f-821e-6d34a2678c7e", "correlation_id" => "019d0d82-d057-7d4f-821e-6d34a2678c7e"}}]
23:10:01.050 [debug] Nexus.Treasury.Aggregates.Vault<019d0d83-4954-7c92-ab08-29d23d74b89e@1> received events: [%Commanded.EventStore.RecordedEvent{event_id: "8465f711-7a79-4da0-b76b-80f2317a65aa", event_number: 1, stream_id: "019d0d83-4954-7c92-ab08-29d23d74b89e", stream_version: 1, causation_id: "11b95539-e26a-4a13-b08d-1bd7cb392868", correlation_id: "778f5047-f575-4aa4-b388-70766bd3fbf3", event_type: "Elixir.Nexus.Treasury.Events.VaultRegistered", data: %Nexus.Treasury.Events.VaultRegistered{vault_id: "019d0d83-4954-7c92-ab08-29d23d74b89e", org_id: "ef931344-80c9-4e70-9a3b-9b8ea762cc4a", name: "J.P. Morgan - Operational - 27f29b8b-040b-42e5-bbab-7a249f2d777a", bank_name: "J.P. Morgan", account_number: "US1234567890", iban: nil, currency: "USD", provider: "mock", registered_at: "2026-03-20T23:10:01.044834Z", daily_withdrawal_limit: "0.0", requires_multi_sig: false}, created_at: ~U[2026-03-20 23:10:01.047265Z], metadata: %{"causation_id" => "019d0d83-4954-72b6-82e4-71af823efdd9", "correlation_id" => "019d0d83-4954-72b6-82e4-71af823efdd9"}}]
23:10:01.050 [debug] Nexus.Treasury.Handlers.TransferExecutionHandler confirming receipt of event #12079 of events: [%Commanded.EventStore.RecordedEvent{event_id: "e009d3f5-99ef-48ab-aa91-6285e3aaabcb", event_number: 12079, stream_id: "39f71cd3-699b-49bb-8114-3103890383dd", stream_version: 1, causation_id: "a21f2a16-6d34-416c-8f0a-40c8effb898d", correlation_id: "989d968e-07c2-485a-8f1b-b2a04d3a7604", event_type: "Elixir.Nexus.Treasury.Events.TransferThresholdSet", data: %Nexus.Treasury.Events.TransferThresholdSet{policy_id: "39f71cd3-699b-49bb-8114-3103890383dd", org_id: "39f71cd3-699b-49bb-8114-3103890383dd", threshold: "200000", set_at: "2026-03-20T23:09:29.949684Z"}, created_at: ~U[2026-03-20 23:09:29.950324Z], metadata: %{"causation_id" => "019d0d82-cfdd-72eb-8b9a-c34310df4dc4", "correlation_id" => "019d0d82-cfdd-72eb-8b9a-c34310df4dc4"}}]
23:10:01.050 [error] GenServer {Nexus.App.LocalRegistry, {Nexus.App, Commanded.Event.Handler, "Treasury.TransferProjector"}} terminating
** (stop) %Ecto.ChangeError{message: "value `\"user_456\"` for `Nexus.Treasury.Projections.Transfer.user_id` in `insert` does not match type :binary_id"}
Last message: {:events, [%Commanded.EventStore.RecordedEvent{event_id: "62c6b71c-722f-4f2d-8755-429e94f0e965", event_number: 2172, stream_id: "019cca7f-79a7-7b90-938a-8ce15011f26b", stream_version: 1, causation_id: "d72ccd15-4b2a-488e-97ff-35721da3c29b", correlation_id: "e053c8f4-f9af-4815-b6f7-0a119251f0d0", event_type: "Elixir.Nexus.Treasury.Events.TransferInitiated", data: %Nexus.Treasury.Events.TransferInitiated{transfer_id: "019cca7f-79a7-7b90-938a-8ce15011f26b", org_id: "org_123", user_id: "user_456", from_currency: "EUR", to_currency: "USD", amount: "100", status: "authorized", bulk_payment_id: nil, recipient_data: nil, requested_at: "2026-03-07T22:51:17.800772Z"}, created_at: ~U[2026-03-07 22:51:17.837188Z], metadata: %{}}]}
State: %Commanded.Event.Handler{application: Nexus.App, consistency: :eventual, handler_callback: :event, handler_name: "Treasury.TransferProjector", handler_module: Nexus.Treasury.Projectors.TransferProjector, handler_state: nil, last_seen_event: nil, subscription: %Commanded.EventStore.Subscription{application: Nexus.App, backoff: {:backoff, 1000, 60000, 1000, :jitter, :undefined, :undefined}, concurrency: 1, partition_by: nil, subscribe_to: :all, subscribe_from: :origin, subscription_name: "Treasury.TransferProjector", subscription_opts: [], subscription_pid: #PID<0.2082.0>, subscription_ref: #Reference<0.504251661.3394502660.15686>}, subscribe_timer: nil}
23:10:01.050 [debug] Subscription "Treasury.TransferProjector"@"$all" subscriber #PID<0.2081.0> down due to: %Ecto.ChangeError{message: "value `\"user_456\"` for `Nexus.Treasury.Projections.Transfer.user_id` in `insert` does not match type :binary_id"}
23:10:01.050 [debug] Nexus.Treasury.ProcessManagers.TransferManager received 1 event(s)
23:10:01.050 [debug] Subscription "Treasury.TransferProjector"@"$all" has no subscribers, shutting down
23:10:01.050 [debug] Nexus.Treasury.ProcessManagers.TransferManager is not interested in event 12073 ("Treasury.ReconciliationManager-019d0d82-cfb8-7158-bd7d-4abc511a9d21"@1)
23:10:01.050 [debug] Nexus.Treasury.ProcessManagers.TransferManager confirming receipt of event: 12073
23:10:01.050 [debug] Subscription "Identity.Projectors.UserRegistrationProjector"@"$all" catching-up
23:10:01.050 [debug] Nexus.Treasury.Projectors.VaultProjector received events: [%Commanded.EventStore.RecordedEvent{event_id: "f6fa680a-2c80-4a02-bde0-92e48b3659a7", event_number: 12085, stream_id: "019d0d82-d06d-76cc-8b57-053e10984436", stream_version: 1, causation_id: "2ec3672e-ba2f-4f37-bf27-83a916bcb7f2", correlation_id: "aae31c2e-d812-41da-8bc1-4840ddeea367", event_type: "Elixir.Nexus.Treasury.Events.TransferInitiated", data: %Nexus.Treasury.Events.TransferInitiated{transfer_id: "019d0d82-d06d-76cc-8b57-053e10984436", org_id: "019d0d82-d057-7d1f-bcbc-c0f3a9c2947b", user_id: "019d0d82-d057-787a-9e8a-f5024017187d", from_currency: "EUR", to_currency: "USD", amount: "100", status: "authorized", bulk_payment_id: nil, recipient_data: nil, requested_at: "2026-03-20T23:09:30.093662Z"}, created_at: ~U[2026-03-20 23:09:30.094262Z], metadata: %{"causation_id" => "019d0d82-d06d-7c01-8e88-e7196963bc0d", "correlation_id" => "019d0d82-d06d-7c01-8e88-e7196963bc0d"}}]
23:10:01.050 [debug] Nexus.Treasury.Projectors.VaultProjector confirming receipt of event #12085 of events: [%Commanded.EventStore.RecordedEvent{event_id: "f6fa680a-2c80-4a02-bde0-92e48b3659a7", event_number: 12085, stream_id: "019d0d82-d06d-76cc-8b57-053e10984436", stream_version: 1, causation_id: "2ec3672e-ba2f-4f37-bf27-83a916bcb7f2", correlation_id: "aae31c2e-d812-41da-8bc1-4840ddeea367", event_type: "Elixir.Nexus.Treasury.Events.TransferInitiated", data: %Nexus.Treasury.Events.TransferInitiated{transfer_id: "019d0d82-d06d-76cc-8b57-053e10984436", org_id: "019d0d82-d057-7d1f-bcbc-c0f3a9c2947b", user_id: "019d0d82-d057-787a-9e8a-f5024017187d", from_currency: "EUR", to_currency: "USD", amount: "100", status: "authorized", bulk_payment_id: nil, recipient_data: nil, requested_at: "2026-03-20T23:09:30.093662Z"}, created_at: ~U[2026-03-20 23:09:30.094262Z], metadata: %{"causation_id" => "019d0d82-d06d-7c01-8e88-e7196963bc0d", "correlation_id" => "019d0d82-d06d-7c01-8e88-e7196963bc0d"}}]
23:10:01.050 [debug] Nexus.Identity.Projectors.UserRegistrationProjector has successfully subscribed to event store
23:10:01.051 [debug] Nexus.Treasury.ProcessManagers.TransferManager received 1 event(s)
23:10:01.050 [debug] Subscription "Identity.Projectors.UserProjector"@"$all" received 1 event(s)
23:10:01.051 [debug] Subscription "Treasury.TransferExecutionHandler"@"$all" received 1 event(s)
23:10:01.051 [debug] Nexus.Treasury.Handlers.TransferExecutionHandler received events: [%Commanded.EventStore.RecordedEvent{event_id: "be0b8a92-0de7-4714-b320-16c06c0334eb", event_number: 12080, stream_id: "019d0d82-d021-7d98-91e9-06bc61506bf7", stream_version: 1, causation_id: "105f38e8-85bb-4739-8716-e348b4239ebb", correlation_id: "c9f2bfde-b088-4c5d-8cb5-79827949cb54", event_type: "Elixir.Nexus.Payments.Events.BulkPaymentInitiated", data: %Nexus.Payments.Events.BulkPaymentInitiated{bulk_payment_id: "019d0d82-d021-7d98-91e9-06bc61506bf7", org_id: "019d0d82-d003-78aa-9b5e-097aec0c0293", user_id: "019d0d82-d003-7811-b40e-ed8bb3328c3c", payments: [%{currency: "EUR", amount: "100.00", invoice_id: nil, recipient_name: "Target Vendor", recipient_account: "IBAN12345678"}], total_amount: "100.00", count: 1, initiated_at: "2026-03-20T23:09:30.017858Z"}, created_at: ~U[2026-03-20 23:09:30.018670Z], metadata: %{"causation_id" => "019d0d82-d021-7761-96ff-b10f898a4880", "correlation_id" => "019d0d82-d021-7761-96ff-b10f898a4880"}}]
23:10:01.051 [debug] Subscription "Treasury.TransferManager"@"$all" received 1 event(s)
23:10:01.051 [debug] Nexus.Treasury.ProcessManagers.TransferManager is not interested in event 12074 ("019d0d82-cfbf-7a3a-8ec1-bd6388d7e989"@1)
23:10:01.051 [debug] Subscription "Identity.Projectors.UserProjector"@"$all" is enqueueing 1 event(s)
23:10:01.051 [debug] Nexus.Treasury.Handlers.TransferExecutionHandler confirming receipt of event #12080 of events: [%Commanded.EventStore.RecordedEvent{event_id: "be0b8a92-0de7-4714-b320-16c06c0334eb", event_number: 12080, stream_id: "019d0d82-d021-7d98-91e9-06bc61506bf7", stream_version: 1, causation_id: "105f38e8-85bb-4739-8716-e348b4239ebb", correlation_id: "c9f2bfde-b088-4c5d-8cb5-79827949cb54", event_type: "Elixir.Nexus.Payments.Events.BulkPaymentInitiated", data: %Nexus.Payments.Events.BulkPaymentInitiated{bulk_payment_id: "019d0d82-d021-7d98-91e9-06bc61506bf7", org_id: "019d0d82-d003-78aa-9b5e-097aec0c0293", user_id: "019d0d82-d003-7811-b40e-ed8bb3328c3c", payments: [%{currency: "EUR", amount: "100.00", invoice_id: nil, recipient_name: "Target Vendor", recipient_account: "IBAN12345678"}], total_amount: "100.00", count: 1, initiated_at: "2026-03-20T23:09:30.017858Z"}, created_at: ~U[2026-03-20 23:09:30.018670Z], metadata: %{"causation_id" => "019d0d82-d021-7761-96ff-b10f898a4880", "correlation_id" => "019d0d82-d021-7761-96ff-b10f898a4880"}}]
23:10:01.050 [error] GenServer {Nexus.EventStore.EventStore.Subscriptions.Registry, {"$all", "Treasury.TransferProjector"}} terminating
** (stop) %Ecto.ChangeError{message: "value `\"user_456\"` for `Nexus.Treasury.Projections.Transfer.user_id` in `insert` does not match type :binary_id"}
Last message: {:DOWN, #Reference<0.504251661.3394502657.207904>, :process, #PID<0.2081.0>, %Ecto.ChangeError{message: "value `\"user_456\"` for `Nexus.Treasury.Projections.Transfer.user_id` in `insert` does not match type :binary_id"}}
State: %EventStore.Subscriptions.Subscription{stream_uuid: "$all", subscription_name: "Treasury.TransferProjector", subscription: %EventStore.Subscriptions.SubscriptionFsm{state: :unsubscribed, data: %EventStore.Subscriptions.SubscriptionState{conn: Nexus.EventStore.Postgrex, event_store: Nexus.EventStore, serializer: Commanded.Serialization.JsonSerializer, schema: "event_store", stream_uuid: "$all", start_from: 0, subscription_name: "Treasury.TransferProjector", subscription_id: 712, selector: nil, mapper: &Commanded.EventStore.Adapters.EventStore.Mapper.from_recorded_event/1, max_size: 1000, partition_by: nil, query_timeout: 15000, lock_ref: #Reference<0.504251661.3394502658.66815>, last_received: 12212, last_sent: 2172, last_ack: 2171, queue_size: 1000, buffer_size: 1, checkpoint_after: 0, checkpoint_threshold: 1, checkpoint_timer_ref: nil, checkpoints_pending: 0, subscribers: %{}, partitions: %{nil: {[%EventStore.RecordedEvent{event_number: 3171, event_id: "8586578d-d056-4f8a-9ef5-e50055576e3d", stream_uuid: "ac7468f5-30d7-40c0-8616-11d90e0baaff", stream_version: 2, correlation_id: "39b30acd-48bc-46aa-95f6-dbca71341717", causation_id: "63e9af3a-68e5-4fcb-b1e2-45e01849c483", event_type: "Elixir.Nexus.Treasury.Events.PolicyAlertTriggered", data: %Nexus.Treasury.Events.PolicyAlertTriggered{policy_id: "ac7468f5-30d7-40c0-8616-11d90e0baaff", org_id: "ac7468f5-30d7-40c0-8616-11d90e0baaff", currency_pair: "EUR/USD", exposure_amount: "120000", threshold: "100000", triggered_at: "2026-03-11T11:11:50.245617Z"}, metadata: %{}, created_at: ~U[2026-03-11 11:11:50.246040Z]}, %EventStore.RecordedEvent{event_number: 3170, event_id: "d9b79299-4063-4885-b6d9-34698aedcb10", stream_uuid: "ac7468f5-30d7-40c0-8616-11d90e0baaff", stream_version: 1, correlation_id: "788f0b6b-0bfc-40f7-a9f1-8257a38dc3b3", causation_id: "5372e3c5-9d37-4049-b5ad-ea745c35f334", event_type: "Elixir.Nexus.Treasury.Events.TransferThresholdSet", data: %Nexus.Treasury.Events.TransferThresholdSet{policy_id: "ac7468f5-30d7-40c0-8616-11d90e0baaff", org_id: "ac7468f5-30d7-40c0-8616-11d90e0baaff", threshold: "100000", set_at: "2026-03-11T11:11:50.238725Z"}, metadata: %{}, created_at: ~U[2026-03-11 11:11:50.240394Z]}, %EventStore.RecordedEvent{event_number: 3169, event_id: "1921c76c-7123-46a0-829b-f758c37f1936", stream_uuid: "forecast-0bc9eb4f-96f1-4960-bbd1-8669f786883a", stream_version: 2, correlation_id: "6461481b-22c8-42f5-9321-fb6182c6c883", causation_id: "9495e45b-6570-4a67-8f67-a7628c22d6b5", event_type: "Elixir.Nexus.Treasury.Events.ForecastGenerated", data: %Nexus.Treasury.Events.ForecastGenerated{org_id: "0bc9eb4f-96f1-4960-bbd1-8669f786883a", currency: "EUR", horizon_days: 30, predictions: [%{date: "2026-03-03", predicted_amount: "110000.000000"}], generated_at: "2026-03-11T11:11:50.230730Z"}, metadata: %{}, created_at: ~U[2026-03-11 11:11:50.231171Z]}, %EventStore.RecordedEvent{event_number: 3168, event_id: "eb625212-2f0a-444d-8cce-9809554dfc41", stream_uuid: "forecast-0bc9eb4f-96f1-4960-bbd1-8669f786883a", stream_version: 1, correlation_id: "be901c27-d444-4708-ab95-a805d38476ef", causation_id: "b866081f-be26-453f-9b2f-ea1e9ec2d11a", event_type: "Elixir.Nexus.Treasury.Events.ForecastGenerated", data: %Nexus.Treasury.Events.ForecastGenerated{org_id: "0bc9eb4f-96f1-4960-bbd1-8669f786883a", currency: "EUR", horizon_days: 30, predictions: [%{date: "2026-03-03", predicted_amount: "100000.00"}], generated_at: "2026-03-11T11:11:50.227029Z"}, ...}, ...], ...}}, ...}}, ...}
23:10:01.051 [debug] Subscription "Treasury.VaultProjector"@"$all" received 1 event(s)
23:10:01.051 [debug] Nexus.Treasury.Projectors.VaultProjector received events: [%Commanded.EventStore.RecordedEvent{event_id: "f7be9e5e-c8b0-4fc4-93bc-231d0b3b8fc2", event_number: 12086, stream_id: "019d0d82-d06d-76cc-8b57-053e10984436", stream_version: 2, causation_id: "bd5d450c-14c5-4b07-9ca3-942c728182a6", correlation_id: "d88ef54e-7e03-434d-b8ad-d9e949e375a5", event_type: "Elixir.Nexus.Treasury.Events.TransferExecuted", data: %Nexus.Treasury.Events.TransferExecuted{transfer_id: "019d0d82-d06d-76cc-8b57-053e10984436", org_id: "019d0d82-d057-7d1f-bcbc-c0f3a9c2947b", amount: "100", from_currency: "EUR", to_currency: "USD", recipient_data: nil, executed_at: "2026-03-20T23:09:30.095908Z"}, created_at: ~U[2026-03-20 23:09:30.096260Z], metadata: %{"causation_id" => "019d0d82-d06f-77b5-abf6-6b2420cbc432", "correlation_id" => "019d0d82-d06f-77b5-abf6-6b2420cbc432"}}]
23:10:01.051 [debug] Nexus.Treasury.ProcessManagers.TransferManager confirming receipt of event: 12074
23:10:01.051 [debug] Nexus.Treasury.Projectors.VaultProjector confirming receipt of event #12086 of events: [%Commanded.EventStore.RecordedEvent{event_id: "f7be9e5e-c8b0-4fc4-93bc-231d0b3b8fc2", event_number: 12086, stream_id: "019d0d82-d06d-76cc-8b57-053e10984436", stream_version: 2, causation_id: "bd5d450c-14c5-4b07-9ca3-942c728182a6", correlation_id: "d88ef54e-7e03-434d-b8ad-d9e949e375a5", event_type: "Elixir.Nexus.Treasury.Events.TransferExecuted", data: %Nexus.Treasury.Events.TransferExecuted{transfer_id: "019d0d82-d06d-76cc-8b57-053e10984436", org_id: "019d0d82-d057-7d1f-bcbc-c0f3a9c2947b", amount: "100", from_currency: "EUR", to_currency: "USD", recipient_data: nil, executed_at: "2026-03-20T23:09:30.095908Z"}, created_at: ~U[2026-03-20 23:09:30.096260Z], metadata: %{"causation_id" => "019d0d82-d06f-77b5-abf6-6b2420cbc432", "correlation_id" => "019d0d82-d06f-77b5-abf6-6b2420cbc432"}}]
23:10:01.051 [debug] Nexus.Identity.Projectors.UserProjector received events: [%Commanded.EventStore.RecordedEvent{event_id: "8465f711-7a79-4da0-b76b-80f2317a65aa", event_number: 12213, stream_id: "019d0d83-4954-7c92-ab08-29d23d74b89e", stream_version: 1, causation_id: "11b95539-e26a-4a13-b08d-1bd7cb392868", correlation_id: "778f5047-f575-4aa4-b388-70766bd3fbf3", event_type: "Elixir.Nexus.Treasury.Events.VaultRegistered", data: %Nexus.Treasury.Events.VaultRegistered{vault_id: "019d0d83-4954-7c92-ab08-29d23d74b89e", org_id: "ef931344-80c9-4e70-9a3b-9b8ea762cc4a", name: "J.P. Morgan - Operational - 27f29b8b-040b-42e5-bbab-7a249f2d777a", bank_name: "J.P. Morgan", account_number: "US1234567890", iban: nil, currency: "USD", provider: "mock", registered_at: "2026-03-20T23:10:01.044834Z", daily_withdrawal_limit: "0.0", requires_multi_sig: false}, created_at: ~U[2026-03-20 23:10:01.047265Z], metadata: %{"causation_id" => "019d0d83-4954-72b6-82e4-71af823efdd9", "correlation_id" => "019d0d83-4954-72b6-82e4-71af823efdd9"}}]
23:10:01.051 [debug] Nexus.Treasury.Projectors.TransferProjector is shutting down due to {%Ecto.ChangeError{message: "value `\"user_456\"` for `Nexus.Treasury.Projections.Transfer.user_id` in `insert` does not match type :binary_id"}, {GenServer, :call, [#PID<0.2082.0>, {:connect, #PID<0.2096.0>, [retry_interval: 60000, hibernate_after: 15000, partition_by: nil, concurrency_limit: 1, name: Nexus.EventStore, mapper: &Commanded.EventStore.Adapters.EventStore.Mapper.from_recorded_event/1, conn: Nexus.EventStore.Postgrex, event_store: Nexus.EventStore, query_timeout: 15000, schema: "event_store", serializer: Commanded.Serialization.JsonSerializer, stream_uuid: "$all", subscription_name: "Treasury.TransferProjector", start_from: 0]}, 5000]}}
23:10:01.051 [debug] Nexus.Identity.Projectors.UserProjector confirming receipt of event #12213 of events: [%Commanded.EventStore.RecordedEvent{event_id: "8465f711-7a79-4da0-b76b-80f2317a65aa", event_number: 12213, stream_id: "019d0d83-4954-7c92-ab08-29d23d74b89e", stream_version: 1, causation_id: "11b95539-e26a-4a13-b08d-1bd7cb392868", correlation_id: "778f5047-f575-4aa4-b388-70766bd3fbf3", event_type: "Elixir.Nexus.Treasury.Events.VaultRegistered", data: %Nexus.Treasury.Events.VaultRegistered{vault_id: "019d0d83-4954-7c92-ab08-29d23d74b89e", org_id: "ef931344-80c9-4e70-9a3b-9b8ea762cc4a", name: "J.P. Morgan - Operational - 27f29b8b-040b-42e5-bbab-7a249f2d777a", bank_name: "J.P. Morgan", account_number: "US1234567890", iban: nil, currency: "USD", provider: "mock", registered_at: "2026-03-20T23:10:01.044834Z", daily_withdrawal_limit: "0.0", requires_multi_sig: false}, created_at: ~U[2026-03-20 23:10:01.047265Z], metadata: %{"causation_id" => "019d0d83-4954-72b6-82e4-71af823efdd9", "correlation_id" => "019d0d83-4954-72b6-82e4-71af823efdd9"}}]
23:10:01.051 [debug] Nexus.Treasury.ProcessManagers.TransferManager received 1 event(s)
23:10:01.051 [debug] Nexus.Treasury.ProcessManagers.TransferManager is not interested in event 12075 ("019d0d82-cfc4-712c-ab5c-8e366251e0c1"@1)
23:10:01.051 [debug] Nexus.Treasury.ProcessManagers.TransferManager confirming receipt of event: 12075
23:10:01.052 [debug] Nexus.Treasury.Handlers.TransferExecutionHandler received events: [%Commanded.EventStore.RecordedEvent{event_id: "c35ed0ab-5241-408d-a4c2-884c5b3f239b", event_number: 12081, stream_id: "EUR/USD", stream_version: 140, causation_id: "abcd11b6-6ad2-4a6a-b251-1a5223dff97a", correlation_id: "e87effd7-b081-4f78-b330-2de6ef00101d", event_type: "Elixir.Nexus.Treasury.Events.MarketTickRecorded", data: %Nexus.Treasury.Events.MarketTickRecorded{pair: "EUR/USD", price: "1.0842", timestamp: "2026-03-20T23:09:30.047Z"}, created_at: ~U[2026-03-20 23:09:30.053537Z], metadata: %{"causation_id" => "019d0d82-d040-763a-a937-645868d50db5", "correlation_id" => "019d0d82-d040-763a-a937-645868d50db5"}}]
23:10:01.052 [debug] Nexus.Treasury.Projectors.VaultProjector received events: [%Commanded.EventStore.RecordedEvent{event_id: "1c25ee23-61cc-4dec-bfed-a4a602759637", event_number: 12087, stream_id: "TransferHardeningTest.PM-019d0d82-d057-787a-9e8a-f5024017187d", stream_version: 1, causation_id: nil, correlation_id: nil, event_type: "Elixir.Nexus.Treasury.Events.TransferInitiated", data: %Nexus.Treasury.Events.TransferInitiated{transfer_id: "019d0d82-d06d-76cc-8b57-053e10984436", org_id: "019d0d82-d057-7d1f-bcbc-c0f3a9c2947b", user_id: "019d0d82-d057-787a-9e8a-f5024017187d", from_currency: "EUR", to_currency: "USD", amount: "100", status: "authorized", bulk_payment_id: nil, recipient_data: nil, requested_at: "2026-03-20T23:09:30.093662Z"}, created_at: ~U[2026-03-20 23:09:30.097165Z], metadata: %{}}]
23:10:01.052 [debug] Nexus.Treasury.Handlers.TransferExecutionHandler confirming receipt of event #12081 of events: [%Commanded.EventStore.RecordedEvent{event_id: "c35ed0ab-5241-408d-a4c2-884c5b3f239b", event_number: 12081, stream_id: "EUR/USD", stream_version: 140, causation_id: "abcd11b6-6ad2-4a6a-b251-1a5223dff97a", correlation_id: "e87effd7-b081-4f78-b330-2de6ef00101d", event_type: "Elixir.Nexus.Treasury.Events.MarketTickRecorded", data: %Nexus.Treasury.Events.MarketTickRecorded{pair: "EUR/USD", price: "1.0842", timestamp: "2026-03-20T23:09:30.047Z"}, created_at: ~U[2026-03-20 23:09:30.053537Z], metadata: %{"causation_id" => "019d0d82-d040-763a-a937-645868d50db5", "correlation_id" => "019d0d82-d040-763a-a937-645868d50db5"}}]
23:10:01.052 [debug] Nexus.Treasury.Projectors.VaultProjector confirming receipt of event #12087 of events: [%Commanded.EventStore.RecordedEvent{event_id: "1c25ee23-61cc-4dec-bfed-a4a602759637", event_number: 12087, stream_id: "TransferHardeningTest.PM-019d0d82-d057-787a-9e8a-f5024017187d", stream_version: 1, causation_id: nil, correlation_id: nil, event_type: "Elixir.Nexus.Treasury.Events.TransferInitiated", data: %Nexus.Treasury.Events.TransferInitiated{transfer_id: "019d0d82-d06d-76cc-8b57-053e10984436", org_id: "019d0d82-d057-7d1f-bcbc-c0f3a9c2947b", user_id: "019d0d82-d057-787a-9e8a-f5024017187d", from_currency: "EUR", to_currency: "USD", amount: "100", status: "authorized", bulk_payment_id: nil, recipient_data: nil, requested_at: "2026-03-20T23:09:30.093662Z"}, created_at: ~U[2026-03-20 23:09:30.097165Z], metadata: %{}}]
23:10:01.052 [debug] Nexus.Treasury.ProcessManagers.TransferManager received 1 event(s)
23:10:01.051 [error] GenServer {Nexus.App.LocalRegistry, {Nexus.App, Commanded.Event.Handler, "Treasury.TransferProjector"}} terminating
** (stop) exited in: GenServer.call(#PID<0.2082.0>, {:connect, #PID<0.2096.0>, [retry_interval: 60000, hibernate_after: 15000, partition_by: nil, concurrency_limit: 1, name: Nexus.EventStore, mapper: &Commanded.EventStore.Adapters.EventStore.Mapper.from_recorded_event/1, conn: Nexus.EventStore.Postgrex, event_store: Nexus.EventStore, query_timeout: 15000, schema: "event_store", serializer: Commanded.Serialization.JsonSerializer, stream_uuid: "$all", subscription_name: "Treasury.TransferProjector", start_from: 0]}, 5000)
    ** (EXIT) %Ecto.ChangeError{message: "value `\"user_456\"` for `Nexus.Treasury.Projections.Transfer.user_id` in `insert` does not match type :binary_id"}
    (elixir 1.19.5) lib/gen_server.ex:1142: GenServer.call/3
    (commanded 1.4.9) lib/commanded/event_store.ex:289: anonymous fn/2 in Commanded.EventStore.span/3
    (telemetry 1.3.0) /Users/bernard/dev/nexus/deps/telemetry/src/telemetry.erl:324: :telemetry.span/3
    (commanded 1.4.9) lib/commanded/event_store/subscription.ex:58: Commanded.EventStore.Subscription.subscribe/2
    (commanded 1.4.9) lib/commanded/event/handler.ex:1024: Commanded.Event.Handler.subscribe_to_events/1
    (commanded 1.4.9) lib/commanded/event/handler.ex:887: Commanded.Event.Handler.handle_continue/2
    (stdlib 7.1) gen_server.erl:2424: :gen_server.try_handle_continue/3
    (stdlib 7.1) gen_server.erl:2291: :gen_server.loop/4
    (stdlib 7.1) proc_lib.erl:333: :proc_lib.init_p_do_apply/3
Last message: {:continue, :subscribe_to_events}
State: %Commanded.Event.Handler{application: Nexus.App, consistency: :eventual, handler_callback: :event, handler_name: "Treasury.TransferProjector", handler_module: Nexus.Treasury.Projectors.TransferProjector, handler_state: nil, last_seen_event: nil, subscription: %Commanded.EventStore.Subscription{application: Nexus.App, backoff: {:backoff, 1000, 60000, 1000, :jitter, :undefined, :undefined}, concurrency: 1, partition_by: nil, subscribe_to: :all, subscribe_from: :origin, subscription_name: "Treasury.TransferProjector", subscription_opts: [], subscription_pid: nil, subscription_ref: nil}, subscribe_timer: nil}
23:10:01.052 [debug] Nexus.Treasury.ProcessManagers.TransferManager is not interested in event 12076 ("Treasury.ReconciliationManager-019d0d82-cfb8-7158-bd7d-4abc511a9d21"@2)
23:10:01.052 [debug] Nexus.Treasury.ProcessManagers.TransferManager confirming receipt of event: 12076
23:10:01.052 [debug] Nexus.Treasury.Handlers.TransferExecutionHandler received events: [%Commanded.EventStore.RecordedEvent{event_id: "4fe51f47-78f5-4170-9447-235c9ccd4057", event_number: 12082, stream_id: "31ac572e-796a-43d0-85db-afd12569109f", stream_version: 1, causation_id: "90003a35-52d5-40a6-a362-4891a85b1775", correlation_id: "7fdaadee-d155-48ed-8dd6-7c02408e7371", event_type: "Elixir.Nexus.Organization.Events.TenantProvisioned", data: %Nexus.Organization.Events.TenantProvisioned{org_id: "31ac572e-796a-43d0-85db-afd12569109f", name: "Global Corp-602ce2e6-a5b4-4918-ac30-8a4d6572ee56", initial_admin_email: "elena@global-corp.com", provisioned_by: "bernard", provisioned_at: "2026-03-20T23:09:30.058788Z"}, created_at: ~U[2026-03-20 23:09:30.059449Z], metadata: %{"causation_id" => "019d0d82-d04a-7a35-b733-169e8658a3f9", "correlation_id" => "019d0d82-d04a-7a35-b733-169e8658a3f9"}}]
23:10:01.052 [debug] Subscription "Treasury.TransferProjector"@"$all" attempting to connect subscriber #PID<0.2097.0>
23:10:01.052 [debug] Nexus.Treasury.Projectors.VaultProjector received events: [%Commanded.EventStore.RecordedEvent{event_id: "da9dff6a-c6b6-4b0d-9aed-84820a7dc972", event_number: 12088, stream_id: "019d0d82-d469-7456-ad0b-a7090ea93d39", stream_version: 1, causation_id: "d367c587-754f-4882-9f5f-226ed23d2531", correlation_id: "dd238449-259a-431c-9af3-3f7c6eb73660", event_type: "Elixir.Nexus.Identity.Events.UserRegistered", data: %Nexus.Identity.Events.UserRegistered{user_id: "019d0d82-d469-7456-ad0b-a7090ea93d39", org_id: "019d0d82-d469-77cf-a443-bcf40f5681a4", email: "test_019d0d82-d469-7456-ad0b-a7090ea93d39@nexus.ai", role: "admin", cose_key: "test_key_019d0d82-d469-7456-ad0b-a7090ea93d39", credential_id: "test_cred_019d0d82-d469-7456-ad0b-a7090ea93d39", registered_at: "2026-03-20T23:09:31.113493Z", display_name: "Test User", status: "active"}, created_at: ~U[2026-03-20 23:09:31.114398Z], metadata: %{"causation_id" => "019d0d82-d469-7dae-b9d4-ce443d179b0d", "correlation_id" => "019d0d82-d469-7dae-b9d4-ce443d179b0d"}}]
23:10:01.052 [debug] Nexus.Treasury.Handlers.TransferExecutionHandler confirming receipt of event #12082 of events: [%Commanded.EventStore.RecordedEvent{event_id: "4fe51f47-78f5-4170-9447-235c9ccd4057", event_number: 12082, stream_id: "31ac572e-796a-43d0-85db-afd12569109f", stream_version: 1, causation_id: "90003a35-52d5-40a6-a362-4891a85b1775", correlation_id: "7fdaadee-d155-48ed-8dd6-7c02408e7371", event_type: "Elixir.Nexus.Organization.Events.TenantProvisioned", data: %Nexus.Organization.Events.TenantProvisioned{org_id: "31ac572e-796a-43d0-85db-afd12569109f", name: "Global Corp-602ce2e6-a5b4-4918-ac30-8a4d6572ee56", initial_admin_email: "elena@global-corp.com", provisioned_by: "bernard", provisioned_at: "2026-03-20T23:09:30.058788Z"}, created_at: ~U[2026-03-20 23:09:30.059449Z], metadata: %{"causation_id" => "019d0d82-d04a-7a35-b733-169e8658a3f9", "correlation_id" => "019d0d82-d04a-7a35-b733-169e8658a3f9"}}]
23:10:01.052 [debug] Nexus.Treasury.Projectors.VaultProjector confirming receipt of event #12088 of events: [%Commanded.EventStore.RecordedEvent{event_id: "da9dff6a-c6b6-4b0d-9aed-84820a7dc972", event_number: 12088, stream_id: "019d0d82-d469-7456-ad0b-a7090ea93d39", stream_version: 1, causation_id: "d367c587-754f-4882-9f5f-226ed23d2531", correlation_id: "dd238449-259a-431c-9af3-3f7c6eb73660", event_type: "Elixir.Nexus.Identity.Events.UserRegistered", data: %Nexus.Identity.Events.UserRegistered{user_id: "019d0d82-d469-7456-ad0b-a7090ea93d39", org_id: "019d0d82-d469-77cf-a443-bcf40f5681a4", email: "test_019d0d82-d469-7456-ad0b-a7090ea93d39@nexus.ai", role: "admin", cose_key: "test_key_019d0d82-d469-7456-ad0b-a7090ea93d39", credential_id: "test_cred_019d0d82-d469-7456-ad0b-a7090ea93d39", registered_at: "2026-03-20T23:09:31.113493Z", display_name: "Test User", status: "active"}, created_at: ~U[2026-03-20 23:09:31.114398Z], metadata: %{"causation_id" => "019d0d82-d469-7dae-b9d4-ce443d179b0d", "correlation_id" => "019d0d82-d469-7dae-b9d4-ce443d179b0d"}}]
23:10:01.052 [debug] Nexus.Treasury.ProcessManagers.TransferManager received 1 event(s)
23:10:01.052 [debug] Nexus.Treasury.ProcessManagers.TransferManager is not interested in event 12077 ("40d5aca6-9481-4f52-9f02-1980fd23346f"@1)
23:10:01.052 [debug] Nexus.Treasury.ProcessManagers.TransferManager confirming receipt of event: 12077
23:10:01.052 [debug] Nexus.Treasury.Projectors.VaultProjector received events: [%Commanded.EventStore.RecordedEvent{event_id: "7d951967-9761-411a-b33c-63cfeb77e4cf", event_number: 12089, stream_id: "019d0d82-d47d-7906-b614-daa9d896811d", stream_version: 1, causation_id: "9302e7aa-7a2b-4ffa-9b99-b6b4be31d25a", correlation_id: "82e8ab74-fdea-40b9-bac6-b64ceedaa4dd", event_type: "Elixir.Nexus.Treasury.Events.TransferInitiated", data: %Nexus.Treasury.Events.TransferInitiated{transfer_id: "019d0d82-d47d-7906-b614-daa9d896811d", org_id: "019d0d82-d469-77cf-a443-bcf40f5681a4", user_id: "019d0d82-d469-7456-ad0b-a7090ea93d39", from_currency: "EUR", to_currency: "USD", amount: "5000000", status: "pending_authorization", bulk_payment_id: nil, recipient_data: nil, requested_at: "2026-03-20T23:09:31.133865Z"}, created_at: ~U[2026-03-20 23:09:31.134462Z], metadata: %{"causation_id" => "019d0d82-d47d-723e-b285-8143c18bd265", "correlation_id" => "019d0d82-d47d-723e-b285-8143c18bd265"}}]
23:10:01.052 [debug] Nexus.Treasury.Projectors.VaultProjector confirming receipt of event #12089 of events: [%Commanded.EventStore.RecordedEvent{event_id: "7d951967-9761-411a-b33c-63cfeb77e4cf", event_number: 12089, stream_id: "019d0d82-d47d-7906-b614-daa9d896811d", stream_version: 1, causation_id: "9302e7aa-7a2b-4ffa-9b99-b6b4be31d25a", correlation_id: "82e8ab74-fdea-40b9-bac6-b64ceedaa4dd", event_type: "Elixir.Nexus.Treasury.Events.TransferInitiated", data: %Nexus.Treasury.Events.TransferInitiated{transfer_id: "019d0d82-d47d-7906-b614-daa9d896811d", org_id: "019d0d82-d469-77cf-a443-bcf40f5681a4", user_id: "019d0d82-d469-7456-ad0b-a7090ea93d39", from_currency: "EUR", to_currency: "USD", amount: "5000000", status: "pending_authorization", bulk_payment_id: nil, recipient_data: nil, requested_at: "2026-03-20T23:09:31.133865Z"}, created_at: ~U[2026-03-20 23:09:31.134462Z], metadata: %{"causation_id" => "019d0d82-d47d-723e-b285-8143c18bd265", "correlation_id" => "019d0d82-d47d-723e-b285-8143c18bd265"}}]
23:10:01.052 [debug] Nexus.Treasury.Handlers.TransferExecutionHandler received events: [%Commanded.EventStore.RecordedEvent{event_id: "23882520-4d51-4c54-b4ad-f229f66a8791", event_number: 12083, stream_id: "7a36bc9b-8bbf-436b-97ed-60ac5eeac020", stream_version: 1, causation_id: "edbe0ce5-4506-411c-8fa6-a652a68807f5", correlation_id: "9fd7583c-6b61-47c3-ac9b-81d0ab6de92e", event_type: "Elixir.Nexus.Organization.Events.TenantProvisioned", data: %Nexus.Organization.Events.TenantProvisioned{org_id: "7a36bc9b-8bbf-436b-97ed-60ac5eeac020", name: "Rogue Inc-85b9db1d-62c9-4c64-b36a-7f3f7b46d6af", initial_admin_email: "dummy@example.com", provisioned_by: "not_system_admin", provisioned_at: "2026-03-20T23:09:30.064176Z"}, created_at: ~U[2026-03-20 23:09:30.064986Z], metadata: %{"causation_id" => "019d0d82-d050-7a9c-803e-b447939f9507", "correlation_id" => "019d0d82-d050-7a9c-803e-b447939f9507"}}]
23:10:01.053 [debug] Subscription "Treasury.TransferProjector"@"$all" catching-up
23:10:01.053 [debug] Nexus.Treasury.Projectors.TransferProjector has successfully subscribed to event store
23:10:01.053 [debug] Nexus.Treasury.Handlers.TransferExecutionHandler confirming receipt of event #12083 of events: [%Commanded.EventStore.RecordedEvent{event_id: "23882520-4d51-4c54-b4ad-f229f66a8791", event_number: 12083, stream_id: "7a36bc9b-8bbf-436b-97ed-60ac5eeac020", stream_version: 1, causation_id: "edbe0ce5-4506-411c-8fa6-a652a68807f5", correlation_id: "9fd7583c-6b61-47c3-ac9b-81d0ab6de92e", event_type: "Elixir.Nexus.Organization.Events.TenantProvisioned", data: %Nexus.Organization.Events.TenantProvisioned{org_id: "7a36bc9b-8bbf-436b-97ed-60ac5eeac020", name: "Rogue Inc-85b9db1d-62c9-4c64-b36a-7f3f7b46d6af", initial_admin_email: "dummy@example.com", provisioned_by: "not_system_admin", provisioned_at: "2026-03-20T23:09:30.064176Z"}, created_at: ~U[2026-03-20 23:09:30.064986Z], metadata: %{"causation_id" => "019d0d82-d050-7a9c-803e-b447939f9507", "correlation_id" => "019d0d82-d050-7a9c-803e-b447939f9507"}}]
23:10:01.053 [debug] Nexus.Treasury.ProcessManagers.TransferManager received 1 event(s)
23:10:01.053 [debug] Nexus.Treasury.ProcessManagers.TransferManager is not interested in event 12078 ("40d5aca6-9481-4f52-9f02-1980fd23346f"@2)
23:10:01.053 [debug] Nexus.Treasury.ProcessManagers.TransferManager confirming receipt of event: 12078
23:10:01.053 [debug] Nexus.Treasury.Projectors.VaultProjector received events: [%Commanded.EventStore.RecordedEvent{event_id: "32f8b1c3-f110-498b-8886-31ededa21691", event_number: 12090, stream_id: "TransferHardeningTest.PM-019d0d82-d469-7456-ad0b-a7090ea93d39", stream_version: 1, causation_id: nil, correlation_id: nil, event_type: "Elixir.Nexus.Treasury.Events.TransferInitiated", data: %Nexus.Treasury.Events.TransferInitiated{transfer_id: "019d0d82-d47d-7906-b614-daa9d896811d", org_id: "019d0d82-d469-77cf-a443-bcf40f5681a4", user_id: "019d0d82-d469-7456-ad0b-a7090ea93d39", from_currency: "EUR", to_currency: "USD", amount: "5000000", status: "pending_authorization", bulk_payment_id: nil, recipient_data: nil, requested_at: "2026-03-20T23:09:31.133865Z"}, created_at: ~U[2026-03-20 23:09:31.136302Z], metadata: %{}}]
23:10:01.053 [debug] Nexus.Treasury.Projectors.VaultProjector confirming receipt of event #12090 of events: [%Commanded.EventStore.RecordedEvent{event_id: "32f8b1c3-f110-498b-8886-31ededa21691", event_number: 12090, stream_id: "TransferHardeningTest.PM-019d0d82-d469-7456-ad0b-a7090ea93d39", stream_version: 1, causation_id: nil, correlation_id: nil, event_type: "Elixir.Nexus.Treasury.Events.TransferInitiated", data: %Nexus.Treasury.Events.TransferInitiated{transfer_id: "019d0d82-d47d-7906-b614-daa9d896811d", org_id: "019d0d82-d469-77cf-a443-bcf40f5681a4", user_id: "019d0d82-d469-7456-ad0b-a7090ea93d39", from_currency: "EUR", to_currency: "USD", amount: "5000000", status: "pending_authorization", bulk_payment_id: nil, recipient_data: nil, requested_at: "2026-03-20T23:09:31.133865Z"}, created_at: ~U[2026-03-20 23:09:31.136302Z], metadata: %{}}]
23:10:01.053 [debug] Nexus.Treasury.ProcessManagers.TransferManager received 1 event(s)
23:10:01.053 [debug] Nexus.Treasury.ProcessManagers.TransferManager is not interested in event 12079 ("39f71cd3-699b-49bb-8114-3103890383dd"@1)
23:10:01.053 [debug] Nexus.Treasury.ProcessManagers.TransferManager confirming receipt of event: 12079
23:10:01.053 [debug] Nexus.Treasury.Handlers.TransferExecutionHandler received events: [%Commanded.EventStore.RecordedEvent{event_id: "5d7a732d-7eaa-4cef-9bbd-8d4f862c76ec", event_number: 12084, stream_id: "019d0d82-d057-787a-9e8a-f5024017187d", stream_version: 1, causation_id: "eec33cbe-8163-489c-9334-c0c09cfc5aa3", correlation_id: "308420f9-7583-483b-a6ba-0e6b465171c4", event_type: "Elixir.Nexus.Identity.Events.UserRegistered", data: %Nexus.Identity.Events.UserRegistered{user_id: "019d0d82-d057-787a-9e8a-f5024017187d", org_id: "019d0d82-d057-7d1f-bcbc-c0f3a9c2947b", email: "test_019d0d82-d057-787a-9e8a-f5024017187d@nexus.ai", role: "admin", cose_key: "test_key_019d0d82-d057-787a-9e8a-f5024017187d", credential_id: "test_cred_019d0d82-d057-787a-9e8a-f5024017187d", registered_at: "2026-03-20T23:09:30.071637Z", display_name: "Test User", status: "active"}, created_at: ~U[2026-03-20 23:09:30.072629Z], metadata: %{"causation_id" => "019d0d82-d057-7d4f-821e-6d34a2678c7e", "correlation_id" => "019d0d82-d057-7d4f-821e-6d34a2678c7e"}}]
23:10:01.053 [debug] Nexus.Treasury.Handlers.TransferExecutionHandler confirming receipt of event #12084 of events: [%Commanded.EventStore.RecordedEvent{event_id: "5d7a732d-7eaa-4cef-9bbd-8d4f862c76ec", event_number: 12084, stream_id: "019d0d82-d057-787a-9e8a-f5024017187d", stream_version: 1, causation_id: "eec33cbe-8163-489c-9334-c0c09cfc5aa3", correlation_id: "308420f9-7583-483b-a6ba-0e6b465171c4", event_type: "Elixir.Nexus.Identity.Events.UserRegistered", data: %Nexus.Identity.Events.UserRegistered{user_id: "019d0d82-d057-787a-9e8a-f5024017187d", org_id: "019d0d82-d057-7d1f-bcbc-c0f3a9c2947b", email: "test_019d0d82-d057-787a-9e8a-f5024017187d@nexus.ai", role: "admin", cose_key: "test_key_019d0d82-d057-787a-9e8a-f5024017187d", credential_id: "test_cred_019d0d82-d057-787a-9e8a-f5024017187d", registered_at: "2026-03-20T23:09:30.071637Z", display_name: "Test User", status: "active"}, created_at: ~U[2026-03-20 23:09:30.072629Z], metadata: %{"causation_id" => "019d0d82-d057-7d4f-821e-6d34a2678c7e", "correlation_id" => "019d0d82-d057-7d4f-821e-6d34a2678c7e"}}]
23:10:01.053 [debug] Nexus.Treasury.Projectors.VaultProjector received events: [%Commanded.EventStore.RecordedEvent{event_id: "a5a02490-a9ea-47dd-a1de-3dcb5d81d156", event_number: 12091, stream_id: "019d0d82-d469-7456-ad0b-a7090ea93d39", stream_version: 2, causation_id: "a406002a-a51e-4136-ad36-2e662a998e9b", correlation_id: "4b66f049-4732-45b1-ae4f-066ced6c808e", event_type: "Elixir.Nexus.Identity.Events.StepUpVerified", data: %Nexus.Identity.Events.StepUpVerified{user_id: "019d0d82-d469-7456-ad0b-a7090ea93d39", org_id: "019d0d82-d469-77cf-a443-bcf40f5681a4", action_id: "019d0d82-d47d-7906-b614-daa9d896811d", verified_at: "2026-03-20T23:09:31.626346Z"}, created_at: ~U[2026-03-20 23:09:31.626790Z], metadata: %{"causation_id" => "019d0d82-d66a-71c8-9e66-ba3f6453be0f", "correlation_id" => "019d0d82-d66a-71c8-9e66-ba3f6453be0f"}}]
23:10:01.053 [debug] Nexus.Treasury.ProcessManagers.TransferManager received 1 event(s)
23:10:01.053 [debug] Nexus.Treasury.Projectors.VaultProjector confirming receipt of event #12091 of events: [%Commanded.EventStore.RecordedEvent{event_id: "a5a02490-a9ea-47dd-a1de-3dcb5d81d156", event_number: 12091, stream_id: "019d0d82-d469-7456-ad0b-a7090ea93d39", stream_version: 2, causation_id: "a406002a-a51e-4136-ad36-2e662a998e9b", correlation_id: "4b66f049-4732-45b1-ae4f-066ced6c808e", event_type: "Elixir.Nexus.Identity.Events.StepUpVerified", data: %Nexus.Identity.Events.StepUpVerified{user_id: "019d0d82-d469-7456-ad0b-a7090ea93d39", org_id: "019d0d82-d469-77cf-a443-bcf40f5681a4", action_id: "019d0d82-d47d-7906-b614-daa9d896811d", verified_at: "2026-03-20T23:09:31.626346Z"}, created_at: ~U[2026-03-20 23:09:31.626790Z], metadata: %{"causation_id" => "019d0d82-d66a-71c8-9e66-ba3f6453be0f", "correlation_id" => "019d0d82-d66a-71c8-9e66-ba3f6453be0f"}}]
23:10:01.053 [debug] Nexus.Treasury.ProcessManagers.TransferManager is not interested in event 12080 ("019d0d82-d021-7d98-91e9-06bc61506bf7"@1)
23:10:01.053 [debug] Nexus.Treasury.ProcessManagers.TransferManager confirming receipt of event: 12080
23:10:01.054 [debug] Nexus.Treasury.Handlers.TransferExecutionHandler received events: [%Commanded.EventStore.RecordedEvent{event_id: "f6fa680a-2c80-4a02-bde0-92e48b3659a7", event_number: 12085, stream_id: "019d0d82-d06d-76cc-8b57-053e10984436", stream_version: 1, causation_id: "2ec3672e-ba2f-4f37-bf27-83a916bcb7f2", correlation_id: "aae31c2e-d812-41da-8bc1-4840ddeea367", event_type: "Elixir.Nexus.Treasury.Events.TransferInitiated", data: %Nexus.Treasury.Events.TransferInitiated{transfer_id: "019d0d82-d06d-76cc-8b57-053e10984436", org_id: "019d0d82-d057-7d1f-bcbc-c0f3a9c2947b", user_id: "019d0d82-d057-787a-9e8a-f5024017187d", from_currency: "EUR", to_currency: "USD", amount: "100", status: "authorized", bulk_payment_id: nil, recipient_data: nil, requested_at: "2026-03-20T23:09:30.093662Z"}, created_at: ~U[2026-03-20 23:09:30.094262Z], metadata: %{"causation_id" => "019d0d82-d06d-7c01-8e88-e7196963bc0d", "correlation_id" => "019d0d82-d06d-7c01-8e88-e7196963bc0d"}}]
23:10:01.054 [debug] Nexus.Treasury.Handlers.TransferExecutionHandler confirming receipt of event #12085 of events: [%Commanded.EventStore.RecordedEvent{event_id: "f6fa680a-2c80-4a02-bde0-92e48b3659a7", event_number: 12085, stream_id: "019d0d82-d06d-76cc-8b57-053e10984436", stream_version: 1, causation_id: "2ec3672e-ba2f-4f37-bf27-83a916bcb7f2", correlation_id: "aae31c2e-d812-41da-8bc1-4840ddeea367", event_type: "Elixir.Nexus.Treasury.Events.TransferInitiated", data: %Nexus.Treasury.Events.TransferInitiated{transfer_id: "019d0d82-d06d-76cc-8b57-053e10984436", org_id: "019d0d82-d057-7d1f-bcbc-c0f3a9c2947b", user_id: "019d0d82-d057-787a-9e8a-f5024017187d", from_currency: "EUR", to_currency: "USD", amount: "100", status: "authorized", bulk_payment_id: nil, recipient_data: nil, requested_at: "2026-03-20T23:09:30.093662Z"}, created_at: ~U[2026-03-20 23:09:30.094262Z], metadata: %{"causation_id" => "019d0d82-d06d-7c01-8e88-e7196963bc0d", "correlation_id" => "019d0d82-d06d-7c01-8e88-e7196963bc0d"}}]
23:10:01.054 [debug] Nexus.Treasury.Projectors.VaultProjector received events: [%Commanded.EventStore.RecordedEvent{event_id: "57ccd18c-9a1f-4c31-98fa-56cf6d6084f3", event_number: 12092, stream_id: "019d0d82-d47d-7906-b614-daa9d896811d", stream_version: 2, causation_id: "da0a3291-7603-4676-8ce4-e3c545bf13f2", correlation_id: "ccacf5f4-fd3e-44e3-8f0a-eee69688cff4", event_type: "Elixir.Nexus.Treasury.Events.TransferAuthorized", data: %Nexus.Treasury.Events.TransferAuthorized{transfer_id: "019d0d82-d47d-7906-b614-daa9d896811d", org_id: "019d0d82-d469-77cf-a443-bcf40f5681a4", user_id: nil, actor_email: "verified-user@nexus.ai", authorized_at: "2026-03-20T23:09:31.626346Z"}, created_at: ~U[2026-03-20 23:09:31.630857Z], metadata: %{"causation_id" => "019d0d82-d66c-759a-9a2b-04931819982e", "correlation_id" => "019d0d82-d66c-759a-9a2b-04931819982e"}}]
23:10:01.054 [debug] Nexus.Treasury.Projectors.VaultProjector confirming receipt of event #12092 of events: [%Commanded.EventStore.RecordedEvent{event_id: "57ccd18c-9a1f-4c31-98fa-56cf6d6084f3", event_number: 12092, stream_id: "019d0d82-d47d-7906-b614-daa9d896811d", stream_version: 2, causation_id: "da0a3291-7603-4676-8ce4-e3c545bf13f2", correlation_id: "ccacf5f4-fd3e-44e3-8f0a-eee69688cff4", event_type: "Elixir.Nexus.Treasury.Events.TransferAuthorized", data: %Nexus.Treasury.Events.TransferAuthorized{transfer_id: "019d0d82-d47d-7906-b614-daa9d896811d", org_id: "019d0d82-d469-77cf-a443-bcf40f5681a4", user_id: nil, actor_email: "verified-user@nexus.ai", authorized_at: "2026-03-20T23:09:31.626346Z"}, created_at: ~U[2026-03-20 23:09:31.630857Z], metadata: %{"causation_id" => "019d0d82-d66c-759a-9a2b-04931819982e", "correlation_id" => "019d0d82-d66c-759a-9a2b-04931819982e"}}]
23:10:01.054 [debug] Nexus.Treasury.ProcessManagers.TransferManager received 1 event(s)
23:10:01.054 [debug] Nexus.Treasury.ProcessManagers.TransferManager is not interested in event 12081 ("EUR/USD"@140)
23:10:01.054 [debug] Nexus.Treasury.ProcessManagers.TransferManager confirming receipt of event: 12081
23:10:01.054 [debug] Nexus.Treasury.Handlers.TransferExecutionHandler received events: [%Commanded.EventStore.RecordedEvent{event_id: "f7be9e5e-c8b0-4fc4-93bc-231d0b3b8fc2", event_number: 12086, stream_id: "019d0d82-d06d-76cc-8b57-053e10984436", stream_version: 2, causation_id: "bd5d450c-14c5-4b07-9ca3-942c728182a6", correlation_id: "d88ef54e-7e03-434d-b8ad-d9e949e375a5", event_type: "Elixir.Nexus.Treasury.Events.TransferExecuted", data: %Nexus.Treasury.Events.TransferExecuted{transfer_id: "019d0d82-d06d-76cc-8b57-053e10984436", org_id: "019d0d82-d057-7d1f-bcbc-c0f3a9c2947b", amount: "100", from_currency: "EUR", to_currency: "USD", recipient_data: nil, executed_at: "2026-03-20T23:09:30.095908Z"}, created_at: ~U[2026-03-20 23:09:30.096260Z], metadata: %{"causation_id" => "019d0d82-d06f-77b5-abf6-6b2420cbc432", "correlation_id" => "019d0d82-d06f-77b5-abf6-6b2420cbc432"}}]
23:10:01.054 [debug] Nexus.Treasury.Projectors.VaultProjector received events: [%Commanded.EventStore.RecordedEvent{event_id: "1917cde5-4754-4b72-acef-0399dd1f0479", event_number: 12093, stream_id: "TransferHardeningTest.PM-019d0d82-d469-7456-ad0b-a7090ea93d39", stream_version: 2, causation_id: nil, correlation_id: nil, event_type: "Elixir.Nexus.Identity.Events.StepUpVerified", data: %Nexus.Identity.Events.StepUpVerified{user_id: "019d0d82-d469-7456-ad0b-a7090ea93d39", org_id: "019d0d82-d469-77cf-a443-bcf40f5681a4", action_id: "019d0d82-d47d-7906-b614-daa9d896811d", verified_at: "2026-03-20T23:09:31.626346Z"}, created_at: ~U[2026-03-20 23:09:31.633723Z], metadata: %{}}]
23:10:01.054 [debug] Nexus.Treasury.Projectors.VaultProjector confirming receipt of event #12093 of events: [%Commanded.EventStore.RecordedEvent{event_id: "1917cde5-4754-4b72-acef-0399dd1f0479", event_number: 12093, stream_id: "TransferHardeningTest.PM-019d0d82-d469-7456-ad0b-a7090ea93d39", stream_version: 2, causation_id: nil, correlation_id: nil, event_type: "Elixir.Nexus.Identity.Events.StepUpVerified", data: %Nexus.Identity.Events.StepUpVerified{user_id: "019d0d82-d469-7456-ad0b-a7090ea93d39", org_id: "019d0d82-d469-77cf-a443-bcf40f5681a4", action_id: "019d0d82-d47d-7906-b614-daa9d896811d", verified_at: "2026-03-20T23:09:31.626346Z"}, created_at: ~U[2026-03-20 23:09:31.633723Z], metadata: %{}}]
23:10:01.054 [info] [Treasury] [Execution] External transfer executed (no vault sync needed).
23:10:01.054 [debug] Nexus.Treasury.Handlers.TransferExecutionHandler confirming receipt of event #12086 of events: [%Commanded.EventStore.RecordedEvent{event_id: "f7be9e5e-c8b0-4fc4-93bc-231d0b3b8fc2", event_number: 12086, stream_id: "019d0d82-d06d-76cc-8b57-053e10984436", stream_version: 2, causation_id: "bd5d450c-14c5-4b07-9ca3-942c728182a6", correlation_id: "d88ef54e-7e03-434d-b8ad-d9e949e375a5", event_type: "Elixir.Nexus.Treasury.Events.TransferExecuted", data: %Nexus.Treasury.Events.TransferExecuted{transfer_id: "019d0d82-d06d-76cc-8b57-053e10984436", org_id: "019d0d82-d057-7d1f-bcbc-c0f3a9c2947b", amount: "100", from_currency: "EUR", to_currency: "USD", recipient_data: nil, executed_at: "2026-03-20T23:09:30.095908Z"}, created_at: ~U[2026-03-20 23:09:30.096260Z], metadata: %{"causation_id" => "019d0d82-d06f-77b5-abf6-6b2420cbc432", "correlation_id" => "019d0d82-d06f-77b5-abf6-6b2420cbc432"}}]
23:10:01.054 [debug] Nexus.Treasury.ProcessManagers.TransferManager received 1 event(s)
23:10:01.054 [debug] Nexus.Treasury.ProcessManagers.TransferManager is not interested in event 12082 ("31ac572e-796a-43d0-85db-afd12569109f"@1)
23:10:01.054 [debug] Nexus.Treasury.ProcessManagers.TransferManager confirming receipt of event: 12082
23:10:01.055 [debug] Nexus.Treasury.Projectors.VaultProjector received events: [%Commanded.EventStore.RecordedEvent{event_id: "c171b5a6-20e2-4054-98f5-bc3478742ea8", event_number: 12094, stream_id: "TransferHardeningTest.PM-019d0d82-d469-7456-ad0b-a7090ea93d39", stream_version: 3, causation_id: nil, correlation_id: nil, event_type: "Elixir.Nexus.Treasury.Events.TransferInitiated", data: %Nexus.Treasury.Events.TransferInitiated{transfer_id: "019d0d82-d47d-7906-b614-daa9d896811d", org_id: "019d0d82-d469-77cf-a443-bcf40f5681a4", user_id: "019d0d82-d469-7456-ad0b-a7090ea93d39", from_currency: "EUR", to_currency: "USD", amount: "5000000", status: "pending_authorization", bulk_payment_id: nil, recipient_data: nil, requested_at: "2026-03-20T23:09:31.133865Z"}, created_at: ~U[2026-03-20 23:09:31.635510Z], metadata: %{}}]
23:10:01.055 [debug] Nexus.Treasury.Projectors.VaultProjector confirming receipt of event #12094 of events: [%Commanded.EventStore.RecordedEvent{event_id: "c171b5a6-20e2-4054-98f5-bc3478742ea8", event_number: 12094, stream_id: "TransferHardeningTest.PM-019d0d82-d469-7456-ad0b-a7090ea93d39", stream_version: 3, causation_id: nil, correlation_id: nil, event_type: "Elixir.Nexus.Treasury.Events.TransferInitiated", data: %Nexus.Treasury.Events.TransferInitiated{transfer_id: "019d0d82-d47d-7906-b614-daa9d896811d", org_id: "019d0d82-d469-77cf-a443-bcf40f5681a4", user_id: "019d0d82-d469-7456-ad0b-a7090ea93d39", from_currency: "EUR", to_currency: "USD", amount: "5000000", status: "pending_authorization", bulk_payment_id: nil, recipient_data: nil, requested_at: "2026-03-20T23:09:31.133865Z"}, created_at: ~U[2026-03-20 23:09:31.635510Z], metadata: %{}}]
23:10:01.055 [debug] Nexus.Treasury.Handlers.TransferExecutionHandler received events: [%Commanded.EventStore.RecordedEvent{event_id: "1c25ee23-61cc-4dec-bfed-a4a602759637", event_number: 12087, stream_id: "TransferHardeningTest.PM-019d0d82-d057-787a-9e8a-f5024017187d", stream_version: 1, causation_id: nil, correlation_id: nil, event_type: "Elixir.Nexus.Treasury.Events.TransferInitiated", data: %Nexus.Treasury.Events.TransferInitiated{transfer_id: "019d0d82-d06d-76cc-8b57-053e10984436", org_id: "019d0d82-d057-7d1f-bcbc-c0f3a9c2947b", user_id: "019d0d82-d057-787a-9e8a-f5024017187d", from_currency: "EUR", to_currency: "USD", amount: "100", status: "authorized", bulk_payment_id: nil, recipient_data: nil, requested_at: "2026-03-20T23:09:30.093662Z"}, created_at: ~U[2026-03-20 23:09:30.097165Z], metadata: %{}}]
23:10:01.055 [debug] Nexus.Treasury.Handlers.TransferExecutionHandler confirming receipt of event #12087 of events: [%Commanded.EventStore.RecordedEvent{event_id: "1c25ee23-61cc-4dec-bfed-a4a602759637", event_number: 12087, stream_id: "TransferHardeningTest.PM-019d0d82-d057-787a-9e8a-f5024017187d", stream_version: 1, causation_id: nil, correlation_id: nil, event_type: "Elixir.Nexus.Treasury.Events.TransferInitiated", data: %Nexus.Treasury.Events.TransferInitiated{transfer_id: "019d0d82-d06d-76cc-8b57-053e10984436", org_id: "019d0d82-d057-7d1f-bcbc-c0f3a9c2947b", user_id: "019d0d82-d057-787a-9e8a-f5024017187d", from_currency: "EUR", to_currency: "USD", amount: "100", status: "authorized", bulk_payment_id: nil, recipient_data: nil, requested_at: "2026-03-20T23:09:30.093662Z"}, created_at: ~U[2026-03-20 23:09:30.097165Z], metadata: %{}}]
23:10:01.055 [debug] Nexus.Treasury.ProcessManagers.TransferManager received 1 event(s)
23:10:01.055 [debug] Nexus.Treasury.ProcessManagers.TransferManager is not interested in event 12083 ("7a36bc9b-8bbf-436b-97ed-60ac5eeac020"@1)
23:10:01.055 [debug] Nexus.Treasury.ProcessManagers.TransferManager confirming receipt of event: 12083
23:10:01.055 [debug] Nexus.Treasury.Projectors.VaultProjector received events: [%Commanded.EventStore.RecordedEvent{event_id: "3ff1e381-4e1a-46a0-8011-478bfe8b9eff", event_number: 12095, stream_id: "019d0d82-d47d-7906-b614-daa9d896811d", stream_version: 3, causation_id: "60473c0b-4dda-4d74-b736-a7d448fb0ab8", correlation_id: "b18c7780-6b6c-4ecd-a8e9-cd4cad095bb2", event_type: "Elixir.Nexus.Treasury.Events.TransferExecuted", data: %Nexus.Treasury.Events.TransferExecuted{transfer_id: "019d0d82-d47d-7906-b614-daa9d896811d", org_id: "019d0d82-d469-77cf-a443-bcf40f5681a4", amount: "5000000", from_currency: "EUR", to_currency: "USD", recipient_data: nil, executed_at: "2026-03-20T23:09:31.636844Z"}, created_at: ~U[2026-03-20 23:09:31.637357Z], metadata: %{"causation_id" => "019d0d82-d674-774d-833b-32c3beb33123", "correlation_id" => "019d0d82-d674-774d-833b-32c3beb33123"}}]
23:10:01.055 [debug] Nexus.Treasury.Projectors.VaultProjector confirming receipt of event #12095 of events: [%Commanded.EventStore.RecordedEvent{event_id: "3ff1e381-4e1a-46a0-8011-478bfe8b9eff", event_number: 12095, stream_id: "019d0d82-d47d-7906-b614-daa9d896811d", stream_version: 3, causation_id: "60473c0b-4dda-4d74-b736-a7d448fb0ab8", correlation_id: "b18c7780-6b6c-4ecd-a8e9-cd4cad095bb2", event_type: "Elixir.Nexus.Treasury.Events.TransferExecuted", data: %Nexus.Treasury.Events.TransferExecuted{transfer_id: "019d0d82-d47d-7906-b614-daa9d896811d", org_id: "019d0d82-d469-77cf-a443-bcf40f5681a4", amount: "5000000", from_currency: "EUR", to_currency: "USD", recipient_data: nil, executed_at: "2026-03-20T23:09:31.636844Z"}, created_at: ~U[2026-03-20 23:09:31.637357Z], metadata: %{"causation_id" => "019d0d82-d674-774d-833b-32c3beb33123", "correlation_id" => "019d0d82-d674-774d-833b-32c3beb33123"}}]
23:10:01.055 [debug] Nexus.Treasury.ProcessManagers.TransferManager received 1 event(s)
23:10:01.055 [debug] Nexus.Treasury.Handlers.TransferExecutionHandler received events: [%Commanded.EventStore.RecordedEvent{event_id: "da9dff6a-c6b6-4b0d-9aed-84820a7dc972", event_number: 12088, stream_id: "019d0d82-d469-7456-ad0b-a7090ea93d39", stream_version: 1, causation_id: "d367c587-754f-4882-9f5f-226ed23d2531", correlation_id: "dd238449-259a-431c-9af3-3f7c6eb73660", event_type: "Elixir.Nexus.Identity.Events.UserRegistered", data: %Nexus.Identity.Events.UserRegistered{user_id: "019d0d82-d469-7456-ad0b-a7090ea93d39", org_id: "019d0d82-d469-77cf-a443-bcf40f5681a4", email: "test_019d0d82-d469-7456-ad0b-a7090ea93d39@nexus.ai", role: "admin", cose_key: "test_key_019d0d82-d469-7456-ad0b-a7090ea93d39", credential_id: "test_cred_019d0d82-d469-7456-ad0b-a7090ea93d39", registered_at: "2026-03-20T23:09:31.113493Z", display_name: "Test User", status: "active"}, created_at: ~U[2026-03-20 23:09:31.114398Z], metadata: %{"causation_id" => "019d0d82-d469-7dae-b9d4-ce443d179b0d", "correlation_id" => "019d0d82-d469-7dae-b9d4-ce443d179b0d"}}]
23:10:01.055 [debug] Nexus.Treasury.ProcessManagers.TransferManager is not interested in event 12084 ("019d0d82-d057-787a-9e8a-f5024017187d"@1)
23:10:01.055 [debug] Nexus.Treasury.ProcessManagers.TransferManager confirming receipt of event: 12084
23:10:01.055 [debug] Nexus.Treasury.Handlers.TransferExecutionHandler confirming receipt of event #12088 of events: [%Commanded.EventStore.RecordedEvent{event_id: "da9dff6a-c6b6-4b0d-9aed-84820a7dc972", event_number: 12088, stream_id: "019d0d82-d469-7456-ad0b-a7090ea93d39", stream_version: 1, causation_id: "d367c587-754f-4882-9f5f-226ed23d2531", correlation_id: "dd238449-259a-431c-9af3-3f7c6eb73660", event_type: "Elixir.Nexus.Identity.Events.UserRegistered", data: %Nexus.Identity.Events.UserRegistered{user_id: "019d0d82-d469-7456-ad0b-a7090ea93d39", org_id: "019d0d82-d469-77cf-a443-bcf40f5681a4", email: "test_019d0d82-d469-7456-ad0b-a7090ea93d39@nexus.ai", role: "admin", cose_key: "test_key_019d0d82-d469-7456-ad0b-a7090ea93d39", credential_id: "test_cred_019d0d82-d469-7456-ad0b-a7090ea93d39", registered_at: "2026-03-20T23:09:31.113493Z", display_name: "Test User", status: "active"}, created_at: ~U[2026-03-20 23:09:31.114398Z], metadata: %{"causation_id" => "019d0d82-d469-7dae-b9d4-ce443d179b0d", "correlation_id" => "019d0d82-d469-7dae-b9d4-ce443d179b0d"}}]
23:10:01.055 [debug] Nexus.Treasury.Projectors.VaultProjector received events: [%Commanded.EventStore.RecordedEvent{event_id: "978f4c16-bd3e-4b12-9763-cefc83ce8785", event_number: 12096, stream_id: "TransferHardeningTest.PM-019d0d82-d469-7456-ad0b-a7090ea93d39", stream_version: 4, causation_id: nil, correlation_id: nil, event_type: "Elixir.Nexus.Treasury.Events.TransferAuthorized", data: %Nexus.Treasury.Events.TransferAuthorized{transfer_id: "019d0d82-d47d-7906-b614-daa9d896811d", org_id: "019d0d82-d469-77cf-a443-bcf40f5681a4", user_id: nil, actor_email: "verified-user@nexus.ai", authorized_at: "2026-03-20T23:09:31.626346Z"}, created_at: ~U[2026-03-20 23:09:31.638397Z], metadata: %{}}]
23:10:01.056 [debug] Nexus.Treasury.Projectors.VaultProjector confirming receipt of event #12096 of events: [%Commanded.EventStore.RecordedEvent{event_id: "978f4c16-bd3e-4b12-9763-cefc83ce8785", event_number: 12096, stream_id: "TransferHardeningTest.PM-019d0d82-d469-7456-ad0b-a7090ea93d39", stream_version: 4, causation_id: nil, correlation_id: nil, event_type: "Elixir.Nexus.Treasury.Events.TransferAuthorized", data: %Nexus.Treasury.Events.TransferAuthorized{transfer_id: "019d0d82-d47d-7906-b614-daa9d896811d", org_id: "019d0d82-d469-77cf-a443-bcf40f5681a4", user_id: nil, actor_email: "verified-user@nexus.ai", authorized_at: "2026-03-20T23:09:31.626346Z"}, created_at: ~U[2026-03-20 23:09:31.638397Z], metadata: %{}}]
23:10:01.056 [debug] Nexus.Treasury.ProcessManagers.TransferManager received 1 event(s)
23:10:01.056 [debug] Nexus.Treasury.ProcessManagers.TransferManager is interested in event 12085 ("019d0d82-d06d-76cc-8b57-053e10984436"@1)
23:10:01.056 [debug] Nexus.Treasury.Handlers.TransferExecutionHandler received events: [%Commanded.EventStore.RecordedEvent{event_id: "7d951967-9761-411a-b33c-63cfeb77e4cf", event_number: 12089, stream_id: "019d0d82-d47d-7906-b614-daa9d896811d", stream_version: 1, causation_id: "9302e7aa-7a2b-4ffa-9b99-b6b4be31d25a", correlation_id: "82e8ab74-fdea-40b9-bac6-b64ceedaa4dd", event_type: "Elixir.Nexus.Treasury.Events.TransferInitiated", data: %Nexus.Treasury.Events.TransferInitiated{transfer_id: "019d0d82-d47d-7906-b614-daa9d896811d", org_id: "019d0d82-d469-77cf-a443-bcf40f5681a4", user_id: "019d0d82-d469-7456-ad0b-a7090ea93d39", from_currency: "EUR", to_currency: "USD", amount: "5000000", status: "pending_authorization", bulk_payment_id: nil, recipient_data: nil, requested_at: "2026-03-20T23:09:31.133865Z"}, created_at: ~U[2026-03-20 23:09:31.134462Z], metadata: %{"causation_id" => "019d0d82-d47d-723e-b285-8143c18bd265", "correlation_id" => "019d0d82-d47d-723e-b285-8143c18bd265"}}]
23:10:01.056 [debug] Nexus.Treasury.Handlers.TransferExecutionHandler confirming receipt of event #12089 of events: [%Commanded.EventStore.RecordedEvent{event_id: "7d951967-9761-411a-b33c-63cfeb77e4cf", event_number: 12089, stream_id: "019d0d82-d47d-7906-b614-daa9d896811d", stream_version: 1, causation_id: "9302e7aa-7a2b-4ffa-9b99-b6b4be31d25a", correlation_id: "82e8ab74-fdea-40b9-bac6-b64ceedaa4dd", event_type: "Elixir.Nexus.Treasury.Events.TransferInitiated", data: %Nexus.Treasury.Events.TransferInitiated{transfer_id: "019d0d82-d47d-7906-b614-daa9d896811d", org_id: "019d0d82-d469-77cf-a443-bcf40f5681a4", user_id: "019d0d82-d469-7456-ad0b-a7090ea93d39", from_currency: "EUR", to_currency: "USD", amount: "5000000", status: "pending_authorization", bulk_payment_id: nil, recipient_data: nil, requested_at: "2026-03-20T23:09:31.133865Z"}, created_at: ~U[2026-03-20 23:09:31.134462Z], metadata: %{"causation_id" => "019d0d82-d47d-723e-b285-8143c18bd265", "correlation_id" => "019d0d82-d47d-723e-b285-8143c18bd265"}}]
23:10:01.056 [debug] Nexus.Treasury.Projectors.VaultProjector received events: [%Commanded.EventStore.RecordedEvent{event_id: "30ba26aa-553c-41b7-ad4a-3754e73cc48c", event_number: 12097, stream_id: "019d0d82-da43-7780-ad79-e14cbbf750df", stream_version: 1, causation_id: "022770ac-bc07-4b1c-a5bd-a13a312904f7", correlation_id: "3dfee312-caad-4372-89f1-0b6952e93414", event_type: "Elixir.Nexus.Identity.Events.UserRegistered", data: %Nexus.Identity.Events.UserRegistered{user_id: "019d0d82-da43-7780-ad79-e14cbbf750df", org_id: "019d0d82-da43-72bf-8221-f68de07b1fc1", email: "bernard@example.com", role: "trader", cose_key: "mock_cose_key", credential_id: "mock_cred_123", registered_at: "2026-03-20T23:09:32.611165Z", display_name: nil, status: "active"}, created_at: ~U[2026-03-20 23:09:32.612345Z], metadata: %{"causation_id" => "019d0d82-da43-7ed6-81f5-6b33cdce635f", "correlation_id" => "019d0d82-da43-7ed6-81f5-6b33cdce635f"}}]
23:10:01.056 [debug] Nexus.Treasury.Projectors.VaultProjector confirming receipt of event #12097 of events: [%Commanded.EventStore.RecordedEvent{event_id: "30ba26aa-553c-41b7-ad4a-3754e73cc48c", event_number: 12097, stream_id: "019d0d82-da43-7780-ad79-e14cbbf750df", stream_version: 1, causation_id: "022770ac-bc07-4b1c-a5bd-a13a312904f7", correlation_id: "3dfee312-caad-4372-89f1-0b6952e93414", event_type: "Elixir.Nexus.Identity.Events.UserRegistered", data: %Nexus.Identity.Events.UserRegistered{user_id: "019d0d82-da43-7780-ad79-e14cbbf750df", org_id: "019d0d82-da43-72bf-8221-f68de07b1fc1", email: "bernard@example.com", role: "trader", cose_key: "mock_cose_key", credential_id: "mock_cred_123", registered_at: "2026-03-20T23:09:32.611165Z", display_name: nil, status: "active"}, created_at: ~U[2026-03-20 23:09:32.612345Z], metadata: %{"causation_id" => "019d0d82-da43-7ed6-81f5-6b33cdce635f", "correlation_id" => "019d0d82-da43-7ed6-81f5-6b33cdce635f"}}]
23:10:01.056 [debug] Nexus.Treasury.Handlers.TransferExecutionHandler received events: [%Commanded.EventStore.RecordedEvent{event_id: "32f8b1c3-f110-498b-8886-31ededa21691", event_number: 12090, stream_id: "TransferHardeningTest.PM-019d0d82-d469-7456-ad0b-a7090ea93d39", stream_version: 1, causation_id: nil, correlation_id: nil, event_type: "Elixir.Nexus.Treasury.Events.TransferInitiated", data: %Nexus.Treasury.Events.TransferInitiated{transfer_id: "019d0d82-d47d-7906-b614-daa9d896811d", org_id: "019d0d82-d469-77cf-a443-bcf40f5681a4", user_id: "019d0d82-d469-7456-ad0b-a7090ea93d39", from_currency: "EUR", to_currency: "USD", amount: "5000000", status: "pending_authorization", bulk_payment_id: nil, recipient_data: nil, requested_at: "2026-03-20T23:09:31.133865Z"}, created_at: ~U[2026-03-20 23:09:31.136302Z], metadata: %{}}]
23:10:01.056 [debug] Nexus.Treasury.Handlers.TransferExecutionHandler confirming receipt of event #12090 of events: [%Commanded.EventStore.RecordedEvent{event_id: "32f8b1c3-f110-498b-8886-31ededa21691", event_number: 12090, stream_id: "TransferHardeningTest.PM-019d0d82-d469-7456-ad0b-a7090ea93d39", stream_version: 1, causation_id: nil, correlation_id: nil, event_type: "Elixir.Nexus.Treasury.Events.TransferInitiated", data: %Nexus.Treasury.Events.TransferInitiated{transfer_id: "019d0d82-d47d-7906-b614-daa9d896811d", org_id: "019d0d82-d469-77cf-a443-bcf40f5681a4", user_id: "019d0d82-d469-7456-ad0b-a7090ea93d39", from_currency: "EUR", to_currency: "USD", amount: "5000000", status: "pending_authorization", bulk_payment_id: nil, recipient_data: nil, requested_at: "2026-03-20T23:09:31.133865Z"}, created_at: ~U[2026-03-20 23:09:31.136302Z], metadata: %{}}]
23:10:01.056 [debug] Nexus.Treasury.Projectors.VaultProjector received events: [%Commanded.EventStore.RecordedEvent{event_id: "d58b396f-76ca-41a5-8512-7cfbd0770fd1", event_number: 12098, stream_id: "ea4be082-dc24-484c-a17f-4ea9af9ea1aa", stream_version: 1, causation_id: "c69db092-e614-47cb-b465-142461436d62", correlation_id: "b8b4f67d-5155-4883-a4dd-8778b38719d0", event_type: "Elixir.Nexus.Identity.Events.UserRegistered", data: %Nexus.Identity.Events.UserRegistered{user_id: "ea4be082-dc24-484c-a17f-4ea9af9ea1aa", org_id: "c956b600-f749-4d9a-95e8-c270cebb285a", email: "test@example.com", role: "admin", cose_key: "dummy", credential_id: "dummy", registered_at: "2026-03-20T23:09:32.619473Z", display_name: "Test User", status: "active"}, created_at: ~U[2026-03-20 23:09:32.620584Z], metadata: %{"causation_id" => "019d0d82-da4b-7ad1-b314-79e78b967ed3", "correlation_id" => "019d0d82-da4b-7ad1-b314-79e78b967ed3"}}]
23:10:01.056 [debug] Nexus.Treasury.Projectors.VaultProjector confirming receipt of event #12098 of events: [%Commanded.EventStore.RecordedEvent{event_id: "d58b396f-76ca-41a5-8512-7cfbd0770fd1", event_number: 12098, stream_id: "ea4be082-dc24-484c-a17f-4ea9af9ea1aa", stream_version: 1, causation_id: "c69db092-e614-47cb-b465-142461436d62", correlation_id: "b8b4f67d-5155-4883-a4dd-8778b38719d0", event_type: "Elixir.Nexus.Identity.Events.UserRegistered", data: %Nexus.Identity.Events.UserRegistered{user_id: "ea4be082-dc24-484c-a17f-4ea9af9ea1aa", org_id: "c956b600-f749-4d9a-95e8-c270cebb285a", email: "test@example.com", role: "admin", cose_key: "dummy", credential_id: "dummy", registered_at: "2026-03-20T23:09:32.619473Z", display_name: "Test User", status: "active"}, created_at: ~U[2026-03-20 23:09:32.620584Z], metadata: %{"causation_id" => "019d0d82-da4b-7ad1-b314-79e78b967ed3", "correlation_id" => "019d0d82-da4b-7ad1-b314-79e78b967ed3"}}]
23:10:01.056 [debug] Nexus.Treasury.Handlers.TransferExecutionHandler received events: [%Commanded.EventStore.RecordedEvent{event_id: "a5a02490-a9ea-47dd-a1de-3dcb5d81d156", event_number: 12091, stream_id: "019d0d82-d469-7456-ad0b-a7090ea93d39", stream_version: 2, causation_id: "a406002a-a51e-4136-ad36-2e662a998e9b", correlation_id: "4b66f049-4732-45b1-ae4f-066ced6c808e", event_type: "Elixir.Nexus.Identity.Events.StepUpVerified", data: %Nexus.Identity.Events.StepUpVerified{user_id: "019d0d82-d469-7456-ad0b-a7090ea93d39", org_id: "019d0d82-d469-77cf-a443-bcf40f5681a4", action_id: "019d0d82-d47d-7906-b614-daa9d896811d", verified_at: "2026-03-20T23:09:31.626346Z"}, created_at: ~U[2026-03-20 23:09:31.626790Z], metadata: %{"causation_id" => "019d0d82-d66a-71c8-9e66-ba3f6453be0f", "correlation_id" => "019d0d82-d66a-71c8-9e66-ba3f6453be0f"}}]
23:10:01.056 [debug] Nexus.Treasury.Handlers.TransferExecutionHandler confirming receipt of event #12091 of events: [%Commanded.EventStore.RecordedEvent{event_id: "a5a02490-a9ea-47dd-a1de-3dcb5d81d156", event_number: 12091, stream_id: "019d0d82-d469-7456-ad0b-a7090ea93d39", stream_version: 2, causation_id: "a406002a-a51e-4136-ad36-2e662a998e9b", correlation_id: "4b66f049-4732-45b1-ae4f-066ced6c808e", event_type: "Elixir.Nexus.Identity.Events.StepUpVerified", data: %Nexus.Identity.Events.StepUpVerified{user_id: "019d0d82-d469-7456-ad0b-a7090ea93d39", org_id: "019d0d82-d469-77cf-a443-bcf40f5681a4", action_id: "019d0d82-d47d-7906-b614-daa9d896811d", verified_at: "2026-03-20T23:09:31.626346Z"}, created_at: ~U[2026-03-20 23:09:31.626790Z], metadata: %{"causation_id" => "019d0d82-d66a-71c8-9e66-ba3f6453be0f", "correlation_id" => "019d0d82-d66a-71c8-9e66-ba3f6453be0f"}}]
23:10:01.057 [debug] Nexus.Treasury.Projectors.VaultProjector received events: [%Commanded.EventStore.RecordedEvent{event_id: "30ac02a1-10e6-408d-adf8-a3a5f6ff4bb0", event_number: 12099, stream_id: "ea4be082-dc24-484c-a17f-4ea9af9ea1aa", stream_version: 2, causation_id: "9c860bc9-c29f-4b96-ab60-fdbd90cee8f9", correlation_id: "0fe3e33e-f938-478a-8b17-dcf63809d098", event_type: "Elixir.Nexus.Identity.Events.SessionStarted", data: %Nexus.Identity.Events.SessionStarted{org_id: "c956b600-f749-4d9a-95e8-c270cebb285a", user_id: "ea4be082-dc24-484c-a17f-4ea9af9ea1aa", session_id: "8df87682-34f2-47be-a008-a87ac6376d52", session_token: "token123", user_agent: "Mozilla/5.0", ip_address: "127.0.0.1", started_at: "2026-03-20T23:09:32.822023Z"}, created_at: ~U[2026-03-20 23:09:32.822476Z], metadata: %{"causation_id" => "019d0d82-db16-7fb1-a981-57f4ae45411b", "correlation_id" => "019d0d82-db16-7fb1-a981-57f4ae45411b"}}]
23:10:01.057 [debug] Nexus.Treasury.Projectors.VaultProjector confirming receipt of event #12099 of events: [%Commanded.EventStore.RecordedEvent{event_id: "30ac02a1-10e6-408d-adf8-a3a5f6ff4bb0", event_number: 12099, stream_id: "ea4be082-dc24-484c-a17f-4ea9af9ea1aa", stream_version: 2, causation_id: "9c860bc9-c29f-4b96-ab60-fdbd90cee8f9", correlation_id: "0fe3e33e-f938-478a-8b17-dcf63809d098", event_type: "Elixir.Nexus.Identity.Events.SessionStarted", data: %Nexus.Identity.Events.SessionStarted{org_id: "c956b600-f749-4d9a-95e8-c270cebb285a", user_id: "ea4be082-dc24-484c-a17f-4ea9af9ea1aa", session_id: "8df87682-34f2-47be-a008-a87ac6376d52", session_token: "token123", user_agent: "Mozilla/5.0", ip_address: "127.0.0.1", started_at: "2026-03-20T23:09:32.822023Z"}, created_at: ~U[2026-03-20 23:09:32.822476Z], metadata: %{"causation_id" => "019d0d82-db16-7fb1-a981-57f4ae45411b", "correlation_id" => "019d0d82-db16-7fb1-a981-57f4ae45411b"}}]
23:10:01.057 [debug] Nexus.Treasury.Handlers.TransferExecutionHandler received events: [%Commanded.EventStore.RecordedEvent{event_id: "57ccd18c-9a1f-4c31-98fa-56cf6d6084f3", event_number: 12092, stream_id: "019d0d82-d47d-7906-b614-daa9d896811d", stream_version: 2, causation_id: "da0a3291-7603-4676-8ce4-e3c545bf13f2", correlation_id: "ccacf5f4-fd3e-44e3-8f0a-eee69688cff4", event_type: "Elixir.Nexus.Treasury.Events.TransferAuthorized", data: %Nexus.Treasury.Events.TransferAuthorized{transfer_id: "019d0d82-d47d-7906-b614-daa9d896811d", org_id: "019d0d82-d469-77cf-a443-bcf40f5681a4", user_id: nil, actor_email: "verified-user@nexus.ai", authorized_at: "2026-03-20T23:09:31.626346Z"}, created_at: ~U[2026-03-20 23:09:31.630857Z], metadata: %{"causation_id" => "019d0d82-d66c-759a-9a2b-04931819982e", "correlation_id" => "019d0d82-d66c-759a-9a2b-04931819982e"}}]
23:10:01.057 [debug] Nexus.Treasury.Handlers.TransferExecutionHandler confirming receipt of event #12092 of events: [%Commanded.EventStore.RecordedEvent{event_id: "57ccd18c-9a1f-4c31-98fa-56cf6d6084f3", event_number: 12092, stream_id: "019d0d82-d47d-7906-b614-daa9d896811d", stream_version: 2, causation_id: "da0a3291-7603-4676-8ce4-e3c545bf13f2", correlation_id: "ccacf5f4-fd3e-44e3-8f0a-eee69688cff4", event_type: "Elixir.Nexus.Treasury.Events.TransferAuthorized", data: %Nexus.Treasury.Events.TransferAuthorized{transfer_id: "019d0d82-d47d-7906-b614-daa9d896811d", org_id: "019d0d82-d469-77cf-a443-bcf40f5681a4", user_id: nil, actor_email: "verified-user@nexus.ai", authorized_at: "2026-03-20T23:09:31.626346Z"}, created_at: ~U[2026-03-20 23:09:31.630857Z], metadata: %{"causation_id" => "019d0d82-d66c-759a-9a2b-04931819982e", "correlation_id" => "019d0d82-d66c-759a-9a2b-04931819982e"}}]
23:10:01.057 [debug] Nexus.Treasury.Projectors.VaultProjector received events: [%Commanded.EventStore.RecordedEvent{event_id: "26f272be-51fa-4639-a62c-bca3724dd8c3", event_number: 12100, stream_id: "4186cf5d-9599-43c8-9bf4-5a87a597db2e", stream_version: 1, causation_id: "86f418bb-d8b6-4679-aff9-b96e9bff7e74", correlation_id: "59c79c64-168c-480b-83cb-6b799192dadf", event_type: "Elixir.Nexus.Identity.Events.UserRegistered", data: %Nexus.Identity.Events.UserRegistered{user_id: "4186cf5d-9599-43c8-9bf4-5a87a597db2e", org_id: "5d2ca7e4-48ab-4924-8315-ddecb1be3caf", email: "test@example.com", role: "admin", cose_key: "dummy", credential_id: "dummy", registered_at: "2026-03-20T23:09:33.333140Z", display_name: "Test User", status: "active"}, created_at: ~U[2026-03-20 23:09:33.334312Z], metadata: %{"causation_id" => "019d0d82-dd15-7232-825f-f9407cc722dc", "correlation_id" => "019d0d82-dd15-7232-825f-f9407cc722dc"}}]
23:10:01.057 [debug] Nexus.Treasury.Projectors.VaultProjector confirming receipt of event #12100 of events: [%Commanded.EventStore.RecordedEvent{event_id: "26f272be-51fa-4639-a62c-bca3724dd8c3", event_number: 12100, stream_id: "4186cf5d-9599-43c8-9bf4-5a87a597db2e", stream_version: 1, causation_id: "86f418bb-d8b6-4679-aff9-b96e9bff7e74", correlation_id: "59c79c64-168c-480b-83cb-6b799192dadf", event_type: "Elixir.Nexus.Identity.Events.UserRegistered", data: %Nexus.Identity.Events.UserRegistered{user_id: "4186cf5d-9599-43c8-9bf4-5a87a597db2e", org_id: "5d2ca7e4-48ab-4924-8315-ddecb1be3caf", email: "test@example.com", role: "admin", cose_key: "dummy", credential_id: "dummy", registered_at: "2026-03-20T23:09:33.333140Z", display_name: "Test User", status: "active"}, created_at: ~U[2026-03-20 23:09:33.334312Z], metadata: %{"causation_id" => "019d0d82-dd15-7232-825f-f9407cc722dc", "correlation_id" => "019d0d82-dd15-7232-825f-f9407cc722dc"}}]
23:10:01.057 [debug] Nexus.Treasury.Handlers.TransferExecutionHandler received events: [%Commanded.EventStore.RecordedEvent{event_id: "1917cde5-4754-4b72-acef-0399dd1f0479", event_number: 12093, stream_id: "TransferHardeningTest.PM-019d0d82-d469-7456-ad0b-a7090ea93d39", stream_version: 2, causation_id: nil, correlation_id: nil, event_type: "Elixir.Nexus.Identity.Events.StepUpVerified", data: %Nexus.Identity.Events.StepUpVerified{user_id: "019d0d82-d469-7456-ad0b-a7090ea93d39", org_id: "019d0d82-d469-77cf-a443-bcf40f5681a4", action_id: "019d0d82-d47d-7906-b614-daa9d896811d", verified_at: "2026-03-20T23:09:31.626346Z"}, created_at: ~U[2026-03-20 23:09:31.633723Z], metadata: %{}}]
23:10:01.057 [debug] Nexus.Treasury.Handlers.TransferExecutionHandler confirming receipt of event #12093 of events: [%Commanded.EventStore.RecordedEvent{event_id: "1917cde5-4754-4b72-acef-0399dd1f0479", event_number: 12093, stream_id: "TransferHardeningTest.PM-019d0d82-d469-7456-ad0b-a7090ea93d39", stream_version: 2, causation_id: nil, correlation_id: nil, event_type: "Elixir.Nexus.Identity.Events.StepUpVerified", data: %Nexus.Identity.Events.StepUpVerified{user_id: "019d0d82-d469-7456-ad0b-a7090ea93d39", org_id: "019d0d82-d469-77cf-a443-bcf40f5681a4", action_id: "019d0d82-d47d-7906-b614-daa9d896811d", verified_at: "2026-03-20T23:09:31.626346Z"}, created_at: ~U[2026-03-20 23:09:31.633723Z], metadata: %{}}]
23:10:01.057 [debug] Nexus.Treasury.Projectors.VaultProjector received events: [%Commanded.EventStore.RecordedEvent{event_id: "98e8fc65-cea4-4f00-92d5-43e1afe55525", event_number: 12101, stream_id: "4186cf5d-9599-43c8-9bf4-5a87a597db2e", stream_version: 2, causation_id: "c175f819-1eb9-46ad-b8e5-b009477c36b9", correlation_id: "5b50ed61-dcd3-46c1-88ad-08e3d4eb381c", event_type: "Elixir.Nexus.Identity.Events.SessionExpired", data: %Nexus.Identity.Events.SessionExpired{org_id: "5d2ca7e4-48ab-4924-8315-ddecb1be3caf", user_id: "4186cf5d-9599-43c8-9bf4-5a87a597db2e", session_id: "4c18fa00-25b2-4a3e-9401-dd9bbdbdb5a2", expired_at: "2026-03-20T23:09:33.536022Z"}, created_at: ~U[2026-03-20 23:09:33.542974Z], metadata: %{"causation_id" => "019d0d82-dde6-7714-9344-d023fa0d968d", "correlation_id" => "019d0d82-dde6-7714-9344-d023fa0d968d"}}]
23:10:01.057 [debug] Nexus.Treasury.Projectors.VaultProjector confirming receipt of event #12101 of events: [%Commanded.EventStore.RecordedEvent{event_id: "98e8fc65-cea4-4f00-92d5-43e1afe55525", event_number: 12101, stream_id: "4186cf5d-9599-43c8-9bf4-5a87a597db2e", stream_version: 2, causation_id: "c175f819-1eb9-46ad-b8e5-b009477c36b9", correlation_id: "5b50ed61-dcd3-46c1-88ad-08e3d4eb381c", event_type: "Elixir.Nexus.Identity.Events.SessionExpired", data: %Nexus.Identity.Events.SessionExpired{org_id: "5d2ca7e4-48ab-4924-8315-ddecb1be3caf", user_id: "4186cf5d-9599-43c8-9bf4-5a87a597db2e", session_id: "4c18fa00-25b2-4a3e-9401-dd9bbdbdb5a2", expired_at: "2026-03-20T23:09:33.536022Z"}, created_at: ~U[2026-03-20 23:09:33.542974Z], metadata: %{"causation_id" => "019d0d82-dde6-7714-9344-d023fa0d968d", "correlation_id" => "019d0d82-dde6-7714-9344-d023fa0d968d"}}]
23:10:01.058 [debug] Nexus.Treasury.Handlers.TransferExecutionHandler received events: [%Commanded.EventStore.RecordedEvent{event_id: "c171b5a6-20e2-4054-98f5-bc3478742ea8", event_number: 12094, stream_id: "TransferHardeningTest.PM-019d0d82-d469-7456-ad0b-a7090ea93d39", stream_version: 3, causation_id: nil, correlation_id: nil, event_type: "Elixir.Nexus.Treasury.Events.TransferInitiated", data: %Nexus.Treasury.Events.TransferInitiated{transfer_id: "019d0d82-d47d-7906-b614-daa9d896811d", org_id: "019d0d82-d469-77cf-a443-bcf40f5681a4", user_id: "019d0d82-d469-7456-ad0b-a7090ea93d39", from_currency: "EUR", to_currency: "USD", amount: "5000000", status: "pending_authorization", bulk_payment_id: nil, recipient_data: nil, requested_at: "2026-03-20T23:09:31.133865Z"}, created_at: ~U[2026-03-20 23:09:31.635510Z], metadata: %{}}]
23:10:01.058 [debug] Nexus.Treasury.Handlers.TransferExecutionHandler confirming receipt of event #12094 of events: [%Commanded.EventStore.RecordedEvent{event_id: "c171b5a6-20e2-4054-98f5-bc3478742ea8", event_number: 12094, stream_id: "TransferHardeningTest.PM-019d0d82-d469-7456-ad0b-a7090ea93d39", stream_version: 3, causation_id: nil, correlation_id: nil, event_type: "Elixir.Nexus.Treasury.Events.TransferInitiated", data: %Nexus.Treasury.Events.TransferInitiated{transfer_id: "019d0d82-d47d-7906-b614-daa9d896811d", org_id: "019d0d82-d469-77cf-a443-bcf40f5681a4", user_id: "019d0d82-d469-7456-ad0b-a7090ea93d39", from_currency: "EUR", to_currency: "USD", amount: "5000000", status: "pending_authorization", bulk_payment_id: nil, recipient_data: nil, requested_at: "2026-03-20T23:09:31.133865Z"}, created_at: ~U[2026-03-20 23:09:31.635510Z], metadata: %{}}]
23:10:01.058 [debug] Nexus.Treasury.Projectors.VaultProjector received events: [%Commanded.EventStore.RecordedEvent{event_id: "596e6270-1345-45b5-ae42-dff88730af0f", event_number: 12102, stream_id: "d154a838-52d0-480b-b57e-6ed29c8ec9fe", stream_version: 1, causation_id: "17bd7216-2519-49a9-8d88-c7c5ab8a2e74", correlation_id: "3319e954-1a88-4b98-b77c-8ea157d925a8", event_type: "Elixir.Nexus.Identity.Events.UserRegistered", data: %Nexus.Identity.Events.UserRegistered{user_id: "d154a838-52d0-480b-b57e-6ed29c8ec9fe", org_id: "6ee77486-8ec8-4c1d-89db-bae0864c7431", email: "test@example.com", role: "admin", cose_key: "dummy", credential_id: "dummy", registered_at: "2026-03-20T23:09:34.048175Z", display_name: "Test User", status: "active"}, created_at: ~U[2026-03-20 23:09:34.051865Z], metadata: %{"causation_id" => "019d0d82-dfe0-7ebf-9f94-15e1057e3320", "correlation_id" => "019d0d82-dfe0-7ebf-9f94-15e1057e3320"}}]
23:10:01.058 [debug] Nexus.Treasury.Projectors.VaultProjector confirming receipt of event #12102 of events: [%Commanded.EventStore.RecordedEvent{event_id: "596e6270-1345-45b5-ae42-dff88730af0f", event_number: 12102, stream_id: "d154a838-52d0-480b-b57e-6ed29c8ec9fe", stream_version: 1, causation_id: "17bd7216-2519-49a9-8d88-c7c5ab8a2e74", correlation_id: "3319e954-1a88-4b98-b77c-8ea157d925a8", event_type: "Elixir.Nexus.Identity.Events.UserRegistered", data: %Nexus.Identity.Events.UserRegistered{user_id: "d154a838-52d0-480b-b57e-6ed29c8ec9fe", org_id: "6ee77486-8ec8-4c1d-89db-bae0864c7431", email: "test@example.com", role: "admin", cose_key: "dummy", credential_id: "dummy", registered_at: "2026-03-20T23:09:34.048175Z", display_name: "Test User", status: "active"}, created_at: ~U[2026-03-20 23:09:34.051865Z], metadata: %{"causation_id" => "019d0d82-dfe0-7ebf-9f94-15e1057e3320", "correlation_id" => "019d0d82-dfe0-7ebf-9f94-15e1057e3320"}}]
23:10:01.058 [debug] Nexus.Treasury.Handlers.TransferExecutionHandler received events: [%Commanded.EventStore.RecordedEvent{event_id: "3ff1e381-4e1a-46a0-8011-478bfe8b9eff", event_number: 12095, stream_id: "019d0d82-d47d-7906-b614-daa9d896811d", stream_version: 3, causation_id: "60473c0b-4dda-4d74-b736-a7d448fb0ab8", correlation_id: "b18c7780-6b6c-4ecd-a8e9-cd4cad095bb2", event_type: "Elixir.Nexus.Treasury.Events.TransferExecuted", data: %Nexus.Treasury.Events.TransferExecuted{transfer_id: "019d0d82-d47d-7906-b614-daa9d896811d", org_id: "019d0d82-d469-77cf-a443-bcf40f5681a4", amount: "5000000", from_currency: "EUR", to_currency: "USD", recipient_data: nil, executed_at: "2026-03-20T23:09:31.636844Z"}, created_at: ~U[2026-03-20 23:09:31.637357Z], metadata: %{"causation_id" => "019d0d82-d674-774d-833b-32c3beb33123", "correlation_id" => "019d0d82-d674-774d-833b-32c3beb33123"}}]
23:10:01.058 [info] [Treasury] [Execution] External transfer executed (no vault sync needed).
23:10:01.058 [debug] Nexus.Treasury.Handlers.TransferExecutionHandler confirming receipt of event #12095 of events: [%Commanded.EventStore.RecordedEvent{event_id: "3ff1e381-4e1a-46a0-8011-478bfe8b9eff", event_number: 12095, stream_id: "019d0d82-d47d-7906-b614-daa9d896811d", stream_version: 3, causation_id: "60473c0b-4dda-4d74-b736-a7d448fb0ab8", correlation_id: "b18c7780-6b6c-4ecd-a8e9-cd4cad095bb2", event_type: "Elixir.Nexus.Treasury.Events.TransferExecuted", data: %Nexus.Treasury.Events.TransferExecuted{transfer_id: "019d0d82-d47d-7906-b614-daa9d896811d", org_id: "019d0d82-d469-77cf-a443-bcf40f5681a4", amount: "5000000", from_currency: "EUR", to_currency: "USD", recipient_data: nil, executed_at: "2026-03-20T23:09:31.636844Z"}, created_at: ~U[2026-03-20 23:09:31.637357Z], metadata: %{"causation_id" => "019d0d82-d674-774d-833b-32c3beb33123", "correlation_id" => "019d0d82-d674-774d-833b-32c3beb33123"}}]
23:10:01.058 [debug] Nexus.Treasury.Projectors.VaultProjector received events: [%Commanded.EventStore.RecordedEvent{event_id: "cb084de5-2bce-43cf-aedd-7a8d27fcdc13", event_number: 12103, stream_id: "d154a838-52d0-480b-b57e-6ed29c8ec9fe", stream_version: 2, causation_id: "a44f4c87-f54d-44c9-82c8-6102fb0054e6", correlation_id: "b6b5602b-ceac-4089-8fbc-025bc5743580", event_type: "Elixir.Nexus.Identity.Events.SettingsUpdated", data: %Nexus.Identity.Events.SettingsUpdated{org_id: "6ee77486-8ec8-4c1d-89db-bae0864c7431", user_id: "d154a838-52d0-480b-b57e-6ed29c8ec9fe", locale: "fr", timezone: "Europe/Paris", notifications_enabled: false, updated_at: "2026-03-20T23:09:34.754997Z"}, created_at: ~U[2026-03-20 23:09:34.755903Z], metadata: %{"causation_id" => "019d0d82-e2a3-7f94-b1c9-59b356db1c19", "correlation_id" => "019d0d82-e2a3-7f94-b1c9-59b356db1c19"}}]
23:10:01.058 [debug] Nexus.Treasury.Projectors.VaultProjector confirming receipt of event #12103 of events: [%Commanded.EventStore.RecordedEvent{event_id: "cb084de5-2bce-43cf-aedd-7a8d27fcdc13", event_number: 12103, stream_id: "d154a838-52d0-480b-b57e-6ed29c8ec9fe", stream_version: 2, causation_id: "a44f4c87-f54d-44c9-82c8-6102fb0054e6", correlation_id: "b6b5602b-ceac-4089-8fbc-025bc5743580", event_type: "Elixir.Nexus.Identity.Events.SettingsUpdated", data: %Nexus.Identity.Events.SettingsUpdated{org_id: "6ee77486-8ec8-4c1d-89db-bae0864c7431", user_id: "d154a838-52d0-480b-b57e-6ed29c8ec9fe", locale: "fr", timezone: "Europe/Paris", notifications_enabled: false, updated_at: "2026-03-20T23:09:34.754997Z"}, created_at: ~U[2026-03-20 23:09:34.755903Z], metadata: %{"causation_id" => "019d0d82-e2a3-7f94-b1c9-59b356db1c19", "correlation_id" => "019d0d82-e2a3-7f94-b1c9-59b356db1c19"}}]
23:10:01.059 [debug] Nexus.Treasury.Handlers.TransferExecutionHandler received events: [%Commanded.EventStore.RecordedEvent{event_id: "978f4c16-bd3e-4b12-9763-cefc83ce8785", event_number: 12096, stream_id: "TransferHardeningTest.PM-019d0d82-d469-7456-ad0b-a7090ea93d39", stream_version: 4, causation_id: nil, correlation_id: nil, event_type: "Elixir.Nexus.Treasury.Events.TransferAuthorized", data: %Nexus.Treasury.Events.TransferAuthorized{transfer_id: "019d0d82-d47d-7906-b614-daa9d896811d", org_id: "019d0d82-d469-77cf-a443-bcf40f5681a4", user_id: nil, actor_email: "verified-user@nexus.ai", authorized_at: "2026-03-20T23:09:31.626346Z"}, created_at: ~U[2026-03-20 23:09:31.638397Z], metadata: %{}}]
23:10:01.059 [debug] Nexus.Treasury.Handlers.TransferExecutionHandler confirming receipt of event #12096 of events: [%Commanded.EventStore.RecordedEvent{event_id: "978f4c16-bd3e-4b12-9763-cefc83ce8785", event_number: 12096, stream_id: "TransferHardeningTest.PM-019d0d82-d469-7456-ad0b-a7090ea93d39", stream_version: 4, causation_id: nil, correlation_id: nil, event_type: "Elixir.Nexus.Treasury.Events.TransferAuthorized", data: %Nexus.Treasury.Events.TransferAuthorized{transfer_id: "019d0d82-d47d-7906-b614-daa9d896811d", org_id: "019d0d82-d469-77cf-a443-bcf40f5681a4", user_id: nil, actor_email: "verified-user@nexus.ai", authorized_at: "2026-03-20T23:09:31.626346Z"}, created_at: ~U[2026-03-20 23:09:31.638397Z], metadata: %{}}]
23:10:01.059 [debug] Nexus.Treasury.ProcessManagers.TransferManager attempting to dispatch command: %Nexus.Treasury.Commands.ExecuteTransfer{transfer_id: "019d0d82-d06d-76cc-8b57-053e10984436", org_id: "019d0d82-d057-7d1f-bcbc-c0f3a9c2947b", executed_at: ~U[2026-03-20 23:10:01.058963Z]}
23:10:01.059 [debug] Locating aggregate process for `Nexus.Treasury.Aggregates.Transfer` with UUID "019d0d82-d06d-76cc-8b57-053e10984436"
23:10:01.059 [debug] Nexus.Treasury.Projectors.VaultProjector received events: [%Commanded.EventStore.RecordedEvent{event_id: "86af4077-4ea2-464e-912a-01f4d77dbe3f", event_number: 12104, stream_id: "9d3a5070-b2c3-4400-9df9-c549702f4442", stream_version: 1, causation_id: "49d230b6-b14b-4216-b962-8467af200f65", correlation_id: "5d165a4c-96b3-4925-895a-85e3b25d3518", event_type: "Elixir.Nexus.Identity.Events.UserRegistered", data: %Nexus.Identity.Events.UserRegistered{user_id: "9d3a5070-b2c3-4400-9df9-c549702f4442", org_id: "345d9082-2af6-43c5-b32c-70eb98868558", email: "bernard-c34c22cd-1795-4aad-82e6-2bfd49a43ec4@nexus.financial", role: "admin", cose_key: "bW9jaw==", credential_id: "bW9jaw==", registered_at: "2026-03-20T23:09:35.266974Z", display_name: "Bernard", status: "active"}, created_at: ~U[2026-03-20 23:09:35.268107Z], metadata: %{"causation_id" => "019d0d82-e4a3-758b-a00b-927d31efde51", "correlation_id" => "019d0d82-e4a3-758b-a00b-927d31efde51"}}]
23:10:01.059 [debug] Nexus.Treasury.Projectors.VaultProjector confirming receipt of event #12104 of events: [%Commanded.EventStore.RecordedEvent{event_id: "86af4077-4ea2-464e-912a-01f4d77dbe3f", event_number: 12104, stream_id: "9d3a5070-b2c3-4400-9df9-c549702f4442", stream_version: 1, causation_id: "49d230b6-b14b-4216-b962-8467af200f65", correlation_id: "5d165a4c-96b3-4925-895a-85e3b25d3518", event_type: "Elixir.Nexus.Identity.Events.UserRegistered", data: %Nexus.Identity.Events.UserRegistered{user_id: "9d3a5070-b2c3-4400-9df9-c549702f4442", org_id: "345d9082-2af6-43c5-b32c-70eb98868558", email: "bernard-c34c22cd-1795-4aad-82e6-2bfd49a43ec4@nexus.financial", role: "admin", cose_key: "bW9jaw==", credential_id: "bW9jaw==", registered_at: "2026-03-20T23:09:35.266974Z", display_name: "Bernard", status: "active"}, created_at: ~U[2026-03-20 23:09:35.268107Z], metadata: %{"causation_id" => "019d0d82-e4a3-758b-a00b-927d31efde51", "correlation_id" => "019d0d82-e4a3-758b-a00b-927d31efde51"}}]
23:10:01.059 [debug] Nexus.Treasury.Handlers.TransferExecutionHandler received events: [%Commanded.EventStore.RecordedEvent{event_id: "30ba26aa-553c-41b7-ad4a-3754e73cc48c", event_number: 12097, stream_id: "019d0d82-da43-7780-ad79-e14cbbf750df", stream_version: 1, causation_id: "022770ac-bc07-4b1c-a5bd-a13a312904f7", correlation_id: "3dfee312-caad-4372-89f1-0b6952e93414", event_type: "Elixir.Nexus.Identity.Events.UserRegistered", data: %Nexus.Identity.Events.UserRegistered{user_id: "019d0d82-da43-7780-ad79-e14cbbf750df", org_id: "019d0d82-da43-72bf-8221-f68de07b1fc1", email: "bernard@example.com", role: "trader", cose_key: "mock_cose_key", credential_id: "mock_cred_123", registered_at: "2026-03-20T23:09:32.611165Z", display_name: nil, status: "active"}, created_at: ~U[2026-03-20 23:09:32.612345Z], metadata: %{"causation_id" => "019d0d82-da43-7ed6-81f5-6b33cdce635f", "correlation_id" => "019d0d82-da43-7ed6-81f5-6b33cdce635f"}}]
23:10:01.059 [debug] Nexus.Treasury.Handlers.TransferExecutionHandler confirming receipt of event #12097 of events: [%Commanded.EventStore.RecordedEvent{event_id: "30ba26aa-553c-41b7-ad4a-3754e73cc48c", event_number: 12097, stream_id: "019d0d82-da43-7780-ad79-e14cbbf750df", stream_version: 1, causation_id: "022770ac-bc07-4b1c-a5bd-a13a312904f7", correlation_id: "3dfee312-caad-4372-89f1-0b6952e93414", event_type: "Elixir.Nexus.Identity.Events.UserRegistered", data: %Nexus.Identity.Events.UserRegistered{user_id: "019d0d82-da43-7780-ad79-e14cbbf750df", org_id: "019d0d82-da43-72bf-8221-f68de07b1fc1", email: "bernard@example.com", role: "trader", cose_key: "mock_cose_key", credential_id: "mock_cred_123", registered_at: "2026-03-20T23:09:32.611165Z", display_name: nil, status: "active"}, created_at: ~U[2026-03-20 23:09:32.612345Z], metadata: %{"causation_id" => "019d0d82-da43-7ed6-81f5-6b33cdce635f", "correlation_id" => "019d0d82-da43-7ed6-81f5-6b33cdce635f"}}]
23:10:01.059 [debug] Nexus.Treasury.Projectors.VaultProjector received events: [%Commanded.EventStore.RecordedEvent{event_id: "cf0f3c49-48eb-49b3-b3b2-07887583c2ee", event_number: 12105, stream_id: "9d3a5070-b2c3-4400-9df9-c549702f4442", stream_version: 2, causation_id: "0e70b535-0a0b-409f-9e7e-c47e5c5e7534", correlation_id: "385b00d0-f0af-48d3-a965-03b852cafdea", event_type: "Elixir.Nexus.Identity.Events.SessionStarted", data: %Nexus.Identity.Events.SessionStarted{org_id: "345d9082-2af6-43c5-b32c-70eb98868558", user_id: "9d3a5070-b2c3-4400-9df9-c549702f4442", session_id: "bd258fcc-fee8-4434-868c-d847b53569f9", session_token: "mock-token", user_agent: "Mozilla/5.0 (Macintosh; Intel Mac OS X 10_15_7)", ip_address: "127.0.0.1", started_at: "2026-03-20T23:09:35.470527Z"}, created_at: ~U[2026-03-20 23:09:35.471329Z], metadata: %{"causation_id" => "019d0d82-e56e-777f-bc68-f63372a3388e", "correlation_id" => "019d0d82-e56e-777f-bc68-f63372a3388e"}}]
23:10:01.059 [debug] Nexus.Treasury.Projectors.VaultProjector confirming receipt of event #12105 of events: [%Commanded.EventStore.RecordedEvent{event_id: "cf0f3c49-48eb-49b3-b3b2-07887583c2ee", event_number: 12105, stream_id: "9d3a5070-b2c3-4400-9df9-c549702f4442", stream_version: 2, causation_id: "0e70b535-0a0b-409f-9e7e-c47e5c5e7534", correlation_id: "385b00d0-f0af-48d3-a965-03b852cafdea", event_type: "Elixir.Nexus.Identity.Events.SessionStarted", data: %Nexus.Identity.Events.SessionStarted{org_id: "345d9082-2af6-43c5-b32c-70eb98868558", user_id: "9d3a5070-b2c3-4400-9df9-c549702f4442", session_id: "bd258fcc-fee8-4434-868c-d847b53569f9", session_token: "mock-token", user_agent: "Mozilla/5.0 (Macintosh; Intel Mac OS X 10_15_7)", ip_address: "127.0.0.1", started_at: "2026-03-20T23:09:35.470527Z"}, created_at: ~U[2026-03-20 23:09:35.471329Z], metadata: %{"causation_id" => "019d0d82-e56e-777f-bc68-f63372a3388e", "correlation_id" => "019d0d82-e56e-777f-bc68-f63372a3388e"}}]
23:10:01.060 [debug] Nexus.Treasury.Handlers.TransferExecutionHandler received events: [%Commanded.EventStore.RecordedEvent{event_id: "d58b396f-76ca-41a5-8512-7cfbd0770fd1", event_number: 12098, stream_id: "ea4be082-dc24-484c-a17f-4ea9af9ea1aa", stream_version: 1, causation_id: "c69db092-e614-47cb-b465-142461436d62", correlation_id: "b8b4f67d-5155-4883-a4dd-8778b38719d0", event_type: "Elixir.Nexus.Identity.Events.UserRegistered", data: %Nexus.Identity.Events.UserRegistered{user_id: "ea4be082-dc24-484c-a17f-4ea9af9ea1aa", org_id: "c956b600-f749-4d9a-95e8-c270cebb285a", email: "test@example.com", role: "admin", cose_key: "dummy", credential_id: "dummy", registered_at: "2026-03-20T23:09:32.619473Z", display_name: "Test User", status: "active"}, created_at: ~U[2026-03-20 23:09:32.620584Z], metadata: %{"causation_id" => "019d0d82-da4b-7ad1-b314-79e78b967ed3", "correlation_id" => "019d0d82-da4b-7ad1-b314-79e78b967ed3"}}]
23:10:01.060 [debug] Nexus.Treasury.Projectors.VaultProjector received events: [%Commanded.EventStore.RecordedEvent{event_id: "a7bdb3e4-e3a7-4406-a654-5d1b47aabaf3", event_number: 12106, stream_id: "9d3a5070-b2c3-4400-9df9-c549702f4442", stream_version: 3, causation_id: "0d41dae7-16fc-4fb4-81db-8d99828a0fe7", correlation_id: "5b5a63de-8826-4054-8906-7d7d1b274192", event_type: "Elixir.Nexus.Identity.Events.SettingsUpdated", data: %Nexus.Identity.Events.SettingsUpdated{org_id: "345d9082-2af6-43c5-b32c-70eb98868558", user_id: "9d3a5070-b2c3-4400-9df9-c549702f4442", locale: "fr", timezone: "Europe/Paris", notifications_enabled: true, updated_at: "2026-03-20T23:09:35.574085Z"}, created_at: ~U[2026-03-20 23:09:35.575549Z], metadata: %{"causation_id" => "019d0d82-e5d6-71d5-acb2-426c20447ee2", "correlation_id" => "019d0d82-e5d6-71d5-acb2-426c20447ee2"}}]
23:10:01.060 [debug] Nexus.Treasury.Projectors.VaultProjector confirming receipt of event #12106 of events: [%Commanded.EventStore.RecordedEvent{event_id: "a7bdb3e4-e3a7-4406-a654-5d1b47aabaf3", event_number: 12106, stream_id: "9d3a5070-b2c3-4400-9df9-c549702f4442", stream_version: 3, causation_id: "0d41dae7-16fc-4fb4-81db-8d99828a0fe7", correlation_id: "5b5a63de-8826-4054-8906-7d7d1b274192", event_type: "Elixir.Nexus.Identity.Events.SettingsUpdated", data: %Nexus.Identity.Events.SettingsUpdated{org_id: "345d9082-2af6-43c5-b32c-70eb98868558", user_id: "9d3a5070-b2c3-4400-9df9-c549702f4442", locale: "fr", timezone: "Europe/Paris", notifications_enabled: true, updated_at: "2026-03-20T23:09:35.574085Z"}, created_at: ~U[2026-03-20 23:09:35.575549Z], metadata: %{"causation_id" => "019d0d82-e5d6-71d5-acb2-426c20447ee2", "correlation_id" => "019d0d82-e5d6-71d5-acb2-426c20447ee2"}}]
23:10:01.060 [debug] Nexus.Treasury.Handlers.TransferExecutionHandler confirming receipt of event #12098 of events: [%Commanded.EventStore.RecordedEvent{event_id: "d58b396f-76ca-41a5-8512-7cfbd0770fd1", event_number: 12098, stream_id: "ea4be082-dc24-484c-a17f-4ea9af9ea1aa", stream_version: 1, causation_id: "c69db092-e614-47cb-b465-142461436d62", correlation_id: "b8b4f67d-5155-4883-a4dd-8778b38719d0", event_type: "Elixir.Nexus.Identity.Events.UserRegistered", data: %Nexus.Identity.Events.UserRegistered{user_id: "ea4be082-dc24-484c-a17f-4ea9af9ea1aa", org_id: "c956b600-f749-4d9a-95e8-c270cebb285a", email: "test@example.com", role: "admin", cose_key: "dummy", credential_id: "dummy", registered_at: "2026-03-20T23:09:32.619473Z", display_name: "Test User", status: "active"}, created_at: ~U[2026-03-20 23:09:32.620584Z], metadata: %{"causation_id" => "019d0d82-da4b-7ad1-b314-79e78b967ed3", "correlation_id" => "019d0d82-da4b-7ad1-b314-79e78b967ed3"}}]
23:10:01.060 [debug] Nexus.Treasury.Projectors.VaultProjector received events: [%Commanded.EventStore.RecordedEvent{event_id: "cf620354-e25f-49a9-81e0-ef70f5233208", event_number: 12107, stream_id: "a376bcdc-3241-44eb-89e4-fec0a0c202dc", stream_version: 1, causation_id: "8da72077-6704-47e3-ab92-8c914f793d00", correlation_id: "d1732a5a-6277-41d7-8213-d5ad39da2969", event_type: "Elixir.Nexus.Identity.Events.UserRegistered", data: %Nexus.Identity.Events.UserRegistered{user_id: "a376bcdc-3241-44eb-89e4-fec0a0c202dc", org_id: "9971403d-e624-4844-9ddf-d86fafe099ed", email: "bernard-05efde2e-ed22-41c9-8363-b6e63c514f2e@nexus.financial", role: "admin", cose_key: "bW9jaw==", credential_id: "bW9jaw==", registered_at: "2026-03-20T23:09:36.084942Z", display_name: "Bernard", status: "active"}, created_at: ~U[2026-03-20 23:09:36.086507Z], metadata: %{"causation_id" => "019d0d82-e7d5-7ea1-93c7-143c402a555f", "correlation_id" => "019d0d82-e7d5-7ea1-93c7-143c402a555f"}}]
23:10:01.060 [debug] Nexus.Treasury.Aggregates.Transfer<019d0d82-d06d-76cc-8b57-053e10984436@2> executing command: %Nexus.Treasury.Commands.ExecuteTransfer{transfer_id: "019d0d82-d06d-76cc-8b57-053e10984436", org_id: "019d0d82-d057-7d1f-bcbc-c0f3a9c2947b", executed_at: ~U[2026-03-20 23:10:01.058963Z]}
23:10:01.060 [debug] Nexus.Treasury.Projectors.VaultProjector confirming receipt of event #12107 of events: [%Commanded.EventStore.RecordedEvent{event_id: "cf620354-e25f-49a9-81e0-ef70f5233208", event_number: 12107, stream_id: "a376bcdc-3241-44eb-89e4-fec0a0c202dc", stream_version: 1, causation_id: "8da72077-6704-47e3-ab92-8c914f793d00", correlation_id: "d1732a5a-6277-41d7-8213-d5ad39da2969", event_type: "Elixir.Nexus.Identity.Events.UserRegistered", data: %Nexus.Identity.Events.UserRegistered{user_id: "a376bcdc-3241-44eb-89e4-fec0a0c202dc", org_id: "9971403d-e624-4844-9ddf-d86fafe099ed", email: "bernard-05efde2e-ed22-41c9-8363-b6e63c514f2e@nexus.financial", role: "admin", cose_key: "bW9jaw==", credential_id: "bW9jaw==", registered_at: "2026-03-20T23:09:36.084942Z", display_name: "Bernard", status: "active"}, created_at: ~U[2026-03-20 23:09:36.086507Z], metadata: %{"causation_id" => "019d0d82-e7d5-7ea1-93c7-143c402a555f", "correlation_id" => "019d0d82-e7d5-7ea1-93c7-143c402a555f"}}]
23:10:01.060 [debug] Nexus.Treasury.Handlers.TransferExecutionHandler received events: [%Commanded.EventStore.RecordedEvent{event_id: "30ac02a1-10e6-408d-adf8-a3a5f6ff4bb0", event_number: 12099, stream_id: "ea4be082-dc24-484c-a17f-4ea9af9ea1aa", stream_version: 2, causation_id: "9c860bc9-c29f-4b96-ab60-fdbd90cee8f9", correlation_id: "0fe3e33e-f938-478a-8b17-dcf63809d098", event_type: "Elixir.Nexus.Identity.Events.SessionStarted", data: %Nexus.Identity.Events.SessionStarted{org_id: "c956b600-f749-4d9a-95e8-c270cebb285a", user_id: "ea4be082-dc24-484c-a17f-4ea9af9ea1aa", session_id: "8df87682-34f2-47be-a008-a87ac6376d52", session_token: "token123", user_agent: "Mozilla/5.0", ip_address: "127.0.0.1", started_at: "2026-03-20T23:09:32.822023Z"}, created_at: ~U[2026-03-20 23:09:32.822476Z], metadata: %{"causation_id" => "019d0d82-db16-7fb1-a981-57f4ae45411b", "correlation_id" => "019d0d82-db16-7fb1-a981-57f4ae45411b"}}]
23:10:01.060 [debug] Nexus.Treasury.Handlers.TransferExecutionHandler confirming receipt of event #12099 of events: [%Commanded.EventStore.RecordedEvent{event_id: "30ac02a1-10e6-408d-adf8-a3a5f6ff4bb0", event_number: 12099, stream_id: "ea4be082-dc24-484c-a17f-4ea9af9ea1aa", stream_version: 2, causation_id: "9c860bc9-c29f-4b96-ab60-fdbd90cee8f9", correlation_id: "0fe3e33e-f938-478a-8b17-dcf63809d098", event_type: "Elixir.Nexus.Identity.Events.SessionStarted", data: %Nexus.Identity.Events.SessionStarted{org_id: "c956b600-f749-4d9a-95e8-c270cebb285a", user_id: "ea4be082-dc24-484c-a17f-4ea9af9ea1aa", session_id: "8df87682-34f2-47be-a008-a87ac6376d52", session_token: "token123", user_agent: "Mozilla/5.0", ip_address: "127.0.0.1", started_at: "2026-03-20T23:09:32.822023Z"}, created_at: ~U[2026-03-20 23:09:32.822476Z], metadata: %{"causation_id" => "019d0d82-db16-7fb1-a981-57f4ae45411b", "correlation_id" => "019d0d82-db16-7fb1-a981-57f4ae45411b"}}]
23:10:01.061 [debug] Nexus.Treasury.Handlers.TransferExecutionHandler received events: [%Commanded.EventStore.RecordedEvent{event_id: "26f272be-51fa-4639-a62c-bca3724dd8c3", event_number: 12100, stream_id: "4186cf5d-9599-43c8-9bf4-5a87a597db2e", stream_version: 1, causation_id: "86f418bb-d8b6-4679-aff9-b96e9bff7e74", correlation_id: "59c79c64-168c-480b-83cb-6b799192dadf", event_type: "Elixir.Nexus.Identity.Events.UserRegistered", data: %Nexus.Identity.Events.UserRegistered{user_id: "4186cf5d-9599-43c8-9bf4-5a87a597db2e", org_id: "5d2ca7e4-48ab-4924-8315-ddecb1be3caf", email: "test@example.com", role: "admin", cose_key: "dummy", credential_id: "dummy", registered_at: "2026-03-20T23:09:33.333140Z", display_name: "Test User", status: "active"}, created_at: ~U[2026-03-20 23:09:33.334312Z], metadata: %{"causation_id" => "019d0d82-dd15-7232-825f-f9407cc722dc", "correlation_id" => "019d0d82-dd15-7232-825f-f9407cc722dc"}}]
23:10:01.061 [debug] Nexus.Treasury.Handlers.TransferExecutionHandler confirming receipt of event #12100 of events: [%Commanded.EventStore.RecordedEvent{event_id: "26f272be-51fa-4639-a62c-bca3724dd8c3", event_number: 12100, stream_id: "4186cf5d-9599-43c8-9bf4-5a87a597db2e", stream_version: 1, causation_id: "86f418bb-d8b6-4679-aff9-b96e9bff7e74", correlation_id: "59c79c64-168c-480b-83cb-6b799192dadf", event_type: "Elixir.Nexus.Identity.Events.UserRegistered", data: %Nexus.Identity.Events.UserRegistered{user_id: "4186cf5d-9599-43c8-9bf4-5a87a597db2e", org_id: "5d2ca7e4-48ab-4924-8315-ddecb1be3caf", email: "test@example.com", role: "admin", cose_key: "dummy", credential_id: "dummy", registered_at: "2026-03-20T23:09:33.333140Z", display_name: "Test User", status: "active"}, created_at: ~U[2026-03-20 23:09:33.334312Z], metadata: %{"causation_id" => "019d0d82-dd15-7232-825f-f9407cc722dc", "correlation_id" => "019d0d82-dd15-7232-825f-f9407cc722dc"}}]
23:10:01.061 [debug] Nexus.Treasury.Projectors.VaultProjector received events: [%Commanded.EventStore.RecordedEvent{event_id: "4fe3c136-4ef3-404c-8bff-677aeae5b9b5", event_number: 12108, stream_id: "a376bcdc-3241-44eb-89e4-fec0a0c202dc", stream_version: 2, causation_id: "29012d78-7624-43b0-bf1c-9110886977ad", correlation_id: "8fd8d9e2-f9f5-43de-a3a2-bacebf754acc", event_type: "Elixir.Nexus.Identity.Events.SessionStarted", data: %Nexus.Identity.Events.SessionStarted{org_id: "9971403d-e624-4844-9ddf-d86fafe099ed", user_id: "a376bcdc-3241-44eb-89e4-fec0a0c202dc", session_id: "6e9eae96-35d1-403b-a49f-229059fb4695", session_token: "mock-token", user_agent: "Mozilla/5.0 (Macintosh; Intel Mac OS X 10_15_7)", ip_address: "127.0.0.1", started_at: "2026-03-20T23:09:36.288038Z"}, created_at: ~U[2026-03-20 23:09:36.288734Z], metadata: %{"causation_id" => "019d0d82-e8a0-739b-95ee-af1ea972681c", "correlation_id" => "019d0d82-e8a0-739b-95ee-af1ea972681c"}}]
23:10:01.061 [debug] Nexus.Treasury.Projectors.VaultProjector confirming receipt of event #12108 of events: [%Commanded.EventStore.RecordedEvent{event_id: "4fe3c136-4ef3-404c-8bff-677aeae5b9b5", event_number: 12108, stream_id: "a376bcdc-3241-44eb-89e4-fec0a0c202dc", stream_version: 2, causation_id: "29012d78-7624-43b0-bf1c-9110886977ad", correlation_id: "8fd8d9e2-f9f5-43de-a3a2-bacebf754acc", event_type: "Elixir.Nexus.Identity.Events.SessionStarted", data: %Nexus.Identity.Events.SessionStarted{org_id: "9971403d-e624-4844-9ddf-d86fafe099ed", user_id: "a376bcdc-3241-44eb-89e4-fec0a0c202dc", session_id: "6e9eae96-35d1-403b-a49f-229059fb4695", session_token: "mock-token", user_agent: "Mozilla/5.0 (Macintosh; Intel Mac OS X 10_15_7)", ip_address: "127.0.0.1", started_at: "2026-03-20T23:09:36.288038Z"}, created_at: ~U[2026-03-20 23:09:36.288734Z], metadata: %{"causation_id" => "019d0d82-e8a0-739b-95ee-af1ea972681c", "correlation_id" => "019d0d82-e8a0-739b-95ee-af1ea972681c"}}]
23:10:01.061 [debug] Nexus.Treasury.Handlers.TransferExecutionHandler received events: [%Commanded.EventStore.RecordedEvent{event_id: "98e8fc65-cea4-4f00-92d5-43e1afe55525", event_number: 12101, stream_id: "4186cf5d-9599-43c8-9bf4-5a87a597db2e", stream_version: 2, causation_id: "c175f819-1eb9-46ad-b8e5-b009477c36b9", correlation_id: "5b50ed61-dcd3-46c1-88ad-08e3d4eb381c", event_type: "Elixir.Nexus.Identity.Events.SessionExpired", data: %Nexus.Identity.Events.SessionExpired{org_id: "5d2ca7e4-48ab-4924-8315-ddecb1be3caf", user_id: "4186cf5d-9599-43c8-9bf4-5a87a597db2e", session_id: "4c18fa00-25b2-4a3e-9401-dd9bbdbdb5a2", expired_at: "2026-03-20T23:09:33.536022Z"}, created_at: ~U[2026-03-20 23:09:33.542974Z], metadata: %{"causation_id" => "019d0d82-dde6-7714-9344-d023fa0d968d", "correlation_id" => "019d0d82-dde6-7714-9344-d023fa0d968d"}}]
23:10:01.061 [debug] Nexus.Treasury.Handlers.TransferExecutionHandler confirming receipt of event #12101 of events: [%Commanded.EventStore.RecordedEvent{event_id: "98e8fc65-cea4-4f00-92d5-43e1afe55525", event_number: 12101, stream_id: "4186cf5d-9599-43c8-9bf4-5a87a597db2e", stream_version: 2, causation_id: "c175f819-1eb9-46ad-b8e5-b009477c36b9", correlation_id: "5b50ed61-dcd3-46c1-88ad-08e3d4eb381c", event_type: "Elixir.Nexus.Identity.Events.SessionExpired", data: %Nexus.Identity.Events.SessionExpired{org_id: "5d2ca7e4-48ab-4924-8315-ddecb1be3caf", user_id: "4186cf5d-9599-43c8-9bf4-5a87a597db2e", session_id: "4c18fa00-25b2-4a3e-9401-dd9bbdbdb5a2", expired_at: "2026-03-20T23:09:33.536022Z"}, created_at: ~U[2026-03-20 23:09:33.542974Z], metadata: %{"causation_id" => "019d0d82-dde6-7714-9344-d023fa0d968d", "correlation_id" => "019d0d82-dde6-7714-9344-d023fa0d968d"}}]
23:10:01.061 [debug] Nexus.Treasury.Projectors.VaultProjector received events: [%Commanded.EventStore.RecordedEvent{event_id: "7fdec0fc-56bb-4b05-98b2-884d6f94b96f", event_number: 12109, stream_id: "121f0a45-e97c-4dca-b235-dd25547a3bc5", stream_version: 1, causation_id: "e0fb6966-2da3-46e4-a1b3-86cd441a6312", correlation_id: "1bdb69b1-bb37-4d7b-b720-c23eeafd1493", event_type: "Elixir.Nexus.Identity.Events.UserRegistered", data: %Nexus.Identity.Events.UserRegistered{user_id: "121f0a45-e97c-4dca-b235-dd25547a3bc5", org_id: "04bdd9c5-f78b-432b-ad37-35aebb6d3406", email: "bernard-5341b9bc-fcd0-42c5-9dd3-1aa8d5f36f52@nexus.financial", role: "admin", cose_key: "bW9jaw==", credential_id: "bW9jaw==", registered_at: "2026-03-20T23:09:36.595732Z", display_name: "Bernard", status: "active"}, created_at: ~U[2026-03-20 23:09:36.596997Z], metadata: %{"causation_id" => "019d0d82-e9d3-7bd1-bee5-8a99999d9595", "correlation_id" => "019d0d82-e9d3-7bd1-bee5-8a99999d9595"}}]
23:10:01.061 [debug] Nexus.Treasury.Projectors.VaultProjector confirming receipt of event #12109 of events: [%Commanded.EventStore.RecordedEvent{event_id: "7fdec0fc-56bb-4b05-98b2-884d6f94b96f", event_number: 12109, stream_id: "121f0a45-e97c-4dca-b235-dd25547a3bc5", stream_version: 1, causation_id: "e0fb6966-2da3-46e4-a1b3-86cd441a6312", correlation_id: "1bdb69b1-bb37-4d7b-b720-c23eeafd1493", event_type: "Elixir.Nexus.Identity.Events.UserRegistered", data: %Nexus.Identity.Events.UserRegistered{user_id: "121f0a45-e97c-4dca-b235-dd25547a3bc5", org_id: "04bdd9c5-f78b-432b-ad37-35aebb6d3406", email: "bernard-5341b9bc-fcd0-42c5-9dd3-1aa8d5f36f52@nexus.financial", role: "admin", cose_key: "bW9jaw==", credential_id: "bW9jaw==", registered_at: "2026-03-20T23:09:36.595732Z", display_name: "Bernard", status: "active"}, created_at: ~U[2026-03-20 23:09:36.596997Z], metadata: %{"causation_id" => "019d0d82-e9d3-7bd1-bee5-8a99999d9595", "correlation_id" => "019d0d82-e9d3-7bd1-bee5-8a99999d9595"}}]
23:10:01.062 [debug] Nexus.Treasury.Handlers.TransferExecutionHandler received events: [%Commanded.EventStore.RecordedEvent{event_id: "596e6270-1345-45b5-ae42-dff88730af0f", event_number: 12102, stream_id: "d154a838-52d0-480b-b57e-6ed29c8ec9fe", stream_version: 1, causation_id: "17bd7216-2519-49a9-8d88-c7c5ab8a2e74", correlation_id: "3319e954-1a88-4b98-b77c-8ea157d925a8", event_type: "Elixir.Nexus.Identity.Events.UserRegistered", data: %Nexus.Identity.Events.UserRegistered{user_id: "d154a838-52d0-480b-b57e-6ed29c8ec9fe", org_id: "6ee77486-8ec8-4c1d-89db-bae0864c7431", email: "test@example.com", role: "admin", cose_key: "dummy", credential_id: "dummy", registered_at: "2026-03-20T23:09:34.048175Z", display_name: "Test User", status: "active"}, created_at: ~U[2026-03-20 23:09:34.051865Z], metadata: %{"causation_id" => "019d0d82-dfe0-7ebf-9f94-15e1057e3320", "correlation_id" => "019d0d82-dfe0-7ebf-9f94-15e1057e3320"}}]
23:10:01.062 [debug] Nexus.Treasury.Handlers.TransferExecutionHandler confirming receipt of event #12102 of events: [%Commanded.EventStore.RecordedEvent{event_id: "596e6270-1345-45b5-ae42-dff88730af0f", event_number: 12102, stream_id: "d154a838-52d0-480b-b57e-6ed29c8ec9fe", stream_version: 1, causation_id: "17bd7216-2519-49a9-8d88-c7c5ab8a2e74", correlation_id: "3319e954-1a88-4b98-b77c-8ea157d925a8", event_type: "Elixir.Nexus.Identity.Events.UserRegistered", data: %Nexus.Identity.Events.UserRegistered{user_id: "d154a838-52d0-480b-b57e-6ed29c8ec9fe", org_id: "6ee77486-8ec8-4c1d-89db-bae0864c7431", email: "test@example.com", role: "admin", cose_key: "dummy", credential_id: "dummy", registered_at: "2026-03-20T23:09:34.048175Z", display_name: "Test User", status: "active"}, created_at: ~U[2026-03-20 23:09:34.051865Z], metadata: %{"causation_id" => "019d0d82-dfe0-7ebf-9f94-15e1057e3320", "correlation_id" => "019d0d82-dfe0-7ebf-9f94-15e1057e3320"}}]
23:10:01.062 [debug] Nexus.Treasury.Projectors.VaultProjector received events: [%Commanded.EventStore.RecordedEvent{event_id: "4e64db40-9b7a-4841-be20-42cd214712b5", event_number: 12110, stream_id: "121f0a45-e97c-4dca-b235-dd25547a3bc5", stream_version: 2, causation_id: "5bb110ad-5aa0-4efa-aaa8-893137a67ca1", correlation_id: "c14b3773-a4a1-4bfa-a311-18f6a580f7de", event_type: "Elixir.Nexus.Identity.Events.SessionStarted", data: %Nexus.Identity.Events.SessionStarted{org_id: "04bdd9c5-f78b-432b-ad37-35aebb6d3406", user_id: "121f0a45-e97c-4dca-b235-dd25547a3bc5", session_id: "b2efda41-d9ba-4fd5-94f6-ae19a20f58ed", session_token: "mock-token", user_agent: "Mozilla/5.0 (Macintosh; Intel Mac OS X 10_15_7)", ip_address: "127.0.0.1", started_at: "2026-03-20T23:09:36.798021Z"}, created_at: ~U[2026-03-20 23:09:36.798601Z], metadata: %{"causation_id" => "019d0d82-ea9e-733e-a864-daa5a09720b2", "correlation_id" => "019d0d82-ea9e-733e-a864-daa5a09720b2"}}]
23:10:01.062 [debug] Nexus.Treasury.Projectors.VaultProjector confirming receipt of event #12110 of events: [%Commanded.EventStore.RecordedEvent{event_id: "4e64db40-9b7a-4841-be20-42cd214712b5", event_number: 12110, stream_id: "121f0a45-e97c-4dca-b235-dd25547a3bc5", stream_version: 2, causation_id: "5bb110ad-5aa0-4efa-aaa8-893137a67ca1", correlation_id: "c14b3773-a4a1-4bfa-a311-18f6a580f7de", event_type: "Elixir.Nexus.Identity.Events.SessionStarted", data: %Nexus.Identity.Events.SessionStarted{org_id: "04bdd9c5-f78b-432b-ad37-35aebb6d3406", user_id: "121f0a45-e97c-4dca-b235-dd25547a3bc5", session_id: "b2efda41-d9ba-4fd5-94f6-ae19a20f58ed", session_token: "mock-token", user_agent: "Mozilla/5.0 (Macintosh; Intel Mac OS X 10_15_7)", ip_address: "127.0.0.1", started_at: "2026-03-20T23:09:36.798021Z"}, created_at: ~U[2026-03-20 23:09:36.798601Z], metadata: %{"causation_id" => "019d0d82-ea9e-733e-a864-daa5a09720b2", "correlation_id" => "019d0d82-ea9e-733e-a864-daa5a09720b2"}}]
23:10:01.062 [debug] Nexus.Treasury.ProcessManagers.TransferManager confirming receipt of event: 12085
23:10:01.062 [debug] Nexus.Treasury.Handlers.TransferExecutionHandler received events: [%Commanded.EventStore.RecordedEvent{event_id: "cb084de5-2bce-43cf-aedd-7a8d27fcdc13", event_number: 12103, stream_id: "d154a838-52d0-480b-b57e-6ed29c8ec9fe", stream_version: 2, causation_id: "a44f4c87-f54d-44c9-82c8-6102fb0054e6", correlation_id: "b6b5602b-ceac-4089-8fbc-025bc5743580", event_type: "Elixir.Nexus.Identity.Events.SettingsUpdated", data: %Nexus.Identity.Events.SettingsUpdated{org_id: "6ee77486-8ec8-4c1d-89db-bae0864c7431", user_id: "d154a838-52d0-480b-b57e-6ed29c8ec9fe", locale: "fr", timezone: "Europe/Paris", notifications_enabled: false, updated_at: "2026-03-20T23:09:34.754997Z"}, created_at: ~U[2026-03-20 23:09:34.755903Z], metadata: %{"causation_id" => "019d0d82-e2a3-7f94-b1c9-59b356db1c19", "correlation_id" => "019d0d82-e2a3-7f94-b1c9-59b356db1c19"}}]
23:10:01.062 [debug] Nexus.Treasury.Handlers.TransferExecutionHandler confirming receipt of event #12103 of events: [%Commanded.EventStore.RecordedEvent{event_id: "cb084de5-2bce-43cf-aedd-7a8d27fcdc13", event_number: 12103, stream_id: "d154a838-52d0-480b-b57e-6ed29c8ec9fe", stream_version: 2, causation_id: "a44f4c87-f54d-44c9-82c8-6102fb0054e6", correlation_id: "b6b5602b-ceac-4089-8fbc-025bc5743580", event_type: "Elixir.Nexus.Identity.Events.SettingsUpdated", data: %Nexus.Identity.Events.SettingsUpdated{org_id: "6ee77486-8ec8-4c1d-89db-bae0864c7431", user_id: "d154a838-52d0-480b-b57e-6ed29c8ec9fe", locale: "fr", timezone: "Europe/Paris", notifications_enabled: false, updated_at: "2026-03-20T23:09:34.754997Z"}, created_at: ~U[2026-03-20 23:09:34.755903Z], metadata: %{"causation_id" => "019d0d82-e2a3-7f94-b1c9-59b356db1c19", "correlation_id" => "019d0d82-e2a3-7f94-b1c9-59b356db1c19"}}]
23:10:01.062 [debug] Nexus.Treasury.Projectors.VaultProjector received events: [%Commanded.EventStore.RecordedEvent{event_id: "e8ad31af-8e39-40d6-8bf9-67c7ddceb307", event_number: 12111, stream_id: "121f0a45-e97c-4dca-b235-dd25547a3bc5", stream_version: 3, causation_id: "6946d57e-ca7e-49ac-826d-3066c897330e", correlation_id: "dd4ebce2-714d-4aa3-aeb7-cde0db5c0f97", event_type: "Elixir.Nexus.Identity.Events.SessionStarted", data: %Nexus.Identity.Events.SessionStarted{org_id: "04bdd9c5-f78b-432b-ad37-35aebb6d3406", user_id: "121f0a45-e97c-4dca-b235-dd25547a3bc5", session_id: "ff42b368-0666-4a4e-9baf-19690fd43911", session_token: "mobile-token", user_agent: "iPhone / Mobile Safari", ip_address: "192.168.1.1", started_at: "2026-03-20T23:09:36.901091Z"}, created_at: ~U[2026-03-20 23:09:36.901625Z], metadata: %{"causation_id" => "019d0d82-eb05-76be-a086-6a6ba830d56d", "correlation_id" => "019d0d82-eb05-76be-a086-6a6ba830d56d"}}]
23:10:01.062 [debug] Nexus.Treasury.Projectors.VaultProjector confirming receipt of event #12111 of events: [%Commanded.EventStore.RecordedEvent{event_id: "e8ad31af-8e39-40d6-8bf9-67c7ddceb307", event_number: 12111, stream_id: "121f0a45-e97c-4dca-b235-dd25547a3bc5", stream_version: 3, causation_id: "6946d57e-ca7e-49ac-826d-3066c897330e", correlation_id: "dd4ebce2-714d-4aa3-aeb7-cde0db5c0f97", event_type: "Elixir.Nexus.Identity.Events.SessionStarted", data: %Nexus.Identity.Events.SessionStarted{org_id: "04bdd9c5-f78b-432b-ad37-35aebb6d3406", user_id: "121f0a45-e97c-4dca-b235-dd25547a3bc5", session_id: "ff42b368-0666-4a4e-9baf-19690fd43911", session_token: "mobile-token", user_agent: "iPhone / Mobile Safari", ip_address: "192.168.1.1", started_at: "2026-03-20T23:09:36.901091Z"}, created_at: ~U[2026-03-20 23:09:36.901625Z], metadata: %{"causation_id" => "019d0d82-eb05-76be-a086-6a6ba830d56d", "correlation_id" => "019d0d82-eb05-76be-a086-6a6ba830d56d"}}]
23:10:01.062 [debug] Nexus.Treasury.ProcessManagers.TransferManager received 1 event(s)
23:10:01.062 [debug] Nexus.Treasury.ProcessManagers.TransferManager has been stopped by event 12086 ("019d0d82-d06d-76cc-8b57-053e10984436"@2)
23:10:01.063 [debug] Nexus.Treasury.Handlers.TransferExecutionHandler received events: [%Commanded.EventStore.RecordedEvent{event_id: "86af4077-4ea2-464e-912a-01f4d77dbe3f", event_number: 12104, stream_id: "9d3a5070-b2c3-4400-9df9-c549702f4442", stream_version: 1, causation_id: "49d230b6-b14b-4216-b962-8467af200f65", correlation_id: "5d165a4c-96b3-4925-895a-85e3b25d3518", event_type: "Elixir.Nexus.Identity.Events.UserRegistered", data: %Nexus.Identity.Events.UserRegistered{user_id: "9d3a5070-b2c3-4400-9df9-c549702f4442", org_id: "345d9082-2af6-43c5-b32c-70eb98868558", email: "bernard-c34c22cd-1795-4aad-82e6-2bfd49a43ec4@nexus.financial", role: "admin", cose_key: "bW9jaw==", credential_id: "bW9jaw==", registered_at: "2026-03-20T23:09:35.266974Z", display_name: "Bernard", status: "active"}, created_at: ~U[2026-03-20 23:09:35.268107Z], metadata: %{"causation_id" => "019d0d82-e4a3-758b-a00b-927d31efde51", "correlation_id" => "019d0d82-e4a3-758b-a00b-927d31efde51"}}]
23:10:01.063 [debug] Nexus.Treasury.Handlers.TransferExecutionHandler confirming receipt of event #12104 of events: [%Commanded.EventStore.RecordedEvent{event_id: "86af4077-4ea2-464e-912a-01f4d77dbe3f", event_number: 12104, stream_id: "9d3a5070-b2c3-4400-9df9-c549702f4442", stream_version: 1, causation_id: "49d230b6-b14b-4216-b962-8467af200f65", correlation_id: "5d165a4c-96b3-4925-895a-85e3b25d3518", event_type: "Elixir.Nexus.Identity.Events.UserRegistered", data: %Nexus.Identity.Events.UserRegistered{user_id: "9d3a5070-b2c3-4400-9df9-c549702f4442", org_id: "345d9082-2af6-43c5-b32c-70eb98868558", email: "bernard-c34c22cd-1795-4aad-82e6-2bfd49a43ec4@nexus.financial", role: "admin", cose_key: "bW9jaw==", credential_id: "bW9jaw==", registered_at: "2026-03-20T23:09:35.266974Z", display_name: "Bernard", status: "active"}, created_at: ~U[2026-03-20 23:09:35.268107Z], metadata: %{"causation_id" => "019d0d82-e4a3-758b-a00b-927d31efde51", "correlation_id" => "019d0d82-e4a3-758b-a00b-927d31efde51"}}]
23:10:01.063 [debug] Nexus.Treasury.Projectors.VaultProjector received events: [%Commanded.EventStore.RecordedEvent{event_id: "d66e27be-3b34-46d5-be8f-172d96f893bd", event_number: 12112, stream_id: "121f0a45-e97c-4dca-b235-dd25547a3bc5", stream_version: 4, causation_id: "47f8ffd1-35f7-4c0f-ac07-47ce37b95a77", correlation_id: "ea6efdc1-57ad-49f6-961e-27e0c717113e", event_type: "Elixir.Nexus.Identity.Events.SessionExpired", data: %Nexus.Identity.Events.SessionExpired{org_id: "04bdd9c5-f78b-432b-ad37-35aebb6d3406", user_id: "121f0a45-e97c-4dca-b235-dd25547a3bc5", session_id: "ff42b368-0666-4a4e-9baf-19690fd43911", expired_at: "2026-03-20T23:09:37.004010Z"}, created_at: ~U[2026-03-20 23:09:37.004806Z], metadata: %{"causation_id" => "019d0d82-eb6c-7261-b225-2d8f043ac73f", "correlation_id" => "019d0d82-eb6c-7261-b225-2d8f043ac73f"}}]
23:10:01.063 [debug] Nexus.Treasury.Projectors.VaultProjector confirming receipt of event #12112 of events: [%Commanded.EventStore.RecordedEvent{event_id: "d66e27be-3b34-46d5-be8f-172d96f893bd", event_number: 12112, stream_id: "121f0a45-e97c-4dca-b235-dd25547a3bc5", stream_version: 4, causation_id: "47f8ffd1-35f7-4c0f-ac07-47ce37b95a77", correlation_id: "ea6efdc1-57ad-49f6-961e-27e0c717113e", event_type: "Elixir.Nexus.Identity.Events.SessionExpired", data: %Nexus.Identity.Events.SessionExpired{org_id: "04bdd9c5-f78b-432b-ad37-35aebb6d3406", user_id: "121f0a45-e97c-4dca-b235-dd25547a3bc5", session_id: "ff42b368-0666-4a4e-9baf-19690fd43911", expired_at: "2026-03-20T23:09:37.004010Z"}, created_at: ~U[2026-03-20 23:09:37.004806Z], metadata: %{"causation_id" => "019d0d82-eb6c-7261-b225-2d8f043ac73f", "correlation_id" => "019d0d82-eb6c-7261-b225-2d8f043ac73f"}}]
23:10:01.063 [debug] Nexus.Treasury.ProcessManagers.TransferManager confirming receipt of event: 12086
23:10:01.063 [debug] Nexus.Treasury.Handlers.TransferExecutionHandler received events: [%Commanded.EventStore.RecordedEvent{event_id: "cf0f3c49-48eb-49b3-b3b2-07887583c2ee", event_number: 12105, stream_id: "9d3a5070-b2c3-4400-9df9-c549702f4442", stream_version: 2, causation_id: "0e70b535-0a0b-409f-9e7e-c47e5c5e7534", correlation_id: "385b00d0-f0af-48d3-a965-03b852cafdea", event_type: "Elixir.Nexus.Identity.Events.SessionStarted", data: %Nexus.Identity.Events.SessionStarted{org_id: "345d9082-2af6-43c5-b32c-70eb98868558", user_id: "9d3a5070-b2c3-4400-9df9-c549702f4442", session_id: "bd258fcc-fee8-4434-868c-d847b53569f9", session_token: "mock-token", user_agent: "Mozilla/5.0 (Macintosh; Intel Mac OS X 10_15_7)", ip_address: "127.0.0.1", started_at: "2026-03-20T23:09:35.470527Z"}, created_at: ~U[2026-03-20 23:09:35.471329Z], metadata: %{"causation_id" => "019d0d82-e56e-777f-bc68-f63372a3388e", "correlation_id" => "019d0d82-e56e-777f-bc68-f63372a3388e"}}]
23:10:01.063 [debug] Nexus.Treasury.ProcessManagers.TransferManager received 1 event(s)
23:10:01.063 [debug] Nexus.Treasury.Projectors.VaultProjector received events: [%Commanded.EventStore.RecordedEvent{event_id: "aa434d8f-9c78-4a4e-acbe-277d1c9debf7", event_number: 12113, stream_id: "Sub49858-EUR", stream_version: 1, causation_id: "52f9dab8-12aa-4bd0-b23d-483bd7055695", correlation_id: "d8e9c110-31df-4a71-8844-c3b08a16c7e2", event_type: "Elixir.Nexus.Treasury.Events.ExposureCalculated", data: %Nexus.Treasury.Events.ExposureCalculated{org_id: "c0f4295c-459a-4fc7-8711-74a2b4409b95", subsidiary: "Sub49858", currency: "EUR", exposure_amount: "92233.91", timestamp: "2026-03-20T23:09:37.509856Z"}, created_at: ~U[2026-03-20 23:09:37.512596Z], metadata: %{"causation_id" => "019d0d82-ed65-7fdc-885e-4dbee93cc377", "correlation_id" => "019d0d82-ed65-7fdc-885e-4dbee93cc377"}}]
23:10:01.063 [debug] Nexus.Treasury.ProcessManagers.TransferManager is interested in event 12087 ("TransferHardeningTest.PM-019d0d82-d057-787a-9e8a-f5024017187d"@1)
23:10:01.063 [debug] Nexus.Treasury.Handlers.TransferExecutionHandler confirming receipt of event #12105 of events: [%Commanded.EventStore.RecordedEvent{event_id: "cf0f3c49-48eb-49b3-b3b2-07887583c2ee", event_number: 12105, stream_id: "9d3a5070-b2c3-4400-9df9-c549702f4442", stream_version: 2, causation_id: "0e70b535-0a0b-409f-9e7e-c47e5c5e7534", correlation_id: "385b00d0-f0af-48d3-a965-03b852cafdea", event_type: "Elixir.Nexus.Identity.Events.SessionStarted", data: %Nexus.Identity.Events.SessionStarted{org_id: "345d9082-2af6-43c5-b32c-70eb98868558", user_id: "9d3a5070-b2c3-4400-9df9-c549702f4442", session_id: "bd258fcc-fee8-4434-868c-d847b53569f9", session_token: "mock-token", user_agent: "Mozilla/5.0 (Macintosh; Intel Mac OS X 10_15_7)", ip_address: "127.0.0.1", started_at: "2026-03-20T23:09:35.470527Z"}, created_at: ~U[2026-03-20 23:09:35.471329Z], metadata: %{"causation_id" => "019d0d82-e56e-777f-bc68-f63372a3388e", "correlation_id" => "019d0d82-e56e-777f-bc68-f63372a3388e"}}]
23:10:01.063 [debug] Nexus.Treasury.Projectors.VaultProjector confirming receipt of event #12113 of events: [%Commanded.EventStore.RecordedEvent{event_id: "aa434d8f-9c78-4a4e-acbe-277d1c9debf7", event_number: 12113, stream_id: "Sub49858-EUR", stream_version: 1, causation_id: "52f9dab8-12aa-4bd0-b23d-483bd7055695", correlation_id: "d8e9c110-31df-4a71-8844-c3b08a16c7e2", event_type: "Elixir.Nexus.Treasury.Events.ExposureCalculated", data: %Nexus.Treasury.Events.ExposureCalculated{org_id: "c0f4295c-459a-4fc7-8711-74a2b4409b95", subsidiary: "Sub49858", currency: "EUR", exposure_amount: "92233.91", timestamp: "2026-03-20T23:09:37.509856Z"}, created_at: ~U[2026-03-20 23:09:37.512596Z], metadata: %{"causation_id" => "019d0d82-ed65-7fdc-885e-4dbee93cc377", "correlation_id" => "019d0d82-ed65-7fdc-885e-4dbee93cc377"}}]
23:10:01.063 [debug] Subscription "Identity.Projectors.UserRegistrationProjector"@"$all" received 1 event(s)
23:10:01.064 [debug] Nexus.Identity.Projectors.UserRegistrationProjector received events: [%Commanded.EventStore.RecordedEvent{event_id: "282ec866-f518-44ed-95f6-7a535d6c3e25", event_number: 11262, stream_id: "019d0c26-0b00-74a0-bd6d-48329cf61a57", stream_version: 1, causation_id: "d64809a4-8402-4360-8536-99b7a0f860ca", correlation_id: "e0f4b4bb-483c-4914-aaaa-956d1587d67e", event_type: "Elixir.Nexus.Identity.Events.UserRegistered", data: %Nexus.Identity.Events.UserRegistered{user_id: "019d0c26-0b00-74a0-bd6d-48329cf61a57", org_id: "019d0c26-0b00-74a0-8884-24b7b734f296", email: "test@example.com", role: "system_admin", cose_key: "Ym9vdHN0cmFwX2Nvc2Vfa2V5", credential_id: "Ym9vdHN0cmFwX2NyZWRlbnRpYWxfaWQ=", registered_at: "2026-03-20T16:48:33.024173Z", display_name: "Test User", status: "active"}, created_at: ~U[2026-03-20 16:48:33.025211Z], metadata: %{"causation_id" => "019d0c26-0b00-71d0-a1d2-041f55e92cfc", "correlation_id" => "019d0c26-0b00-71d0-a1d2-041f55e92cfc"}}]
23:10:01.064 [debug] Nexus.Treasury.Projectors.VaultProjector received events: [%Commanded.EventStore.RecordedEvent{event_id: "79da215e-49bc-4e72-ae0b-42a76af465fe", event_number: 12114, stream_id: "Sub49922-EUR", stream_version: 1, causation_id: "3072f95f-2670-48f6-bd7d-6f54392c9001", correlation_id: "c98abc92-d8bb-47a7-a45f-471aba2da457", event_type: "Elixir.Nexus.Treasury.Events.ExposureCalculated", data: %Nexus.Treasury.Events.ExposureCalculated{org_id: "c9ac1861-c81e-47c0-af4e-4967e833e109", subsidiary: "Sub49922", currency: "EUR", exposure_amount: "92233.91", timestamp: "2026-03-20T23:09:37.520943Z"}, created_at: ~U[2026-03-20 23:09:37.521874Z], metadata: %{"causation_id" => "019d0d82-ed70-718d-a96f-233642a9db8c", "correlation_id" => "019d0d82-ed70-718d-a96f-233642a9db8c"}}]
23:10:01.064 [debug] Nexus.Treasury.Handlers.TransferExecutionHandler received events: [%Commanded.EventStore.RecordedEvent{event_id: "a7bdb3e4-e3a7-4406-a654-5d1b47aabaf3", event_number: 12106, stream_id: "9d3a5070-b2c3-4400-9df9-c549702f4442", stream_version: 3, causation_id: "0d41dae7-16fc-4fb4-81db-8d99828a0fe7", correlation_id: "5b5a63de-8826-4054-8906-7d7d1b274192", event_type: "Elixir.Nexus.Identity.Events.SettingsUpdated", data: %Nexus.Identity.Events.SettingsUpdated{org_id: "345d9082-2af6-43c5-b32c-70eb98868558", user_id: "9d3a5070-b2c3-4400-9df9-c549702f4442", locale: "fr", timezone: "Europe/Paris", notifications_enabled: true, updated_at: "2026-03-20T23:09:35.574085Z"}, created_at: ~U[2026-03-20 23:09:35.575549Z], metadata: %{"causation_id" => "019d0d82-e5d6-71d5-acb2-426c20447ee2", "correlation_id" => "019d0d82-e5d6-71d5-acb2-426c20447ee2"}}]
23:10:01.064 [debug] Nexus.Treasury.Projectors.VaultProjector confirming receipt of event #12114 of events: [%Commanded.EventStore.RecordedEvent{event_id: "79da215e-49bc-4e72-ae0b-42a76af465fe", event_number: 12114, stream_id: "Sub49922-EUR", stream_version: 1, causation_id: "3072f95f-2670-48f6-bd7d-6f54392c9001", correlation_id: "c98abc92-d8bb-47a7-a45f-471aba2da457", event_type: "Elixir.Nexus.Treasury.Events.ExposureCalculated", data: %Nexus.Treasury.Events.ExposureCalculated{org_id: "c9ac1861-c81e-47c0-af4e-4967e833e109", subsidiary: "Sub49922", currency: "EUR", exposure_amount: "92233.91", timestamp: "2026-03-20T23:09:37.520943Z"}, created_at: ~U[2026-03-20 23:09:37.521874Z], metadata: %{"causation_id" => "019d0d82-ed70-718d-a96f-233642a9db8c", "correlation_id" => "019d0d82-ed70-718d-a96f-233642a9db8c"}}]
23:10:01.064 [debug] Nexus.Treasury.Handlers.TransferExecutionHandler confirming receipt of event #12106 of events: [%Commanded.EventStore.RecordedEvent{event_id: "a7bdb3e4-e3a7-4406-a654-5d1b47aabaf3", event_number: 12106, stream_id: "9d3a5070-b2c3-4400-9df9-c549702f4442", stream_version: 3, causation_id: "0d41dae7-16fc-4fb4-81db-8d99828a0fe7", correlation_id: "5b5a63de-8826-4054-8906-7d7d1b274192", event_type: "Elixir.Nexus.Identity.Events.SettingsUpdated", data: %Nexus.Identity.Events.SettingsUpdated{org_id: "345d9082-2af6-43c5-b32c-70eb98868558", user_id: "9d3a5070-b2c3-4400-9df9-c549702f4442", locale: "fr", timezone: "Europe/Paris", notifications_enabled: true, updated_at: "2026-03-20T23:09:35.574085Z"}, created_at: ~U[2026-03-20 23:09:35.575549Z], metadata: %{"causation_id" => "019d0d82-e5d6-71d5-acb2-426c20447ee2", "correlation_id" => "019d0d82-e5d6-71d5-acb2-426c20447ee2"}}]
23:10:01.064 [debug] Nexus.Treasury.ProcessManagers.TransferManager attempting to dispatch command: %Nexus.Treasury.Commands.ExecuteTransfer{transfer_id: "019d0d82-d06d-76cc-8b57-053e10984436", org_id: "019d0d82-d057-7d1f-bcbc-c0f3a9c2947b", executed_at: ~U[2026-03-20 23:10:01.064225Z]}
23:10:01.064 [debug] Locating aggregate process for `Nexus.Treasury.Aggregates.Transfer` with UUID "019d0d82-d06d-76cc-8b57-053e10984436"
23:10:01.064 [debug] QUERY OK db=0.1ms
begin []
23:10:01.064 [debug] Nexus.Treasury.Aggregates.Transfer<019d0d82-d06d-76cc-8b57-053e10984436@2> executing command: %Nexus.Treasury.Commands.ExecuteTransfer{transfer_id: "019d0d82-d06d-76cc-8b57-053e10984436", org_id: "019d0d82-d057-7d1f-bcbc-c0f3a9c2947b", executed_at: ~U[2026-03-20 23:10:01.064225Z]}
23:10:01.064 [debug] Nexus.Treasury.Projectors.TransferProjector received events: [%Commanded.EventStore.RecordedEvent{event_id: "62c6b71c-722f-4f2d-8755-429e94f0e965", event_number: 2172, stream_id: "019cca7f-79a7-7b90-938a-8ce15011f26b", stream_version: 1, causation_id: "d72ccd15-4b2a-488e-97ff-35721da3c29b", correlation_id: "e053c8f4-f9af-4815-b6f7-0a119251f0d0", event_type: "Elixir.Nexus.Treasury.Events.TransferInitiated", data: %Nexus.Treasury.Events.TransferInitiated{transfer_id: "019cca7f-79a7-7b90-938a-8ce15011f26b", org_id: "org_123", user_id: "user_456", from_currency: "EUR", to_currency: "USD", amount: "100", status: "authorized", bulk_payment_id: nil, recipient_data: nil, requested_at: "2026-03-07T22:51:17.800772Z"}, created_at: ~U[2026-03-07 22:51:17.837188Z], metadata: %{}}]
23:10:01.064 [debug] Nexus.Treasury.Handlers.TransferExecutionHandler received events: [%Commanded.EventStore.RecordedEvent{event_id: "cf620354-e25f-49a9-81e0-ef70f5233208", event_number: 12107, stream_id: "a376bcdc-3241-44eb-89e4-fec0a0c202dc", stream_version: 1, causation_id: "8da72077-6704-47e3-ab92-8c914f793d00", correlation_id: "d1732a5a-6277-41d7-8213-d5ad39da2969", event_type: "Elixir.Nexus.Identity.Events.UserRegistered", data: %Nexus.Identity.Events.UserRegistered{user_id: "a376bcdc-3241-44eb-89e4-fec0a0c202dc", org_id: "9971403d-e624-4844-9ddf-d86fafe099ed", email: "bernard-05efde2e-ed22-41c9-8363-b6e63c514f2e@nexus.financial", role: "admin", cose_key: "bW9jaw==", credential_id: "bW9jaw==", registered_at: "2026-03-20T23:09:36.084942Z", display_name: "Bernard", status: "active"}, created_at: ~U[2026-03-20 23:09:36.086507Z], metadata: %{"causation_id" => "019d0d82-e7d5-7ea1-93c7-143c402a555f", "correlation_id" => "019d0d82-e7d5-7ea1-93c7-143c402a555f"}}]
23:10:01.064 [debug] Nexus.Treasury.Handlers.TransferExecutionHandler confirming receipt of event #12107 of events: [%Commanded.EventStore.RecordedEvent{event_id: "cf620354-e25f-49a9-81e0-ef70f5233208", event_number: 12107, stream_id: "a376bcdc-3241-44eb-89e4-fec0a0c202dc", stream_version: 1, causation_id: "8da72077-6704-47e3-ab92-8c914f793d00", correlation_id: "d1732a5a-6277-41d7-8213-d5ad39da2969", event_type: "Elixir.Nexus.Identity.Events.UserRegistered", data: %Nexus.Identity.Events.UserRegistered{user_id: "a376bcdc-3241-44eb-89e4-fec0a0c202dc", org_id: "9971403d-e624-4844-9ddf-d86fafe099ed", email: "bernard-05efde2e-ed22-41c9-8363-b6e63c514f2e@nexus.financial", role: "admin", cose_key: "bW9jaw==", credential_id: "bW9jaw==", registered_at: "2026-03-20T23:09:36.084942Z", display_name: "Bernard", status: "active"}, created_at: ~U[2026-03-20 23:09:36.086507Z], metadata: %{"causation_id" => "019d0d82-e7d5-7ea1-93c7-143c402a555f", "correlation_id" => "019d0d82-e7d5-7ea1-93c7-143c402a555f"}}]
23:10:01.064 [debug] QUERY OK source="projection_versions" db=0.1ms
INSERT INTO "projection_versions" AS p0 ("projection_name","last_seen_event_number","inserted_at","updated_at") VALUES ($1,$2,$3,$4) ON CONFLICT ("projection_name") DO UPDATE SET "last_seen_event_number" = $5 WHERE ((p0."projection_name" = $6) AND (p0."last_seen_event_number" < $7)) ["Identity.Projectors.UserRegistrationProjector", 11262, ~N[2026-03-20 23:10:01.064379], ~N[2026-03-20 23:10:01.064379], 11262, "Identity.Projectors.UserRegistrationProjector", 11262]
23:10:01.064 [debug] Nexus.Treasury.Projectors.VaultProjector received events: [%Commanded.EventStore.RecordedEvent{event_id: "b20c83b4-a7ee-4baa-82e3-6181aaa1f36b", event_number: 12115, stream_id: "019d0d82-ed76-7727-83db-3297b1934476", stream_version: 1, causation_id: "0a9449e1-43f2-4bac-a11d-389ca57c784a", correlation_id: "1ebfb934-936c-48a0-a5a8-2ebfc218f60b", event_type: "Elixir.Nexus.ERP.Events.InvoiceIngested", data: %Nexus.ERP.Events.InvoiceIngested{org_id: "019d0d82-ed76-75fc-944c-a17e7c8e8c86", invoice_id: "019d0d82-ed76-7727-83db-3297b1934476", entity_id: "E-101", currency: "EUR", amount: "1000", due_date: "2026-04-19", subsidiary: "Munich HQ", line_items: [%{description: "Software License", amount: "1000"}], sap_document_number: "SAP-019d0d82-ed76-7727-83db-3297b1934476", sap_status: "Verified_Via_Network", ingested_at: "2026-03-20T23:09:37.526292Z"}, created_at: ~U[2026-03-20 23:09:37.527007Z], metadata: %{"causation_id" => "019d0d82-ed76-7d24-b7d5-0d3f43a45526", "correlation_id" => "019d0d82-ed76-7d24-b7d5-0d3f43a45526"}}]
23:10:01.064 [debug] Nexus.Treasury.Projectors.VaultProjector confirming receipt of event #12115 of events: [%Commanded.EventStore.RecordedEvent{event_id: "b20c83b4-a7ee-4baa-82e3-6181aaa1f36b", event_number: 12115, stream_id: "019d0d82-ed76-7727-83db-3297b1934476", stream_version: 1, causation_id: "0a9449e1-43f2-4bac-a11d-389ca57c784a", correlation_id: "1ebfb934-936c-48a0-a5a8-2ebfc218f60b", event_type: "Elixir.Nexus.ERP.Events.InvoiceIngested", data: %Nexus.ERP.Events.InvoiceIngested{org_id: "019d0d82-ed76-75fc-944c-a17e7c8e8c86", invoice_id: "019d0d82-ed76-7727-83db-3297b1934476", entity_id: "E-101", currency: "EUR", amount: "1000", due_date: "2026-04-19", subsidiary: "Munich HQ", line_items: [%{description: "Software License", amount: "1000"}], sap_document_number: "SAP-019d0d82-ed76-7727-83db-3297b1934476", sap_status: "Verified_Via_Network", ingested_at: "2026-03-20T23:09:37.526292Z"}, created_at: ~U[2026-03-20 23:09:37.527007Z], metadata: %{"causation_id" => "019d0d82-ed76-7d24-b7d5-0d3f43a45526", "correlation_id" => "019d0d82-ed76-7d24-b7d5-0d3f43a45526"}}]
23:10:01.064 [debug] QUERY OK source="users" db=0.1ms
SELECT u0."id", u0."org_id", u0."email", u0."display_name", u0."status", u0."cose_key", u0."credential_id", u0."roles", u0."created_at", u0."updated_at" FROM "users" AS u0 WHERE (u0."id" = $1) ["019d0c26-0b00-74a0-bd6d-48329cf61a57"]
23:10:01.065 [debug] Nexus.Treasury.Handlers.TransferExecutionHandler received events: [%Commanded.EventStore.RecordedEvent{event_id: "4fe3c136-4ef3-404c-8bff-677aeae5b9b5", event_number: 12108, stream_id: "a376bcdc-3241-44eb-89e4-fec0a0c202dc", stream_version: 2, causation_id: "29012d78-7624-43b0-bf1c-9110886977ad", correlation_id: "8fd8d9e2-f9f5-43de-a3a2-bacebf754acc", event_type: "Elixir.Nexus.Identity.Events.SessionStarted", data: %Nexus.Identity.Events.SessionStarted{org_id: "9971403d-e624-4844-9ddf-d86fafe099ed", user_id: "a376bcdc-3241-44eb-89e4-fec0a0c202dc", session_id: "6e9eae96-35d1-403b-a49f-229059fb4695", session_token: "mock-token", user_agent: "Mozilla/5.0 (Macintosh; Intel Mac OS X 10_15_7)", ip_address: "127.0.0.1", started_at: "2026-03-20T23:09:36.288038Z"}, created_at: ~U[2026-03-20 23:09:36.288734Z], metadata: %{"causation_id" => "019d0d82-e8a0-739b-95ee-af1ea972681c", "correlation_id" => "019d0d82-e8a0-739b-95ee-af1ea972681c"}}]
23:10:01.065 [debug] Nexus.Treasury.ProcessManagers.TransferManager confirming receipt of event: 12087
23:10:01.065 [debug] Nexus.Treasury.Handlers.TransferExecutionHandler confirming receipt of event #12108 of events: [%Commanded.EventStore.RecordedEvent{event_id: "4fe3c136-4ef3-404c-8bff-677aeae5b9b5", event_number: 12108, stream_id: "a376bcdc-3241-44eb-89e4-fec0a0c202dc", stream_version: 2, causation_id: "29012d78-7624-43b0-bf1c-9110886977ad", correlation_id: "8fd8d9e2-f9f5-43de-a3a2-bacebf754acc", event_type: "Elixir.Nexus.Identity.Events.SessionStarted", data: %Nexus.Identity.Events.SessionStarted{org_id: "9971403d-e624-4844-9ddf-d86fafe099ed", user_id: "a376bcdc-3241-44eb-89e4-fec0a0c202dc", session_id: "6e9eae96-35d1-403b-a49f-229059fb4695", session_token: "mock-token", user_agent: "Mozilla/5.0 (Macintosh; Intel Mac OS X 10_15_7)", ip_address: "127.0.0.1", started_at: "2026-03-20T23:09:36.288038Z"}, created_at: ~U[2026-03-20 23:09:36.288734Z], metadata: %{"causation_id" => "019d0d82-e8a0-739b-95ee-af1ea972681c", "correlation_id" => "019d0d82-e8a0-739b-95ee-af1ea972681c"}}]
23:10:01.065 [debug] QUERY OK source="users" db=0.1ms
SELECT u0."id", u0."org_id", u0."email", u0."display_name", u0."status", u0."cose_key", u0."credential_id", u0."roles", u0."created_at", u0."updated_at" FROM "users" AS u0 WHERE (u0."email" = $1) ["test@example.com"]
23:10:01.065 [debug] Nexus.Treasury.Projectors.VaultProjector received events: [%Commanded.EventStore.RecordedEvent{event_id: "c26e1441-47f3-419f-9985-3c296fbdb640", event_number: 12116, stream_id: "019d0d82-ed8b-770f-91f3-7a3c268c3820", stream_version: 1, causation_id: "4ccc44c0-aa0e-47ca-a758-3117aae5c269", correlation_id: "1ba02653-33c3-482d-88ee-9519c8d33bd4", event_type: "Elixir.Nexus.ERP.Events.InvoiceRejected", data: %Nexus.ERP.Events.InvoiceRejected{org_id: "019d0d82-ed8b-7f06-84f0-6540513f4179", invoice_id: "019d0d82-ed8b-770f-91f3-7a3c268c3820", reason: "Invoice amount must be positive", rejected_at: "2026-03-20T23:09:37.547160Z"}, created_at: ~U[2026-03-20 23:09:37.548991Z], metadata: %{"causation_id" => "019d0d82-ed8b-70d3-ab13-903112232a93", "correlation_id" => "019d0d82-ed8b-70d3-ab13-903112232a93"}}]
23:10:01.065 [debug] Nexus.Treasury.Projectors.VaultProjector confirming receipt of event #12116 of events: [%Commanded.EventStore.RecordedEvent{event_id: "c26e1441-47f3-419f-9985-3c296fbdb640", event_number: 12116, stream_id: "019d0d82-ed8b-770f-91f3-7a3c268c3820", stream_version: 1, causation_id: "4ccc44c0-aa0e-47ca-a758-3117aae5c269", correlation_id: "1ba02653-33c3-482d-88ee-9519c8d33bd4", event_type: "Elixir.Nexus.ERP.Events.InvoiceRejected", data: %Nexus.ERP.Events.InvoiceRejected{org_id: "019d0d82-ed8b-7f06-84f0-6540513f4179", invoice_id: "019d0d82-ed8b-770f-91f3-7a3c268c3820", reason: "Invoice amount must be positive", rejected_at: "2026-03-20T23:09:37.547160Z"}, created_at: ~U[2026-03-20 23:09:37.548991Z], metadata: %{"causation_id" => "019d0d82-ed8b-70d3-ab13-903112232a93", "correlation_id" => "019d0d82-ed8b-70d3-ab13-903112232a93"}}]
23:10:01.065 [debug] QUERY OK source="users" db=0.1ms
INSERT INTO "users" ("id","status","org_id","email","display_name","roles","cose_key","credential_id","created_at","updated_at") VALUES ($1,$2,$3,$4,$5,$6,$7,$8,$9,$10) ["019d0c26-0b00-74a0-bd6d-48329cf61a57", "active", "019d0c26-0b00-74a0-8884-24b7b734f296", "test@example.com", "Test User", ["system_admin"], "bootstrap_cose_key", "bootstrap_credential_id", ~U[2026-03-20 23:10:01.065140Z], ~U[2026-03-20 23:10:01.065140Z]]
23:10:01.065 [debug] Nexus.Treasury.ProcessManagers.TransferManager received 1 event(s)
23:10:01.065 [debug] Nexus.Treasury.ProcessManagers.TransferManager is not interested in event 12088 ("019d0d82-d469-7456-ad0b-a7090ea93d39"@1)
23:10:01.065 [debug] Nexus.Treasury.ProcessManagers.TransferManager confirming receipt of event: 12088
23:10:01.065 [debug] Nexus.Treasury.Handlers.TransferExecutionHandler received events: [%Commanded.EventStore.RecordedEvent{event_id: "7fdec0fc-56bb-4b05-98b2-884d6f94b96f", event_number: 12109, stream_id: "121f0a45-e97c-4dca-b235-dd25547a3bc5", stream_version: 1, causation_id: "e0fb6966-2da3-46e4-a1b3-86cd441a6312", correlation_id: "1bdb69b1-bb37-4d7b-b720-c23eeafd1493", event_type: "Elixir.Nexus.Identity.Events.UserRegistered", data: %Nexus.Identity.Events.UserRegistered{user_id: "121f0a45-e97c-4dca-b235-dd25547a3bc5", org_id: "04bdd9c5-f78b-432b-ad37-35aebb6d3406", email: "bernard-5341b9bc-fcd0-42c5-9dd3-1aa8d5f36f52@nexus.financial", role: "admin", cose_key: "bW9jaw==", credential_id: "bW9jaw==", registered_at: "2026-03-20T23:09:36.595732Z", display_name: "Bernard", status: "active"}, created_at: ~U[2026-03-20 23:09:36.596997Z], metadata: %{"causation_id" => "019d0d82-e9d3-7bd1-bee5-8a99999d9595", "correlation_id" => "019d0d82-e9d3-7bd1-bee5-8a99999d9595"}}]
23:10:01.065 [debug] Nexus.Treasury.Handlers.TransferExecutionHandler confirming receipt of event #12109 of events: [%Commanded.EventStore.RecordedEvent{event_id: "7fdec0fc-56bb-4b05-98b2-884d6f94b96f", event_number: 12109, stream_id: "121f0a45-e97c-4dca-b235-dd25547a3bc5", stream_version: 1, causation_id: "e0fb6966-2da3-46e4-a1b3-86cd441a6312", correlation_id: "1bdb69b1-bb37-4d7b-b720-c23eeafd1493", event_type: "Elixir.Nexus.Identity.Events.UserRegistered", data: %Nexus.Identity.Events.UserRegistered{user_id: "121f0a45-e97c-4dca-b235-dd25547a3bc5", org_id: "04bdd9c5-f78b-432b-ad37-35aebb6d3406", email: "bernard-5341b9bc-fcd0-42c5-9dd3-1aa8d5f36f52@nexus.financial", role: "admin", cose_key: "bW9jaw==", credential_id: "bW9jaw==", registered_at: "2026-03-20T23:09:36.595732Z", display_name: "Bernard", status: "active"}, created_at: ~U[2026-03-20 23:09:36.596997Z], metadata: %{"causation_id" => "019d0d82-e9d3-7bd1-bee5-8a99999d9595", "correlation_id" => "019d0d82-e9d3-7bd1-bee5-8a99999d9595"}}]
23:10:01.065 [debug] QUERY ERROR source="identity_user_settings" db=0.0ms
SELECT i0."id", i0."user_id", i0."org_id", i0."locale", i0."timezone", i0."notifications_enabled", i0."created_at", i0."updated_at" FROM "identity_user_settings" AS i0 WHERE (i0."id" = $1) ["019d0c26-0b00-74a0-bd6d-48329cf61a57"]
23:10:01.065 [debug] Nexus.Treasury.Projectors.VaultProjector received events: [%Commanded.EventStore.RecordedEvent{event_id: "ffb6ea45-1001-4766-aa28-6c53725cf71e", event_number: 12117, stream_id: "019d0d82-edac-7542-85db-e9337b3a57fc", stream_version: 1, causation_id: "104e2af6-1bdc-4c76-bc2a-6fa2924527bb", correlation_id: "1662b205-fa11-49df-8862-b0ce7026ad0e", event_type: "Elixir.Nexus.Payments.Events.BulkPaymentInitiated", data: %Nexus.Payments.Events.BulkPaymentInitiated{bulk_payment_id: "019d0d82-edac-7542-85db-e9337b3a57fc", org_id: "019d0d82-edac-72b9-a0e4-c58bddc49e07", user_id: "019d0d82-edac-7c4f-9e72-bb2a85dc58b0", payments: [%{currency: "EUR", amount: "150.00", invoice_id: nil, recipient_name: "Vendor A", recipient_account: "ACC-1"}, %{currency: "GBP", amount: "500.50", invoice_id: nil, recipient_name: "Vendor B", recipient_account: "ACC-2"}], total_amount: "650.50", count: 2, initiated_at: "2026-03-20T23:09:37.580211Z"}, created_at: ~U[2026-03-20 23:09:37.581562Z], metadata: %{"causation_id" => "019d0d82-edac-7ed7-92b6-7a38a49c6928", "correlation_id" => "019d0d82-edac-7ed7-92b6-7a38a49c6928"}}]
23:10:01.065 [debug] QUERY OK db=0.0ms
rollback []
23:10:01.065 [debug] Nexus.Treasury.Projectors.VaultProjector confirming receipt of event #12117 of events: [%Commanded.EventStore.RecordedEvent{event_id: "ffb6ea45-1001-4766-aa28-6c53725cf71e", event_number: 12117, stream_id: "019d0d82-edac-7542-85db-e9337b3a57fc", stream_version: 1, causation_id: "104e2af6-1bdc-4c76-bc2a-6fa2924527bb", correlation_id: "1662b205-fa11-49df-8862-b0ce7026ad0e", event_type: "Elixir.Nexus.Payments.Events.BulkPaymentInitiated", data: %Nexus.Payments.Events.BulkPaymentInitiated{bulk_payment_id: "019d0d82-edac-7542-85db-e9337b3a57fc", org_id: "019d0d82-edac-72b9-a0e4-c58bddc49e07", user_id: "019d0d82-edac-7c4f-9e72-bb2a85dc58b0", payments: [%{currency: "EUR", amount: "150.00", invoice_id: nil, recipient_name: "Vendor A", recipient_account: "ACC-1"}, %{currency: "GBP", amount: "500.50", invoice_id: nil, recipient_name: "Vendor B", recipient_account: "ACC-2"}], total_amount: "650.50", count: 2, initiated_at: "2026-03-20T23:09:37.580211Z"}, created_at: ~U[2026-03-20 23:09:37.581562Z], metadata: %{"causation_id" => "019d0d82-edac-7ed7-92b6-7a38a49c6928", "correlation_id" => "019d0d82-edac-7ed7-92b6-7a38a49c6928"}}]
23:10:01.065 [debug] Nexus.Treasury.ProcessManagers.TransferManager received 1 event(s)
23:10:01.065 [debug] Nexus.Treasury.ProcessManagers.TransferManager is interested in event 12089 ("019d0d82-d47d-7906-b614-daa9d896811d"@1)
23:10:01.065 [debug] QUERY OK db=0.0ms queue=1.1ms
begin []
23:10:01.066 [debug] QUERY OK source="projection_versions" db=0.1ms
INSERT INTO "projection_versions" AS p0 ("projection_name","last_seen_event_number","inserted_at","updated_at") VALUES ($1,$2,$3,$4) ON CONFLICT ("projection_name") DO UPDATE SET "last_seen_event_number" = $5 WHERE ((p0."projection_name" = $6) AND (p0."last_seen_event_number" < $7)) ["Treasury.TransferProjector", 2172, ~N[2026-03-20 23:10:01.065809], ~N[2026-03-20 23:10:01.065809], 2172, "Treasury.TransferProjector", 2172]
23:10:01.066 [debug] QUERY OK db=0.0ms
rollback []
23:10:01.066 [debug] Nexus.Treasury.Handlers.TransferExecutionHandler received events: [%Commanded.EventStore.RecordedEvent{event_id: "4e64db40-9b7a-4841-be20-42cd214712b5", event_number: 12110, stream_id: "121f0a45-e97c-4dca-b235-dd25547a3bc5", stream_version: 2, causation_id: "5bb110ad-5aa0-4efa-aaa8-893137a67ca1", correlation_id: "c14b3773-a4a1-4bfa-a311-18f6a580f7de", event_type: "Elixir.Nexus.Identity.Events.SessionStarted", data: %Nexus.Identity.Events.SessionStarted{org_id: "04bdd9c5-f78b-432b-ad37-35aebb6d3406", user_id: "121f0a45-e97c-4dca-b235-dd25547a3bc5", session_id: "b2efda41-d9ba-4fd5-94f6-ae19a20f58ed", session_token: "mock-token", user_agent: "Mozilla/5.0 (Macintosh; Intel Mac OS X 10_15_7)", ip_address: "127.0.0.1", started_at: "2026-03-20T23:09:36.798021Z"}, created_at: ~U[2026-03-20 23:09:36.798601Z], metadata: %{"causation_id" => "019d0d82-ea9e-733e-a864-daa5a09720b2", "correlation_id" => "019d0d82-ea9e-733e-a864-daa5a09720b2"}}]
23:10:01.066 [debug] Nexus.Treasury.Projectors.VaultProjector received events: [%Commanded.EventStore.RecordedEvent{event_id: "41b91369-68d1-44a3-834f-7a8ad6afd4fb", event_number: 12118, stream_id: "019d0d82-edbf-7b9d-8e40-2d461030b36d", stream_version: 1, causation_id: "876d1fd4-64d6-4b81-94c4-848d68812d81", correlation_id: "c2539a08-97fd-4512-b734-432bce932db4", event_type: "Elixir.Nexus.ERP.Events.InvoiceIngested", data: %Nexus.ERP.Events.InvoiceIngested{org_id: "019d0d82-edbe-7636-9cc4-e5d4487e4f34", invoice_id: "019d0d82-edbf-7b9d-8e40-2d461030b36d", entity_id: "ENT-inv-abc", currency: "EUR", amount: "250.00", due_date: "2026-04-19", subsidiary: "Default", line_items: [%{description: "Test", amount: "250.00"}], sap_document_number: "SAP-inv-abc", sap_status: "Verified", ingested_at: "2026-03-20T23:09:37.599429Z"}, created_at: ~U[2026-03-20 23:09:37.601879Z], metadata: %{"causation_id" => "019d0d82-edbf-7026-be27-86946cf022a8", "correlation_id" => "019d0d82-edbf-7026-be27-86946cf022a8"}}]
23:10:01.066 [debug] Nexus.Treasury.Handlers.TransferExecutionHandler confirming receipt of event #12110 of events: [%Commanded.EventStore.RecordedEvent{event_id: "4e64db40-9b7a-4841-be20-42cd214712b5", event_number: 12110, stream_id: "121f0a45-e97c-4dca-b235-dd25547a3bc5", stream_version: 2, causation_id: "5bb110ad-5aa0-4efa-aaa8-893137a67ca1", correlation_id: "c14b3773-a4a1-4bfa-a311-18f6a580f7de", event_type: "Elixir.Nexus.Identity.Events.SessionStarted", data: %Nexus.Identity.Events.SessionStarted{org_id: "04bdd9c5-f78b-432b-ad37-35aebb6d3406", user_id: "121f0a45-e97c-4dca-b235-dd25547a3bc5", session_id: "b2efda41-d9ba-4fd5-94f6-ae19a20f58ed", session_token: "mock-token", user_agent: "Mozilla/5.0 (Macintosh; Intel Mac OS X 10_15_7)", ip_address: "127.0.0.1", started_at: "2026-03-20T23:09:36.798021Z"}, created_at: ~U[2026-03-20 23:09:36.798601Z], metadata: %{"causation_id" => "019d0d82-ea9e-733e-a864-daa5a09720b2", "correlation_id" => "019d0d82-ea9e-733e-a864-daa5a09720b2"}}]
23:10:01.066 [debug] Nexus.Treasury.Projectors.VaultProjector confirming receipt of event #12118 of events: [%Commanded.EventStore.RecordedEvent{event_id: "41b91369-68d1-44a3-834f-7a8ad6afd4fb", event_number: 12118, stream_id: "019d0d82-edbf-7b9d-8e40-2d461030b36d", stream_version: 1, causation_id: "876d1fd4-64d6-4b81-94c4-848d68812d81", correlation_id: "c2539a08-97fd-4512-b734-432bce932db4", event_type: "Elixir.Nexus.ERP.Events.InvoiceIngested", data: %Nexus.ERP.Events.InvoiceIngested{org_id: "019d0d82-edbe-7636-9cc4-e5d4487e4f34", invoice_id: "019d0d82-edbf-7b9d-8e40-2d461030b36d", entity_id: "ENT-inv-abc", currency: "EUR", amount: "250.00", due_date: "2026-04-19", subsidiary: "Default", line_items: [%{description: "Test", amount: "250.00"}], sap_document_number: "SAP-inv-abc", sap_status: "Verified", ingested_at: "2026-03-20T23:09:37.599429Z"}, created_at: ~U[2026-03-20 23:09:37.601879Z], metadata: %{"causation_id" => "019d0d82-edbf-7026-be27-86946cf022a8", "correlation_id" => "019d0d82-edbf-7026-be27-86946cf022a8"}}]
23:10:01.066 [debug] Nexus.Treasury.ProcessManagers.TransferManager confirming receipt of event: 12089
23:10:01.066 [debug] Nexus.Treasury.Handlers.TransferExecutionHandler received events: [%Commanded.EventStore.RecordedEvent{event_id: "e8ad31af-8e39-40d6-8bf9-67c7ddceb307", event_number: 12111, stream_id: "121f0a45-e97c-4dca-b235-dd25547a3bc5", stream_version: 3, causation_id: "6946d57e-ca7e-49ac-826d-3066c897330e", correlation_id: "dd4ebce2-714d-4aa3-aeb7-cde0db5c0f97", event_type: "Elixir.Nexus.Identity.Events.SessionStarted", data: %Nexus.Identity.Events.SessionStarted{org_id: "04bdd9c5-f78b-432b-ad37-35aebb6d3406", user_id: "121f0a45-e97c-4dca-b235-dd25547a3bc5", session_id: "ff42b368-0666-4a4e-9baf-19690fd43911", session_token: "mobile-token", user_agent: "iPhone / Mobile Safari", ip_address: "192.168.1.1", started_at: "2026-03-20T23:09:36.901091Z"}, created_at: ~U[2026-03-20 23:09:36.901625Z], metadata: %{"causation_id" => "019d0d82-eb05-76be-a086-6a6ba830d56d", "correlation_id" => "019d0d82-eb05-76be-a086-6a6ba830d56d"}}]
23:10:01.066 [debug] Nexus.Treasury.Handlers.TransferExecutionHandler confirming receipt of event #12111 of events: [%Commanded.EventStore.RecordedEvent{event_id: "e8ad31af-8e39-40d6-8bf9-67c7ddceb307", event_number: 12111, stream_id: "121f0a45-e97c-4dca-b235-dd25547a3bc5", stream_version: 3, causation_id: "6946d57e-ca7e-49ac-826d-3066c897330e", correlation_id: "dd4ebce2-714d-4aa3-aeb7-cde0db5c0f97", event_type: "Elixir.Nexus.Identity.Events.SessionStarted", data: %Nexus.Identity.Events.SessionStarted{org_id: "04bdd9c5-f78b-432b-ad37-35aebb6d3406", user_id: "121f0a45-e97c-4dca-b235-dd25547a3bc5", session_id: "ff42b368-0666-4a4e-9baf-19690fd43911", session_token: "mobile-token", user_agent: "iPhone / Mobile Safari", ip_address: "192.168.1.1", started_at: "2026-03-20T23:09:36.901091Z"}, created_at: ~U[2026-03-20 23:09:36.901625Z], metadata: %{"causation_id" => "019d0d82-eb05-76be-a086-6a6ba830d56d", "correlation_id" => "019d0d82-eb05-76be-a086-6a6ba830d56d"}}]
23:10:01.066 [debug] Nexus.Treasury.Projectors.VaultProjector received events: [%Commanded.EventStore.RecordedEvent{event_id: "323680fa-bc05-4c79-b61b-67874001020b", event_number: 12119, stream_id: "019d0d82-edc8-7476-a5ac-263412bd7d01", stream_version: 1, causation_id: "018b1409-c8c7-493c-814d-d5187976cc9f", correlation_id: "021af20e-ff0a-4125-a980-9a1c6d79c4e5", event_type: "Elixir.Nexus.Payments.Events.BulkPaymentInitiated", data: %Nexus.Payments.Events.BulkPaymentInitiated{bulk_payment_id: "019d0d82-edc8-7476-a5ac-263412bd7d01", org_id: "019d0d82-edbe-7636-9cc4-e5d4487e4f34", user_id: "019d0d82-edbf-7693-96e7-f19fc5f2de27", payments: [%{currency: "EUR", amount: "250.00", invoice_id: "019d0d82-edbf-7b9d-8e40-2d461030b36d", recipient_name: "Direct Vendor", recipient_account: "ACC-3"}], total_amount: "250.00", count: 1, initiated_at: "2026-03-20T23:09:37.608232Z"}, created_at: ~U[2026-03-20 23:09:37.610797Z], metadata: %{"causation_id" => "019d0d82-edc8-752c-b78f-e531c663d557", "correlation_id" => "019d0d82-edc8-752c-b78f-e531c663d557"}}]
23:10:01.066 [debug] Nexus.Treasury.Projectors.VaultProjector confirming receipt of event #12119 of events: [%Commanded.EventStore.RecordedEvent{event_id: "323680fa-bc05-4c79-b61b-67874001020b", event_number: 12119, stream_id: "019d0d82-edc8-7476-a5ac-263412bd7d01", stream_version: 1, causation_id: "018b1409-c8c7-493c-814d-d5187976cc9f", correlation_id: "021af20e-ff0a-4125-a980-9a1c6d79c4e5", event_type: "Elixir.Nexus.Payments.Events.BulkPaymentInitiated", data: %Nexus.Payments.Events.BulkPaymentInitiated{bulk_payment_id: "019d0d82-edc8-7476-a5ac-263412bd7d01", org_id: "019d0d82-edbe-7636-9cc4-e5d4487e4f34", user_id: "019d0d82-edbf-7693-96e7-f19fc5f2de27", payments: [%{currency: "EUR", amount: "250.00", invoice_id: "019d0d82-edbf-7b9d-8e40-2d461030b36d", recipient_name: "Direct Vendor", recipient_account: "ACC-3"}], total_amount: "250.00", count: 1, initiated_at: "2026-03-20T23:09:37.608232Z"}, created_at: ~U[2026-03-20 23:09:37.610797Z], metadata: %{"causation_id" => "019d0d82-edc8-752c-b78f-e531c663d557", "correlation_id" => "019d0d82-edc8-752c-b78f-e531c663d557"}}]
23:10:01.066 [error] Nexus.Identity.Projectors.UserRegistrationProjector failed to handle event:
%Commanded.EventStore.RecordedEvent{
  event_id: "282ec866-f518-44ed-95f6-7a535d6c3e25",
  event_number: 11262,
  stream_id: "019d0c26-0b00-74a0-bd6d-48329cf61a57",
  stream_version: 1,
  causation_id: "d64809a4-8402-4360-8536-99b7a0f860ca",
  correlation_id: "e0f4b4bb-483c-4914-aaaa-956d1587d67e",
  event_type: "Elixir.Nexus.Identity.Events.UserRegistered",
  data: %Nexus.Identity.Events.UserRegistered{
    user_id: "019d0c26-0b00-74a0-bd6d-48329cf61a57",
    org_id: "019d0c26-0b00-74a0-8884-24b7b734f296",
    email: "test@example.com",
    role: "system_admin",
    cose_key: "Ym9vdHN0cmFwX2Nvc2Vfa2V5",
    credential_id: "Ym9vdHN0cmFwX2NyZWRlbnRpYWxfaWQ=",
    registered_at: "2026-03-20T16:48:33.024173Z",
    display_name: "Test User",
    status: "active"
  },
  created_at: ~U[2026-03-20 16:48:33.025211Z],
  metadata: %{
    "causation_id" => "019d0c26-0b00-71d0-a1d2-041f55e92cfc",
    "correlation_id" => "019d0c26-0b00-71d0-a1d2-041f55e92cfc"
  }
}, due to:
** (Postgrex.Error) ERROR 42703 (undefined_column) column i0.id does not exist

    query: SELECT i0."id", i0."user_id", i0."org_id", i0."locale", i0."timezone", i0."notifications_enabled", i0."created_at", i0."updated_at" FROM "identity_user_settings" AS i0 WHERE (i0."id" = $1)
    (ecto_sql 3.13.4) lib/ecto/adapters/sql.ex:1113: Ecto.Adapters.SQL.raise_sql_call_error/1
    (ecto_sql 3.13.4) lib/ecto/adapters/sql.ex:1011: Ecto.Adapters.SQL.execute/6
    (ecto 3.13.5) lib/ecto/repo/queryable.ex:241: Ecto.Repo.Queryable.execute/4
    (ecto 3.13.5) lib/ecto/repo/queryable.ex:19: Ecto.Repo.Queryable.all/3
    (ecto 3.13.5) lib/ecto/repo/queryable.ex:163: Ecto.Repo.Queryable.one/3
    (nexus 0.1.0) lib/nexus/identity/projectors/user_registration_projector.ex:53: anonymous fn/3 in Nexus.Identity.Projectors.UserRegistrationProjector.project_registration/3
    (ecto 3.13.5) lib/ecto/multi.ex:905: Ecto.Multi.apply_operation/5
    (elixir 1.19.5) lib/enum.ex:2520: Enum."-reduce/3-lists^foldl/2-0-"/3
    (ecto 3.13.5) lib/ecto/multi.ex:878: anonymous fn/5 in Ecto.Multi.apply_operations/5
    (ecto_sql 3.13.4) lib/ecto/adapters/sql.ex:1473: anonymous fn/3 in Ecto.Adapters.SQL.checkout_or_transaction/4
    (db_connection 2.9.0) lib/db_connection.ex:1747: DBConnection.run_transaction/4
    (ecto 3.13.5) lib/ecto/repo/transaction.ex:30: Ecto.Repo.Transaction.transact/4
    (nexus 0.1.0) deps/commanded_ecto_projections/lib/projections/ecto.ex:97: Nexus.Identity.Projectors.UserRegistrationProjector.update_projection/3
    (commanded 1.4.9) lib/commanded/event/handler.ex:1221: Commanded.Event.Handler.delegate_event_to_handler/2
    (commanded 1.4.9) lib/commanded/event/handler.ex:1062: Commanded.Event.Handler.handle_event/3
    (elixir 1.19.5) lib/enum.ex:2520: Enum."-reduce/3-lists^foldl/2-0-"/3
    (commanded 1.4.9) lib/commanded/event/handler.ex:969: Commanded.Event.Handler.handle_info/2
    (stdlib 7.1) gen_server.erl:2434: :gen_server.try_handle_info/3
    (stdlib 7.1) gen_server.erl:2420: :gen_server.handle_msg/3
    (stdlib 7.1) proc_lib.erl:333: :proc_lib.init_p_do_apply/3

23:10:01.066 [debug] Nexus.Treasury.ProcessManagers.TransferManager received 1 event(s)
23:10:01.066 [debug] Nexus.Treasury.ProcessManagers.TransferManager is interested in event 12090 ("TransferHardeningTest.PM-019d0d82-d469-7456-ad0b-a7090ea93d39"@1)
23:10:01.066 [warning] Nexus.Identity.Projectors.UserRegistrationProjector has requested to stop: %Postgrex.Error{message: nil, postgres: %{code: :undefined_column, line: "3721", message: "column i0.id does not exist", position: "8", file: "parse_relation.c", unknown: "ERROR", severity: "ERROR", pg_code: "42703", routine: "errorMissingColumn"}, connection_id: 3149, query: "SELECT i0.\"id\", i0.\"user_id\", i0.\"org_id\", i0.\"locale\", i0.\"timezone\", i0.\"notifications_enabled\", i0.\"created_at\", i0.\"updated_at\" FROM \"identity_user_settings\" AS i0 WHERE (i0.\"id\" = $1)"}
23:10:01.066 [debug] Nexus.Identity.Projectors.UserRegistrationProjector is shutting down due to %Postgrex.Error{message: nil, postgres: %{code: :undefined_column, line: "3721", message: "column i0.id does not exist", position: "8", file: "parse_relation.c", unknown: "ERROR", severity: "ERROR", pg_code: "42703", routine: "errorMissingColumn"}, connection_id: 3149, query: "SELECT i0.\"id\", i0.\"user_id\", i0.\"org_id\", i0.\"locale\", i0.\"timezone\", i0.\"notifications_enabled\", i0.\"created_at\", i0.\"updated_at\" FROM \"identity_user_settings\" AS i0 WHERE (i0.\"id\" = $1)"}
23:10:01.067 [debug] Nexus.Treasury.Handlers.TransferExecutionHandler received events: [%Commanded.EventStore.RecordedEvent{event_id: "d66e27be-3b34-46d5-be8f-172d96f893bd", event_number: 12112, stream_id: "121f0a45-e97c-4dca-b235-dd25547a3bc5", stream_version: 4, causation_id: "47f8ffd1-35f7-4c0f-ac07-47ce37b95a77", correlation_id: "ea6efdc1-57ad-49f6-961e-27e0c717113e", event_type: "Elixir.Nexus.Identity.Events.SessionExpired", data: %Nexus.Identity.Events.SessionExpired{org_id: "04bdd9c5-f78b-432b-ad37-35aebb6d3406", user_id: "121f0a45-e97c-4dca-b235-dd25547a3bc5", session_id: "ff42b368-0666-4a4e-9baf-19690fd43911", expired_at: "2026-03-20T23:09:37.004010Z"}, created_at: ~U[2026-03-20 23:09:37.004806Z], metadata: %{"causation_id" => "019d0d82-eb6c-7261-b225-2d8f043ac73f", "correlation_id" => "019d0d82-eb6c-7261-b225-2d8f043ac73f"}}]
23:10:01.067 [debug] Nexus.Treasury.Handlers.TransferExecutionHandler confirming receipt of event #12112 of events: [%Commanded.EventStore.RecordedEvent{event_id: "d66e27be-3b34-46d5-be8f-172d96f893bd", event_number: 12112, stream_id: "121f0a45-e97c-4dca-b235-dd25547a3bc5", stream_version: 4, causation_id: "47f8ffd1-35f7-4c0f-ac07-47ce37b95a77", correlation_id: "ea6efdc1-57ad-49f6-961e-27e0c717113e", event_type: "Elixir.Nexus.Identity.Events.SessionExpired", data: %Nexus.Identity.Events.SessionExpired{org_id: "04bdd9c5-f78b-432b-ad37-35aebb6d3406", user_id: "121f0a45-e97c-4dca-b235-dd25547a3bc5", session_id: "ff42b368-0666-4a4e-9baf-19690fd43911", expired_at: "2026-03-20T23:09:37.004010Z"}, created_at: ~U[2026-03-20 23:09:37.004806Z], metadata: %{"causation_id" => "019d0d82-eb6c-7261-b225-2d8f043ac73f", "correlation_id" => "019d0d82-eb6c-7261-b225-2d8f043ac73f"}}]
23:10:01.066 [error] GenServer {Nexus.App.LocalRegistry, {Nexus.App, Commanded.Event.Handler, "Identity.Projectors.UserRegistrationProjector"}} terminating
** (stop) %Postgrex.Error{message: nil, postgres: %{code: :undefined_column, line: "3721", message: "column i0.id does not exist", position: "8", file: "parse_relation.c", unknown: "ERROR", severity: "ERROR", pg_code: "42703", routine: "errorMissingColumn"}, connection_id: 3149, query: "SELECT i0.\"id\", i0.\"user_id\", i0.\"org_id\", i0.\"locale\", i0.\"timezone\", i0.\"notifications_enabled\", i0.\"created_at\", i0.\"updated_at\" FROM \"identity_user_settings\" AS i0 WHERE (i0.\"id\" = $1)"}
Last message: {:events, [%Commanded.EventStore.RecordedEvent{event_id: "282ec866-f518-44ed-95f6-7a535d6c3e25", event_number: 11262, stream_id: "019d0c26-0b00-74a0-bd6d-48329cf61a57", stream_version: 1, causation_id: "d64809a4-8402-4360-8536-99b7a0f860ca", correlation_id: "e0f4b4bb-483c-4914-aaaa-956d1587d67e", event_type: "Elixir.Nexus.Identity.Events.UserRegistered", data: %Nexus.Identity.Events.UserRegistered{user_id: "019d0c26-0b00-74a0-bd6d-48329cf61a57", org_id: "019d0c26-0b00-74a0-8884-24b7b734f296", email: "test@example.com", role: "system_admin", cose_key: "Ym9vdHN0cmFwX2Nvc2Vfa2V5", credential_id: "Ym9vdHN0cmFwX2NyZWRlbnRpYWxfaWQ=", registered_at: "2026-03-20T16:48:33.024173Z", display_name: "Test User", status: "active"}, created_at: ~U[2026-03-20 16:48:33.025211Z], metadata: %{"causation_id" => "019d0c26-0b00-71d0-a1d2-041f55e92cfc", "correlation_id" => "019d0c26-0b00-71d0-a1d2-041f55e92cfc"}}]}
State: %Commanded.Event.Handler{application: Nexus.App, consistency: :strong, handler_callback: :event, handler_name: "Identity.Projectors.UserRegistrationProjector", handler_module: Nexus.Identity.Projectors.UserRegistrationProjector, handler_state: nil, last_seen_event: nil, subscription: %Commanded.EventStore.Subscription{application: Nexus.App, backoff: {:backoff, 1000, 60000, 1000, :jitter, :undefined, :undefined}, concurrency: 1, partition_by: nil, subscribe_to: :all, subscribe_from: :origin, subscription_name: "Identity.Projectors.UserRegistrationProjector", subscription_opts: [], subscription_pid: #PID<0.2095.0>, subscription_ref: #Reference<0.504251661.3394502661.16665>}, subscribe_timer: nil}
23:10:01.067 [debug] Nexus.Treasury.Projectors.VaultProjector received events: [%Commanded.EventStore.RecordedEvent{event_id: "5653840d-0a3a-4561-be8c-f68f07d32810", event_number: 12120, stream_id: "f36466a8-a5a7-4205-a798-7d6c9052db95", stream_version: 1, causation_id: "3c2a9285-e794-4b19-8f44-ed3e14490a47", correlation_id: "21ddf90a-5a40-48f5-ba80-565fb18eed3f", event_type: "Elixir.Nexus.Treasury.Events.PolicyModeChanged", data: %Nexus.Treasury.Events.PolicyModeChanged{policy_id: "f36466a8-a5a7-4205-a798-7d6c9052db95", org_id: "f36466a8-a5a7-4205-a798-7d6c9052db95", mode: "strict", threshold: "50000", actor_email: "test@example.com", changed_at: "2026-03-20T23:09:37.631444Z"}, created_at: ~U[2026-03-20 23:09:37.634714Z], metadata: %{"causation_id" => "019d0d82-eddf-7dcd-9add-cee6be9a95a8", "correlation_id" => "019d0d82-eddf-7dcd-9add-cee6be9a95a8"}}]
23:10:01.067 [debug] Subscription "Identity.Projectors.UserRegistrationProjector"@"$all" subscriber #PID<0.2094.0> down due to: %Postgrex.Error{message: nil, postgres: %{code: :undefined_column, line: "3721", message: "column i0.id does not exist", position: "8", file: "parse_relation.c", unknown: "ERROR", severity: "ERROR", pg_code: "42703", routine: "errorMissingColumn"}, connection_id: 3149, query: "SELECT i0.\"id\", i0.\"user_id\", i0.\"org_id\", i0.\"locale\", i0.\"timezone\", i0.\"notifications_enabled\", i0.\"created_at\", i0.\"updated_at\" FROM \"identity_user_settings\" AS i0 WHERE (i0.\"id\" = $1)"}
23:10:01.067 [debug] Subscription "Identity.Projectors.UserRegistrationProjector"@"$all" has no subscribers, shutting down
23:10:01.067 [debug] Nexus.Treasury.Projectors.VaultProjector confirming receipt of event #12120 of events: [%Commanded.EventStore.RecordedEvent{event_id: "5653840d-0a3a-4561-be8c-f68f07d32810", event_number: 12120, stream_id: "f36466a8-a5a7-4205-a798-7d6c9052db95", stream_version: 1, causation_id: "3c2a9285-e794-4b19-8f44-ed3e14490a47", correlation_id: "21ddf90a-5a40-48f5-ba80-565fb18eed3f", event_type: "Elixir.Nexus.Treasury.Events.PolicyModeChanged", data: %Nexus.Treasury.Events.PolicyModeChanged{policy_id: "f36466a8-a5a7-4205-a798-7d6c9052db95", org_id: "f36466a8-a5a7-4205-a798-7d6c9052db95", mode: "strict", threshold: "50000", actor_email: "test@example.com", changed_at: "2026-03-20T23:09:37.631444Z"}, created_at: ~U[2026-03-20 23:09:37.634714Z], metadata: %{"causation_id" => "019d0d82-eddf-7dcd-9add-cee6be9a95a8", "correlation_id" => "019d0d82-eddf-7dcd-9add-cee6be9a95a8"}}]
23:10:01.067 [debug] Nexus.Treasury.ProcessManagers.TransferManager confirming receipt of event: 12090
23:10:01.067 [error] Nexus.Treasury.Projectors.TransferProjector failed to handle event:
%Commanded.EventStore.RecordedEvent{
  event_id: "62c6b71c-722f-4f2d-8755-429e94f0e965",
  event_number: 2172,
  stream_id: "019cca7f-79a7-7b90-938a-8ce15011f26b",
  stream_version: 1,
  causation_id: "d72ccd15-4b2a-488e-97ff-35721da3c29b",
  correlation_id: "e053c8f4-f9af-4815-b6f7-0a119251f0d0",
  event_type: "Elixir.Nexus.Treasury.Events.TransferInitiated",
  data: %Nexus.Treasury.Events.TransferInitiated{
    transfer_id: "019cca7f-79a7-7b90-938a-8ce15011f26b",
    org_id: "org_123",
    user_id: "user_456",
    from_currency: "EUR",
    to_currency: "USD",
    amount: "100",
    status: "authorized",
    bulk_payment_id: nil,
    recipient_data: nil,
    requested_at: "2026-03-07T22:51:17.800772Z"
  },
  created_at: ~U[2026-03-07 22:51:17.837188Z],
  metadata: %{}
}, due to:
** (Ecto.ChangeError) value `"user_456"` for `Nexus.Treasury.Projections.Transfer.user_id` in `insert` does not match type :binary_id
    (ecto 3.13.5) lib/ecto/repo/schema.ex:1301: Ecto.Repo.Schema.dump_field!/6
    (ecto 3.13.5) lib/ecto/repo/schema.ex:1310: anonymous fn/6 in Ecto.Repo.Schema.dump_fields!/5
    (stdlib 7.1) maps.erl:894: :maps.fold_1/4
    (ecto 3.13.5) lib/ecto/repo/schema.ex:1308: Ecto.Repo.Schema.dump_fields!/5
    (ecto 3.13.5) lib/ecto/repo/schema.ex:1240: Ecto.Repo.Schema.dump_changes!/7
    (ecto 3.13.5) lib/ecto/repo/schema.ex:476: anonymous fn/15 in Ecto.Repo.Schema.do_insert/4
    (ecto 3.13.5) lib/ecto/multi.ex:905: Ecto.Multi.apply_operation/5
    (elixir 1.19.5) lib/enum.ex:2520: Enum."-reduce/3-lists^foldl/2-0-"/3
    (ecto 3.13.5) lib/ecto/multi.ex:878: anonymous fn/5 in Ecto.Multi.apply_operations/5
    (ecto_sql 3.13.4) lib/ecto/adapters/sql.ex:1473: anonymous fn/3 in Ecto.Adapters.SQL.checkout_or_transaction/4
    (db_connection 2.9.0) lib/db_connection.ex:1747: DBConnection.run_transaction/4
    (ecto 3.13.5) lib/ecto/repo/transaction.ex:30: Ecto.Repo.Transaction.transact/4
    (nexus 0.1.0) deps/commanded_ecto_projections/lib/projections/ecto.ex:97: Nexus.Treasury.Projectors.TransferProjector.update_projection/3
    (commanded 1.4.9) lib/commanded/event/handler.ex:1221: Commanded.Event.Handler.delegate_event_to_handler/2
    (commanded 1.4.9) lib/commanded/event/handler.ex:1062: Commanded.Event.Handler.handle_event/3
    (elixir 1.19.5) lib/enum.ex:2520: Enum."-reduce/3-lists^foldl/2-0-"/3
    (commanded 1.4.9) lib/commanded/event/handler.ex:969: Commanded.Event.Handler.handle_info/2
    (stdlib 7.1) gen_server.erl:2434: :gen_server.try_handle_info/3
    (stdlib 7.1) gen_server.erl:2420: :gen_server.handle_msg/3
    (stdlib 7.1) proc_lib.erl:333: :proc_lib.init_p_do_apply/3

23:10:01.067 [warning] Nexus.Treasury.Projectors.TransferProjector has requested to stop: %Ecto.ChangeError{message: "value `\"user_456\"` for `Nexus.Treasury.Projections.Transfer.user_id` in `insert` does not match type :binary_id"}
23:10:01.067 [debug] Nexus.Treasury.Projectors.TransferProjector is shutting down due to %Ecto.ChangeError{message: "value `\"user_456\"` for `Nexus.Treasury.Projections.Transfer.user_id` in `insert` does not match type :binary_id"}
23:10:01.067 [debug] Nexus.Treasury.Handlers.TransferExecutionHandler received events: [%Commanded.EventStore.RecordedEvent{event_id: "aa434d8f-9c78-4a4e-acbe-277d1c9debf7", event_number: 12113, stream_id: "Sub49858-EUR", stream_version: 1, causation_id: "52f9dab8-12aa-4bd0-b23d-483bd7055695", correlation_id: "d8e9c110-31df-4a71-8844-c3b08a16c7e2", event_type: "Elixir.Nexus.Treasury.Events.ExposureCalculated", data: %Nexus.Treasury.Events.ExposureCalculated{org_id: "c0f4295c-459a-4fc7-8711-74a2b4409b95", subsidiary: "Sub49858", currency: "EUR", exposure_amount: "92233.91", timestamp: "2026-03-20T23:09:37.509856Z"}, created_at: ~U[2026-03-20 23:09:37.512596Z], metadata: %{"causation_id" => "019d0d82-ed65-7fdc-885e-4dbee93cc377", "correlation_id" => "019d0d82-ed65-7fdc-885e-4dbee93cc377"}}]
23:10:01.067 [debug] Nexus.Treasury.Handlers.TransferExecutionHandler confirming receipt of event #12113 of events: [%Commanded.EventStore.RecordedEvent{event_id: "aa434d8f-9c78-4a4e-acbe-277d1c9debf7", event_number: 12113, stream_id: "Sub49858-EUR", stream_version: 1, causation_id: "52f9dab8-12aa-4bd0-b23d-483bd7055695", correlation_id: "d8e9c110-31df-4a71-8844-c3b08a16c7e2", event_type: "Elixir.Nexus.Treasury.Events.ExposureCalculated", data: %Nexus.Treasury.Events.ExposureCalculated{org_id: "c0f4295c-459a-4fc7-8711-74a2b4409b95", subsidiary: "Sub49858", currency: "EUR", exposure_amount: "92233.91", timestamp: "2026-03-20T23:09:37.509856Z"}, created_at: ~U[2026-03-20 23:09:37.512596Z], metadata: %{"causation_id" => "019d0d82-ed65-7fdc-885e-4dbee93cc377", "correlation_id" => "019d0d82-ed65-7fdc-885e-4dbee93cc377"}}]
23:10:01.067 [debug] Nexus.Treasury.ProcessManagers.TransferManager received 1 event(s)
23:10:01.067 [debug] Nexus.Treasury.ProcessManagers.TransferManager is interested in event 12091 ("019d0d82-d469-7456-ad0b-a7090ea93d39"@2)
23:10:01.067 [error] GenServer {Nexus.App.LocalRegistry, {Nexus.App, Commanded.Event.Handler, "Treasury.TransferProjector"}} terminating
** (stop) %Ecto.ChangeError{message: "value `\"user_456\"` for `Nexus.Treasury.Projections.Transfer.user_id` in `insert` does not match type :binary_id"}
Last message: {:events, [%Commanded.EventStore.RecordedEvent{event_id: "62c6b71c-722f-4f2d-8755-429e94f0e965", event_number: 2172, stream_id: "019cca7f-79a7-7b90-938a-8ce15011f26b", stream_version: 1, causation_id: "d72ccd15-4b2a-488e-97ff-35721da3c29b", correlation_id: "e053c8f4-f9af-4815-b6f7-0a119251f0d0", event_type: "Elixir.Nexus.Treasury.Events.TransferInitiated", data: %Nexus.Treasury.Events.TransferInitiated{transfer_id: "019cca7f-79a7-7b90-938a-8ce15011f26b", org_id: "org_123", user_id: "user_456", from_currency: "EUR", to_currency: "USD", amount: "100", status: "authorized", bulk_payment_id: nil, recipient_data: nil, requested_at: "2026-03-07T22:51:17.800772Z"}, created_at: ~U[2026-03-07 22:51:17.837188Z], metadata: %{}}]}
State: %Commanded.Event.Handler{application: Nexus.App, consistency: :eventual, handler_callback: :event, handler_name: "Treasury.TransferProjector", handler_module: Nexus.Treasury.Projectors.TransferProjector, handler_state: nil, last_seen_event: nil, subscription: %Commanded.EventStore.Subscription{application: Nexus.App, backoff: {:backoff, 1000, 60000, 1000, :jitter, :undefined, :undefined}, concurrency: 1, partition_by: nil, subscribe_to: :all, subscribe_from: :origin, subscription_name: "Treasury.TransferProjector", subscription_opts: [], subscription_pid: #PID<0.2098.0>, subscription_ref: #Reference<0.504251661.3394502657.208328>}, subscribe_timer: nil}
23:10:01.067 [debug] Nexus.Treasury.ProcessManagers.TransferManager attempting to dispatch command: %Nexus.Treasury.Commands.AuthorizeTransfer{transfer_id: "019d0d82-d47d-7906-b614-daa9d896811d", org_id: "019d0d82-d469-77cf-a443-bcf40f5681a4", user_id: nil, actor_email: "verified-user@nexus.ai", authorized_at: "2026-03-20T23:09:31.626346Z"}
23:10:01.067 [debug] Subscription "Treasury.TransferProjector"@"$all" subscriber #PID<0.2097.0> down due to: %Ecto.ChangeError{message: "value `\"user_456\"` for `Nexus.Treasury.Projections.Transfer.user_id` in `insert` does not match type :binary_id"}
23:10:01.067 [debug] Subscription "Treasury.TransferProjector"@"$all" has no subscribers, shutting down
23:10:01.067 [debug] Locating aggregate process for `Nexus.Treasury.Aggregates.Transfer` with UUID "019d0d82-d47d-7906-b614-daa9d896811d"
23:10:01.067 [debug] Nexus.Treasury.Projectors.VaultProjector received events: [%Commanded.EventStore.RecordedEvent{event_id: "f601bca2-b95f-4e0b-8952-073f173e21b6", event_number: 12121, stream_id: "94826e7b-f236-4ca8-8ce6-705c2b892d1c", stream_version: 1, causation_id: "5fe30625-0113-47c2-95e0-ad2f0f140c63", correlation_id: "89959609-e2b7-4f02-8746-0cb39fb0c5e1", event_type: "Elixir.Nexus.Treasury.Events.PolicyModeChanged", data: %Nexus.Treasury.Events.PolicyModeChanged{policy_id: "94826e7b-f236-4ca8-8ce6-705c2b892d1c", org_id: "94826e7b-f236-4ca8-8ce6-705c2b892d1c", mode: "standard", threshold: "1000000", actor_email: "test@example.com", changed_at: "2026-03-20T23:09:37.660384Z"}, created_at: ~U[2026-03-20 23:09:37.663366Z], metadata: %{"causation_id" => "019d0d82-edfc-781f-8f91-00e62743280f", "correlation_id" => "019d0d82-edfc-781f-8f91-00e62743280f"}}]
23:10:01.067 [debug] Nexus.Treasury.Projectors.VaultProjector confirming receipt of event #12121 of events: [%Commanded.EventStore.RecordedEvent{event_id: "f601bca2-b95f-4e0b-8952-073f173e21b6", event_number: 12121, stream_id: "94826e7b-f236-4ca8-8ce6-705c2b892d1c", stream_version: 1, causation_id: "5fe30625-0113-47c2-95e0-ad2f0f140c63", correlation_id: "89959609-e2b7-4f02-8746-0cb39fb0c5e1", event_type: "Elixir.Nexus.Treasury.Events.PolicyModeChanged", data: %Nexus.Treasury.Events.PolicyModeChanged{policy_id: "94826e7b-f236-4ca8-8ce6-705c2b892d1c", org_id: "94826e7b-f236-4ca8-8ce6-705c2b892d1c", mode: "standard", threshold: "1000000", actor_email: "test@example.com", changed_at: "2026-03-20T23:09:37.660384Z"}, created_at: ~U[2026-03-20 23:09:37.663366Z], metadata: %{"causation_id" => "019d0d82-edfc-781f-8f91-00e62743280f", "correlation_id" => "019d0d82-edfc-781f-8f91-00e62743280f"}}]
23:10:01.067 [error] GenServer {Nexus.EventStore.EventStore.Subscriptions.Registry, {"$all", "Treasury.TransferProjector"}} terminating
** (stop) %Ecto.ChangeError{message: "value `\"user_456\"` for `Nexus.Treasury.Projections.Transfer.user_id` in `insert` does not match type :binary_id"}
Last message: {:DOWN, #Reference<0.504251661.3394502661.16710>, :process, #PID<0.2097.0>, %Ecto.ChangeError{message: "value `\"user_456\"` for `Nexus.Treasury.Projections.Transfer.user_id` in `insert` does not match type :binary_id"}}
State: %EventStore.Subscriptions.Subscription{stream_uuid: "$all", subscription_name: "Treasury.TransferProjector", subscription: %EventStore.Subscriptions.SubscriptionFsm{state: :unsubscribed, data: %EventStore.Subscriptions.SubscriptionState{conn: Nexus.EventStore.Postgrex, event_store: Nexus.EventStore, serializer: Commanded.Serialization.JsonSerializer, schema: "event_store", stream_uuid: "$all", start_from: 0, subscription_name: "Treasury.TransferProjector", subscription_id: 712, selector: nil, mapper: &Commanded.EventStore.Adapters.EventStore.Mapper.from_recorded_event/1, max_size: 1000, partition_by: nil, query_timeout: 15000, lock_ref: #Reference<0.504251661.3394502660.16100>, last_received: 3171, last_sent: 2172, last_ack: 2171, queue_size: 1000, buffer_size: 1, checkpoint_after: 0, checkpoint_threshold: 1, checkpoint_timer_ref: nil, checkpoints_pending: 0, subscribers: %{}, partitions: %{nil: {[%EventStore.RecordedEvent{event_number: 3171, event_id: "8586578d-d056-4f8a-9ef5-e50055576e3d", stream_uuid: "ac7468f5-30d7-40c0-8616-11d90e0baaff", stream_version: 2, correlation_id: "39b30acd-48bc-46aa-95f6-dbca71341717", causation_id: "63e9af3a-68e5-4fcb-b1e2-45e01849c483", event_type: "Elixir.Nexus.Treasury.Events.PolicyAlertTriggered", data: %Nexus.Treasury.Events.PolicyAlertTriggered{policy_id: "ac7468f5-30d7-40c0-8616-11d90e0baaff", org_id: "ac7468f5-30d7-40c0-8616-11d90e0baaff", currency_pair: "EUR/USD", exposure_amount: "120000", threshold: "100000", triggered_at: "2026-03-11T11:11:50.245617Z"}, metadata: %{}, created_at: ~U[2026-03-11 11:11:50.246040Z]}, %EventStore.RecordedEvent{event_number: 3170, event_id: "d9b79299-4063-4885-b6d9-34698aedcb10", stream_uuid: "ac7468f5-30d7-40c0-8616-11d90e0baaff", stream_version: 1, correlation_id: "788f0b6b-0bfc-40f7-a9f1-8257a38dc3b3", causation_id: "5372e3c5-9d37-4049-b5ad-ea745c35f334", event_type: "Elixir.Nexus.Treasury.Events.TransferThresholdSet", data: %Nexus.Treasury.Events.TransferThresholdSet{policy_id: "ac7468f5-30d7-40c0-8616-11d90e0baaff", org_id: "ac7468f5-30d7-40c0-8616-11d90e0baaff", threshold: "100000", set_at: "2026-03-11T11:11:50.238725Z"}, metadata: %{}, created_at: ~U[2026-03-11 11:11:50.240394Z]}, %EventStore.RecordedEvent{event_number: 3169, event_id: "1921c76c-7123-46a0-829b-f758c37f1936", stream_uuid: "forecast-0bc9eb4f-96f1-4960-bbd1-8669f786883a", stream_version: 2, correlation_id: "6461481b-22c8-42f5-9321-fb6182c6c883", causation_id: "9495e45b-6570-4a67-8f67-a7628c22d6b5", event_type: "Elixir.Nexus.Treasury.Events.ForecastGenerated", data: %Nexus.Treasury.Events.ForecastGenerated{org_id: "0bc9eb4f-96f1-4960-bbd1-8669f786883a", currency: "EUR", horizon_days: 30, predictions: [%{date: "2026-03-03", predicted_amount: "110000.000000"}], generated_at: "2026-03-11T11:11:50.230730Z"}, metadata: %{}, created_at: ~U[2026-03-11 11:11:50.231171Z]}, %EventStore.RecordedEvent{event_number: 3168, event_id: "eb625212-2f0a-444d-8cce-9809554dfc41", stream_uuid: "forecast-0bc9eb4f-96f1-4960-bbd1-8669f786883a", stream_version: 1, correlation_id: "be901c27-d444-4708-ab95-a805d38476ef", causation_id: "b866081f-be26-453f-9b2f-ea1e9ec2d11a", event_type: "Elixir.Nexus.Treasury.Events.ForecastGenerated", data: %Nexus.Treasury.Events.ForecastGenerated{org_id: "0bc9eb4f-96f1-4960-bbd1-8669f786883a", currency: "EUR", horizon_days: 30, predictions: [%{date: "2026-03-03", predicted_amount: "100000.00"}], generated_at: "2026-03-11T11:11:50.227029Z"}, ...}, ...], ...}}, ...}}, ...}
23:10:01.067 [debug] Nexus.Treasury.Handlers.TransferExecutionHandler received events: [%Commanded.EventStore.RecordedEvent{event_id: "79da215e-49bc-4e72-ae0b-42a76af465fe", event_number: 12114, stream_id: "Sub49922-EUR", stream_version: 1, causation_id: "3072f95f-2670-48f6-bd7d-6f54392c9001", correlation_id: "c98abc92-d8bb-47a7-a45f-471aba2da457", event_type: "Elixir.Nexus.Treasury.Events.ExposureCalculated", data: %Nexus.Treasury.Events.ExposureCalculated{org_id: "c9ac1861-c81e-47c0-af4e-4967e833e109", subsidiary: "Sub49922", currency: "EUR", exposure_amount: "92233.91", timestamp: "2026-03-20T23:09:37.520943Z"}, created_at: ~U[2026-03-20 23:09:37.521874Z], metadata: %{"causation_id" => "019d0d82-ed70-718d-a96f-233642a9db8c", "correlation_id" => "019d0d82-ed70-718d-a96f-233642a9db8c"}}]
23:10:01.068 [debug] Nexus.Treasury.Projectors.TransferProjector is shutting down due to {%Ecto.ChangeError{message: "value `\"user_456\"` for `Nexus.Treasury.Projections.Transfer.user_id` in `insert` does not match type :binary_id"}, {GenServer, :call, [#PID<0.2098.0>, {:connect, #PID<0.2106.0>, [retry_interval: 60000, hibernate_after: 15000, partition_by: nil, concurrency_limit: 1, name: Nexus.EventStore, mapper: &Commanded.EventStore.Adapters.EventStore.Mapper.from_recorded_event/1, conn: Nexus.EventStore.Postgrex, event_store: Nexus.EventStore, query_timeout: 15000, schema: "event_store", serializer: Commanded.Serialization.JsonSerializer, stream_uuid: "$all", subscription_name: "Treasury.TransferProjector", start_from: 0]}, 5000]}}
23:10:01.068 [debug] Nexus.Treasury.Handlers.TransferExecutionHandler confirming receipt of event #12114 of events: [%Commanded.EventStore.RecordedEvent{event_id: "79da215e-49bc-4e72-ae0b-42a76af465fe", event_number: 12114, stream_id: "Sub49922-EUR", stream_version: 1, causation_id: "3072f95f-2670-48f6-bd7d-6f54392c9001", correlation_id: "c98abc92-d8bb-47a7-a45f-471aba2da457", event_type: "Elixir.Nexus.Treasury.Events.ExposureCalculated", data: %Nexus.Treasury.Events.ExposureCalculated{org_id: "c9ac1861-c81e-47c0-af4e-4967e833e109", subsidiary: "Sub49922", currency: "EUR", exposure_amount: "92233.91", timestamp: "2026-03-20T23:09:37.520943Z"}, created_at: ~U[2026-03-20 23:09:37.521874Z], metadata: %{"causation_id" => "019d0d82-ed70-718d-a96f-233642a9db8c", "correlation_id" => "019d0d82-ed70-718d-a96f-233642a9db8c"}}]
23:10:01.067 [error] GenServer {Nexus.EventStore.EventStore.Subscriptions.Registry, {"$all", "Identity.Projectors.UserRegistrationProjector"}} terminating
** (stop) %Postgrex.Error{message: nil, postgres: %{code: :undefined_column, line: "3721", message: "column i0.id does not exist", position: "8", file: "parse_relation.c", unknown: "ERROR", severity: "ERROR", pg_code: "42703", routine: "errorMissingColumn"}, connection_id: 3149, query: "SELECT i0.\"id\", i0.\"user_id\", i0.\"org_id\", i0.\"locale\", i0.\"timezone\", i0.\"notifications_enabled\", i0.\"created_at\", i0.\"updated_at\" FROM \"identity_user_settings\" AS i0 WHERE (i0.\"id\" = $1)"}
Last message: {:DOWN, #Reference<0.504251661.3394502661.16621>, :process, #PID<0.2094.0>, %Postgrex.Error{message: nil, postgres: %{code: :undefined_column, line: "3721", message: "column i0.id does not exist", position: "8", file: "parse_relation.c", unknown: "ERROR", severity: "ERROR", pg_code: "42703", routine: "errorMissingColumn"}, connection_id: 3149, query: "SELECT i0.\"id\", i0.\"user_id\", i0.\"org_id\", i0.\"locale\", i0.\"timezone\", i0.\"notifications_enabled\", i0.\"created_at\", i0.\"updated_at\" FROM \"identity_user_settings\" AS i0 WHERE (i0.\"id\" = $1)"}}
State: %EventStore.Subscriptions.Subscription{stream_uuid: "$all", subscription_name: "Identity.Projectors.UserRegistrationProjector", subscription: %EventStore.Subscriptions.SubscriptionFsm{state: :unsubscribed, data: %EventStore.Subscriptions.SubscriptionState{conn: Nexus.EventStore.Postgrex, event_store: Nexus.EventStore, serializer: Commanded.Serialization.JsonSerializer, schema: "event_store", stream_uuid: "$all", start_from: 0, subscription_name: "Identity.Projectors.UserRegistrationProjector", subscription_id: 405, selector: nil, mapper: &Commanded.EventStore.Adapters.EventStore.Mapper.from_recorded_event/1, max_size: 1000, partition_by: nil, query_timeout: 15000, lock_ref: #Reference<0.504251661.3394502661.16662>, last_received: 12213, last_sent: 11262, last_ack: 11261, queue_size: 952, buffer_size: 1, checkpoint_after: 0, checkpoint_threshold: 1, checkpoint_timer_ref: nil, checkpoints_pending: 0, subscribers: %{}, partitions: %{nil: {[%EventStore.RecordedEvent{event_number: 12213, event_id: "8465f711-7a79-4da0-b76b-80f2317a65aa", stream_uuid: "019d0d83-4954-7c92-ab08-29d23d74b89e", stream_version: 1, correlation_id: "778f5047-f575-4aa4-b388-70766bd3fbf3", causation_id: "11b95539-e26a-4a13-b08d-1bd7cb392868", event_type: "Elixir.Nexus.Treasury.Events.VaultRegistered", data: %Nexus.Treasury.Events.VaultRegistered{vault_id: "019d0d83-4954-7c92-ab08-29d23d74b89e", org_id: "ef931344-80c9-4e70-9a3b-9b8ea762cc4a", name: "J.P. Morgan - Operational - 27f29b8b-040b-42e5-bbab-7a249f2d777a", bank_name: "J.P. Morgan", account_number: "US1234567890", iban: nil, currency: "USD", provider: "mock", registered_at: "2026-03-20T23:10:01.044834Z", daily_withdrawal_limit: "0.0", requires_multi_sig: false}, metadata: %{"causation_id" => "019d0d83-4954-72b6-82e4-71af823efdd9", "correlation_id" => "019d0d83-4954-72b6-82e4-71af823efdd9"}, created_at: ~U[2026-03-20 23:10:01.047265Z]}, %EventStore.RecordedEvent{event_number: 12212, event_id: "1929261c-1036-49bc-85d0-d711ffdbc115", stream_uuid: "2da42fd8-a7ab-4fef-9440-e65930315ae3", stream_version: 1, correlation_id: "1c43af81-d2fc-475c-8a15-fa657ebe5023", causation_id: "ca1029d5-1170-429c-8f65-fdaac65cabc3", event_type: "Elixir.Nexus.Identity.Events.UserRegistered", data: %Nexus.Identity.Events.UserRegistered{user_id: "2da42fd8-a7ab-4fef-9440-e65930315ae3", org_id: "ef931344-80c9-4e70-9a3b-9b8ea762cc4a", email: "treasurer-3ca2bd4e-ee08-4e47-b637-e208564bb986@nexus.financial", role: "treasurer", cose_key: "bW9jaw==", credential_id: "bW9jaw==", registered_at: "2026-03-20T23:10:01.042386Z", display_name: "Test Treasurer", status: "active"}, metadata: %{"causation_id" => "019d0d83-4952-731b-8733-655f416afb9f", "correlation_id" => "019d0d83-4952-731b-8733-655f416afb9f"}, created_at: ~U[2026-03-20 23:10:01.043534Z]}, %EventStore.RecordedEvent{event_number: 12211, event_id: "26c91b1c-3489-4662-9626-bf258e27d2e3", stream_uuid: "TransferHardeningTest.PM-019d0d83-4382-7033-9090-6bdd60a829dd", stream_version: 4, correlation_id: nil, causation_id: nil, event_type: "Elixir.Nexus.Treasury.Events.TransferAuthorized", data: %Nexus.Treasury.Events.TransferAuthorized{transfer_id: "019d0d83-4395-7bae-9664-639fd46091ae", org_id: "019d0d83-4382-7a02-a462-0a39d3bcc695", user_id: nil, actor_email: "verified-user@nexus.ai", authorized_at: "2026-03-20T23:10:00.053354Z"}, metadata: %{}, created_at: ~U[2026-03-20 23:10:00.063708Z]}, %EventStore.RecordedEvent{event_number: 12210, event_id: "373c9f91-a672-42d1-8c9f-e1c2f0bdfc8b", stream_uuid: "019d0d83-4395-7bae-9664-639fd46091ae", stream_version: 3, correlation_id: "f7eba5f5-e0a2-4a74-813e-060aba7ee172", ...}, ...], ...}}, ...}}, ...}
23:10:01.068 [debug] Nexus.Treasury.Projectors.VaultProjector received events: [%Commanded.EventStore.RecordedEvent{event_id: "8e1b30b7-6202-40d0-86e4-8de82143b558", event_number: 12122, stream_id: "94826e7b-f236-4ca8-8ce6-705c2b892d1c", stream_version: 2, causation_id: "b266d180-089c-4d41-b0f7-6cbbe1d80ba9", correlation_id: "dcba427c-e43f-4642-91f7-7abd8c7f6a60", event_type: "Elixir.Nexus.Treasury.Events.PolicyModeChanged", data: %Nexus.Treasury.Events.PolicyModeChanged{policy_id: "94826e7b-f236-4ca8-8ce6-705c2b892d1c", org_id: "94826e7b-f236-4ca8-8ce6-705c2b892d1c", mode: "strict", threshold: "50000", actor_email: "test@example.com", changed_at: "2026-03-20T23:09:37.693598Z"}, created_at: ~U[2026-03-20 23:09:37.694307Z], metadata: %{"causation_id" => "019d0d82-ee1d-7bf7-9540-bda806b9144b", "correlation_id" => "019d0d82-ee1d-7bf7-9540-bda806b9144b"}}]
23:10:01.068 [debug] Nexus.Treasury.Projectors.VaultProjector confirming receipt of event #12122 of events: [%Commanded.EventStore.RecordedEvent{event_id: "8e1b30b7-6202-40d0-86e4-8de82143b558", event_number: 12122, stream_id: "94826e7b-f236-4ca8-8ce6-705c2b892d1c", stream_version: 2, causation_id: "b266d180-089c-4d41-b0f7-6cbbe1d80ba9", correlation_id: "dcba427c-e43f-4642-91f7-7abd8c7f6a60", event_type: "Elixir.Nexus.Treasury.Events.PolicyModeChanged", data: %Nexus.Treasury.Events.PolicyModeChanged{policy_id: "94826e7b-f236-4ca8-8ce6-705c2b892d1c", org_id: "94826e7b-f236-4ca8-8ce6-705c2b892d1c", mode: "strict", threshold: "50000", actor_email: "test@example.com", changed_at: "2026-03-20T23:09:37.693598Z"}, created_at: ~U[2026-03-20 23:09:37.694307Z], metadata: %{"causation_id" => "019d0d82-ee1d-7bf7-9540-bda806b9144b", "correlation_id" => "019d0d82-ee1d-7bf7-9540-bda806b9144b"}}]
23:10:01.068 [debug] Nexus.Identity.Projectors.UserRegistrationProjector is shutting down due to {%Postgrex.Error{message: nil, postgres: %{code: :undefined_column, line: "3721", message: "column i0.id does not exist", position: "8", file: "parse_relation.c", unknown: "ERROR", severity: "ERROR", pg_code: "42703", routine: "errorMissingColumn"}, connection_id: 3149, query: "SELECT i0.\"id\", i0.\"user_id\", i0.\"org_id\", i0.\"locale\", i0.\"timezone\", i0.\"notifications_enabled\", i0.\"created_at\", i0.\"updated_at\" FROM \"identity_user_settings\" AS i0 WHERE (i0.\"id\" = $1)"}, {GenServer, :call, [#PID<0.2095.0>, {:connect, #PID<0.2105.0>, [retry_interval: 60000, hibernate_after: 15000, partition_by: nil, concurrency_limit: 1, name: Nexus.EventStore, mapper: &Commanded.EventStore.Adapters.EventStore.Mapper.from_recorded_event/1, conn: Nexus.EventStore.Postgrex, event_store: Nexus.EventStore, query_timeout: 15000, schema: "event_store", serializer: Commanded.Serialization.JsonSerializer, stream_uuid: "$all", subscription_name: "Identity.Projectors.UserRegistrationProjector", start_from: 0]}, 5000]}}
23:10:01.068 [debug] Nexus.Treasury.Handlers.TransferExecutionHandler received events: [%Commanded.EventStore.RecordedEvent{event_id: "b20c83b4-a7ee-4baa-82e3-6181aaa1f36b", event_number: 12115, stream_id: "019d0d82-ed76-7727-83db-3297b1934476", stream_version: 1, causation_id: "0a9449e1-43f2-4bac-a11d-389ca57c784a", correlation_id: "1ebfb934-936c-48a0-a5a8-2ebfc218f60b", event_type: "Elixir.Nexus.ERP.Events.InvoiceIngested", data: %Nexus.ERP.Events.InvoiceIngested{org_id: "019d0d82-ed76-75fc-944c-a17e7c8e8c86", invoice_id: "019d0d82-ed76-7727-83db-3297b1934476", entity_id: "E-101", currency: "EUR", amount: "1000", due_date: "2026-04-19", subsidiary: "Munich HQ", line_items: [%{description: "Software License", amount: "1000"}], sap_document_number: "SAP-019d0d82-ed76-7727-83db-3297b1934476", sap_status: "Verified_Via_Network", ingested_at: "2026-03-20T23:09:37.526292Z"}, created_at: ~U[2026-03-20 23:09:37.527007Z], metadata: %{"causation_id" => "019d0d82-ed76-7d24-b7d5-0d3f43a45526", "correlation_id" => "019d0d82-ed76-7d24-b7d5-0d3f43a45526"}}]
23:10:01.068 [debug] Nexus.Treasury.Handlers.TransferExecutionHandler confirming receipt of event #12115 of events: [%Commanded.EventStore.RecordedEvent{event_id: "b20c83b4-a7ee-4baa-82e3-6181aaa1f36b", event_number: 12115, stream_id: "019d0d82-ed76-7727-83db-3297b1934476", stream_version: 1, causation_id: "0a9449e1-43f2-4bac-a11d-389ca57c784a", correlation_id: "1ebfb934-936c-48a0-a5a8-2ebfc218f60b", event_type: "Elixir.Nexus.ERP.Events.InvoiceIngested", data: %Nexus.ERP.Events.InvoiceIngested{org_id: "019d0d82-ed76-75fc-944c-a17e7c8e8c86", invoice_id: "019d0d82-ed76-7727-83db-3297b1934476", entity_id: "E-101", currency: "EUR", amount: "1000", due_date: "2026-04-19", subsidiary: "Munich HQ", line_items: [%{description: "Software License", amount: "1000"}], sap_document_number: "SAP-019d0d82-ed76-7727-83db-3297b1934476", sap_status: "Verified_Via_Network", ingested_at: "2026-03-20T23:09:37.526292Z"}, created_at: ~U[2026-03-20 23:09:37.527007Z], metadata: %{"causation_id" => "019d0d82-ed76-7d24-b7d5-0d3f43a45526", "correlation_id" => "019d0d82-ed76-7d24-b7d5-0d3f43a45526"}}]
23:10:01.068 [error] GenServer {Nexus.App.LocalRegistry, {Nexus.App, Commanded.Event.Handler, "Treasury.TransferProjector"}} terminating
** (stop) exited in: GenServer.call(#PID<0.2098.0>, {:connect, #PID<0.2106.0>, [retry_interval: 60000, hibernate_after: 15000, partition_by: nil, concurrency_limit: 1, name: Nexus.EventStore, mapper: &Commanded.EventStore.Adapters.EventStore.Mapper.from_recorded_event/1, conn: Nexus.EventStore.Postgrex, event_store: Nexus.EventStore, query_timeout: 15000, schema: "event_store", serializer: Commanded.Serialization.JsonSerializer, stream_uuid: "$all", subscription_name: "Treasury.TransferProjector", start_from: 0]}, 5000)
    ** (EXIT) %Ecto.ChangeError{message: "value `\"user_456\"` for `Nexus.Treasury.Projections.Transfer.user_id` in `insert` does not match type :binary_id"}
    (elixir 1.19.5) lib/gen_server.ex:1142: GenServer.call/3
    (commanded 1.4.9) lib/commanded/event_store.ex:289: anonymous fn/2 in Commanded.EventStore.span/3
    (telemetry 1.3.0) /Users/bernard/dev/nexus/deps/telemetry/src/telemetry.erl:324: :telemetry.span/3
    (commanded 1.4.9) lib/commanded/event_store/subscription.ex:58: Commanded.EventStore.Subscription.subscribe/2
    (commanded 1.4.9) lib/commanded/event/handler.ex:1024: Commanded.Event.Handler.subscribe_to_events/1
    (commanded 1.4.9) lib/commanded/event/handler.ex:887: Commanded.Event.Handler.handle_continue/2
    (stdlib 7.1) gen_server.erl:2424: :gen_server.try_handle_continue/3
    (stdlib 7.1) gen_server.erl:2291: :gen_server.loop/4
    (stdlib 7.1) proc_lib.erl:333: :proc_lib.init_p_do_apply/3
Last message: {:continue, :subscribe_to_events}
State: %Commanded.Event.Handler{application: Nexus.App, consistency: :eventual, handler_callback: :event, handler_name: "Treasury.TransferProjector", handler_module: Nexus.Treasury.Projectors.TransferProjector, handler_state: nil, last_seen_event: nil, subscription: %Commanded.EventStore.Subscription{application: Nexus.App, backoff: {:backoff, 1000, 60000, 1000, :jitter, :undefined, :undefined}, concurrency: 1, partition_by: nil, subscribe_to: :all, subscribe_from: :origin, subscription_name: "Treasury.TransferProjector", subscription_opts: [], subscription_pid: nil, subscription_ref: nil}, subscribe_timer: nil}
23:10:01.068 [debug] Nexus.Treasury.Projectors.VaultProjector received events: [%Commanded.EventStore.RecordedEvent{event_id: "77abbbb9-9472-4093-a245-192bdc3d96b3", event_number: 12123, stream_id: "abd0c28e-a8a2-4f3e-9e15-9b01f39a11e8", stream_version: 1, causation_id: "e7c5e89a-35e4-4732-96b3-f08db6f71902", correlation_id: "093002b3-a591-4151-9c75-e9300532f869", event_type: "Elixir.Nexus.Treasury.Events.PolicyModeChanged", data: %Nexus.Treasury.Events.PolicyModeChanged{policy_id: "abd0c28e-a8a2-4f3e-9e15-9b01f39a11e8", org_id: "abd0c28e-a8a2-4f3e-9e15-9b01f39a11e8", mode: "strict", threshold: "50000", actor_email: "test@example.com", changed_at: "2026-03-20T23:09:37.705974Z"}, created_at: ~U[2026-03-20 23:09:37.708980Z], metadata: %{"causation_id" => "019d0d82-ee2a-70a2-847f-171c1fc598a3", "correlation_id" => "019d0d82-ee2a-70a2-847f-171c1fc598a3"}}]
23:10:01.068 [debug] Nexus.Treasury.Projectors.VaultProjector confirming receipt of event #12123 of events: [%Commanded.EventStore.RecordedEvent{event_id: "77abbbb9-9472-4093-a245-192bdc3d96b3", event_number: 12123, stream_id: "abd0c28e-a8a2-4f3e-9e15-9b01f39a11e8", stream_version: 1, causation_id: "e7c5e89a-35e4-4732-96b3-f08db6f71902", correlation_id: "093002b3-a591-4151-9c75-e9300532f869", event_type: "Elixir.Nexus.Treasury.Events.PolicyModeChanged", data: %Nexus.Treasury.Events.PolicyModeChanged{policy_id: "abd0c28e-a8a2-4f3e-9e15-9b01f39a11e8", org_id: "abd0c28e-a8a2-4f3e-9e15-9b01f39a11e8", mode: "strict", threshold: "50000", actor_email: "test@example.com", changed_at: "2026-03-20T23:09:37.705974Z"}, created_at: ~U[2026-03-20 23:09:37.708980Z], metadata: %{"causation_id" => "019d0d82-ee2a-70a2-847f-171c1fc598a3", "correlation_id" => "019d0d82-ee2a-70a2-847f-171c1fc598a3"}}]
23:10:01.068 [debug] Subscription "Treasury.TransferProjector"@"$all" attempting to connect subscriber #PID<0.2109.0>
23:10:01.068 [debug] Nexus.Treasury.Aggregates.Transfer<019d0d82-d47d-7906-b614-daa9d896811d@3> executing command: %Nexus.Treasury.Commands.AuthorizeTransfer{transfer_id: "019d0d82-d47d-7906-b614-daa9d896811d", org_id: "019d0d82-d469-77cf-a443-bcf40f5681a4", user_id: nil, actor_email: "verified-user@nexus.ai", authorized_at: "2026-03-20T23:09:31.626346Z"}
23:10:01.068 [debug] Nexus.Treasury.Handlers.TransferExecutionHandler received events: [%Commanded.EventStore.RecordedEvent{event_id: "c26e1441-47f3-419f-9985-3c296fbdb640", event_number: 12116, stream_id: "019d0d82-ed8b-770f-91f3-7a3c268c3820", stream_version: 1, causation_id: "4ccc44c0-aa0e-47ca-a758-3117aae5c269", correlation_id: "1ba02653-33c3-482d-88ee-9519c8d33bd4", event_type: "Elixir.Nexus.ERP.Events.InvoiceRejected", data: %Nexus.ERP.Events.InvoiceRejected{org_id: "019d0d82-ed8b-7f06-84f0-6540513f4179", invoice_id: "019d0d82-ed8b-770f-91f3-7a3c268c3820", reason: "Invoice amount must be positive", rejected_at: "2026-03-20T23:09:37.547160Z"}, created_at: ~U[2026-03-20 23:09:37.548991Z], metadata: %{"causation_id" => "019d0d82-ed8b-70d3-ab13-903112232a93", "correlation_id" => "019d0d82-ed8b-70d3-ab13-903112232a93"}}]
23:10:01.068 [debug] Nexus.Treasury.Handlers.TransferExecutionHandler confirming receipt of event #12116 of events: [%Commanded.EventStore.RecordedEvent{event_id: "c26e1441-47f3-419f-9985-3c296fbdb640", event_number: 12116, stream_id: "019d0d82-ed8b-770f-91f3-7a3c268c3820", stream_version: 1, causation_id: "4ccc44c0-aa0e-47ca-a758-3117aae5c269", correlation_id: "1ba02653-33c3-482d-88ee-9519c8d33bd4", event_type: "Elixir.Nexus.ERP.Events.InvoiceRejected", data: %Nexus.ERP.Events.InvoiceRejected{org_id: "019d0d82-ed8b-7f06-84f0-6540513f4179", invoice_id: "019d0d82-ed8b-770f-91f3-7a3c268c3820", reason: "Invoice amount must be positive", rejected_at: "2026-03-20T23:09:37.547160Z"}, created_at: ~U[2026-03-20 23:09:37.548991Z], metadata: %{"causation_id" => "019d0d82-ed8b-70d3-ab13-903112232a93", "correlation_id" => "019d0d82-ed8b-70d3-ab13-903112232a93"}}]
23:10:01.068 [error] GenServer {Nexus.App.LocalRegistry, {Nexus.App, Commanded.Event.Handler, "Identity.Projectors.UserRegistrationProjector"}} terminating
** (stop) exited in: GenServer.call(#PID<0.2095.0>, {:connect, #PID<0.2105.0>, [retry_interval: 60000, hibernate_after: 15000, partition_by: nil, concurrency_limit: 1, name: Nexus.EventStore, mapper: &Commanded.EventStore.Adapters.EventStore.Mapper.from_recorded_event/1, conn: Nexus.EventStore.Postgrex, event_store: Nexus.EventStore, query_timeout: 15000, schema: "event_store", serializer: Commanded.Serialization.JsonSerializer, stream_uuid: "$all", subscription_name: "Identity.Projectors.UserRegistrationProjector", start_from: 0]}, 5000)
    ** (EXIT) %Postgrex.Error{message: nil, postgres: %{code: :undefined_column, line: "3721", message: "column i0.id does not exist", position: "8", file: "parse_relation.c", unknown: "ERROR", severity: "ERROR", pg_code: "42703", routine: "errorMissingColumn"}, connection_id: 3149, query: "SELECT i0.\"id\", i0.\"user_id\", i0.\"org_id\", i0.\"locale\", i0.\"timezone\", i0.\"notifications_enabled\", i0.\"created_at\", i0.\"updated_at\" FROM \"identity_user_settings\" AS i0 WHERE (i0.\"id\" = $1)"}
    (elixir 1.19.5) lib/gen_server.ex:1142: GenServer.call/3
    (commanded 1.4.9) lib/commanded/event_store.ex:289: anonymous fn/2 in Commanded.EventStore.span/3
    (telemetry 1.3.0) /Users/bernard/dev/nexus/deps/telemetry/src/telemetry.erl:324: :telemetry.span/3
    (commanded 1.4.9) lib/commanded/event_store/subscription.ex:58: Commanded.EventStore.Subscription.subscribe/2
    (commanded 1.4.9) lib/commanded/event/handler.ex:1024: Commanded.Event.Handler.subscribe_to_events/1
    (commanded 1.4.9) lib/commanded/event/handler.ex:887: Commanded.Event.Handler.handle_continue/2
    (stdlib 7.1) gen_server.erl:2424: :gen_server.try_handle_continue/3
    (stdlib 7.1) gen_server.erl:2291: :gen_server.loop/4
    (stdlib 7.1) proc_lib.erl:333: :proc_lib.init_p_do_apply/3
Last message: {:continue, :subscribe_to_events}
State: %Commanded.Event.Handler{application: Nexus.App, consistency: :strong, handler_callback: :event, handler_name: "Identity.Projectors.UserRegistrationProjector", handler_module: Nexus.Identity.Projectors.UserRegistrationProjector, handler_state: nil, last_seen_event: nil, subscription: %Commanded.EventStore.Subscription{application: Nexus.App, backoff: {:backoff, 1000, 60000, 1000, :jitter, :undefined, :undefined}, concurrency: 1, partition_by: nil, subscribe_to: :all, subscribe_from: :origin, subscription_name: "Identity.Projectors.UserRegistrationProjector", subscription_opts: [], subscription_pid: nil, subscription_ref: nil}, subscribe_timer: nil}
23:10:01.069 [debug] Nexus.Treasury.Projectors.VaultProjector received events: [%Commanded.EventStore.RecordedEvent{event_id: "560f8e58-90c1-4458-92a6-99b8f8612f17", event_number: 12124, stream_id: "abd0c28e-a8a2-4f3e-9e15-9b01f39a11e8", stream_version: 2, causation_id: "9c3d9525-f729-482d-9811-55c7574cd88c", correlation_id: "072c99fe-4118-436b-8e55-9ecff6ad20de", event_type: "Elixir.Nexus.Treasury.Events.PolicyModeChanged", data: %Nexus.Treasury.Events.PolicyModeChanged{policy_id: "abd0c28e-a8a2-4f3e-9e15-9b01f39a11e8", org_id: "abd0c28e-a8a2-4f3e-9e15-9b01f39a11e8", mode: "relaxed", threshold: "10000000", actor_email: "test@example.com", changed_at: "2026-03-20T23:09:37.714448Z"}, created_at: ~U[2026-03-20 23:09:37.715416Z], metadata: %{"causation_id" => "019d0d82-ee32-73b4-bd70-0754299e8a31", "correlation_id" => "019d0d82-ee32-73b4-bd70-0754299e8a31"}}]
23:10:01.069 [debug] Nexus.Treasury.Projectors.VaultProjector confirming receipt of event #12124 of events: [%Commanded.EventStore.RecordedEvent{event_id: "560f8e58-90c1-4458-92a6-99b8f8612f17", event_number: 12124, stream_id: "abd0c28e-a8a2-4f3e-9e15-9b01f39a11e8", stream_version: 2, causation_id: "9c3d9525-f729-482d-9811-55c7574cd88c", correlation_id: "072c99fe-4118-436b-8e55-9ecff6ad20de", event_type: "Elixir.Nexus.Treasury.Events.PolicyModeChanged", data: %Nexus.Treasury.Events.PolicyModeChanged{policy_id: "abd0c28e-a8a2-4f3e-9e15-9b01f39a11e8", org_id: "abd0c28e-a8a2-4f3e-9e15-9b01f39a11e8", mode: "relaxed", threshold: "10000000", actor_email: "test@example.com", changed_at: "2026-03-20T23:09:37.714448Z"}, created_at: ~U[2026-03-20 23:09:37.715416Z], metadata: %{"causation_id" => "019d0d82-ee32-73b4-bd70-0754299e8a31", "correlation_id" => "019d0d82-ee32-73b4-bd70-0754299e8a31"}}]
23:10:01.069 [debug] Subscription "Identity.Projectors.UserRegistrationProjector"@"$all" attempting to connect subscriber #PID<0.2111.0>
23:10:01.069 [debug] Nexus.Treasury.ProcessManagers.TransferManager confirming receipt of event: 12091
23:10:01.069 [debug] Subscription "Treasury.TransferProjector"@"$all" catching-up
23:10:01.069 [debug] Nexus.Treasury.Projectors.TransferProjector has successfully subscribed to event store
23:10:01.069 [debug] Nexus.Treasury.Handlers.TransferExecutionHandler received events: [%Commanded.EventStore.RecordedEvent{event_id: "ffb6ea45-1001-4766-aa28-6c53725cf71e", event_number: 12117, stream_id: "019d0d82-edac-7542-85db-e9337b3a57fc", stream_version: 1, causation_id: "104e2af6-1bdc-4c76-bc2a-6fa2924527bb", correlation_id: "1662b205-fa11-49df-8862-b0ce7026ad0e", event_type: "Elixir.Nexus.Payments.Events.BulkPaymentInitiated", data: %Nexus.Payments.Events.BulkPaymentInitiated{bulk_payment_id: "019d0d82-edac-7542-85db-e9337b3a57fc", org_id: "019d0d82-edac-72b9-a0e4-c58bddc49e07", user_id: "019d0d82-edac-7c4f-9e72-bb2a85dc58b0", payments: [%{currency: "EUR", amount: "150.00", invoice_id: nil, recipient_name: "Vendor A", recipient_account: "ACC-1"}, %{currency: "GBP", amount: "500.50", invoice_id: nil, recipient_name: "Vendor B", recipient_account: "ACC-2"}], total_amount: "650.50", count: 2, initiated_at: "2026-03-20T23:09:37.580211Z"}, created_at: ~U[2026-03-20 23:09:37.581562Z], metadata: %{"causation_id" => "019d0d82-edac-7ed7-92b6-7a38a49c6928", "correlation_id" => "019d0d82-edac-7ed7-92b6-7a38a49c6928"}}]
23:10:01.069 [debug] Nexus.Treasury.Handlers.TransferExecutionHandler confirming receipt of event #12117 of events: [%Commanded.EventStore.RecordedEvent{event_id: "ffb6ea45-1001-4766-aa28-6c53725cf71e", event_number: 12117, stream_id: "019d0d82-edac-7542-85db-e9337b3a57fc", stream_version: 1, causation_id: "104e2af6-1bdc-4c76-bc2a-6fa2924527bb", correlation_id: "1662b205-fa11-49df-8862-b0ce7026ad0e", event_type: "Elixir.Nexus.Payments.Events.BulkPaymentInitiated", data: %Nexus.Payments.Events.BulkPaymentInitiated{bulk_payment_id: "019d0d82-edac-7542-85db-e9337b3a57fc", org_id: "019d0d82-edac-72b9-a0e4-c58bddc49e07", user_id: "019d0d82-edac-7c4f-9e72-bb2a85dc58b0", payments: [%{currency: "EUR", amount: "150.00", invoice_id: nil, recipient_name: "Vendor A", recipient_account: "ACC-1"}, %{currency: "GBP", amount: "500.50", invoice_id: nil, recipient_name: "Vendor B", recipient_account: "ACC-2"}], total_amount: "650.50", count: 2, initiated_at: "2026-03-20T23:09:37.580211Z"}, created_at: ~U[2026-03-20 23:09:37.581562Z], metadata: %{"causation_id" => "019d0d82-edac-7ed7-92b6-7a38a49c6928", "correlation_id" => "019d0d82-edac-7ed7-92b6-7a38a49c6928"}}]
23:10:01.069 [debug] Nexus.Treasury.Projectors.VaultProjector received events: [%Commanded.EventStore.RecordedEvent{event_id: "c04e6ab1-ffb2-407d-b32e-fc581ca53072", event_number: 12125, stream_id: "15252904-5603-4f39-9403-1e00a9c62d2c", stream_version: 1, causation_id: "802d0b70-278f-4a75-b19f-851718ffbab9", correlation_id: "6e305610-4917-4885-a9be-d3c82bd8057a", event_type: "Elixir.Nexus.Treasury.Events.PolicyModeChanged", data: %Nexus.Treasury.Events.PolicyModeChanged{policy_id: "15252904-5603-4f39-9403-1e00a9c62d2c", org_id: "15252904-5603-4f39-9403-1e00a9c62d2c", mode: "strict", threshold: "50000", actor_email: "test@example.com", changed_at: "2026-03-20T23:09:37.730537Z"}, created_at: ~U[2026-03-20 23:09:37.731871Z], metadata: %{"causation_id" => "019d0d82-ee42-7276-bb4f-7031e1f70e90", "correlation_id" => "019d0d82-ee42-7276-bb4f-7031e1f70e90"}}]
23:10:01.069 [debug] Nexus.Treasury.Projectors.VaultProjector confirming receipt of event #12125 of events: [%Commanded.EventStore.RecordedEvent{event_id: "c04e6ab1-ffb2-407d-b32e-fc581ca53072", event_number: 12125, stream_id: "15252904-5603-4f39-9403-1e00a9c62d2c", stream_version: 1, causation_id: "802d0b70-278f-4a75-b19f-851718ffbab9", correlation_id: "6e305610-4917-4885-a9be-d3c82bd8057a", event_type: "Elixir.Nexus.Treasury.Events.PolicyModeChanged", data: %Nexus.Treasury.Events.PolicyModeChanged{policy_id: "15252904-5603-4f39-9403-1e00a9c62d2c", org_id: "15252904-5603-4f39-9403-1e00a9c62d2c", mode: "strict", threshold: "50000", actor_email: "test@example.com", changed_at: "2026-03-20T23:09:37.730537Z"}, created_at: ~U[2026-03-20 23:09:37.731871Z], metadata: %{"causation_id" => "019d0d82-ee42-7276-bb4f-7031e1f70e90", "correlation_id" => "019d0d82-ee42-7276-bb4f-7031e1f70e90"}}]
23:10:01.069 [debug] Nexus.Treasury.ProcessManagers.TransferManager received 1 event(s)
23:10:01.069 [debug] Nexus.Treasury.ProcessManagers.TransferManager is interested in event 12092 ("019d0d82-d47d-7906-b614-daa9d896811d"@2)
23:10:01.069 [debug] Nexus.Treasury.ProcessManagers.TransferManager attempting to dispatch command: %Nexus.Treasury.Commands.ExecuteTransfer{transfer_id: "019d0d82-d47d-7906-b614-daa9d896811d", org_id: "019d0d82-d469-77cf-a443-bcf40f5681a4", executed_at: ~U[2026-03-20 23:10:01.069591Z]}
23:10:01.069 [debug] Subscription "Identity.Projectors.UserRegistrationProjector"@"$all" catching-up
23:10:01.069 [debug] Locating aggregate process for `Nexus.Treasury.Aggregates.Transfer` with UUID "019d0d82-d47d-7906-b614-daa9d896811d"
23:10:01.069 [debug] Nexus.Identity.Projectors.UserRegistrationProjector has successfully subscribed to event store
23:10:01.069 [debug] Nexus.Treasury.Aggregates.Transfer<019d0d82-d47d-7906-b614-daa9d896811d@3> executing command: %Nexus.Treasury.Commands.ExecuteTransfer{transfer_id: "019d0d82-d47d-7906-b614-daa9d896811d", org_id: "019d0d82-d469-77cf-a443-bcf40f5681a4", executed_at: ~U[2026-03-20 23:10:01.069591Z]}
23:10:01.069 [debug] Nexus.Treasury.Handlers.TransferExecutionHandler received events: [%Commanded.EventStore.RecordedEvent{event_id: "41b91369-68d1-44a3-834f-7a8ad6afd4fb", event_number: 12118, stream_id: "019d0d82-edbf-7b9d-8e40-2d461030b36d", stream_version: 1, causation_id: "876d1fd4-64d6-4b81-94c4-848d68812d81", correlation_id: "c2539a08-97fd-4512-b734-432bce932db4", event_type: "Elixir.Nexus.ERP.Events.InvoiceIngested", data: %Nexus.ERP.Events.InvoiceIngested{org_id: "019d0d82-edbe-7636-9cc4-e5d4487e4f34", invoice_id: "019d0d82-edbf-7b9d-8e40-2d461030b36d", entity_id: "ENT-inv-abc", currency: "EUR", amount: "250.00", due_date: "2026-04-19", subsidiary: "Default", line_items: [%{description: "Test", amount: "250.00"}], sap_document_number: "SAP-inv-abc", sap_status: "Verified", ingested_at: "2026-03-20T23:09:37.599429Z"}, created_at: ~U[2026-03-20 23:09:37.601879Z], metadata: %{"causation_id" => "019d0d82-edbf-7026-be27-86946cf022a8", "correlation_id" => "019d0d82-edbf-7026-be27-86946cf022a8"}}]
23:10:01.069 [debug] Nexus.Treasury.Projectors.VaultProjector received events: [%Commanded.EventStore.RecordedEvent{event_id: "c8ea1e57-49a0-49e7-98b2-ca486094bc8b", event_number: 12126, stream_id: "15252904-5603-4f39-9403-1e00a9c62d2c", stream_version: 2, causation_id: "d7f8ef44-2d83-4a7e-a677-5d83027dbfff", correlation_id: "785b2d35-b4d9-44d0-a8ea-8a543a322fe7", event_type: "Elixir.Nexus.Treasury.Events.TransferThresholdSet", data: %Nexus.Treasury.Events.TransferThresholdSet{policy_id: "15252904-5603-4f39-9403-1e00a9c62d2c", org_id: "15252904-5603-4f39-9403-1e00a9c62d2c", threshold: "50000", set_at: "2026-03-20T23:09:37.736741Z"}, created_at: ~U[2026-03-20 23:09:37.737571Z], metadata: %{"causation_id" => "019d0d82-ee48-7c0e-8360-c5e068748669", "correlation_id" => "019d0d82-ee48-7c0e-8360-c5e068748669"}}]
23:10:01.069 [debug] Nexus.Treasury.Handlers.TransferExecutionHandler confirming receipt of event #12118 of events: [%Commanded.EventStore.RecordedEvent{event_id: "41b91369-68d1-44a3-834f-7a8ad6afd4fb", event_number: 12118, stream_id: "019d0d82-edbf-7b9d-8e40-2d461030b36d", stream_version: 1, causation_id: "876d1fd4-64d6-4b81-94c4-848d68812d81", correlation_id: "c2539a08-97fd-4512-b734-432bce932db4", event_type: "Elixir.Nexus.ERP.Events.InvoiceIngested", data: %Nexus.ERP.Events.InvoiceIngested{org_id: "019d0d82-edbe-7636-9cc4-e5d4487e4f34", invoice_id: "019d0d82-edbf-7b9d-8e40-2d461030b36d", entity_id: "ENT-inv-abc", currency: "EUR", amount: "250.00", due_date: "2026-04-19", subsidiary: "Default", line_items: [%{description: "Test", amount: "250.00"}], sap_document_number: "SAP-inv-abc", sap_status: "Verified", ingested_at: "2026-03-20T23:09:37.599429Z"}, created_at: ~U[2026-03-20 23:09:37.601879Z], metadata: %{"causation_id" => "019d0d82-edbf-7026-be27-86946cf022a8", "correlation_id" => "019d0d82-edbf-7026-be27-86946cf022a8"}}]
23:10:01.069 [debug] Nexus.Treasury.Projectors.VaultProjector confirming receipt of event #12126 of events: [%Commanded.EventStore.RecordedEvent{event_id: "c8ea1e57-49a0-49e7-98b2-ca486094bc8b", event_number: 12126, stream_id: "15252904-5603-4f39-9403-1e00a9c62d2c", stream_version: 2, causation_id: "d7f8ef44-2d83-4a7e-a677-5d83027dbfff", correlation_id: "785b2d35-b4d9-44d0-a8ea-8a543a322fe7", event_type: "Elixir.Nexus.Treasury.Events.TransferThresholdSet", data: %Nexus.Treasury.Events.TransferThresholdSet{policy_id: "15252904-5603-4f39-9403-1e00a9c62d2c", org_id: "15252904-5603-4f39-9403-1e00a9c62d2c", threshold: "50000", set_at: "2026-03-20T23:09:37.736741Z"}, created_at: ~U[2026-03-20 23:09:37.737571Z], metadata: %{"causation_id" => "019d0d82-ee48-7c0e-8360-c5e068748669", "correlation_id" => "019d0d82-ee48-7c0e-8360-c5e068748669"}}]
23:10:01.070 [debug] Nexus.Treasury.ProcessManagers.TransferManager confirming receipt of event: 12092
23:10:01.070 [debug] Nexus.Treasury.Projectors.VaultProjector received events: [%Commanded.EventStore.RecordedEvent{event_id: "5fbc2703-a957-4712-91e5-233b92e6eed6", event_number: 12127, stream_id: "15252904-5603-4f39-9403-1e00a9c62d2c", stream_version: 3, causation_id: "86b33ad8-bbdc-420f-bf0b-c3b4a9ebafc2", correlation_id: "3cfd3245-7ca5-418c-b8f0-83fae9e5c9f0", event_type: "Elixir.Nexus.Treasury.Events.PolicyAlertTriggered", data: %Nexus.Treasury.Events.PolicyAlertTriggered{policy_id: "15252904-5603-4f39-9403-1e00a9c62d2c", org_id: "15252904-5603-4f39-9403-1e00a9c62d2c", currency_pair: "EUR/USD", exposure_amount: "60000", threshold: "50000", triggered_at: "2026-03-20T23:09:37.740895Z"}, created_at: ~U[2026-03-20 23:09:37.741610Z], metadata: %{"causation_id" => "019d0d82-ee4c-7d41-a756-6b9e9db78194", "correlation_id" => "019d0d82-ee4c-7d41-a756-6b9e9db78194"}}]
23:10:01.070 [debug] Nexus.Treasury.Projectors.VaultProjector confirming receipt of event #12127 of events: [%Commanded.EventStore.RecordedEvent{event_id: "5fbc2703-a957-4712-91e5-233b92e6eed6", event_number: 12127, stream_id: "15252904-5603-4f39-9403-1e00a9c62d2c", stream_version: 3, causation_id: "86b33ad8-bbdc-420f-bf0b-c3b4a9ebafc2", correlation_id: "3cfd3245-7ca5-418c-b8f0-83fae9e5c9f0", event_type: "Elixir.Nexus.Treasury.Events.PolicyAlertTriggered", data: %Nexus.Treasury.Events.PolicyAlertTriggered{policy_id: "15252904-5603-4f39-9403-1e00a9c62d2c", org_id: "15252904-5603-4f39-9403-1e00a9c62d2c", currency_pair: "EUR/USD", exposure_amount: "60000", threshold: "50000", triggered_at: "2026-03-20T23:09:37.740895Z"}, created_at: ~U[2026-03-20 23:09:37.741610Z], metadata: %{"causation_id" => "019d0d82-ee4c-7d41-a756-6b9e9db78194", "correlation_id" => "019d0d82-ee4c-7d41-a756-6b9e9db78194"}}]
23:10:01.070 [debug] Nexus.Treasury.Handlers.TransferExecutionHandler received events: [%Commanded.EventStore.RecordedEvent{event_id: "323680fa-bc05-4c79-b61b-67874001020b", event_number: 12119, stream_id: "019d0d82-edc8-7476-a5ac-263412bd7d01", stream_version: 1, causation_id: "018b1409-c8c7-493c-814d-d5187976cc9f", correlation_id: "021af20e-ff0a-4125-a980-9a1c6d79c4e5", event_type: "Elixir.Nexus.Payments.Events.BulkPaymentInitiated", data: %Nexus.Payments.Events.BulkPaymentInitiated{bulk_payment_id: "019d0d82-edc8-7476-a5ac-263412bd7d01", org_id: "019d0d82-edbe-7636-9cc4-e5d4487e4f34", user_id: "019d0d82-edbf-7693-96e7-f19fc5f2de27", payments: [%{currency: "EUR", amount: "250.00", invoice_id: "019d0d82-edbf-7b9d-8e40-2d461030b36d", recipient_name: "Direct Vendor", recipient_account: "ACC-3"}], total_amount: "250.00", count: 1, initiated_at: "2026-03-20T23:09:37.608232Z"}, created_at: ~U[2026-03-20 23:09:37.610797Z], metadata: %{"causation_id" => "019d0d82-edc8-752c-b78f-e531c663d557", "correlation_id" => "019d0d82-edc8-752c-b78f-e531c663d557"}}]
23:10:01.070 [debug] Nexus.Treasury.Handlers.TransferExecutionHandler confirming receipt of event #12119 of events: [%Commanded.EventStore.RecordedEvent{event_id: "323680fa-bc05-4c79-b61b-67874001020b", event_number: 12119, stream_id: "019d0d82-edc8-7476-a5ac-263412bd7d01", stream_version: 1, causation_id: "018b1409-c8c7-493c-814d-d5187976cc9f", correlation_id: "021af20e-ff0a-4125-a980-9a1c6d79c4e5", event_type: "Elixir.Nexus.Payments.Events.BulkPaymentInitiated", data: %Nexus.Payments.Events.BulkPaymentInitiated{bulk_payment_id: "019d0d82-edc8-7476-a5ac-263412bd7d01", org_id: "019d0d82-edbe-7636-9cc4-e5d4487e4f34", user_id: "019d0d82-edbf-7693-96e7-f19fc5f2de27", payments: [%{currency: "EUR", amount: "250.00", invoice_id: "019d0d82-edbf-7b9d-8e40-2d461030b36d", recipient_name: "Direct Vendor", recipient_account: "ACC-3"}], total_amount: "250.00", count: 1, initiated_at: "2026-03-20T23:09:37.608232Z"}, created_at: ~U[2026-03-20 23:09:37.610797Z], metadata: %{"causation_id" => "019d0d82-edc8-752c-b78f-e531c663d557", "correlation_id" => "019d0d82-edc8-752c-b78f-e531c663d557"}}]
23:10:01.070 [debug] Nexus.Treasury.ProcessManagers.TransferManager received 1 event(s)
23:10:01.070 [debug] Nexus.Treasury.ProcessManagers.TransferManager is interested in event 12093 ("TransferHardeningTest.PM-019d0d82-d469-7456-ad0b-a7090ea93d39"@2)
23:10:01.070 [debug] Nexus.Treasury.Projectors.VaultProjector received events: [%Commanded.EventStore.RecordedEvent{event_id: "1be31e8c-204a-46b3-ba97-90c06e985474", event_number: 12128, stream_id: "019d0d83-243d-7288-82f7-b855d22556aa", stream_version: 1, causation_id: "5eb4a2b8-b5a3-476f-ac06-3eed97425f82", correlation_id: "ab1ebf2c-4352-4cdb-babe-7efcb43fb089", event_type: "Elixir.Nexus.CrossDomain.Events.NotificationCreated", data: %Nexus.CrossDomain.Events.NotificationCreated{id: "019d0d83-243d-7288-82f7-b855d22556aa", org_id: "019d0d83-243c-74d9-be6e-1ca6dcbba361", user_id: nil, type: "treasury_alert", title: "Policy Alert: EUR/USD", body: "Exposure of 55000 exceeded threshold of 50000.", metadata: %{threshold: "50000", currency_pair: "EUR/USD", exposure_amount: "55000"}, timestamp: "2026-03-20T23:09:51.592868Z"}, created_at: ~U[2026-03-20 23:09:51.611172Z], metadata: %{"causation_id" => "019d0d83-2444-7c2c-bfb2-8b1d296e4d70", "correlation_id" => "019d0d83-2444-7c2c-bfb2-8b1d296e4d70"}}]
23:10:01.070 [debug] Nexus.Treasury.ProcessManagers.TransferManager confirming receipt of event: 12093
23:10:01.070 [debug] Nexus.Treasury.Projectors.VaultProjector confirming receipt of event #12128 of events: [%Commanded.EventStore.RecordedEvent{event_id: "1be31e8c-204a-46b3-ba97-90c06e985474", event_number: 12128, stream_id: "019d0d83-243d-7288-82f7-b855d22556aa", stream_version: 1, causation_id: "5eb4a2b8-b5a3-476f-ac06-3eed97425f82", correlation_id: "ab1ebf2c-4352-4cdb-babe-7efcb43fb089", event_type: "Elixir.Nexus.CrossDomain.Events.NotificationCreated", data: %Nexus.CrossDomain.Events.NotificationCreated{id: "019d0d83-243d-7288-82f7-b855d22556aa", org_id: "019d0d83-243c-74d9-be6e-1ca6dcbba361", user_id: nil, type: "treasury_alert", title: "Policy Alert: EUR/USD", body: "Exposure of 55000 exceeded threshold of 50000.", metadata: %{threshold: "50000", currency_pair: "EUR/USD", exposure_amount: "55000"}, timestamp: "2026-03-20T23:09:51.592868Z"}, created_at: ~U[2026-03-20 23:09:51.611172Z], metadata: %{"causation_id" => "019d0d83-2444-7c2c-bfb2-8b1d296e4d70", "correlation_id" => "019d0d83-2444-7c2c-bfb2-8b1d296e4d70"}}]
23:10:01.070 [debug] Nexus.Treasury.Handlers.TransferExecutionHandler received events: [%Commanded.EventStore.RecordedEvent{event_id: "5653840d-0a3a-4561-be8c-f68f07d32810", event_number: 12120, stream_id: "f36466a8-a5a7-4205-a798-7d6c9052db95", stream_version: 1, causation_id: "3c2a9285-e794-4b19-8f44-ed3e14490a47", correlation_id: "21ddf90a-5a40-48f5-ba80-565fb18eed3f", event_type: "Elixir.Nexus.Treasury.Events.PolicyModeChanged", data: %Nexus.Treasury.Events.PolicyModeChanged{policy_id: "f36466a8-a5a7-4205-a798-7d6c9052db95", org_id: "f36466a8-a5a7-4205-a798-7d6c9052db95", mode: "strict", threshold: "50000", actor_email: "test@example.com", changed_at: "2026-03-20T23:09:37.631444Z"}, created_at: ~U[2026-03-20 23:09:37.634714Z], metadata: %{"causation_id" => "019d0d82-eddf-7dcd-9add-cee6be9a95a8", "correlation_id" => "019d0d82-eddf-7dcd-9add-cee6be9a95a8"}}]
23:10:01.070 [debug] Nexus.Treasury.Handlers.TransferExecutionHandler confirming receipt of event #12120 of events: [%Commanded.EventStore.RecordedEvent{event_id: "5653840d-0a3a-4561-be8c-f68f07d32810", event_number: 12120, stream_id: "f36466a8-a5a7-4205-a798-7d6c9052db95", stream_version: 1, causation_id: "3c2a9285-e794-4b19-8f44-ed3e14490a47", correlation_id: "21ddf90a-5a40-48f5-ba80-565fb18eed3f", event_type: "Elixir.Nexus.Treasury.Events.PolicyModeChanged", data: %Nexus.Treasury.Events.PolicyModeChanged{policy_id: "f36466a8-a5a7-4205-a798-7d6c9052db95", org_id: "f36466a8-a5a7-4205-a798-7d6c9052db95", mode: "strict", threshold: "50000", actor_email: "test@example.com", changed_at: "2026-03-20T23:09:37.631444Z"}, created_at: ~U[2026-03-20 23:09:37.634714Z], metadata: %{"causation_id" => "019d0d82-eddf-7dcd-9add-cee6be9a95a8", "correlation_id" => "019d0d82-eddf-7dcd-9add-cee6be9a95a8"}}]
23:10:01.071 [debug] Nexus.Treasury.ProcessManagers.TransferManager received 1 event(s)
23:10:01.071 [debug] Nexus.Treasury.ProcessManagers.TransferManager is interested in event 12094 ("TransferHardeningTest.PM-019d0d82-d469-7456-ad0b-a7090ea93d39"@3)
23:10:01.071 [debug] Nexus.Treasury.Projectors.VaultProjector received events: [%Commanded.EventStore.RecordedEvent{event_id: "2959b842-649e-4dc4-be02-573a9e5a9b33", event_number: 12129, stream_id: "forecast-bc60d71d-a5fd-4386-a5b8-e5164fdb91a0", stream_version: 1, causation_id: "6a9f92c4-af75-4ecd-aca5-5928382a4f26", correlation_id: "817c4cb2-59e6-484c-aba3-dcd8143f1ec5", event_type: "Elixir.Nexus.Treasury.Events.ForecastGenerated", data: %Nexus.Treasury.Events.ForecastGenerated{org_id: "bc60d71d-a5fd-4386-a5b8-e5164fdb91a0", currency: "EUR", horizon_days: 30, predictions: [%{date: "2026-03-21", predicted_amount: "990.0"}, %{date: "2026-03-22", predicted_amount: "980.0"}, %{date: "2026-03-23", predicted_amount: "970.0"}, %{date: "2026-03-24", predicted_amount: "960.0"}, %{date: "2026-03-25", predicted_amount: "950.0"}, %{date: "2026-03-26", predicted_amount: "940.0"}, %{date: "2026-03-27", predicted_amount: "930.0"}, %{date: "2026-03-28", predicted_amount: "920.0"}, %{date: "2026-03-29", predicted_amount: "910.0"}, %{date: "2026-03-30", predicted_amount: "900.0"}, %{date: "2026-03-31", predicted_amount: "890.0"}, %{date: "2026-04-01", predicted_amount: "880.0"}, %{date: "2026-04-02", predicted_amount: "870.0"}, %{date: "2026-04-03", predicted_amount: "860.0"}, %{date: "2026-04-04", predicted_amount: "850.0"}, %{date: "2026-04-05", predicted_amount: "840.0"}, %{date: "2026-04-06", predicted_amount: "830.0"}, %{date: "2026-04-07", predicted_amount: "820.0"}, %{date: "2026-04-08", predicted_amount: "810.0"}, %{date: "2026-04-09", predicted_amount: "800.0"}, %{date: "2026-04-10", predicted_amount: "790.0"}, %{date: "2026-04-11", predicted_amount: "780.0"}, %{date: "2026-04-12", predicted_amount: "770.0"}, %{date: "2026-04-13", predicted_amount: "760.0"}, %{date: "2026-04-14", predicted_amount: "750.0"}, %{date: "2026-04-15", predicted_amount: "740.0"}, %{date: "2026-04-16", predicted_amount: "730.0"}, %{date: "2026-04-17", predicted_amount: "720.0"}, %{date: "2026-04-18", predicted_amount: "710.0"}, ...], ...}, ...}]
23:10:01.071 [debug] Nexus.Treasury.Handlers.TransferExecutionHandler received events: [%Commanded.EventStore.RecordedEvent{event_id: "f601bca2-b95f-4e0b-8952-073f173e21b6", event_number: 12121, stream_id: "94826e7b-f236-4ca8-8ce6-705c2b892d1c", stream_version: 1, causation_id: "5fe30625-0113-47c2-95e0-ad2f0f140c63", correlation_id: "89959609-e2b7-4f02-8746-0cb39fb0c5e1", event_type: "Elixir.Nexus.Treasury.Events.PolicyModeChanged", data: %Nexus.Treasury.Events.PolicyModeChanged{policy_id: "94826e7b-f236-4ca8-8ce6-705c2b892d1c", org_id: "94826e7b-f236-4ca8-8ce6-705c2b892d1c", mode: "standard", threshold: "1000000", actor_email: "test@example.com", changed_at: "2026-03-20T23:09:37.660384Z"}, created_at: ~U[2026-03-20 23:09:37.663366Z], metadata: %{"causation_id" => "019d0d82-edfc-781f-8f91-00e62743280f", "correlation_id" => "019d0d82-edfc-781f-8f91-00e62743280f"}}]
23:10:01.071 [debug] Nexus.Treasury.Handlers.TransferExecutionHandler confirming receipt of event #12121 of events: [%Commanded.EventStore.RecordedEvent{event_id: "f601bca2-b95f-4e0b-8952-073f173e21b6", event_number: 12121, stream_id: "94826e7b-f236-4ca8-8ce6-705c2b892d1c", stream_version: 1, causation_id: "5fe30625-0113-47c2-95e0-ad2f0f140c63", correlation_id: "89959609-e2b7-4f02-8746-0cb39fb0c5e1", event_type: "Elixir.Nexus.Treasury.Events.PolicyModeChanged", data: %Nexus.Treasury.Events.PolicyModeChanged{policy_id: "94826e7b-f236-4ca8-8ce6-705c2b892d1c", org_id: "94826e7b-f236-4ca8-8ce6-705c2b892d1c", mode: "standard", threshold: "1000000", actor_email: "test@example.com", changed_at: "2026-03-20T23:09:37.660384Z"}, created_at: ~U[2026-03-20 23:09:37.663366Z], metadata: %{"causation_id" => "019d0d82-edfc-781f-8f91-00e62743280f", "correlation_id" => "019d0d82-edfc-781f-8f91-00e62743280f"}}]
23:10:01.071 [debug] Nexus.Treasury.Projectors.VaultProjector confirming receipt of event #12129 of events: [%Commanded.EventStore.RecordedEvent{event_id: "2959b842-649e-4dc4-be02-573a9e5a9b33", event_number: 12129, stream_id: "forecast-bc60d71d-a5fd-4386-a5b8-e5164fdb91a0", stream_version: 1, causation_id: "6a9f92c4-af75-4ecd-aca5-5928382a4f26", correlation_id: "817c4cb2-59e6-484c-aba3-dcd8143f1ec5", event_type: "Elixir.Nexus.Treasury.Events.ForecastGenerated", data: %Nexus.Treasury.Events.ForecastGenerated{org_id: "bc60d71d-a5fd-4386-a5b8-e5164fdb91a0", currency: "EUR", horizon_days: 30, predictions: [%{date: "2026-03-21", predicted_amount: "990.0"}, %{date: "2026-03-22", predicted_amount: "980.0"}, %{date: "2026-03-23", predicted_amount: "970.0"}, %{date: "2026-03-24", predicted_amount: "960.0"}, %{date: "2026-03-25", predicted_amount: "950.0"}, %{date: "2026-03-26", predicted_amount: "940.0"}, %{date: "2026-03-27", predicted_amount: "930.0"}, %{date: "2026-03-28", predicted_amount: "920.0"}, %{date: "2026-03-29", predicted_amount: "910.0"}, %{date: "2026-03-30", predicted_amount: "900.0"}, %{date: "2026-03-31", predicted_amount: "890.0"}, %{date: "2026-04-01", predicted_amount: "880.0"}, %{date: "2026-04-02", predicted_amount: "870.0"}, %{date: "2026-04-03", predicted_amount: "860.0"}, %{date: "2026-04-04", predicted_amount: "850.0"}, %{date: "2026-04-05", predicted_amount: "840.0"}, %{date: "2026-04-06", predicted_amount: "830.0"}, %{date: "2026-04-07", predicted_amount: "820.0"}, %{date: "2026-04-08", predicted_amount: "810.0"}, %{date: "2026-04-09", predicted_amount: "800.0"}, %{date: "2026-04-10", predicted_amount: "790.0"}, %{date: "2026-04-11", predicted_amount: "780.0"}, %{date: "2026-04-12", predicted_amount: "770.0"}, %{date: "2026-04-13", predicted_amount: "760.0"}, %{date: "2026-04-14", predicted_amount: "750.0"}, %{date: "2026-04-15", predicted_amount: "740.0"}, %{date: "2026-04-16", predicted_amount: "730.0"}, %{date: "2026-04-17", predicted_amount: "720.0"}, %{date: "2026-04-18", predicted_amount: "710.0"}, ...], ...}, ...}]
23:10:01.071 [debug] Nexus.Treasury.ProcessManagers.TransferManager confirming receipt of event: 12094
23:10:01.071 [debug] Nexus.Treasury.Handlers.TransferExecutionHandler received events: [%Commanded.EventStore.RecordedEvent{event_id: "8e1b30b7-6202-40d0-86e4-8de82143b558", event_number: 12122, stream_id: "94826e7b-f236-4ca8-8ce6-705c2b892d1c", stream_version: 2, causation_id: "b266d180-089c-4d41-b0f7-6cbbe1d80ba9", correlation_id: "dcba427c-e43f-4642-91f7-7abd8c7f6a60", event_type: "Elixir.Nexus.Treasury.Events.PolicyModeChanged", data: %Nexus.Treasury.Events.PolicyModeChanged{policy_id: "94826e7b-f236-4ca8-8ce6-705c2b892d1c", org_id: "94826e7b-f236-4ca8-8ce6-705c2b892d1c", mode: "strict", threshold: "50000", actor_email: "test@example.com", changed_at: "2026-03-20T23:09:37.693598Z"}, created_at: ~U[2026-03-20 23:09:37.694307Z], metadata: %{"causation_id" => "019d0d82-ee1d-7bf7-9540-bda806b9144b", "correlation_id" => "019d0d82-ee1d-7bf7-9540-bda806b9144b"}}]
23:10:01.071 [debug] Nexus.Treasury.Handlers.TransferExecutionHandler confirming receipt of event #12122 of events: [%Commanded.EventStore.RecordedEvent{event_id: "8e1b30b7-6202-40d0-86e4-8de82143b558", event_number: 12122, stream_id: "94826e7b-f236-4ca8-8ce6-705c2b892d1c", stream_version: 2, causation_id: "b266d180-089c-4d41-b0f7-6cbbe1d80ba9", correlation_id: "dcba427c-e43f-4642-91f7-7abd8c7f6a60", event_type: "Elixir.Nexus.Treasury.Events.PolicyModeChanged", data: %Nexus.Treasury.Events.PolicyModeChanged{policy_id: "94826e7b-f236-4ca8-8ce6-705c2b892d1c", org_id: "94826e7b-f236-4ca8-8ce6-705c2b892d1c", mode: "strict", threshold: "50000", actor_email: "test@example.com", changed_at: "2026-03-20T23:09:37.693598Z"}, created_at: ~U[2026-03-20 23:09:37.694307Z], metadata: %{"causation_id" => "019d0d82-ee1d-7bf7-9540-bda806b9144b", "correlation_id" => "019d0d82-ee1d-7bf7-9540-bda806b9144b"}}]
23:10:01.071 [debug] Nexus.Treasury.ProcessManagers.TransferManager received 1 event(s)
23:10:01.071 [debug] Nexus.Treasury.ProcessManagers.TransferManager has been stopped by event 12095 ("019d0d82-d47d-7906-b614-daa9d896811d"@3)
23:10:01.072 [debug] Nexus.Treasury.Projectors.VaultProjector received events: [%Commanded.EventStore.RecordedEvent{event_id: "2165abc1-5a62-4c1b-8274-c1e3f50d85b2", event_number: 12130, stream_id: "23012462-b745-41a8-9d61-021ac187c04c", stream_version: 1, causation_id: "6f1c6457-35c2-4169-bcd1-209cacc6c70b", correlation_id: "1ed109fb-8425-4030-a28b-3783c06d243f", event_type: "Elixir.Nexus.ERP.Events.StatementUploaded", data: %Nexus.ERP.Events.StatementUploaded{statement_id: "23012462-b745-41a8-9d61-021ac187c04c", org_id: "306e01bf-f7de-4d2f-84a8-beafd9d48b0d", filename: "bank_statement.csv", format: "csv", lines: [%{id: "019d0d83-326b-73a6-a315-47c9dec99e48", status: "unmatched", date: "2024-01-01", metadata: %{}, currency: "EUR", ref: "REF001", amount: "100.00", narrative: "Test narrative"}], uploaded_at: "2026-03-20T23:09:55.177245Z", content_hash: "2A6D7CDCA877B8631942E2171A0BB33BDDCE9ECA36C103C671439B8CCB0A6438"}, created_at: ~U[2026-03-20 23:09:55.179890Z], metadata: %{"causation_id" => "019d0d83-3269-7572-8168-39b09c38ed55", "correlation_id" => "019d0d83-3269-7572-8168-39b09c38ed55"}}]
23:10:01.072 [debug] Nexus.Treasury.Projectors.VaultProjector confirming receipt of event #12130 of events: [%Commanded.EventStore.RecordedEvent{event_id: "2165abc1-5a62-4c1b-8274-c1e3f50d85b2", event_number: 12130, stream_id: "23012462-b745-41a8-9d61-021ac187c04c", stream_version: 1, causation_id: "6f1c6457-35c2-4169-bcd1-209cacc6c70b", correlation_id: "1ed109fb-8425-4030-a28b-3783c06d243f", event_type: "Elixir.Nexus.ERP.Events.StatementUploaded", data: %Nexus.ERP.Events.StatementUploaded{statement_id: "23012462-b745-41a8-9d61-021ac187c04c", org_id: "306e01bf-f7de-4d2f-84a8-beafd9d48b0d", filename: "bank_statement.csv", format: "csv", lines: [%{id: "019d0d83-326b-73a6-a315-47c9dec99e48", status: "unmatched", date: "2024-01-01", metadata: %{}, currency: "EUR", ref: "REF001", amount: "100.00", narrative: "Test narrative"}], uploaded_at: "2026-03-20T23:09:55.177245Z", content_hash: "2A6D7CDCA877B8631942E2171A0BB33BDDCE9ECA36C103C671439B8CCB0A6438"}, created_at: ~U[2026-03-20 23:09:55.179890Z], metadata: %{"causation_id" => "019d0d83-3269-7572-8168-39b09c38ed55", "correlation_id" => "019d0d83-3269-7572-8168-39b09c38ed55"}}]
23:10:01.072 [debug] Nexus.Treasury.ProcessManagers.TransferManager confirming receipt of event: 12095
23:10:01.072 [debug] Nexus.Treasury.ProcessManagers.TransferManager received 1 event(s)
23:10:01.072 [debug] Nexus.Treasury.ProcessManagers.TransferManager is interested in event 12096 ("TransferHardeningTest.PM-019d0d82-d469-7456-ad0b-a7090ea93d39"@4)
23:10:01.072 [debug] Nexus.Treasury.Handlers.TransferExecutionHandler received events: [%Commanded.EventStore.RecordedEvent{event_id: "77abbbb9-9472-4093-a245-192bdc3d96b3", event_number: 12123, stream_id: "abd0c28e-a8a2-4f3e-9e15-9b01f39a11e8", stream_version: 1, causation_id: "e7c5e89a-35e4-4732-96b3-f08db6f71902", correlation_id: "093002b3-a591-4151-9c75-e9300532f869", event_type: "Elixir.Nexus.Treasury.Events.PolicyModeChanged", data: %Nexus.Treasury.Events.PolicyModeChanged{policy_id: "abd0c28e-a8a2-4f3e-9e15-9b01f39a11e8", org_id: "abd0c28e-a8a2-4f3e-9e15-9b01f39a11e8", mode: "strict", threshold: "50000", actor_email: "test@example.com", changed_at: "2026-03-20T23:09:37.705974Z"}, created_at: ~U[2026-03-20 23:09:37.708980Z], metadata: %{"causation_id" => "019d0d82-ee2a-70a2-847f-171c1fc598a3", "correlation_id" => "019d0d82-ee2a-70a2-847f-171c1fc598a3"}}]
23:10:01.072 [debug] Nexus.Treasury.Projectors.VaultProjector received events: [%Commanded.EventStore.RecordedEvent{event_id: "9f999d85-d170-42bf-92ab-7170153ca85b", event_number: 12131, stream_id: "2628b724-26f6-466c-a64c-4c5491eee1fb", stream_version: 1, causation_id: "759dba83-fd57-4c41-857b-ab4559c55ca5", correlation_id: "3906cf26-9d48-4489-8c71-3b314b2994f4", event_type: "Elixir.Nexus.ERP.Events.StatementUploaded", data: %Nexus.ERP.Events.StatementUploaded{statement_id: "2628b724-26f6-466c-a64c-4c5491eee1fb", org_id: "306e01bf-f7de-4d2f-84a8-beafd9d48b0d", filename: "bank_statement.csv", format: "csv", lines: [%{id: "019d0d83-3289-7705-ad04-57da8a91d037", status: "unmatched", date: "2024-01-01", metadata: %{}, currency: "EUR", ref: "REF001", amount: "100.00", narrative: "Test narrative"}, %{id: "019d0d83-3289-7344-8dc2-bc4b5f672de3", status: "unmatched", date: "2024-01-02", metadata: %{}, currency: "EUR", ref: "REF002", amount: "200.00", narrative: "New line"}], uploaded_at: "2026-03-20T23:09:55.177245Z", content_hash: "E696981C3C0A3E5AB706EB69FD368BF3B1E23A8CED4952C2D95B5DE0A480453E"}, created_at: ~U[2026-03-20 23:09:55.209366Z], metadata: %{"causation_id" => "019d0d83-3288-766d-8ec4-c04d28bedc26", "correlation_id" => "019d0d83-3288-766d-8ec4-c04d28bedc26"}}]
23:10:01.072 [debug] Nexus.Treasury.Projectors.VaultProjector confirming receipt of event #12131 of events: [%Commanded.EventStore.RecordedEvent{event_id: "9f999d85-d170-42bf-92ab-7170153ca85b", event_number: 12131, stream_id: "2628b724-26f6-466c-a64c-4c5491eee1fb", stream_version: 1, causation_id: "759dba83-fd57-4c41-857b-ab4559c55ca5", correlation_id: "3906cf26-9d48-4489-8c71-3b314b2994f4", event_type: "Elixir.Nexus.ERP.Events.StatementUploaded", data: %Nexus.ERP.Events.StatementUploaded{statement_id: "2628b724-26f6-466c-a64c-4c5491eee1fb", org_id: "306e01bf-f7de-4d2f-84a8-beafd9d48b0d", filename: "bank_statement.csv", format: "csv", lines: [%{id: "019d0d83-3289-7705-ad04-57da8a91d037", status: "unmatched", date: "2024-01-01", metadata: %{}, currency: "EUR", ref: "REF001", amount: "100.00", narrative: "Test narrative"}, %{id: "019d0d83-3289-7344-8dc2-bc4b5f672de3", status: "unmatched", date: "2024-01-02", metadata: %{}, currency: "EUR", ref: "REF002", amount: "200.00", narrative: "New line"}], uploaded_at: "2026-03-20T23:09:55.177245Z", content_hash: "E696981C3C0A3E5AB706EB69FD368BF3B1E23A8CED4952C2D95B5DE0A480453E"}, created_at: ~U[2026-03-20 23:09:55.209366Z], metadata: %{"causation_id" => "019d0d83-3288-766d-8ec4-c04d28bedc26", "correlation_id" => "019d0d83-3288-766d-8ec4-c04d28bedc26"}}]
23:10:01.072 [debug] Nexus.Treasury.Handlers.TransferExecutionHandler confirming receipt of event #12123 of events: [%Commanded.EventStore.RecordedEvent{event_id: "77abbbb9-9472-4093-a245-192bdc3d96b3", event_number: 12123, stream_id: "abd0c28e-a8a2-4f3e-9e15-9b01f39a11e8", stream_version: 1, causation_id: "e7c5e89a-35e4-4732-96b3-f08db6f71902", correlation_id: "093002b3-a591-4151-9c75-e9300532f869", event_type: "Elixir.Nexus.Treasury.Events.PolicyModeChanged", data: %Nexus.Treasury.Events.PolicyModeChanged{policy_id: "abd0c28e-a8a2-4f3e-9e15-9b01f39a11e8", org_id: "abd0c28e-a8a2-4f3e-9e15-9b01f39a11e8", mode: "strict", threshold: "50000", actor_email: "test@example.com", changed_at: "2026-03-20T23:09:37.705974Z"}, created_at: ~U[2026-03-20 23:09:37.708980Z], metadata: %{"causation_id" => "019d0d82-ee2a-70a2-847f-171c1fc598a3", "correlation_id" => "019d0d82-ee2a-70a2-847f-171c1fc598a3"}}]
23:10:01.072 [debug] Nexus.Treasury.ProcessManagers.TransferManager attempting to dispatch command: %Nexus.Treasury.Commands.ExecuteTransfer{transfer_id: "019d0d82-d47d-7906-b614-daa9d896811d", org_id: "019d0d82-d469-77cf-a443-bcf40f5681a4", executed_at: ~U[2026-03-20 23:10:01.072838Z]}
23:10:01.072 [debug] Locating aggregate process for `Nexus.Treasury.Aggregates.Transfer` with UUID "019d0d82-d47d-7906-b614-daa9d896811d"
23:10:01.072 [debug] Nexus.Treasury.Aggregates.Transfer<019d0d82-d47d-7906-b614-daa9d896811d@3> executing command: %Nexus.Treasury.Commands.ExecuteTransfer{transfer_id: "019d0d82-d47d-7906-b614-daa9d896811d", org_id: "019d0d82-d469-77cf-a443-bcf40f5681a4", executed_at: ~U[2026-03-20 23:10:01.072838Z]}
23:10:01.072 [debug] Nexus.Treasury.Projectors.VaultProjector received events: [%Commanded.EventStore.RecordedEvent{event_id: "ce396854-5bfa-4e5f-9279-8721408a241b", event_number: 12132, stream_id: "6a6b949a-0251-49a2-afb7-9a592797dad1", stream_version: 1, causation_id: "0d9fbe3c-a047-4695-bb04-d76647b2bb94", correlation_id: "193827dd-cf22-478c-a275-3490d39bcd22", event_type: "Elixir.Nexus.ERP.Events.StatementUploaded", data: %Nexus.ERP.Events.StatementUploaded{statement_id: "6a6b949a-0251-49a2-afb7-9a592797dad1", org_id: "b49856d3-24c8-4c09-82dc-38035b65cb30", filename: "recon_test.csv", format: "csv", lines: [%{id: "019d0d83-32a5-75fc-b375-79fb3cccb408", status: "unmatched", date: "2024-01-01", metadata: %{}, currency: "EUR", ref: "REF001", amount: "100.00", narrative: "Test narrative"}], uploaded_at: "2026-03-20T23:09:55.237031Z", content_hash: "2A6D7CDCA877B8631942E2171A0BB33BDDCE9ECA36C103C671439B8CCB0A6438"}, created_at: ~U[2026-03-20 23:09:55.238065Z], metadata: %{"causation_id" => "019d0d83-32a5-7dec-94c3-6f5465e9935d", "correlation_id" => "019d0d83-32a5-7dec-94c3-6f5465e9935d"}}]
23:10:01.072 [debug] Nexus.Treasury.Handlers.TransferExecutionHandler received events: [%Commanded.EventStore.RecordedEvent{event_id: "560f8e58-90c1-4458-92a6-99b8f8612f17", event_number: 12124, stream_id: "abd0c28e-a8a2-4f3e-9e15-9b01f39a11e8", stream_version: 2, causation_id: "9c3d9525-f729-482d-9811-55c7574cd88c", correlation_id: "072c99fe-4118-436b-8e55-9ecff6ad20de", event_type: "Elixir.Nexus.Treasury.Events.PolicyModeChanged", data: %Nexus.Treasury.Events.PolicyModeChanged{policy_id: "abd0c28e-a8a2-4f3e-9e15-9b01f39a11e8", org_id: "abd0c28e-a8a2-4f3e-9e15-9b01f39a11e8", mode: "relaxed", threshold: "10000000", actor_email: "test@example.com", changed_at: "2026-03-20T23:09:37.714448Z"}, created_at: ~U[2026-03-20 23:09:37.715416Z], metadata: %{"causation_id" => "019d0d82-ee32-73b4-bd70-0754299e8a31", "correlation_id" => "019d0d82-ee32-73b4-bd70-0754299e8a31"}}]
23:10:01.073 [debug] Nexus.Treasury.Projectors.VaultProjector confirming receipt of event #12132 of events: [%Commanded.EventStore.RecordedEvent{event_id: "ce396854-5bfa-4e5f-9279-8721408a241b", event_number: 12132, stream_id: "6a6b949a-0251-49a2-afb7-9a592797dad1", stream_version: 1, causation_id: "0d9fbe3c-a047-4695-bb04-d76647b2bb94", correlation_id: "193827dd-cf22-478c-a275-3490d39bcd22", event_type: "Elixir.Nexus.ERP.Events.StatementUploaded", data: %Nexus.ERP.Events.StatementUploaded{statement_id: "6a6b949a-0251-49a2-afb7-9a592797dad1", org_id: "b49856d3-24c8-4c09-82dc-38035b65cb30", filename: "recon_test.csv", format: "csv", lines: [%{id: "019d0d83-32a5-75fc-b375-79fb3cccb408", status: "unmatched", date: "2024-01-01", metadata: %{}, currency: "EUR", ref: "REF001", amount: "100.00", narrative: "Test narrative"}], uploaded_at: "2026-03-20T23:09:55.237031Z", content_hash: "2A6D7CDCA877B8631942E2171A0BB33BDDCE9ECA36C103C671439B8CCB0A6438"}, created_at: ~U[2026-03-20 23:09:55.238065Z], metadata: %{"causation_id" => "019d0d83-32a5-7dec-94c3-6f5465e9935d", "correlation_id" => "019d0d83-32a5-7dec-94c3-6f5465e9935d"}}]
23:10:01.073 [debug] Nexus.Treasury.Handlers.TransferExecutionHandler confirming receipt of event #12124 of events: [%Commanded.EventStore.RecordedEvent{event_id: "560f8e58-90c1-4458-92a6-99b8f8612f17", event_number: 12124, stream_id: "abd0c28e-a8a2-4f3e-9e15-9b01f39a11e8", stream_version: 2, causation_id: "9c3d9525-f729-482d-9811-55c7574cd88c", correlation_id: "072c99fe-4118-436b-8e55-9ecff6ad20de", event_type: "Elixir.Nexus.Treasury.Events.PolicyModeChanged", data: %Nexus.Treasury.Events.PolicyModeChanged{policy_id: "abd0c28e-a8a2-4f3e-9e15-9b01f39a11e8", org_id: "abd0c28e-a8a2-4f3e-9e15-9b01f39a11e8", mode: "relaxed", threshold: "10000000", actor_email: "test@example.com", changed_at: "2026-03-20T23:09:37.714448Z"}, created_at: ~U[2026-03-20 23:09:37.715416Z], metadata: %{"causation_id" => "019d0d82-ee32-73b4-bd70-0754299e8a31", "correlation_id" => "019d0d82-ee32-73b4-bd70-0754299e8a31"}}]
23:10:01.073 [debug] Nexus.Treasury.ProcessManagers.TransferManager confirming receipt of event: 12096
23:10:01.073 [debug] Nexus.Treasury.Projectors.VaultProjector received events: [%Commanded.EventStore.RecordedEvent{event_id: "e20f88c7-d581-4584-917e-2dfebb8caaa1", event_number: 12133, stream_id: "f7f1a84b-7d21-4dee-99a9-4425aba97425", stream_version: 1, causation_id: "67d80181-46fd-4cb4-8c3d-89e61afb6571", correlation_id: "3fc19011-bc2c-4fe6-8a79-0c3e714f3770", event_type: "Elixir.Nexus.Treasury.Events.TransactionReconciled", data: %Nexus.Treasury.Events.TransactionReconciled{org_id: "b49856d3-24c8-4c09-82dc-38035b65cb30", reconciliation_id: "f7f1a84b-7d21-4dee-99a9-4425aba97425", invoice_id: "3d3f7a42-f7b7-450d-a676-5b22659655f8", statement_id: "6a6b949a-0251-49a2-afb7-9a592797dad1", statement_line_id: "019d0d83-32a5-75fc-b375-79fb3cccb408", amount: "100.00", variance: nil, variance_reason: nil, actor_email: "test@example.com", currency: "EUR", timestamp: "2026-03-20T23:09:55.248916Z"}, created_at: ~U[2026-03-20 23:09:55.251813Z], metadata: %{"causation_id" => "019d0d83-32b0-7ab0-854e-14937541aa42", "correlation_id" => "019d0d83-32b0-7ab0-854e-14937541aa42"}}]
23:10:01.073 [debug] Nexus.Treasury.Handlers.TransferExecutionHandler received events: [%Commanded.EventStore.RecordedEvent{event_id: "c04e6ab1-ffb2-407d-b32e-fc581ca53072", event_number: 12125, stream_id: "15252904-5603-4f39-9403-1e00a9c62d2c", stream_version: 1, causation_id: "802d0b70-278f-4a75-b19f-851718ffbab9", correlation_id: "6e305610-4917-4885-a9be-d3c82bd8057a", event_type: "Elixir.Nexus.Treasury.Events.PolicyModeChanged", data: %Nexus.Treasury.Events.PolicyModeChanged{policy_id: "15252904-5603-4f39-9403-1e00a9c62d2c", org_id: "15252904-5603-4f39-9403-1e00a9c62d2c", mode: "strict", threshold: "50000", actor_email: "test@example.com", changed_at: "2026-03-20T23:09:37.730537Z"}, created_at: ~U[2026-03-20 23:09:37.731871Z], metadata: %{"causation_id" => "019d0d82-ee42-7276-bb4f-7031e1f70e90", "correlation_id" => "019d0d82-ee42-7276-bb4f-7031e1f70e90"}}]
23:10:01.073 [debug] Nexus.Treasury.Projectors.VaultProjector confirming receipt of event #12133 of events: [%Commanded.EventStore.RecordedEvent{event_id: "e20f88c7-d581-4584-917e-2dfebb8caaa1", event_number: 12133, stream_id: "f7f1a84b-7d21-4dee-99a9-4425aba97425", stream_version: 1, causation_id: "67d80181-46fd-4cb4-8c3d-89e61afb6571", correlation_id: "3fc19011-bc2c-4fe6-8a79-0c3e714f3770", event_type: "Elixir.Nexus.Treasury.Events.TransactionReconciled", data: %Nexus.Treasury.Events.TransactionReconciled{org_id: "b49856d3-24c8-4c09-82dc-38035b65cb30", reconciliation_id: "f7f1a84b-7d21-4dee-99a9-4425aba97425", invoice_id: "3d3f7a42-f7b7-450d-a676-5b22659655f8", statement_id: "6a6b949a-0251-49a2-afb7-9a592797dad1", statement_line_id: "019d0d83-32a5-75fc-b375-79fb3cccb408", amount: "100.00", variance: nil, variance_reason: nil, actor_email: "test@example.com", currency: "EUR", timestamp: "2026-03-20T23:09:55.248916Z"}, created_at: ~U[2026-03-20 23:09:55.251813Z], metadata: %{"causation_id" => "019d0d83-32b0-7ab0-854e-14937541aa42", "correlation_id" => "019d0d83-32b0-7ab0-854e-14937541aa42"}}]
23:10:01.073 [debug] Nexus.Treasury.Handlers.TransferExecutionHandler confirming receipt of event #12125 of events: [%Commanded.EventStore.RecordedEvent{event_id: "c04e6ab1-ffb2-407d-b32e-fc581ca53072", event_number: 12125, stream_id: "15252904-5603-4f39-9403-1e00a9c62d2c", stream_version: 1, causation_id: "802d0b70-278f-4a75-b19f-851718ffbab9", correlation_id: "6e305610-4917-4885-a9be-d3c82bd8057a", event_type: "Elixir.Nexus.Treasury.Events.PolicyModeChanged", data: %Nexus.Treasury.Events.PolicyModeChanged{policy_id: "15252904-5603-4f39-9403-1e00a9c62d2c", org_id: "15252904-5603-4f39-9403-1e00a9c62d2c", mode: "strict", threshold: "50000", actor_email: "test@example.com", changed_at: "2026-03-20T23:09:37.730537Z"}, created_at: ~U[2026-03-20 23:09:37.731871Z], metadata: %{"causation_id" => "019d0d82-ee42-7276-bb4f-7031e1f70e90", "correlation_id" => "019d0d82-ee42-7276-bb4f-7031e1f70e90"}}]
23:10:01.073 [debug] Nexus.Treasury.ProcessManagers.TransferManager received 1 event(s)
23:10:01.073 [debug] Nexus.Treasury.ProcessManagers.TransferManager is not interested in event 12097 ("019d0d82-da43-7780-ad79-e14cbbf750df"@1)
23:10:01.073 [debug] Nexus.Treasury.ProcessManagers.TransferManager confirming receipt of event: 12097
23:10:01.074 [debug] Nexus.Treasury.Projectors.VaultProjector received events: [%Commanded.EventStore.RecordedEvent{event_id: "621ed6dd-86ef-4136-996f-ca1dbee1c5be", event_number: 12134, stream_id: "27b1d1bd-6463-48e9-9b54-c8a20e48c18b", stream_version: 1, causation_id: "1d3fb544-86de-46fa-812a-e5984981dedd", correlation_id: "01186e05-c6fc-4911-9743-7687001cc70a", event_type: "Elixir.Nexus.ERP.Events.StatementUploaded", data: %Nexus.ERP.Events.StatementUploaded{statement_id: "27b1d1bd-6463-48e9-9b54-c8a20e48c18b", org_id: "3f6014ba-63ca-4a35-a5f9-cae7482f0f98", filename: "alpha.csv", format: "csv", lines: [%{id: "019d0d83-32c9-77f5-9f02-48dace398fc2", status: "unmatched", date: "2024-01-01", metadata: %{}, currency: "EUR", ref: "REF", amount: "0", narrative: "N1"}], uploaded_at: "2026-03-20T23:09:55.272774Z", content_hash: "9A99C19879FE44B699E10D43919F4706C51F2D03F8190FD6C6D6D28701DDFA3C"}, created_at: ~U[2026-03-20 23:09:55.273636Z], metadata: %{"causation_id" => "019d0d83-32c8-7f97-99d6-66a3ed94ade9", "correlation_id" => "019d0d83-32c8-7f97-99d6-66a3ed94ade9"}}]
23:10:01.074 [debug] Nexus.Treasury.Projectors.VaultProjector confirming receipt of event #12134 of events: [%Commanded.EventStore.RecordedEvent{event_id: "621ed6dd-86ef-4136-996f-ca1dbee1c5be", event_number: 12134, stream_id: "27b1d1bd-6463-48e9-9b54-c8a20e48c18b", stream_version: 1, causation_id: "1d3fb544-86de-46fa-812a-e5984981dedd", correlation_id: "01186e05-c6fc-4911-9743-7687001cc70a", event_type: "Elixir.Nexus.ERP.Events.StatementUploaded", data: %Nexus.ERP.Events.StatementUploaded{statement_id: "27b1d1bd-6463-48e9-9b54-c8a20e48c18b", org_id: "3f6014ba-63ca-4a35-a5f9-cae7482f0f98", filename: "alpha.csv", format: "csv", lines: [%{id: "019d0d83-32c9-77f5-9f02-48dace398fc2", status: "unmatched", date: "2024-01-01", metadata: %{}, currency: "EUR", ref: "REF", amount: "0", narrative: "N1"}], uploaded_at: "2026-03-20T23:09:55.272774Z", content_hash: "9A99C19879FE44B699E10D43919F4706C51F2D03F8190FD6C6D6D28701DDFA3C"}, created_at: ~U[2026-03-20 23:09:55.273636Z], metadata: %{"causation_id" => "019d0d83-32c8-7f97-99d6-66a3ed94ade9", "correlation_id" => "019d0d83-32c8-7f97-99d6-66a3ed94ade9"}}]
23:10:01.074 [debug] Nexus.Treasury.Handlers.TransferExecutionHandler received events: [%Commanded.EventStore.RecordedEvent{event_id: "c8ea1e57-49a0-49e7-98b2-ca486094bc8b", event_number: 12126, stream_id: "15252904-5603-4f39-9403-1e00a9c62d2c", stream_version: 2, causation_id: "d7f8ef44-2d83-4a7e-a677-5d83027dbfff", correlation_id: "785b2d35-b4d9-44d0-a8ea-8a543a322fe7", event_type: "Elixir.Nexus.Treasury.Events.TransferThresholdSet", data: %Nexus.Treasury.Events.TransferThresholdSet{policy_id: "15252904-5603-4f39-9403-1e00a9c62d2c", org_id: "15252904-5603-4f39-9403-1e00a9c62d2c", threshold: "50000", set_at: "2026-03-20T23:09:37.736741Z"}, created_at: ~U[2026-03-20 23:09:37.737571Z], metadata: %{"causation_id" => "019d0d82-ee48-7c0e-8360-c5e068748669", "correlation_id" => "019d0d82-ee48-7c0e-8360-c5e068748669"}}]
23:10:01.074 [debug] Nexus.Treasury.Handlers.TransferExecutionHandler confirming receipt of event #12126 of events: [%Commanded.EventStore.RecordedEvent{event_id: "c8ea1e57-49a0-49e7-98b2-ca486094bc8b", event_number: 12126, stream_id: "15252904-5603-4f39-9403-1e00a9c62d2c", stream_version: 2, causation_id: "d7f8ef44-2d83-4a7e-a677-5d83027dbfff", correlation_id: "785b2d35-b4d9-44d0-a8ea-8a543a322fe7", event_type: "Elixir.Nexus.Treasury.Events.TransferThresholdSet", data: %Nexus.Treasury.Events.TransferThresholdSet{policy_id: "15252904-5603-4f39-9403-1e00a9c62d2c", org_id: "15252904-5603-4f39-9403-1e00a9c62d2c", threshold: "50000", set_at: "2026-03-20T23:09:37.736741Z"}, created_at: ~U[2026-03-20 23:09:37.737571Z], metadata: %{"causation_id" => "019d0d82-ee48-7c0e-8360-c5e068748669", "correlation_id" => "019d0d82-ee48-7c0e-8360-c5e068748669"}}]
23:10:01.074 [debug] Nexus.Treasury.Projectors.VaultProjector received events: [%Commanded.EventStore.RecordedEvent{event_id: "7e5c85a1-b869-4a9d-b931-8724167d618c", event_number: 12135, stream_id: "af67c906-4e54-47ba-9c47-0a89544fd602", stream_version: 1, causation_id: "30528f9c-6d7d-4340-be7e-6d25217623e1", correlation_id: "4112b2b0-c53a-43f6-8c2a-338a66885c2e", event_type: "Elixir.Nexus.ERP.Events.StatementUploaded", data: %Nexus.ERP.Events.StatementUploaded{statement_id: "af67c906-4e54-47ba-9c47-0a89544fd602", org_id: "3f6014ba-63ca-4a35-a5f9-cae7482f0f98", filename: "beta.csv", format: "csv", lines: [%{id: "019d0d83-32d1-73bf-b572-c687537dda88", status: "unmatched", date: "2024-01-01", metadata: %{}, currency: "EUR", ref: "REF", amount: "0", narrative: "N2"}], uploaded_at: "2026-03-20T23:09:55.280493Z", content_hash: "7FBECE875329D8B3726C38BE77AE60A9F4E8D3CF3282F5FB06CB8474EE7D6407"}, created_at: ~U[2026-03-20 23:09:55.281727Z], metadata: %{"causation_id" => "019d0d83-32d0-7818-b51f-70ca2dc68e85", "correlation_id" => "019d0d83-32d0-7818-b51f-70ca2dc68e85"}}]
23:10:01.074 [debug] Nexus.Treasury.Projectors.VaultProjector confirming receipt of event #12135 of events: [%Commanded.EventStore.RecordedEvent{event_id: "7e5c85a1-b869-4a9d-b931-8724167d618c", event_number: 12135, stream_id: "af67c906-4e54-47ba-9c47-0a89544fd602", stream_version: 1, causation_id: "30528f9c-6d7d-4340-be7e-6d25217623e1", correlation_id: "4112b2b0-c53a-43f6-8c2a-338a66885c2e", event_type: "Elixir.Nexus.ERP.Events.StatementUploaded", data: %Nexus.ERP.Events.StatementUploaded{statement_id: "af67c906-4e54-47ba-9c47-0a89544fd602", org_id: "3f6014ba-63ca-4a35-a5f9-cae7482f0f98", filename: "beta.csv", format: "csv", lines: [%{id: "019d0d83-32d1-73bf-b572-c687537dda88", status: "unmatched", date: "2024-01-01", metadata: %{}, currency: "EUR", ref: "REF", amount: "0", narrative: "N2"}], uploaded_at: "2026-03-20T23:09:55.280493Z", content_hash: "7FBECE875329D8B3726C38BE77AE60A9F4E8D3CF3282F5FB06CB8474EE7D6407"}, created_at: ~U[2026-03-20 23:09:55.281727Z], metadata: %{"causation_id" => "019d0d83-32d0-7818-b51f-70ca2dc68e85", "correlation_id" => "019d0d83-32d0-7818-b51f-70ca2dc68e85"}}]
23:10:01.074 [debug] Nexus.Treasury.ProcessManagers.TransferManager received 1 event(s)
23:10:01.074 [debug] Nexus.Treasury.ProcessManagers.TransferManager is not interested in event 12098 ("ea4be082-dc24-484c-a17f-4ea9af9ea1aa"@1)
23:10:01.074 [debug] Nexus.Treasury.ProcessManagers.TransferManager confirming receipt of event: 12098
23:10:01.075 [debug] Nexus.Treasury.Handlers.TransferExecutionHandler received events: [%Commanded.EventStore.RecordedEvent{event_id: "5fbc2703-a957-4712-91e5-233b92e6eed6", event_number: 12127, stream_id: "15252904-5603-4f39-9403-1e00a9c62d2c", stream_version: 3, causation_id: "86b33ad8-bbdc-420f-bf0b-c3b4a9ebafc2", correlation_id: "3cfd3245-7ca5-418c-b8f0-83fae9e5c9f0", event_type: "Elixir.Nexus.Treasury.Events.PolicyAlertTriggered", data: %Nexus.Treasury.Events.PolicyAlertTriggered{policy_id: "15252904-5603-4f39-9403-1e00a9c62d2c", org_id: "15252904-5603-4f39-9403-1e00a9c62d2c", currency_pair: "EUR/USD", exposure_amount: "60000", threshold: "50000", triggered_at: "2026-03-20T23:09:37.740895Z"}, created_at: ~U[2026-03-20 23:09:37.741610Z], metadata: %{"causation_id" => "019d0d82-ee4c-7d41-a756-6b9e9db78194", "correlation_id" => "019d0d82-ee4c-7d41-a756-6b9e9db78194"}}]
23:10:01.075 [debug] Nexus.Treasury.Handlers.TransferExecutionHandler confirming receipt of event #12127 of events: [%Commanded.EventStore.RecordedEvent{event_id: "5fbc2703-a957-4712-91e5-233b92e6eed6", event_number: 12127, stream_id: "15252904-5603-4f39-9403-1e00a9c62d2c", stream_version: 3, causation_id: "86b33ad8-bbdc-420f-bf0b-c3b4a9ebafc2", correlation_id: "3cfd3245-7ca5-418c-b8f0-83fae9e5c9f0", event_type: "Elixir.Nexus.Treasury.Events.PolicyAlertTriggered", data: %Nexus.Treasury.Events.PolicyAlertTriggered{policy_id: "15252904-5603-4f39-9403-1e00a9c62d2c", org_id: "15252904-5603-4f39-9403-1e00a9c62d2c", currency_pair: "EUR/USD", exposure_amount: "60000", threshold: "50000", triggered_at: "2026-03-20T23:09:37.740895Z"}, created_at: ~U[2026-03-20 23:09:37.741610Z], metadata: %{"causation_id" => "019d0d82-ee4c-7d41-a756-6b9e9db78194", "correlation_id" => "019d0d82-ee4c-7d41-a756-6b9e9db78194"}}]
23:10:01.075 [debug] Nexus.Treasury.Projectors.VaultProjector received events: [%Commanded.EventStore.RecordedEvent{event_id: "89485f99-ce95-4533-8471-ede4044a252e", event_number: 12136, stream_id: "019d0d83-32e1-70cc-8fef-9acc1fae7c73", stream_version: 1, causation_id: "bf7b2582-9301-413c-9df6-3aaef870b389", correlation_id: "579ea11d-d967-4450-8fdf-e6d648424b47", event_type: "Elixir.Nexus.ERP.Events.InvoiceIngested", data: %Nexus.ERP.Events.InvoiceIngested{org_id: "019d0d83-32e1-7ec0-a030-09ffbb813a8e", invoice_id: "019d0d83-32e1-70cc-8fef-9acc1fae7c73", entity_id: "E-101", currency: "EUR", amount: "1000", due_date: "2026-04-19", subsidiary: "Munich HQ", line_items: [%{description: "Software License", amount: "1000"}], sap_document_number: "SAP-019d0d83-32e1-70cc-8fef-9acc1fae7c73", sap_status: "Verified_Via_Network", ingested_at: "2026-03-20T23:09:55.297653Z"}, created_at: ~U[2026-03-20 23:09:55.298430Z], metadata: %{"causation_id" => "019d0d83-32e1-7426-9d4a-8a108dcfef67", "correlation_id" => "019d0d83-32e1-7426-9d4a-8a108dcfef67"}}]
23:10:01.075 [debug] Nexus.Treasury.ProcessManagers.TransferManager received 1 event(s)
23:10:01.075 [debug] Nexus.Treasury.Handlers.TransferExecutionHandler received events: [%Commanded.EventStore.RecordedEvent{event_id: "1be31e8c-204a-46b3-ba97-90c06e985474", event_number: 12128, stream_id: "019d0d83-243d-7288-82f7-b855d22556aa", stream_version: 1, causation_id: "5eb4a2b8-b5a3-476f-ac06-3eed97425f82", correlation_id: "ab1ebf2c-4352-4cdb-babe-7efcb43fb089", event_type: "Elixir.Nexus.CrossDomain.Events.NotificationCreated", data: %Nexus.CrossDomain.Events.NotificationCreated{id: "019d0d83-243d-7288-82f7-b855d22556aa", org_id: "019d0d83-243c-74d9-be6e-1ca6dcbba361", user_id: nil, type: "treasury_alert", title: "Policy Alert: EUR/USD", body: "Exposure of 55000 exceeded threshold of 50000.", metadata: %{threshold: "50000", currency_pair: "EUR/USD", exposure_amount: "55000"}, timestamp: "2026-03-20T23:09:51.592868Z"}, created_at: ~U[2026-03-20 23:09:51.611172Z], metadata: %{"causation_id" => "019d0d83-2444-7c2c-bfb2-8b1d296e4d70", "correlation_id" => "019d0d83-2444-7c2c-bfb2-8b1d296e4d70"}}]
23:10:01.076 [debug] Nexus.Treasury.Handlers.TransferExecutionHandler confirming receipt of event #12128 of events: [%Commanded.EventStore.RecordedEvent{event_id: "1be31e8c-204a-46b3-ba97-90c06e985474", event_number: 12128, stream_id: "019d0d83-243d-7288-82f7-b855d22556aa", stream_version: 1, causation_id: "5eb4a2b8-b5a3-476f-ac06-3eed97425f82", correlation_id: "ab1ebf2c-4352-4cdb-babe-7efcb43fb089", event_type: "Elixir.Nexus.CrossDomain.Events.NotificationCreated", data: %Nexus.CrossDomain.Events.NotificationCreated{id: "019d0d83-243d-7288-82f7-b855d22556aa", org_id: "019d0d83-243c-74d9-be6e-1ca6dcbba361", user_id: nil, type: "treasury_alert", title: "Policy Alert: EUR/USD", body: "Exposure of 55000 exceeded threshold of 50000.", metadata: %{threshold: "50000", currency_pair: "EUR/USD", exposure_amount: "55000"}, timestamp: "2026-03-20T23:09:51.592868Z"}, created_at: ~U[2026-03-20 23:09:51.611172Z], metadata: %{"causation_id" => "019d0d83-2444-7c2c-bfb2-8b1d296e4d70", "correlation_id" => "019d0d83-2444-7c2c-bfb2-8b1d296e4d70"}}]
23:10:01.076 [debug] Nexus.Treasury.ProcessManagers.TransferManager is not interested in event 12099 ("ea4be082-dc24-484c-a17f-4ea9af9ea1aa"@2)
23:10:01.076 [debug] Nexus.Treasury.Projectors.VaultProjector confirming receipt of event #12136 of events: [%Commanded.EventStore.RecordedEvent{event_id: "89485f99-ce95-4533-8471-ede4044a252e", event_number: 12136, stream_id: "019d0d83-32e1-70cc-8fef-9acc1fae7c73", stream_version: 1, causation_id: "bf7b2582-9301-413c-9df6-3aaef870b389", correlation_id: "579ea11d-d967-4450-8fdf-e6d648424b47", event_type: "Elixir.Nexus.ERP.Events.InvoiceIngested", data: %Nexus.ERP.Events.InvoiceIngested{org_id: "019d0d83-32e1-7ec0-a030-09ffbb813a8e", invoice_id: "019d0d83-32e1-70cc-8fef-9acc1fae7c73", entity_id: "E-101", currency: "EUR", amount: "1000", due_date: "2026-04-19", subsidiary: "Munich HQ", line_items: [%{description: "Software License", amount: "1000"}], sap_document_number: "SAP-019d0d83-32e1-70cc-8fef-9acc1fae7c73", sap_status: "Verified_Via_Network", ingested_at: "2026-03-20T23:09:55.297653Z"}, created_at: ~U[2026-03-20 23:09:55.298430Z], metadata: %{"causation_id" => "019d0d83-32e1-7426-9d4a-8a108dcfef67", "correlation_id" => "019d0d83-32e1-7426-9d4a-8a108dcfef67"}}]
23:10:01.076 [debug] Nexus.Treasury.ProcessManagers.TransferManager confirming receipt of event: 12099
23:10:01.077 [debug] Nexus.Treasury.ProcessManagers.TransferManager received 1 event(s)
23:10:01.077 [debug] Nexus.Treasury.Handlers.TransferExecutionHandler received events: [%Commanded.EventStore.RecordedEvent{event_id: "2959b842-649e-4dc4-be02-573a9e5a9b33", event_number: 12129, stream_id: "forecast-bc60d71d-a5fd-4386-a5b8-e5164fdb91a0", stream_version: 1, causation_id: "6a9f92c4-af75-4ecd-aca5-5928382a4f26", correlation_id: "817c4cb2-59e6-484c-aba3-dcd8143f1ec5", event_type: "Elixir.Nexus.Treasury.Events.ForecastGenerated", data: %Nexus.Treasury.Events.ForecastGenerated{org_id: "bc60d71d-a5fd-4386-a5b8-e5164fdb91a0", currency: "EUR", horizon_days: 30, predictions: [%{date: "2026-03-21", predicted_amount: "990.0"}, %{date: "2026-03-22", predicted_amount: "980.0"}, %{date: "2026-03-23", predicted_amount: "970.0"}, %{date: "2026-03-24", predicted_amount: "960.0"}, %{date: "2026-03-25", predicted_amount: "950.0"}, %{date: "2026-03-26", predicted_amount: "940.0"}, %{date: "2026-03-27", predicted_amount: "930.0"}, %{date: "2026-03-28", predicted_amount: "920.0"}, %{date: "2026-03-29", predicted_amount: "910.0"}, %{date: "2026-03-30", predicted_amount: "900.0"}, %{date: "2026-03-31", predicted_amount: "890.0"}, %{date: "2026-04-01", predicted_amount: "880.0"}, %{date: "2026-04-02", predicted_amount: "870.0"}, %{date: "2026-04-03", predicted_amount: "860.0"}, %{date: "2026-04-04", predicted_amount: "850.0"}, %{date: "2026-04-05", predicted_amount: "840.0"}, %{date: "2026-04-06", predicted_amount: "830.0"}, %{date: "2026-04-07", predicted_amount: "820.0"}, %{date: "2026-04-08", predicted_amount: "810.0"}, %{date: "2026-04-09", predicted_amount: "800.0"}, %{date: "2026-04-10", predicted_amount: "790.0"}, %{date: "2026-04-11", predicted_amount: "780.0"}, %{date: "2026-04-12", predicted_amount: "770.0"}, %{date: "2026-04-13", predicted_amount: "760.0"}, %{date: "2026-04-14", predicted_amount: "750.0"}, %{date: "2026-04-15", predicted_amount: "740.0"}, %{date: "2026-04-16", predicted_amount: "730.0"}, %{date: "2026-04-17", predicted_amount: "720.0"}, %{date: "2026-04-18", predicted_amount: "710.0"}, ...], ...}, ...}]
23:10:01.077 [debug] Nexus.Treasury.ProcessManagers.TransferManager is not interested in event 12100 ("4186cf5d-9599-43c8-9bf4-5a87a597db2e"@1)
23:10:01.077 [debug] Nexus.Treasury.ProcessManagers.TransferManager confirming receipt of event: 12100
23:10:01.077 [debug] Nexus.Treasury.Projectors.VaultProjector received events: [%Commanded.EventStore.RecordedEvent{event_id: "0f350d2b-db91-44cb-ae60-8e06189a4cf2", event_number: 12137, stream_id: "019d0d83-32ef-7f2a-8f30-390759b06a55", stream_version: 1, causation_id: "4369b26e-e90a-4447-b622-8bfddc7073c1", correlation_id: "1fb281b9-fd0a-4908-b480-96a3c24f0453", event_type: "Elixir.Nexus.ERP.Events.InvoiceRejected", data: %Nexus.ERP.Events.InvoiceRejected{org_id: "019d0d83-32ee-7590-836f-d36371ed1571", invoice_id: "019d0d83-32ef-7f2a-8f30-390759b06a55", reason: "Invoice amount must be positive", rejected_at: "2026-03-20T23:09:55.311007Z"}, created_at: ~U[2026-03-20 23:09:55.312014Z], metadata: %{"causation_id" => "019d0d83-32ef-79bd-8b2c-7916545dd5d5", "correlation_id" => "019d0d83-32ef-79bd-8b2c-7916545dd5d5"}}]
23:10:01.077 [debug] Nexus.Treasury.Projectors.VaultProjector confirming receipt of event #12137 of events: [%Commanded.EventStore.RecordedEvent{event_id: "0f350d2b-db91-44cb-ae60-8e06189a4cf2", event_number: 12137, stream_id: "019d0d83-32ef-7f2a-8f30-390759b06a55", stream_version: 1, causation_id: "4369b26e-e90a-4447-b622-8bfddc7073c1", correlation_id: "1fb281b9-fd0a-4908-b480-96a3c24f0453", event_type: "Elixir.Nexus.ERP.Events.InvoiceRejected", data: %Nexus.ERP.Events.InvoiceRejected{org_id: "019d0d83-32ee-7590-836f-d36371ed1571", invoice_id: "019d0d83-32ef-7f2a-8f30-390759b06a55", reason: "Invoice amount must be positive", rejected_at: "2026-03-20T23:09:55.311007Z"}, created_at: ~U[2026-03-20 23:09:55.312014Z], metadata: %{"causation_id" => "019d0d83-32ef-79bd-8b2c-7916545dd5d5", "correlation_id" => "019d0d83-32ef-79bd-8b2c-7916545dd5d5"}}]
23:10:01.077 [debug] Nexus.Treasury.Handlers.TransferExecutionHandler confirming receipt of event #12129 of events: [%Commanded.EventStore.RecordedEvent{event_id: "2959b842-649e-4dc4-be02-573a9e5a9b33", event_number: 12129, stream_id: "forecast-bc60d71d-a5fd-4386-a5b8-e5164fdb91a0", stream_version: 1, causation_id: "6a9f92c4-af75-4ecd-aca5-5928382a4f26", correlation_id: "817c4cb2-59e6-484c-aba3-dcd8143f1ec5", event_type: "Elixir.Nexus.Treasury.Events.ForecastGenerated", data: %Nexus.Treasury.Events.ForecastGenerated{org_id: "bc60d71d-a5fd-4386-a5b8-e5164fdb91a0", currency: "EUR", horizon_days: 30, predictions: [%{date: "2026-03-21", predicted_amount: "990.0"}, %{date: "2026-03-22", predicted_amount: "980.0"}, %{date: "2026-03-23", predicted_amount: "970.0"}, %{date: "2026-03-24", predicted_amount: "960.0"}, %{date: "2026-03-25", predicted_amount: "950.0"}, %{date: "2026-03-26", predicted_amount: "940.0"}, %{date: "2026-03-27", predicted_amount: "930.0"}, %{date: "2026-03-28", predicted_amount: "920.0"}, %{date: "2026-03-29", predicted_amount: "910.0"}, %{date: "2026-03-30", predicted_amount: "900.0"}, %{date: "2026-03-31", predicted_amount: "890.0"}, %{date: "2026-04-01", predicted_amount: "880.0"}, %{date: "2026-04-02", predicted_amount: "870.0"}, %{date: "2026-04-03", predicted_amount: "860.0"}, %{date: "2026-04-04", predicted_amount: "850.0"}, %{date: "2026-04-05", predicted_amount: "840.0"}, %{date: "2026-04-06", predicted_amount: "830.0"}, %{date: "2026-04-07", predicted_amount: "820.0"}, %{date: "2026-04-08", predicted_amount: "810.0"}, %{date: "2026-04-09", predicted_amount: "800.0"}, %{date: "2026-04-10", predicted_amount: "790.0"}, %{date: "2026-04-11", predicted_amount: "780.0"}, %{date: "2026-04-12", predicted_amount: "770.0"}, %{date: "2026-04-13", predicted_amount: "760.0"}, %{date: "2026-04-14", predicted_amount: "750.0"}, %{date: "2026-04-15", predicted_amount: "740.0"}, %{date: "2026-04-16", predicted_amount: "730.0"}, %{date: "2026-04-17", predicted_amount: "720.0"}, %{date: "2026-04-18", predicted_amount: "710.0"}, ...], ...}, ...}]
23:10:01.077 [debug] Nexus.Treasury.ProcessManagers.TransferManager received 1 event(s)
23:10:01.077 [debug] Nexus.Treasury.ProcessManagers.TransferManager is not interested in event 12101 ("4186cf5d-9599-43c8-9bf4-5a87a597db2e"@2)
23:10:01.077 [debug] Nexus.Treasury.ProcessManagers.TransferManager confirming receipt of event: 12101
23:10:01.077 [debug] Nexus.Treasury.Handlers.TransferExecutionHandler received events: [%Commanded.EventStore.RecordedEvent{event_id: "2165abc1-5a62-4c1b-8274-c1e3f50d85b2", event_number: 12130, stream_id: "23012462-b745-41a8-9d61-021ac187c04c", stream_version: 1, causation_id: "6f1c6457-35c2-4169-bcd1-209cacc6c70b", correlation_id: "1ed109fb-8425-4030-a28b-3783c06d243f", event_type: "Elixir.Nexus.ERP.Events.StatementUploaded", data: %Nexus.ERP.Events.StatementUploaded{statement_id: "23012462-b745-41a8-9d61-021ac187c04c", org_id: "306e01bf-f7de-4d2f-84a8-beafd9d48b0d", filename: "bank_statement.csv", format: "csv", lines: [%{id: "019d0d83-326b-73a6-a315-47c9dec99e48", status: "unmatched", date: "2024-01-01", metadata: %{}, currency: "EUR", ref: "REF001", amount: "100.00", narrative: "Test narrative"}], uploaded_at: "2026-03-20T23:09:55.177245Z", content_hash: "2A6D7CDCA877B8631942E2171A0BB33BDDCE9ECA36C103C671439B8CCB0A6438"}, created_at: ~U[2026-03-20 23:09:55.179890Z], metadata: %{"causation_id" => "019d0d83-3269-7572-8168-39b09c38ed55", "correlation_id" => "019d0d83-3269-7572-8168-39b09c38ed55"}}]
23:10:01.077 [debug] Nexus.Treasury.Handlers.TransferExecutionHandler confirming receipt of event #12130 of events: [%Commanded.EventStore.RecordedEvent{event_id: "2165abc1-5a62-4c1b-8274-c1e3f50d85b2", event_number: 12130, stream_id: "23012462-b745-41a8-9d61-021ac187c04c", stream_version: 1, causation_id: "6f1c6457-35c2-4169-bcd1-209cacc6c70b", correlation_id: "1ed109fb-8425-4030-a28b-3783c06d243f", event_type: "Elixir.Nexus.ERP.Events.StatementUploaded", data: %Nexus.ERP.Events.StatementUploaded{statement_id: "23012462-b745-41a8-9d61-021ac187c04c", org_id: "306e01bf-f7de-4d2f-84a8-beafd9d48b0d", filename: "bank_statement.csv", format: "csv", lines: [%{id: "019d0d83-326b-73a6-a315-47c9dec99e48", status: "unmatched", date: "2024-01-01", metadata: %{}, currency: "EUR", ref: "REF001", amount: "100.00", narrative: "Test narrative"}], uploaded_at: "2026-03-20T23:09:55.177245Z", content_hash: "2A6D7CDCA877B8631942E2171A0BB33BDDCE9ECA36C103C671439B8CCB0A6438"}, created_at: ~U[2026-03-20 23:09:55.179890Z], metadata: %{"causation_id" => "019d0d83-3269-7572-8168-39b09c38ed55", "correlation_id" => "019d0d83-3269-7572-8168-39b09c38ed55"}}]
23:10:01.077 [debug] Nexus.Treasury.Projectors.VaultProjector received events: [%Commanded.EventStore.RecordedEvent{event_id: "46a197e2-540d-4fcf-8519-d761b7fb8da4", event_number: 12138, stream_id: "76f4e95f-501b-4d99-b049-1286296b62bd", stream_version: 1, causation_id: "5a227d75-8d07-4de0-a1aa-bbc354021e15", correlation_id: "d070a368-ec64-4bbd-9234-94465a31a3ea", event_type: "Elixir.Nexus.Treasury.Events.TransferThresholdSet", data: %Nexus.Treasury.Events.TransferThresholdSet{policy_id: "76f4e95f-501b-4d99-b049-1286296b62bd", org_id: "76f4e95f-501b-4d99-b049-1286296b62bd", threshold: "100000", set_at: "2026-03-20T23:09:55.327468Z"}, created_at: ~U[2026-03-20 23:09:55.329716Z], metadata: %{"causation_id" => "019d0d83-32ff-790d-a725-6c840e7e0229", "correlation_id" => "019d0d83-32ff-790d-a725-6c840e7e0229"}}]
23:10:01.077 [debug] Nexus.Treasury.Projectors.VaultProjector confirming receipt of event #12138 of events: [%Commanded.EventStore.RecordedEvent{event_id: "46a197e2-540d-4fcf-8519-d761b7fb8da4", event_number: 12138, stream_id: "76f4e95f-501b-4d99-b049-1286296b62bd", stream_version: 1, causation_id: "5a227d75-8d07-4de0-a1aa-bbc354021e15", correlation_id: "d070a368-ec64-4bbd-9234-94465a31a3ea", event_type: "Elixir.Nexus.Treasury.Events.TransferThresholdSet", data: %Nexus.Treasury.Events.TransferThresholdSet{policy_id: "76f4e95f-501b-4d99-b049-1286296b62bd", org_id: "76f4e95f-501b-4d99-b049-1286296b62bd", threshold: "100000", set_at: "2026-03-20T23:09:55.327468Z"}, created_at: ~U[2026-03-20 23:09:55.329716Z], metadata: %{"causation_id" => "019d0d83-32ff-790d-a725-6c840e7e0229", "correlation_id" => "019d0d83-32ff-790d-a725-6c840e7e0229"}}]
23:10:01.078 [debug] Nexus.Treasury.ProcessManagers.TransferManager received 1 event(s)
23:10:01.078 [debug] Nexus.Treasury.ProcessManagers.TransferManager is not interested in event 12102 ("d154a838-52d0-480b-b57e-6ed29c8ec9fe"@1)
23:10:01.078 [debug] Nexus.Treasury.ProcessManagers.TransferManager confirming receipt of event: 12102
23:10:01.078 [debug] Nexus.Treasury.Handlers.TransferExecutionHandler received events: [%Commanded.EventStore.RecordedEvent{event_id: "9f999d85-d170-42bf-92ab-7170153ca85b", event_number: 12131, stream_id: "2628b724-26f6-466c-a64c-4c5491eee1fb", stream_version: 1, causation_id: "759dba83-fd57-4c41-857b-ab4559c55ca5", correlation_id: "3906cf26-9d48-4489-8c71-3b314b2994f4", event_type: "Elixir.Nexus.ERP.Events.StatementUploaded", data: %Nexus.ERP.Events.StatementUploaded{statement_id: "2628b724-26f6-466c-a64c-4c5491eee1fb", org_id: "306e01bf-f7de-4d2f-84a8-beafd9d48b0d", filename: "bank_statement.csv", format: "csv", lines: [%{id: "019d0d83-3289-7705-ad04-57da8a91d037", status: "unmatched", date: "2024-01-01", metadata: %{}, currency: "EUR", ref: "REF001", amount: "100.00", narrative: "Test narrative"}, %{id: "019d0d83-3289-7344-8dc2-bc4b5f672de3", status: "unmatched", date: "2024-01-02", metadata: %{}, currency: "EUR", ref: "REF002", amount: "200.00", narrative: "New line"}], uploaded_at: "2026-03-20T23:09:55.177245Z", content_hash: "E696981C3C0A3E5AB706EB69FD368BF3B1E23A8CED4952C2D95B5DE0A480453E"}, created_at: ~U[2026-03-20 23:09:55.209366Z], metadata: %{"causation_id" => "019d0d83-3288-766d-8ec4-c04d28bedc26", "correlation_id" => "019d0d83-3288-766d-8ec4-c04d28bedc26"}}]
23:10:01.078 [debug] Nexus.Treasury.Handlers.TransferExecutionHandler confirming receipt of event #12131 of events: [%Commanded.EventStore.RecordedEvent{event_id: "9f999d85-d170-42bf-92ab-7170153ca85b", event_number: 12131, stream_id: "2628b724-26f6-466c-a64c-4c5491eee1fb", stream_version: 1, causation_id: "759dba83-fd57-4c41-857b-ab4559c55ca5", correlation_id: "3906cf26-9d48-4489-8c71-3b314b2994f4", event_type: "Elixir.Nexus.ERP.Events.StatementUploaded", data: %Nexus.ERP.Events.StatementUploaded{statement_id: "2628b724-26f6-466c-a64c-4c5491eee1fb", org_id: "306e01bf-f7de-4d2f-84a8-beafd9d48b0d", filename: "bank_statement.csv", format: "csv", lines: [%{id: "019d0d83-3289-7705-ad04-57da8a91d037", status: "unmatched", date: "2024-01-01", metadata: %{}, currency: "EUR", ref: "REF001", amount: "100.00", narrative: "Test narrative"}, %{id: "019d0d83-3289-7344-8dc2-bc4b5f672de3", status: "unmatched", date: "2024-01-02", metadata: %{}, currency: "EUR", ref: "REF002", amount: "200.00", narrative: "New line"}], uploaded_at: "2026-03-20T23:09:55.177245Z", content_hash: "E696981C3C0A3E5AB706EB69FD368BF3B1E23A8CED4952C2D95B5DE0A480453E"}, created_at: ~U[2026-03-20 23:09:55.209366Z], metadata: %{"causation_id" => "019d0d83-3288-766d-8ec4-c04d28bedc26", "correlation_id" => "019d0d83-3288-766d-8ec4-c04d28bedc26"}}]
23:10:01.078 [debug] Nexus.Treasury.Projectors.VaultProjector received events: [%Commanded.EventStore.RecordedEvent{event_id: "0541a0ba-d1ed-47a6-aa71-4d0362944138", event_number: 12139, stream_id: "76f4e95f-501b-4d99-b049-1286296b62bd", stream_version: 2, causation_id: "e7702a67-86d2-4bd1-bdad-6e8f05a4375d", correlation_id: "ae7fd9fb-6c12-41aa-a1c2-f7ee6f66c97e", event_type: "Elixir.Nexus.Treasury.Events.PolicyAlertTriggered", data: %Nexus.Treasury.Events.PolicyAlertTriggered{policy_id: "76f4e95f-501b-4d99-b049-1286296b62bd", org_id: "76f4e95f-501b-4d99-b049-1286296b62bd", currency_pair: "EUR/USD", exposure_amount: "120000", threshold: "100000", triggered_at: "2026-03-20T23:09:55.338078Z"}, created_at: ~U[2026-03-20 23:09:55.338630Z], metadata: %{"causation_id" => "019d0d83-330a-7c09-aca9-d0f2841f483f", "correlation_id" => "019d0d83-330a-7c09-aca9-d0f2841f483f"}}]
23:10:01.078 [debug] Nexus.Treasury.Projectors.VaultProjector confirming receipt of event #12139 of events: [%Commanded.EventStore.RecordedEvent{event_id: "0541a0ba-d1ed-47a6-aa71-4d0362944138", event_number: 12139, stream_id: "76f4e95f-501b-4d99-b049-1286296b62bd", stream_version: 2, causation_id: "e7702a67-86d2-4bd1-bdad-6e8f05a4375d", correlation_id: "ae7fd9fb-6c12-41aa-a1c2-f7ee6f66c97e", event_type: "Elixir.Nexus.Treasury.Events.PolicyAlertTriggered", data: %Nexus.Treasury.Events.PolicyAlertTriggered{policy_id: "76f4e95f-501b-4d99-b049-1286296b62bd", org_id: "76f4e95f-501b-4d99-b049-1286296b62bd", currency_pair: "EUR/USD", exposure_amount: "120000", threshold: "100000", triggered_at: "2026-03-20T23:09:55.338078Z"}, created_at: ~U[2026-03-20 23:09:55.338630Z], metadata: %{"causation_id" => "019d0d83-330a-7c09-aca9-d0f2841f483f", "correlation_id" => "019d0d83-330a-7c09-aca9-d0f2841f483f"}}]
23:10:01.078 [debug] Nexus.Treasury.ProcessManagers.TransferManager received 1 event(s)
23:10:01.078 [debug] Nexus.Treasury.ProcessManagers.TransferManager is not interested in event 12103 ("d154a838-52d0-480b-b57e-6ed29c8ec9fe"@2)
23:10:01.078 [debug] Nexus.Treasury.ProcessManagers.TransferManager confirming receipt of event: 12103
23:10:01.078 [debug] Nexus.Treasury.Projectors.VaultProjector received events: [%Commanded.EventStore.RecordedEvent{event_id: "4f1e4180-58c3-41a0-892e-865fd6030dbc", event_number: 12140, stream_id: "cc9c746e-998e-4a07-980e-4f8bf11e6cbb", stream_version: 1, causation_id: "7cc427a5-cddf-40b2-b8bb-7f1432fb862a", correlation_id: "df165391-7ea7-4f67-a451-f26accc563ed", event_type: "Elixir.Nexus.Treasury.Events.TransferThresholdSet", data: %Nexus.Treasury.Events.TransferThresholdSet{policy_id: "cc9c746e-998e-4a07-980e-4f8bf11e6cbb", org_id: "cc9c746e-998e-4a07-980e-4f8bf11e6cbb", threshold: "200000", set_at: "2026-03-20T23:09:55.345882Z"}, created_at: ~U[2026-03-20 23:09:55.346917Z], metadata: %{"causation_id" => "019d0d83-3311-70ab-9d2c-baad63a048c6", "correlation_id" => "019d0d83-3311-70ab-9d2c-baad63a048c6"}}]
23:10:01.078 [debug] Nexus.Treasury.Projectors.VaultProjector confirming receipt of event #12140 of events: [%Commanded.EventStore.RecordedEvent{event_id: "4f1e4180-58c3-41a0-892e-865fd6030dbc", event_number: 12140, stream_id: "cc9c746e-998e-4a07-980e-4f8bf11e6cbb", stream_version: 1, causation_id: "7cc427a5-cddf-40b2-b8bb-7f1432fb862a", correlation_id: "df165391-7ea7-4f67-a451-f26accc563ed", event_type: "Elixir.Nexus.Treasury.Events.TransferThresholdSet", data: %Nexus.Treasury.Events.TransferThresholdSet{policy_id: "cc9c746e-998e-4a07-980e-4f8bf11e6cbb", org_id: "cc9c746e-998e-4a07-980e-4f8bf11e6cbb", threshold: "200000", set_at: "2026-03-20T23:09:55.345882Z"}, created_at: ~U[2026-03-20 23:09:55.346917Z], metadata: %{"causation_id" => "019d0d83-3311-70ab-9d2c-baad63a048c6", "correlation_id" => "019d0d83-3311-70ab-9d2c-baad63a048c6"}}]
23:10:01.078 [debug] Nexus.Treasury.Handlers.TransferExecutionHandler received events: [%Commanded.EventStore.RecordedEvent{event_id: "ce396854-5bfa-4e5f-9279-8721408a241b", event_number: 12132, stream_id: "6a6b949a-0251-49a2-afb7-9a592797dad1", stream_version: 1, causation_id: "0d9fbe3c-a047-4695-bb04-d76647b2bb94", correlation_id: "193827dd-cf22-478c-a275-3490d39bcd22", event_type: "Elixir.Nexus.ERP.Events.StatementUploaded", data: %Nexus.ERP.Events.StatementUploaded{statement_id: "6a6b949a-0251-49a2-afb7-9a592797dad1", org_id: "b49856d3-24c8-4c09-82dc-38035b65cb30", filename: "recon_test.csv", format: "csv", lines: [%{id: "019d0d83-32a5-75fc-b375-79fb3cccb408", status: "unmatched", date: "2024-01-01", metadata: %{}, currency: "EUR", ref: "REF001", amount: "100.00", narrative: "Test narrative"}], uploaded_at: "2026-03-20T23:09:55.237031Z", content_hash: "2A6D7CDCA877B8631942E2171A0BB33BDDCE9ECA36C103C671439B8CCB0A6438"}, created_at: ~U[2026-03-20 23:09:55.238065Z], metadata: %{"causation_id" => "019d0d83-32a5-7dec-94c3-6f5465e9935d", "correlation_id" => "019d0d83-32a5-7dec-94c3-6f5465e9935d"}}]
23:10:01.078 [debug] Nexus.Treasury.Handlers.TransferExecutionHandler confirming receipt of event #12132 of events: [%Commanded.EventStore.RecordedEvent{event_id: "ce396854-5bfa-4e5f-9279-8721408a241b", event_number: 12132, stream_id: "6a6b949a-0251-49a2-afb7-9a592797dad1", stream_version: 1, causation_id: "0d9fbe3c-a047-4695-bb04-d76647b2bb94", correlation_id: "193827dd-cf22-478c-a275-3490d39bcd22", event_type: "Elixir.Nexus.ERP.Events.StatementUploaded", data: %Nexus.ERP.Events.StatementUploaded{statement_id: "6a6b949a-0251-49a2-afb7-9a592797dad1", org_id: "b49856d3-24c8-4c09-82dc-38035b65cb30", filename: "recon_test.csv", format: "csv", lines: [%{id: "019d0d83-32a5-75fc-b375-79fb3cccb408", status: "unmatched", date: "2024-01-01", metadata: %{}, currency: "EUR", ref: "REF001", amount: "100.00", narrative: "Test narrative"}], uploaded_at: "2026-03-20T23:09:55.237031Z", content_hash: "2A6D7CDCA877B8631942E2171A0BB33BDDCE9ECA36C103C671439B8CCB0A6438"}, created_at: ~U[2026-03-20 23:09:55.238065Z], metadata: %{"causation_id" => "019d0d83-32a5-7dec-94c3-6f5465e9935d", "correlation_id" => "019d0d83-32a5-7dec-94c3-6f5465e9935d"}}]
23:10:01.079 [debug] Nexus.Treasury.ProcessManagers.TransferManager received 1 event(s)
23:10:01.079 [debug] Nexus.Treasury.ProcessManagers.TransferManager is not interested in event 12104 ("9d3a5070-b2c3-4400-9df9-c549702f4442"@1)
23:10:01.079 [debug] Nexus.Treasury.ProcessManagers.TransferManager confirming receipt of event: 12104
23:10:01.079 [debug] Nexus.Treasury.Projectors.VaultProjector received events: [%Commanded.EventStore.RecordedEvent{event_id: "7268c77c-c790-42ef-9147-34eb6cd7e5f9", event_number: 12141, stream_id: "019d0d83-332b-7e50-819c-0d952a74db40", stream_version: 1, causation_id: "197e1d64-edac-45ad-95c7-1f0017b11918", correlation_id: "313ec30f-5e4c-4d08-aff8-c837c1f91213", event_type: "Elixir.Nexus.ERP.Events.StatementUploaded", data: %Nexus.ERP.Events.StatementUploaded{statement_id: "019d0d83-332b-7e50-819c-0d952a74db40", org_id: "019d0d83-332b-70b6-809f-03fa988ac1ad", filename: "january.sta", format: "mt940", lines: [%{id: "019d0d83-332c-7f84-ad01-84271059abac", status: "unmatched", date: "2023-01-03", metadata: %{}, currency: "EUR", ref: "TRFBACS-REF-001", amount: "1500.00", narrative: "VENDOR PAYMENT EUR/USD BATCH A"}, %{id: "019d0d83-332c-7656-855b-993cadbec895", status: "unmatched", date: "2023-01-04", metadata: %{}, currency: "EUR", ref: "TRFBACS-REF-002", amount: "2000.00", narrative: "FX SETTLEMENT TRANCHE B"}, %{id: "019d0d83-332c-72d9-9669-05c2d6a0a1a8", status: "unmatched", date: "2023-01-05", metadata: %{}, currency: "EUR", ref: "TRFBACS-REF-003", amount: "-500.00", narrative: "BANK CHARGES JAN"}], uploaded_at: "2026-03-20T23:09:55.371873Z", content_hash: "B7A5037D782694494B77B3FFB9AFB6CF465E925B8DCF8465887A7EC15965A002"}, created_at: ~U[2026-03-20 23:09:55.372722Z], metadata: %{"causation_id" => "019d0d83-332b-7bfa-a811-e0eee02bc56e", "correlation_id" => "019d0d83-332b-7bfa-a811-e0eee02bc56e"}}]
23:10:01.079 [debug] Nexus.Treasury.Projectors.VaultProjector confirming receipt of event #12141 of events: [%Commanded.EventStore.RecordedEvent{event_id: "7268c77c-c790-42ef-9147-34eb6cd7e5f9", event_number: 12141, stream_id: "019d0d83-332b-7e50-819c-0d952a74db40", stream_version: 1, causation_id: "197e1d64-edac-45ad-95c7-1f0017b11918", correlation_id: "313ec30f-5e4c-4d08-aff8-c837c1f91213", event_type: "Elixir.Nexus.ERP.Events.StatementUploaded", data: %Nexus.ERP.Events.StatementUploaded{statement_id: "019d0d83-332b-7e50-819c-0d952a74db40", org_id: "019d0d83-332b-70b6-809f-03fa988ac1ad", filename: "january.sta", format: "mt940", lines: [%{id: "019d0d83-332c-7f84-ad01-84271059abac", status: "unmatched", date: "2023-01-03", metadata: %{}, currency: "EUR", ref: "TRFBACS-REF-001", amount: "1500.00", narrative: "VENDOR PAYMENT EUR/USD BATCH A"}, %{id: "019d0d83-332c-7656-855b-993cadbec895", status: "unmatched", date: "2023-01-04", metadata: %{}, currency: "EUR", ref: "TRFBACS-REF-002", amount: "2000.00", narrative: "FX SETTLEMENT TRANCHE B"}, %{id: "019d0d83-332c-72d9-9669-05c2d6a0a1a8", status: "unmatched", date: "2023-01-05", metadata: %{}, currency: "EUR", ref: "TRFBACS-REF-003", amount: "-500.00", narrative: "BANK CHARGES JAN"}], uploaded_at: "2026-03-20T23:09:55.371873Z", content_hash: "B7A5037D782694494B77B3FFB9AFB6CF465E925B8DCF8465887A7EC15965A002"}, created_at: ~U[2026-03-20 23:09:55.372722Z], metadata: %{"causation_id" => "019d0d83-332b-7bfa-a811-e0eee02bc56e", "correlation_id" => "019d0d83-332b-7bfa-a811-e0eee02bc56e"}}]
23:10:01.079 [debug] Nexus.Treasury.Handlers.TransferExecutionHandler received events: [%Commanded.EventStore.RecordedEvent{event_id: "e20f88c7-d581-4584-917e-2dfebb8caaa1", event_number: 12133, stream_id: "f7f1a84b-7d21-4dee-99a9-4425aba97425", stream_version: 1, causation_id: "67d80181-46fd-4cb4-8c3d-89e61afb6571", correlation_id: "3fc19011-bc2c-4fe6-8a79-0c3e714f3770", event_type: "Elixir.Nexus.Treasury.Events.TransactionReconciled", data: %Nexus.Treasury.Events.TransactionReconciled{org_id: "b49856d3-24c8-4c09-82dc-38035b65cb30", reconciliation_id: "f7f1a84b-7d21-4dee-99a9-4425aba97425", invoice_id: "3d3f7a42-f7b7-450d-a676-5b22659655f8", statement_id: "6a6b949a-0251-49a2-afb7-9a592797dad1", statement_line_id: "019d0d83-32a5-75fc-b375-79fb3cccb408", amount: "100.00", variance: nil, variance_reason: nil, actor_email: "test@example.com", currency: "EUR", timestamp: "2026-03-20T23:09:55.248916Z"}, created_at: ~U[2026-03-20 23:09:55.251813Z], metadata: %{"causation_id" => "019d0d83-32b0-7ab0-854e-14937541aa42", "correlation_id" => "019d0d83-32b0-7ab0-854e-14937541aa42"}}]
23:10:01.079 [debug] Nexus.Treasury.Handlers.TransferExecutionHandler confirming receipt of event #12133 of events: [%Commanded.EventStore.RecordedEvent{event_id: "e20f88c7-d581-4584-917e-2dfebb8caaa1", event_number: 12133, stream_id: "f7f1a84b-7d21-4dee-99a9-4425aba97425", stream_version: 1, causation_id: "67d80181-46fd-4cb4-8c3d-89e61afb6571", correlation_id: "3fc19011-bc2c-4fe6-8a79-0c3e714f3770", event_type: "Elixir.Nexus.Treasury.Events.TransactionReconciled", data: %Nexus.Treasury.Events.TransactionReconciled{org_id: "b49856d3-24c8-4c09-82dc-38035b65cb30", reconciliation_id: "f7f1a84b-7d21-4dee-99a9-4425aba97425", invoice_id: "3d3f7a42-f7b7-450d-a676-5b22659655f8", statement_id: "6a6b949a-0251-49a2-afb7-9a592797dad1", statement_line_id: "019d0d83-32a5-75fc-b375-79fb3cccb408", amount: "100.00", variance: nil, variance_reason: nil, actor_email: "test@example.com", currency: "EUR", timestamp: "2026-03-20T23:09:55.248916Z"}, created_at: ~U[2026-03-20 23:09:55.251813Z], metadata: %{"causation_id" => "019d0d83-32b0-7ab0-854e-14937541aa42", "correlation_id" => "019d0d83-32b0-7ab0-854e-14937541aa42"}}]
23:10:01.079 [debug] Nexus.Treasury.ProcessManagers.TransferManager received 1 event(s)
23:10:01.079 [debug] Nexus.Treasury.ProcessManagers.TransferManager is not interested in event 12105 ("9d3a5070-b2c3-4400-9df9-c549702f4442"@2)
23:10:01.079 [debug] Nexus.Treasury.ProcessManagers.TransferManager confirming receipt of event: 12105
23:10:01.079 [debug] Nexus.Treasury.Projectors.VaultProjector received events: [%Commanded.EventStore.RecordedEvent{event_id: "10f65bcb-ac5a-4ff0-8712-8d5bfa537607", event_number: 12142, stream_id: "019d0d83-3333-7e0f-879d-23b6655b3b70", stream_version: 1, causation_id: "d2d80fab-f525-4296-914d-d42f4bf45cd1", correlation_id: "ff61bf2a-70d3-4b1b-bd32-7bcc21051aa2", event_type: "Elixir.Nexus.ERP.Events.StatementUploaded", data: %Nexus.ERP.Events.StatementUploaded{statement_id: "019d0d83-3333-7e0f-879d-23b6655b3b70", org_id: "019d0d83-3333-7c70-8ee6-f4d81405fcf5", filename: "january.csv", format: "csv", lines: [%{id: "019d0d83-3334-7de0-b2ff-6d350657bfe8", status: "unmatched", date: "2023-01-03", metadata: %{}, currency: "EUR", ref: "BACS-REF-001", amount: "1500.00", narrative: "Vendor Payment Batch A"}, %{id: "019d0d83-3334-7d94-b2ec-e34cdbf4c5cb", status: "unmatched", date: "2023-01-04", metadata: %{}, currency: "USD", ref: "BACS-REF-002", amount: "2000.00", narrative: "FX Settlement Tranche B"}], uploaded_at: "2026-03-20T23:09:55.379805Z", content_hash: "B239170FECC090C8FE420468A3019623DEB187E3E0E8BB6DAA37F027FE841000"}, created_at: ~U[2026-03-20 23:09:55.380579Z], metadata: %{"causation_id" => "019d0d83-3333-7677-92f9-c494b3e47a23", "correlation_id" => "019d0d83-3333-7677-92f9-c494b3e47a23"}}]
23:10:01.079 [debug] Nexus.Treasury.Handlers.TransferExecutionHandler received events: [%Commanded.EventStore.RecordedEvent{event_id: "621ed6dd-86ef-4136-996f-ca1dbee1c5be", event_number: 12134, stream_id: "27b1d1bd-6463-48e9-9b54-c8a20e48c18b", stream_version: 1, causation_id: "1d3fb544-86de-46fa-812a-e5984981dedd", correlation_id: "01186e05-c6fc-4911-9743-7687001cc70a", event_type: "Elixir.Nexus.ERP.Events.StatementUploaded", data: %Nexus.ERP.Events.StatementUploaded{statement_id: "27b1d1bd-6463-48e9-9b54-c8a20e48c18b", org_id: "3f6014ba-63ca-4a35-a5f9-cae7482f0f98", filename: "alpha.csv", format: "csv", lines: [%{id: "019d0d83-32c9-77f5-9f02-48dace398fc2", status: "unmatched", date: "2024-01-01", metadata: %{}, currency: "EUR", ref: "REF", amount: "0", narrative: "N1"}], uploaded_at: "2026-03-20T23:09:55.272774Z", content_hash: "9A99C19879FE44B699E10D43919F4706C51F2D03F8190FD6C6D6D28701DDFA3C"}, created_at: ~U[2026-03-20 23:09:55.273636Z], metadata: %{"causation_id" => "019d0d83-32c8-7f97-99d6-66a3ed94ade9", "correlation_id" => "019d0d83-32c8-7f97-99d6-66a3ed94ade9"}}]
23:10:01.080 [debug] Nexus.Treasury.Handlers.TransferExecutionHandler confirming receipt of event #12134 of events: [%Commanded.EventStore.RecordedEvent{event_id: "621ed6dd-86ef-4136-996f-ca1dbee1c5be", event_number: 12134, stream_id: "27b1d1bd-6463-48e9-9b54-c8a20e48c18b", stream_version: 1, causation_id: "1d3fb544-86de-46fa-812a-e5984981dedd", correlation_id: "01186e05-c6fc-4911-9743-7687001cc70a", event_type: "Elixir.Nexus.ERP.Events.StatementUploaded", data: %Nexus.ERP.Events.StatementUploaded{statement_id: "27b1d1bd-6463-48e9-9b54-c8a20e48c18b", org_id: "3f6014ba-63ca-4a35-a5f9-cae7482f0f98", filename: "alpha.csv", format: "csv", lines: [%{id: "019d0d83-32c9-77f5-9f02-48dace398fc2", status: "unmatched", date: "2024-01-01", metadata: %{}, currency: "EUR", ref: "REF", amount: "0", narrative: "N1"}], uploaded_at: "2026-03-20T23:09:55.272774Z", content_hash: "9A99C19879FE44B699E10D43919F4706C51F2D03F8190FD6C6D6D28701DDFA3C"}, created_at: ~U[2026-03-20 23:09:55.273636Z], metadata: %{"causation_id" => "019d0d83-32c8-7f97-99d6-66a3ed94ade9", "correlation_id" => "019d0d83-32c8-7f97-99d6-66a3ed94ade9"}}]
23:10:01.080 [debug] Nexus.Treasury.Projectors.VaultProjector confirming receipt of event #12142 of events: [%Commanded.EventStore.RecordedEvent{event_id: "10f65bcb-ac5a-4ff0-8712-8d5bfa537607", event_number: 12142, stream_id: "019d0d83-3333-7e0f-879d-23b6655b3b70", stream_version: 1, causation_id: "d2d80fab-f525-4296-914d-d42f4bf45cd1", correlation_id: "ff61bf2a-70d3-4b1b-bd32-7bcc21051aa2", event_type: "Elixir.Nexus.ERP.Events.StatementUploaded", data: %Nexus.ERP.Events.StatementUploaded{statement_id: "019d0d83-3333-7e0f-879d-23b6655b3b70", org_id: "019d0d83-3333-7c70-8ee6-f4d81405fcf5", filename: "january.csv", format: "csv", lines: [%{id: "019d0d83-3334-7de0-b2ff-6d350657bfe8", status: "unmatched", date: "2023-01-03", metadata: %{}, currency: "EUR", ref: "BACS-REF-001", amount: "1500.00", narrative: "Vendor Payment Batch A"}, %{id: "019d0d83-3334-7d94-b2ec-e34cdbf4c5cb", status: "unmatched", date: "2023-01-04", metadata: %{}, currency: "USD", ref: "BACS-REF-002", amount: "2000.00", narrative: "FX Settlement Tranche B"}], uploaded_at: "2026-03-20T23:09:55.379805Z", content_hash: "B239170FECC090C8FE420468A3019623DEB187E3E0E8BB6DAA37F027FE841000"}, created_at: ~U[2026-03-20 23:09:55.380579Z], metadata: %{"causation_id" => "019d0d83-3333-7677-92f9-c494b3e47a23", "correlation_id" => "019d0d83-3333-7677-92f9-c494b3e47a23"}}]
23:10:01.080 [debug] Nexus.Treasury.ProcessManagers.TransferManager received 1 event(s)
23:10:01.080 [debug] Nexus.Treasury.ProcessManagers.TransferManager is not interested in event 12106 ("9d3a5070-b2c3-4400-9df9-c549702f4442"@3)
23:10:01.080 [debug] Nexus.Treasury.ProcessManagers.TransferManager confirming receipt of event: 12106
23:10:01.080 [debug] Nexus.Treasury.Projectors.VaultProjector received events: [%Commanded.EventStore.RecordedEvent{event_id: "abb3bbba-ef60-420c-9a72-5d0505f864fb", event_number: 12143, stream_id: "019d0d83-333d-76ce-836c-73041cf54ed1", stream_version: 1, causation_id: "e2ac60fc-e96b-4167-b464-4de2b5bec904", correlation_id: "f3c36061-bb45-4dd5-aaad-a99d93af5abf", event_type: "Elixir.Nexus.ERP.Events.StatementRejected", data: %Nexus.ERP.Events.StatementRejected{statement_id: "019d0d83-333d-76ce-836c-73041cf54ed1", org_id: "019d0d83-333d-752f-b2ec-944606c047f5", filename: "broken.sta", reason: "File content is empty", rejected_at: "2026-03-20T23:09:55.389487Z"}, created_at: ~U[2026-03-20 23:09:55.390241Z], metadata: %{"causation_id" => "019d0d83-333d-7d67-9ab5-8312f3cadd51", "correlation_id" => "019d0d83-333d-7d67-9ab5-8312f3cadd51"}}]
23:10:01.080 [debug] Nexus.Treasury.Handlers.TransferExecutionHandler received events: [%Commanded.EventStore.RecordedEvent{event_id: "7e5c85a1-b869-4a9d-b931-8724167d618c", event_number: 12135, stream_id: "af67c906-4e54-47ba-9c47-0a89544fd602", stream_version: 1, causation_id: "30528f9c-6d7d-4340-be7e-6d25217623e1", correlation_id: "4112b2b0-c53a-43f6-8c2a-338a66885c2e", event_type: "Elixir.Nexus.ERP.Events.StatementUploaded", data: %Nexus.ERP.Events.StatementUploaded{statement_id: "af67c906-4e54-47ba-9c47-0a89544fd602", org_id: "3f6014ba-63ca-4a35-a5f9-cae7482f0f98", filename: "beta.csv", format: "csv", lines: [%{id: "019d0d83-32d1-73bf-b572-c687537dda88", status: "unmatched", date: "2024-01-01", metadata: %{}, currency: "EUR", ref: "REF", amount: "0", narrative: "N2"}], uploaded_at: "2026-03-20T23:09:55.280493Z", content_hash: "7FBECE875329D8B3726C38BE77AE60A9F4E8D3CF3282F5FB06CB8474EE7D6407"}, created_at: ~U[2026-03-20 23:09:55.281727Z], metadata: %{"causation_id" => "019d0d83-32d0-7818-b51f-70ca2dc68e85", "correlation_id" => "019d0d83-32d0-7818-b51f-70ca2dc68e85"}}]
23:10:01.080 [debug] Nexus.Treasury.Projectors.VaultProjector confirming receipt of event #12143 of events: [%Commanded.EventStore.RecordedEvent{event_id: "abb3bbba-ef60-420c-9a72-5d0505f864fb", event_number: 12143, stream_id: "019d0d83-333d-76ce-836c-73041cf54ed1", stream_version: 1, causation_id: "e2ac60fc-e96b-4167-b464-4de2b5bec904", correlation_id: "f3c36061-bb45-4dd5-aaad-a99d93af5abf", event_type: "Elixir.Nexus.ERP.Events.StatementRejected", data: %Nexus.ERP.Events.StatementRejected{statement_id: "019d0d83-333d-76ce-836c-73041cf54ed1", org_id: "019d0d83-333d-752f-b2ec-944606c047f5", filename: "broken.sta", reason: "File content is empty", rejected_at: "2026-03-20T23:09:55.389487Z"}, created_at: ~U[2026-03-20 23:09:55.390241Z], metadata: %{"causation_id" => "019d0d83-333d-7d67-9ab5-8312f3cadd51", "correlation_id" => "019d0d83-333d-7d67-9ab5-8312f3cadd51"}}]
23:10:01.080 [debug] Nexus.Treasury.Handlers.TransferExecutionHandler confirming receipt of event #12135 of events: [%Commanded.EventStore.RecordedEvent{event_id: "7e5c85a1-b869-4a9d-b931-8724167d618c", event_number: 12135, stream_id: "af67c906-4e54-47ba-9c47-0a89544fd602", stream_version: 1, causation_id: "30528f9c-6d7d-4340-be7e-6d25217623e1", correlation_id: "4112b2b0-c53a-43f6-8c2a-338a66885c2e", event_type: "Elixir.Nexus.ERP.Events.StatementUploaded", data: %Nexus.ERP.Events.StatementUploaded{statement_id: "af67c906-4e54-47ba-9c47-0a89544fd602", org_id: "3f6014ba-63ca-4a35-a5f9-cae7482f0f98", filename: "beta.csv", format: "csv", lines: [%{id: "019d0d83-32d1-73bf-b572-c687537dda88", status: "unmatched", date: "2024-01-01", metadata: %{}, currency: "EUR", ref: "REF", amount: "0", narrative: "N2"}], uploaded_at: "2026-03-20T23:09:55.280493Z", content_hash: "7FBECE875329D8B3726C38BE77AE60A9F4E8D3CF3282F5FB06CB8474EE7D6407"}, created_at: ~U[2026-03-20 23:09:55.281727Z], metadata: %{"causation_id" => "019d0d83-32d0-7818-b51f-70ca2dc68e85", "correlation_id" => "019d0d83-32d0-7818-b51f-70ca2dc68e85"}}]
23:10:01.080 [debug] Nexus.Treasury.Projectors.TransferProjector received events: [%Commanded.EventStore.RecordedEvent{event_id: "62c6b71c-722f-4f2d-8755-429e94f0e965", event_number: 2172, stream_id: "019cca7f-79a7-7b90-938a-8ce15011f26b", stream_version: 1, causation_id: "d72ccd15-4b2a-488e-97ff-35721da3c29b", correlation_id: "e053c8f4-f9af-4815-b6f7-0a119251f0d0", event_type: "Elixir.Nexus.Treasury.Events.TransferInitiated", data: %Nexus.Treasury.Events.TransferInitiated{transfer_id: "019cca7f-79a7-7b90-938a-8ce15011f26b", org_id: "org_123", user_id: "user_456", from_currency: "EUR", to_currency: "USD", amount: "100", status: "authorized", bulk_payment_id: nil, recipient_data: nil, requested_at: "2026-03-07T22:51:17.800772Z"}, created_at: ~U[2026-03-07 22:51:17.837188Z], metadata: %{}}]
23:10:01.081 [debug] Nexus.Treasury.ProcessManagers.TransferManager received 1 event(s)
23:10:01.081 [debug] Nexus.Treasury.ProcessManagers.TransferManager is not interested in event 12107 ("a376bcdc-3241-44eb-89e4-fec0a0c202dc"@1)
23:10:01.081 [debug] Nexus.Treasury.ProcessManagers.TransferManager confirming receipt of event: 12107
23:10:01.081 [debug] Nexus.Treasury.Projectors.VaultProjector received events: [%Commanded.EventStore.RecordedEvent{event_id: "23be5a2a-b410-40e7-9593-1daa629e9388", event_number: 12144, stream_id: "forecast-00000000-0000-0000-0000-000000000000", stream_version: 124, causation_id: "f934aea4-48d8-423a-8f4e-f99c01306015", correlation_id: "2c02e510-c7f3-4fbb-b451-9bfb33dc25b0", event_type: "Elixir.Nexus.Treasury.Events.ForecastGenerated", data: %Nexus.Treasury.Events.ForecastGenerated{org_id: "00000000-0000-0000-0000-000000000000", currency: "EUR", horizon_days: 30, predictions: [%{date: "2026-03-03", predicted_amount: 1000.5}], generated_at: "2026-03-20T23:09:55.394346Z"}, created_at: ~U[2026-03-20 23:09:55.398776Z], metadata: %{"causation_id" => "019d0d83-3342-7cab-93c4-483f299fc73c", "correlation_id" => "019d0d83-3342-7cab-93c4-483f299fc73c"}}]
23:10:01.081 [debug] Nexus.Treasury.Projectors.VaultProjector confirming receipt of event #12144 of events: [%Commanded.EventStore.RecordedEvent{event_id: "23be5a2a-b410-40e7-9593-1daa629e9388", event_number: 12144, stream_id: "forecast-00000000-0000-0000-0000-000000000000", stream_version: 124, causation_id: "f934aea4-48d8-423a-8f4e-f99c01306015", correlation_id: "2c02e510-c7f3-4fbb-b451-9bfb33dc25b0", event_type: "Elixir.Nexus.Treasury.Events.ForecastGenerated", data: %Nexus.Treasury.Events.ForecastGenerated{org_id: "00000000-0000-0000-0000-000000000000", currency: "EUR", horizon_days: 30, predictions: [%{date: "2026-03-03", predicted_amount: 1000.5}], generated_at: "2026-03-20T23:09:55.394346Z"}, created_at: ~U[2026-03-20 23:09:55.398776Z], metadata: %{"causation_id" => "019d0d83-3342-7cab-93c4-483f299fc73c", "correlation_id" => "019d0d83-3342-7cab-93c4-483f299fc73c"}}]
23:10:01.081 [debug] Nexus.Treasury.Handlers.TransferExecutionHandler received events: [%Commanded.EventStore.RecordedEvent{event_id: "89485f99-ce95-4533-8471-ede4044a252e", event_number: 12136, stream_id: "019d0d83-32e1-70cc-8fef-9acc1fae7c73", stream_version: 1, causation_id: "bf7b2582-9301-413c-9df6-3aaef870b389", correlation_id: "579ea11d-d967-4450-8fdf-e6d648424b47", event_type: "Elixir.Nexus.ERP.Events.InvoiceIngested", data: %Nexus.ERP.Events.InvoiceIngested{org_id: "019d0d83-32e1-7ec0-a030-09ffbb813a8e", invoice_id: "019d0d83-32e1-70cc-8fef-9acc1fae7c73", entity_id: "E-101", currency: "EUR", amount: "1000", due_date: "2026-04-19", subsidiary: "Munich HQ", line_items: [%{description: "Software License", amount: "1000"}], sap_document_number: "SAP-019d0d83-32e1-70cc-8fef-9acc1fae7c73", sap_status: "Verified_Via_Network", ingested_at: "2026-03-20T23:09:55.297653Z"}, created_at: ~U[2026-03-20 23:09:55.298430Z], metadata: %{"causation_id" => "019d0d83-32e1-7426-9d4a-8a108dcfef67", "correlation_id" => "019d0d83-32e1-7426-9d4a-8a108dcfef67"}}]
23:10:01.081 [debug] Nexus.Treasury.Handlers.TransferExecutionHandler confirming receipt of event #12136 of events: [%Commanded.EventStore.RecordedEvent{event_id: "89485f99-ce95-4533-8471-ede4044a252e", event_number: 12136, stream_id: "019d0d83-32e1-70cc-8fef-9acc1fae7c73", stream_version: 1, causation_id: "bf7b2582-9301-413c-9df6-3aaef870b389", correlation_id: "579ea11d-d967-4450-8fdf-e6d648424b47", event_type: "Elixir.Nexus.ERP.Events.InvoiceIngested", data: %Nexus.ERP.Events.InvoiceIngested{org_id: "019d0d83-32e1-7ec0-a030-09ffbb813a8e", invoice_id: "019d0d83-32e1-70cc-8fef-9acc1fae7c73", entity_id: "E-101", currency: "EUR", amount: "1000", due_date: "2026-04-19", subsidiary: "Munich HQ", line_items: [%{description: "Software License", amount: "1000"}], sap_document_number: "SAP-019d0d83-32e1-70cc-8fef-9acc1fae7c73", sap_status: "Verified_Via_Network", ingested_at: "2026-03-20T23:09:55.297653Z"}, created_at: ~U[2026-03-20 23:09:55.298430Z], metadata: %{"causation_id" => "019d0d83-32e1-7426-9d4a-8a108dcfef67", "correlation_id" => "019d0d83-32e1-7426-9d4a-8a108dcfef67"}}]
23:10:01.081 [debug] QUERY OK db=0.2ms
begin []
23:10:01.081 [debug] Nexus.Treasury.Projectors.VaultProjector received events: [%Commanded.EventStore.RecordedEvent{event_id: "9ed39ebd-b06a-42af-b42d-da03e5846acb", event_number: 12145, stream_id: "019d0d83-334a-7010-9a06-ee36f50f7e07", stream_version: 1, causation_id: "a57ff602-b26a-4735-b16c-5158a0cbe2f2", correlation_id: "941b2cdc-4153-4b6d-9c09-9248b421c26c", event_type: "Elixir.Nexus.ERP.Events.InvoiceIngested", data: %Nexus.ERP.Events.InvoiceIngested{org_id: "019d0d83-3347-784a-a507-b3da919cb68c", invoice_id: "019d0d83-334a-7010-9a06-ee36f50f7e07", entity_id: "ENT-101", currency: "EUR", amount: "1500.00", due_date: "2026-04-19", subsidiary: "Munich HQ", line_items: [%{description: "Service", amount: "1500.00"}], sap_document_number: "SAP-101", sap_status: "Verified", ingested_at: "2026-03-20T23:09:55.402032Z"}, created_at: ~U[2026-03-20 23:09:55.403062Z], metadata: %{"causation_id" => "019d0d83-334a-7c90-8389-31df9a31f975", "correlation_id" => "019d0d83-334a-7c90-8389-31df9a31f975"}}]
23:10:01.081 [debug] QUERY OK source="projection_versions" db=0.2ms
INSERT INTO "projection_versions" AS p0 ("projection_name","last_seen_event_number","inserted_at","updated_at") VALUES ($1,$2,$3,$4) ON CONFLICT ("projection_name") DO UPDATE SET "last_seen_event_number" = $5 WHERE ((p0."projection_name" = $6) AND (p0."last_seen_event_number" < $7)) ["Treasury.TransferProjector", 2172, ~N[2026-03-20 23:10:01.081342], ~N[2026-03-20 23:10:01.081342], 2172, "Treasury.TransferProjector", 2172]
23:10:01.081 [debug] Nexus.Treasury.Projectors.VaultProjector confirming receipt of event #12145 of events: [%Commanded.EventStore.RecordedEvent{event_id: "9ed39ebd-b06a-42af-b42d-da03e5846acb", event_number: 12145, stream_id: "019d0d83-334a-7010-9a06-ee36f50f7e07", stream_version: 1, causation_id: "a57ff602-b26a-4735-b16c-5158a0cbe2f2", correlation_id: "941b2cdc-4153-4b6d-9c09-9248b421c26c", event_type: "Elixir.Nexus.ERP.Events.InvoiceIngested", data: %Nexus.ERP.Events.InvoiceIngested{org_id: "019d0d83-3347-784a-a507-b3da919cb68c", invoice_id: "019d0d83-334a-7010-9a06-ee36f50f7e07", entity_id: "ENT-101", currency: "EUR", amount: "1500.00", due_date: "2026-04-19", subsidiary: "Munich HQ", line_items: [%{description: "Service", amount: "1500.00"}], sap_document_number: "SAP-101", sap_status: "Verified", ingested_at: "2026-03-20T23:09:55.402032Z"}, created_at: ~U[2026-03-20 23:09:55.403062Z], metadata: %{"causation_id" => "019d0d83-334a-7c90-8389-31df9a31f975", "correlation_id" => "019d0d83-334a-7c90-8389-31df9a31f975"}}]
23:10:01.081 [debug] QUERY OK db=0.1ms
rollback []
23:10:01.081 [debug] Nexus.Treasury.ProcessManagers.TransferManager received 1 event(s)
23:10:01.082 [debug] Nexus.Treasury.ProcessManagers.TransferManager is not interested in event 12108 ("a376bcdc-3241-44eb-89e4-fec0a0c202dc"@2)
23:10:01.082 [debug] Nexus.Treasury.ProcessManagers.TransferManager confirming receipt of event: 12108
23:10:01.082 [debug] Nexus.Treasury.Handlers.TransferExecutionHandler received events: [%Commanded.EventStore.RecordedEvent{event_id: "0f350d2b-db91-44cb-ae60-8e06189a4cf2", event_number: 12137, stream_id: "019d0d83-32ef-7f2a-8f30-390759b06a55", stream_version: 1, causation_id: "4369b26e-e90a-4447-b622-8bfddc7073c1", correlation_id: "1fb281b9-fd0a-4908-b480-96a3c24f0453", event_type: "Elixir.Nexus.ERP.Events.InvoiceRejected", data: %Nexus.ERP.Events.InvoiceRejected{org_id: "019d0d83-32ee-7590-836f-d36371ed1571", invoice_id: "019d0d83-32ef-7f2a-8f30-390759b06a55", reason: "Invoice amount must be positive", rejected_at: "2026-03-20T23:09:55.311007Z"}, created_at: ~U[2026-03-20 23:09:55.312014Z], metadata: %{"causation_id" => "019d0d83-32ef-79bd-8b2c-7916545dd5d5", "correlation_id" => "019d0d83-32ef-79bd-8b2c-7916545dd5d5"}}]
23:10:01.082 [debug] Nexus.Treasury.Handlers.TransferExecutionHandler confirming receipt of event #12137 of events: [%Commanded.EventStore.RecordedEvent{event_id: "0f350d2b-db91-44cb-ae60-8e06189a4cf2", event_number: 12137, stream_id: "019d0d83-32ef-7f2a-8f30-390759b06a55", stream_version: 1, causation_id: "4369b26e-e90a-4447-b622-8bfddc7073c1", correlation_id: "1fb281b9-fd0a-4908-b480-96a3c24f0453", event_type: "Elixir.Nexus.ERP.Events.InvoiceRejected", data: %Nexus.ERP.Events.InvoiceRejected{org_id: "019d0d83-32ee-7590-836f-d36371ed1571", invoice_id: "019d0d83-32ef-7f2a-8f30-390759b06a55", reason: "Invoice amount must be positive", rejected_at: "2026-03-20T23:09:55.311007Z"}, created_at: ~U[2026-03-20 23:09:55.312014Z], metadata: %{"causation_id" => "019d0d83-32ef-79bd-8b2c-7916545dd5d5", "correlation_id" => "019d0d83-32ef-79bd-8b2c-7916545dd5d5"}}]
23:10:01.082 [debug] Nexus.Treasury.Projectors.VaultProjector received events: [%Commanded.EventStore.RecordedEvent{event_id: "dc1b763c-6b4e-47c1-969c-c4992ce88089", event_number: 12146, stream_id: "AutomatedTest.PM-019d0d83-3347-784a-a507-b3da919cb68c", stream_version: 1, causation_id: nil, correlation_id: nil, event_type: "Elixir.Nexus.ERP.Events.InvoiceIngested", data: %Nexus.ERP.Events.InvoiceIngested{org_id: "019d0d83-3347-784a-a507-b3da919cb68c", invoice_id: "019d0d83-334a-7010-9a06-ee36f50f7e07", entity_id: "ENT-101", currency: "EUR", amount: "1500.00", due_date: "2026-04-19", subsidiary: "Munich HQ", line_items: [%{description: "Service", amount: "1500.00"}], sap_document_number: "SAP-101", sap_status: "Verified", ingested_at: "2026-03-20T23:09:55.402032Z"}, created_at: ~U[2026-03-20 23:09:55.407524Z], metadata: %{}}]
23:10:01.082 [debug] Nexus.Treasury.Projectors.VaultProjector confirming receipt of event #12146 of events: [%Commanded.EventStore.RecordedEvent{event_id: "dc1b763c-6b4e-47c1-969c-c4992ce88089", event_number: 12146, stream_id: "AutomatedTest.PM-019d0d83-3347-784a-a507-b3da919cb68c", stream_version: 1, causation_id: nil, correlation_id: nil, event_type: "Elixir.Nexus.ERP.Events.InvoiceIngested", data: %Nexus.ERP.Events.InvoiceIngested{org_id: "019d0d83-3347-784a-a507-b3da919cb68c", invoice_id: "019d0d83-334a-7010-9a06-ee36f50f7e07", entity_id: "ENT-101", currency: "EUR", amount: "1500.00", due_date: "2026-04-19", subsidiary: "Munich HQ", line_items: [%{description: "Service", amount: "1500.00"}], sap_document_number: "SAP-101", sap_status: "Verified", ingested_at: "2026-03-20T23:09:55.402032Z"}, created_at: ~U[2026-03-20 23:09:55.407524Z], metadata: %{}}]
23:10:01.082 [debug] Nexus.Treasury.ProcessManagers.TransferManager received 1 event(s)
23:10:01.082 [debug] Nexus.Treasury.ProcessManagers.TransferManager is not interested in event 12109 ("121f0a45-e97c-4dca-b235-dd25547a3bc5"@1)
23:10:01.082 [debug] Nexus.Treasury.ProcessManagers.TransferManager confirming receipt of event: 12109
23:10:01.082 [debug] Nexus.Treasury.Handlers.TransferExecutionHandler received events: [%Commanded.EventStore.RecordedEvent{event_id: "46a197e2-540d-4fcf-8519-d761b7fb8da4", event_number: 12138, stream_id: "76f4e95f-501b-4d99-b049-1286296b62bd", stream_version: 1, causation_id: "5a227d75-8d07-4de0-a1aa-bbc354021e15", correlation_id: "d070a368-ec64-4bbd-9234-94465a31a3ea", event_type: "Elixir.Nexus.Treasury.Events.TransferThresholdSet", data: %Nexus.Treasury.Events.TransferThresholdSet{policy_id: "76f4e95f-501b-4d99-b049-1286296b62bd", org_id: "76f4e95f-501b-4d99-b049-1286296b62bd", threshold: "100000", set_at: "2026-03-20T23:09:55.327468Z"}, created_at: ~U[2026-03-20 23:09:55.329716Z], metadata: %{"causation_id" => "019d0d83-32ff-790d-a725-6c840e7e0229", "correlation_id" => "019d0d83-32ff-790d-a725-6c840e7e0229"}}]
23:10:01.082 [debug] Nexus.Treasury.Handlers.TransferExecutionHandler confirming receipt of event #12138 of events: [%Commanded.EventStore.RecordedEvent{event_id: "46a197e2-540d-4fcf-8519-d761b7fb8da4", event_number: 12138, stream_id: "76f4e95f-501b-4d99-b049-1286296b62bd", stream_version: 1, causation_id: "5a227d75-8d07-4de0-a1aa-bbc354021e15", correlation_id: "d070a368-ec64-4bbd-9234-94465a31a3ea", event_type: "Elixir.Nexus.Treasury.Events.TransferThresholdSet", data: %Nexus.Treasury.Events.TransferThresholdSet{policy_id: "76f4e95f-501b-4d99-b049-1286296b62bd", org_id: "76f4e95f-501b-4d99-b049-1286296b62bd", threshold: "100000", set_at: "2026-03-20T23:09:55.327468Z"}, created_at: ~U[2026-03-20 23:09:55.329716Z], metadata: %{"causation_id" => "019d0d83-32ff-790d-a725-6c840e7e0229", "correlation_id" => "019d0d83-32ff-790d-a725-6c840e7e0229"}}]
23:10:01.082 [debug] Nexus.Treasury.Projectors.VaultProjector received events: [%Commanded.EventStore.RecordedEvent{event_id: "359db3fa-396b-44e6-8816-e818389e665d", event_number: 12147, stream_id: "019d0d83-3350-733d-8cb6-364d858e3be3", stream_version: 1, causation_id: "c6993a9e-8bd1-43f7-9498-6635fa16db1b", correlation_id: "a81a9ef8-93a3-43a2-960d-4623a30e37f5", event_type: "Elixir.Nexus.ERP.Events.StatementUploaded", data: %Nexus.ERP.Events.StatementUploaded{statement_id: "019d0d83-3350-733d-8cb6-364d858e3be3", org_id: "019d0d83-3347-784a-a507-b3da919cb68c", filename: "statement.csv", format: "csv", lines: [%{id: "019d0d83-3350-78ec-9148-578580a81cf3", status: "unmatched", date: "2024-03-02", metadata: %{}, currency: "EUR", ref: "BANK-REF-101", amount: "-1500.00", narrative: "Payment for SAP-101"}], uploaded_at: "2026-03-20T23:09:55.408417Z", content_hash: "9617CE13881E73C0546F5116917830BE008F52E4218CB47C0069FE2D8077E700"}, created_at: ~U[2026-03-20 23:09:55.409209Z], metadata: %{"causation_id" => "019d0d83-3350-785a-9d9f-a3f503c0785c", "correlation_id" => "019d0d83-3350-785a-9d9f-a3f503c0785c"}}]
23:10:01.082 [debug] Nexus.Treasury.Projectors.VaultProjector confirming receipt of event #12147 of events: [%Commanded.EventStore.RecordedEvent{event_id: "359db3fa-396b-44e6-8816-e818389e665d", event_number: 12147, stream_id: "019d0d83-3350-733d-8cb6-364d858e3be3", stream_version: 1, causation_id: "c6993a9e-8bd1-43f7-9498-6635fa16db1b", correlation_id: "a81a9ef8-93a3-43a2-960d-4623a30e37f5", event_type: "Elixir.Nexus.ERP.Events.StatementUploaded", data: %Nexus.ERP.Events.StatementUploaded{statement_id: "019d0d83-3350-733d-8cb6-364d858e3be3", org_id: "019d0d83-3347-784a-a507-b3da919cb68c", filename: "statement.csv", format: "csv", lines: [%{id: "019d0d83-3350-78ec-9148-578580a81cf3", status: "unmatched", date: "2024-03-02", metadata: %{}, currency: "EUR", ref: "BANK-REF-101", amount: "-1500.00", narrative: "Payment for SAP-101"}], uploaded_at: "2026-03-20T23:09:55.408417Z", content_hash: "9617CE13881E73C0546F5116917830BE008F52E4218CB47C0069FE2D8077E700"}, created_at: ~U[2026-03-20 23:09:55.409209Z], metadata: %{"causation_id" => "019d0d83-3350-785a-9d9f-a3f503c0785c", "correlation_id" => "019d0d83-3350-785a-9d9f-a3f503c0785c"}}]
23:10:01.083 [debug] Nexus.Treasury.ProcessManagers.TransferManager received 1 event(s)
23:10:01.083 [debug] Nexus.Treasury.ProcessManagers.TransferManager is not interested in event 12110 ("121f0a45-e97c-4dca-b235-dd25547a3bc5"@2)
23:10:01.083 [debug] Nexus.Treasury.ProcessManagers.TransferManager confirming receipt of event: 12110
23:10:01.083 [error] Nexus.Treasury.Projectors.TransferProjector failed to handle event:
%Commanded.EventStore.RecordedEvent{
  event_id: "62c6b71c-722f-4f2d-8755-429e94f0e965",
  event_number: 2172,
  stream_id: "019cca7f-79a7-7b90-938a-8ce15011f26b",
  stream_version: 1,
  causation_id: "d72ccd15-4b2a-488e-97ff-35721da3c29b",
  correlation_id: "e053c8f4-f9af-4815-b6f7-0a119251f0d0",
  event_type: "Elixir.Nexus.Treasury.Events.TransferInitiated",
  data: %Nexus.Treasury.Events.TransferInitiated{
    transfer_id: "019cca7f-79a7-7b90-938a-8ce15011f26b",
    org_id: "org_123",
    user_id: "user_456",
    from_currency: "EUR",
    to_currency: "USD",
    amount: "100",
    status: "authorized",
    bulk_payment_id: nil,
    recipient_data: nil,
    requested_at: "2026-03-07T22:51:17.800772Z"
  },
  created_at: ~U[2026-03-07 22:51:17.837188Z],
  metadata: %{}
}, due to:
** (Ecto.ChangeError) value `"user_456"` for `Nexus.Treasury.Projections.Transfer.user_id` in `insert` does not match type :binary_id
    (ecto 3.13.5) lib/ecto/repo/schema.ex:1301: Ecto.Repo.Schema.dump_field!/6
    (ecto 3.13.5) lib/ecto/repo/schema.ex:1310: anonymous fn/6 in Ecto.Repo.Schema.dump_fields!/5
    (stdlib 7.1) maps.erl:894: :maps.fold_1/4
    (ecto 3.13.5) lib/ecto/repo/schema.ex:1308: Ecto.Repo.Schema.dump_fields!/5
    (ecto 3.13.5) lib/ecto/repo/schema.ex:1240: Ecto.Repo.Schema.dump_changes!/7
    (ecto 3.13.5) lib/ecto/repo/schema.ex:476: anonymous fn/15 in Ecto.Repo.Schema.do_insert/4
    (ecto 3.13.5) lib/ecto/multi.ex:905: Ecto.Multi.apply_operation/5
    (elixir 1.19.5) lib/enum.ex:2520: Enum."-reduce/3-lists^foldl/2-0-"/3
    (ecto 3.13.5) lib/ecto/multi.ex:878: anonymous fn/5 in Ecto.Multi.apply_operations/5
    (ecto_sql 3.13.4) lib/ecto/adapters/sql.ex:1473: anonymous fn/3 in Ecto.Adapters.SQL.checkout_or_transaction/4
    (db_connection 2.9.0) lib/db_connection.ex:1747: DBConnection.run_transaction/4
    (ecto 3.13.5) lib/ecto/repo/transaction.ex:30: Ecto.Repo.Transaction.transact/4
    (nexus 0.1.0) deps/commanded_ecto_projections/lib/projections/ecto.ex:97: Nexus.Treasury.Projectors.TransferProjector.update_projection/3
    (commanded 1.4.9) lib/commanded/event/handler.ex:1221: Commanded.Event.Handler.delegate_event_to_handler/2
    (commanded 1.4.9) lib/commanded/event/handler.ex:1062: Commanded.Event.Handler.handle_event/3
    (elixir 1.19.5) lib/enum.ex:2520: Enum."-reduce/3-lists^foldl/2-0-"/3
    (commanded 1.4.9) lib/commanded/event/handler.ex:969: Commanded.Event.Handler.handle_info/2
    (stdlib 7.1) gen_server.erl:2434: :gen_server.try_handle_info/3
    (stdlib 7.1) gen_server.erl:2420: :gen_server.handle_msg/3
    (stdlib 7.1) proc_lib.erl:333: :proc_lib.init_p_do_apply/3

23:10:01.083 [warning] Nexus.Treasury.Projectors.TransferProjector has requested to stop: %Ecto.ChangeError{message: "value `\"user_456\"` for `Nexus.Treasury.Projections.Transfer.user_id` in `insert` does not match type :binary_id"}
23:10:01.083 [debug] Nexus.Treasury.Projectors.VaultProjector received events: [%Commanded.EventStore.RecordedEvent{event_id: "62ca6aec-a94b-4913-8867-573cd34a62d7", event_number: 12148, stream_id: "019d0d83-3357-7ce5-a714-e3c62c3853fa", stream_version: 1, causation_id: "9c8c9a12-5bd7-4758-ba66-069f89b60ce9", correlation_id: "22e5d089-edc3-4e2e-91ea-5b3d70e210c1", event_type: "Elixir.Nexus.Treasury.Events.TransactionReconciled", data: %Nexus.Treasury.Events.TransactionReconciled{org_id: "019d0d83-3347-784a-a507-b3da919cb68c", reconciliation_id: "019d0d83-3357-7ce5-a714-e3c62c3853fa", invoice_id: "019d0d83-334a-7010-9a06-ee36f50f7e07", statement_id: "019d0d83-3350-733d-8cb6-364d858e3be3", statement_line_id: "019d0d83-3350-78ec-9148-578580a81cf3", amount: "1500.00", variance: nil, variance_reason: nil, actor_email: "system@nexus.ai", currency: "EUR", timestamp: "2026-03-20T23:09:55.415929Z"}, created_at: ~U[2026-03-20 23:09:55.416687Z], metadata: %{"causation_id" => "019d0d83-3357-7765-8f35-b4308c07edd4", "correlation_id" => "019d0d83-3357-7765-8f35-b4308c07edd4"}}]
23:10:01.083 [debug] Nexus.Treasury.Projectors.TransferProjector is shutting down due to %Ecto.ChangeError{message: "value `\"user_456\"` for `Nexus.Treasury.Projections.Transfer.user_id` in `insert` does not match type :binary_id"}
23:10:01.083 [debug] Nexus.Treasury.Projectors.VaultProjector confirming receipt of event #12148 of events: [%Commanded.EventStore.RecordedEvent{event_id: "62ca6aec-a94b-4913-8867-573cd34a62d7", event_number: 12148, stream_id: "019d0d83-3357-7ce5-a714-e3c62c3853fa", stream_version: 1, causation_id: "9c8c9a12-5bd7-4758-ba66-069f89b60ce9", correlation_id: "22e5d089-edc3-4e2e-91ea-5b3d70e210c1", event_type: "Elixir.Nexus.Treasury.Events.TransactionReconciled", data: %Nexus.Treasury.Events.TransactionReconciled{org_id: "019d0d83-3347-784a-a507-b3da919cb68c", reconciliation_id: "019d0d83-3357-7ce5-a714-e3c62c3853fa", invoice_id: "019d0d83-334a-7010-9a06-ee36f50f7e07", statement_id: "019d0d83-3350-733d-8cb6-364d858e3be3", statement_line_id: "019d0d83-3350-78ec-9148-578580a81cf3", amount: "1500.00", variance: nil, variance_reason: nil, actor_email: "system@nexus.ai", currency: "EUR", timestamp: "2026-03-20T23:09:55.415929Z"}, created_at: ~U[2026-03-20 23:09:55.416687Z], metadata: %{"causation_id" => "019d0d83-3357-7765-8f35-b4308c07edd4", "correlation_id" => "019d0d83-3357-7765-8f35-b4308c07edd4"}}]
23:10:01.083 [debug] Nexus.Identity.Projectors.UserRegistrationProjector received events: [%Commanded.EventStore.RecordedEvent{event_id: "282ec866-f518-44ed-95f6-7a535d6c3e25", event_number: 11262, stream_id: "019d0c26-0b00-74a0-bd6d-48329cf61a57", stream_version: 1, causation_id: "d64809a4-8402-4360-8536-99b7a0f860ca", correlation_id: "e0f4b4bb-483c-4914-aaaa-956d1587d67e", event_type: "Elixir.Nexus.Identity.Events.UserRegistered", data: %Nexus.Identity.Events.UserRegistered{user_id: "019d0c26-0b00-74a0-bd6d-48329cf61a57", org_id: "019d0c26-0b00-74a0-8884-24b7b734f296", email: "test@example.com", role: "system_admin", cose_key: "Ym9vdHN0cmFwX2Nvc2Vfa2V5", credential_id: "Ym9vdHN0cmFwX2NyZWRlbnRpYWxfaWQ=", registered_at: "2026-03-20T16:48:33.024173Z", display_name: "Test User", status: "active"}, created_at: ~U[2026-03-20 16:48:33.025211Z], metadata: %{"causation_id" => "019d0c26-0b00-71d0-a1d2-041f55e92cfc", "correlation_id" => "019d0c26-0b00-71d0-a1d2-041f55e92cfc"}}]
23:10:01.083 [error] GenServer {Nexus.App.LocalRegistry, {Nexus.App, Commanded.Event.Handler, "Treasury.TransferProjector"}} terminating
** (stop) %Ecto.ChangeError{message: "value `\"user_456\"` for `Nexus.Treasury.Projections.Transfer.user_id` in `insert` does not match type :binary_id"}
Last message: {:events, [%Commanded.EventStore.RecordedEvent{event_id: "62c6b71c-722f-4f2d-8755-429e94f0e965", event_number: 2172, stream_id: "019cca7f-79a7-7b90-938a-8ce15011f26b", stream_version: 1, causation_id: "d72ccd15-4b2a-488e-97ff-35721da3c29b", correlation_id: "e053c8f4-f9af-4815-b6f7-0a119251f0d0", event_type: "Elixir.Nexus.Treasury.Events.TransferInitiated", data: %Nexus.Treasury.Events.TransferInitiated{transfer_id: "019cca7f-79a7-7b90-938a-8ce15011f26b", org_id: "org_123", user_id: "user_456", from_currency: "EUR", to_currency: "USD", amount: "100", status: "authorized", bulk_payment_id: nil, recipient_data: nil, requested_at: "2026-03-07T22:51:17.800772Z"}, created_at: ~U[2026-03-07 22:51:17.837188Z], metadata: %{}}]}
State: %Commanded.Event.Handler{application: Nexus.App, consistency: :eventual, handler_callback: :event, handler_name: "Treasury.TransferProjector", handler_module: Nexus.Treasury.Projectors.TransferProjector, handler_state: nil, last_seen_event: nil, subscription: %Commanded.EventStore.Subscription{application: Nexus.App, backoff: {:backoff, 1000, 60000, 1000, :jitter, :undefined, :undefined}, concurrency: 1, partition_by: nil, subscribe_to: :all, subscribe_from: :origin, subscription_name: "Treasury.TransferProjector", subscription_opts: [], subscription_pid: #PID<0.2110.0>, subscription_ref: #Reference<0.504251661.3394502660.16488>}, subscribe_timer: nil}
23:10:01.083 [debug] Subscription "Treasury.TransferProjector"@"$all" subscriber #PID<0.2109.0> down due to: %Ecto.ChangeError{message: "value `\"user_456\"` for `Nexus.Treasury.Projections.Transfer.user_id` in `insert` does not match type :binary_id"}
23:10:01.083 [debug] Subscription "Treasury.TransferProjector"@"$all" has no subscribers, shutting down
23:10:01.083 [debug] Nexus.Treasury.Handlers.TransferExecutionHandler received events: [%Commanded.EventStore.RecordedEvent{event_id: "0541a0ba-d1ed-47a6-aa71-4d0362944138", event_number: 12139, stream_id: "76f4e95f-501b-4d99-b049-1286296b62bd", stream_version: 2, causation_id: "e7702a67-86d2-4bd1-bdad-6e8f05a4375d", correlation_id: "ae7fd9fb-6c12-41aa-a1c2-f7ee6f66c97e", event_type: "Elixir.Nexus.Treasury.Events.PolicyAlertTriggered", data: %Nexus.Treasury.Events.PolicyAlertTriggered{policy_id: "76f4e95f-501b-4d99-b049-1286296b62bd", org_id: "76f4e95f-501b-4d99-b049-1286296b62bd", currency_pair: "EUR/USD", exposure_amount: "120000", threshold: "100000", triggered_at: "2026-03-20T23:09:55.338078Z"}, created_at: ~U[2026-03-20 23:09:55.338630Z], metadata: %{"causation_id" => "019d0d83-330a-7c09-aca9-d0f2841f483f", "correlation_id" => "019d0d83-330a-7c09-aca9-d0f2841f483f"}}]
23:10:01.083 [debug] Nexus.Treasury.Handlers.TransferExecutionHandler confirming receipt of event #12139 of events: [%Commanded.EventStore.RecordedEvent{event_id: "0541a0ba-d1ed-47a6-aa71-4d0362944138", event_number: 12139, stream_id: "76f4e95f-501b-4d99-b049-1286296b62bd", stream_version: 2, causation_id: "e7702a67-86d2-4bd1-bdad-6e8f05a4375d", correlation_id: "ae7fd9fb-6c12-41aa-a1c2-f7ee6f66c97e", event_type: "Elixir.Nexus.Treasury.Events.PolicyAlertTriggered", data: %Nexus.Treasury.Events.PolicyAlertTriggered{policy_id: "76f4e95f-501b-4d99-b049-1286296b62bd", org_id: "76f4e95f-501b-4d99-b049-1286296b62bd", currency_pair: "EUR/USD", exposure_amount: "120000", threshold: "100000", triggered_at: "2026-03-20T23:09:55.338078Z"}, created_at: ~U[2026-03-20 23:09:55.338630Z], metadata: %{"causation_id" => "019d0d83-330a-7c09-aca9-d0f2841f483f", "correlation_id" => "019d0d83-330a-7c09-aca9-d0f2841f483f"}}]
23:10:01.083 [debug] Nexus.Treasury.ProcessManagers.TransferManager received 1 event(s)
23:10:01.083 [debug] Nexus.Treasury.ProcessManagers.TransferManager is not interested in event 12111 ("121f0a45-e97c-4dca-b235-dd25547a3bc5"@3)
23:10:01.083 [debug] Nexus.Treasury.ProcessManagers.TransferManager confirming receipt of event: 12111
23:10:01.083 [debug] QUERY OK db=0.1ms
begin []
23:10:01.083 [error] GenServer {Nexus.EventStore.EventStore.Subscriptions.Registry, {"$all", "Treasury.TransferProjector"}} terminating
** (stop) %Ecto.ChangeError{message: "value `\"user_456\"` for `Nexus.Treasury.Projections.Transfer.user_id` in `insert` does not match type :binary_id"}
Last message: {:DOWN, #Reference<0.504251661.3394502659.52981>, :process, #PID<0.2109.0>, %Ecto.ChangeError{message: "value `\"user_456\"` for `Nexus.Treasury.Projections.Transfer.user_id` in `insert` does not match type :binary_id"}}
State: %EventStore.Subscriptions.Subscription{stream_uuid: "$all", subscription_name: "Treasury.TransferProjector", subscription: %EventStore.Subscriptions.SubscriptionFsm{state: :unsubscribed, data: %EventStore.Subscriptions.SubscriptionState{conn: Nexus.EventStore.Postgrex, event_store: Nexus.EventStore, serializer: Commanded.Serialization.JsonSerializer, schema: "event_store", stream_uuid: "$all", start_from: 0, subscription_name: "Treasury.TransferProjector", subscription_id: 712, selector: nil, mapper: &Commanded.EventStore.Adapters.EventStore.Mapper.from_recorded_event/1, max_size: 1000, partition_by: nil, query_timeout: 15000, lock_ref: #Reference<0.504251661.3394502660.16485>, last_received: 3171, last_sent: 2172, last_ack: 2171, queue_size: 1000, buffer_size: 1, checkpoint_after: 0, checkpoint_threshold: 1, checkpoint_timer_ref: nil, checkpoints_pending: 0, subscribers: %{}, partitions: %{nil: {[%EventStore.RecordedEvent{event_number: 3171, event_id: "8586578d-d056-4f8a-9ef5-e50055576e3d", stream_uuid: "ac7468f5-30d7-40c0-8616-11d90e0baaff", stream_version: 2, correlation_id: "39b30acd-48bc-46aa-95f6-dbca71341717", causation_id: "63e9af3a-68e5-4fcb-b1e2-45e01849c483", event_type: "Elixir.Nexus.Treasury.Events.PolicyAlertTriggered", data: %Nexus.Treasury.Events.PolicyAlertTriggered{policy_id: "ac7468f5-30d7-40c0-8616-11d90e0baaff", org_id: "ac7468f5-30d7-40c0-8616-11d90e0baaff", currency_pair: "EUR/USD", exposure_amount: "120000", threshold: "100000", triggered_at: "2026-03-11T11:11:50.245617Z"}, metadata: %{}, created_at: ~U[2026-03-11 11:11:50.246040Z]}, %EventStore.RecordedEvent{event_number: 3170, event_id: "d9b79299-4063-4885-b6d9-34698aedcb10", stream_uuid: "ac7468f5-30d7-40c0-8616-11d90e0baaff", stream_version: 1, correlation_id: "788f0b6b-0bfc-40f7-a9f1-8257a38dc3b3", causation_id: "5372e3c5-9d37-4049-b5ad-ea745c35f334", event_type: "Elixir.Nexus.Treasury.Events.TransferThresholdSet", data: %Nexus.Treasury.Events.TransferThresholdSet{policy_id: "ac7468f5-30d7-40c0-8616-11d90e0baaff", org_id: "ac7468f5-30d7-40c0-8616-11d90e0baaff", threshold: "100000", set_at: "2026-03-11T11:11:50.238725Z"}, metadata: %{}, created_at: ~U[2026-03-11 11:11:50.240394Z]}, %EventStore.RecordedEvent{event_number: 3169, event_id: "1921c76c-7123-46a0-829b-f758c37f1936", stream_uuid: "forecast-0bc9eb4f-96f1-4960-bbd1-8669f786883a", stream_version: 2, correlation_id: "6461481b-22c8-42f5-9321-fb6182c6c883", causation_id: "9495e45b-6570-4a67-8f67-a7628c22d6b5", event_type: "Elixir.Nexus.Treasury.Events.ForecastGenerated", data: %Nexus.Treasury.Events.ForecastGenerated{org_id: "0bc9eb4f-96f1-4960-bbd1-8669f786883a", currency: "EUR", horizon_days: 30, predictions: [%{date: "2026-03-03", predicted_amount: "110000.000000"}], generated_at: "2026-03-11T11:11:50.230730Z"}, metadata: %{}, created_at: ~U[2026-03-11 11:11:50.231171Z]}, %EventStore.RecordedEvent{event_number: 3168, event_id: "eb625212-2f0a-444d-8cce-9809554dfc41", stream_uuid: "forecast-0bc9eb4f-96f1-4960-bbd1-8669f786883a", stream_version: 1, correlation_id: "be901c27-d444-4708-ab95-a805d38476ef", causation_id: "b866081f-be26-453f-9b2f-ea1e9ec2d11a", event_type: "Elixir.Nexus.Treasury.Events.ForecastGenerated", data: %Nexus.Treasury.Events.ForecastGenerated{org_id: "0bc9eb4f-96f1-4960-bbd1-8669f786883a", currency: "EUR", horizon_days: 30, predictions: [%{date: "2026-03-03", predicted_amount: "100000.00"}], generated_at: "2026-03-11T11:11:50.227029Z"}, ...}, ...], ...}}, ...}}, ...}
23:10:01.083 [debug] Nexus.Treasury.Projectors.TransferProjector is shutting down due to {%Ecto.ChangeError{message: "value `\"user_456\"` for `Nexus.Treasury.Projections.Transfer.user_id` in `insert` does not match type :binary_id"}, {GenServer, :call, [#PID<0.2110.0>, {:connect, #PID<0.2116.0>, [retry_interval: 60000, hibernate_after: 15000, partition_by: nil, concurrency_limit: 1, name: Nexus.EventStore, mapper: &Commanded.EventStore.Adapters.EventStore.Mapper.from_recorded_event/1, conn: Nexus.EventStore.Postgrex, event_store: Nexus.EventStore, query_timeout: 15000, schema: "event_store", serializer: Commanded.Serialization.JsonSerializer, stream_uuid: "$all", subscription_name: "Treasury.TransferProjector", start_from: 0]}, 5000]}}
23:10:01.084 [debug] Nexus.Treasury.Projectors.VaultProjector received events: [%Commanded.EventStore.RecordedEvent{event_id: "ff1b8c0f-dd37-4a6e-ac1d-c290c439d16c", event_number: 12149, stream_id: "AutomatedTest.PM-019d0d83-3347-784a-a507-b3da919cb68c", stream_version: 2, causation_id: nil, correlation_id: nil, event_type: "Elixir.Nexus.ERP.Events.StatementUploaded", data: %Nexus.ERP.Events.StatementUploaded{statement_id: "019d0d83-3350-733d-8cb6-364d858e3be3", org_id: "019d0d83-3347-784a-a507-b3da919cb68c", filename: "statement.csv", format: "csv", lines: [%{id: "019d0d83-3350-78ec-9148-578580a81cf3", status: "unmatched", date: "2024-03-02", metadata: %{}, currency: "EUR", ref: "BANK-REF-101", amount: "-1500.00", narrative: "Payment for SAP-101"}], uploaded_at: "2026-03-20T23:09:55.408417Z", content_hash: "9617CE13881E73C0546F5116917830BE008F52E4218CB47C0069FE2D8077E700"}, created_at: ~U[2026-03-20 23:09:55.422593Z], metadata: %{}}]
23:10:01.084 [debug] Nexus.Treasury.Projectors.VaultProjector confirming receipt of event #12149 of events: [%Commanded.EventStore.RecordedEvent{event_id: "ff1b8c0f-dd37-4a6e-ac1d-c290c439d16c", event_number: 12149, stream_id: "AutomatedTest.PM-019d0d83-3347-784a-a507-b3da919cb68c", stream_version: 2, causation_id: nil, correlation_id: nil, event_type: "Elixir.Nexus.ERP.Events.StatementUploaded", data: %Nexus.ERP.Events.StatementUploaded{statement_id: "019d0d83-3350-733d-8cb6-364d858e3be3", org_id: "019d0d83-3347-784a-a507-b3da919cb68c", filename: "statement.csv", format: "csv", lines: [%{id: "019d0d83-3350-78ec-9148-578580a81cf3", status: "unmatched", date: "2024-03-02", metadata: %{}, currency: "EUR", ref: "BANK-REF-101", amount: "-1500.00", narrative: "Payment for SAP-101"}], uploaded_at: "2026-03-20T23:09:55.408417Z", content_hash: "9617CE13881E73C0546F5116917830BE008F52E4218CB47C0069FE2D8077E700"}, created_at: ~U[2026-03-20 23:09:55.422593Z], metadata: %{}}]
23:10:01.084 [debug] QUERY OK source="projection_versions" db=0.5ms
INSERT INTO "projection_versions" AS p0 ("projection_name","last_seen_event_number","inserted_at","updated_at") VALUES ($1,$2,$3,$4) ON CONFLICT ("projection_name") DO UPDATE SET "last_seen_event_number" = $5 WHERE ((p0."projection_name" = $6) AND (p0."last_seen_event_number" < $7)) ["Identity.Projectors.UserRegistrationProjector", 11262, ~N[2026-03-20 23:10:01.083843], ~N[2026-03-20 23:10:01.083843], 11262, "Identity.Projectors.UserRegistrationProjector", 11262]
23:10:01.083 [error] GenServer {Nexus.App.LocalRegistry, {Nexus.App, Commanded.Event.Handler, "Treasury.TransferProjector"}} terminating
** (stop) exited in: GenServer.call(#PID<0.2110.0>, {:connect, #PID<0.2116.0>, [retry_interval: 60000, hibernate_after: 15000, partition_by: nil, concurrency_limit: 1, name: Nexus.EventStore, mapper: &Commanded.EventStore.Adapters.EventStore.Mapper.from_recorded_event/1, conn: Nexus.EventStore.Postgrex, event_store: Nexus.EventStore, query_timeout: 15000, schema: "event_store", serializer: Commanded.Serialization.JsonSerializer, stream_uuid: "$all", subscription_name: "Treasury.TransferProjector", start_from: 0]}, 5000)
    ** (EXIT) %Ecto.ChangeError{message: "value `\"user_456\"` for `Nexus.Treasury.Projections.Transfer.user_id` in `insert` does not match type :binary_id"}
    (elixir 1.19.5) lib/gen_server.ex:1142: GenServer.call/3
    (commanded 1.4.9) lib/commanded/event_store.ex:289: anonymous fn/2 in Commanded.EventStore.span/3
    (telemetry 1.3.0) /Users/bernard/dev/nexus/deps/telemetry/src/telemetry.erl:324: :telemetry.span/3
    (commanded 1.4.9) lib/commanded/event_store/subscription.ex:58: Commanded.EventStore.Subscription.subscribe/2
    (commanded 1.4.9) lib/commanded/event/handler.ex:1024: Commanded.Event.Handler.subscribe_to_events/1
    (commanded 1.4.9) lib/commanded/event/handler.ex:887: Commanded.Event.Handler.handle_continue/2
    (stdlib 7.1) gen_server.erl:2424: :gen_server.try_handle_continue/3
    (stdlib 7.1) gen_server.erl:2291: :gen_server.loop/4
    (stdlib 7.1) proc_lib.erl:333: :proc_lib.init_p_do_apply/3
Last message: {:continue, :subscribe_to_events}
State: %Commanded.Event.Handler{application: Nexus.App, consistency: :eventual, handler_callback: :event, handler_name: "Treasury.TransferProjector", handler_module: Nexus.Treasury.Projectors.TransferProjector, handler_state: nil, last_seen_event: nil, subscription: %Commanded.EventStore.Subscription{application: Nexus.App, backoff: {:backoff, 1000, 60000, 1000, :jitter, :undefined, :undefined}, concurrency: 1, partition_by: nil, subscribe_to: :all, subscribe_from: :origin, subscription_name: "Treasury.TransferProjector", subscription_opts: [], subscription_pid: nil, subscription_ref: nil}, subscribe_timer: nil}
23:10:01.084 [debug] Subscription "Treasury.TransferProjector"@"$all" attempting to connect subscriber #PID<0.2117.0>
23:10:01.084 [debug] Nexus.Treasury.Handlers.TransferExecutionHandler received events: [%Commanded.EventStore.RecordedEvent{event_id: "4f1e4180-58c3-41a0-892e-865fd6030dbc", event_number: 12140, stream_id: "cc9c746e-998e-4a07-980e-4f8bf11e6cbb", stream_version: 1, causation_id: "7cc427a5-cddf-40b2-b8bb-7f1432fb862a", correlation_id: "df165391-7ea7-4f67-a451-f26accc563ed", event_type: "Elixir.Nexus.Treasury.Events.TransferThresholdSet", data: %Nexus.Treasury.Events.TransferThresholdSet{policy_id: "cc9c746e-998e-4a07-980e-4f8bf11e6cbb", org_id: "cc9c746e-998e-4a07-980e-4f8bf11e6cbb", threshold: "200000", set_at: "2026-03-20T23:09:55.345882Z"}, created_at: ~U[2026-03-20 23:09:55.346917Z], metadata: %{"causation_id" => "019d0d83-3311-70ab-9d2c-baad63a048c6", "correlation_id" => "019d0d83-3311-70ab-9d2c-baad63a048c6"}}]
23:10:01.084 [debug] Nexus.Treasury.Handlers.TransferExecutionHandler confirming receipt of event #12140 of events: [%Commanded.EventStore.RecordedEvent{event_id: "4f1e4180-58c3-41a0-892e-865fd6030dbc", event_number: 12140, stream_id: "cc9c746e-998e-4a07-980e-4f8bf11e6cbb", stream_version: 1, causation_id: "7cc427a5-cddf-40b2-b8bb-7f1432fb862a", correlation_id: "df165391-7ea7-4f67-a451-f26accc563ed", event_type: "Elixir.Nexus.Treasury.Events.TransferThresholdSet", data: %Nexus.Treasury.Events.TransferThresholdSet{policy_id: "cc9c746e-998e-4a07-980e-4f8bf11e6cbb", org_id: "cc9c746e-998e-4a07-980e-4f8bf11e6cbb", threshold: "200000", set_at: "2026-03-20T23:09:55.345882Z"}, created_at: ~U[2026-03-20 23:09:55.346917Z], metadata: %{"causation_id" => "019d0d83-3311-70ab-9d2c-baad63a048c6", "correlation_id" => "019d0d83-3311-70ab-9d2c-baad63a048c6"}}]
23:10:01.085 [debug] Nexus.Treasury.ProcessManagers.TransferManager received 1 event(s)
23:10:01.085 [debug] Nexus.Treasury.ProcessManagers.TransferManager is not interested in event 12112 ("121f0a45-e97c-4dca-b235-dd25547a3bc5"@4)
23:10:01.085 [debug] QUERY OK source="users" db=0.6ms
SELECT u0."id", u0."org_id", u0."email", u0."display_name", u0."status", u0."cose_key", u0."credential_id", u0."roles", u0."created_at", u0."updated_at" FROM "users" AS u0 WHERE (u0."id" = $1) ["019d0c26-0b00-74a0-bd6d-48329cf61a57"]
23:10:01.085 [debug] Nexus.Treasury.ProcessManagers.TransferManager confirming receipt of event: 12112
23:10:01.085 [debug] Nexus.Treasury.Projectors.VaultProjector received events: [%Commanded.EventStore.RecordedEvent{event_id: "e5ff9cda-cf4c-4a08-9b40-e0a26c199b0b", event_number: 12150, stream_id: "019d0d83-3362-705e-be63-c529f13ea09c", stream_version: 1, causation_id: "6a8e0166-2549-4f83-9577-b987c467c40d", correlation_id: "ac29232b-145a-4685-9e32-8706b8724f27", event_type: "Elixir.Nexus.ERP.Events.StatementUploaded", data: %Nexus.ERP.Events.StatementUploaded{statement_id: "019d0d83-3362-705e-be63-c529f13ea09c", org_id: "019d0d83-3360-7aa2-bf98-48897ad9feec", filename: "statement.csv", format: "csv", lines: [%{id: "019d0d83-3363-70c3-8263-aa8417774415", status: "unmatched", date: "2024-03-02", metadata: %{}, currency: "USD", ref: "BANK-REF-202", amount: "-2400.00", narrative: "Deposit 202"}], uploaded_at: "2026-03-20T23:09:55.426744Z", content_hash: "27F3185B2F8B5B506AB3A2E11B8E5FD69FFA4C6CFC23113AF53373E97D1A85FE"}, created_at: ~U[2026-03-20 23:09:55.427691Z], metadata: %{"causation_id" => "019d0d83-3362-733a-8d95-68c9232de9b3", "correlation_id" => "019d0d83-3362-733a-8d95-68c9232de9b3"}}]
23:10:01.085 [debug] Nexus.Treasury.Projectors.VaultProjector confirming receipt of event #12150 of events: [%Commanded.EventStore.RecordedEvent{event_id: "e5ff9cda-cf4c-4a08-9b40-e0a26c199b0b", event_number: 12150, stream_id: "019d0d83-3362-705e-be63-c529f13ea09c", stream_version: 1, causation_id: "6a8e0166-2549-4f83-9577-b987c467c40d", correlation_id: "ac29232b-145a-4685-9e32-8706b8724f27", event_type: "Elixir.Nexus.ERP.Events.StatementUploaded", data: %Nexus.ERP.Events.StatementUploaded{statement_id: "019d0d83-3362-705e-be63-c529f13ea09c", org_id: "019d0d83-3360-7aa2-bf98-48897ad9feec", filename: "statement.csv", format: "csv", lines: [%{id: "019d0d83-3363-70c3-8263-aa8417774415", status: "unmatched", date: "2024-03-02", metadata: %{}, currency: "USD", ref: "BANK-REF-202", amount: "-2400.00", narrative: "Deposit 202"}], uploaded_at: "2026-03-20T23:09:55.426744Z", content_hash: "27F3185B2F8B5B506AB3A2E11B8E5FD69FFA4C6CFC23113AF53373E97D1A85FE"}, created_at: ~U[2026-03-20 23:09:55.427691Z], metadata: %{"causation_id" => "019d0d83-3362-733a-8d95-68c9232de9b3", "correlation_id" => "019d0d83-3362-733a-8d95-68c9232de9b3"}}]
23:10:01.085 [debug] QUERY OK source="users" db=0.1ms
SELECT u0."id", u0."org_id", u0."email", u0."display_name", u0."status", u0."cose_key", u0."credential_id", u0."roles", u0."created_at", u0."updated_at" FROM "users" AS u0 WHERE (u0."email" = $1) ["test@example.com"]
23:10:01.085 [debug] Nexus.Treasury.Handlers.TransferExecutionHandler received events: [%Commanded.EventStore.RecordedEvent{event_id: "7268c77c-c790-42ef-9147-34eb6cd7e5f9", event_number: 12141, stream_id: "019d0d83-332b-7e50-819c-0d952a74db40", stream_version: 1, causation_id: "197e1d64-edac-45ad-95c7-1f0017b11918", correlation_id: "313ec30f-5e4c-4d08-aff8-c837c1f91213", event_type: "Elixir.Nexus.ERP.Events.StatementUploaded", data: %Nexus.ERP.Events.StatementUploaded{statement_id: "019d0d83-332b-7e50-819c-0d952a74db40", org_id: "019d0d83-332b-70b6-809f-03fa988ac1ad", filename: "january.sta", format: "mt940", lines: [%{id: "019d0d83-332c-7f84-ad01-84271059abac", status: "unmatched", date: "2023-01-03", metadata: %{}, currency: "EUR", ref: "TRFBACS-REF-001", amount: "1500.00", narrative: "VENDOR PAYMENT EUR/USD BATCH A"}, %{id: "019d0d83-332c-7656-855b-993cadbec895", status: "unmatched", date: "2023-01-04", metadata: %{}, currency: "EUR", ref: "TRFBACS-REF-002", amount: "2000.00", narrative: "FX SETTLEMENT TRANCHE B"}, %{id: "019d0d83-332c-72d9-9669-05c2d6a0a1a8", status: "unmatched", date: "2023-01-05", metadata: %{}, currency: "EUR", ref: "TRFBACS-REF-003", amount: "-500.00", narrative: "BANK CHARGES JAN"}], uploaded_at: "2026-03-20T23:09:55.371873Z", content_hash: "B7A5037D782694494B77B3FFB9AFB6CF465E925B8DCF8465887A7EC15965A002"}, created_at: ~U[2026-03-20 23:09:55.372722Z], metadata: %{"causation_id" => "019d0d83-332b-7bfa-a811-e0eee02bc56e", "correlation_id" => "019d0d83-332b-7bfa-a811-e0eee02bc56e"}}]
23:10:01.085 [debug] Nexus.Treasury.Handlers.TransferExecutionHandler confirming receipt of event #12141 of events: [%Commanded.EventStore.RecordedEvent{event_id: "7268c77c-c790-42ef-9147-34eb6cd7e5f9", event_number: 12141, stream_id: "019d0d83-332b-7e50-819c-0d952a74db40", stream_version: 1, causation_id: "197e1d64-edac-45ad-95c7-1f0017b11918", correlation_id: "313ec30f-5e4c-4d08-aff8-c837c1f91213", event_type: "Elixir.Nexus.ERP.Events.StatementUploaded", data: %Nexus.ERP.Events.StatementUploaded{statement_id: "019d0d83-332b-7e50-819c-0d952a74db40", org_id: "019d0d83-332b-70b6-809f-03fa988ac1ad", filename: "january.sta", format: "mt940", lines: [%{id: "019d0d83-332c-7f84-ad01-84271059abac", status: "unmatched", date: "2023-01-03", metadata: %{}, currency: "EUR", ref: "TRFBACS-REF-001", amount: "1500.00", narrative: "VENDOR PAYMENT EUR/USD BATCH A"}, %{id: "019d0d83-332c-7656-855b-993cadbec895", status: "unmatched", date: "2023-01-04", metadata: %{}, currency: "EUR", ref: "TRFBACS-REF-002", amount: "2000.00", narrative: "FX SETTLEMENT TRANCHE B"}, %{id: "019d0d83-332c-72d9-9669-05c2d6a0a1a8", status: "unmatched", date: "2023-01-05", metadata: %{}, currency: "EUR", ref: "TRFBACS-REF-003", amount: "-500.00", narrative: "BANK CHARGES JAN"}], uploaded_at: "2026-03-20T23:09:55.371873Z", content_hash: "B7A5037D782694494B77B3FFB9AFB6CF465E925B8DCF8465887A7EC15965A002"}, created_at: ~U[2026-03-20 23:09:55.372722Z], metadata: %{"causation_id" => "019d0d83-332b-7bfa-a811-e0eee02bc56e", "correlation_id" => "019d0d83-332b-7bfa-a811-e0eee02bc56e"}}]
23:10:01.085 [debug] QUERY OK source="users" db=0.3ms
INSERT INTO "users" ("id","status","org_id","email","display_name","roles","cose_key","credential_id","created_at","updated_at") VALUES ($1,$2,$3,$4,$5,$6,$7,$8,$9,$10) ["019d0c26-0b00-74a0-bd6d-48329cf61a57", "active", "019d0c26-0b00-74a0-8884-24b7b734f296", "test@example.com", "Test User", ["system_admin"], "bootstrap_cose_key", "bootstrap_credential_id", ~U[2026-03-20 23:10:01.085466Z], ~U[2026-03-20 23:10:01.085466Z]]
23:10:01.085 [debug] Subscription "Treasury.TransferProjector"@"$all" catching-up
23:10:01.086 [debug] Nexus.Treasury.Projectors.TransferProjector has successfully subscribed to event store
23:10:01.086 [debug] Nexus.Treasury.Projectors.VaultProjector received events: [%Commanded.EventStore.RecordedEvent{event_id: "f2c4865a-8eb6-484d-9c97-dd7f8e74fea9", event_number: 12151, stream_id: "AutomatedTest.PM-019d0d83-3360-7aa2-bf98-48897ad9feec", stream_version: 1, causation_id: nil, correlation_id: nil, event_type: "Elixir.Nexus.ERP.Events.StatementUploaded", data: %Nexus.ERP.Events.StatementUploaded{statement_id: "019d0d83-3362-705e-be63-c529f13ea09c", org_id: "019d0d83-3360-7aa2-bf98-48897ad9feec", filename: "statement.csv", format: "csv", lines: [%{id: "019d0d83-3363-70c3-8263-aa8417774415", status: "unmatched", date: "2024-03-02", metadata: %{}, currency: "USD", ref: "BANK-REF-202", amount: "-2400.00", narrative: "Deposit 202"}], uploaded_at: "2026-03-20T23:09:55.426744Z", content_hash: "27F3185B2F8B5B506AB3A2E11B8E5FD69FFA4C6CFC23113AF53373E97D1A85FE"}, created_at: ~U[2026-03-20 23:09:55.432879Z], metadata: %{}}]
23:10:01.086 [debug] Nexus.Treasury.Projectors.VaultProjector confirming receipt of event #12151 of events: [%Commanded.EventStore.RecordedEvent{event_id: "f2c4865a-8eb6-484d-9c97-dd7f8e74fea9", event_number: 12151, stream_id: "AutomatedTest.PM-019d0d83-3360-7aa2-bf98-48897ad9feec", stream_version: 1, causation_id: nil, correlation_id: nil, event_type: "Elixir.Nexus.ERP.Events.StatementUploaded", data: %Nexus.ERP.Events.StatementUploaded{statement_id: "019d0d83-3362-705e-be63-c529f13ea09c", org_id: "019d0d83-3360-7aa2-bf98-48897ad9feec", filename: "statement.csv", format: "csv", lines: [%{id: "019d0d83-3363-70c3-8263-aa8417774415", status: "unmatched", date: "2024-03-02", metadata: %{}, currency: "USD", ref: "BANK-REF-202", amount: "-2400.00", narrative: "Deposit 202"}], uploaded_at: "2026-03-20T23:09:55.426744Z", content_hash: "27F3185B2F8B5B506AB3A2E11B8E5FD69FFA4C6CFC23113AF53373E97D1A85FE"}, created_at: ~U[2026-03-20 23:09:55.432879Z], metadata: %{}}]
23:10:01.086 [debug] Nexus.Treasury.ProcessManagers.TransferManager received 1 event(s)
23:10:01.086 [debug] Nexus.Treasury.Handlers.TransferExecutionHandler received events: [%Commanded.EventStore.RecordedEvent{event_id: "10f65bcb-ac5a-4ff0-8712-8d5bfa537607", event_number: 12142, stream_id: "019d0d83-3333-7e0f-879d-23b6655b3b70", stream_version: 1, causation_id: "d2d80fab-f525-4296-914d-d42f4bf45cd1", correlation_id: "ff61bf2a-70d3-4b1b-bd32-7bcc21051aa2", event_type: "Elixir.Nexus.ERP.Events.StatementUploaded", data: %Nexus.ERP.Events.StatementUploaded{statement_id: "019d0d83-3333-7e0f-879d-23b6655b3b70", org_id: "019d0d83-3333-7c70-8ee6-f4d81405fcf5", filename: "january.csv", format: "csv", lines: [%{id: "019d0d83-3334-7de0-b2ff-6d350657bfe8", status: "unmatched", date: "2023-01-03", metadata: %{}, currency: "EUR", ref: "BACS-REF-001", amount: "1500.00", narrative: "Vendor Payment Batch A"}, %{id: "019d0d83-3334-7d94-b2ec-e34cdbf4c5cb", status: "unmatched", date: "2023-01-04", metadata: %{}, currency: "USD", ref: "BACS-REF-002", amount: "2000.00", narrative: "FX Settlement Tranche B"}], uploaded_at: "2026-03-20T23:09:55.379805Z", content_hash: "B239170FECC090C8FE420468A3019623DEB187E3E0E8BB6DAA37F027FE841000"}, created_at: ~U[2026-03-20 23:09:55.380579Z], metadata: %{"causation_id" => "019d0d83-3333-7677-92f9-c494b3e47a23", "correlation_id" => "019d0d83-3333-7677-92f9-c494b3e47a23"}}]
23:10:01.086 [debug] QUERY ERROR source="identity_user_settings" db=0.0ms
SELECT i0."id", i0."user_id", i0."org_id", i0."locale", i0."timezone", i0."notifications_enabled", i0."created_at", i0."updated_at" FROM "identity_user_settings" AS i0 WHERE (i0."id" = $1) ["019d0c26-0b00-74a0-bd6d-48329cf61a57"]
23:10:01.086 [debug] Nexus.Treasury.ProcessManagers.TransferManager is not interested in event 12113 ("Sub49858-EUR"@1)
23:10:01.086 [debug] Nexus.Treasury.ProcessManagers.TransferManager confirming receipt of event: 12113
23:10:01.086 [debug] Nexus.Treasury.Handlers.TransferExecutionHandler confirming receipt of event #12142 of events: [%Commanded.EventStore.RecordedEvent{event_id: "10f65bcb-ac5a-4ff0-8712-8d5bfa537607", event_number: 12142, stream_id: "019d0d83-3333-7e0f-879d-23b6655b3b70", stream_version: 1, causation_id: "d2d80fab-f525-4296-914d-d42f4bf45cd1", correlation_id: "ff61bf2a-70d3-4b1b-bd32-7bcc21051aa2", event_type: "Elixir.Nexus.ERP.Events.StatementUploaded", data: %Nexus.ERP.Events.StatementUploaded{statement_id: "019d0d83-3333-7e0f-879d-23b6655b3b70", org_id: "019d0d83-3333-7c70-8ee6-f4d81405fcf5", filename: "january.csv", format: "csv", lines: [%{id: "019d0d83-3334-7de0-b2ff-6d350657bfe8", status: "unmatched", date: "2023-01-03", metadata: %{}, currency: "EUR", ref: "BACS-REF-001", amount: "1500.00", narrative: "Vendor Payment Batch A"}, %{id: "019d0d83-3334-7d94-b2ec-e34cdbf4c5cb", status: "unmatched", date: "2023-01-04", metadata: %{}, currency: "USD", ref: "BACS-REF-002", amount: "2000.00", narrative: "FX Settlement Tranche B"}], uploaded_at: "2026-03-20T23:09:55.379805Z", content_hash: "B239170FECC090C8FE420468A3019623DEB187E3E0E8BB6DAA37F027FE841000"}, created_at: ~U[2026-03-20 23:09:55.380579Z], metadata: %{"causation_id" => "019d0d83-3333-7677-92f9-c494b3e47a23", "correlation_id" => "019d0d83-3333-7677-92f9-c494b3e47a23"}}]
23:10:01.086 [debug] QUERY OK db=0.1ms
rollback []
23:10:01.086 [debug] Nexus.Treasury.Projectors.VaultProjector received events: [%Commanded.EventStore.RecordedEvent{event_id: "91bdc42f-6aae-468c-845a-b43199f905d4", event_number: 12152, stream_id: "019d0d83-336b-7985-bf93-3efacda38013", stream_version: 1, causation_id: "c8801829-787d-4781-8f62-7178c89b8e2c", correlation_id: "d4e9f8d8-5dcb-462f-994f-70018bb42da6", event_type: "Elixir.Nexus.ERP.Events.InvoiceIngested", data: %Nexus.ERP.Events.InvoiceIngested{org_id: "019d0d83-3360-7aa2-bf98-48897ad9feec", invoice_id: "019d0d83-336b-7985-bf93-3efacda38013", entity_id: "ENT-202", currency: "USD", amount: "2400.00", due_date: "2026-04-19", subsidiary: "Tokyo Branch", line_items: [%{description: "Goods", amount: "2400.00"}], sap_document_number: "SAP-202", sap_status: "Verified", ingested_at: "2026-03-20T23:09:55.435350Z"}, created_at: ~U[2026-03-20 23:09:55.436276Z], metadata: %{"causation_id" => "019d0d83-336b-73c9-9f9b-2cccf72c4227", "correlation_id" => "019d0d83-336b-73c9-9f9b-2cccf72c4227"}}]
23:10:01.086 [debug] Nexus.Treasury.Projectors.VaultProjector confirming receipt of event #12152 of events: [%Commanded.EventStore.RecordedEvent{event_id: "91bdc42f-6aae-468c-845a-b43199f905d4", event_number: 12152, stream_id: "019d0d83-336b-7985-bf93-3efacda38013", stream_version: 1, causation_id: "c8801829-787d-4781-8f62-7178c89b8e2c", correlation_id: "d4e9f8d8-5dcb-462f-994f-70018bb42da6", event_type: "Elixir.Nexus.ERP.Events.InvoiceIngested", data: %Nexus.ERP.Events.InvoiceIngested{org_id: "019d0d83-3360-7aa2-bf98-48897ad9feec", invoice_id: "019d0d83-336b-7985-bf93-3efacda38013", entity_id: "ENT-202", currency: "USD", amount: "2400.00", due_date: "2026-04-19", subsidiary: "Tokyo Branch", line_items: [%{description: "Goods", amount: "2400.00"}], sap_document_number: "SAP-202", sap_status: "Verified", ingested_at: "2026-03-20T23:09:55.435350Z"}, created_at: ~U[2026-03-20 23:09:55.436276Z], metadata: %{"causation_id" => "019d0d83-336b-73c9-9f9b-2cccf72c4227", "correlation_id" => "019d0d83-336b-73c9-9f9b-2cccf72c4227"}}]
23:10:01.086 [debug] Nexus.Treasury.ProcessManagers.TransferManager received 1 event(s)
23:10:01.086 [debug] Nexus.Treasury.ProcessManagers.TransferManager is not interested in event 12114 ("Sub49922-EUR"@1)
23:10:01.086 [debug] Nexus.Treasury.Handlers.TransferExecutionHandler received events: [%Commanded.EventStore.RecordedEvent{event_id: "abb3bbba-ef60-420c-9a72-5d0505f864fb", event_number: 12143, stream_id: "019d0d83-333d-76ce-836c-73041cf54ed1", stream_version: 1, causation_id: "e2ac60fc-e96b-4167-b464-4de2b5bec904", correlation_id: "f3c36061-bb45-4dd5-aaad-a99d93af5abf", event_type: "Elixir.Nexus.ERP.Events.StatementRejected", data: %Nexus.ERP.Events.StatementRejected{statement_id: "019d0d83-333d-76ce-836c-73041cf54ed1", org_id: "019d0d83-333d-752f-b2ec-944606c047f5", filename: "broken.sta", reason: "File content is empty", rejected_at: "2026-03-20T23:09:55.389487Z"}, created_at: ~U[2026-03-20 23:09:55.390241Z], metadata: %{"causation_id" => "019d0d83-333d-7d67-9ab5-8312f3cadd51", "correlation_id" => "019d0d83-333d-7d67-9ab5-8312f3cadd51"}}]
23:10:01.086 [debug] Nexus.Treasury.ProcessManagers.TransferManager confirming receipt of event: 12114
23:10:01.086 [debug] Nexus.Treasury.Handlers.TransferExecutionHandler confirming receipt of event #12143 of events: [%Commanded.EventStore.RecordedEvent{event_id: "abb3bbba-ef60-420c-9a72-5d0505f864fb", event_number: 12143, stream_id: "019d0d83-333d-76ce-836c-73041cf54ed1", stream_version: 1, causation_id: "e2ac60fc-e96b-4167-b464-4de2b5bec904", correlation_id: "f3c36061-bb45-4dd5-aaad-a99d93af5abf", event_type: "Elixir.Nexus.ERP.Events.StatementRejected", data: %Nexus.ERP.Events.StatementRejected{statement_id: "019d0d83-333d-76ce-836c-73041cf54ed1", org_id: "019d0d83-333d-752f-b2ec-944606c047f5", filename: "broken.sta", reason: "File content is empty", rejected_at: "2026-03-20T23:09:55.389487Z"}, created_at: ~U[2026-03-20 23:09:55.390241Z], metadata: %{"causation_id" => "019d0d83-333d-7d67-9ab5-8312f3cadd51", "correlation_id" => "019d0d83-333d-7d67-9ab5-8312f3cadd51"}}]
23:10:01.087 [debug] Nexus.Treasury.Projectors.VaultProjector received events: [%Commanded.EventStore.RecordedEvent{event_id: "acceccef-223e-4b5c-bcb7-6841a57bd9d9", event_number: 12153, stream_id: "019d0d83-3370-7dbb-b7c9-d51f51d7dbca", stream_version: 1, causation_id: "74a375bb-fe58-4337-aa80-4a4ab8b5415e", correlation_id: "8b17cdd0-f7ee-46b8-8951-7e04f21f9d78", event_type: "Elixir.Nexus.Treasury.Events.TransactionReconciled", data: %Nexus.Treasury.Events.TransactionReconciled{org_id: "019d0d83-3360-7aa2-bf98-48897ad9feec", reconciliation_id: "019d0d83-3370-7dbb-b7c9-d51f51d7dbca", invoice_id: "019d0d83-336b-7985-bf93-3efacda38013", statement_id: "019d0d83-3362-705e-be63-c529f13ea09c", statement_line_id: "019d0d83-3363-70c3-8263-aa8417774415", amount: "2400.00", variance: nil, variance_reason: nil, actor_email: "system@nexus.ai", currency: "USD", timestamp: "2026-03-20T23:09:55.440819Z"}, created_at: ~U[2026-03-20 23:09:55.441556Z], metadata: %{"causation_id" => "019d0d83-3370-75c6-b36d-5324dcc12f8e", "correlation_id" => "019d0d83-3370-75c6-b36d-5324dcc12f8e"}}]
23:10:01.087 [debug] Nexus.Treasury.Projectors.VaultProjector confirming receipt of event #12153 of events: [%Commanded.EventStore.RecordedEvent{event_id: "acceccef-223e-4b5c-bcb7-6841a57bd9d9", event_number: 12153, stream_id: "019d0d83-3370-7dbb-b7c9-d51f51d7dbca", stream_version: 1, causation_id: "74a375bb-fe58-4337-aa80-4a4ab8b5415e", correlation_id: "8b17cdd0-f7ee-46b8-8951-7e04f21f9d78", event_type: "Elixir.Nexus.Treasury.Events.TransactionReconciled", data: %Nexus.Treasury.Events.TransactionReconciled{org_id: "019d0d83-3360-7aa2-bf98-48897ad9feec", reconciliation_id: "019d0d83-3370-7dbb-b7c9-d51f51d7dbca", invoice_id: "019d0d83-336b-7985-bf93-3efacda38013", statement_id: "019d0d83-3362-705e-be63-c529f13ea09c", statement_line_id: "019d0d83-3363-70c3-8263-aa8417774415", amount: "2400.00", variance: nil, variance_reason: nil, actor_email: "system@nexus.ai", currency: "USD", timestamp: "2026-03-20T23:09:55.440819Z"}, created_at: ~U[2026-03-20 23:09:55.441556Z], metadata: %{"causation_id" => "019d0d83-3370-75c6-b36d-5324dcc12f8e", "correlation_id" => "019d0d83-3370-75c6-b36d-5324dcc12f8e"}}]
23:10:01.087 [debug] Nexus.Treasury.ProcessManagers.TransferManager received 1 event(s)
23:10:01.087 [debug] Nexus.Treasury.ProcessManagers.TransferManager is not interested in event 12115 ("019d0d82-ed76-7727-83db-3297b1934476"@1)
23:10:01.087 [debug] Nexus.Treasury.ProcessManagers.TransferManager confirming receipt of event: 12115
23:10:01.087 [debug] Nexus.Treasury.Handlers.TransferExecutionHandler received events: [%Commanded.EventStore.RecordedEvent{event_id: "23be5a2a-b410-40e7-9593-1daa629e9388", event_number: 12144, stream_id: "forecast-00000000-0000-0000-0000-000000000000", stream_version: 124, causation_id: "f934aea4-48d8-423a-8f4e-f99c01306015", correlation_id: "2c02e510-c7f3-4fbb-b451-9bfb33dc25b0", event_type: "Elixir.Nexus.Treasury.Events.ForecastGenerated", data: %Nexus.Treasury.Events.ForecastGenerated{org_id: "00000000-0000-0000-0000-000000000000", currency: "EUR", horizon_days: 30, predictions: [%{date: "2026-03-03", predicted_amount: 1000.5}], generated_at: "2026-03-20T23:09:55.394346Z"}, created_at: ~U[2026-03-20 23:09:55.398776Z], metadata: %{"causation_id" => "019d0d83-3342-7cab-93c4-483f299fc73c", "correlation_id" => "019d0d83-3342-7cab-93c4-483f299fc73c"}}]
23:10:01.087 [debug] Nexus.Treasury.Handlers.TransferExecutionHandler confirming receipt of event #12144 of events: [%Commanded.EventStore.RecordedEvent{event_id: "23be5a2a-b410-40e7-9593-1daa629e9388", event_number: 12144, stream_id: "forecast-00000000-0000-0000-0000-000000000000", stream_version: 124, causation_id: "f934aea4-48d8-423a-8f4e-f99c01306015", correlation_id: "2c02e510-c7f3-4fbb-b451-9bfb33dc25b0", event_type: "Elixir.Nexus.Treasury.Events.ForecastGenerated", data: %Nexus.Treasury.Events.ForecastGenerated{org_id: "00000000-0000-0000-0000-000000000000", currency: "EUR", horizon_days: 30, predictions: [%{date: "2026-03-03", predicted_amount: 1000.5}], generated_at: "2026-03-20T23:09:55.394346Z"}, created_at: ~U[2026-03-20 23:09:55.398776Z], metadata: %{"causation_id" => "019d0d83-3342-7cab-93c4-483f299fc73c", "correlation_id" => "019d0d83-3342-7cab-93c4-483f299fc73c"}}]
23:10:01.087 [error] Nexus.Identity.Projectors.UserRegistrationProjector failed to handle event:
%Commanded.EventStore.RecordedEvent{
  event_id: "282ec866-f518-44ed-95f6-7a535d6c3e25",
  event_number: 11262,
  stream_id: "019d0c26-0b00-74a0-bd6d-48329cf61a57",
  stream_version: 1,
  causation_id: "d64809a4-8402-4360-8536-99b7a0f860ca",
  correlation_id: "e0f4b4bb-483c-4914-aaaa-956d1587d67e",
  event_type: "Elixir.Nexus.Identity.Events.UserRegistered",
  data: %Nexus.Identity.Events.UserRegistered{
    user_id: "019d0c26-0b00-74a0-bd6d-48329cf61a57",
    org_id: "019d0c26-0b00-74a0-8884-24b7b734f296",
    email: "test@example.com",
    role: "system_admin",
    cose_key: "Ym9vdHN0cmFwX2Nvc2Vfa2V5",
    credential_id: "Ym9vdHN0cmFwX2NyZWRlbnRpYWxfaWQ=",
    registered_at: "2026-03-20T16:48:33.024173Z",
    display_name: "Test User",
    status: "active"
  },
  created_at: ~U[2026-03-20 16:48:33.025211Z],
  metadata: %{
    "causation_id" => "019d0c26-0b00-71d0-a1d2-041f55e92cfc",
    "correlation_id" => "019d0c26-0b00-71d0-a1d2-041f55e92cfc"
  }
}, due to:
** (Postgrex.Error) ERROR 42703 (undefined_column) column i0.id does not exist

    query: SELECT i0."id", i0."user_id", i0."org_id", i0."locale", i0."timezone", i0."notifications_enabled", i0."created_at", i0."updated_at" FROM "identity_user_settings" AS i0 WHERE (i0."id" = $1)
    (ecto_sql 3.13.4) lib/ecto/adapters/sql.ex:1113: Ecto.Adapters.SQL.raise_sql_call_error/1
    (ecto_sql 3.13.4) lib/ecto/adapters/sql.ex:1011: Ecto.Adapters.SQL.execute/6
    (ecto 3.13.5) lib/ecto/repo/queryable.ex:241: Ecto.Repo.Queryable.execute/4
    (ecto 3.13.5) lib/ecto/repo/queryable.ex:19: Ecto.Repo.Queryable.all/3
    (ecto 3.13.5) lib/ecto/repo/queryable.ex:163: Ecto.Repo.Queryable.one/3
    (nexus 0.1.0) lib/nexus/identity/projectors/user_registration_projector.ex:53: anonymous fn/3 in Nexus.Identity.Projectors.UserRegistrationProjector.project_registration/3
    (ecto 3.13.5) lib/ecto/multi.ex:905: Ecto.Multi.apply_operation/5
    (elixir 1.19.5) lib/enum.ex:2520: Enum."-reduce/3-lists^foldl/2-0-"/3
    (ecto 3.13.5) lib/ecto/multi.ex:878: anonymous fn/5 in Ecto.Multi.apply_operations/5
    (ecto_sql 3.13.4) lib/ecto/adapters/sql.ex:1473: anonymous fn/3 in Ecto.Adapters.SQL.checkout_or_transaction/4
    (db_connection 2.9.0) lib/db_connection.ex:1747: DBConnection.run_transaction/4
    (ecto 3.13.5) lib/ecto/repo/transaction.ex:30: Ecto.Repo.Transaction.transact/4
    (nexus 0.1.0) deps/commanded_ecto_projections/lib/projections/ecto.ex:97: Nexus.Identity.Projectors.UserRegistrationProjector.update_projection/3
    (commanded 1.4.9) lib/commanded/event/handler.ex:1221: Commanded.Event.Handler.delegate_event_to_handler/2
    (commanded 1.4.9) lib/commanded/event/handler.ex:1062: Commanded.Event.Handler.handle_event/3
    (elixir 1.19.5) lib/enum.ex:2520: Enum."-reduce/3-lists^foldl/2-0-"/3
    (commanded 1.4.9) lib/commanded/event/handler.ex:969: Commanded.Event.Handler.handle_info/2
    (stdlib 7.1) gen_server.erl:2434: :gen_server.try_handle_info/3
    (stdlib 7.1) gen_server.erl:2420: :gen_server.handle_msg/3
    (stdlib 7.1) proc_lib.erl:333: :proc_lib.init_p_do_apply/3

23:10:01.087 [debug] Nexus.Treasury.Projectors.VaultProjector received events: [%Commanded.EventStore.RecordedEvent{event_id: "aede7007-d902-4db1-9f47-1070ed2c1676", event_number: 12154, stream_id: "AutomatedTest.PM-019d0d83-3360-7aa2-bf98-48897ad9feec", stream_version: 2, causation_id: nil, correlation_id: nil, event_type: "Elixir.Nexus.ERP.Events.InvoiceIngested", data: %Nexus.ERP.Events.InvoiceIngested{org_id: "019d0d83-3360-7aa2-bf98-48897ad9feec", invoice_id: "019d0d83-336b-7985-bf93-3efacda38013", entity_id: "ENT-202", currency: "USD", amount: "2400.00", due_date: "2026-04-19", subsidiary: "Tokyo Branch", line_items: [%{description: "Goods", amount: "2400.00"}], sap_document_number: "SAP-202", sap_status: "Verified", ingested_at: "2026-03-20T23:09:55.435350Z"}, created_at: ~U[2026-03-20 23:09:55.447926Z], metadata: %{}}]
23:10:01.087 [warning] Nexus.Identity.Projectors.UserRegistrationProjector has requested to stop: %Postgrex.Error{message: nil, postgres: %{code: :undefined_column, line: "3721", message: "column i0.id does not exist", position: "8", file: "parse_relation.c", unknown: "ERROR", severity: "ERROR", pg_code: "42703", routine: "errorMissingColumn"}, connection_id: 3149, query: "SELECT i0.\"id\", i0.\"user_id\", i0.\"org_id\", i0.\"locale\", i0.\"timezone\", i0.\"notifications_enabled\", i0.\"created_at\", i0.\"updated_at\" FROM \"identity_user_settings\" AS i0 WHERE (i0.\"id\" = $1)"}
23:10:01.087 [debug] Nexus.Treasury.ProcessManagers.TransferManager received 1 event(s)
23:10:01.087 [debug] Nexus.Treasury.ProcessManagers.TransferManager is not interested in event 12116 ("019d0d82-ed8b-770f-91f3-7a3c268c3820"@1)
23:10:01.087 [debug] Nexus.Identity.Projectors.UserRegistrationProjector is shutting down due to %Postgrex.Error{message: nil, postgres: %{code: :undefined_column, line: "3721", message: "column i0.id does not exist", position: "8", file: "parse_relation.c", unknown: "ERROR", severity: "ERROR", pg_code: "42703", routine: "errorMissingColumn"}, connection_id: 3149, query: "SELECT i0.\"id\", i0.\"user_id\", i0.\"org_id\", i0.\"locale\", i0.\"timezone\", i0.\"notifications_enabled\", i0.\"created_at\", i0.\"updated_at\" FROM \"identity_user_settings\" AS i0 WHERE (i0.\"id\" = $1)"}
23:10:01.087 [debug] Nexus.Treasury.ProcessManagers.TransferManager confirming receipt of event: 12116
23:10:01.087 [debug] Nexus.Treasury.Projectors.VaultProjector confirming receipt of event #12154 of events: [%Commanded.EventStore.RecordedEvent{event_id: "aede7007-d902-4db1-9f47-1070ed2c1676", event_number: 12154, stream_id: "AutomatedTest.PM-019d0d83-3360-7aa2-bf98-48897ad9feec", stream_version: 2, causation_id: nil, correlation_id: nil, event_type: "Elixir.Nexus.ERP.Events.InvoiceIngested", data: %Nexus.ERP.Events.InvoiceIngested{org_id: "019d0d83-3360-7aa2-bf98-48897ad9feec", invoice_id: "019d0d83-336b-7985-bf93-3efacda38013", entity_id: "ENT-202", currency: "USD", amount: "2400.00", due_date: "2026-04-19", subsidiary: "Tokyo Branch", line_items: [%{description: "Goods", amount: "2400.00"}], sap_document_number: "SAP-202", sap_status: "Verified", ingested_at: "2026-03-20T23:09:55.435350Z"}, created_at: ~U[2026-03-20 23:09:55.447926Z], metadata: %{}}]
23:10:01.087 [error] GenServer {Nexus.App.LocalRegistry, {Nexus.App, Commanded.Event.Handler, "Identity.Projectors.UserRegistrationProjector"}} terminating
** (stop) %Postgrex.Error{message: nil, postgres: %{code: :undefined_column, line: "3721", message: "column i0.id does not exist", position: "8", file: "parse_relation.c", unknown: "ERROR", severity: "ERROR", pg_code: "42703", routine: "errorMissingColumn"}, connection_id: 3149, query: "SELECT i0.\"id\", i0.\"user_id\", i0.\"org_id\", i0.\"locale\", i0.\"timezone\", i0.\"notifications_enabled\", i0.\"created_at\", i0.\"updated_at\" FROM \"identity_user_settings\" AS i0 WHERE (i0.\"id\" = $1)"}
Last message: {:events, [%Commanded.EventStore.RecordedEvent{event_id: "282ec866-f518-44ed-95f6-7a535d6c3e25", event_number: 11262, stream_id: "019d0c26-0b00-74a0-bd6d-48329cf61a57", stream_version: 1, causation_id: "d64809a4-8402-4360-8536-99b7a0f860ca", correlation_id: "e0f4b4bb-483c-4914-aaaa-956d1587d67e", event_type: "Elixir.Nexus.Identity.Events.UserRegistered", data: %Nexus.Identity.Events.UserRegistered{user_id: "019d0c26-0b00-74a0-bd6d-48329cf61a57", org_id: "019d0c26-0b00-74a0-8884-24b7b734f296", email: "test@example.com", role: "system_admin", cose_key: "Ym9vdHN0cmFwX2Nvc2Vfa2V5", credential_id: "Ym9vdHN0cmFwX2NyZWRlbnRpYWxfaWQ=", registered_at: "2026-03-20T16:48:33.024173Z", display_name: "Test User", status: "active"}, created_at: ~U[2026-03-20 16:48:33.025211Z], metadata: %{"causation_id" => "019d0c26-0b00-71d0-a1d2-041f55e92cfc", "correlation_id" => "019d0c26-0b00-71d0-a1d2-041f55e92cfc"}}]}
State: %Commanded.Event.Handler{application: Nexus.App, consistency: :strong, handler_callback: :event, handler_name: "Identity.Projectors.UserRegistrationProjector", handler_module: Nexus.Identity.Projectors.UserRegistrationProjector, handler_state: nil, last_seen_event: nil, subscription: %Commanded.EventStore.Subscription{application: Nexus.App, backoff: {:backoff, 1000, 60000, 1000, :jitter, :undefined, :undefined}, concurrency: 1, partition_by: nil, subscribe_to: :all, subscribe_from: :origin, subscription_name: "Identity.Projectors.UserRegistrationProjector", subscription_opts: [], subscription_pid: #PID<0.2112.0>, subscription_ref: #Reference<0.504251661.3394502659.53032>}, subscribe_timer: nil}
23:10:01.087 [debug] Subscription "Identity.Projectors.UserRegistrationProjector"@"$all" subscriber #PID<0.2111.0> down due to: %Postgrex.Error{message: nil, postgres: %{code: :undefined_column, line: "3721", message: "column i0.id does not exist", position: "8", file: "parse_relation.c", unknown: "ERROR", severity: "ERROR", pg_code: "42703", routine: "errorMissingColumn"}, connection_id: 3149, query: "SELECT i0.\"id\", i0.\"user_id\", i0.\"org_id\", i0.\"locale\", i0.\"timezone\", i0.\"notifications_enabled\", i0.\"created_at\", i0.\"updated_at\" FROM \"identity_user_settings\" AS i0 WHERE (i0.\"id\" = $1)"}
23:10:01.087 [debug] Subscription "Identity.Projectors.UserRegistrationProjector"@"$all" has no subscribers, shutting down
23:10:01.088 [debug] Nexus.Treasury.Projectors.VaultProjector received events: [%Commanded.EventStore.RecordedEvent{event_id: "90afdd0a-504e-4a6a-83e8-a773b4a15f11", event_number: 12155, stream_id: "c5ce7da5-5452-4e1d-8875-7ceabec1d9e1", stream_version: 1, causation_id: "08736bbb-493a-49bb-ab41-870470b7774f", correlation_id: "4598d61d-78db-4ec2-bd17-a7579f7c2183", event_type: "Elixir.Nexus.Organization.Events.TenantProvisioned", data: %Nexus.Organization.Events.TenantProvisioned{org_id: "c5ce7da5-5452-4e1d-8875-7ceabec1d9e1", name: "Global Corp-b332f216-dada-48cf-972b-19dfa4d34f16", initial_admin_email: "elena@global-corp.com", provisioned_by: "bernard", provisioned_at: "2026-03-20T23:09:55.450905Z"}, created_at: ~U[2026-03-20 23:09:55.453562Z], metadata: %{"causation_id" => "019d0d83-337a-7a86-b1bd-cee6390ba624", "correlation_id" => "019d0d83-337a-7a86-b1bd-cee6390ba624"}}]
23:10:01.088 [debug] Nexus.Treasury.Projectors.VaultProjector confirming receipt of event #12155 of events: [%Commanded.EventStore.RecordedEvent{event_id: "90afdd0a-504e-4a6a-83e8-a773b4a15f11", event_number: 12155, stream_id: "c5ce7da5-5452-4e1d-8875-7ceabec1d9e1", stream_version: 1, causation_id: "08736bbb-493a-49bb-ab41-870470b7774f", correlation_id: "4598d61d-78db-4ec2-bd17-a7579f7c2183", event_type: "Elixir.Nexus.Organization.Events.TenantProvisioned", data: %Nexus.Organization.Events.TenantProvisioned{org_id: "c5ce7da5-5452-4e1d-8875-7ceabec1d9e1", name: "Global Corp-b332f216-dada-48cf-972b-19dfa4d34f16", initial_admin_email: "elena@global-corp.com", provisioned_by: "bernard", provisioned_at: "2026-03-20T23:09:55.450905Z"}, created_at: ~U[2026-03-20 23:09:55.453562Z], metadata: %{"causation_id" => "019d0d83-337a-7a86-b1bd-cee6390ba624", "correlation_id" => "019d0d83-337a-7a86-b1bd-cee6390ba624"}}]
23:10:01.088 [debug] Nexus.Treasury.ProcessManagers.TransferManager received 1 event(s)
23:10:01.088 [debug] Nexus.Treasury.ProcessManagers.TransferManager is not interested in event 12117 ("019d0d82-edac-7542-85db-e9337b3a57fc"@1)
23:10:01.087 [error] GenServer {Nexus.EventStore.EventStore.Subscriptions.Registry, {"$all", "Identity.Projectors.UserRegistrationProjector"}} terminating
** (stop) %Postgrex.Error{message: nil, postgres: %{code: :undefined_column, line: "3721", message: "column i0.id does not exist", position: "8", file: "parse_relation.c", unknown: "ERROR", severity: "ERROR", pg_code: "42703", routine: "errorMissingColumn"}, connection_id: 3149, query: "SELECT i0.\"id\", i0.\"user_id\", i0.\"org_id\", i0.\"locale\", i0.\"timezone\", i0.\"notifications_enabled\", i0.\"created_at\", i0.\"updated_at\" FROM \"identity_user_settings\" AS i0 WHERE (i0.\"id\" = $1)"}
Last message: {:DOWN, #Reference<0.504251661.3394502659.52998>, :process, #PID<0.2111.0>, %Postgrex.Error{message: nil, postgres: %{code: :undefined_column, line: "3721", message: "column i0.id does not exist", position: "8", file: "parse_relation.c", unknown: "ERROR", severity: "ERROR", pg_code: "42703", routine: "errorMissingColumn"}, connection_id: 3149, query: "SELECT i0.\"id\", i0.\"user_id\", i0.\"org_id\", i0.\"locale\", i0.\"timezone\", i0.\"notifications_enabled\", i0.\"created_at\", i0.\"updated_at\" FROM \"identity_user_settings\" AS i0 WHERE (i0.\"id\" = $1)"}}
State: %EventStore.Subscriptions.Subscription{stream_uuid: "$all", subscription_name: "Identity.Projectors.UserRegistrationProjector", subscription: %EventStore.Subscriptions.SubscriptionFsm{state: :unsubscribed, data: %EventStore.Subscriptions.SubscriptionState{conn: Nexus.EventStore.Postgrex, event_store: Nexus.EventStore, serializer: Commanded.Serialization.JsonSerializer, schema: "event_store", stream_uuid: "$all", start_from: 0, subscription_name: "Identity.Projectors.UserRegistrationProjector", subscription_id: 405, selector: nil, mapper: &Commanded.EventStore.Adapters.EventStore.Mapper.from_recorded_event/1, max_size: 1000, partition_by: nil, query_timeout: 15000, lock_ref: #Reference<0.504251661.3394502662.14160>, last_received: 12213, last_sent: 11262, last_ack: 11261, queue_size: 952, buffer_size: 1, checkpoint_after: 0, checkpoint_threshold: 1, checkpoint_timer_ref: nil, checkpoints_pending: 0, subscribers: %{}, partitions: %{nil: {[%EventStore.RecordedEvent{event_number: 12213, event_id: "8465f711-7a79-4da0-b76b-80f2317a65aa", stream_uuid: "019d0d83-4954-7c92-ab08-29d23d74b89e", stream_version: 1, correlation_id: "778f5047-f575-4aa4-b388-70766bd3fbf3", causation_id: "11b95539-e26a-4a13-b08d-1bd7cb392868", event_type: "Elixir.Nexus.Treasury.Events.VaultRegistered", data: %Nexus.Treasury.Events.VaultRegistered{vault_id: "019d0d83-4954-7c92-ab08-29d23d74b89e", org_id: "ef931344-80c9-4e70-9a3b-9b8ea762cc4a", name: "J.P. Morgan - Operational - 27f29b8b-040b-42e5-bbab-7a249f2d777a", bank_name: "J.P. Morgan", account_number: "US1234567890", iban: nil, currency: "USD", provider: "mock", registered_at: "2026-03-20T23:10:01.044834Z", daily_withdrawal_limit: "0.0", requires_multi_sig: false}, metadata: %{"causation_id" => "019d0d83-4954-72b6-82e4-71af823efdd9", "correlation_id" => "019d0d83-4954-72b6-82e4-71af823efdd9"}, created_at: ~U[2026-03-20 23:10:01.047265Z]}, %EventStore.RecordedEvent{event_number: 12212, event_id: "1929261c-1036-49bc-85d0-d711ffdbc115", stream_uuid: "2da42fd8-a7ab-4fef-9440-e65930315ae3", stream_version: 1, correlation_id: "1c43af81-d2fc-475c-8a15-fa657ebe5023", causation_id: "ca1029d5-1170-429c-8f65-fdaac65cabc3", event_type: "Elixir.Nexus.Identity.Events.UserRegistered", data: %Nexus.Identity.Events.UserRegistered{user_id: "2da42fd8-a7ab-4fef-9440-e65930315ae3", org_id: "ef931344-80c9-4e70-9a3b-9b8ea762cc4a", email: "treasurer-3ca2bd4e-ee08-4e47-b637-e208564bb986@nexus.financial", role: "treasurer", cose_key: "bW9jaw==", credential_id: "bW9jaw==", registered_at: "2026-03-20T23:10:01.042386Z", display_name: "Test Treasurer", status: "active"}, metadata: %{"causation_id" => "019d0d83-4952-731b-8733-655f416afb9f", "correlation_id" => "019d0d83-4952-731b-8733-655f416afb9f"}, created_at: ~U[2026-03-20 23:10:01.043534Z]}, %EventStore.RecordedEvent{event_number: 12211, event_id: "26c91b1c-3489-4662-9626-bf258e27d2e3", stream_uuid: "TransferHardeningTest.PM-019d0d83-4382-7033-9090-6bdd60a829dd", stream_version: 4, correlation_id: nil, causation_id: nil, event_type: "Elixir.Nexus.Treasury.Events.TransferAuthorized", data: %Nexus.Treasury.Events.TransferAuthorized{transfer_id: "019d0d83-4395-7bae-9664-639fd46091ae", org_id: "019d0d83-4382-7a02-a462-0a39d3bcc695", user_id: nil, actor_email: "verified-user@nexus.ai", authorized_at: "2026-03-20T23:10:00.053354Z"}, metadata: %{}, created_at: ~U[2026-03-20 23:10:00.063708Z]}, %EventStore.RecordedEvent{event_number: 12210, event_id: "373c9f91-a672-42d1-8c9f-e1c2f0bdfc8b", stream_uuid: "019d0d83-4395-7bae-9664-639fd46091ae", stream_version: 3, correlation_id: "f7eba5f5-e0a2-4a74-813e-060aba7ee172", ...}, ...], ...}}, ...}}, ...}
23:10:01.088 [debug] Nexus.Treasury.ProcessManagers.TransferManager confirming receipt of event: 12117
23:10:01.088 [debug] Nexus.Treasury.Handlers.TransferExecutionHandler received events: [%Commanded.EventStore.RecordedEvent{event_id: "9ed39ebd-b06a-42af-b42d-da03e5846acb", event_number: 12145, stream_id: "019d0d83-334a-7010-9a06-ee36f50f7e07", stream_version: 1, causation_id: "a57ff602-b26a-4735-b16c-5158a0cbe2f2", correlation_id: "941b2cdc-4153-4b6d-9c09-9248b421c26c", event_type: "Elixir.Nexus.ERP.Events.InvoiceIngested", data: %Nexus.ERP.Events.InvoiceIngested{org_id: "019d0d83-3347-784a-a507-b3da919cb68c", invoice_id: "019d0d83-334a-7010-9a06-ee36f50f7e07", entity_id: "ENT-101", currency: "EUR", amount: "1500.00", due_date: "2026-04-19", subsidiary: "Munich HQ", line_items: [%{description: "Service", amount: "1500.00"}], sap_document_number: "SAP-101", sap_status: "Verified", ingested_at: "2026-03-20T23:09:55.402032Z"}, created_at: ~U[2026-03-20 23:09:55.403062Z], metadata: %{"causation_id" => "019d0d83-334a-7c90-8389-31df9a31f975", "correlation_id" => "019d0d83-334a-7c90-8389-31df9a31f975"}}]
23:10:01.088 [debug] Nexus.Treasury.Handlers.TransferExecutionHandler confirming receipt of event #12145 of events: [%Commanded.EventStore.RecordedEvent{event_id: "9ed39ebd-b06a-42af-b42d-da03e5846acb", event_number: 12145, stream_id: "019d0d83-334a-7010-9a06-ee36f50f7e07", stream_version: 1, causation_id: "a57ff602-b26a-4735-b16c-5158a0cbe2f2", correlation_id: "941b2cdc-4153-4b6d-9c09-9248b421c26c", event_type: "Elixir.Nexus.ERP.Events.InvoiceIngested", data: %Nexus.ERP.Events.InvoiceIngested{org_id: "019d0d83-3347-784a-a507-b3da919cb68c", invoice_id: "019d0d83-334a-7010-9a06-ee36f50f7e07", entity_id: "ENT-101", currency: "EUR", amount: "1500.00", due_date: "2026-04-19", subsidiary: "Munich HQ", line_items: [%{description: "Service", amount: "1500.00"}], sap_document_number: "SAP-101", sap_status: "Verified", ingested_at: "2026-03-20T23:09:55.402032Z"}, created_at: ~U[2026-03-20 23:09:55.403062Z], metadata: %{"causation_id" => "019d0d83-334a-7c90-8389-31df9a31f975", "correlation_id" => "019d0d83-334a-7c90-8389-31df9a31f975"}}]
23:10:01.088 [debug] Nexus.Identity.Projectors.UserRegistrationProjector is shutting down due to {%Postgrex.Error{message: nil, postgres: %{code: :undefined_column, line: "3721", message: "column i0.id does not exist", position: "8", file: "parse_relation.c", unknown: "ERROR", severity: "ERROR", pg_code: "42703", routine: "errorMissingColumn"}, connection_id: 3149, query: "SELECT i0.\"id\", i0.\"user_id\", i0.\"org_id\", i0.\"locale\", i0.\"timezone\", i0.\"notifications_enabled\", i0.\"created_at\", i0.\"updated_at\" FROM \"identity_user_settings\" AS i0 WHERE (i0.\"id\" = $1)"}, {GenServer, :call, [#PID<0.2112.0>, {:connect, #PID<0.2119.0>, [retry_interval: 60000, hibernate_after: 15000, partition_by: nil, concurrency_limit: 1, name: Nexus.EventStore, mapper: &Commanded.EventStore.Adapters.EventStore.Mapper.from_recorded_event/1, conn: Nexus.EventStore.Postgrex, event_store: Nexus.EventStore, query_timeout: 15000, schema: "event_store", serializer: Commanded.Serialization.JsonSerializer, stream_uuid: "$all", subscription_name: "Identity.Projectors.UserRegistrationProjector", start_from: 0]}, 5000]}}
23:10:01.088 [debug] Nexus.Treasury.Projectors.VaultProjector received events: [%Commanded.EventStore.RecordedEvent{event_id: "5e38c933-ad30-45a4-ad6d-b192905c797c", event_number: 12156, stream_id: "88f7e2e7-1d80-4baf-a9ff-d825d8f51afe", stream_version: 1, causation_id: "881c9af5-7d04-499e-b9f9-2518b5b168bb", correlation_id: "740556d8-111b-45ae-9d74-88194fd5c01b", event_type: "Elixir.Nexus.Organization.Events.TenantProvisioned", data: %Nexus.Organization.Events.TenantProvisioned{org_id: "88f7e2e7-1d80-4baf-a9ff-d825d8f51afe", name: "Rogue Inc-046ab966-d7a0-4da4-a4f3-78445361a165", initial_admin_email: "dummy@example.com", provisioned_by: "not_system_admin", provisioned_at: "2026-03-20T23:09:55.464469Z"}, created_at: ~U[2026-03-20 23:09:55.465169Z], metadata: %{"causation_id" => "019d0d83-3388-7b10-b352-f64587ef945d", "correlation_id" => "019d0d83-3388-7b10-b352-f64587ef945d"}}]
23:10:01.088 [debug] Nexus.Treasury.Projectors.VaultProjector confirming receipt of event #12156 of events: [%Commanded.EventStore.RecordedEvent{event_id: "5e38c933-ad30-45a4-ad6d-b192905c797c", event_number: 12156, stream_id: "88f7e2e7-1d80-4baf-a9ff-d825d8f51afe", stream_version: 1, causation_id: "881c9af5-7d04-499e-b9f9-2518b5b168bb", correlation_id: "740556d8-111b-45ae-9d74-88194fd5c01b", event_type: "Elixir.Nexus.Organization.Events.TenantProvisioned", data: %Nexus.Organization.Events.TenantProvisioned{org_id: "88f7e2e7-1d80-4baf-a9ff-d825d8f51afe", name: "Rogue Inc-046ab966-d7a0-4da4-a4f3-78445361a165", initial_admin_email: "dummy@example.com", provisioned_by: "not_system_admin", provisioned_at: "2026-03-20T23:09:55.464469Z"}, created_at: ~U[2026-03-20 23:09:55.465169Z], metadata: %{"causation_id" => "019d0d83-3388-7b10-b352-f64587ef945d", "correlation_id" => "019d0d83-3388-7b10-b352-f64587ef945d"}}]
23:10:01.088 [debug] Nexus.Treasury.ProcessManagers.TransferManager received 1 event(s)
23:10:01.088 [debug] Nexus.Treasury.ProcessManagers.TransferManager is not interested in event 12118 ("019d0d82-edbf-7b9d-8e40-2d461030b36d"@1)
23:10:01.088 [debug] Nexus.Treasury.ProcessManagers.TransferManager confirming receipt of event: 12118
23:10:01.088 [debug] Nexus.Treasury.Handlers.TransferExecutionHandler received events: [%Commanded.EventStore.RecordedEvent{event_id: "dc1b763c-6b4e-47c1-969c-c4992ce88089", event_number: 12146, stream_id: "AutomatedTest.PM-019d0d83-3347-784a-a507-b3da919cb68c", stream_version: 1, causation_id: nil, correlation_id: nil, event_type: "Elixir.Nexus.ERP.Events.InvoiceIngested", data: %Nexus.ERP.Events.InvoiceIngested{org_id: "019d0d83-3347-784a-a507-b3da919cb68c", invoice_id: "019d0d83-334a-7010-9a06-ee36f50f7e07", entity_id: "ENT-101", currency: "EUR", amount: "1500.00", due_date: "2026-04-19", subsidiary: "Munich HQ", line_items: [%{description: "Service", amount: "1500.00"}], sap_document_number: "SAP-101", sap_status: "Verified", ingested_at: "2026-03-20T23:09:55.402032Z"}, created_at: ~U[2026-03-20 23:09:55.407524Z], metadata: %{}}]
23:10:01.088 [debug] Nexus.Treasury.Handlers.TransferExecutionHandler confirming receipt of event #12146 of events: [%Commanded.EventStore.RecordedEvent{event_id: "dc1b763c-6b4e-47c1-969c-c4992ce88089", event_number: 12146, stream_id: "AutomatedTest.PM-019d0d83-3347-784a-a507-b3da919cb68c", stream_version: 1, causation_id: nil, correlation_id: nil, event_type: "Elixir.Nexus.ERP.Events.InvoiceIngested", data: %Nexus.ERP.Events.InvoiceIngested{org_id: "019d0d83-3347-784a-a507-b3da919cb68c", invoice_id: "019d0d83-334a-7010-9a06-ee36f50f7e07", entity_id: "ENT-101", currency: "EUR", amount: "1500.00", due_date: "2026-04-19", subsidiary: "Munich HQ", line_items: [%{description: "Service", amount: "1500.00"}], sap_document_number: "SAP-101", sap_status: "Verified", ingested_at: "2026-03-20T23:09:55.402032Z"}, created_at: ~U[2026-03-20 23:09:55.407524Z], metadata: %{}}]
23:10:01.088 [debug] Nexus.Treasury.ProcessManagers.TransferManager received 1 event(s)
23:10:01.088 [debug] Nexus.Treasury.ProcessManagers.TransferManager is not interested in event 12119 ("019d0d82-edc8-7476-a5ac-263412bd7d01"@1)
23:10:01.088 [debug] Nexus.Treasury.ProcessManagers.TransferManager confirming receipt of event: 12119
23:10:01.088 [error] GenServer {Nexus.App.LocalRegistry, {Nexus.App, Commanded.Event.Handler, "Identity.Projectors.UserRegistrationProjector"}} terminating
** (stop) exited in: GenServer.call(#PID<0.2112.0>, {:connect, #PID<0.2119.0>, [retry_interval: 60000, hibernate_after: 15000, partition_by: nil, concurrency_limit: 1, name: Nexus.EventStore, mapper: &Commanded.EventStore.Adapters.EventStore.Mapper.from_recorded_event/1, conn: Nexus.EventStore.Postgrex, event_store: Nexus.EventStore, query_timeout: 15000, schema: "event_store", serializer: Commanded.Serialization.JsonSerializer, stream_uuid: "$all", subscription_name: "Identity.Projectors.UserRegistrationProjector", start_from: 0]}, 5000)
    ** (EXIT) %Postgrex.Error{message: nil, postgres: %{code: :undefined_column, line: "3721", message: "column i0.id does not exist", position: "8", file: "parse_relation.c", unknown: "ERROR", severity: "ERROR", pg_code: "42703", routine: "errorMissingColumn"}, connection_id: 3149, query: "SELECT i0.\"id\", i0.\"user_id\", i0.\"org_id\", i0.\"locale\", i0.\"timezone\", i0.\"notifications_enabled\", i0.\"created_at\", i0.\"updated_at\" FROM \"identity_user_settings\" AS i0 WHERE (i0.\"id\" = $1)"}
    (elixir 1.19.5) lib/gen_server.ex:1142: GenServer.call/3
    (commanded 1.4.9) lib/commanded/event_store.ex:289: anonymous fn/2 in Commanded.EventStore.span/3
    (telemetry 1.3.0) /Users/bernard/dev/nexus/deps/telemetry/src/telemetry.erl:324: :telemetry.span/3
    (commanded 1.4.9) lib/commanded/event_store/subscription.ex:58: Commanded.EventStore.Subscription.subscribe/2
    (commanded 1.4.9) lib/commanded/event/handler.ex:1024: Commanded.Event.Handler.subscribe_to_events/1
    (commanded 1.4.9) lib/commanded/event/handler.ex:887: Commanded.Event.Handler.handle_continue/2
    (stdlib 7.1) gen_server.erl:2424: :gen_server.try_handle_continue/3
    (stdlib 7.1) gen_server.erl:2291: :gen_server.loop/4
    (stdlib 7.1) proc_lib.erl:333: :proc_lib.init_p_do_apply/3
Last message: {:continue, :subscribe_to_events}
State: %Commanded.Event.Handler{application: Nexus.App, consistency: :strong, handler_callback: :event, handler_name: "Identity.Projectors.UserRegistrationProjector", handler_module: Nexus.Identity.Projectors.UserRegistrationProjector, handler_state: nil, last_seen_event: nil, subscription: %Commanded.EventStore.Subscription{application: Nexus.App, backoff: {:backoff, 1000, 60000, 1000, :jitter, :undefined, :undefined}, concurrency: 1, partition_by: nil, subscribe_to: :all, subscribe_from: :origin, subscription_name: "Identity.Projectors.UserRegistrationProjector", subscription_opts: [], subscription_pid: nil, subscription_ref: nil}, subscribe_timer: nil}
23:10:01.089 [debug] Nexus.Treasury.Projectors.VaultProjector received events: [%Commanded.EventStore.RecordedEvent{event_id: "27b4759f-ed49-44c5-ade1-d183b4760370", event_number: 12157, stream_id: "019d0d83-338c-71d5-a0d8-6bcd714440f3", stream_version: 1, causation_id: "f5c27a6d-997d-4532-8c01-a29cfede0737", correlation_id: "5187d1f6-c4a6-42a7-bdef-785eb03115be", event_type: "Elixir.Nexus.ERP.Events.InvoiceIngested", data: %Nexus.ERP.Events.InvoiceIngested{org_id: "019d0d83-338a-7090-8ae1-54cf16c85971", invoice_id: "019d0d83-338c-71d5-a0d8-6bcd714440f3", entity_id: "ENT-INV-1001", currency: "EUR", amount: "1500.0", due_date: "2026-04-19", subsidiary: "Default", line_items: [%{description: "Test", amount: "1500.0"}], sap_document_number: "SAP-INV-1001", sap_status: "Verified", ingested_at: "2026-03-20T23:09:55.468738Z"}, created_at: ~U[2026-03-20 23:09:55.469634Z], metadata: %{"causation_id" => "019d0d83-338c-7448-8935-2a2762a6facf", "correlation_id" => "019d0d83-338c-7448-8935-2a2762a6facf"}}]
23:10:01.089 [debug] Nexus.Treasury.Projectors.VaultProjector confirming receipt of event #12157 of events: [%Commanded.EventStore.RecordedEvent{event_id: "27b4759f-ed49-44c5-ade1-d183b4760370", event_number: 12157, stream_id: "019d0d83-338c-71d5-a0d8-6bcd714440f3", stream_version: 1, causation_id: "f5c27a6d-997d-4532-8c01-a29cfede0737", correlation_id: "5187d1f6-c4a6-42a7-bdef-785eb03115be", event_type: "Elixir.Nexus.ERP.Events.InvoiceIngested", data: %Nexus.ERP.Events.InvoiceIngested{org_id: "019d0d83-338a-7090-8ae1-54cf16c85971", invoice_id: "019d0d83-338c-71d5-a0d8-6bcd714440f3", entity_id: "ENT-INV-1001", currency: "EUR", amount: "1500.0", due_date: "2026-04-19", subsidiary: "Default", line_items: [%{description: "Test", amount: "1500.0"}], sap_document_number: "SAP-INV-1001", sap_status: "Verified", ingested_at: "2026-03-20T23:09:55.468738Z"}, created_at: ~U[2026-03-20 23:09:55.469634Z], metadata: %{"causation_id" => "019d0d83-338c-7448-8935-2a2762a6facf", "correlation_id" => "019d0d83-338c-7448-8935-2a2762a6facf"}}]
23:10:01.089 [debug] Subscription "Identity.Projectors.UserRegistrationProjector"@"$all" attempting to connect subscriber #PID<0.2120.0>
23:10:01.089 [debug] Nexus.Treasury.ProcessManagers.TransferManager received 1 event(s)
23:10:01.089 [debug] Nexus.Treasury.ProcessManagers.TransferManager is not interested in event 12120 ("f36466a8-a5a7-4205-a798-7d6c9052db95"@1)
23:10:01.089 [debug] Nexus.Treasury.Handlers.TransferExecutionHandler received events: [%Commanded.EventStore.RecordedEvent{event_id: "359db3fa-396b-44e6-8816-e818389e665d", event_number: 12147, stream_id: "019d0d83-3350-733d-8cb6-364d858e3be3", stream_version: 1, causation_id: "c6993a9e-8bd1-43f7-9498-6635fa16db1b", correlation_id: "a81a9ef8-93a3-43a2-960d-4623a30e37f5", event_type: "Elixir.Nexus.ERP.Events.StatementUploaded", data: %Nexus.ERP.Events.StatementUploaded{statement_id: "019d0d83-3350-733d-8cb6-364d858e3be3", org_id: "019d0d83-3347-784a-a507-b3da919cb68c", filename: "statement.csv", format: "csv", lines: [%{id: "019d0d83-3350-78ec-9148-578580a81cf3", status: "unmatched", date: "2024-03-02", metadata: %{}, currency: "EUR", ref: "BANK-REF-101", amount: "-1500.00", narrative: "Payment for SAP-101"}], uploaded_at: "2026-03-20T23:09:55.408417Z", content_hash: "9617CE13881E73C0546F5116917830BE008F52E4218CB47C0069FE2D8077E700"}, created_at: ~U[2026-03-20 23:09:55.409209Z], metadata: %{"causation_id" => "019d0d83-3350-785a-9d9f-a3f503c0785c", "correlation_id" => "019d0d83-3350-785a-9d9f-a3f503c0785c"}}]
23:10:01.089 [debug] Nexus.Treasury.ProcessManagers.TransferManager confirming receipt of event: 12120
23:10:01.089 [debug] Nexus.Treasury.Handlers.TransferExecutionHandler confirming receipt of event #12147 of events: [%Commanded.EventStore.RecordedEvent{event_id: "359db3fa-396b-44e6-8816-e818389e665d", event_number: 12147, stream_id: "019d0d83-3350-733d-8cb6-364d858e3be3", stream_version: 1, causation_id: "c6993a9e-8bd1-43f7-9498-6635fa16db1b", correlation_id: "a81a9ef8-93a3-43a2-960d-4623a30e37f5", event_type: "Elixir.Nexus.ERP.Events.StatementUploaded", data: %Nexus.ERP.Events.StatementUploaded{statement_id: "019d0d83-3350-733d-8cb6-364d858e3be3", org_id: "019d0d83-3347-784a-a507-b3da919cb68c", filename: "statement.csv", format: "csv", lines: [%{id: "019d0d83-3350-78ec-9148-578580a81cf3", status: "unmatched", date: "2024-03-02", metadata: %{}, currency: "EUR", ref: "BANK-REF-101", amount: "-1500.00", narrative: "Payment for SAP-101"}], uploaded_at: "2026-03-20T23:09:55.408417Z", content_hash: "9617CE13881E73C0546F5116917830BE008F52E4218CB47C0069FE2D8077E700"}, created_at: ~U[2026-03-20 23:09:55.409209Z], metadata: %{"causation_id" => "019d0d83-3350-785a-9d9f-a3f503c0785c", "correlation_id" => "019d0d83-3350-785a-9d9f-a3f503c0785c"}}]
23:10:01.089 [debug] Nexus.Treasury.Projectors.VaultProjector received events: [%Commanded.EventStore.RecordedEvent{event_id: "f7f8551e-f6f0-4922-a9b5-d30e2487ef6b", event_number: 12158, stream_id: "Treasury.ReconciliationManager-019d0d83-338a-7090-8ae1-54cf16c85971", stream_version: 1, causation_id: nil, correlation_id: nil, event_type: "Elixir.Nexus.ERP.Events.InvoiceIngested", data: %Nexus.ERP.Events.InvoiceIngested{org_id: "019d0d83-338a-7090-8ae1-54cf16c85971", invoice_id: "019d0d83-338c-71d5-a0d8-6bcd714440f3", entity_id: "ENT-INV-1001", currency: "EUR", amount: "1500.0", due_date: "2026-04-19", subsidiary: "Default", line_items: [%{description: "Test", amount: "1500.0"}], sap_document_number: "SAP-INV-1001", sap_status: "Verified", ingested_at: "2026-03-20T23:09:55.468738Z"}, created_at: ~U[2026-03-20 23:09:55.474257Z], metadata: %{}}]
23:10:01.089 [debug] Nexus.Treasury.Projectors.VaultProjector confirming receipt of event #12158 of events: [%Commanded.EventStore.RecordedEvent{event_id: "f7f8551e-f6f0-4922-a9b5-d30e2487ef6b", event_number: 12158, stream_id: "Treasury.ReconciliationManager-019d0d83-338a-7090-8ae1-54cf16c85971", stream_version: 1, causation_id: nil, correlation_id: nil, event_type: "Elixir.Nexus.ERP.Events.InvoiceIngested", data: %Nexus.ERP.Events.InvoiceIngested{org_id: "019d0d83-338a-7090-8ae1-54cf16c85971", invoice_id: "019d0d83-338c-71d5-a0d8-6bcd714440f3", entity_id: "ENT-INV-1001", currency: "EUR", amount: "1500.0", due_date: "2026-04-19", subsidiary: "Default", line_items: [%{description: "Test", amount: "1500.0"}], sap_document_number: "SAP-INV-1001", sap_status: "Verified", ingested_at: "2026-03-20T23:09:55.468738Z"}, created_at: ~U[2026-03-20 23:09:55.474257Z], metadata: %{}}]
23:10:01.089 [debug] Nexus.Treasury.ProcessManagers.TransferManager received 1 event(s)
23:10:01.089 [debug] Nexus.Treasury.ProcessManagers.TransferManager is not interested in event 12121 ("94826e7b-f236-4ca8-8ce6-705c2b892d1c"@1)
23:10:01.089 [debug] Nexus.Treasury.ProcessManagers.TransferManager confirming receipt of event: 12121
23:10:01.089 [debug] Subscription "Identity.Projectors.UserRegistrationProjector"@"$all" catching-up
23:10:01.089 [debug] Nexus.Identity.Projectors.UserRegistrationProjector has successfully subscribed to event store
23:10:01.089 [debug] Nexus.Treasury.Handlers.TransferExecutionHandler received events: [%Commanded.EventStore.RecordedEvent{event_id: "62ca6aec-a94b-4913-8867-573cd34a62d7", event_number: 12148, stream_id: "019d0d83-3357-7ce5-a714-e3c62c3853fa", stream_version: 1, causation_id: "9c8c9a12-5bd7-4758-ba66-069f89b60ce9", correlation_id: "22e5d089-edc3-4e2e-91ea-5b3d70e210c1", event_type: "Elixir.Nexus.Treasury.Events.TransactionReconciled", data: %Nexus.Treasury.Events.TransactionReconciled{org_id: "019d0d83-3347-784a-a507-b3da919cb68c", reconciliation_id: "019d0d83-3357-7ce5-a714-e3c62c3853fa", invoice_id: "019d0d83-334a-7010-9a06-ee36f50f7e07", statement_id: "019d0d83-3350-733d-8cb6-364d858e3be3", statement_line_id: "019d0d83-3350-78ec-9148-578580a81cf3", amount: "1500.00", variance: nil, variance_reason: nil, actor_email: "system@nexus.ai", currency: "EUR", timestamp: "2026-03-20T23:09:55.415929Z"}, created_at: ~U[2026-03-20 23:09:55.416687Z], metadata: %{"causation_id" => "019d0d83-3357-7765-8f35-b4308c07edd4", "correlation_id" => "019d0d83-3357-7765-8f35-b4308c07edd4"}}]
23:10:01.089 [debug] Nexus.Treasury.Handlers.TransferExecutionHandler confirming receipt of event #12148 of events: [%Commanded.EventStore.RecordedEvent{event_id: "62ca6aec-a94b-4913-8867-573cd34a62d7", event_number: 12148, stream_id: "019d0d83-3357-7ce5-a714-e3c62c3853fa", stream_version: 1, causation_id: "9c8c9a12-5bd7-4758-ba66-069f89b60ce9", correlation_id: "22e5d089-edc3-4e2e-91ea-5b3d70e210c1", event_type: "Elixir.Nexus.Treasury.Events.TransactionReconciled", data: %Nexus.Treasury.Events.TransactionReconciled{org_id: "019d0d83-3347-784a-a507-b3da919cb68c", reconciliation_id: "019d0d83-3357-7ce5-a714-e3c62c3853fa", invoice_id: "019d0d83-334a-7010-9a06-ee36f50f7e07", statement_id: "019d0d83-3350-733d-8cb6-364d858e3be3", statement_line_id: "019d0d83-3350-78ec-9148-578580a81cf3", amount: "1500.00", variance: nil, variance_reason: nil, actor_email: "system@nexus.ai", currency: "EUR", timestamp: "2026-03-20T23:09:55.415929Z"}, created_at: ~U[2026-03-20 23:09:55.416687Z], metadata: %{"causation_id" => "019d0d83-3357-7765-8f35-b4308c07edd4", "correlation_id" => "019d0d83-3357-7765-8f35-b4308c07edd4"}}]
23:10:01.089 [debug] Nexus.Treasury.Projectors.VaultProjector received events: [%Commanded.EventStore.RecordedEvent{event_id: "726d2c10-7c77-44d6-b2d9-fbabeafeb1de", event_number: 12159, stream_id: "019d0d83-3394-7fcc-a5ce-a766a50ac533", stream_version: 1, causation_id: "fdc667dc-9f2f-48b7-8be9-f2c31a0b3ac5", correlation_id: "60b875e8-b146-4a08-b303-4db8dc3b8b72", event_type: "Elixir.Nexus.ERP.Events.StatementUploaded", data: %Nexus.ERP.Events.StatementUploaded{statement_id: "019d0d83-3394-7fcc-a5ce-a766a50ac533", org_id: "019d0d83-338a-7090-8ae1-54cf16c85971", filename: "test.csv", format: "csv", lines: [%{id: "019d0d83-3395-77db-995c-6bc83d2d30dc", status: "unmatched", date: "2024-02-25", metadata: %{}, currency: "EUR", ref: "REF-STMT-LINE-A", amount: "-1500.0", narrative: "Test matching"}], uploaded_at: "2026-03-20T23:09:55.476940Z", content_hash: "8957AFDFE9C89CCD2CD164DFCFA418288E1EC6027918D848738749767578A088"}, created_at: ~U[2026-03-20 23:09:55.477678Z], metadata: %{"causation_id" => "019d0d83-3394-7936-93eb-9713de1f4b3e", "correlation_id" => "019d0d83-3394-7936-93eb-9713de1f4b3e"}}]
23:10:01.090 [debug] Nexus.Treasury.ProcessManagers.TransferManager received 1 event(s)
23:10:01.090 [debug] Nexus.Treasury.ProcessManagers.TransferManager is not interested in event 12122 ("94826e7b-f236-4ca8-8ce6-705c2b892d1c"@2)
23:10:01.090 [debug] Nexus.Treasury.ProcessManagers.TransferManager confirming receipt of event: 12122
23:10:01.090 [debug] Nexus.Treasury.Projectors.VaultProjector confirming receipt of event #12159 of events: [%Commanded.EventStore.RecordedEvent{event_id: "726d2c10-7c77-44d6-b2d9-fbabeafeb1de", event_number: 12159, stream_id: "019d0d83-3394-7fcc-a5ce-a766a50ac533", stream_version: 1, causation_id: "fdc667dc-9f2f-48b7-8be9-f2c31a0b3ac5", correlation_id: "60b875e8-b146-4a08-b303-4db8dc3b8b72", event_type: "Elixir.Nexus.ERP.Events.StatementUploaded", data: %Nexus.ERP.Events.StatementUploaded{statement_id: "019d0d83-3394-7fcc-a5ce-a766a50ac533", org_id: "019d0d83-338a-7090-8ae1-54cf16c85971", filename: "test.csv", format: "csv", lines: [%{id: "019d0d83-3395-77db-995c-6bc83d2d30dc", status: "unmatched", date: "2024-02-25", metadata: %{}, currency: "EUR", ref: "REF-STMT-LINE-A", amount: "-1500.0", narrative: "Test matching"}], uploaded_at: "2026-03-20T23:09:55.476940Z", content_hash: "8957AFDFE9C89CCD2CD164DFCFA418288E1EC6027918D848738749767578A088"}, created_at: ~U[2026-03-20 23:09:55.477678Z], metadata: %{"causation_id" => "019d0d83-3394-7936-93eb-9713de1f4b3e", "correlation_id" => "019d0d83-3394-7936-93eb-9713de1f4b3e"}}]
23:10:01.090 [debug] Nexus.Treasury.Handlers.TransferExecutionHandler received events: [%Commanded.EventStore.RecordedEvent{event_id: "ff1b8c0f-dd37-4a6e-ac1d-c290c439d16c", event_number: 12149, stream_id: "AutomatedTest.PM-019d0d83-3347-784a-a507-b3da919cb68c", stream_version: 2, causation_id: nil, correlation_id: nil, event_type: "Elixir.Nexus.ERP.Events.StatementUploaded", data: %Nexus.ERP.Events.StatementUploaded{statement_id: "019d0d83-3350-733d-8cb6-364d858e3be3", org_id: "019d0d83-3347-784a-a507-b3da919cb68c", filename: "statement.csv", format: "csv", lines: [%{id: "019d0d83-3350-78ec-9148-578580a81cf3", status: "unmatched", date: "2024-03-02", metadata: %{}, currency: "EUR", ref: "BANK-REF-101", amount: "-1500.00", narrative: "Payment for SAP-101"}], uploaded_at: "2026-03-20T23:09:55.408417Z", content_hash: "9617CE13881E73C0546F5116917830BE008F52E4218CB47C0069FE2D8077E700"}, created_at: ~U[2026-03-20 23:09:55.422593Z], metadata: %{}}]
23:10:01.090 [debug] Nexus.Treasury.Handlers.TransferExecutionHandler confirming receipt of event #12149 of events: [%Commanded.EventStore.RecordedEvent{event_id: "ff1b8c0f-dd37-4a6e-ac1d-c290c439d16c", event_number: 12149, stream_id: "AutomatedTest.PM-019d0d83-3347-784a-a507-b3da919cb68c", stream_version: 2, causation_id: nil, correlation_id: nil, event_type: "Elixir.Nexus.ERP.Events.StatementUploaded", data: %Nexus.ERP.Events.StatementUploaded{statement_id: "019d0d83-3350-733d-8cb6-364d858e3be3", org_id: "019d0d83-3347-784a-a507-b3da919cb68c", filename: "statement.csv", format: "csv", lines: [%{id: "019d0d83-3350-78ec-9148-578580a81cf3", status: "unmatched", date: "2024-03-02", metadata: %{}, currency: "EUR", ref: "BANK-REF-101", amount: "-1500.00", narrative: "Payment for SAP-101"}], uploaded_at: "2026-03-20T23:09:55.408417Z", content_hash: "9617CE13881E73C0546F5116917830BE008F52E4218CB47C0069FE2D8077E700"}, created_at: ~U[2026-03-20 23:09:55.422593Z], metadata: %{}}]
23:10:01.090 [debug] Nexus.Treasury.Projectors.VaultProjector received events: [%Commanded.EventStore.RecordedEvent{event_id: "8467e59b-182f-45ba-bf13-f58ccad7cb35", event_number: 12160, stream_id: "019d0d83-339b-7ac7-9d5a-a845ed8ec8dc", stream_version: 1, causation_id: "cdd4d857-eea0-4ea3-a117-a4289a98b5b1", correlation_id: "2201d857-e56e-4f29-8298-a3982f8038db", event_type: "Elixir.Nexus.Treasury.Events.TransactionReconciled", data: %Nexus.Treasury.Events.TransactionReconciled{org_id: "019d0d83-338a-7090-8ae1-54cf16c85971", reconciliation_id: "019d0d83-339b-7ac7-9d5a-a845ed8ec8dc", invoice_id: "019d0d83-338c-71d5-a0d8-6bcd714440f3", statement_id: "019d0d83-3394-7fcc-a5ce-a766a50ac533", statement_line_id: "019d0d83-3395-77db-995c-6bc83d2d30dc", amount: "1500.0", variance: nil, variance_reason: nil, actor_email: "system@nexus.ai", currency: "EUR", timestamp: "2026-03-20T23:09:55.483896Z"}, created_at: ~U[2026-03-20 23:09:55.484737Z], metadata: %{"causation_id" => "019d0d83-339b-7229-b542-3092f5926893", "correlation_id" => "019d0d83-339b-7229-b542-3092f5926893"}}]
23:10:01.090 [debug] Nexus.Treasury.ProcessManagers.TransferManager received 1 event(s)
23:10:01.090 [debug] Nexus.Treasury.ProcessManagers.TransferManager is not interested in event 12123 ("abd0c28e-a8a2-4f3e-9e15-9b01f39a11e8"@1)
23:10:01.090 [debug] Nexus.Treasury.ProcessManagers.TransferManager confirming receipt of event: 12123
23:10:01.090 [debug] Nexus.Treasury.Projectors.VaultProjector confirming receipt of event #12160 of events: [%Commanded.EventStore.RecordedEvent{event_id: "8467e59b-182f-45ba-bf13-f58ccad7cb35", event_number: 12160, stream_id: "019d0d83-339b-7ac7-9d5a-a845ed8ec8dc", stream_version: 1, causation_id: "cdd4d857-eea0-4ea3-a117-a4289a98b5b1", correlation_id: "2201d857-e56e-4f29-8298-a3982f8038db", event_type: "Elixir.Nexus.Treasury.Events.TransactionReconciled", data: %Nexus.Treasury.Events.TransactionReconciled{org_id: "019d0d83-338a-7090-8ae1-54cf16c85971", reconciliation_id: "019d0d83-339b-7ac7-9d5a-a845ed8ec8dc", invoice_id: "019d0d83-338c-71d5-a0d8-6bcd714440f3", statement_id: "019d0d83-3394-7fcc-a5ce-a766a50ac533", statement_line_id: "019d0d83-3395-77db-995c-6bc83d2d30dc", amount: "1500.0", variance: nil, variance_reason: nil, actor_email: "system@nexus.ai", currency: "EUR", timestamp: "2026-03-20T23:09:55.483896Z"}, created_at: ~U[2026-03-20 23:09:55.484737Z], metadata: %{"causation_id" => "019d0d83-339b-7229-b542-3092f5926893", "correlation_id" => "019d0d83-339b-7229-b542-3092f5926893"}}]
23:10:01.090 [debug] Nexus.Treasury.Handlers.TransferExecutionHandler received events: [%Commanded.EventStore.RecordedEvent{event_id: "e5ff9cda-cf4c-4a08-9b40-e0a26c199b0b", event_number: 12150, stream_id: "019d0d83-3362-705e-be63-c529f13ea09c", stream_version: 1, causation_id: "6a8e0166-2549-4f83-9577-b987c467c40d", correlation_id: "ac29232b-145a-4685-9e32-8706b8724f27", event_type: "Elixir.Nexus.ERP.Events.StatementUploaded", data: %Nexus.ERP.Events.StatementUploaded{statement_id: "019d0d83-3362-705e-be63-c529f13ea09c", org_id: "019d0d83-3360-7aa2-bf98-48897ad9feec", filename: "statement.csv", format: "csv", lines: [%{id: "019d0d83-3363-70c3-8263-aa8417774415", status: "unmatched", date: "2024-03-02", metadata: %{}, currency: "USD", ref: "BANK-REF-202", amount: "-2400.00", narrative: "Deposit 202"}], uploaded_at: "2026-03-20T23:09:55.426744Z", content_hash: "27F3185B2F8B5B506AB3A2E11B8E5FD69FFA4C6CFC23113AF53373E97D1A85FE"}, created_at: ~U[2026-03-20 23:09:55.427691Z], metadata: %{"causation_id" => "019d0d83-3362-733a-8d95-68c9232de9b3", "correlation_id" => "019d0d83-3362-733a-8d95-68c9232de9b3"}}]
23:10:01.090 [debug] Nexus.Treasury.Handlers.TransferExecutionHandler confirming receipt of event #12150 of events: [%Commanded.EventStore.RecordedEvent{event_id: "e5ff9cda-cf4c-4a08-9b40-e0a26c199b0b", event_number: 12150, stream_id: "019d0d83-3362-705e-be63-c529f13ea09c", stream_version: 1, causation_id: "6a8e0166-2549-4f83-9577-b987c467c40d", correlation_id: "ac29232b-145a-4685-9e32-8706b8724f27", event_type: "Elixir.Nexus.ERP.Events.StatementUploaded", data: %Nexus.ERP.Events.StatementUploaded{statement_id: "019d0d83-3362-705e-be63-c529f13ea09c", org_id: "019d0d83-3360-7aa2-bf98-48897ad9feec", filename: "statement.csv", format: "csv", lines: [%{id: "019d0d83-3363-70c3-8263-aa8417774415", status: "unmatched", date: "2024-03-02", metadata: %{}, currency: "USD", ref: "BANK-REF-202", amount: "-2400.00", narrative: "Deposit 202"}], uploaded_at: "2026-03-20T23:09:55.426744Z", content_hash: "27F3185B2F8B5B506AB3A2E11B8E5FD69FFA4C6CFC23113AF53373E97D1A85FE"}, created_at: ~U[2026-03-20 23:09:55.427691Z], metadata: %{"causation_id" => "019d0d83-3362-733a-8d95-68c9232de9b3", "correlation_id" => "019d0d83-3362-733a-8d95-68c9232de9b3"}}]
23:10:01.090 [debug] Nexus.Treasury.ProcessManagers.TransferManager received 1 event(s)
23:10:01.090 [debug] Nexus.Treasury.ProcessManagers.TransferManager is not interested in event 12124 ("abd0c28e-a8a2-4f3e-9e15-9b01f39a11e8"@2)
23:10:01.090 [debug] Nexus.Treasury.ProcessManagers.TransferManager confirming receipt of event: 12124
23:10:01.090 [debug] Nexus.Treasury.Projectors.VaultProjector received events: [%Commanded.EventStore.RecordedEvent{event_id: "17002976-2bce-4a94-a5e2-4873a281e142", event_number: 12161, stream_id: "Treasury.ReconciliationManager-019d0d83-338a-7090-8ae1-54cf16c85971", stream_version: 2, causation_id: nil, correlation_id: nil, event_type: "Elixir.Nexus.ERP.Events.StatementUploaded", data: %Nexus.ERP.Events.StatementUploaded{statement_id: "019d0d83-3394-7fcc-a5ce-a766a50ac533", org_id: "019d0d83-338a-7090-8ae1-54cf16c85971", filename: "test.csv", format: "csv", lines: [%{id: "019d0d83-3395-77db-995c-6bc83d2d30dc", status: "unmatched", date: "2024-02-25", metadata: %{}, currency: "EUR", ref: "REF-STMT-LINE-A", amount: "-1500.0", narrative: "Test matching"}], uploaded_at: "2026-03-20T23:09:55.476940Z", content_hash: "8957AFDFE9C89CCD2CD164DFCFA418288E1EC6027918D848738749767578A088"}, created_at: ~U[2026-03-20 23:09:55.490013Z], metadata: %{}}]
23:10:01.091 [debug] Nexus.Treasury.Projectors.VaultProjector confirming receipt of event #12161 of events: [%Commanded.EventStore.RecordedEvent{event_id: "17002976-2bce-4a94-a5e2-4873a281e142", event_number: 12161, stream_id: "Treasury.ReconciliationManager-019d0d83-338a-7090-8ae1-54cf16c85971", stream_version: 2, causation_id: nil, correlation_id: nil, event_type: "Elixir.Nexus.ERP.Events.StatementUploaded", data: %Nexus.ERP.Events.StatementUploaded{statement_id: "019d0d83-3394-7fcc-a5ce-a766a50ac533", org_id: "019d0d83-338a-7090-8ae1-54cf16c85971", filename: "test.csv", format: "csv", lines: [%{id: "019d0d83-3395-77db-995c-6bc83d2d30dc", status: "unmatched", date: "2024-02-25", metadata: %{}, currency: "EUR", ref: "REF-STMT-LINE-A", amount: "-1500.0", narrative: "Test matching"}], uploaded_at: "2026-03-20T23:09:55.476940Z", content_hash: "8957AFDFE9C89CCD2CD164DFCFA418288E1EC6027918D848738749767578A088"}, created_at: ~U[2026-03-20 23:09:55.490013Z], metadata: %{}}]
23:10:01.091 [debug] Nexus.Treasury.Handlers.TransferExecutionHandler received events: [%Commanded.EventStore.RecordedEvent{event_id: "f2c4865a-8eb6-484d-9c97-dd7f8e74fea9", event_number: 12151, stream_id: "AutomatedTest.PM-019d0d83-3360-7aa2-bf98-48897ad9feec", stream_version: 1, causation_id: nil, correlation_id: nil, event_type: "Elixir.Nexus.ERP.Events.StatementUploaded", data: %Nexus.ERP.Events.StatementUploaded{statement_id: "019d0d83-3362-705e-be63-c529f13ea09c", org_id: "019d0d83-3360-7aa2-bf98-48897ad9feec", filename: "statement.csv", format: "csv", lines: [%{id: "019d0d83-3363-70c3-8263-aa8417774415", status: "unmatched", date: "2024-03-02", metadata: %{}, currency: "USD", ref: "BANK-REF-202", amount: "-2400.00", narrative: "Deposit 202"}], uploaded_at: "2026-03-20T23:09:55.426744Z", content_hash: "27F3185B2F8B5B506AB3A2E11B8E5FD69FFA4C6CFC23113AF53373E97D1A85FE"}, created_at: ~U[2026-03-20 23:09:55.432879Z], metadata: %{}}]
23:10:01.091 [debug] Nexus.Treasury.Handlers.TransferExecutionHandler confirming receipt of event #12151 of events: [%Commanded.EventStore.RecordedEvent{event_id: "f2c4865a-8eb6-484d-9c97-dd7f8e74fea9", event_number: 12151, stream_id: "AutomatedTest.PM-019d0d83-3360-7aa2-bf98-48897ad9feec", stream_version: 1, causation_id: nil, correlation_id: nil, event_type: "Elixir.Nexus.ERP.Events.StatementUploaded", data: %Nexus.ERP.Events.StatementUploaded{statement_id: "019d0d83-3362-705e-be63-c529f13ea09c", org_id: "019d0d83-3360-7aa2-bf98-48897ad9feec", filename: "statement.csv", format: "csv", lines: [%{id: "019d0d83-3363-70c3-8263-aa8417774415", status: "unmatched", date: "2024-03-02", metadata: %{}, currency: "USD", ref: "BANK-REF-202", amount: "-2400.00", narrative: "Deposit 202"}], uploaded_at: "2026-03-20T23:09:55.426744Z", content_hash: "27F3185B2F8B5B506AB3A2E11B8E5FD69FFA4C6CFC23113AF53373E97D1A85FE"}, created_at: ~U[2026-03-20 23:09:55.432879Z], metadata: %{}}]
23:10:01.091 [debug] Nexus.Treasury.ProcessManagers.TransferManager received 1 event(s)
23:10:01.091 [debug] Nexus.Treasury.ProcessManagers.TransferManager is not interested in event 12125 ("15252904-5603-4f39-9403-1e00a9c62d2c"@1)
23:10:01.091 [debug] Nexus.Treasury.ProcessManagers.TransferManager confirming receipt of event: 12125
23:10:01.091 [debug] Nexus.Treasury.Projectors.VaultProjector received events: [%Commanded.EventStore.RecordedEvent{event_id: "34f83fa4-fe32-4977-82c2-e6962027dbab", event_number: 12162, stream_id: "019d0d83-33a7-7b9c-b345-7912d767dbe7", stream_version: 1, causation_id: "41224d53-52b1-434c-8493-d3f1680469d4", correlation_id: "9f173edf-d687-4278-bbf8-d7be813e6a1d", event_type: "Elixir.Nexus.ERP.Events.StatementUploaded", data: %Nexus.ERP.Events.StatementUploaded{statement_id: "019d0d83-33a7-7b9c-b345-7912d767dbe7", org_id: "019d0d83-33a5-7d70-ab43-4a1bcfc079df", filename: "test.csv", format: "csv", lines: [%{id: "019d0d83-33a8-7375-a26c-b31566efdbc8", status: "unmatched", date: "2024-02-25", metadata: %{}, currency: "USD", ref: "REF-STMT-LINE-B", amount: "-999.0", narrative: "Test matching"}], uploaded_at: "2026-03-20T23:09:55.495688Z", content_hash: "FEA32210E48AFF9FC975B88310541DF87D6707B5F282A6690CFBAF3F80434BA5"}, created_at: ~U[2026-03-20 23:09:55.496574Z], metadata: %{"causation_id" => "019d0d83-33a7-78b7-9961-12234a21d82a", "correlation_id" => "019d0d83-33a7-78b7-9961-12234a21d82a"}}]
23:10:01.091 [debug] Nexus.Treasury.Projectors.VaultProjector confirming receipt of event #12162 of events: [%Commanded.EventStore.RecordedEvent{event_id: "34f83fa4-fe32-4977-82c2-e6962027dbab", event_number: 12162, stream_id: "019d0d83-33a7-7b9c-b345-7912d767dbe7", stream_version: 1, causation_id: "41224d53-52b1-434c-8493-d3f1680469d4", correlation_id: "9f173edf-d687-4278-bbf8-d7be813e6a1d", event_type: "Elixir.Nexus.ERP.Events.StatementUploaded", data: %Nexus.ERP.Events.StatementUploaded{statement_id: "019d0d83-33a7-7b9c-b345-7912d767dbe7", org_id: "019d0d83-33a5-7d70-ab43-4a1bcfc079df", filename: "test.csv", format: "csv", lines: [%{id: "019d0d83-33a8-7375-a26c-b31566efdbc8", status: "unmatched", date: "2024-02-25", metadata: %{}, currency: "USD", ref: "REF-STMT-LINE-B", amount: "-999.0", narrative: "Test matching"}], uploaded_at: "2026-03-20T23:09:55.495688Z", content_hash: "FEA32210E48AFF9FC975B88310541DF87D6707B5F282A6690CFBAF3F80434BA5"}, created_at: ~U[2026-03-20 23:09:55.496574Z], metadata: %{"causation_id" => "019d0d83-33a7-78b7-9961-12234a21d82a", "correlation_id" => "019d0d83-33a7-78b7-9961-12234a21d82a"}}]
23:10:01.091 [debug] Nexus.Treasury.Handlers.TransferExecutionHandler received events: [%Commanded.EventStore.RecordedEvent{event_id: "91bdc42f-6aae-468c-845a-b43199f905d4", event_number: 12152, stream_id: "019d0d83-336b-7985-bf93-3efacda38013", stream_version: 1, causation_id: "c8801829-787d-4781-8f62-7178c89b8e2c", correlation_id: "d4e9f8d8-5dcb-462f-994f-70018bb42da6", event_type: "Elixir.Nexus.ERP.Events.InvoiceIngested", data: %Nexus.ERP.Events.InvoiceIngested{org_id: "019d0d83-3360-7aa2-bf98-48897ad9feec", invoice_id: "019d0d83-336b-7985-bf93-3efacda38013", entity_id: "ENT-202", currency: "USD", amount: "2400.00", due_date: "2026-04-19", subsidiary: "Tokyo Branch", line_items: [%{description: "Goods", amount: "2400.00"}], sap_document_number: "SAP-202", sap_status: "Verified", ingested_at: "2026-03-20T23:09:55.435350Z"}, created_at: ~U[2026-03-20 23:09:55.436276Z], metadata: %{"causation_id" => "019d0d83-336b-73c9-9f9b-2cccf72c4227", "correlation_id" => "019d0d83-336b-73c9-9f9b-2cccf72c4227"}}]
23:10:01.091 [debug] Nexus.Treasury.Handlers.TransferExecutionHandler confirming receipt of event #12152 of events: [%Commanded.EventStore.RecordedEvent{event_id: "91bdc42f-6aae-468c-845a-b43199f905d4", event_number: 12152, stream_id: "019d0d83-336b-7985-bf93-3efacda38013", stream_version: 1, causation_id: "c8801829-787d-4781-8f62-7178c89b8e2c", correlation_id: "d4e9f8d8-5dcb-462f-994f-70018bb42da6", event_type: "Elixir.Nexus.ERP.Events.InvoiceIngested", data: %Nexus.ERP.Events.InvoiceIngested{org_id: "019d0d83-3360-7aa2-bf98-48897ad9feec", invoice_id: "019d0d83-336b-7985-bf93-3efacda38013", entity_id: "ENT-202", currency: "USD", amount: "2400.00", due_date: "2026-04-19", subsidiary: "Tokyo Branch", line_items: [%{description: "Goods", amount: "2400.00"}], sap_document_number: "SAP-202", sap_status: "Verified", ingested_at: "2026-03-20T23:09:55.435350Z"}, created_at: ~U[2026-03-20 23:09:55.436276Z], metadata: %{"causation_id" => "019d0d83-336b-73c9-9f9b-2cccf72c4227", "correlation_id" => "019d0d83-336b-73c9-9f9b-2cccf72c4227"}}]
23:10:01.091 [debug] Nexus.Treasury.ProcessManagers.TransferManager received 1 event(s)
23:10:01.091 [debug] Nexus.Treasury.ProcessManagers.TransferManager is not interested in event 12126 ("15252904-5603-4f39-9403-1e00a9c62d2c"@2)
23:10:01.091 [debug] Nexus.Treasury.ProcessManagers.TransferManager confirming receipt of event: 12126
23:10:01.091 [debug] Nexus.Treasury.Projectors.VaultProjector received events: [%Commanded.EventStore.RecordedEvent{event_id: "b70edf5f-d2a8-4fe1-9bf6-7889cfae3c7b", event_number: 12163, stream_id: "Treasury.ReconciliationManager-019d0d83-33a5-7d70-ab43-4a1bcfc079df", stream_version: 1, causation_id: nil, correlation_id: nil, event_type: "Elixir.Nexus.ERP.Events.StatementUploaded", data: %Nexus.ERP.Events.StatementUploaded{statement_id: "019d0d83-33a7-7b9c-b345-7912d767dbe7", org_id: "019d0d83-33a5-7d70-ab43-4a1bcfc079df", filename: "test.csv", format: "csv", lines: [%{id: "019d0d83-33a8-7375-a26c-b31566efdbc8", status: "unmatched", date: "2024-02-25", metadata: %{}, currency: "USD", ref: "REF-STMT-LINE-B", amount: "-999.0", narrative: "Test matching"}], uploaded_at: "2026-03-20T23:09:55.495688Z", content_hash: "FEA32210E48AFF9FC975B88310541DF87D6707B5F282A6690CFBAF3F80434BA5"}, created_at: ~U[2026-03-20 23:09:55.501943Z], metadata: %{}}]
23:10:01.091 [debug] Nexus.Treasury.Projectors.VaultProjector confirming receipt of event #12163 of events: [%Commanded.EventStore.RecordedEvent{event_id: "b70edf5f-d2a8-4fe1-9bf6-7889cfae3c7b", event_number: 12163, stream_id: "Treasury.ReconciliationManager-019d0d83-33a5-7d70-ab43-4a1bcfc079df", stream_version: 1, causation_id: nil, correlation_id: nil, event_type: "Elixir.Nexus.ERP.Events.StatementUploaded", data: %Nexus.ERP.Events.StatementUploaded{statement_id: "019d0d83-33a7-7b9c-b345-7912d767dbe7", org_id: "019d0d83-33a5-7d70-ab43-4a1bcfc079df", filename: "test.csv", format: "csv", lines: [%{id: "019d0d83-33a8-7375-a26c-b31566efdbc8", status: "unmatched", date: "2024-02-25", metadata: %{}, currency: "USD", ref: "REF-STMT-LINE-B", amount: "-999.0", narrative: "Test matching"}], uploaded_at: "2026-03-20T23:09:55.495688Z", content_hash: "FEA32210E48AFF9FC975B88310541DF87D6707B5F282A6690CFBAF3F80434BA5"}, created_at: ~U[2026-03-20 23:09:55.501943Z], metadata: %{}}]
23:10:01.092 [debug] Nexus.Treasury.Handlers.TransferExecutionHandler received events: [%Commanded.EventStore.RecordedEvent{event_id: "acceccef-223e-4b5c-bcb7-6841a57bd9d9", event_number: 12153, stream_id: "019d0d83-3370-7dbb-b7c9-d51f51d7dbca", stream_version: 1, causation_id: "74a375bb-fe58-4337-aa80-4a4ab8b5415e", correlation_id: "8b17cdd0-f7ee-46b8-8951-7e04f21f9d78", event_type: "Elixir.Nexus.Treasury.Events.TransactionReconciled", data: %Nexus.Treasury.Events.TransactionReconciled{org_id: "019d0d83-3360-7aa2-bf98-48897ad9feec", reconciliation_id: "019d0d83-3370-7dbb-b7c9-d51f51d7dbca", invoice_id: "019d0d83-336b-7985-bf93-3efacda38013", statement_id: "019d0d83-3362-705e-be63-c529f13ea09c", statement_line_id: "019d0d83-3363-70c3-8263-aa8417774415", amount: "2400.00", variance: nil, variance_reason: nil, actor_email: "system@nexus.ai", currency: "USD", timestamp: "2026-03-20T23:09:55.440819Z"}, created_at: ~U[2026-03-20 23:09:55.441556Z], metadata: %{"causation_id" => "019d0d83-3370-75c6-b36d-5324dcc12f8e", "correlation_id" => "019d0d83-3370-75c6-b36d-5324dcc12f8e"}}]
23:10:01.092 [debug] Nexus.Treasury.Handlers.TransferExecutionHandler confirming receipt of event #12153 of events: [%Commanded.EventStore.RecordedEvent{event_id: "acceccef-223e-4b5c-bcb7-6841a57bd9d9", event_number: 12153, stream_id: "019d0d83-3370-7dbb-b7c9-d51f51d7dbca", stream_version: 1, causation_id: "74a375bb-fe58-4337-aa80-4a4ab8b5415e", correlation_id: "8b17cdd0-f7ee-46b8-8951-7e04f21f9d78", event_type: "Elixir.Nexus.Treasury.Events.TransactionReconciled", data: %Nexus.Treasury.Events.TransactionReconciled{org_id: "019d0d83-3360-7aa2-bf98-48897ad9feec", reconciliation_id: "019d0d83-3370-7dbb-b7c9-d51f51d7dbca", invoice_id: "019d0d83-336b-7985-bf93-3efacda38013", statement_id: "019d0d83-3362-705e-be63-c529f13ea09c", statement_line_id: "019d0d83-3363-70c3-8263-aa8417774415", amount: "2400.00", variance: nil, variance_reason: nil, actor_email: "system@nexus.ai", currency: "USD", timestamp: "2026-03-20T23:09:55.440819Z"}, created_at: ~U[2026-03-20 23:09:55.441556Z], metadata: %{"causation_id" => "019d0d83-3370-75c6-b36d-5324dcc12f8e", "correlation_id" => "019d0d83-3370-75c6-b36d-5324dcc12f8e"}}]
23:10:01.092 [debug] Nexus.Treasury.ProcessManagers.TransferManager received 1 event(s)
23:10:01.092 [debug] Nexus.Treasury.ProcessManagers.TransferManager is not interested in event 12127 ("15252904-5603-4f39-9403-1e00a9c62d2c"@3)
23:10:01.092 [debug] Nexus.Treasury.ProcessManagers.TransferManager confirming receipt of event: 12127
23:10:01.092 [debug] Nexus.Treasury.Projectors.VaultProjector received events: [%Commanded.EventStore.RecordedEvent{event_id: "250eca02-1394-4a62-91f1-37a326ac1a1e", event_number: 12164, stream_id: "019d0d83-33b3-7084-8025-8d448a5d88b8", stream_version: 1, causation_id: "cc69e7f5-a474-4f34-b72d-105cc7f1f6a1", correlation_id: "4e53603c-d51a-4ba4-92de-3152400b6546", event_type: "Elixir.Nexus.ERP.Events.InvoiceIngested", data: %Nexus.ERP.Events.InvoiceIngested{org_id: "019d0d83-33b1-7445-a1d7-a9f12e468947", invoice_id: "019d0d83-33b3-7084-8025-8d448a5d88b8", entity_id: "ENT-INV-2000", currency: "GBP", amount: "500.0", due_date: "2026-04-19", subsidiary: "Default", line_items: [%{description: "Test", amount: "500.0"}], sap_document_number: "SAP-INV-2000", sap_status: "Verified", ingested_at: "2026-03-20T23:09:55.507308Z"}, created_at: ~U[2026-03-20 23:09:55.508296Z], metadata: %{"causation_id" => "019d0d83-33b3-7e69-9d20-5c7881751e2c", "correlation_id" => "019d0d83-33b3-7e69-9d20-5c7881751e2c"}}]
23:10:01.092 [debug] Nexus.Treasury.Projectors.VaultProjector confirming receipt of event #12164 of events: [%Commanded.EventStore.RecordedEvent{event_id: "250eca02-1394-4a62-91f1-37a326ac1a1e", event_number: 12164, stream_id: "019d0d83-33b3-7084-8025-8d448a5d88b8", stream_version: 1, causation_id: "cc69e7f5-a474-4f34-b72d-105cc7f1f6a1", correlation_id: "4e53603c-d51a-4ba4-92de-3152400b6546", event_type: "Elixir.Nexus.ERP.Events.InvoiceIngested", data: %Nexus.ERP.Events.InvoiceIngested{org_id: "019d0d83-33b1-7445-a1d7-a9f12e468947", invoice_id: "019d0d83-33b3-7084-8025-8d448a5d88b8", entity_id: "ENT-INV-2000", currency: "GBP", amount: "500.0", due_date: "2026-04-19", subsidiary: "Default", line_items: [%{description: "Test", amount: "500.0"}], sap_document_number: "SAP-INV-2000", sap_status: "Verified", ingested_at: "2026-03-20T23:09:55.507308Z"}, created_at: ~U[2026-03-20 23:09:55.508296Z], metadata: %{"causation_id" => "019d0d83-33b3-7e69-9d20-5c7881751e2c", "correlation_id" => "019d0d83-33b3-7e69-9d20-5c7881751e2c"}}]
23:10:01.092 [debug] Nexus.Treasury.Handlers.TransferExecutionHandler received events: [%Commanded.EventStore.RecordedEvent{event_id: "aede7007-d902-4db1-9f47-1070ed2c1676", event_number: 12154, stream_id: "AutomatedTest.PM-019d0d83-3360-7aa2-bf98-48897ad9feec", stream_version: 2, causation_id: nil, correlation_id: nil, event_type: "Elixir.Nexus.ERP.Events.InvoiceIngested", data: %Nexus.ERP.Events.InvoiceIngested{org_id: "019d0d83-3360-7aa2-bf98-48897ad9feec", invoice_id: "019d0d83-336b-7985-bf93-3efacda38013", entity_id: "ENT-202", currency: "USD", amount: "2400.00", due_date: "2026-04-19", subsidiary: "Tokyo Branch", line_items: [%{description: "Goods", amount: "2400.00"}], sap_document_number: "SAP-202", sap_status: "Verified", ingested_at: "2026-03-20T23:09:55.435350Z"}, created_at: ~U[2026-03-20 23:09:55.447926Z], metadata: %{}}]
23:10:01.092 [debug] Nexus.Treasury.ProcessManagers.TransferManager received 1 event(s)
23:10:01.092 [debug] Nexus.Treasury.Handlers.TransferExecutionHandler confirming receipt of event #12154 of events: [%Commanded.EventStore.RecordedEvent{event_id: "aede7007-d902-4db1-9f47-1070ed2c1676", event_number: 12154, stream_id: "AutomatedTest.PM-019d0d83-3360-7aa2-bf98-48897ad9feec", stream_version: 2, causation_id: nil, correlation_id: nil, event_type: "Elixir.Nexus.ERP.Events.InvoiceIngested", data: %Nexus.ERP.Events.InvoiceIngested{org_id: "019d0d83-3360-7aa2-bf98-48897ad9feec", invoice_id: "019d0d83-336b-7985-bf93-3efacda38013", entity_id: "ENT-202", currency: "USD", amount: "2400.00", due_date: "2026-04-19", subsidiary: "Tokyo Branch", line_items: [%{description: "Goods", amount: "2400.00"}], sap_document_number: "SAP-202", sap_status: "Verified", ingested_at: "2026-03-20T23:09:55.435350Z"}, created_at: ~U[2026-03-20 23:09:55.447926Z], metadata: %{}}]
23:10:01.092 [debug] Nexus.Treasury.ProcessManagers.TransferManager is not interested in event 12128 ("019d0d83-243d-7288-82f7-b855d22556aa"@1)
23:10:01.092 [debug] Nexus.Treasury.ProcessManagers.TransferManager confirming receipt of event: 12128
23:10:01.092 [debug] Nexus.Treasury.Projectors.VaultProjector received events: [%Commanded.EventStore.RecordedEvent{event_id: "4eaaa287-9487-4b46-b488-cbc313b6a737", event_number: 12165, stream_id: "Treasury.ReconciliationManager-019d0d83-33b1-7445-a1d7-a9f12e468947", stream_version: 1, causation_id: nil, correlation_id: nil, event_type: "Elixir.Nexus.ERP.Events.InvoiceIngested", data: %Nexus.ERP.Events.InvoiceIngested{org_id: "019d0d83-33b1-7445-a1d7-a9f12e468947", invoice_id: "019d0d83-33b3-7084-8025-8d448a5d88b8", entity_id: "ENT-INV-2000", currency: "GBP", amount: "500.0", due_date: "2026-04-19", subsidiary: "Default", line_items: [%{description: "Test", amount: "500.0"}], sap_document_number: "SAP-INV-2000", sap_status: "Verified", ingested_at: "2026-03-20T23:09:55.507308Z"}, created_at: ~U[2026-03-20 23:09:55.512495Z], metadata: %{}}]
23:10:01.092 [debug] Nexus.Treasury.Handlers.TransferExecutionHandler received events: [%Commanded.EventStore.RecordedEvent{event_id: "90afdd0a-504e-4a6a-83e8-a773b4a15f11", event_number: 12155, stream_id: "c5ce7da5-5452-4e1d-8875-7ceabec1d9e1", stream_version: 1, causation_id: "08736bbb-493a-49bb-ab41-870470b7774f", correlation_id: "4598d61d-78db-4ec2-bd17-a7579f7c2183", event_type: "Elixir.Nexus.Organization.Events.TenantProvisioned", data: %Nexus.Organization.Events.TenantProvisioned{org_id: "c5ce7da5-5452-4e1d-8875-7ceabec1d9e1", name: "Global Corp-b332f216-dada-48cf-972b-19dfa4d34f16", initial_admin_email: "elena@global-corp.com", provisioned_by: "bernard", provisioned_at: "2026-03-20T23:09:55.450905Z"}, created_at: ~U[2026-03-20 23:09:55.453562Z], metadata: %{"causation_id" => "019d0d83-337a-7a86-b1bd-cee6390ba624", "correlation_id" => "019d0d83-337a-7a86-b1bd-cee6390ba624"}}]
23:10:01.092 [debug] Nexus.Treasury.Projectors.VaultProjector confirming receipt of event #12165 of events: [%Commanded.EventStore.RecordedEvent{event_id: "4eaaa287-9487-4b46-b488-cbc313b6a737", event_number: 12165, stream_id: "Treasury.ReconciliationManager-019d0d83-33b1-7445-a1d7-a9f12e468947", stream_version: 1, causation_id: nil, correlation_id: nil, event_type: "Elixir.Nexus.ERP.Events.InvoiceIngested", data: %Nexus.ERP.Events.InvoiceIngested{org_id: "019d0d83-33b1-7445-a1d7-a9f12e468947", invoice_id: "019d0d83-33b3-7084-8025-8d448a5d88b8", entity_id: "ENT-INV-2000", currency: "GBP", amount: "500.0", due_date: "2026-04-19", subsidiary: "Default", line_items: [%{description: "Test", amount: "500.0"}], sap_document_number: "SAP-INV-2000", sap_status: "Verified", ingested_at: "2026-03-20T23:09:55.507308Z"}, created_at: ~U[2026-03-20 23:09:55.512495Z], metadata: %{}}]
23:10:01.092 [debug] Nexus.Treasury.Handlers.TransferExecutionHandler confirming receipt of event #12155 of events: [%Commanded.EventStore.RecordedEvent{event_id: "90afdd0a-504e-4a6a-83e8-a773b4a15f11", event_number: 12155, stream_id: "c5ce7da5-5452-4e1d-8875-7ceabec1d9e1", stream_version: 1, causation_id: "08736bbb-493a-49bb-ab41-870470b7774f", correlation_id: "4598d61d-78db-4ec2-bd17-a7579f7c2183", event_type: "Elixir.Nexus.Organization.Events.TenantProvisioned", data: %Nexus.Organization.Events.TenantProvisioned{org_id: "c5ce7da5-5452-4e1d-8875-7ceabec1d9e1", name: "Global Corp-b332f216-dada-48cf-972b-19dfa4d34f16", initial_admin_email: "elena@global-corp.com", provisioned_by: "bernard", provisioned_at: "2026-03-20T23:09:55.450905Z"}, created_at: ~U[2026-03-20 23:09:55.453562Z], metadata: %{"causation_id" => "019d0d83-337a-7a86-b1bd-cee6390ba624", "correlation_id" => "019d0d83-337a-7a86-b1bd-cee6390ba624"}}]
23:10:01.092 [debug] Nexus.Treasury.ProcessManagers.TransferManager received 1 event(s)
23:10:01.092 [debug] Nexus.Treasury.ProcessManagers.TransferManager is not interested in event 12129 ("forecast-bc60d71d-a5fd-4386-a5b8-e5164fdb91a0"@1)
23:10:01.092 [debug] Nexus.Treasury.ProcessManagers.TransferManager confirming receipt of event: 12129
23:10:01.093 [debug] Nexus.Treasury.ProcessManagers.TransferManager received 1 event(s)
23:10:01.093 [debug] Nexus.Treasury.ProcessManagers.TransferManager is not interested in event 12130 ("23012462-b745-41a8-9d61-021ac187c04c"@1)
23:10:01.093 [debug] Nexus.Treasury.ProcessManagers.TransferManager confirming receipt of event: 12130
23:10:01.093 [debug] Nexus.Treasury.Projectors.VaultProjector received events: [%Commanded.EventStore.RecordedEvent{event_id: "83385b02-4890-4a1d-84c1-5120b8983621", event_number: 12166, stream_id: "019d0d83-33b9-7d35-9fbb-a4ee2b0b8e73", stream_version: 1, causation_id: "47e32c06-42a2-44f7-825a-a6c65be41203", correlation_id: "c89e76db-f955-472f-b6c2-26f458dcbf5c", event_type: "Elixir.Nexus.ERP.Events.StatementUploaded", data: %Nexus.ERP.Events.StatementUploaded{statement_id: "019d0d83-33b9-7d35-9fbb-a4ee2b0b8e73", org_id: "019d0d83-33b1-7445-a1d7-a9f12e468947", filename: "test.csv", format: "csv", lines: [%{id: "019d0d83-33b9-7828-9dcc-96150fea0f74", status: "unmatched", date: "2024-02-25", metadata: %{}, currency: "GBP", ref: "REF-STMT-LINE-C", amount: "-500.0", narrative: "Manual upload test"}], uploaded_at: "2026-03-20T23:09:55.513421Z", content_hash: "5E5B73C26808E626BFB8CAAE92990F8A32415AEF68A32B54AAAF6C7C0727FFA0"}, created_at: ~U[2026-03-20 23:09:55.514326Z], metadata: %{"causation_id" => "019d0d83-33b9-7211-a4a2-3561cf17ccc6", "correlation_id" => "019d0d83-33b9-7211-a4a2-3561cf17ccc6"}}]
23:10:01.093 [debug] Nexus.Treasury.Handlers.TransferExecutionHandler received events: [%Commanded.EventStore.RecordedEvent{event_id: "5e38c933-ad30-45a4-ad6d-b192905c797c", event_number: 12156, stream_id: "88f7e2e7-1d80-4baf-a9ff-d825d8f51afe", stream_version: 1, causation_id: "881c9af5-7d04-499e-b9f9-2518b5b168bb", correlation_id: "740556d8-111b-45ae-9d74-88194fd5c01b", event_type: "Elixir.Nexus.Organization.Events.TenantProvisioned", data: %Nexus.Organization.Events.TenantProvisioned{org_id: "88f7e2e7-1d80-4baf-a9ff-d825d8f51afe", name: "Rogue Inc-046ab966-d7a0-4da4-a4f3-78445361a165", initial_admin_email: "dummy@example.com", provisioned_by: "not_system_admin", provisioned_at: "2026-03-20T23:09:55.464469Z"}, created_at: ~U[2026-03-20 23:09:55.465169Z], metadata: %{"causation_id" => "019d0d83-3388-7b10-b352-f64587ef945d", "correlation_id" => "019d0d83-3388-7b10-b352-f64587ef945d"}}]
23:10:01.093 [debug] Nexus.Treasury.Projectors.VaultProjector confirming receipt of event #12166 of events: [%Commanded.EventStore.RecordedEvent{event_id: "83385b02-4890-4a1d-84c1-5120b8983621", event_number: 12166, stream_id: "019d0d83-33b9-7d35-9fbb-a4ee2b0b8e73", stream_version: 1, causation_id: "47e32c06-42a2-44f7-825a-a6c65be41203", correlation_id: "c89e76db-f955-472f-b6c2-26f458dcbf5c", event_type: "Elixir.Nexus.ERP.Events.StatementUploaded", data: %Nexus.ERP.Events.StatementUploaded{statement_id: "019d0d83-33b9-7d35-9fbb-a4ee2b0b8e73", org_id: "019d0d83-33b1-7445-a1d7-a9f12e468947", filename: "test.csv", format: "csv", lines: [%{id: "019d0d83-33b9-7828-9dcc-96150fea0f74", status: "unmatched", date: "2024-02-25", metadata: %{}, currency: "GBP", ref: "REF-STMT-LINE-C", amount: "-500.0", narrative: "Manual upload test"}], uploaded_at: "2026-03-20T23:09:55.513421Z", content_hash: "5E5B73C26808E626BFB8CAAE92990F8A32415AEF68A32B54AAAF6C7C0727FFA0"}, created_at: ~U[2026-03-20 23:09:55.514326Z], metadata: %{"causation_id" => "019d0d83-33b9-7211-a4a2-3561cf17ccc6", "correlation_id" => "019d0d83-33b9-7211-a4a2-3561cf17ccc6"}}]
23:10:01.093 [debug] Nexus.Treasury.Handlers.TransferExecutionHandler confirming receipt of event #12156 of events: [%Commanded.EventStore.RecordedEvent{event_id: "5e38c933-ad30-45a4-ad6d-b192905c797c", event_number: 12156, stream_id: "88f7e2e7-1d80-4baf-a9ff-d825d8f51afe", stream_version: 1, causation_id: "881c9af5-7d04-499e-b9f9-2518b5b168bb", correlation_id: "740556d8-111b-45ae-9d74-88194fd5c01b", event_type: "Elixir.Nexus.Organization.Events.TenantProvisioned", data: %Nexus.Organization.Events.TenantProvisioned{org_id: "88f7e2e7-1d80-4baf-a9ff-d825d8f51afe", name: "Rogue Inc-046ab966-d7a0-4da4-a4f3-78445361a165", initial_admin_email: "dummy@example.com", provisioned_by: "not_system_admin", provisioned_at: "2026-03-20T23:09:55.464469Z"}, created_at: ~U[2026-03-20 23:09:55.465169Z], metadata: %{"causation_id" => "019d0d83-3388-7b10-b352-f64587ef945d", "correlation_id" => "019d0d83-3388-7b10-b352-f64587ef945d"}}]
23:10:01.093 [debug] Nexus.Treasury.ProcessManagers.TransferManager received 1 event(s)
23:10:01.093 [debug] Nexus.Treasury.ProcessManagers.TransferManager is not interested in event 12131 ("2628b724-26f6-466c-a64c-4c5491eee1fb"@1)
23:10:01.093 [debug] Nexus.Treasury.ProcessManagers.TransferManager confirming receipt of event: 12131
23:10:01.093 [debug] Nexus.Treasury.Projectors.VaultProjector received events: [%Commanded.EventStore.RecordedEvent{event_id: "68c5db7e-f0bc-455c-97e4-6448b9605b99", event_number: 12167, stream_id: "019d0d83-33c1-783f-bd0d-de78e5878f3e", stream_version: 1, causation_id: "194d4c3a-482e-4d81-8d4b-ffa40bfd1e8e", correlation_id: "e5941345-ea54-4624-89b6-42587d0bc9a8", event_type: "Elixir.Nexus.Treasury.Events.TransactionReconciled", data: %Nexus.Treasury.Events.TransactionReconciled{org_id: "019d0d83-33b1-7445-a1d7-a9f12e468947", reconciliation_id: "019d0d83-33c1-783f-bd0d-de78e5878f3e", invoice_id: "019d0d83-33b3-7084-8025-8d448a5d88b8", statement_id: "019d0d83-33b9-7d35-9fbb-a4ee2b0b8e73", statement_line_id: "019d0d83-33b9-7828-9dcc-96150fea0f74", amount: "500.0", variance: nil, variance_reason: nil, actor_email: "system@nexus.ai", currency: "GBP", timestamp: "2026-03-20T23:09:55.521149Z"}, created_at: ~U[2026-03-20 23:09:55.521961Z], metadata: %{"causation_id" => "019d0d83-33c1-70fa-80de-8aa905172612", "correlation_id" => "019d0d83-33c1-70fa-80de-8aa905172612"}}]
23:10:01.093 [debug] Nexus.Treasury.Projectors.VaultProjector confirming receipt of event #12167 of events: [%Commanded.EventStore.RecordedEvent{event_id: "68c5db7e-f0bc-455c-97e4-6448b9605b99", event_number: 12167, stream_id: "019d0d83-33c1-783f-bd0d-de78e5878f3e", stream_version: 1, causation_id: "194d4c3a-482e-4d81-8d4b-ffa40bfd1e8e", correlation_id: "e5941345-ea54-4624-89b6-42587d0bc9a8", event_type: "Elixir.Nexus.Treasury.Events.TransactionReconciled", data: %Nexus.Treasury.Events.TransactionReconciled{org_id: "019d0d83-33b1-7445-a1d7-a9f12e468947", reconciliation_id: "019d0d83-33c1-783f-bd0d-de78e5878f3e", invoice_id: "019d0d83-33b3-7084-8025-8d448a5d88b8", statement_id: "019d0d83-33b9-7d35-9fbb-a4ee2b0b8e73", statement_line_id: "019d0d83-33b9-7828-9dcc-96150fea0f74", amount: "500.0", variance: nil, variance_reason: nil, actor_email: "system@nexus.ai", currency: "GBP", timestamp: "2026-03-20T23:09:55.521149Z"}, created_at: ~U[2026-03-20 23:09:55.521961Z], metadata: %{"causation_id" => "019d0d83-33c1-70fa-80de-8aa905172612", "correlation_id" => "019d0d83-33c1-70fa-80de-8aa905172612"}}]
23:10:01.093 [debug] Nexus.Treasury.Handlers.TransferExecutionHandler received events: [%Commanded.EventStore.RecordedEvent{event_id: "27b4759f-ed49-44c5-ade1-d183b4760370", event_number: 12157, stream_id: "019d0d83-338c-71d5-a0d8-6bcd714440f3", stream_version: 1, causation_id: "f5c27a6d-997d-4532-8c01-a29cfede0737", correlation_id: "5187d1f6-c4a6-42a7-bdef-785eb03115be", event_type: "Elixir.Nexus.ERP.Events.InvoiceIngested", data: %Nexus.ERP.Events.InvoiceIngested{org_id: "019d0d83-338a-7090-8ae1-54cf16c85971", invoice_id: "019d0d83-338c-71d5-a0d8-6bcd714440f3", entity_id: "ENT-INV-1001", currency: "EUR", amount: "1500.0", due_date: "2026-04-19", subsidiary: "Default", line_items: [%{description: "Test", amount: "1500.0"}], sap_document_number: "SAP-INV-1001", sap_status: "Verified", ingested_at: "2026-03-20T23:09:55.468738Z"}, created_at: ~U[2026-03-20 23:09:55.469634Z], metadata: %{"causation_id" => "019d0d83-338c-7448-8935-2a2762a6facf", "correlation_id" => "019d0d83-338c-7448-8935-2a2762a6facf"}}]
23:10:01.093 [debug] Nexus.Treasury.ProcessManagers.TransferManager received 1 event(s)
23:10:01.093 [debug] Nexus.Treasury.ProcessManagers.TransferManager is not interested in event 12132 ("6a6b949a-0251-49a2-afb7-9a592797dad1"@1)
23:10:01.093 [debug] Nexus.Treasury.Handlers.TransferExecutionHandler confirming receipt of event #12157 of events: [%Commanded.EventStore.RecordedEvent{event_id: "27b4759f-ed49-44c5-ade1-d183b4760370", event_number: 12157, stream_id: "019d0d83-338c-71d5-a0d8-6bcd714440f3", stream_version: 1, causation_id: "f5c27a6d-997d-4532-8c01-a29cfede0737", correlation_id: "5187d1f6-c4a6-42a7-bdef-785eb03115be", event_type: "Elixir.Nexus.ERP.Events.InvoiceIngested", data: %Nexus.ERP.Events.InvoiceIngested{org_id: "019d0d83-338a-7090-8ae1-54cf16c85971", invoice_id: "019d0d83-338c-71d5-a0d8-6bcd714440f3", entity_id: "ENT-INV-1001", currency: "EUR", amount: "1500.0", due_date: "2026-04-19", subsidiary: "Default", line_items: [%{description: "Test", amount: "1500.0"}], sap_document_number: "SAP-INV-1001", sap_status: "Verified", ingested_at: "2026-03-20T23:09:55.468738Z"}, created_at: ~U[2026-03-20 23:09:55.469634Z], metadata: %{"causation_id" => "019d0d83-338c-7448-8935-2a2762a6facf", "correlation_id" => "019d0d83-338c-7448-8935-2a2762a6facf"}}]
23:10:01.094 [debug] Nexus.Treasury.ProcessManagers.TransferManager confirming receipt of event: 12132
23:10:01.094 [debug] Nexus.Treasury.Projectors.VaultProjector received events: [%Commanded.EventStore.RecordedEvent{event_id: "901b90ff-2b2b-4a9d-a869-299c80695fec", event_number: 12168, stream_id: "Treasury.ReconciliationManager-019d0d83-33b1-7445-a1d7-a9f12e468947", stream_version: 2, causation_id: nil, correlation_id: nil, event_type: "Elixir.Nexus.ERP.Events.StatementUploaded", data: %Nexus.ERP.Events.StatementUploaded{statement_id: "019d0d83-33b9-7d35-9fbb-a4ee2b0b8e73", org_id: "019d0d83-33b1-7445-a1d7-a9f12e468947", filename: "test.csv", format: "csv", lines: [%{id: "019d0d83-33b9-7828-9dcc-96150fea0f74", status: "unmatched", date: "2024-02-25", metadata: %{}, currency: "GBP", ref: "REF-STMT-LINE-C", amount: "-500.0", narrative: "Manual upload test"}], uploaded_at: "2026-03-20T23:09:55.513421Z", content_hash: "5E5B73C26808E626BFB8CAAE92990F8A32415AEF68A32B54AAAF6C7C0727FFA0"}, created_at: ~U[2026-03-20 23:09:55.527039Z], metadata: %{}}]
23:10:01.094 [debug] Nexus.Treasury.ProcessManagers.TransferManager received 1 event(s)
23:10:01.094 [debug] Nexus.Treasury.ProcessManagers.TransferManager is not interested in event 12133 ("f7f1a84b-7d21-4dee-99a9-4425aba97425"@1)
23:10:01.094 [debug] Nexus.Treasury.ProcessManagers.TransferManager confirming receipt of event: 12133
23:10:01.094 [debug] Nexus.Treasury.Projectors.VaultProjector confirming receipt of event #12168 of events: [%Commanded.EventStore.RecordedEvent{event_id: "901b90ff-2b2b-4a9d-a869-299c80695fec", event_number: 12168, stream_id: "Treasury.ReconciliationManager-019d0d83-33b1-7445-a1d7-a9f12e468947", stream_version: 2, causation_id: nil, correlation_id: nil, event_type: "Elixir.Nexus.ERP.Events.StatementUploaded", data: %Nexus.ERP.Events.StatementUploaded{statement_id: "019d0d83-33b9-7d35-9fbb-a4ee2b0b8e73", org_id: "019d0d83-33b1-7445-a1d7-a9f12e468947", filename: "test.csv", format: "csv", lines: [%{id: "019d0d83-33b9-7828-9dcc-96150fea0f74", status: "unmatched", date: "2024-02-25", metadata: %{}, currency: "GBP", ref: "REF-STMT-LINE-C", amount: "-500.0", narrative: "Manual upload test"}], uploaded_at: "2026-03-20T23:09:55.513421Z", content_hash: "5E5B73C26808E626BFB8CAAE92990F8A32415AEF68A32B54AAAF6C7C0727FFA0"}, created_at: ~U[2026-03-20 23:09:55.527039Z], metadata: %{}}]
23:10:01.094 [debug] Nexus.Treasury.Handlers.TransferExecutionHandler received events: [%Commanded.EventStore.RecordedEvent{event_id: "f7f8551e-f6f0-4922-a9b5-d30e2487ef6b", event_number: 12158, stream_id: "Treasury.ReconciliationManager-019d0d83-338a-7090-8ae1-54cf16c85971", stream_version: 1, causation_id: nil, correlation_id: nil, event_type: "Elixir.Nexus.ERP.Events.InvoiceIngested", data: %Nexus.ERP.Events.InvoiceIngested{org_id: "019d0d83-338a-7090-8ae1-54cf16c85971", invoice_id: "019d0d83-338c-71d5-a0d8-6bcd714440f3", entity_id: "ENT-INV-1001", currency: "EUR", amount: "1500.0", due_date: "2026-04-19", subsidiary: "Default", line_items: [%{description: "Test", amount: "1500.0"}], sap_document_number: "SAP-INV-1001", sap_status: "Verified", ingested_at: "2026-03-20T23:09:55.468738Z"}, created_at: ~U[2026-03-20 23:09:55.474257Z], metadata: %{}}]
23:10:01.094 [debug] Nexus.Treasury.Handlers.TransferExecutionHandler confirming receipt of event #12158 of events: [%Commanded.EventStore.RecordedEvent{event_id: "f7f8551e-f6f0-4922-a9b5-d30e2487ef6b", event_number: 12158, stream_id: "Treasury.ReconciliationManager-019d0d83-338a-7090-8ae1-54cf16c85971", stream_version: 1, causation_id: nil, correlation_id: nil, event_type: "Elixir.Nexus.ERP.Events.InvoiceIngested", data: %Nexus.ERP.Events.InvoiceIngested{org_id: "019d0d83-338a-7090-8ae1-54cf16c85971", invoice_id: "019d0d83-338c-71d5-a0d8-6bcd714440f3", entity_id: "ENT-INV-1001", currency: "EUR", amount: "1500.0", due_date: "2026-04-19", subsidiary: "Default", line_items: [%{description: "Test", amount: "1500.0"}], sap_document_number: "SAP-INV-1001", sap_status: "Verified", ingested_at: "2026-03-20T23:09:55.468738Z"}, created_at: ~U[2026-03-20 23:09:55.474257Z], metadata: %{}}]
23:10:01.094 [debug] Nexus.Treasury.ProcessManagers.TransferManager received 1 event(s)
23:10:01.094 [debug] Nexus.Treasury.ProcessManagers.TransferManager is not interested in event 12134 ("27b1d1bd-6463-48e9-9b54-c8a20e48c18b"@1)
23:10:01.094 [debug] Nexus.Treasury.ProcessManagers.TransferManager confirming receipt of event: 12134
23:10:01.094 [debug] Nexus.Treasury.Projectors.VaultProjector received events: [%Commanded.EventStore.RecordedEvent{event_id: "044340fb-8582-4e74-9608-1fcbece292d6", event_number: 12169, stream_id: "Sub21922-EUR", stream_version: 1, causation_id: "d6d2f5f2-fc0e-4b05-b971-1183832765b6", correlation_id: "fd7003c4-f6c9-42df-bda3-36e6256323e7", event_type: "Elixir.Nexus.Treasury.Events.ExposureCalculated", data: %Nexus.Treasury.Events.ExposureCalculated{org_id: "00123e7d-6f4e-4db9-b199-06a4d5e0f9ab", subsidiary: "Sub21922", currency: "EUR", exposure_amount: "92233.91", timestamp: "2026-03-20T23:09:55.539421Z"}, created_at: ~U[2026-03-20 23:09:55.541490Z], metadata: %{"causation_id" => "019d0d83-33d3-7af8-9e82-24ffed7eca1a", "correlation_id" => "019d0d83-33d3-7af8-9e82-24ffed7eca1a"}}]
23:10:01.094 [debug] Nexus.Treasury.Projectors.VaultProjector confirming receipt of event #12169 of events: [%Commanded.EventStore.RecordedEvent{event_id: "044340fb-8582-4e74-9608-1fcbece292d6", event_number: 12169, stream_id: "Sub21922-EUR", stream_version: 1, causation_id: "d6d2f5f2-fc0e-4b05-b971-1183832765b6", correlation_id: "fd7003c4-f6c9-42df-bda3-36e6256323e7", event_type: "Elixir.Nexus.Treasury.Events.ExposureCalculated", data: %Nexus.Treasury.Events.ExposureCalculated{org_id: "00123e7d-6f4e-4db9-b199-06a4d5e0f9ab", subsidiary: "Sub21922", currency: "EUR", exposure_amount: "92233.91", timestamp: "2026-03-20T23:09:55.539421Z"}, created_at: ~U[2026-03-20 23:09:55.541490Z], metadata: %{"causation_id" => "019d0d83-33d3-7af8-9e82-24ffed7eca1a", "correlation_id" => "019d0d83-33d3-7af8-9e82-24ffed7eca1a"}}]
23:10:01.094 [debug] Nexus.Treasury.Handlers.TransferExecutionHandler received events: [%Commanded.EventStore.RecordedEvent{event_id: "726d2c10-7c77-44d6-b2d9-fbabeafeb1de", event_number: 12159, stream_id: "019d0d83-3394-7fcc-a5ce-a766a50ac533", stream_version: 1, causation_id: "fdc667dc-9f2f-48b7-8be9-f2c31a0b3ac5", correlation_id: "60b875e8-b146-4a08-b303-4db8dc3b8b72", event_type: "Elixir.Nexus.ERP.Events.StatementUploaded", data: %Nexus.ERP.Events.StatementUploaded{statement_id: "019d0d83-3394-7fcc-a5ce-a766a50ac533", org_id: "019d0d83-338a-7090-8ae1-54cf16c85971", filename: "test.csv", format: "csv", lines: [%{id: "019d0d83-3395-77db-995c-6bc83d2d30dc", status: "unmatched", date: "2024-02-25", metadata: %{}, currency: "EUR", ref: "REF-STMT-LINE-A", amount: "-1500.0", narrative: "Test matching"}], uploaded_at: "2026-03-20T23:09:55.476940Z", content_hash: "8957AFDFE9C89CCD2CD164DFCFA418288E1EC6027918D848738749767578A088"}, created_at: ~U[2026-03-20 23:09:55.477678Z], metadata: %{"causation_id" => "019d0d83-3394-7936-93eb-9713de1f4b3e", "correlation_id" => "019d0d83-3394-7936-93eb-9713de1f4b3e"}}]
23:10:01.094 [debug] Nexus.Treasury.Handlers.TransferExecutionHandler confirming receipt of event #12159 of events: [%Commanded.EventStore.RecordedEvent{event_id: "726d2c10-7c77-44d6-b2d9-fbabeafeb1de", event_number: 12159, stream_id: "019d0d83-3394-7fcc-a5ce-a766a50ac533", stream_version: 1, causation_id: "fdc667dc-9f2f-48b7-8be9-f2c31a0b3ac5", correlation_id: "60b875e8-b146-4a08-b303-4db8dc3b8b72", event_type: "Elixir.Nexus.ERP.Events.StatementUploaded", data: %Nexus.ERP.Events.StatementUploaded{statement_id: "019d0d83-3394-7fcc-a5ce-a766a50ac533", org_id: "019d0d83-338a-7090-8ae1-54cf16c85971", filename: "test.csv", format: "csv", lines: [%{id: "019d0d83-3395-77db-995c-6bc83d2d30dc", status: "unmatched", date: "2024-02-25", metadata: %{}, currency: "EUR", ref: "REF-STMT-LINE-A", amount: "-1500.0", narrative: "Test matching"}], uploaded_at: "2026-03-20T23:09:55.476940Z", content_hash: "8957AFDFE9C89CCD2CD164DFCFA418288E1EC6027918D848738749767578A088"}, created_at: ~U[2026-03-20 23:09:55.477678Z], metadata: %{"causation_id" => "019d0d83-3394-7936-93eb-9713de1f4b3e", "correlation_id" => "019d0d83-3394-7936-93eb-9713de1f4b3e"}}]
23:10:01.094 [debug] Nexus.Treasury.ProcessManagers.TransferManager received 1 event(s)
23:10:01.094 [debug] Nexus.Treasury.ProcessManagers.TransferManager is not interested in event 12135 ("af67c906-4e54-47ba-9c47-0a89544fd602"@1)
23:10:01.094 [debug] Nexus.Treasury.ProcessManagers.TransferManager confirming receipt of event: 12135
23:10:01.095 [debug] Nexus.Treasury.Projectors.VaultProjector received events: [%Commanded.EventStore.RecordedEvent{event_id: "3671a88a-1c2f-4c32-bf56-0402290cf418", event_number: 12170, stream_id: "Sub21059-EUR", stream_version: 1, causation_id: "f2aec4e6-0d11-4fed-a591-b895149cc8c6", correlation_id: "d720c612-0e13-4578-bae1-348b37ade278", event_type: "Elixir.Nexus.Treasury.Events.ExposureCalculated", data: %Nexus.Treasury.Events.ExposureCalculated{org_id: "22adc7fd-7c47-40fb-a771-c959aebbde07", subsidiary: "Sub21059", currency: "EUR", exposure_amount: "92233.91", timestamp: "2026-03-20T23:09:55.548212Z"}, created_at: ~U[2026-03-20 23:09:55.548962Z], metadata: %{"causation_id" => "019d0d83-33dc-7980-93b6-77d0feb8e721", "correlation_id" => "019d0d83-33dc-7980-93b6-77d0feb8e721"}}]
23:10:01.095 [debug] Nexus.Treasury.Projectors.VaultProjector confirming receipt of event #12170 of events: [%Commanded.EventStore.RecordedEvent{event_id: "3671a88a-1c2f-4c32-bf56-0402290cf418", event_number: 12170, stream_id: "Sub21059-EUR", stream_version: 1, causation_id: "f2aec4e6-0d11-4fed-a591-b895149cc8c6", correlation_id: "d720c612-0e13-4578-bae1-348b37ade278", event_type: "Elixir.Nexus.Treasury.Events.ExposureCalculated", data: %Nexus.Treasury.Events.ExposureCalculated{org_id: "22adc7fd-7c47-40fb-a771-c959aebbde07", subsidiary: "Sub21059", currency: "EUR", exposure_amount: "92233.91", timestamp: "2026-03-20T23:09:55.548212Z"}, created_at: ~U[2026-03-20 23:09:55.548962Z], metadata: %{"causation_id" => "019d0d83-33dc-7980-93b6-77d0feb8e721", "correlation_id" => "019d0d83-33dc-7980-93b6-77d0feb8e721"}}]
23:10:01.095 [debug] Nexus.Treasury.Handlers.TransferExecutionHandler received events: [%Commanded.EventStore.RecordedEvent{event_id: "8467e59b-182f-45ba-bf13-f58ccad7cb35", event_number: 12160, stream_id: "019d0d83-339b-7ac7-9d5a-a845ed8ec8dc", stream_version: 1, causation_id: "cdd4d857-eea0-4ea3-a117-a4289a98b5b1", correlation_id: "2201d857-e56e-4f29-8298-a3982f8038db", event_type: "Elixir.Nexus.Treasury.Events.TransactionReconciled", data: %Nexus.Treasury.Events.TransactionReconciled{org_id: "019d0d83-338a-7090-8ae1-54cf16c85971", reconciliation_id: "019d0d83-339b-7ac7-9d5a-a845ed8ec8dc", invoice_id: "019d0d83-338c-71d5-a0d8-6bcd714440f3", statement_id: "019d0d83-3394-7fcc-a5ce-a766a50ac533", statement_line_id: "019d0d83-3395-77db-995c-6bc83d2d30dc", amount: "1500.0", variance: nil, variance_reason: nil, actor_email: "system@nexus.ai", currency: "EUR", timestamp: "2026-03-20T23:09:55.483896Z"}, created_at: ~U[2026-03-20 23:09:55.484737Z], metadata: %{"causation_id" => "019d0d83-339b-7229-b542-3092f5926893", "correlation_id" => "019d0d83-339b-7229-b542-3092f5926893"}}]
23:10:01.095 [debug] Nexus.Treasury.ProcessManagers.TransferManager received 1 event(s)
23:10:01.095 [debug] Nexus.Treasury.ProcessManagers.TransferManager is not interested in event 12136 ("019d0d83-32e1-70cc-8fef-9acc1fae7c73"@1)
23:10:01.095 [debug] Nexus.Treasury.ProcessManagers.TransferManager confirming receipt of event: 12136
23:10:01.095 [debug] Nexus.Treasury.Handlers.TransferExecutionHandler confirming receipt of event #12160 of events: [%Commanded.EventStore.RecordedEvent{event_id: "8467e59b-182f-45ba-bf13-f58ccad7cb35", event_number: 12160, stream_id: "019d0d83-339b-7ac7-9d5a-a845ed8ec8dc", stream_version: 1, causation_id: "cdd4d857-eea0-4ea3-a117-a4289a98b5b1", correlation_id: "2201d857-e56e-4f29-8298-a3982f8038db", event_type: "Elixir.Nexus.Treasury.Events.TransactionReconciled", data: %Nexus.Treasury.Events.TransactionReconciled{org_id: "019d0d83-338a-7090-8ae1-54cf16c85971", reconciliation_id: "019d0d83-339b-7ac7-9d5a-a845ed8ec8dc", invoice_id: "019d0d83-338c-71d5-a0d8-6bcd714440f3", statement_id: "019d0d83-3394-7fcc-a5ce-a766a50ac533", statement_line_id: "019d0d83-3395-77db-995c-6bc83d2d30dc", amount: "1500.0", variance: nil, variance_reason: nil, actor_email: "system@nexus.ai", currency: "EUR", timestamp: "2026-03-20T23:09:55.483896Z"}, created_at: ~U[2026-03-20 23:09:55.484737Z], metadata: %{"causation_id" => "019d0d83-339b-7229-b542-3092f5926893", "correlation_id" => "019d0d83-339b-7229-b542-3092f5926893"}}]
23:10:01.095 [debug] Nexus.Treasury.Projectors.VaultProjector received events: [%Commanded.EventStore.RecordedEvent{event_id: "09323d64-1aef-43db-9391-53f0aac160ed", event_number: 12171, stream_id: "019d0d83-3437-7f1d-8c10-9284822a78f0", stream_version: 1, causation_id: "10091b3f-165d-456d-9208-b2a7be70027d", correlation_id: "19f9db2c-1433-48f1-9993-cf61ba75d3c9", event_type: "Elixir.Nexus.Payments.Events.BulkPaymentInitiated", data: %Nexus.Payments.Events.BulkPaymentInitiated{bulk_payment_id: "019d0d83-3437-7f1d-8c10-9284822a78f0", org_id: "019d0d83-3426-7dc3-9b64-d4590b96f25d", user_id: "019d0d83-3426-797d-ae26-5dbc2faef223", payments: [%{currency: "EUR", amount: "100.00", invoice_id: nil, recipient_name: "Target Vendor", recipient_account: "IBAN12345678"}], total_amount: "100.00", count: 1, initiated_at: "2026-03-20T23:09:55.639564Z"}, created_at: ~U[2026-03-20 23:09:55.640486Z], metadata: %{"causation_id" => "019d0d83-3437-7372-bade-5f2dd4b5ddd2", "correlation_id" => "019d0d83-3437-7372-bade-5f2dd4b5ddd2"}}]
23:10:01.095 [debug] Nexus.Treasury.ProcessManagers.TransferManager received 1 event(s)
23:10:01.095 [debug] Nexus.Treasury.ProcessManagers.TransferManager is not interested in event 12137 ("019d0d83-32ef-7f2a-8f30-390759b06a55"@1)
23:10:01.095 [debug] Nexus.Treasury.ProcessManagers.TransferManager confirming receipt of event: 12137
23:10:01.095 [debug] Nexus.Treasury.Projectors.VaultProjector confirming receipt of event #12171 of events: [%Commanded.EventStore.RecordedEvent{event_id: "09323d64-1aef-43db-9391-53f0aac160ed", event_number: 12171, stream_id: "019d0d83-3437-7f1d-8c10-9284822a78f0", stream_version: 1, causation_id: "10091b3f-165d-456d-9208-b2a7be70027d", correlation_id: "19f9db2c-1433-48f1-9993-cf61ba75d3c9", event_type: "Elixir.Nexus.Payments.Events.BulkPaymentInitiated", data: %Nexus.Payments.Events.BulkPaymentInitiated{bulk_payment_id: "019d0d83-3437-7f1d-8c10-9284822a78f0", org_id: "019d0d83-3426-7dc3-9b64-d4590b96f25d", user_id: "019d0d83-3426-797d-ae26-5dbc2faef223", payments: [%{currency: "EUR", amount: "100.00", invoice_id: nil, recipient_name: "Target Vendor", recipient_account: "IBAN12345678"}], total_amount: "100.00", count: 1, initiated_at: "2026-03-20T23:09:55.639564Z"}, created_at: ~U[2026-03-20 23:09:55.640486Z], metadata: %{"causation_id" => "019d0d83-3437-7372-bade-5f2dd4b5ddd2", "correlation_id" => "019d0d83-3437-7372-bade-5f2dd4b5ddd2"}}]
23:10:01.095 [debug] Nexus.Treasury.Handlers.TransferExecutionHandler received events: [%Commanded.EventStore.RecordedEvent{event_id: "17002976-2bce-4a94-a5e2-4873a281e142", event_number: 12161, stream_id: "Treasury.ReconciliationManager-019d0d83-338a-7090-8ae1-54cf16c85971", stream_version: 2, causation_id: nil, correlation_id: nil, event_type: "Elixir.Nexus.ERP.Events.StatementUploaded", data: %Nexus.ERP.Events.StatementUploaded{statement_id: "019d0d83-3394-7fcc-a5ce-a766a50ac533", org_id: "019d0d83-338a-7090-8ae1-54cf16c85971", filename: "test.csv", format: "csv", lines: [%{id: "019d0d83-3395-77db-995c-6bc83d2d30dc", status: "unmatched", date: "2024-02-25", metadata: %{}, currency: "EUR", ref: "REF-STMT-LINE-A", amount: "-1500.0", narrative: "Test matching"}], uploaded_at: "2026-03-20T23:09:55.476940Z", content_hash: "8957AFDFE9C89CCD2CD164DFCFA418288E1EC6027918D848738749767578A088"}, created_at: ~U[2026-03-20 23:09:55.490013Z], metadata: %{}}]
23:10:01.095 [debug] Nexus.Treasury.Handlers.TransferExecutionHandler confirming receipt of event #12161 of events: [%Commanded.EventStore.RecordedEvent{event_id: "17002976-2bce-4a94-a5e2-4873a281e142", event_number: 12161, stream_id: "Treasury.ReconciliationManager-019d0d83-338a-7090-8ae1-54cf16c85971", stream_version: 2, causation_id: nil, correlation_id: nil, event_type: "Elixir.Nexus.ERP.Events.StatementUploaded", data: %Nexus.ERP.Events.StatementUploaded{statement_id: "019d0d83-3394-7fcc-a5ce-a766a50ac533", org_id: "019d0d83-338a-7090-8ae1-54cf16c85971", filename: "test.csv", format: "csv", lines: [%{id: "019d0d83-3395-77db-995c-6bc83d2d30dc", status: "unmatched", date: "2024-02-25", metadata: %{}, currency: "EUR", ref: "REF-STMT-LINE-A", amount: "-1500.0", narrative: "Test matching"}], uploaded_at: "2026-03-20T23:09:55.476940Z", content_hash: "8957AFDFE9C89CCD2CD164DFCFA418288E1EC6027918D848738749767578A088"}, created_at: ~U[2026-03-20 23:09:55.490013Z], metadata: %{}}]
23:10:01.095 [debug] Nexus.Treasury.Projectors.VaultProjector received events: [%Commanded.EventStore.RecordedEvent{event_id: "72c11c0e-943e-4ae9-af65-49046a84d9aa", event_number: 12172, stream_id: "forecast-77937af1-e867-47a5-b6c1-5dfa52915523", stream_version: 1, causation_id: "cc64b96c-7edc-405f-9c0b-9d918c010240", correlation_id: "87a97474-6b9f-45f7-be61-adb864037ecd", event_type: "Elixir.Nexus.Treasury.Events.ForecastGenerated", data: %Nexus.Treasury.Events.ForecastGenerated{org_id: "77937af1-e867-47a5-b6c1-5dfa52915523", currency: "EUR", horizon_days: 30, predictions: [%{date: "2026-03-03", predicted_amount: "-50000.00"}], generated_at: "2026-03-20T23:09:55.648785Z"}, created_at: ~U[2026-03-20 23:09:55.649524Z], metadata: %{"causation_id" => "019d0d83-3440-78bc-9bad-f160fe8fe0aa", "correlation_id" => "019d0d83-3440-78bc-9bad-f160fe8fe0aa"}}]
23:10:01.096 [debug] Nexus.Treasury.ProcessManagers.TransferManager received 1 event(s)
23:10:01.096 [debug] Nexus.Treasury.ProcessManagers.TransferManager is not interested in event 12138 ("76f4e95f-501b-4d99-b049-1286296b62bd"@1)
23:10:01.096 [debug] Nexus.Treasury.ProcessManagers.TransferManager confirming receipt of event: 12138
23:10:01.096 [debug] Nexus.Treasury.Projectors.VaultProjector confirming receipt of event #12172 of events: [%Commanded.EventStore.RecordedEvent{event_id: "72c11c0e-943e-4ae9-af65-49046a84d9aa", event_number: 12172, stream_id: "forecast-77937af1-e867-47a5-b6c1-5dfa52915523", stream_version: 1, causation_id: "cc64b96c-7edc-405f-9c0b-9d918c010240", correlation_id: "87a97474-6b9f-45f7-be61-adb864037ecd", event_type: "Elixir.Nexus.Treasury.Events.ForecastGenerated", data: %Nexus.Treasury.Events.ForecastGenerated{org_id: "77937af1-e867-47a5-b6c1-5dfa52915523", currency: "EUR", horizon_days: 30, predictions: [%{date: "2026-03-03", predicted_amount: "-50000.00"}], generated_at: "2026-03-20T23:09:55.648785Z"}, created_at: ~U[2026-03-20 23:09:55.649524Z], metadata: %{"causation_id" => "019d0d83-3440-78bc-9bad-f160fe8fe0aa", "correlation_id" => "019d0d83-3440-78bc-9bad-f160fe8fe0aa"}}]
23:10:01.096 [debug] Nexus.Treasury.Handlers.TransferExecutionHandler received events: [%Commanded.EventStore.RecordedEvent{event_id: "34f83fa4-fe32-4977-82c2-e6962027dbab", event_number: 12162, stream_id: "019d0d83-33a7-7b9c-b345-7912d767dbe7", stream_version: 1, causation_id: "41224d53-52b1-434c-8493-d3f1680469d4", correlation_id: "9f173edf-d687-4278-bbf8-d7be813e6a1d", event_type: "Elixir.Nexus.ERP.Events.StatementUploaded", data: %Nexus.ERP.Events.StatementUploaded{statement_id: "019d0d83-33a7-7b9c-b345-7912d767dbe7", org_id: "019d0d83-33a5-7d70-ab43-4a1bcfc079df", filename: "test.csv", format: "csv", lines: [%{id: "019d0d83-33a8-7375-a26c-b31566efdbc8", status: "unmatched", date: "2024-02-25", metadata: %{}, currency: "USD", ref: "REF-STMT-LINE-B", amount: "-999.0", narrative: "Test matching"}], uploaded_at: "2026-03-20T23:09:55.495688Z", content_hash: "FEA32210E48AFF9FC975B88310541DF87D6707B5F282A6690CFBAF3F80434BA5"}, created_at: ~U[2026-03-20 23:09:55.496574Z], metadata: %{"causation_id" => "019d0d83-33a7-78b7-9961-12234a21d82a", "correlation_id" => "019d0d83-33a7-78b7-9961-12234a21d82a"}}]
23:10:01.096 [debug] Nexus.Treasury.Handlers.TransferExecutionHandler confirming receipt of event #12162 of events: [%Commanded.EventStore.RecordedEvent{event_id: "34f83fa4-fe32-4977-82c2-e6962027dbab", event_number: 12162, stream_id: "019d0d83-33a7-7b9c-b345-7912d767dbe7", stream_version: 1, causation_id: "41224d53-52b1-434c-8493-d3f1680469d4", correlation_id: "9f173edf-d687-4278-bbf8-d7be813e6a1d", event_type: "Elixir.Nexus.ERP.Events.StatementUploaded", data: %Nexus.ERP.Events.StatementUploaded{statement_id: "019d0d83-33a7-7b9c-b345-7912d767dbe7", org_id: "019d0d83-33a5-7d70-ab43-4a1bcfc079df", filename: "test.csv", format: "csv", lines: [%{id: "019d0d83-33a8-7375-a26c-b31566efdbc8", status: "unmatched", date: "2024-02-25", metadata: %{}, currency: "USD", ref: "REF-STMT-LINE-B", amount: "-999.0", narrative: "Test matching"}], uploaded_at: "2026-03-20T23:09:55.495688Z", content_hash: "FEA32210E48AFF9FC975B88310541DF87D6707B5F282A6690CFBAF3F80434BA5"}, created_at: ~U[2026-03-20 23:09:55.496574Z], metadata: %{"causation_id" => "019d0d83-33a7-78b7-9961-12234a21d82a", "correlation_id" => "019d0d83-33a7-78b7-9961-12234a21d82a"}}]
23:10:01.096 [debug] Nexus.Treasury.Projectors.VaultProjector received events: [%Commanded.EventStore.RecordedEvent{event_id: "944bcb83-f76c-4b7e-9224-cda75a2e6b16", event_number: 12173, stream_id: "forecast-d47a1f2c-102b-4161-938b-9c5367129b14", stream_version: 1, causation_id: "e983ca39-7613-4e1d-90eb-9baeccac07a5", correlation_id: "a2aebb1b-39fa-40b0-9646-d8bc9a227452", event_type: "Elixir.Nexus.Treasury.Events.ForecastGenerated", data: %Nexus.Treasury.Events.ForecastGenerated{org_id: "d47a1f2c-102b-4161-938b-9c5367129b14", currency: "EUR", horizon_days: 30, predictions: [%{date: "2026-03-03", predicted_amount: "100000.00"}], generated_at: "2026-03-20T23:09:55.654148Z"}, created_at: ~U[2026-03-20 23:09:55.655064Z], metadata: %{"causation_id" => "019d0d83-3446-73c3-af82-eeb0bfa4ac5b", "correlation_id" => "019d0d83-3446-73c3-af82-eeb0bfa4ac5b"}}]
23:10:01.096 [debug] Nexus.Treasury.Projectors.VaultProjector confirming receipt of event #12173 of events: [%Commanded.EventStore.RecordedEvent{event_id: "944bcb83-f76c-4b7e-9224-cda75a2e6b16", event_number: 12173, stream_id: "forecast-d47a1f2c-102b-4161-938b-9c5367129b14", stream_version: 1, causation_id: "e983ca39-7613-4e1d-90eb-9baeccac07a5", correlation_id: "a2aebb1b-39fa-40b0-9646-d8bc9a227452", event_type: "Elixir.Nexus.Treasury.Events.ForecastGenerated", data: %Nexus.Treasury.Events.ForecastGenerated{org_id: "d47a1f2c-102b-4161-938b-9c5367129b14", currency: "EUR", horizon_days: 30, predictions: [%{date: "2026-03-03", predicted_amount: "100000.00"}], generated_at: "2026-03-20T23:09:55.654148Z"}, created_at: ~U[2026-03-20 23:09:55.655064Z], metadata: %{"causation_id" => "019d0d83-3446-73c3-af82-eeb0bfa4ac5b", "correlation_id" => "019d0d83-3446-73c3-af82-eeb0bfa4ac5b"}}]
23:10:01.096 [debug] Nexus.Treasury.ProcessManagers.TransferManager received 1 event(s)
23:10:01.096 [debug] Nexus.Treasury.ProcessManagers.TransferManager is not interested in event 12139 ("76f4e95f-501b-4d99-b049-1286296b62bd"@2)
23:10:01.096 [debug] Nexus.Treasury.ProcessManagers.TransferManager confirming receipt of event: 12139
23:10:01.096 [debug] Nexus.Treasury.Handlers.TransferExecutionHandler received events: [%Commanded.EventStore.RecordedEvent{event_id: "b70edf5f-d2a8-4fe1-9bf6-7889cfae3c7b", event_number: 12163, stream_id: "Treasury.ReconciliationManager-019d0d83-33a5-7d70-ab43-4a1bcfc079df", stream_version: 1, causation_id: nil, correlation_id: nil, event_type: "Elixir.Nexus.ERP.Events.StatementUploaded", data: %Nexus.ERP.Events.StatementUploaded{statement_id: "019d0d83-33a7-7b9c-b345-7912d767dbe7", org_id: "019d0d83-33a5-7d70-ab43-4a1bcfc079df", filename: "test.csv", format: "csv", lines: [%{id: "019d0d83-33a8-7375-a26c-b31566efdbc8", status: "unmatched", date: "2024-02-25", metadata: %{}, currency: "USD", ref: "REF-STMT-LINE-B", amount: "-999.0", narrative: "Test matching"}], uploaded_at: "2026-03-20T23:09:55.495688Z", content_hash: "FEA32210E48AFF9FC975B88310541DF87D6707B5F282A6690CFBAF3F80434BA5"}, created_at: ~U[2026-03-20 23:09:55.501943Z], metadata: %{}}]
23:10:01.096 [debug] Nexus.Treasury.Handlers.TransferExecutionHandler confirming receipt of event #12163 of events: [%Commanded.EventStore.RecordedEvent{event_id: "b70edf5f-d2a8-4fe1-9bf6-7889cfae3c7b", event_number: 12163, stream_id: "Treasury.ReconciliationManager-019d0d83-33a5-7d70-ab43-4a1bcfc079df", stream_version: 1, causation_id: nil, correlation_id: nil, event_type: "Elixir.Nexus.ERP.Events.StatementUploaded", data: %Nexus.ERP.Events.StatementUploaded{statement_id: "019d0d83-33a7-7b9c-b345-7912d767dbe7", org_id: "019d0d83-33a5-7d70-ab43-4a1bcfc079df", filename: "test.csv", format: "csv", lines: [%{id: "019d0d83-33a8-7375-a26c-b31566efdbc8", status: "unmatched", date: "2024-02-25", metadata: %{}, currency: "USD", ref: "REF-STMT-LINE-B", amount: "-999.0", narrative: "Test matching"}], uploaded_at: "2026-03-20T23:09:55.495688Z", content_hash: "FEA32210E48AFF9FC975B88310541DF87D6707B5F282A6690CFBAF3F80434BA5"}, created_at: ~U[2026-03-20 23:09:55.501943Z], metadata: %{}}]
23:10:01.096 [debug] Nexus.Treasury.Projectors.VaultProjector received events: [%Commanded.EventStore.RecordedEvent{event_id: "1c2e7e08-0f23-4ba2-b2fa-3596d22f87f8", event_number: 12174, stream_id: "forecast-d47a1f2c-102b-4161-938b-9c5367129b14", stream_version: 2, causation_id: "9ba01f6b-b197-4314-a5ca-6cebadf398ae", correlation_id: "178d7af1-6e1a-41b2-93c5-ba7e6a968fdb", event_type: "Elixir.Nexus.Treasury.Events.ForecastGenerated", data: %Nexus.Treasury.Events.ForecastGenerated{org_id: "d47a1f2c-102b-4161-938b-9c5367129b14", currency: "EUR", horizon_days: 30, predictions: [%{date: "2026-03-03", predicted_amount: "110000.000000"}], generated_at: "2026-03-20T23:09:55.657063Z"}, created_at: ~U[2026-03-20 23:09:55.657584Z], metadata: %{"causation_id" => "019d0d83-3449-7918-98d3-b65568b2fe8a", "correlation_id" => "019d0d83-3449-7918-98d3-b65568b2fe8a"}}]
23:10:01.096 [debug] Nexus.Treasury.Projectors.VaultProjector confirming receipt of event #12174 of events: [%Commanded.EventStore.RecordedEvent{event_id: "1c2e7e08-0f23-4ba2-b2fa-3596d22f87f8", event_number: 12174, stream_id: "forecast-d47a1f2c-102b-4161-938b-9c5367129b14", stream_version: 2, causation_id: "9ba01f6b-b197-4314-a5ca-6cebadf398ae", correlation_id: "178d7af1-6e1a-41b2-93c5-ba7e6a968fdb", event_type: "Elixir.Nexus.Treasury.Events.ForecastGenerated", data: %Nexus.Treasury.Events.ForecastGenerated{org_id: "d47a1f2c-102b-4161-938b-9c5367129b14", currency: "EUR", horizon_days: 30, predictions: [%{date: "2026-03-03", predicted_amount: "110000.000000"}], generated_at: "2026-03-20T23:09:55.657063Z"}, created_at: ~U[2026-03-20 23:09:55.657584Z], metadata: %{"causation_id" => "019d0d83-3449-7918-98d3-b65568b2fe8a", "correlation_id" => "019d0d83-3449-7918-98d3-b65568b2fe8a"}}]
23:10:01.096 [debug] Nexus.Treasury.ProcessManagers.TransferManager received 1 event(s)
23:10:01.096 [debug] Nexus.Treasury.ProcessManagers.TransferManager is not interested in event 12140 ("cc9c746e-998e-4a07-980e-4f8bf11e6cbb"@1)
23:10:01.096 [debug] Nexus.Treasury.ProcessManagers.TransferManager confirming receipt of event: 12140
23:10:01.096 [debug] Nexus.Treasury.Handlers.TransferExecutionHandler received events: [%Commanded.EventStore.RecordedEvent{event_id: "250eca02-1394-4a62-91f1-37a326ac1a1e", event_number: 12164, stream_id: "019d0d83-33b3-7084-8025-8d448a5d88b8", stream_version: 1, causation_id: "cc69e7f5-a474-4f34-b72d-105cc7f1f6a1", correlation_id: "4e53603c-d51a-4ba4-92de-3152400b6546", event_type: "Elixir.Nexus.ERP.Events.InvoiceIngested", data: %Nexus.ERP.Events.InvoiceIngested{org_id: "019d0d83-33b1-7445-a1d7-a9f12e468947", invoice_id: "019d0d83-33b3-7084-8025-8d448a5d88b8", entity_id: "ENT-INV-2000", currency: "GBP", amount: "500.0", due_date: "2026-04-19", subsidiary: "Default", line_items: [%{description: "Test", amount: "500.0"}], sap_document_number: "SAP-INV-2000", sap_status: "Verified", ingested_at: "2026-03-20T23:09:55.507308Z"}, created_at: ~U[2026-03-20 23:09:55.508296Z], metadata: %{"causation_id" => "019d0d83-33b3-7e69-9d20-5c7881751e2c", "correlation_id" => "019d0d83-33b3-7e69-9d20-5c7881751e2c"}}]
23:10:01.096 [debug] Nexus.Treasury.Handlers.TransferExecutionHandler confirming receipt of event #12164 of events: [%Commanded.EventStore.RecordedEvent{event_id: "250eca02-1394-4a62-91f1-37a326ac1a1e", event_number: 12164, stream_id: "019d0d83-33b3-7084-8025-8d448a5d88b8", stream_version: 1, causation_id: "cc69e7f5-a474-4f34-b72d-105cc7f1f6a1", correlation_id: "4e53603c-d51a-4ba4-92de-3152400b6546", event_type: "Elixir.Nexus.ERP.Events.InvoiceIngested", data: %Nexus.ERP.Events.InvoiceIngested{org_id: "019d0d83-33b1-7445-a1d7-a9f12e468947", invoice_id: "019d0d83-33b3-7084-8025-8d448a5d88b8", entity_id: "ENT-INV-2000", currency: "GBP", amount: "500.0", due_date: "2026-04-19", subsidiary: "Default", line_items: [%{description: "Test", amount: "500.0"}], sap_document_number: "SAP-INV-2000", sap_status: "Verified", ingested_at: "2026-03-20T23:09:55.507308Z"}, created_at: ~U[2026-03-20 23:09:55.508296Z], metadata: %{"causation_id" => "019d0d83-33b3-7e69-9d20-5c7881751e2c", "correlation_id" => "019d0d83-33b3-7e69-9d20-5c7881751e2c"}}]
23:10:01.097 [debug] Nexus.Treasury.Projectors.VaultProjector received events: [%Commanded.EventStore.RecordedEvent{event_id: "6bc5b6f0-2ae5-4e94-9a27-86f22640c887", event_number: 12175, stream_id: "EUR/USD", stream_version: 141, causation_id: "b5680a01-94ac-436d-92fd-423d03d36f05", correlation_id: "8e7e3706-d048-41b1-ba53-4d857c5b773a", event_type: "Elixir.Nexus.Treasury.Events.MarketTickRecorded", data: %Nexus.Treasury.Events.MarketTickRecorded{pair: "EUR/USD", price: "1.0842", timestamp: "2026-03-20T23:09:55.670Z"}, created_at: ~U[2026-03-20 23:09:55.679397Z], metadata: %{"causation_id" => "019d0d83-3457-7f44-b78d-7e1c455439a8", "correlation_id" => "019d0d83-3457-7f44-b78d-7e1c455439a8"}}]
23:10:01.097 [debug] Nexus.Treasury.ProcessManagers.TransferManager received 1 event(s)
23:10:01.097 [debug] Nexus.Treasury.Projectors.VaultProjector confirming receipt of event #12175 of events: [%Commanded.EventStore.RecordedEvent{event_id: "6bc5b6f0-2ae5-4e94-9a27-86f22640c887", event_number: 12175, stream_id: "EUR/USD", stream_version: 141, causation_id: "b5680a01-94ac-436d-92fd-423d03d36f05", correlation_id: "8e7e3706-d048-41b1-ba53-4d857c5b773a", event_type: "Elixir.Nexus.Treasury.Events.MarketTickRecorded", data: %Nexus.Treasury.Events.MarketTickRecorded{pair: "EUR/USD", price: "1.0842", timestamp: "2026-03-20T23:09:55.670Z"}, created_at: ~U[2026-03-20 23:09:55.679397Z], metadata: %{"causation_id" => "019d0d83-3457-7f44-b78d-7e1c455439a8", "correlation_id" => "019d0d83-3457-7f44-b78d-7e1c455439a8"}}]
23:10:01.097 [debug] Nexus.Treasury.ProcessManagers.TransferManager is not interested in event 12141 ("019d0d83-332b-7e50-819c-0d952a74db40"@1)
23:10:01.097 [debug] Nexus.Treasury.ProcessManagers.TransferManager confirming receipt of event: 12141
23:10:01.097 [debug] Nexus.Treasury.Handlers.TransferExecutionHandler received events: [%Commanded.EventStore.RecordedEvent{event_id: "4eaaa287-9487-4b46-b488-cbc313b6a737", event_number: 12165, stream_id: "Treasury.ReconciliationManager-019d0d83-33b1-7445-a1d7-a9f12e468947", stream_version: 1, causation_id: nil, correlation_id: nil, event_type: "Elixir.Nexus.ERP.Events.InvoiceIngested", data: %Nexus.ERP.Events.InvoiceIngested{org_id: "019d0d83-33b1-7445-a1d7-a9f12e468947", invoice_id: "019d0d83-33b3-7084-8025-8d448a5d88b8", entity_id: "ENT-INV-2000", currency: "GBP", amount: "500.0", due_date: "2026-04-19", subsidiary: "Default", line_items: [%{description: "Test", amount: "500.0"}], sap_document_number: "SAP-INV-2000", sap_status: "Verified", ingested_at: "2026-03-20T23:09:55.507308Z"}, created_at: ~U[2026-03-20 23:09:55.512495Z], metadata: %{}}]
23:10:01.097 [debug] Nexus.Treasury.Handlers.TransferExecutionHandler confirming receipt of event #12165 of events: [%Commanded.EventStore.RecordedEvent{event_id: "4eaaa287-9487-4b46-b488-cbc313b6a737", event_number: 12165, stream_id: "Treasury.ReconciliationManager-019d0d83-33b1-7445-a1d7-a9f12e468947", stream_version: 1, causation_id: nil, correlation_id: nil, event_type: "Elixir.Nexus.ERP.Events.InvoiceIngested", data: %Nexus.ERP.Events.InvoiceIngested{org_id: "019d0d83-33b1-7445-a1d7-a9f12e468947", invoice_id: "019d0d83-33b3-7084-8025-8d448a5d88b8", entity_id: "ENT-INV-2000", currency: "GBP", amount: "500.0", due_date: "2026-04-19", subsidiary: "Default", line_items: [%{description: "Test", amount: "500.0"}], sap_document_number: "SAP-INV-2000", sap_status: "Verified", ingested_at: "2026-03-20T23:09:55.507308Z"}, created_at: ~U[2026-03-20 23:09:55.512495Z], metadata: %{}}]
23:10:01.097 [debug] Nexus.Treasury.Projectors.TransferProjector received events: [%Commanded.EventStore.RecordedEvent{event_id: "62c6b71c-722f-4f2d-8755-429e94f0e965", event_number: 2172, stream_id: "019cca7f-79a7-7b90-938a-8ce15011f26b", stream_version: 1, causation_id: "d72ccd15-4b2a-488e-97ff-35721da3c29b", correlation_id: "e053c8f4-f9af-4815-b6f7-0a119251f0d0", event_type: "Elixir.Nexus.Treasury.Events.TransferInitiated", data: %Nexus.Treasury.Events.TransferInitiated{transfer_id: "019cca7f-79a7-7b90-938a-8ce15011f26b", org_id: "org_123", user_id: "user_456", from_currency: "EUR", to_currency: "USD", amount: "100", status: "authorized", bulk_payment_id: nil, recipient_data: nil, requested_at: "2026-03-07T22:51:17.800772Z"}, created_at: ~U[2026-03-07 22:51:17.837188Z], metadata: %{}}]
23:10:01.097 [debug] Nexus.Treasury.Projectors.VaultProjector received events: [%Commanded.EventStore.RecordedEvent{event_id: "d2c6ced2-6ec5-4298-b979-3d1d872610b7", event_number: 12176, stream_id: "85b77536-8822-4fa7-b5b0-996113e79f69", stream_version: 1, causation_id: "4253372d-5969-4f49-9a03-93b493320344", correlation_id: "25f2f874-101f-4548-ad97-b5e65a7201d3", event_type: "Elixir.Nexus.Treasury.Events.PolicyModeChanged", data: %Nexus.Treasury.Events.PolicyModeChanged{policy_id: "85b77536-8822-4fa7-b5b0-996113e79f69", org_id: "85b77536-8822-4fa7-b5b0-996113e79f69", mode: "strict", threshold: "50000", actor_email: "test@example.com", changed_at: "2026-03-20T23:09:55.686557Z"}, created_at: ~U[2026-03-20 23:09:55.687377Z], metadata: %{"causation_id" => "019d0d83-3466-75f9-a346-e95bbc077dad", "correlation_id" => "019d0d83-3466-75f9-a346-e95bbc077dad"}}]
23:10:01.097 [debug] Nexus.Treasury.ProcessManagers.TransferManager received 1 event(s)
23:10:01.097 [debug] Nexus.Treasury.Projectors.VaultProjector confirming receipt of event #12176 of events: [%Commanded.EventStore.RecordedEvent{event_id: "d2c6ced2-6ec5-4298-b979-3d1d872610b7", event_number: 12176, stream_id: "85b77536-8822-4fa7-b5b0-996113e79f69", stream_version: 1, causation_id: "4253372d-5969-4f49-9a03-93b493320344", correlation_id: "25f2f874-101f-4548-ad97-b5e65a7201d3", event_type: "Elixir.Nexus.Treasury.Events.PolicyModeChanged", data: %Nexus.Treasury.Events.PolicyModeChanged{policy_id: "85b77536-8822-4fa7-b5b0-996113e79f69", org_id: "85b77536-8822-4fa7-b5b0-996113e79f69", mode: "strict", threshold: "50000", actor_email: "test@example.com", changed_at: "2026-03-20T23:09:55.686557Z"}, created_at: ~U[2026-03-20 23:09:55.687377Z], metadata: %{"causation_id" => "019d0d83-3466-75f9-a346-e95bbc077dad", "correlation_id" => "019d0d83-3466-75f9-a346-e95bbc077dad"}}]
23:10:01.097 [debug] Nexus.Treasury.ProcessManagers.TransferManager is not interested in event 12142 ("019d0d83-3333-7e0f-879d-23b6655b3b70"@1)
23:10:01.097 [debug] Nexus.Treasury.ProcessManagers.TransferManager confirming receipt of event: 12142
23:10:01.097 [debug] QUERY OK db=0.0ms
begin []
23:10:01.097 [debug] Nexus.Treasury.Handlers.TransferExecutionHandler received events: [%Commanded.EventStore.RecordedEvent{event_id: "83385b02-4890-4a1d-84c1-5120b8983621", event_number: 12166, stream_id: "019d0d83-33b9-7d35-9fbb-a4ee2b0b8e73", stream_version: 1, causation_id: "47e32c06-42a2-44f7-825a-a6c65be41203", correlation_id: "c89e76db-f955-472f-b6c2-26f458dcbf5c", event_type: "Elixir.Nexus.ERP.Events.StatementUploaded", data: %Nexus.ERP.Events.StatementUploaded{statement_id: "019d0d83-33b9-7d35-9fbb-a4ee2b0b8e73", org_id: "019d0d83-33b1-7445-a1d7-a9f12e468947", filename: "test.csv", format: "csv", lines: [%{id: "019d0d83-33b9-7828-9dcc-96150fea0f74", status: "unmatched", date: "2024-02-25", metadata: %{}, currency: "GBP", ref: "REF-STMT-LINE-C", amount: "-500.0", narrative: "Manual upload test"}], uploaded_at: "2026-03-20T23:09:55.513421Z", content_hash: "5E5B73C26808E626BFB8CAAE92990F8A32415AEF68A32B54AAAF6C7C0727FFA0"}, created_at: ~U[2026-03-20 23:09:55.514326Z], metadata: %{"causation_id" => "019d0d83-33b9-7211-a4a2-3561cf17ccc6", "correlation_id" => "019d0d83-33b9-7211-a4a2-3561cf17ccc6"}}]
23:10:01.097 [debug] QUERY OK source="projection_versions" db=0.1ms
INSERT INTO "projection_versions" AS p0 ("projection_name","last_seen_event_number","inserted_at","updated_at") VALUES ($1,$2,$3,$4) ON CONFLICT ("projection_name") DO UPDATE SET "last_seen_event_number" = $5 WHERE ((p0."projection_name" = $6) AND (p0."last_seen_event_number" < $7)) ["Treasury.TransferProjector", 2172, ~N[2026-03-20 23:10:01.097592], ~N[2026-03-20 23:10:01.097592], 2172, "Treasury.TransferProjector", 2172]
23:10:01.097 [debug] Nexus.Treasury.Handlers.TransferExecutionHandler confirming receipt of event #12166 of events: [%Commanded.EventStore.RecordedEvent{event_id: "83385b02-4890-4a1d-84c1-5120b8983621", event_number: 12166, stream_id: "019d0d83-33b9-7d35-9fbb-a4ee2b0b8e73", stream_version: 1, causation_id: "47e32c06-42a2-44f7-825a-a6c65be41203", correlation_id: "c89e76db-f955-472f-b6c2-26f458dcbf5c", event_type: "Elixir.Nexus.ERP.Events.StatementUploaded", data: %Nexus.ERP.Events.StatementUploaded{statement_id: "019d0d83-33b9-7d35-9fbb-a4ee2b0b8e73", org_id: "019d0d83-33b1-7445-a1d7-a9f12e468947", filename: "test.csv", format: "csv", lines: [%{id: "019d0d83-33b9-7828-9dcc-96150fea0f74", status: "unmatched", date: "2024-02-25", metadata: %{}, currency: "GBP", ref: "REF-STMT-LINE-C", amount: "-500.0", narrative: "Manual upload test"}], uploaded_at: "2026-03-20T23:09:55.513421Z", content_hash: "5E5B73C26808E626BFB8CAAE92990F8A32415AEF68A32B54AAAF6C7C0727FFA0"}, created_at: ~U[2026-03-20 23:09:55.514326Z], metadata: %{"causation_id" => "019d0d83-33b9-7211-a4a2-3561cf17ccc6", "correlation_id" => "019d0d83-33b9-7211-a4a2-3561cf17ccc6"}}]
23:10:01.097 [debug] Nexus.Treasury.ProcessManagers.TransferManager received 1 event(s)
23:10:01.097 [debug] Nexus.Treasury.ProcessManagers.TransferManager is not interested in event 12143 ("019d0d83-333d-76ce-836c-73041cf54ed1"@1)
23:10:01.097 [debug] Nexus.Treasury.ProcessManagers.TransferManager confirming receipt of event: 12143
23:10:01.097 [debug] QUERY OK db=0.0ms
rollback []
23:10:01.098 [debug] Nexus.Treasury.Projectors.VaultProjector received events: [%Commanded.EventStore.RecordedEvent{event_id: "13cfed7d-501d-4cc4-826c-511ec17630b3", event_number: 12177, stream_id: "a60e67d1-9efc-4b8a-b0ae-124a566dca80", stream_version: 1, causation_id: "89916bb0-9744-43af-a051-c29bd0ffc65f", correlation_id: "5eba54cc-657e-4a36-b3f0-ee5cfa11c321", event_type: "Elixir.Nexus.Treasury.Events.PolicyModeChanged", data: %Nexus.Treasury.Events.PolicyModeChanged{policy_id: "a60e67d1-9efc-4b8a-b0ae-124a566dca80", org_id: "a60e67d1-9efc-4b8a-b0ae-124a566dca80", mode: "strict", threshold: "50000", actor_email: "test@example.com", changed_at: "2026-03-20T23:09:55.695464Z"}, created_at: ~U[2026-03-20 23:09:55.696275Z], metadata: %{"causation_id" => "019d0d83-346f-75de-94ad-3885aab3a7a1", "correlation_id" => "019d0d83-346f-75de-94ad-3885aab3a7a1"}}]
23:10:01.098 [debug] Nexus.Treasury.Projectors.VaultProjector confirming receipt of event #12177 of events: [%Commanded.EventStore.RecordedEvent{event_id: "13cfed7d-501d-4cc4-826c-511ec17630b3", event_number: 12177, stream_id: "a60e67d1-9efc-4b8a-b0ae-124a566dca80", stream_version: 1, causation_id: "89916bb0-9744-43af-a051-c29bd0ffc65f", correlation_id: "5eba54cc-657e-4a36-b3f0-ee5cfa11c321", event_type: "Elixir.Nexus.Treasury.Events.PolicyModeChanged", data: %Nexus.Treasury.Events.PolicyModeChanged{policy_id: "a60e67d1-9efc-4b8a-b0ae-124a566dca80", org_id: "a60e67d1-9efc-4b8a-b0ae-124a566dca80", mode: "strict", threshold: "50000", actor_email: "test@example.com", changed_at: "2026-03-20T23:09:55.695464Z"}, created_at: ~U[2026-03-20 23:09:55.696275Z], metadata: %{"causation_id" => "019d0d83-346f-75de-94ad-3885aab3a7a1", "correlation_id" => "019d0d83-346f-75de-94ad-3885aab3a7a1"}}]
23:10:01.098 [debug] Nexus.Treasury.Handlers.TransferExecutionHandler received events: [%Commanded.EventStore.RecordedEvent{event_id: "68c5db7e-f0bc-455c-97e4-6448b9605b99", event_number: 12167, stream_id: "019d0d83-33c1-783f-bd0d-de78e5878f3e", stream_version: 1, causation_id: "194d4c3a-482e-4d81-8d4b-ffa40bfd1e8e", correlation_id: "e5941345-ea54-4624-89b6-42587d0bc9a8", event_type: "Elixir.Nexus.Treasury.Events.TransactionReconciled", data: %Nexus.Treasury.Events.TransactionReconciled{org_id: "019d0d83-33b1-7445-a1d7-a9f12e468947", reconciliation_id: "019d0d83-33c1-783f-bd0d-de78e5878f3e", invoice_id: "019d0d83-33b3-7084-8025-8d448a5d88b8", statement_id: "019d0d83-33b9-7d35-9fbb-a4ee2b0b8e73", statement_line_id: "019d0d83-33b9-7828-9dcc-96150fea0f74", amount: "500.0", variance: nil, variance_reason: nil, actor_email: "system@nexus.ai", currency: "GBP", timestamp: "2026-03-20T23:09:55.521149Z"}, created_at: ~U[2026-03-20 23:09:55.521961Z], metadata: %{"causation_id" => "019d0d83-33c1-70fa-80de-8aa905172612", "correlation_id" => "019d0d83-33c1-70fa-80de-8aa905172612"}}]
23:10:01.098 [debug] Nexus.Treasury.ProcessManagers.TransferManager received 1 event(s)
23:10:01.098 [debug] Nexus.Treasury.ProcessManagers.TransferManager is not interested in event 12144 ("forecast-00000000-0000-0000-0000-000000000000"@124)
23:10:01.098 [debug] Nexus.Treasury.Handlers.TransferExecutionHandler confirming receipt of event #12167 of events: [%Commanded.EventStore.RecordedEvent{event_id: "68c5db7e-f0bc-455c-97e4-6448b9605b99", event_number: 12167, stream_id: "019d0d83-33c1-783f-bd0d-de78e5878f3e", stream_version: 1, causation_id: "194d4c3a-482e-4d81-8d4b-ffa40bfd1e8e", correlation_id: "e5941345-ea54-4624-89b6-42587d0bc9a8", event_type: "Elixir.Nexus.Treasury.Events.TransactionReconciled", data: %Nexus.Treasury.Events.TransactionReconciled{org_id: "019d0d83-33b1-7445-a1d7-a9f12e468947", reconciliation_id: "019d0d83-33c1-783f-bd0d-de78e5878f3e", invoice_id: "019d0d83-33b3-7084-8025-8d448a5d88b8", statement_id: "019d0d83-33b9-7d35-9fbb-a4ee2b0b8e73", statement_line_id: "019d0d83-33b9-7828-9dcc-96150fea0f74", amount: "500.0", variance: nil, variance_reason: nil, actor_email: "system@nexus.ai", currency: "GBP", timestamp: "2026-03-20T23:09:55.521149Z"}, created_at: ~U[2026-03-20 23:09:55.521961Z], metadata: %{"causation_id" => "019d0d83-33c1-70fa-80de-8aa905172612", "correlation_id" => "019d0d83-33c1-70fa-80de-8aa905172612"}}]
23:10:01.098 [debug] Nexus.Treasury.ProcessManagers.TransferManager confirming receipt of event: 12144
23:10:01.098 [debug] Nexus.Treasury.Projectors.VaultProjector received events: [%Commanded.EventStore.RecordedEvent{event_id: "f1497f3b-3d8d-438f-9f51-2a943694c1cd", event_number: 12178, stream_id: "a60e67d1-9efc-4b8a-b0ae-124a566dca80", stream_version: 2, causation_id: "d2df32fd-593b-400a-9cf3-ea1acea4efcf", correlation_id: "584b8ca7-2daa-425a-81dc-42ede35aab36", event_type: "Elixir.Nexus.Treasury.Events.PolicyModeChanged", data: %Nexus.Treasury.Events.PolicyModeChanged{policy_id: "a60e67d1-9efc-4b8a-b0ae-124a566dca80", org_id: "a60e67d1-9efc-4b8a-b0ae-124a566dca80", mode: "relaxed", threshold: "10000000", actor_email: "test@example.com", changed_at: "2026-03-20T23:09:55.699157Z"}, created_at: ~U[2026-03-20 23:09:55.699637Z], metadata: %{"causation_id" => "019d0d83-3473-7790-b9d5-1197b9901f6c", "correlation_id" => "019d0d83-3473-7790-b9d5-1197b9901f6c"}}]
23:10:01.098 [debug] Nexus.Treasury.Projectors.VaultProjector confirming receipt of event #12178 of events: [%Commanded.EventStore.RecordedEvent{event_id: "f1497f3b-3d8d-438f-9f51-2a943694c1cd", event_number: 12178, stream_id: "a60e67d1-9efc-4b8a-b0ae-124a566dca80", stream_version: 2, causation_id: "d2df32fd-593b-400a-9cf3-ea1acea4efcf", correlation_id: "584b8ca7-2daa-425a-81dc-42ede35aab36", event_type: "Elixir.Nexus.Treasury.Events.PolicyModeChanged", data: %Nexus.Treasury.Events.PolicyModeChanged{policy_id: "a60e67d1-9efc-4b8a-b0ae-124a566dca80", org_id: "a60e67d1-9efc-4b8a-b0ae-124a566dca80", mode: "relaxed", threshold: "10000000", actor_email: "test@example.com", changed_at: "2026-03-20T23:09:55.699157Z"}, created_at: ~U[2026-03-20 23:09:55.699637Z], metadata: %{"causation_id" => "019d0d83-3473-7790-b9d5-1197b9901f6c", "correlation_id" => "019d0d83-3473-7790-b9d5-1197b9901f6c"}}]
23:10:01.098 [debug] Nexus.Treasury.ProcessManagers.TransferManager received 1 event(s)
23:10:01.098 [debug] Nexus.Treasury.ProcessManagers.TransferManager is not interested in event 12145 ("019d0d83-334a-7010-9a06-ee36f50f7e07"@1)
23:10:01.098 [debug] Nexus.Treasury.ProcessManagers.TransferManager confirming receipt of event: 12145
23:10:01.098 [debug] Nexus.Treasury.Projectors.VaultProjector received events: [%Commanded.EventStore.RecordedEvent{event_id: "a29472d4-23b5-4c30-b07f-032e13e46c90", event_number: 12179, stream_id: "d4665739-af08-4980-9336-8c7e5b122c1d", stream_version: 1, causation_id: "02b9ca4b-d38d-4cd5-82b8-d91f444016e3", correlation_id: "74fd2503-bece-483b-af23-5a9a7107dfb5", event_type: "Elixir.Nexus.Treasury.Events.PolicyModeChanged", data: %Nexus.Treasury.Events.PolicyModeChanged{policy_id: "d4665739-af08-4980-9336-8c7e5b122c1d", org_id: "d4665739-af08-4980-9336-8c7e5b122c1d", mode: "strict", threshold: "50000", actor_email: "test@example.com", changed_at: "2026-03-20T23:09:55.706342Z"}, created_at: ~U[2026-03-20 23:09:55.707040Z], metadata: %{"causation_id" => "019d0d83-347a-7194-93a4-15fb403255c2", "correlation_id" => "019d0d83-347a-7194-93a4-15fb403255c2"}}]
23:10:01.098 [debug] Nexus.Treasury.Projectors.VaultProjector confirming receipt of event #12179 of events: [%Commanded.EventStore.RecordedEvent{event_id: "a29472d4-23b5-4c30-b07f-032e13e46c90", event_number: 12179, stream_id: "d4665739-af08-4980-9336-8c7e5b122c1d", stream_version: 1, causation_id: "02b9ca4b-d38d-4cd5-82b8-d91f444016e3", correlation_id: "74fd2503-bece-483b-af23-5a9a7107dfb5", event_type: "Elixir.Nexus.Treasury.Events.PolicyModeChanged", data: %Nexus.Treasury.Events.PolicyModeChanged{policy_id: "d4665739-af08-4980-9336-8c7e5b122c1d", org_id: "d4665739-af08-4980-9336-8c7e5b122c1d", mode: "strict", threshold: "50000", actor_email: "test@example.com", changed_at: "2026-03-20T23:09:55.706342Z"}, created_at: ~U[2026-03-20 23:09:55.707040Z], metadata: %{"causation_id" => "019d0d83-347a-7194-93a4-15fb403255c2", "correlation_id" => "019d0d83-347a-7194-93a4-15fb403255c2"}}]
23:10:01.098 [debug] Nexus.Treasury.Handlers.TransferExecutionHandler received events: [%Commanded.EventStore.RecordedEvent{event_id: "901b90ff-2b2b-4a9d-a869-299c80695fec", event_number: 12168, stream_id: "Treasury.ReconciliationManager-019d0d83-33b1-7445-a1d7-a9f12e468947", stream_version: 2, causation_id: nil, correlation_id: nil, event_type: "Elixir.Nexus.ERP.Events.StatementUploaded", data: %Nexus.ERP.Events.StatementUploaded{statement_id: "019d0d83-33b9-7d35-9fbb-a4ee2b0b8e73", org_id: "019d0d83-33b1-7445-a1d7-a9f12e468947", filename: "test.csv", format: "csv", lines: [%{id: "019d0d83-33b9-7828-9dcc-96150fea0f74", status: "unmatched", date: "2024-02-25", metadata: %{}, currency: "GBP", ref: "REF-STMT-LINE-C", amount: "-500.0", narrative: "Manual upload test"}], uploaded_at: "2026-03-20T23:09:55.513421Z", content_hash: "5E5B73C26808E626BFB8CAAE92990F8A32415AEF68A32B54AAAF6C7C0727FFA0"}, created_at: ~U[2026-03-20 23:09:55.527039Z], metadata: %{}}]
23:10:01.098 [debug] Nexus.Treasury.Handlers.TransferExecutionHandler confirming receipt of event #12168 of events: [%Commanded.EventStore.RecordedEvent{event_id: "901b90ff-2b2b-4a9d-a869-299c80695fec", event_number: 12168, stream_id: "Treasury.ReconciliationManager-019d0d83-33b1-7445-a1d7-a9f12e468947", stream_version: 2, causation_id: nil, correlation_id: nil, event_type: "Elixir.Nexus.ERP.Events.StatementUploaded", data: %Nexus.ERP.Events.StatementUploaded{statement_id: "019d0d83-33b9-7d35-9fbb-a4ee2b0b8e73", org_id: "019d0d83-33b1-7445-a1d7-a9f12e468947", filename: "test.csv", format: "csv", lines: [%{id: "019d0d83-33b9-7828-9dcc-96150fea0f74", status: "unmatched", date: "2024-02-25", metadata: %{}, currency: "GBP", ref: "REF-STMT-LINE-C", amount: "-500.0", narrative: "Manual upload test"}], uploaded_at: "2026-03-20T23:09:55.513421Z", content_hash: "5E5B73C26808E626BFB8CAAE92990F8A32415AEF68A32B54AAAF6C7C0727FFA0"}, created_at: ~U[2026-03-20 23:09:55.527039Z], metadata: %{}}]
23:10:01.098 [debug] Nexus.Treasury.ProcessManagers.TransferManager received 1 event(s)
23:10:01.098 [debug] Nexus.Treasury.ProcessManagers.TransferManager is not interested in event 12146 ("AutomatedTest.PM-019d0d83-3347-784a-a507-b3da919cb68c"@1)
23:10:01.098 [debug] Nexus.Treasury.ProcessManagers.TransferManager confirming receipt of event: 12146
23:10:01.099 [error] Nexus.Treasury.Projectors.TransferProjector failed to handle event:
%Commanded.EventStore.RecordedEvent{
  event_id: "62c6b71c-722f-4f2d-8755-429e94f0e965",
  event_number: 2172,
  stream_id: "019cca7f-79a7-7b90-938a-8ce15011f26b",
  stream_version: 1,
  causation_id: "d72ccd15-4b2a-488e-97ff-35721da3c29b",
  correlation_id: "e053c8f4-f9af-4815-b6f7-0a119251f0d0",
  event_type: "Elixir.Nexus.Treasury.Events.TransferInitiated",
  data: %Nexus.Treasury.Events.TransferInitiated{
    transfer_id: "019cca7f-79a7-7b90-938a-8ce15011f26b",
    org_id: "org_123",
    user_id: "user_456",
    from_currency: "EUR",
    to_currency: "USD",
    amount: "100",
    status: "authorized",
    bulk_payment_id: nil,
    recipient_data: nil,
    requested_at: "2026-03-07T22:51:17.800772Z"
  },
  created_at: ~U[2026-03-07 22:51:17.837188Z],
  metadata: %{}
}, due to:
** (Ecto.ChangeError) value `"user_456"` for `Nexus.Treasury.Projections.Transfer.user_id` in `insert` does not match type :binary_id
    (ecto 3.13.5) lib/ecto/repo/schema.ex:1301: Ecto.Repo.Schema.dump_field!/6
    (ecto 3.13.5) lib/ecto/repo/schema.ex:1310: anonymous fn/6 in Ecto.Repo.Schema.dump_fields!/5
    (stdlib 7.1) maps.erl:894: :maps.fold_1/4
    (ecto 3.13.5) lib/ecto/repo/schema.ex:1308: Ecto.Repo.Schema.dump_fields!/5
    (ecto 3.13.5) lib/ecto/repo/schema.ex:1240: Ecto.Repo.Schema.dump_changes!/7
    (ecto 3.13.5) lib/ecto/repo/schema.ex:476: anonymous fn/15 in Ecto.Repo.Schema.do_insert/4
    (ecto 3.13.5) lib/ecto/multi.ex:905: Ecto.Multi.apply_operation/5
    (elixir 1.19.5) lib/enum.ex:2520: Enum."-reduce/3-lists^foldl/2-0-"/3
    (ecto 3.13.5) lib/ecto/multi.ex:878: anonymous fn/5 in Ecto.Multi.apply_operations/5
    (ecto_sql 3.13.4) lib/ecto/adapters/sql.ex:1473: anonymous fn/3 in Ecto.Adapters.SQL.checkout_or_transaction/4
    (db_connection 2.9.0) lib/db_connection.ex:1747: DBConnection.run_transaction/4
    (ecto 3.13.5) lib/ecto/repo/transaction.ex:30: Ecto.Repo.Transaction.transact/4
    (nexus 0.1.0) deps/commanded_ecto_projections/lib/projections/ecto.ex:97: Nexus.Treasury.Projectors.TransferProjector.update_projection/3
    (commanded 1.4.9) lib/commanded/event/handler.ex:1221: Commanded.Event.Handler.delegate_event_to_handler/2
    (commanded 1.4.9) lib/commanded/event/handler.ex:1062: Commanded.Event.Handler.handle_event/3
    (elixir 1.19.5) lib/enum.ex:2520: Enum."-reduce/3-lists^foldl/2-0-"/3
    (commanded 1.4.9) lib/commanded/event/handler.ex:969: Commanded.Event.Handler.handle_info/2
    (stdlib 7.1) gen_server.erl:2434: :gen_server.try_handle_info/3
    (stdlib 7.1) gen_server.erl:2420: :gen_server.handle_msg/3
    (stdlib 7.1) proc_lib.erl:333: :proc_lib.init_p_do_apply/3

23:10:01.099 [warning] Nexus.Treasury.Projectors.TransferProjector has requested to stop: %Ecto.ChangeError{message: "value `\"user_456\"` for `Nexus.Treasury.Projections.Transfer.user_id` in `insert` does not match type :binary_id"}
23:10:01.099 [debug] Nexus.Treasury.Projectors.VaultProjector received events: [%Commanded.EventStore.RecordedEvent{event_id: "b1a29e63-2d40-4a30-bde9-3e0d2db55718", event_number: 12180, stream_id: "d4665739-af08-4980-9336-8c7e5b122c1d", stream_version: 2, causation_id: "41f5bf4e-9cd2-4141-8e5b-2808b54f9f7f", correlation_id: "3d3e5ce7-77ca-477a-8836-ae6ba9e89722", event_type: "Elixir.Nexus.Treasury.Events.TransferThresholdSet", data: %Nexus.Treasury.Events.TransferThresholdSet{policy_id: "d4665739-af08-4980-9336-8c7e5b122c1d", org_id: "d4665739-af08-4980-9336-8c7e5b122c1d", threshold: "50000", set_at: "2026-03-20T23:09:55.709821Z"}, created_at: ~U[2026-03-20 23:09:55.710423Z], metadata: %{"causation_id" => "019d0d83-347d-7c09-b67b-41bb29c06ed1", "correlation_id" => "019d0d83-347d-7c09-b67b-41bb29c06ed1"}}]
23:10:01.099 [debug] Nexus.Treasury.Projectors.TransferProjector is shutting down due to %Ecto.ChangeError{message: "value `\"user_456\"` for `Nexus.Treasury.Projections.Transfer.user_id` in `insert` does not match type :binary_id"}
23:10:01.099 [debug] Nexus.Treasury.Projectors.VaultProjector confirming receipt of event #12180 of events: [%Commanded.EventStore.RecordedEvent{event_id: "b1a29e63-2d40-4a30-bde9-3e0d2db55718", event_number: 12180, stream_id: "d4665739-af08-4980-9336-8c7e5b122c1d", stream_version: 2, causation_id: "41f5bf4e-9cd2-4141-8e5b-2808b54f9f7f", correlation_id: "3d3e5ce7-77ca-477a-8836-ae6ba9e89722", event_type: "Elixir.Nexus.Treasury.Events.TransferThresholdSet", data: %Nexus.Treasury.Events.TransferThresholdSet{policy_id: "d4665739-af08-4980-9336-8c7e5b122c1d", org_id: "d4665739-af08-4980-9336-8c7e5b122c1d", threshold: "50000", set_at: "2026-03-20T23:09:55.709821Z"}, created_at: ~U[2026-03-20 23:09:55.710423Z], metadata: %{"causation_id" => "019d0d83-347d-7c09-b67b-41bb29c06ed1", "correlation_id" => "019d0d83-347d-7c09-b67b-41bb29c06ed1"}}]
23:10:01.099 [debug] Nexus.Treasury.ProcessManagers.TransferManager received 1 event(s)
23:10:01.099 [debug] Nexus.Treasury.Handlers.TransferExecutionHandler received events: [%Commanded.EventStore.RecordedEvent{event_id: "044340fb-8582-4e74-9608-1fcbece292d6", event_number: 12169, stream_id: "Sub21922-EUR", stream_version: 1, causation_id: "d6d2f5f2-fc0e-4b05-b971-1183832765b6", correlation_id: "fd7003c4-f6c9-42df-bda3-36e6256323e7", event_type: "Elixir.Nexus.Treasury.Events.ExposureCalculated", data: %Nexus.Treasury.Events.ExposureCalculated{org_id: "00123e7d-6f4e-4db9-b199-06a4d5e0f9ab", subsidiary: "Sub21922", currency: "EUR", exposure_amount: "92233.91", timestamp: "2026-03-20T23:09:55.539421Z"}, created_at: ~U[2026-03-20 23:09:55.541490Z], metadata: %{"causation_id" => "019d0d83-33d3-7af8-9e82-24ffed7eca1a", "correlation_id" => "019d0d83-33d3-7af8-9e82-24ffed7eca1a"}}]
23:10:01.099 [debug] Nexus.Treasury.ProcessManagers.TransferManager is not interested in event 12147 ("019d0d83-3350-733d-8cb6-364d858e3be3"@1)
23:10:01.099 [debug] Nexus.Treasury.ProcessManagers.TransferManager confirming receipt of event: 12147
23:10:01.099 [debug] Nexus.Treasury.Handlers.TransferExecutionHandler confirming receipt of event #12169 of events: [%Commanded.EventStore.RecordedEvent{event_id: "044340fb-8582-4e74-9608-1fcbece292d6", event_number: 12169, stream_id: "Sub21922-EUR", stream_version: 1, causation_id: "d6d2f5f2-fc0e-4b05-b971-1183832765b6", correlation_id: "fd7003c4-f6c9-42df-bda3-36e6256323e7", event_type: "Elixir.Nexus.Treasury.Events.ExposureCalculated", data: %Nexus.Treasury.Events.ExposureCalculated{org_id: "00123e7d-6f4e-4db9-b199-06a4d5e0f9ab", subsidiary: "Sub21922", currency: "EUR", exposure_amount: "92233.91", timestamp: "2026-03-20T23:09:55.539421Z"}, created_at: ~U[2026-03-20 23:09:55.541490Z], metadata: %{"causation_id" => "019d0d83-33d3-7af8-9e82-24ffed7eca1a", "correlation_id" => "019d0d83-33d3-7af8-9e82-24ffed7eca1a"}}]
23:10:01.099 [error] GenServer {Nexus.App.LocalRegistry, {Nexus.App, Commanded.Event.Handler, "Treasury.TransferProjector"}} terminating
** (stop) %Ecto.ChangeError{message: "value `\"user_456\"` for `Nexus.Treasury.Projections.Transfer.user_id` in `insert` does not match type :binary_id"}
Last message: {:events, [%Commanded.EventStore.RecordedEvent{event_id: "62c6b71c-722f-4f2d-8755-429e94f0e965", event_number: 2172, stream_id: "019cca7f-79a7-7b90-938a-8ce15011f26b", stream_version: 1, causation_id: "d72ccd15-4b2a-488e-97ff-35721da3c29b", correlation_id: "e053c8f4-f9af-4815-b6f7-0a119251f0d0", event_type: "Elixir.Nexus.Treasury.Events.TransferInitiated", data: %Nexus.Treasury.Events.TransferInitiated{transfer_id: "019cca7f-79a7-7b90-938a-8ce15011f26b", org_id: "org_123", user_id: "user_456", from_currency: "EUR", to_currency: "USD", amount: "100", status: "authorized", bulk_payment_id: nil, recipient_data: nil, requested_at: "2026-03-07T22:51:17.800772Z"}, created_at: ~U[2026-03-07 22:51:17.837188Z], metadata: %{}}]}
State: %Commanded.Event.Handler{application: Nexus.App, consistency: :eventual, handler_callback: :event, handler_name: "Treasury.TransferProjector", handler_module: Nexus.Treasury.Projectors.TransferProjector, handler_state: nil, last_seen_event: nil, subscription: %Commanded.EventStore.Subscription{application: Nexus.App, backoff: {:backoff, 1000, 60000, 1000, :jitter, :undefined, :undefined}, concurrency: 1, partition_by: nil, subscribe_to: :all, subscribe_from: :origin, subscription_name: "Treasury.TransferProjector", subscription_opts: [], subscription_pid: #PID<0.2118.0>, subscription_ref: #Reference<0.504251661.3394502661.17358>}, subscribe_timer: nil}
23:10:01.099 [debug] Subscription "Treasury.TransferProjector"@"$all" subscriber #PID<0.2117.0> down due to: %Ecto.ChangeError{message: "value `\"user_456\"` for `Nexus.Treasury.Projections.Transfer.user_id` in `insert` does not match type :binary_id"}
23:10:01.099 [debug] Subscription "Treasury.TransferProjector"@"$all" has no subscribers, shutting down
23:10:01.099 [debug] Nexus.Treasury.Projectors.VaultProjector received events: [%Commanded.EventStore.RecordedEvent{event_id: "7162e2f0-1162-4ecc-b457-265b3af185b9", event_number: 12181, stream_id: "d4665739-af08-4980-9336-8c7e5b122c1d", stream_version: 3, causation_id: "897821d6-8c79-4c3a-8343-9d669dad4d40", correlation_id: "9ba8bb77-6dfa-4907-86ca-9ba4bdd06a84", event_type: "Elixir.Nexus.Treasury.Events.PolicyAlertTriggered", data: %Nexus.Treasury.Events.PolicyAlertTriggered{policy_id: "d4665739-af08-4980-9336-8c7e5b122c1d", org_id: "d4665739-af08-4980-9336-8c7e5b122c1d", currency_pair: "EUR/USD", exposure_amount: "60000", threshold: "50000", triggered_at: "2026-03-20T23:09:55.712712Z"}, created_at: ~U[2026-03-20 23:09:55.713351Z], metadata: %{"causation_id" => "019d0d83-3480-7dfe-a290-ca62330251a7", "correlation_id" => "019d0d83-3480-7dfe-a290-ca62330251a7"}}]
23:10:01.099 [error] GenServer {Nexus.EventStore.EventStore.Subscriptions.Registry, {"$all", "Treasury.TransferProjector"}} terminating
** (stop) %Ecto.ChangeError{message: "value `\"user_456\"` for `Nexus.Treasury.Projections.Transfer.user_id` in `insert` does not match type :binary_id"}
Last message: {:DOWN, #Reference<0.504251661.3394502662.14337>, :process, #PID<0.2117.0>, %Ecto.ChangeError{message: "value `\"user_456\"` for `Nexus.Treasury.Projections.Transfer.user_id` in `insert` does not match type :binary_id"}}
State: %EventStore.Subscriptions.Subscription{stream_uuid: "$all", subscription_name: "Treasury.TransferProjector", subscription: %EventStore.Subscriptions.SubscriptionFsm{state: :unsubscribed, data: %EventStore.Subscriptions.SubscriptionState{conn: Nexus.EventStore.Postgrex, event_store: Nexus.EventStore, serializer: Commanded.Serialization.JsonSerializer, schema: "event_store", stream_uuid: "$all", start_from: 0, subscription_name: "Treasury.TransferProjector", subscription_id: 712, selector: nil, mapper: &Commanded.EventStore.Adapters.EventStore.Mapper.from_recorded_event/1, max_size: 1000, partition_by: nil, query_timeout: 15000, lock_ref: #Reference<0.504251661.3394502657.208786>, last_received: 3171, last_sent: 2172, last_ack: 2171, queue_size: 1000, buffer_size: 1, checkpoint_after: 0, checkpoint_threshold: 1, checkpoint_timer_ref: nil, checkpoints_pending: 0, subscribers: %{}, partitions: %{nil: {[%EventStore.RecordedEvent{event_number: 3171, event_id: "8586578d-d056-4f8a-9ef5-e50055576e3d", stream_uuid: "ac7468f5-30d7-40c0-8616-11d90e0baaff", stream_version: 2, correlation_id: "39b30acd-48bc-46aa-95f6-dbca71341717", causation_id: "63e9af3a-68e5-4fcb-b1e2-45e01849c483", event_type: "Elixir.Nexus.Treasury.Events.PolicyAlertTriggered", data: %Nexus.Treasury.Events.PolicyAlertTriggered{policy_id: "ac7468f5-30d7-40c0-8616-11d90e0baaff", org_id: "ac7468f5-30d7-40c0-8616-11d90e0baaff", currency_pair: "EUR/USD", exposure_amount: "120000", threshold: "100000", triggered_at: "2026-03-11T11:11:50.245617Z"}, metadata: %{}, created_at: ~U[2026-03-11 11:11:50.246040Z]}, %EventStore.RecordedEvent{event_number: 3170, event_id: "d9b79299-4063-4885-b6d9-34698aedcb10", stream_uuid: "ac7468f5-30d7-40c0-8616-11d90e0baaff", stream_version: 1, correlation_id: "788f0b6b-0bfc-40f7-a9f1-8257a38dc3b3", causation_id: "5372e3c5-9d37-4049-b5ad-ea745c35f334", event_type: "Elixir.Nexus.Treasury.Events.TransferThresholdSet", data: %Nexus.Treasury.Events.TransferThresholdSet{policy_id: "ac7468f5-30d7-40c0-8616-11d90e0baaff", org_id: "ac7468f5-30d7-40c0-8616-11d90e0baaff", threshold: "100000", set_at: "2026-03-11T11:11:50.238725Z"}, metadata: %{}, created_at: ~U[2026-03-11 11:11:50.240394Z]}, %EventStore.RecordedEvent{event_number: 3169, event_id: "1921c76c-7123-46a0-829b-f758c37f1936", stream_uuid: "forecast-0bc9eb4f-96f1-4960-bbd1-8669f786883a", stream_version: 2, correlation_id: "6461481b-22c8-42f5-9321-fb6182c6c883", causation_id: "9495e45b-6570-4a67-8f67-a7628c22d6b5", event_type: "Elixir.Nexus.Treasury.Events.ForecastGenerated", data: %Nexus.Treasury.Events.ForecastGenerated{org_id: "0bc9eb4f-96f1-4960-bbd1-8669f786883a", currency: "EUR", horizon_days: 30, predictions: [%{date: "2026-03-03", predicted_amount: "110000.000000"}], generated_at: "2026-03-11T11:11:50.230730Z"}, metadata: %{}, created_at: ~U[2026-03-11 11:11:50.231171Z]}, %EventStore.RecordedEvent{event_number: 3168, event_id: "eb625212-2f0a-444d-8cce-9809554dfc41", stream_uuid: "forecast-0bc9eb4f-96f1-4960-bbd1-8669f786883a", stream_version: 1, correlation_id: "be901c27-d444-4708-ab95-a805d38476ef", causation_id: "b866081f-be26-453f-9b2f-ea1e9ec2d11a", event_type: "Elixir.Nexus.Treasury.Events.ForecastGenerated", data: %Nexus.Treasury.Events.ForecastGenerated{org_id: "0bc9eb4f-96f1-4960-bbd1-8669f786883a", currency: "EUR", horizon_days: 30, predictions: [%{date: "2026-03-03", predicted_amount: "100000.00"}], generated_at: "2026-03-11T11:11:50.227029Z"}, ...}, ...], ...}}, ...}}, ...}
23:10:01.099 [debug] Nexus.Treasury.Projectors.VaultProjector confirming receipt of event #12181 of events: [%Commanded.EventStore.RecordedEvent{event_id: "7162e2f0-1162-4ecc-b457-265b3af185b9", event_number: 12181, stream_id: "d4665739-af08-4980-9336-8c7e5b122c1d", stream_version: 3, causation_id: "897821d6-8c79-4c3a-8343-9d669dad4d40", correlation_id: "9ba8bb77-6dfa-4907-86ca-9ba4bdd06a84", event_type: "Elixir.Nexus.Treasury.Events.PolicyAlertTriggered", data: %Nexus.Treasury.Events.PolicyAlertTriggered{policy_id: "d4665739-af08-4980-9336-8c7e5b122c1d", org_id: "d4665739-af08-4980-9336-8c7e5b122c1d", currency_pair: "EUR/USD", exposure_amount: "60000", threshold: "50000", triggered_at: "2026-03-20T23:09:55.712712Z"}, created_at: ~U[2026-03-20 23:09:55.713351Z], metadata: %{"causation_id" => "019d0d83-3480-7dfe-a290-ca62330251a7", "correlation_id" => "019d0d83-3480-7dfe-a290-ca62330251a7"}}]
23:10:01.099 [debug] Nexus.Treasury.ProcessManagers.TransferManager received 1 event(s)
23:10:01.099 [debug] Nexus.Treasury.ProcessManagers.TransferManager is not interested in event 12148 ("019d0d83-3357-7ce5-a714-e3c62c3853fa"@1)
23:10:01.099 [debug] Nexus.Treasury.Handlers.TransferExecutionHandler received events: [%Commanded.EventStore.RecordedEvent{event_id: "3671a88a-1c2f-4c32-bf56-0402290cf418", event_number: 12170, stream_id: "Sub21059-EUR", stream_version: 1, causation_id: "f2aec4e6-0d11-4fed-a591-b895149cc8c6", correlation_id: "d720c612-0e13-4578-bae1-348b37ade278", event_type: "Elixir.Nexus.Treasury.Events.ExposureCalculated", data: %Nexus.Treasury.Events.ExposureCalculated{org_id: "22adc7fd-7c47-40fb-a771-c959aebbde07", subsidiary: "Sub21059", currency: "EUR", exposure_amount: "92233.91", timestamp: "2026-03-20T23:09:55.548212Z"}, created_at: ~U[2026-03-20 23:09:55.548962Z], metadata: %{"causation_id" => "019d0d83-33dc-7980-93b6-77d0feb8e721", "correlation_id" => "019d0d83-33dc-7980-93b6-77d0feb8e721"}}]
23:10:01.099 [debug] Nexus.Treasury.ProcessManagers.TransferManager confirming receipt of event: 12148
23:10:01.099 [debug] Nexus.Treasury.Projectors.TransferProjector is shutting down due to {%Ecto.ChangeError{message: "value `\"user_456\"` for `Nexus.Treasury.Projections.Transfer.user_id` in `insert` does not match type :binary_id"}, {GenServer, :call, [#PID<0.2118.0>, {:connect, #PID<0.2122.0>, [retry_interval: 60000, hibernate_after: 15000, partition_by: nil, concurrency_limit: 1, name: Nexus.EventStore, mapper: &Commanded.EventStore.Adapters.EventStore.Mapper.from_recorded_event/1, conn: Nexus.EventStore.Postgrex, event_store: Nexus.EventStore, query_timeout: 15000, schema: "event_store", serializer: Commanded.Serialization.JsonSerializer, stream_uuid: "$all", subscription_name: "Treasury.TransferProjector", start_from: 0]}, 5000]}}
23:10:01.099 [debug] Nexus.Treasury.Handlers.TransferExecutionHandler confirming receipt of event #12170 of events: [%Commanded.EventStore.RecordedEvent{event_id: "3671a88a-1c2f-4c32-bf56-0402290cf418", event_number: 12170, stream_id: "Sub21059-EUR", stream_version: 1, causation_id: "f2aec4e6-0d11-4fed-a591-b895149cc8c6", correlation_id: "d720c612-0e13-4578-bae1-348b37ade278", event_type: "Elixir.Nexus.Treasury.Events.ExposureCalculated", data: %Nexus.Treasury.Events.ExposureCalculated{org_id: "22adc7fd-7c47-40fb-a771-c959aebbde07", subsidiary: "Sub21059", currency: "EUR", exposure_amount: "92233.91", timestamp: "2026-03-20T23:09:55.548212Z"}, created_at: ~U[2026-03-20 23:09:55.548962Z], metadata: %{"causation_id" => "019d0d83-33dc-7980-93b6-77d0feb8e721", "correlation_id" => "019d0d83-33dc-7980-93b6-77d0feb8e721"}}]
23:10:01.100 [debug] Nexus.Treasury.Projectors.VaultProjector received events: [%Commanded.EventStore.RecordedEvent{event_id: "310f6002-fcfc-4ce0-b330-4bd5f7feb76c", event_number: 12182, stream_id: "e8c522c4-bad2-4477-82ed-7cfd30342662", stream_version: 1, causation_id: "c99ebb53-a923-433b-9ddf-60a01a947eb2", correlation_id: "c4930fff-2a88-49a6-8142-d43a6f9a6e3b", event_type: "Elixir.Nexus.Treasury.Events.PolicyModeChanged", data: %Nexus.Treasury.Events.PolicyModeChanged{policy_id: "e8c522c4-bad2-4477-82ed-7cfd30342662", org_id: "e8c522c4-bad2-4477-82ed-7cfd30342662", mode: "standard", threshold: "1000000", actor_email: "test@example.com", changed_at: "2026-03-20T23:09:55.718138Z"}, created_at: ~U[2026-03-20 23:09:55.719236Z], metadata: %{"causation_id" => "019d0d83-3486-71f5-a112-c123430bb836", "correlation_id" => "019d0d83-3486-71f5-a112-c123430bb836"}}]
23:10:01.100 [debug] Nexus.Treasury.Projectors.VaultProjector confirming receipt of event #12182 of events: [%Commanded.EventStore.RecordedEvent{event_id: "310f6002-fcfc-4ce0-b330-4bd5f7feb76c", event_number: 12182, stream_id: "e8c522c4-bad2-4477-82ed-7cfd30342662", stream_version: 1, causation_id: "c99ebb53-a923-433b-9ddf-60a01a947eb2", correlation_id: "c4930fff-2a88-49a6-8142-d43a6f9a6e3b", event_type: "Elixir.Nexus.Treasury.Events.PolicyModeChanged", data: %Nexus.Treasury.Events.PolicyModeChanged{policy_id: "e8c522c4-bad2-4477-82ed-7cfd30342662", org_id: "e8c522c4-bad2-4477-82ed-7cfd30342662", mode: "standard", threshold: "1000000", actor_email: "test@example.com", changed_at: "2026-03-20T23:09:55.718138Z"}, created_at: ~U[2026-03-20 23:09:55.719236Z], metadata: %{"causation_id" => "019d0d83-3486-71f5-a112-c123430bb836", "correlation_id" => "019d0d83-3486-71f5-a112-c123430bb836"}}]
23:10:01.100 [debug] Nexus.Treasury.Handlers.TransferExecutionHandler received events: [%Commanded.EventStore.RecordedEvent{event_id: "09323d64-1aef-43db-9391-53f0aac160ed", event_number: 12171, stream_id: "019d0d83-3437-7f1d-8c10-9284822a78f0", stream_version: 1, causation_id: "10091b3f-165d-456d-9208-b2a7be70027d", correlation_id: "19f9db2c-1433-48f1-9993-cf61ba75d3c9", event_type: "Elixir.Nexus.Payments.Events.BulkPaymentInitiated", data: %Nexus.Payments.Events.BulkPaymentInitiated{bulk_payment_id: "019d0d83-3437-7f1d-8c10-9284822a78f0", org_id: "019d0d83-3426-7dc3-9b64-d4590b96f25d", user_id: "019d0d83-3426-797d-ae26-5dbc2faef223", payments: [%{currency: "EUR", amount: "100.00", invoice_id: nil, recipient_name: "Target Vendor", recipient_account: "IBAN12345678"}], total_amount: "100.00", count: 1, initiated_at: "2026-03-20T23:09:55.639564Z"}, created_at: ~U[2026-03-20 23:09:55.640486Z], metadata: %{"causation_id" => "019d0d83-3437-7372-bade-5f2dd4b5ddd2", "correlation_id" => "019d0d83-3437-7372-bade-5f2dd4b5ddd2"}}]
23:10:01.100 [debug] Nexus.Treasury.ProcessManagers.TransferManager received 1 event(s)
23:10:01.100 [debug] Nexus.Treasury.ProcessManagers.TransferManager is not interested in event 12149 ("AutomatedTest.PM-019d0d83-3347-784a-a507-b3da919cb68c"@2)
23:10:01.100 [debug] Nexus.Treasury.ProcessManagers.TransferManager confirming receipt of event: 12149
23:10:01.100 [debug] Nexus.Treasury.Handlers.TransferExecutionHandler confirming receipt of event #12171 of events: [%Commanded.EventStore.RecordedEvent{event_id: "09323d64-1aef-43db-9391-53f0aac160ed", event_number: 12171, stream_id: "019d0d83-3437-7f1d-8c10-9284822a78f0", stream_version: 1, causation_id: "10091b3f-165d-456d-9208-b2a7be70027d", correlation_id: "19f9db2c-1433-48f1-9993-cf61ba75d3c9", event_type: "Elixir.Nexus.Payments.Events.BulkPaymentInitiated", data: %Nexus.Payments.Events.BulkPaymentInitiated{bulk_payment_id: "019d0d83-3437-7f1d-8c10-9284822a78f0", org_id: "019d0d83-3426-7dc3-9b64-d4590b96f25d", user_id: "019d0d83-3426-797d-ae26-5dbc2faef223", payments: [%{currency: "EUR", amount: "100.00", invoice_id: nil, recipient_name: "Target Vendor", recipient_account: "IBAN12345678"}], total_amount: "100.00", count: 1, initiated_at: "2026-03-20T23:09:55.639564Z"}, created_at: ~U[2026-03-20 23:09:55.640486Z], metadata: %{"causation_id" => "019d0d83-3437-7372-bade-5f2dd4b5ddd2", "correlation_id" => "019d0d83-3437-7372-bade-5f2dd4b5ddd2"}}]
23:10:01.099 [error] GenServer {Nexus.App.LocalRegistry, {Nexus.App, Commanded.Event.Handler, "Treasury.TransferProjector"}} terminating
** (stop) exited in: GenServer.call(#PID<0.2118.0>, {:connect, #PID<0.2122.0>, [retry_interval: 60000, hibernate_after: 15000, partition_by: nil, concurrency_limit: 1, name: Nexus.EventStore, mapper: &Commanded.EventStore.Adapters.EventStore.Mapper.from_recorded_event/1, conn: Nexus.EventStore.Postgrex, event_store: Nexus.EventStore, query_timeout: 15000, schema: "event_store", serializer: Commanded.Serialization.JsonSerializer, stream_uuid: "$all", subscription_name: "Treasury.TransferProjector", start_from: 0]}, 5000)
    ** (EXIT) %Ecto.ChangeError{message: "value `\"user_456\"` for `Nexus.Treasury.Projections.Transfer.user_id` in `insert` does not match type :binary_id"}
    (elixir 1.19.5) lib/gen_server.ex:1142: GenServer.call/3
    (commanded 1.4.9) lib/commanded/event_store.ex:289: anonymous fn/2 in Commanded.EventStore.span/3
    (telemetry 1.3.0) /Users/bernard/dev/nexus/deps/telemetry/src/telemetry.erl:324: :telemetry.span/3
    (commanded 1.4.9) lib/commanded/event_store/subscription.ex:58: Commanded.EventStore.Subscription.subscribe/2
    (commanded 1.4.9) lib/commanded/event/handler.ex:1024: Commanded.Event.Handler.subscribe_to_events/1
    (commanded 1.4.9) lib/commanded/event/handler.ex:887: Commanded.Event.Handler.handle_continue/2
    (stdlib 7.1) gen_server.erl:2424: :gen_server.try_handle_continue/3
    (stdlib 7.1) gen_server.erl:2291: :gen_server.loop/4
    (stdlib 7.1) proc_lib.erl:333: :proc_lib.init_p_do_apply/3
Last message: {:continue, :subscribe_to_events}
State: %Commanded.Event.Handler{application: Nexus.App, consistency: :eventual, handler_callback: :event, handler_name: "Treasury.TransferProjector", handler_module: Nexus.Treasury.Projectors.TransferProjector, handler_state: nil, last_seen_event: nil, subscription: %Commanded.EventStore.Subscription{application: Nexus.App, backoff: {:backoff, 1000, 60000, 1000, :jitter, :undefined, :undefined}, concurrency: 1, partition_by: nil, subscribe_to: :all, subscribe_from: :origin, subscription_name: "Treasury.TransferProjector", subscription_opts: [], subscription_pid: nil, subscription_ref: nil}, subscribe_timer: nil}
23:10:01.100 [debug] Nexus.Treasury.Projectors.VaultProjector received events: [%Commanded.EventStore.RecordedEvent{event_id: "af2f12cc-7843-48b7-a291-422b50836a62", event_number: 12183, stream_id: "e8c522c4-bad2-4477-82ed-7cfd30342662", stream_version: 2, causation_id: "40b544a4-6207-400c-8fd8-c75d07e3c73f", correlation_id: "7285a31a-13a5-4602-8d87-77d6c678f3a9", event_type: "Elixir.Nexus.Treasury.Events.PolicyModeChanged", data: %Nexus.Treasury.Events.PolicyModeChanged{policy_id: "e8c522c4-bad2-4477-82ed-7cfd30342662", org_id: "e8c522c4-bad2-4477-82ed-7cfd30342662", mode: "strict", threshold: "50000", actor_email: "test@example.com", changed_at: "2026-03-20T23:09:55.721960Z"}, created_at: ~U[2026-03-20 23:09:55.722393Z], metadata: %{"causation_id" => "019d0d83-3489-768d-904b-1387e827e620", "correlation_id" => "019d0d83-3489-768d-904b-1387e827e620"}}]
23:10:01.100 [debug] Nexus.Treasury.ProcessManagers.TransferManager received 1 event(s)
23:10:01.100 [debug] Nexus.Treasury.ProcessManagers.TransferManager is not interested in event 12150 ("019d0d83-3362-705e-be63-c529f13ea09c"@1)
23:10:01.100 [debug] Nexus.Treasury.ProcessManagers.TransferManager confirming receipt of event: 12150
23:10:01.100 [debug] Nexus.Treasury.Projectors.VaultProjector confirming receipt of event #12183 of events: [%Commanded.EventStore.RecordedEvent{event_id: "af2f12cc-7843-48b7-a291-422b50836a62", event_number: 12183, stream_id: "e8c522c4-bad2-4477-82ed-7cfd30342662", stream_version: 2, causation_id: "40b544a4-6207-400c-8fd8-c75d07e3c73f", correlation_id: "7285a31a-13a5-4602-8d87-77d6c678f3a9", event_type: "Elixir.Nexus.Treasury.Events.PolicyModeChanged", data: %Nexus.Treasury.Events.PolicyModeChanged{policy_id: "e8c522c4-bad2-4477-82ed-7cfd30342662", org_id: "e8c522c4-bad2-4477-82ed-7cfd30342662", mode: "strict", threshold: "50000", actor_email: "test@example.com", changed_at: "2026-03-20T23:09:55.721960Z"}, created_at: ~U[2026-03-20 23:09:55.722393Z], metadata: %{"causation_id" => "019d0d83-3489-768d-904b-1387e827e620", "correlation_id" => "019d0d83-3489-768d-904b-1387e827e620"}}]
23:10:01.100 [debug] Subscription "Treasury.TransferProjector"@"$all" attempting to connect subscriber #PID<0.2123.0>
23:10:01.100 [debug] Nexus.Treasury.Handlers.TransferExecutionHandler received events: [%Commanded.EventStore.RecordedEvent{event_id: "72c11c0e-943e-4ae9-af65-49046a84d9aa", event_number: 12172, stream_id: "forecast-77937af1-e867-47a5-b6c1-5dfa52915523", stream_version: 1, causation_id: "cc64b96c-7edc-405f-9c0b-9d918c010240", correlation_id: "87a97474-6b9f-45f7-be61-adb864037ecd", event_type: "Elixir.Nexus.Treasury.Events.ForecastGenerated", data: %Nexus.Treasury.Events.ForecastGenerated{org_id: "77937af1-e867-47a5-b6c1-5dfa52915523", currency: "EUR", horizon_days: 30, predictions: [%{date: "2026-03-03", predicted_amount: "-50000.00"}], generated_at: "2026-03-20T23:09:55.648785Z"}, created_at: ~U[2026-03-20 23:09:55.649524Z], metadata: %{"causation_id" => "019d0d83-3440-78bc-9bad-f160fe8fe0aa", "correlation_id" => "019d0d83-3440-78bc-9bad-f160fe8fe0aa"}}]
23:10:01.100 [debug] Nexus.Treasury.Handlers.TransferExecutionHandler confirming receipt of event #12172 of events: [%Commanded.EventStore.RecordedEvent{event_id: "72c11c0e-943e-4ae9-af65-49046a84d9aa", event_number: 12172, stream_id: "forecast-77937af1-e867-47a5-b6c1-5dfa52915523", stream_version: 1, causation_id: "cc64b96c-7edc-405f-9c0b-9d918c010240", correlation_id: "87a97474-6b9f-45f7-be61-adb864037ecd", event_type: "Elixir.Nexus.Treasury.Events.ForecastGenerated", data: %Nexus.Treasury.Events.ForecastGenerated{org_id: "77937af1-e867-47a5-b6c1-5dfa52915523", currency: "EUR", horizon_days: 30, predictions: [%{date: "2026-03-03", predicted_amount: "-50000.00"}], generated_at: "2026-03-20T23:09:55.648785Z"}, created_at: ~U[2026-03-20 23:09:55.649524Z], metadata: %{"causation_id" => "019d0d83-3440-78bc-9bad-f160fe8fe0aa", "correlation_id" => "019d0d83-3440-78bc-9bad-f160fe8fe0aa"}}]
23:10:01.100 [debug] Nexus.Treasury.ProcessManagers.TransferManager received 1 event(s)
23:10:01.100 [debug] Nexus.Treasury.ProcessManagers.TransferManager is not interested in event 12151 ("AutomatedTest.PM-019d0d83-3360-7aa2-bf98-48897ad9feec"@1)
23:10:01.100 [debug] Nexus.Treasury.ProcessManagers.TransferManager confirming receipt of event: 12151
23:10:01.101 [debug] Nexus.Treasury.Projectors.VaultProjector received events: [%Commanded.EventStore.RecordedEvent{event_id: "77054efe-a266-4b8c-81dd-b549d7cc3faa", event_number: 12184, stream_id: "019d0d83-3493-7ce2-97c8-66f3817e6884", stream_version: 1, causation_id: "13a6dd58-5748-41be-9ecc-5e245cfab43e", correlation_id: "3ae427fc-830d-472f-b90e-d9a3a21aa36b", event_type: "Elixir.Nexus.Identity.Events.UserRegistered", data: %Nexus.Identity.Events.UserRegistered{user_id: "019d0d83-3493-7ce2-97c8-66f3817e6884", org_id: "019d0d83-3493-712d-98e3-018541f56646", email: "test@example.com", role: "system_admin", cose_key: "Ym9vdHN0cmFwX2Nvc2Vfa2V5", credential_id: "Ym9vdHN0cmFwX2NyZWRlbnRpYWxfaWQ=", registered_at: "2026-03-20T23:09:55.731505Z", display_name: "Test User", status: "active"}, created_at: ~U[2026-03-20 23:09:55.734523Z], metadata: %{"causation_id" => "019d0d83-3493-7b93-8864-a0ea4ff24188", "correlation_id" => "019d0d83-3493-7b93-8864-a0ea4ff24188"}}]
23:10:01.101 [debug] Nexus.Treasury.Projectors.VaultProjector confirming receipt of event #12184 of events: [%Commanded.EventStore.RecordedEvent{event_id: "77054efe-a266-4b8c-81dd-b549d7cc3faa", event_number: 12184, stream_id: "019d0d83-3493-7ce2-97c8-66f3817e6884", stream_version: 1, causation_id: "13a6dd58-5748-41be-9ecc-5e245cfab43e", correlation_id: "3ae427fc-830d-472f-b90e-d9a3a21aa36b", event_type: "Elixir.Nexus.Identity.Events.UserRegistered", data: %Nexus.Identity.Events.UserRegistered{user_id: "019d0d83-3493-7ce2-97c8-66f3817e6884", org_id: "019d0d83-3493-712d-98e3-018541f56646", email: "test@example.com", role: "system_admin", cose_key: "Ym9vdHN0cmFwX2Nvc2Vfa2V5", credential_id: "Ym9vdHN0cmFwX2NyZWRlbnRpYWxfaWQ=", registered_at: "2026-03-20T23:09:55.731505Z", display_name: "Test User", status: "active"}, created_at: ~U[2026-03-20 23:09:55.734523Z], metadata: %{"causation_id" => "019d0d83-3493-7b93-8864-a0ea4ff24188", "correlation_id" => "019d0d83-3493-7b93-8864-a0ea4ff24188"}}]
23:10:01.101 [debug] Nexus.Treasury.Handlers.TransferExecutionHandler received events: [%Commanded.EventStore.RecordedEvent{event_id: "944bcb83-f76c-4b7e-9224-cda75a2e6b16", event_number: 12173, stream_id: "forecast-d47a1f2c-102b-4161-938b-9c5367129b14", stream_version: 1, causation_id: "e983ca39-7613-4e1d-90eb-9baeccac07a5", correlation_id: "a2aebb1b-39fa-40b0-9646-d8bc9a227452", event_type: "Elixir.Nexus.Treasury.Events.ForecastGenerated", data: %Nexus.Treasury.Events.ForecastGenerated{org_id: "d47a1f2c-102b-4161-938b-9c5367129b14", currency: "EUR", horizon_days: 30, predictions: [%{date: "2026-03-03", predicted_amount: "100000.00"}], generated_at: "2026-03-20T23:09:55.654148Z"}, created_at: ~U[2026-03-20 23:09:55.655064Z], metadata: %{"causation_id" => "019d0d83-3446-73c3-af82-eeb0bfa4ac5b", "correlation_id" => "019d0d83-3446-73c3-af82-eeb0bfa4ac5b"}}]
23:10:01.101 [debug] Nexus.Treasury.Handlers.TransferExecutionHandler confirming receipt of event #12173 of events: [%Commanded.EventStore.RecordedEvent{event_id: "944bcb83-f76c-4b7e-9224-cda75a2e6b16", event_number: 12173, stream_id: "forecast-d47a1f2c-102b-4161-938b-9c5367129b14", stream_version: 1, causation_id: "e983ca39-7613-4e1d-90eb-9baeccac07a5", correlation_id: "a2aebb1b-39fa-40b0-9646-d8bc9a227452", event_type: "Elixir.Nexus.Treasury.Events.ForecastGenerated", data: %Nexus.Treasury.Events.ForecastGenerated{org_id: "d47a1f2c-102b-4161-938b-9c5367129b14", currency: "EUR", horizon_days: 30, predictions: [%{date: "2026-03-03", predicted_amount: "100000.00"}], generated_at: "2026-03-20T23:09:55.654148Z"}, created_at: ~U[2026-03-20 23:09:55.655064Z], metadata: %{"causation_id" => "019d0d83-3446-73c3-af82-eeb0bfa4ac5b", "correlation_id" => "019d0d83-3446-73c3-af82-eeb0bfa4ac5b"}}]
23:10:01.101 [debug] Subscription "Treasury.TransferProjector"@"$all" catching-up
23:10:01.101 [debug] Nexus.Treasury.Projectors.TransferProjector has successfully subscribed to event store
23:10:01.101 [debug] Nexus.Treasury.ProcessManagers.TransferManager received 1 event(s)
23:10:01.101 [debug] Nexus.Treasury.ProcessManagers.TransferManager is not interested in event 12152 ("019d0d83-336b-7985-bf93-3efacda38013"@1)
23:10:01.101 [debug] Nexus.Treasury.ProcessManagers.TransferManager confirming receipt of event: 12152
23:10:01.101 [debug] Nexus.Treasury.Projectors.VaultProjector received events: [%Commanded.EventStore.RecordedEvent{event_id: "59a523e5-1314-4ac1-a09d-4ce0f93b4a2b", event_number: 12185, stream_id: "019d0d83-349c-7ff4-bff9-03527a54d2d4", stream_version: 1, causation_id: "a06c1bf3-2405-4961-b215-c2a05dcbfa76", correlation_id: "c50837e4-d9f3-43fb-a001-87284d20d00b", event_type: "Elixir.Nexus.Identity.Events.UserRegistered", data: %Nexus.Identity.Events.UserRegistered{user_id: "019d0d83-349c-7ff4-bff9-03527a54d2d4", org_id: "019d0d83-349c-778d-b7e5-f5fc442fc214", email: "test@example.com", role: "system_admin", cose_key: "Ym9vdHN0cmFwX2Nvc2Vfa2V5", credential_id: "Ym9vdHN0cmFwX2NyZWRlbnRpYWxfaWQ=", registered_at: "2026-03-20T23:09:55.740659Z", display_name: "Test User", status: "active"}, created_at: ~U[2026-03-20 23:09:55.742074Z], metadata: %{"causation_id" => "019d0d83-349c-7542-93cd-772f770db93d", "correlation_id" => "019d0d83-349c-7542-93cd-772f770db93d"}}]
23:10:01.101 [debug] Nexus.Treasury.Projectors.VaultProjector confirming receipt of event #12185 of events: [%Commanded.EventStore.RecordedEvent{event_id: "59a523e5-1314-4ac1-a09d-4ce0f93b4a2b", event_number: 12185, stream_id: "019d0d83-349c-7ff4-bff9-03527a54d2d4", stream_version: 1, causation_id: "a06c1bf3-2405-4961-b215-c2a05dcbfa76", correlation_id: "c50837e4-d9f3-43fb-a001-87284d20d00b", event_type: "Elixir.Nexus.Identity.Events.UserRegistered", data: %Nexus.Identity.Events.UserRegistered{user_id: "019d0d83-349c-7ff4-bff9-03527a54d2d4", org_id: "019d0d83-349c-778d-b7e5-f5fc442fc214", email: "test@example.com", role: "system_admin", cose_key: "Ym9vdHN0cmFwX2Nvc2Vfa2V5", credential_id: "Ym9vdHN0cmFwX2NyZWRlbnRpYWxfaWQ=", registered_at: "2026-03-20T23:09:55.740659Z", display_name: "Test User", status: "active"}, created_at: ~U[2026-03-20 23:09:55.742074Z], metadata: %{"causation_id" => "019d0d83-349c-7542-93cd-772f770db93d", "correlation_id" => "019d0d83-349c-7542-93cd-772f770db93d"}}]
23:10:01.101 [debug] Nexus.Treasury.Handlers.TransferExecutionHandler received events: [%Commanded.EventStore.RecordedEvent{event_id: "1c2e7e08-0f23-4ba2-b2fa-3596d22f87f8", event_number: 12174, stream_id: "forecast-d47a1f2c-102b-4161-938b-9c5367129b14", stream_version: 2, causation_id: "9ba01f6b-b197-4314-a5ca-6cebadf398ae", correlation_id: "178d7af1-6e1a-41b2-93c5-ba7e6a968fdb", event_type: "Elixir.Nexus.Treasury.Events.ForecastGenerated", data: %Nexus.Treasury.Events.ForecastGenerated{org_id: "d47a1f2c-102b-4161-938b-9c5367129b14", currency: "EUR", horizon_days: 30, predictions: [%{date: "2026-03-03", predicted_amount: "110000.000000"}], generated_at: "2026-03-20T23:09:55.657063Z"}, created_at: ~U[2026-03-20 23:09:55.657584Z], metadata: %{"causation_id" => "019d0d83-3449-7918-98d3-b65568b2fe8a", "correlation_id" => "019d0d83-3449-7918-98d3-b65568b2fe8a"}}]
23:10:01.101 [debug] Nexus.Treasury.Handlers.TransferExecutionHandler confirming receipt of event #12174 of events: [%Commanded.EventStore.RecordedEvent{event_id: "1c2e7e08-0f23-4ba2-b2fa-3596d22f87f8", event_number: 12174, stream_id: "forecast-d47a1f2c-102b-4161-938b-9c5367129b14", stream_version: 2, causation_id: "9ba01f6b-b197-4314-a5ca-6cebadf398ae", correlation_id: "178d7af1-6e1a-41b2-93c5-ba7e6a968fdb", event_type: "Elixir.Nexus.Treasury.Events.ForecastGenerated", data: %Nexus.Treasury.Events.ForecastGenerated{org_id: "d47a1f2c-102b-4161-938b-9c5367129b14", currency: "EUR", horizon_days: 30, predictions: [%{date: "2026-03-03", predicted_amount: "110000.000000"}], generated_at: "2026-03-20T23:09:55.657063Z"}, created_at: ~U[2026-03-20 23:09:55.657584Z], metadata: %{"causation_id" => "019d0d83-3449-7918-98d3-b65568b2fe8a", "correlation_id" => "019d0d83-3449-7918-98d3-b65568b2fe8a"}}]
23:10:01.101 [debug] Nexus.Treasury.ProcessManagers.TransferManager received 1 event(s)
23:10:01.101 [debug] Nexus.Treasury.ProcessManagers.TransferManager is not interested in event 12153 ("019d0d83-3370-7dbb-b7c9-d51f51d7dbca"@1)
..23:10:02.068 [debug] Nexus.Identity.Projectors.UserRegistrationProjector is shutting down due to {%Postgrex.Error{message: nil, postgres: %{code: :undefined_column, line: "3721", message: "column i0.id does not exist", position: "8", file: "parse_relation.c", unknown: "ERROR", severity: "ERROR", pg_code: "42703", routine: "errorMissingColumn"}, connection_id: 3148, query: "SELECT i0.\"id\", i0.\"user_id\", i0.\"org_id\", i0.\"locale\", i0.\"timezone\", i0.\"notifications_enabled\", i0.\"created_at\", i0.\"updated_at\" FROM \"identity_user_settings\" AS i0 WHERE (i0.\"id\" = $1)"}, {GenServer, :call, [#PID<0.2523.0>, {:connect, #PID<0.2527.0>, [retry_interval: 60000, hibernate_after: 15000, partition_by: nil, concurrency_limit: 1, name: Nexus.EventStore, mapper: &Commanded.EventStore.Adapters.EventStore.Mapper.from_recorded_event/1, conn: Nexus.EventStore.Postgrex, event_store: Nexus.EventStore, query_timeout: 15000, schema: "event_store", serializer: Commanded.Serialization.JsonSerializer, stream_uuid: "$all", subscription_name: "Identity.Projectors.UserRegistrationProjector", start_from: 0]}, 5000]}}
23:10:02.068 [error] GenServer {Nexus.App.LocalRegistry, {Nexus.App, Commanded.Event.Handler, "Treasury.TransferProjector"}} terminating
** (stop) exited in: GenServer.call(#PID<0.2526.0>, {:connect, #PID<0.2528.0>, [retry_interval: 60000, hibernate_after: 15000, partition_by: nil, concurrency_limit: 1, name: Nexus.EventStore, mapper: &Commanded.EventStore.Adapters.EventStore.Mapper.from_recorded_event/1, conn: Nexus.EventStore.Postgrex, event_store: Nexus.EventStore, query_timeout: 15000, schema: "event_store", serializer: Commanded.Serialization.JsonSerializer, stream_uuid: "$all", subscription_name: "Treasury.TransferProjector", start_from: 0]}, 5000)
    ** (EXIT) %Ecto.ChangeError{message: "value `\"user_456\"` for `Nexus.Treasury.Projections.Transfer.user_id` in `insert` does not match type :binary_id"}
    (elixir 1.19.5) lib/gen_server.ex:1142: GenServer.call/3
    (commanded 1.4.9) lib/commanded/event_store.ex:289: anonymous fn/2 in Commanded.EventStore.span/3
    (telemetry 1.3.0) /Users/bernard/dev/nexus/deps/telemetry/src/telemetry.erl:324: :telemetry.span/3
    (commanded 1.4.9) lib/commanded/event_store/subscription.ex:58: Commanded.EventStore.Subscription.subscribe/2
    (commanded 1.4.9) lib/commanded/event/handler.ex:1024: Commanded.Event.Handler.subscribe_to_events/1
    (commanded 1.4.9) lib/commanded/event/handler.ex:887: Commanded.Event.Handler.handle_continue/2
    (stdlib 7.1) gen_server.erl:2424: :gen_server.try_handle_continue/3
    (stdlib 7.1) gen_server.erl:2291: :gen_server.loop/4
    (stdlib 7.1) proc_lib.erl:333: :proc_lib.init_p_do_apply/3
Last message: {:continue, :subscribe_to_events}
State: %Commanded.Event.Handler{application: Nexus.App, consistency: :eventual, handler_callback: :event, handler_name: "Treasury.TransferProjector", handler_module: Nexus.Treasury.Projectors.TransferProjector, handler_state: nil, last_seen_event: nil, subscription: %Commanded.EventStore.Subscription{application: Nexus.App, backoff: {:backoff, 1000, 60000, 1000, :jitter, :undefined, :undefined}, concurrency: 1, partition_by: nil, subscribe_to: :all, subscribe_from: :origin, subscription_name: "Treasury.TransferProjector", subscription_opts: [], subscription_pid: nil, subscription_ref: nil}, subscribe_timer: nil}
23:10:02.068 [error] GenServer {Nexus.App.LocalRegistry, {Nexus.App, Commanded.Event.Handler, "Identity.Projectors.UserRegistrationProjector"}} terminating
** (stop) exited in: GenServer.call(#PID<0.2523.0>, {:connect, #PID<0.2527.0>, [retry_interval: 60000, hibernate_after: 15000, partition_by: nil, concurrency_limit: 1, name: Nexus.EventStore, mapper: &Commanded.EventStore.Adapters.EventStore.Mapper.from_recorded_event/1, conn: Nexus.EventStore.Postgrex, event_store: Nexus.EventStore, query_timeout: 15000, schema: "event_store", serializer: Commanded.Serialization.JsonSerializer, stream_uuid: "$all", subscription_name: "Identity.Projectors.UserRegistrationProjector", start_from: 0]}, 5000)
    ** (EXIT) %Postgrex.Error{message: nil, postgres: %{code: :undefined_column, line: "3721", message: "column i0.id does not exist", position: "8", file: "parse_relation.c", unknown: "ERROR", severity: "ERROR", pg_code: "42703", routine: "errorMissingColumn"}, connection_id: 3148, query: "SELECT i0.\"id\", i0.\"user_id\", i0.\"org_id\", i0.\"locale\", i0.\"timezone\", i0.\"notifications_enabled\", i0.\"created_at\", i0.\"updated_at\" FROM \"identity_user_settings\" AS i0 WHERE (i0.\"id\" = $1)"}
    (elixir 1.19.5) lib/gen_server.ex:1142: GenServer.call/3
    (commanded 1.4.9) lib/commanded/event_store.ex:289: anonymous fn/2 in Commanded.EventStore.span/3
    (telemetry 1.3.0) /Users/bernard/dev/nexus/deps/telemetry/src/telemetry.erl:324: :telemetry.span/3
    (commanded 1.4.9) lib/commanded/event_store/subscription.ex:58: Commanded.EventStore.Subscription.subscribe/2
    (commanded 1.4.9) lib/commanded/event/handler.ex:1024: Commanded.Event.Handler.subscribe_to_events/1
    (commanded 1.4.9) lib/commanded/event/handler.ex:887: Commanded.Event.Handler.handle_continue/2
    (stdlib 7.1) gen_server.erl:2424: :gen_server.try_handle_continue/3
    (stdlib 7.1) gen_server.erl:2291: :gen_server.loop/4
    (stdlib 7.1) proc_lib.erl:333: :proc_lib.init_p_do_apply/3
Last message: {:continue, :subscribe_to_events}
State: %Commanded.Event.Handler{application: Nexus.App, consistency: :strong, handler_callback: :event, handler_name: "Identity.Projectors.UserRegistrationProjector", handler_module: Nexus.Identity.Projectors.UserRegistrationProjector, handler_state: nil, last_seen_event: nil, subscription: %Commanded.EventStore.Subscription{application: Nexus.App, backoff: {:backoff, 1000, 60000, 1000, :jitter, :undefined, :undefined}, concurrency: 1, partition_by: nil, subscribe_to: :all, subscribe_from: :origin, subscription_name: "Identity.Projectors.UserRegistrationProjector", subscription_opts: [], subscription_pid: nil, subscription_ref: nil}, subscribe_timer: nil}
23:10:02.068 [debug] Subscription "Identity.Projectors.UserRegistrationProjector"@"$all" attempting to connect subscriber #PID<0.2529.0>
23:10:02.068 [debug] Subscription "Treasury.TransferProjector"@"$all" attempting to connect subscriber #PID<0.2530.0>
23:10:02.069 [debug] Subscription "Treasury.TransferProjector"@"$all" catching-up
23:10:02.069 [debug] Nexus.Treasury.Projectors.TransferProjector has successfully subscribed to event store
23:10:02.069 [debug] Subscription "Identity.Projectors.UserRegistrationProjector"@"$all" catching-up
23:10:02.069 [debug] Nexus.Identity.Projectors.UserRegistrationProjector has successfully subscribed to event store
23:10:02.079 [debug] Nexus.Treasury.Projectors.TransferProjector received events: [%Commanded.EventStore.RecordedEvent{event_id: "62c6b71c-722f-4f2d-8755-429e94f0e965", event_number: 2172, stream_id: "019cca7f-79a7-7b90-938a-8ce15011f26b", stream_version: 1, causation_id: "d72ccd15-4b2a-488e-97ff-35721da3c29b", correlation_id: "e053c8f4-f9af-4815-b6f7-0a119251f0d0", event_type: "Elixir.Nexus.Treasury.Events.TransferInitiated", data: %Nexus.Treasury.Events.TransferInitiated{transfer_id: "019cca7f-79a7-7b90-938a-8ce15011f26b", org_id: "org_123", user_id: "user_456", from_currency: "EUR", to_currency: "USD", amount: "100", status: "authorized", bulk_payment_id: nil, recipient_data: nil, requested_at: "2026-03-07T22:51:17.800772Z"}, created_at: ~U[2026-03-07 22:51:17.837188Z], metadata: %{}}]
23:10:02.080 [debug] QUERY OK db=0.1ms
begin []
23:10:02.080 [debug] QUERY OK source="projection_versions" db=0.1ms
INSERT INTO "projection_versions" AS p0 ("projection_name","last_seen_event_number","inserted_at","updated_at") VALUES ($1,$2,$3,$4) ON CONFLICT ("projection_name") DO UPDATE SET "last_seen_event_number" = $5 WHERE ((p0."projection_name" = $6) AND (p0."last_seen_event_number" < $7)) ["Treasury.TransferProjector", 2172, ~N[2026-03-20 23:10:02.080134], ~N[2026-03-20 23:10:02.080134], 2172, "Treasury.TransferProjector", 2172]
23:10:02.080 [debug] QUERY OK db=0.1ms
rollback []
23:10:02.081 [debug] Nexus.Identity.Projectors.UserRegistrationProjector received events: [%Commanded.EventStore.RecordedEvent{event_id: "282ec866-f518-44ed-95f6-7a535d6c3e25", event_number: 11262, stream_id: "019d0c26-0b00-74a0-bd6d-48329cf61a57", stream_version: 1, causation_id: "d64809a4-8402-4360-8536-99b7a0f860ca", correlation_id: "e0f4b4bb-483c-4914-aaaa-956d1587d67e", event_type: "Elixir.Nexus.Identity.Events.UserRegistered", data: %Nexus.Identity.Events.UserRegistered{user_id: "019d0c26-0b00-74a0-bd6d-48329cf61a57", org_id: "019d0c26-0b00-74a0-8884-24b7b734f296", email: "test@example.com", role: "system_admin", cose_key: "Ym9vdHN0cmFwX2Nvc2Vfa2V5", credential_id: "Ym9vdHN0cmFwX2NyZWRlbnRpYWxfaWQ=", registered_at: "2026-03-20T16:48:33.024173Z", display_name: "Test User", status: "active"}, created_at: ~U[2026-03-20 16:48:33.025211Z], metadata: %{"causation_id" => "019d0c26-0b00-71d0-a1d2-041f55e92cfc", "correlation_id" => "019d0c26-0b00-71d0-a1d2-041f55e92cfc"}}]
23:10:02.081 [error] Nexus.Treasury.Projectors.TransferProjector failed to handle event:
%Commanded.EventStore.RecordedEvent{
  event_id: "62c6b71c-722f-4f2d-8755-429e94f0e965",
  event_number: 2172,
  stream_id: "019cca7f-79a7-7b90-938a-8ce15011f26b",
  stream_version: 1,
  causation_id: "d72ccd15-4b2a-488e-97ff-35721da3c29b",
  correlation_id: "e053c8f4-f9af-4815-b6f7-0a119251f0d0",
  event_type: "Elixir.Nexus.Treasury.Events.TransferInitiated",
  data: %Nexus.Treasury.Events.TransferInitiated{
    transfer_id: "019cca7f-79a7-7b90-938a-8ce15011f26b",
    org_id: "org_123",
    user_id: "user_456",
    from_currency: "EUR",
    to_currency: "USD",
    amount: "100",
    status: "authorized",
    bulk_payment_id: nil,
    recipient_data: nil,
    requested_at: "2026-03-07T22:51:17.800772Z"
  },
  created_at: ~U[2026-03-07 22:51:17.837188Z],
  metadata: %{}
}, due to:
** (Ecto.ChangeError) value `"user_456"` for `Nexus.Treasury.Projections.Transfer.user_id` in `insert` does not match type :binary_id
    (ecto 3.13.5) lib/ecto/repo/schema.ex:1301: Ecto.Repo.Schema.dump_field!/6
    (ecto 3.13.5) lib/ecto/repo/schema.ex:1310: anonymous fn/6 in Ecto.Repo.Schema.dump_fields!/5
    (stdlib 7.1) maps.erl:894: :maps.fold_1/4
    (ecto 3.13.5) lib/ecto/repo/schema.ex:1308: Ecto.Repo.Schema.dump_fields!/5
    (ecto 3.13.5) lib/ecto/repo/schema.ex:1240: Ecto.Repo.Schema.dump_changes!/7
    (ecto 3.13.5) lib/ecto/repo/schema.ex:476: anonymous fn/15 in Ecto.Repo.Schema.do_insert/4
    (ecto 3.13.5) lib/ecto/multi.ex:905: Ecto.Multi.apply_operation/5
    (elixir 1.19.5) lib/enum.ex:2520: Enum."-reduce/3-lists^foldl/2-0-"/3
    (ecto 3.13.5) lib/ecto/multi.ex:878: anonymous fn/5 in Ecto.Multi.apply_operations/5
    (ecto_sql 3.13.4) lib/ecto/adapters/sql.ex:1473: anonymous fn/3 in Ecto.Adapters.SQL.checkout_or_transaction/4
    (db_connection 2.9.0) lib/db_connection.ex:1747: DBConnection.run_transaction/4
    (ecto 3.13.5) lib/ecto/repo/transaction.ex:30: Ecto.Repo.Transaction.transact/4
    (nexus 0.1.0) deps/commanded_ecto_projections/lib/projections/ecto.ex:97: Nexus.Treasury.Projectors.TransferProjector.update_projection/3
    (commanded 1.4.9) lib/commanded/event/handler.ex:1221: Commanded.Event.Handler.delegate_event_to_handler/2
    (commanded 1.4.9) lib/commanded/event/handler.ex:1062: Commanded.Event.Handler.handle_event/3
    (elixir 1.19.5) lib/enum.ex:2520: Enum."-reduce/3-lists^foldl/2-0-"/3
    (commanded 1.4.9) lib/commanded/event/handler.ex:969: Commanded.Event.Handler.handle_info/2
    (stdlib 7.1) gen_server.erl:2434: :gen_server.try_handle_info/3
    (stdlib 7.1) gen_server.erl:2420: :gen_server.handle_msg/3
    (stdlib 7.1) proc_lib.erl:333: :proc_lib.init_p_do_apply/3

23:10:02.081 [warning] Nexus.Treasury.Projectors.TransferProjector has requested to stop: %Ecto.ChangeError{message: "value `\"user_456\"` for `Nexus.Treasury.Projections.Transfer.user_id` in `insert` does not match type :binary_id"}
23:10:02.081 [debug] Nexus.Treasury.Projectors.TransferProjector is shutting down due to %Ecto.ChangeError{message: "value `\"user_456\"` for `Nexus.Treasury.Projections.Transfer.user_id` in `insert` does not match type :binary_id"}
23:10:02.081 [debug] QUERY OK db=0.0ms
begin []
23:10:02.081 [error] GenServer {Nexus.App.LocalRegistry, {Nexus.App, Commanded.Event.Handler, "Treasury.TransferProjector"}} terminating
** (stop) %Ecto.ChangeError{message: "value `\"user_456\"` for `Nexus.Treasury.Projections.Transfer.user_id` in `insert` does not match type :binary_id"}
Last message: {:events, [%Commanded.EventStore.RecordedEvent{event_id: "62c6b71c-722f-4f2d-8755-429e94f0e965", event_number: 2172, stream_id: "019cca7f-79a7-7b90-938a-8ce15011f26b", stream_version: 1, causation_id: "d72ccd15-4b2a-488e-97ff-35721da3c29b", correlation_id: "e053c8f4-f9af-4815-b6f7-0a119251f0d0", event_type: "Elixir.Nexus.Treasury.Events.TransferInitiated", data: %Nexus.Treasury.Events.TransferInitiated{transfer_id: "019cca7f-79a7-7b90-938a-8ce15011f26b", org_id: "org_123", user_id: "user_456", from_currency: "EUR", to_currency: "USD", amount: "100", status: "authorized", bulk_payment_id: nil, recipient_data: nil, requested_at: "2026-03-07T22:51:17.800772Z"}, created_at: ~U[2026-03-07 22:51:17.837188Z], metadata: %{}}]}
State: %Commanded.Event.Handler{application: Nexus.App, consistency: :eventual, handler_callback: :event, handler_name: "Treasury.TransferProjector", handler_module: Nexus.Treasury.Projectors.TransferProjector, handler_state: nil, last_seen_event: nil, subscription: %Commanded.EventStore.Subscription{application: Nexus.App, backoff: {:backoff, 1000, 60000, 1000, :jitter, :undefined, :undefined}, concurrency: 1, partition_by: nil, subscribe_to: :all, subscribe_from: :origin, subscription_name: "Treasury.TransferProjector", subscription_opts: [], subscription_pid: #PID<0.2532.0>, subscription_ref: #Reference<0.504251661.3394502659.60717>}, subscribe_timer: nil}
23:10:02.082 [debug] Subscription "Treasury.TransferProjector"@"$all" subscriber #PID<0.2530.0> down due to: %Ecto.ChangeError{message: "value `\"user_456\"` for `Nexus.Treasury.Projections.Transfer.user_id` in `insert` does not match type :binary_id"}
23:10:02.082 [debug] Subscription "Treasury.TransferProjector"@"$all" has no subscribers, shutting down
23:10:02.082 [debug] QUERY OK source="projection_versions" db=0.1ms
INSERT INTO "projection_versions" AS p0 ("projection_name","last_seen_event_number","inserted_at","updated_at") VALUES ($1,$2,$3,$4) ON CONFLICT ("projection_name") DO UPDATE SET "last_seen_event_number" = $5 WHERE ((p0."projection_name" = $6) AND (p0."last_seen_event_number" < $7)) ["Identity.Projectors.UserRegistrationProjector", 11262, ~N[2026-03-20 23:10:02.081986], ~N[2026-03-20 23:10:02.081986], 11262, "Identity.Projectors.UserRegistrationProjector", 11262]
23:10:02.082 [error] GenServer {Nexus.EventStore.EventStore.Subscriptions.Registry, {"$all", "Treasury.TransferProjector"}} terminating
** (stop) %Ecto.ChangeError{message: "value `\"user_456\"` for `Nexus.Treasury.Projections.Transfer.user_id` in `insert` does not match type :binary_id"}
Last message: {:DOWN, #Reference<0.504251661.3394502658.72949>, :process, #PID<0.2530.0>, %Ecto.ChangeError{message: "value `\"user_456\"` for `Nexus.Treasury.Projections.Transfer.user_id` in `insert` does not match type :binary_id"}}
State: %EventStore.Subscriptions.Subscription{stream_uuid: "$all", subscription_name: "Treasury.TransferProjector", subscription: %EventStore.Subscriptions.SubscriptionFsm{state: :unsubscribed, data: %EventStore.Subscriptions.SubscriptionState{conn: Nexus.EventStore.Postgrex, event_store: Nexus.EventStore, serializer: Commanded.Serialization.JsonSerializer, schema: "event_store", stream_uuid: "$all", start_from: 0, subscription_name: "Treasury.TransferProjector", subscription_id: 712, selector: nil, mapper: &Commanded.EventStore.Adapters.EventStore.Mapper.from_recorded_event/1, max_size: 1000, partition_by: nil, query_timeout: 15000, lock_ref: #Reference<0.504251661.3394502659.60711>, last_received: 3171, last_sent: 2172, last_ack: 2171, queue_size: 1000, buffer_size: 1, checkpoint_after: 0, checkpoint_threshold: 1, checkpoint_timer_ref: nil, checkpoints_pending: 0, subscribers: %{}, partitions: %{nil: {[%EventStore.RecordedEvent{event_number: 3171, event_id: "8586578d-d056-4f8a-9ef5-e50055576e3d", stream_uuid: "ac7468f5-30d7-40c0-8616-11d90e0baaff", stream_version: 2, correlation_id: "39b30acd-48bc-46aa-95f6-dbca71341717", causation_id: "63e9af3a-68e5-4fcb-b1e2-45e01849c483", event_type: "Elixir.Nexus.Treasury.Events.PolicyAlertTriggered", data: %Nexus.Treasury.Events.PolicyAlertTriggered{policy_id: "ac7468f5-30d7-40c0-8616-11d90e0baaff", org_id: "ac7468f5-30d7-40c0-8616-11d90e0baaff", currency_pair: "EUR/USD", exposure_amount: "120000", threshold: "100000", triggered_at: "2026-03-11T11:11:50.245617Z"}, metadata: %{}, created_at: ~U[2026-03-11 11:11:50.246040Z]}, %EventStore.RecordedEvent{event_number: 3170, event_id: "d9b79299-4063-4885-b6d9-34698aedcb10", stream_uuid: "ac7468f5-30d7-40c0-8616-11d90e0baaff", stream_version: 1, correlation_id: "788f0b6b-0bfc-40f7-a9f1-8257a38dc3b3", causation_id: "5372e3c5-9d37-4049-b5ad-ea745c35f334", event_type: "Elixir.Nexus.Treasury.Events.TransferThresholdSet", data: %Nexus.Treasury.Events.TransferThresholdSet{policy_id: "ac7468f5-30d7-40c0-8616-11d90e0baaff", org_id: "ac7468f5-30d7-40c0-8616-11d90e0baaff", threshold: "100000", set_at: "2026-03-11T11:11:50.238725Z"}, metadata: %{}, created_at: ~U[2026-03-11 11:11:50.240394Z]}, %EventStore.RecordedEvent{event_number: 3169, event_id: "1921c76c-7123-46a0-829b-f758c37f1936", stream_uuid: "forecast-0bc9eb4f-96f1-4960-bbd1-8669f786883a", stream_version: 2, correlation_id: "6461481b-22c8-42f5-9321-fb6182c6c883", causation_id: "9495e45b-6570-4a67-8f67-a7628c22d6b5", event_type: "Elixir.Nexus.Treasury.Events.ForecastGenerated", data: %Nexus.Treasury.Events.ForecastGenerated{org_id: "0bc9eb4f-96f1-4960-bbd1-8669f786883a", currency: "EUR", horizon_days: 30, predictions: [%{date: "2026-03-03", predicted_amount: "110000.000000"}], generated_at: "2026-03-11T11:11:50.230730Z"}, metadata: %{}, created_at: ~U[2026-03-11 11:11:50.231171Z]}, %EventStore.RecordedEvent{event_number: 3168, event_id: "eb625212-2f0a-444d-8cce-9809554dfc41", stream_uuid: "forecast-0bc9eb4f-96f1-4960-bbd1-8669f786883a", stream_version: 1, correlation_id: "be901c27-d444-4708-ab95-a805d38476ef", causation_id: "b866081f-be26-453f-9b2f-ea1e9ec2d11a", event_type: "Elixir.Nexus.Treasury.Events.ForecastGenerated", data: %Nexus.Treasury.Events.ForecastGenerated{org_id: "0bc9eb4f-96f1-4960-bbd1-8669f786883a", currency: "EUR", horizon_days: 30, predictions: [%{date: "2026-03-03", predicted_amount: "100000.00"}], generated_at: "2026-03-11T11:11:50.227029Z"}, ...}, ...], ...}}, ...}}, ...}
23:10:02.082 [debug] QUERY OK source="users" db=0.1ms
SELECT u0."id", u0."org_id", u0."email", u0."display_name", u0."status", u0."cose_key", u0."credential_id", u0."roles", u0."created_at", u0."updated_at" FROM "users" AS u0 WHERE (u0."id" = $1) ["019d0c26-0b00-74a0-bd6d-48329cf61a57"]
23:10:02.082 [debug] Nexus.Treasury.Projectors.TransferProjector is shutting down due to {%Ecto.ChangeError{message: "value `\"user_456\"` for `Nexus.Treasury.Projections.Transfer.user_id` in `insert` does not match type :binary_id"}, {GenServer, :call, [#PID<0.2532.0>, {:connect, #PID<0.2533.0>, [retry_interval: 60000, hibernate_after: 15000, partition_by: nil, concurrency_limit: 1, name: Nexus.EventStore, mapper: &Commanded.EventStore.Adapters.EventStore.Mapper.from_recorded_event/1, conn: Nexus.EventStore.Postgrex, event_store: Nexus.EventStore, query_timeout: 15000, schema: "event_store", serializer: Commanded.Serialization.JsonSerializer, stream_uuid: "$all", subscription_name: "Treasury.TransferProjector", start_from: 0]}, 5000]}}
23:10:02.082 [debug] QUERY OK source="users" db=0.1ms
SELECT u0."id", u0."org_id", u0."email", u0."display_name", u0."status", u0."cose_key", u0."credential_id", u0."roles", u0."created_at", u0."updated_at" FROM "users" AS u0 WHERE (u0."email" = $1) ["test@example.com"]
23:10:02.082 [debug] QUERY OK source="users" db=0.1ms
INSERT INTO "users" ("id","status","org_id","email","display_name","roles","cose_key","credential_id","created_at","updated_at") VALUES ($1,$2,$3,$4,$5,$6,$7,$8,$9,$10) ["019d0c26-0b00-74a0-bd6d-48329cf61a57", "active", "019d0c26-0b00-74a0-8884-24b7b734f296", "test@example.com", "Test User", ["system_admin"], "bootstrap_cose_key", "bootstrap_credential_id", ~U[2026-03-20 23:10:02.082689Z], ~U[2026-03-20 23:10:02.082689Z]]
23:10:02.083 [debug] QUERY ERROR source="identity_user_settings" db=0.0ms
SELECT i0."id", i0."user_id", i0."org_id", i0."locale", i0."timezone", i0."notifications_enabled", i0."created_at", i0."updated_at" FROM "identity_user_settings" AS i0 WHERE (i0."id" = $1) ["019d0c26-0b00-74a0-bd6d-48329cf61a57"]
23:10:02.082 [error] GenServer {Nexus.App.LocalRegistry, {Nexus.App, Commanded.Event.Handler, "Treasury.TransferProjector"}} terminating
** (stop) exited in: GenServer.call(#PID<0.2532.0>, {:connect, #PID<0.2533.0>, [retry_interval: 60000, hibernate_after: 15000, partition_by: nil, concurrency_limit: 1, name: Nexus.EventStore, mapper: &Commanded.EventStore.Adapters.EventStore.Mapper.from_recorded_event/1, conn: Nexus.EventStore.Postgrex, event_store: Nexus.EventStore, query_timeout: 15000, schema: "event_store", serializer: Commanded.Serialization.JsonSerializer, stream_uuid: "$all", subscription_name: "Treasury.TransferProjector", start_from: 0]}, 5000)
    ** (EXIT) %Ecto.ChangeError{message: "value `\"user_456\"` for `Nexus.Treasury.Projections.Transfer.user_id` in `insert` does not match type :binary_id"}
    (elixir 1.19.5) lib/gen_server.ex:1142: GenServer.call/3
    (commanded 1.4.9) lib/commanded/event_store.ex:289: anonymous fn/2 in Commanded.EventStore.span/3
    (telemetry 1.3.0) /Users/bernard/dev/nexus/deps/telemetry/src/telemetry.erl:324: :telemetry.span/3
    (commanded 1.4.9) lib/commanded/event_store/subscription.ex:58: Commanded.EventStore.Subscription.subscribe/2
    (commanded 1.4.9) lib/commanded/event/handler.ex:1024: Commanded.Event.Handler.subscribe_to_events/1
    (commanded 1.4.9) lib/commanded/event/handler.ex:887: Commanded.Event.Handler.handle_continue/2
    (stdlib 7.1) gen_server.erl:2424: :gen_server.try_handle_continue/3
    (stdlib 7.1) gen_server.erl:2291: :gen_server.loop/4
    (stdlib 7.1) proc_lib.erl:333: :proc_lib.init_p_do_apply/3
Last message: {:continue, :subscribe_to_events}
State: %Commanded.Event.Handler{application: Nexus.App, consistency: :eventual, handler_callback: :event, handler_name: "Treasury.TransferProjector", handler_module: Nexus.Treasury.Projectors.TransferProjector, handler_state: nil, last_seen_event: nil, subscription: %Commanded.EventStore.Subscription{application: Nexus.App, backoff: {:backoff, 1000, 60000, 1000, :jitter, :undefined, :undefined}, concurrency: 1, partition_by: nil, subscribe_to: :all, subscribe_from: :origin, subscription_name: "Treasury.TransferProjector", subscription_opts: [], subscription_pid: nil, subscription_ref: nil}, subscribe_timer: nil}
23:10:02.083 [debug] QUERY OK db=0.1ms
rollback []
23:10:02.083 [debug] Subscription "Treasury.TransferProjector"@"$all" attempting to connect subscriber #PID<0.2534.0>
23:10:02.083 [debug] QUERY OK source="treasury_vaults" db=0.1ms queue=0.7ms
SELECT t0."id", t0."org_id", t0."name", t0."bank_name", t0."account_number", t0."iban", t0."currency", t0."balance", t0."provider", t0."status", t0."daily_withdrawal_limit", t0."requires_multi_sig", t0."created_at", t0."updated_at" FROM "treasury_vaults" AS t0 WHERE (t0."id" = $1) ["019d0d83-4bc9-753a-80e6-2e4dca2c9c12"]
23:10:02.083 [info] 		[36mGiven [32mI have a "USD" vault with "500,000.00"
23:10:02.083 [debug] Locating aggregate process for `Nexus.Treasury.Aggregates.Vault` with UUID "019d0d83-4d63-7c0f-8998-bde5f58f823e"
23:10:02.083 [debug] Nexus.Treasury.Aggregates.Vault<019d0d83-4d63-7c0f-8998-bde5f58f823e@0> executing command: %Nexus.Treasury.Commands.RegisterVault{vault_id: "019d0d83-4d63-7c0f-8998-bde5f58f823e", org_id: "63dccc1e-056d-4801-b79b-e15c3a51c41c", name: "EUR Vault - 40282324-7b5a-4275-a8e9-09463a42360a", bank_name: "Test Bank", account_number: nil, iban: nil, currency: "EUR", provider: "mock", registered_at: ~U[2026-03-20 23:10:02.083503Z], daily_withdrawal_limit: Decimal.new("0.0"), requires_multi_sig: false}
23:10:02.083 [debug] Subscription "Treasury.TransferProjector"@"$all" catching-up
23:10:02.083 [debug] Nexus.Treasury.Projectors.TransferProjector has successfully subscribed to event store
23:10:02.084 [error] Nexus.Identity.Projectors.UserRegistrationProjector failed to handle event:
%Commanded.EventStore.RecordedEvent{
  event_id: "282ec866-f518-44ed-95f6-7a535d6c3e25",
  event_number: 11262,
  stream_id: "019d0c26-0b00-74a0-bd6d-48329cf61a57",
  stream_version: 1,
  causation_id: "d64809a4-8402-4360-8536-99b7a0f860ca",
  correlation_id: "e0f4b4bb-483c-4914-aaaa-956d1587d67e",
  event_type: "Elixir.Nexus.Identity.Events.UserRegistered",
  data: %Nexus.Identity.Events.UserRegistered{
    user_id: "019d0c26-0b00-74a0-bd6d-48329cf61a57",
    org_id: "019d0c26-0b00-74a0-8884-24b7b734f296",
    email: "test@example.com",
    role: "system_admin",
    cose_key: "Ym9vdHN0cmFwX2Nvc2Vfa2V5",
    credential_id: "Ym9vdHN0cmFwX2NyZWRlbnRpYWxfaWQ=",
    registered_at: "2026-03-20T16:48:33.024173Z",
    display_name: "Test User",
    status: "active"
  },
  created_at: ~U[2026-03-20 16:48:33.025211Z],
  metadata: %{
    "causation_id" => "019d0c26-0b00-71d0-a1d2-041f55e92cfc",
    "correlation_id" => "019d0c26-0b00-71d0-a1d2-041f55e92cfc"
  }
}, due to:
** (Postgrex.Error) ERROR 42703 (undefined_column) column i0.id does not exist

    query: SELECT i0."id", i0."user_id", i0."org_id", i0."locale", i0."timezone", i0."notifications_enabled", i0."created_at", i0."updated_at" FROM "identity_user_settings" AS i0 WHERE (i0."id" = $1)
    (ecto_sql 3.13.4) lib/ecto/adapters/sql.ex:1113: Ecto.Adapters.SQL.raise_sql_call_error/1
    (ecto_sql 3.13.4) lib/ecto/adapters/sql.ex:1011: Ecto.Adapters.SQL.execute/6
    (ecto 3.13.5) lib/ecto/repo/queryable.ex:241: Ecto.Repo.Queryable.execute/4
    (ecto 3.13.5) lib/ecto/repo/queryable.ex:19: Ecto.Repo.Queryable.all/3
    (ecto 3.13.5) lib/ecto/repo/queryable.ex:163: Ecto.Repo.Queryable.one/3
    (nexus 0.1.0) lib/nexus/identity/projectors/user_registration_projector.ex:53: anonymous fn/3 in Nexus.Identity.Projectors.UserRegistrationProjector.project_registration/3
    (ecto 3.13.5) lib/ecto/multi.ex:905: Ecto.Multi.apply_operation/5
    (elixir 1.19.5) lib/enum.ex:2520: Enum."-reduce/3-lists^foldl/2-0-"/3
    (ecto 3.13.5) lib/ecto/multi.ex:878: anonymous fn/5 in Ecto.Multi.apply_operations/5
    (ecto_sql 3.13.4) lib/ecto/adapters/sql.ex:1473: anonymous fn/3 in Ecto.Adapters.SQL.checkout_or_transaction/4
    (db_connection 2.9.0) lib/db_connection.ex:1747: DBConnection.run_transaction/4
    (ecto 3.13.5) lib/ecto/repo/transaction.ex:30: Ecto.Repo.Transaction.transact/4
    (nexus 0.1.0) deps/commanded_ecto_projections/lib/projections/ecto.ex:97: Nexus.Identity.Projectors.UserRegistrationProjector.update_projection/3
    (commanded 1.4.9) lib/commanded/event/handler.ex:1221: Commanded.Event.Handler.delegate_event_to_handler/2
    (commanded 1.4.9) lib/commanded/event/handler.ex:1062: Commanded.Event.Handler.handle_event/3
    (elixir 1.19.5) lib/enum.ex:2520: Enum."-reduce/3-lists^foldl/2-0-"/3
    (commanded 1.4.9) lib/commanded/event/handler.ex:969: Commanded.Event.Handler.handle_info/2
    (stdlib 7.1) gen_server.erl:2434: :gen_server.try_handle_info/3
    (stdlib 7.1) gen_server.erl:2420: :gen_server.handle_msg/3
    (stdlib 7.1) proc_lib.erl:333: :proc_lib.init_p_do_apply/3

23:10:02.084 [warning] Nexus.Identity.Projectors.UserRegistrationProjector has requested to stop: %Postgrex.Error{message: nil, postgres: %{code: :undefined_column, line: "3721", message: "column i0.id does not exist", position: "8", file: "parse_relation.c", unknown: "ERROR", severity: "ERROR", pg_code: "42703", routine: "errorMissingColumn"}, connection_id: 3148, query: "SELECT i0.\"id\", i0.\"user_id\", i0.\"org_id\", i0.\"locale\", i0.\"timezone\", i0.\"notifications_enabled\", i0.\"created_at\", i0.\"updated_at\" FROM \"identity_user_settings\" AS i0 WHERE (i0.\"id\" = $1)"}
23:10:02.084 [debug] Nexus.Identity.Projectors.UserRegistrationProjector is shutting down due to %Postgrex.Error{message: nil, postgres: %{code: :undefined_column, line: "3721", message: "column i0.id does not exist", position: "8", file: "parse_relation.c", unknown: "ERROR", severity: "ERROR", pg_code: "42703", routine: "errorMissingColumn"}, connection_id: 3148, query: "SELECT i0.\"id\", i0.\"user_id\", i0.\"org_id\", i0.\"locale\", i0.\"timezone\", i0.\"notifications_enabled\", i0.\"created_at\", i0.\"updated_at\" FROM \"identity_user_settings\" AS i0 WHERE (i0.\"id\" = $1)"}
23:10:02.084 [error] GenServer {Nexus.App.LocalRegistry, {Nexus.App, Commanded.Event.Handler, "Identity.Projectors.UserRegistrationProjector"}} terminating
** (stop) %Postgrex.Error{message: nil, postgres: %{code: :undefined_column, line: "3721", message: "column i0.id does not exist", position: "8", file: "parse_relation.c", unknown: "ERROR", severity: "ERROR", pg_code: "42703", routine: "errorMissingColumn"}, connection_id: 3148, query: "SELECT i0.\"id\", i0.\"user_id\", i0.\"org_id\", i0.\"locale\", i0.\"timezone\", i0.\"notifications_enabled\", i0.\"created_at\", i0.\"updated_at\" FROM \"identity_user_settings\" AS i0 WHERE (i0.\"id\" = $1)"}
Last message: {:events, [%Commanded.EventStore.RecordedEvent{event_id: "282ec866-f518-44ed-95f6-7a535d6c3e25", event_number: 11262, stream_id: "019d0c26-0b00-74a0-bd6d-48329cf61a57", stream_version: 1, causation_id: "d64809a4-8402-4360-8536-99b7a0f860ca", correlation_id: "e0f4b4bb-483c-4914-aaaa-956d1587d67e", event_type: "Elixir.Nexus.Identity.Events.UserRegistered", data: %Nexus.Identity.Events.UserRegistered{user_id: "019d0c26-0b00-74a0-bd6d-48329cf61a57", org_id: "019d0c26-0b00-74a0-8884-24b7b734f296", email: "test@example.com", role: "system_admin", cose_key: "Ym9vdHN0cmFwX2Nvc2Vfa2V5", credential_id: "Ym9vdHN0cmFwX2NyZWRlbnRpYWxfaWQ=", registered_at: "2026-03-20T16:48:33.024173Z", display_name: "Test User", status: "active"}, created_at: ~U[2026-03-20 16:48:33.025211Z], metadata: %{"causation_id" => "019d0c26-0b00-71d0-a1d2-041f55e92cfc", "correlation_id" => "019d0c26-0b00-71d0-a1d2-041f55e92cfc"}}]}
State: %Commanded.Event.Handler{application: Nexus.App, consistency: :strong, handler_callback: :event, handler_name: "Identity.Projectors.UserRegistrationProjector", handler_module: Nexus.Identity.Projectors.UserRegistrationProjector, handler_state: nil, last_seen_event: nil, subscription: %Commanded.EventStore.Subscription{application: Nexus.App, backoff: {:backoff, 1000, 60000, 1000, :jitter, :undefined, :undefined}, concurrency: 1, partition_by: nil, subscribe_to: :all, subscribe_from: :origin, subscription_name: "Identity.Projectors.UserRegistrationProjector", subscription_opts: [], subscription_pid: #PID<0.2531.0>, subscription_ref: #Reference<0.504251661.3394502660.23601>}, subscribe_timer: nil}
23:10:02.084 [debug] Subscription "Identity.Projectors.UserRegistrationProjector"@"$all" subscriber #PID<0.2529.0> down due to: %Postgrex.Error{message: nil, postgres: %{code: :undefined_column, line: "3721", message: "column i0.id does not exist", position: "8", file: "parse_relation.c", unknown: "ERROR", severity: "ERROR", pg_code: "42703", routine: "errorMissingColumn"}, connection_id: 3148, query: "SELECT i0.\"id\", i0.\"user_id\", i0.\"org_id\", i0.\"locale\", i0.\"timezone\", i0.\"notifications_enabled\", i0.\"created_at\", i0.\"updated_at\" FROM \"identity_user_settings\" AS i0 WHERE (i0.\"id\" = $1)"}
23:10:02.084 [debug] Subscription "Identity.Projectors.UserRegistrationProjector"@"$all" has no subscribers, shutting down
23:10:02.084 [error] GenServer {Nexus.EventStore.EventStore.Subscriptions.Registry, {"$all", "Identity.Projectors.UserRegistrationProjector"}} terminating
** (stop) %Postgrex.Error{message: nil, postgres: %{code: :undefined_column, line: "3721", message: "column i0.id does not exist", position: "8", file: "parse_relation.c", unknown: "ERROR", severity: "ERROR", pg_code: "42703", routine: "errorMissingColumn"}, connection_id: 3148, query: "SELECT i0.\"id\", i0.\"user_id\", i0.\"org_id\", i0.\"locale\", i0.\"timezone\", i0.\"notifications_enabled\", i0.\"created_at\", i0.\"updated_at\" FROM \"identity_user_settings\" AS i0 WHERE (i0.\"id\" = $1)"}
Last message: {:DOWN, #Reference<0.504251661.3394502660.23596>, :process, #PID<0.2529.0>, %Postgrex.Error{message: nil, postgres: %{code: :undefined_column, line: "3721", message: "column i0.id does not exist", position: "8", file: "parse_relation.c", unknown: "ERROR", severity: "ERROR", pg_code: "42703", routine: "errorMissingColumn"}, connection_id: 3148, query: "SELECT i0.\"id\", i0.\"user_id\", i0.\"org_id\", i0.\"locale\", i0.\"timezone\", i0.\"notifications_enabled\", i0.\"created_at\", i0.\"updated_at\" FROM \"identity_user_settings\" AS i0 WHERE (i0.\"id\" = $1)"}}
State: %EventStore.Subscriptions.Subscription{stream_uuid: "$all", subscription_name: "Identity.Projectors.UserRegistrationProjector", subscription: %EventStore.Subscriptions.SubscriptionFsm{state: :unsubscribed, data: %EventStore.Subscriptions.SubscriptionState{conn: Nexus.EventStore.Postgrex, event_store: Nexus.EventStore, serializer: Commanded.Serialization.JsonSerializer, schema: "event_store", stream_uuid: "$all", start_from: 0, subscription_name: "Identity.Projectors.UserRegistrationProjector", subscription_id: 405, selector: nil, mapper: &Commanded.EventStore.Adapters.EventStore.Mapper.from_recorded_event/1, max_size: 1000, partition_by: nil, query_timeout: 15000, lock_ref: #Reference<0.504251661.3394502657.217118>, last_received: 12219, last_sent: 11262, last_ack: 11261, queue_size: 958, buffer_size: 1, checkpoint_after: 0, checkpoint_threshold: 1, checkpoint_timer_ref: nil, checkpoints_pending: 0, subscribers: %{}, partitions: %{nil: {[%EventStore.RecordedEvent{event_number: 12219, event_id: "09cf4bb5-cfed-4bfe-ae79-8ef871e6e166", stream_uuid: "019d0d83-4bc9-753a-80e6-2e4dca2c9c12", stream_version: 2, correlation_id: "8dcacd27-1027-44b0-a211-bb6a90fd3388", causation_id: "421e58bf-9a8c-4a90-b20a-e4234c00f2cc", event_type: "Elixir.Nexus.Treasury.Events.VaultBalanceSynced", data: %Nexus.Treasury.Events.VaultBalanceSynced{vault_id: "019d0d83-4bc9-753a-80e6-2e4dca2c9c12", org_id: "63dccc1e-056d-4801-b79b-e15c3a51c41c", amount: "500000.00", currency: "USD", synced_at: "2026-03-20T23:10:01.878699Z"}, metadata: %{"causation_id" => "019d0d83-4c96-7dfe-a58b-296d1cd6be89", "correlation_id" => "019d0d83-4c96-7dfe-a58b-296d1cd6be89"}, created_at: ~U[2026-03-20 23:10:01.879170Z]}, %EventStore.RecordedEvent{event_number: 12218, event_id: "9932df8b-18c6-4e36-b5e7-495fc0cc9d0d", stream_uuid: "019d0d83-4bc9-753a-80e6-2e4dca2c9c12", stream_version: 1, correlation_id: "f3ebc19f-f707-46c1-84ec-0edb1b2a053b", causation_id: "61db3cd8-c1cd-4645-97c1-c75b096edc34", event_type: "Elixir.Nexus.Treasury.Events.VaultRegistered", data: %Nexus.Treasury.Events.VaultRegistered{vault_id: "019d0d83-4bc9-753a-80e6-2e4dca2c9c12", org_id: "63dccc1e-056d-4801-b79b-e15c3a51c41c", name: "USD Vault - d16f182d-8771-4765-af35-8a77236fc170", bank_name: "Test Bank", account_number: nil, iban: nil, currency: "USD", provider: "mock", registered_at: "2026-03-20T23:10:01.673695Z", daily_withdrawal_limit: "0.0", requires_multi_sig: false}, metadata: %{"causation_id" => "019d0d83-4bc9-73e0-af57-7d94a03c6d5a", "correlation_id" => "019d0d83-4bc9-73e0-af57-7d94a03c6d5a"}, created_at: ~U[2026-03-20 23:10:01.674570Z]}, %EventStore.RecordedEvent{event_number: 12217, event_id: "7f993313-8d68-40d4-87e1-0192435a403c", stream_uuid: "df22de42-3573-4427-b134-6e7dd6b5439f", stream_version: 1, correlation_id: "a5d4d7c8-daf4-43c3-8848-d7d5684dd070", causation_id: "28be10fb-f48e-415c-a9c0-aa99c831999e", event_type: "Elixir.Nexus.Identity.Events.UserRegistered", data: %Nexus.Identity.Events.UserRegistered{user_id: "df22de42-3573-4427-b134-6e7dd6b5439f", org_id: "63dccc1e-056d-4801-b79b-e15c3a51c41c", email: "treasurer-0864f332-239d-4aa9-9f58-f9c8d6711d75@nexus.financial", role: "treasurer", cose_key: "bW9jaw==", credential_id: "bW9jaw==", registered_at: "2026-03-20T23:10:01.670645Z", display_name: "Test Treasurer", status: "active"}, metadata: %{"causation_id" => "019d0d83-4bc6-7f6c-96ac-e20d266cd6dd", "correlation_id" => "019d0d83-4bc6-7f6c-96ac-e20d266cd6dd"}, created_at: ~U[2026-03-20 23:10:01.671751Z]}, %EventStore.RecordedEvent{event_number: 12216, event_id: "44f5b7e5-58d7-4442-b72f-9a9b613d9bca", stream_uuid: "019d0d83-4a29-742f-b0f2-2762f369d994", ...}, ...], ...}}, ...}}, ...}
23:10:02.085 [debug] Nexus.Identity.Projectors.UserRegistrationProjector is shutting down due to {%Postgrex.Error{message: nil, postgres: %{code: :undefined_column, line: "3721", message: "column i0.id does not exist", position: "8", file: "parse_relation.c", unknown: "ERROR", severity: "ERROR", pg_code: "42703", routine: "errorMissingColumn"}, connection_id: 3148, query: "SELECT i0.\"id\", i0.\"user_id\", i0.\"org_id\", i0.\"locale\", i0.\"timezone\", i0.\"notifications_enabled\", i0.\"created_at\", i0.\"updated_at\" FROM \"identity_user_settings\" AS i0 WHERE (i0.\"id\" = $1)"}, {GenServer, :call, [#PID<0.2531.0>, {:connect, #PID<0.2538.0>, [retry_interval: 60000, hibernate_after: 15000, partition_by: nil, concurrency_limit: 1, name: Nexus.EventStore, mapper: &Commanded.EventStore.Adapters.EventStore.Mapper.from_recorded_event/1, conn: Nexus.EventStore.Postgrex, event_store: Nexus.EventStore, query_timeout: 15000, schema: "event_store", serializer: Commanded.Serialization.JsonSerializer, stream_uuid: "$all", subscription_name: "Identity.Projectors.UserRegistrationProjector", start_from: 0]}, 5000]}}
23:10:02.085 [debug] Listener received notification on channel "event_store.events" with payload: "019d0d83-4d63-7c0f-8998-bde5f58f823e,8634,1,1"
23:10:02.085 [debug] Listener received notification on channel "event_store.events" with payload: "$all,0,12220,12220"
23:10:02.085 [debug] Appended 1 event(s) to stream "019d0d83-4d63-7c0f-8998-bde5f58f823e"
23:10:02.085 [debug] QUERY OK source="treasury_vaults" db=0.1ms
SELECT t0."id", t0."org_id", t0."name", t0."bank_name", t0."account_number", t0."iban", t0."currency", t0."balance", t0."provider", t0."status", t0."daily_withdrawal_limit", t0."requires_multi_sig", t0."created_at", t0."updated_at" FROM "treasury_vaults" AS t0 WHERE ((t0."name" = $1) AND (t0."org_id" = $2)) ["EUR Vault - 40282324-7b5a-4275-a8e9-09463a42360a", "63dccc1e-056d-4801-b79b-e15c3a51c41c"]
23:10:02.085 [error] GenServer {Nexus.App.LocalRegistry, {Nexus.App, Commanded.Event.Handler, "Identity.Projectors.UserRegistrationProjector"}} terminating
** (stop) exited in: GenServer.call(#PID<0.2531.0>, {:connect, #PID<0.2538.0>, [retry_interval: 60000, hibernate_after: 15000, partition_by: nil, concurrency_limit: 1, name: Nexus.EventStore, mapper: &Commanded.EventStore.Adapters.EventStore.Mapper.from_recorded_event/1, conn: Nexus.EventStore.Postgrex, event_store: Nexus.EventStore, query_timeout: 15000, schema: "event_store", serializer: Commanded.Serialization.JsonSerializer, stream_uuid: "$all", subscription_name: "Identity.Projectors.UserRegistrationProjector", start_from: 0]}, 5000)
    ** (EXIT) %Postgrex.Error{message: nil, postgres: %{code: :undefined_column, line: "3721", message: "column i0.id does not exist", position: "8", file: "parse_relation.c", unknown: "ERROR", severity: "ERROR", pg_code: "42703", routine: "errorMissingColumn"}, connection_id: 3148, query: "SELECT i0.\"id\", i0.\"user_id\", i0.\"org_id\", i0.\"locale\", i0.\"timezone\", i0.\"notifications_enabled\", i0.\"created_at\", i0.\"updated_at\" FROM \"identity_user_settings\" AS i0 WHERE (i0.\"id\" = $1)"}
    (elixir 1.19.5) lib/gen_server.ex:1142: GenServer.call/3
    (commanded 1.4.9) lib/commanded/event_store.ex:289: anonymous fn/2 in Commanded.EventStore.span/3
    (telemetry 1.3.0) /Users/bernard/dev/nexus/deps/telemetry/src/telemetry.erl:324: :telemetry.span/3
    (commanded 1.4.9) lib/commanded/event_store/subscription.ex:58: Commanded.EventStore.Subscription.subscribe/2
    (commanded 1.4.9) lib/commanded/event/handler.ex:1024: Commanded.Event.Handler.subscribe_to_events/1
    (commanded 1.4.9) lib/commanded/event/handler.ex:887: Commanded.Event.Handler.handle_continue/2
    (stdlib 7.1) gen_server.erl:2424: :gen_server.try_handle_continue/3
    (stdlib 7.1) gen_server.erl:2291: :gen_server.loop/4
    (stdlib 7.1) proc_lib.erl:333: :proc_lib.init_p_do_apply/3
Last message: {:continue, :subscribe_to_events}
State: %Commanded.Event.Handler{application: Nexus.App, consistency: :strong, handler_callback: :event, handler_name: "Identity.Projectors.UserRegistrationProjector", handler_module: Nexus.Identity.Projectors.UserRegistrationProjector, handler_state: nil, last_seen_event: nil, subscription: %Commanded.EventStore.Subscription{application: Nexus.App, backoff: {:backoff, 1000, 60000, 1000, :jitter, :undefined, :undefined}, concurrency: 1, partition_by: nil, subscribe_to: :all, subscribe_from: :origin, subscription_name: "Identity.Projectors.UserRegistrationProjector", subscription_opts: [], subscription_pid: nil, subscription_ref: nil}, subscribe_timer: nil}
23:10:02.086 [debug] Nexus.Treasury.Aggregates.Vault<019d0d83-4d63-7c0f-8998-bde5f58f823e@1> received events: [%Commanded.EventStore.RecordedEvent{event_id: "eb1dda64-231e-4bac-923f-f44f3aeac8f1", event_number: 1, stream_id: "019d0d83-4d63-7c0f-8998-bde5f58f823e", stream_version: 1, causation_id: "fd7c44bf-84e2-4c28-b552-8148eb0c4bf7", correlation_id: "2e6db85b-ec66-499b-a629-d12a1db41979", event_type: "Elixir.Nexus.Treasury.Events.VaultRegistered", data: %Nexus.Treasury.Events.VaultRegistered{vault_id: "019d0d83-4d63-7c0f-8998-bde5f58f823e", org_id: "63dccc1e-056d-4801-b79b-e15c3a51c41c", name: "EUR Vault - 40282324-7b5a-4275-a8e9-09463a42360a", bank_name: "Test Bank", account_number: nil, iban: nil, currency: "EUR", provider: "mock", registered_at: "2026-03-20T23:10:02.083503Z", daily_withdrawal_limit: "0.0", requires_multi_sig: false}, created_at: ~U[2026-03-20 23:10:02.084314Z], metadata: %{"causation_id" => "019d0d83-4d63-74da-a283-fbb79e650874", "correlation_id" => "019d0d83-4d63-74da-a283-fbb79e650874"}}]
23:10:02.086 [debug] Subscription "Identity.Projectors.UserRegistrationProjector"@"$all" attempting to connect subscriber #PID<0.2539.0>
23:10:02.086 [debug] Subscription "Treasury.TransferManager"@"$all" received 1 event(s)
23:10:02.086 [debug] Subscription "Treasury.TransferManager"@"$all" is enqueueing 1 event(s)
23:10:02.086 [debug] Subscription "Identity.Projectors.UserProjector"@"$all" received 1 event(s)
23:10:02.086 [debug] Subscription "Treasury.VaultProjector"@"$all" received 1 event(s)
23:10:02.086 [debug] Subscription "Treasury.TransferExecutionHandler"@"$all" received 1 event(s)
23:10:02.086 [debug] Subscription "Treasury.TransferExecutionHandler"@"$all" is enqueueing 1 event(s)
23:10:02.086 [debug] Subscription "Treasury.VaultProjector"@"$all" is enqueueing 1 event(s)
23:10:02.086 [debug] Subscription "Identity.Projectors.UserRegistrationProjector"@"$all" catching-up
23:10:02.086 [debug] Nexus.Treasury.ProcessManagers.TransferManager received 1 event(s)
23:10:02.086 [debug] Subscription "Identity.Projectors.UserProjector"@"$all" is enqueueing 1 event(s)
23:10:02.086 [debug] Nexus.Treasury.ProcessManagers.TransferManager is not interested in event 12220 ("019d0d83-4d63-7c0f-8998-bde5f58f823e"@1)
23:10:02.086 [debug] Nexus.Treasury.Projectors.VaultProjector received events: [%Commanded.EventStore.RecordedEvent{event_id: "eb1dda64-231e-4bac-923f-f44f3aeac8f1", event_number: 12220, stream_id: "019d0d83-4d63-7c0f-8998-bde5f58f823e", stream_version: 1, causation_id: "fd7c44bf-84e2-4c28-b552-8148eb0c4bf7", correlation_id: "2e6db85b-ec66-499b-a629-d12a1db41979", event_type: "Elixir.Nexus.Treasury.Events.VaultRegistered", data: %Nexus.Treasury.Events.VaultRegistered{vault_id: "019d0d83-4d63-7c0f-8998-bde5f58f823e", org_id: "63dccc1e-056d-4801-b79b-e15c3a51c41c", name: "EUR Vault - 40282324-7b5a-4275-a8e9-09463a42360a", bank_name: "Test Bank", account_number: nil, iban: nil, currency: "EUR", provider: "mock", registered_at: "2026-03-20T23:10:02.083503Z", daily_withdrawal_limit: "0.0", requires_multi_sig: false}, created_at: ~U[2026-03-20 23:10:02.084314Z], metadata: %{"causation_id" => "019d0d83-4d63-74da-a283-fbb79e650874", "correlation_id" => "019d0d83-4d63-74da-a283-fbb79e650874"}}]
23:10:02.086 [debug] Nexus.Identity.Projectors.UserProjector received events: [%Commanded.EventStore.RecordedEvent{event_id: "eb1dda64-231e-4bac-923f-f44f3aeac8f1", event_number: 12220, stream_id: "019d0d83-4d63-7c0f-8998-bde5f58f823e", stream_version: 1, causation_id: "fd7c44bf-84e2-4c28-b552-8148eb0c4bf7", correlation_id: "2e6db85b-ec66-499b-a629-d12a1db41979", event_type: "Elixir.Nexus.Treasury.Events.VaultRegistered", data: %Nexus.Treasury.Events.VaultRegistered{vault_id: "019d0d83-4d63-7c0f-8998-bde5f58f823e", org_id: "63dccc1e-056d-4801-b79b-e15c3a51c41c", name: "EUR Vault - 40282324-7b5a-4275-a8e9-09463a42360a", bank_name: "Test Bank", account_number: nil, iban: nil, currency: "EUR", provider: "mock", registered_at: "2026-03-20T23:10:02.083503Z", daily_withdrawal_limit: "0.0", requires_multi_sig: false}, created_at: ~U[2026-03-20 23:10:02.084314Z], metadata: %{"causation_id" => "019d0d83-4d63-74da-a283-fbb79e650874", "correlation_id" => "019d0d83-4d63-74da-a283-fbb79e650874"}}]
23:10:02.086 [debug] Nexus.Treasury.Handlers.TransferExecutionHandler received events: [%Commanded.EventStore.RecordedEvent{event_id: "eb1dda64-231e-4bac-923f-f44f3aeac8f1", event_number: 12220, stream_id: "019d0d83-4d63-7c0f-8998-bde5f58f823e", stream_version: 1, causation_id: "fd7c44bf-84e2-4c28-b552-8148eb0c4bf7", correlation_id: "2e6db85b-ec66-499b-a629-d12a1db41979", event_type: "Elixir.Nexus.Treasury.Events.VaultRegistered", data: %Nexus.Treasury.Events.VaultRegistered{vault_id: "019d0d83-4d63-7c0f-8998-bde5f58f823e", org_id: "63dccc1e-056d-4801-b79b-e15c3a51c41c", name: "EUR Vault - 40282324-7b5a-4275-a8e9-09463a42360a", bank_name: "Test Bank", account_number: nil, iban: nil, currency: "EUR", provider: "mock", registered_at: "2026-03-20T23:10:02.083503Z", daily_withdrawal_limit: "0.0", requires_multi_sig: false}, created_at: ~U[2026-03-20 23:10:02.084314Z], metadata: %{"causation_id" => "019d0d83-4d63-74da-a283-fbb79e650874", "correlation_id" => "019d0d83-4d63-74da-a283-fbb79e650874"}}]
23:10:02.086 [debug] Nexus.Identity.Projectors.UserRegistrationProjector has successfully subscribed to event store
23:10:02.086 [debug] Nexus.Treasury.ProcessManagers.TransferManager confirming receipt of event: 12220
23:10:02.087 [debug] Nexus.Identity.Projectors.UserProjector confirming receipt of event #12220 of events: [%Commanded.EventStore.RecordedEvent{event_id: "eb1dda64-231e-4bac-923f-f44f3aeac8f1", event_number: 12220, stream_id: "019d0d83-4d63-7c0f-8998-bde5f58f823e", stream_version: 1, causation_id: "fd7c44bf-84e2-4c28-b552-8148eb0c4bf7", correlation_id: "2e6db85b-ec66-499b-a629-d12a1db41979", event_type: "Elixir.Nexus.Treasury.Events.VaultRegistered", data: %Nexus.Treasury.Events.VaultRegistered{vault_id: "019d0d83-4d63-7c0f-8998-bde5f58f823e", org_id: "63dccc1e-056d-4801-b79b-e15c3a51c41c", name: "EUR Vault - 40282324-7b5a-4275-a8e9-09463a42360a", bank_name: "Test Bank", account_number: nil, iban: nil, currency: "EUR", provider: "mock", registered_at: "2026-03-20T23:10:02.083503Z", daily_withdrawal_limit: "0.0", requires_multi_sig: false}, created_at: ~U[2026-03-20 23:10:02.084314Z], metadata: %{"causation_id" => "019d0d83-4d63-74da-a283-fbb79e650874", "correlation_id" => "019d0d83-4d63-74da-a283-fbb79e650874"}}]
23:10:02.087 [debug] Nexus.Treasury.Handlers.TransferExecutionHandler confirming receipt of event #12220 of events: [%Commanded.EventStore.RecordedEvent{event_id: "eb1dda64-231e-4bac-923f-f44f3aeac8f1", event_number: 12220, stream_id: "019d0d83-4d63-7c0f-8998-bde5f58f823e", stream_version: 1, causation_id: "fd7c44bf-84e2-4c28-b552-8148eb0c4bf7", correlation_id: "2e6db85b-ec66-499b-a629-d12a1db41979", event_type: "Elixir.Nexus.Treasury.Events.VaultRegistered", data: %Nexus.Treasury.Events.VaultRegistered{vault_id: "019d0d83-4d63-7c0f-8998-bde5f58f823e", org_id: "63dccc1e-056d-4801-b79b-e15c3a51c41c", name: "EUR Vault - 40282324-7b5a-4275-a8e9-09463a42360a", bank_name: "Test Bank", account_number: nil, iban: nil, currency: "EUR", provider: "mock", registered_at: "2026-03-20T23:10:02.083503Z", daily_withdrawal_limit: "0.0", requires_multi_sig: false}, created_at: ~U[2026-03-20 23:10:02.084314Z], metadata: %{"causation_id" => "019d0d83-4d63-74da-a283-fbb79e650874", "correlation_id" => "019d0d83-4d63-74da-a283-fbb79e650874"}}]
23:10:02.087 [debug] QUERY OK db=0.1ms
begin []
23:10:02.087 [debug] QUERY OK source="projection_versions" db=0.1ms
INSERT INTO "projection_versions" AS p0 ("projection_name","last_seen_event_number","inserted_at","updated_at") VALUES ($1,$2,$3,$4) ON CONFLICT ("projection_name") DO UPDATE SET "last_seen_event_number" = $5 WHERE ((p0."projection_name" = $6) AND (p0."last_seen_event_number" < $7)) ["Treasury.VaultProjector", 12220, ~N[2026-03-20 23:10:02.087208], ~N[2026-03-20 23:10:02.087208], 12220, "Treasury.VaultProjector", 12220]
23:10:02.087 [debug] QUERY OK source="treasury_vaults" db=0.1ms
INSERT INTO "treasury_vaults" ("id","name","status","balance","currency","provider","org_id","bank_name","daily_withdrawal_limit","requires_multi_sig","created_at","updated_at") VALUES ($1,$2,$3,$4,$5,$6,$7,$8,$9,$10,$11,$12) ["019d0d83-4d63-7c0f-8998-bde5f58f823e", "EUR Vault - 40282324-7b5a-4275-a8e9-09463a42360a", "active", Decimal.new("0"), "EUR", "mock", "63dccc1e-056d-4801-b79b-e15c3a51c41c", "Test Bank", 0, false, ~U[2026-03-20 23:10:02.087509Z], ~U[2026-03-20 23:10:02.087509Z]]
23:10:02.087 [debug] QUERY OK db=0.1ms
commit []
23:10:02.087 [debug] Nexus.Treasury.Projectors.VaultProjector confirming receipt of event #12220 of events: [%Commanded.EventStore.RecordedEvent{event_id: "eb1dda64-231e-4bac-923f-f44f3aeac8f1", event_number: 12220, stream_id: "019d0d83-4d63-7c0f-8998-bde5f58f823e", stream_version: 1, causation_id: "fd7c44bf-84e2-4c28-b552-8148eb0c4bf7", correlation_id: "2e6db85b-ec66-499b-a629-d12a1db41979", event_type: "Elixir.Nexus.Treasury.Events.VaultRegistered", data: %Nexus.Treasury.Events.VaultRegistered{vault_id: "019d0d83-4d63-7c0f-8998-bde5f58f823e", org_id: "63dccc1e-056d-4801-b79b-e15c3a51c41c", name: "EUR Vault - 40282324-7b5a-4275-a8e9-09463a42360a", bank_name: "Test Bank", account_number: nil, iban: nil, currency: "EUR", provider: "mock", registered_at: "2026-03-20T23:10:02.083503Z", daily_withdrawal_limit: "0.0", requires_multi_sig: false}, created_at: ~U[2026-03-20 23:10:02.084314Z], metadata: %{"causation_id" => "019d0d83-4d63-74da-a283-fbb79e650874", "correlation_id" => "019d0d83-4d63-74da-a283-fbb79e650874"}}]
23:10:02.095 [debug] Subscription "Treasury.TransferProjector"@"$all" received 1 event(s)
23:10:02.095 [debug] Nexus.Treasury.Projectors.TransferProjector received events: [%Commanded.EventStore.RecordedEvent{event_id: "62c6b71c-722f-4f2d-8755-429e94f0e965", event_number: 2172, stream_id: "019cca7f-79a7-7b90-938a-8ce15011f26b", stream_version: 1, causation_id: "d72ccd15-4b2a-488e-97ff-35721da3c29b", correlation_id: "e053c8f4-f9af-4815-b6f7-0a119251f0d0", event_type: "Elixir.Nexus.Treasury.Events.TransferInitiated", data: %Nexus.Treasury.Events.TransferInitiated{transfer_id: "019cca7f-79a7-7b90-938a-8ce15011f26b", org_id: "org_123", user_id: "user_456", from_currency: "EUR", to_currency: "USD", amount: "100", status: "authorized", bulk_payment_id: nil, recipient_data: nil, requested_at: "2026-03-07T22:51:17.800772Z"}, created_at: ~U[2026-03-07 22:51:17.837188Z], metadata: %{}}]
23:10:02.095 [debug] QUERY OK db=0.1ms
begin []
23:10:02.095 [debug] QUERY OK source="projection_versions" db=0.1ms
INSERT INTO "projection_versions" AS p0 ("projection_name","last_seen_event_number","inserted_at","updated_at") VALUES ($1,$2,$3,$4) ON CONFLICT ("projection_name") DO UPDATE SET "last_seen_event_number" = $5 WHERE ((p0."projection_name" = $6) AND (p0."last_seen_event_number" < $7)) ["Treasury.TransferProjector", 2172, ~N[2026-03-20 23:10:02.095390], ~N[2026-03-20 23:10:02.095390], 2172, "Treasury.TransferProjector", 2172]
23:10:02.095 [debug] QUERY OK db=0.0ms
rollback []
23:10:02.097 [error] Nexus.Treasury.Projectors.TransferProjector failed to handle event:
%Commanded.EventStore.RecordedEvent{
  event_id: "62c6b71c-722f-4f2d-8755-429e94f0e965",
  event_number: 2172,
  stream_id: "019cca7f-79a7-7b90-938a-8ce15011f26b",
  stream_version: 1,
  causation_id: "d72ccd15-4b2a-488e-97ff-35721da3c29b",
  correlation_id: "e053c8f4-f9af-4815-b6f7-0a119251f0d0",
  event_type: "Elixir.Nexus.Treasury.Events.TransferInitiated",
  data: %Nexus.Treasury.Events.TransferInitiated{
    transfer_id: "019cca7f-79a7-7b90-938a-8ce15011f26b",
    org_id: "org_123",
    user_id: "user_456",
    from_currency: "EUR",
    to_currency: "USD",
    amount: "100",
    status: "authorized",
    bulk_payment_id: nil,
    recipient_data: nil,
    requested_at: "2026-03-07T22:51:17.800772Z"
  },
  created_at: ~U[2026-03-07 22:51:17.837188Z],
  metadata: %{}
}, due to:
** (Ecto.ChangeError) value `"user_456"` for `Nexus.Treasury.Projections.Transfer.user_id` in `insert` does not match type :binary_id
    (ecto 3.13.5) lib/ecto/repo/schema.ex:1301: Ecto.Repo.Schema.dump_field!/6
    (ecto 3.13.5) lib/ecto/repo/schema.ex:1310: anonymous fn/6 in Ecto.Repo.Schema.dump_fields!/5
    (stdlib 7.1) maps.erl:894: :maps.fold_1/4
    (ecto 3.13.5) lib/ecto/repo/schema.ex:1308: Ecto.Repo.Schema.dump_fields!/5
    (ecto 3.13.5) lib/ecto/repo/schema.ex:1240: Ecto.Repo.Schema.dump_changes!/7
    (ecto 3.13.5) lib/ecto/repo/schema.ex:476: anonymous fn/15 in Ecto.Repo.Schema.do_insert/4
    (ecto 3.13.5) lib/ecto/multi.ex:905: Ecto.Multi.apply_operation/5
    (elixir 1.19.5) lib/enum.ex:2520: Enum."-reduce/3-lists^foldl/2-0-"/3
    (ecto 3.13.5) lib/ecto/multi.ex:878: anonymous fn/5 in Ecto.Multi.apply_operations/5
    (ecto_sql 3.13.4) lib/ecto/adapters/sql.ex:1473: anonymous fn/3 in Ecto.Adapters.SQL.checkout_or_transaction/4
    (db_connection 2.9.0) lib/db_connection.ex:1747: DBConnection.run_transaction/4
    (ecto 3.13.5) lib/ecto/repo/transaction.ex:30: Ecto.Repo.Transaction.transact/4
    (nexus 0.1.0) deps/commanded_ecto_projections/lib/projections/ecto.ex:97: Nexus.Treasury.Projectors.TransferProjector.update_projection/3
    (commanded 1.4.9) lib/commanded/event/handler.ex:1221: Commanded.Event.Handler.delegate_event_to_handler/2
    (commanded 1.4.9) lib/commanded/event/handler.ex:1062: Commanded.Event.Handler.handle_event/3
    (elixir 1.19.5) lib/enum.ex:2520: Enum."-reduce/3-lists^foldl/2-0-"/3
    (commanded 1.4.9) lib/commanded/event/handler.ex:969: Commanded.Event.Handler.handle_info/2
    (stdlib 7.1) gen_server.erl:2434: :gen_server.try_handle_info/3
    (stdlib 7.1) gen_server.erl:2420: :gen_server.handle_msg/3
    (stdlib 7.1) proc_lib.erl:333: :proc_lib.init_p_do_apply/3

23:10:02.097 [warning] Nexus.Treasury.Projectors.TransferProjector has requested to stop: %Ecto.ChangeError{message: "value `\"user_456\"` for `Nexus.Treasury.Projections.Transfer.user_id` in `insert` does not match type :binary_id"}
23:10:02.097 [debug] Nexus.Treasury.Projectors.TransferProjector is shutting down due to %Ecto.ChangeError{message: "value `\"user_456\"` for `Nexus.Treasury.Projections.Transfer.user_id` in `insert` does not match type :binary_id"}
23:10:02.097 [error] GenServer {Nexus.App.LocalRegistry, {Nexus.App, Commanded.Event.Handler, "Treasury.TransferProjector"}} terminating
** (stop) %Ecto.ChangeError{message: "value `\"user_456\"` for `Nexus.Treasury.Projections.Transfer.user_id` in `insert` does not match type :binary_id"}
Last message: {:events, [%Commanded.EventStore.RecordedEvent{event_id: "62c6b71c-722f-4f2d-8755-429e94f0e965", event_number: 2172, stream_id: "019cca7f-79a7-7b90-938a-8ce15011f26b", stream_version: 1, causation_id: "d72ccd15-4b2a-488e-97ff-35721da3c29b", correlation_id: "e053c8f4-f9af-4815-b6f7-0a119251f0d0", event_type: "Elixir.Nexus.Treasury.Events.TransferInitiated", data: %Nexus.Treasury.Events.TransferInitiated{transfer_id: "019cca7f-79a7-7b90-938a-8ce15011f26b", org_id: "org_123", user_id: "user_456", from_currency: "EUR", to_currency: "USD", amount: "100", status: "authorized", bulk_payment_id: nil, recipient_data: nil, requested_at: "2026-03-07T22:51:17.800772Z"}, created_at: ~U[2026-03-07 22:51:17.837188Z], metadata: %{}}]}
State: %Commanded.Event.Handler{application: Nexus.App, consistency: :eventual, handler_callback: :event, handler_name: "Treasury.TransferProjector", handler_module: Nexus.Treasury.Projectors.TransferProjector, handler_state: nil, last_seen_event: nil, subscription: %Commanded.EventStore.Subscription{application: Nexus.App, backoff: {:backoff, 1000, 60000, 1000, :jitter, :undefined, :undefined}, concurrency: 1, partition_by: nil, subscribe_to: :all, subscribe_from: :origin, subscription_name: "Treasury.TransferProjector", subscription_opts: [], subscription_pid: #PID<0.2535.0>, subscription_ref: #Reference<0.504251661.3394502657.217219>}, subscribe_timer: nil}
23:10:02.097 [debug] Subscription "Treasury.TransferProjector"@"$all" subscriber #PID<0.2534.0> down due to: %Ecto.ChangeError{message: "value `\"user_456\"` for `Nexus.Treasury.Projections.Transfer.user_id` in `insert` does not match type :binary_id"}
23:10:02.097 [debug] Subscription "Treasury.TransferProjector"@"$all" has no subscribers, shutting down
23:10:02.097 [error] GenServer {Nexus.EventStore.EventStore.Subscriptions.Registry, {"$all", "Treasury.TransferProjector"}} terminating
** (stop) %Ecto.ChangeError{message: "value `\"user_456\"` for `Nexus.Treasury.Projections.Transfer.user_id` in `insert` does not match type :binary_id"}
Last message: {:DOWN, #Reference<0.504251661.3394502658.73004>, :process, #PID<0.2534.0>, %Ecto.ChangeError{message: "value `\"user_456\"` for `Nexus.Treasury.Projections.Transfer.user_id` in `insert` does not match type :binary_id"}}
State: %EventStore.Subscriptions.Subscription{stream_uuid: "$all", subscription_name: "Treasury.TransferProjector", subscription: %EventStore.Subscriptions.SubscriptionFsm{state: :unsubscribed, data: %EventStore.Subscriptions.SubscriptionState{conn: Nexus.EventStore.Postgrex, event_store: Nexus.EventStore, serializer: Commanded.Serialization.JsonSerializer, schema: "event_store", stream_uuid: "$all", start_from: 0, subscription_name: "Treasury.TransferProjector", subscription_id: 712, selector: nil, mapper: &Commanded.EventStore.Adapters.EventStore.Mapper.from_recorded_event/1, max_size: 1000, partition_by: nil, query_timeout: 15000, lock_ref: #Reference<0.504251661.3394502657.217213>, last_received: 12220, last_sent: 2172, last_ack: 2171, queue_size: 1000, buffer_size: 1, checkpoint_after: 0, checkpoint_threshold: 1, checkpoint_timer_ref: nil, checkpoints_pending: 0, subscribers: %{}, partitions: %{nil: {[%EventStore.RecordedEvent{event_number: 3171, event_id: "8586578d-d056-4f8a-9ef5-e50055576e3d", stream_uuid: "ac7468f5-30d7-40c0-8616-11d90e0baaff", stream_version: 2, correlation_id: "39b30acd-48bc-46aa-95f6-dbca71341717", causation_id: "63e9af3a-68e5-4fcb-b1e2-45e01849c483", event_type: "Elixir.Nexus.Treasury.Events.PolicyAlertTriggered", data: %Nexus.Treasury.Events.PolicyAlertTriggered{policy_id: "ac7468f5-30d7-40c0-8616-11d90e0baaff", org_id: "ac7468f5-30d7-40c0-8616-11d90e0baaff", currency_pair: "EUR/USD", exposure_amount: "120000", threshold: "100000", triggered_at: "2026-03-11T11:11:50.245617Z"}, metadata: %{}, created_at: ~U[2026-03-11 11:11:50.246040Z]}, %EventStore.RecordedEvent{event_number: 3170, event_id: "d9b79299-4063-4885-b6d9-34698aedcb10", stream_uuid: "ac7468f5-30d7-40c0-8616-11d90e0baaff", stream_version: 1, correlation_id: "788f0b6b-0bfc-40f7-a9f1-8257a38dc3b3", causation_id: "5372e3c5-9d37-4049-b5ad-ea745c35f334", event_type: "Elixir.Nexus.Treasury.Events.TransferThresholdSet", data: %Nexus.Treasury.Events.TransferThresholdSet{policy_id: "ac7468f5-30d7-40c0-8616-11d90e0baaff", org_id: "ac7468f5-30d7-40c0-8616-11d90e0baaff", threshold: "100000", set_at: "2026-03-11T11:11:50.238725Z"}, metadata: %{}, created_at: ~U[2026-03-11 11:11:50.240394Z]}, %EventStore.RecordedEvent{event_number: 3169, event_id: "1921c76c-7123-46a0-829b-f758c37f1936", stream_uuid: "forecast-0bc9eb4f-96f1-4960-bbd1-8669f786883a", stream_version: 2, correlation_id: "6461481b-22c8-42f5-9321-fb6182c6c883", causation_id: "9495e45b-6570-4a67-8f67-a7628c22d6b5", event_type: "Elixir.Nexus.Treasury.Events.ForecastGenerated", data: %Nexus.Treasury.Events.ForecastGenerated{org_id: "0bc9eb4f-96f1-4960-bbd1-8669f786883a", currency: "EUR", horizon_days: 30, predictions: [%{date: "2026-03-03", predicted_amount: "110000.000000"}], generated_at: "2026-03-11T11:11:50.230730Z"}, metadata: %{}, created_at: ~U[2026-03-11 11:11:50.231171Z]}, %EventStore.RecordedEvent{event_number: 3168, event_id: "eb625212-2f0a-444d-8cce-9809554dfc41", stream_uuid: "forecast-0bc9eb4f-96f1-4960-bbd1-8669f786883a", stream_version: 1, correlation_id: "be901c27-d444-4708-ab95-a805d38476ef", causation_id: "b866081f-be26-453f-9b2f-ea1e9ec2d11a", event_type: "Elixir.Nexus.Treasury.Events.ForecastGenerated", data: %Nexus.Treasury.Events.ForecastGenerated{org_id: "0bc9eb4f-96f1-4960-bbd1-8669f786883a", currency: "EUR", horizon_days: 30, predictions: [%{date: "2026-03-03", predicted_amount: "100000.00"}], generated_at: "2026-03-11T11:11:50.227029Z"}, ...}, ...], ...}}, ...}}, ...}
23:10:02.097 [debug] Nexus.Treasury.Projectors.TransferProjector is shutting down due to {%Ecto.ChangeError{message: "value `\"user_456\"` for `Nexus.Treasury.Projections.Transfer.user_id` in `insert` does not match type :binary_id"}, {GenServer, :call, [#PID<0.2535.0>, {:connect, #PID<0.2541.0>, [retry_interval: 60000, hibernate_after: 15000, partition_by: nil, concurrency_limit: 1, name: Nexus.EventStore, mapper: &Commanded.EventStore.Adapters.EventStore.Mapper.from_recorded_event/1, conn: Nexus.EventStore.Postgrex, event_store: Nexus.EventStore, query_timeout: 15000, schema: "event_store", serializer: Commanded.Serialization.JsonSerializer, stream_uuid: "$all", subscription_name: "Treasury.TransferProjector", start_from: 0]}, 5000]}}
23:10:02.097 [error] GenServer {Nexus.App.LocalRegistry, {Nexus.App, Commanded.Event.Handler, "Treasury.TransferProjector"}} terminating
** (stop) exited in: GenServer.call(#PID<0.2535.0>, {:connect, #PID<0.2541.0>, [retry_interval: 60000, hibernate_after: 15000, partition_by: nil, concurrency_limit: 1, name: Nexus.EventStore, mapper: &Commanded.EventStore.Adapters.EventStore.Mapper.from_recorded_event/1, conn: Nexus.EventStore.Postgrex, event_store: Nexus.EventStore, query_timeout: 15000, schema: "event_store", serializer: Commanded.Serialization.JsonSerializer, stream_uuid: "$all", subscription_name: "Treasury.TransferProjector", start_from: 0]}, 5000)
    ** (EXIT) %Ecto.ChangeError{message: "value `\"user_456\"` for `Nexus.Treasury.Projections.Transfer.user_id` in `insert` does not match type :binary_id"}
    (elixir 1.19.5) lib/gen_server.ex:1142: GenServer.call/3
    (commanded 1.4.9) lib/commanded/event_store.ex:289: anonymous fn/2 in Commanded.EventStore.span/3
    (telemetry 1.3.0) /Users/bernard/dev/nexus/deps/telemetry/src/telemetry.erl:324: :telemetry.span/3
    (commanded 1.4.9) lib/commanded/event_store/subscription.ex:58: Commanded.EventStore.Subscription.subscribe/2
    (commanded 1.4.9) lib/commanded/event/handler.ex:1024: Commanded.Event.Handler.subscribe_to_events/1
    (commanded 1.4.9) lib/commanded/event/handler.ex:887: Commanded.Event.Handler.handle_continue/2
    (stdlib 7.1) gen_server.erl:2424: :gen_server.try_handle_continue/3
    (stdlib 7.1) gen_server.erl:2291: :gen_server.loop/4
    (stdlib 7.1) proc_lib.erl:333: :proc_lib.init_p_do_apply/3
Last message: {:continue, :subscribe_to_events}
State: %Commanded.Event.Handler{application: Nexus.App, consistency: :eventual, handler_callback: :event, handler_name: "Treasury.TransferProjector", handler_module: Nexus.Treasury.Projectors.TransferProjector, handler_state: nil, last_seen_event: nil, subscription: %Commanded.EventStore.Subscription{application: Nexus.App, backoff: {:backoff, 1000, 60000, 1000, :jitter, :undefined, :undefined}, concurrency: 1, partition_by: nil, subscribe_to: :all, subscribe_from: :origin, subscription_name: "Treasury.TransferProjector", subscription_opts: [], subscription_pid: nil, subscription_ref: nil}, subscribe_timer: nil}
23:10:02.098 [debug] Subscription "Treasury.TransferProjector"@"$all" attempting to connect subscriber #PID<0.2542.0>
23:10:02.098 [debug] Subscription "Treasury.TransferProjector"@"$all" catching-up
23:10:02.099 [debug] Nexus.Treasury.Projectors.TransferProjector has successfully subscribed to event store
23:10:02.099 [debug] Nexus.Identity.Projectors.UserRegistrationProjector received events: [%Commanded.EventStore.RecordedEvent{event_id: "282ec866-f518-44ed-95f6-7a535d6c3e25", event_number: 11262, stream_id: "019d0c26-0b00-74a0-bd6d-48329cf61a57", stream_version: 1, causation_id: "d64809a4-8402-4360-8536-99b7a0f860ca", correlation_id: "e0f4b4bb-483c-4914-aaaa-956d1587d67e", event_type: "Elixir.Nexus.Identity.Events.UserRegistered", data: %Nexus.Identity.Events.UserRegistered{user_id: "019d0c26-0b00-74a0-bd6d-48329cf61a57", org_id: "019d0c26-0b00-74a0-8884-24b7b734f296", email: "test@example.com", role: "system_admin", cose_key: "Ym9vdHN0cmFwX2Nvc2Vfa2V5", credential_id: "Ym9vdHN0cmFwX2NyZWRlbnRpYWxfaWQ=", registered_at: "2026-03-20T16:48:33.024173Z", display_name: "Test User", status: "active"}, created_at: ~U[2026-03-20 16:48:33.025211Z], metadata: %{"causation_id" => "019d0c26-0b00-71d0-a1d2-041f55e92cfc", "correlation_id" => "019d0c26-0b00-71d0-a1d2-041f55e92cfc"}}]
23:10:02.099 [debug] QUERY OK db=0.0ms
begin []
23:10:02.099 [debug] QUERY OK source="projection_versions" db=0.1ms
INSERT INTO "projection_versions" AS p0 ("projection_name","last_seen_event_number","inserted_at","updated_at") VALUES ($1,$2,$3,$4) ON CONFLICT ("projection_name") DO UPDATE SET "last_seen_event_number" = $5 WHERE ((p0."projection_name" = $6) AND (p0."last_seen_event_number" < $7)) ["Identity.Projectors.UserRegistrationProjector", 11262, ~N[2026-03-20 23:10:02.099665], ~N[2026-03-20 23:10:02.099665], 11262, "Identity.Projectors.UserRegistrationProjector", 11262]
23:10:02.100 [debug] QUERY OK source="users" db=0.1ms
SELECT u0."id", u0."org_id", u0."email", u0."display_name", u0."status", u0."cose_key", u0."credential_id", u0."roles", u0."created_at", u0."updated_at" FROM "users" AS u0 WHERE (u0."id" = $1) ["019d0c26-0b00-74a0-bd6d-48329cf61a57"]
23:10:02.100 [debug] QUERY OK source="users" db=0.1ms
SELECT u0."id", u0."org_id", u0."email", u0."display_name", u0."status", u0."cose_key", u0."credential_id", u0."roles", u0."created_at", u0."updated_at" FROM "users" AS u0 WHERE (u0."email" = $1) ["test@example.com"]
23:10:02.100 [debug] QUERY OK source="users" db=0.1ms
INSERT INTO "users" ("id","status","org_id","email","display_name","roles","cose_key","credential_id","created_at","updated_at") VALUES ($1,$2,$3,$4,$5,$6,$7,$8,$9,$10) ["019d0c26-0b00-74a0-bd6d-48329cf61a57", "active", "019d0c26-0b00-74a0-8884-24b7b734f296", "test@example.com", "Test User", ["system_admin"], "bootstrap_cose_key", "bootstrap_credential_id", ~U[2026-03-20 23:10:02.100370Z], ~U[2026-03-20 23:10:02.100370Z]]
23:10:02.100 [debug] QUERY ERROR source="identity_user_settings" db=0.0ms
SELECT i0."id", i0."user_id", i0."org_id", i0."locale", i0."timezone", i0."notifications_enabled", i0."created_at", i0."updated_at" FROM "identity_user_settings" AS i0 WHERE (i0."id" = $1) ["019d0c26-0b00-74a0-bd6d-48329cf61a57"]
23:10:02.100 [debug] QUERY OK db=0.0ms
rollback []
23:10:02.102 [error] Nexus.Identity.Projectors.UserRegistrationProjector failed to handle event:
%Commanded.EventStore.RecordedEvent{
  event_id: "282ec866-f518-44ed-95f6-7a535d6c3e25",
  event_number: 11262,
  stream_id: "019d0c26-0b00-74a0-bd6d-48329cf61a57",
  stream_version: 1,
  causation_id: "d64809a4-8402-4360-8536-99b7a0f860ca",
  correlation_id: "e0f4b4bb-483c-4914-aaaa-956d1587d67e",
  event_type: "Elixir.Nexus.Identity.Events.UserRegistered",
  data: %Nexus.Identity.Events.UserRegistered{
    user_id: "019d0c26-0b00-74a0-bd6d-48329cf61a57",
    org_id: "019d0c26-0b00-74a0-8884-24b7b734f296",
    email: "test@example.com",
    role: "system_admin",
    cose_key: "Ym9vdHN0cmFwX2Nvc2Vfa2V5",
    credential_id: "Ym9vdHN0cmFwX2NyZWRlbnRpYWxfaWQ=",
    registered_at: "2026-03-20T16:48:33.024173Z",
    display_name: "Test User",
    status: "active"
  },
  created_at: ~U[2026-03-20 16:48:33.025211Z],
  metadata: %{
    "causation_id" => "019d0c26-0b00-71d0-a1d2-041f55e92cfc",
    "correlation_id" => "019d0c26-0b00-71d0-a1d2-041f55e92cfc"
  }
}, due to:
** (Postgrex.Error) ERROR 42703 (undefined_column) column i0.id does not exist

    query: SELECT i0."id", i0."user_id", i0."org_id", i0."locale", i0."timezone", i0."notifications_enabled", i0."created_at", i0."updated_at" FROM "identity_user_settings" AS i0 WHERE (i0."id" = $1)
    (ecto_sql 3.13.4) lib/ecto/adapters/sql.ex:1113: Ecto.Adapters.SQL.raise_sql_call_error/1
    (ecto_sql 3.13.4) lib/ecto/adapters/sql.ex:1011: Ecto.Adapters.SQL.execute/6
    (ecto 3.13.5) lib/ecto/repo/queryable.ex:241: Ecto.Repo.Queryable.execute/4
    (ecto 3.13.5) lib/ecto/repo/queryable.ex:19: Ecto.Repo.Queryable.all/3
    (ecto 3.13.5) lib/ecto/repo/queryable.ex:163: Ecto.Repo.Queryable.one/3
    (nexus 0.1.0) lib/nexus/identity/projectors/user_registration_projector.ex:53: anonymous fn/3 in Nexus.Identity.Projectors.UserRegistrationProjector.project_registration/3
    (ecto 3.13.5) lib/ecto/multi.ex:905: Ecto.Multi.apply_operation/5
    (elixir 1.19.5) lib/enum.ex:2520: Enum."-reduce/3-lists^foldl/2-0-"/3
    (ecto 3.13.5) lib/ecto/multi.ex:878: anonymous fn/5 in Ecto.Multi.apply_operations/5
    (ecto_sql 3.13.4) lib/ecto/adapters/sql.ex:1473: anonymous fn/3 in Ecto.Adapters.SQL.checkout_or_transaction/4
    (db_connection 2.9.0) lib/db_connection.ex:1747: DBConnection.run_transaction/4
    (ecto 3.13.5) lib/ecto/repo/transaction.ex:30: Ecto.Repo.Transaction.transact/4
    (nexus 0.1.0) deps/commanded_ecto_projections/lib/projections/ecto.ex:97: Nexus.Identity.Projectors.UserRegistrationProjector.update_projection/3
    (commanded 1.4.9) lib/commanded/event/handler.ex:1221: Commanded.Event.Handler.delegate_event_to_handler/2
    (commanded 1.4.9) lib/commanded/event/handler.ex:1062: Commanded.Event.Handler.handle_event/3
    (elixir 1.19.5) lib/enum.ex:2520: Enum."-reduce/3-lists^foldl/2-0-"/3
    (commanded 1.4.9) lib/commanded/event/handler.ex:969: Commanded.Event.Handler.handle_info/2
    (stdlib 7.1) gen_server.erl:2434: :gen_server.try_handle_info/3
    (stdlib 7.1) gen_server.erl:2420: :gen_server.handle_msg/3
    (stdlib 7.1) proc_lib.erl:333: :proc_lib.init_p_do_apply/3

23:10:02.102 [warning] Nexus.Identity.Projectors.UserRegistrationProjector has requested to stop: %Postgrex.Error{message: nil, postgres: %{code: :undefined_column, line: "3721", message: "column i0.id does not exist", position: "8", file: "parse_relation.c", unknown: "ERROR", severity: "ERROR", pg_code: "42703", routine: "errorMissingColumn"}, connection_id: 3148, query: "SELECT i0.\"id\", i0.\"user_id\", i0.\"org_id\", i0.\"locale\", i0.\"timezone\", i0.\"notifications_enabled\", i0.\"created_at\", i0.\"updated_at\" FROM \"identity_user_settings\" AS i0 WHERE (i0.\"id\" = $1)"}
23:10:02.102 [debug] Nexus.Identity.Projectors.UserRegistrationProjector is shutting down due to %Postgrex.Error{message: nil, postgres: %{code: :undefined_column, line: "3721", message: "column i0.id does not exist", position: "8", file: "parse_relation.c", unknown: "ERROR", severity: "ERROR", pg_code: "42703", routine: "errorMissingColumn"}, connection_id: 3148, query: "SELECT i0.\"id\", i0.\"user_id\", i0.\"org_id\", i0.\"locale\", i0.\"timezone\", i0.\"notifications_enabled\", i0.\"created_at\", i0.\"updated_at\" FROM \"identity_user_settings\" AS i0 WHERE (i0.\"id\" = $1)"}
23:10:02.102 [error] GenServer {Nexus.App.LocalRegistry, {Nexus.App, Commanded.Event.Handler, "Identity.Projectors.UserRegistrationProjector"}} terminating
** (stop) %Postgrex.Error{message: nil, postgres: %{code: :undefined_column, line: "3721", message: "column i0.id does not exist", position: "8", file: "parse_relation.c", unknown: "ERROR", severity: "ERROR", pg_code: "42703", routine: "errorMissingColumn"}, connection_id: 3148, query: "SELECT i0.\"id\", i0.\"user_id\", i0.\"org_id\", i0.\"locale\", i0.\"timezone\", i0.\"notifications_enabled\", i0.\"created_at\", i0.\"updated_at\" FROM \"identity_user_settings\" AS i0 WHERE (i0.\"id\" = $1)"}
Last message: {:events, [%Commanded.EventStore.RecordedEvent{event_id: "282ec866-f518-44ed-95f6-7a535d6c3e25", event_number: 11262, stream_id: "019d0c26-0b00-74a0-bd6d-48329cf61a57", stream_version: 1, causation_id: "d64809a4-8402-4360-8536-99b7a0f860ca", correlation_id: "e0f4b4bb-483c-4914-aaaa-956d1587d67e", event_type: "Elixir.Nexus.Identity.Events.UserRegistered", data: %Nexus.Identity.Events.UserRegistered{user_id: "019d0c26-0b00-74a0-bd6d-48329cf61a57", org_id: "019d0c26-0b00-74a0-8884-24b7b734f296", email: "test@example.com", role: "system_admin", cose_key: "Ym9vdHN0cmFwX2Nvc2Vfa2V5", credential_id: "Ym9vdHN0cmFwX2NyZWRlbnRpYWxfaWQ=", registered_at: "2026-03-20T16:48:33.024173Z", display_name: "Test User", status: "active"}, created_at: ~U[2026-03-20 16:48:33.025211Z], metadata: %{"causation_id" => "019d0c26-0b00-71d0-a1d2-041f55e92cfc", "correlation_id" => "019d0c26-0b00-71d0-a1d2-041f55e92cfc"}}]}
State: %Commanded.Event.Handler{application: Nexus.App, consistency: :strong, handler_callback: :event, handler_name: "Identity.Projectors.UserRegistrationProjector", handler_module: Nexus.Identity.Projectors.UserRegistrationProjector, handler_state: nil, last_seen_event: nil, subscription: %Commanded.EventStore.Subscription{application: Nexus.App, backoff: {:backoff, 1000, 60000, 1000, :jitter, :undefined, :undefined}, concurrency: 1, partition_by: nil, subscribe_to: :all, subscribe_from: :origin, subscription_name: "Identity.Projectors.UserRegistrationProjector", subscription_opts: [], subscription_pid: #PID<0.2540.0>, subscription_ref: #Reference<0.504251661.3394502660.23831>}, subscribe_timer: nil}
23:10:02.102 [debug] Subscription "Identity.Projectors.UserRegistrationProjector"@"$all" subscriber #PID<0.2539.0> down due to: %Postgrex.Error{message: nil, postgres: %{code: :undefined_column, line: "3721", message: "column i0.id does not exist", position: "8", file: "parse_relation.c", unknown: "ERROR", severity: "ERROR", pg_code: "42703", routine: "errorMissingColumn"}, connection_id: 3148, query: "SELECT i0.\"id\", i0.\"user_id\", i0.\"org_id\", i0.\"locale\", i0.\"timezone\", i0.\"notifications_enabled\", i0.\"created_at\", i0.\"updated_at\" FROM \"identity_user_settings\" AS i0 WHERE (i0.\"id\" = $1)"}
23:10:02.102 [debug] Subscription "Identity.Projectors.UserRegistrationProjector"@"$all" has no subscribers, shutting down
23:10:02.102 [error] GenServer {Nexus.EventStore.EventStore.Subscriptions.Registry, {"$all", "Identity.Projectors.UserRegistrationProjector"}} terminating
** (stop) %Postgrex.Error{message: nil, postgres: %{code: :undefined_column, line: "3721", message: "column i0.id does not exist", position: "8", file: "parse_relation.c", unknown: "ERROR", severity: "ERROR", pg_code: "42703", routine: "errorMissingColumn"}, connection_id: 3148, query: "SELECT i0.\"id\", i0.\"user_id\", i0.\"org_id\", i0.\"locale\", i0.\"timezone\", i0.\"notifications_enabled\", i0.\"created_at\", i0.\"updated_at\" FROM \"identity_user_settings\" AS i0 WHERE (i0.\"id\" = $1)"}
Last message: {:DOWN, #Reference<0.504251661.3394502660.23813>, :process, #PID<0.2539.0>, %Postgrex.Error{message: nil, postgres: %{code: :undefined_column, line: "3721", message: "column i0.id does not exist", position: "8", file: "parse_relation.c", unknown: "ERROR", severity: "ERROR", pg_code: "42703", routine: "errorMissingColumn"}, connection_id: 3148, query: "SELECT i0.\"id\", i0.\"user_id\", i0.\"org_id\", i0.\"locale\", i0.\"timezone\", i0.\"notifications_enabled\", i0.\"created_at\", i0.\"updated_at\" FROM \"identity_user_settings\" AS i0 WHERE (i0.\"id\" = $1)"}}
State: %EventStore.Subscriptions.Subscription{stream_uuid: "$all", subscription_name: "Identity.Projectors.UserRegistrationProjector", subscription: %EventStore.Subscriptions.SubscriptionFsm{state: :unsubscribed, data: %EventStore.Subscriptions.SubscriptionState{conn: Nexus.EventStore.Postgrex, event_store: Nexus.EventStore, serializer: Commanded.Serialization.JsonSerializer, schema: "event_store", stream_uuid: "$all", start_from: 0, subscription_name: "Identity.Projectors.UserRegistrationProjector", subscription_id: 405, selector: nil, mapper: &Commanded.EventStore.Adapters.EventStore.Mapper.from_recorded_event/1, max_size: 1000, partition_by: nil, query_timeout: 15000, lock_ref: #Reference<0.504251661.3394502660.23827>, last_received: 12220, last_sent: 11262, last_ack: 11261, queue_size: 959, buffer_size: 1, checkpoint_after: 0, checkpoint_threshold: 1, checkpoint_timer_ref: nil, checkpoints_pending: 0, subscribers: %{}, partitions: %{nil: {[%EventStore.RecordedEvent{event_number: 12220, event_id: "eb1dda64-231e-4bac-923f-f44f3aeac8f1", stream_uuid: "019d0d83-4d63-7c0f-8998-bde5f58f823e", stream_version: 1, correlation_id: "2e6db85b-ec66-499b-a629-d12a1db41979", causation_id: "fd7c44bf-84e2-4c28-b552-8148eb0c4bf7", event_type: "Elixir.Nexus.Treasury.Events.VaultRegistered", data: %Nexus.Treasury.Events.VaultRegistered{vault_id: "019d0d83-4d63-7c0f-8998-bde5f58f823e", org_id: "63dccc1e-056d-4801-b79b-e15c3a51c41c", name: "EUR Vault - 40282324-7b5a-4275-a8e9-09463a42360a", bank_name: "Test Bank", account_number: nil, iban: nil, currency: "EUR", provider: "mock", registered_at: "2026-03-20T23:10:02.083503Z", daily_withdrawal_limit: "0.0", requires_multi_sig: false}, metadata: %{"causation_id" => "019d0d83-4d63-74da-a283-fbb79e650874", "correlation_id" => "019d0d83-4d63-74da-a283-fbb79e650874"}, created_at: ~U[2026-03-20 23:10:02.084314Z]}, %EventStore.RecordedEvent{event_number: 12219, event_id: "09cf4bb5-cfed-4bfe-ae79-8ef871e6e166", stream_uuid: "019d0d83-4bc9-753a-80e6-2e4dca2c9c12", stream_version: 2, correlation_id: "8dcacd27-1027-44b0-a211-bb6a90fd3388", causation_id: "421e58bf-9a8c-4a90-b20a-e4234c00f2cc", event_type: "Elixir.Nexus.Treasury.Events.VaultBalanceSynced", data: %Nexus.Treasury.Events.VaultBalanceSynced{vault_id: "019d0d83-4bc9-753a-80e6-2e4dca2c9c12", org_id: "63dccc1e-056d-4801-b79b-e15c3a51c41c", amount: "500000.00", currency: "USD", synced_at: "2026-03-20T23:10:01.878699Z"}, metadata: %{"causation_id" => "019d0d83-4c96-7dfe-a58b-296d1cd6be89", "correlation_id" => "019d0d83-4c96-7dfe-a58b-296d1cd6be89"}, created_at: ~U[2026-03-20 23:10:01.879170Z]}, %EventStore.RecordedEvent{event_number: 12218, event_id: "9932df8b-18c6-4e36-b5e7-495fc0cc9d0d", stream_uuid: "019d0d83-4bc9-753a-80e6-2e4dca2c9c12", stream_version: 1, correlation_id: "f3ebc19f-f707-46c1-84ec-0edb1b2a053b", causation_id: "61db3cd8-c1cd-4645-97c1-c75b096edc34", event_type: "Elixir.Nexus.Treasury.Events.VaultRegistered", data: %Nexus.Treasury.Events.VaultRegistered{vault_id: "019d0d83-4bc9-753a-80e6-2e4dca2c9c12", org_id: "63dccc1e-056d-4801-b79b-e15c3a51c41c", name: "USD Vault - d16f182d-8771-4765-af35-8a77236fc170", bank_name: "Test Bank", account_number: nil, iban: nil, currency: "USD", provider: "mock", registered_at: "2026-03-20T23:10:01.673695Z", daily_withdrawal_limit: "0.0", requires_multi_sig: false}, metadata: %{"causation_id" => "019d0d83-4bc9-73e0-af57-7d94a03c6d5a", "correlation_id" => "019d0d83-4bc9-73e0-af57-7d94a03c6d5a"}, created_at: ~U[2026-03-20 23:10:01.674570Z]}, %EventStore.RecordedEvent{event_number: 12217, ...}, ...], ...}}, ...}}, ...}
23:10:02.102 [debug] Nexus.Identity.Projectors.UserRegistrationProjector is shutting down due to {%Postgrex.Error{message: nil, postgres: %{code: :undefined_column, line: "3721", message: "column i0.id does not exist", position: "8", file: "parse_relation.c", unknown: "ERROR", severity: "ERROR", pg_code: "42703", routine: "errorMissingColumn"}, connection_id: 3148, query: "SELECT i0.\"id\", i0.\"user_id\", i0.\"org_id\", i0.\"locale\", i0.\"timezone\", i0.\"notifications_enabled\", i0.\"created_at\", i0.\"updated_at\" FROM \"identity_user_settings\" AS i0 WHERE (i0.\"id\" = $1)"}, {GenServer, :call, [#PID<0.2540.0>, {:connect, #PID<0.2544.0>, [retry_interval: 60000, hibernate_after: 15000, partition_by: nil, concurrency_limit: 1, name: Nexus.EventStore, mapper: &Commanded.EventStore.Adapters.EventStore.Mapper.from_recorded_event/1, conn: Nexus.EventStore.Postgrex, event_store: Nexus.EventStore, query_timeout: 15000, schema: "event_store", serializer: Commanded.Serialization.JsonSerializer, stream_uuid: "$all", subscription_name: "Identity.Projectors.UserRegistrationProjector", start_from: 0]}, 5000]}}
23:10:02.102 [error] GenServer {Nexus.App.LocalRegistry, {Nexus.App, Commanded.Event.Handler, "Identity.Projectors.UserRegistrationProjector"}} terminating
** (stop) exited in: GenServer.call(#PID<0.2540.0>, {:connect, #PID<0.2544.0>, [retry_interval: 60000, hibernate_after: 15000, partition_by: nil, concurrency_limit: 1, name: Nexus.EventStore, mapper: &Commanded.EventStore.Adapters.EventStore.Mapper.from_recorded_event/1, conn: Nexus.EventStore.Postgrex, event_store: Nexus.EventStore, query_timeout: 15000, schema: "event_store", serializer: Commanded.Serialization.JsonSerializer, stream_uuid: "$all", subscription_name: "Identity.Projectors.UserRegistrationProjector", start_from: 0]}, 5000)
    ** (EXIT) %Postgrex.Error{message: nil, postgres: %{code: :undefined_column, line: "3721", message: "column i0.id does not exist", position: "8", file: "parse_relation.c", unknown: "ERROR", severity: "ERROR", pg_code: "42703", routine: "errorMissingColumn"}, connection_id: 3148, query: "SELECT i0.\"id\", i0.\"user_id\", i0.\"org_id\", i0.\"locale\", i0.\"timezone\", i0.\"notifications_enabled\", i0.\"created_at\", i0.\"updated_at\" FROM \"identity_user_settings\" AS i0 WHERE (i0.\"id\" = $1)"}
    (elixir 1.19.5) lib/gen_server.ex:1142: GenServer.call/3
    (commanded 1.4.9) lib/commanded/event_store.ex:289: anonymous fn/2 in Commanded.EventStore.span/3
    (telemetry 1.3.0) /Users/bernard/dev/nexus/deps/telemetry/src/telemetry.erl:324: :telemetry.span/3
    (commanded 1.4.9) lib/commanded/event_store/subscription.ex:58: Commanded.EventStore.Subscription.subscribe/2
    (commanded 1.4.9) lib/commanded/event/handler.ex:1024: Commanded.Event.Handler.subscribe_to_events/1
    (commanded 1.4.9) lib/commanded/event/handler.ex:887: Commanded.Event.Handler.handle_continue/2
    (stdlib 7.1) gen_server.erl:2424: :gen_server.try_handle_continue/3
    (stdlib 7.1) gen_server.erl:2291: :gen_server.loop/4
    (stdlib 7.1) proc_lib.erl:333: :proc_lib.init_p_do_apply/3
Last message: {:continue, :subscribe_to_events}
State: %Commanded.Event.Handler{application: Nexus.App, consistency: :strong, handler_callback: :event, handler_name: "Identity.Projectors.UserRegistrationProjector", handler_module: Nexus.Identity.Projectors.UserRegistrationProjector, handler_state: nil, last_seen_event: nil, subscription: %Commanded.EventStore.Subscription{application: Nexus.App, backoff: {:backoff, 1000, 60000, 1000, :jitter, :undefined, :undefined}, concurrency: 1, partition_by: nil, subscribe_to: :all, subscribe_from: :origin, subscription_name: "Identity.Projectors.UserRegistrationProjector", subscription_opts: [], subscription_pid: nil, subscription_ref: nil}, subscribe_timer: nil}
23:10:02.103 [debug] Subscription "Identity.Projectors.UserRegistrationProjector"@"$all" attempting to connect subscriber #PID<0.2545.0>
23:10:02.104 [debug] Subscription "Identity.Projectors.UserRegistrationProjector"@"$all" catching-up
23:10:02.104 [debug] Nexus.Identity.Projectors.UserRegistrationProjector has successfully subscribed to event store
23:10:02.109 [debug] Nexus.Treasury.Projectors.TransferProjector received events: [%Commanded.EventStore.RecordedEvent{event_id: "62c6b71c-722f-4f2d-8755-429e94f0e965", event_number: 2172, stream_id: "019cca7f-79a7-7b90-938a-8ce15011f26b", stream_version: 1, causation_id: "d72ccd15-4b2a-488e-97ff-35721da3c29b", correlation_id: "e053c8f4-f9af-4815-b6f7-0a119251f0d0", event_type: "Elixir.Nexus.Treasury.Events.TransferInitiated", data: %Nexus.Treasury.Events.TransferInitiated{transfer_id: "019cca7f-79a7-7b90-938a-8ce15011f26b", org_id: "org_123", user_id: "user_456", from_currency: "EUR", to_currency: "USD", amount: "100", status: "authorized", bulk_payment_id: nil, recipient_data: nil, requested_at: "2026-03-07T22:51:17.800772Z"}, created_at: ~U[2026-03-07 22:51:17.837188Z], metadata: %{}}]
23:10:02.109 [debug] QUERY OK db=0.1ms
begin []
23:10:02.109 [debug] QUERY OK source="projection_versions" db=0.1ms
INSERT INTO "projection_versions" AS p0 ("projection_name","last_seen_event_number","inserted_at","updated_at") VALUES ($1,$2,$3,$4) ON CONFLICT ("projection_name") DO UPDATE SET "last_seen_event_number" = $5 WHERE ((p0."projection_name" = $6) AND (p0."last_seen_event_number" < $7)) ["Treasury.TransferProjector", 2172, ~N[2026-03-20 23:10:02.109456], ~N[2026-03-20 23:10:02.109456], 2172, "Treasury.TransferProjector", 2172]
23:10:02.109 [debug] QUERY OK db=0.0ms
rollback []
23:10:02.111 [error] Nexus.Treasury.Projectors.TransferProjector failed to handle event:
%Commanded.EventStore.RecordedEvent{
  event_id: "62c6b71c-722f-4f2d-8755-429e94f0e965",
  event_number: 2172,
  stream_id: "019cca7f-79a7-7b90-938a-8ce15011f26b",
  stream_version: 1,
  causation_id: "d72ccd15-4b2a-488e-97ff-35721da3c29b",
  correlation_id: "e053c8f4-f9af-4815-b6f7-0a119251f0d0",
  event_type: "Elixir.Nexus.Treasury.Events.TransferInitiated",
  data: %Nexus.Treasury.Events.TransferInitiated{
    transfer_id: "019cca7f-79a7-7b90-938a-8ce15011f26b",
    org_id: "org_123",
    user_id: "user_456",
    from_currency: "EUR",
    to_currency: "USD",
    amount: "100",
    status: "authorized",
    bulk_payment_id: nil,
    recipient_data: nil,
    requested_at: "2026-03-07T22:51:17.800772Z"
  },
  created_at: ~U[2026-03-07 22:51:17.837188Z],
  metadata: %{}
}, due to:
** (Ecto.ChangeError) value `"user_456"` for `Nexus.Treasury.Projections.Transfer.user_id` in `insert` does not match type :binary_id
    (ecto 3.13.5) lib/ecto/repo/schema.ex:1301: Ecto.Repo.Schema.dump_field!/6
    (ecto 3.13.5) lib/ecto/repo/schema.ex:1310: anonymous fn/6 in Ecto.Repo.Schema.dump_fields!/5
    (stdlib 7.1) maps.erl:894: :maps.fold_1/4
    (ecto 3.13.5) lib/ecto/repo/schema.ex:1308: Ecto.Repo.Schema.dump_fields!/5
    (ecto 3.13.5) lib/ecto/repo/schema.ex:1240: Ecto.Repo.Schema.dump_changes!/7
    (ecto 3.13.5) lib/ecto/repo/schema.ex:476: anonymous fn/15 in Ecto.Repo.Schema.do_insert/4
    (ecto 3.13.5) lib/ecto/multi.ex:905: Ecto.Multi.apply_operation/5
    (elixir 1.19.5) lib/enum.ex:2520: Enum."-reduce/3-lists^foldl/2-0-"/3
    (ecto 3.13.5) lib/ecto/multi.ex:878: anonymous fn/5 in Ecto.Multi.apply_operations/5
    (ecto_sql 3.13.4) lib/ecto/adapters/sql.ex:1473: anonymous fn/3 in Ecto.Adapters.SQL.checkout_or_transaction/4
    (db_connection 2.9.0) lib/db_connection.ex:1747: DBConnection.run_transaction/4
    (ecto 3.13.5) lib/ecto/repo/transaction.ex:30: Ecto.Repo.Transaction.transact/4
    (nexus 0.1.0) deps/commanded_ecto_projections/lib/projections/ecto.ex:97: Nexus.Treasury.Projectors.TransferProjector.update_projection/3
    (commanded 1.4.9) lib/commanded/event/handler.ex:1221: Commanded.Event.Handler.delegate_event_to_handler/2
    (commanded 1.4.9) lib/commanded/event/handler.ex:1062: Commanded.Event.Handler.handle_event/3
    (elixir 1.19.5) lib/enum.ex:2520: Enum."-reduce/3-lists^foldl/2-0-"/3
    (commanded 1.4.9) lib/commanded/event/handler.ex:969: Commanded.Event.Handler.handle_info/2
    (stdlib 7.1) gen_server.erl:2434: :gen_server.try_handle_info/3
    (stdlib 7.1) gen_server.erl:2420: :gen_server.handle_msg/3
    (stdlib 7.1) proc_lib.erl:333: :proc_lib.init_p_do_apply/3

23:10:02.111 [warning] Nexus.Treasury.Projectors.TransferProjector has requested to stop: %Ecto.ChangeError{message: "value `\"user_456\"` for `Nexus.Treasury.Projections.Transfer.user_id` in `insert` does not match type :binary_id"}
23:10:02.111 [debug] Nexus.Treasury.Projectors.TransferProjector is shutting down due to %Ecto.ChangeError{message: "value `\"user_456\"` for `Nexus.Treasury.Projections.Transfer.user_id` in `insert` does not match type :binary_id"}
23:10:02.111 [error] GenServer {Nexus.App.LocalRegistry, {Nexus.App, Commanded.Event.Handler, "Treasury.TransferProjector"}} terminating
** (stop) %Ecto.ChangeError{message: "value `\"user_456\"` for `Nexus.Treasury.Projections.Transfer.user_id` in `insert` does not match type :binary_id"}
Last message: {:events, [%Commanded.EventStore.RecordedEvent{event_id: "62c6b71c-722f-4f2d-8755-429e94f0e965", event_number: 2172, stream_id: "019cca7f-79a7-7b90-938a-8ce15011f26b", stream_version: 1, causation_id: "d72ccd15-4b2a-488e-97ff-35721da3c29b", correlation_id: "e053c8f4-f9af-4815-b6f7-0a119251f0d0", event_type: "Elixir.Nexus.Treasury.Events.TransferInitiated", data: %Nexus.Treasury.Events.TransferInitiated{transfer_id: "019cca7f-79a7-7b90-938a-8ce15011f26b", org_id: "org_123", user_id: "user_456", from_currency: "EUR", to_currency: "USD", amount: "100", status: "authorized", bulk_payment_id: nil, recipient_data: nil, requested_at: "2026-03-07T22:51:17.800772Z"}, created_at: ~U[2026-03-07 22:51:17.837188Z], metadata: %{}}]}
State: %Commanded.Event.Handler{application: Nexus.App, consistency: :eventual, handler_callback: :event, handler_name: "Treasury.TransferProjector", handler_module: Nexus.Treasury.Projectors.TransferProjector, handler_state: nil, last_seen_event: nil, subscription: %Commanded.EventStore.Subscription{application: Nexus.App, backoff: {:backoff, 1000, 60000, 1000, :jitter, :undefined, :undefined}, concurrency: 1, partition_by: nil, subscribe_to: :all, subscribe_from: :origin, subscription_name: "Treasury.TransferProjector", subscription_opts: [], subscription_pid: #PID<0.2543.0>, subscription_ref: #Reference<0.504251661.3394502657.217451>}, subscribe_timer: nil}
23:10:02.111 [debug] Subscription "Treasury.TransferProjector"@"$all" subscriber #PID<0.2542.0> down due to: %Ecto.ChangeError{message: "value `\"user_456\"` for `Nexus.Treasury.Projections.Transfer.user_id` in `insert` does not match type :binary_id"}
23:10:02.111 [debug] Subscription "Treasury.TransferProjector"@"$all" has no subscribers, shutting down
23:10:02.111 [error] GenServer {Nexus.EventStore.EventStore.Subscriptions.Registry, {"$all", "Treasury.TransferProjector"}} terminating
** (stop) %Ecto.ChangeError{message: "value `\"user_456\"` for `Nexus.Treasury.Projections.Transfer.user_id` in `insert` does not match type :binary_id"}
Last message: {:DOWN, #Reference<0.504251661.3394502657.217428>, :process, #PID<0.2542.0>, %Ecto.ChangeError{message: "value `\"user_456\"` for `Nexus.Treasury.Projections.Transfer.user_id` in `insert` does not match type :binary_id"}}
State: %EventStore.Subscriptions.Subscription{stream_uuid: "$all", subscription_name: "Treasury.TransferProjector", subscription: %EventStore.Subscriptions.SubscriptionFsm{state: :unsubscribed, data: %EventStore.Subscriptions.SubscriptionState{conn: Nexus.EventStore.Postgrex, event_store: Nexus.EventStore, serializer: Commanded.Serialization.JsonSerializer, schema: "event_store", stream_uuid: "$all", start_from: 0, subscription_name: "Treasury.TransferProjector", subscription_id: 712, selector: nil, mapper: &Commanded.EventStore.Adapters.EventStore.Mapper.from_recorded_event/1, max_size: 1000, partition_by: nil, query_timeout: 15000, lock_ref: #Reference<0.504251661.3394502657.217448>, last_received: 3171, last_sent: 2172, last_ack: 2171, queue_size: 1000, buffer_size: 1, checkpoint_after: 0, checkpoint_threshold: 1, checkpoint_timer_ref: nil, checkpoints_pending: 0, subscribers: %{}, partitions: %{nil: {[%EventStore.RecordedEvent{event_number: 3171, event_id: "8586578d-d056-4f8a-9ef5-e50055576e3d", stream_uuid: "ac7468f5-30d7-40c0-8616-11d90e0baaff", stream_version: 2, correlation_id: "39b30acd-48bc-46aa-95f6-dbca71341717", causation_id: "63e9af3a-68e5-4fcb-b1e2-45e01849c483", event_type: "Elixir.Nexus.Treasury.Events.PolicyAlertTriggered", data: %Nexus.Treasury.Events.PolicyAlertTriggered{policy_id: "ac7468f5-30d7-40c0-8616-11d90e0baaff", org_id: "ac7468f5-30d7-40c0-8616-11d90e0baaff", currency_pair: "EUR/USD", exposure_amount: "120000", threshold: "100000", triggered_at: "2026-03-11T11:11:50.245617Z"}, metadata: %{}, created_at: ~U[2026-03-11 11:11:50.246040Z]}, %EventStore.RecordedEvent{event_number: 3170, event_id: "d9b79299-4063-4885-b6d9-34698aedcb10", stream_uuid: "ac7468f5-30d7-40c0-8616-11d90e0baaff", stream_version: 1, correlation_id: "788f0b6b-0bfc-40f7-a9f1-8257a38dc3b3", causation_id: "5372e3c5-9d37-4049-b5ad-ea745c35f334", event_type: "Elixir.Nexus.Treasury.Events.TransferThresholdSet", data: %Nexus.Treasury.Events.TransferThresholdSet{policy_id: "ac7468f5-30d7-40c0-8616-11d90e0baaff", org_id: "ac7468f5-30d7-40c0-8616-11d90e0baaff", threshold: "100000", set_at: "2026-03-11T11:11:50.238725Z"}, metadata: %{}, created_at: ~U[2026-03-11 11:11:50.240394Z]}, %EventStore.RecordedEvent{event_number: 3169, event_id: "1921c76c-7123-46a0-829b-f758c37f1936", stream_uuid: "forecast-0bc9eb4f-96f1-4960-bbd1-8669f786883a", stream_version: 2, correlation_id: "6461481b-22c8-42f5-9321-fb6182c6c883", causation_id: "9495e45b-6570-4a67-8f67-a7628c22d6b5", event_type: "Elixir.Nexus.Treasury.Events.ForecastGenerated", data: %Nexus.Treasury.Events.ForecastGenerated{org_id: "0bc9eb4f-96f1-4960-bbd1-8669f786883a", currency: "EUR", horizon_days: 30, predictions: [%{date: "2026-03-03", predicted_amount: "110000.000000"}], generated_at: "2026-03-11T11:11:50.230730Z"}, metadata: %{}, created_at: ~U[2026-03-11 11:11:50.231171Z]}, %EventStore.RecordedEvent{event_number: 3168, event_id: "eb625212-2f0a-444d-8cce-9809554dfc41", stream_uuid: "forecast-0bc9eb4f-96f1-4960-bbd1-8669f786883a", stream_version: 1, correlation_id: "be901c27-d444-4708-ab95-a805d38476ef", causation_id: "b866081f-be26-453f-9b2f-ea1e9ec2d11a", event_type: "Elixir.Nexus.Treasury.Events.ForecastGenerated", data: %Nexus.Treasury.Events.ForecastGenerated{org_id: "0bc9eb4f-96f1-4960-bbd1-8669f786883a", currency: "EUR", horizon_days: 30, predictions: [%{date: "2026-03-03", predicted_amount: "100000.00"}], generated_at: "2026-03-11T11:11:50.227029Z"}, ...}, ...], ...}}, ...}}, ...}
23:10:02.111 [debug] Nexus.Treasury.Projectors.TransferProjector is shutting down due to {%Ecto.ChangeError{message: "value `\"user_456\"` for `Nexus.Treasury.Projections.Transfer.user_id` in `insert` does not match type :binary_id"}, {GenServer, :call, [#PID<0.2543.0>, {:connect, #PID<0.2547.0>, [retry_interval: 60000, hibernate_after: 15000, partition_by: nil, concurrency_limit: 1, name: Nexus.EventStore, mapper: &Commanded.EventStore.Adapters.EventStore.Mapper.from_recorded_event/1, conn: Nexus.EventStore.Postgrex, event_store: Nexus.EventStore, query_timeout: 15000, schema: "event_store", serializer: Commanded.Serialization.JsonSerializer, stream_uuid: "$all", subscription_name: "Treasury.TransferProjector", start_from: 0]}, 5000]}}
23:10:02.111 [error] GenServer {Nexus.App.LocalRegistry, {Nexus.App, Commanded.Event.Handler, "Treasury.TransferProjector"}} terminating
** (stop) exited in: GenServer.call(#PID<0.2543.0>, {:connect, #PID<0.2547.0>, [retry_interval: 60000, hibernate_after: 15000, partition_by: nil, concurrency_limit: 1, name: Nexus.EventStore, mapper: &Commanded.EventStore.Adapters.EventStore.Mapper.from_recorded_event/1, conn: Nexus.EventStore.Postgrex, event_store: Nexus.EventStore, query_timeout: 15000, schema: "event_store", serializer: Commanded.Serialization.JsonSerializer, stream_uuid: "$all", subscription_name: "Treasury.TransferProjector", start_from: 0]}, 5000)
    ** (EXIT) %Ecto.ChangeError{message: "value `\"user_456\"` for `Nexus.Treasury.Projections.Transfer.user_id` in `insert` does not match type :binary_id"}
    (elixir 1.19.5) lib/gen_server.ex:1142: GenServer.call/3
    (commanded 1.4.9) lib/commanded/event_store.ex:289: anonymous fn/2 in Commanded.EventStore.span/3
    (telemetry 1.3.0) /Users/bernard/dev/nexus/deps/telemetry/src/telemetry.erl:324: :telemetry.span/3
    (commanded 1.4.9) lib/commanded/event_store/subscription.ex:58: Commanded.EventStore.Subscription.subscribe/2
    (commanded 1.4.9) lib/commanded/event/handler.ex:1024: Commanded.Event.Handler.subscribe_to_events/1
    (commanded 1.4.9) lib/commanded/event/handler.ex:887: Commanded.Event.Handler.handle_continue/2
    (stdlib 7.1) gen_server.erl:2424: :gen_server.try_handle_continue/3
    (stdlib 7.1) gen_server.erl:2291: :gen_server.loop/4
    (stdlib 7.1) proc_lib.erl:333: :proc_lib.init_p_do_apply/3
Last message: {:continue, :subscribe_to_events}
State: %Commanded.Event.Handler{application: Nexus.App, consistency: :eventual, handler_callback: :event, handler_name: "Treasury.TransferProjector", handler_module: Nexus.Treasury.Projectors.TransferProjector, handler_state: nil, last_seen_event: nil, subscription: %Commanded.EventStore.Subscription{application: Nexus.App, backoff: {:backoff, 1000, 60000, 1000, :jitter, :undefined, :undefined}, concurrency: 1, partition_by: nil, subscribe_to: :all, subscribe_from: :origin, subscription_name: "Treasury.TransferProjector", subscription_opts: [], subscription_pid: nil, subscription_ref: nil}, subscribe_timer: nil}
23:10:02.112 [debug] Subscription "Treasury.TransferProjector"@"$all" attempting to connect subscriber #PID<0.2548.0>
23:10:02.112 [debug] Subscription "Treasury.TransferProjector"@"$all" catching-up
23:10:02.112 [debug] Nexus.Treasury.Projectors.TransferProjector has successfully subscribed to event store
23:10:02.116 [debug] Nexus.Identity.Projectors.UserRegistrationProjector received events: [%Commanded.EventStore.RecordedEvent{event_id: "282ec866-f518-44ed-95f6-7a535d6c3e25", event_number: 11262, stream_id: "019d0c26-0b00-74a0-bd6d-48329cf61a57", stream_version: 1, causation_id: "d64809a4-8402-4360-8536-99b7a0f860ca", correlation_id: "e0f4b4bb-483c-4914-aaaa-956d1587d67e", event_type: "Elixir.Nexus.Identity.Events.UserRegistered", data: %Nexus.Identity.Events.UserRegistered{user_id: "019d0c26-0b00-74a0-bd6d-48329cf61a57", org_id: "019d0c26-0b00-74a0-8884-24b7b734f296", email: "test@example.com", role: "system_admin", cose_key: "Ym9vdHN0cmFwX2Nvc2Vfa2V5", credential_id: "Ym9vdHN0cmFwX2NyZWRlbnRpYWxfaWQ=", registered_at: "2026-03-20T16:48:33.024173Z", display_name: "Test User", status: "active"}, created_at: ~U[2026-03-20 16:48:33.025211Z], metadata: %{"causation_id" => "019d0c26-0b00-71d0-a1d2-041f55e92cfc", "correlation_id" => "019d0c26-0b00-71d0-a1d2-041f55e92cfc"}}]
23:10:02.117 [debug] QUERY OK db=0.0ms
begin []
23:10:02.117 [debug] QUERY OK source="projection_versions" db=0.1ms
INSERT INTO "projection_versions" AS p0 ("projection_name","last_seen_event_number","inserted_at","updated_at") VALUES ($1,$2,$3,$4) ON CONFLICT ("projection_name") DO UPDATE SET "last_seen_event_number" = $5 WHERE ((p0."projection_name" = $6) AND (p0."last_seen_event_number" < $7)) ["Identity.Projectors.UserRegistrationProjector", 11262, ~N[2026-03-20 23:10:02.117141], ~N[2026-03-20 23:10:02.117141], 11262, "Identity.Projectors.UserRegistrationProjector", 11262]
23:10:02.117 [debug] QUERY OK source="users" db=0.1ms
SELECT u0."id", u0."org_id", u0."email", u0."display_name", u0."status", u0."cose_key", u0."credential_id", u0."roles", u0."created_at", u0."updated_at" FROM "users" AS u0 WHERE (u0."id" = $1) ["019d0c26-0b00-74a0-bd6d-48329cf61a57"]
23:10:02.117 [debug] QUERY OK source="users" db=0.2ms
SELECT u0."id", u0."org_id", u0."email", u0."display_name", u0."status", u0."cose_key", u0."credential_id", u0."roles", u0."created_at", u0."updated_at" FROM "users" AS u0 WHERE (u0."email" = $1) ["test@example.com"]
23:10:02.118 [debug] QUERY OK source="users" db=0.1ms
INSERT INTO "users" ("id","status","org_id","email","display_name","roles","cose_key","credential_id","created_at","updated_at") VALUES ($1,$2,$3,$4,$5,$6,$7,$8,$9,$10) ["019d0c26-0b00-74a0-bd6d-48329cf61a57", "active", "019d0c26-0b00-74a0-8884-24b7b734f296", "test@example.com", "Test User", ["system_admin"], "bootstrap_cose_key", "bootstrap_credential_id", ~U[2026-03-20 23:10:02.117882Z], ~U[2026-03-20 23:10:02.117882Z]]
23:10:02.118 [debug] QUERY ERROR source="identity_user_settings" db=0.0ms
SELECT i0."id", i0."user_id", i0."org_id", i0."locale", i0."timezone", i0."notifications_enabled", i0."created_at", i0."updated_at" FROM "identity_user_settings" AS i0 WHERE (i0."id" = $1) ["019d0c26-0b00-74a0-bd6d-48329cf61a57"]
23:10:02.118 [debug] QUERY OK db=0.1ms
rollback []
23:10:02.119 [error] Nexus.Identity.Projectors.UserRegistrationProjector failed to handle event:
%Commanded.EventStore.RecordedEvent{
  event_id: "282ec866-f518-44ed-95f6-7a535d6c3e25",
  event_number: 11262,
  stream_id: "019d0c26-0b00-74a0-bd6d-48329cf61a57",
  stream_version: 1,
  causation_id: "d64809a4-8402-4360-8536-99b7a0f860ca",
  correlation_id: "e0f4b4bb-483c-4914-aaaa-956d1587d67e",
  event_type: "Elixir.Nexus.Identity.Events.UserRegistered",
  data: %Nexus.Identity.Events.UserRegistered{
    user_id: "019d0c26-0b00-74a0-bd6d-48329cf61a57",
    org_id: "019d0c26-0b00-74a0-8884-24b7b734f296",
    email: "test@example.com",
    role: "system_admin",
    cose_key: "Ym9vdHN0cmFwX2Nvc2Vfa2V5",
    credential_id: "Ym9vdHN0cmFwX2NyZWRlbnRpYWxfaWQ=",
    registered_at: "2026-03-20T16:48:33.024173Z",
    display_name: "Test User",
    status: "active"
  },
  created_at: ~U[2026-03-20 16:48:33.025211Z],
  metadata: %{
    "causation_id" => "019d0c26-0b00-71d0-a1d2-041f55e92cfc",
    "correlation_id" => "019d0c26-0b00-71d0-a1d2-041f55e92cfc"
  }
}, due to:
** (Postgrex.Error) ERROR 42703 (undefined_column) column i0.id does not exist

    query: SELECT i0."id", i0."user_id", i0."org_id", i0."locale", i0."timezone", i0."notifications_enabled", i0."created_at", i0."updated_at" FROM "identity_user_settings" AS i0 WHERE (i0."id" = $1)
    (ecto_sql 3.13.4) lib/ecto/adapters/sql.ex:1113: Ecto.Adapters.SQL.raise_sql_call_error/1
    (ecto_sql 3.13.4) lib/ecto/adapters/sql.ex:1011: Ecto.Adapters.SQL.execute/6
    (ecto 3.13.5) lib/ecto/repo/queryable.ex:241: Ecto.Repo.Queryable.execute/4
    (ecto 3.13.5) lib/ecto/repo/queryable.ex:19: Ecto.Repo.Queryable.all/3
    (ecto 3.13.5) lib/ecto/repo/queryable.ex:163: Ecto.Repo.Queryable.one/3
    (nexus 0.1.0) lib/nexus/identity/projectors/user_registration_projector.ex:53: anonymous fn/3 in Nexus.Identity.Projectors.UserRegistrationProjector.project_registration/3
    (ecto 3.13.5) lib/ecto/multi.ex:905: Ecto.Multi.apply_operation/5
    (elixir 1.19.5) lib/enum.ex:2520: Enum."-reduce/3-lists^foldl/2-0-"/3
    (ecto 3.13.5) lib/ecto/multi.ex:878: anonymous fn/5 in Ecto.Multi.apply_operations/5
    (ecto_sql 3.13.4) lib/ecto/adapters/sql.ex:1473: anonymous fn/3 in Ecto.Adapters.SQL.checkout_or_transaction/4
    (db_connection 2.9.0) lib/db_connection.ex:1747: DBConnection.run_transaction/4
    (ecto 3.13.5) lib/ecto/repo/transaction.ex:30: Ecto.Repo.Transaction.transact/4
    (nexus 0.1.0) deps/commanded_ecto_projections/lib/projections/ecto.ex:97: Nexus.Identity.Projectors.UserRegistrationProjector.update_projection/3
    (commanded 1.4.9) lib/commanded/event/handler.ex:1221: Commanded.Event.Handler.delegate_event_to_handler/2
    (commanded 1.4.9) lib/commanded/event/handler.ex:1062: Commanded.Event.Handler.handle_event/3
    (elixir 1.19.5) lib/enum.ex:2520: Enum."-reduce/3-lists^foldl/2-0-"/3
    (commanded 1.4.9) lib/commanded/event/handler.ex:969: Commanded.Event.Handler.handle_info/2
    (stdlib 7.1) gen_server.erl:2434: :gen_server.try_handle_info/3
    (stdlib 7.1) gen_server.erl:2420: :gen_server.handle_msg/3
    (stdlib 7.1) proc_lib.erl:333: :proc_lib.init_p_do_apply/3

23:10:02.119 [warning] Nexus.Identity.Projectors.UserRegistrationProjector has requested to stop: %Postgrex.Error{message: nil, postgres: %{code: :undefined_column, line: "3721", message: "column i0.id does not exist", position: "8", file: "parse_relation.c", unknown: "ERROR", severity: "ERROR", pg_code: "42703", routine: "errorMissingColumn"}, connection_id: 3148, query: "SELECT i0.\"id\", i0.\"user_id\", i0.\"org_id\", i0.\"locale\", i0.\"timezone\", i0.\"notifications_enabled\", i0.\"created_at\", i0.\"updated_at\" FROM \"identity_user_settings\" AS i0 WHERE (i0.\"id\" = $1)"}
23:10:02.119 [debug] Nexus.Identity.Projectors.UserRegistrationProjector is shutting down due to %Postgrex.Error{message: nil, postgres: %{code: :undefined_column, line: "3721", message: "column i0.id does not exist", position: "8", file: "parse_relation.c", unknown: "ERROR", severity: "ERROR", pg_code: "42703", routine: "errorMissingColumn"}, connection_id: 3148, query: "SELECT i0.\"id\", i0.\"user_id\", i0.\"org_id\", i0.\"locale\", i0.\"timezone\", i0.\"notifications_enabled\", i0.\"created_at\", i0.\"updated_at\" FROM \"identity_user_settings\" AS i0 WHERE (i0.\"id\" = $1)"}
23:10:02.119 [error] GenServer {Nexus.App.LocalRegistry, {Nexus.App, Commanded.Event.Handler, "Identity.Projectors.UserRegistrationProjector"}} terminating
** (stop) %Postgrex.Error{message: nil, postgres: %{code: :undefined_column, line: "3721", message: "column i0.id does not exist", position: "8", file: "parse_relation.c", unknown: "ERROR", severity: "ERROR", pg_code: "42703", routine: "errorMissingColumn"}, connection_id: 3148, query: "SELECT i0.\"id\", i0.\"user_id\", i0.\"org_id\", i0.\"locale\", i0.\"timezone\", i0.\"notifications_enabled\", i0.\"created_at\", i0.\"updated_at\" FROM \"identity_user_settings\" AS i0 WHERE (i0.\"id\" = $1)"}
Last message: {:events, [%Commanded.EventStore.RecordedEvent{event_id: "282ec866-f518-44ed-95f6-7a535d6c3e25", event_number: 11262, stream_id: "019d0c26-0b00-74a0-bd6d-48329cf61a57", stream_version: 1, causation_id: "d64809a4-8402-4360-8536-99b7a0f860ca", correlation_id: "e0f4b4bb-483c-4914-aaaa-956d1587d67e", event_type: "Elixir.Nexus.Identity.Events.UserRegistered", data: %Nexus.Identity.Events.UserRegistered{user_id: "019d0c26-0b00-74a0-bd6d-48329cf61a57", org_id: "019d0c26-0b00-74a0-8884-24b7b734f296", email: "test@example.com", role: "system_admin", cose_key: "Ym9vdHN0cmFwX2Nvc2Vfa2V5", credential_id: "Ym9vdHN0cmFwX2NyZWRlbnRpYWxfaWQ=", registered_at: "2026-03-20T16:48:33.024173Z", display_name: "Test User", status: "active"}, created_at: ~U[2026-03-20 16:48:33.025211Z], metadata: %{"causation_id" => "019d0c26-0b00-71d0-a1d2-041f55e92cfc", "correlation_id" => "019d0c26-0b00-71d0-a1d2-041f55e92cfc"}}]}
State: %Commanded.Event.Handler{application: Nexus.App, consistency: :strong, handler_callback: :event, handler_name: "Identity.Projectors.UserRegistrationProjector", handler_module: Nexus.Identity.Projectors.UserRegistrationProjector, handler_state: nil, last_seen_event: nil, subscription: %Commanded.EventStore.Subscription{application: Nexus.App, backoff: {:backoff, 1000, 60000, 1000, :jitter, :undefined, :undefined}, concurrency: 1, partition_by: nil, subscribe_to: :all, subscribe_from: :origin, subscription_name: "Identity.Projectors.UserRegistrationProjector", subscription_opts: [], subscription_pid: #PID<0.2546.0>, subscription_ref: #Reference<0.504251661.3394502660.23909>}, subscribe_timer: nil}
23:10:02.120 [debug] Subscription "Identity.Projectors.UserRegistrationProjector"@"$all" subscriber #PID<0.2545.0> down due to: %Postgrex.Error{message: nil, postgres: %{code: :undefined_column, line: "3721", message: "column i0.id does not exist", position: "8", file: "parse_relation.c", unknown: "ERROR", severity: "ERROR", pg_code: "42703", routine: "errorMissingColumn"}, connection_id: 3148, query: "SELECT i0.\"id\", i0.\"user_id\", i0.\"org_id\", i0.\"locale\", i0.\"timezone\", i0.\"notifications_enabled\", i0.\"created_at\", i0.\"updated_at\" FROM \"identity_user_settings\" AS i0 WHERE (i0.\"id\" = $1)"}
23:10:02.120 [debug] Subscription "Identity.Projectors.UserRegistrationProjector"@"$all" has no subscribers, shutting down
23:10:02.120 [error] GenServer {Nexus.EventStore.EventStore.Subscriptions.Registry, {"$all", "Identity.Projectors.UserRegistrationProjector"}} terminating
** (stop) %Postgrex.Error{message: nil, postgres: %{code: :undefined_column, line: "3721", message: "column i0.id does not exist", position: "8", file: "parse_relation.c", unknown: "ERROR", severity: "ERROR", pg_code: "42703", routine: "errorMissingColumn"}, connection_id: 3148, query: "SELECT i0.\"id\", i0.\"user_id\", i0.\"org_id\", i0.\"locale\", i0.\"timezone\", i0.\"notifications_enabled\", i0.\"created_at\", i0.\"updated_at\" FROM \"identity_user_settings\" AS i0 WHERE (i0.\"id\" = $1)"}
Last message: {:DOWN, #Reference<0.504251661.3394502660.23901>, :process, #PID<0.2545.0>, %Postgrex.Error{message: nil, postgres: %{code: :undefined_column, line: "3721", message: "column i0.id does not exist", position: "8", file: "parse_relation.c", unknown: "ERROR", severity: "ERROR", pg_code: "42703", routine: "errorMissingColumn"}, connection_id: 3148, query: "SELECT i0.\"id\", i0.\"user_id\", i0.\"org_id\", i0.\"locale\", i0.\"timezone\", i0.\"notifications_enabled\", i0.\"created_at\", i0.\"updated_at\" FROM \"identity_user_settings\" AS i0 WHERE (i0.\"id\" = $1)"}}
State: %EventStore.Subscriptions.Subscription{stream_uuid: "$all", subscription_name: "Identity.Projectors.UserRegistrationProjector", subscription: %EventStore.Subscriptions.SubscriptionFsm{state: :unsubscribed, data: %EventStore.Subscriptions.SubscriptionState{conn: Nexus.EventStore.Postgrex, event_store: Nexus.EventStore, serializer: Commanded.Serialization.JsonSerializer, schema: "event_store", stream_uuid: "$all", start_from: 0, subscription_name: "Identity.Projectors.UserRegistrationProjector", subscription_id: 405, selector: nil, mapper: &Commanded.EventStore.Adapters.EventStore.Mapper.from_recorded_event/1, max_size: 1000, partition_by: nil, query_timeout: 15000, lock_ref: #Reference<0.504251661.3394502658.73167>, last_received: 12220, last_sent: 11262, last_ack: 11261, queue_size: 959, buffer_size: 1, checkpoint_after: 0, checkpoint_threshold: 1, checkpoint_timer_ref: nil, checkpoints_pending: 0, subscribers: %{}, partitions: %{nil: {[%EventStore.RecordedEvent{event_number: 12220, event_id: "eb1dda64-231e-4bac-923f-f44f3aeac8f1", stream_uuid: "019d0d83-4d63-7c0f-8998-bde5f58f823e", stream_version: 1, correlation_id: "2e6db85b-ec66-499b-a629-d12a1db41979", causation_id: "fd7c44bf-84e2-4c28-b552-8148eb0c4bf7", event_type: "Elixir.Nexus.Treasury.Events.VaultRegistered", data: %Nexus.Treasury.Events.VaultRegistered{vault_id: "019d0d83-4d63-7c0f-8998-bde5f58f823e", org_id: "63dccc1e-056d-4801-b79b-e15c3a51c41c", name: "EUR Vault - 40282324-7b5a-4275-a8e9-09463a42360a", bank_name: "Test Bank", account_number: nil, iban: nil, currency: "EUR", provider: "mock", registered_at: "2026-03-20T23:10:02.083503Z", daily_withdrawal_limit: "0.0", requires_multi_sig: false}, metadata: %{"causation_id" => "019d0d83-4d63-74da-a283-fbb79e650874", "correlation_id" => "019d0d83-4d63-74da-a283-fbb79e650874"}, created_at: ~U[2026-03-20 23:10:02.084314Z]}, %EventStore.RecordedEvent{event_number: 12219, event_id: "09cf4bb5-cfed-4bfe-ae79-8ef871e6e166", stream_uuid: "019d0d83-4bc9-753a-80e6-2e4dca2c9c12", stream_version: 2, correlation_id: "8dcacd27-1027-44b0-a211-bb6a90fd3388", causation_id: "421e58bf-9a8c-4a90-b20a-e4234c00f2cc", event_type: "Elixir.Nexus.Treasury.Events.VaultBalanceSynced", data: %Nexus.Treasury.Events.VaultBalanceSynced{vault_id: "019d0d83-4bc9-753a-80e6-2e4dca2c9c12", org_id: "63dccc1e-056d-4801-b79b-e15c3a51c41c", amount: "500000.00", currency: "USD", synced_at: "2026-03-20T23:10:01.878699Z"}, metadata: %{"causation_id" => "019d0d83-4c96-7dfe-a58b-296d1cd6be89", "correlation_id" => "019d0d83-4c96-7dfe-a58b-296d1cd6be89"}, created_at: ~U[2026-03-20 23:10:01.879170Z]}, %EventStore.RecordedEvent{event_number: 12218, event_id: "9932df8b-18c6-4e36-b5e7-495fc0cc9d0d", stream_uuid: "019d0d83-4bc9-753a-80e6-2e4dca2c9c12", stream_version: 1, correlation_id: "f3ebc19f-f707-46c1-84ec-0edb1b2a053b", causation_id: "61db3cd8-c1cd-4645-97c1-c75b096edc34", event_type: "Elixir.Nexus.Treasury.Events.VaultRegistered", data: %Nexus.Treasury.Events.VaultRegistered{vault_id: "019d0d83-4bc9-753a-80e6-2e4dca2c9c12", org_id: "63dccc1e-056d-4801-b79b-e15c3a51c41c", name: "USD Vault - d16f182d-8771-4765-af35-8a77236fc170", bank_name: "Test Bank", account_number: nil, iban: nil, currency: "USD", provider: "mock", registered_at: "2026-03-20T23:10:01.673695Z", daily_withdrawal_limit: "0.0", requires_multi_sig: false}, metadata: %{"causation_id" => "019d0d83-4bc9-73e0-af57-7d94a03c6d5a", "correlation_id" => "019d0d83-4bc9-73e0-af57-7d94a03c6d5a"}, created_at: ~U[2026-03-20 23:10:01.674570Z]}, %EventStore.RecordedEvent{event_number: 12217, ...}, ...], ...}}, ...}}, ...}
23:10:02.120 [debug] Nexus.Identity.Projectors.UserRegistrationProjector is shutting down due to {%Postgrex.Error{message: nil, postgres: %{code: :undefined_column, line: "3721", message: "column i0.id does not exist", position: "8", file: "parse_relation.c", unknown: "ERROR", severity: "ERROR", pg_code: "42703", routine: "errorMissingColumn"}, connection_id: 3148, query: "SELECT i0.\"id\", i0.\"user_id\", i0.\"org_id\", i0.\"locale\", i0.\"timezone\", i0.\"notifications_enabled\", i0.\"created_at\", i0.\"updated_at\" FROM \"identity_user_settings\" AS i0 WHERE (i0.\"id\" = $1)"}, {GenServer, :call, [#PID<0.2546.0>, {:connect, #PID<0.2550.0>, [retry_interval: 60000, hibernate_after: 15000, partition_by: nil, concurrency_limit: 1, name: Nexus.EventStore, mapper: &Commanded.EventStore.Adapters.EventStore.Mapper.from_recorded_event/1, conn: Nexus.EventStore.Postgrex, event_store: Nexus.EventStore, query_timeout: 15000, schema: "event_store", serializer: Commanded.Serialization.JsonSerializer, stream_uuid: "$all", subscription_name: "Identity.Projectors.UserRegistrationProjector", start_from: 0]}, 5000]}}
23:10:02.120 [error] GenServer {Nexus.App.LocalRegistry, {Nexus.App, Commanded.Event.Handler, "Identity.Projectors.UserRegistrationProjector"}} terminating
** (stop) exited in: GenServer.call(#PID<0.2546.0>, {:connect, #PID<0.2550.0>, [retry_interval: 60000, hibernate_after: 15000, partition_by: nil, concurrency_limit: 1, name: Nexus.EventStore, mapper: &Commanded.EventStore.Adapters.EventStore.Mapper.from_recorded_event/1, conn: Nexus.EventStore.Postgrex, event_store: Nexus.EventStore, query_timeout: 15000, schema: "event_store", serializer: Commanded.Serialization.JsonSerializer, stream_uuid: "$all", subscription_name: "Identity.Projectors.UserRegistrationProjector", start_from: 0]}, 5000)
    ** (EXIT) %Postgrex.Error{message: nil, postgres: %{code: :undefined_column, line: "3721", message: "column i0.id does not exist", position: "8", file: "parse_relation.c", unknown: "ERROR", severity: "ERROR", pg_code: "42703", routine: "errorMissingColumn"}, connection_id: 3148, query: "SELECT i0.\"id\", i0.\"user_id\", i0.\"org_id\", i0.\"locale\", i0.\"timezone\", i0.\"notifications_enabled\", i0.\"created_at\", i0.\"updated_at\" FROM \"identity_user_settings\" AS i0 WHERE (i0.\"id\" = $1)"}
    (elixir 1.19.5) lib/gen_server.ex:1142: GenServer.call/3
    (commanded 1.4.9) lib/commanded/event_store.ex:289: anonymous fn/2 in Commanded.EventStore.span/3
    (telemetry 1.3.0) /Users/bernard/dev/nexus/deps/telemetry/src/telemetry.erl:324: :telemetry.span/3
    (commanded 1.4.9) lib/commanded/event_store/subscription.ex:58: Commanded.EventStore.Subscription.subscribe/2
    (commanded 1.4.9) lib/commanded/event/handler.ex:1024: Commanded.Event.Handler.subscribe_to_events/1
    (commanded 1.4.9) lib/commanded/event/handler.ex:887: Commanded.Event.Handler.handle_continue/2
    (stdlib 7.1) gen_server.erl:2424: :gen_server.try_handle_continue/3
    (stdlib 7.1) gen_server.erl:2291: :gen_server.loop/4
    (stdlib 7.1) proc_lib.erl:333: :proc_lib.init_p_do_apply/3
Last message: {:continue, :subscribe_to_events}
State: %Commanded.Event.Handler{application: Nexus.App, consistency: :strong, handler_callback: :event, handler_name: "Identity.Projectors.UserRegistrationProjector", handler_module: Nexus.Identity.Projectors.UserRegistrationProjector, handler_state: nil, last_seen_event: nil, subscription: %Commanded.EventStore.Subscription{application: Nexus.App, backoff: {:backoff, 1000, 60000, 1000, :jitter, :undefined, :undefined}, concurrency: 1, partition_by: nil, subscribe_to: :all, subscribe_from: :origin, subscription_name: "Identity.Projectors.UserRegistrationProjector", subscription_opts: [], subscription_pid: nil, subscription_ref: nil}, subscribe_timer: nil}
23:10:02.121 [debug] Subscription "Identity.Projectors.UserRegistrationProjector"@"$all" attempting to connect subscriber #PID<0.2551.0>
23:10:02.121 [debug] Subscription "Identity.Projectors.UserRegistrationProjector"@"$all" catching-up
23:10:02.121 [debug] Nexus.Identity.Projectors.UserRegistrationProjector has successfully subscribed to event store
23:10:02.123 [debug] Nexus.Treasury.Projectors.TransferProjector received events: [%Commanded.EventStore.RecordedEvent{event_id: "62c6b71c-722f-4f2d-8755-429e94f0e965", event_number: 2172, stream_id: "019cca7f-79a7-7b90-938a-8ce15011f26b", stream_version: 1, causation_id: "d72ccd15-4b2a-488e-97ff-35721da3c29b", correlation_id: "e053c8f4-f9af-4815-b6f7-0a119251f0d0", event_type: "Elixir.Nexus.Treasury.Events.TransferInitiated", data: %Nexus.Treasury.Events.TransferInitiated{transfer_id: "019cca7f-79a7-7b90-938a-8ce15011f26b", org_id: "org_123", user_id: "user_456", from_currency: "EUR", to_currency: "USD", amount: "100", status: "authorized", bulk_payment_id: nil, recipient_data: nil, requested_at: "2026-03-07T22:51:17.800772Z"}, created_at: ~U[2026-03-07 22:51:17.837188Z], metadata: %{}}]
23:10:02.123 [debug] QUERY OK db=0.0ms
begin []
23:10:02.124 [debug] QUERY OK source="projection_versions" db=0.0ms
INSERT INTO "projection_versions" AS p0 ("projection_name","last_seen_event_number","inserted_at","updated_at") VALUES ($1,$2,$3,$4) ON CONFLICT ("projection_name") DO UPDATE SET "last_seen_event_number" = $5 WHERE ((p0."projection_name" = $6) AND (p0."last_seen_event_number" < $7)) ["Treasury.TransferProjector", 2172, ~N[2026-03-20 23:10:02.123913], ~N[2026-03-20 23:10:02.123913], 2172, "Treasury.TransferProjector", 2172]
23:10:02.124 [debug] QUERY OK db=0.0ms
rollback []
23:10:02.125 [error] Nexus.Treasury.Projectors.TransferProjector failed to handle event:
%Commanded.EventStore.RecordedEvent{
  event_id: "62c6b71c-722f-4f2d-8755-429e94f0e965",
  event_number: 2172,
  stream_id: "019cca7f-79a7-7b90-938a-8ce15011f26b",
  stream_version: 1,
  causation_id: "d72ccd15-4b2a-488e-97ff-35721da3c29b",
  correlation_id: "e053c8f4-f9af-4815-b6f7-0a119251f0d0",
  event_type: "Elixir.Nexus.Treasury.Events.TransferInitiated",
  data: %Nexus.Treasury.Events.TransferInitiated{
    transfer_id: "019cca7f-79a7-7b90-938a-8ce15011f26b",
    org_id: "org_123",
    user_id: "user_456",
    from_currency: "EUR",
    to_currency: "USD",
    amount: "100",
    status: "authorized",
    bulk_payment_id: nil,
    recipient_data: nil,
    requested_at: "2026-03-07T22:51:17.800772Z"
  },
  created_at: ~U[2026-03-07 22:51:17.837188Z],
  metadata: %{}
}, due to:
** (Ecto.ChangeError) value `"user_456"` for `Nexus.Treasury.Projections.Transfer.user_id` in `insert` does not match type :binary_id
    (ecto 3.13.5) lib/ecto/repo/schema.ex:1301: Ecto.Repo.Schema.dump_field!/6
    (ecto 3.13.5) lib/ecto/repo/schema.ex:1310: anonymous fn/6 in Ecto.Repo.Schema.dump_fields!/5
    (stdlib 7.1) maps.erl:894: :maps.fold_1/4
    (ecto 3.13.5) lib/ecto/repo/schema.ex:1308: Ecto.Repo.Schema.dump_fields!/5
    (ecto 3.13.5) lib/ecto/repo/schema.ex:1240: Ecto.Repo.Schema.dump_changes!/7
    (ecto 3.13.5) lib/ecto/repo/schema.ex:476: anonymous fn/15 in Ecto.Repo.Schema.do_insert/4
    (ecto 3.13.5) lib/ecto/multi.ex:905: Ecto.Multi.apply_operation/5
    (elixir 1.19.5) lib/enum.ex:2520: Enum."-reduce/3-lists^foldl/2-0-"/3
    (ecto 3.13.5) lib/ecto/multi.ex:878: anonymous fn/5 in Ecto.Multi.apply_operations/5
    (ecto_sql 3.13.4) lib/ecto/adapters/sql.ex:1473: anonymous fn/3 in Ecto.Adapters.SQL.checkout_or_transaction/4
    (db_connection 2.9.0) lib/db_connection.ex:1747: DBConnection.run_transaction/4
    (ecto 3.13.5) lib/ecto/repo/transaction.ex:30: Ecto.Repo.Transaction.transact/4
    (nexus 0.1.0) deps/commanded_ecto_projections/lib/projections/ecto.ex:97: Nexus.Treasury.Projectors.TransferProjector.update_projection/3
    (commanded 1.4.9) lib/commanded/event/handler.ex:1221: Commanded.Event.Handler.delegate_event_to_handler/2
    (commanded 1.4.9) lib/commanded/event/handler.ex:1062: Commanded.Event.Handler.handle_event/3
    (elixir 1.19.5) lib/enum.ex:2520: Enum."-reduce/3-lists^foldl/2-0-"/3
    (commanded 1.4.9) lib/commanded/event/handler.ex:969: Commanded.Event.Handler.handle_info/2
    (stdlib 7.1) gen_server.erl:2434: :gen_server.try_handle_info/3
    (stdlib 7.1) gen_server.erl:2420: :gen_server.handle_msg/3
    (stdlib 7.1) proc_lib.erl:333: :proc_lib.init_p_do_apply/3

23:10:02.125 [warning] Nexus.Treasury.Projectors.TransferProjector has requested to stop: %Ecto.ChangeError{message: "value `\"user_456\"` for `Nexus.Treasury.Projections.Transfer.user_id` in `insert` does not match type :binary_id"}
23:10:02.125 [debug] Nexus.Treasury.Projectors.TransferProjector is shutting down due to %Ecto.ChangeError{message: "value `\"user_456\"` for `Nexus.Treasury.Projections.Transfer.user_id` in `insert` does not match type :binary_id"}
23:10:02.125 [error] GenServer {Nexus.App.LocalRegistry, {Nexus.App, Commanded.Event.Handler, "Treasury.TransferProjector"}} terminating
** (stop) %Ecto.ChangeError{message: "value `\"user_456\"` for `Nexus.Treasury.Projections.Transfer.user_id` in `insert` does not match type :binary_id"}
Last message: {:events, [%Commanded.EventStore.RecordedEvent{event_id: "62c6b71c-722f-4f2d-8755-429e94f0e965", event_number: 2172, stream_id: "019cca7f-79a7-7b90-938a-8ce15011f26b", stream_version: 1, causation_id: "d72ccd15-4b2a-488e-97ff-35721da3c29b", correlation_id: "e053c8f4-f9af-4815-b6f7-0a119251f0d0", event_type: "Elixir.Nexus.Treasury.Events.TransferInitiated", data: %Nexus.Treasury.Events.TransferInitiated{transfer_id: "019cca7f-79a7-7b90-938a-8ce15011f26b", org_id: "org_123", user_id: "user_456", from_currency: "EUR", to_currency: "USD", amount: "100", status: "authorized", bulk_payment_id: nil, recipient_data: nil, requested_at: "2026-03-07T22:51:17.800772Z"}, created_at: ~U[2026-03-07 22:51:17.837188Z], metadata: %{}}]}
State: %Commanded.Event.Handler{application: Nexus.App, consistency: :eventual, handler_callback: :event, handler_name: "Treasury.TransferProjector", handler_module: Nexus.Treasury.Projectors.TransferProjector, handler_state: nil, last_seen_event: nil, subscription: %Commanded.EventStore.Subscription{application: Nexus.App, backoff: {:backoff, 1000, 60000, 1000, :jitter, :undefined, :undefined}, concurrency: 1, partition_by: nil, subscribe_to: :all, subscribe_from: :origin, subscription_name: "Treasury.TransferProjector", subscription_opts: [], subscription_pid: #PID<0.2549.0>, subscription_ref: #Reference<0.504251661.3394502659.61369>}, subscribe_timer: nil}
23:10:02.125 [debug] Subscription "Treasury.TransferProjector"@"$all" subscriber #PID<0.2548.0> down due to: %Ecto.ChangeError{message: "value `\"user_456\"` for `Nexus.Treasury.Projections.Transfer.user_id` in `insert` does not match type :binary_id"}
23:10:02.125 [debug] Subscription "Treasury.TransferProjector"@"$all" has no subscribers, shutting down
23:10:02.125 [error] GenServer {Nexus.EventStore.EventStore.Subscriptions.Registry, {"$all", "Treasury.TransferProjector"}} terminating
** (stop) %Ecto.ChangeError{message: "value `\"user_456\"` for `Nexus.Treasury.Projections.Transfer.user_id` in `insert` does not match type :binary_id"}
Last message: {:DOWN, #Reference<0.504251661.3394502659.61343>, :process, #PID<0.2548.0>, %Ecto.ChangeError{message: "value `\"user_456\"` for `Nexus.Treasury.Projections.Transfer.user_id` in `insert` does not match type :binary_id"}}
State: %EventStore.Subscriptions.Subscription{stream_uuid: "$all", subscription_name: "Treasury.TransferProjector", subscription: %EventStore.Subscriptions.SubscriptionFsm{state: :unsubscribed, data: %EventStore.Subscriptions.SubscriptionState{conn: Nexus.EventStore.Postgrex, event_store: Nexus.EventStore, serializer: Commanded.Serialization.JsonSerializer, schema: "event_store", stream_uuid: "$all", start_from: 0, subscription_name: "Treasury.TransferProjector", subscription_id: 712, selector: nil, mapper: &Commanded.EventStore.Adapters.EventStore.Mapper.from_recorded_event/1, max_size: 1000, partition_by: nil, query_timeout: 15000, lock_ref: #Reference<0.504251661.3394502659.61366>, last_received: 3171, last_sent: 2172, last_ack: 2171, queue_size: 1000, buffer_size: 1, checkpoint_after: 0, checkpoint_threshold: 1, checkpoint_timer_ref: nil, checkpoints_pending: 0, subscribers: %{}, partitions: %{nil: {[%EventStore.RecordedEvent{event_number: 3171, event_id: "8586578d-d056-4f8a-9ef5-e50055576e3d", stream_uuid: "ac7468f5-30d7-40c0-8616-11d90e0baaff", stream_version: 2, correlation_id: "39b30acd-48bc-46aa-95f6-dbca71341717", causation_id: "63e9af3a-68e5-4fcb-b1e2-45e01849c483", event_type: "Elixir.Nexus.Treasury.Events.PolicyAlertTriggered", data: %Nexus.Treasury.Events.PolicyAlertTriggered{policy_id: "ac7468f5-30d7-40c0-8616-11d90e0baaff", org_id: "ac7468f5-30d7-40c0-8616-11d90e0baaff", currency_pair: "EUR/USD", exposure_amount: "120000", threshold: "100000", triggered_at: "2026-03-11T11:11:50.245617Z"}, metadata: %{}, created_at: ~U[2026-03-11 11:11:50.246040Z]}, %EventStore.RecordedEvent{event_number: 3170, event_id: "d9b79299-4063-4885-b6d9-34698aedcb10", stream_uuid: "ac7468f5-30d7-40c0-8616-11d90e0baaff", stream_version: 1, correlation_id: "788f0b6b-0bfc-40f7-a9f1-8257a38dc3b3", causation_id: "5372e3c5-9d37-4049-b5ad-ea745c35f334", event_type: "Elixir.Nexus.Treasury.Events.TransferThresholdSet", data: %Nexus.Treasury.Events.TransferThresholdSet{policy_id: "ac7468f5-30d7-40c0-8616-11d90e0baaff", org_id: "ac7468f5-30d7-40c0-8616-11d90e0baaff", threshold: "100000", set_at: "2026-03-11T11:11:50.238725Z"}, metadata: %{}, created_at: ~U[2026-03-11 11:11:50.240394Z]}, %EventStore.RecordedEvent{event_number: 3169, event_id: "1921c76c-7123-46a0-829b-f758c37f1936", stream_uuid: "forecast-0bc9eb4f-96f1-4960-bbd1-8669f786883a", stream_version: 2, correlation_id: "6461481b-22c8-42f5-9321-fb6182c6c883", causation_id: "9495e45b-6570-4a67-8f67-a7628c22d6b5", event_type: "Elixir.Nexus.Treasury.Events.ForecastGenerated", data: %Nexus.Treasury.Events.ForecastGenerated{org_id: "0bc9eb4f-96f1-4960-bbd1-8669f786883a", currency: "EUR", horizon_days: 30, predictions: [%{date: "2026-03-03", predicted_amount: "110000.000000"}], generated_at: "2026-03-11T11:11:50.230730Z"}, metadata: %{}, created_at: ~U[2026-03-11 11:11:50.231171Z]}, %EventStore.RecordedEvent{event_number: 3168, event_id: "eb625212-2f0a-444d-8cce-9809554dfc41", stream_uuid: "forecast-0bc9eb4f-96f1-4960-bbd1-8669f786883a", stream_version: 1, correlation_id: "be901c27-d444-4708-ab95-a805d38476ef", causation_id: "b866081f-be26-453f-9b2f-ea1e9ec2d11a", event_type: "Elixir.Nexus.Treasury.Events.ForecastGenerated", data: %Nexus.Treasury.Events.ForecastGenerated{org_id: "0bc9eb4f-96f1-4960-bbd1-8669f786883a", currency: "EUR", horizon_days: 30, predictions: [%{date: "2026-03-03", predicted_amount: "100000.00"}], generated_at: "2026-03-11T11:11:50.227029Z"}, ...}, ...], ...}}, ...}}, ...}
23:10:02.126 [debug] Nexus.Treasury.Projectors.TransferProjector is shutting down due to {%Ecto.ChangeError{message: "value `\"user_456\"` for `Nexus.Treasury.Projections.Transfer.user_id` in `insert` does not match type :binary_id"}, {GenServer, :call, [#PID<0.2549.0>, {:connect, #PID<0.2553.0>, [retry_interval: 60000, hibernate_after: 15000, partition_by: nil, concurrency_limit: 1, name: Nexus.EventStore, mapper: &Commanded.EventStore.Adapters.EventStore.Mapper.from_recorded_event/1, conn: Nexus.EventStore.Postgrex, event_store: Nexus.EventStore, query_timeout: 15000, schema: "event_store", serializer: Commanded.Serialization.JsonSerializer, stream_uuid: "$all", subscription_name: "Treasury.TransferProjector", start_from: 0]}, 5000]}}
23:10:02.126 [error] GenServer {Nexus.App.LocalRegistry, {Nexus.App, Commanded.Event.Handler, "Treasury.TransferProjector"}} terminating
** (stop) exited in: GenServer.call(#PID<0.2549.0>, {:connect, #PID<0.2553.0>, [retry_interval: 60000, hibernate_after: 15000, partition_by: nil, concurrency_limit: 1, name: Nexus.EventStore, mapper: &Commanded.EventStore.Adapters.EventStore.Mapper.from_recorded_event/1, conn: Nexus.EventStore.Postgrex, event_store: Nexus.EventStore, query_timeout: 15000, schema: "event_store", serializer: Commanded.Serialization.JsonSerializer, stream_uuid: "$all", subscription_name: "Treasury.TransferProjector", start_from: 0]}, 5000)
    ** (EXIT) %Ecto.ChangeError{message: "value `\"user_456\"` for `Nexus.Treasury.Projections.Transfer.user_id` in `insert` does not match type :binary_id"}
    (elixir 1.19.5) lib/gen_server.ex:1142: GenServer.call/3
    (commanded 1.4.9) lib/commanded/event_store.ex:289: anonymous fn/2 in Commanded.EventStore.span/3
    (telemetry 1.3.0) /Users/bernard/dev/nexus/deps/telemetry/src/telemetry.erl:324: :telemetry.span/3
    (commanded 1.4.9) lib/commanded/event_store/subscription.ex:58: Commanded.EventStore.Subscription.subscribe/2
    (commanded 1.4.9) lib/commanded/event/handler.ex:1024: Commanded.Event.Handler.subscribe_to_events/1
    (commanded 1.4.9) lib/commanded/event/handler.ex:887: Commanded.Event.Handler.handle_continue/2
    (stdlib 7.1) gen_server.erl:2424: :gen_server.try_handle_continue/3
    (stdlib 7.1) gen_server.erl:2291: :gen_server.loop/4
    (stdlib 7.1) proc_lib.erl:333: :proc_lib.init_p_do_apply/3
Last message: {:continue, :subscribe_to_events}
State: %Commanded.Event.Handler{application: Nexus.App, consistency: :eventual, handler_callback: :event, handler_name: "Treasury.TransferProjector", handler_module: Nexus.Treasury.Projectors.TransferProjector, handler_state: nil, last_seen_event: nil, subscription: %Commanded.EventStore.Subscription{application: Nexus.App, backoff: {:backoff, 1000, 60000, 1000, :jitter, :undefined, :undefined}, concurrency: 1, partition_by: nil, subscribe_to: :all, subscribe_from: :origin, subscription_name: "Treasury.TransferProjector", subscription_opts: [], subscription_pid: nil, subscription_ref: nil}, subscribe_timer: nil}
23:10:02.126 [debug] Subscription "Treasury.TransferProjector"@"$all" attempting to connect subscriber #PID<0.2554.0>
23:10:02.127 [debug] Subscription "Treasury.TransferProjector"@"$all" catching-up
23:10:02.127 [debug] Nexus.Treasury.Projectors.TransferProjector has successfully subscribed to event store
23:10:02.133 [debug] Nexus.Identity.Projectors.UserRegistrationProjector received events: [%Commanded.EventStore.RecordedEvent{event_id: "282ec866-f518-44ed-95f6-7a535d6c3e25", event_number: 11262, stream_id: "019d0c26-0b00-74a0-bd6d-48329cf61a57", stream_version: 1, causation_id: "d64809a4-8402-4360-8536-99b7a0f860ca", correlation_id: "e0f4b4bb-483c-4914-aaaa-956d1587d67e", event_type: "Elixir.Nexus.Identity.Events.UserRegistered", data: %Nexus.Identity.Events.UserRegistered{user_id: "019d0c26-0b00-74a0-bd6d-48329cf61a57", org_id: "019d0c26-0b00-74a0-8884-24b7b734f296", email: "test@example.com", role: "system_admin", cose_key: "Ym9vdHN0cmFwX2Nvc2Vfa2V5", credential_id: "Ym9vdHN0cmFwX2NyZWRlbnRpYWxfaWQ=", registered_at: "2026-03-20T16:48:33.024173Z", display_name: "Test User", status: "active"}, created_at: ~U[2026-03-20 16:48:33.025211Z], metadata: %{"causation_id" => "019d0c26-0b00-71d0-a1d2-041f55e92cfc", "correlation_id" => "019d0c26-0b00-71d0-a1d2-041f55e92cfc"}}]
23:10:02.133 [debug] QUERY OK db=0.1ms
begin []
23:10:02.134 [debug] QUERY OK source="projection_versions" db=0.0ms
INSERT INTO "projection_versions" AS p0 ("projection_name","last_seen_event_number","inserted_at","updated_at") VALUES ($1,$2,$3,$4) ON CONFLICT ("projection_name") DO UPDATE SET "last_seen_event_number" = $5 WHERE ((p0."projection_name" = $6) AND (p0."last_seen_event_number" < $7)) ["Identity.Projectors.UserRegistrationProjector", 11262, ~N[2026-03-20 23:10:02.133911], ~N[2026-03-20 23:10:02.133911], 11262, "Identity.Projectors.UserRegistrationProjector", 11262]
23:10:02.134 [debug] QUERY OK source="users" db=0.0ms
SELECT u0."id", u0."org_id", u0."email", u0."display_name", u0."status", u0."cose_key", u0."credential_id", u0."roles", u0."created_at", u0."updated_at" FROM "users" AS u0 WHERE (u0."id" = $1) ["019d0c26-0b00-74a0-bd6d-48329cf61a57"]
23:10:02.134 [debug] QUERY OK source="users" db=0.0ms
SELECT u0."id", u0."org_id", u0."email", u0."display_name", u0."status", u0."cose_key", u0."credential_id", u0."roles", u0."created_at", u0."updated_at" FROM "users" AS u0 WHERE (u0."email" = $1) ["test@example.com"]
23:10:02.134 [debug] QUERY OK source="users" db=0.1ms
INSERT INTO "users" ("id","status","org_id","email","display_name","roles","cose_key","credential_id","created_at","updated_at") VALUES ($1,$2,$3,$4,$5,$6,$7,$8,$9,$10) ["019d0c26-0b00-74a0-bd6d-48329cf61a57", "active", "019d0c26-0b00-74a0-8884-24b7b734f296", "test@example.com", "Test User", ["system_admin"], "bootstrap_cose_key", "bootstrap_credential_id", ~U[2026-03-20 23:10:02.134445Z], ~U[2026-03-20 23:10:02.134445Z]]
23:10:02.134 [debug] QUERY ERROR source="identity_user_settings" db=0.0ms
SELECT i0."id", i0."user_id", i0."org_id", i0."locale", i0."timezone", i0."notifications_enabled", i0."created_at", i0."updated_at" FROM "identity_user_settings" AS i0 WHERE (i0."id" = $1) ["019d0c26-0b00-74a0-bd6d-48329cf61a57"]
23:10:02.134 [debug] QUERY OK db=0.0ms
rollback []
23:10:02.136 [error] Nexus.Identity.Projectors.UserRegistrationProjector failed to handle event:
%Commanded.EventStore.RecordedEvent{
  event_id: "282ec866-f518-44ed-95f6-7a535d6c3e25",
  event_number: 11262,
  stream_id: "019d0c26-0b00-74a0-bd6d-48329cf61a57",
  stream_version: 1,
  causation_id: "d64809a4-8402-4360-8536-99b7a0f860ca",
  correlation_id: "e0f4b4bb-483c-4914-aaaa-956d1587d67e",
  event_type: "Elixir.Nexus.Identity.Events.UserRegistered",
  data: %Nexus.Identity.Events.UserRegistered{
    user_id: "019d0c26-0b00-74a0-bd6d-48329cf61a57",
    org_id: "019d0c26-0b00-74a0-8884-24b7b734f296",
    email: "test@example.com",
    role: "system_admin",
    cose_key: "Ym9vdHN0cmFwX2Nvc2Vfa2V5",
    credential_id: "Ym9vdHN0cmFwX2NyZWRlbnRpYWxfaWQ=",
    registered_at: "2026-03-20T16:48:33.024173Z",
    display_name: "Test User",
    status: "active"
  },
  created_at: ~U[2026-03-20 16:48:33.025211Z],
  metadata: %{
    "causation_id" => "019d0c26-0b00-71d0-a1d2-041f55e92cfc",
    "correlation_id" => "019d0c26-0b00-71d0-a1d2-041f55e92cfc"
  }
}, due to:
** (Postgrex.Error) ERROR 42703 (undefined_column) column i0.id does not exist

    query: SELECT i0."id", i0."user_id", i0."org_id", i0."locale", i0."timezone", i0."notifications_enabled", i0."created_at", i0."updated_at" FROM "identity_user_settings" AS i0 WHERE (i0."id" = $1)
    (ecto_sql 3.13.4) lib/ecto/adapters/sql.ex:1113: Ecto.Adapters.SQL.raise_sql_call_error/1
    (ecto_sql 3.13.4) lib/ecto/adapters/sql.ex:1011: Ecto.Adapters.SQL.execute/6
    (ecto 3.13.5) lib/ecto/repo/queryable.ex:241: Ecto.Repo.Queryable.execute/4
    (ecto 3.13.5) lib/ecto/repo/queryable.ex:19: Ecto.Repo.Queryable.all/3
    (ecto 3.13.5) lib/ecto/repo/queryable.ex:163: Ecto.Repo.Queryable.one/3
    (nexus 0.1.0) lib/nexus/identity/projectors/user_registration_projector.ex:53: anonymous fn/3 in Nexus.Identity.Projectors.UserRegistrationProjector.project_registration/3
    (ecto 3.13.5) lib/ecto/multi.ex:905: Ecto.Multi.apply_operation/5
    (elixir 1.19.5) lib/enum.ex:2520: Enum."-reduce/3-lists^foldl/2-0-"/3
    (ecto 3.13.5) lib/ecto/multi.ex:878: anonymous fn/5 in Ecto.Multi.apply_operations/5
    (ecto_sql 3.13.4) lib/ecto/adapters/sql.ex:1473: anonymous fn/3 in Ecto.Adapters.SQL.checkout_or_transaction/4
    (db_connection 2.9.0) lib/db_connection.ex:1747: DBConnection.run_transaction/4
    (ecto 3.13.5) lib/ecto/repo/transaction.ex:30: Ecto.Repo.Transaction.transact/4
    (nexus 0.1.0) deps/commanded_ecto_projections/lib/projections/ecto.ex:97: Nexus.Identity.Projectors.UserRegistrationProjector.update_projection/3
    (commanded 1.4.9) lib/commanded/event/handler.ex:1221: Commanded.Event.Handler.delegate_event_to_handler/2
    (commanded 1.4.9) lib/commanded/event/handler.ex:1062: Commanded.Event.Handler.handle_event/3
    (elixir 1.19.5) lib/enum.ex:2520: Enum."-reduce/3-lists^foldl/2-0-"/3
    (commanded 1.4.9) lib/commanded/event/handler.ex:969: Commanded.Event.Handler.handle_info/2
    (stdlib 7.1) gen_server.erl:2434: :gen_server.try_handle_info/3
    (stdlib 7.1) gen_server.erl:2420: :gen_server.handle_msg/3
    (stdlib 7.1) proc_lib.erl:333: :proc_lib.init_p_do_apply/3

23:10:02.136 [warning] Nexus.Identity.Projectors.UserRegistrationProjector has requested to stop: %Postgrex.Error{message: nil, postgres: %{code: :undefined_column, line: "3721", message: "column i0.id does not exist", position: "8", file: "parse_relation.c", unknown: "ERROR", severity: "ERROR", pg_code: "42703", routine: "errorMissingColumn"}, connection_id: 3148, query: "SELECT i0.\"id\", i0.\"user_id\", i0.\"org_id\", i0.\"locale\", i0.\"timezone\", i0.\"notifications_enabled\", i0.\"created_at\", i0.\"updated_at\" FROM \"identity_user_settings\" AS i0 WHERE (i0.\"id\" = $1)"}
23:10:02.136 [debug] Nexus.Identity.Projectors.UserRegistrationProjector is shutting down due to %Postgrex.Error{message: nil, postgres: %{code: :undefined_column, line: "3721", message: "column i0.id does not exist", position: "8", file: "parse_relation.c", unknown: "ERROR", severity: "ERROR", pg_code: "42703", routine: "errorMissingColumn"}, connection_id: 3148, query: "SELECT i0.\"id\", i0.\"user_id\", i0.\"org_id\", i0.\"locale\", i0.\"timezone\", i0.\"notifications_enabled\", i0.\"created_at\", i0.\"updated_at\" FROM \"identity_user_settings\" AS i0 WHERE (i0.\"id\" = $1)"}
23:10:02.136 [error] GenServer {Nexus.App.LocalRegistry, {Nexus.App, Commanded.Event.Handler, "Identity.Projectors.UserRegistrationProjector"}} terminating
** (stop) %Postgrex.Error{message: nil, postgres: %{code: :undefined_column, line: "3721", message: "column i0.id does not exist", position: "8", file: "parse_relation.c", unknown: "ERROR", severity: "ERROR", pg_code: "42703", routine: "errorMissingColumn"}, connection_id: 3148, query: "SELECT i0.\"id\", i0.\"user_id\", i0.\"org_id\", i0.\"locale\", i0.\"timezone\", i0.\"notifications_enabled\", i0.\"created_at\", i0.\"updated_at\" FROM \"identity_user_settings\" AS i0 WHERE (i0.\"id\" = $1)"}
Last message: {:events, [%Commanded.EventStore.RecordedEvent{event_id: "282ec866-f518-44ed-95f6-7a535d6c3e25", event_number: 11262, stream_id: "019d0c26-0b00-74a0-bd6d-48329cf61a57", stream_version: 1, causation_id: "d64809a4-8402-4360-8536-99b7a0f860ca", correlation_id: "e0f4b4bb-483c-4914-aaaa-956d1587d67e", event_type: "Elixir.Nexus.Identity.Events.UserRegistered", data: %Nexus.Identity.Events.UserRegistered{user_id: "019d0c26-0b00-74a0-bd6d-48329cf61a57", org_id: "019d0c26-0b00-74a0-8884-24b7b734f296", email: "test@example.com", role: "system_admin", cose_key: "Ym9vdHN0cmFwX2Nvc2Vfa2V5", credential_id: "Ym9vdHN0cmFwX2NyZWRlbnRpYWxfaWQ=", registered_at: "2026-03-20T16:48:33.024173Z", display_name: "Test User", status: "active"}, created_at: ~U[2026-03-20 16:48:33.025211Z], metadata: %{"causation_id" => "019d0c26-0b00-71d0-a1d2-041f55e92cfc", "correlation_id" => "019d0c26-0b00-71d0-a1d2-041f55e92cfc"}}]}
State: %Commanded.Event.Handler{application: Nexus.App, consistency: :strong, handler_callback: :event, handler_name: "Identity.Projectors.UserRegistrationProjector", handler_module: Nexus.Identity.Projectors.UserRegistrationProjector, handler_state: nil, last_seen_event: nil, subscription: %Commanded.EventStore.Subscription{application: Nexus.App, backoff: {:backoff, 1000, 60000, 1000, :jitter, :undefined, :undefined}, concurrency: 1, partition_by: nil, subscribe_to: :all, subscribe_from: :origin, subscription_name: "Identity.Projectors.UserRegistrationProjector", subscription_opts: [], subscription_pid: #PID<0.2552.0>, subscription_ref: #Reference<0.504251661.3394502657.217606>}, subscribe_timer: nil}
23:10:02.136 [debug] Subscription "Identity.Projectors.UserRegistrationProjector"@"$all" subscriber #PID<0.2551.0> down due to: %Postgrex.Error{message: nil, postgres: %{code: :undefined_column, line: "3721", message: "column i0.id does not exist", position: "8", file: "parse_relation.c", unknown: "ERROR", severity: "ERROR", pg_code: "42703", routine: "errorMissingColumn"}, connection_id: 3148, query: "SELECT i0.\"id\", i0.\"user_id\", i0.\"org_id\", i0.\"locale\", i0.\"timezone\", i0.\"notifications_enabled\", i0.\"created_at\", i0.\"updated_at\" FROM \"identity_user_settings\" AS i0 WHERE (i0.\"id\" = $1)"}
23:10:02.136 [debug] Subscription "Identity.Projectors.UserRegistrationProjector"@"$all" has no subscribers, shutting down
23:10:02.136 [error] GenServer {Nexus.EventStore.EventStore.Subscriptions.Registry, {"$all", "Identity.Projectors.UserRegistrationProjector"}} terminating
** (stop) %Postgrex.Error{message: nil, postgres: %{code: :undefined_column, line: "3721", message: "column i0.id does not exist", position: "8", file: "parse_relation.c", unknown: "ERROR", severity: "ERROR", pg_code: "42703", routine: "errorMissingColumn"}, connection_id: 3148, query: "SELECT i0.\"id\", i0.\"user_id\", i0.\"org_id\", i0.\"locale\", i0.\"timezone\", i0.\"notifications_enabled\", i0.\"created_at\", i0.\"updated_at\" FROM \"identity_user_settings\" AS i0 WHERE (i0.\"id\" = $1)"}
Last message: {:DOWN, #Reference<0.504251661.3394502657.217585>, :process, #PID<0.2551.0>, %Postgrex.Error{message: nil, postgres: %{code: :undefined_column, line: "3721", message: "column i0.id does not exist", position: "8", file: "parse_relation.c", unknown: "ERROR", severity: "ERROR", pg_code: "42703", routine: "errorMissingColumn"}, connection_id: 3148, query: "SELECT i0.\"id\", i0.\"user_id\", i0.\"org_id\", i0.\"locale\", i0.\"timezone\", i0.\"notifications_enabled\", i0.\"created_at\", i0.\"updated_at\" FROM \"identity_user_settings\" AS i0 WHERE (i0.\"id\" = $1)"}}
State: %EventStore.Subscriptions.Subscription{stream_uuid: "$all", subscription_name: "Identity.Projectors.UserRegistrationProjector", subscription: %EventStore.Subscriptions.SubscriptionFsm{state: :unsubscribed, data: %EventStore.Subscriptions.SubscriptionState{conn: Nexus.EventStore.Postgrex, event_store: Nexus.EventStore, serializer: Commanded.Serialization.JsonSerializer, schema: "event_store", stream_uuid: "$all", start_from: 0, subscription_name: "Identity.Projectors.UserRegistrationProjector", subscription_id: 405, selector: nil, mapper: &Commanded.EventStore.Adapters.EventStore.Mapper.from_recorded_event/1, max_size: 1000, partition_by: nil, query_timeout: 15000, lock_ref: #Reference<0.504251661.3394502657.217604>, last_received: 12220, last_sent: 11262, last_ack: 11261, queue_size: 959, buffer_size: 1, checkpoint_after: 0, checkpoint_threshold: 1, checkpoint_timer_ref: nil, checkpoints_pending: 0, subscribers: %{}, partitions: %{nil: {[%EventStore.RecordedEvent{event_number: 12220, event_id: "eb1dda64-231e-4bac-923f-f44f3aeac8f1", stream_uuid: "019d0d83-4d63-7c0f-8998-bde5f58f823e", stream_version: 1, correlation_id: "2e6db85b-ec66-499b-a629-d12a1db41979", causation_id: "fd7c44bf-84e2-4c28-b552-8148eb0c4bf7", event_type: "Elixir.Nexus.Treasury.Events.VaultRegistered", data: %Nexus.Treasury.Events.VaultRegistered{vault_id: "019d0d83-4d63-7c0f-8998-bde5f58f823e", org_id: "63dccc1e-056d-4801-b79b-e15c3a51c41c", name: "EUR Vault - 40282324-7b5a-4275-a8e9-09463a42360a", bank_name: "Test Bank", account_number: nil, iban: nil, currency: "EUR", provider: "mock", registered_at: "2026-03-20T23:10:02.083503Z", daily_withdrawal_limit: "0.0", requires_multi_sig: false}, metadata: %{"causation_id" => "019d0d83-4d63-74da-a283-fbb79e650874", "correlation_id" => "019d0d83-4d63-74da-a283-fbb79e650874"}, created_at: ~U[2026-03-20 23:10:02.084314Z]}, %EventStore.RecordedEvent{event_number: 12219, event_id: "09cf4bb5-cfed-4bfe-ae79-8ef871e6e166", stream_uuid: "019d0d83-4bc9-753a-80e6-2e4dca2c9c12", stream_version: 2, correlation_id: "8dcacd27-1027-44b0-a211-bb6a90fd3388", causation_id: "421e58bf-9a8c-4a90-b20a-e4234c00f2cc", event_type: "Elixir.Nexus.Treasury.Events.VaultBalanceSynced", data: %Nexus.Treasury.Events.VaultBalanceSynced{vault_id: "019d0d83-4bc9-753a-80e6-2e4dca2c9c12", org_id: "63dccc1e-056d-4801-b79b-e15c3a51c41c", amount: "500000.00", currency: "USD", synced_at: "2026-03-20T23:10:01.878699Z"}, metadata: %{"causation_id" => "019d0d83-4c96-7dfe-a58b-296d1cd6be89", "correlation_id" => "019d0d83-4c96-7dfe-a58b-296d1cd6be89"}, created_at: ~U[2026-03-20 23:10:01.879170Z]}, %EventStore.RecordedEvent{event_number: 12218, event_id: "9932df8b-18c6-4e36-b5e7-495fc0cc9d0d", stream_uuid: "019d0d83-4bc9-753a-80e6-2e4dca2c9c12", stream_version: 1, correlation_id: "f3ebc19f-f707-46c1-84ec-0edb1b2a053b", causation_id: "61db3cd8-c1cd-4645-97c1-c75b096edc34", event_type: "Elixir.Nexus.Treasury.Events.VaultRegistered", data: %Nexus.Treasury.Events.VaultRegistered{vault_id: "019d0d83-4bc9-753a-80e6-2e4dca2c9c12", org_id: "63dccc1e-056d-4801-b79b-e15c3a51c41c", name: "USD Vault - d16f182d-8771-4765-af35-8a77236fc170", bank_name: "Test Bank", account_number: nil, iban: nil, currency: "USD", provider: "mock", registered_at: "2026-03-20T23:10:01.673695Z", daily_withdrawal_limit: "0.0", requires_multi_sig: false}, metadata: %{"causation_id" => "019d0d83-4bc9-73e0-af57-7d94a03c6d5a", "correlation_id" => "019d0d83-4bc9-73e0-af57-7d94a03c6d5a"}, created_at: ~U[2026-03-20 23:10:01.674570Z]}, %EventStore.RecordedEvent{event_number: 12217, ...}, ...], ...}}, ...}}, ...}
23:10:02.136 [debug] Nexus.Identity.Projectors.UserRegistrationProjector is shutting down due to {%Postgrex.Error{message: nil, postgres: %{code: :undefined_column, line: "3721", message: "column i0.id does not exist", position: "8", file: "parse_relation.c", unknown: "ERROR", severity: "ERROR", pg_code: "42703", routine: "errorMissingColumn"}, connection_id: 3148, query: "SELECT i0.\"id\", i0.\"user_id\", i0.\"org_id\", i0.\"locale\", i0.\"timezone\", i0.\"notifications_enabled\", i0.\"created_at\", i0.\"updated_at\" FROM \"identity_user_settings\" AS i0 WHERE (i0.\"id\" = $1)"}, {GenServer, :call, [#PID<0.2552.0>, {:connect, #PID<0.2556.0>, [retry_interval: 60000, hibernate_after: 15000, partition_by: nil, concurrency_limit: 1, name: Nexus.EventStore, mapper: &Commanded.EventStore.Adapters.EventStore.Mapper.from_recorded_event/1, conn: Nexus.EventStore.Postgrex, event_store: Nexus.EventStore, query_timeout: 15000, schema: "event_store", serializer: Commanded.Serialization.JsonSerializer, stream_uuid: "$all", subscription_name: "Identity.Projectors.UserRegistrationProjector", start_from: 0]}, 5000]}}
23:10:02.137 [debug] Nexus.Treasury.Projectors.TransferProjector received events: [%Commanded.EventStore.RecordedEvent{event_id: "62c6b71c-722f-4f2d-8755-429e94f0e965", event_number: 2172, stream_id: "019cca7f-79a7-7b90-938a-8ce15011f26b", stream_version: 1, causation_id: "d72ccd15-4b2a-488e-97ff-35721da3c29b", correlation_id: "e053c8f4-f9af-4815-b6f7-0a119251f0d0", event_type: "Elixir.Nexus.Treasury.Events.TransferInitiated", data: %Nexus.Treasury.Events.TransferInitiated{transfer_id: "019cca7f-79a7-7b90-938a-8ce15011f26b", org_id: "org_123", user_id: "user_456", from_currency: "EUR", to_currency: "USD", amount: "100", status: "authorized", bulk_payment_id: nil, recipient_data: nil, requested_at: "2026-03-07T22:51:17.800772Z"}, created_at: ~U[2026-03-07 22:51:17.837188Z], metadata: %{}}]
23:10:02.136 [error] GenServer {Nexus.App.LocalRegistry, {Nexus.App, Commanded.Event.Handler, "Identity.Projectors.UserRegistrationProjector"}} terminating
** (stop) exited in: GenServer.call(#PID<0.2552.0>, {:connect, #PID<0.2556.0>, [retry_interval: 60000, hibernate_after: 15000, partition_by: nil, concurrency_limit: 1, name: Nexus.EventStore, mapper: &Commanded.EventStore.Adapters.EventStore.Mapper.from_recorded_event/1, conn: Nexus.EventStore.Postgrex, event_store: Nexus.EventStore, query_timeout: 15000, schema: "event_store", serializer: Commanded.Serialization.JsonSerializer, stream_uuid: "$all", subscription_name: "Identity.Projectors.UserRegistrationProjector", start_from: 0]}, 5000)
    ** (EXIT) %Postgrex.Error{message: nil, postgres: %{code: :undefined_column, line: "3721", message: "column i0.id does not exist", position: "8", file: "parse_relation.c", unknown: "ERROR", severity: "ERROR", pg_code: "42703", routine: "errorMissingColumn"}, connection_id: 3148, query: "SELECT i0.\"id\", i0.\"user_id\", i0.\"org_id\", i0.\"locale\", i0.\"timezone\", i0.\"notifications_enabled\", i0.\"created_at\", i0.\"updated_at\" FROM \"identity_user_settings\" AS i0 WHERE (i0.\"id\" = $1)"}
    (elixir 1.19.5) lib/gen_server.ex:1142: GenServer.call/3
    (commanded 1.4.9) lib/commanded/event_store.ex:289: anonymous fn/2 in Commanded.EventStore.span/3
    (telemetry 1.3.0) /Users/bernard/dev/nexus/deps/telemetry/src/telemetry.erl:324: :telemetry.span/3
    (commanded 1.4.9) lib/commanded/event_store/subscription.ex:58: Commanded.EventStore.Subscription.subscribe/2
    (commanded 1.4.9) lib/commanded/event/handler.ex:1024: Commanded.Event.Handler.subscribe_to_events/1
    (commanded 1.4.9) lib/commanded/event/handler.ex:887: Commanded.Event.Handler.handle_continue/2
    (stdlib 7.1) gen_server.erl:2424: :gen_server.try_handle_continue/3
    (stdlib 7.1) gen_server.erl:2291: :gen_server.loop/4
    (stdlib 7.1) proc_lib.erl:333: :proc_lib.init_p_do_apply/3
Last message: {:continue, :subscribe_to_events}
State: %Commanded.Event.Handler{application: Nexus.App, consistency: :strong, handler_callback: :event, handler_name: "Identity.Projectors.UserRegistrationProjector", handler_module: Nexus.Identity.Projectors.UserRegistrationProjector, handler_state: nil, last_seen_event: nil, subscription: %Commanded.EventStore.Subscription{application: Nexus.App, backoff: {:backoff, 1000, 60000, 1000, :jitter, :undefined, :undefined}, concurrency: 1, partition_by: nil, subscribe_to: :all, subscribe_from: :origin, subscription_name: "Identity.Projectors.UserRegistrationProjector", subscription_opts: [], subscription_pid: nil, subscription_ref: nil}, subscribe_timer: nil}
23:10:02.137 [debug] QUERY OK db=0.0ms
begin []
23:10:02.137 [debug] Subscription "Identity.Projectors.UserRegistrationProjector"@"$all" attempting to connect subscriber #PID<0.2557.0>
23:10:02.137 [debug] QUERY OK source="projection_versions" db=0.2ms
INSERT INTO "projection_versions" AS p0 ("projection_name","last_seen_event_number","inserted_at","updated_at") VALUES ($1,$2,$3,$4) ON CONFLICT ("projection_name") DO UPDATE SET "last_seen_event_number" = $5 WHERE ((p0."projection_name" = $6) AND (p0."last_seen_event_number" < $7)) ["Treasury.TransferProjector", 2172, ~N[2026-03-20 23:10:02.137473], ~N[2026-03-20 23:10:02.137473], 2172, "Treasury.TransferProjector", 2172]
23:10:02.137 [debug] QUERY OK db=0.0ms
rollback []
23:10:02.138 [debug] Subscription "Identity.Projectors.UserRegistrationProjector"@"$all" catching-up
23:10:02.138 [debug] Nexus.Identity.Projectors.UserRegistrationProjector has successfully subscribed to event store
23:10:02.139 [error] Nexus.Treasury.Projectors.TransferProjector failed to handle event:
%Commanded.EventStore.RecordedEvent{
  event_id: "62c6b71c-722f-4f2d-8755-429e94f0e965",
  event_number: 2172,
  stream_id: "019cca7f-79a7-7b90-938a-8ce15011f26b",
  stream_version: 1,
  causation_id: "d72ccd15-4b2a-488e-97ff-35721da3c29b",
  correlation_id: "e053c8f4-f9af-4815-b6f7-0a119251f0d0",
  event_type: "Elixir.Nexus.Treasury.Events.TransferInitiated",
  data: %Nexus.Treasury.Events.TransferInitiated{
    transfer_id: "019cca7f-79a7-7b90-938a-8ce15011f26b",
    org_id: "org_123",
    user_id: "user_456",
    from_currency: "EUR",
    to_currency: "USD",
    amount: "100",
    status: "authorized",
    bulk_payment_id: nil,
    recipient_data: nil,
    requested_at: "2026-03-07T22:51:17.800772Z"
  },
  created_at: ~U[2026-03-07 22:51:17.837188Z],
  metadata: %{}
}, due to:
** (Ecto.ChangeError) value `"user_456"` for `Nexus.Treasury.Projections.Transfer.user_id` in `insert` does not match type :binary_id
    (ecto 3.13.5) lib/ecto/repo/schema.ex:1301: Ecto.Repo.Schema.dump_field!/6
    (ecto 3.13.5) lib/ecto/repo/schema.ex:1310: anonymous fn/6 in Ecto.Repo.Schema.dump_fields!/5
    (stdlib 7.1) maps.erl:894: :maps.fold_1/4
    (ecto 3.13.5) lib/ecto/repo/schema.ex:1308: Ecto.Repo.Schema.dump_fields!/5
    (ecto 3.13.5) lib/ecto/repo/schema.ex:1240: Ecto.Repo.Schema.dump_changes!/7
    (ecto 3.13.5) lib/ecto/repo/schema.ex:476: anonymous fn/15 in Ecto.Repo.Schema.do_insert/4
    (ecto 3.13.5) lib/ecto/multi.ex:905: Ecto.Multi.apply_operation/5
    (elixir 1.19.5) lib/enum.ex:2520: Enum."-reduce/3-lists^foldl/2-0-"/3
    (ecto 3.13.5) lib/ecto/multi.ex:878: anonymous fn/5 in Ecto.Multi.apply_operations/5
    (ecto_sql 3.13.4) lib/ecto/adapters/sql.ex:1473: anonymous fn/3 in Ecto.Adapters.SQL.checkout_or_transaction/4
    (db_connection 2.9.0) lib/db_connection.ex:1747: DBConnection.run_transaction/4
    (ecto 3.13.5) lib/ecto/repo/transaction.ex:30: Ecto.Repo.Transaction.transact/4
    (nexus 0.1.0) deps/commanded_ecto_projections/lib/projections/ecto.ex:97: Nexus.Treasury.Projectors.TransferProjector.update_projection/3
    (commanded 1.4.9) lib/commanded/event/handler.ex:1221: Commanded.Event.Handler.delegate_event_to_handler/2
    (commanded 1.4.9) lib/commanded/event/handler.ex:1062: Commanded.Event.Handler.handle_event/3
    (elixir 1.19.5) lib/enum.ex:2520: Enum."-reduce/3-lists^foldl/2-0-"/3
    (commanded 1.4.9) lib/commanded/event/handler.ex:969: Commanded.Event.Handler.handle_info/2
    (stdlib 7.1) gen_server.erl:2434: :gen_server.try_handle_info/3
    (stdlib 7.1) gen_server.erl:2420: :gen_server.handle_msg/3
    (stdlib 7.1) proc_lib.erl:333: :proc_lib.init_p_do_apply/3

23:10:02.139 [warning] Nexus.Treasury.Projectors.TransferProjector has requested to stop: %Ecto.ChangeError{message: "value `\"user_456\"` for `Nexus.Treasury.Projections.Transfer.user_id` in `insert` does not match type :binary_id"}
23:10:02.139 [debug] Nexus.Treasury.Projectors.TransferProjector is shutting down due to %Ecto.ChangeError{message: "value `\"user_456\"` for `Nexus.Treasury.Projections.Transfer.user_id` in `insert` does not match type :binary_id"}
23:10:02.139 [error] GenServer {Nexus.App.LocalRegistry, {Nexus.App, Commanded.Event.Handler, "Treasury.TransferProjector"}} terminating
** (stop) %Ecto.ChangeError{message: "value `\"user_456\"` for `Nexus.Treasury.Projections.Transfer.user_id` in `insert` does not match type :binary_id"}
Last message: {:events, [%Commanded.EventStore.RecordedEvent{event_id: "62c6b71c-722f-4f2d-8755-429e94f0e965", event_number: 2172, stream_id: "019cca7f-79a7-7b90-938a-8ce15011f26b", stream_version: 1, causation_id: "d72ccd15-4b2a-488e-97ff-35721da3c29b", correlation_id: "e053c8f4-f9af-4815-b6f7-0a119251f0d0", event_type: "Elixir.Nexus.Treasury.Events.TransferInitiated", data: %Nexus.Treasury.Events.TransferInitiated{transfer_id: "019cca7f-79a7-7b90-938a-8ce15011f26b", org_id: "org_123", user_id: "user_456", from_currency: "EUR", to_currency: "USD", amount: "100", status: "authorized", bulk_payment_id: nil, recipient_data: nil, requested_at: "2026-03-07T22:51:17.800772Z"}, created_at: ~U[2026-03-07 22:51:17.837188Z], metadata: %{}}]}
State: %Commanded.Event.Handler{application: Nexus.App, consistency: :eventual, handler_callback: :event, handler_name: "Treasury.TransferProjector", handler_module: Nexus.Treasury.Projectors.TransferProjector, handler_state: nil, last_seen_event: nil, subscription: %Commanded.EventStore.Subscription{application: Nexus.App, backoff: {:backoff, 1000, 60000, 1000, :jitter, :undefined, :undefined}, concurrency: 1, partition_by: nil, subscribe_to: :all, subscribe_from: :origin, subscription_name: "Treasury.TransferProjector", subscription_opts: [], subscription_pid: #PID<0.2555.0>, subscription_ref: #Reference<0.504251661.3394502658.73240>}, subscribe_timer: nil}
23:10:02.139 [debug] Subscription "Treasury.TransferProjector"@"$all" subscriber #PID<0.2554.0> down due to: %Ecto.ChangeError{message: "value `\"user_456\"` for `Nexus.Treasury.Projections.Transfer.user_id` in `insert` does not match type :binary_id"}
23:10:02.139 [debug] Subscription "Treasury.TransferProjector"@"$all" has no subscribers, shutting down
23:10:02.139 [error] GenServer {Nexus.EventStore.EventStore.Subscriptions.Registry, {"$all", "Treasury.TransferProjector"}} terminating
** (stop) %Ecto.ChangeError{message: "value `\"user_456\"` for `Nexus.Treasury.Projections.Transfer.user_id` in `insert` does not match type :binary_id"}
Last message: {:DOWN, #Reference<0.504251661.3394502658.73235>, :process, #PID<0.2554.0>, %Ecto.ChangeError{message: "value `\"user_456\"` for `Nexus.Treasury.Projections.Transfer.user_id` in `insert` does not match type :binary_id"}}
State: %EventStore.Subscriptions.Subscription{stream_uuid: "$all", subscription_name: "Treasury.TransferProjector", subscription: %EventStore.Subscriptions.SubscriptionFsm{state: :unsubscribed, data: %EventStore.Subscriptions.SubscriptionState{conn: Nexus.EventStore.Postgrex, event_store: Nexus.EventStore, serializer: Commanded.Serialization.JsonSerializer, schema: "event_store", stream_uuid: "$all", start_from: 0, subscription_name: "Treasury.TransferProjector", subscription_id: 712, selector: nil, mapper: &Commanded.EventStore.Adapters.EventStore.Mapper.from_recorded_event/1, max_size: 1000, partition_by: nil, query_timeout: 15000, lock_ref: #Reference<0.504251661.3394502659.61592>, last_received: 3171, last_sent: 2172, last_ack: 2171, queue_size: 1000, buffer_size: 1, checkpoint_after: 0, checkpoint_threshold: 1, checkpoint_timer_ref: nil, checkpoints_pending: 0, subscribers: %{}, partitions: %{nil: {[%EventStore.RecordedEvent{event_number: 3171, event_id: "8586578d-d056-4f8a-9ef5-e50055576e3d", stream_uuid: "ac7468f5-30d7-40c0-8616-11d90e0baaff", stream_version: 2, correlation_id: "39b30acd-48bc-46aa-95f6-dbca71341717", causation_id: "63e9af3a-68e5-4fcb-b1e2-45e01849c483", event_type: "Elixir.Nexus.Treasury.Events.PolicyAlertTriggered", data: %Nexus.Treasury.Events.PolicyAlertTriggered{policy_id: "ac7468f5-30d7-40c0-8616-11d90e0baaff", org_id: "ac7468f5-30d7-40c0-8616-11d90e0baaff", currency_pair: "EUR/USD", exposure_amount: "120000", threshold: "100000", triggered_at: "2026-03-11T11:11:50.245617Z"}, metadata: %{}, created_at: ~U[2026-03-11 11:11:50.246040Z]}, %EventStore.RecordedEvent{event_number: 3170, event_id: "d9b79299-4063-4885-b6d9-34698aedcb10", stream_uuid: "ac7468f5-30d7-40c0-8616-11d90e0baaff", stream_version: 1, correlation_id: "788f0b6b-0bfc-40f7-a9f1-8257a38dc3b3", causation_id: "5372e3c5-9d37-4049-b5ad-ea745c35f334", event_type: "Elixir.Nexus.Treasury.Events.TransferThresholdSet", data: %Nexus.Treasury.Events.TransferThresholdSet{policy_id: "ac7468f5-30d7-40c0-8616-11d90e0baaff", org_id: "ac7468f5-30d7-40c0-8616-11d90e0baaff", threshold: "100000", set_at: "2026-03-11T11:11:50.238725Z"}, metadata: %{}, created_at: ~U[2026-03-11 11:11:50.240394Z]}, %EventStore.RecordedEvent{event_number: 3169, event_id: "1921c76c-7123-46a0-829b-f758c37f1936", stream_uuid: "forecast-0bc9eb4f-96f1-4960-bbd1-8669f786883a", stream_version: 2, correlation_id: "6461481b-22c8-42f5-9321-fb6182c6c883", causation_id: "9495e45b-6570-4a67-8f67-a7628c22d6b5", event_type: "Elixir.Nexus.Treasury.Events.ForecastGenerated", data: %Nexus.Treasury.Events.ForecastGenerated{org_id: "0bc9eb4f-96f1-4960-bbd1-8669f786883a", currency: "EUR", horizon_days: 30, predictions: [%{date: "2026-03-03", predicted_amount: "110000.000000"}], generated_at: "2026-03-11T11:11:50.230730Z"}, metadata: %{}, created_at: ~U[2026-03-11 11:11:50.231171Z]}, %EventStore.RecordedEvent{event_number: 3168, event_id: "eb625212-2f0a-444d-8cce-9809554dfc41", stream_uuid: "forecast-0bc9eb4f-96f1-4960-bbd1-8669f786883a", stream_version: 1, correlation_id: "be901c27-d444-4708-ab95-a805d38476ef", causation_id: "b866081f-be26-453f-9b2f-ea1e9ec2d11a", event_type: "Elixir.Nexus.Treasury.Events.ForecastGenerated", data: %Nexus.Treasury.Events.ForecastGenerated{org_id: "0bc9eb4f-96f1-4960-bbd1-8669f786883a", currency: "EUR", horizon_days: 30, predictions: [%{date: "2026-03-03", predicted_amount: "100000.00"}], generated_at: "2026-03-11T11:11:50.227029Z"}, ...}, ...], ...}}, ...}}, ...}
23:10:02.140 [debug] Nexus.Treasury.Projectors.TransferProjector is shutting down due to {%Ecto.ChangeError{message: "value `\"user_456\"` for `Nexus.Treasury.Projections.Transfer.user_id` in `insert` does not match type :binary_id"}, {GenServer, :call, [#PID<0.2555.0>, {:connect, #PID<0.2559.0>, [retry_interval: 60000, hibernate_after: 15000, partition_by: nil, concurrency_limit: 1, name: Nexus.EventStore, mapper: &Commanded.EventStore.Adapters.EventStore.Mapper.from_recorded_event/1, conn: Nexus.EventStore.Postgrex, event_store: Nexus.EventStore, query_timeout: 15000, schema: "event_store", serializer: Commanded.Serialization.JsonSerializer, stream_uuid: "$all", subscription_name: "Treasury.TransferProjector", start_from: 0]}, 5000]}}
23:10:02.140 [error] GenServer {Nexus.App.LocalRegistry, {Nexus.App, Commanded.Event.Handler, "Treasury.TransferProjector"}} terminating
** (stop) exited in: GenServer.call(#PID<0.2555.0>, {:connect, #PID<0.2559.0>, [retry_interval: 60000, hibernate_after: 15000, partition_by: nil, concurrency_limit: 1, name: Nexus.EventStore, mapper: &Commanded.EventStore.Adapters.EventStore.Mapper.from_recorded_event/1, conn: Nexus.EventStore.Postgrex, event_store: Nexus.EventStore, query_timeout: 15000, schema: "event_store", serializer: Commanded.Serialization.JsonSerializer, stream_uuid: "$all", subscription_name: "Treasury.TransferProjector", start_from: 0]}, 5000)
    ** (EXIT) %Ecto.ChangeError{message: "value `\"user_456\"` for `Nexus.Treasury.Projections.Transfer.user_id` in `insert` does not match type :binary_id"}
    (elixir 1.19.5) lib/gen_server.ex:1142: GenServer.call/3
    (commanded 1.4.9) lib/commanded/event_store.ex:289: anonymous fn/2 in Commanded.EventStore.span/3
    (telemetry 1.3.0) /Users/bernard/dev/nexus/deps/telemetry/src/telemetry.erl:324: :telemetry.span/3
    (commanded 1.4.9) lib/commanded/event_store/subscription.ex:58: Commanded.EventStore.Subscription.subscribe/2
    (commanded 1.4.9) lib/commanded/event/handler.ex:1024: Commanded.Event.Handler.subscribe_to_events/1
    (commanded 1.4.9) lib/commanded/event/handler.ex:887: Commanded.Event.Handler.handle_continue/2
    (stdlib 7.1) gen_server.erl:2424: :gen_server.try_handle_continue/3
    (stdlib 7.1) gen_server.erl:2291: :gen_server.loop/4
    (stdlib 7.1) proc_lib.erl:333: :proc_lib.init_p_do_apply/3
Last message: {:continue, :subscribe_to_events}
State: %Commanded.Event.Handler{application: Nexus.App, consistency: :eventual, handler_callback: :event, handler_name: "Treasury.TransferProjector", handler_module: Nexus.Treasury.Projectors.TransferProjector, handler_state: nil, last_seen_event: nil, subscription: %Commanded.EventStore.Subscription{application: Nexus.App, backoff: {:backoff, 1000, 60000, 1000, :jitter, :undefined, :undefined}, concurrency: 1, partition_by: nil, subscribe_to: :all, subscribe_from: :origin, subscription_name: "Treasury.TransferProjector", subscription_opts: [], subscription_pid: nil, subscription_ref: nil}, subscribe_timer: nil}
23:10:02.140 [debug] Subscription "Treasury.TransferProjector"@"$all" attempting to connect subscriber #PID<0.2560.0>
23:10:02.141 [debug] Subscription "Treasury.TransferProjector"@"$all" catching-up
23:10:02.141 [debug] Nexus.Treasury.Projectors.TransferProjector has successfully subscribed to event store
23:10:02.150 [debug] Nexus.Identity.Projectors.UserRegistrationProjector received events: [%Commanded.EventStore.RecordedEvent{event_id: "282ec866-f518-44ed-95f6-7a535d6c3e25", event_number: 11262, stream_id: "019d0c26-0b00-74a0-bd6d-48329cf61a57", stream_version: 1, causation_id: "d64809a4-8402-4360-8536-99b7a0f860ca", correlation_id: "e0f4b4bb-483c-4914-aaaa-956d1587d67e", event_type: "Elixir.Nexus.Identity.Events.UserRegistered", data: %Nexus.Identity.Events.UserRegistered{user_id: "019d0c26-0b00-74a0-bd6d-48329cf61a57", org_id: "019d0c26-0b00-74a0-8884-24b7b734f296", email: "test@example.com", role: "system_admin", cose_key: "Ym9vdHN0cmFwX2Nvc2Vfa2V5", credential_id: "Ym9vdHN0cmFwX2NyZWRlbnRpYWxfaWQ=", registered_at: "2026-03-20T16:48:33.024173Z", display_name: "Test User", status: "active"}, created_at: ~U[2026-03-20 16:48:33.025211Z], metadata: %{"causation_id" => "019d0c26-0b00-71d0-a1d2-041f55e92cfc", "correlation_id" => "019d0c26-0b00-71d0-a1d2-041f55e92cfc"}}]
23:10:02.150 [debug] QUERY OK db=0.0ms
begin []
23:10:02.150 [debug] QUERY OK source="projection_versions" db=0.1ms
INSERT INTO "projection_versions" AS p0 ("projection_name","last_seen_event_number","inserted_at","updated_at") VALUES ($1,$2,$3,$4) ON CONFLICT ("projection_name") DO UPDATE SET "last_seen_event_number" = $5 WHERE ((p0."projection_name" = $6) AND (p0."last_seen_event_number" < $7)) ["Identity.Projectors.UserRegistrationProjector", 11262, ~N[2026-03-20 23:10:02.150465], ~N[2026-03-20 23:10:02.150465], 11262, "Identity.Projectors.UserRegistrationProjector", 11262]
23:10:02.150 [debug] QUERY OK source="users" db=0.1ms
SELECT u0."id", u0."org_id", u0."email", u0."display_name", u0."status", u0."cose_key", u0."credential_id", u0."roles", u0."created_at", u0."updated_at" FROM "users" AS u0 WHERE (u0."id" = $1) ["019d0c26-0b00-74a0-bd6d-48329cf61a57"]
23:10:02.150 [debug] QUERY OK source="users" db=0.0ms
SELECT u0."id", u0."org_id", u0."email", u0."display_name", u0."status", u0."cose_key", u0."credential_id", u0."roles", u0."created_at", u0."updated_at" FROM "users" AS u0 WHERE (u0."email" = $1) ["test@example.com"]
23:10:02.151 [debug] Nexus.Treasury.Projectors.TransferProjector received events: [%Commanded.EventStore.RecordedEvent{event_id: "62c6b71c-722f-4f2d-8755-429e94f0e965", event_number: 2172, stream_id: "019cca7f-79a7-7b90-938a-8ce15011f26b", stream_version: 1, causation_id: "d72ccd15-4b2a-488e-97ff-35721da3c29b", correlation_id: "e053c8f4-f9af-4815-b6f7-0a119251f0d0", event_type: "Elixir.Nexus.Treasury.Events.TransferInitiated", data: %Nexus.Treasury.Events.TransferInitiated{transfer_id: "019cca7f-79a7-7b90-938a-8ce15011f26b", org_id: "org_123", user_id: "user_456", from_currency: "EUR", to_currency: "USD", amount: "100", status: "authorized", bulk_payment_id: nil, recipient_data: nil, requested_at: "2026-03-07T22:51:17.800772Z"}, created_at: ~U[2026-03-07 22:51:17.837188Z], metadata: %{}}]
23:10:02.151 [debug] QUERY OK source="users" db=0.1ms
INSERT INTO "users" ("id","status","org_id","email","display_name","roles","cose_key","credential_id","created_at","updated_at") VALUES ($1,$2,$3,$4,$5,$6,$7,$8,$9,$10) ["019d0c26-0b00-74a0-bd6d-48329cf61a57", "active", "019d0c26-0b00-74a0-8884-24b7b734f296", "test@example.com", "Test User", ["system_admin"], "bootstrap_cose_key", "bootstrap_credential_id", ~U[2026-03-20 23:10:02.151015Z], ~U[2026-03-20 23:10:02.151015Z]]
23:10:02.151 [debug] QUERY ERROR source="identity_user_settings" db=0.0ms
SELECT i0."id", i0."user_id", i0."org_id", i0."locale", i0."timezone", i0."notifications_enabled", i0."created_at", i0."updated_at" FROM "identity_user_settings" AS i0 WHERE (i0."id" = $1) ["019d0c26-0b00-74a0-bd6d-48329cf61a57"]
23:10:02.151 [debug] QUERY OK db=0.0ms
rollback []
23:10:02.151 [debug] QUERY OK db=0.2ms queue=0.3ms
begin []
23:10:02.151 [debug] QUERY OK source="projection_versions" db=0.1ms
INSERT INTO "projection_versions" AS p0 ("projection_name","last_seen_event_number","inserted_at","updated_at") VALUES ($1,$2,$3,$4) ON CONFLICT ("projection_name") DO UPDATE SET "last_seen_event_number" = $5 WHERE ((p0."projection_name" = $6) AND (p0."last_seen_event_number" < $7)) ["Treasury.TransferProjector", 2172, ~N[2026-03-20 23:10:02.151773], ~N[2026-03-20 23:10:02.151773], 2172, "Treasury.TransferProjector", 2172]
23:10:02.152 [debug] QUERY OK db=0.1ms
rollback []
23:10:02.152 [error] Nexus.Identity.Projectors.UserRegistrationProjector failed to handle event:
%Commanded.EventStore.RecordedEvent{
  event_id: "282ec866-f518-44ed-95f6-7a535d6c3e25",
  event_number: 11262,
  stream_id: "019d0c26-0b00-74a0-bd6d-48329cf61a57",
  stream_version: 1,
  causation_id: "d64809a4-8402-4360-8536-99b7a0f860ca",
  correlation_id: "e0f4b4bb-483c-4914-aaaa-956d1587d67e",
  event_type: "Elixir.Nexus.Identity.Events.UserRegistered",
  data: %Nexus.Identity.Events.UserRegistered{
    user_id: "019d0c26-0b00-74a0-bd6d-48329cf61a57",
    org_id: "019d0c26-0b00-74a0-8884-24b7b734f296",
    email: "test@example.com",
    role: "system_admin",
    cose_key: "Ym9vdHN0cmFwX2Nvc2Vfa2V5",
    credential_id: "Ym9vdHN0cmFwX2NyZWRlbnRpYWxfaWQ=",
    registered_at: "2026-03-20T16:48:33.024173Z",
    display_name: "Test User",
    status: "active"
  },
  created_at: ~U[2026-03-20 16:48:33.025211Z],
  metadata: %{
    "causation_id" => "019d0c26-0b00-71d0-a1d2-041f55e92cfc",
    "correlation_id" => "019d0c26-0b00-71d0-a1d2-041f55e92cfc"
  }
}, due to:
** (Postgrex.Error) ERROR 42703 (undefined_column) column i0.id does not exist

    query: SELECT i0."id", i0."user_id", i0."org_id", i0."locale", i0."timezone", i0."notifications_enabled", i0."created_at", i0."updated_at" FROM "identity_user_settings" AS i0 WHERE (i0."id" = $1)
    (ecto_sql 3.13.4) lib/ecto/adapters/sql.ex:1113: Ecto.Adapters.SQL.raise_sql_call_error/1
    (ecto_sql 3.13.4) lib/ecto/adapters/sql.ex:1011: Ecto.Adapters.SQL.execute/6
    (ecto 3.13.5) lib/ecto/repo/queryable.ex:241: Ecto.Repo.Queryable.execute/4
    (ecto 3.13.5) lib/ecto/repo/queryable.ex:19: Ecto.Repo.Queryable.all/3
    (ecto 3.13.5) lib/ecto/repo/queryable.ex:163: Ecto.Repo.Queryable.one/3
    (nexus 0.1.0) lib/nexus/identity/projectors/user_registration_projector.ex:53: anonymous fn/3 in Nexus.Identity.Projectors.UserRegistrationProjector.project_registration/3
    (ecto 3.13.5) lib/ecto/multi.ex:905: Ecto.Multi.apply_operation/5
    (elixir 1.19.5) lib/enum.ex:2520: Enum."-reduce/3-lists^foldl/2-0-"/3
    (ecto 3.13.5) lib/ecto/multi.ex:878: anonymous fn/5 in Ecto.Multi.apply_operations/5
    (ecto_sql 3.13.4) lib/ecto/adapters/sql.ex:1473: anonymous fn/3 in Ecto.Adapters.SQL.checkout_or_transaction/4
    (db_connection 2.9.0) lib/db_connection.ex:1747: DBConnection.run_transaction/4
    (ecto 3.13.5) lib/ecto/repo/transaction.ex:30: Ecto.Repo.Transaction.transact/4
    (nexus 0.1.0) deps/commanded_ecto_projections/lib/projections/ecto.ex:97: Nexus.Identity.Projectors.UserRegistrationProjector.update_projection/3
    (commanded 1.4.9) lib/commanded/event/handler.ex:1221: Commanded.Event.Handler.delegate_event_to_handler/2
    (commanded 1.4.9) lib/commanded/event/handler.ex:1062: Commanded.Event.Handler.handle_event/3
    (elixir 1.19.5) lib/enum.ex:2520: Enum."-reduce/3-lists^foldl/2-0-"/3
    (commanded 1.4.9) lib/commanded/event/handler.ex:969: Commanded.Event.Handler.handle_info/2
    (stdlib 7.1) gen_server.erl:2434: :gen_server.try_handle_info/3
    (stdlib 7.1) gen_server.erl:2420: :gen_server.handle_msg/3
    (stdlib 7.1) proc_lib.erl:333: :proc_lib.init_p_do_apply/3

23:10:02.152 [warning] Nexus.Identity.Projectors.UserRegistrationProjector has requested to stop: %Postgrex.Error{message: nil, postgres: %{code: :undefined_column, line: "3721", message: "column i0.id does not exist", position: "8", file: "parse_relation.c", unknown: "ERROR", severity: "ERROR", pg_code: "42703", routine: "errorMissingColumn"}, connection_id: 3148, query: "SELECT i0.\"id\", i0.\"user_id\", i0.\"org_id\", i0.\"locale\", i0.\"timezone\", i0.\"notifications_enabled\", i0.\"created_at\", i0.\"updated_at\" FROM \"identity_user_settings\" AS i0 WHERE (i0.\"id\" = $1)"}
23:10:02.152 [debug] Nexus.Identity.Projectors.UserRegistrationProjector is shutting down due to %Postgrex.Error{message: nil, postgres: %{code: :undefined_column, line: "3721", message: "column i0.id does not exist", position: "8", file: "parse_relation.c", unknown: "ERROR", severity: "ERROR", pg_code: "42703", routine: "errorMissingColumn"}, connection_id: 3148, query: "SELECT i0.\"id\", i0.\"user_id\", i0.\"org_id\", i0.\"locale\", i0.\"timezone\", i0.\"notifications_enabled\", i0.\"created_at\", i0.\"updated_at\" FROM \"identity_user_settings\" AS i0 WHERE (i0.\"id\" = $1)"}
23:10:02.152 [error] GenServer {Nexus.App.LocalRegistry, {Nexus.App, Commanded.Event.Handler, "Identity.Projectors.UserRegistrationProjector"}} terminating
** (stop) %Postgrex.Error{message: nil, postgres: %{code: :undefined_column, line: "3721", message: "column i0.id does not exist", position: "8", file: "parse_relation.c", unknown: "ERROR", severity: "ERROR", pg_code: "42703", routine: "errorMissingColumn"}, connection_id: 3148, query: "SELECT i0.\"id\", i0.\"user_id\", i0.\"org_id\", i0.\"locale\", i0.\"timezone\", i0.\"notifications_enabled\", i0.\"created_at\", i0.\"updated_at\" FROM \"identity_user_settings\" AS i0 WHERE (i0.\"id\" = $1)"}
Last message: {:events, [%Commanded.EventStore.RecordedEvent{event_id: "282ec866-f518-44ed-95f6-7a535d6c3e25", event_number: 11262, stream_id: "019d0c26-0b00-74a0-bd6d-48329cf61a57", stream_version: 1, causation_id: "d64809a4-8402-4360-8536-99b7a0f860ca", correlation_id: "e0f4b4bb-483c-4914-aaaa-956d1587d67e", event_type: "Elixir.Nexus.Identity.Events.UserRegistered", data: %Nexus.Identity.Events.UserRegistered{user_id: "019d0c26-0b00-74a0-bd6d-48329cf61a57", org_id: "019d0c26-0b00-74a0-8884-24b7b734f296", email: "test@example.com", role: "system_admin", cose_key: "Ym9vdHN0cmFwX2Nvc2Vfa2V5", credential_id: "Ym9vdHN0cmFwX2NyZWRlbnRpYWxfaWQ=", registered_at: "2026-03-20T16:48:33.024173Z", display_name: "Test User", status: "active"}, created_at: ~U[2026-03-20 16:48:33.025211Z], metadata: %{"causation_id" => "019d0c26-0b00-71d0-a1d2-041f55e92cfc", "correlation_id" => "019d0c26-0b00-71d0-a1d2-041f55e92cfc"}}]}
State: %Commanded.Event.Handler{application: Nexus.App, consistency: :strong, handler_callback: :event, handler_name: "Identity.Projectors.UserRegistrationProjector", handler_module: Nexus.Identity.Projectors.UserRegistrationProjector, handler_state: nil, last_seen_event: nil, subscription: %Commanded.EventStore.Subscription{application: Nexus.App, backoff: {:backoff, 1000, 60000, 1000, :jitter, :undefined, :undefined}, concurrency: 1, partition_by: nil, subscribe_to: :all, subscribe_from: :origin, subscription_name: "Identity.Projectors.UserRegistrationProjector", subscription_opts: [], subscription_pid: #PID<0.2558.0>, subscription_ref: #Reference<0.504251661.3394502659.61804>}, subscribe_timer: nil}
23:10:02.153 [debug] Subscription "Identity.Projectors.UserRegistrationProjector"@"$all" subscriber #PID<0.2557.0> down due to: %Postgrex.Error{message: nil, postgres: %{code: :undefined_column, line: "3721", message: "column i0.id does not exist", position: "8", file: "parse_relation.c", unknown: "ERROR", severity: "ERROR", pg_code: "42703", routine: "errorMissingColumn"}, connection_id: 3148, query: "SELECT i0.\"id\", i0.\"user_id\", i0.\"org_id\", i0.\"locale\", i0.\"timezone\", i0.\"notifications_enabled\", i0.\"created_at\", i0.\"updated_at\" FROM \"identity_user_settings\" AS i0 WHERE (i0.\"id\" = $1)"}
23:10:02.153 [debug] Subscription "Identity.Projectors.UserRegistrationProjector"@"$all" has no subscribers, shutting down
23:10:02.153 [error] Nexus.Treasury.Projectors.TransferProjector failed to handle event:
%Commanded.EventStore.RecordedEvent{
  event_id: "62c6b71c-722f-4f2d-8755-429e94f0e965",
  event_number: 2172,
  stream_id: "019cca7f-79a7-7b90-938a-8ce15011f26b",
  stream_version: 1,
  causation_id: "d72ccd15-4b2a-488e-97ff-35721da3c29b",
  correlation_id: "e053c8f4-f9af-4815-b6f7-0a119251f0d0",
  event_type: "Elixir.Nexus.Treasury.Events.TransferInitiated",
  data: %Nexus.Treasury.Events.TransferInitiated{
    transfer_id: "019cca7f-79a7-7b90-938a-8ce15011f26b",
    org_id: "org_123",
    user_id: "user_456",
    from_currency: "EUR",
    to_currency: "USD",
    amount: "100",
    status: "authorized",
    bulk_payment_id: nil,
    recipient_data: nil,
    requested_at: "2026-03-07T22:51:17.800772Z"
  },
  created_at: ~U[2026-03-07 22:51:17.837188Z],
  metadata: %{}
}, due to:
** (Ecto.ChangeError) value `"user_456"` for `Nexus.Treasury.Projections.Transfer.user_id` in `insert` does not match type :binary_id
    (ecto 3.13.5) lib/ecto/repo/schema.ex:1301: Ecto.Repo.Schema.dump_field!/6
    (ecto 3.13.5) lib/ecto/repo/schema.ex:1310: anonymous fn/6 in Ecto.Repo.Schema.dump_fields!/5
    (stdlib 7.1) maps.erl:894: :maps.fold_1/4
    (ecto 3.13.5) lib/ecto/repo/schema.ex:1308: Ecto.Repo.Schema.dump_fields!/5
    (ecto 3.13.5) lib/ecto/repo/schema.ex:1240: Ecto.Repo.Schema.dump_changes!/7
    (ecto 3.13.5) lib/ecto/repo/schema.ex:476: anonymous fn/15 in Ecto.Repo.Schema.do_insert/4
    (ecto 3.13.5) lib/ecto/multi.ex:905: Ecto.Multi.apply_operation/5
    (elixir 1.19.5) lib/enum.ex:2520: Enum."-reduce/3-lists^foldl/2-0-"/3
    (ecto 3.13.5) lib/ecto/multi.ex:878: anonymous fn/5 in Ecto.Multi.apply_operations/5
    (ecto_sql 3.13.4) lib/ecto/adapters/sql.ex:1473: anonymous fn/3 in Ecto.Adapters.SQL.checkout_or_transaction/4
    (db_connection 2.9.0) lib/db_connection.ex:1747: DBConnection.run_transaction/4
    (ecto 3.13.5) lib/ecto/repo/transaction.ex:30: Ecto.Repo.Transaction.transact/4
    (nexus 0.1.0) deps/commanded_ecto_projections/lib/projections/ecto.ex:97: Nexus.Treasury.Projectors.TransferProjector.update_projection/3
    (commanded 1.4.9) lib/commanded/event/handler.ex:1221: Commanded.Event.Handler.delegate_event_to_handler/2
    (commanded 1.4.9) lib/commanded/event/handler.ex:1062: Commanded.Event.Handler.handle_event/3
    (elixir 1.19.5) lib/enum.ex:2520: Enum."-reduce/3-lists^foldl/2-0-"/3
    (commanded 1.4.9) lib/commanded/event/handler.ex:969: Commanded.Event.Handler.handle_info/2
    (stdlib 7.1) gen_server.erl:2434: :gen_server.try_handle_info/3
    (stdlib 7.1) gen_server.erl:2420: :gen_server.handle_msg/3
    (stdlib 7.1) proc_lib.erl:333: :proc_lib.init_p_do_apply/3

23:10:02.153 [warning] Nexus.Treasury.Projectors.TransferProjector has requested to stop: %Ecto.ChangeError{message: "value `\"user_456\"` for `Nexus.Treasury.Projections.Transfer.user_id` in `insert` does not match type :binary_id"}
23:10:02.153 [error] GenServer {Nexus.EventStore.EventStore.Subscriptions.Registry, {"$all", "Identity.Projectors.UserRegistrationProjector"}} terminating
** (stop) %Postgrex.Error{message: nil, postgres: %{code: :undefined_column, line: "3721", message: "column i0.id does not exist", position: "8", file: "parse_relation.c", unknown: "ERROR", severity: "ERROR", pg_code: "42703", routine: "errorMissingColumn"}, connection_id: 3148, query: "SELECT i0.\"id\", i0.\"user_id\", i0.\"org_id\", i0.\"locale\", i0.\"timezone\", i0.\"notifications_enabled\", i0.\"created_at\", i0.\"updated_at\" FROM \"identity_user_settings\" AS i0 WHERE (i0.\"id\" = $1)"}
Last message: {:DOWN, #Reference<0.504251661.3394502658.73293>, :process, #PID<0.2557.0>, %Postgrex.Error{message: nil, postgres: %{code: :undefined_column, line: "3721", message: "column i0.id does not exist", position: "8", file: "parse_relation.c", unknown: "ERROR", severity: "ERROR", pg_code: "42703", routine: "errorMissingColumn"}, connection_id: 3148, query: "SELECT i0.\"id\", i0.\"user_id\", i0.\"org_id\", i0.\"locale\", i0.\"timezone\", i0.\"notifications_enabled\", i0.\"created_at\", i0.\"updated_at\" FROM \"identity_user_settings\" AS i0 WHERE (i0.\"id\" = $1)"}}
State: %EventStore.Subscriptions.Subscription{stream_uuid: "$all", subscription_name: "Identity.Projectors.UserRegistrationProjector", subscription: %EventStore.Subscriptions.SubscriptionFsm{state: :unsubscribed, data: %EventStore.Subscriptions.SubscriptionState{conn: Nexus.EventStore.Postgrex, event_store: Nexus.EventStore, serializer: Commanded.Serialization.JsonSerializer, schema: "event_store", stream_uuid: "$all", start_from: 0, subscription_name: "Identity.Projectors.UserRegistrationProjector", subscription_id: 405, selector: nil, mapper: &Commanded.EventStore.Adapters.EventStore.Mapper.from_recorded_event/1, max_size: 1000, partition_by: nil, query_timeout: 15000, lock_ref: #Reference<0.504251661.3394502657.217677>, last_received: 12220, last_sent: 11262, last_ack: 11261, queue_size: 959, buffer_size: 1, checkpoint_after: 0, checkpoint_threshold: 1, checkpoint_timer_ref: nil, checkpoints_pending: 0, subscribers: %{}, partitions: %{nil: {[%EventStore.RecordedEvent{event_number: 12220, event_id: "eb1dda64-231e-4bac-923f-f44f3aeac8f1", stream_uuid: "019d0d83-4d63-7c0f-8998-bde5f58f823e", stream_version: 1, correlation_id: "2e6db85b-ec66-499b-a629-d12a1db41979", causation_id: "fd7c44bf-84e2-4c28-b552-8148eb0c4bf7", event_type: "Elixir.Nexus.Treasury.Events.VaultRegistered", data: %Nexus.Treasury.Events.VaultRegistered{vault_id: "019d0d83-4d63-7c0f-8998-bde5f58f823e", org_id: "63dccc1e-056d-4801-b79b-e15c3a51c41c", name: "EUR Vault - 40282324-7b5a-4275-a8e9-09463a42360a", bank_name: "Test Bank", account_number: nil, iban: nil, currency: "EUR", provider: "mock", registered_at: "2026-03-20T23:10:02.083503Z", daily_withdrawal_limit: "0.0", requires_multi_sig: false}, metadata: %{"causation_id" => "019d0d83-4d63-74da-a283-fbb79e650874", "correlation_id" => "019d0d83-4d63-74da-a283-fbb79e650874"}, created_at: ~U[2026-03-20 23:10:02.084314Z]}, %EventStore.RecordedEvent{event_number: 12219, event_id: "09cf4bb5-cfed-4bfe-ae79-8ef871e6e166", stream_uuid: "019d0d83-4bc9-753a-80e6-2e4dca2c9c12", stream_version: 2, correlation_id: "8dcacd27-1027-44b0-a211-bb6a90fd3388", causation_id: "421e58bf-9a8c-4a90-b20a-e4234c00f2cc", event_type: "Elixir.Nexus.Treasury.Events.VaultBalanceSynced", data: %Nexus.Treasury.Events.VaultBalanceSynced{vault_id: "019d0d83-4bc9-753a-80e6-2e4dca2c9c12", org_id: "63dccc1e-056d-4801-b79b-e15c3a51c41c", amount: "500000.00", currency: "USD", synced_at: "2026-03-20T23:10:01.878699Z"}, metadata: %{"causation_id" => "019d0d83-4c96-7dfe-a58b-296d1cd6be89", "correlation_id" => "019d0d83-4c96-7dfe-a58b-296d1cd6be89"}, created_at: ~U[2026-03-20 23:10:01.879170Z]}, %EventStore.RecordedEvent{event_number: 12218, event_id: "9932df8b-18c6-4e36-b5e7-495fc0cc9d0d", stream_uuid: "019d0d83-4bc9-753a-80e6-2e4dca2c9c12", stream_version: 1, correlation_id: "f3ebc19f-f707-46c1-84ec-0edb1b2a053b", causation_id: "61db3cd8-c1cd-4645-97c1-c75b096edc34", event_type: "Elixir.Nexus.Treasury.Events.VaultRegistered", data: %Nexus.Treasury.Events.VaultRegistered{vault_id: "019d0d83-4bc9-753a-80e6-2e4dca2c9c12", org_id: "63dccc1e-056d-4801-b79b-e15c3a51c41c", name: "USD Vault - d16f182d-8771-4765-af35-8a77236fc170", bank_name: "Test Bank", account_number: nil, iban: nil, currency: "USD", provider: "mock", registered_at: "2026-03-20T23:10:01.673695Z", daily_withdrawal_limit: "0.0", requires_multi_sig: false}, metadata: %{"causation_id" => "019d0d83-4bc9-73e0-af57-7d94a03c6d5a", "correlation_id" => "019d0d83-4bc9-73e0-af57-7d94a03c6d5a"}, created_at: ~U[2026-03-20 23:10:01.674570Z]}, %EventStore.RecordedEvent{event_number: 12217, ...}, ...], ...}}, ...}}, ...}
23:10:02.153 [debug] Nexus.Treasury.Projectors.TransferProjector is shutting down due to %Ecto.ChangeError{message: "value `\"user_456\"` for `Nexus.Treasury.Projections.Transfer.user_id` in `insert` does not match type :binary_id"}
23:10:02.153 [error] GenServer {Nexus.App.LocalRegistry, {Nexus.App, Commanded.Event.Handler, "Treasury.TransferProjector"}} terminating
** (stop) %Ecto.ChangeError{message: "value `\"user_456\"` for `Nexus.Treasury.Projections.Transfer.user_id` in `insert` does not match type :binary_id"}
Last message: {:events, [%Commanded.EventStore.RecordedEvent{event_id: "62c6b71c-722f-4f2d-8755-429e94f0e965", event_number: 2172, stream_id: "019cca7f-79a7-7b90-938a-8ce15011f26b", stream_version: 1, causation_id: "d72ccd15-4b2a-488e-97ff-35721da3c29b", correlation_id: "e053c8f4-f9af-4815-b6f7-0a119251f0d0", event_type: "Elixir.Nexus.Treasury.Events.TransferInitiated", data: %Nexus.Treasury.Events.TransferInitiated{transfer_id: "019cca7f-79a7-7b90-938a-8ce15011f26b", org_id: "org_123", user_id: "user_456", from_currency: "EUR", to_currency: "USD", amount: "100", status: "authorized", bulk_payment_id: nil, recipient_data: nil, requested_at: "2026-03-07T22:51:17.800772Z"}, created_at: ~U[2026-03-07 22:51:17.837188Z], metadata: %{}}]}
State: %Commanded.Event.Handler{application: Nexus.App, consistency: :eventual, handler_callback: :event, handler_name: "Treasury.TransferProjector", handler_module: Nexus.Treasury.Projectors.TransferProjector, handler_state: nil, last_seen_event: nil, subscription: %Commanded.EventStore.Subscription{application: Nexus.App, backoff: {:backoff, 1000, 60000, 1000, :jitter, :undefined, :undefined}, concurrency: 1, partition_by: nil, subscribe_to: :all, subscribe_from: :origin, subscription_name: "Treasury.TransferProjector", subscription_opts: [], subscription_pid: #PID<0.2561.0>, subscription_ref: #Reference<0.504251661.3394502659.61846>}, subscribe_timer: nil}
23:10:02.153 [debug] Nexus.Identity.Projectors.UserRegistrationProjector is shutting down due to {%Postgrex.Error{message: nil, postgres: %{code: :undefined_column, line: "3721", message: "column i0.id does not exist", position: "8", file: "parse_relation.c", unknown: "ERROR", severity: "ERROR", pg_code: "42703", routine: "errorMissingColumn"}, connection_id: 3148, query: "SELECT i0.\"id\", i0.\"user_id\", i0.\"org_id\", i0.\"locale\", i0.\"timezone\", i0.\"notifications_enabled\", i0.\"created_at\", i0.\"updated_at\" FROM \"identity_user_settings\" AS i0 WHERE (i0.\"id\" = $1)"}, {GenServer, :call, [#PID<0.2558.0>, {:connect, #PID<0.2562.0>, [retry_interval: 60000, hibernate_after: 15000, partition_by: nil, concurrency_limit: 1, name: Nexus.EventStore, mapper: &Commanded.EventStore.Adapters.EventStore.Mapper.from_recorded_event/1, conn: Nexus.EventStore.Postgrex, event_store: Nexus.EventStore, query_timeout: 15000, schema: "event_store", serializer: Commanded.Serialization.JsonSerializer, stream_uuid: "$all", subscription_name: "Identity.Projectors.UserRegistrationProjector", start_from: 0]}, 5000]}}
23:10:02.153 [debug] Subscription "Treasury.TransferProjector"@"$all" subscriber #PID<0.2560.0> down due to: %Ecto.ChangeError{message: "value `\"user_456\"` for `Nexus.Treasury.Projections.Transfer.user_id` in `insert` does not match type :binary_id"}
23:10:02.153 [debug] Subscription "Treasury.TransferProjector"@"$all" has no subscribers, shutting down
23:10:02.153 [error] GenServer {Nexus.EventStore.EventStore.Subscriptions.Registry, {"$all", "Treasury.TransferProjector"}} terminating
** (stop) %Ecto.ChangeError{message: "value `\"user_456\"` for `Nexus.Treasury.Projections.Transfer.user_id` in `insert` does not match type :binary_id"}
Last message: {:DOWN, #Reference<0.504251661.3394502658.73398>, :process, #PID<0.2560.0>, %Ecto.ChangeError{message: "value `\"user_456\"` for `Nexus.Treasury.Projections.Transfer.user_id` in `insert` does not match type :binary_id"}}
State: %EventStore.Subscriptions.Subscription{stream_uuid: "$all", subscription_name: "Treasury.TransferProjector", subscription: %EventStore.Subscriptions.SubscriptionFsm{state: :unsubscribed, data: %EventStore.Subscriptions.SubscriptionState{conn: Nexus.EventStore.Postgrex, event_store: Nexus.EventStore, serializer: Commanded.Serialization.JsonSerializer, schema: "event_store", stream_uuid: "$all", start_from: 0, subscription_name: "Treasury.TransferProjector", subscription_id: 712, selector: nil, mapper: &Commanded.EventStore.Adapters.EventStore.Mapper.from_recorded_event/1, max_size: 1000, partition_by: nil, query_timeout: 15000, lock_ref: #Reference<0.504251661.3394502657.217710>, last_received: 3171, last_sent: 2172, last_ack: 2171, queue_size: 1000, buffer_size: 1, checkpoint_after: 0, checkpoint_threshold: 1, checkpoint_timer_ref: nil, checkpoints_pending: 0, subscribers: %{}, partitions: %{nil: {[%EventStore.RecordedEvent{event_number: 3171, event_id: "8586578d-d056-4f8a-9ef5-e50055576e3d", stream_uuid: "ac7468f5-30d7-40c0-8616-11d90e0baaff", stream_version: 2, correlation_id: "39b30acd-48bc-46aa-95f6-dbca71341717", causation_id: "63e9af3a-68e5-4fcb-b1e2-45e01849c483", event_type: "Elixir.Nexus.Treasury.Events.PolicyAlertTriggered", data: %Nexus.Treasury.Events.PolicyAlertTriggered{policy_id: "ac7468f5-30d7-40c0-8616-11d90e0baaff", org_id: "ac7468f5-30d7-40c0-8616-11d90e0baaff", currency_pair: "EUR/USD", exposure_amount: "120000", threshold: "100000", triggered_at: "2026-03-11T11:11:50.245617Z"}, metadata: %{}, created_at: ~U[2026-03-11 11:11:50.246040Z]}, %EventStore.RecordedEvent{event_number: 3170, event_id: "d9b79299-4063-4885-b6d9-34698aedcb10", stream_uuid: "ac7468f5-30d7-40c0-8616-11d90e0baaff", stream_version: 1, correlation_id: "788f0b6b-0bfc-40f7-a9f1-8257a38dc3b3", causation_id: "5372e3c5-9d37-4049-b5ad-ea745c35f334", event_type: "Elixir.Nexus.Treasury.Events.TransferThresholdSet", data: %Nexus.Treasury.Events.TransferThresholdSet{policy_id: "ac7468f5-30d7-40c0-8616-11d90e0baaff", org_id: "ac7468f5-30d7-40c0-8616-11d90e0baaff", threshold: "100000", set_at: "2026-03-11T11:11:50.238725Z"}, metadata: %{}, created_at: ~U[2026-03-11 11:11:50.240394Z]}, %EventStore.RecordedEvent{event_number: 3169, event_id: "1921c76c-7123-46a0-829b-f758c37f1936", stream_uuid: "forecast-0bc9eb4f-96f1-4960-bbd1-8669f786883a", stream_version: 2, correlation_id: "6461481b-22c8-42f5-9321-fb6182c6c883", causation_id: "9495e45b-6570-4a67-8f67-a7628c22d6b5", event_type: "Elixir.Nexus.Treasury.Events.ForecastGenerated", data: %Nexus.Treasury.Events.ForecastGenerated{org_id: "0bc9eb4f-96f1-4960-bbd1-8669f786883a", currency: "EUR", horizon_days: 30, predictions: [%{date: "2026-03-03", predicted_amount: "110000.000000"}], generated_at: "2026-03-11T11:11:50.230730Z"}, metadata: %{}, created_at: ~U[2026-03-11 11:11:50.231171Z]}, %EventStore.RecordedEvent{event_number: 3168, event_id: "eb625212-2f0a-444d-8cce-9809554dfc41", stream_uuid: "forecast-0bc9eb4f-96f1-4960-bbd1-8669f786883a", stream_version: 1, correlation_id: "be901c27-d444-4708-ab95-a805d38476ef", causation_id: "b866081f-be26-453f-9b2f-ea1e9ec2d11a", event_type: "Elixir.Nexus.Treasury.Events.ForecastGenerated", data: %Nexus.Treasury.Events.ForecastGenerated{org_id: "0bc9eb4f-96f1-4960-bbd1-8669f786883a", currency: "EUR", horizon_days: 30, predictions: [%{date: "2026-03-03", predicted_amount: "100000.00"}], generated_at: "2026-03-11T11:11:50.227029Z"}, ...}, ...], ...}}, ...}}, ...}
23:10:02.154 [debug] Nexus.Treasury.Projectors.TransferProjector is shutting down due to {%Ecto.ChangeError{message: "value `\"user_456\"` for `Nexus.Treasury.Projections.Transfer.user_id` in `insert` does not match type :binary_id"}, {GenServer, :call, [#PID<0.2561.0>, {:connect, #PID<0.2563.0>, [retry_interval: 60000, hibernate_after: 15000, partition_by: nil, concurrency_limit: 1, name: Nexus.EventStore, mapper: &Commanded.EventStore.Adapters.EventStore.Mapper.from_recorded_event/1, conn: Nexus.EventStore.Postgrex, event_store: Nexus.EventStore, query_timeout: 15000, schema: "event_store", serializer: Commanded.Serialization.JsonSerializer, stream_uuid: "$all", subscription_name: "Treasury.TransferProjector", start_from: 0]}, 5000]}}
23:10:02.153 [error] GenServer {Nexus.App.LocalRegistry, {Nexus.App, Commanded.Event.Handler, "Identity.Projectors.UserRegistrationProjector"}} terminating
** (stop) exited in: GenServer.call(#PID<0.2558.0>, {:connect, #PID<0.2562.0>, [retry_interval: 60000, hibernate_after: 15000, partition_by: nil, concurrency_limit: 1, name: Nexus.EventStore, mapper: &Commanded.EventStore.Adapters.EventStore.Mapper.from_recorded_event/1, conn: Nexus.EventStore.Postgrex, event_store: Nexus.EventStore, query_timeout: 15000, schema: "event_store", serializer: Commanded.Serialization.JsonSerializer, stream_uuid: "$all", subscription_name: "Identity.Projectors.UserRegistrationProjector", start_from: 0]}, 5000)
    ** (EXIT) %Postgrex.Error{message: nil, postgres: %{code: :undefined_column, line: "3721", message: "column i0.id does not exist", position: "8", file: "parse_relation.c", unknown: "ERROR", severity: "ERROR", pg_code: "42703", routine: "errorMissingColumn"}, connection_id: 3148, query: "SELECT i0.\"id\", i0.\"user_id\", i0.\"org_id\", i0.\"locale\", i0.\"timezone\", i0.\"notifications_enabled\", i0.\"created_at\", i0.\"updated_at\" FROM \"identity_user_settings\" AS i0 WHERE (i0.\"id\" = $1)"}
    (elixir 1.19.5) lib/gen_server.ex:1142: GenServer.call/3
    (commanded 1.4.9) lib/commanded/event_store.ex:289: anonymous fn/2 in Commanded.EventStore.span/3
    (telemetry 1.3.0) /Users/bernard/dev/nexus/deps/telemetry/src/telemetry.erl:324: :telemetry.span/3
    (commanded 1.4.9) lib/commanded/event_store/subscription.ex:58: Commanded.EventStore.Subscription.subscribe/2
    (commanded 1.4.9) lib/commanded/event/handler.ex:1024: Commanded.Event.Handler.subscribe_to_events/1
    (commanded 1.4.9) lib/commanded/event/handler.ex:887: Commanded.Event.Handler.handle_continue/2
    (stdlib 7.1) gen_server.erl:2424: :gen_server.try_handle_continue/3
    (stdlib 7.1) gen_server.erl:2291: :gen_server.loop/4
    (stdlib 7.1) proc_lib.erl:333: :proc_lib.init_p_do_apply/3
Last message: {:continue, :subscribe_to_events}
State: %Commanded.Event.Handler{application: Nexus.App, consistency: :strong, handler_callback: :event, handler_name: "Identity.Projectors.UserRegistrationProjector", handler_module: Nexus.Identity.Projectors.UserRegistrationProjector, handler_state: nil, last_seen_event: nil, subscription: %Commanded.EventStore.Subscription{application: Nexus.App, backoff: {:backoff, 1000, 60000, 1000, :jitter, :undefined, :undefined}, concurrency: 1, partition_by: nil, subscribe_to: :all, subscribe_from: :origin, subscription_name: "Identity.Projectors.UserRegistrationProjector", subscription_opts: [], subscription_pid: nil, subscription_ref: nil}, subscribe_timer: nil}
23:10:02.154 [debug] Subscription "Identity.Projectors.UserRegistrationProjector"@"$all" attempting to connect subscriber #PID<0.2564.0>
23:10:02.154 [error] GenServer {Nexus.App.LocalRegistry, {Nexus.App, Commanded.Event.Handler, "Treasury.TransferProjector"}} terminating
** (stop) exited in: GenServer.call(#PID<0.2561.0>, {:connect, #PID<0.2563.0>, [retry_interval: 60000, hibernate_after: 15000, partition_by: nil, concurrency_limit: 1, name: Nexus.EventStore, mapper: &Commanded.EventStore.Adapters.EventStore.Mapper.from_recorded_event/1, conn: Nexus.EventStore.Postgrex, event_store: Nexus.EventStore, query_timeout: 15000, schema: "event_store", serializer: Commanded.Serialization.JsonSerializer, stream_uuid: "$all", subscription_name: "Treasury.TransferProjector", start_from: 0]}, 5000)
    ** (EXIT) %Ecto.ChangeError{message: "value `\"user_456\"` for `Nexus.Treasury.Projections.Transfer.user_id` in `insert` does not match type :binary_id"}
    (elixir 1.19.5) lib/gen_server.ex:1142: GenServer.call/3
    (commanded 1.4.9) lib/commanded/event_store.ex:289: anonymous fn/2 in Commanded.EventStore.span/3
    (telemetry 1.3.0) /Users/bernard/dev/nexus/deps/telemetry/src/telemetry.erl:324: :telemetry.span/3
    (commanded 1.4.9) lib/commanded/event_store/subscription.ex:58: Commanded.EventStore.Subscription.subscribe/2
    (commanded 1.4.9) lib/commanded/event/handler.ex:1024: Commanded.Event.Handler.subscribe_to_events/1
    (commanded 1.4.9) lib/commanded/event/handler.ex:887: Commanded.Event.Handler.handle_continue/2
    (stdlib 7.1) gen_server.erl:2424: :gen_server.try_handle_continue/3
    (stdlib 7.1) gen_server.erl:2291: :gen_server.loop/4
    (stdlib 7.1) proc_lib.erl:333: :proc_lib.init_p_do_apply/3
Last message: {:continue, :subscribe_to_events}
State: %Commanded.Event.Handler{application: Nexus.App, consistency: :eventual, handler_callback: :event, handler_name: "Treasury.TransferProjector", handler_module: Nexus.Treasury.Projectors.TransferProjector, handler_state: nil, last_seen_event: nil, subscription: %Commanded.EventStore.Subscription{application: Nexus.App, backoff: {:backoff, 1000, 60000, 1000, :jitter, :undefined, :undefined}, concurrency: 1, partition_by: nil, subscribe_to: :all, subscribe_from: :origin, subscription_name: "Treasury.TransferProjector", subscription_opts: [], subscription_pid: nil, subscription_ref: nil}, subscribe_timer: nil}
23:10:02.154 [debug] Subscription "Treasury.TransferProjector"@"$all" attempting to connect subscriber #PID<0.2566.0>
23:10:02.154 [debug] Subscription "Identity.Projectors.UserRegistrationProjector"@"$all" catching-up
23:10:02.154 [debug] Nexus.Identity.Projectors.UserRegistrationProjector has successfully subscribed to event store
23:10:02.155 [debug] Subscription "Treasury.TransferProjector"@"$all" catching-up
23:10:02.155 [debug] Nexus.Treasury.Projectors.TransferProjector has successfully subscribed to event store
23:10:02.165 [debug] Nexus.Treasury.Projectors.TransferProjector received events: [%Commanded.EventStore.RecordedEvent{event_id: "62c6b71c-722f-4f2d-8755-429e94f0e965", event_number: 2172, stream_id: "019cca7f-79a7-7b90-938a-8ce15011f26b", stream_version: 1, causation_id: "d72ccd15-4b2a-488e-97ff-35721da3c29b", correlation_id: "e053c8f4-f9af-4815-b6f7-0a119251f0d0", event_type: "Elixir.Nexus.Treasury.Events.TransferInitiated", data: %Nexus.Treasury.Events.TransferInitiated{transfer_id: "019cca7f-79a7-7b90-938a-8ce15011f26b", org_id: "org_123", user_id: "user_456", from_currency: "EUR", to_currency: "USD", amount: "100", status: "authorized", bulk_payment_id: nil, recipient_data: nil, requested_at: "2026-03-07T22:51:17.800772Z"}, created_at: ~U[2026-03-07 22:51:17.837188Z], metadata: %{}}]
23:10:02.165 [debug] QUERY OK db=0.1ms
begin []
23:10:02.166 [debug] QUERY OK source="projection_versions" db=0.1ms
INSERT INTO "projection_versions" AS p0 ("projection_name","last_seen_event_number","inserted_at","updated_at") VALUES ($1,$2,$3,$4) ON CONFLICT ("projection_name") DO UPDATE SET "last_seen_event_number" = $5 WHERE ((p0."projection_name" = $6) AND (p0."last_seen_event_number" < $7)) ["Treasury.TransferProjector", 2172, ~N[2026-03-20 23:10:02.165772], ~N[2026-03-20 23:10:02.165772], 2172, "Treasury.TransferProjector", 2172]
23:10:02.166 [debug] QUERY OK db=0.1ms
rollback []
23:10:02.167 [debug] Nexus.Identity.Projectors.UserRegistrationProjector received events: [%Commanded.EventStore.RecordedEvent{event_id: "282ec866-f518-44ed-95f6-7a535d6c3e25", event_number: 11262, stream_id: "019d0c26-0b00-74a0-bd6d-48329cf61a57", stream_version: 1, causation_id: "d64809a4-8402-4360-8536-99b7a0f860ca", correlation_id: "e0f4b4bb-483c-4914-aaaa-956d1587d67e", event_type: "Elixir.Nexus.Identity.Events.UserRegistered", data: %Nexus.Identity.Events.UserRegistered{user_id: "019d0c26-0b00-74a0-bd6d-48329cf61a57", org_id: "019d0c26-0b00-74a0-8884-24b7b734f296", email: "test@example.com", role: "system_admin", cose_key: "Ym9vdHN0cmFwX2Nvc2Vfa2V5", credential_id: "Ym9vdHN0cmFwX2NyZWRlbnRpYWxfaWQ=", registered_at: "2026-03-20T16:48:33.024173Z", display_name: "Test User", status: "active"}, created_at: ~U[2026-03-20 16:48:33.025211Z], metadata: %{"causation_id" => "019d0c26-0b00-71d0-a1d2-041f55e92cfc", "correlation_id" => "019d0c26-0b00-71d0-a1d2-041f55e92cfc"}}]
23:10:02.167 [error] Nexus.Treasury.Projectors.TransferProjector failed to handle event:
%Commanded.EventStore.RecordedEvent{
  event_id: "62c6b71c-722f-4f2d-8755-429e94f0e965",
  event_number: 2172,
  stream_id: "019cca7f-79a7-7b90-938a-8ce15011f26b",
  stream_version: 1,
  causation_id: "d72ccd15-4b2a-488e-97ff-35721da3c29b",
  correlation_id: "e053c8f4-f9af-4815-b6f7-0a119251f0d0",
  event_type: "Elixir.Nexus.Treasury.Events.TransferInitiated",
  data: %Nexus.Treasury.Events.TransferInitiated{
    transfer_id: "019cca7f-79a7-7b90-938a-8ce15011f26b",
    org_id: "org_123",
    user_id: "user_456",
    from_currency: "EUR",
    to_currency: "USD",
    amount: "100",
    status: "authorized",
    bulk_payment_id: nil,
    recipient_data: nil,
    requested_at: "2026-03-07T22:51:17.800772Z"
  },
  created_at: ~U[2026-03-07 22:51:17.837188Z],
  metadata: %{}
}, due to:
** (Ecto.ChangeError) value `"user_456"` for `Nexus.Treasury.Projections.Transfer.user_id` in `insert` does not match type :binary_id
    (ecto 3.13.5) lib/ecto/repo/schema.ex:1301: Ecto.Repo.Schema.dump_field!/6
    (ecto 3.13.5) lib/ecto/repo/schema.ex:1310: anonymous fn/6 in Ecto.Repo.Schema.dump_fields!/5
    (stdlib 7.1) maps.erl:894: :maps.fold_1/4
    (ecto 3.13.5) lib/ecto/repo/schema.ex:1308: Ecto.Repo.Schema.dump_fields!/5
    (ecto 3.13.5) lib/ecto/repo/schema.ex:1240: Ecto.Repo.Schema.dump_changes!/7
    (ecto 3.13.5) lib/ecto/repo/schema.ex:476: anonymous fn/15 in Ecto.Repo.Schema.do_insert/4
    (ecto 3.13.5) lib/ecto/multi.ex:905: Ecto.Multi.apply_operation/5
    (elixir 1.19.5) lib/enum.ex:2520: Enum."-reduce/3-lists^foldl/2-0-"/3
    (ecto 3.13.5) lib/ecto/multi.ex:878: anonymous fn/5 in Ecto.Multi.apply_operations/5
    (ecto_sql 3.13.4) lib/ecto/adapters/sql.ex:1473: anonymous fn/3 in Ecto.Adapters.SQL.checkout_or_transaction/4
    (db_connection 2.9.0) lib/db_connection.ex:1747: DBConnection.run_transaction/4
    (ecto 3.13.5) lib/ecto/repo/transaction.ex:30: Ecto.Repo.Transaction.transact/4
    (nexus 0.1.0) deps/commanded_ecto_projections/lib/projections/ecto.ex:97: Nexus.Treasury.Projectors.TransferProjector.update_projection/3
    (commanded 1.4.9) lib/commanded/event/handler.ex:1221: Commanded.Event.Handler.delegate_event_to_handler/2
    (commanded 1.4.9) lib/commanded/event/handler.ex:1062: Commanded.Event.Handler.handle_event/3
    (elixir 1.19.5) lib/enum.ex:2520: Enum."-reduce/3-lists^foldl/2-0-"/3
    (commanded 1.4.9) lib/commanded/event/handler.ex:969: Commanded.Event.Handler.handle_info/2
    (stdlib 7.1) gen_server.erl:2434: :gen_server.try_handle_info/3
    (stdlib 7.1) gen_server.erl:2420: :gen_server.handle_msg/3
    (stdlib 7.1) proc_lib.erl:333: :proc_lib.init_p_do_apply/3

23:10:02.167 [warning] Nexus.Treasury.Projectors.TransferProjector has requested to stop: %Ecto.ChangeError{message: "value `\"user_456\"` for `Nexus.Treasury.Projections.Transfer.user_id` in `insert` does not match type :binary_id"}
23:10:02.167 [debug] QUERY OK db=0.2ms
begin []
23:10:02.167 [debug] Nexus.Treasury.Projectors.TransferProjector is shutting down due to %Ecto.ChangeError{message: "value `\"user_456\"` for `Nexus.Treasury.Projections.Transfer.user_id` in `insert` does not match type :binary_id"}
23:10:02.167 [error] GenServer {Nexus.App.LocalRegistry, {Nexus.App, Commanded.Event.Handler, "Treasury.TransferProjector"}} terminating
** (stop) %Ecto.ChangeError{message: "value `\"user_456\"` for `Nexus.Treasury.Projections.Transfer.user_id` in `insert` does not match type :binary_id"}
Last message: {:events, [%Commanded.EventStore.RecordedEvent{event_id: "62c6b71c-722f-4f2d-8755-429e94f0e965", event_number: 2172, stream_id: "019cca7f-79a7-7b90-938a-8ce15011f26b", stream_version: 1, causation_id: "d72ccd15-4b2a-488e-97ff-35721da3c29b", correlation_id: "e053c8f4-f9af-4815-b6f7-0a119251f0d0", event_type: "Elixir.Nexus.Treasury.Events.TransferInitiated", data: %Nexus.Treasury.Events.TransferInitiated{transfer_id: "019cca7f-79a7-7b90-938a-8ce15011f26b", org_id: "org_123", user_id: "user_456", from_currency: "EUR", to_currency: "USD", amount: "100", status: "authorized", bulk_payment_id: nil, recipient_data: nil, requested_at: "2026-03-07T22:51:17.800772Z"}, created_at: ~U[2026-03-07 22:51:17.837188Z], metadata: %{}}]}
State: %Commanded.Event.Handler{application: Nexus.App, consistency: :eventual, handler_callback: :event, handler_name: "Treasury.TransferProjector", handler_module: Nexus.Treasury.Projectors.TransferProjector, handler_state: nil, last_seen_event: nil, subscription: %Commanded.EventStore.Subscription{application: Nexus.App, backoff: {:backoff, 1000, 60000, 1000, :jitter, :undefined, :undefined}, concurrency: 1, partition_by: nil, subscribe_to: :all, subscribe_from: :origin, subscription_name: "Treasury.TransferProjector", subscription_opts: [], subscription_pid: #PID<0.2567.0>, subscription_ref: #Reference<0.504251661.3394502658.73492>}, subscribe_timer: nil}
23:10:02.167 [debug] Subscription "Treasury.TransferProjector"@"$all" subscriber #PID<0.2566.0> down due to: %Ecto.ChangeError{message: "value `\"user_456\"` for `Nexus.Treasury.Projections.Transfer.user_id` in `insert` does not match type :binary_id"}
23:10:02.167 [debug] Subscription "Treasury.TransferProjector"@"$all" has no subscribers, shutting down
23:10:02.167 [debug] QUERY OK source="projection_versions" db=0.1ms
INSERT INTO "projection_versions" AS p0 ("projection_name","last_seen_event_number","inserted_at","updated_at") VALUES ($1,$2,$3,$4) ON CONFLICT ("projection_name") DO UPDATE SET "last_seen_event_number" = $5 WHERE ((p0."projection_name" = $6) AND (p0."last_seen_event_number" < $7)) ["Identity.Projectors.UserRegistrationProjector", 11262, ~N[2026-03-20 23:10:02.167435], ~N[2026-03-20 23:10:02.167435], 11262, "Identity.Projectors.UserRegistrationProjector", 11262]
23:10:02.167 [debug] QUERY OK source="users" db=0.0ms
SELECT u0."id", u0."org_id", u0."email", u0."display_name", u0."status", u0."cose_key", u0."credential_id", u0."roles", u0."created_at", u0."updated_at" FROM "users" AS u0 WHERE (u0."id" = $1) ["019d0c26-0b00-74a0-bd6d-48329cf61a57"]
23:10:02.167 [debug] QUERY OK source="users" db=0.0ms
SELECT u0."id", u0."org_id", u0."email", u0."display_name", u0."status", u0."cose_key", u0."credential_id", u0."roles", u0."created_at", u0."updated_at" FROM "users" AS u0 WHERE (u0."email" = $1) ["test@example.com"]
23:10:02.167 [error] GenServer {Nexus.EventStore.EventStore.Subscriptions.Registry, {"$all", "Treasury.TransferProjector"}} terminating
** (stop) %Ecto.ChangeError{message: "value `\"user_456\"` for `Nexus.Treasury.Projections.Transfer.user_id` in `insert` does not match type :binary_id"}
Last message: {:DOWN, #Reference<0.504251661.3394502657.217771>, :process, #PID<0.2566.0>, %Ecto.ChangeError{message: "value `\"user_456\"` for `Nexus.Treasury.Projections.Transfer.user_id` in `insert` does not match type :binary_id"}}
State: %EventStore.Subscriptions.Subscription{stream_uuid: "$all", subscription_name: "Treasury.TransferProjector", subscription: %EventStore.Subscriptions.SubscriptionFsm{state: :unsubscribed, data: %EventStore.Subscriptions.SubscriptionState{conn: Nexus.EventStore.Postgrex, event_store: Nexus.EventStore, serializer: Commanded.Serialization.JsonSerializer, schema: "event_store", stream_uuid: "$all", start_from: 0, subscription_name: "Treasury.TransferProjector", subscription_id: 712, selector: nil, mapper: &Commanded.EventStore.Adapters.EventStore.Mapper.from_recorded_event/1, max_size: 1000, partition_by: nil, query_timeout: 15000, lock_ref: #Reference<0.504251661.3394502658.73488>, last_received: 3171, last_sent: 2172, last_ack: 2171, queue_size: 1000, buffer_size: 1, checkpoint_after: 0, checkpoint_threshold: 1, checkpoint_timer_ref: nil, checkpoints_pending: 0, subscribers: %{}, partitions: %{nil: {[%EventStore.RecordedEvent{event_number: 3171, event_id: "8586578d-d056-4f8a-9ef5-e50055576e3d", stream_uuid: "ac7468f5-30d7-40c0-8616-11d90e0baaff", stream_version: 2, correlation_id: "39b30acd-48bc-46aa-95f6-dbca71341717", causation_id: "63e9af3a-68e5-4fcb-b1e2-45e01849c483", event_type: "Elixir.Nexus.Treasury.Events.PolicyAlertTriggered", data: %Nexus.Treasury.Events.PolicyAlertTriggered{policy_id: "ac7468f5-30d7-40c0-8616-11d90e0baaff", org_id: "ac7468f5-30d7-40c0-8616-11d90e0baaff", currency_pair: "EUR/USD", exposure_amount: "120000", threshold: "100000", triggered_at: "2026-03-11T11:11:50.245617Z"}, metadata: %{}, created_at: ~U[2026-03-11 11:11:50.246040Z]}, %EventStore.RecordedEvent{event_number: 3170, event_id: "d9b79299-4063-4885-b6d9-34698aedcb10", stream_uuid: "ac7468f5-30d7-40c0-8616-11d90e0baaff", stream_version: 1, correlation_id: "788f0b6b-0bfc-40f7-a9f1-8257a38dc3b3", causation_id: "5372e3c5-9d37-4049-b5ad-ea745c35f334", event_type: "Elixir.Nexus.Treasury.Events.TransferThresholdSet", data: %Nexus.Treasury.Events.TransferThresholdSet{policy_id: "ac7468f5-30d7-40c0-8616-11d90e0baaff", org_id: "ac7468f5-30d7-40c0-8616-11d90e0baaff", threshold: "100000", set_at: "2026-03-11T11:11:50.238725Z"}, metadata: %{}, created_at: ~U[2026-03-11 11:11:50.240394Z]}, %EventStore.RecordedEvent{event_number: 3169, event_id: "1921c76c-7123-46a0-829b-f758c37f1936", stream_uuid: "forecast-0bc9eb4f-96f1-4960-bbd1-8669f786883a", stream_version: 2, correlation_id: "6461481b-22c8-42f5-9321-fb6182c6c883", causation_id: "9495e45b-6570-4a67-8f67-a7628c22d6b5", event_type: "Elixir.Nexus.Treasury.Events.ForecastGenerated", data: %Nexus.Treasury.Events.ForecastGenerated{org_id: "0bc9eb4f-96f1-4960-bbd1-8669f786883a", currency: "EUR", horizon_days: 30, predictions: [%{date: "2026-03-03", predicted_amount: "110000.000000"}], generated_at: "2026-03-11T11:11:50.230730Z"}, metadata: %{}, created_at: ~U[2026-03-11 11:11:50.231171Z]}, %EventStore.RecordedEvent{event_number: 3168, event_id: "eb625212-2f0a-444d-8cce-9809554dfc41", stream_uuid: "forecast-0bc9eb4f-96f1-4960-bbd1-8669f786883a", stream_version: 1, correlation_id: "be901c27-d444-4708-ab95-a805d38476ef", causation_id: "b866081f-be26-453f-9b2f-ea1e9ec2d11a", event_type: "Elixir.Nexus.Treasury.Events.ForecastGenerated", data: %Nexus.Treasury.Events.ForecastGenerated{org_id: "0bc9eb4f-96f1-4960-bbd1-8669f786883a", currency: "EUR", horizon_days: 30, predictions: [%{date: "2026-03-03", predicted_amount: "100000.00"}], generated_at: "2026-03-11T11:11:50.227029Z"}, ...}, ...], ...}}, ...}}, ...}
23:10:02.168 [debug] Nexus.Treasury.Projectors.TransferProjector is shutting down due to {%Ecto.ChangeError{message: "value `\"user_456\"` for `Nexus.Treasury.Projections.Transfer.user_id` in `insert` does not match type :binary_id"}, {GenServer, :call, [#PID<0.2567.0>, {:connect, #PID<0.2568.0>, [retry_interval: 60000, hibernate_after: 15000, partition_by: nil, concurrency_limit: 1, name: Nexus.EventStore, mapper: &Commanded.EventStore.Adapters.EventStore.Mapper.from_recorded_event/1, conn: Nexus.EventStore.Postgrex, event_store: Nexus.EventStore, query_timeout: 15000, schema: "event_store", serializer: Commanded.Serialization.JsonSerializer, stream_uuid: "$all", subscription_name: "Treasury.TransferProjector", start_from: 0]}, 5000]}}
23:10:02.168 [debug] QUERY OK source="users" db=0.1ms
INSERT INTO "users" ("id","status","org_id","email","display_name","roles","cose_key","credential_id","created_at","updated_at") VALUES ($1,$2,$3,$4,$5,$6,$7,$8,$9,$10) ["019d0c26-0b00-74a0-bd6d-48329cf61a57", "active", "019d0c26-0b00-74a0-8884-24b7b734f296", "test@example.com", "Test User", ["system_admin"], "bootstrap_cose_key", "bootstrap_credential_id", ~U[2026-03-20 23:10:02.167935Z], ~U[2026-03-20 23:10:02.167935Z]]
23:10:02.168 [debug] QUERY ERROR source="identity_user_settings" db=0.0ms
SELECT i0."id", i0."user_id", i0."org_id", i0."locale", i0."timezone", i0."notifications_enabled", i0."created_at", i0."updated_at" FROM "identity_user_settings" AS i0 WHERE (i0."id" = $1) ["019d0c26-0b00-74a0-bd6d-48329cf61a57"]
23:10:02.168 [debug] QUERY OK db=0.0ms
rollback []
23:10:02.168 [error] GenServer {Nexus.App.LocalRegistry, {Nexus.App, Commanded.Event.Handler, "Treasury.TransferProjector"}} terminating
** (stop) exited in: GenServer.call(#PID<0.2567.0>, {:connect, #PID<0.2568.0>, [retry_interval: 60000, hibernate_after: 15000, partition_by: nil, concurrency_limit: 1, name: Nexus.EventStore, mapper: &Commanded.EventStore.Adapters.EventStore.Mapper.from_recorded_event/1, conn: Nexus.EventStore.Postgrex, event_store: Nexus.EventStore, query_timeout: 15000, schema: "event_store", serializer: Commanded.Serialization.JsonSerializer, stream_uuid: "$all", subscription_name: "Treasury.TransferProjector", start_from: 0]}, 5000)
    ** (EXIT) %Ecto.ChangeError{message: "value `\"user_456\"` for `Nexus.Treasury.Projections.Transfer.user_id` in `insert` does not match type :binary_id"}
    (elixir 1.19.5) lib/gen_server.ex:1142: GenServer.call/3
    (commanded 1.4.9) lib/commanded/event_store.ex:289: anonymous fn/2 in Commanded.EventStore.span/3
    (telemetry 1.3.0) /Users/bernard/dev/nexus/deps/telemetry/src/telemetry.erl:324: :telemetry.span/3
    (commanded 1.4.9) lib/commanded/event_store/subscription.ex:58: Commanded.EventStore.Subscription.subscribe/2
    (commanded 1.4.9) lib/commanded/event/handler.ex:1024: Commanded.Event.Handler.subscribe_to_events/1
    (commanded 1.4.9) lib/commanded/event/handler.ex:887: Commanded.Event.Handler.handle_continue/2
    (stdlib 7.1) gen_server.erl:2424: :gen_server.try_handle_continue/3
    (stdlib 7.1) gen_server.erl:2291: :gen_server.loop/4
    (stdlib 7.1) proc_lib.erl:333: :proc_lib.init_p_do_apply/3
Last message: {:continue, :subscribe_to_events}
State: %Commanded.Event.Handler{application: Nexus.App, consistency: :eventual, handler_callback: :event, handler_name: "Treasury.TransferProjector", handler_module: Nexus.Treasury.Projectors.TransferProjector, handler_state: nil, last_seen_event: nil, subscription: %Commanded.EventStore.Subscription{application: Nexus.App, backoff: {:backoff, 1000, 60000, 1000, :jitter, :undefined, :undefined}, concurrency: 1, partition_by: nil, subscribe_to: :all, subscribe_from: :origin, subscription_name: "Treasury.TransferProjector", subscription_opts: [], subscription_pid: nil, subscription_ref: nil}, subscribe_timer: nil}
23:10:02.168 [debug] Subscription "Treasury.TransferProjector"@"$all" attempting to connect subscriber #PID<0.2569.0>
23:10:02.169 [debug] Subscription "Treasury.TransferProjector"@"$all" catching-up
23:10:02.169 [debug] Nexus.Treasury.Projectors.TransferProjector has successfully subscribed to event store
23:10:02.169 [error] Nexus.Identity.Projectors.UserRegistrationProjector failed to handle event:
%Commanded.EventStore.RecordedEvent{
  event_id: "282ec866-f518-44ed-95f6-7a535d6c3e25",
  event_number: 11262,
  stream_id: "019d0c26-0b00-74a0-bd6d-48329cf61a57",
  stream_version: 1,
  causation_id: "d64809a4-8402-4360-8536-99b7a0f860ca",
  correlation_id: "e0f4b4bb-483c-4914-aaaa-956d1587d67e",
  event_type: "Elixir.Nexus.Identity.Events.UserRegistered",
  data: %Nexus.Identity.Events.UserRegistered{
    user_id: "019d0c26-0b00-74a0-bd6d-48329cf61a57",
    org_id: "019d0c26-0b00-74a0-8884-24b7b734f296",
    email: "test@example.com",
    role: "system_admin",
    cose_key: "Ym9vdHN0cmFwX2Nvc2Vfa2V5",
    credential_id: "Ym9vdHN0cmFwX2NyZWRlbnRpYWxfaWQ=",
    registered_at: "2026-03-20T16:48:33.024173Z",
    display_name: "Test User",
    status: "active"
  },
  created_at: ~U[2026-03-20 16:48:33.025211Z],
  metadata: %{
    "causation_id" => "019d0c26-0b00-71d0-a1d2-041f55e92cfc",
    "correlation_id" => "019d0c26-0b00-71d0-a1d2-041f55e92cfc"
  }
}, due to:
** (Postgrex.Error) ERROR 42703 (undefined_column) column i0.id does not exist

    query: SELECT i0."id", i0."user_id", i0."org_id", i0."locale", i0."timezone", i0."notifications_enabled", i0."created_at", i0."updated_at" FROM "identity_user_settings" AS i0 WHERE (i0."id" = $1)
    (ecto_sql 3.13.4) lib/ecto/adapters/sql.ex:1113: Ecto.Adapters.SQL.raise_sql_call_error/1
    (ecto_sql 3.13.4) lib/ecto/adapters/sql.ex:1011: Ecto.Adapters.SQL.execute/6
    (ecto 3.13.5) lib/ecto/repo/queryable.ex:241: Ecto.Repo.Queryable.execute/4
    (ecto 3.13.5) lib/ecto/repo/queryable.ex:19: Ecto.Repo.Queryable.all/3
    (ecto 3.13.5) lib/ecto/repo/queryable.ex:163: Ecto.Repo.Queryable.one/3
    (nexus 0.1.0) lib/nexus/identity/projectors/user_registration_projector.ex:53: anonymous fn/3 in Nexus.Identity.Projectors.UserRegistrationProjector.project_registration/3
    (ecto 3.13.5) lib/ecto/multi.ex:905: Ecto.Multi.apply_operation/5
    (elixir 1.19.5) lib/enum.ex:2520: Enum."-reduce/3-lists^foldl/2-0-"/3
    (ecto 3.13.5) lib/ecto/multi.ex:878: anonymous fn/5 in Ecto.Multi.apply_operations/5
    (ecto_sql 3.13.4) lib/ecto/adapters/sql.ex:1473: anonymous fn/3 in Ecto.Adapters.SQL.checkout_or_transaction/4
    (db_connection 2.9.0) lib/db_connection.ex:1747: DBConnection.run_transaction/4
    (ecto 3.13.5) lib/ecto/repo/transaction.ex:30: Ecto.Repo.Transaction.transact/4
    (nexus 0.1.0) deps/commanded_ecto_projections/lib/projections/ecto.ex:97: Nexus.Identity.Projectors.UserRegistrationProjector.update_projection/3
    (commanded 1.4.9) lib/commanded/event/handler.ex:1221: Commanded.Event.Handler.delegate_event_to_handler/2
    (commanded 1.4.9) lib/commanded/event/handler.ex:1062: Commanded.Event.Handler.handle_event/3
    (elixir 1.19.5) lib/enum.ex:2520: Enum."-reduce/3-lists^foldl/2-0-"/3
    (commanded 1.4.9) lib/commanded/event/handler.ex:969: Commanded.Event.Handler.handle_info/2
    (stdlib 7.1) gen_server.erl:2434: :gen_server.try_handle_info/3
    (stdlib 7.1) gen_server.erl:2420: :gen_server.handle_msg/3
    (stdlib 7.1) proc_lib.erl:333: :proc_lib.init_p_do_apply/3

23:10:02.169 [warning] Nexus.Identity.Projectors.UserRegistrationProjector has requested to stop: %Postgrex.Error{message: nil, postgres: %{code: :undefined_column, line: "3721", message: "column i0.id does not exist", position: "8", file: "parse_relation.c", unknown: "ERROR", severity: "ERROR", pg_code: "42703", routine: "errorMissingColumn"}, connection_id: 3148, query: "SELECT i0.\"id\", i0.\"user_id\", i0.\"org_id\", i0.\"locale\", i0.\"timezone\", i0.\"notifications_enabled\", i0.\"created_at\", i0.\"updated_at\" FROM \"identity_user_settings\" AS i0 WHERE (i0.\"id\" = $1)"}
23:10:02.169 [debug] Nexus.Identity.Projectors.UserRegistrationProjector is shutting down due to %Postgrex.Error{message: nil, postgres: %{code: :undefined_column, line: "3721", message: "column i0.id does not exist", position: "8", file: "parse_relation.c", unknown: "ERROR", severity: "ERROR", pg_code: "42703", routine: "errorMissingColumn"}, connection_id: 3148, query: "SELECT i0.\"id\", i0.\"user_id\", i0.\"org_id\", i0.\"locale\", i0.\"timezone\", i0.\"notifications_enabled\", i0.\"created_at\", i0.\"updated_at\" FROM \"identity_user_settings\" AS i0 WHERE (i0.\"id\" = $1)"}
23:10:02.169 [error] GenServer {Nexus.App.LocalRegistry, {Nexus.App, Commanded.Event.Handler, "Identity.Projectors.UserRegistrationProjector"}} terminating
** (stop) %Postgrex.Error{message: nil, postgres: %{code: :undefined_column, line: "3721", message: "column i0.id does not exist", position: "8", file: "parse_relation.c", unknown: "ERROR", severity: "ERROR", pg_code: "42703", routine: "errorMissingColumn"}, connection_id: 3148, query: "SELECT i0.\"id\", i0.\"user_id\", i0.\"org_id\", i0.\"locale\", i0.\"timezone\", i0.\"notifications_enabled\", i0.\"created_at\", i0.\"updated_at\" FROM \"identity_user_settings\" AS i0 WHERE (i0.\"id\" = $1)"}
Last message: {:events, [%Commanded.EventStore.RecordedEvent{event_id: "282ec866-f518-44ed-95f6-7a535d6c3e25", event_number: 11262, stream_id: "019d0c26-0b00-74a0-bd6d-48329cf61a57", stream_version: 1, causation_id: "d64809a4-8402-4360-8536-99b7a0f860ca", correlation_id: "e0f4b4bb-483c-4914-aaaa-956d1587d67e", event_type: "Elixir.Nexus.Identity.Events.UserRegistered", data: %Nexus.Identity.Events.UserRegistered{user_id: "019d0c26-0b00-74a0-bd6d-48329cf61a57", org_id: "019d0c26-0b00-74a0-8884-24b7b734f296", email: "test@example.com", role: "system_admin", cose_key: "Ym9vdHN0cmFwX2Nvc2Vfa2V5", credential_id: "Ym9vdHN0cmFwX2NyZWRlbnRpYWxfaWQ=", registered_at: "2026-03-20T16:48:33.024173Z", display_name: "Test User", status: "active"}, created_at: ~U[2026-03-20 16:48:33.025211Z], metadata: %{"causation_id" => "019d0c26-0b00-71d0-a1d2-041f55e92cfc", "correlation_id" => "019d0c26-0b00-71d0-a1d2-041f55e92cfc"}}]}
State: %Commanded.Event.Handler{application: Nexus.App, consistency: :strong, handler_callback: :event, handler_name: "Identity.Projectors.UserRegistrationProjector", handler_module: Nexus.Identity.Projectors.UserRegistrationProjector, handler_state: nil, last_seen_event: nil, subscription: %Commanded.EventStore.Subscription{application: Nexus.App, backoff: {:backoff, 1000, 60000, 1000, :jitter, :undefined, :undefined}, concurrency: 1, partition_by: nil, subscribe_to: :all, subscribe_from: :origin, subscription_name: "Identity.Projectors.UserRegistrationProjector", subscription_opts: [], subscription_pid: #PID<0.2565.0>, subscription_ref: #Reference<0.504251661.3394502658.73471>}, subscribe_timer: nil}
23:10:02.169 [debug] Subscription "Identity.Projectors.UserRegistrationProjector"@"$all" subscriber #PID<0.2564.0> down due to: %Postgrex.Error{message: nil, postgres: %{code: :undefined_column, line: "3721", message: "column i0.id does not exist", position: "8", file: "parse_relation.c", unknown: "ERROR", severity: "ERROR", pg_code: "42703", routine: "errorMissingColumn"}, connection_id: 3148, query: "SELECT i0.\"id\", i0.\"user_id\", i0.\"org_id\", i0.\"locale\", i0.\"timezone\", i0.\"notifications_enabled\", i0.\"created_at\", i0.\"updated_at\" FROM \"identity_user_settings\" AS i0 WHERE (i0.\"id\" = $1)"}
23:10:02.169 [debug] Subscription "Identity.Projectors.UserRegistrationProjector"@"$all" has no subscribers, shutting down
23:10:02.169 [error] GenServer {Nexus.EventStore.EventStore.Subscriptions.Registry, {"$all", "Identity.Projectors.UserRegistrationProjector"}} terminating
** (stop) %Postgrex.Error{message: nil, postgres: %{code: :undefined_column, line: "3721", message: "column i0.id does not exist", position: "8", file: "parse_relation.c", unknown: "ERROR", severity: "ERROR", pg_code: "42703", routine: "errorMissingColumn"}, connection_id: 3148, query: "SELECT i0.\"id\", i0.\"user_id\", i0.\"org_id\", i0.\"locale\", i0.\"timezone\", i0.\"notifications_enabled\", i0.\"created_at\", i0.\"updated_at\" FROM \"identity_user_settings\" AS i0 WHERE (i0.\"id\" = $1)"}
Last message: {:DOWN, #Reference<0.504251661.3394502657.217745>, :process, #PID<0.2564.0>, %Postgrex.Error{message: nil, postgres: %{code: :undefined_column, line: "3721", message: "column i0.id does not exist", position: "8", file: "parse_relation.c", unknown: "ERROR", severity: "ERROR", pg_code: "42703", routine: "errorMissingColumn"}, connection_id: 3148, query: "SELECT i0.\"id\", i0.\"user_id\", i0.\"org_id\", i0.\"locale\", i0.\"timezone\", i0.\"notifications_enabled\", i0.\"created_at\", i0.\"updated_at\" FROM \"identity_user_settings\" AS i0 WHERE (i0.\"id\" = $1)"}}
State: %EventStore.Subscriptions.Subscription{stream_uuid: "$all", subscription_name: "Identity.Projectors.UserRegistrationProjector", subscription: %EventStore.Subscriptions.SubscriptionFsm{state: :unsubscribed, data: %EventStore.Subscriptions.SubscriptionState{conn: Nexus.EventStore.Postgrex, event_store: Nexus.EventStore, serializer: Commanded.Serialization.JsonSerializer, schema: "event_store", stream_uuid: "$all", start_from: 0, subscription_name: "Identity.Projectors.UserRegistrationProjector", subscription_id: 405, selector: nil, mapper: &Commanded.EventStore.Adapters.EventStore.Mapper.from_recorded_event/1, max_size: 1000, partition_by: nil, query_timeout: 15000, lock_ref: #Reference<0.504251661.3394502658.73469>, last_received: 12220, last_sent: 11262, last_ack: 11261, queue_size: 959, buffer_size: 1, checkpoint_after: 0, checkpoint_threshold: 1, checkpoint_timer_ref: nil, checkpoints_pending: 0, subscribers: %{}, partitions: %{nil: {[%EventStore.RecordedEvent{event_number: 12220, event_id: "eb1dda64-231e-4bac-923f-f44f3aeac8f1", stream_uuid: "019d0d83-4d63-7c0f-8998-bde5f58f823e", stream_version: 1, correlation_id: "2e6db85b-ec66-499b-a629-d12a1db41979", causation_id: "fd7c44bf-84e2-4c28-b552-8148eb0c4bf7", event_type: "Elixir.Nexus.Treasury.Events.VaultRegistered", data: %Nexus.Treasury.Events.VaultRegistered{vault_id: "019d0d83-4d63-7c0f-8998-bde5f58f823e", org_id: "63dccc1e-056d-4801-b79b-e15c3a51c41c", name: "EUR Vault - 40282324-7b5a-4275-a8e9-09463a42360a", bank_name: "Test Bank", account_number: nil, iban: nil, currency: "EUR", provider: "mock", registered_at: "2026-03-20T23:10:02.083503Z", daily_withdrawal_limit: "0.0", requires_multi_sig: false}, metadata: %{"causation_id" => "019d0d83-4d63-74da-a283-fbb79e650874", "correlation_id" => "019d0d83-4d63-74da-a283-fbb79e650874"}, created_at: ~U[2026-03-20 23:10:02.084314Z]}, %EventStore.RecordedEvent{event_number: 12219, event_id: "09cf4bb5-cfed-4bfe-ae79-8ef871e6e166", stream_uuid: "019d0d83-4bc9-753a-80e6-2e4dca2c9c12", stream_version: 2, correlation_id: "8dcacd27-1027-44b0-a211-bb6a90fd3388", causation_id: "421e58bf-9a8c-4a90-b20a-e4234c00f2cc", event_type: "Elixir.Nexus.Treasury.Events.VaultBalanceSynced", data: %Nexus.Treasury.Events.VaultBalanceSynced{vault_id: "019d0d83-4bc9-753a-80e6-2e4dca2c9c12", org_id: "63dccc1e-056d-4801-b79b-e15c3a51c41c", amount: "500000.00", currency: "USD", synced_at: "2026-03-20T23:10:01.878699Z"}, metadata: %{"causation_id" => "019d0d83-4c96-7dfe-a58b-296d1cd6be89", "correlation_id" => "019d0d83-4c96-7dfe-a58b-296d1cd6be89"}, created_at: ~U[2026-03-20 23:10:01.879170Z]}, %EventStore.RecordedEvent{event_number: 12218, event_id: "9932df8b-18c6-4e36-b5e7-495fc0cc9d0d", stream_uuid: "019d0d83-4bc9-753a-80e6-2e4dca2c9c12", stream_version: 1, correlation_id: "f3ebc19f-f707-46c1-84ec-0edb1b2a053b", causation_id: "61db3cd8-c1cd-4645-97c1-c75b096edc34", event_type: "Elixir.Nexus.Treasury.Events.VaultRegistered", data: %Nexus.Treasury.Events.VaultRegistered{vault_id: "019d0d83-4bc9-753a-80e6-2e4dca2c9c12", org_id: "63dccc1e-056d-4801-b79b-e15c3a51c41c", name: "USD Vault - d16f182d-8771-4765-af35-8a77236fc170", bank_name: "Test Bank", account_number: nil, iban: nil, currency: "USD", provider: "mock", registered_at: "2026-03-20T23:10:01.673695Z", daily_withdrawal_limit: "0.0", requires_multi_sig: false}, metadata: %{"causation_id" => "019d0d83-4bc9-73e0-af57-7d94a03c6d5a", "correlation_id" => "019d0d83-4bc9-73e0-af57-7d94a03c6d5a"}, created_at: ~U[2026-03-20 23:10:01.674570Z]}, %EventStore.RecordedEvent{event_number: 12217, ...}, ...], ...}}, ...}}, ...}
23:10:02.170 [debug] Nexus.Identity.Projectors.UserRegistrationProjector is shutting down due to {%Postgrex.Error{message: nil, postgres: %{code: :undefined_column, line: "3721", message: "column i0.id does not exist", position: "8", file: "parse_relation.c", unknown: "ERROR", severity: "ERROR", pg_code: "42703", routine: "errorMissingColumn"}, connection_id: 3148, query: "SELECT i0.\"id\", i0.\"user_id\", i0.\"org_id\", i0.\"locale\", i0.\"timezone\", i0.\"notifications_enabled\", i0.\"created_at\", i0.\"updated_at\" FROM \"identity_user_settings\" AS i0 WHERE (i0.\"id\" = $1)"}, {GenServer, :call, [#PID<0.2565.0>, {:connect, #PID<0.2571.0>, [retry_interval: 60000, hibernate_after: 15000, partition_by: nil, concurrency_limit: 1, name: Nexus.EventStore, mapper: &Commanded.EventStore.Adapters.EventStore.Mapper.from_recorded_event/1, conn: Nexus.EventStore.Postgrex, event_store: Nexus.EventStore, query_timeout: 15000, schema: "event_store", serializer: Commanded.Serialization.JsonSerializer, stream_uuid: "$all", subscription_name: "Identity.Projectors.UserRegistrationProjector", start_from: 0]}, 5000]}}
23:10:02.170 [error] GenServer {Nexus.App.LocalRegistry, {Nexus.App, Commanded.Event.Handler, "Identity.Projectors.UserRegistrationProjector"}} terminating
** (stop) exited in: GenServer.call(#PID<0.2565.0>, {:connect, #PID<0.2571.0>, [retry_interval: 60000, hibernate_after: 15000, partition_by: nil, concurrency_limit: 1, name: Nexus.EventStore, mapper: &Commanded.EventStore.Adapters.EventStore.Mapper.from_recorded_event/1, conn: Nexus.EventStore.Postgrex, event_store: Nexus.EventStore, query_timeout: 15000, schema: "event_store", serializer: Commanded.Serialization.JsonSerializer, stream_uuid: "$all", subscription_name: "Identity.Projectors.UserRegistrationProjector", start_from: 0]}, 5000)
    ** (EXIT) %Postgrex.Error{message: nil, postgres: %{code: :undefined_column, line: "3721", message: "column i0.id does not exist", position: "8", file: "parse_relation.c", unknown: "ERROR", severity: "ERROR", pg_code: "42703", routine: "errorMissingColumn"}, connection_id: 3148, query: "SELECT i0.\"id\", i0.\"user_id\", i0.\"org_id\", i0.\"locale\", i0.\"timezone\", i0.\"notifications_enabled\", i0.\"created_at\", i0.\"updated_at\" FROM \"identity_user_settings\" AS i0 WHERE (i0.\"id\" = $1)"}
    (elixir 1.19.5) lib/gen_server.ex:1142: GenServer.call/3
    (commanded 1.4.9) lib/commanded/event_store.ex:289: anonymous fn/2 in Commanded.EventStore.span/3
    (telemetry 1.3.0) /Users/bernard/dev/nexus/deps/telemetry/src/telemetry.erl:324: :telemetry.span/3
    (commanded 1.4.9) lib/commanded/event_store/subscription.ex:58: Commanded.EventStore.Subscription.subscribe/2
    (commanded 1.4.9) lib/commanded/event/handler.ex:1024: Commanded.Event.Handler.subscribe_to_events/1
    (commanded 1.4.9) lib/commanded/event/handler.ex:887: Commanded.Event.Handler.handle_continue/2
    (stdlib 7.1) gen_server.erl:2424: :gen_server.try_handle_continue/3
    (stdlib 7.1) gen_server.erl:2291: :gen_server.loop/4
    (stdlib 7.1) proc_lib.erl:333: :proc_lib.init_p_do_apply/3
Last message: {:continue, :subscribe_to_events}
State: %Commanded.Event.Handler{application: Nexus.App, consistency: :strong, handler_callback: :event, handler_name: "Identity.Projectors.UserRegistrationProjector", handler_module: Nexus.Identity.Projectors.UserRegistrationProjector, handler_state: nil, last_seen_event: nil, subscription: %Commanded.EventStore.Subscription{application: Nexus.App, backoff: {:backoff, 1000, 60000, 1000, :jitter, :undefined, :undefined}, concurrency: 1, partition_by: nil, subscribe_to: :all, subscribe_from: :origin, subscription_name: "Identity.Projectors.UserRegistrationProjector", subscription_opts: [], subscription_pid: nil, subscription_ref: nil}, subscribe_timer: nil}
23:10:02.171 [debug] Subscription "Identity.Projectors.UserRegistrationProjector"@"$all" attempting to connect subscriber #PID<0.2572.0>
23:10:02.171 [debug] Subscription "Identity.Projectors.UserRegistrationProjector"@"$all" catching-up
23:10:02.171 [debug] Nexus.Identity.Projectors.UserRegistrationProjector has successfully subscribed to event store
23:10:02.179 [debug] Nexus.Treasury.Projectors.TransferProjector received events: [%Commanded.EventStore.RecordedEvent{event_id: "62c6b71c-722f-4f2d-8755-429e94f0e965", event_number: 2172, stream_id: "019cca7f-79a7-7b90-938a-8ce15011f26b", stream_version: 1, causation_id: "d72ccd15-4b2a-488e-97ff-35721da3c29b", correlation_id: "e053c8f4-f9af-4815-b6f7-0a119251f0d0", event_type: "Elixir.Nexus.Treasury.Events.TransferInitiated", data: %Nexus.Treasury.Events.TransferInitiated{transfer_id: "019cca7f-79a7-7b90-938a-8ce15011f26b", org_id: "org_123", user_id: "user_456", from_currency: "EUR", to_currency: "USD", amount: "100", status: "authorized", bulk_payment_id: nil, recipient_data: nil, requested_at: "2026-03-07T22:51:17.800772Z"}, created_at: ~U[2026-03-07 22:51:17.837188Z], metadata: %{}}]
23:10:02.179 [debug] QUERY OK db=0.1ms
begin []
23:10:02.179 [debug] QUERY OK source="projection_versions" db=0.1ms
INSERT INTO "projection_versions" AS p0 ("projection_name","last_seen_event_number","inserted_at","updated_at") VALUES ($1,$2,$3,$4) ON CONFLICT ("projection_name") DO UPDATE SET "last_seen_event_number" = $5 WHERE ((p0."projection_name" = $6) AND (p0."last_seen_event_number" < $7)) ["Treasury.TransferProjector", 2172, ~N[2026-03-20 23:10:02.179691], ~N[2026-03-20 23:10:02.179691], 2172, "Treasury.TransferProjector", 2172]
23:10:02.180 [debug] QUERY OK db=0.1ms
rollback []
23:10:02.181 [error] Nexus.Treasury.Projectors.TransferProjector failed to handle event:
%Commanded.EventStore.RecordedEvent{
  event_id: "62c6b71c-722f-4f2d-8755-429e94f0e965",
  event_number: 2172,
  stream_id: "019cca7f-79a7-7b90-938a-8ce15011f26b",
  stream_version: 1,
  causation_id: "d72ccd15-4b2a-488e-97ff-35721da3c29b",
  correlation_id: "e053c8f4-f9af-4815-b6f7-0a119251f0d0",
  event_type: "Elixir.Nexus.Treasury.Events.TransferInitiated",
  data: %Nexus.Treasury.Events.TransferInitiated{
    transfer_id: "019cca7f-79a7-7b90-938a-8ce15011f26b",
    org_id: "org_123",
    user_id: "user_456",
    from_currency: "EUR",
    to_currency: "USD",
    amount: "100",
    status: "authorized",
    bulk_payment_id: nil,
    recipient_data: nil,
    requested_at: "2026-03-07T22:51:17.800772Z"
  },
  created_at: ~U[2026-03-07 22:51:17.837188Z],
  metadata: %{}
}, due to:
** (Ecto.ChangeError) value `"user_456"` for `Nexus.Treasury.Projections.Transfer.user_id` in `insert` does not match type :binary_id
    (ecto 3.13.5) lib/ecto/repo/schema.ex:1301: Ecto.Repo.Schema.dump_field!/6
    (ecto 3.13.5) lib/ecto/repo/schema.ex:1310: anonymous fn/6 in Ecto.Repo.Schema.dump_fields!/5
    (stdlib 7.1) maps.erl:894: :maps.fold_1/4
    (ecto 3.13.5) lib/ecto/repo/schema.ex:1308: Ecto.Repo.Schema.dump_fields!/5
    (ecto 3.13.5) lib/ecto/repo/schema.ex:1240: Ecto.Repo.Schema.dump_changes!/7
    (ecto 3.13.5) lib/ecto/repo/schema.ex:476: anonymous fn/15 in Ecto.Repo.Schema.do_insert/4
    (ecto 3.13.5) lib/ecto/multi.ex:905: Ecto.Multi.apply_operation/5
    (elixir 1.19.5) lib/enum.ex:2520: Enum."-reduce/3-lists^foldl/2-0-"/3
    (ecto 3.13.5) lib/ecto/multi.ex:878: anonymous fn/5 in Ecto.Multi.apply_operations/5
    (ecto_sql 3.13.4) lib/ecto/adapters/sql.ex:1473: anonymous fn/3 in Ecto.Adapters.SQL.checkout_or_transaction/4
    (db_connection 2.9.0) lib/db_connection.ex:1747: DBConnection.run_transaction/4
    (ecto 3.13.5) lib/ecto/repo/transaction.ex:30: Ecto.Repo.Transaction.transact/4
    (nexus 0.1.0) deps/commanded_ecto_projections/lib/projections/ecto.ex:97: Nexus.Treasury.Projectors.TransferProjector.update_projection/3
    (commanded 1.4.9) lib/commanded/event/handler.ex:1221: Commanded.Event.Handler.delegate_event_to_handler/2
    (commanded 1.4.9) lib/commanded/event/handler.ex:1062: Commanded.Event.Handler.handle_event/3
    (elixir 1.19.5) lib/enum.ex:2520: Enum."-reduce/3-lists^foldl/2-0-"/3
    (commanded 1.4.9) lib/commanded/event/handler.ex:969: Commanded.Event.Handler.handle_info/2
    (stdlib 7.1) gen_server.erl:2434: :gen_server.try_handle_info/3
    (stdlib 7.1) gen_server.erl:2420: :gen_server.handle_msg/3
    (stdlib 7.1) proc_lib.erl:333: :proc_lib.init_p_do_apply/3

23:10:02.181 [warning] Nexus.Treasury.Projectors.TransferProjector has requested to stop: %Ecto.ChangeError{message: "value `\"user_456\"` for `Nexus.Treasury.Projections.Transfer.user_id` in `insert` does not match type :binary_id"}
23:10:02.181 [debug] Nexus.Treasury.Projectors.TransferProjector is shutting down due to %Ecto.ChangeError{message: "value `\"user_456\"` for `Nexus.Treasury.Projections.Transfer.user_id` in `insert` does not match type :binary_id"}
23:10:02.181 [error] GenServer {Nexus.App.LocalRegistry, {Nexus.App, Commanded.Event.Handler, "Treasury.TransferProjector"}} terminating
** (stop) %Ecto.ChangeError{message: "value `\"user_456\"` for `Nexus.Treasury.Projections.Transfer.user_id` in `insert` does not match type :binary_id"}
Last message: {:events, [%Commanded.EventStore.RecordedEvent{event_id: "62c6b71c-722f-4f2d-8755-429e94f0e965", event_number: 2172, stream_id: "019cca7f-79a7-7b90-938a-8ce15011f26b", stream_version: 1, causation_id: "d72ccd15-4b2a-488e-97ff-35721da3c29b", correlation_id: "e053c8f4-f9af-4815-b6f7-0a119251f0d0", event_type: "Elixir.Nexus.Treasury.Events.TransferInitiated", data: %Nexus.Treasury.Events.TransferInitiated{transfer_id: "019cca7f-79a7-7b90-938a-8ce15011f26b", org_id: "org_123", user_id: "user_456", from_currency: "EUR", to_currency: "USD", amount: "100", status: "authorized", bulk_payment_id: nil, recipient_data: nil, requested_at: "2026-03-07T22:51:17.800772Z"}, created_at: ~U[2026-03-07 22:51:17.837188Z], metadata: %{}}]}
State: %Commanded.Event.Handler{application: Nexus.App, consistency: :eventual, handler_callback: :event, handler_name: "Treasury.TransferProjector", handler_module: Nexus.Treasury.Projectors.TransferProjector, handler_state: nil, last_seen_event: nil, subscription: %Commanded.EventStore.Subscription{application: Nexus.App, backoff: {:backoff, 1000, 60000, 1000, :jitter, :undefined, :undefined}, concurrency: 1, partition_by: nil, subscribe_to: :all, subscribe_from: :origin, subscription_name: "Treasury.TransferProjector", subscription_opts: [], subscription_pid: #PID<0.2570.0>, subscription_ref: #Reference<0.504251661.3394502659.62243>}, subscribe_timer: nil}
23:10:02.181 [debug] Subscription "Treasury.TransferProjector"@"$all" subscriber #PID<0.2569.0> down due to: %Ecto.ChangeError{message: "value `\"user_456\"` for `Nexus.Treasury.Projections.Transfer.user_id` in `insert` does not match type :binary_id"}
23:10:02.181 [debug] Subscription "Treasury.TransferProjector"@"$all" has no subscribers, shutting down
23:10:02.181 [error] GenServer {Nexus.EventStore.EventStore.Subscriptions.Registry, {"$all", "Treasury.TransferProjector"}} terminating
** (stop) %Ecto.ChangeError{message: "value `\"user_456\"` for `Nexus.Treasury.Projections.Transfer.user_id` in `insert` does not match type :binary_id"}
Last message: {:DOWN, #Reference<0.504251661.3394502659.62225>, :process, #PID<0.2569.0>, %Ecto.ChangeError{message: "value `\"user_456\"` for `Nexus.Treasury.Projections.Transfer.user_id` in `insert` does not match type :binary_id"}}
State: %EventStore.Subscriptions.Subscription{stream_uuid: "$all", subscription_name: "Treasury.TransferProjector", subscription: %EventStore.Subscriptions.SubscriptionFsm{state: :unsubscribed, data: %EventStore.Subscriptions.SubscriptionState{conn: Nexus.EventStore.Postgrex, event_store: Nexus.EventStore, serializer: Commanded.Serialization.JsonSerializer, schema: "event_store", stream_uuid: "$all", start_from: 0, subscription_name: "Treasury.TransferProjector", subscription_id: 712, selector: nil, mapper: &Commanded.EventStore.Adapters.EventStore.Mapper.from_recorded_event/1, max_size: 1000, partition_by: nil, query_timeout: 15000, lock_ref: #Reference<0.504251661.3394502658.73540>, last_received: 3171, last_sent: 2172, last_ack: 2171, queue_size: 1000, buffer_size: 1, checkpoint_after: 0, checkpoint_threshold: 1, checkpoint_timer_ref: nil, checkpoints_pending: 0, subscribers: %{}, partitions: %{nil: {[%EventStore.RecordedEvent{event_number: 3171, event_id: "8586578d-d056-4f8a-9ef5-e50055576e3d", stream_uuid: "ac7468f5-30d7-40c0-8616-11d90e0baaff", stream_version: 2, correlation_id: "39b30acd-48bc-46aa-95f6-dbca71341717", causation_id: "63e9af3a-68e5-4fcb-b1e2-45e01849c483", event_type: "Elixir.Nexus.Treasury.Events.PolicyAlertTriggered", data: %Nexus.Treasury.Events.PolicyAlertTriggered{policy_id: "ac7468f5-30d7-40c0-8616-11d90e0baaff", org_id: "ac7468f5-30d7-40c0-8616-11d90e0baaff", currency_pair: "EUR/USD", exposure_amount: "120000", threshold: "100000", triggered_at: "2026-03-11T11:11:50.245617Z"}, metadata: %{}, created_at: ~U[2026-03-11 11:11:50.246040Z]}, %EventStore.RecordedEvent{event_number: 3170, event_id: "d9b79299-4063-4885-b6d9-34698aedcb10", stream_uuid: "ac7468f5-30d7-40c0-8616-11d90e0baaff", stream_version: 1, correlation_id: "788f0b6b-0bfc-40f7-a9f1-8257a38dc3b3", causation_id: "5372e3c5-9d37-4049-b5ad-ea745c35f334", event_type: "Elixir.Nexus.Treasury.Events.TransferThresholdSet", data: %Nexus.Treasury.Events.TransferThresholdSet{policy_id: "ac7468f5-30d7-40c0-8616-11d90e0baaff", org_id: "ac7468f5-30d7-40c0-8616-11d90e0baaff", threshold: "100000", set_at: "2026-03-11T11:11:50.238725Z"}, metadata: %{}, created_at: ~U[2026-03-11 11:11:50.240394Z]}, %EventStore.RecordedEvent{event_number: 3169, event_id: "1921c76c-7123-46a0-829b-f758c37f1936", stream_uuid: "forecast-0bc9eb4f-96f1-4960-bbd1-8669f786883a", stream_version: 2, correlation_id: "6461481b-22c8-42f5-9321-fb6182c6c883", causation_id: "9495e45b-6570-4a67-8f67-a7628c22d6b5", event_type: "Elixir.Nexus.Treasury.Events.ForecastGenerated", data: %Nexus.Treasury.Events.ForecastGenerated{org_id: "0bc9eb4f-96f1-4960-bbd1-8669f786883a", currency: "EUR", horizon_days: 30, predictions: [%{date: "2026-03-03", predicted_amount: "110000.000000"}], generated_at: "2026-03-11T11:11:50.230730Z"}, metadata: %{}, created_at: ~U[2026-03-11 11:11:50.231171Z]}, %EventStore.RecordedEvent{event_number: 3168, event_id: "eb625212-2f0a-444d-8cce-9809554dfc41", stream_uuid: "forecast-0bc9eb4f-96f1-4960-bbd1-8669f786883a", stream_version: 1, correlation_id: "be901c27-d444-4708-ab95-a805d38476ef", causation_id: "b866081f-be26-453f-9b2f-ea1e9ec2d11a", event_type: "Elixir.Nexus.Treasury.Events.ForecastGenerated", data: %Nexus.Treasury.Events.ForecastGenerated{org_id: "0bc9eb4f-96f1-4960-bbd1-8669f786883a", currency: "EUR", horizon_days: 30, predictions: [%{date: "2026-03-03", predicted_amount: "100000.00"}], generated_at: "2026-03-11T11:11:50.227029Z"}, ...}, ...], ...}}, ...}}, ...}
23:10:02.181 [debug] Nexus.Treasury.Projectors.TransferProjector is shutting down due to {%Ecto.ChangeError{message: "value `\"user_456\"` for `Nexus.Treasury.Projections.Transfer.user_id` in `insert` does not match type :binary_id"}, {GenServer, :call, [#PID<0.2570.0>, {:connect, #PID<0.2574.0>, [retry_interval: 60000, hibernate_after: 15000, partition_by: nil, concurrency_limit: 1, name: Nexus.EventStore, mapper: &Commanded.EventStore.Adapters.EventStore.Mapper.from_recorded_event/1, conn: Nexus.EventStore.Postgrex, event_store: Nexus.EventStore, query_timeout: 15000, schema: "event_store", serializer: Commanded.Serialization.JsonSerializer, stream_uuid: "$all", subscription_name: "Treasury.TransferProjector", start_from: 0]}, 5000]}}
23:10:02.181 [error] GenServer {Nexus.App.LocalRegistry, {Nexus.App, Commanded.Event.Handler, "Treasury.TransferProjector"}} terminating
** (stop) exited in: GenServer.call(#PID<0.2570.0>, {:connect, #PID<0.2574.0>, [retry_interval: 60000, hibernate_after: 15000, partition_by: nil, concurrency_limit: 1, name: Nexus.EventStore, mapper: &Commanded.EventStore.Adapters.EventStore.Mapper.from_recorded_event/1, conn: Nexus.EventStore.Postgrex, event_store: Nexus.EventStore, query_timeout: 15000, schema: "event_store", serializer: Commanded.Serialization.JsonSerializer, stream_uuid: "$all", subscription_name: "Treasury.TransferProjector", start_from: 0]}, 5000)
    ** (EXIT) %Ecto.ChangeError{message: "value `\"user_456\"` for `Nexus.Treasury.Projections.Transfer.user_id` in `insert` does not match type :binary_id"}
    (elixir 1.19.5) lib/gen_server.ex:1142: GenServer.call/3
    (commanded 1.4.9) lib/commanded/event_store.ex:289: anonymous fn/2 in Commanded.EventStore.span/3
    (telemetry 1.3.0) /Users/bernard/dev/nexus/deps/telemetry/src/telemetry.erl:324: :telemetry.span/3
    (commanded 1.4.9) lib/commanded/event_store/subscription.ex:58: Commanded.EventStore.Subscription.subscribe/2
    (commanded 1.4.9) lib/commanded/event/handler.ex:1024: Commanded.Event.Handler.subscribe_to_events/1
    (commanded 1.4.9) lib/commanded/event/handler.ex:887: Commanded.Event.Handler.handle_continue/2
    (stdlib 7.1) gen_server.erl:2424: :gen_server.try_handle_continue/3
    (stdlib 7.1) gen_server.erl:2291: :gen_server.loop/4
    (stdlib 7.1) proc_lib.erl:333: :proc_lib.init_p_do_apply/3
Last message: {:continue, :subscribe_to_events}
State: %Commanded.Event.Handler{application: Nexus.App, consistency: :eventual, handler_callback: :event, handler_name: "Treasury.TransferProjector", handler_module: Nexus.Treasury.Projectors.TransferProjector, handler_state: nil, last_seen_event: nil, subscription: %Commanded.EventStore.Subscription{application: Nexus.App, backoff: {:backoff, 1000, 60000, 1000, :jitter, :undefined, :undefined}, concurrency: 1, partition_by: nil, subscribe_to: :all, subscribe_from: :origin, subscription_name: "Treasury.TransferProjector", subscription_opts: [], subscription_pid: nil, subscription_ref: nil}, subscribe_timer: nil}
23:10:02.182 [debug] Subscription "Treasury.TransferProjector"@"$all" attempting to connect subscriber #PID<0.2575.0>
23:10:02.182 [debug] Subscription "Treasury.TransferProjector"@"$all" catching-up
23:10:02.182 [debug] Nexus.Treasury.Projectors.TransferProjector has successfully subscribed to event store
23:10:02.183 [debug] Nexus.Identity.Projectors.UserRegistrationProjector received events: [%Commanded.EventStore.RecordedEvent{event_id: "282ec866-f518-44ed-95f6-7a535d6c3e25", event_number: 11262, stream_id: "019d0c26-0b00-74a0-bd6d-48329cf61a57", stream_version: 1, causation_id: "d64809a4-8402-4360-8536-99b7a0f860ca", correlation_id: "e0f4b4bb-483c-4914-aaaa-956d1587d67e", event_type: "Elixir.Nexus.Identity.Events.UserRegistered", data: %Nexus.Identity.Events.UserRegistered{user_id: "019d0c26-0b00-74a0-bd6d-48329cf61a57", org_id: "019d0c26-0b00-74a0-8884-24b7b734f296", email: "test@example.com", role: "system_admin", cose_key: "Ym9vdHN0cmFwX2Nvc2Vfa2V5", credential_id: "Ym9vdHN0cmFwX2NyZWRlbnRpYWxfaWQ=", registered_at: "2026-03-20T16:48:33.024173Z", display_name: "Test User", status: "active"}, created_at: ~U[2026-03-20 16:48:33.025211Z], metadata: %{"causation_id" => "019d0c26-0b00-71d0-a1d2-041f55e92cfc", "correlation_id" => "019d0c26-0b00-71d0-a1d2-041f55e92cfc"}}]
23:10:02.183 [debug] QUERY OK db=0.0ms
begin []
23:10:02.183 [debug] QUERY OK source="projection_versions" db=0.0ms
INSERT INTO "projection_versions" AS p0 ("projection_name","last_seen_event_number","inserted_at","updated_at") VALUES ($1,$2,$3,$4) ON CONFLICT ("projection_name") DO UPDATE SET "last_seen_event_number" = $5 WHERE ((p0."projection_name" = $6) AND (p0."last_seen_event_number" < $7)) ["Identity.Projectors.UserRegistrationProjector", 11262, ~N[2026-03-20 23:10:02.183535], ~N[2026-03-20 23:10:02.183535], 11262, "Identity.Projectors.UserRegistrationProjector", 11262]
23:10:02.183 [debug] QUERY OK source="users" db=0.0ms
SELECT u0."id", u0."org_id", u0."email", u0."display_name", u0."status", u0."cose_key", u0."credential_id", u0."roles", u0."created_at", u0."updated_at" FROM "users" AS u0 WHERE (u0."id" = $1) ["019d0c26-0b00-74a0-bd6d-48329cf61a57"]
23:10:02.183 [debug] QUERY OK source="users" db=0.0ms
SELECT u0."id", u0."org_id", u0."email", u0."display_name", u0."status", u0."cose_key", u0."credential_id", u0."roles", u0."created_at", u0."updated_at" FROM "users" AS u0 WHERE (u0."email" = $1) ["test@example.com"]
23:10:02.184 [debug] QUERY OK source="users" db=0.0ms
INSERT INTO "users" ("id","status","org_id","email","display_name","roles","cose_key","credential_id","created_at","updated_at") VALUES ($1,$2,$3,$4,$5,$6,$7,$8,$9,$10) ["019d0c26-0b00-74a0-bd6d-48329cf61a57", "active", "019d0c26-0b00-74a0-8884-24b7b734f296", "test@example.com", "Test User", ["system_admin"], "bootstrap_cose_key", "bootstrap_credential_id", ~U[2026-03-20 23:10:02.184027Z], ~U[2026-03-20 23:10:02.184027Z]]
23:10:02.184 [debug] QUERY ERROR source="identity_user_settings" db=0.0ms
SELECT i0."id", i0."user_id", i0."org_id", i0."locale", i0."timezone", i0."notifications_enabled", i0."created_at", i0."updated_at" FROM "identity_user_settings" AS i0 WHERE (i0."id" = $1) ["019d0c26-0b00-74a0-bd6d-48329cf61a57"]
23:10:02.184 [debug] QUERY OK db=0.0ms
rollback []
23:10:02.185 [error] Nexus.Identity.Projectors.UserRegistrationProjector failed to handle event:
%Commanded.EventStore.RecordedEvent{
  event_id: "282ec866-f518-44ed-95f6-7a535d6c3e25",
  event_number: 11262,
  stream_id: "019d0c26-0b00-74a0-bd6d-48329cf61a57",
  stream_version: 1,
  causation_id: "d64809a4-8402-4360-8536-99b7a0f860ca",
  correlation_id: "e0f4b4bb-483c-4914-aaaa-956d1587d67e",
  event_type: "Elixir.Nexus.Identity.Events.UserRegistered",
  data: %Nexus.Identity.Events.UserRegistered{
    user_id: "019d0c26-0b00-74a0-bd6d-48329cf61a57",
    org_id: "019d0c26-0b00-74a0-8884-24b7b734f296",
    email: "test@example.com",
    role: "system_admin",
    cose_key: "Ym9vdHN0cmFwX2Nvc2Vfa2V5",
    credential_id: "Ym9vdHN0cmFwX2NyZWRlbnRpYWxfaWQ=",
    registered_at: "2026-03-20T16:48:33.024173Z",
    display_name: "Test User",
    status: "active"
  },
  created_at: ~U[2026-03-20 16:48:33.025211Z],
  metadata: %{
    "causation_id" => "019d0c26-0b00-71d0-a1d2-041f55e92cfc",
    "correlation_id" => "019d0c26-0b00-71d0-a1d2-041f55e92cfc"
  }
}, due to:
** (Postgrex.Error) ERROR 42703 (undefined_column) column i0.id does not exist

    query: SELECT i0."id", i0."user_id", i0."org_id", i0."locale", i0."timezone", i0."notifications_enabled", i0."created_at", i0."updated_at" FROM "identity_user_settings" AS i0 WHERE (i0."id" = $1)
    (ecto_sql 3.13.4) lib/ecto/adapters/sql.ex:1113: Ecto.Adapters.SQL.raise_sql_call_error/1
    (ecto_sql 3.13.4) lib/ecto/adapters/sql.ex:1011: Ecto.Adapters.SQL.execute/6
    (ecto 3.13.5) lib/ecto/repo/queryable.ex:241: Ecto.Repo.Queryable.execute/4
    (ecto 3.13.5) lib/ecto/repo/queryable.ex:19: Ecto.Repo.Queryable.all/3
    (ecto 3.13.5) lib/ecto/repo/queryable.ex:163: Ecto.Repo.Queryable.one/3
    (nexus 0.1.0) lib/nexus/identity/projectors/user_registration_projector.ex:53: anonymous fn/3 in Nexus.Identity.Projectors.UserRegistrationProjector.project_registration/3
    (ecto 3.13.5) lib/ecto/multi.ex:905: Ecto.Multi.apply_operation/5
    (elixir 1.19.5) lib/enum.ex:2520: Enum."-reduce/3-lists^foldl/2-0-"/3
    (ecto 3.13.5) lib/ecto/multi.ex:878: anonymous fn/5 in Ecto.Multi.apply_operations/5
    (ecto_sql 3.13.4) lib/ecto/adapters/sql.ex:1473: anonymous fn/3 in Ecto.Adapters.SQL.checkout_or_transaction/4
    (db_connection 2.9.0) lib/db_connection.ex:1747: DBConnection.run_transaction/4
    (ecto 3.13.5) lib/ecto/repo/transaction.ex:30: Ecto.Repo.Transaction.transact/4
    (nexus 0.1.0) deps/commanded_ecto_projections/lib/projections/ecto.ex:97: Nexus.Identity.Projectors.UserRegistrationProjector.update_projection/3
    (commanded 1.4.9) lib/commanded/event/handler.ex:1221: Commanded.Event.Handler.delegate_event_to_handler/2
    (commanded 1.4.9) lib/commanded/event/handler.ex:1062: Commanded.Event.Handler.handle_event/3
    (elixir 1.19.5) lib/enum.ex:2520: Enum."-reduce/3-lists^foldl/2-0-"/3
    (commanded 1.4.9) lib/commanded/event/handler.ex:969: Commanded.Event.Handler.handle_info/2
    (stdlib 7.1) gen_server.erl:2434: :gen_server.try_handle_info/3
    (stdlib 7.1) gen_server.erl:2420: :gen_server.handle_msg/3
    (stdlib 7.1) proc_lib.erl:333: :proc_lib.init_p_do_apply/3

23:10:02.185 [warning] Nexus.Identity.Projectors.UserRegistrationProjector has requested to stop: %Postgrex.Error{message: nil, postgres: %{code: :undefined_column, line: "3721", message: "column i0.id does not exist", position: "8", file: "parse_relation.c", unknown: "ERROR", severity: "ERROR", pg_code: "42703", routine: "errorMissingColumn"}, connection_id: 3148, query: "SELECT i0.\"id\", i0.\"user_id\", i0.\"org_id\", i0.\"locale\", i0.\"timezone\", i0.\"notifications_enabled\", i0.\"created_at\", i0.\"updated_at\" FROM \"identity_user_settings\" AS i0 WHERE (i0.\"id\" = $1)"}
23:10:02.185 [debug] Nexus.Identity.Projectors.UserRegistrationProjector is shutting down due to %Postgrex.Error{message: nil, postgres: %{code: :undefined_column, line: "3721", message: "column i0.id does not exist", position: "8", file: "parse_relation.c", unknown: "ERROR", severity: "ERROR", pg_code: "42703", routine: "errorMissingColumn"}, connection_id: 3148, query: "SELECT i0.\"id\", i0.\"user_id\", i0.\"org_id\", i0.\"locale\", i0.\"timezone\", i0.\"notifications_enabled\", i0.\"created_at\", i0.\"updated_at\" FROM \"identity_user_settings\" AS i0 WHERE (i0.\"id\" = $1)"}
23:10:02.185 [error] GenServer {Nexus.App.LocalRegistry, {Nexus.App, Commanded.Event.Handler, "Identity.Projectors.UserRegistrationProjector"}} terminating
** (stop) %Postgrex.Error{message: nil, postgres: %{code: :undefined_column, line: "3721", message: "column i0.id does not exist", position: "8", file: "parse_relation.c", unknown: "ERROR", severity: "ERROR", pg_code: "42703", routine: "errorMissingColumn"}, connection_id: 3148, query: "SELECT i0.\"id\", i0.\"user_id\", i0.\"org_id\", i0.\"locale\", i0.\"timezone\", i0.\"notifications_enabled\", i0.\"created_at\", i0.\"updated_at\" FROM \"identity_user_settings\" AS i0 WHERE (i0.\"id\" = $1)"}
Last message: {:events, [%Commanded.EventStore.RecordedEvent{event_id: "282ec866-f518-44ed-95f6-7a535d6c3e25", event_number: 11262, stream_id: "019d0c26-0b00-74a0-bd6d-48329cf61a57", stream_version: 1, causation_id: "d64809a4-8402-4360-8536-99b7a0f860ca", correlation_id: "e0f4b4bb-483c-4914-aaaa-956d1587d67e", event_type: "Elixir.Nexus.Identity.Events.UserRegistered", data: %Nexus.Identity.Events.UserRegistered{user_id: "019d0c26-0b00-74a0-bd6d-48329cf61a57", org_id: "019d0c26-0b00-74a0-8884-24b7b734f296", email: "test@example.com", role: "system_admin", cose_key: "Ym9vdHN0cmFwX2Nvc2Vfa2V5", credential_id: "Ym9vdHN0cmFwX2NyZWRlbnRpYWxfaWQ=", registered_at: "2026-03-20T16:48:33.024173Z", display_name: "Test User", status: "active"}, created_at: ~U[2026-03-20 16:48:33.025211Z], metadata: %{"causation_id" => "019d0c26-0b00-71d0-a1d2-041f55e92cfc", "correlation_id" => "019d0c26-0b00-71d0-a1d2-041f55e92cfc"}}]}
State: %Commanded.Event.Handler{application: Nexus.App, consistency: :strong, handler_callback: :event, handler_name: "Identity.Projectors.UserRegistrationProjector", handler_module: Nexus.Identity.Projectors.UserRegistrationProjector, handler_state: nil, last_seen_event: nil, subscription: %Commanded.EventStore.Subscription{application: Nexus.App, backoff: {:backoff, 1000, 60000, 1000, :jitter, :undefined, :undefined}, concurrency: 1, partition_by: nil, subscribe_to: :all, subscribe_from: :origin, subscription_name: "Identity.Projectors.UserRegistrationProjector", subscription_opts: [], subscription_pid: #PID<0.2573.0>, subscription_ref: #Reference<0.504251661.3394502659.62321>}, subscribe_timer: nil}
23:10:02.185 [debug] Subscription "Identity.Projectors.UserRegistrationProjector"@"$all" subscriber #PID<0.2572.0> down due to: %Postgrex.Error{message: nil, postgres: %{code: :undefined_column, line: "3721", message: "column i0.id does not exist", position: "8", file: "parse_relation.c", unknown: "ERROR", severity: "ERROR", pg_code: "42703", routine: "errorMissingColumn"}, connection_id: 3148, query: "SELECT i0.\"id\", i0.\"user_id\", i0.\"org_id\", i0.\"locale\", i0.\"timezone\", i0.\"notifications_enabled\", i0.\"created_at\", i0.\"updated_at\" FROM \"identity_user_settings\" AS i0 WHERE (i0.\"id\" = $1)"}
23:10:02.185 [debug] Subscription "Identity.Projectors.UserRegistrationProjector"@"$all" has no subscribers, shutting down
23:10:02.185 [error] GenServer {Nexus.EventStore.EventStore.Subscriptions.Registry, {"$all", "Identity.Projectors.UserRegistrationProjector"}} terminating
** (stop) %Postgrex.Error{message: nil, postgres: %{code: :undefined_column, line: "3721", message: "column i0.id does not exist", position: "8", file: "parse_relation.c", unknown: "ERROR", severity: "ERROR", pg_code: "42703", routine: "errorMissingColumn"}, connection_id: 3148, query: "SELECT i0.\"id\", i0.\"user_id\", i0.\"org_id\", i0.\"locale\", i0.\"timezone\", i0.\"notifications_enabled\", i0.\"created_at\", i0.\"updated_at\" FROM \"identity_user_settings\" AS i0 WHERE (i0.\"id\" = $1)"}
Last message: {:DOWN, #Reference<0.504251661.3394502659.62293>, :process, #PID<0.2572.0>, %Postgrex.Error{message: nil, postgres: %{code: :undefined_column, line: "3721", message: "column i0.id does not exist", position: "8", file: "parse_relation.c", unknown: "ERROR", severity: "ERROR", pg_code: "42703", routine: "errorMissingColumn"}, connection_id: 3148, query: "SELECT i0.\"id\", i0.\"user_id\", i0.\"org_id\", i0.\"locale\", i0.\"timezone\", i0.\"notifications_enabled\", i0.\"created_at\", i0.\"updated_at\" FROM \"identity_user_settings\" AS i0 WHERE (i0.\"id\" = $1)"}}
State: %EventStore.Subscriptions.Subscription{stream_uuid: "$all", subscription_name: "Identity.Projectors.UserRegistrationProjector", subscription: %EventStore.Subscriptions.SubscriptionFsm{state: :unsubscribed, data: %EventStore.Subscriptions.SubscriptionState{conn: Nexus.EventStore.Postgrex, event_store: Nexus.EventStore, serializer: Commanded.Serialization.JsonSerializer, schema: "event_store", stream_uuid: "$all", start_from: 0, subscription_name: "Identity.Projectors.UserRegistrationProjector", subscription_id: 405, selector: nil, mapper: &Commanded.EventStore.Adapters.EventStore.Mapper.from_recorded_event/1, max_size: 1000, partition_by: nil, query_timeout: 15000, lock_ref: #Reference<0.504251661.3394502659.62318>, last_received: 12220, last_sent: 11262, last_ack: 11261, queue_size: 959, buffer_size: 1, checkpoint_after: 0, checkpoint_threshold: 1, checkpoint_timer_ref: nil, checkpoints_pending: 0, subscribers: %{}, partitions: %{nil: {[%EventStore.RecordedEvent{event_number: 12220, event_id: "eb1dda64-231e-4bac-923f-f44f3aeac8f1", stream_uuid: "019d0d83-4d63-7c0f-8998-bde5f58f823e", stream_version: 1, correlation_id: "2e6db85b-ec66-499b-a629-d12a1db41979", causation_id: "fd7c44bf-84e2-4c28-b552-8148eb0c4bf7", event_type: "Elixir.Nexus.Treasury.Events.VaultRegistered", data: %Nexus.Treasury.Events.VaultRegistered{vault_id: "019d0d83-4d63-7c0f-8998-bde5f58f823e", org_id: "63dccc1e-056d-4801-b79b-e15c3a51c41c", name: "EUR Vault - 40282324-7b5a-4275-a8e9-09463a42360a", bank_name: "Test Bank", account_number: nil, iban: nil, currency: "EUR", provider: "mock", registered_at: "2026-03-20T23:10:02.083503Z", daily_withdrawal_limit: "0.0", requires_multi_sig: false}, metadata: %{"causation_id" => "019d0d83-4d63-74da-a283-fbb79e650874", "correlation_id" => "019d0d83-4d63-74da-a283-fbb79e650874"}, created_at: ~U[2026-03-20 23:10:02.084314Z]}, %EventStore.RecordedEvent{event_number: 12219, event_id: "09cf4bb5-cfed-4bfe-ae79-8ef871e6e166", stream_uuid: "019d0d83-4bc9-753a-80e6-2e4dca2c9c12", stream_version: 2, correlation_id: "8dcacd27-1027-44b0-a211-bb6a90fd3388", causation_id: "421e58bf-9a8c-4a90-b20a-e4234c00f2cc", event_type: "Elixir.Nexus.Treasury.Events.VaultBalanceSynced", data: %Nexus.Treasury.Events.VaultBalanceSynced{vault_id: "019d0d83-4bc9-753a-80e6-2e4dca2c9c12", org_id: "63dccc1e-056d-4801-b79b-e15c3a51c41c", amount: "500000.00", currency: "USD", synced_at: "2026-03-20T23:10:01.878699Z"}, metadata: %{"causation_id" => "019d0d83-4c96-7dfe-a58b-296d1cd6be89", "correlation_id" => "019d0d83-4c96-7dfe-a58b-296d1cd6be89"}, created_at: ~U[2026-03-20 23:10:01.879170Z]}, %EventStore.RecordedEvent{event_number: 12218, event_id: "9932df8b-18c6-4e36-b5e7-495fc0cc9d0d", stream_uuid: "019d0d83-4bc9-753a-80e6-2e4dca2c9c12", stream_version: 1, correlation_id: "f3ebc19f-f707-46c1-84ec-0edb1b2a053b", causation_id: "61db3cd8-c1cd-4645-97c1-c75b096edc34", event_type: "Elixir.Nexus.Treasury.Events.VaultRegistered", data: %Nexus.Treasury.Events.VaultRegistered{vault_id: "019d0d83-4bc9-753a-80e6-2e4dca2c9c12", org_id: "63dccc1e-056d-4801-b79b-e15c3a51c41c", name: "USD Vault - d16f182d-8771-4765-af35-8a77236fc170", bank_name: "Test Bank", account_number: nil, iban: nil, currency: "USD", provider: "mock", registered_at: "2026-03-20T23:10:01.673695Z", daily_withdrawal_limit: "0.0", requires_multi_sig: false}, metadata: %{"causation_id" => "019d0d83-4bc9-73e0-af57-7d94a03c6d5a", "correlation_id" => "019d0d83-4bc9-73e0-af57-7d94a03c6d5a"}, created_at: ~U[2026-03-20 23:10:01.674570Z]}, %EventStore.RecordedEvent{event_number: 12217, ...}, ...], ...}}, ...}}, ...}
23:10:02.186 [debug] Nexus.Identity.Projectors.UserRegistrationProjector is shutting down due to {%Postgrex.Error{message: nil, postgres: %{code: :undefined_column, line: "3721", message: "column i0.id does not exist", position: "8", file: "parse_relation.c", unknown: "ERROR", severity: "ERROR", pg_code: "42703", routine: "errorMissingColumn"}, connection_id: 3148, query: "SELECT i0.\"id\", i0.\"user_id\", i0.\"org_id\", i0.\"locale\", i0.\"timezone\", i0.\"notifications_enabled\", i0.\"created_at\", i0.\"updated_at\" FROM \"identity_user_settings\" AS i0 WHERE (i0.\"id\" = $1)"}, {GenServer, :call, [#PID<0.2573.0>, {:connect, #PID<0.2577.0>, [retry_interval: 60000, hibernate_after: 15000, partition_by: nil, concurrency_limit: 1, name: Nexus.EventStore, mapper: &Commanded.EventStore.Adapters.EventStore.Mapper.from_recorded_event/1, conn: Nexus.EventStore.Postgrex, event_store: Nexus.EventStore, query_timeout: 15000, schema: "event_store", serializer: Commanded.Serialization.JsonSerializer, stream_uuid: "$all", subscription_name: "Identity.Projectors.UserRegistrationProjector", start_from: 0]}, 5000]}}
23:10:02.186 [error] GenServer {Nexus.App.LocalRegistry, {Nexus.App, Commanded.Event.Handler, "Identity.Projectors.UserRegistrationProjector"}} terminating
** (stop) exited in: GenServer.call(#PID<0.2573.0>, {:connect, #PID<0.2577.0>, [retry_interval: 60000, hibernate_after: 15000, partition_by: nil, concurrency_limit: 1, name: Nexus.EventStore, mapper: &Commanded.EventStore.Adapters.EventStore.Mapper.from_recorded_event/1, conn: Nexus.EventStore.Postgrex, event_store: Nexus.EventStore, query_timeout: 15000, schema: "event_store", serializer: Commanded.Serialization.JsonSerializer, stream_uuid: "$all", subscription_name: "Identity.Projectors.UserRegistrationProjector", start_from: 0]}, 5000)
    ** (EXIT) %Postgrex.Error{message: nil, postgres: %{code: :undefined_column, line: "3721", message: "column i0.id does not exist", position: "8", file: "parse_relation.c", unknown: "ERROR", severity: "ERROR", pg_code: "42703", routine: "errorMissingColumn"}, connection_id: 3148, query: "SELECT i0.\"id\", i0.\"user_id\", i0.\"org_id\", i0.\"locale\", i0.\"timezone\", i0.\"notifications_enabled\", i0.\"created_at\", i0.\"updated_at\" FROM \"identity_user_settings\" AS i0 WHERE (i0.\"id\" = $1)"}
    (elixir 1.19.5) lib/gen_server.ex:1142: GenServer.call/3
    (commanded 1.4.9) lib/commanded/event_store.ex:289: anonymous fn/2 in Commanded.EventStore.span/3
    (telemetry 1.3.0) /Users/bernard/dev/nexus/deps/telemetry/src/telemetry.erl:324: :telemetry.span/3
    (commanded 1.4.9) lib/commanded/event_store/subscription.ex:58: Commanded.EventStore.Subscription.subscribe/2
    (commanded 1.4.9) lib/commanded/event/handler.ex:1024: Commanded.Event.Handler.subscribe_to_events/1
    (commanded 1.4.9) lib/commanded/event/handler.ex:887: Commanded.Event.Handler.handle_continue/2
    (stdlib 7.1) gen_server.erl:2424: :gen_server.try_handle_continue/3
    (stdlib 7.1) gen_server.erl:2291: :gen_server.loop/4
    (stdlib 7.1) proc_lib.erl:333: :proc_lib.init_p_do_apply/3
Last message: {:continue, :subscribe_to_events}
State: %Commanded.Event.Handler{application: Nexus.App, consistency: :strong, handler_callback: :event, handler_name: "Identity.Projectors.UserRegistrationProjector", handler_module: Nexus.Identity.Projectors.UserRegistrationProjector, handler_state: nil, last_seen_event: nil, subscription: %Commanded.EventStore.Subscription{application: Nexus.App, backoff: {:backoff, 1000, 60000, 1000, :jitter, :undefined, :undefined}, concurrency: 1, partition_by: nil, subscribe_to: :all, subscribe_from: :origin, subscription_name: "Identity.Projectors.UserRegistrationProjector", subscription_opts: [], subscription_pid: nil, subscription_ref: nil}, subscribe_timer: nil}
23:10:02.187 [debug] Subscription "Identity.Projectors.UserRegistrationProjector"@"$all" attempting to connect subscriber #PID<0.2578.0>
23:10:02.188 [debug] Subscription "Identity.Projectors.UserRegistrationProjector"@"$all" catching-up
23:10:02.188 [debug] Nexus.Identity.Projectors.UserRegistrationProjector has successfully subscribed to event store
23:10:02.193 [debug] Nexus.Treasury.Projectors.TransferProjector received events: [%Commanded.EventStore.RecordedEvent{event_id: "62c6b71c-722f-4f2d-8755-429e94f0e965", event_number: 2172, stream_id: "019cca7f-79a7-7b90-938a-8ce15011f26b", stream_version: 1, causation_id: "d72ccd15-4b2a-488e-97ff-35721da3c29b", correlation_id: "e053c8f4-f9af-4815-b6f7-0a119251f0d0", event_type: "Elixir.Nexus.Treasury.Events.TransferInitiated", data: %Nexus.Treasury.Events.TransferInitiated{transfer_id: "019cca7f-79a7-7b90-938a-8ce15011f26b", org_id: "org_123", user_id: "user_456", from_currency: "EUR", to_currency: "USD", amount: "100", status: "authorized", bulk_payment_id: nil, recipient_data: nil, requested_at: "2026-03-07T22:51:17.800772Z"}, created_at: ~U[2026-03-07 22:51:17.837188Z], metadata: %{}}]
23:10:02.193 [debug] QUERY OK db=0.0ms
begin []
23:10:02.193 [debug] QUERY OK source="projection_versions" db=0.0ms
INSERT INTO "projection_versions" AS p0 ("projection_name","last_seen_event_number","inserted_at","updated_at") VALUES ($1,$2,$3,$4) ON CONFLICT ("projection_name") DO UPDATE SET "last_seen_event_number" = $5 WHERE ((p0."projection_name" = $6) AND (p0."last_seen_event_number" < $7)) ["Treasury.TransferProjector", 2172, ~N[2026-03-20 23:10:02.193301], ~N[2026-03-20 23:10:02.193301], 2172, "Treasury.TransferProjector", 2172]
23:10:02.193 [debug] QUERY OK db=0.1ms
rollback []
23:10:02.194 [error] Nexus.Treasury.Projectors.TransferProjector failed to handle event:
%Commanded.EventStore.RecordedEvent{
  event_id: "62c6b71c-722f-4f2d-8755-429e94f0e965",
  event_number: 2172,
  stream_id: "019cca7f-79a7-7b90-938a-8ce15011f26b",
  stream_version: 1,
  causation_id: "d72ccd15-4b2a-488e-97ff-35721da3c29b",
  correlation_id: "e053c8f4-f9af-4815-b6f7-0a119251f0d0",
  event_type: "Elixir.Nexus.Treasury.Events.TransferInitiated",
  data: %Nexus.Treasury.Events.TransferInitiated{
    transfer_id: "019cca7f-79a7-7b90-938a-8ce15011f26b",
    org_id: "org_123",
    user_id: "user_456",
    from_currency: "EUR",
    to_currency: "USD",
    amount: "100",
    status: "authorized",
    bulk_payment_id: nil,
    recipient_data: nil,
    requested_at: "2026-03-07T22:51:17.800772Z"
  },
  created_at: ~U[2026-03-07 22:51:17.837188Z],
  metadata: %{}
}, due to:
** (Ecto.ChangeError) value `"user_456"` for `Nexus.Treasury.Projections.Transfer.user_id` in `insert` does not match type :binary_id
    (ecto 3.13.5) lib/ecto/repo/schema.ex:1301: Ecto.Repo.Schema.dump_field!/6
    (ecto 3.13.5) lib/ecto/repo/schema.ex:1310: anonymous fn/6 in Ecto.Repo.Schema.dump_fields!/5
    (stdlib 7.1) maps.erl:894: :maps.fold_1/4
    (ecto 3.13.5) lib/ecto/repo/schema.ex:1308: Ecto.Repo.Schema.dump_fields!/5
    (ecto 3.13.5) lib/ecto/repo/schema.ex:1240: Ecto.Repo.Schema.dump_changes!/7
    (ecto 3.13.5) lib/ecto/repo/schema.ex:476: anonymous fn/15 in Ecto.Repo.Schema.do_insert/4
    (ecto 3.13.5) lib/ecto/multi.ex:905: Ecto.Multi.apply_operation/5
    (elixir 1.19.5) lib/enum.ex:2520: Enum."-reduce/3-lists^foldl/2-0-"/3
    (ecto 3.13.5) lib/ecto/multi.ex:878: anonymous fn/5 in Ecto.Multi.apply_operations/5
    (ecto_sql 3.13.4) lib/ecto/adapters/sql.ex:1473: anonymous fn/3 in Ecto.Adapters.SQL.checkout_or_transaction/4
    (db_connection 2.9.0) lib/db_connection.ex:1747: DBConnection.run_transaction/4
    (ecto 3.13.5) lib/ecto/repo/transaction.ex:30: Ecto.Repo.Transaction.transact/4
    (nexus 0.1.0) deps/commanded_ecto_projections/lib/projections/ecto.ex:97: Nexus.Treasury.Projectors.TransferProjector.update_projection/3
    (commanded 1.4.9) lib/commanded/event/handler.ex:1221: Commanded.Event.Handler.delegate_event_to_handler/2
    (commanded 1.4.9) lib/commanded/event/handler.ex:1062: Commanded.Event.Handler.handle_event/3
    (elixir 1.19.5) lib/enum.ex:2520: Enum."-reduce/3-lists^foldl/2-0-"/3
    (commanded 1.4.9) lib/commanded/event/handler.ex:969: Commanded.Event.Handler.handle_info/2
    (stdlib 7.1) gen_server.erl:2434: :gen_server.try_handle_info/3
    (stdlib 7.1) gen_server.erl:2420: :gen_server.handle_msg/3
    (stdlib 7.1) proc_lib.erl:333: :proc_lib.init_p_do_apply/3

23:10:02.194 [warning] Nexus.Treasury.Projectors.TransferProjector has requested to stop: %Ecto.ChangeError{message: "value `\"user_456\"` for `Nexus.Treasury.Projections.Transfer.user_id` in `insert` does not match type :binary_id"}
23:10:02.194 [debug] Nexus.Treasury.Projectors.TransferProjector is shutting down due to %Ecto.ChangeError{message: "value `\"user_456\"` for `Nexus.Treasury.Projections.Transfer.user_id` in `insert` does not match type :binary_id"}
23:10:02.194 [error] GenServer {Nexus.App.LocalRegistry, {Nexus.App, Commanded.Event.Handler, "Treasury.TransferProjector"}} terminating
** (stop) %Ecto.ChangeError{message: "value `\"user_456\"` for `Nexus.Treasury.Projections.Transfer.user_id` in `insert` does not match type :binary_id"}
Last message: {:events, [%Commanded.EventStore.RecordedEvent{event_id: "62c6b71c-722f-4f2d-8755-429e94f0e965", event_number: 2172, stream_id: "019cca7f-79a7-7b90-938a-8ce15011f26b", stream_version: 1, causation_id: "d72ccd15-4b2a-488e-97ff-35721da3c29b", correlation_id: "e053c8f4-f9af-4815-b6f7-0a119251f0d0", event_type: "Elixir.Nexus.Treasury.Events.TransferInitiated", data: %Nexus.Treasury.Events.TransferInitiated{transfer_id: "019cca7f-79a7-7b90-938a-8ce15011f26b", org_id: "org_123", user_id: "user_456", from_currency: "EUR", to_currency: "USD", amount: "100", status: "authorized", bulk_payment_id: nil, recipient_data: nil, requested_at: "2026-03-07T22:51:17.800772Z"}, created_at: ~U[2026-03-07 22:51:17.837188Z], metadata: %{}}]}
State: %Commanded.Event.Handler{application: Nexus.App, consistency: :eventual, handler_callback: :event, handler_name: "Treasury.TransferProjector", handler_module: Nexus.Treasury.Projectors.TransferProjector, handler_state: nil, last_seen_event: nil, subscription: %Commanded.EventStore.Subscription{application: Nexus.App, backoff: {:backoff, 1000, 60000, 1000, :jitter, :undefined, :undefined}, concurrency: 1, partition_by: nil, subscribe_to: :all, subscribe_from: :origin, subscription_name: "Treasury.TransferProjector", subscription_opts: [], subscription_pid: #PID<0.2576.0>, subscription_ref: #Reference<0.504251661.3394502659.62487>}, subscribe_timer: nil}
23:10:02.195 [debug] Subscription "Treasury.TransferProjector"@"$all" subscriber #PID<0.2575.0> down due to: %Ecto.ChangeError{message: "value `\"user_456\"` for `Nexus.Treasury.Projections.Transfer.user_id` in `insert` does not match type :binary_id"}
23:10:02.195 [debug] Subscription "Treasury.TransferProjector"@"$all" has no subscribers, shutting down
23:10:02.195 [error] GenServer {Nexus.EventStore.EventStore.Subscriptions.Registry, {"$all", "Treasury.TransferProjector"}} terminating
** (stop) %Ecto.ChangeError{message: "value `\"user_456\"` for `Nexus.Treasury.Projections.Transfer.user_id` in `insert` does not match type :binary_id"}
Last message: {:DOWN, #Reference<0.504251661.3394502659.62468>, :process, #PID<0.2575.0>, %Ecto.ChangeError{message: "value `\"user_456\"` for `Nexus.Treasury.Projections.Transfer.user_id` in `insert` does not match type :binary_id"}}
State: %EventStore.Subscriptions.Subscription{stream_uuid: "$all", subscription_name: "Treasury.TransferProjector", subscription: %EventStore.Subscriptions.SubscriptionFsm{state: :unsubscribed, data: %EventStore.Subscriptions.SubscriptionState{conn: Nexus.EventStore.Postgrex, event_store: Nexus.EventStore, serializer: Commanded.Serialization.JsonSerializer, schema: "event_store", stream_uuid: "$all", start_from: 0, subscription_name: "Treasury.TransferProjector", subscription_id: 712, selector: nil, mapper: &Commanded.EventStore.Adapters.EventStore.Mapper.from_recorded_event/1, max_size: 1000, partition_by: nil, query_timeout: 15000, lock_ref: #Reference<0.504251661.3394502658.73660>, last_received: 3171, last_sent: 2172, last_ack: 2171, queue_size: 1000, buffer_size: 1, checkpoint_after: 0, checkpoint_threshold: 1, checkpoint_timer_ref: nil, checkpoints_pending: 0, subscribers: %{}, partitions: %{nil: {[%EventStore.RecordedEvent{event_number: 3171, event_id: "8586578d-d056-4f8a-9ef5-e50055576e3d", stream_uuid: "ac7468f5-30d7-40c0-8616-11d90e0baaff", stream_version: 2, correlation_id: "39b30acd-48bc-46aa-95f6-dbca71341717", causation_id: "63e9af3a-68e5-4fcb-b1e2-45e01849c483", event_type: "Elixir.Nexus.Treasury.Events.PolicyAlertTriggered", data: %Nexus.Treasury.Events.PolicyAlertTriggered{policy_id: "ac7468f5-30d7-40c0-8616-11d90e0baaff", org_id: "ac7468f5-30d7-40c0-8616-11d90e0baaff", currency_pair: "EUR/USD", exposure_amount: "120000", threshold: "100000", triggered_at: "2026-03-11T11:11:50.245617Z"}, metadata: %{}, created_at: ~U[2026-03-11 11:11:50.246040Z]}, %EventStore.RecordedEvent{event_number: 3170, event_id: "d9b79299-4063-4885-b6d9-34698aedcb10", stream_uuid: "ac7468f5-30d7-40c0-8616-11d90e0baaff", stream_version: 1, correlation_id: "788f0b6b-0bfc-40f7-a9f1-8257a38dc3b3", causation_id: "5372e3c5-9d37-4049-b5ad-ea745c35f334", event_type: "Elixir.Nexus.Treasury.Events.TransferThresholdSet", data: %Nexus.Treasury.Events.TransferThresholdSet{policy_id: "ac7468f5-30d7-40c0-8616-11d90e0baaff", org_id: "ac7468f5-30d7-40c0-8616-11d90e0baaff", threshold: "100000", set_at: "2026-03-11T11:11:50.238725Z"}, metadata: %{}, created_at: ~U[2026-03-11 11:11:50.240394Z]}, %EventStore.RecordedEvent{event_number: 3169, event_id: "1921c76c-7123-46a0-829b-f758c37f1936", stream_uuid: "forecast-0bc9eb4f-96f1-4960-bbd1-8669f786883a", stream_version: 2, correlation_id: "6461481b-22c8-42f5-9321-fb6182c6c883", causation_id: "9495e45b-6570-4a67-8f67-a7628c22d6b5", event_type: "Elixir.Nexus.Treasury.Events.ForecastGenerated", data: %Nexus.Treasury.Events.ForecastGenerated{org_id: "0bc9eb4f-96f1-4960-bbd1-8669f786883a", currency: "EUR", horizon_days: 30, predictions: [%{date: "2026-03-03", predicted_amount: "110000.000000"}], generated_at: "2026-03-11T11:11:50.230730Z"}, metadata: %{}, created_at: ~U[2026-03-11 11:11:50.231171Z]}, %EventStore.RecordedEvent{event_number: 3168, event_id: "eb625212-2f0a-444d-8cce-9809554dfc41", stream_uuid: "forecast-0bc9eb4f-96f1-4960-bbd1-8669f786883a", stream_version: 1, correlation_id: "be901c27-d444-4708-ab95-a805d38476ef", causation_id: "b866081f-be26-453f-9b2f-ea1e9ec2d11a", event_type: "Elixir.Nexus.Treasury.Events.ForecastGenerated", data: %Nexus.Treasury.Events.ForecastGenerated{org_id: "0bc9eb4f-96f1-4960-bbd1-8669f786883a", currency: "EUR", horizon_days: 30, predictions: [%{date: "2026-03-03", predicted_amount: "100000.00"}], generated_at: "2026-03-11T11:11:50.227029Z"}, ...}, ...], ...}}, ...}}, ...}
23:10:02.195 [debug] Nexus.Treasury.Projectors.TransferProjector is shutting down due to {%Ecto.ChangeError{message: "value `\"user_456\"` for `Nexus.Treasury.Projections.Transfer.user_id` in `insert` does not match type :binary_id"}, {GenServer, :call, [#PID<0.2576.0>, {:connect, #PID<0.2580.0>, [retry_interval: 60000, hibernate_after: 15000, partition_by: nil, concurrency_limit: 1, name: Nexus.EventStore, mapper: &Commanded.EventStore.Adapters.EventStore.Mapper.from_recorded_event/1, conn: Nexus.EventStore.Postgrex, event_store: Nexus.EventStore, query_timeout: 15000, schema: "event_store", serializer: Commanded.Serialization.JsonSerializer, stream_uuid: "$all", subscription_name: "Treasury.TransferProjector", start_from: 0]}, 5000]}}
23:10:02.195 [error] GenServer {Nexus.App.LocalRegistry, {Nexus.App, Commanded.Event.Handler, "Treasury.TransferProjector"}} terminating
** (stop) exited in: GenServer.call(#PID<0.2576.0>, {:connect, #PID<0.2580.0>, [retry_interval: 60000, hibernate_after: 15000, partition_by: nil, concurrency_limit: 1, name: Nexus.EventStore, mapper: &Commanded.EventStore.Adapters.EventStore.Mapper.from_recorded_event/1, conn: Nexus.EventStore.Postgrex, event_store: Nexus.EventStore, query_timeout: 15000, schema: "event_store", serializer: Commanded.Serialization.JsonSerializer, stream_uuid: "$all", subscription_name: "Treasury.TransferProjector", start_from: 0]}, 5000)
    ** (EXIT) %Ecto.ChangeError{message: "value `\"user_456\"` for `Nexus.Treasury.Projections.Transfer.user_id` in `insert` does not match type :binary_id"}
    (elixir 1.19.5) lib/gen_server.ex:1142: GenServer.call/3
    (commanded 1.4.9) lib/commanded/event_store.ex:289: anonymous fn/2 in Commanded.EventStore.span/3
    (telemetry 1.3.0) /Users/bernard/dev/nexus/deps/telemetry/src/telemetry.erl:324: :telemetry.span/3
    (commanded 1.4.9) lib/commanded/event_store/subscription.ex:58: Commanded.EventStore.Subscription.subscribe/2
    (commanded 1.4.9) lib/commanded/event/handler.ex:1024: Commanded.Event.Handler.subscribe_to_events/1
    (commanded 1.4.9) lib/commanded/event/handler.ex:887: Commanded.Event.Handler.handle_continue/2
    (stdlib 7.1) gen_server.erl:2424: :gen_server.try_handle_continue/3
    (stdlib 7.1) gen_server.erl:2291: :gen_server.loop/4
    (stdlib 7.1) proc_lib.erl:333: :proc_lib.init_p_do_apply/3
Last message: {:continue, :subscribe_to_events}
State: %Commanded.Event.Handler{application: Nexus.App, consistency: :eventual, handler_callback: :event, handler_name: "Treasury.TransferProjector", handler_module: Nexus.Treasury.Projectors.TransferProjector, handler_state: nil, last_seen_event: nil, subscription: %Commanded.EventStore.Subscription{application: Nexus.App, backoff: {:backoff, 1000, 60000, 1000, :jitter, :undefined, :undefined}, concurrency: 1, partition_by: nil, subscribe_to: :all, subscribe_from: :origin, subscription_name: "Treasury.TransferProjector", subscription_opts: [], subscription_pid: nil, subscription_ref: nil}, subscribe_timer: nil}
23:10:02.196 [debug] Subscription "Treasury.TransferProjector"@"$all" attempting to connect subscriber #PID<0.2581.0>
23:10:02.196 [debug] Subscription "Treasury.TransferProjector"@"$all" catching-up
23:10:02.196 [debug] Nexus.Treasury.Projectors.TransferProjector has successfully subscribed to event store
23:10:02.199 [debug] Nexus.Identity.Projectors.UserRegistrationProjector received events: [%Commanded.EventStore.RecordedEvent{event_id: "282ec866-f518-44ed-95f6-7a535d6c3e25", event_number: 11262, stream_id: "019d0c26-0b00-74a0-bd6d-48329cf61a57", stream_version: 1, causation_id: "d64809a4-8402-4360-8536-99b7a0f860ca", correlation_id: "e0f4b4bb-483c-4914-aaaa-956d1587d67e", event_type: "Elixir.Nexus.Identity.Events.UserRegistered", data: %Nexus.Identity.Events.UserRegistered{user_id: "019d0c26-0b00-74a0-bd6d-48329cf61a57", org_id: "019d0c26-0b00-74a0-8884-24b7b734f296", email: "test@example.com", role: "system_admin", cose_key: "Ym9vdHN0cmFwX2Nvc2Vfa2V5", credential_id: "Ym9vdHN0cmFwX2NyZWRlbnRpYWxfaWQ=", registered_at: "2026-03-20T16:48:33.024173Z", display_name: "Test User", status: "active"}, created_at: ~U[2026-03-20 16:48:33.025211Z], metadata: %{"causation_id" => "019d0c26-0b00-71d0-a1d2-041f55e92cfc", "correlation_id" => "019d0c26-0b00-71d0-a1d2-041f55e92cfc"}}]
23:10:02.199 [debug] QUERY OK db=0.1ms
begin []
23:10:02.200 [debug] QUERY OK source="projection_versions" db=0.1ms
INSERT INTO "projection_versions" AS p0 ("projection_name","last_seen_event_number","inserted_at","updated_at") VALUES ($1,$2,$3,$4) ON CONFLICT ("projection_name") DO UPDATE SET "last_seen_event_number" = $5 WHERE ((p0."projection_name" = $6) AND (p0."last_seen_event_number" < $7)) ["Identity.Projectors.UserRegistrationProjector", 11262, ~N[2026-03-20 23:10:02.199920], ~N[2026-03-20 23:10:02.199920], 11262, "Identity.Projectors.UserRegistrationProjector", 11262]
23:10:02.200 [debug] QUERY OK source="users" db=0.1ms
SELECT u0."id", u0."org_id", u0."email", u0."display_name", u0."status", u0."cose_key", u0."credential_id", u0."roles", u0."created_at", u0."updated_at" FROM "users" AS u0 WHERE (u0."id" = $1) ["019d0c26-0b00-74a0-bd6d-48329cf61a57"]
23:10:02.200 [debug] QUERY OK source="users" db=0.2ms
SELECT u0."id", u0."org_id", u0."email", u0."display_name", u0."status", u0."cose_key", u0."credential_id", u0."roles", u0."created_at", u0."updated_at" FROM "users" AS u0 WHERE (u0."email" = $1) ["test@example.com"]
23:10:02.200 [debug] QUERY OK source="users" db=0.2ms
INSERT INTO "users" ("id","status","org_id","email","display_name","roles","cose_key","credential_id","created_at","updated_at") VALUES ($1,$2,$3,$4,$5,$6,$7,$8,$9,$10) ["019d0c26-0b00-74a0-bd6d-48329cf61a57", "active", "019d0c26-0b00-74a0-8884-24b7b734f296", "test@example.com", "Test User", ["system_admin"], "bootstrap_cose_key", "bootstrap_credential_id", ~U[2026-03-20 23:10:02.200680Z], ~U[2026-03-20 23:10:02.200680Z]]
23:10:02.201 [debug] QUERY ERROR source="identity_user_settings" db=0.0ms
SELECT i0."id", i0."user_id", i0."org_id", i0."locale", i0."timezone", i0."notifications_enabled", i0."created_at", i0."updated_at" FROM "identity_user_settings" AS i0 WHERE (i0."id" = $1) ["019d0c26-0b00-74a0-bd6d-48329cf61a57"]
23:10:02.201 [debug] QUERY OK db=0.1ms
rollback []
23:10:02.202 [error] Nexus.Identity.Projectors.UserRegistrationProjector failed to handle event:
%Commanded.EventStore.RecordedEvent{
  event_id: "282ec866-f518-44ed-95f6-7a535d6c3e25",
  event_number: 11262,
  stream_id: "019d0c26-0b00-74a0-bd6d-48329cf61a57",
  stream_version: 1,
  causation_id: "d64809a4-8402-4360-8536-99b7a0f860ca",
  correlation_id: "e0f4b4bb-483c-4914-aaaa-956d1587d67e",
  event_type: "Elixir.Nexus.Identity.Events.UserRegistered",
  data: %Nexus.Identity.Events.UserRegistered{
    user_id: "019d0c26-0b00-74a0-bd6d-48329cf61a57",
    org_id: "019d0c26-0b00-74a0-8884-24b7b734f296",
    email: "test@example.com",
    role: "system_admin",
    cose_key: "Ym9vdHN0cmFwX2Nvc2Vfa2V5",
    credential_id: "Ym9vdHN0cmFwX2NyZWRlbnRpYWxfaWQ=",
    registered_at: "2026-03-20T16:48:33.024173Z",
    display_name: "Test User",
    status: "active"
  },
  created_at: ~U[2026-03-20 16:48:33.025211Z],
  metadata: %{
    "causation_id" => "019d0c26-0b00-71d0-a1d2-041f55e92cfc",
    "correlation_id" => "019d0c26-0b00-71d0-a1d2-041f55e92cfc"
  }
}, due to:
** (Postgrex.Error) ERROR 42703 (undefined_column) column i0.id does not exist

    query: SELECT i0."id", i0."user_id", i0."org_id", i0."locale", i0."timezone", i0."notifications_enabled", i0."created_at", i0."updated_at" FROM "identity_user_settings" AS i0 WHERE (i0."id" = $1)
    (ecto_sql 3.13.4) lib/ecto/adapters/sql.ex:1113: Ecto.Adapters.SQL.raise_sql_call_error/1
    (ecto_sql 3.13.4) lib/ecto/adapters/sql.ex:1011: Ecto.Adapters.SQL.execute/6
    (ecto 3.13.5) lib/ecto/repo/queryable.ex:241: Ecto.Repo.Queryable.execute/4
    (ecto 3.13.5) lib/ecto/repo/queryable.ex:19: Ecto.Repo.Queryable.all/3
    (ecto 3.13.5) lib/ecto/repo/queryable.ex:163: Ecto.Repo.Queryable.one/3
    (nexus 0.1.0) lib/nexus/identity/projectors/user_registration_projector.ex:53: anonymous fn/3 in Nexus.Identity.Projectors.UserRegistrationProjector.project_registration/3
    (ecto 3.13.5) lib/ecto/multi.ex:905: Ecto.Multi.apply_operation/5
    (elixir 1.19.5) lib/enum.ex:2520: Enum."-reduce/3-lists^foldl/2-0-"/3
    (ecto 3.13.5) lib/ecto/multi.ex:878: anonymous fn/5 in Ecto.Multi.apply_operations/5
    (ecto_sql 3.13.4) lib/ecto/adapters/sql.ex:1473: anonymous fn/3 in Ecto.Adapters.SQL.checkout_or_transaction/4
    (db_connection 2.9.0) lib/db_connection.ex:1747: DBConnection.run_transaction/4
    (ecto 3.13.5) lib/ecto/repo/transaction.ex:30: Ecto.Repo.Transaction.transact/4
    (nexus 0.1.0) deps/commanded_ecto_projections/lib/projections/ecto.ex:97: Nexus.Identity.Projectors.UserRegistrationProjector.update_projection/3
    (commanded 1.4.9) lib/commanded/event/handler.ex:1221: Commanded.Event.Handler.delegate_event_to_handler/2
    (commanded 1.4.9) lib/commanded/event/handler.ex:1062: Commanded.Event.Handler.handle_event/3
    (elixir 1.19.5) lib/enum.ex:2520: Enum."-reduce/3-lists^foldl/2-0-"/3
    (commanded 1.4.9) lib/commanded/event/handler.ex:969: Commanded.Event.Handler.handle_info/2
    (stdlib 7.1) gen_server.erl:2434: :gen_server.try_handle_info/3
    (stdlib 7.1) gen_server.erl:2420: :gen_server.handle_msg/3
    (stdlib 7.1) proc_lib.erl:333: :proc_lib.init_p_do_apply/3

23:10:02.202 [warning] Nexus.Identity.Projectors.UserRegistrationProjector has requested to stop: %Postgrex.Error{message: nil, postgres: %{code: :undefined_column, line: "3721", message: "column i0.id does not exist", position: "8", file: "parse_relation.c", unknown: "ERROR", severity: "ERROR", pg_code: "42703", routine: "errorMissingColumn"}, connection_id: 3148, query: "SELECT i0.\"id\", i0.\"user_id\", i0.\"org_id\", i0.\"locale\", i0.\"timezone\", i0.\"notifications_enabled\", i0.\"created_at\", i0.\"updated_at\" FROM \"identity_user_settings\" AS i0 WHERE (i0.\"id\" = $1)"}
23:10:02.202 [debug] Nexus.Identity.Projectors.UserRegistrationProjector is shutting down due to %Postgrex.Error{message: nil, postgres: %{code: :undefined_column, line: "3721", message: "column i0.id does not exist", position: "8", file: "parse_relation.c", unknown: "ERROR", severity: "ERROR", pg_code: "42703", routine: "errorMissingColumn"}, connection_id: 3148, query: "SELECT i0.\"id\", i0.\"user_id\", i0.\"org_id\", i0.\"locale\", i0.\"timezone\", i0.\"notifications_enabled\", i0.\"created_at\", i0.\"updated_at\" FROM \"identity_user_settings\" AS i0 WHERE (i0.\"id\" = $1)"}
23:10:02.202 [error] GenServer {Nexus.App.LocalRegistry, {Nexus.App, Commanded.Event.Handler, "Identity.Projectors.UserRegistrationProjector"}} terminating
** (stop) %Postgrex.Error{message: nil, postgres: %{code: :undefined_column, line: "3721", message: "column i0.id does not exist", position: "8", file: "parse_relation.c", unknown: "ERROR", severity: "ERROR", pg_code: "42703", routine: "errorMissingColumn"}, connection_id: 3148, query: "SELECT i0.\"id\", i0.\"user_id\", i0.\"org_id\", i0.\"locale\", i0.\"timezone\", i0.\"notifications_enabled\", i0.\"created_at\", i0.\"updated_at\" FROM \"identity_user_settings\" AS i0 WHERE (i0.\"id\" = $1)"}
Last message: {:events, [%Commanded.EventStore.RecordedEvent{event_id: "282ec866-f518-44ed-95f6-7a535d6c3e25", event_number: 11262, stream_id: "019d0c26-0b00-74a0-bd6d-48329cf61a57", stream_version: 1, causation_id: "d64809a4-8402-4360-8536-99b7a0f860ca", correlation_id: "e0f4b4bb-483c-4914-aaaa-956d1587d67e", event_type: "Elixir.Nexus.Identity.Events.UserRegistered", data: %Nexus.Identity.Events.UserRegistered{user_id: "019d0c26-0b00-74a0-bd6d-48329cf61a57", org_id: "019d0c26-0b00-74a0-8884-24b7b734f296", email: "test@example.com", role: "system_admin", cose_key: "Ym9vdHN0cmFwX2Nvc2Vfa2V5", credential_id: "Ym9vdHN0cmFwX2NyZWRlbnRpYWxfaWQ=", registered_at: "2026-03-20T16:48:33.024173Z", display_name: "Test User", status: "active"}, created_at: ~U[2026-03-20 16:48:33.025211Z], metadata: %{"causation_id" => "019d0c26-0b00-71d0-a1d2-041f55e92cfc", "correlation_id" => "019d0c26-0b00-71d0-a1d2-041f55e92cfc"}}]}
State: %Commanded.Event.Handler{application: Nexus.App, consistency: :strong, handler_callback: :event, handler_name: "Identity.Projectors.UserRegistrationProjector", handler_module: Nexus.Identity.Projectors.UserRegistrationProjector, handler_state: nil, last_seen_event: nil, subscription: %Commanded.EventStore.Subscription{application: Nexus.App, backoff: {:backoff, 1000, 60000, 1000, :jitter, :undefined, :undefined}, concurrency: 1, partition_by: nil, subscribe_to: :all, subscribe_from: :origin, subscription_name: "Identity.Projectors.UserRegistrationProjector", subscription_opts: [], subscription_pid: #PID<0.2579.0>, subscription_ref: #Reference<0.504251661.3394502658.73721>}, subscribe_timer: nil}
23:10:02.202 [debug] Subscription "Identity.Projectors.UserRegistrationProjector"@"$all" subscriber #PID<0.2578.0> down due to: %Postgrex.Error{message: nil, postgres: %{code: :undefined_column, line: "3721", message: "column i0.id does not exist", position: "8", file: "parse_relation.c", unknown: "ERROR", severity: "ERROR", pg_code: "42703", routine: "errorMissingColumn"}, connection_id: 3148, query: "SELECT i0.\"id\", i0.\"user_id\", i0.\"org_id\", i0.\"locale\", i0.\"timezone\", i0.\"notifications_enabled\", i0.\"created_at\", i0.\"updated_at\" FROM \"identity_user_settings\" AS i0 WHERE (i0.\"id\" = $1)"}
23:10:02.202 [debug] Subscription "Identity.Projectors.UserRegistrationProjector"@"$all" has no subscribers, shutting down
23:10:02.202 [error] GenServer {Nexus.EventStore.EventStore.Subscriptions.Registry, {"$all", "Identity.Projectors.UserRegistrationProjector"}} terminating
** (stop) %Postgrex.Error{message: nil, postgres: %{code: :undefined_column, line: "3721", message: "column i0.id does not exist", position: "8", file: "parse_relation.c", unknown: "ERROR", severity: "ERROR", pg_code: "42703", routine: "errorMissingColumn"}, connection_id: 3148, query: "SELECT i0.\"id\", i0.\"user_id\", i0.\"org_id\", i0.\"locale\", i0.\"timezone\", i0.\"notifications_enabled\", i0.\"created_at\", i0.\"updated_at\" FROM \"identity_user_settings\" AS i0 WHERE (i0.\"id\" = $1)"}
Last message: {:DOWN, #Reference<0.504251661.3394502659.62527>, :process, #PID<0.2578.0>, %Postgrex.Error{message: nil, postgres: %{code: :undefined_column, line: "3721", message: "column i0.id does not exist", position: "8", file: "parse_relation.c", unknown: "ERROR", severity: "ERROR", pg_code: "42703", routine: "errorMissingColumn"}, connection_id: 3148, query: "SELECT i0.\"id\", i0.\"user_id\", i0.\"org_id\", i0.\"locale\", i0.\"timezone\", i0.\"notifications_enabled\", i0.\"created_at\", i0.\"updated_at\" FROM \"identity_user_settings\" AS i0 WHERE (i0.\"id\" = $1)"}}
State: %EventStore.Subscriptions.Subscription{stream_uuid: "$all", subscription_name: "Identity.Projectors.UserRegistrationProjector", subscription: %EventStore.Subscriptions.SubscriptionFsm{state: :unsubscribed, data: %EventStore.Subscriptions.SubscriptionState{conn: Nexus.EventStore.Postgrex, event_store: Nexus.EventStore, serializer: Commanded.Serialization.JsonSerializer, schema: "event_store", stream_uuid: "$all", start_from: 0, subscription_name: "Identity.Projectors.UserRegistrationProjector", subscription_id: 405, selector: nil, mapper: &Commanded.EventStore.Adapters.EventStore.Mapper.from_recorded_event/1, max_size: 1000, partition_by: nil, query_timeout: 15000, lock_ref: #Reference<0.504251661.3394502658.73718>, last_received: 12220, last_sent: 11262, last_ack: 11261, queue_size: 959, buffer_size: 1, checkpoint_after: 0, checkpoint_threshold: 1, checkpoint_timer_ref: nil, checkpoints_pending: 0, subscribers: %{}, partitions: %{nil: {[%EventStore.RecordedEvent{event_number: 12220, event_id: "eb1dda64-231e-4bac-923f-f44f3aeac8f1", stream_uuid: "019d0d83-4d63-7c0f-8998-bde5f58f823e", stream_version: 1, correlation_id: "2e6db85b-ec66-499b-a629-d12a1db41979", causation_id: "fd7c44bf-84e2-4c28-b552-8148eb0c4bf7", event_type: "Elixir.Nexus.Treasury.Events.VaultRegistered", data: %Nexus.Treasury.Events.VaultRegistered{vault_id: "019d0d83-4d63-7c0f-8998-bde5f58f823e", org_id: "63dccc1e-056d-4801-b79b-e15c3a51c41c", name: "EUR Vault - 40282324-7b5a-4275-a8e9-09463a42360a", bank_name: "Test Bank", account_number: nil, iban: nil, currency: "EUR", provider: "mock", registered_at: "2026-03-20T23:10:02.083503Z", daily_withdrawal_limit: "0.0", requires_multi_sig: false}, metadata: %{"causation_id" => "019d0d83-4d63-74da-a283-fbb79e650874", "correlation_id" => "019d0d83-4d63-74da-a283-fbb79e650874"}, created_at: ~U[2026-03-20 23:10:02.084314Z]}, %EventStore.RecordedEvent{event_number: 12219, event_id: "09cf4bb5-cfed-4bfe-ae79-8ef871e6e166", stream_uuid: "019d0d83-4bc9-753a-80e6-2e4dca2c9c12", stream_version: 2, correlation_id: "8dcacd27-1027-44b0-a211-bb6a90fd3388", causation_id: "421e58bf-9a8c-4a90-b20a-e4234c00f2cc", event_type: "Elixir.Nexus.Treasury.Events.VaultBalanceSynced", data: %Nexus.Treasury.Events.VaultBalanceSynced{vault_id: "019d0d83-4bc9-753a-80e6-2e4dca2c9c12", org_id: "63dccc1e-056d-4801-b79b-e15c3a51c41c", amount: "500000.00", currency: "USD", synced_at: "2026-03-20T23:10:01.878699Z"}, metadata: %{"causation_id" => "019d0d83-4c96-7dfe-a58b-296d1cd6be89", "correlation_id" => "019d0d83-4c96-7dfe-a58b-296d1cd6be89"}, created_at: ~U[2026-03-20 23:10:01.879170Z]}, %EventStore.RecordedEvent{event_number: 12218, event_id: "9932df8b-18c6-4e36-b5e7-495fc0cc9d0d", stream_uuid: "019d0d83-4bc9-753a-80e6-2e4dca2c9c12", stream_version: 1, correlation_id: "f3ebc19f-f707-46c1-84ec-0edb1b2a053b", causation_id: "61db3cd8-c1cd-4645-97c1-c75b096edc34", event_type: "Elixir.Nexus.Treasury.Events.VaultRegistered", data: %Nexus.Treasury.Events.VaultRegistered{vault_id: "019d0d83-4bc9-753a-80e6-2e4dca2c9c12", org_id: "63dccc1e-056d-4801-b79b-e15c3a51c41c", name: "USD Vault - d16f182d-8771-4765-af35-8a77236fc170", bank_name: "Test Bank", account_number: nil, iban: nil, currency: "USD", provider: "mock", registered_at: "2026-03-20T23:10:01.673695Z", daily_withdrawal_limit: "0.0", requires_multi_sig: false}, metadata: %{"causation_id" => "019d0d83-4bc9-73e0-af57-7d94a03c6d5a", "correlation_id" => "019d0d83-4bc9-73e0-af57-7d94a03c6d5a"}, created_at: ~U[2026-03-20 23:10:01.674570Z]}, %EventStore.RecordedEvent{event_number: 12217, ...}, ...], ...}}, ...}}, ...}
23:10:02.203 [debug] Nexus.Identity.Projectors.UserRegistrationProjector is shutting down due to {%Postgrex.Error{message: nil, postgres: %{code: :undefined_column, line: "3721", message: "column i0.id does not exist", position: "8", file: "parse_relation.c", unknown: "ERROR", severity: "ERROR", pg_code: "42703", routine: "errorMissingColumn"}, connection_id: 3148, query: "SELECT i0.\"id\", i0.\"user_id\", i0.\"org_id\", i0.\"locale\", i0.\"timezone\", i0.\"notifications_enabled\", i0.\"created_at\", i0.\"updated_at\" FROM \"identity_user_settings\" AS i0 WHERE (i0.\"id\" = $1)"}, {GenServer, :call, [#PID<0.2579.0>, {:connect, #PID<0.2583.0>, [retry_interval: 60000, hibernate_after: 15000, partition_by: nil, concurrency_limit: 1, name: Nexus.EventStore, mapper: &Commanded.EventStore.Adapters.EventStore.Mapper.from_recorded_event/1, conn: Nexus.EventStore.Postgrex, event_store: Nexus.EventStore, query_timeout: 15000, schema: "event_store", serializer: Commanded.Serialization.JsonSerializer, stream_uuid: "$all", subscription_name: "Identity.Projectors.UserRegistrationProjector", start_from: 0]}, 5000]}}
23:10:02.203 [error] GenServer {Nexus.App.LocalRegistry, {Nexus.App, Commanded.Event.Handler, "Identity.Projectors.UserRegistrationProjector"}} terminating
** (stop) exited in: GenServer.call(#PID<0.2579.0>, {:connect, #PID<0.2583.0>, [retry_interval: 60000, hibernate_after: 15000, partition_by: nil, concurrency_limit: 1, name: Nexus.EventStore, mapper: &Commanded.EventStore.Adapters.EventStore.Mapper.from_recorded_event/1, conn: Nexus.EventStore.Postgrex, event_store: Nexus.EventStore, query_timeout: 15000, schema: "event_store", serializer: Commanded.Serialization.JsonSerializer, stream_uuid: "$all", subscription_name: "Identity.Projectors.UserRegistrationProjector", start_from: 0]}, 5000)
    ** (EXIT) %Postgrex.Error{message: nil, postgres: %{code: :undefined_column, line: "3721", message: "column i0.id does not exist", position: "8", file: "parse_relation.c", unknown: "ERROR", severity: "ERROR", pg_code: "42703", routine: "errorMissingColumn"}, connection_id: 3148, query: "SELECT i0.\"id\", i0.\"user_id\", i0.\"org_id\", i0.\"locale\", i0.\"timezone\", i0.\"notifications_enabled\", i0.\"created_at\", i0.\"updated_at\" FROM \"identity_user_settings\" AS i0 WHERE (i0.\"id\" = $1)"}
    (elixir 1.19.5) lib/gen_server.ex:1142: GenServer.call/3
    (commanded 1.4.9) lib/commanded/event_store.ex:289: anonymous fn/2 in Commanded.EventStore.span/3
    (telemetry 1.3.0) /Users/bernard/dev/nexus/deps/telemetry/src/telemetry.erl:324: :telemetry.span/3
    (commanded 1.4.9) lib/commanded/event_store/subscription.ex:58: Commanded.EventStore.Subscription.subscribe/2
    (commanded 1.4.9) lib/commanded/event/handler.ex:1024: Commanded.Event.Handler.subscribe_to_events/1
    (commanded 1.4.9) lib/commanded/event/handler.ex:887: Commanded.Event.Handler.handle_continue/2
    (stdlib 7.1) gen_server.erl:2424: :gen_server.try_handle_continue/3
    (stdlib 7.1) gen_server.erl:2291: :gen_server.loop/4
    (stdlib 7.1) proc_lib.erl:333: :proc_lib.init_p_do_apply/3
Last message: {:continue, :subscribe_to_events}
State: %Commanded.Event.Handler{application: Nexus.App, consistency: :strong, handler_callback: :event, handler_name: "Identity.Projectors.UserRegistrationProjector", handler_module: Nexus.Identity.Projectors.UserRegistrationProjector, handler_state: nil, last_seen_event: nil, subscription: %Commanded.EventStore.Subscription{application: Nexus.App, backoff: {:backoff, 1000, 60000, 1000, :jitter, :undefined, :undefined}, concurrency: 1, partition_by: nil, subscribe_to: :all, subscribe_from: :origin, subscription_name: "Identity.Projectors.UserRegistrationProjector", subscription_opts: [], subscription_pid: nil, subscription_ref: nil}, subscribe_timer: nil}
23:10:02.204 [debug] Subscription "Identity.Projectors.UserRegistrationProjector"@"$all" attempting to connect subscriber #PID<0.2584.0>
23:10:02.204 [debug] Subscription "Identity.Projectors.UserRegistrationProjector"@"$all" catching-up
23:10:02.204 [debug] Nexus.Identity.Projectors.UserRegistrationProjector has successfully subscribed to event store
23:10:02.206 [debug] Nexus.Treasury.Projectors.TransferProjector received events: [%Commanded.EventStore.RecordedEvent{event_id: "62c6b71c-722f-4f2d-8755-429e94f0e965", event_number: 2172, stream_id: "019cca7f-79a7-7b90-938a-8ce15011f26b", stream_version: 1, causation_id: "d72ccd15-4b2a-488e-97ff-35721da3c29b", correlation_id: "e053c8f4-f9af-4815-b6f7-0a119251f0d0", event_type: "Elixir.Nexus.Treasury.Events.TransferInitiated", data: %Nexus.Treasury.Events.TransferInitiated{transfer_id: "019cca7f-79a7-7b90-938a-8ce15011f26b", org_id: "org_123", user_id: "user_456", from_currency: "EUR", to_currency: "USD", amount: "100", status: "authorized", bulk_payment_id: nil, recipient_data: nil, requested_at: "2026-03-07T22:51:17.800772Z"}, created_at: ~U[2026-03-07 22:51:17.837188Z], metadata: %{}}]
23:10:02.207 [debug] QUERY OK db=0.1ms
begin []
23:10:02.207 [debug] QUERY OK source="projection_versions" db=0.2ms
INSERT INTO "projection_versions" AS p0 ("projection_name","last_seen_event_number","inserted_at","updated_at") VALUES ($1,$2,$3,$4) ON CONFLICT ("projection_name") DO UPDATE SET "last_seen_event_number" = $5 WHERE ((p0."projection_name" = $6) AND (p0."last_seen_event_number" < $7)) ["Treasury.TransferProjector", 2172, ~N[2026-03-20 23:10:02.207044], ~N[2026-03-20 23:10:02.207044], 2172, "Treasury.TransferProjector", 2172]
23:10:02.207 [debug] QUERY OK db=0.1ms
rollback []
23:10:02.208 [error] Nexus.Treasury.Projectors.TransferProjector failed to handle event:
%Commanded.EventStore.RecordedEvent{
  event_id: "62c6b71c-722f-4f2d-8755-429e94f0e965",
  event_number: 2172,
  stream_id: "019cca7f-79a7-7b90-938a-8ce15011f26b",
  stream_version: 1,
  causation_id: "d72ccd15-4b2a-488e-97ff-35721da3c29b",
  correlation_id: "e053c8f4-f9af-4815-b6f7-0a119251f0d0",
  event_type: "Elixir.Nexus.Treasury.Events.TransferInitiated",
  data: %Nexus.Treasury.Events.TransferInitiated{
    transfer_id: "019cca7f-79a7-7b90-938a-8ce15011f26b",
    org_id: "org_123",
    user_id: "user_456",
    from_currency: "EUR",
    to_currency: "USD",
    amount: "100",
    status: "authorized",
    bulk_payment_id: nil,
    recipient_data: nil,
    requested_at: "2026-03-07T22:51:17.800772Z"
  },
  created_at: ~U[2026-03-07 22:51:17.837188Z],
  metadata: %{}
}, due to:
** (Ecto.ChangeError) value `"user_456"` for `Nexus.Treasury.Projections.Transfer.user_id` in `insert` does not match type :binary_id
    (ecto 3.13.5) lib/ecto/repo/schema.ex:1301: Ecto.Repo.Schema.dump_field!/6
    (ecto 3.13.5) lib/ecto/repo/schema.ex:1310: anonymous fn/6 in Ecto.Repo.Schema.dump_fields!/5
    (stdlib 7.1) maps.erl:894: :maps.fold_1/4
    (ecto 3.13.5) lib/ecto/repo/schema.ex:1308: Ecto.Repo.Schema.dump_fields!/5
    (ecto 3.13.5) lib/ecto/repo/schema.ex:1240: Ecto.Repo.Schema.dump_changes!/7
    (ecto 3.13.5) lib/ecto/repo/schema.ex:476: anonymous fn/15 in Ecto.Repo.Schema.do_insert/4
    (ecto 3.13.5) lib/ecto/multi.ex:905: Ecto.Multi.apply_operation/5
    (elixir 1.19.5) lib/enum.ex:2520: Enum."-reduce/3-lists^foldl/2-0-"/3
    (ecto 3.13.5) lib/ecto/multi.ex:878: anonymous fn/5 in Ecto.Multi.apply_operations/5
    (ecto_sql 3.13.4) lib/ecto/adapters/sql.ex:1473: anonymous fn/3 in Ecto.Adapters.SQL.checkout_or_transaction/4
    (db_connection 2.9.0) lib/db_connection.ex:1747: DBConnection.run_transaction/4
    (ecto 3.13.5) lib/ecto/repo/transaction.ex:30: Ecto.Repo.Transaction.transact/4
    (nexus 0.1.0) deps/commanded_ecto_projections/lib/projections/ecto.ex:97: Nexus.Treasury.Projectors.TransferProjector.update_projection/3
    (commanded 1.4.9) lib/commanded/event/handler.ex:1221: Commanded.Event.Handler.delegate_event_to_handler/2
    (commanded 1.4.9) lib/commanded/event/handler.ex:1062: Commanded.Event.Handler.handle_event/3
    (elixir 1.19.5) lib/enum.ex:2520: Enum."-reduce/3-lists^foldl/2-0-"/3
    (commanded 1.4.9) lib/commanded/event/handler.ex:969: Commanded.Event.Handler.handle_info/2
    (stdlib 7.1) gen_server.erl:2434: :gen_server.try_handle_info/3
    (stdlib 7.1) gen_server.erl:2420: :gen_server.handle_msg/3
    (stdlib 7.1) proc_lib.erl:333: :proc_lib.init_p_do_apply/3

23:10:02.208 [warning] Nexus.Treasury.Projectors.TransferProjector has requested to stop: %Ecto.ChangeError{message: "value `\"user_456\"` for `Nexus.Treasury.Projections.Transfer.user_id` in `insert` does not match type :binary_id"}
23:10:02.208 [debug] Nexus.Treasury.Projectors.TransferProjector is shutting down due to %Ecto.ChangeError{message: "value `\"user_456\"` for `Nexus.Treasury.Projections.Transfer.user_id` in `insert` does not match type :binary_id"}
23:10:02.208 [error] GenServer {Nexus.App.LocalRegistry, {Nexus.App, Commanded.Event.Handler, "Treasury.TransferProjector"}} terminating
** (stop) %Ecto.ChangeError{message: "value `\"user_456\"` for `Nexus.Treasury.Projections.Transfer.user_id` in `insert` does not match type :binary_id"}
Last message: {:events, [%Commanded.EventStore.RecordedEvent{event_id: "62c6b71c-722f-4f2d-8755-429e94f0e965", event_number: 2172, stream_id: "019cca7f-79a7-7b90-938a-8ce15011f26b", stream_version: 1, causation_id: "d72ccd15-4b2a-488e-97ff-35721da3c29b", correlation_id: "e053c8f4-f9af-4815-b6f7-0a119251f0d0", event_type: "Elixir.Nexus.Treasury.Events.TransferInitiated", data: %Nexus.Treasury.Events.TransferInitiated{transfer_id: "019cca7f-79a7-7b90-938a-8ce15011f26b", org_id: "org_123", user_id: "user_456", from_currency: "EUR", to_currency: "USD", amount: "100", status: "authorized", bulk_payment_id: nil, recipient_data: nil, requested_at: "2026-03-07T22:51:17.800772Z"}, created_at: ~U[2026-03-07 22:51:17.837188Z], metadata: %{}}]}
State: %Commanded.Event.Handler{application: Nexus.App, consistency: :eventual, handler_callback: :event, handler_name: "Treasury.TransferProjector", handler_module: Nexus.Treasury.Projectors.TransferProjector, handler_state: nil, last_seen_event: nil, subscription: %Commanded.EventStore.Subscription{application: Nexus.App, backoff: {:backoff, 1000, 60000, 1000, :jitter, :undefined, :undefined}, concurrency: 1, partition_by: nil, subscribe_to: :all, subscribe_from: :origin, subscription_name: "Treasury.TransferProjector", subscription_opts: [], subscription_pid: #PID<0.2582.0>, subscription_ref: #Reference<0.504251661.3394502657.218354>}, subscribe_timer: nil}
23:10:02.208 [debug] Subscription "Treasury.TransferProjector"@"$all" subscriber #PID<0.2581.0> down due to: %Ecto.ChangeError{message: "value `\"user_456\"` for `Nexus.Treasury.Projections.Transfer.user_id` in `insert` does not match type :binary_id"}
23:10:02.208 [debug] Subscription "Treasury.TransferProjector"@"$all" has no subscribers, shutting down
23:10:02.208 [error] GenServer {Nexus.EventStore.EventStore.Subscriptions.Registry, {"$all", "Treasury.TransferProjector"}} terminating
** (stop) %Ecto.ChangeError{message: "value `\"user_456\"` for `Nexus.Treasury.Projections.Transfer.user_id` in `insert` does not match type :binary_id"}
Last message: {:DOWN, #Reference<0.504251661.3394502657.218349>, :process, #PID<0.2581.0>, %Ecto.ChangeError{message: "value `\"user_456\"` for `Nexus.Treasury.Projections.Transfer.user_id` in `insert` does not match type :binary_id"}}
State: %EventStore.Subscriptions.Subscription{stream_uuid: "$all", subscription_name: "Treasury.TransferProjector", subscription: %EventStore.Subscriptions.SubscriptionFsm{state: :unsubscribed, data: %EventStore.Subscriptions.SubscriptionState{conn: Nexus.EventStore.Postgrex, event_store: Nexus.EventStore, serializer: Commanded.Serialization.JsonSerializer, schema: "event_store", stream_uuid: "$all", start_from: 0, subscription_name: "Treasury.TransferProjector", subscription_id: 712, selector: nil, mapper: &Commanded.EventStore.Adapters.EventStore.Mapper.from_recorded_event/1, max_size: 1000, partition_by: nil, query_timeout: 15000, lock_ref: #Reference<0.504251661.3394502658.73760>, last_received: 3171, last_sent: 2172, last_ack: 2171, queue_size: 1000, buffer_size: 1, checkpoint_after: 0, checkpoint_threshold: 1, checkpoint_timer_ref: nil, checkpoints_pending: 0, subscribers: %{}, partitions: %{nil: {[%EventStore.RecordedEvent{event_number: 3171, event_id: "8586578d-d056-4f8a-9ef5-e50055576e3d", stream_uuid: "ac7468f5-30d7-40c0-8616-11d90e0baaff", stream_version: 2, correlation_id: "39b30acd-48bc-46aa-95f6-dbca71341717", causation_id: "63e9af3a-68e5-4fcb-b1e2-45e01849c483", event_type: "Elixir.Nexus.Treasury.Events.PolicyAlertTriggered", data: %Nexus.Treasury.Events.PolicyAlertTriggered{policy_id: "ac7468f5-30d7-40c0-8616-11d90e0baaff", org_id: "ac7468f5-30d7-40c0-8616-11d90e0baaff", currency_pair: "EUR/USD", exposure_amount: "120000", threshold: "100000", triggered_at: "2026-03-11T11:11:50.245617Z"}, metadata: %{}, created_at: ~U[2026-03-11 11:11:50.246040Z]}, %EventStore.RecordedEvent{event_number: 3170, event_id: "d9b79299-4063-4885-b6d9-34698aedcb10", stream_uuid: "ac7468f5-30d7-40c0-8616-11d90e0baaff", stream_version: 1, correlation_id: "788f0b6b-0bfc-40f7-a9f1-8257a38dc3b3", causation_id: "5372e3c5-9d37-4049-b5ad-ea745c35f334", event_type: "Elixir.Nexus.Treasury.Events.TransferThresholdSet", data: %Nexus.Treasury.Events.TransferThresholdSet{policy_id: "ac7468f5-30d7-40c0-8616-11d90e0baaff", org_id: "ac7468f5-30d7-40c0-8616-11d90e0baaff", threshold: "100000", set_at: "2026-03-11T11:11:50.238725Z"}, metadata: %{}, created_at: ~U[2026-03-11 11:11:50.240394Z]}, %EventStore.RecordedEvent{event_number: 3169, event_id: "1921c76c-7123-46a0-829b-f758c37f1936", stream_uuid: "forecast-0bc9eb4f-96f1-4960-bbd1-8669f786883a", stream_version: 2, correlation_id: "6461481b-22c8-42f5-9321-fb6182c6c883", causation_id: "9495e45b-6570-4a67-8f67-a7628c22d6b5", event_type: "Elixir.Nexus.Treasury.Events.ForecastGenerated", data: %Nexus.Treasury.Events.ForecastGenerated{org_id: "0bc9eb4f-96f1-4960-bbd1-8669f786883a", currency: "EUR", horizon_days: 30, predictions: [%{date: "2026-03-03", predicted_amount: "110000.000000"}], generated_at: "2026-03-11T11:11:50.230730Z"}, metadata: %{}, created_at: ~U[2026-03-11 11:11:50.231171Z]}, %EventStore.RecordedEvent{event_number: 3168, event_id: "eb625212-2f0a-444d-8cce-9809554dfc41", stream_uuid: "forecast-0bc9eb4f-96f1-4960-bbd1-8669f786883a", stream_version: 1, correlation_id: "be901c27-d444-4708-ab95-a805d38476ef", causation_id: "b866081f-be26-453f-9b2f-ea1e9ec2d11a", event_type: "Elixir.Nexus.Treasury.Events.ForecastGenerated", data: %Nexus.Treasury.Events.ForecastGenerated{org_id: "0bc9eb4f-96f1-4960-bbd1-8669f786883a", currency: "EUR", horizon_days: 30, predictions: [%{date: "2026-03-03", predicted_amount: "100000.00"}], generated_at: "2026-03-11T11:11:50.227029Z"}, ...}, ...], ...}}, ...}}, ...}
23:10:02.209 [debug] Nexus.Treasury.Projectors.TransferProjector is shutting down due to {%Ecto.ChangeError{message: "value `\"user_456\"` for `Nexus.Treasury.Projections.Transfer.user_id` in `insert` does not match type :binary_id"}, {GenServer, :call, [#PID<0.2582.0>, {:connect, #PID<0.2586.0>, [retry_interval: 60000, hibernate_after: 15000, partition_by: nil, concurrency_limit: 1, name: Nexus.EventStore, mapper: &Commanded.EventStore.Adapters.EventStore.Mapper.from_recorded_event/1, conn: Nexus.EventStore.Postgrex, event_store: Nexus.EventStore, query_timeout: 15000, schema: "event_store", serializer: Commanded.Serialization.JsonSerializer, stream_uuid: "$all", subscription_name: "Treasury.TransferProjector", start_from: 0]}, 5000]}}
23:10:02.209 [error] GenServer {Nexus.App.LocalRegistry, {Nexus.App, Commanded.Event.Handler, "Treasury.TransferProjector"}} terminating
** (stop) exited in: GenServer.call(#PID<0.2582.0>, {:connect, #PID<0.2586.0>, [retry_interval: 60000, hibernate_after: 15000, partition_by: nil, concurrency_limit: 1, name: Nexus.EventStore, mapper: &Commanded.EventStore.Adapters.EventStore.Mapper.from_recorded_event/1, conn: Nexus.EventStore.Postgrex, event_store: Nexus.EventStore, query_timeout: 15000, schema: "event_store", serializer: Commanded.Serialization.JsonSerializer, stream_uuid: "$all", subscription_name: "Treasury.TransferProjector", start_from: 0]}, 5000)
    ** (EXIT) %Ecto.ChangeError{message: "value `\"user_456\"` for `Nexus.Treasury.Projections.Transfer.user_id` in `insert` does not match type :binary_id"}
    (elixir 1.19.5) lib/gen_server.ex:1142: GenServer.call/3
    (commanded 1.4.9) lib/commanded/event_store.ex:289: anonymous fn/2 in Commanded.EventStore.span/3
    (telemetry 1.3.0) /Users/bernard/dev/nexus/deps/telemetry/src/telemetry.erl:324: :telemetry.span/3
    (commanded 1.4.9) lib/commanded/event_store/subscription.ex:58: Commanded.EventStore.Subscription.subscribe/2
    (commanded 1.4.9) lib/commanded/event/handler.ex:1024: Commanded.Event.Handler.subscribe_to_events/1
    (commanded 1.4.9) lib/commanded/event/handler.ex:887: Commanded.Event.Handler.handle_continue/2
    (stdlib 7.1) gen_server.erl:2424: :gen_server.try_handle_continue/3
    (stdlib 7.1) gen_server.erl:2291: :gen_server.loop/4
    (stdlib 7.1) proc_lib.erl:333: :proc_lib.init_p_do_apply/3
Last message: {:continue, :subscribe_to_events}
State: %Commanded.Event.Handler{application: Nexus.App, consistency: :eventual, handler_callback: :event, handler_name: "Treasury.TransferProjector", handler_module: Nexus.Treasury.Projectors.TransferProjector, handler_state: nil, last_seen_event: nil, subscription: %Commanded.EventStore.Subscription{application: Nexus.App, backoff: {:backoff, 1000, 60000, 1000, :jitter, :undefined, :undefined}, concurrency: 1, partition_by: nil, subscribe_to: :all, subscribe_from: :origin, subscription_name: "Treasury.TransferProjector", subscription_opts: [], subscription_pid: nil, subscription_ref: nil}, subscribe_timer: nil}
23:10:02.210 [debug] Subscription "Treasury.TransferProjector"@"$all" attempting to connect subscriber #PID<0.2587.0>
23:10:02.210 [debug] Subscription "Treasury.TransferProjector"@"$all" catching-up
23:10:02.210 [debug] Nexus.Treasury.Projectors.TransferProjector has successfully subscribed to event store
23:10:02.216 [debug] Nexus.Identity.Projectors.UserRegistrationProjector received events: [%Commanded.EventStore.RecordedEvent{event_id: "282ec866-f518-44ed-95f6-7a535d6c3e25", event_number: 11262, stream_id: "019d0c26-0b00-74a0-bd6d-48329cf61a57", stream_version: 1, causation_id: "d64809a4-8402-4360-8536-99b7a0f860ca", correlation_id: "e0f4b4bb-483c-4914-aaaa-956d1587d67e", event_type: "Elixir.Nexus.Identity.Events.UserRegistered", data: %Nexus.Identity.Events.UserRegistered{user_id: "019d0c26-0b00-74a0-bd6d-48329cf61a57", org_id: "019d0c26-0b00-74a0-8884-24b7b734f296", email: "test@example.com", role: "system_admin", cose_key: "Ym9vdHN0cmFwX2Nvc2Vfa2V5", credential_id: "Ym9vdHN0cmFwX2NyZWRlbnRpYWxfaWQ=", registered_at: "2026-03-20T16:48:33.024173Z", display_name: "Test User", status: "active"}, created_at: ~U[2026-03-20 16:48:33.025211Z], metadata: %{"causation_id" => "019d0c26-0b00-71d0-a1d2-041f55e92cfc", "correlation_id" => "019d0c26-0b00-71d0-a1d2-041f55e92cfc"}}]
23:10:02.216 [debug] QUERY OK db=0.1ms
begin []
23:10:02.216 [debug] QUERY OK source="projection_versions" db=0.1ms
INSERT INTO "projection_versions" AS p0 ("projection_name","last_seen_event_number","inserted_at","updated_at") VALUES ($1,$2,$3,$4) ON CONFLICT ("projection_name") DO UPDATE SET "last_seen_event_number" = $5 WHERE ((p0."projection_name" = $6) AND (p0."last_seen_event_number" < $7)) ["Identity.Projectors.UserRegistrationProjector", 11262, ~N[2026-03-20 23:10:02.216533], ~N[2026-03-20 23:10:02.216533], 11262, "Identity.Projectors.UserRegistrationProjector", 11262]
23:10:02.216 [debug] QUERY OK source="users" db=0.0ms
SELECT u0."id", u0."org_id", u0."email", u0."display_name", u0."status", u0."cose_key", u0."credential_id", u0."roles", u0."created_at", u0."updated_at" FROM "users" AS u0 WHERE (u0."id" = $1) ["019d0c26-0b00-74a0-bd6d-48329cf61a57"]
23:10:02.217 [debug] QUERY OK source="users" db=0.1ms
SELECT u0."id", u0."org_id", u0."email", u0."display_name", u0."status", u0."cose_key", u0."credential_id", u0."roles", u0."created_at", u0."updated_at" FROM "users" AS u0 WHERE (u0."email" = $1) ["test@example.com"]
23:10:02.217 [debug] QUERY OK source="users" db=0.1ms
INSERT INTO "users" ("id","status","org_id","email","display_name","roles","cose_key","credential_id","created_at","updated_at") VALUES ($1,$2,$3,$4,$5,$6,$7,$8,$9,$10) ["019d0c26-0b00-74a0-bd6d-48329cf61a57", "active", "019d0c26-0b00-74a0-8884-24b7b734f296", "test@example.com", "Test User", ["system_admin"], "bootstrap_cose_key", "bootstrap_credential_id", ~U[2026-03-20 23:10:02.217104Z], ~U[2026-03-20 23:10:02.217104Z]]
23:10:02.217 [debug] QUERY ERROR source="identity_user_settings" db=0.0ms
SELECT i0."id", i0."user_id", i0."org_id", i0."locale", i0."timezone", i0."notifications_enabled", i0."created_at", i0."updated_at" FROM "identity_user_settings" AS i0 WHERE (i0."id" = $1) ["019d0c26-0b00-74a0-bd6d-48329cf61a57"]
23:10:02.217 [debug] QUERY OK db=0.0ms
rollback []
23:10:02.218 [error] Nexus.Identity.Projectors.UserRegistrationProjector failed to handle event:
%Commanded.EventStore.RecordedEvent{
  event_id: "282ec866-f518-44ed-95f6-7a535d6c3e25",
  event_number: 11262,
  stream_id: "019d0c26-0b00-74a0-bd6d-48329cf61a57",
  stream_version: 1,
  causation_id: "d64809a4-8402-4360-8536-99b7a0f860ca",
  correlation_id: "e0f4b4bb-483c-4914-aaaa-956d1587d67e",
  event_type: "Elixir.Nexus.Identity.Events.UserRegistered",
  data: %Nexus.Identity.Events.UserRegistered{
    user_id: "019d0c26-0b00-74a0-bd6d-48329cf61a57",
    org_id: "019d0c26-0b00-74a0-8884-24b7b734f296",
    email: "test@example.com",
    role: "system_admin",
    cose_key: "Ym9vdHN0cmFwX2Nvc2Vfa2V5",
    credential_id: "Ym9vdHN0cmFwX2NyZWRlbnRpYWxfaWQ=",
    registered_at: "2026-03-20T16:48:33.024173Z",
    display_name: "Test User",
    status: "active"
  },
  created_at: ~U[2026-03-20 16:48:33.025211Z],
  metadata: %{
    "causation_id" => "019d0c26-0b00-71d0-a1d2-041f55e92cfc",
    "correlation_id" => "019d0c26-0b00-71d0-a1d2-041f55e92cfc"
  }
}, due to:
** (Postgrex.Error) ERROR 42703 (undefined_column) column i0.id does not exist

    query: SELECT i0."id", i0."user_id", i0."org_id", i0."locale", i0."timezone", i0."notifications_enabled", i0."created_at", i0."updated_at" FROM "identity_user_settings" AS i0 WHERE (i0."id" = $1)
    (ecto_sql 3.13.4) lib/ecto/adapters/sql.ex:1113: Ecto.Adapters.SQL.raise_sql_call_error/1
    (ecto_sql 3.13.4) lib/ecto/adapters/sql.ex:1011: Ecto.Adapters.SQL.execute/6
    (ecto 3.13.5) lib/ecto/repo/queryable.ex:241: Ecto.Repo.Queryable.execute/4
    (ecto 3.13.5) lib/ecto/repo/queryable.ex:19: Ecto.Repo.Queryable.all/3
    (ecto 3.13.5) lib/ecto/repo/queryable.ex:163: Ecto.Repo.Queryable.one/3
    (nexus 0.1.0) lib/nexus/identity/projectors/user_registration_projector.ex:53: anonymous fn/3 in Nexus.Identity.Projectors.UserRegistrationProjector.project_registration/3
    (ecto 3.13.5) lib/ecto/multi.ex:905: Ecto.Multi.apply_operation/5
    (elixir 1.19.5) lib/enum.ex:2520: Enum."-reduce/3-lists^foldl/2-0-"/3
    (ecto 3.13.5) lib/ecto/multi.ex:878: anonymous fn/5 in Ecto.Multi.apply_operations/5
    (ecto_sql 3.13.4) lib/ecto/adapters/sql.ex:1473: anonymous fn/3 in Ecto.Adapters.SQL.checkout_or_transaction/4
    (db_connection 2.9.0) lib/db_connection.ex:1747: DBConnection.run_transaction/4
    (ecto 3.13.5) lib/ecto/repo/transaction.ex:30: Ecto.Repo.Transaction.transact/4
    (nexus 0.1.0) deps/commanded_ecto_projections/lib/projections/ecto.ex:97: Nexus.Identity.Projectors.UserRegistrationProjector.update_projection/3
    (commanded 1.4.9) lib/commanded/event/handler.ex:1221: Commanded.Event.Handler.delegate_event_to_handler/2
    (commanded 1.4.9) lib/commanded/event/handler.ex:1062: Commanded.Event.Handler.handle_event/3
    (elixir 1.19.5) lib/enum.ex:2520: Enum."-reduce/3-lists^foldl/2-0-"/3
    (commanded 1.4.9) lib/commanded/event/handler.ex:969: Commanded.Event.Handler.handle_info/2
    (stdlib 7.1) gen_server.erl:2434: :gen_server.try_handle_info/3
    (stdlib 7.1) gen_server.erl:2420: :gen_server.handle_msg/3
    (stdlib 7.1) proc_lib.erl:333: :proc_lib.init_p_do_apply/3

23:10:02.218 [warning] Nexus.Identity.Projectors.UserRegistrationProjector has requested to stop: %Postgrex.Error{message: nil, postgres: %{code: :undefined_column, line: "3721", message: "column i0.id does not exist", position: "8", file: "parse_relation.c", unknown: "ERROR", severity: "ERROR", pg_code: "42703", routine: "errorMissingColumn"}, connection_id: 3148, query: "SELECT i0.\"id\", i0.\"user_id\", i0.\"org_id\", i0.\"locale\", i0.\"timezone\", i0.\"notifications_enabled\", i0.\"created_at\", i0.\"updated_at\" FROM \"identity_user_settings\" AS i0 WHERE (i0.\"id\" = $1)"}
23:10:02.218 [debug] Nexus.Identity.Projectors.UserRegistrationProjector is shutting down due to %Postgrex.Error{message: nil, postgres: %{code: :undefined_column, line: "3721", message: "column i0.id does not exist", position: "8", file: "parse_relation.c", unknown: "ERROR", severity: "ERROR", pg_code: "42703", routine: "errorMissingColumn"}, connection_id: 3148, query: "SELECT i0.\"id\", i0.\"user_id\", i0.\"org_id\", i0.\"locale\", i0.\"timezone\", i0.\"notifications_enabled\", i0.\"created_at\", i0.\"updated_at\" FROM \"identity_user_settings\" AS i0 WHERE (i0.\"id\" = $1)"}
23:10:02.218 [error] GenServer {Nexus.App.LocalRegistry, {Nexus.App, Commanded.Event.Handler, "Identity.Projectors.UserRegistrationProjector"}} terminating
** (stop) %Postgrex.Error{message: nil, postgres: %{code: :undefined_column, line: "3721", message: "column i0.id does not exist", position: "8", file: "parse_relation.c", unknown: "ERROR", severity: "ERROR", pg_code: "42703", routine: "errorMissingColumn"}, connection_id: 3148, query: "SELECT i0.\"id\", i0.\"user_id\", i0.\"org_id\", i0.\"locale\", i0.\"timezone\", i0.\"notifications_enabled\", i0.\"created_at\", i0.\"updated_at\" FROM \"identity_user_settings\" AS i0 WHERE (i0.\"id\" = $1)"}
Last message: {:events, [%Commanded.EventStore.RecordedEvent{event_id: "282ec866-f518-44ed-95f6-7a535d6c3e25", event_number: 11262, stream_id: "019d0c26-0b00-74a0-bd6d-48329cf61a57", stream_version: 1, causation_id: "d64809a4-8402-4360-8536-99b7a0f860ca", correlation_id: "e0f4b4bb-483c-4914-aaaa-956d1587d67e", event_type: "Elixir.Nexus.Identity.Events.UserRegistered", data: %Nexus.Identity.Events.UserRegistered{user_id: "019d0c26-0b00-74a0-bd6d-48329cf61a57", org_id: "019d0c26-0b00-74a0-8884-24b7b734f296", email: "test@example.com", role: "system_admin", cose_key: "Ym9vdHN0cmFwX2Nvc2Vfa2V5", credential_id: "Ym9vdHN0cmFwX2NyZWRlbnRpYWxfaWQ=", registered_at: "2026-03-20T16:48:33.024173Z", display_name: "Test User", status: "active"}, created_at: ~U[2026-03-20 16:48:33.025211Z], metadata: %{"causation_id" => "019d0c26-0b00-71d0-a1d2-041f55e92cfc", "correlation_id" => "019d0c26-0b00-71d0-a1d2-041f55e92cfc"}}]}
State: %Commanded.Event.Handler{application: Nexus.App, consistency: :strong, handler_callback: :event, handler_name: "Identity.Projectors.UserRegistrationProjector", handler_module: Nexus.Identity.Projectors.UserRegistrationProjector, handler_state: nil, last_seen_event: nil, subscription: %Commanded.EventStore.Subscription{application: Nexus.App, backoff: {:backoff, 1000, 60000, 1000, :jitter, :undefined, :undefined}, concurrency: 1, partition_by: nil, subscribe_to: :all, subscribe_from: :origin, subscription_name: "Identity.Projectors.UserRegistrationProjector", subscription_opts: [], subscription_pid: #PID<0.2585.0>, subscription_ref: #Reference<0.504251661.3394502657.218427>}, subscribe_timer: nil}
23:10:02.219 [debug] Subscription "Identity.Projectors.UserRegistrationProjector"@"$all" subscriber #PID<0.2584.0> down due to: %Postgrex.Error{message: nil, postgres: %{code: :undefined_column, line: "3721", message: "column i0.id does not exist", position: "8", file: "parse_relation.c", unknown: "ERROR", severity: "ERROR", pg_code: "42703", routine: "errorMissingColumn"}, connection_id: 3148, query: "SELECT i0.\"id\", i0.\"user_id\", i0.\"org_id\", i0.\"locale\", i0.\"timezone\", i0.\"notifications_enabled\", i0.\"created_at\", i0.\"updated_at\" FROM \"identity_user_settings\" AS i0 WHERE (i0.\"id\" = $1)"}
23:10:02.219 [debug] Subscription "Identity.Projectors.UserRegistrationProjector"@"$all" has no subscribers, shutting down
23:10:02.219 [error] GenServer {Nexus.EventStore.EventStore.Subscriptions.Registry, {"$all", "Identity.Projectors.UserRegistrationProjector"}} terminating
** (stop) %Postgrex.Error{message: nil, postgres: %{code: :undefined_column, line: "3721", message: "column i0.id does not exist", position: "8", file: "parse_relation.c", unknown: "ERROR", severity: "ERROR", pg_code: "42703", routine: "errorMissingColumn"}, connection_id: 3148, query: "SELECT i0.\"id\", i0.\"user_id\", i0.\"org_id\", i0.\"locale\", i0.\"timezone\", i0.\"notifications_enabled\", i0.\"created_at\", i0.\"updated_at\" FROM \"identity_user_settings\" AS i0 WHERE (i0.\"id\" = $1)"}
Last message: {:DOWN, #Reference<0.504251661.3394502657.218404>, :process, #PID<0.2584.0>, %Postgrex.Error{message: nil, postgres: %{code: :undefined_column, line: "3721", message: "column i0.id does not exist", position: "8", file: "parse_relation.c", unknown: "ERROR", severity: "ERROR", pg_code: "42703", routine: "errorMissingColumn"}, connection_id: 3148, query: "SELECT i0.\"id\", i0.\"user_id\", i0.\"org_id\", i0.\"locale\", i0.\"timezone\", i0.\"notifications_enabled\", i0.\"created_at\", i0.\"updated_at\" FROM \"identity_user_settings\" AS i0 WHERE (i0.\"id\" = $1)"}}
State: %EventStore.Subscriptions.Subscription{stream_uuid: "$all", subscription_name: "Identity.Projectors.UserRegistrationProjector", subscription: %EventStore.Subscriptions.SubscriptionFsm{state: :unsubscribed, data: %EventStore.Subscriptions.SubscriptionState{conn: Nexus.EventStore.Postgrex, event_store: Nexus.EventStore, serializer: Commanded.Serialization.JsonSerializer, schema: "event_store", stream_uuid: "$all", start_from: 0, subscription_name: "Identity.Projectors.UserRegistrationProjector", subscription_id: 405, selector: nil, mapper: &Commanded.EventStore.Adapters.EventStore.Mapper.from_recorded_event/1, max_size: 1000, partition_by: nil, query_timeout: 15000, lock_ref: #Reference<0.504251661.3394502658.73809>, last_received: 12220, last_sent: 11262, last_ack: 11261, queue_size: 959, buffer_size: 1, checkpoint_after: 0, checkpoint_threshold: 1, checkpoint_timer_ref: nil, checkpoints_pending: 0, subscribers: %{}, partitions: %{nil: {[%EventStore.RecordedEvent{event_number: 12220, event_id: "eb1dda64-231e-4bac-923f-f44f3aeac8f1", stream_uuid: "019d0d83-4d63-7c0f-8998-bde5f58f823e", stream_version: 1, correlation_id: "2e6db85b-ec66-499b-a629-d12a1db41979", causation_id: "fd7c44bf-84e2-4c28-b552-8148eb0c4bf7", event_type: "Elixir.Nexus.Treasury.Events.VaultRegistered", data: %Nexus.Treasury.Events.VaultRegistered{vault_id: "019d0d83-4d63-7c0f-8998-bde5f58f823e", org_id: "63dccc1e-056d-4801-b79b-e15c3a51c41c", name: "EUR Vault - 40282324-7b5a-4275-a8e9-09463a42360a", bank_name: "Test Bank", account_number: nil, iban: nil, currency: "EUR", provider: "mock", registered_at: "2026-03-20T23:10:02.083503Z", daily_withdrawal_limit: "0.0", requires_multi_sig: false}, metadata: %{"causation_id" => "019d0d83-4d63-74da-a283-fbb79e650874", "correlation_id" => "019d0d83-4d63-74da-a283-fbb79e650874"}, created_at: ~U[2026-03-20 23:10:02.084314Z]}, %EventStore.RecordedEvent{event_number: 12219, event_id: "09cf4bb5-cfed-4bfe-ae79-8ef871e6e166", stream_uuid: "019d0d83-4bc9-753a-80e6-2e4dca2c9c12", stream_version: 2, correlation_id: "8dcacd27-1027-44b0-a211-bb6a90fd3388", causation_id: "421e58bf-9a8c-4a90-b20a-e4234c00f2cc", event_type: "Elixir.Nexus.Treasury.Events.VaultBalanceSynced", data: %Nexus.Treasury.Events.VaultBalanceSynced{vault_id: "019d0d83-4bc9-753a-80e6-2e4dca2c9c12", org_id: "63dccc1e-056d-4801-b79b-e15c3a51c41c", amount: "500000.00", currency: "USD", synced_at: "2026-03-20T23:10:01.878699Z"}, metadata: %{"causation_id" => "019d0d83-4c96-7dfe-a58b-296d1cd6be89", "correlation_id" => "019d0d83-4c96-7dfe-a58b-296d1cd6be89"}, created_at: ~U[2026-03-20 23:10:01.879170Z]}, %EventStore.RecordedEvent{event_number: 12218, event_id: "9932df8b-18c6-4e36-b5e7-495fc0cc9d0d", stream_uuid: "019d0d83-4bc9-753a-80e6-2e4dca2c9c12", stream_version: 1, correlation_id: "f3ebc19f-f707-46c1-84ec-0edb1b2a053b", causation_id: "61db3cd8-c1cd-4645-97c1-c75b096edc34", event_type: "Elixir.Nexus.Treasury.Events.VaultRegistered", data: %Nexus.Treasury.Events.VaultRegistered{vault_id: "019d0d83-4bc9-753a-80e6-2e4dca2c9c12", org_id: "63dccc1e-056d-4801-b79b-e15c3a51c41c", name: "USD Vault - d16f182d-8771-4765-af35-8a77236fc170", bank_name: "Test Bank", account_number: nil, iban: nil, currency: "USD", provider: "mock", registered_at: "2026-03-20T23:10:01.673695Z", daily_withdrawal_limit: "0.0", requires_multi_sig: false}, metadata: %{"causation_id" => "019d0d83-4bc9-73e0-af57-7d94a03c6d5a", "correlation_id" => "019d0d83-4bc9-73e0-af57-7d94a03c6d5a"}, created_at: ~U[2026-03-20 23:10:01.674570Z]}, %EventStore.RecordedEvent{event_number: 12217, ...}, ...], ...}}, ...}}, ...}
23:10:02.219 [debug] Nexus.Identity.Projectors.UserRegistrationProjector is shutting down due to {%Postgrex.Error{message: nil, postgres: %{code: :undefined_column, line: "3721", message: "column i0.id does not exist", position: "8", file: "parse_relation.c", unknown: "ERROR", severity: "ERROR", pg_code: "42703", routine: "errorMissingColumn"}, connection_id: 3148, query: "SELECT i0.\"id\", i0.\"user_id\", i0.\"org_id\", i0.\"locale\", i0.\"timezone\", i0.\"notifications_enabled\", i0.\"created_at\", i0.\"updated_at\" FROM \"identity_user_settings\" AS i0 WHERE (i0.\"id\" = $1)"}, {GenServer, :call, [#PID<0.2585.0>, {:connect, #PID<0.2589.0>, [retry_interval: 60000, hibernate_after: 15000, partition_by: nil, concurrency_limit: 1, name: Nexus.EventStore, mapper: &Commanded.EventStore.Adapters.EventStore.Mapper.from_recorded_event/1, conn: Nexus.EventStore.Postgrex, event_store: Nexus.EventStore, query_timeout: 15000, schema: "event_store", serializer: Commanded.Serialization.JsonSerializer, stream_uuid: "$all", subscription_name: "Identity.Projectors.UserRegistrationProjector", start_from: 0]}, 5000]}}
23:10:02.220 [debug] Nexus.Treasury.Projectors.TransferProjector received events: [%Commanded.EventStore.RecordedEvent{event_id: "62c6b71c-722f-4f2d-8755-429e94f0e965", event_number: 2172, stream_id: "019cca7f-79a7-7b90-938a-8ce15011f26b", stream_version: 1, causation_id: "d72ccd15-4b2a-488e-97ff-35721da3c29b", correlation_id: "e053c8f4-f9af-4815-b6f7-0a119251f0d0", event_type: "Elixir.Nexus.Treasury.Events.TransferInitiated", data: %Nexus.Treasury.Events.TransferInitiated{transfer_id: "019cca7f-79a7-7b90-938a-8ce15011f26b", org_id: "org_123", user_id: "user_456", from_currency: "EUR", to_currency: "USD", amount: "100", status: "authorized", bulk_payment_id: nil, recipient_data: nil, requested_at: "2026-03-07T22:51:17.800772Z"}, created_at: ~U[2026-03-07 22:51:17.837188Z], metadata: %{}}]
23:10:02.220 [debug] QUERY OK db=0.0ms
begin []
23:10:02.220 [debug] QUERY OK source="projection_versions" db=0.0ms
INSERT INTO "projection_versions" AS p0 ("projection_name","last_seen_event_number","inserted_at","updated_at") VALUES ($1,$2,$3,$4) ON CONFLICT ("projection_name") DO UPDATE SET "last_seen_event_number" = $5 WHERE ((p0."projection_name" = $6) AND (p0."last_seen_event_number" < $7)) ["Treasury.TransferProjector", 2172, ~N[2026-03-20 23:10:02.220449], ~N[2026-03-20 23:10:02.220449], 2172, "Treasury.TransferProjector", 2172]
23:10:02.219 [error] GenServer {Nexus.App.LocalRegistry, {Nexus.App, Commanded.Event.Handler, "Identity.Projectors.UserRegistrationProjector"}} terminating
** (stop) exited in: GenServer.call(#PID<0.2585.0>, {:connect, #PID<0.2589.0>, [retry_interval: 60000, hibernate_after: 15000, partition_by: nil, concurrency_limit: 1, name: Nexus.EventStore, mapper: &Commanded.EventStore.Adapters.EventStore.Mapper.from_recorded_event/1, conn: Nexus.EventStore.Postgrex, event_store: Nexus.EventStore, query_timeout: 15000, schema: "event_store", serializer: Commanded.Serialization.JsonSerializer, stream_uuid: "$all", subscription_name: "Identity.Projectors.UserRegistrationProjector", start_from: 0]}, 5000)
    ** (EXIT) %Postgrex.Error{message: nil, postgres: %{code: :undefined_column, line: "3721", message: "column i0.id does not exist", position: "8", file: "parse_relation.c", unknown: "ERROR", severity: "ERROR", pg_code: "42703", routine: "errorMissingColumn"}, connection_id: 3148, query: "SELECT i0.\"id\", i0.\"user_id\", i0.\"org_id\", i0.\"locale\", i0.\"timezone\", i0.\"notifications_enabled\", i0.\"created_at\", i0.\"updated_at\" FROM \"identity_user_settings\" AS i0 WHERE (i0.\"id\" = $1)"}
    (elixir 1.19.5) lib/gen_server.ex:1142: GenServer.call/3
    (commanded 1.4.9) lib/commanded/event_store.ex:289: anonymous fn/2 in Commanded.EventStore.span/3
    (telemetry 1.3.0) /Users/bernard/dev/nexus/deps/telemetry/src/telemetry.erl:324: :telemetry.span/3
    (commanded 1.4.9) lib/commanded/event_store/subscription.ex:58: Commanded.EventStore.Subscription.subscribe/2
    (commanded 1.4.9) lib/commanded/event/handler.ex:1024: Commanded.Event.Handler.subscribe_to_events/1
    (commanded 1.4.9) lib/commanded/event/handler.ex:887: Commanded.Event.Handler.handle_continue/2
    (stdlib 7.1) gen_server.erl:2424: :gen_server.try_handle_continue/3
    (stdlib 7.1) gen_server.erl:2291: :gen_server.loop/4
    (stdlib 7.1) proc_lib.erl:333: :proc_lib.init_p_do_apply/3
Last message: {:continue, :subscribe_to_events}
State: %Commanded.Event.Handler{application: Nexus.App, consistency: :strong, handler_callback: :event, handler_name: "Identity.Projectors.UserRegistrationProjector", handler_module: Nexus.Identity.Projectors.UserRegistrationProjector, handler_state: nil, last_seen_event: nil, subscription: %Commanded.EventStore.Subscription{application: Nexus.App, backoff: {:backoff, 1000, 60000, 1000, :jitter, :undefined, :undefined}, concurrency: 1, partition_by: nil, subscribe_to: :all, subscribe_from: :origin, subscription_name: "Identity.Projectors.UserRegistrationProjector", subscription_opts: [], subscription_pid: nil, subscription_ref: nil}, subscribe_timer: nil}
23:10:02.220 [debug] Subscription "Identity.Projectors.UserRegistrationProjector"@"$all" attempting to connect subscriber #PID<0.2590.0>
23:10:02.220 [debug] QUERY OK db=0.0ms
rollback []
23:10:02.221 [debug] Subscription "Identity.Projectors.UserRegistrationProjector"@"$all" catching-up
23:10:02.221 [debug] Nexus.Identity.Projectors.UserRegistrationProjector has successfully subscribed to event store
23:10:02.222 [error] Nexus.Treasury.Projectors.TransferProjector failed to handle event:
%Commanded.EventStore.RecordedEvent{
  event_id: "62c6b71c-722f-4f2d-8755-429e94f0e965",
  event_number: 2172,
  stream_id: "019cca7f-79a7-7b90-938a-8ce15011f26b",
  stream_version: 1,
  causation_id: "d72ccd15-4b2a-488e-97ff-35721da3c29b",
  correlation_id: "e053c8f4-f9af-4815-b6f7-0a119251f0d0",
  event_type: "Elixir.Nexus.Treasury.Events.TransferInitiated",
  data: %Nexus.Treasury.Events.TransferInitiated{
    transfer_id: "019cca7f-79a7-7b90-938a-8ce15011f26b",
    org_id: "org_123",
    user_id: "user_456",
    from_currency: "EUR",
    to_currency: "USD",
    amount: "100",
    status: "authorized",
    bulk_payment_id: nil,
    recipient_data: nil,
    requested_at: "2026-03-07T22:51:17.800772Z"
  },
  created_at: ~U[2026-03-07 22:51:17.837188Z],
  metadata: %{}
}, due to:
** (Ecto.ChangeError) value `"user_456"` for `Nexus.Treasury.Projections.Transfer.user_id` in `insert` does not match type :binary_id
    (ecto 3.13.5) lib/ecto/repo/schema.ex:1301: Ecto.Repo.Schema.dump_field!/6
    (ecto 3.13.5) lib/ecto/repo/schema.ex:1310: anonymous fn/6 in Ecto.Repo.Schema.dump_fields!/5
    (stdlib 7.1) maps.erl:894: :maps.fold_1/4
    (ecto 3.13.5) lib/ecto/repo/schema.ex:1308: Ecto.Repo.Schema.dump_fields!/5
    (ecto 3.13.5) lib/ecto/repo/schema.ex:1240: Ecto.Repo.Schema.dump_changes!/7
    (ecto 3.13.5) lib/ecto/repo/schema.ex:476: anonymous fn/15 in Ecto.Repo.Schema.do_insert/4
    (ecto 3.13.5) lib/ecto/multi.ex:905: Ecto.Multi.apply_operation/5
    (elixir 1.19.5) lib/enum.ex:2520: Enum."-reduce/3-lists^foldl/2-0-"/3
    (ecto 3.13.5) lib/ecto/multi.ex:878: anonymous fn/5 in Ecto.Multi.apply_operations/5
    (ecto_sql 3.13.4) lib/ecto/adapters/sql.ex:1473: anonymous fn/3 in Ecto.Adapters.SQL.checkout_or_transaction/4
    (db_connection 2.9.0) lib/db_connection.ex:1747: DBConnection.run_transaction/4
    (ecto 3.13.5) lib/ecto/repo/transaction.ex:30: Ecto.Repo.Transaction.transact/4
    (nexus 0.1.0) deps/commanded_ecto_projections/lib/projections/ecto.ex:97: Nexus.Treasury.Projectors.TransferProjector.update_projection/3
    (commanded 1.4.9) lib/commanded/event/handler.ex:1221: Commanded.Event.Handler.delegate_event_to_handler/2
    (commanded 1.4.9) lib/commanded/event/handler.ex:1062: Commanded.Event.Handler.handle_event/3
    (elixir 1.19.5) lib/enum.ex:2520: Enum."-reduce/3-lists^foldl/2-0-"/3
    (commanded 1.4.9) lib/commanded/event/handler.ex:969: Commanded.Event.Handler.handle_info/2
    (stdlib 7.1) gen_server.erl:2434: :gen_server.try_handle_info/3
    (stdlib 7.1) gen_server.erl:2420: :gen_server.handle_msg/3
    (stdlib 7.1) proc_lib.erl:333: :proc_lib.init_p_do_apply/3

23:10:02.222 [warning] Nexus.Treasury.Projectors.TransferProjector has requested to stop: %Ecto.ChangeError{message: "value `\"user_456\"` for `Nexus.Treasury.Projections.Transfer.user_id` in `insert` does not match type :binary_id"}
23:10:02.222 [debug] Nexus.Treasury.Projectors.TransferProjector is shutting down due to %Ecto.ChangeError{message: "value `\"user_456\"` for `Nexus.Treasury.Projections.Transfer.user_id` in `insert` does not match type :binary_id"}
23:10:02.222 [error] GenServer {Nexus.App.LocalRegistry, {Nexus.App, Commanded.Event.Handler, "Treasury.TransferProjector"}} terminating
** (stop) %Ecto.ChangeError{message: "value `\"user_456\"` for `Nexus.Treasury.Projections.Transfer.user_id` in `insert` does not match type :binary_id"}
Last message: {:events, [%Commanded.EventStore.RecordedEvent{event_id: "62c6b71c-722f-4f2d-8755-429e94f0e965", event_number: 2172, stream_id: "019cca7f-79a7-7b90-938a-8ce15011f26b", stream_version: 1, causation_id: "d72ccd15-4b2a-488e-97ff-35721da3c29b", correlation_id: "e053c8f4-f9af-4815-b6f7-0a119251f0d0", event_type: "Elixir.Nexus.Treasury.Events.TransferInitiated", data: %Nexus.Treasury.Events.TransferInitiated{transfer_id: "019cca7f-79a7-7b90-938a-8ce15011f26b", org_id: "org_123", user_id: "user_456", from_currency: "EUR", to_currency: "USD", amount: "100", status: "authorized", bulk_payment_id: nil, recipient_data: nil, requested_at: "2026-03-07T22:51:17.800772Z"}, created_at: ~U[2026-03-07 22:51:17.837188Z], metadata: %{}}]}
State: %Commanded.Event.Handler{application: Nexus.App, consistency: :eventual, handler_callback: :event, handler_name: "Treasury.TransferProjector", handler_module: Nexus.Treasury.Projectors.TransferProjector, handler_state: nil, last_seen_event: nil, subscription: %Commanded.EventStore.Subscription{application: Nexus.App, backoff: {:backoff, 1000, 60000, 1000, :jitter, :undefined, :undefined}, concurrency: 1, partition_by: nil, subscribe_to: :all, subscribe_from: :origin, subscription_name: "Treasury.TransferProjector", subscription_opts: [], subscription_pid: #PID<0.2588.0>, subscription_ref: #Reference<0.504251661.3394502657.218481>}, subscribe_timer: nil}
23:10:02.222 [debug] Subscription "Treasury.TransferProjector"@"$all" subscriber #PID<0.2587.0> down due to: %Ecto.ChangeError{message: "value `\"user_456\"` for `Nexus.Treasury.Projections.Transfer.user_id` in `insert` does not match type :binary_id"}
23:10:02.222 [debug] Subscription "Treasury.TransferProjector"@"$all" has no subscribers, shutting down
23:10:02.222 [error] GenServer {Nexus.EventStore.EventStore.Subscriptions.Registry, {"$all", "Treasury.TransferProjector"}} terminating
** (stop) %Ecto.ChangeError{message: "value `\"user_456\"` for `Nexus.Treasury.Projections.Transfer.user_id` in `insert` does not match type :binary_id"}
Last message: {:DOWN, #Reference<0.504251661.3394502658.73866>, :process, #PID<0.2587.0>, %Ecto.ChangeError{message: "value `\"user_456\"` for `Nexus.Treasury.Projections.Transfer.user_id` in `insert` does not match type :binary_id"}}
State: %EventStore.Subscriptions.Subscription{stream_uuid: "$all", subscription_name: "Treasury.TransferProjector", subscription: %EventStore.Subscriptions.SubscriptionFsm{state: :unsubscribed, data: %EventStore.Subscriptions.SubscriptionState{conn: Nexus.EventStore.Postgrex, event_store: Nexus.EventStore, serializer: Commanded.Serialization.JsonSerializer, schema: "event_store", stream_uuid: "$all", start_from: 0, subscription_name: "Treasury.TransferProjector", subscription_id: 712, selector: nil, mapper: &Commanded.EventStore.Adapters.EventStore.Mapper.from_recorded_event/1, max_size: 1000, partition_by: nil, query_timeout: 15000, lock_ref: #Reference<0.504251661.3394502658.73876>, last_received: 3171, last_sent: 2172, last_ack: 2171, queue_size: 1000, buffer_size: 1, checkpoint_after: 0, checkpoint_threshold: 1, checkpoint_timer_ref: nil, checkpoints_pending: 0, subscribers: %{}, partitions: %{nil: {[%EventStore.RecordedEvent{event_number: 3171, event_id: "8586578d-d056-4f8a-9ef5-e50055576e3d", stream_uuid: "ac7468f5-30d7-40c0-8616-11d90e0baaff", stream_version: 2, correlation_id: "39b30acd-48bc-46aa-95f6-dbca71341717", causation_id: "63e9af3a-68e5-4fcb-b1e2-45e01849c483", event_type: "Elixir.Nexus.Treasury.Events.PolicyAlertTriggered", data: %Nexus.Treasury.Events.PolicyAlertTriggered{policy_id: "ac7468f5-30d7-40c0-8616-11d90e0baaff", org_id: "ac7468f5-30d7-40c0-8616-11d90e0baaff", currency_pair: "EUR/USD", exposure_amount: "120000", threshold: "100000", triggered_at: "2026-03-11T11:11:50.245617Z"}, metadata: %{}, created_at: ~U[2026-03-11 11:11:50.246040Z]}, %EventStore.RecordedEvent{event_number: 3170, event_id: "d9b79299-4063-4885-b6d9-34698aedcb10", stream_uuid: "ac7468f5-30d7-40c0-8616-11d90e0baaff", stream_version: 1, correlation_id: "788f0b6b-0bfc-40f7-a9f1-8257a38dc3b3", causation_id: "5372e3c5-9d37-4049-b5ad-ea745c35f334", event_type: "Elixir.Nexus.Treasury.Events.TransferThresholdSet", data: %Nexus.Treasury.Events.TransferThresholdSet{policy_id: "ac7468f5-30d7-40c0-8616-11d90e0baaff", org_id: "ac7468f5-30d7-40c0-8616-11d90e0baaff", threshold: "100000", set_at: "2026-03-11T11:11:50.238725Z"}, metadata: %{}, created_at: ~U[2026-03-11 11:11:50.240394Z]}, %EventStore.RecordedEvent{event_number: 3169, event_id: "1921c76c-7123-46a0-829b-f758c37f1936", stream_uuid: "forecast-0bc9eb4f-96f1-4960-bbd1-8669f786883a", stream_version: 2, correlation_id: "6461481b-22c8-42f5-9321-fb6182c6c883", causation_id: "9495e45b-6570-4a67-8f67-a7628c22d6b5", event_type: "Elixir.Nexus.Treasury.Events.ForecastGenerated", data: %Nexus.Treasury.Events.ForecastGenerated{org_id: "0bc9eb4f-96f1-4960-bbd1-8669f786883a", currency: "EUR", horizon_days: 30, predictions: [%{date: "2026-03-03", predicted_amount: "110000.000000"}], generated_at: "2026-03-11T11:11:50.230730Z"}, metadata: %{}, created_at: ~U[2026-03-11 11:11:50.231171Z]}, %EventStore.RecordedEvent{event_number: 3168, event_id: "eb625212-2f0a-444d-8cce-9809554dfc41", stream_uuid: "forecast-0bc9eb4f-96f1-4960-bbd1-8669f786883a", stream_version: 1, correlation_id: "be901c27-d444-4708-ab95-a805d38476ef", causation_id: "b866081f-be26-453f-9b2f-ea1e9ec2d11a", event_type: "Elixir.Nexus.Treasury.Events.ForecastGenerated", data: %Nexus.Treasury.Events.ForecastGenerated{org_id: "0bc9eb4f-96f1-4960-bbd1-8669f786883a", currency: "EUR", horizon_days: 30, predictions: [%{date: "2026-03-03", predicted_amount: "100000.00"}], generated_at: "2026-03-11T11:11:50.227029Z"}, ...}, ...], ...}}, ...}}, ...}
23:10:02.222 [debug] Nexus.Treasury.Projectors.TransferProjector is shutting down due to {%Ecto.ChangeError{message: "value `\"user_456\"` for `Nexus.Treasury.Projections.Transfer.user_id` in `insert` does not match type :binary_id"}, {GenServer, :call, [#PID<0.2588.0>, {:connect, #PID<0.2592.0>, [retry_interval: 60000, hibernate_after: 15000, partition_by: nil, concurrency_limit: 1, name: Nexus.EventStore, mapper: &Commanded.EventStore.Adapters.EventStore.Mapper.from_recorded_event/1, conn: Nexus.EventStore.Postgrex, event_store: Nexus.EventStore, query_timeout: 15000, schema: "event_store", serializer: Commanded.Serialization.JsonSerializer, stream_uuid: "$all", subscription_name: "Treasury.TransferProjector", start_from: 0]}, 5000]}}
23:10:02.222 [error] GenServer {Nexus.App.LocalRegistry, {Nexus.App, Commanded.Event.Handler, "Treasury.TransferProjector"}} terminating
** (stop) exited in: GenServer.call(#PID<0.2588.0>, {:connect, #PID<0.2592.0>, [retry_interval: 60000, hibernate_after: 15000, partition_by: nil, concurrency_limit: 1, name: Nexus.EventStore, mapper: &Commanded.EventStore.Adapters.EventStore.Mapper.from_recorded_event/1, conn: Nexus.EventStore.Postgrex, event_store: Nexus.EventStore, query_timeout: 15000, schema: "event_store", serializer: Commanded.Serialization.JsonSerializer, stream_uuid: "$all", subscription_name: "Treasury.TransferProjector", start_from: 0]}, 5000)
    ** (EXIT) %Ecto.ChangeError{message: "value `\"user_456\"` for `Nexus.Treasury.Projections.Transfer.user_id` in `insert` does not match type :binary_id"}
    (elixir 1.19.5) lib/gen_server.ex:1142: GenServer.call/3
    (commanded 1.4.9) lib/commanded/event_store.ex:289: anonymous fn/2 in Commanded.EventStore.span/3
    (telemetry 1.3.0) /Users/bernard/dev/nexus/deps/telemetry/src/telemetry.erl:324: :telemetry.span/3
    (commanded 1.4.9) lib/commanded/event_store/subscription.ex:58: Commanded.EventStore.Subscription.subscribe/2
    (commanded 1.4.9) lib/commanded/event/handler.ex:1024: Commanded.Event.Handler.subscribe_to_events/1
    (commanded 1.4.9) lib/commanded/event/handler.ex:887: Commanded.Event.Handler.handle_continue/2
    (stdlib 7.1) gen_server.erl:2424: :gen_server.try_handle_continue/3
    (stdlib 7.1) gen_server.erl:2291: :gen_server.loop/4
    (stdlib 7.1) proc_lib.erl:333: :proc_lib.init_p_do_apply/3
Last message: {:continue, :subscribe_to_events}
State: %Commanded.Event.Handler{application: Nexus.App, consistency: :eventual, handler_callback: :event, handler_name: "Treasury.TransferProjector", handler_module: Nexus.Treasury.Projectors.TransferProjector, handler_state: nil, last_seen_event: nil, subscription: %Commanded.EventStore.Subscription{application: Nexus.App, backoff: {:backoff, 1000, 60000, 1000, :jitter, :undefined, :undefined}, concurrency: 1, partition_by: nil, subscribe_to: :all, subscribe_from: :origin, subscription_name: "Treasury.TransferProjector", subscription_opts: [], subscription_pid: nil, subscription_ref: nil}, subscribe_timer: nil}
23:10:02.223 [debug] Subscription "Treasury.TransferProjector"@"$all" attempting to connect subscriber #PID<0.2593.0>
23:10:02.223 [debug] Subscription "Treasury.TransferProjector"@"$all" catching-up
23:10:02.223 [debug] Nexus.Treasury.Projectors.TransferProjector has successfully subscribed to event store
23:10:02.233 [debug] Nexus.Treasury.Projectors.TransferProjector received events: [%Commanded.EventStore.RecordedEvent{event_id: "62c6b71c-722f-4f2d-8755-429e94f0e965", event_number: 2172, stream_id: "019cca7f-79a7-7b90-938a-8ce15011f26b", stream_version: 1, causation_id: "d72ccd15-4b2a-488e-97ff-35721da3c29b", correlation_id: "e053c8f4-f9af-4815-b6f7-0a119251f0d0", event_type: "Elixir.Nexus.Treasury.Events.TransferInitiated", data: %Nexus.Treasury.Events.TransferInitiated{transfer_id: "019cca7f-79a7-7b90-938a-8ce15011f26b", org_id: "org_123", user_id: "user_456", from_currency: "EUR", to_currency: "USD", amount: "100", status: "authorized", bulk_payment_id: nil, recipient_data: nil, requested_at: "2026-03-07T22:51:17.800772Z"}, created_at: ~U[2026-03-07 22:51:17.837188Z], metadata: %{}}]
23:10:02.233 [debug] Nexus.Identity.Projectors.UserRegistrationProjector received events: [%Commanded.EventStore.RecordedEvent{event_id: "282ec866-f518-44ed-95f6-7a535d6c3e25", event_number: 11262, stream_id: "019d0c26-0b00-74a0-bd6d-48329cf61a57", stream_version: 1, causation_id: "d64809a4-8402-4360-8536-99b7a0f860ca", correlation_id: "e0f4b4bb-483c-4914-aaaa-956d1587d67e", event_type: "Elixir.Nexus.Identity.Events.UserRegistered", data: %Nexus.Identity.Events.UserRegistered{user_id: "019d0c26-0b00-74a0-bd6d-48329cf61a57", org_id: "019d0c26-0b00-74a0-8884-24b7b734f296", email: "test@example.com", role: "system_admin", cose_key: "Ym9vdHN0cmFwX2Nvc2Vfa2V5", credential_id: "Ym9vdHN0cmFwX2NyZWRlbnRpYWxfaWQ=", registered_at: "2026-03-20T16:48:33.024173Z", display_name: "Test User", status: "active"}, created_at: ~U[2026-03-20 16:48:33.025211Z], metadata: %{"causation_id" => "019d0c26-0b00-71d0-a1d2-041f55e92cfc", "correlation_id" => "019d0c26-0b00-71d0-a1d2-041f55e92cfc"}}]
23:10:02.233 [debug] QUERY OK db=0.1ms
begin []
23:10:02.233 [debug] QUERY OK source="projection_versions" db=0.0ms
INSERT INTO "projection_versions" AS p0 ("projection_name","last_seen_event_number","inserted_at","updated_at") VALUES ($1,$2,$3,$4) ON CONFLICT ("projection_name") DO UPDATE SET "last_seen_event_number" = $5 WHERE ((p0."projection_name" = $6) AND (p0."last_seen_event_number" < $7)) ["Identity.Projectors.UserRegistrationProjector", 11262, ~N[2026-03-20 23:10:02.233611], ~N[2026-03-20 23:10:02.233611], 11262, "Identity.Projectors.UserRegistrationProjector", 11262]
23:10:02.233 [debug] QUERY OK source="users" db=0.0ms
SELECT u0."id", u0."org_id", u0."email", u0."display_name", u0."status", u0."cose_key", u0."credential_id", u0."roles", u0."created_at", u0."updated_at" FROM "users" AS u0 WHERE (u0."id" = $1) ["019d0c26-0b00-74a0-bd6d-48329cf61a57"]
23:10:02.234 [debug] QUERY OK source="users" db=0.0ms
SELECT u0."id", u0."org_id", u0."email", u0."display_name", u0."status", u0."cose_key", u0."credential_id", u0."roles", u0."created_at", u0."updated_at" FROM "users" AS u0 WHERE (u0."email" = $1) ["test@example.com"]
23:10:02.234 [debug] QUERY OK source="users" db=0.0ms
INSERT INTO "users" ("id","status","org_id","email","display_name","roles","cose_key","credential_id","created_at","updated_at") VALUES ($1,$2,$3,$4,$5,$6,$7,$8,$9,$10) ["019d0c26-0b00-74a0-bd6d-48329cf61a57", "active", "019d0c26-0b00-74a0-8884-24b7b734f296", "test@example.com", "Test User", ["system_admin"], "bootstrap_cose_key", "bootstrap_credential_id", ~U[2026-03-20 23:10:02.234095Z], ~U[2026-03-20 23:10:02.234095Z]]
23:10:02.234 [debug] QUERY ERROR source="identity_user_settings" db=0.0ms
SELECT i0."id", i0."user_id", i0."org_id", i0."locale", i0."timezone", i0."notifications_enabled", i0."created_at", i0."updated_at" FROM "identity_user_settings" AS i0 WHERE (i0."id" = $1) ["019d0c26-0b00-74a0-bd6d-48329cf61a57"]
23:10:02.234 [debug] QUERY OK db=0.0ms
rollback []
23:10:02.235 [debug] QUERY OK db=0.1ms queue=1.5ms
begin []
23:10:02.235 [debug] QUERY OK source="projection_versions" db=0.1ms
INSERT INTO "projection_versions" AS p0 ("projection_name","last_seen_event_number","inserted_at","updated_at") VALUES ($1,$2,$3,$4) ON CONFLICT ("projection_name") DO UPDATE SET "last_seen_event_number" = $5 WHERE ((p0."projection_name" = $6) AND (p0."last_seen_event_number" < $7)) ["Treasury.TransferProjector", 2172, ~N[2026-03-20 23:10:02.235184], ~N[2026-03-20 23:10:02.235184], 2172, "Treasury.TransferProjector", 2172]
23:10:02.235 [debug] QUERY OK db=0.2ms
rollback []
23:10:02.235 [error] Nexus.Identity.Projectors.UserRegistrationProjector failed to handle event:
%Commanded.EventStore.RecordedEvent{
  event_id: "282ec866-f518-44ed-95f6-7a535d6c3e25",
  event_number: 11262,
  stream_id: "019d0c26-0b00-74a0-bd6d-48329cf61a57",
  stream_version: 1,
  causation_id: "d64809a4-8402-4360-8536-99b7a0f860ca",
  correlation_id: "e0f4b4bb-483c-4914-aaaa-956d1587d67e",
  event_type: "Elixir.Nexus.Identity.Events.UserRegistered",
  data: %Nexus.Identity.Events.UserRegistered{
    user_id: "019d0c26-0b00-74a0-bd6d-48329cf61a57",
    org_id: "019d0c26-0b00-74a0-8884-24b7b734f296",
    email: "test@example.com",
    role: "system_admin",
    cose_key: "Ym9vdHN0cmFwX2Nvc2Vfa2V5",
    credential_id: "Ym9vdHN0cmFwX2NyZWRlbnRpYWxfaWQ=",
    registered_at: "2026-03-20T16:48:33.024173Z",
    display_name: "Test User",
    status: "active"
  },
  created_at: ~U[2026-03-20 16:48:33.025211Z],
  metadata: %{
    "causation_id" => "019d0c26-0b00-71d0-a1d2-041f55e92cfc",
    "correlation_id" => "019d0c26-0b00-71d0-a1d2-041f55e92cfc"
  }
}, due to:
** (Postgrex.Error) ERROR 42703 (undefined_column) column i0.id does not exist

    query: SELECT i0."id", i0."user_id", i0."org_id", i0."locale", i0."timezone", i0."notifications_enabled", i0."created_at", i0."updated_at" FROM "identity_user_settings" AS i0 WHERE (i0."id" = $1)
    (ecto_sql 3.13.4) lib/ecto/adapters/sql.ex:1113: Ecto.Adapters.SQL.raise_sql_call_error/1
    (ecto_sql 3.13.4) lib/ecto/adapters/sql.ex:1011: Ecto.Adapters.SQL.execute/6
    (ecto 3.13.5) lib/ecto/repo/queryable.ex:241: Ecto.Repo.Queryable.execute/4
    (ecto 3.13.5) lib/ecto/repo/queryable.ex:19: Ecto.Repo.Queryable.all/3
    (ecto 3.13.5) lib/ecto/repo/queryable.ex:163: Ecto.Repo.Queryable.one/3
    (nexus 0.1.0) lib/nexus/identity/projectors/user_registration_projector.ex:53: anonymous fn/3 in Nexus.Identity.Projectors.UserRegistrationProjector.project_registration/3
    (ecto 3.13.5) lib/ecto/multi.ex:905: Ecto.Multi.apply_operation/5
    (elixir 1.19.5) lib/enum.ex:2520: Enum."-reduce/3-lists^foldl/2-0-"/3
    (ecto 3.13.5) lib/ecto/multi.ex:878: anonymous fn/5 in Ecto.Multi.apply_operations/5
    (ecto_sql 3.13.4) lib/ecto/adapters/sql.ex:1473: anonymous fn/3 in Ecto.Adapters.SQL.checkout_or_transaction/4
    (db_connection 2.9.0) lib/db_connection.ex:1747: DBConnection.run_transaction/4
    (ecto 3.13.5) lib/ecto/repo/transaction.ex:30: Ecto.Repo.Transaction.transact/4
    (nexus 0.1.0) deps/commanded_ecto_projections/lib/projections/ecto.ex:97: Nexus.Identity.Projectors.UserRegistrationProjector.update_projection/3
    (commanded 1.4.9) lib/commanded/event/handler.ex:1221: Commanded.Event.Handler.delegate_event_to_handler/2
    (commanded 1.4.9) lib/commanded/event/handler.ex:1062: Commanded.Event.Handler.handle_event/3
    (elixir 1.19.5) lib/enum.ex:2520: Enum."-reduce/3-lists^foldl/2-0-"/3
    (commanded 1.4.9) lib/commanded/event/handler.ex:969: Commanded.Event.Handler.handle_info/2
    (stdlib 7.1) gen_server.erl:2434: :gen_server.try_handle_info/3
    (stdlib 7.1) gen_server.erl:2420: :gen_server.handle_msg/3
    (stdlib 7.1) proc_lib.erl:333: :proc_lib.init_p_do_apply/3

23:10:02.235 [warning] Nexus.Identity.Projectors.UserRegistrationProjector has requested to stop: %Postgrex.Error{message: nil, postgres: %{code: :undefined_column, line: "3721", message: "column i0.id does not exist", position: "8", file: "parse_relation.c", unknown: "ERROR", severity: "ERROR", pg_code: "42703", routine: "errorMissingColumn"}, connection_id: 3148, query: "SELECT i0.\"id\", i0.\"user_id\", i0.\"org_id\", i0.\"locale\", i0.\"timezone\", i0.\"notifications_enabled\", i0.\"created_at\", i0.\"updated_at\" FROM \"identity_user_settings\" AS i0 WHERE (i0.\"id\" = $1)"}
23:10:02.235 [debug] Nexus.Identity.Projectors.UserRegistrationProjector is shutting down due to %Postgrex.Error{message: nil, postgres: %{code: :undefined_column, line: "3721", message: "column i0.id does not exist", position: "8", file: "parse_relation.c", unknown: "ERROR", severity: "ERROR", pg_code: "42703", routine: "errorMissingColumn"}, connection_id: 3148, query: "SELECT i0.\"id\", i0.\"user_id\", i0.\"org_id\", i0.\"locale\", i0.\"timezone\", i0.\"notifications_enabled\", i0.\"created_at\", i0.\"updated_at\" FROM \"identity_user_settings\" AS i0 WHERE (i0.\"id\" = $1)"}
23:10:02.235 [error] GenServer {Nexus.App.LocalRegistry, {Nexus.App, Commanded.Event.Handler, "Identity.Projectors.UserRegistrationProjector"}} terminating
** (stop) %Postgrex.Error{message: nil, postgres: %{code: :undefined_column, line: "3721", message: "column i0.id does not exist", position: "8", file: "parse_relation.c", unknown: "ERROR", severity: "ERROR", pg_code: "42703", routine: "errorMissingColumn"}, connection_id: 3148, query: "SELECT i0.\"id\", i0.\"user_id\", i0.\"org_id\", i0.\"locale\", i0.\"timezone\", i0.\"notifications_enabled\", i0.\"created_at\", i0.\"updated_at\" FROM \"identity_user_settings\" AS i0 WHERE (i0.\"id\" = $1)"}
Last message: {:events, [%Commanded.EventStore.RecordedEvent{event_id: "282ec866-f518-44ed-95f6-7a535d6c3e25", event_number: 11262, stream_id: "019d0c26-0b00-74a0-bd6d-48329cf61a57", stream_version: 1, causation_id: "d64809a4-8402-4360-8536-99b7a0f860ca", correlation_id: "e0f4b4bb-483c-4914-aaaa-956d1587d67e", event_type: "Elixir.Nexus.Identity.Events.UserRegistered", data: %Nexus.Identity.Events.UserRegistered{user_id: "019d0c26-0b00-74a0-bd6d-48329cf61a57", org_id: "019d0c26-0b00-74a0-8884-24b7b734f296", email: "test@example.com", role: "system_admin", cose_key: "Ym9vdHN0cmFwX2Nvc2Vfa2V5", credential_id: "Ym9vdHN0cmFwX2NyZWRlbnRpYWxfaWQ=", registered_at: "2026-03-20T16:48:33.024173Z", display_name: "Test User", status: "active"}, created_at: ~U[2026-03-20 16:48:33.025211Z], metadata: %{"causation_id" => "019d0c26-0b00-71d0-a1d2-041f55e92cfc", "correlation_id" => "019d0c26-0b00-71d0-a1d2-041f55e92cfc"}}]}
State: %Commanded.Event.Handler{application: Nexus.App, consistency: :strong, handler_callback: :event, handler_name: "Identity.Projectors.UserRegistrationProjector", handler_module: Nexus.Identity.Projectors.UserRegistrationProjector, handler_state: nil, last_seen_event: nil, subscription: %Commanded.EventStore.Subscription{application: Nexus.App, backoff: {:backoff, 1000, 60000, 1000, :jitter, :undefined, :undefined}, concurrency: 1, partition_by: nil, subscribe_to: :all, subscribe_from: :origin, subscription_name: "Identity.Projectors.UserRegistrationProjector", subscription_opts: [], subscription_pid: #PID<0.2591.0>, subscription_ref: #Reference<0.504251661.3394502658.73976>}, subscribe_timer: nil}
23:10:02.236 [debug] Subscription "Identity.Projectors.UserRegistrationProjector"@"$all" subscriber #PID<0.2590.0> down due to: %Postgrex.Error{message: nil, postgres: %{code: :undefined_column, line: "3721", message: "column i0.id does not exist", position: "8", file: "parse_relation.c", unknown: "ERROR", severity: "ERROR", pg_code: "42703", routine: "errorMissingColumn"}, connection_id: 3148, query: "SELECT i0.\"id\", i0.\"user_id\", i0.\"org_id\", i0.\"locale\", i0.\"timezone\", i0.\"notifications_enabled\", i0.\"created_at\", i0.\"updated_at\" FROM \"identity_user_settings\" AS i0 WHERE (i0.\"id\" = $1)"}
23:10:02.236 [debug] Subscription "Identity.Projectors.UserRegistrationProjector"@"$all" has no subscribers, shutting down
23:10:02.236 [error] GenServer {Nexus.EventStore.EventStore.Subscriptions.Registry, {"$all", "Identity.Projectors.UserRegistrationProjector"}} terminating
** (stop) %Postgrex.Error{message: nil, postgres: %{code: :undefined_column, line: "3721", message: "column i0.id does not exist", position: "8", file: "parse_relation.c", unknown: "ERROR", severity: "ERROR", pg_code: "42703", routine: "errorMissingColumn"}, connection_id: 3148, query: "SELECT i0.\"id\", i0.\"user_id\", i0.\"org_id\", i0.\"locale\", i0.\"timezone\", i0.\"notifications_enabled\", i0.\"created_at\", i0.\"updated_at\" FROM \"identity_user_settings\" AS i0 WHERE (i0.\"id\" = $1)"}
Last message: {:DOWN, #Reference<0.504251661.3394502658.73945>, :process, #PID<0.2590.0>, %Postgrex.Error{message: nil, postgres: %{code: :undefined_column, line: "3721", message: "column i0.id does not exist", position: "8", file: "parse_relation.c", unknown: "ERROR", severity: "ERROR", pg_code: "42703", routine: "errorMissingColumn"}, connection_id: 3148, query: "SELECT i0.\"id\", i0.\"user_id\", i0.\"org_id\", i0.\"locale\", i0.\"timezone\", i0.\"notifications_enabled\", i0.\"created_at\", i0.\"updated_at\" FROM \"identity_user_settings\" AS i0 WHERE (i0.\"id\" = $1)"}}
State: %EventStore.Subscriptions.Subscription{stream_uuid: "$all", subscription_name: "Identity.Projectors.UserRegistrationProjector", subscription: %EventStore.Subscriptions.SubscriptionFsm{state: :unsubscribed, data: %EventStore.Subscriptions.SubscriptionState{conn: Nexus.EventStore.Postgrex, event_store: Nexus.EventStore, serializer: Commanded.Serialization.JsonSerializer, schema: "event_store", stream_uuid: "$all", start_from: 0, subscription_name: "Identity.Projectors.UserRegistrationProjector", subscription_id: 405, selector: nil, mapper: &Commanded.EventStore.Adapters.EventStore.Mapper.from_recorded_event/1, max_size: 1000, partition_by: nil, query_timeout: 15000, lock_ref: #Reference<0.504251661.3394502658.73973>, last_received: 12220, last_sent: 11262, last_ack: 11261, queue_size: 959, buffer_size: 1, checkpoint_after: 0, checkpoint_threshold: 1, checkpoint_timer_ref: nil, checkpoints_pending: 0, subscribers: %{}, partitions: %{nil: {[%EventStore.RecordedEvent{event_number: 12220, event_id: "eb1dda64-231e-4bac-923f-f44f3aeac8f1", stream_uuid: "019d0d83-4d63-7c0f-8998-bde5f58f823e", stream_version: 1, correlation_id: "2e6db85b-ec66-499b-a629-d12a1db41979", causation_id: "fd7c44bf-84e2-4c28-b552-8148eb0c4bf7", event_type: "Elixir.Nexus.Treasury.Events.VaultRegistered", data: %Nexus.Treasury.Events.VaultRegistered{vault_id: "019d0d83-4d63-7c0f-8998-bde5f58f823e", org_id: "63dccc1e-056d-4801-b79b-e15c3a51c41c", name: "EUR Vault - 40282324-7b5a-4275-a8e9-09463a42360a", bank_name: "Test Bank", account_number: nil, iban: nil, currency: "EUR", provider: "mock", registered_at: "2026-03-20T23:10:02.083503Z", daily_withdrawal_limit: "0.0", requires_multi_sig: false}, metadata: %{"causation_id" => "019d0d83-4d63-74da-a283-fbb79e650874", "correlation_id" => "019d0d83-4d63-74da-a283-fbb79e650874"}, created_at: ~U[2026-03-20 23:10:02.084314Z]}, %EventStore.RecordedEvent{event_number: 12219, event_id: "09cf4bb5-cfed-4bfe-ae79-8ef871e6e166", stream_uuid: "019d0d83-4bc9-753a-80e6-2e4dca2c9c12", stream_version: 2, correlation_id: "8dcacd27-1027-44b0-a211-bb6a90fd3388", causation_id: "421e58bf-9a8c-4a90-b20a-e4234c00f2cc", event_type: "Elixir.Nexus.Treasury.Events.VaultBalanceSynced", data: %Nexus.Treasury.Events.VaultBalanceSynced{vault_id: "019d0d83-4bc9-753a-80e6-2e4dca2c9c12", org_id: "63dccc1e-056d-4801-b79b-e15c3a51c41c", amount: "500000.00", currency: "USD", synced_at: "2026-03-20T23:10:01.878699Z"}, metadata: %{"causation_id" => "019d0d83-4c96-7dfe-a58b-296d1cd6be89", "correlation_id" => "019d0d83-4c96-7dfe-a58b-296d1cd6be89"}, created_at: ~U[2026-03-20 23:10:01.879170Z]}, %EventStore.RecordedEvent{event_number: 12218, event_id: "9932df8b-18c6-4e36-b5e7-495fc0cc9d0d", stream_uuid: "019d0d83-4bc9-753a-80e6-2e4dca2c9c12", stream_version: 1, correlation_id: "f3ebc19f-f707-46c1-84ec-0edb1b2a053b", causation_id: "61db3cd8-c1cd-4645-97c1-c75b096edc34", event_type: "Elixir.Nexus.Treasury.Events.VaultRegistered", data: %Nexus.Treasury.Events.VaultRegistered{vault_id: "019d0d83-4bc9-753a-80e6-2e4dca2c9c12", org_id: "63dccc1e-056d-4801-b79b-e15c3a51c41c", name: "USD Vault - d16f182d-8771-4765-af35-8a77236fc170", bank_name: "Test Bank", account_number: nil, iban: nil, currency: "USD", provider: "mock", registered_at: "2026-03-20T23:10:01.673695Z", daily_withdrawal_limit: "0.0", requires_multi_sig: false}, metadata: %{"causation_id" => "019d0d83-4bc9-73e0-af57-7d94a03c6d5a", "correlation_id" => "019d0d83-4bc9-73e0-af57-7d94a03c6d5a"}, created_at: ~U[2026-03-20 23:10:01.674570Z]}, %EventStore.RecordedEvent{event_number: 12217, ...}, ...], ...}}, ...}}, ...}
23:10:02.236 [error] Nexus.Treasury.Projectors.TransferProjector failed to handle event:
%Commanded.EventStore.RecordedEvent{
  event_id: "62c6b71c-722f-4f2d-8755-429e94f0e965",
  event_number: 2172,
  stream_id: "019cca7f-79a7-7b90-938a-8ce15011f26b",
  stream_version: 1,
  causation_id: "d72ccd15-4b2a-488e-97ff-35721da3c29b",
  correlation_id: "e053c8f4-f9af-4815-b6f7-0a119251f0d0",
  event_type: "Elixir.Nexus.Treasury.Events.TransferInitiated",
  data: %Nexus.Treasury.Events.TransferInitiated{
    transfer_id: "019cca7f-79a7-7b90-938a-8ce15011f26b",
    org_id: "org_123",
    user_id: "user_456",
    from_currency: "EUR",
    to_currency: "USD",
    amount: "100",
    status: "authorized",
    bulk_payment_id: nil,
    recipient_data: nil,
    requested_at: "2026-03-07T22:51:17.800772Z"
  },
  created_at: ~U[2026-03-07 22:51:17.837188Z],
  metadata: %{}
}, due to:
** (Ecto.ChangeError) value `"user_456"` for `Nexus.Treasury.Projections.Transfer.user_id` in `insert` does not match type :binary_id
    (ecto 3.13.5) lib/ecto/repo/schema.ex:1301: Ecto.Repo.Schema.dump_field!/6
    (ecto 3.13.5) lib/ecto/repo/schema.ex:1310: anonymous fn/6 in Ecto.Repo.Schema.dump_fields!/5
    (stdlib 7.1) maps.erl:894: :maps.fold_1/4
    (ecto 3.13.5) lib/ecto/repo/schema.ex:1308: Ecto.Repo.Schema.dump_fields!/5
    (ecto 3.13.5) lib/ecto/repo/schema.ex:1240: Ecto.Repo.Schema.dump_changes!/7
    (ecto 3.13.5) lib/ecto/repo/schema.ex:476: anonymous fn/15 in Ecto.Repo.Schema.do_insert/4
    (ecto 3.13.5) lib/ecto/multi.ex:905: Ecto.Multi.apply_operation/5
    (elixir 1.19.5) lib/enum.ex:2520: Enum."-reduce/3-lists^foldl/2-0-"/3
    (ecto 3.13.5) lib/ecto/multi.ex:878: anonymous fn/5 in Ecto.Multi.apply_operations/5
    (ecto_sql 3.13.4) lib/ecto/adapters/sql.ex:1473: anonymous fn/3 in Ecto.Adapters.SQL.checkout_or_transaction/4
    (db_connection 2.9.0) lib/db_connection.ex:1747: DBConnection.run_transaction/4
    (ecto 3.13.5) lib/ecto/repo/transaction.ex:30: Ecto.Repo.Transaction.transact/4
    (nexus 0.1.0) deps/commanded_ecto_projections/lib/projections/ecto.ex:97: Nexus.Treasury.Projectors.TransferProjector.update_projection/3
    (commanded 1.4.9) lib/commanded/event/handler.ex:1221: Commanded.Event.Handler.delegate_event_to_handler/2
    (commanded 1.4.9) lib/commanded/event/handler.ex:1062: Commanded.Event.Handler.handle_event/3
    (elixir 1.19.5) lib/enum.ex:2520: Enum."-reduce/3-lists^foldl/2-0-"/3
    (commanded 1.4.9) lib/commanded/event/handler.ex:969: Commanded.Event.Handler.handle_info/2
    (stdlib 7.1) gen_server.erl:2434: :gen_server.try_handle_info/3
    (stdlib 7.1) gen_server.erl:2420: :gen_server.handle_msg/3
    (stdlib 7.1) proc_lib.erl:333: :proc_lib.init_p_do_apply/3

23:10:02.236 [warning] Nexus.Treasury.Projectors.TransferProjector has requested to stop: %Ecto.ChangeError{message: "value `\"user_456\"` for `Nexus.Treasury.Projections.Transfer.user_id` in `insert` does not match type :binary_id"}
23:10:02.236 [debug] Nexus.Treasury.Projectors.TransferProjector is shutting down due to %Ecto.ChangeError{message: "value `\"user_456\"` for `Nexus.Treasury.Projections.Transfer.user_id` in `insert` does not match type :binary_id"}
23:10:02.236 [debug] Nexus.Identity.Projectors.UserRegistrationProjector is shutting down due to {%Postgrex.Error{message: nil, postgres: %{code: :undefined_column, line: "3721", message: "column i0.id does not exist", position: "8", file: "parse_relation.c", unknown: "ERROR", severity: "ERROR", pg_code: "42703", routine: "errorMissingColumn"}, connection_id: 3148, query: "SELECT i0.\"id\", i0.\"user_id\", i0.\"org_id\", i0.\"locale\", i0.\"timezone\", i0.\"notifications_enabled\", i0.\"created_at\", i0.\"updated_at\" FROM \"identity_user_settings\" AS i0 WHERE (i0.\"id\" = $1)"}, {GenServer, :call, [#PID<0.2591.0>, {:connect, #PID<0.2595.0>, [retry_interval: 60000, hibernate_after: 15000, partition_by: nil, concurrency_limit: 1, name: Nexus.EventStore, mapper: &Commanded.EventStore.Adapters.EventStore.Mapper.from_recorded_event/1, conn: Nexus.EventStore.Postgrex, event_store: Nexus.EventStore, query_timeout: 15000, schema: "event_store", serializer: Commanded.Serialization.JsonSerializer, stream_uuid: "$all", subscription_name: "Identity.Projectors.UserRegistrationProjector", start_from: 0]}, 5000]}}
23:10:02.236 [error] GenServer {Nexus.App.LocalRegistry, {Nexus.App, Commanded.Event.Handler, "Treasury.TransferProjector"}} terminating
** (stop) %Ecto.ChangeError{message: "value `\"user_456\"` for `Nexus.Treasury.Projections.Transfer.user_id` in `insert` does not match type :binary_id"}
Last message: {:events, [%Commanded.EventStore.RecordedEvent{event_id: "62c6b71c-722f-4f2d-8755-429e94f0e965", event_number: 2172, stream_id: "019cca7f-79a7-7b90-938a-8ce15011f26b", stream_version: 1, causation_id: "d72ccd15-4b2a-488e-97ff-35721da3c29b", correlation_id: "e053c8f4-f9af-4815-b6f7-0a119251f0d0", event_type: "Elixir.Nexus.Treasury.Events.TransferInitiated", data: %Nexus.Treasury.Events.TransferInitiated{transfer_id: "019cca7f-79a7-7b90-938a-8ce15011f26b", org_id: "org_123", user_id: "user_456", from_currency: "EUR", to_currency: "USD", amount: "100", status: "authorized", bulk_payment_id: nil, recipient_data: nil, requested_at: "2026-03-07T22:51:17.800772Z"}, created_at: ~U[2026-03-07 22:51:17.837188Z], metadata: %{}}]}
State: %Commanded.Event.Handler{application: Nexus.App, consistency: :eventual, handler_callback: :event, handler_name: "Treasury.TransferProjector", handler_module: Nexus.Treasury.Projectors.TransferProjector, handler_state: nil, last_seen_event: nil, subscription: %Commanded.EventStore.Subscription{application: Nexus.App, backoff: {:backoff, 1000, 60000, 1000, :jitter, :undefined, :undefined}, concurrency: 1, partition_by: nil, subscribe_to: :all, subscribe_from: :origin, subscription_name: "Treasury.TransferProjector", subscription_opts: [], subscription_pid: #PID<0.2594.0>, subscription_ref: #Reference<0.504251661.3394502659.63190>}, subscribe_timer: nil}
23:10:02.237 [debug] Subscription "Treasury.TransferProjector"@"$all" subscriber #PID<0.2593.0> down due to: %Ecto.ChangeError{message: "value `\"user_456\"` for `Nexus.Treasury.Projections.Transfer.user_id` in `insert` does not match type :binary_id"}
23:10:02.237 [debug] Subscription "Treasury.TransferProjector"@"$all" has no subscribers, shutting down
23:10:02.236 [error] GenServer {Nexus.App.LocalRegistry, {Nexus.App, Commanded.Event.Handler, "Identity.Projectors.UserRegistrationProjector"}} terminating
** (stop) exited in: GenServer.call(#PID<0.2591.0>, {:connect, #PID<0.2595.0>, [retry_interval: 60000, hibernate_after: 15000, partition_by: nil, concurrency_limit: 1, name: Nexus.EventStore, mapper: &Commanded.EventStore.Adapters.EventStore.Mapper.from_recorded_event/1, conn: Nexus.EventStore.Postgrex, event_store: Nexus.EventStore, query_timeout: 15000, schema: "event_store", serializer: Commanded.Serialization.JsonSerializer, stream_uuid: "$all", subscription_name: "Identity.Projectors.UserRegistrationProjector", start_from: 0]}, 5000)
    ** (EXIT) %Postgrex.Error{message: nil, postgres: %{code: :undefined_column, line: "3721", message: "column i0.id does not exist", position: "8", file: "parse_relation.c", unknown: "ERROR", severity: "ERROR", pg_code: "42703", routine: "errorMissingColumn"}, connection_id: 3148, query: "SELECT i0.\"id\", i0.\"user_id\", i0.\"org_id\", i0.\"locale\", i0.\"timezone\", i0.\"notifications_enabled\", i0.\"created_at\", i0.\"updated_at\" FROM \"identity_user_settings\" AS i0 WHERE (i0.\"id\" = $1)"}
    (elixir 1.19.5) lib/gen_server.ex:1142: GenServer.call/3
    (commanded 1.4.9) lib/commanded/event_store.ex:289: anonymous fn/2 in Commanded.EventStore.span/3
    (telemetry 1.3.0) /Users/bernard/dev/nexus/deps/telemetry/src/telemetry.erl:324: :telemetry.span/3
    (commanded 1.4.9) lib/commanded/event_store/subscription.ex:58: Commanded.EventStore.Subscription.subscribe/2
    (commanded 1.4.9) lib/commanded/event/handler.ex:1024: Commanded.Event.Handler.subscribe_to_events/1
    (commanded 1.4.9) lib/commanded/event/handler.ex:887: Commanded.Event.Handler.handle_continue/2
    (stdlib 7.1) gen_server.erl:2424: :gen_server.try_handle_continue/3
    (stdlib 7.1) gen_server.erl:2291: :gen_server.loop/4
    (stdlib 7.1) proc_lib.erl:333: :proc_lib.init_p_do_apply/3
Last message: {:continue, :subscribe_to_events}
State: %Commanded.Event.Handler{application: Nexus.App, consistency: :strong, handler_callback: :event, handler_name: "Identity.Projectors.UserRegistrationProjector", handler_module: Nexus.Identity.Projectors.UserRegistrationProjector, handler_state: nil, last_seen_event: nil, subscription: %Commanded.EventStore.Subscription{application: Nexus.App, backoff: {:backoff, 1000, 60000, 1000, :jitter, :undefined, :undefined}, concurrency: 1, partition_by: nil, subscribe_to: :all, subscribe_from: :origin, subscription_name: "Identity.Projectors.UserRegistrationProjector", subscription_opts: [], subscription_pid: nil, subscription_ref: nil}, subscribe_timer: nil}
23:10:02.237 [error] GenServer {Nexus.EventStore.EventStore.Subscriptions.Registry, {"$all", "Treasury.TransferProjector"}} terminating
** (stop) %Ecto.ChangeError{message: "value `\"user_456\"` for `Nexus.Treasury.Projections.Transfer.user_id` in `insert` does not match type :binary_id"}
Last message: {:DOWN, #Reference<0.504251661.3394502659.63163>, :process, #PID<0.2593.0>, %Ecto.ChangeError{message: "value `\"user_456\"` for `Nexus.Treasury.Projections.Transfer.user_id` in `insert` does not match type :binary_id"}}
State: %EventStore.Subscriptions.Subscription{stream_uuid: "$all", subscription_name: "Treasury.TransferProjector", subscription: %EventStore.Subscriptions.SubscriptionFsm{state: :unsubscribed, data: %EventStore.Subscriptions.SubscriptionState{conn: Nexus.EventStore.Postgrex, event_store: Nexus.EventStore, serializer: Commanded.Serialization.JsonSerializer, schema: "event_store", stream_uuid: "$all", start_from: 0, subscription_name: "Treasury.TransferProjector", subscription_id: 712, selector: nil, mapper: &Commanded.EventStore.Adapters.EventStore.Mapper.from_recorded_event/1, max_size: 1000, partition_by: nil, query_timeout: 15000, lock_ref: #Reference<0.504251661.3394502659.63187>, last_received: 3171, last_sent: 2172, last_ack: 2171, queue_size: 1000, buffer_size: 1, checkpoint_after: 0, checkpoint_threshold: 1, checkpoint_timer_ref: nil, checkpoints_pending: 0, subscribers: %{}, partitions: %{nil: {[%EventStore.RecordedEvent{event_number: 3171, event_id: "8586578d-d056-4f8a-9ef5-e50055576e3d", stream_uuid: "ac7468f5-30d7-40c0-8616-11d90e0baaff", stream_version: 2, correlation_id: "39b30acd-48bc-46aa-95f6-dbca71341717", causation_id: "63e9af3a-68e5-4fcb-b1e2-45e01849c483", event_type: "Elixir.Nexus.Treasury.Events.PolicyAlertTriggered", data: %Nexus.Treasury.Events.PolicyAlertTriggered{policy_id: "ac7468f5-30d7-40c0-8616-11d90e0baaff", org_id: "ac7468f5-30d7-40c0-8616-11d90e0baaff", currency_pair: "EUR/USD", exposure_amount: "120000", threshold: "100000", triggered_at: "2026-03-11T11:11:50.245617Z"}, metadata: %{}, created_at: ~U[2026-03-11 11:11:50.246040Z]}, %EventStore.RecordedEvent{event_number: 3170, event_id: "d9b79299-4063-4885-b6d9-34698aedcb10", stream_uuid: "ac7468f5-30d7-40c0-8616-11d90e0baaff", stream_version: 1, correlation_id: "788f0b6b-0bfc-40f7-a9f1-8257a38dc3b3", causation_id: "5372e3c5-9d37-4049-b5ad-ea745c35f334", event_type: "Elixir.Nexus.Treasury.Events.TransferThresholdSet", data: %Nexus.Treasury.Events.TransferThresholdSet{policy_id: "ac7468f5-30d7-40c0-8616-11d90e0baaff", org_id: "ac7468f5-30d7-40c0-8616-11d90e0baaff", threshold: "100000", set_at: "2026-03-11T11:11:50.238725Z"}, metadata: %{}, created_at: ~U[2026-03-11 11:11:50.240394Z]}, %EventStore.RecordedEvent{event_number: 3169, event_id: "1921c76c-7123-46a0-829b-f758c37f1936", stream_uuid: "forecast-0bc9eb4f-96f1-4960-bbd1-8669f786883a", stream_version: 2, correlation_id: "6461481b-22c8-42f5-9321-fb6182c6c883", causation_id: "9495e45b-6570-4a67-8f67-a7628c22d6b5", event_type: "Elixir.Nexus.Treasury.Events.ForecastGenerated", data: %Nexus.Treasury.Events.ForecastGenerated{org_id: "0bc9eb4f-96f1-4960-bbd1-8669f786883a", currency: "EUR", horizon_days: 30, predictions: [%{date: "2026-03-03", predicted_amount: "110000.000000"}], generated_at: "2026-03-11T11:11:50.230730Z"}, metadata: %{}, created_at: ~U[2026-03-11 11:11:50.231171Z]}, %EventStore.RecordedEvent{event_number: 3168, event_id: "eb625212-2f0a-444d-8cce-9809554dfc41", stream_uuid: "forecast-0bc9eb4f-96f1-4960-bbd1-8669f786883a", stream_version: 1, correlation_id: "be901c27-d444-4708-ab95-a805d38476ef", causation_id: "b866081f-be26-453f-9b2f-ea1e9ec2d11a", event_type: "Elixir.Nexus.Treasury.Events.ForecastGenerated", data: %Nexus.Treasury.Events.ForecastGenerated{org_id: "0bc9eb4f-96f1-4960-bbd1-8669f786883a", currency: "EUR", horizon_days: 30, predictions: [%{date: "2026-03-03", predicted_amount: "100000.00"}], generated_at: "2026-03-11T11:11:50.227029Z"}, ...}, ...], ...}}, ...}}, ...}
23:10:02.237 [debug] Subscription "Identity.Projectors.UserRegistrationProjector"@"$all" attempting to connect subscriber #PID<0.2597.0>
23:10:02.237 [debug] Nexus.Treasury.Projectors.TransferProjector is shutting down due to {%Ecto.ChangeError{message: "value `\"user_456\"` for `Nexus.Treasury.Projections.Transfer.user_id` in `insert` does not match type :binary_id"}, {GenServer, :call, [#PID<0.2594.0>, {:connect, #PID<0.2596.0>, [retry_interval: 60000, hibernate_after: 15000, partition_by: nil, concurrency_limit: 1, name: Nexus.EventStore, mapper: &Commanded.EventStore.Adapters.EventStore.Mapper.from_recorded_event/1, conn: Nexus.EventStore.Postgrex, event_store: Nexus.EventStore, query_timeout: 15000, schema: "event_store", serializer: Commanded.Serialization.JsonSerializer, stream_uuid: "$all", subscription_name: "Treasury.TransferProjector", start_from: 0]}, 5000]}}
23:10:02.238 [debug] Subscription "Identity.Projectors.UserRegistrationProjector"@"$all" catching-up
23:10:02.238 [debug] Nexus.Identity.Projectors.UserRegistrationProjector has successfully subscribed to event store
23:10:02.237 [error] GenServer {Nexus.App.LocalRegistry, {Nexus.App, Commanded.Event.Handler, "Treasury.TransferProjector"}} terminating
** (stop) exited in: GenServer.call(#PID<0.2594.0>, {:connect, #PID<0.2596.0>, [retry_interval: 60000, hibernate_after: 15000, partition_by: nil, concurrency_limit: 1, name: Nexus.EventStore, mapper: &Commanded.EventStore.Adapters.EventStore.Mapper.from_recorded_event/1, conn: Nexus.EventStore.Postgrex, event_store: Nexus.EventStore, query_timeout: 15000, schema: "event_store", serializer: Commanded.Serialization.JsonSerializer, stream_uuid: "$all", subscription_name: "Treasury.TransferProjector", start_from: 0]}, 5000)
    ** (EXIT) %Ecto.ChangeError{message: "value `\"user_456\"` for `Nexus.Treasury.Projections.Transfer.user_id` in `insert` does not match type :binary_id"}
    (elixir 1.19.5) lib/gen_server.ex:1142: GenServer.call/3
    (commanded 1.4.9) lib/commanded/event_store.ex:289: anonymous fn/2 in Commanded.EventStore.span/3
    (telemetry 1.3.0) /Users/bernard/dev/nexus/deps/telemetry/src/telemetry.erl:324: :telemetry.span/3
    (commanded 1.4.9) lib/commanded/event_store/subscription.ex:58: Commanded.EventStore.Subscription.subscribe/2
    (commanded 1.4.9) lib/commanded/event/handler.ex:1024: Commanded.Event.Handler.subscribe_to_events/1
    (commanded 1.4.9) lib/commanded/event/handler.ex:887: Commanded.Event.Handler.handle_continue/2
    (stdlib 7.1) gen_server.erl:2424: :gen_server.try_handle_continue/3
    (stdlib 7.1) gen_server.erl:2291: :gen_server.loop/4
    (stdlib 7.1) proc_lib.erl:333: :proc_lib.init_p_do_apply/3
Last message: {:continue, :subscribe_to_events}
State: %Commanded.Event.Handler{application: Nexus.App, consistency: :eventual, handler_callback: :event, handler_name: "Treasury.TransferProjector", handler_module: Nexus.Treasury.Projectors.TransferProjector, handler_state: nil, last_seen_event: nil, subscription: %Commanded.EventStore.Subscription{application: Nexus.App, backoff: {:backoff, 1000, 60000, 1000, :jitter, :undefined, :undefined}, concurrency: 1, partition_by: nil, subscribe_to: :all, subscribe_from: :origin, subscription_name: "Treasury.TransferProjector", subscription_opts: [], subscription_pid: nil, subscription_ref: nil}, subscribe_timer: nil}
23:10:02.238 [debug] Subscription "Treasury.TransferProjector"@"$all" attempting to connect subscriber #PID<0.2599.0>
23:10:02.239 [debug] Subscription "Treasury.TransferProjector"@"$all" catching-up
23:10:02.239 [debug] Nexus.Treasury.Projectors.TransferProjector has successfully subscribed to event store
23:10:02.248 [debug] Nexus.Treasury.Projectors.TransferProjector received events: [%Commanded.EventStore.RecordedEvent{event_id: "62c6b71c-722f-4f2d-8755-429e94f0e965", event_number: 2172, stream_id: "019cca7f-79a7-7b90-938a-8ce15011f26b", stream_version: 1, causation_id: "d72ccd15-4b2a-488e-97ff-35721da3c29b", correlation_id: "e053c8f4-f9af-4815-b6f7-0a119251f0d0", event_type: "Elixir.Nexus.Treasury.Events.TransferInitiated", data: %Nexus.Treasury.Events.TransferInitiated{transfer_id: "019cca7f-79a7-7b90-938a-8ce15011f26b", org_id: "org_123", user_id: "user_456", from_currency: "EUR", to_currency: "USD", amount: "100", status: "authorized", bulk_payment_id: nil, recipient_data: nil, requested_at: "2026-03-07T22:51:17.800772Z"}, created_at: ~U[2026-03-07 22:51:17.837188Z], metadata: %{}}]
23:10:02.249 [debug] QUERY OK db=0.1ms
begin []
23:10:02.249 [debug] QUERY OK source="projection_versions" db=0.1ms
INSERT INTO "projection_versions" AS p0 ("projection_name","last_seen_event_number","inserted_at","updated_at") VALUES ($1,$2,$3,$4) ON CONFLICT ("projection_name") DO UPDATE SET "last_seen_event_number" = $5 WHERE ((p0."projection_name" = $6) AND (p0."last_seen_event_number" < $7)) ["Treasury.TransferProjector", 2172, ~N[2026-03-20 23:10:02.249192], ~N[2026-03-20 23:10:02.249192], 2172, "Treasury.TransferProjector", 2172]
23:10:02.249 [debug] QUERY OK db=0.1ms
rollback []
23:10:02.249 [debug] Nexus.Identity.Projectors.UserRegistrationProjector received events: [%Commanded.EventStore.RecordedEvent{event_id: "282ec866-f518-44ed-95f6-7a535d6c3e25", event_number: 11262, stream_id: "019d0c26-0b00-74a0-bd6d-48329cf61a57", stream_version: 1, causation_id: "d64809a4-8402-4360-8536-99b7a0f860ca", correlation_id: "e0f4b4bb-483c-4914-aaaa-956d1587d67e", event_type: "Elixir.Nexus.Identity.Events.UserRegistered", data: %Nexus.Identity.Events.UserRegistered{user_id: "019d0c26-0b00-74a0-bd6d-48329cf61a57", org_id: "019d0c26-0b00-74a0-8884-24b7b734f296", email: "test@example.com", role: "system_admin", cose_key: "Ym9vdHN0cmFwX2Nvc2Vfa2V5", credential_id: "Ym9vdHN0cmFwX2NyZWRlbnRpYWxfaWQ=", registered_at: "2026-03-20T16:48:33.024173Z", display_name: "Test User", status: "active"}, created_at: ~U[2026-03-20 16:48:33.025211Z], metadata: %{"causation_id" => "019d0c26-0b00-71d0-a1d2-041f55e92cfc", "correlation_id" => "019d0c26-0b00-71d0-a1d2-041f55e92cfc"}}]
23:10:02.250 [debug] QUERY OK db=0.0ms
begin []
23:10:02.250 [debug] QUERY OK source="projection_versions" db=0.1ms
INSERT INTO "projection_versions" AS p0 ("projection_name","last_seen_event_number","inserted_at","updated_at") VALUES ($1,$2,$3,$4) ON CONFLICT ("projection_name") DO UPDATE SET "last_seen_event_number" = $5 WHERE ((p0."projection_name" = $6) AND (p0."last_seen_event_number" < $7)) ["Identity.Projectors.UserRegistrationProjector", 11262, ~N[2026-03-20 23:10:02.250067], ~N[2026-03-20 23:10:02.250067], 11262, "Identity.Projectors.UserRegistrationProjector", 11262]
23:10:02.250 [debug] QUERY OK source="users" db=0.0ms
SELECT u0."id", u0."org_id", u0."email", u0."display_name", u0."status", u0."cose_key", u0."credential_id", u0."roles", u0."created_at", u0."updated_at" FROM "users" AS u0 WHERE (u0."id" = $1) ["019d0c26-0b00-74a0-bd6d-48329cf61a57"]
23:10:02.250 [debug] QUERY OK source="users" db=0.0ms
SELECT u0."id", u0."org_id", u0."email", u0."display_name", u0."status", u0."cose_key", u0."credential_id", u0."roles", u0."created_at", u0."updated_at" FROM "users" AS u0 WHERE (u0."email" = $1) ["test@example.com"]
23:10:02.250 [debug] QUERY OK source="users" db=0.1ms
INSERT INTO "users" ("id","status","org_id","email","display_name","roles","cose_key","credential_id","created_at","updated_at") VALUES ($1,$2,$3,$4,$5,$6,$7,$8,$9,$10) ["019d0c26-0b00-74a0-bd6d-48329cf61a57", "active", "019d0c26-0b00-74a0-8884-24b7b734f296", "test@example.com", "Test User", ["system_admin"], "bootstrap_cose_key", "bootstrap_credential_id", ~U[2026-03-20 23:10:02.250577Z], ~U[2026-03-20 23:10:02.250577Z]]
23:10:02.250 [error] Nexus.Treasury.Projectors.TransferProjector failed to handle event:
%Commanded.EventStore.RecordedEvent{
  event_id: "62c6b71c-722f-4f2d-8755-429e94f0e965",
  event_number: 2172,
  stream_id: "019cca7f-79a7-7b90-938a-8ce15011f26b",
  stream_version: 1,
  causation_id: "d72ccd15-4b2a-488e-97ff-35721da3c29b",
  correlation_id: "e053c8f4-f9af-4815-b6f7-0a119251f0d0",
  event_type: "Elixir.Nexus.Treasury.Events.TransferInitiated",
  data: %Nexus.Treasury.Events.TransferInitiated{
    transfer_id: "019cca7f-79a7-7b90-938a-8ce15011f26b",
    org_id: "org_123",
    user_id: "user_456",
    from_currency: "EUR",
    to_currency: "USD",
    amount: "100",
    status: "authorized",
    bulk_payment_id: nil,
    recipient_data: nil,
    requested_at: "2026-03-07T22:51:17.800772Z"
  },
  created_at: ~U[2026-03-07 22:51:17.837188Z],
  metadata: %{}
}, due to:
** (Ecto.ChangeError) value `"user_456"` for `Nexus.Treasury.Projections.Transfer.user_id` in `insert` does not match type :binary_id
    (ecto 3.13.5) lib/ecto/repo/schema.ex:1301: Ecto.Repo.Schema.dump_field!/6
    (ecto 3.13.5) lib/ecto/repo/schema.ex:1310: anonymous fn/6 in Ecto.Repo.Schema.dump_fields!/5
    (stdlib 7.1) maps.erl:894: :maps.fold_1/4
    (ecto 3.13.5) lib/ecto/repo/schema.ex:1308: Ecto.Repo.Schema.dump_fields!/5
    (ecto 3.13.5) lib/ecto/repo/schema.ex:1240: Ecto.Repo.Schema.dump_changes!/7
    (ecto 3.13.5) lib/ecto/repo/schema.ex:476: anonymous fn/15 in Ecto.Repo.Schema.do_insert/4
    (ecto 3.13.5) lib/ecto/multi.ex:905: Ecto.Multi.apply_operation/5
    (elixir 1.19.5) lib/enum.ex:2520: Enum."-reduce/3-lists^foldl/2-0-"/3
    (ecto 3.13.5) lib/ecto/multi.ex:878: anonymous fn/5 in Ecto.Multi.apply_operations/5
    (ecto_sql 3.13.4) lib/ecto/adapters/sql.ex:1473: anonymous fn/3 in Ecto.Adapters.SQL.checkout_or_transaction/4
    (db_connection 2.9.0) lib/db_connection.ex:1747: DBConnection.run_transaction/4
    (ecto 3.13.5) lib/ecto/repo/transaction.ex:30: Ecto.Repo.Transaction.transact/4
    (nexus 0.1.0) deps/commanded_ecto_projections/lib/projections/ecto.ex:97: Nexus.Treasury.Projectors.TransferProjector.update_projection/3
    (commanded 1.4.9) lib/commanded/event/handler.ex:1221: Commanded.Event.Handler.delegate_event_to_handler/2
    (commanded 1.4.9) lib/commanded/event/handler.ex:1062: Commanded.Event.Handler.handle_event/3
    (elixir 1.19.5) lib/enum.ex:2520: Enum."-reduce/3-lists^foldl/2-0-"/3
    (commanded 1.4.9) lib/commanded/event/handler.ex:969: Commanded.Event.Handler.handle_info/2
    (stdlib 7.1) gen_server.erl:2434: :gen_server.try_handle_info/3
    (stdlib 7.1) gen_server.erl:2420: :gen_server.handle_msg/3
    (stdlib 7.1) proc_lib.erl:333: :proc_lib.init_p_do_apply/3

23:10:02.250 [warning] Nexus.Treasury.Projectors.TransferProjector has requested to stop: %Ecto.ChangeError{message: "value `\"user_456\"` for `Nexus.Treasury.Projections.Transfer.user_id` in `insert` does not match type :binary_id"}
23:10:02.250 [debug] Nexus.Treasury.Projectors.TransferProjector is shutting down due to %Ecto.ChangeError{message: "value `\"user_456\"` for `Nexus.Treasury.Projections.Transfer.user_id` in `insert` does not match type :binary_id"}
23:10:02.250 [debug] QUERY ERROR source="identity_user_settings" db=0.0ms
SELECT i0."id", i0."user_id", i0."org_id", i0."locale", i0."timezone", i0."notifications_enabled", i0."created_at", i0."updated_at" FROM "identity_user_settings" AS i0 WHERE (i0."id" = $1) ["019d0c26-0b00-74a0-bd6d-48329cf61a57"]
23:10:02.250 [error] GenServer {Nexus.App.LocalRegistry, {Nexus.App, Commanded.Event.Handler, "Treasury.TransferProjector"}} terminating
** (stop) %Ecto.ChangeError{message: "value `\"user_456\"` for `Nexus.Treasury.Projections.Transfer.user_id` in `insert` does not match type :binary_id"}
Last message: {:events, [%Commanded.EventStore.RecordedEvent{event_id: "62c6b71c-722f-4f2d-8755-429e94f0e965", event_number: 2172, stream_id: "019cca7f-79a7-7b90-938a-8ce15011f26b", stream_version: 1, causation_id: "d72ccd15-4b2a-488e-97ff-35721da3c29b", correlation_id: "e053c8f4-f9af-4815-b6f7-0a119251f0d0", event_type: "Elixir.Nexus.Treasury.Events.TransferInitiated", data: %Nexus.Treasury.Events.TransferInitiated{transfer_id: "019cca7f-79a7-7b90-938a-8ce15011f26b", org_id: "org_123", user_id: "user_456", from_currency: "EUR", to_currency: "USD", amount: "100", status: "authorized", bulk_payment_id: nil, recipient_data: nil, requested_at: "2026-03-07T22:51:17.800772Z"}, created_at: ~U[2026-03-07 22:51:17.837188Z], metadata: %{}}]}
State: %Commanded.Event.Handler{application: Nexus.App, consistency: :eventual, handler_callback: :event, handler_name: "Treasury.TransferProjector", handler_module: Nexus.Treasury.Projectors.TransferProjector, handler_state: nil, last_seen_event: nil, subscription: %Commanded.EventStore.Subscription{application: Nexus.App, backoff: {:backoff, 1000, 60000, 1000, :jitter, :undefined, :undefined}, concurrency: 1, partition_by: nil, subscribe_to: :all, subscribe_from: :origin, subscription_name: "Treasury.TransferProjector", subscription_opts: [], subscription_pid: #PID<0.2600.0>, subscription_ref: #Reference<0.504251661.3394502659.63248>}, subscribe_timer: nil}
23:10:02.251 [debug] Subscription "Treasury.TransferProjector"@"$all" subscriber #PID<0.2599.0> down due to: %Ecto.ChangeError{message: "value `\"user_456\"` for `Nexus.Treasury.Projections.Transfer.user_id` in `insert` does not match type :binary_id"}
23:10:02.251 [debug] Subscription "Treasury.TransferProjector"@"$all" has no subscribers, shutting down
23:10:02.251 [debug] QUERY OK db=0.0ms
rollback []
23:10:02.251 [error] GenServer {Nexus.EventStore.EventStore.Subscriptions.Registry, {"$all", "Treasury.TransferProjector"}} terminating
** (stop) %Ecto.ChangeError{message: "value `\"user_456\"` for `Nexus.Treasury.Projections.Transfer.user_id` in `insert` does not match type :binary_id"}
Last message: {:DOWN, #Reference<0.504251661.3394502657.218802>, :process, #PID<0.2599.0>, %Ecto.ChangeError{message: "value `\"user_456\"` for `Nexus.Treasury.Projections.Transfer.user_id` in `insert` does not match type :binary_id"}}
State: %EventStore.Subscriptions.Subscription{stream_uuid: "$all", subscription_name: "Treasury.TransferProjector", subscription: %EventStore.Subscriptions.SubscriptionFsm{state: :unsubscribed, data: %EventStore.Subscriptions.SubscriptionState{conn: Nexus.EventStore.Postgrex, event_store: Nexus.EventStore, serializer: Commanded.Serialization.JsonSerializer, schema: "event_store", stream_uuid: "$all", start_from: 0, subscription_name: "Treasury.TransferProjector", subscription_id: 712, selector: nil, mapper: &Commanded.EventStore.Adapters.EventStore.Mapper.from_recorded_event/1, max_size: 1000, partition_by: nil, query_timeout: 15000, lock_ref: #Reference<0.504251661.3394502658.74204>, last_received: 3171, last_sent: 2172, last_ack: 2171, queue_size: 1000, buffer_size: 1, checkpoint_after: 0, checkpoint_threshold: 1, checkpoint_timer_ref: nil, checkpoints_pending: 0, subscribers: %{}, partitions: %{nil: {[%EventStore.RecordedEvent{event_number: 3171, event_id: "8586578d-d056-4f8a-9ef5-e50055576e3d", stream_uuid: "ac7468f5-30d7-40c0-8616-11d90e0baaff", stream_version: 2, correlation_id: "39b30acd-48bc-46aa-95f6-dbca71341717", causation_id: "63e9af3a-68e5-4fcb-b1e2-45e01849c483", event_type: "Elixir.Nexus.Treasury.Events.PolicyAlertTriggered", data: %Nexus.Treasury.Events.PolicyAlertTriggered{policy_id: "ac7468f5-30d7-40c0-8616-11d90e0baaff", org_id: "ac7468f5-30d7-40c0-8616-11d90e0baaff", currency_pair: "EUR/USD", exposure_amount: "120000", threshold: "100000", triggered_at: "2026-03-11T11:11:50.245617Z"}, metadata: %{}, created_at: ~U[2026-03-11 11:11:50.246040Z]}, %EventStore.RecordedEvent{event_number: 3170, event_id: "d9b79299-4063-4885-b6d9-34698aedcb10", stream_uuid: "ac7468f5-30d7-40c0-8616-11d90e0baaff", stream_version: 1, correlation_id: "788f0b6b-0bfc-40f7-a9f1-8257a38dc3b3", causation_id: "5372e3c5-9d37-4049-b5ad-ea745c35f334", event_type: "Elixir.Nexus.Treasury.Events.TransferThresholdSet", data: %Nexus.Treasury.Events.TransferThresholdSet{policy_id: "ac7468f5-30d7-40c0-8616-11d90e0baaff", org_id: "ac7468f5-30d7-40c0-8616-11d90e0baaff", threshold: "100000", set_at: "2026-03-11T11:11:50.238725Z"}, metadata: %{}, created_at: ~U[2026-03-11 11:11:50.240394Z]}, %EventStore.RecordedEvent{event_number: 3169, event_id: "1921c76c-7123-46a0-829b-f758c37f1936", stream_uuid: "forecast-0bc9eb4f-96f1-4960-bbd1-8669f786883a", stream_version: 2, correlation_id: "6461481b-22c8-42f5-9321-fb6182c6c883", causation_id: "9495e45b-6570-4a67-8f67-a7628c22d6b5", event_type: "Elixir.Nexus.Treasury.Events.ForecastGenerated", data: %Nexus.Treasury.Events.ForecastGenerated{org_id: "0bc9eb4f-96f1-4960-bbd1-8669f786883a", currency: "EUR", horizon_days: 30, predictions: [%{date: "2026-03-03", predicted_amount: "110000.000000"}], generated_at: "2026-03-11T11:11:50.230730Z"}, metadata: %{}, created_at: ~U[2026-03-11 11:11:50.231171Z]}, %EventStore.RecordedEvent{event_number: 3168, event_id: "eb625212-2f0a-444d-8cce-9809554dfc41", stream_uuid: "forecast-0bc9eb4f-96f1-4960-bbd1-8669f786883a", stream_version: 1, correlation_id: "be901c27-d444-4708-ab95-a805d38476ef", causation_id: "b866081f-be26-453f-9b2f-ea1e9ec2d11a", event_type: "Elixir.Nexus.Treasury.Events.ForecastGenerated", data: %Nexus.Treasury.Events.ForecastGenerated{org_id: "0bc9eb4f-96f1-4960-bbd1-8669f786883a", currency: "EUR", horizon_days: 30, predictions: [%{date: "2026-03-03", predicted_amount: "100000.00"}], generated_at: "2026-03-11T11:11:50.227029Z"}, ...}, ...], ...}}, ...}}, ...}
23:10:02.251 [debug] Nexus.Treasury.Projectors.TransferProjector is shutting down due to {%Ecto.ChangeError{message: "value `\"user_456\"` for `Nexus.Treasury.Projections.Transfer.user_id` in `insert` does not match type :binary_id"}, {GenServer, :call, [#PID<0.2600.0>, {:connect, #PID<0.2601.0>, [retry_interval: 60000, hibernate_after: 15000, partition_by: nil, concurrency_limit: 1, name: Nexus.EventStore, mapper: &Commanded.EventStore.Adapters.EventStore.Mapper.from_recorded_event/1, conn: Nexus.EventStore.Postgrex, event_store: Nexus.EventStore, query_timeout: 15000, schema: "event_store", serializer: Commanded.Serialization.JsonSerializer, stream_uuid: "$all", subscription_name: "Treasury.TransferProjector", start_from: 0]}, 5000]}}
23:10:02.251 [error] GenServer {Nexus.App.LocalRegistry, {Nexus.App, Commanded.Event.Handler, "Treasury.TransferProjector"}} terminating
** (stop) exited in: GenServer.call(#PID<0.2600.0>, {:connect, #PID<0.2601.0>, [retry_interval: 60000, hibernate_after: 15000, partition_by: nil, concurrency_limit: 1, name: Nexus.EventStore, mapper: &Commanded.EventStore.Adapters.EventStore.Mapper.from_recorded_event/1, conn: Nexus.EventStore.Postgrex, event_store: Nexus.EventStore, query_timeout: 15000, schema: "event_store", serializer: Commanded.Serialization.JsonSerializer, stream_uuid: "$all", subscription_name: "Treasury.TransferProjector", start_from: 0]}, 5000)
    ** (EXIT) %Ecto.ChangeError{message: "value `\"user_456\"` for `Nexus.Treasury.Projections.Transfer.user_id` in `insert` does not match type :binary_id"}
    (elixir 1.19.5) lib/gen_server.ex:1142: GenServer.call/3
    (commanded 1.4.9) lib/commanded/event_store.ex:289: anonymous fn/2 in Commanded.EventStore.span/3
    (telemetry 1.3.0) /Users/bernard/dev/nexus/deps/telemetry/src/telemetry.erl:324: :telemetry.span/3
    (commanded 1.4.9) lib/commanded/event_store/subscription.ex:58: Commanded.EventStore.Subscription.subscribe/2
    (commanded 1.4.9) lib/commanded/event/handler.ex:1024: Commanded.Event.Handler.subscribe_to_events/1
    (commanded 1.4.9) lib/commanded/event/handler.ex:887: Commanded.Event.Handler.handle_continue/2
    (stdlib 7.1) gen_server.erl:2424: :gen_server.try_handle_continue/3
    (stdlib 7.1) gen_server.erl:2291: :gen_server.loop/4
    (stdlib 7.1) proc_lib.erl:333: :proc_lib.init_p_do_apply/3
Last message: {:continue, :subscribe_to_events}
State: %Commanded.Event.Handler{application: Nexus.App, consistency: :eventual, handler_callback: :event, handler_name: "Treasury.TransferProjector", handler_module: Nexus.Treasury.Projectors.TransferProjector, handler_state: nil, last_seen_event: nil, subscription: %Commanded.EventStore.Subscription{application: Nexus.App, backoff: {:backoff, 1000, 60000, 1000, :jitter, :undefined, :undefined}, concurrency: 1, partition_by: nil, subscribe_to: :all, subscribe_from: :origin, subscription_name: "Treasury.TransferProjector", subscription_opts: [], subscription_pid: nil, subscription_ref: nil}, subscribe_timer: nil}
23:10:02.252 [debug] Subscription "Treasury.TransferProjector"@"$all" attempting to connect subscriber #PID<0.2602.0>
23:10:02.252 [error] Nexus.Identity.Projectors.UserRegistrationProjector failed to handle event:
%Commanded.EventStore.RecordedEvent{
  event_id: "282ec866-f518-44ed-95f6-7a535d6c3e25",
  event_number: 11262,
  stream_id: "019d0c26-0b00-74a0-bd6d-48329cf61a57",
  stream_version: 1,
  causation_id: "d64809a4-8402-4360-8536-99b7a0f860ca",
  correlation_id: "e0f4b4bb-483c-4914-aaaa-956d1587d67e",
  event_type: "Elixir.Nexus.Identity.Events.UserRegistered",
  data: %Nexus.Identity.Events.UserRegistered{
    user_id: "019d0c26-0b00-74a0-bd6d-48329cf61a57",
    org_id: "019d0c26-0b00-74a0-8884-24b7b734f296",
    email: "test@example.com",
    role: "system_admin",
    cose_key: "Ym9vdHN0cmFwX2Nvc2Vfa2V5",
    credential_id: "Ym9vdHN0cmFwX2NyZWRlbnRpYWxfaWQ=",
    registered_at: "2026-03-20T16:48:33.024173Z",
    display_name: "Test User",
    status: "active"
  },
  created_at: ~U[2026-03-20 16:48:33.025211Z],
  metadata: %{
    "causation_id" => "019d0c26-0b00-71d0-a1d2-041f55e92cfc",
    "correlation_id" => "019d0c26-0b00-71d0-a1d2-041f55e92cfc"
  }
}, due to:
** (Postgrex.Error) ERROR 42703 (undefined_column) column i0.id does not exist

    query: SELECT i0."id", i0."user_id", i0."org_id", i0."locale", i0."timezone", i0."notifications_enabled", i0."created_at", i0."updated_at" FROM "identity_user_settings" AS i0 WHERE (i0."id" = $1)
    (ecto_sql 3.13.4) lib/ecto/adapters/sql.ex:1113: Ecto.Adapters.SQL.raise_sql_call_error/1
    (ecto_sql 3.13.4) lib/ecto/adapters/sql.ex:1011: Ecto.Adapters.SQL.execute/6
    (ecto 3.13.5) lib/ecto/repo/queryable.ex:241: Ecto.Repo.Queryable.execute/4
    (ecto 3.13.5) lib/ecto/repo/queryable.ex:19: Ecto.Repo.Queryable.all/3
    (ecto 3.13.5) lib/ecto/repo/queryable.ex:163: Ecto.Repo.Queryable.one/3
    (nexus 0.1.0) lib/nexus/identity/projectors/user_registration_projector.ex:53: anonymous fn/3 in Nexus.Identity.Projectors.UserRegistrationProjector.project_registration/3
    (ecto 3.13.5) lib/ecto/multi.ex:905: Ecto.Multi.apply_operation/5
    (elixir 1.19.5) lib/enum.ex:2520: Enum."-reduce/3-lists^foldl/2-0-"/3
    (ecto 3.13.5) lib/ecto/multi.ex:878: anonymous fn/5 in Ecto.Multi.apply_operations/5
    (ecto_sql 3.13.4) lib/ecto/adapters/sql.ex:1473: anonymous fn/3 in Ecto.Adapters.SQL.checkout_or_transaction/4
    (db_connection 2.9.0) lib/db_connection.ex:1747: DBConnection.run_transaction/4
    (ecto 3.13.5) lib/ecto/repo/transaction.ex:30: Ecto.Repo.Transaction.transact/4
    (nexus 0.1.0) deps/commanded_ecto_projections/lib/projections/ecto.ex:97: Nexus.Identity.Projectors.UserRegistrationProjector.update_projection/3
    (commanded 1.4.9) lib/commanded/event/handler.ex:1221: Commanded.Event.Handler.delegate_event_to_handler/2
    (commanded 1.4.9) lib/commanded/event/handler.ex:1062: Commanded.Event.Handler.handle_event/3
    (elixir 1.19.5) lib/enum.ex:2520: Enum."-reduce/3-lists^foldl/2-0-"/3
    (commanded 1.4.9) lib/commanded/event/handler.ex:969: Commanded.Event.Handler.handle_info/2
    (stdlib 7.1) gen_server.erl:2434: :gen_server.try_handle_info/3
    (stdlib 7.1) gen_server.erl:2420: :gen_server.handle_msg/3
    (stdlib 7.1) proc_lib.erl:333: :proc_lib.init_p_do_apply/3

23:10:02.252 [warning] Nexus.Identity.Projectors.UserRegistrationProjector has requested to stop: %Postgrex.Error{message: nil, postgres: %{code: :undefined_column, line: "3721", message: "column i0.id does not exist", position: "8", file: "parse_relation.c", unknown: "ERROR", severity: "ERROR", pg_code: "42703", routine: "errorMissingColumn"}, connection_id: 3148, query: "SELECT i0.\"id\", i0.\"user_id\", i0.\"org_id\", i0.\"locale\", i0.\"timezone\", i0.\"notifications_enabled\", i0.\"created_at\", i0.\"updated_at\" FROM \"identity_user_settings\" AS i0 WHERE (i0.\"id\" = $1)"}
23:10:02.252 [debug] Nexus.Identity.Projectors.UserRegistrationProjector is shutting down due to %Postgrex.Error{message: nil, postgres: %{code: :undefined_column, line: "3721", message: "column i0.id does not exist", position: "8", file: "parse_relation.c", unknown: "ERROR", severity: "ERROR", pg_code: "42703", routine: "errorMissingColumn"}, connection_id: 3148, query: "SELECT i0.\"id\", i0.\"user_id\", i0.\"org_id\", i0.\"locale\", i0.\"timezone\", i0.\"notifications_enabled\", i0.\"created_at\", i0.\"updated_at\" FROM \"identity_user_settings\" AS i0 WHERE (i0.\"id\" = $1)"}
23:10:02.252 [error] GenServer {Nexus.App.LocalRegistry, {Nexus.App, Commanded.Event.Handler, "Identity.Projectors.UserRegistrationProjector"}} terminating
** (stop) %Postgrex.Error{message: nil, postgres: %{code: :undefined_column, line: "3721", message: "column i0.id does not exist", position: "8", file: "parse_relation.c", unknown: "ERROR", severity: "ERROR", pg_code: "42703", routine: "errorMissingColumn"}, connection_id: 3148, query: "SELECT i0.\"id\", i0.\"user_id\", i0.\"org_id\", i0.\"locale\", i0.\"timezone\", i0.\"notifications_enabled\", i0.\"created_at\", i0.\"updated_at\" FROM \"identity_user_settings\" AS i0 WHERE (i0.\"id\" = $1)"}
Last message: {:events, [%Commanded.EventStore.RecordedEvent{event_id: "282ec866-f518-44ed-95f6-7a535d6c3e25", event_number: 11262, stream_id: "019d0c26-0b00-74a0-bd6d-48329cf61a57", stream_version: 1, causation_id: "d64809a4-8402-4360-8536-99b7a0f860ca", correlation_id: "e0f4b4bb-483c-4914-aaaa-956d1587d67e", event_type: "Elixir.Nexus.Identity.Events.UserRegistered", data: %Nexus.Identity.Events.UserRegistered{user_id: "019d0c26-0b00-74a0-bd6d-48329cf61a57", org_id: "019d0c26-0b00-74a0-8884-24b7b734f296", email: "test@example.com", role: "system_admin", cose_key: "Ym9vdHN0cmFwX2Nvc2Vfa2V5", credential_id: "Ym9vdHN0cmFwX2NyZWRlbnRpYWxfaWQ=", registered_at: "2026-03-20T16:48:33.024173Z", display_name: "Test User", status: "active"}, created_at: ~U[2026-03-20 16:48:33.025211Z], metadata: %{"causation_id" => "019d0c26-0b00-71d0-a1d2-041f55e92cfc", "correlation_id" => "019d0c26-0b00-71d0-a1d2-041f55e92cfc"}}]}
State: %Commanded.Event.Handler{application: Nexus.App, consistency: :strong, handler_callback: :event, handler_name: "Identity.Projectors.UserRegistrationProjector", handler_module: Nexus.Identity.Projectors.UserRegistrationProjector, handler_state: nil, last_seen_event: nil, subscription: %Commanded.EventStore.Subscription{application: Nexus.App, backoff: {:backoff, 1000, 60000, 1000, :jitter, :undefined, :undefined}, concurrency: 1, partition_by: nil, subscribe_to: :all, subscribe_from: :origin, subscription_name: "Identity.Projectors.UserRegistrationProjector", subscription_opts: [], subscription_pid: #PID<0.2598.0>, subscription_ref: #Reference<0.504251661.3394502659.63217>}, subscribe_timer: nil}
23:10:02.252 [debug] Subscription "Identity.Projectors.UserRegistrationProjector"@"$all" subscriber #PID<0.2597.0> down due to: %Postgrex.Error{message: nil, postgres: %{code: :undefined_column, line: "3721", message: "column i0.id does not exist", position: "8", file: "parse_relation.c", unknown: "ERROR", severity: "ERROR", pg_code: "42703", routine: "errorMissingColumn"}, connection_id: 3148, query: "SELECT i0.\"id\", i0.\"user_id\", i0.\"org_id\", i0.\"locale\", i0.\"timezone\", i0.\"notifications_enabled\", i0.\"created_at\", i0.\"updated_at\" FROM \"identity_user_settings\" AS i0 WHERE (i0.\"id\" = $1)"}
23:10:02.252 [debug] Subscription "Identity.Projectors.UserRegistrationProjector"@"$all" has no subscribers, shutting down
23:10:02.252 [debug] Subscription "Treasury.TransferProjector"@"$all" catching-up
23:10:02.252 [debug] Nexus.Treasury.Projectors.TransferProjector has successfully subscribed to event store
23:10:02.252 [error] GenServer {Nexus.EventStore.EventStore.Subscriptions.Registry, {"$all", "Identity.Projectors.UserRegistrationProjector"}} terminating
** (stop) %Postgrex.Error{message: nil, postgres: %{code: :undefined_column, line: "3721", message: "column i0.id does not exist", position: "8", file: "parse_relation.c", unknown: "ERROR", severity: "ERROR", pg_code: "42703", routine: "errorMissingColumn"}, connection_id: 3148, query: "SELECT i0.\"id\", i0.\"user_id\", i0.\"org_id\", i0.\"locale\", i0.\"timezone\", i0.\"notifications_enabled\", i0.\"created_at\", i0.\"updated_at\" FROM \"identity_user_settings\" AS i0 WHERE (i0.\"id\" = $1)"}
Last message: {:DOWN, #Reference<0.504251661.3394502659.63202>, :process, #PID<0.2597.0>, %Postgrex.Error{message: nil, postgres: %{code: :undefined_column, line: "3721", message: "column i0.id does not exist", position: "8", file: "parse_relation.c", unknown: "ERROR", severity: "ERROR", pg_code: "42703", routine: "errorMissingColumn"}, connection_id: 3148, query: "SELECT i0.\"id\", i0.\"user_id\", i0.\"org_id\", i0.\"locale\", i0.\"timezone\", i0.\"notifications_enabled\", i0.\"created_at\", i0.\"updated_at\" FROM \"identity_user_settings\" AS i0 WHERE (i0.\"id\" = $1)"}}
State: %EventStore.Subscriptions.Subscription{stream_uuid: "$all", subscription_name: "Identity.Projectors.UserRegistrationProjector", subscription: %EventStore.Subscriptions.SubscriptionFsm{state: :unsubscribed, data: %EventStore.Subscriptions.SubscriptionState{conn: Nexus.EventStore.Postgrex, event_store: Nexus.EventStore, serializer: Commanded.Serialization.JsonSerializer, schema: "event_store", stream_uuid: "$all", start_from: 0, subscription_name: "Identity.Projectors.UserRegistrationProjector", subscription_id: 405, selector: nil, mapper: &Commanded.EventStore.Adapters.EventStore.Mapper.from_recorded_event/1, max_size: 1000, partition_by: nil, query_timeout: 15000, lock_ref: #Reference<0.504251661.3394502658.74185>, last_received: 12220, last_sent: 11262, last_ack: 11261, queue_size: 959, buffer_size: 1, checkpoint_after: 0, checkpoint_threshold: 1, checkpoint_timer_ref: nil, checkpoints_pending: 0, subscribers: %{}, partitions: %{nil: {[%EventStore.RecordedEvent{event_number: 12220, event_id: "eb1dda64-231e-4bac-923f-f44f3aeac8f1", stream_uuid: "019d0d83-4d63-7c0f-8998-bde5f58f823e", stream_version: 1, correlation_id: "2e6db85b-ec66-499b-a629-d12a1db41979", causation_id: "fd7c44bf-84e2-4c28-b552-8148eb0c4bf7", event_type: "Elixir.Nexus.Treasury.Events.VaultRegistered", data: %Nexus.Treasury.Events.VaultRegistered{vault_id: "019d0d83-4d63-7c0f-8998-bde5f58f823e", org_id: "63dccc1e-056d-4801-b79b-e15c3a51c41c", name: "EUR Vault - 40282324-7b5a-4275-a8e9-09463a42360a", bank_name: "Test Bank", account_number: nil, iban: nil, currency: "EUR", provider: "mock", registered_at: "2026-03-20T23:10:02.083503Z", daily_withdrawal_limit: "0.0", requires_multi_sig: false}, metadata: %{"causation_id" => "019d0d83-4d63-74da-a283-fbb79e650874", "correlation_id" => "019d0d83-4d63-74da-a283-fbb79e650874"}, created_at: ~U[2026-03-20 23:10:02.084314Z]}, %EventStore.RecordedEvent{event_number: 12219, event_id: "09cf4bb5-cfed-4bfe-ae79-8ef871e6e166", stream_uuid: "019d0d83-4bc9-753a-80e6-2e4dca2c9c12", stream_version: 2, correlation_id: "8dcacd27-1027-44b0-a211-bb6a90fd3388", causation_id: "421e58bf-9a8c-4a90-b20a-e4234c00f2cc", event_type: "Elixir.Nexus.Treasury.Events.VaultBalanceSynced", data: %Nexus.Treasury.Events.VaultBalanceSynced{vault_id: "019d0d83-4bc9-753a-80e6-2e4dca2c9c12", org_id: "63dccc1e-056d-4801-b79b-e15c3a51c41c", amount: "500000.00", currency: "USD", synced_at: "2026-03-20T23:10:01.878699Z"}, metadata: %{"causation_id" => "019d0d83-4c96-7dfe-a58b-296d1cd6be89", "correlation_id" => "019d0d83-4c96-7dfe-a58b-296d1cd6be89"}, created_at: ~U[2026-03-20 23:10:01.879170Z]}, %EventStore.RecordedEvent{event_number: 12218, event_id: "9932df8b-18c6-4e36-b5e7-495fc0cc9d0d", stream_uuid: "019d0d83-4bc9-753a-80e6-2e4dca2c9c12", stream_version: 1, correlation_id: "f3ebc19f-f707-46c1-84ec-0edb1b2a053b", causation_id: "61db3cd8-c1cd-4645-97c1-c75b096edc34", event_type: "Elixir.Nexus.Treasury.Events.VaultRegistered", data: %Nexus.Treasury.Events.VaultRegistered{vault_id: "019d0d83-4bc9-753a-80e6-2e4dca2c9c12", org_id: "63dccc1e-056d-4801-b79b-e15c3a51c41c", name: "USD Vault - d16f182d-8771-4765-af35-8a77236fc170", bank_name: "Test Bank", account_number: nil, iban: nil, currency: "USD", provider: "mock", registered_at: "2026-03-20T23:10:01.673695Z", daily_withdrawal_limit: "0.0", requires_multi_sig: false}, metadata: %{"causation_id" => "019d0d83-4bc9-73e0-af57-7d94a03c6d5a", "correlation_id" => "019d0d83-4bc9-73e0-af57-7d94a03c6d5a"}, created_at: ~U[2026-03-20 23:10:01.674570Z]}, %EventStore.RecordedEvent{event_number: 12217, ...}, ...], ...}}, ...}}, ...}
23:10:02.252 [debug] Nexus.Identity.Projectors.UserRegistrationProjector is shutting down due to {%Postgrex.Error{message: nil, postgres: %{code: :undefined_column, line: "3721", message: "column i0.id does not exist", position: "8", file: "parse_relation.c", unknown: "ERROR", severity: "ERROR", pg_code: "42703", routine: "errorMissingColumn"}, connection_id: 3148, query: "SELECT i0.\"id\", i0.\"user_id\", i0.\"org_id\", i0.\"locale\", i0.\"timezone\", i0.\"notifications_enabled\", i0.\"created_at\", i0.\"updated_at\" FROM \"identity_user_settings\" AS i0 WHERE (i0.\"id\" = $1)"}, {GenServer, :call, [#PID<0.2598.0>, {:connect, #PID<0.2604.0>, [retry_interval: 60000, hibernate_after: 15000, partition_by: nil, concurrency_limit: 1, name: Nexus.EventStore, mapper: &Commanded.EventStore.Adapters.EventStore.Mapper.from_recorded_event/1, conn: Nexus.EventStore.Postgrex, event_store: Nexus.EventStore, query_timeout: 15000, schema: "event_store", serializer: Commanded.Serialization.JsonSerializer, stream_uuid: "$all", subscription_name: "Identity.Projectors.UserRegistrationProjector", start_from: 0]}, 5000]}}
23:10:02.252 [error] GenServer {Nexus.App.LocalRegistry, {Nexus.App, Commanded.Event.Handler, "Identity.Projectors.UserRegistrationProjector"}} terminating
** (stop) exited in: GenServer.call(#PID<0.2598.0>, {:connect, #PID<0.2604.0>, [retry_interval: 60000, hibernate_after: 15000, partition_by: nil, concurrency_limit: 1, name: Nexus.EventStore, mapper: &Commanded.EventStore.Adapters.EventStore.Mapper.from_recorded_event/1, conn: Nexus.EventStore.Postgrex, event_store: Nexus.EventStore, query_timeout: 15000, schema: "event_store", serializer: Commanded.Serialization.JsonSerializer, stream_uuid: "$all", subscription_name: "Identity.Projectors.UserRegistrationProjector", start_from: 0]}, 5000)
    ** (EXIT) %Postgrex.Error{message: nil, postgres: %{code: :undefined_column, line: "3721", message: "column i0.id does not exist", position: "8", file: "parse_relation.c", unknown: "ERROR", severity: "ERROR", pg_code: "42703", routine: "errorMissingColumn"}, connection_id: 3148, query: "SELECT i0.\"id\", i0.\"user_id\", i0.\"org_id\", i0.\"locale\", i0.\"timezone\", i0.\"notifications_enabled\", i0.\"created_at\", i0.\"updated_at\" FROM \"identity_user_settings\" AS i0 WHERE (i0.\"id\" = $1)"}
    (elixir 1.19.5) lib/gen_server.ex:1142: GenServer.call/3
    (commanded 1.4.9) lib/commanded/event_store.ex:289: anonymous fn/2 in Commanded.EventStore.span/3
    (telemetry 1.3.0) /Users/bernard/dev/nexus/deps/telemetry/src/telemetry.erl:324: :telemetry.span/3
    (commanded 1.4.9) lib/commanded/event_store/subscription.ex:58: Commanded.EventStore.Subscription.subscribe/2
    (commanded 1.4.9) lib/commanded/event/handler.ex:1024: Commanded.Event.Handler.subscribe_to_events/1
    (commanded 1.4.9) lib/commanded/event/handler.ex:887: Commanded.Event.Handler.handle_continue/2
    (stdlib 7.1) gen_server.erl:2424: :gen_server.try_handle_continue/3
    (stdlib 7.1) gen_server.erl:2291: :gen_server.loop/4
    (stdlib 7.1) proc_lib.erl:333: :proc_lib.init_p_do_apply/3
Last message: {:continue, :subscribe_to_events}
State: %Commanded.Event.Handler{application: Nexus.App, consistency: :strong, handler_callback: :event, handler_name: "Identity.Projectors.UserRegistrationProjector", handler_module: Nexus.Identity.Projectors.UserRegistrationProjector, handler_state: nil, last_seen_event: nil, subscription: %Commanded.EventStore.Subscription{application: Nexus.App, backoff: {:backoff, 1000, 60000, 1000, :jitter, :undefined, :undefined}, concurrency: 1, partition_by: nil, subscribe_to: :all, subscribe_from: :origin, subscription_name: "Identity.Projectors.UserRegistrationProjector", subscription_opts: [], subscription_pid: nil, subscription_ref: nil}, subscribe_timer: nil}
23:10:02.253 [debug] Subscription "Identity.Projectors.UserRegistrationProjector"@"$all" attempting to connect subscriber #PID<0.2605.0>
23:10:02.254 [debug] Subscription "Identity.Projectors.UserRegistrationProjector"@"$all" catching-up
23:10:02.254 [debug] Nexus.Identity.Projectors.UserRegistrationProjector has successfully subscribed to event store
23:10:02.262 [debug] Nexus.Treasury.Projectors.TransferProjector received events: [%Commanded.EventStore.RecordedEvent{event_id: "62c6b71c-722f-4f2d-8755-429e94f0e965", event_number: 2172, stream_id: "019cca7f-79a7-7b90-938a-8ce15011f26b", stream_version: 1, causation_id: "d72ccd15-4b2a-488e-97ff-35721da3c29b", correlation_id: "e053c8f4-f9af-4815-b6f7-0a119251f0d0", event_type: "Elixir.Nexus.Treasury.Events.TransferInitiated", data: %Nexus.Treasury.Events.TransferInitiated{transfer_id: "019cca7f-79a7-7b90-938a-8ce15011f26b", org_id: "org_123", user_id: "user_456", from_currency: "EUR", to_currency: "USD", amount: "100", status: "authorized", bulk_payment_id: nil, recipient_data: nil, requested_at: "2026-03-07T22:51:17.800772Z"}, created_at: ~U[2026-03-07 22:51:17.837188Z], metadata: %{}}]
23:10:02.263 [debug] QUERY OK db=0.1ms
begin []
23:10:02.263 [debug] QUERY OK source="projection_versions" db=0.1ms
INSERT INTO "projection_versions" AS p0 ("projection_name","last_seen_event_number","inserted_at","updated_at") VALUES ($1,$2,$3,$4) ON CONFLICT ("projection_name") DO UPDATE SET "last_seen_event_number" = $5 WHERE ((p0."projection_name" = $6) AND (p0."last_seen_event_number" < $7)) ["Treasury.TransferProjector", 2172, ~N[2026-03-20 23:10:02.263232], ~N[2026-03-20 23:10:02.263232], 2172, "Treasury.TransferProjector", 2172]
23:10:02.263 [debug] QUERY OK db=0.1ms
rollback []
23:10:02.264 [error] Nexus.Treasury.Projectors.TransferProjector failed to handle event:
%Commanded.EventStore.RecordedEvent{
  event_id: "62c6b71c-722f-4f2d-8755-429e94f0e965",
  event_number: 2172,
  stream_id: "019cca7f-79a7-7b90-938a-8ce15011f26b",
  stream_version: 1,
  causation_id: "d72ccd15-4b2a-488e-97ff-35721da3c29b",
  correlation_id: "e053c8f4-f9af-4815-b6f7-0a119251f0d0",
  event_type: "Elixir.Nexus.Treasury.Events.TransferInitiated",
  data: %Nexus.Treasury.Events.TransferInitiated{
    transfer_id: "019cca7f-79a7-7b90-938a-8ce15011f26b",
    org_id: "org_123",
    user_id: "user_456",
    from_currency: "EUR",
    to_currency: "USD",
    amount: "100",
    status: "authorized",
    bulk_payment_id: nil,
    recipient_data: nil,
    requested_at: "2026-03-07T22:51:17.800772Z"
  },
  created_at: ~U[2026-03-07 22:51:17.837188Z],
  metadata: %{}
}, due to:
** (Ecto.ChangeError) value `"user_456"` for `Nexus.Treasury.Projections.Transfer.user_id` in `insert` does not match type :binary_id
    (ecto 3.13.5) lib/ecto/repo/schema.ex:1301: Ecto.Repo.Schema.dump_field!/6
    (ecto 3.13.5) lib/ecto/repo/schema.ex:1310: anonymous fn/6 in Ecto.Repo.Schema.dump_fields!/5
    (stdlib 7.1) maps.erl:894: :maps.fold_1/4
    (ecto 3.13.5) lib/ecto/repo/schema.ex:1308: Ecto.Repo.Schema.dump_fields!/5
    (ecto 3.13.5) lib/ecto/repo/schema.ex:1240: Ecto.Repo.Schema.dump_changes!/7
    (ecto 3.13.5) lib/ecto/repo/schema.ex:476: anonymous fn/15 in Ecto.Repo.Schema.do_insert/4
    (ecto 3.13.5) lib/ecto/multi.ex:905: Ecto.Multi.apply_operation/5
    (elixir 1.19.5) lib/enum.ex:2520: Enum."-reduce/3-lists^foldl/2-0-"/3
    (ecto 3.13.5) lib/ecto/multi.ex:878: anonymous fn/5 in Ecto.Multi.apply_operations/5
    (ecto_sql 3.13.4) lib/ecto/adapters/sql.ex:1473: anonymous fn/3 in Ecto.Adapters.SQL.checkout_or_transaction/4
    (db_connection 2.9.0) lib/db_connection.ex:1747: DBConnection.run_transaction/4
    (ecto 3.13.5) lib/ecto/repo/transaction.ex:30: Ecto.Repo.Transaction.transact/4
    (nexus 0.1.0) deps/commanded_ecto_projections/lib/projections/ecto.ex:97: Nexus.Treasury.Projectors.TransferProjector.update_projection/3
    (commanded 1.4.9) lib/commanded/event/handler.ex:1221: Commanded.Event.Handler.delegate_event_to_handler/2
    (commanded 1.4.9) lib/commanded/event/handler.ex:1062: Commanded.Event.Handler.handle_event/3
    (elixir 1.19.5) lib/enum.ex:2520: Enum."-reduce/3-lists^foldl/2-0-"/3
    (commanded 1.4.9) lib/commanded/event/handler.ex:969: Commanded.Event.Handler.handle_info/2
    (stdlib 7.1) gen_server.erl:2434: :gen_server.try_handle_info/3
    (stdlib 7.1) gen_server.erl:2420: :gen_server.handle_msg/3
    (stdlib 7.1) proc_lib.erl:333: :proc_lib.init_p_do_apply/3

23:10:02.264 [warning] Nexus.Treasury.Projectors.TransferProjector has requested to stop: %Ecto.ChangeError{message: "value `\"user_456\"` for `Nexus.Treasury.Projections.Transfer.user_id` in `insert` does not match type :binary_id"}
23:10:02.264 [debug] Nexus.Treasury.Projectors.TransferProjector is shutting down due to %Ecto.ChangeError{message: "value `\"user_456\"` for `Nexus.Treasury.Projections.Transfer.user_id` in `insert` does not match type :binary_id"}
23:10:02.264 [error] GenServer {Nexus.App.LocalRegistry, {Nexus.App, Commanded.Event.Handler, "Treasury.TransferProjector"}} terminating
** (stop) %Ecto.ChangeError{message: "value `\"user_456\"` for `Nexus.Treasury.Projections.Transfer.user_id` in `insert` does not match type :binary_id"}
Last message: {:events, [%Commanded.EventStore.RecordedEvent{event_id: "62c6b71c-722f-4f2d-8755-429e94f0e965", event_number: 2172, stream_id: "019cca7f-79a7-7b90-938a-8ce15011f26b", stream_version: 1, causation_id: "d72ccd15-4b2a-488e-97ff-35721da3c29b", correlation_id: "e053c8f4-f9af-4815-b6f7-0a119251f0d0", event_type: "Elixir.Nexus.Treasury.Events.TransferInitiated", data: %Nexus.Treasury.Events.TransferInitiated{transfer_id: "019cca7f-79a7-7b90-938a-8ce15011f26b", org_id: "org_123", user_id: "user_456", from_currency: "EUR", to_currency: "USD", amount: "100", status: "authorized", bulk_payment_id: nil, recipient_data: nil, requested_at: "2026-03-07T22:51:17.800772Z"}, created_at: ~U[2026-03-07 22:51:17.837188Z], metadata: %{}}]}
State: %Commanded.Event.Handler{application: Nexus.App, consistency: :eventual, handler_callback: :event, handler_name: "Treasury.TransferProjector", handler_module: Nexus.Treasury.Projectors.TransferProjector, handler_state: nil, last_seen_event: nil, subscription: %Commanded.EventStore.Subscription{application: Nexus.App, backoff: {:backoff, 1000, 60000, 1000, :jitter, :undefined, :undefined}, concurrency: 1, partition_by: nil, subscribe_to: :all, subscribe_from: :origin, subscription_name: "Treasury.TransferProjector", subscription_opts: [], subscription_pid: #PID<0.2603.0>, subscription_ref: #Reference<0.504251661.3394502658.74386>}, subscribe_timer: nil}
23:10:02.264 [debug] Subscription "Treasury.TransferProjector"@"$all" subscriber #PID<0.2602.0> down due to: %Ecto.ChangeError{message: "value `\"user_456\"` for `Nexus.Treasury.Projections.Transfer.user_id` in `insert` does not match type :binary_id"}
23:10:02.264 [debug] Subscription "Treasury.TransferProjector"@"$all" has no subscribers, shutting down
23:10:02.264 [error] GenServer {Nexus.EventStore.EventStore.Subscriptions.Registry, {"$all", "Treasury.TransferProjector"}} terminating
** (stop) %Ecto.ChangeError{message: "value `\"user_456\"` for `Nexus.Treasury.Projections.Transfer.user_id` in `insert` does not match type :binary_id"}
Last message: {:DOWN, #Reference<0.504251661.3394502660.24359>, :process, #PID<0.2602.0>, %Ecto.ChangeError{message: "value `\"user_456\"` for `Nexus.Treasury.Projections.Transfer.user_id` in `insert` does not match type :binary_id"}}
State: %EventStore.Subscriptions.Subscription{stream_uuid: "$all", subscription_name: "Treasury.TransferProjector", subscription: %EventStore.Subscriptions.SubscriptionFsm{state: :unsubscribed, data: %EventStore.Subscriptions.SubscriptionState{conn: Nexus.EventStore.Postgrex, event_store: Nexus.EventStore, serializer: Commanded.Serialization.JsonSerializer, schema: "event_store", stream_uuid: "$all", start_from: 0, subscription_name: "Treasury.TransferProjector", subscription_id: 712, selector: nil, mapper: &Commanded.EventStore.Adapters.EventStore.Mapper.from_recorded_event/1, max_size: 1000, partition_by: nil, query_timeout: 15000, lock_ref: #Reference<0.504251661.3394502658.74383>, last_received: 3171, last_sent: 2172, last_ack: 2171, queue_size: 1000, buffer_size: 1, checkpoint_after: 0, checkpoint_threshold: 1, checkpoint_timer_ref: nil, checkpoints_pending: 0, subscribers: %{}, partitions: %{nil: {[%EventStore.RecordedEvent{event_number: 3171, event_id: "8586578d-d056-4f8a-9ef5-e50055576e3d", stream_uuid: "ac7468f5-30d7-40c0-8616-11d90e0baaff", stream_version: 2, correlation_id: "39b30acd-48bc-46aa-95f6-dbca71341717", causation_id: "63e9af3a-68e5-4fcb-b1e2-45e01849c483", event_type: "Elixir.Nexus.Treasury.Events.PolicyAlertTriggered", data: %Nexus.Treasury.Events.PolicyAlertTriggered{policy_id: "ac7468f5-30d7-40c0-8616-11d90e0baaff", org_id: "ac7468f5-30d7-40c0-8616-11d90e0baaff", currency_pair: "EUR/USD", exposure_amount: "120000", threshold: "100000", triggered_at: "2026-03-11T11:11:50.245617Z"}, metadata: %{}, created_at: ~U[2026-03-11 11:11:50.246040Z]}, %EventStore.RecordedEvent{event_number: 3170, event_id: "d9b79299-4063-4885-b6d9-34698aedcb10", stream_uuid: "ac7468f5-30d7-40c0-8616-11d90e0baaff", stream_version: 1, correlation_id: "788f0b6b-0bfc-40f7-a9f1-8257a38dc3b3", causation_id: "5372e3c5-9d37-4049-b5ad-ea745c35f334", event_type: "Elixir.Nexus.Treasury.Events.TransferThresholdSet", data: %Nexus.Treasury.Events.TransferThresholdSet{policy_id: "ac7468f5-30d7-40c0-8616-11d90e0baaff", org_id: "ac7468f5-30d7-40c0-8616-11d90e0baaff", threshold: "100000", set_at: "2026-03-11T11:11:50.238725Z"}, metadata: %{}, created_at: ~U[2026-03-11 11:11:50.240394Z]}, %EventStore.RecordedEvent{event_number: 3169, event_id: "1921c76c-7123-46a0-829b-f758c37f1936", stream_uuid: "forecast-0bc9eb4f-96f1-4960-bbd1-8669f786883a", stream_version: 2, correlation_id: "6461481b-22c8-42f5-9321-fb6182c6c883", causation_id: "9495e45b-6570-4a67-8f67-a7628c22d6b5", event_type: "Elixir.Nexus.Treasury.Events.ForecastGenerated", data: %Nexus.Treasury.Events.ForecastGenerated{org_id: "0bc9eb4f-96f1-4960-bbd1-8669f786883a", currency: "EUR", horizon_days: 30, predictions: [%{date: "2026-03-03", predicted_amount: "110000.000000"}], generated_at: "2026-03-11T11:11:50.230730Z"}, metadata: %{}, created_at: ~U[2026-03-11 11:11:50.231171Z]}, %EventStore.RecordedEvent{event_number: 3168, event_id: "eb625212-2f0a-444d-8cce-9809554dfc41", stream_uuid: "forecast-0bc9eb4f-96f1-4960-bbd1-8669f786883a", stream_version: 1, correlation_id: "be901c27-d444-4708-ab95-a805d38476ef", causation_id: "b866081f-be26-453f-9b2f-ea1e9ec2d11a", event_type: "Elixir.Nexus.Treasury.Events.ForecastGenerated", data: %Nexus.Treasury.Events.ForecastGenerated{org_id: "0bc9eb4f-96f1-4960-bbd1-8669f786883a", currency: "EUR", horizon_days: 30, predictions: [%{date: "2026-03-03", predicted_amount: "100000.00"}], generated_at: "2026-03-11T11:11:50.227029Z"}, ...}, ...], ...}}, ...}}, ...}
23:10:02.265 [debug] Nexus.Treasury.Projectors.TransferProjector is shutting down due to {%Ecto.ChangeError{message: "value `\"user_456\"` for `Nexus.Treasury.Projections.Transfer.user_id` in `insert` does not match type :binary_id"}, {GenServer, :call, [#PID<0.2603.0>, {:connect, #PID<0.2607.0>, [retry_interval: 60000, hibernate_after: 15000, partition_by: nil, concurrency_limit: 1, name: Nexus.EventStore, mapper: &Commanded.EventStore.Adapters.EventStore.Mapper.from_recorded_event/1, conn: Nexus.EventStore.Postgrex, event_store: Nexus.EventStore, query_timeout: 15000, schema: "event_store", serializer: Commanded.Serialization.JsonSerializer, stream_uuid: "$all", subscription_name: "Treasury.TransferProjector", start_from: 0]}, 5000]}}
23:10:02.265 [debug] Nexus.Identity.Projectors.UserRegistrationProjector received events: [%Commanded.EventStore.RecordedEvent{event_id: "282ec866-f518-44ed-95f6-7a535d6c3e25", event_number: 11262, stream_id: "019d0c26-0b00-74a0-bd6d-48329cf61a57", stream_version: 1, causation_id: "d64809a4-8402-4360-8536-99b7a0f860ca", correlation_id: "e0f4b4bb-483c-4914-aaaa-956d1587d67e", event_type: "Elixir.Nexus.Identity.Events.UserRegistered", data: %Nexus.Identity.Events.UserRegistered{user_id: "019d0c26-0b00-74a0-bd6d-48329cf61a57", org_id: "019d0c26-0b00-74a0-8884-24b7b734f296", email: "test@example.com", role: "system_admin", cose_key: "Ym9vdHN0cmFwX2Nvc2Vfa2V5", credential_id: "Ym9vdHN0cmFwX2NyZWRlbnRpYWxfaWQ=", registered_at: "2026-03-20T16:48:33.024173Z", display_name: "Test User", status: "active"}, created_at: ~U[2026-03-20 16:48:33.025211Z], metadata: %{"causation_id" => "019d0c26-0b00-71d0-a1d2-041f55e92cfc", "correlation_id" => "019d0c26-0b00-71d0-a1d2-041f55e92cfc"}}]
23:10:02.265 [error] GenServer {Nexus.App.LocalRegistry, {Nexus.App, Commanded.Event.Handler, "Treasury.TransferProjector"}} terminating
** (stop) exited in: GenServer.call(#PID<0.2603.0>, {:connect, #PID<0.2607.0>, [retry_interval: 60000, hibernate_after: 15000, partition_by: nil, concurrency_limit: 1, name: Nexus.EventStore, mapper: &Commanded.EventStore.Adapters.EventStore.Mapper.from_recorded_event/1, conn: Nexus.EventStore.Postgrex, event_store: Nexus.EventStore, query_timeout: 15000, schema: "event_store", serializer: Commanded.Serialization.JsonSerializer, stream_uuid: "$all", subscription_name: "Treasury.TransferProjector", start_from: 0]}, 5000)
    ** (EXIT) %Ecto.ChangeError{message: "value `\"user_456\"` for `Nexus.Treasury.Projections.Transfer.user_id` in `insert` does not match type :binary_id"}
    (elixir 1.19.5) lib/gen_server.ex:1142: GenServer.call/3
    (commanded 1.4.9) lib/commanded/event_store.ex:289: anonymous fn/2 in Commanded.EventStore.span/3
    (telemetry 1.3.0) /Users/bernard/dev/nexus/deps/telemetry/src/telemetry.erl:324: :telemetry.span/3
    (commanded 1.4.9) lib/commanded/event_store/subscription.ex:58: Commanded.EventStore.Subscription.subscribe/2
    (commanded 1.4.9) lib/commanded/event/handler.ex:1024: Commanded.Event.Handler.subscribe_to_events/1
    (commanded 1.4.9) lib/commanded/event/handler.ex:887: Commanded.Event.Handler.handle_continue/2
    (stdlib 7.1) gen_server.erl:2424: :gen_server.try_handle_continue/3
    (stdlib 7.1) gen_server.erl:2291: :gen_server.loop/4
    (stdlib 7.1) proc_lib.erl:333: :proc_lib.init_p_do_apply/3
Last message: {:continue, :subscribe_to_events}
State: %Commanded.Event.Handler{application: Nexus.App, consistency: :eventual, handler_callback: :event, handler_name: "Treasury.TransferProjector", handler_module: Nexus.Treasury.Projectors.TransferProjector, handler_state: nil, last_seen_event: nil, subscription: %Commanded.EventStore.Subscription{application: Nexus.App, backoff: {:backoff, 1000, 60000, 1000, :jitter, :undefined, :undefined}, concurrency: 1, partition_by: nil, subscribe_to: :all, subscribe_from: :origin, subscription_name: "Treasury.TransferProjector", subscription_opts: [], subscription_pid: nil, subscription_ref: nil}, subscribe_timer: nil}
23:10:02.266 [debug] Subscription "Treasury.TransferProjector"@"$all" attempting to connect subscriber #PID<0.2608.0>
23:10:02.266 [debug] QUERY OK db=0.0ms
begin []
23:10:02.266 [debug] QUERY OK source="projection_versions" db=0.0ms
INSERT INTO "projection_versions" AS p0 ("projection_name","last_seen_event_number","inserted_at","updated_at") VALUES ($1,$2,$3,$4) ON CONFLICT ("projection_name") DO UPDATE SET "last_seen_event_number" = $5 WHERE ((p0."projection_name" = $6) AND (p0."last_seen_event_number" < $7)) ["Identity.Projectors.UserRegistrationProjector", 11262, ~N[2026-03-20 23:10:02.266188], ~N[2026-03-20 23:10:02.266188], 11262, "Identity.Projectors.UserRegistrationProjector", 11262]
23:10:02.266 [debug] QUERY OK source="users" db=0.1ms
SELECT u0."id", u0."org_id", u0."email", u0."display_name", u0."status", u0."cose_key", u0."credential_id", u0."roles", u0."created_at", u0."updated_at" FROM "users" AS u0 WHERE (u0."id" = $1) ["019d0c26-0b00-74a0-bd6d-48329cf61a57"]
23:10:02.266 [debug] QUERY OK source="users" db=0.0ms
SELECT u0."id", u0."org_id", u0."email", u0."display_name", u0."status", u0."cose_key", u0."credential_id", u0."roles", u0."created_at", u0."updated_at" FROM "users" AS u0 WHERE (u0."email" = $1) ["test@example.com"]
23:10:02.266 [debug] Subscription "Treasury.TransferProjector"@"$all" catching-up
23:10:02.266 [debug] Nexus.Treasury.Projectors.TransferProjector has successfully subscribed to event store
23:10:02.266 [debug] QUERY OK source="users" db=0.0ms
INSERT INTO "users" ("id","status","org_id","email","display_name","roles","cose_key","credential_id","created_at","updated_at") VALUES ($1,$2,$3,$4,$5,$6,$7,$8,$9,$10) ["019d0c26-0b00-74a0-bd6d-48329cf61a57", "active", "019d0c26-0b00-74a0-8884-24b7b734f296", "test@example.com", "Test User", ["system_admin"], "bootstrap_cose_key", "bootstrap_credential_id", ~U[2026-03-20 23:10:02.266747Z], ~U[2026-03-20 23:10:02.266747Z]]
23:10:02.267 [debug] QUERY ERROR source="identity_user_settings" db=0.0ms
SELECT i0."id", i0."user_id", i0."org_id", i0."locale", i0."timezone", i0."notifications_enabled", i0."created_at", i0."updated_at" FROM "identity_user_settings" AS i0 WHERE (i0."id" = $1) ["019d0c26-0b00-74a0-bd6d-48329cf61a57"]
23:10:02.267 [debug] QUERY OK db=0.0ms
rollback []
23:10:02.268 [error] Nexus.Identity.Projectors.UserRegistrationProjector failed to handle event:
%Commanded.EventStore.RecordedEvent{
  event_id: "282ec866-f518-44ed-95f6-7a535d6c3e25",
  event_number: 11262,
  stream_id: "019d0c26-0b00-74a0-bd6d-48329cf61a57",
  stream_version: 1,
  causation_id: "d64809a4-8402-4360-8536-99b7a0f860ca",
  correlation_id: "e0f4b4bb-483c-4914-aaaa-956d1587d67e",
  event_type: "Elixir.Nexus.Identity.Events.UserRegistered",
  data: %Nexus.Identity.Events.UserRegistered{
    user_id: "019d0c26-0b00-74a0-bd6d-48329cf61a57",
    org_id: "019d0c26-0b00-74a0-8884-24b7b734f296",
    email: "test@example.com",
    role: "system_admin",
    cose_key: "Ym9vdHN0cmFwX2Nvc2Vfa2V5",
    credential_id: "Ym9vdHN0cmFwX2NyZWRlbnRpYWxfaWQ=",
    registered_at: "2026-03-20T16:48:33.024173Z",
    display_name: "Test User",
    status: "active"
  },
  created_at: ~U[2026-03-20 16:48:33.025211Z],
  metadata: %{
    "causation_id" => "019d0c26-0b00-71d0-a1d2-041f55e92cfc",
    "correlation_id" => "019d0c26-0b00-71d0-a1d2-041f55e92cfc"
  }
}, due to:
** (Postgrex.Error) ERROR 42703 (undefined_column) column i0.id does not exist

    query: SELECT i0."id", i0."user_id", i0."org_id", i0."locale", i0."timezone", i0."notifications_enabled", i0."created_at", i0."updated_at" FROM "identity_user_settings" AS i0 WHERE (i0."id" = $1)
    (ecto_sql 3.13.4) lib/ecto/adapters/sql.ex:1113: Ecto.Adapters.SQL.raise_sql_call_error/1
    (ecto_sql 3.13.4) lib/ecto/adapters/sql.ex:1011: Ecto.Adapters.SQL.execute/6
    (ecto 3.13.5) lib/ecto/repo/queryable.ex:241: Ecto.Repo.Queryable.execute/4
    (ecto 3.13.5) lib/ecto/repo/queryable.ex:19: Ecto.Repo.Queryable.all/3
    (ecto 3.13.5) lib/ecto/repo/queryable.ex:163: Ecto.Repo.Queryable.one/3
    (nexus 0.1.0) lib/nexus/identity/projectors/user_registration_projector.ex:53: anonymous fn/3 in Nexus.Identity.Projectors.UserRegistrationProjector.project_registration/3
    (ecto 3.13.5) lib/ecto/multi.ex:905: Ecto.Multi.apply_operation/5
    (elixir 1.19.5) lib/enum.ex:2520: Enum."-reduce/3-lists^foldl/2-0-"/3
    (ecto 3.13.5) lib/ecto/multi.ex:878: anonymous fn/5 in Ecto.Multi.apply_operations/5
    (ecto_sql 3.13.4) lib/ecto/adapters/sql.ex:1473: anonymous fn/3 in Ecto.Adapters.SQL.checkout_or_transaction/4
    (db_connection 2.9.0) lib/db_connection.ex:1747: DBConnection.run_transaction/4
    (ecto 3.13.5) lib/ecto/repo/transaction.ex:30: Ecto.Repo.Transaction.transact/4
    (nexus 0.1.0) deps/commanded_ecto_projections/lib/projections/ecto.ex:97: Nexus.Identity.Projectors.UserRegistrationProjector.update_projection/3
    (commanded 1.4.9) lib/commanded/event/handler.ex:1221: Commanded.Event.Handler.delegate_event_to_handler/2
    (commanded 1.4.9) lib/commanded/event/handler.ex:1062: Commanded.Event.Handler.handle_event/3
    (elixir 1.19.5) lib/enum.ex:2520: Enum."-reduce/3-lists^foldl/2-0-"/3
    (commanded 1.4.9) lib/commanded/event/handler.ex:969: Commanded.Event.Handler.handle_info/2
    (stdlib 7.1) gen_server.erl:2434: :gen_server.try_handle_info/3
    (stdlib 7.1) gen_server.erl:2420: :gen_server.handle_msg/3
    (stdlib 7.1) proc_lib.erl:333: :proc_lib.init_p_do_apply/3

23:10:02.268 [warning] Nexus.Identity.Projectors.UserRegistrationProjector has requested to stop: %Postgrex.Error{message: nil, postgres: %{code: :undefined_column, line: "3721", message: "column i0.id does not exist", position: "8", file: "parse_relation.c", unknown: "ERROR", severity: "ERROR", pg_code: "42703", routine: "errorMissingColumn"}, connection_id: 3148, query: "SELECT i0.\"id\", i0.\"user_id\", i0.\"org_id\", i0.\"locale\", i0.\"timezone\", i0.\"notifications_enabled\", i0.\"created_at\", i0.\"updated_at\" FROM \"identity_user_settings\" AS i0 WHERE (i0.\"id\" = $1)"}
23:10:02.268 [debug] Nexus.Identity.Projectors.UserRegistrationProjector is shutting down due to %Postgrex.Error{message: nil, postgres: %{code: :undefined_column, line: "3721", message: "column i0.id does not exist", position: "8", file: "parse_relation.c", unknown: "ERROR", severity: "ERROR", pg_code: "42703", routine: "errorMissingColumn"}, connection_id: 3148, query: "SELECT i0.\"id\", i0.\"user_id\", i0.\"org_id\", i0.\"locale\", i0.\"timezone\", i0.\"notifications_enabled\", i0.\"created_at\", i0.\"updated_at\" FROM \"identity_user_settings\" AS i0 WHERE (i0.\"id\" = $1)"}
23:10:02.268 [error] GenServer {Nexus.App.LocalRegistry, {Nexus.App, Commanded.Event.Handler, "Identity.Projectors.UserRegistrationProjector"}} terminating
** (stop) %Postgrex.Error{message: nil, postgres: %{code: :undefined_column, line: "3721", message: "column i0.id does not exist", position: "8", file: "parse_relation.c", unknown: "ERROR", severity: "ERROR", pg_code: "42703", routine: "errorMissingColumn"}, connection_id: 3148, query: "SELECT i0.\"id\", i0.\"user_id\", i0.\"org_id\", i0.\"locale\", i0.\"timezone\", i0.\"notifications_enabled\", i0.\"created_at\", i0.\"updated_at\" FROM \"identity_user_settings\" AS i0 WHERE (i0.\"id\" = $1)"}
Last message: {:events, [%Commanded.EventStore.RecordedEvent{event_id: "282ec866-f518-44ed-95f6-7a535d6c3e25", event_number: 11262, stream_id: "019d0c26-0b00-74a0-bd6d-48329cf61a57", stream_version: 1, causation_id: "d64809a4-8402-4360-8536-99b7a0f860ca", correlation_id: "e0f4b4bb-483c-4914-aaaa-956d1587d67e", event_type: "Elixir.Nexus.Identity.Events.UserRegistered", data: %Nexus.Identity.Events.UserRegistered{user_id: "019d0c26-0b00-74a0-bd6d-48329cf61a57", org_id: "019d0c26-0b00-74a0-8884-24b7b734f296", email: "test@example.com", role: "system_admin", cose_key: "Ym9vdHN0cmFwX2Nvc2Vfa2V5", credential_id: "Ym9vdHN0cmFwX2NyZWRlbnRpYWxfaWQ=", registered_at: "2026-03-20T16:48:33.024173Z", display_name: "Test User", status: "active"}, created_at: ~U[2026-03-20 16:48:33.025211Z], metadata: %{"causation_id" => "019d0c26-0b00-71d0-a1d2-041f55e92cfc", "correlation_id" => "019d0c26-0b00-71d0-a1d2-041f55e92cfc"}}]}
State: %Commanded.Event.Handler{application: Nexus.App, consistency: :strong, handler_callback: :event, handler_name: "Identity.Projectors.UserRegistrationProjector", handler_module: Nexus.Identity.Projectors.UserRegistrationProjector, handler_state: nil, last_seen_event: nil, subscription: %Commanded.EventStore.Subscription{application: Nexus.App, backoff: {:backoff, 1000, 60000, 1000, :jitter, :undefined, :undefined}, concurrency: 1, partition_by: nil, subscribe_to: :all, subscribe_from: :origin, subscription_name: "Identity.Projectors.UserRegistrationProjector", subscription_opts: [], subscription_pid: #PID<0.2606.0>, subscription_ref: #Reference<0.504251661.3394502660.24409>}, subscribe_timer: nil}
23:10:02.268 [debug] Subscription "Identity.Projectors.UserRegistrationProjector"@"$all" subscriber #PID<0.2605.0> down due to: %Postgrex.Error{message: nil, postgres: %{code: :undefined_column, line: "3721", message: "column i0.id does not exist", position: "8", file: "parse_relation.c", unknown: "ERROR", severity: "ERROR", pg_code: "42703", routine: "errorMissingColumn"}, connection_id: 3148, query: "SELECT i0.\"id\", i0.\"user_id\", i0.\"org_id\", i0.\"locale\", i0.\"timezone\", i0.\"notifications_enabled\", i0.\"created_at\", i0.\"updated_at\" FROM \"identity_user_settings\" AS i0 WHERE (i0.\"id\" = $1)"}
23:10:02.268 [debug] Subscription "Identity.Projectors.UserRegistrationProjector"@"$all" has no subscribers, shutting down
23:10:02.268 [error] GenServer {Nexus.EventStore.EventStore.Subscriptions.Registry, {"$all", "Identity.Projectors.UserRegistrationProjector"}} terminating
** (stop) %Postgrex.Error{message: nil, postgres: %{code: :undefined_column, line: "3721", message: "column i0.id does not exist", position: "8", file: "parse_relation.c", unknown: "ERROR", severity: "ERROR", pg_code: "42703", routine: "errorMissingColumn"}, connection_id: 3148, query: "SELECT i0.\"id\", i0.\"user_id\", i0.\"org_id\", i0.\"locale\", i0.\"timezone\", i0.\"notifications_enabled\", i0.\"created_at\", i0.\"updated_at\" FROM \"identity_user_settings\" AS i0 WHERE (i0.\"id\" = $1)"}
Last message: {:DOWN, #Reference<0.504251661.3394502658.74410>, :process, #PID<0.2605.0>, %Postgrex.Error{message: nil, postgres: %{code: :undefined_column, line: "3721", message: "column i0.id does not exist", position: "8", file: "parse_relation.c", unknown: "ERROR", severity: "ERROR", pg_code: "42703", routine: "errorMissingColumn"}, connection_id: 3148, query: "SELECT i0.\"id\", i0.\"user_id\", i0.\"org_id\", i0.\"locale\", i0.\"timezone\", i0.\"notifications_enabled\", i0.\"created_at\", i0.\"updated_at\" FROM \"identity_user_settings\" AS i0 WHERE (i0.\"id\" = $1)"}}
State: %EventStore.Subscriptions.Subscription{stream_uuid: "$all", subscription_name: "Identity.Projectors.UserRegistrationProjector", subscription: %EventStore.Subscriptions.SubscriptionFsm{state: :unsubscribed, data: %EventStore.Subscriptions.SubscriptionState{conn: Nexus.EventStore.Postgrex, event_store: Nexus.EventStore, serializer: Commanded.Serialization.JsonSerializer, schema: "event_store", stream_uuid: "$all", start_from: 0, subscription_name: "Identity.Projectors.UserRegistrationProjector", subscription_id: 405, selector: nil, mapper: &Commanded.EventStore.Adapters.EventStore.Mapper.from_recorded_event/1, max_size: 1000, partition_by: nil, query_timeout: 15000, lock_ref: #Reference<0.504251661.3394502658.74417>, last_received: 12220, last_sent: 11262, last_ack: 11261, queue_size: 959, buffer_size: 1, checkpoint_after: 0, checkpoint_threshold: 1, checkpoint_timer_ref: nil, checkpoints_pending: 0, subscribers: %{}, partitions: %{nil: {[%EventStore.RecordedEvent{event_number: 12220, event_id: "eb1dda64-231e-4bac-923f-f44f3aeac8f1", stream_uuid: "019d0d83-4d63-7c0f-8998-bde5f58f823e", stream_version: 1, correlation_id: "2e6db85b-ec66-499b-a629-d12a1db41979", causation_id: "fd7c44bf-84e2-4c28-b552-8148eb0c4bf7", event_type: "Elixir.Nexus.Treasury.Events.VaultRegistered", data: %Nexus.Treasury.Events.VaultRegistered{vault_id: "019d0d83-4d63-7c0f-8998-bde5f58f823e", org_id: "63dccc1e-056d-4801-b79b-e15c3a51c41c", name: "EUR Vault - 40282324-7b5a-4275-a8e9-09463a42360a", bank_name: "Test Bank", account_number: nil, iban: nil, currency: "EUR", provider: "mock", registered_at: "2026-03-20T23:10:02.083503Z", daily_withdrawal_limit: "0.0", requires_multi_sig: false}, metadata: %{"causation_id" => "019d0d83-4d63-74da-a283-fbb79e650874", "correlation_id" => "019d0d83-4d63-74da-a283-fbb79e650874"}, created_at: ~U[2026-03-20 23:10:02.084314Z]}, %EventStore.RecordedEvent{event_number: 12219, event_id: "09cf4bb5-cfed-4bfe-ae79-8ef871e6e166", stream_uuid: "019d0d83-4bc9-753a-80e6-2e4dca2c9c12", stream_version: 2, correlation_id: "8dcacd27-1027-44b0-a211-bb6a90fd3388", causation_id: "421e58bf-9a8c-4a90-b20a-e4234c00f2cc", event_type: "Elixir.Nexus.Treasury.Events.VaultBalanceSynced", data: %Nexus.Treasury.Events.VaultBalanceSynced{vault_id: "019d0d83-4bc9-753a-80e6-2e4dca2c9c12", org_id: "63dccc1e-056d-4801-b79b-e15c3a51c41c", amount: "500000.00", currency: "USD", synced_at: "2026-03-20T23:10:01.878699Z"}, metadata: %{"causation_id" => "019d0d83-4c96-7dfe-a58b-296d1cd6be89", "correlation_id" => "019d0d83-4c96-7dfe-a58b-296d1cd6be89"}, created_at: ~U[2026-03-20 23:10:01.879170Z]}, %EventStore.RecordedEvent{event_number: 12218, event_id: "9932df8b-18c6-4e36-b5e7-495fc0cc9d0d", stream_uuid: "019d0d83-4bc9-753a-80e6-2e4dca2c9c12", stream_version: 1, correlation_id: "f3ebc19f-f707-46c1-84ec-0edb1b2a053b", causation_id: "61db3cd8-c1cd-4645-97c1-c75b096edc34", event_type: "Elixir.Nexus.Treasury.Events.VaultRegistered", data: %Nexus.Treasury.Events.VaultRegistered{vault_id: "019d0d83-4bc9-753a-80e6-2e4dca2c9c12", org_id: "63dccc1e-056d-4801-b79b-e15c3a51c41c", name: "USD Vault - d16f182d-8771-4765-af35-8a77236fc170", bank_name: "Test Bank", account_number: nil, iban: nil, currency: "USD", provider: "mock", registered_at: "2026-03-20T23:10:01.673695Z", daily_withdrawal_limit: "0.0", requires_multi_sig: false}, metadata: %{"causation_id" => "019d0d83-4bc9-73e0-af57-7d94a03c6d5a", "correlation_id" => "019d0d83-4bc9-73e0-af57-7d94a03c6d5a"}, created_at: ~U[2026-03-20 23:10:01.674570Z]}, %EventStore.RecordedEvent{event_number: 12217, ...}, ...], ...}}, ...}}, ...}
23:10:02.269 [debug] Nexus.Identity.Projectors.UserRegistrationProjector is shutting down due to {%Postgrex.Error{message: nil, postgres: %{code: :undefined_column, line: "3721", message: "column i0.id does not exist", position: "8", file: "parse_relation.c", unknown: "ERROR", severity: "ERROR", pg_code: "42703", routine: "errorMissingColumn"}, connection_id: 3148, query: "SELECT i0.\"id\", i0.\"user_id\", i0.\"org_id\", i0.\"locale\", i0.\"timezone\", i0.\"notifications_enabled\", i0.\"created_at\", i0.\"updated_at\" FROM \"identity_user_settings\" AS i0 WHERE (i0.\"id\" = $1)"}, {GenServer, :call, [#PID<0.2606.0>, {:connect, #PID<0.2610.0>, [retry_interval: 60000, hibernate_after: 15000, partition_by: nil, concurrency_limit: 1, name: Nexus.EventStore, mapper: &Commanded.EventStore.Adapters.EventStore.Mapper.from_recorded_event/1, conn: Nexus.EventStore.Postgrex, event_store: Nexus.EventStore, query_timeout: 15000, schema: "event_store", serializer: Commanded.Serialization.JsonSerializer, stream_uuid: "$all", subscription_name: "Identity.Projectors.UserRegistrationProjector", start_from: 0]}, 5000]}}
23:10:02.269 [error] GenServer {Nexus.App.LocalRegistry, {Nexus.App, Commanded.Event.Handler, "Identity.Projectors.UserRegistrationProjector"}} terminating
** (stop) exited in: GenServer.call(#PID<0.2606.0>, {:connect, #PID<0.2610.0>, [retry_interval: 60000, hibernate_after: 15000, partition_by: nil, concurrency_limit: 1, name: Nexus.EventStore, mapper: &Commanded.EventStore.Adapters.EventStore.Mapper.from_recorded_event/1, conn: Nexus.EventStore.Postgrex, event_store: Nexus.EventStore, query_timeout: 15000, schema: "event_store", serializer: Commanded.Serialization.JsonSerializer, stream_uuid: "$all", subscription_name: "Identity.Projectors.UserRegistrationProjector", start_from: 0]}, 5000)
    ** (EXIT) %Postgrex.Error{message: nil, postgres: %{code: :undefined_column, line: "3721", message: "column i0.id does not exist", position: "8", file: "parse_relation.c", unknown: "ERROR", severity: "ERROR", pg_code: "42703", routine: "errorMissingColumn"}, connection_id: 3148, query: "SELECT i0.\"id\", i0.\"user_id\", i0.\"org_id\", i0.\"locale\", i0.\"timezone\", i0.\"notifications_enabled\", i0.\"created_at\", i0.\"updated_at\" FROM \"identity_user_settings\" AS i0 WHERE (i0.\"id\" = $1)"}
    (elixir 1.19.5) lib/gen_server.ex:1142: GenServer.call/3
    (commanded 1.4.9) lib/commanded/event_store.ex:289: anonymous fn/2 in Commanded.EventStore.span/3
    (telemetry 1.3.0) /Users/bernard/dev/nexus/deps/telemetry/src/telemetry.erl:324: :telemetry.span/3
    (commanded 1.4.9) lib/commanded/event_store/subscription.ex:58: Commanded.EventStore.Subscription.subscribe/2
    (commanded 1.4.9) lib/commanded/event/handler.ex:1024: Commanded.Event.Handler.subscribe_to_events/1
    (commanded 1.4.9) lib/commanded/event/handler.ex:887: Commanded.Event.Handler.handle_continue/2
    (stdlib 7.1) gen_server.erl:2424: :gen_server.try_handle_continue/3
    (stdlib 7.1) gen_server.erl:2291: :gen_server.loop/4
    (stdlib 7.1) proc_lib.erl:333: :proc_lib.init_p_do_apply/3
Last message: {:continue, :subscribe_to_events}
State: %Commanded.Event.Handler{application: Nexus.App, consistency: :strong, handler_callback: :event, handler_name: "Identity.Projectors.UserRegistrationProjector", handler_module: Nexus.Identity.Projectors.UserRegistrationProjector, handler_state: nil, last_seen_event: nil, subscription: %Commanded.EventStore.Subscription{application: Nexus.App, backoff: {:backoff, 1000, 60000, 1000, :jitter, :undefined, :undefined}, concurrency: 1, partition_by: nil, subscribe_to: :all, subscribe_from: :origin, subscription_name: "Identity.Projectors.UserRegistrationProjector", subscription_opts: [], subscription_pid: nil, subscription_ref: nil}, subscribe_timer: nil}
.23:10:03.072 [debug] Nexus.Identity.Projectors.UserRegistrationProjector received events: [%Commanded.EventStore.RecordedEvent{event_id: "282ec866-f518-44ed-95f6-7a535d6c3e25", event_number: 11262, stream_id: "019d0c26-0b00-74a0-bd6d-48329cf61a57", stream_version: 1, causation_id: "d64809a4-8402-4360-8536-99b7a0f860ca", correlation_id: "e0f4b4bb-483c-4914-aaaa-956d1587d67e", event_type: "Elixir.Nexus.Identity.Events.UserRegistered", data: %Nexus.Identity.Events.UserRegistered{user_id: "019d0c26-0b00-74a0-bd6d-48329cf61a57", org_id: "019d0c26-0b00-74a0-8884-24b7b734f296", email: "test@example.com", role: "system_admin", cose_key: "Ym9vdHN0cmFwX2Nvc2Vfa2V5", credential_id: "Ym9vdHN0cmFwX2NyZWRlbnRpYWxfaWQ=", registered_at: "2026-03-20T16:48:33.024173Z", display_name: "Test User", status: "active"}, created_at: ~U[2026-03-20 16:48:33.025211Z], metadata: %{"causation_id" => "019d0c26-0b00-71d0-a1d2-041f55e92cfc", "correlation_id" => "019d0c26-0b00-71d0-a1d2-041f55e92cfc"}}]
23:10:03.072 [debug] QUERY OK db=0.1ms
begin []
23:10:03.073 [debug] QUERY OK source="projection_versions" db=0.1ms
INSERT INTO "projection_versions" AS p0 ("projection_name","last_seen_event_number","inserted_at","updated_at") VALUES ($1,$2,$3,$4) ON CONFLICT ("projection_name") DO UPDATE SET "last_seen_event_number" = $5 WHERE ((p0."projection_name" = $6) AND (p0."last_seen_event_number" < $7)) ["Identity.Projectors.UserRegistrationProjector", 11262, ~N[2026-03-20 23:10:03.073002], ~N[2026-03-20 23:10:03.073002], 11262, "Identity.Projectors.UserRegistrationProjector", 11262]
23:10:03.073 [debug] QUERY OK source="users" db=0.1ms
SELECT u0."id", u0."org_id", u0."email", u0."display_name", u0."status", u0."cose_key", u0."credential_id", u0."roles", u0."created_at", u0."updated_at" FROM "users" AS u0 WHERE (u0."id" = $1) ["019d0c26-0b00-74a0-bd6d-48329cf61a57"]
23:10:03.073 [debug] QUERY OK source="users" db=0.0ms
SELECT u0."id", u0."org_id", u0."email", u0."display_name", u0."status", u0."cose_key", u0."credential_id", u0."roles", u0."created_at", u0."updated_at" FROM "users" AS u0 WHERE (u0."email" = $1) ["test@example.com"]
23:10:03.073 [debug] QUERY OK source="users" db=0.1ms
INSERT INTO "users" ("id","status","org_id","email","display_name","roles","cose_key","credential_id","created_at","updated_at") VALUES ($1,$2,$3,$4,$5,$6,$7,$8,$9,$10) ["019d0c26-0b00-74a0-bd6d-48329cf61a57", "active", "019d0c26-0b00-74a0-8884-24b7b734f296", "test@example.com", "Test User", ["system_admin"], "bootstrap_cose_key", "bootstrap_credential_id", ~U[2026-03-20 23:10:03.073612Z], ~U[2026-03-20 23:10:03.073612Z]]
23:10:03.074 [debug] QUERY ERROR source="identity_user_settings" db=0.0ms
SELECT i0."id", i0."user_id", i0."org_id", i0."locale", i0."timezone", i0."notifications_enabled", i0."created_at", i0."updated_at" FROM "identity_user_settings" AS i0 WHERE (i0."id" = $1) ["019d0c26-0b00-74a0-bd6d-48329cf61a57"]
23:10:03.074 [debug] QUERY OK db=0.1ms
rollback []
23:10:03.075 [error] Nexus.Identity.Projectors.UserRegistrationProjector failed to handle event:
%Commanded.EventStore.RecordedEvent{
  event_id: "282ec866-f518-44ed-95f6-7a535d6c3e25",
  event_number: 11262,
  stream_id: "019d0c26-0b00-74a0-bd6d-48329cf61a57",
  stream_version: 1,
  causation_id: "d64809a4-8402-4360-8536-99b7a0f860ca",
  correlation_id: "e0f4b4bb-483c-4914-aaaa-956d1587d67e",
  event_type: "Elixir.Nexus.Identity.Events.UserRegistered",
  data: %Nexus.Identity.Events.UserRegistered{
    user_id: "019d0c26-0b00-74a0-bd6d-48329cf61a57",
    org_id: "019d0c26-0b00-74a0-8884-24b7b734f296",
    email: "test@example.com",
    role: "system_admin",
    cose_key: "Ym9vdHN0cmFwX2Nvc2Vfa2V5",
    credential_id: "Ym9vdHN0cmFwX2NyZWRlbnRpYWxfaWQ=",
    registered_at: "2026-03-20T16:48:33.024173Z",
    display_name: "Test User",
    status: "active"
  },
  created_at: ~U[2026-03-20 16:48:33.025211Z],
  metadata: %{
    "causation_id" => "019d0c26-0b00-71d0-a1d2-041f55e92cfc",
    "correlation_id" => "019d0c26-0b00-71d0-a1d2-041f55e92cfc"
  }
}, due to:
** (Postgrex.Error) ERROR 42703 (undefined_column) column i0.id does not exist

    query: SELECT i0."id", i0."user_id", i0."org_id", i0."locale", i0."timezone", i0."notifications_enabled", i0."created_at", i0."updated_at" FROM "identity_user_settings" AS i0 WHERE (i0."id" = $1)
    (ecto_sql 3.13.4) lib/ecto/adapters/sql.ex:1113: Ecto.Adapters.SQL.raise_sql_call_error/1
    (ecto_sql 3.13.4) lib/ecto/adapters/sql.ex:1011: Ecto.Adapters.SQL.execute/6
    (ecto 3.13.5) lib/ecto/repo/queryable.ex:241: Ecto.Repo.Queryable.execute/4
    (ecto 3.13.5) lib/ecto/repo/queryable.ex:19: Ecto.Repo.Queryable.all/3
    (ecto 3.13.5) lib/ecto/repo/queryable.ex:163: Ecto.Repo.Queryable.one/3
    (nexus 0.1.0) lib/nexus/identity/projectors/user_registration_projector.ex:53: anonymous fn/3 in Nexus.Identity.Projectors.UserRegistrationProjector.project_registration/3
    (ecto 3.13.5) lib/ecto/multi.ex:905: Ecto.Multi.apply_operation/5
    (elixir 1.19.5) lib/enum.ex:2520: Enum."-reduce/3-lists^foldl/2-0-"/3
    (ecto 3.13.5) lib/ecto/multi.ex:878: anonymous fn/5 in Ecto.Multi.apply_operations/5
    (ecto_sql 3.13.4) lib/ecto/adapters/sql.ex:1473: anonymous fn/3 in Ecto.Adapters.SQL.checkout_or_transaction/4
    (db_connection 2.9.0) lib/db_connection.ex:1747: DBConnection.run_transaction/4
    (ecto 3.13.5) lib/ecto/repo/transaction.ex:30: Ecto.Repo.Transaction.transact/4
    (nexus 0.1.0) deps/commanded_ecto_projections/lib/projections/ecto.ex:97: Nexus.Identity.Projectors.UserRegistrationProjector.update_projection/3
    (commanded 1.4.9) lib/commanded/event/handler.ex:1221: Commanded.Event.Handler.delegate_event_to_handler/2
    (commanded 1.4.9) lib/commanded/event/handler.ex:1062: Commanded.Event.Handler.handle_event/3
    (elixir 1.19.5) lib/enum.ex:2520: Enum."-reduce/3-lists^foldl/2-0-"/3
    (commanded 1.4.9) lib/commanded/event/handler.ex:969: Commanded.Event.Handler.handle_info/2
    (stdlib 7.1) gen_server.erl:2434: :gen_server.try_handle_info/3
    (stdlib 7.1) gen_server.erl:2420: :gen_server.handle_msg/3
    (stdlib 7.1) proc_lib.erl:333: :proc_lib.init_p_do_apply/3

23:10:03.075 [warning] Nexus.Identity.Projectors.UserRegistrationProjector has requested to stop: %Postgrex.Error{message: nil, postgres: %{code: :undefined_column, line: "3721", message: "column i0.id does not exist", position: "8", file: "parse_relation.c", unknown: "ERROR", severity: "ERROR", pg_code: "42703", routine: "errorMissingColumn"}, connection_id: 3155, query: "SELECT i0.\"id\", i0.\"user_id\", i0.\"org_id\", i0.\"locale\", i0.\"timezone\", i0.\"notifications_enabled\", i0.\"created_at\", i0.\"updated_at\" FROM \"identity_user_settings\" AS i0 WHERE (i0.\"id\" = $1)"}
23:10:03.075 [debug] Nexus.Identity.Projectors.UserRegistrationProjector is shutting down due to %Postgrex.Error{message: nil, postgres: %{code: :undefined_column, line: "3721", message: "column i0.id does not exist", position: "8", file: "parse_relation.c", unknown: "ERROR", severity: "ERROR", pg_code: "42703", routine: "errorMissingColumn"}, connection_id: 3155, query: "SELECT i0.\"id\", i0.\"user_id\", i0.\"org_id\", i0.\"locale\", i0.\"timezone\", i0.\"notifications_enabled\", i0.\"created_at\", i0.\"updated_at\" FROM \"identity_user_settings\" AS i0 WHERE (i0.\"id\" = $1)"}
23:10:03.075 [error] GenServer {Nexus.App.LocalRegistry, {Nexus.App, Commanded.Event.Handler, "Identity.Projectors.UserRegistrationProjector"}} terminating
** (stop) %Postgrex.Error{message: nil, postgres: %{code: :undefined_column, line: "3721", message: "column i0.id does not exist", position: "8", file: "parse_relation.c", unknown: "ERROR", severity: "ERROR", pg_code: "42703", routine: "errorMissingColumn"}, connection_id: 3155, query: "SELECT i0.\"id\", i0.\"user_id\", i0.\"org_id\", i0.\"locale\", i0.\"timezone\", i0.\"notifications_enabled\", i0.\"created_at\", i0.\"updated_at\" FROM \"identity_user_settings\" AS i0 WHERE (i0.\"id\" = $1)"}
Last message: {:events, [%Commanded.EventStore.RecordedEvent{event_id: "282ec866-f518-44ed-95f6-7a535d6c3e25", event_number: 11262, stream_id: "019d0c26-0b00-74a0-bd6d-48329cf61a57", stream_version: 1, causation_id: "d64809a4-8402-4360-8536-99b7a0f860ca", correlation_id: "e0f4b4bb-483c-4914-aaaa-956d1587d67e", event_type: "Elixir.Nexus.Identity.Events.UserRegistered", data: %Nexus.Identity.Events.UserRegistered{user_id: "019d0c26-0b00-74a0-bd6d-48329cf61a57", org_id: "019d0c26-0b00-74a0-8884-24b7b734f296", email: "test@example.com", role: "system_admin", cose_key: "Ym9vdHN0cmFwX2Nvc2Vfa2V5", credential_id: "Ym9vdHN0cmFwX2NyZWRlbnRpYWxfaWQ=", registered_at: "2026-03-20T16:48:33.024173Z", display_name: "Test User", status: "active"}, created_at: ~U[2026-03-20 16:48:33.025211Z], metadata: %{"causation_id" => "019d0c26-0b00-71d0-a1d2-041f55e92cfc", "correlation_id" => "019d0c26-0b00-71d0-a1d2-041f55e92cfc"}}]}
State: %Commanded.Event.Handler{application: Nexus.App, consistency: :strong, handler_callback: :event, handler_name: "Identity.Projectors.UserRegistrationProjector", handler_module: Nexus.Identity.Projectors.UserRegistrationProjector, handler_state: nil, last_seen_event: nil, subscription: %Commanded.EventStore.Subscription{application: Nexus.App, backoff: {:backoff, 1000, 60000, 1000, :jitter, :undefined, :undefined}, concurrency: 1, partition_by: nil, subscribe_to: :all, subscribe_from: :origin, subscription_name: "Identity.Projectors.UserRegistrationProjector", subscription_opts: [], subscription_pid: #PID<0.2869.0>, subscription_ref: #Reference<0.504251661.3394502657.223740>}, subscribe_timer: nil}
23:10:03.075 [debug] Subscription "Identity.Projectors.UserRegistrationProjector"@"$all" subscriber #PID<0.2868.0> down due to: %Postgrex.Error{message: nil, postgres: %{code: :undefined_column, line: "3721", message: "column i0.id does not exist", position: "8", file: "parse_relation.c", unknown: "ERROR", severity: "ERROR", pg_code: "42703", routine: "errorMissingColumn"}, connection_id: 3155, query: "SELECT i0.\"id\", i0.\"user_id\", i0.\"org_id\", i0.\"locale\", i0.\"timezone\", i0.\"notifications_enabled\", i0.\"created_at\", i0.\"updated_at\" FROM \"identity_user_settings\" AS i0 WHERE (i0.\"id\" = $1)"}
23:10:03.075 [debug] Subscription "Identity.Projectors.UserRegistrationProjector"@"$all" has no subscribers, shutting down
23:10:03.075 [error] GenServer {Nexus.EventStore.EventStore.Subscriptions.Registry, {"$all", "Identity.Projectors.UserRegistrationProjector"}} terminating
** (stop) %Postgrex.Error{message: nil, postgres: %{code: :undefined_column, line: "3721", message: "column i0.id does not exist", position: "8", file: "parse_relation.c", unknown: "ERROR", severity: "ERROR", pg_code: "42703", routine: "errorMissingColumn"}, connection_id: 3155, query: "SELECT i0.\"id\", i0.\"user_id\", i0.\"org_id\", i0.\"locale\", i0.\"timezone\", i0.\"notifications_enabled\", i0.\"created_at\", i0.\"updated_at\" FROM \"identity_user_settings\" AS i0 WHERE (i0.\"id\" = $1)"}
Last message: {:DOWN, #Reference<0.504251661.3394502657.223738>, :process, #PID<0.2868.0>, %Postgrex.Error{message: nil, postgres: %{code: :undefined_column, line: "3721", message: "column i0.id does not exist", position: "8", file: "parse_relation.c", unknown: "ERROR", severity: "ERROR", pg_code: "42703", routine: "errorMissingColumn"}, connection_id: 3155, query: "SELECT i0.\"id\", i0.\"user_id\", i0.\"org_id\", i0.\"locale\", i0.\"timezone\", i0.\"notifications_enabled\", i0.\"created_at\", i0.\"updated_at\" FROM \"identity_user_settings\" AS i0 WHERE (i0.\"id\" = $1)"}}
State: %EventStore.Subscriptions.Subscription{stream_uuid: "$all", subscription_name: "Identity.Projectors.UserRegistrationProjector", subscription: %EventStore.Subscriptions.SubscriptionFsm{state: :unsubscribed, data: %EventStore.Subscriptions.SubscriptionState{conn: Nexus.EventStore.Postgrex, event_store: Nexus.EventStore, serializer: Commanded.Serialization.JsonSerializer, schema: "event_store", stream_uuid: "$all", start_from: 0, subscription_name: "Identity.Projectors.UserRegistrationProjector", subscription_id: 405, selector: nil, mapper: &Commanded.EventStore.Adapters.EventStore.Mapper.from_recorded_event/1, max_size: 1000, partition_by: nil, query_timeout: 15000, lock_ref: #Reference<0.504251661.3394502660.30103>, last_received: 12228, last_sent: 11262, last_ack: 11261, queue_size: 967, buffer_size: 1, checkpoint_after: 0, checkpoint_threshold: 1, checkpoint_timer_ref: nil, checkpoints_pending: 0, subscribers: %{}, partitions: %{nil: {[%EventStore.RecordedEvent{event_number: 12228, event_id: "09c135f3-e6cb-49bc-81c3-586b4a99fd72", stream_uuid: "ba9ba3da-fea6-48d9-9922-befe7026f5cc", stream_version: 3, correlation_id: "902485ee-cc53-4803-804a-6d742585af10", causation_id: "01922623-15ce-4222-be02-54e41f028373", event_type: "Elixir.Nexus.Identity.Events.SettingsUpdated", data: %Nexus.Identity.Events.SettingsUpdated{org_id: "59134142-de0c-401f-84cf-01b308e7beea", user_id: "ba9ba3da-fea6-48d9-9922-befe7026f5cc", locale: "fr", timezone: "Europe/Paris", notifications_enabled: true, updated_at: "2026-03-20T23:10:03.003466Z"}, metadata: %{"causation_id" => "019d0d83-50fb-76b9-b3c3-9f9ffff96169", "correlation_id" => "019d0d83-50fb-76b9-b3c3-9f9ffff96169"}, created_at: ~U[2026-03-20 23:10:03.004032Z]}, %EventStore.RecordedEvent{event_number: 12227, event_id: "2cb7e60f-876a-4b3d-a0cf-79ce787ffc73", stream_uuid: "ba9ba3da-fea6-48d9-9922-befe7026f5cc", stream_version: 2, correlation_id: "a1777de2-55b0-4c36-b14b-9bfd78376f7d", causation_id: "e52f51cf-cba6-4432-b5ca-53a579ec6263", event_type: "Elixir.Nexus.Identity.Events.SessionStarted", data: %Nexus.Identity.Events.SessionStarted{org_id: "59134142-de0c-401f-84cf-01b308e7beea", user_id: "ba9ba3da-fea6-48d9-9922-befe7026f5cc", session_id: "684b6bac-827a-4ceb-9861-846a2b7f892e", session_token: "mock-token", user_agent: "Mozilla/5.0 (Macintosh; Intel Mac OS X 10_15_7)", ip_address: "127.0.0.1", started_at: "2026-03-20T23:10:02.900974Z"}, metadata: %{"causation_id" => "019d0d83-5095-7a69-8847-4462525e408d", "correlation_id" => "019d0d83-5095-7a69-8847-4462525e408d"}, created_at: ~U[2026-03-20 23:10:02.901379Z]}, %EventStore.RecordedEvent{event_number: 12226, event_id: "c30b19ec-e929-472c-ac8b-a5a8711e9b70", stream_uuid: "ba9ba3da-fea6-48d9-9922-befe7026f5cc", stream_version: 1, correlation_id: "63930bf3-6d78-4bb8-965e-020e650c1443", causation_id: "fad08287-ca47-4012-b1b3-738e408b6cd2", event_type: "Elixir.Nexus.Identity.Events.UserRegistered", data: %Nexus.Identity.Events.UserRegistered{user_id: "ba9ba3da-fea6-48d9-9922-befe7026f5cc", org_id: "59134142-de0c-401f-84cf-01b308e7beea", email: "bernard-4558122c-37ba-45b3-ae3e-a2f7b861c40b@nexus.financial", role: "admin", cose_key: "bW9jaw==", credential_id: "bW9jaw==", registered_at: "2026-03-20T23:10:02.697332Z", display_name: "Bernard", status: "active"}, metadata: %{"causation_id" => "019d0d83-4fc9-7634-8690-906da3e4e15a", "correlation_id" => "019d0d83-4fc9-7634-8690-906da3e4e15a"}, created_at: ~U[2026-03-20 23:10:02.698223Z]}, %EventStore.RecordedEvent{event_number: 12225, event_id: "8338242a-cf94-4b71-aa99-a06cb12a5902", stream_uuid: "019d0d83-4d63-7c0f-8998-bde5f58f823e", stream_version: 3, correlation_id: "497bc4b2-89c2-447e-a743-b61b2ed2adbf", causation_id: "9c8c1acc-d317-4eff-b688-0480de89ec6a", ...}, ...], ...}}, ...}}, ...}
23:10:03.075 [debug] Nexus.Identity.Projectors.UserRegistrationProjector is shutting down due to {%Postgrex.Error{message: nil, postgres: %{code: :undefined_column, line: "3721", message: "column i0.id does not exist", position: "8", file: "parse_relation.c", unknown: "ERROR", severity: "ERROR", pg_code: "42703", routine: "errorMissingColumn"}, connection_id: 3155, query: "SELECT i0.\"id\", i0.\"user_id\", i0.\"org_id\", i0.\"locale\", i0.\"timezone\", i0.\"notifications_enabled\", i0.\"created_at\", i0.\"updated_at\" FROM \"identity_user_settings\" AS i0 WHERE (i0.\"id\" = $1)"}, {GenServer, :call, [#PID<0.2869.0>, {:connect, #PID<0.2870.0>, [retry_interval: 60000, hibernate_after: 15000, partition_by: nil, concurrency_limit: 1, name: Nexus.EventStore, mapper: &Commanded.EventStore.Adapters.EventStore.Mapper.from_recorded_event/1, conn: Nexus.EventStore.Postgrex, event_store: Nexus.EventStore, query_timeout: 15000, schema: "event_store", serializer: Commanded.Serialization.JsonSerializer, stream_uuid: "$all", subscription_name: "Identity.Projectors.UserRegistrationProjector", start_from: 0]}, 5000]}}
23:10:03.075 [error] GenServer {Nexus.App.LocalRegistry, {Nexus.App, Commanded.Event.Handler, "Identity.Projectors.UserRegistrationProjector"}} terminating
** (stop) exited in: GenServer.call(#PID<0.2869.0>, {:connect, #PID<0.2870.0>, [retry_interval: 60000, hibernate_after: 15000, partition_by: nil, concurrency_limit: 1, name: Nexus.EventStore, mapper: &Commanded.EventStore.Adapters.EventStore.Mapper.from_recorded_event/1, conn: Nexus.EventStore.Postgrex, event_store: Nexus.EventStore, query_timeout: 15000, schema: "event_store", serializer: Commanded.Serialization.JsonSerializer, stream_uuid: "$all", subscription_name: "Identity.Projectors.UserRegistrationProjector", start_from: 0]}, 5000)
    ** (EXIT) %Postgrex.Error{message: nil, postgres: %{code: :undefined_column, line: "3721", message: "column i0.id does not exist", position: "8", file: "parse_relation.c", unknown: "ERROR", severity: "ERROR", pg_code: "42703", routine: "errorMissingColumn"}, connection_id: 3155, query: "SELECT i0.\"id\", i0.\"user_id\", i0.\"org_id\", i0.\"locale\", i0.\"timezone\", i0.\"notifications_enabled\", i0.\"created_at\", i0.\"updated_at\" FROM \"identity_user_settings\" AS i0 WHERE (i0.\"id\" = $1)"}
    (elixir 1.19.5) lib/gen_server.ex:1142: GenServer.call/3
    (commanded 1.4.9) lib/commanded/event_store.ex:289: anonymous fn/2 in Commanded.EventStore.span/3
    (telemetry 1.3.0) /Users/bernard/dev/nexus/deps/telemetry/src/telemetry.erl:324: :telemetry.span/3
    (commanded 1.4.9) lib/commanded/event_store/subscription.ex:58: Commanded.EventStore.Subscription.subscribe/2
    (commanded 1.4.9) lib/commanded/event/handler.ex:1024: Commanded.Event.Handler.subscribe_to_events/1
    (commanded 1.4.9) lib/commanded/event/handler.ex:887: Commanded.Event.Handler.handle_continue/2
    (stdlib 7.1) gen_server.erl:2424: :gen_server.try_handle_continue/3
    (stdlib 7.1) gen_server.erl:2291: :gen_server.loop/4
    (stdlib 7.1) proc_lib.erl:333: :proc_lib.init_p_do_apply/3
Last message: {:continue, :subscribe_to_events}
State: %Commanded.Event.Handler{application: Nexus.App, consistency: :strong, handler_callback: :event, handler_name: "Identity.Projectors.UserRegistrationProjector", handler_module: Nexus.Identity.Projectors.UserRegistrationProjector, handler_state: nil, last_seen_event: nil, subscription: %Commanded.EventStore.Subscription{application: Nexus.App, backoff: {:backoff, 1000, 60000, 1000, :jitter, :undefined, :undefined}, concurrency: 1, partition_by: nil, subscribe_to: :all, subscribe_from: :origin, subscription_name: "Identity.Projectors.UserRegistrationProjector", subscription_opts: [], subscription_pid: nil, subscription_ref: nil}, subscribe_timer: nil}
23:10:03.076 [debug] Subscription "Identity.Projectors.UserRegistrationProjector"@"$all" attempting to connect subscriber #PID<0.2871.0>
23:10:03.077 [debug] Subscription "Identity.Projectors.UserRegistrationProjector"@"$all" catching-up
23:10:03.077 [debug] Nexus.Identity.Projectors.UserRegistrationProjector has successfully subscribed to event store
23:10:03.091 [debug] Nexus.Identity.Projectors.UserRegistrationProjector received events: [%Commanded.EventStore.RecordedEvent{event_id: "282ec866-f518-44ed-95f6-7a535d6c3e25", event_number: 11262, stream_id: "019d0c26-0b00-74a0-bd6d-48329cf61a57", stream_version: 1, causation_id: "d64809a4-8402-4360-8536-99b7a0f860ca", correlation_id: "e0f4b4bb-483c-4914-aaaa-956d1587d67e", event_type: "Elixir.Nexus.Identity.Events.UserRegistered", data: %Nexus.Identity.Events.UserRegistered{user_id: "019d0c26-0b00-74a0-bd6d-48329cf61a57", org_id: "019d0c26-0b00-74a0-8884-24b7b734f296", email: "test@example.com", role: "system_admin", cose_key: "Ym9vdHN0cmFwX2Nvc2Vfa2V5", credential_id: "Ym9vdHN0cmFwX2NyZWRlbnRpYWxfaWQ=", registered_at: "2026-03-20T16:48:33.024173Z", display_name: "Test User", status: "active"}, created_at: ~U[2026-03-20 16:48:33.025211Z], metadata: %{"causation_id" => "019d0c26-0b00-71d0-a1d2-041f55e92cfc", "correlation_id" => "019d0c26-0b00-71d0-a1d2-041f55e92cfc"}}]
23:10:03.091 [debug] QUERY OK db=0.1ms
begin []
23:10:03.091 [debug] QUERY OK source="projection_versions" db=0.1ms
INSERT INTO "projection_versions" AS p0 ("projection_name","last_seen_event_number","inserted_at","updated_at") VALUES ($1,$2,$3,$4) ON CONFLICT ("projection_name") DO UPDATE SET "last_seen_event_number" = $5 WHERE ((p0."projection_name" = $6) AND (p0."last_seen_event_number" < $7)) ["Identity.Projectors.UserRegistrationProjector", 11262, ~N[2026-03-20 23:10:03.091660], ~N[2026-03-20 23:10:03.091660], 11262, "Identity.Projectors.UserRegistrationProjector", 11262]
23:10:03.092 [debug] QUERY OK source="users" db=0.1ms
SELECT u0."id", u0."org_id", u0."email", u0."display_name", u0."status", u0."cose_key", u0."credential_id", u0."roles", u0."created_at", u0."updated_at" FROM "users" AS u0 WHERE (u0."id" = $1) ["019d0c26-0b00-74a0-bd6d-48329cf61a57"]
23:10:03.092 [debug] QUERY OK source="users" db=0.1ms
SELECT u0."id", u0."org_id", u0."email", u0."display_name", u0."status", u0."cose_key", u0."credential_id", u0."roles", u0."created_at", u0."updated_at" FROM "users" AS u0 WHERE (u0."email" = $1) ["test@example.com"]
23:10:03.092 [debug] QUERY OK source="users" db=0.1ms
INSERT INTO "users" ("id","status","org_id","email","display_name","roles","cose_key","credential_id","created_at","updated_at") VALUES ($1,$2,$3,$4,$5,$6,$7,$8,$9,$10) ["019d0c26-0b00-74a0-bd6d-48329cf61a57", "active", "019d0c26-0b00-74a0-8884-24b7b734f296", "test@example.com", "Test User", ["system_admin"], "bootstrap_cose_key", "bootstrap_credential_id", ~U[2026-03-20 23:10:03.092328Z], ~U[2026-03-20 23:10:03.092328Z]]
23:10:03.092 [debug] QUERY ERROR source="identity_user_settings" db=0.0ms
SELECT i0."id", i0."user_id", i0."org_id", i0."locale", i0."timezone", i0."notifications_enabled", i0."created_at", i0."updated_at" FROM "identity_user_settings" AS i0 WHERE (i0."id" = $1) ["019d0c26-0b00-74a0-bd6d-48329cf61a57"]
23:10:03.092 [debug] QUERY OK db=0.1ms
rollback []
23:10:03.094 [error] Nexus.Identity.Projectors.UserRegistrationProjector failed to handle event:
%Commanded.EventStore.RecordedEvent{
  event_id: "282ec866-f518-44ed-95f6-7a535d6c3e25",
  event_number: 11262,
  stream_id: "019d0c26-0b00-74a0-bd6d-48329cf61a57",
  stream_version: 1,
  causation_id: "d64809a4-8402-4360-8536-99b7a0f860ca",
  correlation_id: "e0f4b4bb-483c-4914-aaaa-956d1587d67e",
  event_type: "Elixir.Nexus.Identity.Events.UserRegistered",
  data: %Nexus.Identity.Events.UserRegistered{
    user_id: "019d0c26-0b00-74a0-bd6d-48329cf61a57",
    org_id: "019d0c26-0b00-74a0-8884-24b7b734f296",
    email: "test@example.com",
    role: "system_admin",
    cose_key: "Ym9vdHN0cmFwX2Nvc2Vfa2V5",
    credential_id: "Ym9vdHN0cmFwX2NyZWRlbnRpYWxfaWQ=",
    registered_at: "2026-03-20T16:48:33.024173Z",
    display_name: "Test User",
    status: "active"
  },
  created_at: ~U[2026-03-20 16:48:33.025211Z],
  metadata: %{
    "causation_id" => "019d0c26-0b00-71d0-a1d2-041f55e92cfc",
    "correlation_id" => "019d0c26-0b00-71d0-a1d2-041f55e92cfc"
  }
}, due to:
** (Postgrex.Error) ERROR 42703 (undefined_column) column i0.id does not exist

    query: SELECT i0."id", i0."user_id", i0."org_id", i0."locale", i0."timezone", i0."notifications_enabled", i0."created_at", i0."updated_at" FROM "identity_user_settings" AS i0 WHERE (i0."id" = $1)
    (ecto_sql 3.13.4) lib/ecto/adapters/sql.ex:1113: Ecto.Adapters.SQL.raise_sql_call_error/1
    (ecto_sql 3.13.4) lib/ecto/adapters/sql.ex:1011: Ecto.Adapters.SQL.execute/6
    (ecto 3.13.5) lib/ecto/repo/queryable.ex:241: Ecto.Repo.Queryable.execute/4
    (ecto 3.13.5) lib/ecto/repo/queryable.ex:19: Ecto.Repo.Queryable.all/3
    (ecto 3.13.5) lib/ecto/repo/queryable.ex:163: Ecto.Repo.Queryable.one/3
    (nexus 0.1.0) lib/nexus/identity/projectors/user_registration_projector.ex:53: anonymous fn/3 in Nexus.Identity.Projectors.UserRegistrationProjector.project_registration/3
    (ecto 3.13.5) lib/ecto/multi.ex:905: Ecto.Multi.apply_operation/5
    (elixir 1.19.5) lib/enum.ex:2520: Enum."-reduce/3-lists^foldl/2-0-"/3
    (ecto 3.13.5) lib/ecto/multi.ex:878: anonymous fn/5 in Ecto.Multi.apply_operations/5
    (ecto_sql 3.13.4) lib/ecto/adapters/sql.ex:1473: anonymous fn/3 in Ecto.Adapters.SQL.checkout_or_transaction/4
    (db_connection 2.9.0) lib/db_connection.ex:1747: DBConnection.run_transaction/4
    (ecto 3.13.5) lib/ecto/repo/transaction.ex:30: Ecto.Repo.Transaction.transact/4
    (nexus 0.1.0) deps/commanded_ecto_projections/lib/projections/ecto.ex:97: Nexus.Identity.Projectors.UserRegistrationProjector.update_projection/3
    (commanded 1.4.9) lib/commanded/event/handler.ex:1221: Commanded.Event.Handler.delegate_event_to_handler/2
    (commanded 1.4.9) lib/commanded/event/handler.ex:1062: Commanded.Event.Handler.handle_event/3
    (elixir 1.19.5) lib/enum.ex:2520: Enum."-reduce/3-lists^foldl/2-0-"/3
    (commanded 1.4.9) lib/commanded/event/handler.ex:969: Commanded.Event.Handler.handle_info/2
    (stdlib 7.1) gen_server.erl:2434: :gen_server.try_handle_info/3
    (stdlib 7.1) gen_server.erl:2420: :gen_server.handle_msg/3
    (stdlib 7.1) proc_lib.erl:333: :proc_lib.init_p_do_apply/3

23:10:03.094 [warning] Nexus.Identity.Projectors.UserRegistrationProjector has requested to stop: %Postgrex.Error{message: nil, postgres: %{code: :undefined_column, line: "3721", message: "column i0.id does not exist", position: "8", file: "parse_relation.c", unknown: "ERROR", severity: "ERROR", pg_code: "42703", routine: "errorMissingColumn"}, connection_id: 3155, query: "SELECT i0.\"id\", i0.\"user_id\", i0.\"org_id\", i0.\"locale\", i0.\"timezone\", i0.\"notifications_enabled\", i0.\"created_at\", i0.\"updated_at\" FROM \"identity_user_settings\" AS i0 WHERE (i0.\"id\" = $1)"}
23:10:03.094 [debug] Nexus.Identity.Projectors.UserRegistrationProjector is shutting down due to %Postgrex.Error{message: nil, postgres: %{code: :undefined_column, line: "3721", message: "column i0.id does not exist", position: "8", file: "parse_relation.c", unknown: "ERROR", severity: "ERROR", pg_code: "42703", routine: "errorMissingColumn"}, connection_id: 3155, query: "SELECT i0.\"id\", i0.\"user_id\", i0.\"org_id\", i0.\"locale\", i0.\"timezone\", i0.\"notifications_enabled\", i0.\"created_at\", i0.\"updated_at\" FROM \"identity_user_settings\" AS i0 WHERE (i0.\"id\" = $1)"}
23:10:03.094 [error] GenServer {Nexus.App.LocalRegistry, {Nexus.App, Commanded.Event.Handler, "Identity.Projectors.UserRegistrationProjector"}} terminating
** (stop) %Postgrex.Error{message: nil, postgres: %{code: :undefined_column, line: "3721", message: "column i0.id does not exist", position: "8", file: "parse_relation.c", unknown: "ERROR", severity: "ERROR", pg_code: "42703", routine: "errorMissingColumn"}, connection_id: 3155, query: "SELECT i0.\"id\", i0.\"user_id\", i0.\"org_id\", i0.\"locale\", i0.\"timezone\", i0.\"notifications_enabled\", i0.\"created_at\", i0.\"updated_at\" FROM \"identity_user_settings\" AS i0 WHERE (i0.\"id\" = $1)"}
Last message: {:events, [%Commanded.EventStore.RecordedEvent{event_id: "282ec866-f518-44ed-95f6-7a535d6c3e25", event_number: 11262, stream_id: "019d0c26-0b00-74a0-bd6d-48329cf61a57", stream_version: 1, causation_id: "d64809a4-8402-4360-8536-99b7a0f860ca", correlation_id: "e0f4b4bb-483c-4914-aaaa-956d1587d67e", event_type: "Elixir.Nexus.Identity.Events.UserRegistered", data: %Nexus.Identity.Events.UserRegistered{user_id: "019d0c26-0b00-74a0-bd6d-48329cf61a57", org_id: "019d0c26-0b00-74a0-8884-24b7b734f296", email: "test@example.com", role: "system_admin", cose_key: "Ym9vdHN0cmFwX2Nvc2Vfa2V5", credential_id: "Ym9vdHN0cmFwX2NyZWRlbnRpYWxfaWQ=", registered_at: "2026-03-20T16:48:33.024173Z", display_name: "Test User", status: "active"}, created_at: ~U[2026-03-20 16:48:33.025211Z], metadata: %{"causation_id" => "019d0c26-0b00-71d0-a1d2-041f55e92cfc", "correlation_id" => "019d0c26-0b00-71d0-a1d2-041f55e92cfc"}}]}
State: %Commanded.Event.Handler{application: Nexus.App, consistency: :strong, handler_callback: :event, handler_name: "Identity.Projectors.UserRegistrationProjector", handler_module: Nexus.Identity.Projectors.UserRegistrationProjector, handler_state: nil, last_seen_event: nil, subscription: %Commanded.EventStore.Subscription{application: Nexus.App, backoff: {:backoff, 1000, 60000, 1000, :jitter, :undefined, :undefined}, concurrency: 1, partition_by: nil, subscribe_to: :all, subscribe_from: :origin, subscription_name: "Identity.Projectors.UserRegistrationProjector", subscription_opts: [], subscription_pid: #PID<0.2872.0>, subscription_ref: #Reference<0.504251661.3394502659.67546>}, subscribe_timer: nil}
23:10:03.094 [debug] Subscription "Identity.Projectors.UserRegistrationProjector"@"$all" subscriber #PID<0.2871.0> down due to: %Postgrex.Error{message: nil, postgres: %{code: :undefined_column, line: "3721", message: "column i0.id does not exist", position: "8", file: "parse_relation.c", unknown: "ERROR", severity: "ERROR", pg_code: "42703", routine: "errorMissingColumn"}, connection_id: 3155, query: "SELECT i0.\"id\", i0.\"user_id\", i0.\"org_id\", i0.\"locale\", i0.\"timezone\", i0.\"notifications_enabled\", i0.\"created_at\", i0.\"updated_at\" FROM \"identity_user_settings\" AS i0 WHERE (i0.\"id\" = $1)"}
23:10:03.094 [debug] Subscription "Identity.Projectors.UserRegistrationProjector"@"$all" has no subscribers, shutting down
23:10:03.094 [error] GenServer {Nexus.EventStore.EventStore.Subscriptions.Registry, {"$all", "Identity.Projectors.UserRegistrationProjector"}} terminating
** (stop) %Postgrex.Error{message: nil, postgres: %{code: :undefined_column, line: "3721", message: "column i0.id does not exist", position: "8", file: "parse_relation.c", unknown: "ERROR", severity: "ERROR", pg_code: "42703", routine: "errorMissingColumn"}, connection_id: 3155, query: "SELECT i0.\"id\", i0.\"user_id\", i0.\"org_id\", i0.\"locale\", i0.\"timezone\", i0.\"notifications_enabled\", i0.\"created_at\", i0.\"updated_at\" FROM \"identity_user_settings\" AS i0 WHERE (i0.\"id\" = $1)"}
Last message: {:DOWN, #Reference<0.504251661.3394502659.67541>, :process, #PID<0.2871.0>, %Postgrex.Error{message: nil, postgres: %{code: :undefined_column, line: "3721", message: "column i0.id does not exist", position: "8", file: "parse_relation.c", unknown: "ERROR", severity: "ERROR", pg_code: "42703", routine: "errorMissingColumn"}, connection_id: 3155, query: "SELECT i0.\"id\", i0.\"user_id\", i0.\"org_id\", i0.\"locale\", i0.\"timezone\", i0.\"notifications_enabled\", i0.\"created_at\", i0.\"updated_at\" FROM \"identity_user_settings\" AS i0 WHERE (i0.\"id\" = $1)"}}
State: %EventStore.Subscriptions.Subscription{stream_uuid: "$all", subscription_name: "Identity.Projectors.UserRegistrationProjector", subscription: %EventStore.Subscriptions.SubscriptionFsm{state: :unsubscribed, data: %EventStore.Subscriptions.SubscriptionState{conn: Nexus.EventStore.Postgrex, event_store: Nexus.EventStore, serializer: Commanded.Serialization.JsonSerializer, schema: "event_store", stream_uuid: "$all", start_from: 0, subscription_name: "Identity.Projectors.UserRegistrationProjector", subscription_id: 405, selector: nil, mapper: &Commanded.EventStore.Adapters.EventStore.Mapper.from_recorded_event/1, max_size: 1000, partition_by: nil, query_timeout: 15000, lock_ref: #Reference<0.504251661.3394502660.30249>, last_received: 12228, last_sent: 11262, last_ack: 11261, queue_size: 967, buffer_size: 1, checkpoint_after: 0, checkpoint_threshold: 1, checkpoint_timer_ref: nil, checkpoints_pending: 0, subscribers: %{}, partitions: %{nil: {[%EventStore.RecordedEvent{event_number: 12228, event_id: "09c135f3-e6cb-49bc-81c3-586b4a99fd72", stream_uuid: "ba9ba3da-fea6-48d9-9922-befe7026f5cc", stream_version: 3, correlation_id: "902485ee-cc53-4803-804a-6d742585af10", causation_id: "01922623-15ce-4222-be02-54e41f028373", event_type: "Elixir.Nexus.Identity.Events.SettingsUpdated", data: %Nexus.Identity.Events.SettingsUpdated{org_id: "59134142-de0c-401f-84cf-01b308e7beea", user_id: "ba9ba3da-fea6-48d9-9922-befe7026f5cc", locale: "fr", timezone: "Europe/Paris", notifications_enabled: true, updated_at: "2026-03-20T23:10:03.003466Z"}, metadata: %{"causation_id" => "019d0d83-50fb-76b9-b3c3-9f9ffff96169", "correlation_id" => "019d0d83-50fb-76b9-b3c3-9f9ffff96169"}, created_at: ~U[2026-03-20 23:10:03.004032Z]}, %EventStore.RecordedEvent{event_number: 12227, event_id: "2cb7e60f-876a-4b3d-a0cf-79ce787ffc73", stream_uuid: "ba9ba3da-fea6-48d9-9922-befe7026f5cc", stream_version: 2, correlation_id: "a1777de2-55b0-4c36-b14b-9bfd78376f7d", causation_id: "e52f51cf-cba6-4432-b5ca-53a579ec6263", event_type: "Elixir.Nexus.Identity.Events.SessionStarted", data: %Nexus.Identity.Events.SessionStarted{org_id: "59134142-de0c-401f-84cf-01b308e7beea", user_id: "ba9ba3da-fea6-48d9-9922-befe7026f5cc", session_id: "684b6bac-827a-4ceb-9861-846a2b7f892e", session_token: "mock-token", user_agent: "Mozilla/5.0 (Macintosh; Intel Mac OS X 10_15_7)", ip_address: "127.0.0.1", started_at: "2026-03-20T23:10:02.900974Z"}, metadata: %{"causation_id" => "019d0d83-5095-7a69-8847-4462525e408d", "correlation_id" => "019d0d83-5095-7a69-8847-4462525e408d"}, created_at: ~U[2026-03-20 23:10:02.901379Z]}, %EventStore.RecordedEvent{event_number: 12226, event_id: "c30b19ec-e929-472c-ac8b-a5a8711e9b70", stream_uuid: "ba9ba3da-fea6-48d9-9922-befe7026f5cc", stream_version: 1, correlation_id: "63930bf3-6d78-4bb8-965e-020e650c1443", causation_id: "fad08287-ca47-4012-b1b3-738e408b6cd2", event_type: "Elixir.Nexus.Identity.Events.UserRegistered", data: %Nexus.Identity.Events.UserRegistered{user_id: "ba9ba3da-fea6-48d9-9922-befe7026f5cc", org_id: "59134142-de0c-401f-84cf-01b308e7beea", email: "bernard-4558122c-37ba-45b3-ae3e-a2f7b861c40b@nexus.financial", role: "admin", cose_key: "bW9jaw==", credential_id: "bW9jaw==", registered_at: "2026-03-20T23:10:02.697332Z", display_name: "Bernard", status: "active"}, metadata: %{"causation_id" => "019d0d83-4fc9-7634-8690-906da3e4e15a", "correlation_id" => "019d0d83-4fc9-7634-8690-906da3e4e15a"}, created_at: ~U[2026-03-20 23:10:02.698223Z]}, %EventStore.RecordedEvent{event_number: 12225, event_id: "8338242a-cf94-4b71-aa99-a06cb12a5902", stream_uuid: "019d0d83-4d63-7c0f-8998-bde5f58f823e", stream_version: 3, correlation_id: "497bc4b2-89c2-447e-a743-b61b2ed2adbf", causation_id: "9c8c1acc-d317-4eff-b688-0480de89ec6a", ...}, ...], ...}}, ...}}, ...}
23:10:03.094 [debug] Nexus.Identity.Projectors.UserRegistrationProjector is shutting down due to {%Postgrex.Error{message: nil, postgres: %{code: :undefined_column, line: "3721", message: "column i0.id does not exist", position: "8", file: "parse_relation.c", unknown: "ERROR", severity: "ERROR", pg_code: "42703", routine: "errorMissingColumn"}, connection_id: 3155, query: "SELECT i0.\"id\", i0.\"user_id\", i0.\"org_id\", i0.\"locale\", i0.\"timezone\", i0.\"notifications_enabled\", i0.\"created_at\", i0.\"updated_at\" FROM \"identity_user_settings\" AS i0 WHERE (i0.\"id\" = $1)"}, {GenServer, :call, [#PID<0.2872.0>, {:connect, #PID<0.2873.0>, [retry_interval: 60000, hibernate_after: 15000, partition_by: nil, concurrency_limit: 1, name: Nexus.EventStore, mapper: &Commanded.EventStore.Adapters.EventStore.Mapper.from_recorded_event/1, conn: Nexus.EventStore.Postgrex, event_store: Nexus.EventStore, query_timeout: 15000, schema: "event_store", serializer: Commanded.Serialization.JsonSerializer, stream_uuid: "$all", subscription_name: "Identity.Projectors.UserRegistrationProjector", start_from: 0]}, 5000]}}
23:10:03.094 [error] GenServer {Nexus.App.LocalRegistry, {Nexus.App, Commanded.Event.Handler, "Identity.Projectors.UserRegistrationProjector"}} terminating
** (stop) exited in: GenServer.call(#PID<0.2872.0>, {:connect, #PID<0.2873.0>, [retry_interval: 60000, hibernate_after: 15000, partition_by: nil, concurrency_limit: 1, name: Nexus.EventStore, mapper: &Commanded.EventStore.Adapters.EventStore.Mapper.from_recorded_event/1, conn: Nexus.EventStore.Postgrex, event_store: Nexus.EventStore, query_timeout: 15000, schema: "event_store", serializer: Commanded.Serialization.JsonSerializer, stream_uuid: "$all", subscription_name: "Identity.Projectors.UserRegistrationProjector", start_from: 0]}, 5000)
    ** (EXIT) %Postgrex.Error{message: nil, postgres: %{code: :undefined_column, line: "3721", message: "column i0.id does not exist", position: "8", file: "parse_relation.c", unknown: "ERROR", severity: "ERROR", pg_code: "42703", routine: "errorMissingColumn"}, connection_id: 3155, query: "SELECT i0.\"id\", i0.\"user_id\", i0.\"org_id\", i0.\"locale\", i0.\"timezone\", i0.\"notifications_enabled\", i0.\"created_at\", i0.\"updated_at\" FROM \"identity_user_settings\" AS i0 WHERE (i0.\"id\" = $1)"}
    (elixir 1.19.5) lib/gen_server.ex:1142: GenServer.call/3
    (commanded 1.4.9) lib/commanded/event_store.ex:289: anonymous fn/2 in Commanded.EventStore.span/3
    (telemetry 1.3.0) /Users/bernard/dev/nexus/deps/telemetry/src/telemetry.erl:324: :telemetry.span/3
    (commanded 1.4.9) lib/commanded/event_store/subscription.ex:58: Commanded.EventStore.Subscription.subscribe/2
    (commanded 1.4.9) lib/commanded/event/handler.ex:1024: Commanded.Event.Handler.subscribe_to_events/1
    (commanded 1.4.9) lib/commanded/event/handler.ex:887: Commanded.Event.Handler.handle_continue/2
    (stdlib 7.1) gen_server.erl:2424: :gen_server.try_handle_continue/3
    (stdlib 7.1) gen_server.erl:2291: :gen_server.loop/4
    (stdlib 7.1) proc_lib.erl:333: :proc_lib.init_p_do_apply/3
Last message: {:continue, :subscribe_to_events}
State: %Commanded.Event.Handler{application: Nexus.App, consistency: :strong, handler_callback: :event, handler_name: "Identity.Projectors.UserRegistrationProjector", handler_module: Nexus.Identity.Projectors.UserRegistrationProjector, handler_state: nil, last_seen_event: nil, subscription: %Commanded.EventStore.Subscription{application: Nexus.App, backoff: {:backoff, 1000, 60000, 1000, :jitter, :undefined, :undefined}, concurrency: 1, partition_by: nil, subscribe_to: :all, subscribe_from: :origin, subscription_name: "Identity.Projectors.UserRegistrationProjector", subscription_opts: [], subscription_pid: nil, subscription_ref: nil}, subscribe_timer: nil}
23:10:03.095 [debug] Subscription "Identity.Projectors.UserRegistrationProjector"@"$all" attempting to connect subscriber #PID<0.2874.0>
23:10:03.096 [debug] Subscription "Identity.Projectors.UserRegistrationProjector"@"$all" catching-up
23:10:03.096 [debug] Nexus.Identity.Projectors.UserRegistrationProjector has successfully subscribed to event store
23:10:03.110 [debug] Nexus.Identity.Projectors.UserRegistrationProjector received events: [%Commanded.EventStore.RecordedEvent{event_id: "282ec866-f518-44ed-95f6-7a535d6c3e25", event_number: 11262, stream_id: "019d0c26-0b00-74a0-bd6d-48329cf61a57", stream_version: 1, causation_id: "d64809a4-8402-4360-8536-99b7a0f860ca", correlation_id: "e0f4b4bb-483c-4914-aaaa-956d1587d67e", event_type: "Elixir.Nexus.Identity.Events.UserRegistered", data: %Nexus.Identity.Events.UserRegistered{user_id: "019d0c26-0b00-74a0-bd6d-48329cf61a57", org_id: "019d0c26-0b00-74a0-8884-24b7b734f296", email: "test@example.com", role: "system_admin", cose_key: "Ym9vdHN0cmFwX2Nvc2Vfa2V5", credential_id: "Ym9vdHN0cmFwX2NyZWRlbnRpYWxfaWQ=", registered_at: "2026-03-20T16:48:33.024173Z", display_name: "Test User", status: "active"}, created_at: ~U[2026-03-20 16:48:33.025211Z], metadata: %{"causation_id" => "019d0c26-0b00-71d0-a1d2-041f55e92cfc", "correlation_id" => "019d0c26-0b00-71d0-a1d2-041f55e92cfc"}}]
23:10:03.110 [debug] QUERY OK db=0.0ms
begin []
23:10:03.110 [debug] QUERY OK source="projection_versions" db=0.1ms
INSERT INTO "projection_versions" AS p0 ("projection_name","last_seen_event_number","inserted_at","updated_at") VALUES ($1,$2,$3,$4) ON CONFLICT ("projection_name") DO UPDATE SET "last_seen_event_number" = $5 WHERE ((p0."projection_name" = $6) AND (p0."last_seen_event_number" < $7)) ["Identity.Projectors.UserRegistrationProjector", 11262, ~N[2026-03-20 23:10:03.110579], ~N[2026-03-20 23:10:03.110579], 11262, "Identity.Projectors.UserRegistrationProjector", 11262]
23:10:03.111 [debug] QUERY OK source="users" db=0.1ms
SELECT u0."id", u0."org_id", u0."email", u0."display_name", u0."status", u0."cose_key", u0."credential_id", u0."roles", u0."created_at", u0."updated_at" FROM "users" AS u0 WHERE (u0."id" = $1) ["019d0c26-0b00-74a0-bd6d-48329cf61a57"]
23:10:03.111 [debug] QUERY OK source="users" db=0.1ms
SELECT u0."id", u0."org_id", u0."email", u0."display_name", u0."status", u0."cose_key", u0."credential_id", u0."roles", u0."created_at", u0."updated_at" FROM "users" AS u0 WHERE (u0."email" = $1) ["test@example.com"]
23:10:03.111 [debug] QUERY OK source="users" db=0.1ms
INSERT INTO "users" ("id","status","org_id","email","display_name","roles","cose_key","credential_id","created_at","updated_at") VALUES ($1,$2,$3,$4,$5,$6,$7,$8,$9,$10) ["019d0c26-0b00-74a0-bd6d-48329cf61a57", "active", "019d0c26-0b00-74a0-8884-24b7b734f296", "test@example.com", "Test User", ["system_admin"], "bootstrap_cose_key", "bootstrap_credential_id", ~U[2026-03-20 23:10:03.111227Z], ~U[2026-03-20 23:10:03.111227Z]]
23:10:03.111 [debug] QUERY ERROR source="identity_user_settings" db=0.0ms
SELECT i0."id", i0."user_id", i0."org_id", i0."locale", i0."timezone", i0."notifications_enabled", i0."created_at", i0."updated_at" FROM "identity_user_settings" AS i0 WHERE (i0."id" = $1) ["019d0c26-0b00-74a0-bd6d-48329cf61a57"]
23:10:03.111 [debug] QUERY OK db=0.1ms
rollback []
23:10:03.112 [error] Nexus.Identity.Projectors.UserRegistrationProjector failed to handle event:
%Commanded.EventStore.RecordedEvent{
  event_id: "282ec866-f518-44ed-95f6-7a535d6c3e25",
  event_number: 11262,
  stream_id: "019d0c26-0b00-74a0-bd6d-48329cf61a57",
  stream_version: 1,
  causation_id: "d64809a4-8402-4360-8536-99b7a0f860ca",
  correlation_id: "e0f4b4bb-483c-4914-aaaa-956d1587d67e",
  event_type: "Elixir.Nexus.Identity.Events.UserRegistered",
  data: %Nexus.Identity.Events.UserRegistered{
    user_id: "019d0c26-0b00-74a0-bd6d-48329cf61a57",
    org_id: "019d0c26-0b00-74a0-8884-24b7b734f296",
    email: "test@example.com",
    role: "system_admin",
    cose_key: "Ym9vdHN0cmFwX2Nvc2Vfa2V5",
    credential_id: "Ym9vdHN0cmFwX2NyZWRlbnRpYWxfaWQ=",
    registered_at: "2026-03-20T16:48:33.024173Z",
    display_name: "Test User",
    status: "active"
  },
  created_at: ~U[2026-03-20 16:48:33.025211Z],
  metadata: %{
    "causation_id" => "019d0c26-0b00-71d0-a1d2-041f55e92cfc",
    "correlation_id" => "019d0c26-0b00-71d0-a1d2-041f55e92cfc"
  }
}, due to:
** (Postgrex.Error) ERROR 42703 (undefined_column) column i0.id does not exist

    query: SELECT i0."id", i0."user_id", i0."org_id", i0."locale", i0."timezone", i0."notifications_enabled", i0."created_at", i0."updated_at" FROM "identity_user_settings" AS i0 WHERE (i0."id" = $1)
    (ecto_sql 3.13.4) lib/ecto/adapters/sql.ex:1113: Ecto.Adapters.SQL.raise_sql_call_error/1
    (ecto_sql 3.13.4) lib/ecto/adapters/sql.ex:1011: Ecto.Adapters.SQL.execute/6
    (ecto 3.13.5) lib/ecto/repo/queryable.ex:241: Ecto.Repo.Queryable.execute/4
    (ecto 3.13.5) lib/ecto/repo/queryable.ex:19: Ecto.Repo.Queryable.all/3
    (ecto 3.13.5) lib/ecto/repo/queryable.ex:163: Ecto.Repo.Queryable.one/3
    (nexus 0.1.0) lib/nexus/identity/projectors/user_registration_projector.ex:53: anonymous fn/3 in Nexus.Identity.Projectors.UserRegistrationProjector.project_registration/3
    (ecto 3.13.5) lib/ecto/multi.ex:905: Ecto.Multi.apply_operation/5
    (elixir 1.19.5) lib/enum.ex:2520: Enum."-reduce/3-lists^foldl/2-0-"/3
    (ecto 3.13.5) lib/ecto/multi.ex:878: anonymous fn/5 in Ecto.Multi.apply_operations/5
    (ecto_sql 3.13.4) lib/ecto/adapters/sql.ex:1473: anonymous fn/3 in Ecto.Adapters.SQL.checkout_or_transaction/4
    (db_connection 2.9.0) lib/db_connection.ex:1747: DBConnection.run_transaction/4
    (ecto 3.13.5) lib/ecto/repo/transaction.ex:30: Ecto.Repo.Transaction.transact/4
    (nexus 0.1.0) deps/commanded_ecto_projections/lib/projections/ecto.ex:97: Nexus.Identity.Projectors.UserRegistrationProjector.update_projection/3
    (commanded 1.4.9) lib/commanded/event/handler.ex:1221: Commanded.Event.Handler.delegate_event_to_handler/2
    (commanded 1.4.9) lib/commanded/event/handler.ex:1062: Commanded.Event.Handler.handle_event/3
    (elixir 1.19.5) lib/enum.ex:2520: Enum."-reduce/3-lists^foldl/2-0-"/3
    (commanded 1.4.9) lib/commanded/event/handler.ex:969: Commanded.Event.Handler.handle_info/2
    (stdlib 7.1) gen_server.erl:2434: :gen_server.try_handle_info/3
    (stdlib 7.1) gen_server.erl:2420: :gen_server.handle_msg/3
    (stdlib 7.1) proc_lib.erl:333: :proc_lib.init_p_do_apply/3

23:10:03.113 [warning] Nexus.Identity.Projectors.UserRegistrationProjector has requested to stop: %Postgrex.Error{message: nil, postgres: %{code: :undefined_column, line: "3721", message: "column i0.id does not exist", position: "8", file: "parse_relation.c", unknown: "ERROR", severity: "ERROR", pg_code: "42703", routine: "errorMissingColumn"}, connection_id: 3155, query: "SELECT i0.\"id\", i0.\"user_id\", i0.\"org_id\", i0.\"locale\", i0.\"timezone\", i0.\"notifications_enabled\", i0.\"created_at\", i0.\"updated_at\" FROM \"identity_user_settings\" AS i0 WHERE (i0.\"id\" = $1)"}
23:10:03.113 [debug] Nexus.Identity.Projectors.UserRegistrationProjector is shutting down due to %Postgrex.Error{message: nil, postgres: %{code: :undefined_column, line: "3721", message: "column i0.id does not exist", position: "8", file: "parse_relation.c", unknown: "ERROR", severity: "ERROR", pg_code: "42703", routine: "errorMissingColumn"}, connection_id: 3155, query: "SELECT i0.\"id\", i0.\"user_id\", i0.\"org_id\", i0.\"locale\", i0.\"timezone\", i0.\"notifications_enabled\", i0.\"created_at\", i0.\"updated_at\" FROM \"identity_user_settings\" AS i0 WHERE (i0.\"id\" = $1)"}
23:10:03.113 [error] GenServer {Nexus.App.LocalRegistry, {Nexus.App, Commanded.Event.Handler, "Identity.Projectors.UserRegistrationProjector"}} terminating
** (stop) %Postgrex.Error{message: nil, postgres: %{code: :undefined_column, line: "3721", message: "column i0.id does not exist", position: "8", file: "parse_relation.c", unknown: "ERROR", severity: "ERROR", pg_code: "42703", routine: "errorMissingColumn"}, connection_id: 3155, query: "SELECT i0.\"id\", i0.\"user_id\", i0.\"org_id\", i0.\"locale\", i0.\"timezone\", i0.\"notifications_enabled\", i0.\"created_at\", i0.\"updated_at\" FROM \"identity_user_settings\" AS i0 WHERE (i0.\"id\" = $1)"}
Last message: {:events, [%Commanded.EventStore.RecordedEvent{event_id: "282ec866-f518-44ed-95f6-7a535d6c3e25", event_number: 11262, stream_id: "019d0c26-0b00-74a0-bd6d-48329cf61a57", stream_version: 1, causation_id: "d64809a4-8402-4360-8536-99b7a0f860ca", correlation_id: "e0f4b4bb-483c-4914-aaaa-956d1587d67e", event_type: "Elixir.Nexus.Identity.Events.UserRegistered", data: %Nexus.Identity.Events.UserRegistered{user_id: "019d0c26-0b00-74a0-bd6d-48329cf61a57", org_id: "019d0c26-0b00-74a0-8884-24b7b734f296", email: "test@example.com", role: "system_admin", cose_key: "Ym9vdHN0cmFwX2Nvc2Vfa2V5", credential_id: "Ym9vdHN0cmFwX2NyZWRlbnRpYWxfaWQ=", registered_at: "2026-03-20T16:48:33.024173Z", display_name: "Test User", status: "active"}, created_at: ~U[2026-03-20 16:48:33.025211Z], metadata: %{"causation_id" => "019d0c26-0b00-71d0-a1d2-041f55e92cfc", "correlation_id" => "019d0c26-0b00-71d0-a1d2-041f55e92cfc"}}]}
State: %Commanded.Event.Handler{application: Nexus.App, consistency: :strong, handler_callback: :event, handler_name: "Identity.Projectors.UserRegistrationProjector", handler_module: Nexus.Identity.Projectors.UserRegistrationProjector, handler_state: nil, last_seen_event: nil, subscription: %Commanded.EventStore.Subscription{application: Nexus.App, backoff: {:backoff, 1000, 60000, 1000, :jitter, :undefined, :undefined}, concurrency: 1, partition_by: nil, subscribe_to: :all, subscribe_from: :origin, subscription_name: "Identity.Projectors.UserRegistrationProjector", subscription_opts: [], subscription_pid: #PID<0.2875.0>, subscription_ref: #Reference<0.504251661.3394502659.67622>}, subscribe_timer: nil}
23:10:03.113 [debug] Subscription "Identity.Projectors.UserRegistrationProjector"@"$all" subscriber #PID<0.2874.0> down due to: %Postgrex.Error{message: nil, postgres: %{code: :undefined_column, line: "3721", message: "column i0.id does not exist", position: "8", file: "parse_relation.c", unknown: "ERROR", severity: "ERROR", pg_code: "42703", routine: "errorMissingColumn"}, connection_id: 3155, query: "SELECT i0.\"id\", i0.\"user_id\", i0.\"org_id\", i0.\"locale\", i0.\"timezone\", i0.\"notifications_enabled\", i0.\"created_at\", i0.\"updated_at\" FROM \"identity_user_settings\" AS i0 WHERE (i0.\"id\" = $1)"}
23:10:03.113 [debug] Subscription "Identity.Projectors.UserRegistrationProjector"@"$all" has no subscribers, shutting down
23:10:03.113 [error] GenServer {Nexus.EventStore.EventStore.Subscriptions.Registry, {"$all", "Identity.Projectors.UserRegistrationProjector"}} terminating
** (stop) %Postgrex.Error{message: nil, postgres: %{code: :undefined_column, line: "3721", message: "column i0.id does not exist", position: "8", file: "parse_relation.c", unknown: "ERROR", severity: "ERROR", pg_code: "42703", routine: "errorMissingColumn"}, connection_id: 3155, query: "SELECT i0.\"id\", i0.\"user_id\", i0.\"org_id\", i0.\"locale\", i0.\"timezone\", i0.\"notifications_enabled\", i0.\"created_at\", i0.\"updated_at\" FROM \"identity_user_settings\" AS i0 WHERE (i0.\"id\" = $1)"}
Last message: {:DOWN, #Reference<0.504251661.3394502659.67617>, :process, #PID<0.2874.0>, %Postgrex.Error{message: nil, postgres: %{code: :undefined_column, line: "3721", message: "column i0.id does not exist", position: "8", file: "parse_relation.c", unknown: "ERROR", severity: "ERROR", pg_code: "42703", routine: "errorMissingColumn"}, connection_id: 3155, query: "SELECT i0.\"id\", i0.\"user_id\", i0.\"org_id\", i0.\"locale\", i0.\"timezone\", i0.\"notifications_enabled\", i0.\"created_at\", i0.\"updated_at\" FROM \"identity_user_settings\" AS i0 WHERE (i0.\"id\" = $1)"}}
State: %EventStore.Subscriptions.Subscription{stream_uuid: "$all", subscription_name: "Identity.Projectors.UserRegistrationProjector", subscription: %EventStore.Subscriptions.SubscriptionFsm{state: :unsubscribed, data: %EventStore.Subscriptions.SubscriptionState{conn: Nexus.EventStore.Postgrex, event_store: Nexus.EventStore, serializer: Commanded.Serialization.JsonSerializer, schema: "event_store", stream_uuid: "$all", start_from: 0, subscription_name: "Identity.Projectors.UserRegistrationProjector", subscription_id: 405, selector: nil, mapper: &Commanded.EventStore.Adapters.EventStore.Mapper.from_recorded_event/1, max_size: 1000, partition_by: nil, query_timeout: 15000, lock_ref: #Reference<0.504251661.3394502660.30433>, last_received: 12228, last_sent: 11262, last_ack: 11261, queue_size: 967, buffer_size: 1, checkpoint_after: 0, checkpoint_threshold: 1, checkpoint_timer_ref: nil, checkpoints_pending: 0, subscribers: %{}, partitions: %{nil: {[%EventStore.RecordedEvent{event_number: 12228, event_id: "09c135f3-e6cb-49bc-81c3-586b4a99fd72", stream_uuid: "ba9ba3da-fea6-48d9-9922-befe7026f5cc", stream_version: 3, correlation_id: "902485ee-cc53-4803-804a-6d742585af10", causation_id: "01922623-15ce-4222-be02-54e41f028373", event_type: "Elixir.Nexus.Identity.Events.SettingsUpdated", data: %Nexus.Identity.Events.SettingsUpdated{org_id: "59134142-de0c-401f-84cf-01b308e7beea", user_id: "ba9ba3da-fea6-48d9-9922-befe7026f5cc", locale: "fr", timezone: "Europe/Paris", notifications_enabled: true, updated_at: "2026-03-20T23:10:03.003466Z"}, metadata: %{"causation_id" => "019d0d83-50fb-76b9-b3c3-9f9ffff96169", "correlation_id" => "019d0d83-50fb-76b9-b3c3-9f9ffff96169"}, created_at: ~U[2026-03-20 23:10:03.004032Z]}, %EventStore.RecordedEvent{event_number: 12227, event_id: "2cb7e60f-876a-4b3d-a0cf-79ce787ffc73", stream_uuid: "ba9ba3da-fea6-48d9-9922-befe7026f5cc", stream_version: 2, correlation_id: "a1777de2-55b0-4c36-b14b-9bfd78376f7d", causation_id: "e52f51cf-cba6-4432-b5ca-53a579ec6263", event_type: "Elixir.Nexus.Identity.Events.SessionStarted", data: %Nexus.Identity.Events.SessionStarted{org_id: "59134142-de0c-401f-84cf-01b308e7beea", user_id: "ba9ba3da-fea6-48d9-9922-befe7026f5cc", session_id: "684b6bac-827a-4ceb-9861-846a2b7f892e", session_token: "mock-token", user_agent: "Mozilla/5.0 (Macintosh; Intel Mac OS X 10_15_7)", ip_address: "127.0.0.1", started_at: "2026-03-20T23:10:02.900974Z"}, metadata: %{"causation_id" => "019d0d83-5095-7a69-8847-4462525e408d", "correlation_id" => "019d0d83-5095-7a69-8847-4462525e408d"}, created_at: ~U[2026-03-20 23:10:02.901379Z]}, %EventStore.RecordedEvent{event_number: 12226, event_id: "c30b19ec-e929-472c-ac8b-a5a8711e9b70", stream_uuid: "ba9ba3da-fea6-48d9-9922-befe7026f5cc", stream_version: 1, correlation_id: "63930bf3-6d78-4bb8-965e-020e650c1443", causation_id: "fad08287-ca47-4012-b1b3-738e408b6cd2", event_type: "Elixir.Nexus.Identity.Events.UserRegistered", data: %Nexus.Identity.Events.UserRegistered{user_id: "ba9ba3da-fea6-48d9-9922-befe7026f5cc", org_id: "59134142-de0c-401f-84cf-01b308e7beea", email: "bernard-4558122c-37ba-45b3-ae3e-a2f7b861c40b@nexus.financial", role: "admin", cose_key: "bW9jaw==", credential_id: "bW9jaw==", registered_at: "2026-03-20T23:10:02.697332Z", display_name: "Bernard", status: "active"}, metadata: %{"causation_id" => "019d0d83-4fc9-7634-8690-906da3e4e15a", "correlation_id" => "019d0d83-4fc9-7634-8690-906da3e4e15a"}, created_at: ~U[2026-03-20 23:10:02.698223Z]}, %EventStore.RecordedEvent{event_number: 12225, event_id: "8338242a-cf94-4b71-aa99-a06cb12a5902", stream_uuid: "019d0d83-4d63-7c0f-8998-bde5f58f823e", stream_version: 3, correlation_id: "497bc4b2-89c2-447e-a743-b61b2ed2adbf", causation_id: "9c8c1acc-d317-4eff-b688-0480de89ec6a", ...}, ...], ...}}, ...}}, ...}
23:10:03.113 [debug] Nexus.Identity.Projectors.UserRegistrationProjector is shutting down due to {%Postgrex.Error{message: nil, postgres: %{code: :undefined_column, line: "3721", message: "column i0.id does not exist", position: "8", file: "parse_relation.c", unknown: "ERROR", severity: "ERROR", pg_code: "42703", routine: "errorMissingColumn"}, connection_id: 3155, query: "SELECT i0.\"id\", i0.\"user_id\", i0.\"org_id\", i0.\"locale\", i0.\"timezone\", i0.\"notifications_enabled\", i0.\"created_at\", i0.\"updated_at\" FROM \"identity_user_settings\" AS i0 WHERE (i0.\"id\" = $1)"}, {GenServer, :call, [#PID<0.2875.0>, {:connect, #PID<0.2876.0>, [retry_interval: 60000, hibernate_after: 15000, partition_by: nil, concurrency_limit: 1, name: Nexus.EventStore, mapper: &Commanded.EventStore.Adapters.EventStore.Mapper.from_recorded_event/1, conn: Nexus.EventStore.Postgrex, event_store: Nexus.EventStore, query_timeout: 15000, schema: "event_store", serializer: Commanded.Serialization.JsonSerializer, stream_uuid: "$all", subscription_name: "Identity.Projectors.UserRegistrationProjector", start_from: 0]}, 5000]}}
23:10:03.113 [error] GenServer {Nexus.App.LocalRegistry, {Nexus.App, Commanded.Event.Handler, "Identity.Projectors.UserRegistrationProjector"}} terminating
** (stop) exited in: GenServer.call(#PID<0.2875.0>, {:connect, #PID<0.2876.0>, [retry_interval: 60000, hibernate_after: 15000, partition_by: nil, concurrency_limit: 1, name: Nexus.EventStore, mapper: &Commanded.EventStore.Adapters.EventStore.Mapper.from_recorded_event/1, conn: Nexus.EventStore.Postgrex, event_store: Nexus.EventStore, query_timeout: 15000, schema: "event_store", serializer: Commanded.Serialization.JsonSerializer, stream_uuid: "$all", subscription_name: "Identity.Projectors.UserRegistrationProjector", start_from: 0]}, 5000)
    ** (EXIT) %Postgrex.Error{message: nil, postgres: %{code: :undefined_column, line: "3721", message: "column i0.id does not exist", position: "8", file: "parse_relation.c", unknown: "ERROR", severity: "ERROR", pg_code: "42703", routine: "errorMissingColumn"}, connection_id: 3155, query: "SELECT i0.\"id\", i0.\"user_id\", i0.\"org_id\", i0.\"locale\", i0.\"timezone\", i0.\"notifications_enabled\", i0.\"created_at\", i0.\"updated_at\" FROM \"identity_user_settings\" AS i0 WHERE (i0.\"id\" = $1)"}
    (elixir 1.19.5) lib/gen_server.ex:1142: GenServer.call/3
    (commanded 1.4.9) lib/commanded/event_store.ex:289: anonymous fn/2 in Commanded.EventStore.span/3
    (telemetry 1.3.0) /Users/bernard/dev/nexus/deps/telemetry/src/telemetry.erl:324: :telemetry.span/3
    (commanded 1.4.9) lib/commanded/event_store/subscription.ex:58: Commanded.EventStore.Subscription.subscribe/2
    (commanded 1.4.9) lib/commanded/event/handler.ex:1024: Commanded.Event.Handler.subscribe_to_events/1
    (commanded 1.4.9) lib/commanded/event/handler.ex:887: Commanded.Event.Handler.handle_continue/2
    (stdlib 7.1) gen_server.erl:2424: :gen_server.try_handle_continue/3
    (stdlib 7.1) gen_server.erl:2291: :gen_server.loop/4
    (stdlib 7.1) proc_lib.erl:333: :proc_lib.init_p_do_apply/3
Last message: {:continue, :subscribe_to_events}
State: %Commanded.Event.Handler{application: Nexus.App, consistency: :strong, handler_callback: :event, handler_name: "Identity.Projectors.UserRegistrationProjector", handler_module: Nexus.Identity.Projectors.UserRegistrationProjector, handler_state: nil, last_seen_event: nil, subscription: %Commanded.EventStore.Subscription{application: Nexus.App, backoff: {:backoff, 1000, 60000, 1000, :jitter, :undefined, :undefined}, concurrency: 1, partition_by: nil, subscribe_to: :all, subscribe_from: :origin, subscription_name: "Identity.Projectors.UserRegistrationProjector", subscription_opts: [], subscription_pid: nil, subscription_ref: nil}, subscribe_timer: nil}
23:10:03.114 [debug] Subscription "Identity.Projectors.UserRegistrationProjector"@"$all" attempting to connect subscriber #PID<0.2877.0>
23:10:03.115 [debug] Subscription "Identity.Projectors.UserRegistrationProjector"@"$all" catching-up
23:10:03.115 [debug] Nexus.Identity.Projectors.UserRegistrationProjector has successfully subscribed to event store
23:10:03.128 [debug] Nexus.Identity.Projectors.UserRegistrationProjector received events: [%Commanded.EventStore.RecordedEvent{event_id: "282ec866-f518-44ed-95f6-7a535d6c3e25", event_number: 11262, stream_id: "019d0c26-0b00-74a0-bd6d-48329cf61a57", stream_version: 1, causation_id: "d64809a4-8402-4360-8536-99b7a0f860ca", correlation_id: "e0f4b4bb-483c-4914-aaaa-956d1587d67e", event_type: "Elixir.Nexus.Identity.Events.UserRegistered", data: %Nexus.Identity.Events.UserRegistered{user_id: "019d0c26-0b00-74a0-bd6d-48329cf61a57", org_id: "019d0c26-0b00-74a0-8884-24b7b734f296", email: "test@example.com", role: "system_admin", cose_key: "Ym9vdHN0cmFwX2Nvc2Vfa2V5", credential_id: "Ym9vdHN0cmFwX2NyZWRlbnRpYWxfaWQ=", registered_at: "2026-03-20T16:48:33.024173Z", display_name: "Test User", status: "active"}, created_at: ~U[2026-03-20 16:48:33.025211Z], metadata: %{"causation_id" => "019d0c26-0b00-71d0-a1d2-041f55e92cfc", "correlation_id" => "019d0c26-0b00-71d0-a1d2-041f55e92cfc"}}]
23:10:03.128 [debug] QUERY OK db=0.1ms
begin []
23:10:03.129 [debug] QUERY OK source="projection_versions" db=0.1ms
INSERT INTO "projection_versions" AS p0 ("projection_name","last_seen_event_number","inserted_at","updated_at") VALUES ($1,$2,$3,$4) ON CONFLICT ("projection_name") DO UPDATE SET "last_seen_event_number" = $5 WHERE ((p0."projection_name" = $6) AND (p0."last_seen_event_number" < $7)) ["Identity.Projectors.UserRegistrationProjector", 11262, ~N[2026-03-20 23:10:03.128990], ~N[2026-03-20 23:10:03.128990], 11262, "Identity.Projectors.UserRegistrationProjector", 11262]
23:10:03.129 [debug] QUERY OK source="users" db=0.1ms
SELECT u0."id", u0."org_id", u0."email", u0."display_name", u0."status", u0."cose_key", u0."credential_id", u0."roles", u0."created_at", u0."updated_at" FROM "users" AS u0 WHERE (u0."id" = $1) ["019d0c26-0b00-74a0-bd6d-48329cf61a57"]
23:10:03.129 [debug] QUERY OK source="users" db=0.1ms
SELECT u0."id", u0."org_id", u0."email", u0."display_name", u0."status", u0."cose_key", u0."credential_id", u0."roles", u0."created_at", u0."updated_at" FROM "users" AS u0 WHERE (u0."email" = $1) ["test@example.com"]
23:10:03.129 [debug] QUERY OK source="users" db=0.1ms
INSERT INTO "users" ("id","status","org_id","email","display_name","roles","cose_key","credential_id","created_at","updated_at") VALUES ($1,$2,$3,$4,$5,$6,$7,$8,$9,$10) ["019d0c26-0b00-74a0-bd6d-48329cf61a57", "active", "019d0c26-0b00-74a0-8884-24b7b734f296", "test@example.com", "Test User", ["system_admin"], "bootstrap_cose_key", "bootstrap_credential_id", ~U[2026-03-20 23:10:03.129609Z], ~U[2026-03-20 23:10:03.129609Z]]
23:10:03.130 [debug] QUERY ERROR source="identity_user_settings" db=0.0ms
SELECT i0."id", i0."user_id", i0."org_id", i0."locale", i0."timezone", i0."notifications_enabled", i0."created_at", i0."updated_at" FROM "identity_user_settings" AS i0 WHERE (i0."id" = $1) ["019d0c26-0b00-74a0-bd6d-48329cf61a57"]
23:10:03.130 [debug] QUERY OK db=0.1ms
rollback []
23:10:03.131 [error] Nexus.Identity.Projectors.UserRegistrationProjector failed to handle event:
%Commanded.EventStore.RecordedEvent{
  event_id: "282ec866-f518-44ed-95f6-7a535d6c3e25",
  event_number: 11262,
  stream_id: "019d0c26-0b00-74a0-bd6d-48329cf61a57",
  stream_version: 1,
  causation_id: "d64809a4-8402-4360-8536-99b7a0f860ca",
  correlation_id: "e0f4b4bb-483c-4914-aaaa-956d1587d67e",
  event_type: "Elixir.Nexus.Identity.Events.UserRegistered",
  data: %Nexus.Identity.Events.UserRegistered{
    user_id: "019d0c26-0b00-74a0-bd6d-48329cf61a57",
    org_id: "019d0c26-0b00-74a0-8884-24b7b734f296",
    email: "test@example.com",
    role: "system_admin",
    cose_key: "Ym9vdHN0cmFwX2Nvc2Vfa2V5",
    credential_id: "Ym9vdHN0cmFwX2NyZWRlbnRpYWxfaWQ=",
    registered_at: "2026-03-20T16:48:33.024173Z",
    display_name: "Test User",
    status: "active"
  },
  created_at: ~U[2026-03-20 16:48:33.025211Z],
  metadata: %{
    "causation_id" => "019d0c26-0b00-71d0-a1d2-041f55e92cfc",
    "correlation_id" => "019d0c26-0b00-71d0-a1d2-041f55e92cfc"
  }
}, due to:
** (Postgrex.Error) ERROR 42703 (undefined_column) column i0.id does not exist

    query: SELECT i0."id", i0."user_id", i0."org_id", i0."locale", i0."timezone", i0."notifications_enabled", i0."created_at", i0."updated_at" FROM "identity_user_settings" AS i0 WHERE (i0."id" = $1)
    (ecto_sql 3.13.4) lib/ecto/adapters/sql.ex:1113: Ecto.Adapters.SQL.raise_sql_call_error/1
    (ecto_sql 3.13.4) lib/ecto/adapters/sql.ex:1011: Ecto.Adapters.SQL.execute/6
    (ecto 3.13.5) lib/ecto/repo/queryable.ex:241: Ecto.Repo.Queryable.execute/4
    (ecto 3.13.5) lib/ecto/repo/queryable.ex:19: Ecto.Repo.Queryable.all/3
    (ecto 3.13.5) lib/ecto/repo/queryable.ex:163: Ecto.Repo.Queryable.one/3
    (nexus 0.1.0) lib/nexus/identity/projectors/user_registration_projector.ex:53: anonymous fn/3 in Nexus.Identity.Projectors.UserRegistrationProjector.project_registration/3
    (ecto 3.13.5) lib/ecto/multi.ex:905: Ecto.Multi.apply_operation/5
    (elixir 1.19.5) lib/enum.ex:2520: Enum."-reduce/3-lists^foldl/2-0-"/3
    (ecto 3.13.5) lib/ecto/multi.ex:878: anonymous fn/5 in Ecto.Multi.apply_operations/5
    (ecto_sql 3.13.4) lib/ecto/adapters/sql.ex:1473: anonymous fn/3 in Ecto.Adapters.SQL.checkout_or_transaction/4
    (db_connection 2.9.0) lib/db_connection.ex:1747: DBConnection.run_transaction/4
    (ecto 3.13.5) lib/ecto/repo/transaction.ex:30: Ecto.Repo.Transaction.transact/4
    (nexus 0.1.0) deps/commanded_ecto_projections/lib/projections/ecto.ex:97: Nexus.Identity.Projectors.UserRegistrationProjector.update_projection/3
    (commanded 1.4.9) lib/commanded/event/handler.ex:1221: Commanded.Event.Handler.delegate_event_to_handler/2
    (commanded 1.4.9) lib/commanded/event/handler.ex:1062: Commanded.Event.Handler.handle_event/3
    (elixir 1.19.5) lib/enum.ex:2520: Enum."-reduce/3-lists^foldl/2-0-"/3
    (commanded 1.4.9) lib/commanded/event/handler.ex:969: Commanded.Event.Handler.handle_info/2
    (stdlib 7.1) gen_server.erl:2434: :gen_server.try_handle_info/3
    (stdlib 7.1) gen_server.erl:2420: :gen_server.handle_msg/3
    (stdlib 7.1) proc_lib.erl:333: :proc_lib.init_p_do_apply/3

23:10:03.131 [warning] Nexus.Identity.Projectors.UserRegistrationProjector has requested to stop: %Postgrex.Error{message: nil, postgres: %{code: :undefined_column, line: "3721", message: "column i0.id does not exist", position: "8", file: "parse_relation.c", unknown: "ERROR", severity: "ERROR", pg_code: "42703", routine: "errorMissingColumn"}, connection_id: 3155, query: "SELECT i0.\"id\", i0.\"user_id\", i0.\"org_id\", i0.\"locale\", i0.\"timezone\", i0.\"notifications_enabled\", i0.\"created_at\", i0.\"updated_at\" FROM \"identity_user_settings\" AS i0 WHERE (i0.\"id\" = $1)"}
23:10:03.131 [debug] Nexus.Identity.Projectors.UserRegistrationProjector is shutting down due to %Postgrex.Error{message: nil, postgres: %{code: :undefined_column, line: "3721", message: "column i0.id does not exist", position: "8", file: "parse_relation.c", unknown: "ERROR", severity: "ERROR", pg_code: "42703", routine: "errorMissingColumn"}, connection_id: 3155, query: "SELECT i0.\"id\", i0.\"user_id\", i0.\"org_id\", i0.\"locale\", i0.\"timezone\", i0.\"notifications_enabled\", i0.\"created_at\", i0.\"updated_at\" FROM \"identity_user_settings\" AS i0 WHERE (i0.\"id\" = $1)"}
23:10:03.131 [error] GenServer {Nexus.App.LocalRegistry, {Nexus.App, Commanded.Event.Handler, "Identity.Projectors.UserRegistrationProjector"}} terminating
** (stop) %Postgrex.Error{message: nil, postgres: %{code: :undefined_column, line: "3721", message: "column i0.id does not exist", position: "8", file: "parse_relation.c", unknown: "ERROR", severity: "ERROR", pg_code: "42703", routine: "errorMissingColumn"}, connection_id: 3155, query: "SELECT i0.\"id\", i0.\"user_id\", i0.\"org_id\", i0.\"locale\", i0.\"timezone\", i0.\"notifications_enabled\", i0.\"created_at\", i0.\"updated_at\" FROM \"identity_user_settings\" AS i0 WHERE (i0.\"id\" = $1)"}
Last message: {:events, [%Commanded.EventStore.RecordedEvent{event_id: "282ec866-f518-44ed-95f6-7a535d6c3e25", event_number: 11262, stream_id: "019d0c26-0b00-74a0-bd6d-48329cf61a57", stream_version: 1, causation_id: "d64809a4-8402-4360-8536-99b7a0f860ca", correlation_id: "e0f4b4bb-483c-4914-aaaa-956d1587d67e", event_type: "Elixir.Nexus.Identity.Events.UserRegistered", data: %Nexus.Identity.Events.UserRegistered{user_id: "019d0c26-0b00-74a0-bd6d-48329cf61a57", org_id: "019d0c26-0b00-74a0-8884-24b7b734f296", email: "test@example.com", role: "system_admin", cose_key: "Ym9vdHN0cmFwX2Nvc2Vfa2V5", credential_id: "Ym9vdHN0cmFwX2NyZWRlbnRpYWxfaWQ=", registered_at: "2026-03-20T16:48:33.024173Z", display_name: "Test User", status: "active"}, created_at: ~U[2026-03-20 16:48:33.025211Z], metadata: %{"causation_id" => "019d0c26-0b00-71d0-a1d2-041f55e92cfc", "correlation_id" => "019d0c26-0b00-71d0-a1d2-041f55e92cfc"}}]}
State: %Commanded.Event.Handler{application: Nexus.App, consistency: :strong, handler_callback: :event, handler_name: "Identity.Projectors.UserRegistrationProjector", handler_module: Nexus.Identity.Projectors.UserRegistrationProjector, handler_state: nil, last_seen_event: nil, subscription: %Commanded.EventStore.Subscription{application: Nexus.App, backoff: {:backoff, 1000, 60000, 1000, :jitter, :undefined, :undefined}, concurrency: 1, partition_by: nil, subscribe_to: :all, subscribe_from: :origin, subscription_name: "Identity.Projectors.UserRegistrationProjector", subscription_opts: [], subscription_pid: #PID<0.2878.0>, subscription_ref: #Reference<0.504251661.3394502657.223911>}, subscribe_timer: nil}
23:10:03.131 [debug] Subscription "Identity.Projectors.UserRegistrationProjector"@"$all" subscriber #PID<0.2877.0> down due to: %Postgrex.Error{message: nil, postgres: %{code: :undefined_column, line: "3721", message: "column i0.id does not exist", position: "8", file: "parse_relation.c", unknown: "ERROR", severity: "ERROR", pg_code: "42703", routine: "errorMissingColumn"}, connection_id: 3155, query: "SELECT i0.\"id\", i0.\"user_id\", i0.\"org_id\", i0.\"locale\", i0.\"timezone\", i0.\"notifications_enabled\", i0.\"created_at\", i0.\"updated_at\" FROM \"identity_user_settings\" AS i0 WHERE (i0.\"id\" = $1)"}
23:10:03.131 [debug] Subscription "Identity.Projectors.UserRegistrationProjector"@"$all" has no subscribers, shutting down
23:10:03.131 [error] GenServer {Nexus.EventStore.EventStore.Subscriptions.Registry, {"$all", "Identity.Projectors.UserRegistrationProjector"}} terminating
** (stop) %Postgrex.Error{message: nil, postgres: %{code: :undefined_column, line: "3721", message: "column i0.id does not exist", position: "8", file: "parse_relation.c", unknown: "ERROR", severity: "ERROR", pg_code: "42703", routine: "errorMissingColumn"}, connection_id: 3155, query: "SELECT i0.\"id\", i0.\"user_id\", i0.\"org_id\", i0.\"locale\", i0.\"timezone\", i0.\"notifications_enabled\", i0.\"created_at\", i0.\"updated_at\" FROM \"identity_user_settings\" AS i0 WHERE (i0.\"id\" = $1)"}
Last message: {:DOWN, #Reference<0.504251661.3394502659.67686>, :process, #PID<0.2877.0>, %Postgrex.Error{message: nil, postgres: %{code: :undefined_column, line: "3721", message: "column i0.id does not exist", position: "8", file: "parse_relation.c", unknown: "ERROR", severity: "ERROR", pg_code: "42703", routine: "errorMissingColumn"}, connection_id: 3155, query: "SELECT i0.\"id\", i0.\"user_id\", i0.\"org_id\", i0.\"locale\", i0.\"timezone\", i0.\"notifications_enabled\", i0.\"created_at\", i0.\"updated_at\" FROM \"identity_user_settings\" AS i0 WHERE (i0.\"id\" = $1)"}}
State: %EventStore.Subscriptions.Subscription{stream_uuid: "$all", subscription_name: "Identity.Projectors.UserRegistrationProjector", subscription: %EventStore.Subscriptions.SubscriptionFsm{state: :unsubscribed, data: %EventStore.Subscriptions.SubscriptionState{conn: Nexus.EventStore.Postgrex, event_store: Nexus.EventStore, serializer: Commanded.Serialization.JsonSerializer, schema: "event_store", stream_uuid: "$all", start_from: 0, subscription_name: "Identity.Projectors.UserRegistrationProjector", subscription_id: 405, selector: nil, mapper: &Commanded.EventStore.Adapters.EventStore.Mapper.from_recorded_event/1, max_size: 1000, partition_by: nil, query_timeout: 15000, lock_ref: #Reference<0.504251661.3394502660.30598>, last_received: 12228, last_sent: 11262, last_ack: 11261, queue_size: 967, buffer_size: 1, checkpoint_after: 0, checkpoint_threshold: 1, checkpoint_timer_ref: nil, checkpoints_pending: 0, subscribers: %{}, partitions: %{nil: {[%EventStore.RecordedEvent{event_number: 12228, event_id: "09c135f3-e6cb-49bc-81c3-586b4a99fd72", stream_uuid: "ba9ba3da-fea6-48d9-9922-befe7026f5cc", stream_version: 3, correlation_id: "902485ee-cc53-4803-804a-6d742585af10", causation_id: "01922623-15ce-4222-be02-54e41f028373", event_type: "Elixir.Nexus.Identity.Events.SettingsUpdated", data: %Nexus.Identity.Events.SettingsUpdated{org_id: "59134142-de0c-401f-84cf-01b308e7beea", user_id: "ba9ba3da-fea6-48d9-9922-befe7026f5cc", locale: "fr", timezone: "Europe/Paris", notifications_enabled: true, updated_at: "2026-03-20T23:10:03.003466Z"}, metadata: %{"causation_id" => "019d0d83-50fb-76b9-b3c3-9f9ffff96169", "correlation_id" => "019d0d83-50fb-76b9-b3c3-9f9ffff96169"}, created_at: ~U[2026-03-20 23:10:03.004032Z]}, %EventStore.RecordedEvent{event_number: 12227, event_id: "2cb7e60f-876a-4b3d-a0cf-79ce787ffc73", stream_uuid: "ba9ba3da-fea6-48d9-9922-befe7026f5cc", stream_version: 2, correlation_id: "a1777de2-55b0-4c36-b14b-9bfd78376f7d", causation_id: "e52f51cf-cba6-4432-b5ca-53a579ec6263", event_type: "Elixir.Nexus.Identity.Events.SessionStarted", data: %Nexus.Identity.Events.SessionStarted{org_id: "59134142-de0c-401f-84cf-01b308e7beea", user_id: "ba9ba3da-fea6-48d9-9922-befe7026f5cc", session_id: "684b6bac-827a-4ceb-9861-846a2b7f892e", session_token: "mock-token", user_agent: "Mozilla/5.0 (Macintosh; Intel Mac OS X 10_15_7)", ip_address: "127.0.0.1", started_at: "2026-03-20T23:10:02.900974Z"}, metadata: %{"causation_id" => "019d0d83-5095-7a69-8847-4462525e408d", "correlation_id" => "019d0d83-5095-7a69-8847-4462525e408d"}, created_at: ~U[2026-03-20 23:10:02.901379Z]}, %EventStore.RecordedEvent{event_number: 12226, event_id: "c30b19ec-e929-472c-ac8b-a5a8711e9b70", stream_uuid: "ba9ba3da-fea6-48d9-9922-befe7026f5cc", stream_version: 1, correlation_id: "63930bf3-6d78-4bb8-965e-020e650c1443", causation_id: "fad08287-ca47-4012-b1b3-738e408b6cd2", event_type: "Elixir.Nexus.Identity.Events.UserRegistered", data: %Nexus.Identity.Events.UserRegistered{user_id: "ba9ba3da-fea6-48d9-9922-befe7026f5cc", org_id: "59134142-de0c-401f-84cf-01b308e7beea", email: "bernard-4558122c-37ba-45b3-ae3e-a2f7b861c40b@nexus.financial", role: "admin", cose_key: "bW9jaw==", credential_id: "bW9jaw==", registered_at: "2026-03-20T23:10:02.697332Z", display_name: "Bernard", status: "active"}, metadata: %{"causation_id" => "019d0d83-4fc9-7634-8690-906da3e4e15a", "correlation_id" => "019d0d83-4fc9-7634-8690-906da3e4e15a"}, created_at: ~U[2026-03-20 23:10:02.698223Z]}, %EventStore.RecordedEvent{event_number: 12225, event_id: "8338242a-cf94-4b71-aa99-a06cb12a5902", stream_uuid: "019d0d83-4d63-7c0f-8998-bde5f58f823e", stream_version: 3, correlation_id: "497bc4b2-89c2-447e-a743-b61b2ed2adbf", causation_id: "9c8c1acc-d317-4eff-b688-0480de89ec6a", ...}, ...], ...}}, ...}}, ...}
23:10:03.132 [debug] Nexus.Identity.Projectors.UserRegistrationProjector is shutting down due to {%Postgrex.Error{message: nil, postgres: %{code: :undefined_column, line: "3721", message: "column i0.id does not exist", position: "8", file: "parse_relation.c", unknown: "ERROR", severity: "ERROR", pg_code: "42703", routine: "errorMissingColumn"}, connection_id: 3155, query: "SELECT i0.\"id\", i0.\"user_id\", i0.\"org_id\", i0.\"locale\", i0.\"timezone\", i0.\"notifications_enabled\", i0.\"created_at\", i0.\"updated_at\" FROM \"identity_user_settings\" AS i0 WHERE (i0.\"id\" = $1)"}, {GenServer, :call, [#PID<0.2878.0>, {:connect, #PID<0.2879.0>, [retry_interval: 60000, hibernate_after: 15000, partition_by: nil, concurrency_limit: 1, name: Nexus.EventStore, mapper: &Commanded.EventStore.Adapters.EventStore.Mapper.from_recorded_event/1, conn: Nexus.EventStore.Postgrex, event_store: Nexus.EventStore, query_timeout: 15000, schema: "event_store", serializer: Commanded.Serialization.JsonSerializer, stream_uuid: "$all", subscription_name: "Identity.Projectors.UserRegistrationProjector", start_from: 0]}, 5000]}}
23:10:03.132 [error] GenServer {Nexus.App.LocalRegistry, {Nexus.App, Commanded.Event.Handler, "Identity.Projectors.UserRegistrationProjector"}} terminating
** (stop) exited in: GenServer.call(#PID<0.2878.0>, {:connect, #PID<0.2879.0>, [retry_interval: 60000, hibernate_after: 15000, partition_by: nil, concurrency_limit: 1, name: Nexus.EventStore, mapper: &Commanded.EventStore.Adapters.EventStore.Mapper.from_recorded_event/1, conn: Nexus.EventStore.Postgrex, event_store: Nexus.EventStore, query_timeout: 15000, schema: "event_store", serializer: Commanded.Serialization.JsonSerializer, stream_uuid: "$all", subscription_name: "Identity.Projectors.UserRegistrationProjector", start_from: 0]}, 5000)
    ** (EXIT) %Postgrex.Error{message: nil, postgres: %{code: :undefined_column, line: "3721", message: "column i0.id does not exist", position: "8", file: "parse_relation.c", unknown: "ERROR", severity: "ERROR", pg_code: "42703", routine: "errorMissingColumn"}, connection_id: 3155, query: "SELECT i0.\"id\", i0.\"user_id\", i0.\"org_id\", i0.\"locale\", i0.\"timezone\", i0.\"notifications_enabled\", i0.\"created_at\", i0.\"updated_at\" FROM \"identity_user_settings\" AS i0 WHERE (i0.\"id\" = $1)"}
    (elixir 1.19.5) lib/gen_server.ex:1142: GenServer.call/3
    (commanded 1.4.9) lib/commanded/event_store.ex:289: anonymous fn/2 in Commanded.EventStore.span/3
    (telemetry 1.3.0) /Users/bernard/dev/nexus/deps/telemetry/src/telemetry.erl:324: :telemetry.span/3
    (commanded 1.4.9) lib/commanded/event_store/subscription.ex:58: Commanded.EventStore.Subscription.subscribe/2
    (commanded 1.4.9) lib/commanded/event/handler.ex:1024: Commanded.Event.Handler.subscribe_to_events/1
    (commanded 1.4.9) lib/commanded/event/handler.ex:887: Commanded.Event.Handler.handle_continue/2
    (stdlib 7.1) gen_server.erl:2424: :gen_server.try_handle_continue/3
    (stdlib 7.1) gen_server.erl:2291: :gen_server.loop/4
    (stdlib 7.1) proc_lib.erl:333: :proc_lib.init_p_do_apply/3
Last message: {:continue, :subscribe_to_events}
State: %Commanded.Event.Handler{application: Nexus.App, consistency: :strong, handler_callback: :event, handler_name: "Identity.Projectors.UserRegistrationProjector", handler_module: Nexus.Identity.Projectors.UserRegistrationProjector, handler_state: nil, last_seen_event: nil, subscription: %Commanded.EventStore.Subscription{application: Nexus.App, backoff: {:backoff, 1000, 60000, 1000, :jitter, :undefined, :undefined}, concurrency: 1, partition_by: nil, subscribe_to: :all, subscribe_from: :origin, subscription_name: "Identity.Projectors.UserRegistrationProjector", subscription_opts: [], subscription_pid: nil, subscription_ref: nil}, subscribe_timer: nil}
23:10:03.132 [debug] Subscription "Identity.Projectors.UserRegistrationProjector"@"$all" attempting to connect subscriber #PID<0.2880.0>
23:10:03.133 [debug] Subscription "Identity.Projectors.UserRegistrationProjector"@"$all" catching-up
23:10:03.133 [debug] Nexus.Identity.Projectors.UserRegistrationProjector has successfully subscribed to event store
23:10:03.146 [debug] Nexus.Identity.Projectors.UserRegistrationProjector received events: [%Commanded.EventStore.RecordedEvent{event_id: "282ec866-f518-44ed-95f6-7a535d6c3e25", event_number: 11262, stream_id: "019d0c26-0b00-74a0-bd6d-48329cf61a57", stream_version: 1, causation_id: "d64809a4-8402-4360-8536-99b7a0f860ca", correlation_id: "e0f4b4bb-483c-4914-aaaa-956d1587d67e", event_type: "Elixir.Nexus.Identity.Events.UserRegistered", data: %Nexus.Identity.Events.UserRegistered{user_id: "019d0c26-0b00-74a0-bd6d-48329cf61a57", org_id: "019d0c26-0b00-74a0-8884-24b7b734f296", email: "test@example.com", role: "system_admin", cose_key: "Ym9vdHN0cmFwX2Nvc2Vfa2V5", credential_id: "Ym9vdHN0cmFwX2NyZWRlbnRpYWxfaWQ=", registered_at: "2026-03-20T16:48:33.024173Z", display_name: "Test User", status: "active"}, created_at: ~U[2026-03-20 16:48:33.025211Z], metadata: %{"causation_id" => "019d0c26-0b00-71d0-a1d2-041f55e92cfc", "correlation_id" => "019d0c26-0b00-71d0-a1d2-041f55e92cfc"}}]
23:10:03.147 [debug] QUERY OK db=0.1ms
begin []
23:10:03.147 [debug] QUERY OK source="projection_versions" db=0.1ms
INSERT INTO "projection_versions" AS p0 ("projection_name","last_seen_event_number","inserted_at","updated_at") VALUES ($1,$2,$3,$4) ON CONFLICT ("projection_name") DO UPDATE SET "last_seen_event_number" = $5 WHERE ((p0."projection_name" = $6) AND (p0."last_seen_event_number" < $7)) ["Identity.Projectors.UserRegistrationProjector", 11262, ~N[2026-03-20 23:10:03.147166], ~N[2026-03-20 23:10:03.147166], 11262, "Identity.Projectors.UserRegistrationProjector", 11262]
23:10:03.147 [debug] QUERY OK source="users" db=0.1ms
SELECT u0."id", u0."org_id", u0."email", u0."display_name", u0."status", u0."cose_key", u0."credential_id", u0."roles", u0."created_at", u0."updated_at" FROM "users" AS u0 WHERE (u0."id" = $1) ["019d0c26-0b00-74a0-bd6d-48329cf61a57"]
23:10:03.147 [debug] QUERY OK source="users" db=0.1ms
SELECT u0."id", u0."org_id", u0."email", u0."display_name", u0."status", u0."cose_key", u0."credential_id", u0."roles", u0."created_at", u0."updated_at" FROM "users" AS u0 WHERE (u0."email" = $1) ["test@example.com"]
23:10:03.147 [debug] QUERY OK source="users" db=0.1ms
INSERT INTO "users" ("id","status","org_id","email","display_name","roles","cose_key","credential_id","created_at","updated_at") VALUES ($1,$2,$3,$4,$5,$6,$7,$8,$9,$10) ["019d0c26-0b00-74a0-bd6d-48329cf61a57", "active", "019d0c26-0b00-74a0-8884-24b7b734f296", "test@example.com", "Test User", ["system_admin"], "bootstrap_cose_key", "bootstrap_credential_id", ~U[2026-03-20 23:10:03.147789Z], ~U[2026-03-20 23:10:03.147789Z]]
23:10:03.148 [debug] QUERY ERROR source="identity_user_settings" db=0.0ms
SELECT i0."id", i0."user_id", i0."org_id", i0."locale", i0."timezone", i0."notifications_enabled", i0."created_at", i0."updated_at" FROM "identity_user_settings" AS i0 WHERE (i0."id" = $1) ["019d0c26-0b00-74a0-bd6d-48329cf61a57"]
23:10:03.148 [debug] QUERY OK db=0.1ms
rollback []
23:10:03.149 [error] Nexus.Identity.Projectors.UserRegistrationProjector failed to handle event:
%Commanded.EventStore.RecordedEvent{
  event_id: "282ec866-f518-44ed-95f6-7a535d6c3e25",
  event_number: 11262,
  stream_id: "019d0c26-0b00-74a0-bd6d-48329cf61a57",
  stream_version: 1,
  causation_id: "d64809a4-8402-4360-8536-99b7a0f860ca",
  correlation_id: "e0f4b4bb-483c-4914-aaaa-956d1587d67e",
  event_type: "Elixir.Nexus.Identity.Events.UserRegistered",
  data: %Nexus.Identity.Events.UserRegistered{
    user_id: "019d0c26-0b00-74a0-bd6d-48329cf61a57",
    org_id: "019d0c26-0b00-74a0-8884-24b7b734f296",
    email: "test@example.com",
    role: "system_admin",
    cose_key: "Ym9vdHN0cmFwX2Nvc2Vfa2V5",
    credential_id: "Ym9vdHN0cmFwX2NyZWRlbnRpYWxfaWQ=",
    registered_at: "2026-03-20T16:48:33.024173Z",
    display_name: "Test User",
    status: "active"
  },
  created_at: ~U[2026-03-20 16:48:33.025211Z],
  metadata: %{
    "causation_id" => "019d0c26-0b00-71d0-a1d2-041f55e92cfc",
    "correlation_id" => "019d0c26-0b00-71d0-a1d2-041f55e92cfc"
  }
}, due to:
** (Postgrex.Error) ERROR 42703 (undefined_column) column i0.id does not exist

    query: SELECT i0."id", i0."user_id", i0."org_id", i0."locale", i0."timezone", i0."notifications_enabled", i0."created_at", i0."updated_at" FROM "identity_user_settings" AS i0 WHERE (i0."id" = $1)
    (ecto_sql 3.13.4) lib/ecto/adapters/sql.ex:1113: Ecto.Adapters.SQL.raise_sql_call_error/1
    (ecto_sql 3.13.4) lib/ecto/adapters/sql.ex:1011: Ecto.Adapters.SQL.execute/6
    (ecto 3.13.5) lib/ecto/repo/queryable.ex:241: Ecto.Repo.Queryable.execute/4
    (ecto 3.13.5) lib/ecto/repo/queryable.ex:19: Ecto.Repo.Queryable.all/3
    (ecto 3.13.5) lib/ecto/repo/queryable.ex:163: Ecto.Repo.Queryable.one/3
    (nexus 0.1.0) lib/nexus/identity/projectors/user_registration_projector.ex:53: anonymous fn/3 in Nexus.Identity.Projectors.UserRegistrationProjector.project_registration/3
    (ecto 3.13.5) lib/ecto/multi.ex:905: Ecto.Multi.apply_operation/5
    (elixir 1.19.5) lib/enum.ex:2520: Enum."-reduce/3-lists^foldl/2-0-"/3
    (ecto 3.13.5) lib/ecto/multi.ex:878: anonymous fn/5 in Ecto.Multi.apply_operations/5
    (ecto_sql 3.13.4) lib/ecto/adapters/sql.ex:1473: anonymous fn/3 in Ecto.Adapters.SQL.checkout_or_transaction/4
    (db_connection 2.9.0) lib/db_connection.ex:1747: DBConnection.run_transaction/4
    (ecto 3.13.5) lib/ecto/repo/transaction.ex:30: Ecto.Repo.Transaction.transact/4
    (nexus 0.1.0) deps/commanded_ecto_projections/lib/projections/ecto.ex:97: Nexus.Identity.Projectors.UserRegistrationProjector.update_projection/3
    (commanded 1.4.9) lib/commanded/event/handler.ex:1221: Commanded.Event.Handler.delegate_event_to_handler/2
    (commanded 1.4.9) lib/commanded/event/handler.ex:1062: Commanded.Event.Handler.handle_event/3
    (elixir 1.19.5) lib/enum.ex:2520: Enum."-reduce/3-lists^foldl/2-0-"/3
    (commanded 1.4.9) lib/commanded/event/handler.ex:969: Commanded.Event.Handler.handle_info/2
    (stdlib 7.1) gen_server.erl:2434: :gen_server.try_handle_info/3
    (stdlib 7.1) gen_server.erl:2420: :gen_server.handle_msg/3
    (stdlib 7.1) proc_lib.erl:333: :proc_lib.init_p_do_apply/3

23:10:03.149 [warning] Nexus.Identity.Projectors.UserRegistrationProjector has requested to stop: %Postgrex.Error{message: nil, postgres: %{code: :undefined_column, line: "3721", message: "column i0.id does not exist", position: "8", file: "parse_relation.c", unknown: "ERROR", severity: "ERROR", pg_code: "42703", routine: "errorMissingColumn"}, connection_id: 3155, query: "SELECT i0.\"id\", i0.\"user_id\", i0.\"org_id\", i0.\"locale\", i0.\"timezone\", i0.\"notifications_enabled\", i0.\"created_at\", i0.\"updated_at\" FROM \"identity_user_settings\" AS i0 WHERE (i0.\"id\" = $1)"}
23:10:03.149 [debug] Nexus.Identity.Projectors.UserRegistrationProjector is shutting down due to %Postgrex.Error{message: nil, postgres: %{code: :undefined_column, line: "3721", message: "column i0.id does not exist", position: "8", file: "parse_relation.c", unknown: "ERROR", severity: "ERROR", pg_code: "42703", routine: "errorMissingColumn"}, connection_id: 3155, query: "SELECT i0.\"id\", i0.\"user_id\", i0.\"org_id\", i0.\"locale\", i0.\"timezone\", i0.\"notifications_enabled\", i0.\"created_at\", i0.\"updated_at\" FROM \"identity_user_settings\" AS i0 WHERE (i0.\"id\" = $1)"}
23:10:03.149 [error] GenServer {Nexus.App.LocalRegistry, {Nexus.App, Commanded.Event.Handler, "Identity.Projectors.UserRegistrationProjector"}} terminating
** (stop) %Postgrex.Error{message: nil, postgres: %{code: :undefined_column, line: "3721", message: "column i0.id does not exist", position: "8", file: "parse_relation.c", unknown: "ERROR", severity: "ERROR", pg_code: "42703", routine: "errorMissingColumn"}, connection_id: 3155, query: "SELECT i0.\"id\", i0.\"user_id\", i0.\"org_id\", i0.\"locale\", i0.\"timezone\", i0.\"notifications_enabled\", i0.\"created_at\", i0.\"updated_at\" FROM \"identity_user_settings\" AS i0 WHERE (i0.\"id\" = $1)"}
Last message: {:events, [%Commanded.EventStore.RecordedEvent{event_id: "282ec866-f518-44ed-95f6-7a535d6c3e25", event_number: 11262, stream_id: "019d0c26-0b00-74a0-bd6d-48329cf61a57", stream_version: 1, causation_id: "d64809a4-8402-4360-8536-99b7a0f860ca", correlation_id: "e0f4b4bb-483c-4914-aaaa-956d1587d67e", event_type: "Elixir.Nexus.Identity.Events.UserRegistered", data: %Nexus.Identity.Events.UserRegistered{user_id: "019d0c26-0b00-74a0-bd6d-48329cf61a57", org_id: "019d0c26-0b00-74a0-8884-24b7b734f296", email: "test@example.com", role: "system_admin", cose_key: "Ym9vdHN0cmFwX2Nvc2Vfa2V5", credential_id: "Ym9vdHN0cmFwX2NyZWRlbnRpYWxfaWQ=", registered_at: "2026-03-20T16:48:33.024173Z", display_name: "Test User", status: "active"}, created_at: ~U[2026-03-20 16:48:33.025211Z], metadata: %{"causation_id" => "019d0c26-0b00-71d0-a1d2-041f55e92cfc", "correlation_id" => "019d0c26-0b00-71d0-a1d2-041f55e92cfc"}}]}
State: %Commanded.Event.Handler{application: Nexus.App, consistency: :strong, handler_callback: :event, handler_name: "Identity.Projectors.UserRegistrationProjector", handler_module: Nexus.Identity.Projectors.UserRegistrationProjector, handler_state: nil, last_seen_event: nil, subscription: %Commanded.EventStore.Subscription{application: Nexus.App, backoff: {:backoff, 1000, 60000, 1000, :jitter, :undefined, :undefined}, concurrency: 1, partition_by: nil, subscribe_to: :all, subscribe_from: :origin, subscription_name: "Identity.Projectors.UserRegistrationProjector", subscription_opts: [], subscription_pid: #PID<0.2881.0>, subscription_ref: #Reference<0.504251661.3394502658.77881>}, subscribe_timer: nil}
23:10:03.149 [debug] Subscription "Identity.Projectors.UserRegistrationProjector"@"$all" subscriber #PID<0.2880.0> down due to: %Postgrex.Error{message: nil, postgres: %{code: :undefined_column, line: "3721", message: "column i0.id does not exist", position: "8", file: "parse_relation.c", unknown: "ERROR", severity: "ERROR", pg_code: "42703", routine: "errorMissingColumn"}, connection_id: 3155, query: "SELECT i0.\"id\", i0.\"user_id\", i0.\"org_id\", i0.\"locale\", i0.\"timezone\", i0.\"notifications_enabled\", i0.\"created_at\", i0.\"updated_at\" FROM \"identity_user_settings\" AS i0 WHERE (i0.\"id\" = $1)"}
23:10:03.149 [debug] Subscription "Identity.Projectors.UserRegistrationProjector"@"$all" has no subscribers, shutting down
23:10:03.149 [error] GenServer {Nexus.EventStore.EventStore.Subscriptions.Registry, {"$all", "Identity.Projectors.UserRegistrationProjector"}} terminating
** (stop) %Postgrex.Error{message: nil, postgres: %{code: :undefined_column, line: "3721", message: "column i0.id does not exist", position: "8", file: "parse_relation.c", unknown: "ERROR", severity: "ERROR", pg_code: "42703", routine: "errorMissingColumn"}, connection_id: 3155, query: "SELECT i0.\"id\", i0.\"user_id\", i0.\"org_id\", i0.\"locale\", i0.\"timezone\", i0.\"notifications_enabled\", i0.\"created_at\", i0.\"updated_at\" FROM \"identity_user_settings\" AS i0 WHERE (i0.\"id\" = $1)"}
Last message: {:DOWN, #Reference<0.504251661.3394502659.67745>, :process, #PID<0.2880.0>, %Postgrex.Error{message: nil, postgres: %{code: :undefined_column, line: "3721", message: "column i0.id does not exist", position: "8", file: "parse_relation.c", unknown: "ERROR", severity: "ERROR", pg_code: "42703", routine: "errorMissingColumn"}, connection_id: 3155, query: "SELECT i0.\"id\", i0.\"user_id\", i0.\"org_id\", i0.\"locale\", i0.\"timezone\", i0.\"notifications_enabled\", i0.\"created_at\", i0.\"updated_at\" FROM \"identity_user_settings\" AS i0 WHERE (i0.\"id\" = $1)"}}
State: %EventStore.Subscriptions.Subscription{stream_uuid: "$all", subscription_name: "Identity.Projectors.UserRegistrationProjector", subscription: %EventStore.Subscriptions.SubscriptionFsm{state: :unsubscribed, data: %EventStore.Subscriptions.SubscriptionState{conn: Nexus.EventStore.Postgrex, event_store: Nexus.EventStore, serializer: Commanded.Serialization.JsonSerializer, schema: "event_store", stream_uuid: "$all", start_from: 0, subscription_name: "Identity.Projectors.UserRegistrationProjector", subscription_id: 405, selector: nil, mapper: &Commanded.EventStore.Adapters.EventStore.Mapper.from_recorded_event/1, max_size: 1000, partition_by: nil, query_timeout: 15000, lock_ref: #Reference<0.504251661.3394502657.224105>, last_received: 12228, last_sent: 11262, last_ack: 11261, queue_size: 967, buffer_size: 1, checkpoint_after: 0, checkpoint_threshold: 1, checkpoint_timer_ref: nil, checkpoints_pending: 0, subscribers: %{}, partitions: %{nil: {[%EventStore.RecordedEvent{event_number: 12228, event_id: "09c135f3-e6cb-49bc-81c3-586b4a99fd72", stream_uuid: "ba9ba3da-fea6-48d9-9922-befe7026f5cc", stream_version: 3, correlation_id: "902485ee-cc53-4803-804a-6d742585af10", causation_id: "01922623-15ce-4222-be02-54e41f028373", event_type: "Elixir.Nexus.Identity.Events.SettingsUpdated", data: %Nexus.Identity.Events.SettingsUpdated{org_id: "59134142-de0c-401f-84cf-01b308e7beea", user_id: "ba9ba3da-fea6-48d9-9922-befe7026f5cc", locale: "fr", timezone: "Europe/Paris", notifications_enabled: true, updated_at: "2026-03-20T23:10:03.003466Z"}, metadata: %{"causation_id" => "019d0d83-50fb-76b9-b3c3-9f9ffff96169", "correlation_id" => "019d0d83-50fb-76b9-b3c3-9f9ffff96169"}, created_at: ~U[2026-03-20 23:10:03.004032Z]}, %EventStore.RecordedEvent{event_number: 12227, event_id: "2cb7e60f-876a-4b3d-a0cf-79ce787ffc73", stream_uuid: "ba9ba3da-fea6-48d9-9922-befe7026f5cc", stream_version: 2, correlation_id: "a1777de2-55b0-4c36-b14b-9bfd78376f7d", causation_id: "e52f51cf-cba6-4432-b5ca-53a579ec6263", event_type: "Elixir.Nexus.Identity.Events.SessionStarted", data: %Nexus.Identity.Events.SessionStarted{org_id: "59134142-de0c-401f-84cf-01b308e7beea", user_id: "ba9ba3da-fea6-48d9-9922-befe7026f5cc", session_id: "684b6bac-827a-4ceb-9861-846a2b7f892e", session_token: "mock-token", user_agent: "Mozilla/5.0 (Macintosh; Intel Mac OS X 10_15_7)", ip_address: "127.0.0.1", started_at: "2026-03-20T23:10:02.900974Z"}, metadata: %{"causation_id" => "019d0d83-5095-7a69-8847-4462525e408d", "correlation_id" => "019d0d83-5095-7a69-8847-4462525e408d"}, created_at: ~U[2026-03-20 23:10:02.901379Z]}, %EventStore.RecordedEvent{event_number: 12226, event_id: "c30b19ec-e929-472c-ac8b-a5a8711e9b70", stream_uuid: "ba9ba3da-fea6-48d9-9922-befe7026f5cc", stream_version: 1, correlation_id: "63930bf3-6d78-4bb8-965e-020e650c1443", causation_id: "fad08287-ca47-4012-b1b3-738e408b6cd2", event_type: "Elixir.Nexus.Identity.Events.UserRegistered", data: %Nexus.Identity.Events.UserRegistered{user_id: "ba9ba3da-fea6-48d9-9922-befe7026f5cc", org_id: "59134142-de0c-401f-84cf-01b308e7beea", email: "bernard-4558122c-37ba-45b3-ae3e-a2f7b861c40b@nexus.financial", role: "admin", cose_key: "bW9jaw==", credential_id: "bW9jaw==", registered_at: "2026-03-20T23:10:02.697332Z", display_name: "Bernard", status: "active"}, metadata: %{"causation_id" => "019d0d83-4fc9-7634-8690-906da3e4e15a", "correlation_id" => "019d0d83-4fc9-7634-8690-906da3e4e15a"}, created_at: ~U[2026-03-20 23:10:02.698223Z]}, %EventStore.RecordedEvent{event_number: 12225, event_id: "8338242a-cf94-4b71-aa99-a06cb12a5902", stream_uuid: "019d0d83-4d63-7c0f-8998-bde5f58f823e", stream_version: 3, correlation_id: "497bc4b2-89c2-447e-a743-b61b2ed2adbf", causation_id: "9c8c1acc-d317-4eff-b688-0480de89ec6a", ...}, ...], ...}}, ...}}, ...}
23:10:03.150 [debug] Nexus.Identity.Projectors.UserRegistrationProjector is shutting down due to {%Postgrex.Error{message: nil, postgres: %{code: :undefined_column, line: "3721", message: "column i0.id does not exist", position: "8", file: "parse_relation.c", unknown: "ERROR", severity: "ERROR", pg_code: "42703", routine: "errorMissingColumn"}, connection_id: 3155, query: "SELECT i0.\"id\", i0.\"user_id\", i0.\"org_id\", i0.\"locale\", i0.\"timezone\", i0.\"notifications_enabled\", i0.\"created_at\", i0.\"updated_at\" FROM \"identity_user_settings\" AS i0 WHERE (i0.\"id\" = $1)"}, {GenServer, :call, [#PID<0.2881.0>, {:connect, #PID<0.2882.0>, [retry_interval: 60000, hibernate_after: 15000, partition_by: nil, concurrency_limit: 1, name: Nexus.EventStore, mapper: &Commanded.EventStore.Adapters.EventStore.Mapper.from_recorded_event/1, conn: Nexus.EventStore.Postgrex, event_store: Nexus.EventStore, query_timeout: 15000, schema: "event_store", serializer: Commanded.Serialization.JsonSerializer, stream_uuid: "$all", subscription_name: "Identity.Projectors.UserRegistrationProjector", start_from: 0]}, 5000]}}
23:10:03.150 [error] GenServer {Nexus.App.LocalRegistry, {Nexus.App, Commanded.Event.Handler, "Identity.Projectors.UserRegistrationProjector"}} terminating
** (stop) exited in: GenServer.call(#PID<0.2881.0>, {:connect, #PID<0.2882.0>, [retry_interval: 60000, hibernate_after: 15000, partition_by: nil, concurrency_limit: 1, name: Nexus.EventStore, mapper: &Commanded.EventStore.Adapters.EventStore.Mapper.from_recorded_event/1, conn: Nexus.EventStore.Postgrex, event_store: Nexus.EventStore, query_timeout: 15000, schema: "event_store", serializer: Commanded.Serialization.JsonSerializer, stream_uuid: "$all", subscription_name: "Identity.Projectors.UserRegistrationProjector", start_from: 0]}, 5000)
    ** (EXIT) %Postgrex.Error{message: nil, postgres: %{code: :undefined_column, line: "3721", message: "column i0.id does not exist", position: "8", file: "parse_relation.c", unknown: "ERROR", severity: "ERROR", pg_code: "42703", routine: "errorMissingColumn"}, connection_id: 3155, query: "SELECT i0.\"id\", i0.\"user_id\", i0.\"org_id\", i0.\"locale\", i0.\"timezone\", i0.\"notifications_enabled\", i0.\"created_at\", i0.\"updated_at\" FROM \"identity_user_settings\" AS i0 WHERE (i0.\"id\" = $1)"}
    (elixir 1.19.5) lib/gen_server.ex:1142: GenServer.call/3
    (commanded 1.4.9) lib/commanded/event_store.ex:289: anonymous fn/2 in Commanded.EventStore.span/3
    (telemetry 1.3.0) /Users/bernard/dev/nexus/deps/telemetry/src/telemetry.erl:324: :telemetry.span/3
    (commanded 1.4.9) lib/commanded/event_store/subscription.ex:58: Commanded.EventStore.Subscription.subscribe/2
    (commanded 1.4.9) lib/commanded/event/handler.ex:1024: Commanded.Event.Handler.subscribe_to_events/1
    (commanded 1.4.9) lib/commanded/event/handler.ex:887: Commanded.Event.Handler.handle_continue/2
    (stdlib 7.1) gen_server.erl:2424: :gen_server.try_handle_continue/3
    (stdlib 7.1) gen_server.erl:2291: :gen_server.loop/4
    (stdlib 7.1) proc_lib.erl:333: :proc_lib.init_p_do_apply/3
Last message: {:continue, :subscribe_to_events}
State: %Commanded.Event.Handler{application: Nexus.App, consistency: :strong, handler_callback: :event, handler_name: "Identity.Projectors.UserRegistrationProjector", handler_module: Nexus.Identity.Projectors.UserRegistrationProjector, handler_state: nil, last_seen_event: nil, subscription: %Commanded.EventStore.Subscription{application: Nexus.App, backoff: {:backoff, 1000, 60000, 1000, :jitter, :undefined, :undefined}, concurrency: 1, partition_by: nil, subscribe_to: :all, subscribe_from: :origin, subscription_name: "Identity.Projectors.UserRegistrationProjector", subscription_opts: [], subscription_pid: nil, subscription_ref: nil}, subscribe_timer: nil}
23:10:03.150 [debug] Subscription "Identity.Projectors.UserRegistrationProjector"@"$all" attempting to connect subscriber #PID<0.2883.0>
23:10:03.151 [debug] Subscription "Identity.Projectors.UserRegistrationProjector"@"$all" catching-up
23:10:03.151 [debug] Nexus.Identity.Projectors.UserRegistrationProjector has successfully subscribed to event store
23:10:03.166 [debug] Nexus.Identity.Projectors.UserRegistrationProjector received events: [%Commanded.EventStore.RecordedEvent{event_id: "282ec866-f518-44ed-95f6-7a535d6c3e25", event_number: 11262, stream_id: "019d0c26-0b00-74a0-bd6d-48329cf61a57", stream_version: 1, causation_id: "d64809a4-8402-4360-8536-99b7a0f860ca", correlation_id: "e0f4b4bb-483c-4914-aaaa-956d1587d67e", event_type: "Elixir.Nexus.Identity.Events.UserRegistered", data: %Nexus.Identity.Events.UserRegistered{user_id: "019d0c26-0b00-74a0-bd6d-48329cf61a57", org_id: "019d0c26-0b00-74a0-8884-24b7b734f296", email: "test@example.com", role: "system_admin", cose_key: "Ym9vdHN0cmFwX2Nvc2Vfa2V5", credential_id: "Ym9vdHN0cmFwX2NyZWRlbnRpYWxfaWQ=", registered_at: "2026-03-20T16:48:33.024173Z", display_name: "Test User", status: "active"}, created_at: ~U[2026-03-20 16:48:33.025211Z], metadata: %{"causation_id" => "019d0c26-0b00-71d0-a1d2-041f55e92cfc", "correlation_id" => "019d0c26-0b00-71d0-a1d2-041f55e92cfc"}}]
23:10:03.166 [debug] QUERY OK db=0.1ms
begin []
23:10:03.166 [debug] QUERY OK source="projection_versions" db=0.1ms
INSERT INTO "projection_versions" AS p0 ("projection_name","last_seen_event_number","inserted_at","updated_at") VALUES ($1,$2,$3,$4) ON CONFLICT ("projection_name") DO UPDATE SET "last_seen_event_number" = $5 WHERE ((p0."projection_name" = $6) AND (p0."last_seen_event_number" < $7)) ["Identity.Projectors.UserRegistrationProjector", 11262, ~N[2026-03-20 23:10:03.166278], ~N[2026-03-20 23:10:03.166278], 11262, "Identity.Projectors.UserRegistrationProjector", 11262]
23:10:03.166 [debug] QUERY OK source="users" db=0.1ms
SELECT u0."id", u0."org_id", u0."email", u0."display_name", u0."status", u0."cose_key", u0."credential_id", u0."roles", u0."created_at", u0."updated_at" FROM "users" AS u0 WHERE (u0."id" = $1) ["019d0c26-0b00-74a0-bd6d-48329cf61a57"]
23:10:03.166 [debug] QUERY OK source="users" db=0.1ms
SELECT u0."id", u0."org_id", u0."email", u0."display_name", u0."status", u0."cose_key", u0."credential_id", u0."roles", u0."created_at", u0."updated_at" FROM "users" AS u0 WHERE (u0."email" = $1) ["test@example.com"]
23:10:03.167 [debug] QUERY OK source="users" db=0.2ms
INSERT INTO "users" ("id","status","org_id","email","display_name","roles","cose_key","credential_id","created_at","updated_at") VALUES ($1,$2,$3,$4,$5,$6,$7,$8,$9,$10) ["019d0c26-0b00-74a0-bd6d-48329cf61a57", "active", "019d0c26-0b00-74a0-8884-24b7b734f296", "test@example.com", "Test User", ["system_admin"], "bootstrap_cose_key", "bootstrap_credential_id", ~U[2026-03-20 23:10:03.166873Z], ~U[2026-03-20 23:10:03.166873Z]]
23:10:03.167 [debug] QUERY ERROR source="identity_user_settings" db=0.0ms
SELECT i0."id", i0."user_id", i0."org_id", i0."locale", i0."timezone", i0."notifications_enabled", i0."created_at", i0."updated_at" FROM "identity_user_settings" AS i0 WHERE (i0."id" = $1) ["019d0c26-0b00-74a0-bd6d-48329cf61a57"]
23:10:03.167 [debug] QUERY OK db=0.1ms
rollback []
23:10:03.168 [error] Nexus.Identity.Projectors.UserRegistrationProjector failed to handle event:
%Commanded.EventStore.RecordedEvent{
  event_id: "282ec866-f518-44ed-95f6-7a535d6c3e25",
  event_number: 11262,
  stream_id: "019d0c26-0b00-74a0-bd6d-48329cf61a57",
  stream_version: 1,
  causation_id: "d64809a4-8402-4360-8536-99b7a0f860ca",
  correlation_id: "e0f4b4bb-483c-4914-aaaa-956d1587d67e",
  event_type: "Elixir.Nexus.Identity.Events.UserRegistered",
  data: %Nexus.Identity.Events.UserRegistered{
    user_id: "019d0c26-0b00-74a0-bd6d-48329cf61a57",
    org_id: "019d0c26-0b00-74a0-8884-24b7b734f296",
    email: "test@example.com",
    role: "system_admin",
    cose_key: "Ym9vdHN0cmFwX2Nvc2Vfa2V5",
    credential_id: "Ym9vdHN0cmFwX2NyZWRlbnRpYWxfaWQ=",
    registered_at: "2026-03-20T16:48:33.024173Z",
    display_name: "Test User",
    status: "active"
  },
  created_at: ~U[2026-03-20 16:48:33.025211Z],
  metadata: %{
    "causation_id" => "019d0c26-0b00-71d0-a1d2-041f55e92cfc",
    "correlation_id" => "019d0c26-0b00-71d0-a1d2-041f55e92cfc"
  }
}, due to:
** (Postgrex.Error) ERROR 42703 (undefined_column) column i0.id does not exist

    query: SELECT i0."id", i0."user_id", i0."org_id", i0."locale", i0."timezone", i0."notifications_enabled", i0."created_at", i0."updated_at" FROM "identity_user_settings" AS i0 WHERE (i0."id" = $1)
    (ecto_sql 3.13.4) lib/ecto/adapters/sql.ex:1113: Ecto.Adapters.SQL.raise_sql_call_error/1
    (ecto_sql 3.13.4) lib/ecto/adapters/sql.ex:1011: Ecto.Adapters.SQL.execute/6
    (ecto 3.13.5) lib/ecto/repo/queryable.ex:241: Ecto.Repo.Queryable.execute/4
    (ecto 3.13.5) lib/ecto/repo/queryable.ex:19: Ecto.Repo.Queryable.all/3
    (ecto 3.13.5) lib/ecto/repo/queryable.ex:163: Ecto.Repo.Queryable.one/3
    (nexus 0.1.0) lib/nexus/identity/projectors/user_registration_projector.ex:53: anonymous fn/3 in Nexus.Identity.Projectors.UserRegistrationProjector.project_registration/3
    (ecto 3.13.5) lib/ecto/multi.ex:905: Ecto.Multi.apply_operation/5
    (elixir 1.19.5) lib/enum.ex:2520: Enum."-reduce/3-lists^foldl/2-0-"/3
    (ecto 3.13.5) lib/ecto/multi.ex:878: anonymous fn/5 in Ecto.Multi.apply_operations/5
    (ecto_sql 3.13.4) lib/ecto/adapters/sql.ex:1473: anonymous fn/3 in Ecto.Adapters.SQL.checkout_or_transaction/4
    (db_connection 2.9.0) lib/db_connection.ex:1747: DBConnection.run_transaction/4
    (ecto 3.13.5) lib/ecto/repo/transaction.ex:30: Ecto.Repo.Transaction.transact/4
    (nexus 0.1.0) deps/commanded_ecto_projections/lib/projections/ecto.ex:97: Nexus.Identity.Projectors.UserRegistrationProjector.update_projection/3
    (commanded 1.4.9) lib/commanded/event/handler.ex:1221: Commanded.Event.Handler.delegate_event_to_handler/2
    (commanded 1.4.9) lib/commanded/event/handler.ex:1062: Commanded.Event.Handler.handle_event/3
    (elixir 1.19.5) lib/enum.ex:2520: Enum."-reduce/3-lists^foldl/2-0-"/3
    (commanded 1.4.9) lib/commanded/event/handler.ex:969: Commanded.Event.Handler.handle_info/2
    (stdlib 7.1) gen_server.erl:2434: :gen_server.try_handle_info/3
    (stdlib 7.1) gen_server.erl:2420: :gen_server.handle_msg/3
    (stdlib 7.1) proc_lib.erl:333: :proc_lib.init_p_do_apply/3

23:10:03.168 [warning] Nexus.Identity.Projectors.UserRegistrationProjector has requested to stop: %Postgrex.Error{message: nil, postgres: %{code: :undefined_column, line: "3721", message: "column i0.id does not exist", position: "8", file: "parse_relation.c", unknown: "ERROR", severity: "ERROR", pg_code: "42703", routine: "errorMissingColumn"}, connection_id: 3155, query: "SELECT i0.\"id\", i0.\"user_id\", i0.\"org_id\", i0.\"locale\", i0.\"timezone\", i0.\"notifications_enabled\", i0.\"created_at\", i0.\"updated_at\" FROM \"identity_user_settings\" AS i0 WHERE (i0.\"id\" = $1)"}
23:10:03.168 [debug] Nexus.Identity.Projectors.UserRegistrationProjector is shutting down due to %Postgrex.Error{message: nil, postgres: %{code: :undefined_column, line: "3721", message: "column i0.id does not exist", position: "8", file: "parse_relation.c", unknown: "ERROR", severity: "ERROR", pg_code: "42703", routine: "errorMissingColumn"}, connection_id: 3155, query: "SELECT i0.\"id\", i0.\"user_id\", i0.\"org_id\", i0.\"locale\", i0.\"timezone\", i0.\"notifications_enabled\", i0.\"created_at\", i0.\"updated_at\" FROM \"identity_user_settings\" AS i0 WHERE (i0.\"id\" = $1)"}
23:10:03.168 [error] GenServer {Nexus.App.LocalRegistry, {Nexus.App, Commanded.Event.Handler, "Identity.Projectors.UserRegistrationProjector"}} terminating
** (stop) %Postgrex.Error{message: nil, postgres: %{code: :undefined_column, line: "3721", message: "column i0.id does not exist", position: "8", file: "parse_relation.c", unknown: "ERROR", severity: "ERROR", pg_code: "42703", routine: "errorMissingColumn"}, connection_id: 3155, query: "SELECT i0.\"id\", i0.\"user_id\", i0.\"org_id\", i0.\"locale\", i0.\"timezone\", i0.\"notifications_enabled\", i0.\"created_at\", i0.\"updated_at\" FROM \"identity_user_settings\" AS i0 WHERE (i0.\"id\" = $1)"}
Last message: {:events, [%Commanded.EventStore.RecordedEvent{event_id: "282ec866-f518-44ed-95f6-7a535d6c3e25", event_number: 11262, stream_id: "019d0c26-0b00-74a0-bd6d-48329cf61a57", stream_version: 1, causation_id: "d64809a4-8402-4360-8536-99b7a0f860ca", correlation_id: "e0f4b4bb-483c-4914-aaaa-956d1587d67e", event_type: "Elixir.Nexus.Identity.Events.UserRegistered", data: %Nexus.Identity.Events.UserRegistered{user_id: "019d0c26-0b00-74a0-bd6d-48329cf61a57", org_id: "019d0c26-0b00-74a0-8884-24b7b734f296", email: "test@example.com", role: "system_admin", cose_key: "Ym9vdHN0cmFwX2Nvc2Vfa2V5", credential_id: "Ym9vdHN0cmFwX2NyZWRlbnRpYWxfaWQ=", registered_at: "2026-03-20T16:48:33.024173Z", display_name: "Test User", status: "active"}, created_at: ~U[2026-03-20 16:48:33.025211Z], metadata: %{"causation_id" => "019d0c26-0b00-71d0-a1d2-041f55e92cfc", "correlation_id" => "019d0c26-0b00-71d0-a1d2-041f55e92cfc"}}]}
State: %Commanded.Event.Handler{application: Nexus.App, consistency: :strong, handler_callback: :event, handler_name: "Identity.Projectors.UserRegistrationProjector", handler_module: Nexus.Identity.Projectors.UserRegistrationProjector, handler_state: nil, last_seen_event: nil, subscription: %Commanded.EventStore.Subscription{application: Nexus.App, backoff: {:backoff, 1000, 60000, 1000, :jitter, :undefined, :undefined}, concurrency: 1, partition_by: nil, subscribe_to: :all, subscribe_from: :origin, subscription_name: "Identity.Projectors.UserRegistrationProjector", subscription_opts: [], subscription_pid: #PID<0.2884.0>, subscription_ref: #Reference<0.504251661.3394502657.224327>}, subscribe_timer: nil}
23:10:03.168 [debug] Subscription "Identity.Projectors.UserRegistrationProjector"@"$all" subscriber #PID<0.2883.0> down due to: %Postgrex.Error{message: nil, postgres: %{code: :undefined_column, line: "3721", message: "column i0.id does not exist", position: "8", file: "parse_relation.c", unknown: "ERROR", severity: "ERROR", pg_code: "42703", routine: "errorMissingColumn"}, connection_id: 3155, query: "SELECT i0.\"id\", i0.\"user_id\", i0.\"org_id\", i0.\"locale\", i0.\"timezone\", i0.\"notifications_enabled\", i0.\"created_at\", i0.\"updated_at\" FROM \"identity_user_settings\" AS i0 WHERE (i0.\"id\" = $1)"}
23:10:03.168 [debug] Subscription "Identity.Projectors.UserRegistrationProjector"@"$all" has no subscribers, shutting down
23:10:03.168 [error] GenServer {Nexus.EventStore.EventStore.Subscriptions.Registry, {"$all", "Identity.Projectors.UserRegistrationProjector"}} terminating
** (stop) %Postgrex.Error{message: nil, postgres: %{code: :undefined_column, line: "3721", message: "column i0.id does not exist", position: "8", file: "parse_relation.c", unknown: "ERROR", severity: "ERROR", pg_code: "42703", routine: "errorMissingColumn"}, connection_id: 3155, query: "SELECT i0.\"id\", i0.\"user_id\", i0.\"org_id\", i0.\"locale\", i0.\"timezone\", i0.\"notifications_enabled\", i0.\"created_at\", i0.\"updated_at\" FROM \"identity_user_settings\" AS i0 WHERE (i0.\"id\" = $1)"}
Last message: {:DOWN, #Reference<0.504251661.3394502657.224302>, :process, #PID<0.2883.0>, %Postgrex.Error{message: nil, postgres: %{code: :undefined_column, line: "3721", message: "column i0.id does not exist", position: "8", file: "parse_relation.c", unknown: "ERROR", severity: "ERROR", pg_code: "42703", routine: "errorMissingColumn"}, connection_id: 3155, query: "SELECT i0.\"id\", i0.\"user_id\", i0.\"org_id\", i0.\"locale\", i0.\"timezone\", i0.\"notifications_enabled\", i0.\"created_at\", i0.\"updated_at\" FROM \"identity_user_settings\" AS i0 WHERE (i0.\"id\" = $1)"}}
State: %EventStore.Subscriptions.Subscription{stream_uuid: "$all", subscription_name: "Identity.Projectors.UserRegistrationProjector", subscription: %EventStore.Subscriptions.SubscriptionFsm{state: :unsubscribed, data: %EventStore.Subscriptions.SubscriptionState{conn: Nexus.EventStore.Postgrex, event_store: Nexus.EventStore, serializer: Commanded.Serialization.JsonSerializer, schema: "event_store", stream_uuid: "$all", start_from: 0, subscription_name: "Identity.Projectors.UserRegistrationProjector", subscription_id: 405, selector: nil, mapper: &Commanded.EventStore.Adapters.EventStore.Mapper.from_recorded_event/1, max_size: 1000, partition_by: nil, query_timeout: 15000, lock_ref: #Reference<0.504251661.3394502657.224324>, last_received: 12228, last_sent: 11262, last_ack: 11261, queue_size: 967, buffer_size: 1, checkpoint_after: 0, checkpoint_threshold: 1, checkpoint_timer_ref: nil, checkpoints_pending: 0, subscribers: %{}, partitions: %{nil: {[%EventStore.RecordedEvent{event_number: 12228, event_id: "09c135f3-e6cb-49bc-81c3-586b4a99fd72", stream_uuid: "ba9ba3da-fea6-48d9-9922-befe7026f5cc", stream_version: 3, correlation_id: "902485ee-cc53-4803-804a-6d742585af10", causation_id: "01922623-15ce-4222-be02-54e41f028373", event_type: "Elixir.Nexus.Identity.Events.SettingsUpdated", data: %Nexus.Identity.Events.SettingsUpdated{org_id: "59134142-de0c-401f-84cf-01b308e7beea", user_id: "ba9ba3da-fea6-48d9-9922-befe7026f5cc", locale: "fr", timezone: "Europe/Paris", notifications_enabled: true, updated_at: "2026-03-20T23:10:03.003466Z"}, metadata: %{"causation_id" => "019d0d83-50fb-76b9-b3c3-9f9ffff96169", "correlation_id" => "019d0d83-50fb-76b9-b3c3-9f9ffff96169"}, created_at: ~U[2026-03-20 23:10:03.004032Z]}, %EventStore.RecordedEvent{event_number: 12227, event_id: "2cb7e60f-876a-4b3d-a0cf-79ce787ffc73", stream_uuid: "ba9ba3da-fea6-48d9-9922-befe7026f5cc", stream_version: 2, correlation_id: "a1777de2-55b0-4c36-b14b-9bfd78376f7d", causation_id: "e52f51cf-cba6-4432-b5ca-53a579ec6263", event_type: "Elixir.Nexus.Identity.Events.SessionStarted", data: %Nexus.Identity.Events.SessionStarted{org_id: "59134142-de0c-401f-84cf-01b308e7beea", user_id: "ba9ba3da-fea6-48d9-9922-befe7026f5cc", session_id: "684b6bac-827a-4ceb-9861-846a2b7f892e", session_token: "mock-token", user_agent: "Mozilla/5.0 (Macintosh; Intel Mac OS X 10_15_7)", ip_address: "127.0.0.1", started_at: "2026-03-20T23:10:02.900974Z"}, metadata: %{"causation_id" => "019d0d83-5095-7a69-8847-4462525e408d", "correlation_id" => "019d0d83-5095-7a69-8847-4462525e408d"}, created_at: ~U[2026-03-20 23:10:02.901379Z]}, %EventStore.RecordedEvent{event_number: 12226, event_id: "c30b19ec-e929-472c-ac8b-a5a8711e9b70", stream_uuid: "ba9ba3da-fea6-48d9-9922-befe7026f5cc", stream_version: 1, correlation_id: "63930bf3-6d78-4bb8-965e-020e650c1443", causation_id: "fad08287-ca47-4012-b1b3-738e408b6cd2", event_type: "Elixir.Nexus.Identity.Events.UserRegistered", data: %Nexus.Identity.Events.UserRegistered{user_id: "ba9ba3da-fea6-48d9-9922-befe7026f5cc", org_id: "59134142-de0c-401f-84cf-01b308e7beea", email: "bernard-4558122c-37ba-45b3-ae3e-a2f7b861c40b@nexus.financial", role: "admin", cose_key: "bW9jaw==", credential_id: "bW9jaw==", registered_at: "2026-03-20T23:10:02.697332Z", display_name: "Bernard", status: "active"}, metadata: %{"causation_id" => "019d0d83-4fc9-7634-8690-906da3e4e15a", "correlation_id" => "019d0d83-4fc9-7634-8690-906da3e4e15a"}, created_at: ~U[2026-03-20 23:10:02.698223Z]}, %EventStore.RecordedEvent{event_number: 12225, event_id: "8338242a-cf94-4b71-aa99-a06cb12a5902", stream_uuid: "019d0d83-4d63-7c0f-8998-bde5f58f823e", stream_version: 3, correlation_id: "497bc4b2-89c2-447e-a743-b61b2ed2adbf", causation_id: "9c8c1acc-d317-4eff-b688-0480de89ec6a", ...}, ...], ...}}, ...}}, ...}
23:10:03.169 [debug] Nexus.Identity.Projectors.UserRegistrationProjector is shutting down due to {%Postgrex.Error{message: nil, postgres: %{code: :undefined_column, line: "3721", message: "column i0.id does not exist", position: "8", file: "parse_relation.c", unknown: "ERROR", severity: "ERROR", pg_code: "42703", routine: "errorMissingColumn"}, connection_id: 3155, query: "SELECT i0.\"id\", i0.\"user_id\", i0.\"org_id\", i0.\"locale\", i0.\"timezone\", i0.\"notifications_enabled\", i0.\"created_at\", i0.\"updated_at\" FROM \"identity_user_settings\" AS i0 WHERE (i0.\"id\" = $1)"}, {GenServer, :call, [#PID<0.2884.0>, {:connect, #PID<0.2885.0>, [retry_interval: 60000, hibernate_after: 15000, partition_by: nil, concurrency_limit: 1, name: Nexus.EventStore, mapper: &Commanded.EventStore.Adapters.EventStore.Mapper.from_recorded_event/1, conn: Nexus.EventStore.Postgrex, event_store: Nexus.EventStore, query_timeout: 15000, schema: "event_store", serializer: Commanded.Serialization.JsonSerializer, stream_uuid: "$all", subscription_name: "Identity.Projectors.UserRegistrationProjector", start_from: 0]}, 5000]}}
23:10:03.169 [error] GenServer {Nexus.App.LocalRegistry, {Nexus.App, Commanded.Event.Handler, "Identity.Projectors.UserRegistrationProjector"}} terminating
** (stop) exited in: GenServer.call(#PID<0.2884.0>, {:connect, #PID<0.2885.0>, [retry_interval: 60000, hibernate_after: 15000, partition_by: nil, concurrency_limit: 1, name: Nexus.EventStore, mapper: &Commanded.EventStore.Adapters.EventStore.Mapper.from_recorded_event/1, conn: Nexus.EventStore.Postgrex, event_store: Nexus.EventStore, query_timeout: 15000, schema: "event_store", serializer: Commanded.Serialization.JsonSerializer, stream_uuid: "$all", subscription_name: "Identity.Projectors.UserRegistrationProjector", start_from: 0]}, 5000)
    ** (EXIT) %Postgrex.Error{message: nil, postgres: %{code: :undefined_column, line: "3721", message: "column i0.id does not exist", position: "8", file: "parse_relation.c", unknown: "ERROR", severity: "ERROR", pg_code: "42703", routine: "errorMissingColumn"}, connection_id: 3155, query: "SELECT i0.\"id\", i0.\"user_id\", i0.\"org_id\", i0.\"locale\", i0.\"timezone\", i0.\"notifications_enabled\", i0.\"created_at\", i0.\"updated_at\" FROM \"identity_user_settings\" AS i0 WHERE (i0.\"id\" = $1)"}
    (elixir 1.19.5) lib/gen_server.ex:1142: GenServer.call/3
    (commanded 1.4.9) lib/commanded/event_store.ex:289: anonymous fn/2 in Commanded.EventStore.span/3
    (telemetry 1.3.0) /Users/bernard/dev/nexus/deps/telemetry/src/telemetry.erl:324: :telemetry.span/3
    (commanded 1.4.9) lib/commanded/event_store/subscription.ex:58: Commanded.EventStore.Subscription.subscribe/2
    (commanded 1.4.9) lib/commanded/event/handler.ex:1024: Commanded.Event.Handler.subscribe_to_events/1
    (commanded 1.4.9) lib/commanded/event/handler.ex:887: Commanded.Event.Handler.handle_continue/2
    (stdlib 7.1) gen_server.erl:2424: :gen_server.try_handle_continue/3
    (stdlib 7.1) gen_server.erl:2291: :gen_server.loop/4
    (stdlib 7.1) proc_lib.erl:333: :proc_lib.init_p_do_apply/3
Last message: {:continue, :subscribe_to_events}
State: %Commanded.Event.Handler{application: Nexus.App, consistency: :strong, handler_callback: :event, handler_name: "Identity.Projectors.UserRegistrationProjector", handler_module: Nexus.Identity.Projectors.UserRegistrationProjector, handler_state: nil, last_seen_event: nil, subscription: %Commanded.EventStore.Subscription{application: Nexus.App, backoff: {:backoff, 1000, 60000, 1000, :jitter, :undefined, :undefined}, concurrency: 1, partition_by: nil, subscribe_to: :all, subscribe_from: :origin, subscription_name: "Identity.Projectors.UserRegistrationProjector", subscription_opts: [], subscription_pid: nil, subscription_ref: nil}, subscribe_timer: nil}
23:10:03.170 [debug] Subscription "Identity.Projectors.UserRegistrationProjector"@"$all" attempting to connect subscriber #PID<0.2886.0>
23:10:03.170 [debug] Subscription "Identity.Projectors.UserRegistrationProjector"@"$all" catching-up
23:10:03.170 [debug] Nexus.Identity.Projectors.UserRegistrationProjector has successfully subscribed to event store
23:10:03.185 [debug] Nexus.Identity.Projectors.UserRegistrationProjector received events: [%Commanded.EventStore.RecordedEvent{event_id: "282ec866-f518-44ed-95f6-7a535d6c3e25", event_number: 11262, stream_id: "019d0c26-0b00-74a0-bd6d-48329cf61a57", stream_version: 1, causation_id: "d64809a4-8402-4360-8536-99b7a0f860ca", correlation_id: "e0f4b4bb-483c-4914-aaaa-956d1587d67e", event_type: "Elixir.Nexus.Identity.Events.UserRegistered", data: %Nexus.Identity.Events.UserRegistered{user_id: "019d0c26-0b00-74a0-bd6d-48329cf61a57", org_id: "019d0c26-0b00-74a0-8884-24b7b734f296", email: "test@example.com", role: "system_admin", cose_key: "Ym9vdHN0cmFwX2Nvc2Vfa2V5", credential_id: "Ym9vdHN0cmFwX2NyZWRlbnRpYWxfaWQ=", registered_at: "2026-03-20T16:48:33.024173Z", display_name: "Test User", status: "active"}, created_at: ~U[2026-03-20 16:48:33.025211Z], metadata: %{"causation_id" => "019d0c26-0b00-71d0-a1d2-041f55e92cfc", "correlation_id" => "019d0c26-0b00-71d0-a1d2-041f55e92cfc"}}]
23:10:03.185 [debug] QUERY OK db=0.1ms
begin []
23:10:03.185 [debug] QUERY OK source="projection_versions" db=0.2ms
INSERT INTO "projection_versions" AS p0 ("projection_name","last_seen_event_number","inserted_at","updated_at") VALUES ($1,$2,$3,$4) ON CONFLICT ("projection_name") DO UPDATE SET "last_seen_event_number" = $5 WHERE ((p0."projection_name" = $6) AND (p0."last_seen_event_number" < $7)) ["Identity.Projectors.UserRegistrationProjector", 11262, ~N[2026-03-20 23:10:03.185676], ~N[2026-03-20 23:10:03.185676], 11262, "Identity.Projectors.UserRegistrationProjector", 11262]
23:10:03.186 [debug] QUERY OK source="users" db=0.1ms
SELECT u0."id", u0."org_id", u0."email", u0."display_name", u0."status", u0."cose_key", u0."credential_id", u0."roles", u0."created_at", u0."updated_at" FROM "users" AS u0 WHERE (u0."id" = $1) ["019d0c26-0b00-74a0-bd6d-48329cf61a57"]
23:10:03.186 [debug] QUERY OK source="users" db=0.1ms
SELECT u0."id", u0."org_id", u0."email", u0."display_name", u0."status", u0."cose_key", u0."credential_id", u0."roles", u0."created_at", u0."updated_at" FROM "users" AS u0 WHERE (u0."email" = $1) ["test@example.com"]
23:10:03.186 [debug] QUERY OK source="users" db=0.1ms
INSERT INTO "users" ("id","status","org_id","email","display_name","roles","cose_key","credential_id","created_at","updated_at") VALUES ($1,$2,$3,$4,$5,$6,$7,$8,$9,$10) ["019d0c26-0b00-74a0-bd6d-48329cf61a57", "active", "019d0c26-0b00-74a0-8884-24b7b734f296", "test@example.com", "Test User", ["system_admin"], "bootstrap_cose_key", "bootstrap_credential_id", ~U[2026-03-20 23:10:03.186325Z], ~U[2026-03-20 23:10:03.186325Z]]
23:10:03.186 [debug] QUERY ERROR source="identity_user_settings" db=0.0ms
SELECT i0."id", i0."user_id", i0."org_id", i0."locale", i0."timezone", i0."notifications_enabled", i0."created_at", i0."updated_at" FROM "identity_user_settings" AS i0 WHERE (i0."id" = $1) ["019d0c26-0b00-74a0-bd6d-48329cf61a57"]
23:10:03.186 [debug] QUERY OK db=0.1ms
rollback []
23:10:03.188 [error] Nexus.Identity.Projectors.UserRegistrationProjector failed to handle event:
%Commanded.EventStore.RecordedEvent{
  event_id: "282ec866-f518-44ed-95f6-7a535d6c3e25",
  event_number: 11262,
  stream_id: "019d0c26-0b00-74a0-bd6d-48329cf61a57",
  stream_version: 1,
  causation_id: "d64809a4-8402-4360-8536-99b7a0f860ca",
  correlation_id: "e0f4b4bb-483c-4914-aaaa-956d1587d67e",
  event_type: "Elixir.Nexus.Identity.Events.UserRegistered",
  data: %Nexus.Identity.Events.UserRegistered{
    user_id: "019d0c26-0b00-74a0-bd6d-48329cf61a57",
    org_id: "019d0c26-0b00-74a0-8884-24b7b734f296",
    email: "test@example.com",
    role: "system_admin",
    cose_key: "Ym9vdHN0cmFwX2Nvc2Vfa2V5",
    credential_id: "Ym9vdHN0cmFwX2NyZWRlbnRpYWxfaWQ=",
    registered_at: "2026-03-20T16:48:33.024173Z",
    display_name: "Test User",
    status: "active"
  },
  created_at: ~U[2026-03-20 16:48:33.025211Z],
  metadata: %{
    "causation_id" => "019d0c26-0b00-71d0-a1d2-041f55e92cfc",
    "correlation_id" => "019d0c26-0b00-71d0-a1d2-041f55e92cfc"
  }
}, due to:
** (Postgrex.Error) ERROR 42703 (undefined_column) column i0.id does not exist

    query: SELECT i0."id", i0."user_id", i0."org_id", i0."locale", i0."timezone", i0."notifications_enabled", i0."created_at", i0."updated_at" FROM "identity_user_settings" AS i0 WHERE (i0."id" = $1)
    (ecto_sql 3.13.4) lib/ecto/adapters/sql.ex:1113: Ecto.Adapters.SQL.raise_sql_call_error/1
    (ecto_sql 3.13.4) lib/ecto/adapters/sql.ex:1011: Ecto.Adapters.SQL.execute/6
    (ecto 3.13.5) lib/ecto/repo/queryable.ex:241: Ecto.Repo.Queryable.execute/4
    (ecto 3.13.5) lib/ecto/repo/queryable.ex:19: Ecto.Repo.Queryable.all/3
    (ecto 3.13.5) lib/ecto/repo/queryable.ex:163: Ecto.Repo.Queryable.one/3
    (nexus 0.1.0) lib/nexus/identity/projectors/user_registration_projector.ex:53: anonymous fn/3 in Nexus.Identity.Projectors.UserRegistrationProjector.project_registration/3
    (ecto 3.13.5) lib/ecto/multi.ex:905: Ecto.Multi.apply_operation/5
    (elixir 1.19.5) lib/enum.ex:2520: Enum."-reduce/3-lists^foldl/2-0-"/3
    (ecto 3.13.5) lib/ecto/multi.ex:878: anonymous fn/5 in Ecto.Multi.apply_operations/5
    (ecto_sql 3.13.4) lib/ecto/adapters/sql.ex:1473: anonymous fn/3 in Ecto.Adapters.SQL.checkout_or_transaction/4
    (db_connection 2.9.0) lib/db_connection.ex:1747: DBConnection.run_transaction/4
    (ecto 3.13.5) lib/ecto/repo/transaction.ex:30: Ecto.Repo.Transaction.transact/4
    (nexus 0.1.0) deps/commanded_ecto_projections/lib/projections/ecto.ex:97: Nexus.Identity.Projectors.UserRegistrationProjector.update_projection/3
    (commanded 1.4.9) lib/commanded/event/handler.ex:1221: Commanded.Event.Handler.delegate_event_to_handler/2
    (commanded 1.4.9) lib/commanded/event/handler.ex:1062: Commanded.Event.Handler.handle_event/3
    (elixir 1.19.5) lib/enum.ex:2520: Enum."-reduce/3-lists^foldl/2-0-"/3
    (commanded 1.4.9) lib/commanded/event/handler.ex:969: Commanded.Event.Handler.handle_info/2
    (stdlib 7.1) gen_server.erl:2434: :gen_server.try_handle_info/3
    (stdlib 7.1) gen_server.erl:2420: :gen_server.handle_msg/3
    (stdlib 7.1) proc_lib.erl:333: :proc_lib.init_p_do_apply/3

23:10:03.188 [warning] Nexus.Identity.Projectors.UserRegistrationProjector has requested to stop: %Postgrex.Error{message: nil, postgres: %{code: :undefined_column, line: "3721", message: "column i0.id does not exist", position: "8", file: "parse_relation.c", unknown: "ERROR", severity: "ERROR", pg_code: "42703", routine: "errorMissingColumn"}, connection_id: 3155, query: "SELECT i0.\"id\", i0.\"user_id\", i0.\"org_id\", i0.\"locale\", i0.\"timezone\", i0.\"notifications_enabled\", i0.\"created_at\", i0.\"updated_at\" FROM \"identity_user_settings\" AS i0 WHERE (i0.\"id\" = $1)"}
23:10:03.188 [debug] Nexus.Identity.Projectors.UserRegistrationProjector is shutting down due to %Postgrex.Error{message: nil, postgres: %{code: :undefined_column, line: "3721", message: "column i0.id does not exist", position: "8", file: "parse_relation.c", unknown: "ERROR", severity: "ERROR", pg_code: "42703", routine: "errorMissingColumn"}, connection_id: 3155, query: "SELECT i0.\"id\", i0.\"user_id\", i0.\"org_id\", i0.\"locale\", i0.\"timezone\", i0.\"notifications_enabled\", i0.\"created_at\", i0.\"updated_at\" FROM \"identity_user_settings\" AS i0 WHERE (i0.\"id\" = $1)"}
23:10:03.188 [error] GenServer {Nexus.App.LocalRegistry, {Nexus.App, Commanded.Event.Handler, "Identity.Projectors.UserRegistrationProjector"}} terminating
** (stop) %Postgrex.Error{message: nil, postgres: %{code: :undefined_column, line: "3721", message: "column i0.id does not exist", position: "8", file: "parse_relation.c", unknown: "ERROR", severity: "ERROR", pg_code: "42703", routine: "errorMissingColumn"}, connection_id: 3155, query: "SELECT i0.\"id\", i0.\"user_id\", i0.\"org_id\", i0.\"locale\", i0.\"timezone\", i0.\"notifications_enabled\", i0.\"created_at\", i0.\"updated_at\" FROM \"identity_user_settings\" AS i0 WHERE (i0.\"id\" = $1)"}
Last message: {:events, [%Commanded.EventStore.RecordedEvent{event_id: "282ec866-f518-44ed-95f6-7a535d6c3e25", event_number: 11262, stream_id: "019d0c26-0b00-74a0-bd6d-48329cf61a57", stream_version: 1, causation_id: "d64809a4-8402-4360-8536-99b7a0f860ca", correlation_id: "e0f4b4bb-483c-4914-aaaa-956d1587d67e", event_type: "Elixir.Nexus.Identity.Events.UserRegistered", data: %Nexus.Identity.Events.UserRegistered{user_id: "019d0c26-0b00-74a0-bd6d-48329cf61a57", org_id: "019d0c26-0b00-74a0-8884-24b7b734f296", email: "test@example.com", role: "system_admin", cose_key: "Ym9vdHN0cmFwX2Nvc2Vfa2V5", credential_id: "Ym9vdHN0cmFwX2NyZWRlbnRpYWxfaWQ=", registered_at: "2026-03-20T16:48:33.024173Z", display_name: "Test User", status: "active"}, created_at: ~U[2026-03-20 16:48:33.025211Z], metadata: %{"causation_id" => "019d0c26-0b00-71d0-a1d2-041f55e92cfc", "correlation_id" => "019d0c26-0b00-71d0-a1d2-041f55e92cfc"}}]}
State: %Commanded.Event.Handler{application: Nexus.App, consistency: :strong, handler_callback: :event, handler_name: "Identity.Projectors.UserRegistrationProjector", handler_module: Nexus.Identity.Projectors.UserRegistrationProjector, handler_state: nil, last_seen_event: nil, subscription: %Commanded.EventStore.Subscription{application: Nexus.App, backoff: {:backoff, 1000, 60000, 1000, :jitter, :undefined, :undefined}, concurrency: 1, partition_by: nil, subscribe_to: :all, subscribe_from: :origin, subscription_name: "Identity.Projectors.UserRegistrationProjector", subscription_opts: [], subscription_pid: #PID<0.2887.0>, subscription_ref: #Reference<0.504251661.3394502657.224522>}, subscribe_timer: nil}
23:10:03.188 [debug] Subscription "Identity.Projectors.UserRegistrationProjector"@"$all" subscriber #PID<0.2886.0> down due to: %Postgrex.Error{message: nil, postgres: %{code: :undefined_column, line: "3721", message: "column i0.id does not exist", position: "8", file: "parse_relation.c", unknown: "ERROR", severity: "ERROR", pg_code: "42703", routine: "errorMissingColumn"}, connection_id: 3155, query: "SELECT i0.\"id\", i0.\"user_id\", i0.\"org_id\", i0.\"locale\", i0.\"timezone\", i0.\"notifications_enabled\", i0.\"created_at\", i0.\"updated_at\" FROM \"identity_user_settings\" AS i0 WHERE (i0.\"id\" = $1)"}
23:10:03.188 [debug] Subscription "Identity.Projectors.UserRegistrationProjector"@"$all" has no subscribers, shutting down
23:10:03.188 [error] GenServer {Nexus.EventStore.EventStore.Subscriptions.Registry, {"$all", "Identity.Projectors.UserRegistrationProjector"}} terminating
** (stop) %Postgrex.Error{message: nil, postgres: %{code: :undefined_column, line: "3721", message: "column i0.id does not exist", position: "8", file: "parse_relation.c", unknown: "ERROR", severity: "ERROR", pg_code: "42703", routine: "errorMissingColumn"}, connection_id: 3155, query: "SELECT i0.\"id\", i0.\"user_id\", i0.\"org_id\", i0.\"locale\", i0.\"timezone\", i0.\"notifications_enabled\", i0.\"created_at\", i0.\"updated_at\" FROM \"identity_user_settings\" AS i0 WHERE (i0.\"id\" = $1)"}
Last message: {:DOWN, #Reference<0.504251661.3394502657.224510>, :process, #PID<0.2886.0>, %Postgrex.Error{message: nil, postgres: %{code: :undefined_column, line: "3721", message: "column i0.id does not exist", position: "8", file: "parse_relation.c", unknown: "ERROR", severity: "ERROR", pg_code: "42703", routine: "errorMissingColumn"}, connection_id: 3155, query: "SELECT i0.\"id\", i0.\"user_id\", i0.\"org_id\", i0.\"locale\", i0.\"timezone\", i0.\"notifications_enabled\", i0.\"created_at\", i0.\"updated_at\" FROM \"identity_user_settings\" AS i0 WHERE (i0.\"id\" = $1)"}}
State: %EventStore.Subscriptions.Subscription{stream_uuid: "$all", subscription_name: "Identity.Projectors.UserRegistrationProjector", subscription: %EventStore.Subscriptions.SubscriptionFsm{state: :unsubscribed, data: %EventStore.Subscriptions.SubscriptionState{conn: Nexus.EventStore.Postgrex, event_store: Nexus.EventStore, serializer: Commanded.Serialization.JsonSerializer, schema: "event_store", stream_uuid: "$all", start_from: 0, subscription_name: "Identity.Projectors.UserRegistrationProjector", subscription_id: 405, selector: nil, mapper: &Commanded.EventStore.Adapters.EventStore.Mapper.from_recorded_event/1, max_size: 1000, partition_by: nil, query_timeout: 15000, lock_ref: #Reference<0.504251661.3394502657.224519>, last_received: 12228, last_sent: 11262, last_ack: 11261, queue_size: 967, buffer_size: 1, checkpoint_after: 0, checkpoint_threshold: 1, checkpoint_timer_ref: nil, checkpoints_pending: 0, subscribers: %{}, partitions: %{nil: {[%EventStore.RecordedEvent{event_number: 12228, event_id: "09c135f3-e6cb-49bc-81c3-586b4a99fd72", stream_uuid: "ba9ba3da-fea6-48d9-9922-befe7026f5cc", stream_version: 3, correlation_id: "902485ee-cc53-4803-804a-6d742585af10", causation_id: "01922623-15ce-4222-be02-54e41f028373", event_type: "Elixir.Nexus.Identity.Events.SettingsUpdated", data: %Nexus.Identity.Events.SettingsUpdated{org_id: "59134142-de0c-401f-84cf-01b308e7beea", user_id: "ba9ba3da-fea6-48d9-9922-befe7026f5cc", locale: "fr", timezone: "Europe/Paris", notifications_enabled: true, updated_at: "2026-03-20T23:10:03.003466Z"}, metadata: %{"causation_id" => "019d0d83-50fb-76b9-b3c3-9f9ffff96169", "correlation_id" => "019d0d83-50fb-76b9-b3c3-9f9ffff96169"}, created_at: ~U[2026-03-20 23:10:03.004032Z]}, %EventStore.RecordedEvent{event_number: 12227, event_id: "2cb7e60f-876a-4b3d-a0cf-79ce787ffc73", stream_uuid: "ba9ba3da-fea6-48d9-9922-befe7026f5cc", stream_version: 2, correlation_id: "a1777de2-55b0-4c36-b14b-9bfd78376f7d", causation_id: "e52f51cf-cba6-4432-b5ca-53a579ec6263", event_type: "Elixir.Nexus.Identity.Events.SessionStarted", data: %Nexus.Identity.Events.SessionStarted{org_id: "59134142-de0c-401f-84cf-01b308e7beea", user_id: "ba9ba3da-fea6-48d9-9922-befe7026f5cc", session_id: "684b6bac-827a-4ceb-9861-846a2b7f892e", session_token: "mock-token", user_agent: "Mozilla/5.0 (Macintosh; Intel Mac OS X 10_15_7)", ip_address: "127.0.0.1", started_at: "2026-03-20T23:10:02.900974Z"}, metadata: %{"causation_id" => "019d0d83-5095-7a69-8847-4462525e408d", "correlation_id" => "019d0d83-5095-7a69-8847-4462525e408d"}, created_at: ~U[2026-03-20 23:10:02.901379Z]}, %EventStore.RecordedEvent{event_number: 12226, event_id: "c30b19ec-e929-472c-ac8b-a5a8711e9b70", stream_uuid: "ba9ba3da-fea6-48d9-9922-befe7026f5cc", stream_version: 1, correlation_id: "63930bf3-6d78-4bb8-965e-020e650c1443", causation_id: "fad08287-ca47-4012-b1b3-738e408b6cd2", event_type: "Elixir.Nexus.Identity.Events.UserRegistered", data: %Nexus.Identity.Events.UserRegistered{user_id: "ba9ba3da-fea6-48d9-9922-befe7026f5cc", org_id: "59134142-de0c-401f-84cf-01b308e7beea", email: "bernard-4558122c-37ba-45b3-ae3e-a2f7b861c40b@nexus.financial", role: "admin", cose_key: "bW9jaw==", credential_id: "bW9jaw==", registered_at: "2026-03-20T23:10:02.697332Z", display_name: "Bernard", status: "active"}, metadata: %{"causation_id" => "019d0d83-4fc9-7634-8690-906da3e4e15a", "correlation_id" => "019d0d83-4fc9-7634-8690-906da3e4e15a"}, created_at: ~U[2026-03-20 23:10:02.698223Z]}, %EventStore.RecordedEvent{event_number: 12225, event_id: "8338242a-cf94-4b71-aa99-a06cb12a5902", stream_uuid: "019d0d83-4d63-7c0f-8998-bde5f58f823e", stream_version: 3, correlation_id: "497bc4b2-89c2-447e-a743-b61b2ed2adbf", causation_id: "9c8c1acc-d317-4eff-b688-0480de89ec6a", ...}, ...], ...}}, ...}}, ...}
23:10:03.188 [debug] Nexus.Identity.Projectors.UserRegistrationProjector is shutting down due to {%Postgrex.Error{message: nil, postgres: %{code: :undefined_column, line: "3721", message: "column i0.id does not exist", position: "8", file: "parse_relation.c", unknown: "ERROR", severity: "ERROR", pg_code: "42703", routine: "errorMissingColumn"}, connection_id: 3155, query: "SELECT i0.\"id\", i0.\"user_id\", i0.\"org_id\", i0.\"locale\", i0.\"timezone\", i0.\"notifications_enabled\", i0.\"created_at\", i0.\"updated_at\" FROM \"identity_user_settings\" AS i0 WHERE (i0.\"id\" = $1)"}, {GenServer, :call, [#PID<0.2887.0>, {:connect, #PID<0.2888.0>, [retry_interval: 60000, hibernate_after: 15000, partition_by: nil, concurrency_limit: 1, name: Nexus.EventStore, mapper: &Commanded.EventStore.Adapters.EventStore.Mapper.from_recorded_event/1, conn: Nexus.EventStore.Postgrex, event_store: Nexus.EventStore, query_timeout: 15000, schema: "event_store", serializer: Commanded.Serialization.JsonSerializer, stream_uuid: "$all", subscription_name: "Identity.Projectors.UserRegistrationProjector", start_from: 0]}, 5000]}}
23:10:03.188 [error] GenServer {Nexus.App.LocalRegistry, {Nexus.App, Commanded.Event.Handler, "Identity.Projectors.UserRegistrationProjector"}} terminating
** (stop) exited in: GenServer.call(#PID<0.2887.0>, {:connect, #PID<0.2888.0>, [retry_interval: 60000, hibernate_after: 15000, partition_by: nil, concurrency_limit: 1, name: Nexus.EventStore, mapper: &Commanded.EventStore.Adapters.EventStore.Mapper.from_recorded_event/1, conn: Nexus.EventStore.Postgrex, event_store: Nexus.EventStore, query_timeout: 15000, schema: "event_store", serializer: Commanded.Serialization.JsonSerializer, stream_uuid: "$all", subscription_name: "Identity.Projectors.UserRegistrationProjector", start_from: 0]}, 5000)
    ** (EXIT) %Postgrex.Error{message: nil, postgres: %{code: :undefined_column, line: "3721", message: "column i0.id does not exist", position: "8", file: "parse_relation.c", unknown: "ERROR", severity: "ERROR", pg_code: "42703", routine: "errorMissingColumn"}, connection_id: 3155, query: "SELECT i0.\"id\", i0.\"user_id\", i0.\"org_id\", i0.\"locale\", i0.\"timezone\", i0.\"notifications_enabled\", i0.\"created_at\", i0.\"updated_at\" FROM \"identity_user_settings\" AS i0 WHERE (i0.\"id\" = $1)"}
    (elixir 1.19.5) lib/gen_server.ex:1142: GenServer.call/3
    (commanded 1.4.9) lib/commanded/event_store.ex:289: anonymous fn/2 in Commanded.EventStore.span/3
    (telemetry 1.3.0) /Users/bernard/dev/nexus/deps/telemetry/src/telemetry.erl:324: :telemetry.span/3
    (commanded 1.4.9) lib/commanded/event_store/subscription.ex:58: Commanded.EventStore.Subscription.subscribe/2
    (commanded 1.4.9) lib/commanded/event/handler.ex:1024: Commanded.Event.Handler.subscribe_to_events/1
    (commanded 1.4.9) lib/commanded/event/handler.ex:887: Commanded.Event.Handler.handle_continue/2
    (stdlib 7.1) gen_server.erl:2424: :gen_server.try_handle_continue/3
    (stdlib 7.1) gen_server.erl:2291: :gen_server.loop/4
    (stdlib 7.1) proc_lib.erl:333: :proc_lib.init_p_do_apply/3
Last message: {:continue, :subscribe_to_events}
State: %Commanded.Event.Handler{application: Nexus.App, consistency: :strong, handler_callback: :event, handler_name: "Identity.Projectors.UserRegistrationProjector", handler_module: Nexus.Identity.Projectors.UserRegistrationProjector, handler_state: nil, last_seen_event: nil, subscription: %Commanded.EventStore.Subscription{application: Nexus.App, backoff: {:backoff, 1000, 60000, 1000, :jitter, :undefined, :undefined}, concurrency: 1, partition_by: nil, subscribe_to: :all, subscribe_from: :origin, subscription_name: "Identity.Projectors.UserRegistrationProjector", subscription_opts: [], subscription_pid: nil, subscription_ref: nil}, subscribe_timer: nil}
23:10:03.189 [debug] Subscription "Identity.Projectors.UserRegistrationProjector"@"$all" attempting to connect subscriber #PID<0.2889.0>
23:10:03.190 [debug] Subscription "Identity.Projectors.UserRegistrationProjector"@"$all" catching-up
23:10:03.190 [debug] Nexus.Identity.Projectors.UserRegistrationProjector has successfully subscribed to event store
23:10:03.203 [debug] Nexus.Identity.Projectors.UserRegistrationProjector received events: [%Commanded.EventStore.RecordedEvent{event_id: "282ec866-f518-44ed-95f6-7a535d6c3e25", event_number: 11262, stream_id: "019d0c26-0b00-74a0-bd6d-48329cf61a57", stream_version: 1, causation_id: "d64809a4-8402-4360-8536-99b7a0f860ca", correlation_id: "e0f4b4bb-483c-4914-aaaa-956d1587d67e", event_type: "Elixir.Nexus.Identity.Events.UserRegistered", data: %Nexus.Identity.Events.UserRegistered{user_id: "019d0c26-0b00-74a0-bd6d-48329cf61a57", org_id: "019d0c26-0b00-74a0-8884-24b7b734f296", email: "test@example.com", role: "system_admin", cose_key: "Ym9vdHN0cmFwX2Nvc2Vfa2V5", credential_id: "Ym9vdHN0cmFwX2NyZWRlbnRpYWxfaWQ=", registered_at: "2026-03-20T16:48:33.024173Z", display_name: "Test User", status: "active"}, created_at: ~U[2026-03-20 16:48:33.025211Z], metadata: %{"causation_id" => "019d0c26-0b00-71d0-a1d2-041f55e92cfc", "correlation_id" => "019d0c26-0b00-71d0-a1d2-041f55e92cfc"}}]
23:10:03.204 [debug] QUERY OK db=0.2ms
begin []
23:10:03.204 [debug] QUERY OK source="projection_versions" db=0.2ms
INSERT INTO "projection_versions" AS p0 ("projection_name","last_seen_event_number","inserted_at","updated_at") VALUES ($1,$2,$3,$4) ON CONFLICT ("projection_name") DO UPDATE SET "last_seen_event_number" = $5 WHERE ((p0."projection_name" = $6) AND (p0."last_seen_event_number" < $7)) ["Identity.Projectors.UserRegistrationProjector", 11262, ~N[2026-03-20 23:10:03.204353], ~N[2026-03-20 23:10:03.204353], 11262, "Identity.Projectors.UserRegistrationProjector", 11262]
23:10:03.204 [debug] QUERY OK source="users" db=0.1ms
SELECT u0."id", u0."org_id", u0."email", u0."display_name", u0."status", u0."cose_key", u0."credential_id", u0."roles", u0."created_at", u0."updated_at" FROM "users" AS u0 WHERE (u0."id" = $1) ["019d0c26-0b00-74a0-bd6d-48329cf61a57"]
23:10:03.205 [debug] QUERY OK source="users" db=0.1ms
SELECT u0."id", u0."org_id", u0."email", u0."display_name", u0."status", u0."cose_key", u0."credential_id", u0."roles", u0."created_at", u0."updated_at" FROM "users" AS u0 WHERE (u0."email" = $1) ["test@example.com"]
23:10:03.205 [debug] QUERY OK source="users" db=0.1ms
INSERT INTO "users" ("id","status","org_id","email","display_name","roles","cose_key","credential_id","created_at","updated_at") VALUES ($1,$2,$3,$4,$5,$6,$7,$8,$9,$10) ["019d0c26-0b00-74a0-bd6d-48329cf61a57", "active", "019d0c26-0b00-74a0-8884-24b7b734f296", "test@example.com", "Test User", ["system_admin"], "bootstrap_cose_key", "bootstrap_credential_id", ~U[2026-03-20 23:10:03.205206Z], ~U[2026-03-20 23:10:03.205206Z]]
23:10:03.205 [debug] QUERY ERROR source="identity_user_settings" db=0.0ms
SELECT i0."id", i0."user_id", i0."org_id", i0."locale", i0."timezone", i0."notifications_enabled", i0."created_at", i0."updated_at" FROM "identity_user_settings" AS i0 WHERE (i0."id" = $1) ["019d0c26-0b00-74a0-bd6d-48329cf61a57"]
23:10:03.205 [debug] QUERY OK db=0.1ms
rollback []
23:10:03.207 [error] Nexus.Identity.Projectors.UserRegistrationProjector failed to handle event:
%Commanded.EventStore.RecordedEvent{
  event_id: "282ec866-f518-44ed-95f6-7a535d6c3e25",
  event_number: 11262,
  stream_id: "019d0c26-0b00-74a0-bd6d-48329cf61a57",
  stream_version: 1,
  causation_id: "d64809a4-8402-4360-8536-99b7a0f860ca",
  correlation_id: "e0f4b4bb-483c-4914-aaaa-956d1587d67e",
  event_type: "Elixir.Nexus.Identity.Events.UserRegistered",
  data: %Nexus.Identity.Events.UserRegistered{
    user_id: "019d0c26-0b00-74a0-bd6d-48329cf61a57",
    org_id: "019d0c26-0b00-74a0-8884-24b7b734f296",
    email: "test@example.com",
    role: "system_admin",
    cose_key: "Ym9vdHN0cmFwX2Nvc2Vfa2V5",
    credential_id: "Ym9vdHN0cmFwX2NyZWRlbnRpYWxfaWQ=",
    registered_at: "2026-03-20T16:48:33.024173Z",
    display_name: "Test User",
    status: "active"
  },
  created_at: ~U[2026-03-20 16:48:33.025211Z],
  metadata: %{
    "causation_id" => "019d0c26-0b00-71d0-a1d2-041f55e92cfc",
    "correlation_id" => "019d0c26-0b00-71d0-a1d2-041f55e92cfc"
  }
}, due to:
** (Postgrex.Error) ERROR 42703 (undefined_column) column i0.id does not exist

    query: SELECT i0."id", i0."user_id", i0."org_id", i0."locale", i0."timezone", i0."notifications_enabled", i0."created_at", i0."updated_at" FROM "identity_user_settings" AS i0 WHERE (i0."id" = $1)
    (ecto_sql 3.13.4) lib/ecto/adapters/sql.ex:1113: Ecto.Adapters.SQL.raise_sql_call_error/1
    (ecto_sql 3.13.4) lib/ecto/adapters/sql.ex:1011: Ecto.Adapters.SQL.execute/6
    (ecto 3.13.5) lib/ecto/repo/queryable.ex:241: Ecto.Repo.Queryable.execute/4
    (ecto 3.13.5) lib/ecto/repo/queryable.ex:19: Ecto.Repo.Queryable.all/3
    (ecto 3.13.5) lib/ecto/repo/queryable.ex:163: Ecto.Repo.Queryable.one/3
    (nexus 0.1.0) lib/nexus/identity/projectors/user_registration_projector.ex:53: anonymous fn/3 in Nexus.Identity.Projectors.UserRegistrationProjector.project_registration/3
    (ecto 3.13.5) lib/ecto/multi.ex:905: Ecto.Multi.apply_operation/5
    (elixir 1.19.5) lib/enum.ex:2520: Enum."-reduce/3-lists^foldl/2-0-"/3
    (ecto 3.13.5) lib/ecto/multi.ex:878: anonymous fn/5 in Ecto.Multi.apply_operations/5
    (ecto_sql 3.13.4) lib/ecto/adapters/sql.ex:1473: anonymous fn/3 in Ecto.Adapters.SQL.checkout_or_transaction/4
    (db_connection 2.9.0) lib/db_connection.ex:1747: DBConnection.run_transaction/4
    (ecto 3.13.5) lib/ecto/repo/transaction.ex:30: Ecto.Repo.Transaction.transact/4
    (nexus 0.1.0) deps/commanded_ecto_projections/lib/projections/ecto.ex:97: Nexus.Identity.Projectors.UserRegistrationProjector.update_projection/3
    (commanded 1.4.9) lib/commanded/event/handler.ex:1221: Commanded.Event.Handler.delegate_event_to_handler/2
    (commanded 1.4.9) lib/commanded/event/handler.ex:1062: Commanded.Event.Handler.handle_event/3
    (elixir 1.19.5) lib/enum.ex:2520: Enum."-reduce/3-lists^foldl/2-0-"/3
    (commanded 1.4.9) lib/commanded/event/handler.ex:969: Commanded.Event.Handler.handle_info/2
    (stdlib 7.1) gen_server.erl:2434: :gen_server.try_handle_info/3
    (stdlib 7.1) gen_server.erl:2420: :gen_server.handle_msg/3
    (stdlib 7.1) proc_lib.erl:333: :proc_lib.init_p_do_apply/3

23:10:03.207 [warning] Nexus.Identity.Projectors.UserRegistrationProjector has requested to stop: %Postgrex.Error{message: nil, postgres: %{code: :undefined_column, line: "3721", message: "column i0.id does not exist", position: "8", file: "parse_relation.c", unknown: "ERROR", severity: "ERROR", pg_code: "42703", routine: "errorMissingColumn"}, connection_id: 3155, query: "SELECT i0.\"id\", i0.\"user_id\", i0.\"org_id\", i0.\"locale\", i0.\"timezone\", i0.\"notifications_enabled\", i0.\"created_at\", i0.\"updated_at\" FROM \"identity_user_settings\" AS i0 WHERE (i0.\"id\" = $1)"}
23:10:03.207 [debug] Nexus.Identity.Projectors.UserRegistrationProjector is shutting down due to %Postgrex.Error{message: nil, postgres: %{code: :undefined_column, line: "3721", message: "column i0.id does not exist", position: "8", file: "parse_relation.c", unknown: "ERROR", severity: "ERROR", pg_code: "42703", routine: "errorMissingColumn"}, connection_id: 3155, query: "SELECT i0.\"id\", i0.\"user_id\", i0.\"org_id\", i0.\"locale\", i0.\"timezone\", i0.\"notifications_enabled\", i0.\"created_at\", i0.\"updated_at\" FROM \"identity_user_settings\" AS i0 WHERE (i0.\"id\" = $1)"}
23:10:03.207 [error] GenServer {Nexus.App.LocalRegistry, {Nexus.App, Commanded.Event.Handler, "Identity.Projectors.UserRegistrationProjector"}} terminating
** (stop) %Postgrex.Error{message: nil, postgres: %{code: :undefined_column, line: "3721", message: "column i0.id does not exist", position: "8", file: "parse_relation.c", unknown: "ERROR", severity: "ERROR", pg_code: "42703", routine: "errorMissingColumn"}, connection_id: 3155, query: "SELECT i0.\"id\", i0.\"user_id\", i0.\"org_id\", i0.\"locale\", i0.\"timezone\", i0.\"notifications_enabled\", i0.\"created_at\", i0.\"updated_at\" FROM \"identity_user_settings\" AS i0 WHERE (i0.\"id\" = $1)"}
Last message: {:events, [%Commanded.EventStore.RecordedEvent{event_id: "282ec866-f518-44ed-95f6-7a535d6c3e25", event_number: 11262, stream_id: "019d0c26-0b00-74a0-bd6d-48329cf61a57", stream_version: 1, causation_id: "d64809a4-8402-4360-8536-99b7a0f860ca", correlation_id: "e0f4b4bb-483c-4914-aaaa-956d1587d67e", event_type: "Elixir.Nexus.Identity.Events.UserRegistered", data: %Nexus.Identity.Events.UserRegistered{user_id: "019d0c26-0b00-74a0-bd6d-48329cf61a57", org_id: "019d0c26-0b00-74a0-8884-24b7b734f296", email: "test@example.com", role: "system_admin", cose_key: "Ym9vdHN0cmFwX2Nvc2Vfa2V5", credential_id: "Ym9vdHN0cmFwX2NyZWRlbnRpYWxfaWQ=", registered_at: "2026-03-20T16:48:33.024173Z", display_name: "Test User", status: "active"}, created_at: ~U[2026-03-20 16:48:33.025211Z], metadata: %{"causation_id" => "019d0c26-0b00-71d0-a1d2-041f55e92cfc", "correlation_id" => "019d0c26-0b00-71d0-a1d2-041f55e92cfc"}}]}
State: %Commanded.Event.Handler{application: Nexus.App, consistency: :strong, handler_callback: :event, handler_name: "Identity.Projectors.UserRegistrationProjector", handler_module: Nexus.Identity.Projectors.UserRegistrationProjector, handler_state: nil, last_seen_event: nil, subscription: %Commanded.EventStore.Subscription{application: Nexus.App, backoff: {:backoff, 1000, 60000, 1000, :jitter, :undefined, :undefined}, concurrency: 1, partition_by: nil, subscribe_to: :all, subscribe_from: :origin, subscription_name: "Identity.Projectors.UserRegistrationProjector", subscription_opts: [], subscription_pid: #PID<0.2890.0>, subscription_ref: #Reference<0.504251661.3394502659.67921>}, subscribe_timer: nil}
23:10:03.207 [debug] Subscription "Identity.Projectors.UserRegistrationProjector"@"$all" subscriber #PID<0.2889.0> down due to: %Postgrex.Error{message: nil, postgres: %{code: :undefined_column, line: "3721", message: "column i0.id does not exist", position: "8", file: "parse_relation.c", unknown: "ERROR", severity: "ERROR", pg_code: "42703", routine: "errorMissingColumn"}, connection_id: 3155, query: "SELECT i0.\"id\", i0.\"user_id\", i0.\"org_id\", i0.\"locale\", i0.\"timezone\", i0.\"notifications_enabled\", i0.\"created_at\", i0.\"updated_at\" FROM \"identity_user_settings\" AS i0 WHERE (i0.\"id\" = $1)"}
23:10:03.207 [debug] Subscription "Identity.Projectors.UserRegistrationProjector"@"$all" has no subscribers, shutting down
23:10:03.207 [error] GenServer {Nexus.EventStore.EventStore.Subscriptions.Registry, {"$all", "Identity.Projectors.UserRegistrationProjector"}} terminating
** (stop) %Postgrex.Error{message: nil, postgres: %{code: :undefined_column, line: "3721", message: "column i0.id does not exist", position: "8", file: "parse_relation.c", unknown: "ERROR", severity: "ERROR", pg_code: "42703", routine: "errorMissingColumn"}, connection_id: 3155, query: "SELECT i0.\"id\", i0.\"user_id\", i0.\"org_id\", i0.\"locale\", i0.\"timezone\", i0.\"notifications_enabled\", i0.\"created_at\", i0.\"updated_at\" FROM \"identity_user_settings\" AS i0 WHERE (i0.\"id\" = $1)"}
Last message: {:DOWN, #Reference<0.504251661.3394502659.67916>, :process, #PID<0.2889.0>, %Postgrex.Error{message: nil, postgres: %{code: :undefined_column, line: "3721", message: "column i0.id does not exist", position: "8", file: "parse_relation.c", unknown: "ERROR", severity: "ERROR", pg_code: "42703", routine: "errorMissingColumn"}, connection_id: 3155, query: "SELECT i0.\"id\", i0.\"user_id\", i0.\"org_id\", i0.\"locale\", i0.\"timezone\", i0.\"notifications_enabled\", i0.\"created_at\", i0.\"updated_at\" FROM \"identity_user_settings\" AS i0 WHERE (i0.\"id\" = $1)"}}
State: %EventStore.Subscriptions.Subscription{stream_uuid: "$all", subscription_name: "Identity.Projectors.UserRegistrationProjector", subscription: %EventStore.Subscriptions.SubscriptionFsm{state: :unsubscribed, data: %EventStore.Subscriptions.SubscriptionState{conn: Nexus.EventStore.Postgrex, event_store: Nexus.EventStore, serializer: Commanded.Serialization.JsonSerializer, schema: "event_store", stream_uuid: "$all", start_from: 0, subscription_name: "Identity.Projectors.UserRegistrationProjector", subscription_id: 405, selector: nil, mapper: &Commanded.EventStore.Adapters.EventStore.Mapper.from_recorded_event/1, max_size: 1000, partition_by: nil, query_timeout: 15000, lock_ref: #Reference<0.504251661.3394502657.224704>, last_received: 12228, last_sent: 11262, last_ack: 11261, queue_size: 967, buffer_size: 1, checkpoint_after: 0, checkpoint_threshold: 1, checkpoint_timer_ref: nil, checkpoints_pending: 0, subscribers: %{}, partitions: %{nil: {[%EventStore.RecordedEvent{event_number: 12228, event_id: "09c135f3-e6cb-49bc-81c3-586b4a99fd72", stream_uuid: "ba9ba3da-fea6-48d9-9922-befe7026f5cc", stream_version: 3, correlation_id: "902485ee-cc53-4803-804a-6d742585af10", causation_id: "01922623-15ce-4222-be02-54e41f028373", event_type: "Elixir.Nexus.Identity.Events.SettingsUpdated", data: %Nexus.Identity.Events.SettingsUpdated{org_id: "59134142-de0c-401f-84cf-01b308e7beea", user_id: "ba9ba3da-fea6-48d9-9922-befe7026f5cc", locale: "fr", timezone: "Europe/Paris", notifications_enabled: true, updated_at: "2026-03-20T23:10:03.003466Z"}, metadata: %{"causation_id" => "019d0d83-50fb-76b9-b3c3-9f9ffff96169", "correlation_id" => "019d0d83-50fb-76b9-b3c3-9f9ffff96169"}, created_at: ~U[2026-03-20 23:10:03.004032Z]}, %EventStore.RecordedEvent{event_number: 12227, event_id: "2cb7e60f-876a-4b3d-a0cf-79ce787ffc73", stream_uuid: "ba9ba3da-fea6-48d9-9922-befe7026f5cc", stream_version: 2, correlation_id: "a1777de2-55b0-4c36-b14b-9bfd78376f7d", causation_id: "e52f51cf-cba6-4432-b5ca-53a579ec6263", event_type: "Elixir.Nexus.Identity.Events.SessionStarted", data: %Nexus.Identity.Events.SessionStarted{org_id: "59134142-de0c-401f-84cf-01b308e7beea", user_id: "ba9ba3da-fea6-48d9-9922-befe7026f5cc", session_id: "684b6bac-827a-4ceb-9861-846a2b7f892e", session_token: "mock-token", user_agent: "Mozilla/5.0 (Macintosh; Intel Mac OS X 10_15_7)", ip_address: "127.0.0.1", started_at: "2026-03-20T23:10:02.900974Z"}, metadata: %{"causation_id" => "019d0d83-5095-7a69-8847-4462525e408d", "correlation_id" => "019d0d83-5095-7a69-8847-4462525e408d"}, created_at: ~U[2026-03-20 23:10:02.901379Z]}, %EventStore.RecordedEvent{event_number: 12226, event_id: "c30b19ec-e929-472c-ac8b-a5a8711e9b70", stream_uuid: "ba9ba3da-fea6-48d9-9922-befe7026f5cc", stream_version: 1, correlation_id: "63930bf3-6d78-4bb8-965e-020e650c1443", causation_id: "fad08287-ca47-4012-b1b3-738e408b6cd2", event_type: "Elixir.Nexus.Identity.Events.UserRegistered", data: %Nexus.Identity.Events.UserRegistered{user_id: "ba9ba3da-fea6-48d9-9922-befe7026f5cc", org_id: "59134142-de0c-401f-84cf-01b308e7beea", email: "bernard-4558122c-37ba-45b3-ae3e-a2f7b861c40b@nexus.financial", role: "admin", cose_key: "bW9jaw==", credential_id: "bW9jaw==", registered_at: "2026-03-20T23:10:02.697332Z", display_name: "Bernard", status: "active"}, metadata: %{"causation_id" => "019d0d83-4fc9-7634-8690-906da3e4e15a", "correlation_id" => "019d0d83-4fc9-7634-8690-906da3e4e15a"}, created_at: ~U[2026-03-20 23:10:02.698223Z]}, %EventStore.RecordedEvent{event_number: 12225, event_id: "8338242a-cf94-4b71-aa99-a06cb12a5902", stream_uuid: "019d0d83-4d63-7c0f-8998-bde5f58f823e", stream_version: 3, correlation_id: "497bc4b2-89c2-447e-a743-b61b2ed2adbf", causation_id: "9c8c1acc-d317-4eff-b688-0480de89ec6a", ...}, ...], ...}}, ...}}, ...}
23:10:03.208 [debug] Nexus.Identity.Projectors.UserRegistrationProjector is shutting down due to {%Postgrex.Error{message: nil, postgres: %{code: :undefined_column, line: "3721", message: "column i0.id does not exist", position: "8", file: "parse_relation.c", unknown: "ERROR", severity: "ERROR", pg_code: "42703", routine: "errorMissingColumn"}, connection_id: 3155, query: "SELECT i0.\"id\", i0.\"user_id\", i0.\"org_id\", i0.\"locale\", i0.\"timezone\", i0.\"notifications_enabled\", i0.\"created_at\", i0.\"updated_at\" FROM \"identity_user_settings\" AS i0 WHERE (i0.\"id\" = $1)"}, {GenServer, :call, [#PID<0.2890.0>, {:connect, #PID<0.2891.0>, [retry_interval: 60000, hibernate_after: 15000, partition_by: nil, concurrency_limit: 1, name: Nexus.EventStore, mapper: &Commanded.EventStore.Adapters.EventStore.Mapper.from_recorded_event/1, conn: Nexus.EventStore.Postgrex, event_store: Nexus.EventStore, query_timeout: 15000, schema: "event_store", serializer: Commanded.Serialization.JsonSerializer, stream_uuid: "$all", subscription_name: "Identity.Projectors.UserRegistrationProjector", start_from: 0]}, 5000]}}
23:10:03.208 [error] GenServer {Nexus.App.LocalRegistry, {Nexus.App, Commanded.Event.Handler, "Identity.Projectors.UserRegistrationProjector"}} terminating
** (stop) exited in: GenServer.call(#PID<0.2890.0>, {:connect, #PID<0.2891.0>, [retry_interval: 60000, hibernate_after: 15000, partition_by: nil, concurrency_limit: 1, name: Nexus.EventStore, mapper: &Commanded.EventStore.Adapters.EventStore.Mapper.from_recorded_event/1, conn: Nexus.EventStore.Postgrex, event_store: Nexus.EventStore, query_timeout: 15000, schema: "event_store", serializer: Commanded.Serialization.JsonSerializer, stream_uuid: "$all", subscription_name: "Identity.Projectors.UserRegistrationProjector", start_from: 0]}, 5000)
    ** (EXIT) %Postgrex.Error{message: nil, postgres: %{code: :undefined_column, line: "3721", message: "column i0.id does not exist", position: "8", file: "parse_relation.c", unknown: "ERROR", severity: "ERROR", pg_code: "42703", routine: "errorMissingColumn"}, connection_id: 3155, query: "SELECT i0.\"id\", i0.\"user_id\", i0.\"org_id\", i0.\"locale\", i0.\"timezone\", i0.\"notifications_enabled\", i0.\"created_at\", i0.\"updated_at\" FROM \"identity_user_settings\" AS i0 WHERE (i0.\"id\" = $1)"}
    (elixir 1.19.5) lib/gen_server.ex:1142: GenServer.call/3
    (commanded 1.4.9) lib/commanded/event_store.ex:289: anonymous fn/2 in Commanded.EventStore.span/3
    (telemetry 1.3.0) /Users/bernard/dev/nexus/deps/telemetry/src/telemetry.erl:324: :telemetry.span/3
    (commanded 1.4.9) lib/commanded/event_store/subscription.ex:58: Commanded.EventStore.Subscription.subscribe/2
    (commanded 1.4.9) lib/commanded/event/handler.ex:1024: Commanded.Event.Handler.subscribe_to_events/1
    (commanded 1.4.9) lib/commanded/event/handler.ex:887: Commanded.Event.Handler.handle_continue/2
    (stdlib 7.1) gen_server.erl:2424: :gen_server.try_handle_continue/3
    (stdlib 7.1) gen_server.erl:2291: :gen_server.loop/4
    (stdlib 7.1) proc_lib.erl:333: :proc_lib.init_p_do_apply/3
Last message: {:continue, :subscribe_to_events}
State: %Commanded.Event.Handler{application: Nexus.App, consistency: :strong, handler_callback: :event, handler_name: "Identity.Projectors.UserRegistrationProjector", handler_module: Nexus.Identity.Projectors.UserRegistrationProjector, handler_state: nil, last_seen_event: nil, subscription: %Commanded.EventStore.Subscription{application: Nexus.App, backoff: {:backoff, 1000, 60000, 1000, :jitter, :undefined, :undefined}, concurrency: 1, partition_by: nil, subscribe_to: :all, subscribe_from: :origin, subscription_name: "Identity.Projectors.UserRegistrationProjector", subscription_opts: [], subscription_pid: nil, subscription_ref: nil}, subscribe_timer: nil}
23:10:03.209 [debug] Subscription "Identity.Projectors.UserRegistrationProjector"@"$all" attempting to connect subscriber #PID<0.2892.0>
23:10:03.209 [debug] Subscription "Identity.Projectors.UserRegistrationProjector"@"$all" catching-up
23:10:03.209 [debug] Nexus.Identity.Projectors.UserRegistrationProjector has successfully subscribed to event store
23:10:03.224 [debug] Nexus.Identity.Projectors.UserRegistrationProjector received events: [%Commanded.EventStore.RecordedEvent{event_id: "282ec866-f518-44ed-95f6-7a535d6c3e25", event_number: 11262, stream_id: "019d0c26-0b00-74a0-bd6d-48329cf61a57", stream_version: 1, causation_id: "d64809a4-8402-4360-8536-99b7a0f860ca", correlation_id: "e0f4b4bb-483c-4914-aaaa-956d1587d67e", event_type: "Elixir.Nexus.Identity.Events.UserRegistered", data: %Nexus.Identity.Events.UserRegistered{user_id: "019d0c26-0b00-74a0-bd6d-48329cf61a57", org_id: "019d0c26-0b00-74a0-8884-24b7b734f296", email: "test@example.com", role: "system_admin", cose_key: "Ym9vdHN0cmFwX2Nvc2Vfa2V5", credential_id: "Ym9vdHN0cmFwX2NyZWRlbnRpYWxfaWQ=", registered_at: "2026-03-20T16:48:33.024173Z", display_name: "Test User", status: "active"}, created_at: ~U[2026-03-20 16:48:33.025211Z], metadata: %{"causation_id" => "019d0c26-0b00-71d0-a1d2-041f55e92cfc", "correlation_id" => "019d0c26-0b00-71d0-a1d2-041f55e92cfc"}}]
23:10:03.224 [debug] QUERY OK db=0.1ms
begin []
23:10:03.224 [debug] QUERY OK source="projection_versions" db=0.1ms
INSERT INTO "projection_versions" AS p0 ("projection_name","last_seen_event_number","inserted_at","updated_at") VALUES ($1,$2,$3,$4) ON CONFLICT ("projection_name") DO UPDATE SET "last_seen_event_number" = $5 WHERE ((p0."projection_name" = $6) AND (p0."last_seen_event_number" < $7)) ["Identity.Projectors.UserRegistrationProjector", 11262, ~N[2026-03-20 23:10:03.224565], ~N[2026-03-20 23:10:03.224565], 11262, "Identity.Projectors.UserRegistrationProjector", 11262]
23:10:03.224 [debug] QUERY OK source="users" db=0.0ms
SELECT u0."id", u0."org_id", u0."email", u0."display_name", u0."status", u0."cose_key", u0."credential_id", u0."roles", u0."created_at", u0."updated_at" FROM "users" AS u0 WHERE (u0."id" = $1) ["019d0c26-0b00-74a0-bd6d-48329cf61a57"]
23:10:03.225 [debug] QUERY OK source="users" db=0.0ms
SELECT u0."id", u0."org_id", u0."email", u0."display_name", u0."status", u0."cose_key", u0."credential_id", u0."roles", u0."created_at", u0."updated_at" FROM "users" AS u0 WHERE (u0."email" = $1) ["test@example.com"]
23:10:03.225 [debug] QUERY OK source="users" db=0.1ms
INSERT INTO "users" ("id","status","org_id","email","display_name","roles","cose_key","credential_id","created_at","updated_at") VALUES ($1,$2,$3,$4,$5,$6,$7,$8,$9,$10) ["019d0c26-0b00-74a0-bd6d-48329cf61a57", "active", "019d0c26-0b00-74a0-8884-24b7b734f296", "test@example.com", "Test User", ["system_admin"], "bootstrap_cose_key", "bootstrap_credential_id", ~U[2026-03-20 23:10:03.225118Z], ~U[2026-03-20 23:10:03.225118Z]]
23:10:03.225 [debug] QUERY ERROR source="identity_user_settings" db=0.0ms
SELECT i0."id", i0."user_id", i0."org_id", i0."locale", i0."timezone", i0."notifications_enabled", i0."created_at", i0."updated_at" FROM "identity_user_settings" AS i0 WHERE (i0."id" = $1) ["019d0c26-0b00-74a0-bd6d-48329cf61a57"]
23:10:03.225 [debug] QUERY OK db=0.0ms
rollback []
23:10:03.226 [error] Nexus.Identity.Projectors.UserRegistrationProjector failed to handle event:
%Commanded.EventStore.RecordedEvent{
  event_id: "282ec866-f518-44ed-95f6-7a535d6c3e25",
  event_number: 11262,
  stream_id: "019d0c26-0b00-74a0-bd6d-48329cf61a57",
  stream_version: 1,
  causation_id: "d64809a4-8402-4360-8536-99b7a0f860ca",
  correlation_id: "e0f4b4bb-483c-4914-aaaa-956d1587d67e",
  event_type: "Elixir.Nexus.Identity.Events.UserRegistered",
  data: %Nexus.Identity.Events.UserRegistered{
    user_id: "019d0c26-0b00-74a0-bd6d-48329cf61a57",
    org_id: "019d0c26-0b00-74a0-8884-24b7b734f296",
    email: "test@example.com",
    role: "system_admin",
    cose_key: "Ym9vdHN0cmFwX2Nvc2Vfa2V5",
    credential_id: "Ym9vdHN0cmFwX2NyZWRlbnRpYWxfaWQ=",
    registered_at: "2026-03-20T16:48:33.024173Z",
    display_name: "Test User",
    status: "active"
  },
  created_at: ~U[2026-03-20 16:48:33.025211Z],
  metadata: %{
    "causation_id" => "019d0c26-0b00-71d0-a1d2-041f55e92cfc",
    "correlation_id" => "019d0c26-0b00-71d0-a1d2-041f55e92cfc"
  }
}, due to:
** (Postgrex.Error) ERROR 42703 (undefined_column) column i0.id does not exist

    query: SELECT i0."id", i0."user_id", i0."org_id", i0."locale", i0."timezone", i0."notifications_enabled", i0."created_at", i0."updated_at" FROM "identity_user_settings" AS i0 WHERE (i0."id" = $1)
    (ecto_sql 3.13.4) lib/ecto/adapters/sql.ex:1113: Ecto.Adapters.SQL.raise_sql_call_error/1
    (ecto_sql 3.13.4) lib/ecto/adapters/sql.ex:1011: Ecto.Adapters.SQL.execute/6
    (ecto 3.13.5) lib/ecto/repo/queryable.ex:241: Ecto.Repo.Queryable.execute/4
    (ecto 3.13.5) lib/ecto/repo/queryable.ex:19: Ecto.Repo.Queryable.all/3
    (ecto 3.13.5) lib/ecto/repo/queryable.ex:163: Ecto.Repo.Queryable.one/3
    (nexus 0.1.0) lib/nexus/identity/projectors/user_registration_projector.ex:53: anonymous fn/3 in Nexus.Identity.Projectors.UserRegistrationProjector.project_registration/3
    (ecto 3.13.5) lib/ecto/multi.ex:905: Ecto.Multi.apply_operation/5
    (elixir 1.19.5) lib/enum.ex:2520: Enum."-reduce/3-lists^foldl/2-0-"/3
    (ecto 3.13.5) lib/ecto/multi.ex:878: anonymous fn/5 in Ecto.Multi.apply_operations/5
    (ecto_sql 3.13.4) lib/ecto/adapters/sql.ex:1473: anonymous fn/3 in Ecto.Adapters.SQL.checkout_or_transaction/4
    (db_connection 2.9.0) lib/db_connection.ex:1747: DBConnection.run_transaction/4
    (ecto 3.13.5) lib/ecto/repo/transaction.ex:30: Ecto.Repo.Transaction.transact/4
    (nexus 0.1.0) deps/commanded_ecto_projections/lib/projections/ecto.ex:97: Nexus.Identity.Projectors.UserRegistrationProjector.update_projection/3
    (commanded 1.4.9) lib/commanded/event/handler.ex:1221: Commanded.Event.Handler.delegate_event_to_handler/2
    (commanded 1.4.9) lib/commanded/event/handler.ex:1062: Commanded.Event.Handler.handle_event/3
    (elixir 1.19.5) lib/enum.ex:2520: Enum."-reduce/3-lists^foldl/2-0-"/3
    (commanded 1.4.9) lib/commanded/event/handler.ex:969: Commanded.Event.Handler.handle_info/2
    (stdlib 7.1) gen_server.erl:2434: :gen_server.try_handle_info/3
    (stdlib 7.1) gen_server.erl:2420: :gen_server.handle_msg/3
    (stdlib 7.1) proc_lib.erl:333: :proc_lib.init_p_do_apply/3

23:10:03.226 [warning] Nexus.Identity.Projectors.UserRegistrationProjector has requested to stop: %Postgrex.Error{message: nil, postgres: %{code: :undefined_column, line: "3721", message: "column i0.id does not exist", position: "8", file: "parse_relation.c", unknown: "ERROR", severity: "ERROR", pg_code: "42703", routine: "errorMissingColumn"}, connection_id: 3155, query: "SELECT i0.\"id\", i0.\"user_id\", i0.\"org_id\", i0.\"locale\", i0.\"timezone\", i0.\"notifications_enabled\", i0.\"created_at\", i0.\"updated_at\" FROM \"identity_user_settings\" AS i0 WHERE (i0.\"id\" = $1)"}
23:10:03.226 [debug] Nexus.Identity.Projectors.UserRegistrationProjector is shutting down due to %Postgrex.Error{message: nil, postgres: %{code: :undefined_column, line: "3721", message: "column i0.id does not exist", position: "8", file: "parse_relation.c", unknown: "ERROR", severity: "ERROR", pg_code: "42703", routine: "errorMissingColumn"}, connection_id: 3155, query: "SELECT i0.\"id\", i0.\"user_id\", i0.\"org_id\", i0.\"locale\", i0.\"timezone\", i0.\"notifications_enabled\", i0.\"created_at\", i0.\"updated_at\" FROM \"identity_user_settings\" AS i0 WHERE (i0.\"id\" = $1)"}
23:10:03.226 [error] GenServer {Nexus.App.LocalRegistry, {Nexus.App, Commanded.Event.Handler, "Identity.Projectors.UserRegistrationProjector"}} terminating
** (stop) %Postgrex.Error{message: nil, postgres: %{code: :undefined_column, line: "3721", message: "column i0.id does not exist", position: "8", file: "parse_relation.c", unknown: "ERROR", severity: "ERROR", pg_code: "42703", routine: "errorMissingColumn"}, connection_id: 3155, query: "SELECT i0.\"id\", i0.\"user_id\", i0.\"org_id\", i0.\"locale\", i0.\"timezone\", i0.\"notifications_enabled\", i0.\"created_at\", i0.\"updated_at\" FROM \"identity_user_settings\" AS i0 WHERE (i0.\"id\" = $1)"}
Last message: {:events, [%Commanded.EventStore.RecordedEvent{event_id: "282ec866-f518-44ed-95f6-7a535d6c3e25", event_number: 11262, stream_id: "019d0c26-0b00-74a0-bd6d-48329cf61a57", stream_version: 1, causation_id: "d64809a4-8402-4360-8536-99b7a0f860ca", correlation_id: "e0f4b4bb-483c-4914-aaaa-956d1587d67e", event_type: "Elixir.Nexus.Identity.Events.UserRegistered", data: %Nexus.Identity.Events.UserRegistered{user_id: "019d0c26-0b00-74a0-bd6d-48329cf61a57", org_id: "019d0c26-0b00-74a0-8884-24b7b734f296", email: "test@example.com", role: "system_admin", cose_key: "Ym9vdHN0cmFwX2Nvc2Vfa2V5", credential_id: "Ym9vdHN0cmFwX2NyZWRlbnRpYWxfaWQ=", registered_at: "2026-03-20T16:48:33.024173Z", display_name: "Test User", status: "active"}, created_at: ~U[2026-03-20 16:48:33.025211Z], metadata: %{"causation_id" => "019d0c26-0b00-71d0-a1d2-041f55e92cfc", "correlation_id" => "019d0c26-0b00-71d0-a1d2-041f55e92cfc"}}]}
State: %Commanded.Event.Handler{application: Nexus.App, consistency: :strong, handler_callback: :event, handler_name: "Identity.Projectors.UserRegistrationProjector", handler_module: Nexus.Identity.Projectors.UserRegistrationProjector, handler_state: nil, last_seen_event: nil, subscription: %Commanded.EventStore.Subscription{application: Nexus.App, backoff: {:backoff, 1000, 60000, 1000, :jitter, :undefined, :undefined}, concurrency: 1, partition_by: nil, subscribe_to: :all, subscribe_from: :origin, subscription_name: "Identity.Projectors.UserRegistrationProjector", subscription_opts: [], subscription_pid: #PID<0.2893.0>, subscription_ref: #Reference<0.504251661.3394502659.68004>}, subscribe_timer: nil}
23:10:03.227 [debug] Subscription "Identity.Projectors.UserRegistrationProjector"@"$all" subscriber #PID<0.2892.0> down due to: %Postgrex.Error{message: nil, postgres: %{code: :undefined_column, line: "3721", message: "column i0.id does not exist", position: "8", file: "parse_relation.c", unknown: "ERROR", severity: "ERROR", pg_code: "42703", routine: "errorMissingColumn"}, connection_id: 3155, query: "SELECT i0.\"id\", i0.\"user_id\", i0.\"org_id\", i0.\"locale\", i0.\"timezone\", i0.\"notifications_enabled\", i0.\"created_at\", i0.\"updated_at\" FROM \"identity_user_settings\" AS i0 WHERE (i0.\"id\" = $1)"}
23:10:03.227 [debug] Subscription "Identity.Projectors.UserRegistrationProjector"@"$all" has no subscribers, shutting down
23:10:03.227 [error] GenServer {Nexus.EventStore.EventStore.Subscriptions.Registry, {"$all", "Identity.Projectors.UserRegistrationProjector"}} terminating
** (stop) %Postgrex.Error{message: nil, postgres: %{code: :undefined_column, line: "3721", message: "column i0.id does not exist", position: "8", file: "parse_relation.c", unknown: "ERROR", severity: "ERROR", pg_code: "42703", routine: "errorMissingColumn"}, connection_id: 3155, query: "SELECT i0.\"id\", i0.\"user_id\", i0.\"org_id\", i0.\"locale\", i0.\"timezone\", i0.\"notifications_enabled\", i0.\"created_at\", i0.\"updated_at\" FROM \"identity_user_settings\" AS i0 WHERE (i0.\"id\" = $1)"}
Last message: {:DOWN, #Reference<0.504251661.3394502659.67986>, :process, #PID<0.2892.0>, %Postgrex.Error{message: nil, postgres: %{code: :undefined_column, line: "3721", message: "column i0.id does not exist", position: "8", file: "parse_relation.c", unknown: "ERROR", severity: "ERROR", pg_code: "42703", routine: "errorMissingColumn"}, connection_id: 3155, query: "SELECT i0.\"id\", i0.\"user_id\", i0.\"org_id\", i0.\"locale\", i0.\"timezone\", i0.\"notifications_enabled\", i0.\"created_at\", i0.\"updated_at\" FROM \"identity_user_settings\" AS i0 WHERE (i0.\"id\" = $1)"}}
State: %EventStore.Subscriptions.Subscription{stream_uuid: "$all", subscription_name: "Identity.Projectors.UserRegistrationProjector", subscription: %EventStore.Subscriptions.SubscriptionFsm{state: :unsubscribed, data: %EventStore.Subscriptions.SubscriptionState{conn: Nexus.EventStore.Postgrex, event_store: Nexus.EventStore, serializer: Commanded.Serialization.JsonSerializer, schema: "event_store", stream_uuid: "$all", start_from: 0, subscription_name: "Identity.Projectors.UserRegistrationProjector", subscription_id: 405, selector: nil, mapper: &Commanded.EventStore.Adapters.EventStore.Mapper.from_recorded_event/1, max_size: 1000, partition_by: nil, query_timeout: 15000, lock_ref: #Reference<0.504251661.3394502657.224912>, last_received: 12228, last_sent: 11262, last_ack: 11261, queue_size: 967, buffer_size: 1, checkpoint_after: 0, checkpoint_threshold: 1, checkpoint_timer_ref: nil, checkpoints_pending: 0, subscribers: %{}, partitions: %{nil: {[%EventStore.RecordedEvent{event_number: 12228, event_id: "09c135f3-e6cb-49bc-81c3-586b4a99fd72", stream_uuid: "ba9ba3da-fea6-48d9-9922-befe7026f5cc", stream_version: 3, correlation_id: "902485ee-cc53-4803-804a-6d742585af10", causation_id: "01922623-15ce-4222-be02-54e41f028373", event_type: "Elixir.Nexus.Identity.Events.SettingsUpdated", data: %Nexus.Identity.Events.SettingsUpdated{org_id: "59134142-de0c-401f-84cf-01b308e7beea", user_id: "ba9ba3da-fea6-48d9-9922-befe7026f5cc", locale: "fr", timezone: "Europe/Paris", notifications_enabled: true, updated_at: "2026-03-20T23:10:03.003466Z"}, metadata: %{"causation_id" => "019d0d83-50fb-76b9-b3c3-9f9ffff96169", "correlation_id" => "019d0d83-50fb-76b9-b3c3-9f9ffff96169"}, created_at: ~U[2026-03-20 23:10:03.004032Z]}, %EventStore.RecordedEvent{event_number: 12227, event_id: "2cb7e60f-876a-4b3d-a0cf-79ce787ffc73", stream_uuid: "ba9ba3da-fea6-48d9-9922-befe7026f5cc", stream_version: 2, correlation_id: "a1777de2-55b0-4c36-b14b-9bfd78376f7d", causation_id: "e52f51cf-cba6-4432-b5ca-53a579ec6263", event_type: "Elixir.Nexus.Identity.Events.SessionStarted", data: %Nexus.Identity.Events.SessionStarted{org_id: "59134142-de0c-401f-84cf-01b308e7beea", user_id: "ba9ba3da-fea6-48d9-9922-befe7026f5cc", session_id: "684b6bac-827a-4ceb-9861-846a2b7f892e", session_token: "mock-token", user_agent: "Mozilla/5.0 (Macintosh; Intel Mac OS X 10_15_7)", ip_address: "127.0.0.1", started_at: "2026-03-20T23:10:02.900974Z"}, metadata: %{"causation_id" => "019d0d83-5095-7a69-8847-4462525e408d", "correlation_id" => "019d0d83-5095-7a69-8847-4462525e408d"}, created_at: ~U[2026-03-20 23:10:02.901379Z]}, %EventStore.RecordedEvent{event_number: 12226, event_id: "c30b19ec-e929-472c-ac8b-a5a8711e9b70", stream_uuid: "ba9ba3da-fea6-48d9-9922-befe7026f5cc", stream_version: 1, correlation_id: "63930bf3-6d78-4bb8-965e-020e650c1443", causation_id: "fad08287-ca47-4012-b1b3-738e408b6cd2", event_type: "Elixir.Nexus.Identity.Events.UserRegistered", data: %Nexus.Identity.Events.UserRegistered{user_id: "ba9ba3da-fea6-48d9-9922-befe7026f5cc", org_id: "59134142-de0c-401f-84cf-01b308e7beea", email: "bernard-4558122c-37ba-45b3-ae3e-a2f7b861c40b@nexus.financial", role: "admin", cose_key: "bW9jaw==", credential_id: "bW9jaw==", registered_at: "2026-03-20T23:10:02.697332Z", display_name: "Bernard", status: "active"}, metadata: %{"causation_id" => "019d0d83-4fc9-7634-8690-906da3e4e15a", "correlation_id" => "019d0d83-4fc9-7634-8690-906da3e4e15a"}, created_at: ~U[2026-03-20 23:10:02.698223Z]}, %EventStore.RecordedEvent{event_number: 12225, event_id: "8338242a-cf94-4b71-aa99-a06cb12a5902", stream_uuid: "019d0d83-4d63-7c0f-8998-bde5f58f823e", stream_version: 3, correlation_id: "497bc4b2-89c2-447e-a743-b61b2ed2adbf", causation_id: "9c8c1acc-d317-4eff-b688-0480de89ec6a", ...}, ...], ...}}, ...}}, ...}
23:10:03.227 [debug] Nexus.Identity.Projectors.UserRegistrationProjector is shutting down due to {%Postgrex.Error{message: nil, postgres: %{code: :undefined_column, line: "3721", message: "column i0.id does not exist", position: "8", file: "parse_relation.c", unknown: "ERROR", severity: "ERROR", pg_code: "42703", routine: "errorMissingColumn"}, connection_id: 3155, query: "SELECT i0.\"id\", i0.\"user_id\", i0.\"org_id\", i0.\"locale\", i0.\"timezone\", i0.\"notifications_enabled\", i0.\"created_at\", i0.\"updated_at\" FROM \"identity_user_settings\" AS i0 WHERE (i0.\"id\" = $1)"}, {GenServer, :call, [#PID<0.2893.0>, {:connect, #PID<0.2894.0>, [retry_interval: 60000, hibernate_after: 15000, partition_by: nil, concurrency_limit: 1, name: Nexus.EventStore, mapper: &Commanded.EventStore.Adapters.EventStore.Mapper.from_recorded_event/1, conn: Nexus.EventStore.Postgrex, event_store: Nexus.EventStore, query_timeout: 15000, schema: "event_store", serializer: Commanded.Serialization.JsonSerializer, stream_uuid: "$all", subscription_name: "Identity.Projectors.UserRegistrationProjector", start_from: 0]}, 5000]}}
23:10:03.227 [error] GenServer {Nexus.App.LocalRegistry, {Nexus.App, Commanded.Event.Handler, "Identity.Projectors.UserRegistrationProjector"}} terminating
** (stop) exited in: GenServer.call(#PID<0.2893.0>, {:connect, #PID<0.2894.0>, [retry_interval: 60000, hibernate_after: 15000, partition_by: nil, concurrency_limit: 1, name: Nexus.EventStore, mapper: &Commanded.EventStore.Adapters.EventStore.Mapper.from_recorded_event/1, conn: Nexus.EventStore.Postgrex, event_store: Nexus.EventStore, query_timeout: 15000, schema: "event_store", serializer: Commanded.Serialization.JsonSerializer, stream_uuid: "$all", subscription_name: "Identity.Projectors.UserRegistrationProjector", start_from: 0]}, 5000)
    ** (EXIT) %Postgrex.Error{message: nil, postgres: %{code: :undefined_column, line: "3721", message: "column i0.id does not exist", position: "8", file: "parse_relation.c", unknown: "ERROR", severity: "ERROR", pg_code: "42703", routine: "errorMissingColumn"}, connection_id: 3155, query: "SELECT i0.\"id\", i0.\"user_id\", i0.\"org_id\", i0.\"locale\", i0.\"timezone\", i0.\"notifications_enabled\", i0.\"created_at\", i0.\"updated_at\" FROM \"identity_user_settings\" AS i0 WHERE (i0.\"id\" = $1)"}
    (elixir 1.19.5) lib/gen_server.ex:1142: GenServer.call/3
    (commanded 1.4.9) lib/commanded/event_store.ex:289: anonymous fn/2 in Commanded.EventStore.span/3
    (telemetry 1.3.0) /Users/bernard/dev/nexus/deps/telemetry/src/telemetry.erl:324: :telemetry.span/3
    (commanded 1.4.9) lib/commanded/event_store/subscription.ex:58: Commanded.EventStore.Subscription.subscribe/2
    (commanded 1.4.9) lib/commanded/event/handler.ex:1024: Commanded.Event.Handler.subscribe_to_events/1
    (commanded 1.4.9) lib/commanded/event/handler.ex:887: Commanded.Event.Handler.handle_continue/2
    (stdlib 7.1) gen_server.erl:2424: :gen_server.try_handle_continue/3
    (stdlib 7.1) gen_server.erl:2291: :gen_server.loop/4
    (stdlib 7.1) proc_lib.erl:333: :proc_lib.init_p_do_apply/3
Last message: {:continue, :subscribe_to_events}
State: %Commanded.Event.Handler{application: Nexus.App, consistency: :strong, handler_callback: :event, handler_name: "Identity.Projectors.UserRegistrationProjector", handler_module: Nexus.Identity.Projectors.UserRegistrationProjector, handler_state: nil, last_seen_event: nil, subscription: %Commanded.EventStore.Subscription{application: Nexus.App, backoff: {:backoff, 1000, 60000, 1000, :jitter, :undefined, :undefined}, concurrency: 1, partition_by: nil, subscribe_to: :all, subscribe_from: :origin, subscription_name: "Identity.Projectors.UserRegistrationProjector", subscription_opts: [], subscription_pid: nil, subscription_ref: nil}, subscribe_timer: nil}
23:10:03.228 [debug] Subscription "Identity.Projectors.UserRegistrationProjector"@"$all" attempting to connect subscriber #PID<0.2895.0>
23:10:03.228 [debug] Subscription "Identity.Projectors.UserRegistrationProjector"@"$all" catching-up
23:10:03.228 [debug] Nexus.Identity.Projectors.UserRegistrationProjector has successfully subscribed to event store
23:10:03.240 [debug] Nexus.Identity.Projectors.UserRegistrationProjector received events: [%Commanded.EventStore.RecordedEvent{event_id: "282ec866-f518-44ed-95f6-7a535d6c3e25", event_number: 11262, stream_id: "019d0c26-0b00-74a0-bd6d-48329cf61a57", stream_version: 1, causation_id: "d64809a4-8402-4360-8536-99b7a0f860ca", correlation_id: "e0f4b4bb-483c-4914-aaaa-956d1587d67e", event_type: "Elixir.Nexus.Identity.Events.UserRegistered", data: %Nexus.Identity.Events.UserRegistered{user_id: "019d0c26-0b00-74a0-bd6d-48329cf61a57", org_id: "019d0c26-0b00-74a0-8884-24b7b734f296", email: "test@example.com", role: "system_admin", cose_key: "Ym9vdHN0cmFwX2Nvc2Vfa2V5", credential_id: "Ym9vdHN0cmFwX2NyZWRlbnRpYWxfaWQ=", registered_at: "2026-03-20T16:48:33.024173Z", display_name: "Test User", status: "active"}, created_at: ~U[2026-03-20 16:48:33.025211Z], metadata: %{"causation_id" => "019d0c26-0b00-71d0-a1d2-041f55e92cfc", "correlation_id" => "019d0c26-0b00-71d0-a1d2-041f55e92cfc"}}]
23:10:03.240 [debug] QUERY OK db=0.1ms
begin []
23:10:03.240 [debug] QUERY OK source="projection_versions" db=0.1ms
INSERT INTO "projection_versions" AS p0 ("projection_name","last_seen_event_number","inserted_at","updated_at") VALUES ($1,$2,$3,$4) ON CONFLICT ("projection_name") DO UPDATE SET "last_seen_event_number" = $5 WHERE ((p0."projection_name" = $6) AND (p0."last_seen_event_number" < $7)) ["Identity.Projectors.UserRegistrationProjector", 11262, ~N[2026-03-20 23:10:03.240708], ~N[2026-03-20 23:10:03.240708], 11262, "Identity.Projectors.UserRegistrationProjector", 11262]
23:10:03.241 [debug] QUERY OK source="users" db=0.0ms
SELECT u0."id", u0."org_id", u0."email", u0."display_name", u0."status", u0."cose_key", u0."credential_id", u0."roles", u0."created_at", u0."updated_at" FROM "users" AS u0 WHERE (u0."id" = $1) ["019d0c26-0b00-74a0-bd6d-48329cf61a57"]
23:10:03.241 [debug] QUERY OK source="users" db=0.0ms
SELECT u0."id", u0."org_id", u0."email", u0."display_name", u0."status", u0."cose_key", u0."credential_id", u0."roles", u0."created_at", u0."updated_at" FROM "users" AS u0 WHERE (u0."email" = $1) ["test@example.com"]
23:10:03.241 [debug] QUERY OK source="users" db=0.1ms
INSERT INTO "users" ("id","status","org_id","email","display_name","roles","cose_key","credential_id","created_at","updated_at") VALUES ($1,$2,$3,$4,$5,$6,$7,$8,$9,$10) ["019d0c26-0b00-74a0-bd6d-48329cf61a57", "active", "019d0c26-0b00-74a0-8884-24b7b734f296", "test@example.com", "Test User", ["system_admin"], "bootstrap_cose_key", "bootstrap_credential_id", ~U[2026-03-20 23:10:03.241336Z], ~U[2026-03-20 23:10:03.241336Z]]
23:10:03.241 [debug] QUERY ERROR source="identity_user_settings" db=0.0ms
SELECT i0."id", i0."user_id", i0."org_id", i0."locale", i0."timezone", i0."notifications_enabled", i0."created_at", i0."updated_at" FROM "identity_user_settings" AS i0 WHERE (i0."id" = $1) ["019d0c26-0b00-74a0-bd6d-48329cf61a57"]
23:10:03.241 [debug] QUERY OK db=0.0ms
rollback []
23:10:03.243 [error] Nexus.Identity.Projectors.UserRegistrationProjector failed to handle event:
%Commanded.EventStore.RecordedEvent{
  event_id: "282ec866-f518-44ed-95f6-7a535d6c3e25",
  event_number: 11262,
  stream_id: "019d0c26-0b00-74a0-bd6d-48329cf61a57",
  stream_version: 1,
  causation_id: "d64809a4-8402-4360-8536-99b7a0f860ca",
  correlation_id: "e0f4b4bb-483c-4914-aaaa-956d1587d67e",
  event_type: "Elixir.Nexus.Identity.Events.UserRegistered",
  data: %Nexus.Identity.Events.UserRegistered{
    user_id: "019d0c26-0b00-74a0-bd6d-48329cf61a57",
    org_id: "019d0c26-0b00-74a0-8884-24b7b734f296",
    email: "test@example.com",
    role: "system_admin",
    cose_key: "Ym9vdHN0cmFwX2Nvc2Vfa2V5",
    credential_id: "Ym9vdHN0cmFwX2NyZWRlbnRpYWxfaWQ=",
    registered_at: "2026-03-20T16:48:33.024173Z",
    display_name: "Test User",
    status: "active"
  },
  created_at: ~U[2026-03-20 16:48:33.025211Z],
  metadata: %{
    "causation_id" => "019d0c26-0b00-71d0-a1d2-041f55e92cfc",
    "correlation_id" => "019d0c26-0b00-71d0-a1d2-041f55e92cfc"
  }
}, due to:
** (Postgrex.Error) ERROR 42703 (undefined_column) column i0.id does not exist

    query: SELECT i0."id", i0."user_id", i0."org_id", i0."locale", i0."timezone", i0."notifications_enabled", i0."created_at", i0."updated_at" FROM "identity_user_settings" AS i0 WHERE (i0."id" = $1)
    (ecto_sql 3.13.4) lib/ecto/adapters/sql.ex:1113: Ecto.Adapters.SQL.raise_sql_call_error/1
    (ecto_sql 3.13.4) lib/ecto/adapters/sql.ex:1011: Ecto.Adapters.SQL.execute/6
    (ecto 3.13.5) lib/ecto/repo/queryable.ex:241: Ecto.Repo.Queryable.execute/4
    (ecto 3.13.5) lib/ecto/repo/queryable.ex:19: Ecto.Repo.Queryable.all/3
    (ecto 3.13.5) lib/ecto/repo/queryable.ex:163: Ecto.Repo.Queryable.one/3
    (nexus 0.1.0) lib/nexus/identity/projectors/user_registration_projector.ex:53: anonymous fn/3 in Nexus.Identity.Projectors.UserRegistrationProjector.project_registration/3
    (ecto 3.13.5) lib/ecto/multi.ex:905: Ecto.Multi.apply_operation/5
    (elixir 1.19.5) lib/enum.ex:2520: Enum."-reduce/3-lists^foldl/2-0-"/3
    (ecto 3.13.5) lib/ecto/multi.ex:878: anonymous fn/5 in Ecto.Multi.apply_operations/5
    (ecto_sql 3.13.4) lib/ecto/adapters/sql.ex:1473: anonymous fn/3 in Ecto.Adapters.SQL.checkout_or_transaction/4
    (db_connection 2.9.0) lib/db_connection.ex:1747: DBConnection.run_transaction/4
    (ecto 3.13.5) lib/ecto/repo/transaction.ex:30: Ecto.Repo.Transaction.transact/4
    (nexus 0.1.0) deps/commanded_ecto_projections/lib/projections/ecto.ex:97: Nexus.Identity.Projectors.UserRegistrationProjector.update_projection/3
    (commanded 1.4.9) lib/commanded/event/handler.ex:1221: Commanded.Event.Handler.delegate_event_to_handler/2
    (commanded 1.4.9) lib/commanded/event/handler.ex:1062: Commanded.Event.Handler.handle_event/3
    (elixir 1.19.5) lib/enum.ex:2520: Enum."-reduce/3-lists^foldl/2-0-"/3
    (commanded 1.4.9) lib/commanded/event/handler.ex:969: Commanded.Event.Handler.handle_info/2
    (stdlib 7.1) gen_server.erl:2434: :gen_server.try_handle_info/3
    (stdlib 7.1) gen_server.erl:2420: :gen_server.handle_msg/3
    (stdlib 7.1) proc_lib.erl:333: :proc_lib.init_p_do_apply/3

23:10:03.243 [warning] Nexus.Identity.Projectors.UserRegistrationProjector has requested to stop: %Postgrex.Error{message: nil, postgres: %{code: :undefined_column, line: "3721", message: "column i0.id does not exist", position: "8", file: "parse_relation.c", unknown: "ERROR", severity: "ERROR", pg_code: "42703", routine: "errorMissingColumn"}, connection_id: 3155, query: "SELECT i0.\"id\", i0.\"user_id\", i0.\"org_id\", i0.\"locale\", i0.\"timezone\", i0.\"notifications_enabled\", i0.\"created_at\", i0.\"updated_at\" FROM \"identity_user_settings\" AS i0 WHERE (i0.\"id\" = $1)"}
23:10:03.243 [debug] Nexus.Identity.Projectors.UserRegistrationProjector is shutting down due to %Postgrex.Error{message: nil, postgres: %{code: :undefined_column, line: "3721", message: "column i0.id does not exist", position: "8", file: "parse_relation.c", unknown: "ERROR", severity: "ERROR", pg_code: "42703", routine: "errorMissingColumn"}, connection_id: 3155, query: "SELECT i0.\"id\", i0.\"user_id\", i0.\"org_id\", i0.\"locale\", i0.\"timezone\", i0.\"notifications_enabled\", i0.\"created_at\", i0.\"updated_at\" FROM \"identity_user_settings\" AS i0 WHERE (i0.\"id\" = $1)"}
23:10:03.243 [error] GenServer {Nexus.App.LocalRegistry, {Nexus.App, Commanded.Event.Handler, "Identity.Projectors.UserRegistrationProjector"}} terminating
** (stop) %Postgrex.Error{message: nil, postgres: %{code: :undefined_column, line: "3721", message: "column i0.id does not exist", position: "8", file: "parse_relation.c", unknown: "ERROR", severity: "ERROR", pg_code: "42703", routine: "errorMissingColumn"}, connection_id: 3155, query: "SELECT i0.\"id\", i0.\"user_id\", i0.\"org_id\", i0.\"locale\", i0.\"timezone\", i0.\"notifications_enabled\", i0.\"created_at\", i0.\"updated_at\" FROM \"identity_user_settings\" AS i0 WHERE (i0.\"id\" = $1)"}
Last message: {:events, [%Commanded.EventStore.RecordedEvent{event_id: "282ec866-f518-44ed-95f6-7a535d6c3e25", event_number: 11262, stream_id: "019d0c26-0b00-74a0-bd6d-48329cf61a57", stream_version: 1, causation_id: "d64809a4-8402-4360-8536-99b7a0f860ca", correlation_id: "e0f4b4bb-483c-4914-aaaa-956d1587d67e", event_type: "Elixir.Nexus.Identity.Events.UserRegistered", data: %Nexus.Identity.Events.UserRegistered{user_id: "019d0c26-0b00-74a0-bd6d-48329cf61a57", org_id: "019d0c26-0b00-74a0-8884-24b7b734f296", email: "test@example.com", role: "system_admin", cose_key: "Ym9vdHN0cmFwX2Nvc2Vfa2V5", credential_id: "Ym9vdHN0cmFwX2NyZWRlbnRpYWxfaWQ=", registered_at: "2026-03-20T16:48:33.024173Z", display_name: "Test User", status: "active"}, created_at: ~U[2026-03-20 16:48:33.025211Z], metadata: %{"causation_id" => "019d0c26-0b00-71d0-a1d2-041f55e92cfc", "correlation_id" => "019d0c26-0b00-71d0-a1d2-041f55e92cfc"}}]}
State: %Commanded.Event.Handler{application: Nexus.App, consistency: :strong, handler_callback: :event, handler_name: "Identity.Projectors.UserRegistrationProjector", handler_module: Nexus.Identity.Projectors.UserRegistrationProjector, handler_state: nil, last_seen_event: nil, subscription: %Commanded.EventStore.Subscription{application: Nexus.App, backoff: {:backoff, 1000, 60000, 1000, :jitter, :undefined, :undefined}, concurrency: 1, partition_by: nil, subscribe_to: :all, subscribe_from: :origin, subscription_name: "Identity.Projectors.UserRegistrationProjector", subscription_opts: [], subscription_pid: #PID<0.2896.0>, subscription_ref: #Reference<0.504251661.3394502659.68086>}, subscribe_timer: nil}
23:10:03.243 [debug] Subscription "Identity.Projectors.UserRegistrationProjector"@"$all" subscriber #PID<0.2895.0> down due to: %Postgrex.Error{message: nil, postgres: %{code: :undefined_column, line: "3721", message: "column i0.id does not exist", position: "8", file: "parse_relation.c", unknown: "ERROR", severity: "ERROR", pg_code: "42703", routine: "errorMissingColumn"}, connection_id: 3155, query: "SELECT i0.\"id\", i0.\"user_id\", i0.\"org_id\", i0.\"locale\", i0.\"timezone\", i0.\"notifications_enabled\", i0.\"created_at\", i0.\"updated_at\" FROM \"identity_user_settings\" AS i0 WHERE (i0.\"id\" = $1)"}
23:10:03.243 [debug] Subscription "Identity.Projectors.UserRegistrationProjector"@"$all" has no subscribers, shutting down
23:10:03.243 [error] GenServer {Nexus.EventStore.EventStore.Subscriptions.Registry, {"$all", "Identity.Projectors.UserRegistrationProjector"}} terminating
** (stop) %Postgrex.Error{message: nil, postgres: %{code: :undefined_column, line: "3721", message: "column i0.id does not exist", position: "8", file: "parse_relation.c", unknown: "ERROR", severity: "ERROR", pg_code: "42703", routine: "errorMissingColumn"}, connection_id: 3155, query: "SELECT i0.\"id\", i0.\"user_id\", i0.\"org_id\", i0.\"locale\", i0.\"timezone\", i0.\"notifications_enabled\", i0.\"created_at\", i0.\"updated_at\" FROM \"identity_user_settings\" AS i0 WHERE (i0.\"id\" = $1)"}
Last message: {:DOWN, #Reference<0.504251661.3394502659.68068>, :process, #PID<0.2895.0>, %Postgrex.Error{message: nil, postgres: %{code: :undefined_column, line: "3721", message: "column i0.id does not exist", position: "8", file: "parse_relation.c", unknown: "ERROR", severity: "ERROR", pg_code: "42703", routine: "errorMissingColumn"}, connection_id: 3155, query: "SELECT i0.\"id\", i0.\"user_id\", i0.\"org_id\", i0.\"locale\", i0.\"timezone\", i0.\"notifications_enabled\", i0.\"created_at\", i0.\"updated_at\" FROM \"identity_user_settings\" AS i0 WHERE (i0.\"id\" = $1)"}}
State: %EventStore.Subscriptions.Subscription{stream_uuid: "$all", subscription_name: "Identity.Projectors.UserRegistrationProjector", subscription: %EventStore.Subscriptions.SubscriptionFsm{state: :unsubscribed, data: %EventStore.Subscriptions.SubscriptionState{conn: Nexus.EventStore.Postgrex, event_store: Nexus.EventStore, serializer: Commanded.Serialization.JsonSerializer, schema: "event_store", stream_uuid: "$all", start_from: 0, subscription_name: "Identity.Projectors.UserRegistrationProjector", subscription_id: 405, selector: nil, mapper: &Commanded.EventStore.Adapters.EventStore.Mapper.from_recorded_event/1, max_size: 1000, partition_by: nil, query_timeout: 15000, lock_ref: #Reference<0.504251661.3394502657.225124>, last_received: 12228, last_sent: 11262, last_ack: 11261, queue_size: 967, buffer_size: 1, checkpoint_after: 0, checkpoint_threshold: 1, checkpoint_timer_ref: nil, checkpoints_pending: 0, subscribers: %{}, partitions: %{nil: {[%EventStore.RecordedEvent{event_number: 12228, event_id: "09c135f3-e6cb-49bc-81c3-586b4a99fd72", stream_uuid: "ba9ba3da-fea6-48d9-9922-befe7026f5cc", stream_version: 3, correlation_id: "902485ee-cc53-4803-804a-6d742585af10", causation_id: "01922623-15ce-4222-be02-54e41f028373", event_type: "Elixir.Nexus.Identity.Events.SettingsUpdated", data: %Nexus.Identity.Events.SettingsUpdated{org_id: "59134142-de0c-401f-84cf-01b308e7beea", user_id: "ba9ba3da-fea6-48d9-9922-befe7026f5cc", locale: "fr", timezone: "Europe/Paris", notifications_enabled: true, updated_at: "2026-03-20T23:10:03.003466Z"}, metadata: %{"causation_id" => "019d0d83-50fb-76b9-b3c3-9f9ffff96169", "correlation_id" => "019d0d83-50fb-76b9-b3c3-9f9ffff96169"}, created_at: ~U[2026-03-20 23:10:03.004032Z]}, %EventStore.RecordedEvent{event_number: 12227, event_id: "2cb7e60f-876a-4b3d-a0cf-79ce787ffc73", stream_uuid: "ba9ba3da-fea6-48d9-9922-befe7026f5cc", stream_version: 2, correlation_id: "a1777de2-55b0-4c36-b14b-9bfd78376f7d", causation_id: "e52f51cf-cba6-4432-b5ca-53a579ec6263", event_type: "Elixir.Nexus.Identity.Events.SessionStarted", data: %Nexus.Identity.Events.SessionStarted{org_id: "59134142-de0c-401f-84cf-01b308e7beea", user_id: "ba9ba3da-fea6-48d9-9922-befe7026f5cc", session_id: "684b6bac-827a-4ceb-9861-846a2b7f892e", session_token: "mock-token", user_agent: "Mozilla/5.0 (Macintosh; Intel Mac OS X 10_15_7)", ip_address: "127.0.0.1", started_at: "2026-03-20T23:10:02.900974Z"}, metadata: %{"causation_id" => "019d0d83-5095-7a69-8847-4462525e408d", "correlation_id" => "019d0d83-5095-7a69-8847-4462525e408d"}, created_at: ~U[2026-03-20 23:10:02.901379Z]}, %EventStore.RecordedEvent{event_number: 12226, event_id: "c30b19ec-e929-472c-ac8b-a5a8711e9b70", stream_uuid: "ba9ba3da-fea6-48d9-9922-befe7026f5cc", stream_version: 1, correlation_id: "63930bf3-6d78-4bb8-965e-020e650c1443", causation_id: "fad08287-ca47-4012-b1b3-738e408b6cd2", event_type: "Elixir.Nexus.Identity.Events.UserRegistered", data: %Nexus.Identity.Events.UserRegistered{user_id: "ba9ba3da-fea6-48d9-9922-befe7026f5cc", org_id: "59134142-de0c-401f-84cf-01b308e7beea", email: "bernard-4558122c-37ba-45b3-ae3e-a2f7b861c40b@nexus.financial", role: "admin", cose_key: "bW9jaw==", credential_id: "bW9jaw==", registered_at: "2026-03-20T23:10:02.697332Z", display_name: "Bernard", status: "active"}, metadata: %{"causation_id" => "019d0d83-4fc9-7634-8690-906da3e4e15a", "correlation_id" => "019d0d83-4fc9-7634-8690-906da3e4e15a"}, created_at: ~U[2026-03-20 23:10:02.698223Z]}, %EventStore.RecordedEvent{event_number: 12225, event_id: "8338242a-cf94-4b71-aa99-a06cb12a5902", stream_uuid: "019d0d83-4d63-7c0f-8998-bde5f58f823e", stream_version: 3, correlation_id: "497bc4b2-89c2-447e-a743-b61b2ed2adbf", causation_id: "9c8c1acc-d317-4eff-b688-0480de89ec6a", ...}, ...], ...}}, ...}}, ...}
23:10:03.243 [debug] Nexus.Identity.Projectors.UserRegistrationProjector is shutting down due to {%Postgrex.Error{message: nil, postgres: %{code: :undefined_column, line: "3721", message: "column i0.id does not exist", position: "8", file: "parse_relation.c", unknown: "ERROR", severity: "ERROR", pg_code: "42703", routine: "errorMissingColumn"}, connection_id: 3155, query: "SELECT i0.\"id\", i0.\"user_id\", i0.\"org_id\", i0.\"locale\", i0.\"timezone\", i0.\"notifications_enabled\", i0.\"created_at\", i0.\"updated_at\" FROM \"identity_user_settings\" AS i0 WHERE (i0.\"id\" = $1)"}, {GenServer, :call, [#PID<0.2896.0>, {:connect, #PID<0.2897.0>, [retry_interval: 60000, hibernate_after: 15000, partition_by: nil, concurrency_limit: 1, name: Nexus.EventStore, mapper: &Commanded.EventStore.Adapters.EventStore.Mapper.from_recorded_event/1, conn: Nexus.EventStore.Postgrex, event_store: Nexus.EventStore, query_timeout: 15000, schema: "event_store", serializer: Commanded.Serialization.JsonSerializer, stream_uuid: "$all", subscription_name: "Identity.Projectors.UserRegistrationProjector", start_from: 0]}, 5000]}}
23:10:03.243 [error] GenServer {Nexus.App.LocalRegistry, {Nexus.App, Commanded.Event.Handler, "Identity.Projectors.UserRegistrationProjector"}} terminating
** (stop) exited in: GenServer.call(#PID<0.2896.0>, {:connect, #PID<0.2897.0>, [retry_interval: 60000, hibernate_after: 15000, partition_by: nil, concurrency_limit: 1, name: Nexus.EventStore, mapper: &Commanded.EventStore.Adapters.EventStore.Mapper.from_recorded_event/1, conn: Nexus.EventStore.Postgrex, event_store: Nexus.EventStore, query_timeout: 15000, schema: "event_store", serializer: Commanded.Serialization.JsonSerializer, stream_uuid: "$all", subscription_name: "Identity.Projectors.UserRegistrationProjector", start_from: 0]}, 5000)
    ** (EXIT) %Postgrex.Error{message: nil, postgres: %{code: :undefined_column, line: "3721", message: "column i0.id does not exist", position: "8", file: "parse_relation.c", unknown: "ERROR", severity: "ERROR", pg_code: "42703", routine: "errorMissingColumn"}, connection_id: 3155, query: "SELECT i0.\"id\", i0.\"user_id\", i0.\"org_id\", i0.\"locale\", i0.\"timezone\", i0.\"notifications_enabled\", i0.\"created_at\", i0.\"updated_at\" FROM \"identity_user_settings\" AS i0 WHERE (i0.\"id\" = $1)"}
    (elixir 1.19.5) lib/gen_server.ex:1142: GenServer.call/3
    (commanded 1.4.9) lib/commanded/event_store.ex:289: anonymous fn/2 in Commanded.EventStore.span/3
    (telemetry 1.3.0) /Users/bernard/dev/nexus/deps/telemetry/src/telemetry.erl:324: :telemetry.span/3
    (commanded 1.4.9) lib/commanded/event_store/subscription.ex:58: Commanded.EventStore.Subscription.subscribe/2
    (commanded 1.4.9) lib/commanded/event/handler.ex:1024: Commanded.Event.Handler.subscribe_to_events/1
    (commanded 1.4.9) lib/commanded/event/handler.ex:887: Commanded.Event.Handler.handle_continue/2
    (stdlib 7.1) gen_server.erl:2424: :gen_server.try_handle_continue/3
    (stdlib 7.1) gen_server.erl:2291: :gen_server.loop/4
    (stdlib 7.1) proc_lib.erl:333: :proc_lib.init_p_do_apply/3
Last message: {:continue, :subscribe_to_events}
State: %Commanded.Event.Handler{application: Nexus.App, consistency: :strong, handler_callback: :event, handler_name: "Identity.Projectors.UserRegistrationProjector", handler_module: Nexus.Identity.Projectors.UserRegistrationProjector, handler_state: nil, last_seen_event: nil, subscription: %Commanded.EventStore.Subscription{application: Nexus.App, backoff: {:backoff, 1000, 60000, 1000, :jitter, :undefined, :undefined}, concurrency: 1, partition_by: nil, subscribe_to: :all, subscribe_from: :origin, subscription_name: "Identity.Projectors.UserRegistrationProjector", subscription_opts: [], subscription_pid: nil, subscription_ref: nil}, subscribe_timer: nil}
23:10:03.244 [debug] Subscription "Identity.Projectors.UserRegistrationProjector"@"$all" attempting to connect subscriber #PID<0.2898.0>
23:10:03.245 [debug] Subscription "Identity.Projectors.UserRegistrationProjector"@"$all" catching-up
23:10:03.245 [debug] Nexus.Identity.Projectors.UserRegistrationProjector has successfully subscribed to event store
23:10:03.258 [debug] Nexus.Identity.Projectors.UserRegistrationProjector received events: [%Commanded.EventStore.RecordedEvent{event_id: "282ec866-f518-44ed-95f6-7a535d6c3e25", event_number: 11262, stream_id: "019d0c26-0b00-74a0-bd6d-48329cf61a57", stream_version: 1, causation_id: "d64809a4-8402-4360-8536-99b7a0f860ca", correlation_id: "e0f4b4bb-483c-4914-aaaa-956d1587d67e", event_type: "Elixir.Nexus.Identity.Events.UserRegistered", data: %Nexus.Identity.Events.UserRegistered{user_id: "019d0c26-0b00-74a0-bd6d-48329cf61a57", org_id: "019d0c26-0b00-74a0-8884-24b7b734f296", email: "test@example.com", role: "system_admin", cose_key: "Ym9vdHN0cmFwX2Nvc2Vfa2V5", credential_id: "Ym9vdHN0cmFwX2NyZWRlbnRpYWxfaWQ=", registered_at: "2026-03-20T16:48:33.024173Z", display_name: "Test User", status: "active"}, created_at: ~U[2026-03-20 16:48:33.025211Z], metadata: %{"causation_id" => "019d0c26-0b00-71d0-a1d2-041f55e92cfc", "correlation_id" => "019d0c26-0b00-71d0-a1d2-041f55e92cfc"}}]
23:10:03.258 [debug] QUERY OK db=0.1ms
begin []
23:10:03.258 [debug] QUERY OK source="projection_versions" db=0.1ms
INSERT INTO "projection_versions" AS p0 ("projection_name","last_seen_event_number","inserted_at","updated_at") VALUES ($1,$2,$3,$4) ON CONFLICT ("projection_name") DO UPDATE SET "last_seen_event_number" = $5 WHERE ((p0."projection_name" = $6) AND (p0."last_seen_event_number" < $7)) ["Identity.Projectors.UserRegistrationProjector", 11262, ~N[2026-03-20 23:10:03.258291], ~N[2026-03-20 23:10:03.258291], 11262, "Identity.Projectors.UserRegistrationProjector", 11262]
23:10:03.258 [debug] QUERY OK source="users" db=0.0ms
SELECT u0."id", u0."org_id", u0."email", u0."display_name", u0."status", u0."cose_key", u0."credential_id", u0."roles", u0."created_at", u0."updated_at" FROM "users" AS u0 WHERE (u0."id" = $1) ["019d0c26-0b00-74a0-bd6d-48329cf61a57"]
23:10:03.258 [debug] QUERY OK source="users" db=0.0ms
SELECT u0."id", u0."org_id", u0."email", u0."display_name", u0."status", u0."cose_key", u0."credential_id", u0."roles", u0."created_at", u0."updated_at" FROM "users" AS u0 WHERE (u0."email" = $1) ["test@example.com"]
23:10:03.258 [debug] QUERY OK source="users" db=0.1ms
INSERT INTO "users" ("id","status","org_id","email","display_name","roles","cose_key","credential_id","created_at","updated_at") VALUES ($1,$2,$3,$4,$5,$6,$7,$8,$9,$10) ["019d0c26-0b00-74a0-bd6d-48329cf61a57", "active", "019d0c26-0b00-74a0-8884-24b7b734f296", "test@example.com", "Test User", ["system_admin"], "bootstrap_cose_key", "bootstrap_credential_id", ~U[2026-03-20 23:10:03.258814Z], ~U[2026-03-20 23:10:03.258814Z]]
23:10:03.259 [debug] QUERY ERROR source="identity_user_settings" db=0.0ms
SELECT i0."id", i0."user_id", i0."org_id", i0."locale", i0."timezone", i0."notifications_enabled", i0."created_at", i0."updated_at" FROM "identity_user_settings" AS i0 WHERE (i0."id" = $1) ["019d0c26-0b00-74a0-bd6d-48329cf61a57"]
23:10:03.259 [debug] QUERY OK db=0.0ms
rollback []
23:10:03.260 [error] Nexus.Identity.Projectors.UserRegistrationProjector failed to handle event:
%Commanded.EventStore.RecordedEvent{
  event_id: "282ec866-f518-44ed-95f6-7a535d6c3e25",
  event_number: 11262,
  stream_id: "019d0c26-0b00-74a0-bd6d-48329cf61a57",
  stream_version: 1,
  causation_id: "d64809a4-8402-4360-8536-99b7a0f860ca",
  correlation_id: "e0f4b4bb-483c-4914-aaaa-956d1587d67e",
  event_type: "Elixir.Nexus.Identity.Events.UserRegistered",
  data: %Nexus.Identity.Events.UserRegistered{
    user_id: "019d0c26-0b00-74a0-bd6d-48329cf61a57",
    org_id: "019d0c26-0b00-74a0-8884-24b7b734f296",
    email: "test@example.com",
    role: "system_admin",
    cose_key: "Ym9vdHN0cmFwX2Nvc2Vfa2V5",
    credential_id: "Ym9vdHN0cmFwX2NyZWRlbnRpYWxfaWQ=",
    registered_at: "2026-03-20T16:48:33.024173Z",
    display_name: "Test User",
    status: "active"
  },
  created_at: ~U[2026-03-20 16:48:33.025211Z],
  metadata: %{
    "causation_id" => "019d0c26-0b00-71d0-a1d2-041f55e92cfc",
    "correlation_id" => "019d0c26-0b00-71d0-a1d2-041f55e92cfc"
  }
}, due to:
** (Postgrex.Error) ERROR 42703 (undefined_column) column i0.id does not exist

    query: SELECT i0."id", i0."user_id", i0."org_id", i0."locale", i0."timezone", i0."notifications_enabled", i0."created_at", i0."updated_at" FROM "identity_user_settings" AS i0 WHERE (i0."id" = $1)
    (ecto_sql 3.13.4) lib/ecto/adapters/sql.ex:1113: Ecto.Adapters.SQL.raise_sql_call_error/1
    (ecto_sql 3.13.4) lib/ecto/adapters/sql.ex:1011: Ecto.Adapters.SQL.execute/6
    (ecto 3.13.5) lib/ecto/repo/queryable.ex:241: Ecto.Repo.Queryable.execute/4
    (ecto 3.13.5) lib/ecto/repo/queryable.ex:19: Ecto.Repo.Queryable.all/3
    (ecto 3.13.5) lib/ecto/repo/queryable.ex:163: Ecto.Repo.Queryable.one/3
    (nexus 0.1.0) lib/nexus/identity/projectors/user_registration_projector.ex:53: anonymous fn/3 in Nexus.Identity.Projectors.UserRegistrationProjector.project_registration/3
    (ecto 3.13.5) lib/ecto/multi.ex:905: Ecto.Multi.apply_operation/5
    (elixir 1.19.5) lib/enum.ex:2520: Enum."-reduce/3-lists^foldl/2-0-"/3
    (ecto 3.13.5) lib/ecto/multi.ex:878: anonymous fn/5 in Ecto.Multi.apply_operations/5
    (ecto_sql 3.13.4) lib/ecto/adapters/sql.ex:1473: anonymous fn/3 in Ecto.Adapters.SQL.checkout_or_transaction/4
    (db_connection 2.9.0) lib/db_connection.ex:1747: DBConnection.run_transaction/4
    (ecto 3.13.5) lib/ecto/repo/transaction.ex:30: Ecto.Repo.Transaction.transact/4
    (nexus 0.1.0) deps/commanded_ecto_projections/lib/projections/ecto.ex:97: Nexus.Identity.Projectors.UserRegistrationProjector.update_projection/3
    (commanded 1.4.9) lib/commanded/event/handler.ex:1221: Commanded.Event.Handler.delegate_event_to_handler/2
    (commanded 1.4.9) lib/commanded/event/handler.ex:1062: Commanded.Event.Handler.handle_event/3
    (elixir 1.19.5) lib/enum.ex:2520: Enum."-reduce/3-lists^foldl/2-0-"/3
    (commanded 1.4.9) lib/commanded/event/handler.ex:969: Commanded.Event.Handler.handle_info/2
    (stdlib 7.1) gen_server.erl:2434: :gen_server.try_handle_info/3
    (stdlib 7.1) gen_server.erl:2420: :gen_server.handle_msg/3
    (stdlib 7.1) proc_lib.erl:333: :proc_lib.init_p_do_apply/3

23:10:03.260 [warning] Nexus.Identity.Projectors.UserRegistrationProjector has requested to stop: %Postgrex.Error{message: nil, postgres: %{code: :undefined_column, line: "3721", message: "column i0.id does not exist", position: "8", file: "parse_relation.c", unknown: "ERROR", severity: "ERROR", pg_code: "42703", routine: "errorMissingColumn"}, connection_id: 3155, query: "SELECT i0.\"id\", i0.\"user_id\", i0.\"org_id\", i0.\"locale\", i0.\"timezone\", i0.\"notifications_enabled\", i0.\"created_at\", i0.\"updated_at\" FROM \"identity_user_settings\" AS i0 WHERE (i0.\"id\" = $1)"}
23:10:03.260 [debug] Nexus.Identity.Projectors.UserRegistrationProjector is shutting down due to %Postgrex.Error{message: nil, postgres: %{code: :undefined_column, line: "3721", message: "column i0.id does not exist", position: "8", file: "parse_relation.c", unknown: "ERROR", severity: "ERROR", pg_code: "42703", routine: "errorMissingColumn"}, connection_id: 3155, query: "SELECT i0.\"id\", i0.\"user_id\", i0.\"org_id\", i0.\"locale\", i0.\"timezone\", i0.\"notifications_enabled\", i0.\"created_at\", i0.\"updated_at\" FROM \"identity_user_settings\" AS i0 WHERE (i0.\"id\" = $1)"}
23:10:03.260 [error] GenServer {Nexus.App.LocalRegistry, {Nexus.App, Commanded.Event.Handler, "Identity.Projectors.UserRegistrationProjector"}} terminating
** (stop) %Postgrex.Error{message: nil, postgres: %{code: :undefined_column, line: "3721", message: "column i0.id does not exist", position: "8", file: "parse_relation.c", unknown: "ERROR", severity: "ERROR", pg_code: "42703", routine: "errorMissingColumn"}, connection_id: 3155, query: "SELECT i0.\"id\", i0.\"user_id\", i0.\"org_id\", i0.\"locale\", i0.\"timezone\", i0.\"notifications_enabled\", i0.\"created_at\", i0.\"updated_at\" FROM \"identity_user_settings\" AS i0 WHERE (i0.\"id\" = $1)"}
Last message: {:events, [%Commanded.EventStore.RecordedEvent{event_id: "282ec866-f518-44ed-95f6-7a535d6c3e25", event_number: 11262, stream_id: "019d0c26-0b00-74a0-bd6d-48329cf61a57", stream_version: 1, causation_id: "d64809a4-8402-4360-8536-99b7a0f860ca", correlation_id: "e0f4b4bb-483c-4914-aaaa-956d1587d67e", event_type: "Elixir.Nexus.Identity.Events.UserRegistered", data: %Nexus.Identity.Events.UserRegistered{user_id: "019d0c26-0b00-74a0-bd6d-48329cf61a57", org_id: "019d0c26-0b00-74a0-8884-24b7b734f296", email: "test@example.com", role: "system_admin", cose_key: "Ym9vdHN0cmFwX2Nvc2Vfa2V5", credential_id: "Ym9vdHN0cmFwX2NyZWRlbnRpYWxfaWQ=", registered_at: "2026-03-20T16:48:33.024173Z", display_name: "Test User", status: "active"}, created_at: ~U[2026-03-20 16:48:33.025211Z], metadata: %{"causation_id" => "019d0c26-0b00-71d0-a1d2-041f55e92cfc", "correlation_id" => "019d0c26-0b00-71d0-a1d2-041f55e92cfc"}}]}
State: %Commanded.Event.Handler{application: Nexus.App, consistency: :strong, handler_callback: :event, handler_name: "Identity.Projectors.UserRegistrationProjector", handler_module: Nexus.Identity.Projectors.UserRegistrationProjector, handler_state: nil, last_seen_event: nil, subscription: %Commanded.EventStore.Subscription{application: Nexus.App, backoff: {:backoff, 1000, 60000, 1000, :jitter, :undefined, :undefined}, concurrency: 1, partition_by: nil, subscribe_to: :all, subscribe_from: :origin, subscription_name: "Identity.Projectors.UserRegistrationProjector", subscription_opts: [], subscription_pid: #PID<0.2899.0>, subscription_ref: #Reference<0.504251661.3394502658.78026>}, subscribe_timer: nil}
23:10:03.260 [debug] Subscription "Identity.Projectors.UserRegistrationProjector"@"$all" subscriber #PID<0.2898.0> down due to: %Postgrex.Error{message: nil, postgres: %{code: :undefined_column, line: "3721", message: "column i0.id does not exist", position: "8", file: "parse_relation.c", unknown: "ERROR", severity: "ERROR", pg_code: "42703", routine: "errorMissingColumn"}, connection_id: 3155, query: "SELECT i0.\"id\", i0.\"user_id\", i0.\"org_id\", i0.\"locale\", i0.\"timezone\", i0.\"notifications_enabled\", i0.\"created_at\", i0.\"updated_at\" FROM \"identity_user_settings\" AS i0 WHERE (i0.\"id\" = $1)"}
23:10:03.260 [debug] Subscription "Identity.Projectors.UserRegistrationProjector"@"$all" has no subscribers, shutting down
23:10:03.260 [error] GenServer {Nexus.EventStore.EventStore.Subscriptions.Registry, {"$all", "Identity.Projectors.UserRegistrationProjector"}} terminating
** (stop) %Postgrex.Error{message: nil, postgres: %{code: :undefined_column, line: "3721", message: "column i0.id does not exist", position: "8", file: "parse_relation.c", unknown: "ERROR", severity: "ERROR", pg_code: "42703", routine: "errorMissingColumn"}, connection_id: 3155, query: "SELECT i0.\"id\", i0.\"user_id\", i0.\"org_id\", i0.\"locale\", i0.\"timezone\", i0.\"notifications_enabled\", i0.\"created_at\", i0.\"updated_at\" FROM \"identity_user_settings\" AS i0 WHERE (i0.\"id\" = $1)"}
Last message: {:DOWN, #Reference<0.504251661.3394502657.225314>, :process, #PID<0.2898.0>, %Postgrex.Error{message: nil, postgres: %{code: :undefined_column, line: "3721", message: "column i0.id does not exist", position: "8", file: "parse_relation.c", unknown: "ERROR", severity: "ERROR", pg_code: "42703", routine: "errorMissingColumn"}, connection_id: 3155, query: "SELECT i0.\"id\", i0.\"user_id\", i0.\"org_id\", i0.\"locale\", i0.\"timezone\", i0.\"notifications_enabled\", i0.\"created_at\", i0.\"updated_at\" FROM \"identity_user_settings\" AS i0 WHERE (i0.\"id\" = $1)"}}
State: %EventStore.Subscriptions.Subscription{stream_uuid: "$all", subscription_name: "Identity.Projectors.UserRegistrationProjector", subscription: %EventStore.Subscriptions.SubscriptionFsm{state: :unsubscribed, data: %EventStore.Subscriptions.SubscriptionState{conn: Nexus.EventStore.Postgrex, event_store: Nexus.EventStore, serializer: Commanded.Serialization.JsonSerializer, schema: "event_store", stream_uuid: "$all", start_from: 0, subscription_name: "Identity.Projectors.UserRegistrationProjector", subscription_id: 405, selector: nil, mapper: &Commanded.EventStore.Adapters.EventStore.Mapper.from_recorded_event/1, max_size: 1000, partition_by: nil, query_timeout: 15000, lock_ref: #Reference<0.504251661.3394502657.225323>, last_received: 12228, last_sent: 11262, last_ack: 11261, queue_size: 967, buffer_size: 1, checkpoint_after: 0, checkpoint_threshold: 1, checkpoint_timer_ref: nil, checkpoints_pending: 0, subscribers: %{}, partitions: %{nil: {[%EventStore.RecordedEvent{event_number: 12228, event_id: "09c135f3-e6cb-49bc-81c3-586b4a99fd72", stream_uuid: "ba9ba3da-fea6-48d9-9922-befe7026f5cc", stream_version: 3, correlation_id: "902485ee-cc53-4803-804a-6d742585af10", causation_id: "01922623-15ce-4222-be02-54e41f028373", event_type: "Elixir.Nexus.Identity.Events.SettingsUpdated", data: %Nexus.Identity.Events.SettingsUpdated{org_id: "59134142-de0c-401f-84cf-01b308e7beea", user_id: "ba9ba3da-fea6-48d9-9922-befe7026f5cc", locale: "fr", timezone: "Europe/Paris", notifications_enabled: true, updated_at: "2026-03-20T23:10:03.003466Z"}, metadata: %{"causation_id" => "019d0d83-50fb-76b9-b3c3-9f9ffff96169", "correlation_id" => "019d0d83-50fb-76b9-b3c3-9f9ffff96169"}, created_at: ~U[2026-03-20 23:10:03.004032Z]}, %EventStore.RecordedEvent{event_number: 12227, event_id: "2cb7e60f-876a-4b3d-a0cf-79ce787ffc73", stream_uuid: "ba9ba3da-fea6-48d9-9922-befe7026f5cc", stream_version: 2, correlation_id: "a1777de2-55b0-4c36-b14b-9bfd78376f7d", causation_id: "e52f51cf-cba6-4432-b5ca-53a579ec6263", event_type: "Elixir.Nexus.Identity.Events.SessionStarted", data: %Nexus.Identity.Events.SessionStarted{org_id: "59134142-de0c-401f-84cf-01b308e7beea", user_id: "ba9ba3da-fea6-48d9-9922-befe7026f5cc", session_id: "684b6bac-827a-4ceb-9861-846a2b7f892e", session_token: "mock-token", user_agent: "Mozilla/5.0 (Macintosh; Intel Mac OS X 10_15_7)", ip_address: "127.0.0.1", started_at: "2026-03-20T23:10:02.900974Z"}, metadata: %{"causation_id" => "019d0d83-5095-7a69-8847-4462525e408d", "correlation_id" => "019d0d83-5095-7a69-8847-4462525e408d"}, created_at: ~U[2026-03-20 23:10:02.901379Z]}, %EventStore.RecordedEvent{event_number: 12226, event_id: "c30b19ec-e929-472c-ac8b-a5a8711e9b70", stream_uuid: "ba9ba3da-fea6-48d9-9922-befe7026f5cc", stream_version: 1, correlation_id: "63930bf3-6d78-4bb8-965e-020e650c1443", causation_id: "fad08287-ca47-4012-b1b3-738e408b6cd2", event_type: "Elixir.Nexus.Identity.Events.UserRegistered", data: %Nexus.Identity.Events.UserRegistered{user_id: "ba9ba3da-fea6-48d9-9922-befe7026f5cc", org_id: "59134142-de0c-401f-84cf-01b308e7beea", email: "bernard-4558122c-37ba-45b3-ae3e-a2f7b861c40b@nexus.financial", role: "admin", cose_key: "bW9jaw==", credential_id: "bW9jaw==", registered_at: "2026-03-20T23:10:02.697332Z", display_name: "Bernard", status: "active"}, metadata: %{"causation_id" => "019d0d83-4fc9-7634-8690-906da3e4e15a", "correlation_id" => "019d0d83-4fc9-7634-8690-906da3e4e15a"}, created_at: ~U[2026-03-20 23:10:02.698223Z]}, %EventStore.RecordedEvent{event_number: 12225, event_id: "8338242a-cf94-4b71-aa99-a06cb12a5902", stream_uuid: "019d0d83-4d63-7c0f-8998-bde5f58f823e", stream_version: 3, correlation_id: "497bc4b2-89c2-447e-a743-b61b2ed2adbf", causation_id: "9c8c1acc-d317-4eff-b688-0480de89ec6a", ...}, ...], ...}}, ...}}, ...}
23:10:03.261 [debug] Nexus.Identity.Projectors.UserRegistrationProjector is shutting down due to {%Postgrex.Error{message: nil, postgres: %{code: :undefined_column, line: "3721", message: "column i0.id does not exist", position: "8", file: "parse_relation.c", unknown: "ERROR", severity: "ERROR", pg_code: "42703", routine: "errorMissingColumn"}, connection_id: 3155, query: "SELECT i0.\"id\", i0.\"user_id\", i0.\"org_id\", i0.\"locale\", i0.\"timezone\", i0.\"notifications_enabled\", i0.\"created_at\", i0.\"updated_at\" FROM \"identity_user_settings\" AS i0 WHERE (i0.\"id\" = $1)"}, {GenServer, :call, [#PID<0.2899.0>, {:connect, #PID<0.2900.0>, [retry_interval: 60000, hibernate_after: 15000, partition_by: nil, concurrency_limit: 1, name: Nexus.EventStore, mapper: &Commanded.EventStore.Adapters.EventStore.Mapper.from_recorded_event/1, conn: Nexus.EventStore.Postgrex, event_store: Nexus.EventStore, query_timeout: 15000, schema: "event_store", serializer: Commanded.Serialization.JsonSerializer, stream_uuid: "$all", subscription_name: "Identity.Projectors.UserRegistrationProjector", start_from: 0]}, 5000]}}
23:10:03.261 [error] GenServer {Nexus.App.LocalRegistry, {Nexus.App, Commanded.Event.Handler, "Identity.Projectors.UserRegistrationProjector"}} terminating
** (stop) exited in: GenServer.call(#PID<0.2899.0>, {:connect, #PID<0.2900.0>, [retry_interval: 60000, hibernate_after: 15000, partition_by: nil, concurrency_limit: 1, name: Nexus.EventStore, mapper: &Commanded.EventStore.Adapters.EventStore.Mapper.from_recorded_event/1, conn: Nexus.EventStore.Postgrex, event_store: Nexus.EventStore, query_timeout: 15000, schema: "event_store", serializer: Commanded.Serialization.JsonSerializer, stream_uuid: "$all", subscription_name: "Identity.Projectors.UserRegistrationProjector", start_from: 0]}, 5000)
    ** (EXIT) %Postgrex.Error{message: nil, postgres: %{code: :undefined_column, line: "3721", message: "column i0.id does not exist", position: "8", file: "parse_relation.c", unknown: "ERROR", severity: "ERROR", pg_code: "42703", routine: "errorMissingColumn"}, connection_id: 3155, query: "SELECT i0.\"id\", i0.\"user_id\", i0.\"org_id\", i0.\"locale\", i0.\"timezone\", i0.\"notifications_enabled\", i0.\"created_at\", i0.\"updated_at\" FROM \"identity_user_settings\" AS i0 WHERE (i0.\"id\" = $1)"}
    (elixir 1.19.5) lib/gen_server.ex:1142: GenServer.call/3
    (commanded 1.4.9) lib/commanded/event_store.ex:289: anonymous fn/2 in Commanded.EventStore.span/3
    (telemetry 1.3.0) /Users/bernard/dev/nexus/deps/telemetry/src/telemetry.erl:324: :telemetry.span/3
    (commanded 1.4.9) lib/commanded/event_store/subscription.ex:58: Commanded.EventStore.Subscription.subscribe/2
    (commanded 1.4.9) lib/commanded/event/handler.ex:1024: Commanded.Event.Handler.subscribe_to_events/1
    (commanded 1.4.9) lib/commanded/event/handler.ex:887: Commanded.Event.Handler.handle_continue/2
    (stdlib 7.1) gen_server.erl:2424: :gen_server.try_handle_continue/3
    (stdlib 7.1) gen_server.erl:2291: :gen_server.loop/4
    (stdlib 7.1) proc_lib.erl:333: :proc_lib.init_p_do_apply/3
Last message: {:continue, :subscribe_to_events}
State: %Commanded.Event.Handler{application: Nexus.App, consistency: :strong, handler_callback: :event, handler_name: "Identity.Projectors.UserRegistrationProjector", handler_module: Nexus.Identity.Projectors.UserRegistrationProjector, handler_state: nil, last_seen_event: nil, subscription: %Commanded.EventStore.Subscription{application: Nexus.App, backoff: {:backoff, 1000, 60000, 1000, :jitter, :undefined, :undefined}, concurrency: 1, partition_by: nil, subscribe_to: :all, subscribe_from: :origin, subscription_name: "Identity.Projectors.UserRegistrationProjector", subscription_opts: [], subscription_pid: nil, subscription_ref: nil}, subscribe_timer: nil}
23:10:03.261 [debug] Subscription "Identity.Projectors.UserRegistrationProjector"@"$all" attempting to connect subscriber #PID<0.2901.0>
23:10:03.262 [debug] Subscription "Identity.Projectors.UserRegistrationProjector"@"$all" catching-up
23:10:03.262 [debug] Nexus.Identity.Projectors.UserRegistrationProjector has successfully subscribed to event store
23:10:03.276 [debug] Nexus.Identity.Projectors.UserRegistrationProjector received events: [%Commanded.EventStore.RecordedEvent{event_id: "282ec866-f518-44ed-95f6-7a535d6c3e25", event_number: 11262, stream_id: "019d0c26-0b00-74a0-bd6d-48329cf61a57", stream_version: 1, causation_id: "d64809a4-8402-4360-8536-99b7a0f860ca", correlation_id: "e0f4b4bb-483c-4914-aaaa-956d1587d67e", event_type: "Elixir.Nexus.Identity.Events.UserRegistered", data: %Nexus.Identity.Events.UserRegistered{user_id: "019d0c26-0b00-74a0-bd6d-48329cf61a57", org_id: "019d0c26-0b00-74a0-8884-24b7b734f296", email: "test@example.com", role: "system_admin", cose_key: "Ym9vdHN0cmFwX2Nvc2Vfa2V5", credential_id: "Ym9vdHN0cmFwX2NyZWRlbnRpYWxfaWQ=", registered_at: "2026-03-20T16:48:33.024173Z", display_name: "Test User", status: "active"}, created_at: ~U[2026-03-20 16:48:33.025211Z], metadata: %{"causation_id" => "019d0c26-0b00-71d0-a1d2-041f55e92cfc", "correlation_id" => "019d0c26-0b00-71d0-a1d2-041f55e92cfc"}}]
23:10:03.276 [debug] QUERY OK db=0.1ms
begin []
23:10:03.276 [debug] QUERY OK source="projection_versions" db=0.1ms
INSERT INTO "projection_versions" AS p0 ("projection_name","last_seen_event_number","inserted_at","updated_at") VALUES ($1,$2,$3,$4) ON CONFLICT ("projection_name") DO UPDATE SET "last_seen_event_number" = $5 WHERE ((p0."projection_name" = $6) AND (p0."last_seen_event_number" < $7)) ["Identity.Projectors.UserRegistrationProjector", 11262, ~N[2026-03-20 23:10:03.276291], ~N[2026-03-20 23:10:03.276291], 11262, "Identity.Projectors.UserRegistrationProjector", 11262]
23:10:03.276 [debug] QUERY OK source="users" db=0.1ms
SELECT u0."id", u0."org_id", u0."email", u0."display_name", u0."status", u0."cose_key", u0."credential_id", u0."roles", u0."created_at", u0."updated_at" FROM "users" AS u0 WHERE (u0."id" = $1) ["019d0c26-0b00-74a0-bd6d-48329cf61a57"]
23:10:03.276 [debug] QUERY OK source="users" db=0.0ms
SELECT u0."id", u0."org_id", u0."email", u0."display_name", u0."status", u0."cose_key", u0."credential_id", u0."roles", u0."created_at", u0."updated_at" FROM "users" AS u0 WHERE (u0."email" = $1) ["test@example.com"]
23:10:03.277 [debug] QUERY OK source="users" db=0.1ms
INSERT INTO "users" ("id","status","org_id","email","display_name","roles","cose_key","credential_id","created_at","updated_at") VALUES ($1,$2,$3,$4,$5,$6,$7,$8,$9,$10) ["019d0c26-0b00-74a0-bd6d-48329cf61a57", "active", "019d0c26-0b00-74a0-8884-24b7b734f296", "test@example.com", "Test User", ["system_admin"], "bootstrap_cose_key", "bootstrap_credential_id", ~U[2026-03-20 23:10:03.276899Z], ~U[2026-03-20 23:10:03.276899Z]]
23:10:03.277 [debug] QUERY ERROR source="identity_user_settings" db=0.0ms
SELECT i0."id", i0."user_id", i0."org_id", i0."locale", i0."timezone", i0."notifications_enabled", i0."created_at", i0."updated_at" FROM "identity_user_settings" AS i0 WHERE (i0."id" = $1) ["019d0c26-0b00-74a0-bd6d-48329cf61a57"]
23:10:03.277 [debug] QUERY OK db=0.1ms
rollback []
23:10:03.278 [error] Nexus.Identity.Projectors.UserRegistrationProjector failed to handle event:
%Commanded.EventStore.RecordedEvent{
  event_id: "282ec866-f518-44ed-95f6-7a535d6c3e25",
  event_number: 11262,
  stream_id: "019d0c26-0b00-74a0-bd6d-48329cf61a57",
  stream_version: 1,
  causation_id: "d64809a4-8402-4360-8536-99b7a0f860ca",
  correlation_id: "e0f4b4bb-483c-4914-aaaa-956d1587d67e",
  event_type: "Elixir.Nexus.Identity.Events.UserRegistered",
  data: %Nexus.Identity.Events.UserRegistered{
    user_id: "019d0c26-0b00-74a0-bd6d-48329cf61a57",
    org_id: "019d0c26-0b00-74a0-8884-24b7b734f296",
    email: "test@example.com",
    role: "system_admin",
    cose_key: "Ym9vdHN0cmFwX2Nvc2Vfa2V5",
    credential_id: "Ym9vdHN0cmFwX2NyZWRlbnRpYWxfaWQ=",
    registered_at: "2026-03-20T16:48:33.024173Z",
    display_name: "Test User",
    status: "active"
  },
  created_at: ~U[2026-03-20 16:48:33.025211Z],
  metadata: %{
    "causation_id" => "019d0c26-0b00-71d0-a1d2-041f55e92cfc",
    "correlation_id" => "019d0c26-0b00-71d0-a1d2-041f55e92cfc"
  }
}, due to:
** (Postgrex.Error) ERROR 42703 (undefined_column) column i0.id does not exist

    query: SELECT i0."id", i0."user_id", i0."org_id", i0."locale", i0."timezone", i0."notifications_enabled", i0."created_at", i0."updated_at" FROM "identity_user_settings" AS i0 WHERE (i0."id" = $1)
    (ecto_sql 3.13.4) lib/ecto/adapters/sql.ex:1113: Ecto.Adapters.SQL.raise_sql_call_error/1
    (ecto_sql 3.13.4) lib/ecto/adapters/sql.ex:1011: Ecto.Adapters.SQL.execute/6
    (ecto 3.13.5) lib/ecto/repo/queryable.ex:241: Ecto.Repo.Queryable.execute/4
    (ecto 3.13.5) lib/ecto/repo/queryable.ex:19: Ecto.Repo.Queryable.all/3
    (ecto 3.13.5) lib/ecto/repo/queryable.ex:163: Ecto.Repo.Queryable.one/3
    (nexus 0.1.0) lib/nexus/identity/projectors/user_registration_projector.ex:53: anonymous fn/3 in Nexus.Identity.Projectors.UserRegistrationProjector.project_registration/3
    (ecto 3.13.5) lib/ecto/multi.ex:905: Ecto.Multi.apply_operation/5
    (elixir 1.19.5) lib/enum.ex:2520: Enum."-reduce/3-lists^foldl/2-0-"/3
    (ecto 3.13.5) lib/ecto/multi.ex:878: anonymous fn/5 in Ecto.Multi.apply_operations/5
    (ecto_sql 3.13.4) lib/ecto/adapters/sql.ex:1473: anonymous fn/3 in Ecto.Adapters.SQL.checkout_or_transaction/4
    (db_connection 2.9.0) lib/db_connection.ex:1747: DBConnection.run_transaction/4
    (ecto 3.13.5) lib/ecto/repo/transaction.ex:30: Ecto.Repo.Transaction.transact/4
    (nexus 0.1.0) deps/commanded_ecto_projections/lib/projections/ecto.ex:97: Nexus.Identity.Projectors.UserRegistrationProjector.update_projection/3
    (commanded 1.4.9) lib/commanded/event/handler.ex:1221: Commanded.Event.Handler.delegate_event_to_handler/2
    (commanded 1.4.9) lib/commanded/event/handler.ex:1062: Commanded.Event.Handler.handle_event/3
    (elixir 1.19.5) lib/enum.ex:2520: Enum."-reduce/3-lists^foldl/2-0-"/3
    (commanded 1.4.9) lib/commanded/event/handler.ex:969: Commanded.Event.Handler.handle_info/2
    (stdlib 7.1) gen_server.erl:2434: :gen_server.try_handle_info/3
    (stdlib 7.1) gen_server.erl:2420: :gen_server.handle_msg/3
    (stdlib 7.1) proc_lib.erl:333: :proc_lib.init_p_do_apply/3

23:10:03.278 [warning] Nexus.Identity.Projectors.UserRegistrationProjector has requested to stop: %Postgrex.Error{message: nil, postgres: %{code: :undefined_column, line: "3721", message: "column i0.id does not exist", position: "8", file: "parse_relation.c", unknown: "ERROR", severity: "ERROR", pg_code: "42703", routine: "errorMissingColumn"}, connection_id: 3155, query: "SELECT i0.\"id\", i0.\"user_id\", i0.\"org_id\", i0.\"locale\", i0.\"timezone\", i0.\"notifications_enabled\", i0.\"created_at\", i0.\"updated_at\" FROM \"identity_user_settings\" AS i0 WHERE (i0.\"id\" = $1)"}
23:10:03.278 [debug] Nexus.Identity.Projectors.UserRegistrationProjector is shutting down due to %Postgrex.Error{message: nil, postgres: %{code: :undefined_column, line: "3721", message: "column i0.id does not exist", position: "8", file: "parse_relation.c", unknown: "ERROR", severity: "ERROR", pg_code: "42703", routine: "errorMissingColumn"}, connection_id: 3155, query: "SELECT i0.\"id\", i0.\"user_id\", i0.\"org_id\", i0.\"locale\", i0.\"timezone\", i0.\"notifications_enabled\", i0.\"created_at\", i0.\"updated_at\" FROM \"identity_user_settings\" AS i0 WHERE (i0.\"id\" = $1)"}
23:10:03.278 [error] GenServer {Nexus.App.LocalRegistry, {Nexus.App, Commanded.Event.Handler, "Identity.Projectors.UserRegistrationProjector"}} terminating
** (stop) %Postgrex.Error{message: nil, postgres: %{code: :undefined_column, line: "3721", message: "column i0.id does not exist", position: "8", file: "parse_relation.c", unknown: "ERROR", severity: "ERROR", pg_code: "42703", routine: "errorMissingColumn"}, connection_id: 3155, query: "SELECT i0.\"id\", i0.\"user_id\", i0.\"org_id\", i0.\"locale\", i0.\"timezone\", i0.\"notifications_enabled\", i0.\"created_at\", i0.\"updated_at\" FROM \"identity_user_settings\" AS i0 WHERE (i0.\"id\" = $1)"}
Last message: {:events, [%Commanded.EventStore.RecordedEvent{event_id: "282ec866-f518-44ed-95f6-7a535d6c3e25", event_number: 11262, stream_id: "019d0c26-0b00-74a0-bd6d-48329cf61a57", stream_version: 1, causation_id: "d64809a4-8402-4360-8536-99b7a0f860ca", correlation_id: "e0f4b4bb-483c-4914-aaaa-956d1587d67e", event_type: "Elixir.Nexus.Identity.Events.UserRegistered", data: %Nexus.Identity.Events.UserRegistered{user_id: "019d0c26-0b00-74a0-bd6d-48329cf61a57", org_id: "019d0c26-0b00-74a0-8884-24b7b734f296", email: "test@example.com", role: "system_admin", cose_key: "Ym9vdHN0cmFwX2Nvc2Vfa2V5", credential_id: "Ym9vdHN0cmFwX2NyZWRlbnRpYWxfaWQ=", registered_at: "2026-03-20T16:48:33.024173Z", display_name: "Test User", status: "active"}, created_at: ~U[2026-03-20 16:48:33.025211Z], metadata: %{"causation_id" => "019d0c26-0b00-71d0-a1d2-041f55e92cfc", "correlation_id" => "019d0c26-0b00-71d0-a1d2-041f55e92cfc"}}]}
State: %Commanded.Event.Handler{application: Nexus.App, consistency: :strong, handler_callback: :event, handler_name: "Identity.Projectors.UserRegistrationProjector", handler_module: Nexus.Identity.Projectors.UserRegistrationProjector, handler_state: nil, last_seen_event: nil, subscription: %Commanded.EventStore.Subscription{application: Nexus.App, backoff: {:backoff, 1000, 60000, 1000, :jitter, :undefined, :undefined}, concurrency: 1, partition_by: nil, subscribe_to: :all, subscribe_from: :origin, subscription_name: "Identity.Projectors.UserRegistrationProjector", subscription_opts: [], subscription_pid: #PID<0.2902.0>, subscription_ref: #Reference<0.504251661.3394502657.225521>}, subscribe_timer: nil}
23:10:03.278 [debug] Subscription "Identity.Projectors.UserRegistrationProjector"@"$all" subscriber #PID<0.2901.0> down due to: %Postgrex.Error{message: nil, postgres: %{code: :undefined_column, line: "3721", message: "column i0.id does not exist", position: "8", file: "parse_relation.c", unknown: "ERROR", severity: "ERROR", pg_code: "42703", routine: "errorMissingColumn"}, connection_id: 3155, query: "SELECT i0.\"id\", i0.\"user_id\", i0.\"org_id\", i0.\"locale\", i0.\"timezone\", i0.\"notifications_enabled\", i0.\"created_at\", i0.\"updated_at\" FROM \"identity_user_settings\" AS i0 WHERE (i0.\"id\" = $1)"}
23:10:03.278 [debug] Subscription "Identity.Projectors.UserRegistrationProjector"@"$all" has no subscribers, shutting down
23:10:03.278 [error] GenServer {Nexus.EventStore.EventStore.Subscriptions.Registry, {"$all", "Identity.Projectors.UserRegistrationProjector"}} terminating
** (stop) %Postgrex.Error{message: nil, postgres: %{code: :undefined_column, line: "3721", message: "column i0.id does not exist", position: "8", file: "parse_relation.c", unknown: "ERROR", severity: "ERROR", pg_code: "42703", routine: "errorMissingColumn"}, connection_id: 3155, query: "SELECT i0.\"id\", i0.\"user_id\", i0.\"org_id\", i0.\"locale\", i0.\"timezone\", i0.\"notifications_enabled\", i0.\"created_at\", i0.\"updated_at\" FROM \"identity_user_settings\" AS i0 WHERE (i0.\"id\" = $1)"}
Last message: {:DOWN, #Reference<0.504251661.3394502657.225494>, :process, #PID<0.2901.0>, %Postgrex.Error{message: nil, postgres: %{code: :undefined_column, line: "3721", message: "column i0.id does not exist", position: "8", file: "parse_relation.c", unknown: "ERROR", severity: "ERROR", pg_code: "42703", routine: "errorMissingColumn"}, connection_id: 3155, query: "SELECT i0.\"id\", i0.\"user_id\", i0.\"org_id\", i0.\"locale\", i0.\"timezone\", i0.\"notifications_enabled\", i0.\"created_at\", i0.\"updated_at\" FROM \"identity_user_settings\" AS i0 WHERE (i0.\"id\" = $1)"}}
State: %EventStore.Subscriptions.Subscription{stream_uuid: "$all", subscription_name: "Identity.Projectors.UserRegistrationProjector", subscription: %EventStore.Subscriptions.SubscriptionFsm{state: :unsubscribed, data: %EventStore.Subscriptions.SubscriptionState{conn: Nexus.EventStore.Postgrex, event_store: Nexus.EventStore, serializer: Commanded.Serialization.JsonSerializer, schema: "event_store", stream_uuid: "$all", start_from: 0, subscription_name: "Identity.Projectors.UserRegistrationProjector", subscription_id: 405, selector: nil, mapper: &Commanded.EventStore.Adapters.EventStore.Mapper.from_recorded_event/1, max_size: 1000, partition_by: nil, query_timeout: 15000, lock_ref: #Reference<0.504251661.3394502657.225518>, last_received: 12228, last_sent: 11262, last_ack: 11261, queue_size: 967, buffer_size: 1, checkpoint_after: 0, checkpoint_threshold: 1, checkpoint_timer_ref: nil, checkpoints_pending: 0, subscribers: %{}, partitions: %{nil: {[%EventStore.RecordedEvent{event_number: 12228, event_id: "09c135f3-e6cb-49bc-81c3-586b4a99fd72", stream_uuid: "ba9ba3da-fea6-48d9-9922-befe7026f5cc", stream_version: 3, correlation_id: "902485ee-cc53-4803-804a-6d742585af10", causation_id: "01922623-15ce-4222-be02-54e41f028373", event_type: "Elixir.Nexus.Identity.Events.SettingsUpdated", data: %Nexus.Identity.Events.SettingsUpdated{org_id: "59134142-de0c-401f-84cf-01b308e7beea", user_id: "ba9ba3da-fea6-48d9-9922-befe7026f5cc", locale: "fr", timezone: "Europe/Paris", notifications_enabled: true, updated_at: "2026-03-20T23:10:03.003466Z"}, metadata: %{"causation_id" => "019d0d83-50fb-76b9-b3c3-9f9ffff96169", "correlation_id" => "019d0d83-50fb-76b9-b3c3-9f9ffff96169"}, created_at: ~U[2026-03-20 23:10:03.004032Z]}, %EventStore.RecordedEvent{event_number: 12227, event_id: "2cb7e60f-876a-4b3d-a0cf-79ce787ffc73", stream_uuid: "ba9ba3da-fea6-48d9-9922-befe7026f5cc", stream_version: 2, correlation_id: "a1777de2-55b0-4c36-b14b-9bfd78376f7d", causation_id: "e52f51cf-cba6-4432-b5ca-53a579ec6263", event_type: "Elixir.Nexus.Identity.Events.SessionStarted", data: %Nexus.Identity.Events.SessionStarted{org_id: "59134142-de0c-401f-84cf-01b308e7beea", user_id: "ba9ba3da-fea6-48d9-9922-befe7026f5cc", session_id: "684b6bac-827a-4ceb-9861-846a2b7f892e", session_token: "mock-token", user_agent: "Mozilla/5.0 (Macintosh; Intel Mac OS X 10_15_7)", ip_address: "127.0.0.1", started_at: "2026-03-20T23:10:02.900974Z"}, metadata: %{"causation_id" => "019d0d83-5095-7a69-8847-4462525e408d", "correlation_id" => "019d0d83-5095-7a69-8847-4462525e408d"}, created_at: ~U[2026-03-20 23:10:02.901379Z]}, %EventStore.RecordedEvent{event_number: 12226, event_id: "c30b19ec-e929-472c-ac8b-a5a8711e9b70", stream_uuid: "ba9ba3da-fea6-48d9-9922-befe7026f5cc", stream_version: 1, correlation_id: "63930bf3-6d78-4bb8-965e-020e650c1443", causation_id: "fad08287-ca47-4012-b1b3-738e408b6cd2", event_type: "Elixir.Nexus.Identity.Events.UserRegistered", data: %Nexus.Identity.Events.UserRegistered{user_id: "ba9ba3da-fea6-48d9-9922-befe7026f5cc", org_id: "59134142-de0c-401f-84cf-01b308e7beea", email: "bernard-4558122c-37ba-45b3-ae3e-a2f7b861c40b@nexus.financial", role: "admin", cose_key: "bW9jaw==", credential_id: "bW9jaw==", registered_at: "2026-03-20T23:10:02.697332Z", display_name: "Bernard", status: "active"}, metadata: %{"causation_id" => "019d0d83-4fc9-7634-8690-906da3e4e15a", "correlation_id" => "019d0d83-4fc9-7634-8690-906da3e4e15a"}, created_at: ~U[2026-03-20 23:10:02.698223Z]}, %EventStore.RecordedEvent{event_number: 12225, event_id: "8338242a-cf94-4b71-aa99-a06cb12a5902", stream_uuid: "019d0d83-4d63-7c0f-8998-bde5f58f823e", stream_version: 3, correlation_id: "497bc4b2-89c2-447e-a743-b61b2ed2adbf", causation_id: "9c8c1acc-d317-4eff-b688-0480de89ec6a", ...}, ...], ...}}, ...}}, ...}
23:10:03.279 [debug] Nexus.Identity.Projectors.UserRegistrationProjector is shutting down due to {%Postgrex.Error{message: nil, postgres: %{code: :undefined_column, line: "3721", message: "column i0.id does not exist", position: "8", file: "parse_relation.c", unknown: "ERROR", severity: "ERROR", pg_code: "42703", routine: "errorMissingColumn"}, connection_id: 3155, query: "SELECT i0.\"id\", i0.\"user_id\", i0.\"org_id\", i0.\"locale\", i0.\"timezone\", i0.\"notifications_enabled\", i0.\"created_at\", i0.\"updated_at\" FROM \"identity_user_settings\" AS i0 WHERE (i0.\"id\" = $1)"}, {GenServer, :call, [#PID<0.2902.0>, {:connect, #PID<0.2903.0>, [retry_interval: 60000, hibernate_after: 15000, partition_by: nil, concurrency_limit: 1, name: Nexus.EventStore, mapper: &Commanded.EventStore.Adapters.EventStore.Mapper.from_recorded_event/1, conn: Nexus.EventStore.Postgrex, event_store: Nexus.EventStore, query_timeout: 15000, schema: "event_store", serializer: Commanded.Serialization.JsonSerializer, stream_uuid: "$all", subscription_name: "Identity.Projectors.UserRegistrationProjector", start_from: 0]}, 5000]}}
23:10:03.279 [error] GenServer {Nexus.App.LocalRegistry, {Nexus.App, Commanded.Event.Handler, "Identity.Projectors.UserRegistrationProjector"}} terminating
** (stop) exited in: GenServer.call(#PID<0.2902.0>, {:connect, #PID<0.2903.0>, [retry_interval: 60000, hibernate_after: 15000, partition_by: nil, concurrency_limit: 1, name: Nexus.EventStore, mapper: &Commanded.EventStore.Adapters.EventStore.Mapper.from_recorded_event/1, conn: Nexus.EventStore.Postgrex, event_store: Nexus.EventStore, query_timeout: 15000, schema: "event_store", serializer: Commanded.Serialization.JsonSerializer, stream_uuid: "$all", subscription_name: "Identity.Projectors.UserRegistrationProjector", start_from: 0]}, 5000)
    ** (EXIT) %Postgrex.Error{message: nil, postgres: %{code: :undefined_column, line: "3721", message: "column i0.id does not exist", position: "8", file: "parse_relation.c", unknown: "ERROR", severity: "ERROR", pg_code: "42703", routine: "errorMissingColumn"}, connection_id: 3155, query: "SELECT i0.\"id\", i0.\"user_id\", i0.\"org_id\", i0.\"locale\", i0.\"timezone\", i0.\"notifications_enabled\", i0.\"created_at\", i0.\"updated_at\" FROM \"identity_user_settings\" AS i0 WHERE (i0.\"id\" = $1)"}
    (elixir 1.19.5) lib/gen_server.ex:1142: GenServer.call/3
    (commanded 1.4.9) lib/commanded/event_store.ex:289: anonymous fn/2 in Commanded.EventStore.span/3
    (telemetry 1.3.0) /Users/bernard/dev/nexus/deps/telemetry/src/telemetry.erl:324: :telemetry.span/3
    (commanded 1.4.9) lib/commanded/event_store/subscription.ex:58: Commanded.EventStore.Subscription.subscribe/2
    (commanded 1.4.9) lib/commanded/event/handler.ex:1024: Commanded.Event.Handler.subscribe_to_events/1
    (commanded 1.4.9) lib/commanded/event/handler.ex:887: Commanded.Event.Handler.handle_continue/2
    (stdlib 7.1) gen_server.erl:2424: :gen_server.try_handle_continue/3
    (stdlib 7.1) gen_server.erl:2291: :gen_server.loop/4
    (stdlib 7.1) proc_lib.erl:333: :proc_lib.init_p_do_apply/3
Last message: {:continue, :subscribe_to_events}
State: %Commanded.Event.Handler{application: Nexus.App, consistency: :strong, handler_callback: :event, handler_name: "Identity.Projectors.UserRegistrationProjector", handler_module: Nexus.Identity.Projectors.UserRegistrationProjector, handler_state: nil, last_seen_event: nil, subscription: %Commanded.EventStore.Subscription{application: Nexus.App, backoff: {:backoff, 1000, 60000, 1000, :jitter, :undefined, :undefined}, concurrency: 1, partition_by: nil, subscribe_to: :all, subscribe_from: :origin, subscription_name: "Identity.Projectors.UserRegistrationProjector", subscription_opts: [], subscription_pid: nil, subscription_ref: nil}, subscribe_timer: nil}
23:10:03.280 [debug] Subscription "Identity.Projectors.UserRegistrationProjector"@"$all" attempting to connect subscriber #PID<0.2904.0>
23:10:03.280 [debug] Subscription "Identity.Projectors.UserRegistrationProjector"@"$all" catching-up
23:10:03.280 [debug] Nexus.Identity.Projectors.UserRegistrationProjector has successfully subscribed to event store
23:10:03.293 [debug] Nexus.Identity.Projectors.UserRegistrationProjector received events: [%Commanded.EventStore.RecordedEvent{event_id: "282ec866-f518-44ed-95f6-7a535d6c3e25", event_number: 11262, stream_id: "019d0c26-0b00-74a0-bd6d-48329cf61a57", stream_version: 1, causation_id: "d64809a4-8402-4360-8536-99b7a0f860ca", correlation_id: "e0f4b4bb-483c-4914-aaaa-956d1587d67e", event_type: "Elixir.Nexus.Identity.Events.UserRegistered", data: %Nexus.Identity.Events.UserRegistered{user_id: "019d0c26-0b00-74a0-bd6d-48329cf61a57", org_id: "019d0c26-0b00-74a0-8884-24b7b734f296", email: "test@example.com", role: "system_admin", cose_key: "Ym9vdHN0cmFwX2Nvc2Vfa2V5", credential_id: "Ym9vdHN0cmFwX2NyZWRlbnRpYWxfaWQ=", registered_at: "2026-03-20T16:48:33.024173Z", display_name: "Test User", status: "active"}, created_at: ~U[2026-03-20 16:48:33.025211Z], metadata: %{"causation_id" => "019d0c26-0b00-71d0-a1d2-041f55e92cfc", "correlation_id" => "019d0c26-0b00-71d0-a1d2-041f55e92cfc"}}]
23:10:03.293 [debug] QUERY OK db=0.1ms
begin []
23:10:03.293 [debug] QUERY OK source="projection_versions" db=0.1ms
INSERT INTO "projection_versions" AS p0 ("projection_name","last_seen_event_number","inserted_at","updated_at") VALUES ($1,$2,$3,$4) ON CONFLICT ("projection_name") DO UPDATE SET "last_seen_event_number" = $5 WHERE ((p0."projection_name" = $6) AND (p0."last_seen_event_number" < $7)) ["Identity.Projectors.UserRegistrationProjector", 11262, ~N[2026-03-20 23:10:03.293702], ~N[2026-03-20 23:10:03.293702], 11262, "Identity.Projectors.UserRegistrationProjector", 11262]
23:10:03.294 [debug] QUERY OK source="users" db=0.0ms
SELECT u0."id", u0."org_id", u0."email", u0."display_name", u0."status", u0."cose_key", u0."credential_id", u0."roles", u0."created_at", u0."updated_at" FROM "users" AS u0 WHERE (u0."id" = $1) ["019d0c26-0b00-74a0-bd6d-48329cf61a57"]
23:10:03.294 [debug] QUERY OK source="users" db=0.0ms
SELECT u0."id", u0."org_id", u0."email", u0."display_name", u0."status", u0."cose_key", u0."credential_id", u0."roles", u0."created_at", u0."updated_at" FROM "users" AS u0 WHERE (u0."email" = $1) ["test@example.com"]
23:10:03.294 [debug] QUERY OK source="users" db=0.1ms
INSERT INTO "users" ("id","status","org_id","email","display_name","roles","cose_key","credential_id","created_at","updated_at") VALUES ($1,$2,$3,$4,$5,$6,$7,$8,$9,$10) ["019d0c26-0b00-74a0-bd6d-48329cf61a57", "active", "019d0c26-0b00-74a0-8884-24b7b734f296", "test@example.com", "Test User", ["system_admin"], "bootstrap_cose_key", "bootstrap_credential_id", ~U[2026-03-20 23:10:03.294249Z], ~U[2026-03-20 23:10:03.294249Z]]
23:10:03.294 [debug] QUERY ERROR source="identity_user_settings" db=0.0ms
SELECT i0."id", i0."user_id", i0."org_id", i0."locale", i0."timezone", i0."notifications_enabled", i0."created_at", i0."updated_at" FROM "identity_user_settings" AS i0 WHERE (i0."id" = $1) ["019d0c26-0b00-74a0-bd6d-48329cf61a57"]
23:10:03.294 [debug] QUERY OK db=0.0ms
rollback []
23:10:03.295 [error] Nexus.Identity.Projectors.UserRegistrationProjector failed to handle event:
%Commanded.EventStore.RecordedEvent{
  event_id: "282ec866-f518-44ed-95f6-7a535d6c3e25",
  event_number: 11262,
  stream_id: "019d0c26-0b00-74a0-bd6d-48329cf61a57",
  stream_version: 1,
  causation_id: "d64809a4-8402-4360-8536-99b7a0f860ca",
  correlation_id: "e0f4b4bb-483c-4914-aaaa-956d1587d67e",
  event_type: "Elixir.Nexus.Identity.Events.UserRegistered",
  data: %Nexus.Identity.Events.UserRegistered{
    user_id: "019d0c26-0b00-74a0-bd6d-48329cf61a57",
    org_id: "019d0c26-0b00-74a0-8884-24b7b734f296",
    email: "test@example.com",
    role: "system_admin",
    cose_key: "Ym9vdHN0cmFwX2Nvc2Vfa2V5",
    credential_id: "Ym9vdHN0cmFwX2NyZWRlbnRpYWxfaWQ=",
    registered_at: "2026-03-20T16:48:33.024173Z",
    display_name: "Test User",
    status: "active"
  },
  created_at: ~U[2026-03-20 16:48:33.025211Z],
  metadata: %{
    "causation_id" => "019d0c26-0b00-71d0-a1d2-041f55e92cfc",
    "correlation_id" => "019d0c26-0b00-71d0-a1d2-041f55e92cfc"
  }
}, due to:
** (Postgrex.Error) ERROR 42703 (undefined_column) column i0.id does not exist

    query: SELECT i0."id", i0."user_id", i0."org_id", i0."locale", i0."timezone", i0."notifications_enabled", i0."created_at", i0."updated_at" FROM "identity_user_settings" AS i0 WHERE (i0."id" = $1)
    (ecto_sql 3.13.4) lib/ecto/adapters/sql.ex:1113: Ecto.Adapters.SQL.raise_sql_call_error/1
    (ecto_sql 3.13.4) lib/ecto/adapters/sql.ex:1011: Ecto.Adapters.SQL.execute/6
    (ecto 3.13.5) lib/ecto/repo/queryable.ex:241: Ecto.Repo.Queryable.execute/4
    (ecto 3.13.5) lib/ecto/repo/queryable.ex:19: Ecto.Repo.Queryable.all/3
    (ecto 3.13.5) lib/ecto/repo/queryable.ex:163: Ecto.Repo.Queryable.one/3
    (nexus 0.1.0) lib/nexus/identity/projectors/user_registration_projector.ex:53: anonymous fn/3 in Nexus.Identity.Projectors.UserRegistrationProjector.project_registration/3
    (ecto 3.13.5) lib/ecto/multi.ex:905: Ecto.Multi.apply_operation/5
    (elixir 1.19.5) lib/enum.ex:2520: Enum."-reduce/3-lists^foldl/2-0-"/3
    (ecto 3.13.5) lib/ecto/multi.ex:878: anonymous fn/5 in Ecto.Multi.apply_operations/5
    (ecto_sql 3.13.4) lib/ecto/adapters/sql.ex:1473: anonymous fn/3 in Ecto.Adapters.SQL.checkout_or_transaction/4
    (db_connection 2.9.0) lib/db_connection.ex:1747: DBConnection.run_transaction/4
    (ecto 3.13.5) lib/ecto/repo/transaction.ex:30: Ecto.Repo.Transaction.transact/4
    (nexus 0.1.0) deps/commanded_ecto_projections/lib/projections/ecto.ex:97: Nexus.Identity.Projectors.UserRegistrationProjector.update_projection/3
    (commanded 1.4.9) lib/commanded/event/handler.ex:1221: Commanded.Event.Handler.delegate_event_to_handler/2
    (commanded 1.4.9) lib/commanded/event/handler.ex:1062: Commanded.Event.Handler.handle_event/3
    (elixir 1.19.5) lib/enum.ex:2520: Enum."-reduce/3-lists^foldl/2-0-"/3
    (commanded 1.4.9) lib/commanded/event/handler.ex:969: Commanded.Event.Handler.handle_info/2
    (stdlib 7.1) gen_server.erl:2434: :gen_server.try_handle_info/3
    (stdlib 7.1) gen_server.erl:2420: :gen_server.handle_msg/3
    (stdlib 7.1) proc_lib.erl:333: :proc_lib.init_p_do_apply/3

23:10:03.295 [warning] Nexus.Identity.Projectors.UserRegistrationProjector has requested to stop: %Postgrex.Error{message: nil, postgres: %{code: :undefined_column, line: "3721", message: "column i0.id does not exist", position: "8", file: "parse_relation.c", unknown: "ERROR", severity: "ERROR", pg_code: "42703", routine: "errorMissingColumn"}, connection_id: 3155, query: "SELECT i0.\"id\", i0.\"user_id\", i0.\"org_id\", i0.\"locale\", i0.\"timezone\", i0.\"notifications_enabled\", i0.\"created_at\", i0.\"updated_at\" FROM \"identity_user_settings\" AS i0 WHERE (i0.\"id\" = $1)"}
23:10:03.295 [debug] Nexus.Identity.Projectors.UserRegistrationProjector is shutting down due to %Postgrex.Error{message: nil, postgres: %{code: :undefined_column, line: "3721", message: "column i0.id does not exist", position: "8", file: "parse_relation.c", unknown: "ERROR", severity: "ERROR", pg_code: "42703", routine: "errorMissingColumn"}, connection_id: 3155, query: "SELECT i0.\"id\", i0.\"user_id\", i0.\"org_id\", i0.\"locale\", i0.\"timezone\", i0.\"notifications_enabled\", i0.\"created_at\", i0.\"updated_at\" FROM \"identity_user_settings\" AS i0 WHERE (i0.\"id\" = $1)"}
23:10:03.295 [error] GenServer {Nexus.App.LocalRegistry, {Nexus.App, Commanded.Event.Handler, "Identity.Projectors.UserRegistrationProjector"}} terminating
** (stop) %Postgrex.Error{message: nil, postgres: %{code: :undefined_column, line: "3721", message: "column i0.id does not exist", position: "8", file: "parse_relation.c", unknown: "ERROR", severity: "ERROR", pg_code: "42703", routine: "errorMissingColumn"}, connection_id: 3155, query: "SELECT i0.\"id\", i0.\"user_id\", i0.\"org_id\", i0.\"locale\", i0.\"timezone\", i0.\"notifications_enabled\", i0.\"created_at\", i0.\"updated_at\" FROM \"identity_user_settings\" AS i0 WHERE (i0.\"id\" = $1)"}
Last message: {:events, [%Commanded.EventStore.RecordedEvent{event_id: "282ec866-f518-44ed-95f6-7a535d6c3e25", event_number: 11262, stream_id: "019d0c26-0b00-74a0-bd6d-48329cf61a57", stream_version: 1, causation_id: "d64809a4-8402-4360-8536-99b7a0f860ca", correlation_id: "e0f4b4bb-483c-4914-aaaa-956d1587d67e", event_type: "Elixir.Nexus.Identity.Events.UserRegistered", data: %Nexus.Identity.Events.UserRegistered{user_id: "019d0c26-0b00-74a0-bd6d-48329cf61a57", org_id: "019d0c26-0b00-74a0-8884-24b7b734f296", email: "test@example.com", role: "system_admin", cose_key: "Ym9vdHN0cmFwX2Nvc2Vfa2V5", credential_id: "Ym9vdHN0cmFwX2NyZWRlbnRpYWxfaWQ=", registered_at: "2026-03-20T16:48:33.024173Z", display_name: "Test User", status: "active"}, created_at: ~U[2026-03-20 16:48:33.025211Z], metadata: %{"causation_id" => "019d0c26-0b00-71d0-a1d2-041f55e92cfc", "correlation_id" => "019d0c26-0b00-71d0-a1d2-041f55e92cfc"}}]}
State: %Commanded.Event.Handler{application: Nexus.App, consistency: :strong, handler_callback: :event, handler_name: "Identity.Projectors.UserRegistrationProjector", handler_module: Nexus.Identity.Projectors.UserRegistrationProjector, handler_state: nil, last_seen_event: nil, subscription: %Commanded.EventStore.Subscription{application: Nexus.App, backoff: {:backoff, 1000, 60000, 1000, :jitter, :undefined, :undefined}, concurrency: 1, partition_by: nil, subscribe_to: :all, subscribe_from: :origin, subscription_name: "Identity.Projectors.UserRegistrationProjector", subscription_opts: [], subscription_pid: #PID<0.2905.0>, subscription_ref: #Reference<0.504251661.3394502658.78114>}, subscribe_timer: nil}
23:10:03.296 [debug] Subscription "Identity.Projectors.UserRegistrationProjector"@"$all" subscriber #PID<0.2904.0> down due to: %Postgrex.Error{message: nil, postgres: %{code: :undefined_column, line: "3721", message: "column i0.id does not exist", position: "8", file: "parse_relation.c", unknown: "ERROR", severity: "ERROR", pg_code: "42703", routine: "errorMissingColumn"}, connection_id: 3155, query: "SELECT i0.\"id\", i0.\"user_id\", i0.\"org_id\", i0.\"locale\", i0.\"timezone\", i0.\"notifications_enabled\", i0.\"created_at\", i0.\"updated_at\" FROM \"identity_user_settings\" AS i0 WHERE (i0.\"id\" = $1)"}
23:10:03.296 [debug] Subscription "Identity.Projectors.UserRegistrationProjector"@"$all" has no subscribers, shutting down
23:10:03.296 [error] GenServer {Nexus.EventStore.EventStore.Subscriptions.Registry, {"$all", "Identity.Projectors.UserRegistrationProjector"}} terminating
** (stop) %Postgrex.Error{message: nil, postgres: %{code: :undefined_column, line: "3721", message: "column i0.id does not exist", position: "8", file: "parse_relation.c", unknown: "ERROR", severity: "ERROR", pg_code: "42703", routine: "errorMissingColumn"}, connection_id: 3155, query: "SELECT i0.\"id\", i0.\"user_id\", i0.\"org_id\", i0.\"locale\", i0.\"timezone\", i0.\"notifications_enabled\", i0.\"created_at\", i0.\"updated_at\" FROM \"identity_user_settings\" AS i0 WHERE (i0.\"id\" = $1)"}
Last message: {:DOWN, #Reference<0.504251661.3394502657.225731>, :process, #PID<0.2904.0>, %Postgrex.Error{message: nil, postgres: %{code: :undefined_column, line: "3721", message: "column i0.id does not exist", position: "8", file: "parse_relation.c", unknown: "ERROR", severity: "ERROR", pg_code: "42703", routine: "errorMissingColumn"}, connection_id: 3155, query: "SELECT i0.\"id\", i0.\"user_id\", i0.\"org_id\", i0.\"locale\", i0.\"timezone\", i0.\"notifications_enabled\", i0.\"created_at\", i0.\"updated_at\" FROM \"identity_user_settings\" AS i0 WHERE (i0.\"id\" = $1)"}}
State: %EventStore.Subscriptions.Subscription{stream_uuid: "$all", subscription_name: "Identity.Projectors.UserRegistrationProjector", subscription: %EventStore.Subscriptions.SubscriptionFsm{state: :unsubscribed, data: %EventStore.Subscriptions.SubscriptionState{conn: Nexus.EventStore.Postgrex, event_store: Nexus.EventStore, serializer: Commanded.Serialization.JsonSerializer, schema: "event_store", stream_uuid: "$all", start_from: 0, subscription_name: "Identity.Projectors.UserRegistrationProjector", subscription_id: 405, selector: nil, mapper: &Commanded.EventStore.Adapters.EventStore.Mapper.from_recorded_event/1, max_size: 1000, partition_by: nil, query_timeout: 15000, lock_ref: #Reference<0.504251661.3394502657.225743>, last_received: 12228, last_sent: 11262, last_ack: 11261, queue_size: 967, buffer_size: 1, checkpoint_after: 0, checkpoint_threshold: 1, checkpoint_timer_ref: nil, checkpoints_pending: 0, subscribers: %{}, partitions: %{nil: {[%EventStore.RecordedEvent{event_number: 12228, event_id: "09c135f3-e6cb-49bc-81c3-586b4a99fd72", stream_uuid: "ba9ba3da-fea6-48d9-9922-befe7026f5cc", stream_version: 3, correlation_id: "902485ee-cc53-4803-804a-6d742585af10", causation_id: "01922623-15ce-4222-be02-54e41f028373", event_type: "Elixir.Nexus.Identity.Events.SettingsUpdated", data: %Nexus.Identity.Events.SettingsUpdated{org_id: "59134142-de0c-401f-84cf-01b308e7beea", user_id: "ba9ba3da-fea6-48d9-9922-befe7026f5cc", locale: "fr", timezone: "Europe/Paris", notifications_enabled: true, updated_at: "2026-03-20T23:10:03.003466Z"}, metadata: %{"causation_id" => "019d0d83-50fb-76b9-b3c3-9f9ffff96169", "correlation_id" => "019d0d83-50fb-76b9-b3c3-9f9ffff96169"}, created_at: ~U[2026-03-20 23:10:03.004032Z]}, %EventStore.RecordedEvent{event_number: 12227, event_id: "2cb7e60f-876a-4b3d-a0cf-79ce787ffc73", stream_uuid: "ba9ba3da-fea6-48d9-9922-befe7026f5cc", stream_version: 2, correlation_id: "a1777de2-55b0-4c36-b14b-9bfd78376f7d", causation_id: "e52f51cf-cba6-4432-b5ca-53a579ec6263", event_type: "Elixir.Nexus.Identity.Events.SessionStarted", data: %Nexus.Identity.Events.SessionStarted{org_id: "59134142-de0c-401f-84cf-01b308e7beea", user_id: "ba9ba3da-fea6-48d9-9922-befe7026f5cc", session_id: "684b6bac-827a-4ceb-9861-846a2b7f892e", session_token: "mock-token", user_agent: "Mozilla/5.0 (Macintosh; Intel Mac OS X 10_15_7)", ip_address: "127.0.0.1", started_at: "2026-03-20T23:10:02.900974Z"}, metadata: %{"causation_id" => "019d0d83-5095-7a69-8847-4462525e408d", "correlation_id" => "019d0d83-5095-7a69-8847-4462525e408d"}, created_at: ~U[2026-03-20 23:10:02.901379Z]}, %EventStore.RecordedEvent{event_number: 12226, event_id: "c30b19ec-e929-472c-ac8b-a5a8711e9b70", stream_uuid: "ba9ba3da-fea6-48d9-9922-befe7026f5cc", stream_version: 1, correlation_id: "63930bf3-6d78-4bb8-965e-020e650c1443", causation_id: "fad08287-ca47-4012-b1b3-738e408b6cd2", event_type: "Elixir.Nexus.Identity.Events.UserRegistered", data: %Nexus.Identity.Events.UserRegistered{user_id: "ba9ba3da-fea6-48d9-9922-befe7026f5cc", org_id: "59134142-de0c-401f-84cf-01b308e7beea", email: "bernard-4558122c-37ba-45b3-ae3e-a2f7b861c40b@nexus.financial", role: "admin", cose_key: "bW9jaw==", credential_id: "bW9jaw==", registered_at: "2026-03-20T23:10:02.697332Z", display_name: "Bernard", status: "active"}, metadata: %{"causation_id" => "019d0d83-4fc9-7634-8690-906da3e4e15a", "correlation_id" => "019d0d83-4fc9-7634-8690-906da3e4e15a"}, created_at: ~U[2026-03-20 23:10:02.698223Z]}, %EventStore.RecordedEvent{event_number: 12225, event_id: "8338242a-cf94-4b71-aa99-a06cb12a5902", stream_uuid: "019d0d83-4d63-7c0f-8998-bde5f58f823e", stream_version: 3, correlation_id: "497bc4b2-89c2-447e-a743-b61b2ed2adbf", causation_id: "9c8c1acc-d317-4eff-b688-0480de89ec6a", ...}, ...], ...}}, ...}}, ...}
23:10:03.296 [debug] Nexus.Identity.Projectors.UserRegistrationProjector is shutting down due to {%Postgrex.Error{message: nil, postgres: %{code: :undefined_column, line: "3721", message: "column i0.id does not exist", position: "8", file: "parse_relation.c", unknown: "ERROR", severity: "ERROR", pg_code: "42703", routine: "errorMissingColumn"}, connection_id: 3155, query: "SELECT i0.\"id\", i0.\"user_id\", i0.\"org_id\", i0.\"locale\", i0.\"timezone\", i0.\"notifications_enabled\", i0.\"created_at\", i0.\"updated_at\" FROM \"identity_user_settings\" AS i0 WHERE (i0.\"id\" = $1)"}, {GenServer, :call, [#PID<0.2905.0>, {:connect, #PID<0.2906.0>, [retry_interval: 60000, hibernate_after: 15000, partition_by: nil, concurrency_limit: 1, name: Nexus.EventStore, mapper: &Commanded.EventStore.Adapters.EventStore.Mapper.from_recorded_event/1, conn: Nexus.EventStore.Postgrex, event_store: Nexus.EventStore, query_timeout: 15000, schema: "event_store", serializer: Commanded.Serialization.JsonSerializer, stream_uuid: "$all", subscription_name: "Identity.Projectors.UserRegistrationProjector", start_from: 0]}, 5000]}}
23:10:03.296 [error] GenServer {Nexus.App.LocalRegistry, {Nexus.App, Commanded.Event.Handler, "Identity.Projectors.UserRegistrationProjector"}} terminating
** (stop) exited in: GenServer.call(#PID<0.2905.0>, {:connect, #PID<0.2906.0>, [retry_interval: 60000, hibernate_after: 15000, partition_by: nil, concurrency_limit: 1, name: Nexus.EventStore, mapper: &Commanded.EventStore.Adapters.EventStore.Mapper.from_recorded_event/1, conn: Nexus.EventStore.Postgrex, event_store: Nexus.EventStore, query_timeout: 15000, schema: "event_store", serializer: Commanded.Serialization.JsonSerializer, stream_uuid: "$all", subscription_name: "Identity.Projectors.UserRegistrationProjector", start_from: 0]}, 5000)
    ** (EXIT) %Postgrex.Error{message: nil, postgres: %{code: :undefined_column, line: "3721", message: "column i0.id does not exist", position: "8", file: "parse_relation.c", unknown: "ERROR", severity: "ERROR", pg_code: "42703", routine: "errorMissingColumn"}, connection_id: 3155, query: "SELECT i0.\"id\", i0.\"user_id\", i0.\"org_id\", i0.\"locale\", i0.\"timezone\", i0.\"notifications_enabled\", i0.\"created_at\", i0.\"updated_at\" FROM \"identity_user_settings\" AS i0 WHERE (i0.\"id\" = $1)"}
    (elixir 1.19.5) lib/gen_server.ex:1142: GenServer.call/3
    (commanded 1.4.9) lib/commanded/event_store.ex:289: anonymous fn/2 in Commanded.EventStore.span/3
    (telemetry 1.3.0) /Users/bernard/dev/nexus/deps/telemetry/src/telemetry.erl:324: :telemetry.span/3
    (commanded 1.4.9) lib/commanded/event_store/subscription.ex:58: Commanded.EventStore.Subscription.subscribe/2
    (commanded 1.4.9) lib/commanded/event/handler.ex:1024: Commanded.Event.Handler.subscribe_to_events/1
    (commanded 1.4.9) lib/commanded/event/handler.ex:887: Commanded.Event.Handler.handle_continue/2
    (stdlib 7.1) gen_server.erl:2424: :gen_server.try_handle_continue/3
    (stdlib 7.1) gen_server.erl:2291: :gen_server.loop/4
    (stdlib 7.1) proc_lib.erl:333: :proc_lib.init_p_do_apply/3
Last message: {:continue, :subscribe_to_events}
State: %Commanded.Event.Handler{application: Nexus.App, consistency: :strong, handler_callback: :event, handler_name: "Identity.Projectors.UserRegistrationProjector", handler_module: Nexus.Identity.Projectors.UserRegistrationProjector, handler_state: nil, last_seen_event: nil, subscription: %Commanded.EventStore.Subscription{application: Nexus.App, backoff: {:backoff, 1000, 60000, 1000, :jitter, :undefined, :undefined}, concurrency: 1, partition_by: nil, subscribe_to: :all, subscribe_from: :origin, subscription_name: "Identity.Projectors.UserRegistrationProjector", subscription_opts: [], subscription_pid: nil, subscription_ref: nil}, subscribe_timer: nil}
23:10:03.297 [debug] Subscription "Identity.Projectors.UserRegistrationProjector"@"$all" attempting to connect subscriber #PID<0.2907.0>
23:10:03.297 [debug] Subscription "Identity.Projectors.UserRegistrationProjector"@"$all" catching-up
23:10:03.297 [debug] Nexus.Identity.Projectors.UserRegistrationProjector has successfully subscribed to event store
23:10:03.311 [debug] Nexus.Identity.Projectors.UserRegistrationProjector received events: [%Commanded.EventStore.RecordedEvent{event_id: "282ec866-f518-44ed-95f6-7a535d6c3e25", event_number: 11262, stream_id: "019d0c26-0b00-74a0-bd6d-48329cf61a57", stream_version: 1, causation_id: "d64809a4-8402-4360-8536-99b7a0f860ca", correlation_id: "e0f4b4bb-483c-4914-aaaa-956d1587d67e", event_type: "Elixir.Nexus.Identity.Events.UserRegistered", data: %Nexus.Identity.Events.UserRegistered{user_id: "019d0c26-0b00-74a0-bd6d-48329cf61a57", org_id: "019d0c26-0b00-74a0-8884-24b7b734f296", email: "test@example.com", role: "system_admin", cose_key: "Ym9vdHN0cmFwX2Nvc2Vfa2V5", credential_id: "Ym9vdHN0cmFwX2NyZWRlbnRpYWxfaWQ=", registered_at: "2026-03-20T16:48:33.024173Z", display_name: "Test User", status: "active"}, created_at: ~U[2026-03-20 16:48:33.025211Z], metadata: %{"causation_id" => "019d0c26-0b00-71d0-a1d2-041f55e92cfc", "correlation_id" => "019d0c26-0b00-71d0-a1d2-041f55e92cfc"}}]
23:10:03.315 [debug] QUERY OK db=3.8ms
begin []
23:10:03.315 [debug] QUERY OK source="projection_versions" db=0.1ms
INSERT INTO "projection_versions" AS p0 ("projection_name","last_seen_event_number","inserted_at","updated_at") VALUES ($1,$2,$3,$4) ON CONFLICT ("projection_name") DO UPDATE SET "last_seen_event_number" = $5 WHERE ((p0."projection_name" = $6) AND (p0."last_seen_event_number" < $7)) ["Identity.Projectors.UserRegistrationProjector", 11262, ~N[2026-03-20 23:10:03.315299], ~N[2026-03-20 23:10:03.315299], 11262, "Identity.Projectors.UserRegistrationProjector", 11262]
23:10:03.315 [debug] QUERY OK source="users" db=0.0ms
SELECT u0."id", u0."org_id", u0."email", u0."display_name", u0."status", u0."cose_key", u0."credential_id", u0."roles", u0."created_at", u0."updated_at" FROM "users" AS u0 WHERE (u0."id" = $1) ["019d0c26-0b00-74a0-bd6d-48329cf61a57"]
23:10:03.315 [debug] QUERY OK source="users" db=0.0ms
SELECT u0."id", u0."org_id", u0."email", u0."display_name", u0."status", u0."cose_key", u0."credential_id", u0."roles", u0."created_at", u0."updated_at" FROM "users" AS u0 WHERE (u0."email" = $1) ["test@example.com"]
23:10:03.316 [debug] QUERY OK source="users" db=0.1ms
INSERT INTO "users" ("id","status","org_id","email","display_name","roles","cose_key","credential_id","created_at","updated_at") VALUES ($1,$2,$3,$4,$5,$6,$7,$8,$9,$10) ["019d0c26-0b00-74a0-bd6d-48329cf61a57", "active", "019d0c26-0b00-74a0-8884-24b7b734f296", "test@example.com", "Test User", ["system_admin"], "bootstrap_cose_key", "bootstrap_credential_id", ~U[2026-03-20 23:10:03.315844Z], ~U[2026-03-20 23:10:03.315844Z]]
23:10:03.316 [debug] QUERY ERROR source="identity_user_settings" db=0.0ms
SELECT i0."id", i0."user_id", i0."org_id", i0."locale", i0."timezone", i0."notifications_enabled", i0."created_at", i0."updated_at" FROM "identity_user_settings" AS i0 WHERE (i0."id" = $1) ["019d0c26-0b00-74a0-bd6d-48329cf61a57"]
23:10:03.316 [debug] QUERY OK db=0.1ms
rollback []
23:10:03.317 [error] Nexus.Identity.Projectors.UserRegistrationProjector failed to handle event:
%Commanded.EventStore.RecordedEvent{
  event_id: "282ec866-f518-44ed-95f6-7a535d6c3e25",
  event_number: 11262,
  stream_id: "019d0c26-0b00-74a0-bd6d-48329cf61a57",
  stream_version: 1,
  causation_id: "d64809a4-8402-4360-8536-99b7a0f860ca",
  correlation_id: "e0f4b4bb-483c-4914-aaaa-956d1587d67e",
  event_type: "Elixir.Nexus.Identity.Events.UserRegistered",
  data: %Nexus.Identity.Events.UserRegistered{
    user_id: "019d0c26-0b00-74a0-bd6d-48329cf61a57",
    org_id: "019d0c26-0b00-74a0-8884-24b7b734f296",
    email: "test@example.com",
    role: "system_admin",
    cose_key: "Ym9vdHN0cmFwX2Nvc2Vfa2V5",
    credential_id: "Ym9vdHN0cmFwX2NyZWRlbnRpYWxfaWQ=",
    registered_at: "2026-03-20T16:48:33.024173Z",
    display_name: "Test User",
    status: "active"
  },
  created_at: ~U[2026-03-20 16:48:33.025211Z],
  metadata: %{
    "causation_id" => "019d0c26-0b00-71d0-a1d2-041f55e92cfc",
    "correlation_id" => "019d0c26-0b00-71d0-a1d2-041f55e92cfc"
  }
}, due to:
** (Postgrex.Error) ERROR 42703 (undefined_column) column i0.id does not exist

    query: SELECT i0."id", i0."user_id", i0."org_id", i0."locale", i0."timezone", i0."notifications_enabled", i0."created_at", i0."updated_at" FROM "identity_user_settings" AS i0 WHERE (i0."id" = $1)
    (ecto_sql 3.13.4) lib/ecto/adapters/sql.ex:1113: Ecto.Adapters.SQL.raise_sql_call_error/1
    (ecto_sql 3.13.4) lib/ecto/adapters/sql.ex:1011: Ecto.Adapters.SQL.execute/6
    (ecto 3.13.5) lib/ecto/repo/queryable.ex:241: Ecto.Repo.Queryable.execute/4
    (ecto 3.13.5) lib/ecto/repo/queryable.ex:19: Ecto.Repo.Queryable.all/3
    (ecto 3.13.5) lib/ecto/repo/queryable.ex:163: Ecto.Repo.Queryable.one/3
    (nexus 0.1.0) lib/nexus/identity/projectors/user_registration_projector.ex:53: anonymous fn/3 in Nexus.Identity.Projectors.UserRegistrationProjector.project_registration/3
    (ecto 3.13.5) lib/ecto/multi.ex:905: Ecto.Multi.apply_operation/5
    (elixir 1.19.5) lib/enum.ex:2520: Enum."-reduce/3-lists^foldl/2-0-"/3
    (ecto 3.13.5) lib/ecto/multi.ex:878: anonymous fn/5 in Ecto.Multi.apply_operations/5
    (ecto_sql 3.13.4) lib/ecto/adapters/sql.ex:1473: anonymous fn/3 in Ecto.Adapters.SQL.checkout_or_transaction/4
    (db_connection 2.9.0) lib/db_connection.ex:1747: DBConnection.run_transaction/4
    (ecto 3.13.5) lib/ecto/repo/transaction.ex:30: Ecto.Repo.Transaction.transact/4
    (nexus 0.1.0) deps/commanded_ecto_projections/lib/projections/ecto.ex:97: Nexus.Identity.Projectors.UserRegistrationProjector.update_projection/3
    (commanded 1.4.9) lib/commanded/event/handler.ex:1221: Commanded.Event.Handler.delegate_event_to_handler/2
    (commanded 1.4.9) lib/commanded/event/handler.ex:1062: Commanded.Event.Handler.handle_event/3
    (elixir 1.19.5) lib/enum.ex:2520: Enum."-reduce/3-lists^foldl/2-0-"/3
    (commanded 1.4.9) lib/commanded/event/handler.ex:969: Commanded.Event.Handler.handle_info/2
    (stdlib 7.1) gen_server.erl:2434: :gen_server.try_handle_info/3
    (stdlib 7.1) gen_server.erl:2420: :gen_server.handle_msg/3
    (stdlib 7.1) proc_lib.erl:333: :proc_lib.init_p_do_apply/3

23:10:03.317 [warning] Nexus.Identity.Projectors.UserRegistrationProjector has requested to stop: %Postgrex.Error{message: nil, postgres: %{code: :undefined_column, line: "3721", message: "column i0.id does not exist", position: "8", file: "parse_relation.c", unknown: "ERROR", severity: "ERROR", pg_code: "42703", routine: "errorMissingColumn"}, connection_id: 3155, query: "SELECT i0.\"id\", i0.\"user_id\", i0.\"org_id\", i0.\"locale\", i0.\"timezone\", i0.\"notifications_enabled\", i0.\"created_at\", i0.\"updated_at\" FROM \"identity_user_settings\" AS i0 WHERE (i0.\"id\" = $1)"}
23:10:03.317 [debug] Nexus.Identity.Projectors.UserRegistrationProjector is shutting down due to %Postgrex.Error{message: nil, postgres: %{code: :undefined_column, line: "3721", message: "column i0.id does not exist", position: "8", file: "parse_relation.c", unknown: "ERROR", severity: "ERROR", pg_code: "42703", routine: "errorMissingColumn"}, connection_id: 3155, query: "SELECT i0.\"id\", i0.\"user_id\", i0.\"org_id\", i0.\"locale\", i0.\"timezone\", i0.\"notifications_enabled\", i0.\"created_at\", i0.\"updated_at\" FROM \"identity_user_settings\" AS i0 WHERE (i0.\"id\" = $1)"}
23:10:03.317 [error] GenServer {Nexus.App.LocalRegistry, {Nexus.App, Commanded.Event.Handler, "Identity.Projectors.UserRegistrationProjector"}} terminating
** (stop) %Postgrex.Error{message: nil, postgres: %{code: :undefined_column, line: "3721", message: "column i0.id does not exist", position: "8", file: "parse_relation.c", unknown: "ERROR", severity: "ERROR", pg_code: "42703", routine: "errorMissingColumn"}, connection_id: 3155, query: "SELECT i0.\"id\", i0.\"user_id\", i0.\"org_id\", i0.\"locale\", i0.\"timezone\", i0.\"notifications_enabled\", i0.\"created_at\", i0.\"updated_at\" FROM \"identity_user_settings\" AS i0 WHERE (i0.\"id\" = $1)"}
Last message: {:events, [%Commanded.EventStore.RecordedEvent{event_id: "282ec866-f518-44ed-95f6-7a535d6c3e25", event_number: 11262, stream_id: "019d0c26-0b00-74a0-bd6d-48329cf61a57", stream_version: 1, causation_id: "d64809a4-8402-4360-8536-99b7a0f860ca", correlation_id: "e0f4b4bb-483c-4914-aaaa-956d1587d67e", event_type: "Elixir.Nexus.Identity.Events.UserRegistered", data: %Nexus.Identity.Events.UserRegistered{user_id: "019d0c26-0b00-74a0-bd6d-48329cf61a57", org_id: "019d0c26-0b00-74a0-8884-24b7b734f296", email: "test@example.com", role: "system_admin", cose_key: "Ym9vdHN0cmFwX2Nvc2Vfa2V5", credential_id: "Ym9vdHN0cmFwX2NyZWRlbnRpYWxfaWQ=", registered_at: "2026-03-20T16:48:33.024173Z", display_name: "Test User", status: "active"}, created_at: ~U[2026-03-20 16:48:33.025211Z], metadata: %{"causation_id" => "019d0c26-0b00-71d0-a1d2-041f55e92cfc", "correlation_id" => "019d0c26-0b00-71d0-a1d2-041f55e92cfc"}}]}
State: %Commanded.Event.Handler{application: Nexus.App, consistency: :strong, handler_callback: :event, handler_name: "Identity.Projectors.UserRegistrationProjector", handler_module: Nexus.Identity.Projectors.UserRegistrationProjector, handler_state: nil, last_seen_event: nil, subscription: %Commanded.EventStore.Subscription{application: Nexus.App, backoff: {:backoff, 1000, 60000, 1000, :jitter, :undefined, :undefined}, concurrency: 1, partition_by: nil, subscribe_to: :all, subscribe_from: :origin, subscription_name: "Identity.Projectors.UserRegistrationProjector", subscription_opts: [], subscription_pid: #PID<0.2908.0>, subscription_ref: #Reference<0.504251661.3394502657.225934>}, subscribe_timer: nil}
23:10:03.317 [debug] Subscription "Identity.Projectors.UserRegistrationProjector"@"$all" subscriber #PID<0.2907.0> down due to: %Postgrex.Error{message: nil, postgres: %{code: :undefined_column, line: "3721", message: "column i0.id does not exist", position: "8", file: "parse_relation.c", unknown: "ERROR", severity: "ERROR", pg_code: "42703", routine: "errorMissingColumn"}, connection_id: 3155, query: "SELECT i0.\"id\", i0.\"user_id\", i0.\"org_id\", i0.\"locale\", i0.\"timezone\", i0.\"notifications_enabled\", i0.\"created_at\", i0.\"updated_at\" FROM \"identity_user_settings\" AS i0 WHERE (i0.\"id\" = $1)"}
23:10:03.317 [debug] Subscription "Identity.Projectors.UserRegistrationProjector"@"$all" has no subscribers, shutting down
23:10:03.317 [error] GenServer {Nexus.EventStore.EventStore.Subscriptions.Registry, {"$all", "Identity.Projectors.UserRegistrationProjector"}} terminating
** (stop) %Postgrex.Error{message: nil, postgres: %{code: :undefined_column, line: "3721", message: "column i0.id does not exist", position: "8", file: "parse_relation.c", unknown: "ERROR", severity: "ERROR", pg_code: "42703", routine: "errorMissingColumn"}, connection_id: 3155, query: "SELECT i0.\"id\", i0.\"user_id\", i0.\"org_id\", i0.\"locale\", i0.\"timezone\", i0.\"notifications_enabled\", i0.\"created_at\", i0.\"updated_at\" FROM \"identity_user_settings\" AS i0 WHERE (i0.\"id\" = $1)"}
Last message: {:DOWN, #Reference<0.504251661.3394502657.225927>, :process, #PID<0.2907.0>, %Postgrex.Error{message: nil, postgres: %{code: :undefined_column, line: "3721", message: "column i0.id does not exist", position: "8", file: "parse_relation.c", unknown: "ERROR", severity: "ERROR", pg_code: "42703", routine: "errorMissingColumn"}, connection_id: 3155, query: "SELECT i0.\"id\", i0.\"user_id\", i0.\"org_id\", i0.\"locale\", i0.\"timezone\", i0.\"notifications_enabled\", i0.\"created_at\", i0.\"updated_at\" FROM \"identity_user_settings\" AS i0 WHERE (i0.\"id\" = $1)"}}
State: %EventStore.Subscriptions.Subscription{stream_uuid: "$all", subscription_name: "Identity.Projectors.UserRegistrationProjector", subscription: %EventStore.Subscriptions.SubscriptionFsm{state: :unsubscribed, data: %EventStore.Subscriptions.SubscriptionState{conn: Nexus.EventStore.Postgrex, event_store: Nexus.EventStore, serializer: Commanded.Serialization.JsonSerializer, schema: "event_store", stream_uuid: "$all", start_from: 0, subscription_name: "Identity.Projectors.UserRegistrationProjector", subscription_id: 405, selector: nil, mapper: &Commanded.EventStore.Adapters.EventStore.Mapper.from_recorded_event/1, max_size: 1000, partition_by: nil, query_timeout: 15000, lock_ref: #Reference<0.504251661.3394502658.78159>, last_received: 12228, last_sent: 11262, last_ack: 11261, queue_size: 967, buffer_size: 1, checkpoint_after: 0, checkpoint_threshold: 1, checkpoint_timer_ref: nil, checkpoints_pending: 0, subscribers: %{}, partitions: %{nil: {[%EventStore.RecordedEvent{event_number: 12228, event_id: "09c135f3-e6cb-49bc-81c3-586b4a99fd72", stream_uuid: "ba9ba3da-fea6-48d9-9922-befe7026f5cc", stream_version: 3, correlation_id: "902485ee-cc53-4803-804a-6d742585af10", causation_id: "01922623-15ce-4222-be02-54e41f028373", event_type: "Elixir.Nexus.Identity.Events.SettingsUpdated", data: %Nexus.Identity.Events.SettingsUpdated{org_id: "59134142-de0c-401f-84cf-01b308e7beea", user_id: "ba9ba3da-fea6-48d9-9922-befe7026f5cc", locale: "fr", timezone: "Europe/Paris", notifications_enabled: true, updated_at: "2026-03-20T23:10:03.003466Z"}, metadata: %{"causation_id" => "019d0d83-50fb-76b9-b3c3-9f9ffff96169", "correlation_id" => "019d0d83-50fb-76b9-b3c3-9f9ffff96169"}, created_at: ~U[2026-03-20 23:10:03.004032Z]}, %EventStore.RecordedEvent{event_number: 12227, event_id: "2cb7e60f-876a-4b3d-a0cf-79ce787ffc73", stream_uuid: "ba9ba3da-fea6-48d9-9922-befe7026f5cc", stream_version: 2, correlation_id: "a1777de2-55b0-4c36-b14b-9bfd78376f7d", causation_id: "e52f51cf-cba6-4432-b5ca-53a579ec6263", event_type: "Elixir.Nexus.Identity.Events.SessionStarted", data: %Nexus.Identity.Events.SessionStarted{org_id: "59134142-de0c-401f-84cf-01b308e7beea", user_id: "ba9ba3da-fea6-48d9-9922-befe7026f5cc", session_id: "684b6bac-827a-4ceb-9861-846a2b7f892e", session_token: "mock-token", user_agent: "Mozilla/5.0 (Macintosh; Intel Mac OS X 10_15_7)", ip_address: "127.0.0.1", started_at: "2026-03-20T23:10:02.900974Z"}, metadata: %{"causation_id" => "019d0d83-5095-7a69-8847-4462525e408d", "correlation_id" => "019d0d83-5095-7a69-8847-4462525e408d"}, created_at: ~U[2026-03-20 23:10:02.901379Z]}, %EventStore.RecordedEvent{event_number: 12226, event_id: "c30b19ec-e929-472c-ac8b-a5a8711e9b70", stream_uuid: "ba9ba3da-fea6-48d9-9922-befe7026f5cc", stream_version: 1, correlation_id: "63930bf3-6d78-4bb8-965e-020e650c1443", causation_id: "fad08287-ca47-4012-b1b3-738e408b6cd2", event_type: "Elixir.Nexus.Identity.Events.UserRegistered", data: %Nexus.Identity.Events.UserRegistered{user_id: "ba9ba3da-fea6-48d9-9922-befe7026f5cc", org_id: "59134142-de0c-401f-84cf-01b308e7beea", email: "bernard-4558122c-37ba-45b3-ae3e-a2f7b861c40b@nexus.financial", role: "admin", cose_key: "bW9jaw==", credential_id: "bW9jaw==", registered_at: "2026-03-20T23:10:02.697332Z", display_name: "Bernard", status: "active"}, metadata: %{"causation_id" => "019d0d83-4fc9-7634-8690-906da3e4e15a", "correlation_id" => "019d0d83-4fc9-7634-8690-906da3e4e15a"}, created_at: ~U[2026-03-20 23:10:02.698223Z]}, %EventStore.RecordedEvent{event_number: 12225, event_id: "8338242a-cf94-4b71-aa99-a06cb12a5902", stream_uuid: "019d0d83-4d63-7c0f-8998-bde5f58f823e", stream_version: 3, correlation_id: "497bc4b2-89c2-447e-a743-b61b2ed2adbf", causation_id: "9c8c1acc-d317-4eff-b688-0480de89ec6a", ...}, ...], ...}}, ...}}, ...}
23:10:03.318 [debug] Nexus.Identity.Projectors.UserRegistrationProjector is shutting down due to {%Postgrex.Error{message: nil, postgres: %{code: :undefined_column, line: "3721", message: "column i0.id does not exist", position: "8", file: "parse_relation.c", unknown: "ERROR", severity: "ERROR", pg_code: "42703", routine: "errorMissingColumn"}, connection_id: 3155, query: "SELECT i0.\"id\", i0.\"user_id\", i0.\"org_id\", i0.\"locale\", i0.\"timezone\", i0.\"notifications_enabled\", i0.\"created_at\", i0.\"updated_at\" FROM \"identity_user_settings\" AS i0 WHERE (i0.\"id\" = $1)"}, {GenServer, :call, [#PID<0.2908.0>, {:connect, #PID<0.2909.0>, [retry_interval: 60000, hibernate_after: 15000, partition_by: nil, concurrency_limit: 1, name: Nexus.EventStore, mapper: &Commanded.EventStore.Adapters.EventStore.Mapper.from_recorded_event/1, conn: Nexus.EventStore.Postgrex, event_store: Nexus.EventStore, query_timeout: 15000, schema: "event_store", serializer: Commanded.Serialization.JsonSerializer, stream_uuid: "$all", subscription_name: "Identity.Projectors.UserRegistrationProjector", start_from: 0]}, 5000]}}
23:10:03.318 [error] GenServer {Nexus.App.LocalRegistry, {Nexus.App, Commanded.Event.Handler, "Identity.Projectors.UserRegistrationProjector"}} terminating
** (stop) exited in: GenServer.call(#PID<0.2908.0>, {:connect, #PID<0.2909.0>, [retry_interval: 60000, hibernate_after: 15000, partition_by: nil, concurrency_limit: 1, name: Nexus.EventStore, mapper: &Commanded.EventStore.Adapters.EventStore.Mapper.from_recorded_event/1, conn: Nexus.EventStore.Postgrex, event_store: Nexus.EventStore, query_timeout: 15000, schema: "event_store", serializer: Commanded.Serialization.JsonSerializer, stream_uuid: "$all", subscription_name: "Identity.Projectors.UserRegistrationProjector", start_from: 0]}, 5000)
    ** (EXIT) %Postgrex.Error{message: nil, postgres: %{code: :undefined_column, line: "3721", message: "column i0.id does not exist", position: "8", file: "parse_relation.c", unknown: "ERROR", severity: "ERROR", pg_code: "42703", routine: "errorMissingColumn"}, connection_id: 3155, query: "SELECT i0.\"id\", i0.\"user_id\", i0.\"org_id\", i0.\"locale\", i0.\"timezone\", i0.\"notifications_enabled\", i0.\"created_at\", i0.\"updated_at\" FROM \"identity_user_settings\" AS i0 WHERE (i0.\"id\" = $1)"}
    (elixir 1.19.5) lib/gen_server.ex:1142: GenServer.call/3
    (commanded 1.4.9) lib/commanded/event_store.ex:289: anonymous fn/2 in Commanded.EventStore.span/3
    (telemetry 1.3.0) /Users/bernard/dev/nexus/deps/telemetry/src/telemetry.erl:324: :telemetry.span/3
    (commanded 1.4.9) lib/commanded/event_store/subscription.ex:58: Commanded.EventStore.Subscription.subscribe/2
    (commanded 1.4.9) lib/commanded/event/handler.ex:1024: Commanded.Event.Handler.subscribe_to_events/1
    (commanded 1.4.9) lib/commanded/event/handler.ex:887: Commanded.Event.Handler.handle_continue/2
    (stdlib 7.1) gen_server.erl:2424: :gen_server.try_handle_continue/3
    (stdlib 7.1) gen_server.erl:2291: :gen_server.loop/4
    (stdlib 7.1) proc_lib.erl:333: :proc_lib.init_p_do_apply/3
Last message: {:continue, :subscribe_to_events}
State: %Commanded.Event.Handler{application: Nexus.App, consistency: :strong, handler_callback: :event, handler_name: "Identity.Projectors.UserRegistrationProjector", handler_module: Nexus.Identity.Projectors.UserRegistrationProjector, handler_state: nil, last_seen_event: nil, subscription: %Commanded.EventStore.Subscription{application: Nexus.App, backoff: {:backoff, 1000, 60000, 1000, :jitter, :undefined, :undefined}, concurrency: 1, partition_by: nil, subscribe_to: :all, subscribe_from: :origin, subscription_name: "Identity.Projectors.UserRegistrationProjector", subscription_opts: [], subscription_pid: nil, subscription_ref: nil}, subscribe_timer: nil}
23:10:03.318 [debug] Subscription "Identity.Projectors.UserRegistrationProjector"@"$all" attempting to connect subscriber #PID<0.2910.0>
23:10:03.319 [debug] Subscription "Identity.Projectors.UserRegistrationProjector"@"$all" catching-up
23:10:03.319 [debug] Nexus.Identity.Projectors.UserRegistrationProjector has successfully subscribed to event store
23:10:03.332 [debug] Nexus.Identity.Projectors.UserRegistrationProjector received events: [%Commanded.EventStore.RecordedEvent{event_id: "282ec866-f518-44ed-95f6-7a535d6c3e25", event_number: 11262, stream_id: "019d0c26-0b00-74a0-bd6d-48329cf61a57", stream_version: 1, causation_id: "d64809a4-8402-4360-8536-99b7a0f860ca", correlation_id: "e0f4b4bb-483c-4914-aaaa-956d1587d67e", event_type: "Elixir.Nexus.Identity.Events.UserRegistered", data: %Nexus.Identity.Events.UserRegistered{user_id: "019d0c26-0b00-74a0-bd6d-48329cf61a57", org_id: "019d0c26-0b00-74a0-8884-24b7b734f296", email: "test@example.com", role: "system_admin", cose_key: "Ym9vdHN0cmFwX2Nvc2Vfa2V5", credential_id: "Ym9vdHN0cmFwX2NyZWRlbnRpYWxfaWQ=", registered_at: "2026-03-20T16:48:33.024173Z", display_name: "Test User", status: "active"}, created_at: ~U[2026-03-20 16:48:33.025211Z], metadata: %{"causation_id" => "019d0c26-0b00-71d0-a1d2-041f55e92cfc", "correlation_id" => "019d0c26-0b00-71d0-a1d2-041f55e92cfc"}}]
23:10:03.332 [debug] QUERY OK db=0.1ms
begin []
23:10:03.333 [debug] QUERY OK source="projection_versions" db=0.1ms
INSERT INTO "projection_versions" AS p0 ("projection_name","last_seen_event_number","inserted_at","updated_at") VALUES ($1,$2,$3,$4) ON CONFLICT ("projection_name") DO UPDATE SET "last_seen_event_number" = $5 WHERE ((p0."projection_name" = $6) AND (p0."last_seen_event_number" < $7)) ["Identity.Projectors.UserRegistrationProjector", 11262, ~N[2026-03-20 23:10:03.332759], ~N[2026-03-20 23:10:03.332759], 11262, "Identity.Projectors.UserRegistrationProjector", 11262]
23:10:03.333 [debug] QUERY OK source="users" db=0.1ms
SELECT u0."id", u0."org_id", u0."email", u0."display_name", u0."status", u0."cose_key", u0."credential_id", u0."roles", u0."created_at", u0."updated_at" FROM "users" AS u0 WHERE (u0."id" = $1) ["019d0c26-0b00-74a0-bd6d-48329cf61a57"]
23:10:03.333 [debug] QUERY OK source="users" db=0.1ms
SELECT u0."id", u0."org_id", u0."email", u0."display_name", u0."status", u0."cose_key", u0."credential_id", u0."roles", u0."created_at", u0."updated_at" FROM "users" AS u0 WHERE (u0."email" = $1) ["test@example.com"]
23:10:03.333 [debug] QUERY OK source="users" db=0.1ms
INSERT INTO "users" ("id","status","org_id","email","display_name","roles","cose_key","credential_id","created_at","updated_at") VALUES ($1,$2,$3,$4,$5,$6,$7,$8,$9,$10) ["019d0c26-0b00-74a0-bd6d-48329cf61a57", "active", "019d0c26-0b00-74a0-8884-24b7b734f296", "test@example.com", "Test User", ["system_admin"], "bootstrap_cose_key", "bootstrap_credential_id", ~U[2026-03-20 23:10:03.333571Z], ~U[2026-03-20 23:10:03.333571Z]]
23:10:03.333 [debug] QUERY ERROR source="identity_user_settings" db=0.0ms
SELECT i0."id", i0."user_id", i0."org_id", i0."locale", i0."timezone", i0."notifications_enabled", i0."created_at", i0."updated_at" FROM "identity_user_settings" AS i0 WHERE (i0."id" = $1) ["019d0c26-0b00-74a0-bd6d-48329cf61a57"]
23:10:03.334 [debug] QUERY OK db=0.1ms
rollback []
23:10:03.335 [error] Nexus.Identity.Projectors.UserRegistrationProjector failed to handle event:
%Commanded.EventStore.RecordedEvent{
  event_id: "282ec866-f518-44ed-95f6-7a535d6c3e25",
  event_number: 11262,
  stream_id: "019d0c26-0b00-74a0-bd6d-48329cf61a57",
  stream_version: 1,
  causation_id: "d64809a4-8402-4360-8536-99b7a0f860ca",
  correlation_id: "e0f4b4bb-483c-4914-aaaa-956d1587d67e",
  event_type: "Elixir.Nexus.Identity.Events.UserRegistered",
  data: %Nexus.Identity.Events.UserRegistered{
    user_id: "019d0c26-0b00-74a0-bd6d-48329cf61a57",
    org_id: "019d0c26-0b00-74a0-8884-24b7b734f296",
    email: "test@example.com",
    role: "system_admin",
    cose_key: "Ym9vdHN0cmFwX2Nvc2Vfa2V5",
    credential_id: "Ym9vdHN0cmFwX2NyZWRlbnRpYWxfaWQ=",
    registered_at: "2026-03-20T16:48:33.024173Z",
    display_name: "Test User",
    status: "active"
  },
  created_at: ~U[2026-03-20 16:48:33.025211Z],
  metadata: %{
    "causation_id" => "019d0c26-0b00-71d0-a1d2-041f55e92cfc",
    "correlation_id" => "019d0c26-0b00-71d0-a1d2-041f55e92cfc"
  }
}, due to:
** (Postgrex.Error) ERROR 42703 (undefined_column) column i0.id does not exist

    query: SELECT i0."id", i0."user_id", i0."org_id", i0."locale", i0."timezone", i0."notifications_enabled", i0."created_at", i0."updated_at" FROM "identity_user_settings" AS i0 WHERE (i0."id" = $1)
    (ecto_sql 3.13.4) lib/ecto/adapters/sql.ex:1113: Ecto.Adapters.SQL.raise_sql_call_error/1
    (ecto_sql 3.13.4) lib/ecto/adapters/sql.ex:1011: Ecto.Adapters.SQL.execute/6
    (ecto 3.13.5) lib/ecto/repo/queryable.ex:241: Ecto.Repo.Queryable.execute/4
    (ecto 3.13.5) lib/ecto/repo/queryable.ex:19: Ecto.Repo.Queryable.all/3
    (ecto 3.13.5) lib/ecto/repo/queryable.ex:163: Ecto.Repo.Queryable.one/3
    (nexus 0.1.0) lib/nexus/identity/projectors/user_registration_projector.ex:53: anonymous fn/3 in Nexus.Identity.Projectors.UserRegistrationProjector.project_registration/3
    (ecto 3.13.5) lib/ecto/multi.ex:905: Ecto.Multi.apply_operation/5
    (elixir 1.19.5) lib/enum.ex:2520: Enum."-reduce/3-lists^foldl/2-0-"/3
    (ecto 3.13.5) lib/ecto/multi.ex:878: anonymous fn/5 in Ecto.Multi.apply_operations/5
    (ecto_sql 3.13.4) lib/ecto/adapters/sql.ex:1473: anonymous fn/3 in Ecto.Adapters.SQL.checkout_or_transaction/4
    (db_connection 2.9.0) lib/db_connection.ex:1747: DBConnection.run_transaction/4
    (ecto 3.13.5) lib/ecto/repo/transaction.ex:30: Ecto.Repo.Transaction.transact/4
    (nexus 0.1.0) deps/commanded_ecto_projections/lib/projections/ecto.ex:97: Nexus.Identity.Projectors.UserRegistrationProjector.update_projection/3
    (commanded 1.4.9) lib/commanded/event/handler.ex:1221: Commanded.Event.Handler.delegate_event_to_handler/2
    (commanded 1.4.9) lib/commanded/event/handler.ex:1062: Commanded.Event.Handler.handle_event/3
    (elixir 1.19.5) lib/enum.ex:2520: Enum."-reduce/3-lists^foldl/2-0-"/3
    (commanded 1.4.9) lib/commanded/event/handler.ex:969: Commanded.Event.Handler.handle_info/2
    (stdlib 7.1) gen_server.erl:2434: :gen_server.try_handle_info/3
    (stdlib 7.1) gen_server.erl:2420: :gen_server.handle_msg/3
    (stdlib 7.1) proc_lib.erl:333: :proc_lib.init_p_do_apply/3

23:10:03.335 [warning] Nexus.Identity.Projectors.UserRegistrationProjector has requested to stop: %Postgrex.Error{message: nil, postgres: %{code: :undefined_column, line: "3721", message: "column i0.id does not exist", position: "8", file: "parse_relation.c", unknown: "ERROR", severity: "ERROR", pg_code: "42703", routine: "errorMissingColumn"}, connection_id: 3155, query: "SELECT i0.\"id\", i0.\"user_id\", i0.\"org_id\", i0.\"locale\", i0.\"timezone\", i0.\"notifications_enabled\", i0.\"created_at\", i0.\"updated_at\" FROM \"identity_user_settings\" AS i0 WHERE (i0.\"id\" = $1)"}
23:10:03.335 [debug] Nexus.Identity.Projectors.UserRegistrationProjector is shutting down due to %Postgrex.Error{message: nil, postgres: %{code: :undefined_column, line: "3721", message: "column i0.id does not exist", position: "8", file: "parse_relation.c", unknown: "ERROR", severity: "ERROR", pg_code: "42703", routine: "errorMissingColumn"}, connection_id: 3155, query: "SELECT i0.\"id\", i0.\"user_id\", i0.\"org_id\", i0.\"locale\", i0.\"timezone\", i0.\"notifications_enabled\", i0.\"created_at\", i0.\"updated_at\" FROM \"identity_user_settings\" AS i0 WHERE (i0.\"id\" = $1)"}
23:10:03.335 [error] GenServer {Nexus.App.LocalRegistry, {Nexus.App, Commanded.Event.Handler, "Identity.Projectors.UserRegistrationProjector"}} terminating
** (stop) %Postgrex.Error{message: nil, postgres: %{code: :undefined_column, line: "3721", message: "column i0.id does not exist", position: "8", file: "parse_relation.c", unknown: "ERROR", severity: "ERROR", pg_code: "42703", routine: "errorMissingColumn"}, connection_id: 3155, query: "SELECT i0.\"id\", i0.\"user_id\", i0.\"org_id\", i0.\"locale\", i0.\"timezone\", i0.\"notifications_enabled\", i0.\"created_at\", i0.\"updated_at\" FROM \"identity_user_settings\" AS i0 WHERE (i0.\"id\" = $1)"}
Last message: {:events, [%Commanded.EventStore.RecordedEvent{event_id: "282ec866-f518-44ed-95f6-7a535d6c3e25", event_number: 11262, stream_id: "019d0c26-0b00-74a0-bd6d-48329cf61a57", stream_version: 1, causation_id: "d64809a4-8402-4360-8536-99b7a0f860ca", correlation_id: "e0f4b4bb-483c-4914-aaaa-956d1587d67e", event_type: "Elixir.Nexus.Identity.Events.UserRegistered", data: %Nexus.Identity.Events.UserRegistered{user_id: "019d0c26-0b00-74a0-bd6d-48329cf61a57", org_id: "019d0c26-0b00-74a0-8884-24b7b734f296", email: "test@example.com", role: "system_admin", cose_key: "Ym9vdHN0cmFwX2Nvc2Vfa2V5", credential_id: "Ym9vdHN0cmFwX2NyZWRlbnRpYWxfaWQ=", registered_at: "2026-03-20T16:48:33.024173Z", display_name: "Test User", status: "active"}, created_at: ~U[2026-03-20 16:48:33.025211Z], metadata: %{"causation_id" => "019d0c26-0b00-71d0-a1d2-041f55e92cfc", "correlation_id" => "019d0c26-0b00-71d0-a1d2-041f55e92cfc"}}]}
State: %Commanded.Event.Handler{application: Nexus.App, consistency: :strong, handler_callback: :event, handler_name: "Identity.Projectors.UserRegistrationProjector", handler_module: Nexus.Identity.Projectors.UserRegistrationProjector, handler_state: nil, last_seen_event: nil, subscription: %Commanded.EventStore.Subscription{application: Nexus.App, backoff: {:backoff, 1000, 60000, 1000, :jitter, :undefined, :undefined}, concurrency: 1, partition_by: nil, subscribe_to: :all, subscribe_from: :origin, subscription_name: "Identity.Projectors.UserRegistrationProjector", subscription_opts: [], subscription_pid: #PID<0.2911.0>, subscription_ref: #Reference<0.504251661.3394502658.78256>}, subscribe_timer: nil}
23:10:03.335 [debug] Subscription "Identity.Projectors.UserRegistrationProjector"@"$all" subscriber #PID<0.2910.0> down due to: %Postgrex.Error{message: nil, postgres: %{code: :undefined_column, line: "3721", message: "column i0.id does not exist", position: "8", file: "parse_relation.c", unknown: "ERROR", severity: "ERROR", pg_code: "42703", routine: "errorMissingColumn"}, connection_id: 3155, query: "SELECT i0.\"id\", i0.\"user_id\", i0.\"org_id\", i0.\"locale\", i0.\"timezone\", i0.\"notifications_enabled\", i0.\"created_at\", i0.\"updated_at\" FROM \"identity_user_settings\" AS i0 WHERE (i0.\"id\" = $1)"}
23:10:03.335 [debug] Subscription "Identity.Projectors.UserRegistrationProjector"@"$all" has no subscribers, shutting down
23:10:03.335 [error] GenServer {Nexus.EventStore.EventStore.Subscriptions.Registry, {"$all", "Identity.Projectors.UserRegistrationProjector"}} terminating
** (stop) %Postgrex.Error{message: nil, postgres: %{code: :undefined_column, line: "3721", message: "column i0.id does not exist", position: "8", file: "parse_relation.c", unknown: "ERROR", severity: "ERROR", pg_code: "42703", routine: "errorMissingColumn"}, connection_id: 3155, query: "SELECT i0.\"id\", i0.\"user_id\", i0.\"org_id\", i0.\"locale\", i0.\"timezone\", i0.\"notifications_enabled\", i0.\"created_at\", i0.\"updated_at\" FROM \"identity_user_settings\" AS i0 WHERE (i0.\"id\" = $1)"}
Last message: {:DOWN, #Reference<0.504251661.3394502658.78254>, :process, #PID<0.2910.0>, %Postgrex.Error{message: nil, postgres: %{code: :undefined_column, line: "3721", message: "column i0.id does not exist", position: "8", file: "parse_relation.c", unknown: "ERROR", severity: "ERROR", pg_code: "42703", routine: "errorMissingColumn"}, connection_id: 3155, query: "SELECT i0.\"id\", i0.\"user_id\", i0.\"org_id\", i0.\"locale\", i0.\"timezone\", i0.\"notifications_enabled\", i0.\"created_at\", i0.\"updated_at\" FROM \"identity_user_settings\" AS i0 WHERE (i0.\"id\" = $1)"}}
State: %EventStore.Subscriptions.Subscription{stream_uuid: "$all", subscription_name: "Identity.Projectors.UserRegistrationProjector", subscription: %EventStore.Subscriptions.SubscriptionFsm{state: :unsubscribed, data: %EventStore.Subscriptions.SubscriptionState{conn: Nexus.EventStore.Postgrex, event_store: Nexus.EventStore, serializer: Commanded.Serialization.JsonSerializer, schema: "event_store", stream_uuid: "$all", start_from: 0, subscription_name: "Identity.Projectors.UserRegistrationProjector", subscription_id: 405, selector: nil, mapper: &Commanded.EventStore.Adapters.EventStore.Mapper.from_recorded_event/1, max_size: 1000, partition_by: nil, query_timeout: 15000, lock_ref: #Reference<0.504251661.3394502657.226131>, last_received: 12228, last_sent: 11262, last_ack: 11261, queue_size: 967, buffer_size: 1, checkpoint_after: 0, checkpoint_threshold: 1, checkpoint_timer_ref: nil, checkpoints_pending: 0, subscribers: %{}, partitions: %{nil: {[%EventStore.RecordedEvent{event_number: 12228, event_id: "09c135f3-e6cb-49bc-81c3-586b4a99fd72", stream_uuid: "ba9ba3da-fea6-48d9-9922-befe7026f5cc", stream_version: 3, correlation_id: "902485ee-cc53-4803-804a-6d742585af10", causation_id: "01922623-15ce-4222-be02-54e41f028373", event_type: "Elixir.Nexus.Identity.Events.SettingsUpdated", data: %Nexus.Identity.Events.SettingsUpdated{org_id: "59134142-de0c-401f-84cf-01b308e7beea", user_id: "ba9ba3da-fea6-48d9-9922-befe7026f5cc", locale: "fr", timezone: "Europe/Paris", notifications_enabled: true, updated_at: "2026-03-20T23:10:03.003466Z"}, metadata: %{"causation_id" => "019d0d83-50fb-76b9-b3c3-9f9ffff96169", "correlation_id" => "019d0d83-50fb-76b9-b3c3-9f9ffff96169"}, created_at: ~U[2026-03-20 23:10:03.004032Z]}, %EventStore.RecordedEvent{event_number: 12227, event_id: "2cb7e60f-876a-4b3d-a0cf-79ce787ffc73", stream_uuid: "ba9ba3da-fea6-48d9-9922-befe7026f5cc", stream_version: 2, correlation_id: "a1777de2-55b0-4c36-b14b-9bfd78376f7d", causation_id: "e52f51cf-cba6-4432-b5ca-53a579ec6263", event_type: "Elixir.Nexus.Identity.Events.SessionStarted", data: %Nexus.Identity.Events.SessionStarted{org_id: "59134142-de0c-401f-84cf-01b308e7beea", user_id: "ba9ba3da-fea6-48d9-9922-befe7026f5cc", session_id: "684b6bac-827a-4ceb-9861-846a2b7f892e", session_token: "mock-token", user_agent: "Mozilla/5.0 (Macintosh; Intel Mac OS X 10_15_7)", ip_address: "127.0.0.1", started_at: "2026-03-20T23:10:02.900974Z"}, metadata: %{"causation_id" => "019d0d83-5095-7a69-8847-4462525e408d", "correlation_id" => "019d0d83-5095-7a69-8847-4462525e408d"}, created_at: ~U[2026-03-20 23:10:02.901379Z]}, %EventStore.RecordedEvent{event_number: 12226, event_id: "c30b19ec-e929-472c-ac8b-a5a8711e9b70", stream_uuid: "ba9ba3da-fea6-48d9-9922-befe7026f5cc", stream_version: 1, correlation_id: "63930bf3-6d78-4bb8-965e-020e650c1443", causation_id: "fad08287-ca47-4012-b1b3-738e408b6cd2", event_type: "Elixir.Nexus.Identity.Events.UserRegistered", data: %Nexus.Identity.Events.UserRegistered{user_id: "ba9ba3da-fea6-48d9-9922-befe7026f5cc", org_id: "59134142-de0c-401f-84cf-01b308e7beea", email: "bernard-4558122c-37ba-45b3-ae3e-a2f7b861c40b@nexus.financial", role: "admin", cose_key: "bW9jaw==", credential_id: "bW9jaw==", registered_at: "2026-03-20T23:10:02.697332Z", display_name: "Bernard", status: "active"}, metadata: %{"causation_id" => "019d0d83-4fc9-7634-8690-906da3e4e15a", "correlation_id" => "019d0d83-4fc9-7634-8690-906da3e4e15a"}, created_at: ~U[2026-03-20 23:10:02.698223Z]}, %EventStore.RecordedEvent{event_number: 12225, event_id: "8338242a-cf94-4b71-aa99-a06cb12a5902", stream_uuid: "019d0d83-4d63-7c0f-8998-bde5f58f823e", stream_version: 3, correlation_id: "497bc4b2-89c2-447e-a743-b61b2ed2adbf", causation_id: "9c8c1acc-d317-4eff-b688-0480de89ec6a", ...}, ...], ...}}, ...}}, ...}
23:10:03.336 [debug] Nexus.Identity.Projectors.UserRegistrationProjector is shutting down due to {%Postgrex.Error{message: nil, postgres: %{code: :undefined_column, line: "3721", message: "column i0.id does not exist", position: "8", file: "parse_relation.c", unknown: "ERROR", severity: "ERROR", pg_code: "42703", routine: "errorMissingColumn"}, connection_id: 3155, query: "SELECT i0.\"id\", i0.\"user_id\", i0.\"org_id\", i0.\"locale\", i0.\"timezone\", i0.\"notifications_enabled\", i0.\"created_at\", i0.\"updated_at\" FROM \"identity_user_settings\" AS i0 WHERE (i0.\"id\" = $1)"}, {GenServer, :call, [#PID<0.2911.0>, {:connect, #PID<0.2912.0>, [retry_interval: 60000, hibernate_after: 15000, partition_by: nil, concurrency_limit: 1, name: Nexus.EventStore, mapper: &Commanded.EventStore.Adapters.EventStore.Mapper.from_recorded_event/1, conn: Nexus.EventStore.Postgrex, event_store: Nexus.EventStore, query_timeout: 15000, schema: "event_store", serializer: Commanded.Serialization.JsonSerializer, stream_uuid: "$all", subscription_name: "Identity.Projectors.UserRegistrationProjector", start_from: 0]}, 5000]}}
23:10:03.336 [error] GenServer {Nexus.App.LocalRegistry, {Nexus.App, Commanded.Event.Handler, "Identity.Projectors.UserRegistrationProjector"}} terminating
** (stop) exited in: GenServer.call(#PID<0.2911.0>, {:connect, #PID<0.2912.0>, [retry_interval: 60000, hibernate_after: 15000, partition_by: nil, concurrency_limit: 1, name: Nexus.EventStore, mapper: &Commanded.EventStore.Adapters.EventStore.Mapper.from_recorded_event/1, conn: Nexus.EventStore.Postgrex, event_store: Nexus.EventStore, query_timeout: 15000, schema: "event_store", serializer: Commanded.Serialization.JsonSerializer, stream_uuid: "$all", subscription_name: "Identity.Projectors.UserRegistrationProjector", start_from: 0]}, 5000)
    ** (EXIT) %Postgrex.Error{message: nil, postgres: %{code: :undefined_column, line: "3721", message: "column i0.id does not exist", position: "8", file: "parse_relation.c", unknown: "ERROR", severity: "ERROR", pg_code: "42703", routine: "errorMissingColumn"}, connection_id: 3155, query: "SELECT i0.\"id\", i0.\"user_id\", i0.\"org_id\", i0.\"locale\", i0.\"timezone\", i0.\"notifications_enabled\", i0.\"created_at\", i0.\"updated_at\" FROM \"identity_user_settings\" AS i0 WHERE (i0.\"id\" = $1)"}
    (elixir 1.19.5) lib/gen_server.ex:1142: GenServer.call/3
    (commanded 1.4.9) lib/commanded/event_store.ex:289: anonymous fn/2 in Commanded.EventStore.span/3
    (telemetry 1.3.0) /Users/bernard/dev/nexus/deps/telemetry/src/telemetry.erl:324: :telemetry.span/3
    (commanded 1.4.9) lib/commanded/event_store/subscription.ex:58: Commanded.EventStore.Subscription.subscribe/2
    (commanded 1.4.9) lib/commanded/event/handler.ex:1024: Commanded.Event.Handler.subscribe_to_events/1
    (commanded 1.4.9) lib/commanded/event/handler.ex:887: Commanded.Event.Handler.handle_continue/2
    (stdlib 7.1) gen_server.erl:2424: :gen_server.try_handle_continue/3
    (stdlib 7.1) gen_server.erl:2291: :gen_server.loop/4
    (stdlib 7.1) proc_lib.erl:333: :proc_lib.init_p_do_apply/3
Last message: {:continue, :subscribe_to_events}
State: %Commanded.Event.Handler{application: Nexus.App, consistency: :strong, handler_callback: :event, handler_name: "Identity.Projectors.UserRegistrationProjector", handler_module: Nexus.Identity.Projectors.UserRegistrationProjector, handler_state: nil, last_seen_event: nil, subscription: %Commanded.EventStore.Subscription{application: Nexus.App, backoff: {:backoff, 1000, 60000, 1000, :jitter, :undefined, :undefined}, concurrency: 1, partition_by: nil, subscribe_to: :all, subscribe_from: :origin, subscription_name: "Identity.Projectors.UserRegistrationProjector", subscription_opts: [], subscription_pid: nil, subscription_ref: nil}, subscribe_timer: nil}
23:10:03.336 [debug] Subscription "Identity.Projectors.UserRegistrationProjector"@"$all" attempting to connect subscriber #PID<0.2913.0>
23:10:03.337 [debug] Subscription "Identity.Projectors.UserRegistrationProjector"@"$all" catching-up
23:10:03.337 [debug] Nexus.Identity.Projectors.UserRegistrationProjector has successfully subscribed to event store
23:10:03.349 [debug] Nexus.Identity.Projectors.UserRegistrationProjector received events: [%Commanded.EventStore.RecordedEvent{event_id: "282ec866-f518-44ed-95f6-7a535d6c3e25", event_number: 11262, stream_id: "019d0c26-0b00-74a0-bd6d-48329cf61a57", stream_version: 1, causation_id: "d64809a4-8402-4360-8536-99b7a0f860ca", correlation_id: "e0f4b4bb-483c-4914-aaaa-956d1587d67e", event_type: "Elixir.Nexus.Identity.Events.UserRegistered", data: %Nexus.Identity.Events.UserRegistered{user_id: "019d0c26-0b00-74a0-bd6d-48329cf61a57", org_id: "019d0c26-0b00-74a0-8884-24b7b734f296", email: "test@example.com", role: "system_admin", cose_key: "Ym9vdHN0cmFwX2Nvc2Vfa2V5", credential_id: "Ym9vdHN0cmFwX2NyZWRlbnRpYWxfaWQ=", registered_at: "2026-03-20T16:48:33.024173Z", display_name: "Test User", status: "active"}, created_at: ~U[2026-03-20 16:48:33.025211Z], metadata: %{"causation_id" => "019d0c26-0b00-71d0-a1d2-041f55e92cfc", "correlation_id" => "019d0c26-0b00-71d0-a1d2-041f55e92cfc"}}]
23:10:03.349 [debug] QUERY OK db=0.2ms
begin []
23:10:03.350 [debug] QUERY OK source="projection_versions" db=0.2ms
INSERT INTO "projection_versions" AS p0 ("projection_name","last_seen_event_number","inserted_at","updated_at") VALUES ($1,$2,$3,$4) ON CONFLICT ("projection_name") DO UPDATE SET "last_seen_event_number" = $5 WHERE ((p0."projection_name" = $6) AND (p0."last_seen_event_number" < $7)) ["Identity.Projectors.UserRegistrationProjector", 11262, ~N[2026-03-20 23:10:03.349914], ~N[2026-03-20 23:10:03.349914], 11262, "Identity.Projectors.UserRegistrationProjector", 11262]
23:10:03.350 [debug] QUERY OK source="users" db=0.1ms
SELECT u0."id", u0."org_id", u0."email", u0."display_name", u0."status", u0."cose_key", u0."credential_id", u0."roles", u0."created_at", u0."updated_at" FROM "users" AS u0 WHERE (u0."id" = $1) ["019d0c26-0b00-74a0-bd6d-48329cf61a57"]
23:10:03.350 [debug] QUERY OK source="users" db=0.1ms
SELECT u0."id", u0."org_id", u0."email", u0."display_name", u0."status", u0."cose_key", u0."credential_id", u0."roles", u0."created_at", u0."updated_at" FROM "users" AS u0 WHERE (u0."email" = $1) ["test@example.com"]
23:10:03.350 [debug] QUERY OK source="users" db=0.1ms
INSERT INTO "users" ("id","status","org_id","email","display_name","roles","cose_key","credential_id","created_at","updated_at") VALUES ($1,$2,$3,$4,$5,$6,$7,$8,$9,$10) ["019d0c26-0b00-74a0-bd6d-48329cf61a57", "active", "019d0c26-0b00-74a0-8884-24b7b734f296", "test@example.com", "Test User", ["system_admin"], "bootstrap_cose_key", "bootstrap_credential_id", ~U[2026-03-20 23:10:03.350699Z], ~U[2026-03-20 23:10:03.350699Z]]
23:10:03.351 [debug] QUERY ERROR source="identity_user_settings" db=0.0ms
SELECT i0."id", i0."user_id", i0."org_id", i0."locale", i0."timezone", i0."notifications_enabled", i0."created_at", i0."updated_at" FROM "identity_user_settings" AS i0 WHERE (i0."id" = $1) ["019d0c26-0b00-74a0-bd6d-48329cf61a57"]
23:10:03.351 [debug] QUERY OK db=0.1ms
rollback []
23:10:03.352 [error] Nexus.Identity.Projectors.UserRegistrationProjector failed to handle event:
%Commanded.EventStore.RecordedEvent{
  event_id: "282ec866-f518-44ed-95f6-7a535d6c3e25",
  event_number: 11262,
  stream_id: "019d0c26-0b00-74a0-bd6d-48329cf61a57",
  stream_version: 1,
  causation_id: "d64809a4-8402-4360-8536-99b7a0f860ca",
  correlation_id: "e0f4b4bb-483c-4914-aaaa-956d1587d67e",
  event_type: "Elixir.Nexus.Identity.Events.UserRegistered",
  data: %Nexus.Identity.Events.UserRegistered{
    user_id: "019d0c26-0b00-74a0-bd6d-48329cf61a57",
    org_id: "019d0c26-0b00-74a0-8884-24b7b734f296",
    email: "test@example.com",
    role: "system_admin",
    cose_key: "Ym9vdHN0cmFwX2Nvc2Vfa2V5",
    credential_id: "Ym9vdHN0cmFwX2NyZWRlbnRpYWxfaWQ=",
    registered_at: "2026-03-20T16:48:33.024173Z",
    display_name: "Test User",
    status: "active"
  },
  created_at: ~U[2026-03-20 16:48:33.025211Z],
  metadata: %{
    "causation_id" => "019d0c26-0b00-71d0-a1d2-041f55e92cfc",
    "correlation_id" => "019d0c26-0b00-71d0-a1d2-041f55e92cfc"
  }
}, due to:
** (Postgrex.Error) ERROR 42703 (undefined_column) column i0.id does not exist

    query: SELECT i0."id", i0."user_id", i0."org_id", i0."locale", i0."timezone", i0."notifications_enabled", i0."created_at", i0."updated_at" FROM "identity_user_settings" AS i0 WHERE (i0."id" = $1)
    (ecto_sql 3.13.4) lib/ecto/adapters/sql.ex:1113: Ecto.Adapters.SQL.raise_sql_call_error/1
    (ecto_sql 3.13.4) lib/ecto/adapters/sql.ex:1011: Ecto.Adapters.SQL.execute/6
    (ecto 3.13.5) lib/ecto/repo/queryable.ex:241: Ecto.Repo.Queryable.execute/4
    (ecto 3.13.5) lib/ecto/repo/queryable.ex:19: Ecto.Repo.Queryable.all/3
    (ecto 3.13.5) lib/ecto/repo/queryable.ex:163: Ecto.Repo.Queryable.one/3
    (nexus 0.1.0) lib/nexus/identity/projectors/user_registration_projector.ex:53: anonymous fn/3 in Nexus.Identity.Projectors.UserRegistrationProjector.project_registration/3
    (ecto 3.13.5) lib/ecto/multi.ex:905: Ecto.Multi.apply_operation/5
    (elixir 1.19.5) lib/enum.ex:2520: Enum."-reduce/3-lists^foldl/2-0-"/3
    (ecto 3.13.5) lib/ecto/multi.ex:878: anonymous fn/5 in Ecto.Multi.apply_operations/5
    (ecto_sql 3.13.4) lib/ecto/adapters/sql.ex:1473: anonymous fn/3 in Ecto.Adapters.SQL.checkout_or_transaction/4
    (db_connection 2.9.0) lib/db_connection.ex:1747: DBConnection.run_transaction/4
    (ecto 3.13.5) lib/ecto/repo/transaction.ex:30: Ecto.Repo.Transaction.transact/4
    (nexus 0.1.0) deps/commanded_ecto_projections/lib/projections/ecto.ex:97: Nexus.Identity.Projectors.UserRegistrationProjector.update_projection/3
    (commanded 1.4.9) lib/commanded/event/handler.ex:1221: Commanded.Event.Handler.delegate_event_to_handler/2
    (commanded 1.4.9) lib/commanded/event/handler.ex:1062: Commanded.Event.Handler.handle_event/3
    (elixir 1.19.5) lib/enum.ex:2520: Enum."-reduce/3-lists^foldl/2-0-"/3
    (commanded 1.4.9) lib/commanded/event/handler.ex:969: Commanded.Event.Handler.handle_info/2
    (stdlib 7.1) gen_server.erl:2434: :gen_server.try_handle_info/3
    (stdlib 7.1) gen_server.erl:2420: :gen_server.handle_msg/3
    (stdlib 7.1) proc_lib.erl:333: :proc_lib.init_p_do_apply/3

23:10:03.352 [warning] Nexus.Identity.Projectors.UserRegistrationProjector has requested to stop: %Postgrex.Error{message: nil, postgres: %{code: :undefined_column, line: "3721", message: "column i0.id does not exist", position: "8", file: "parse_relation.c", unknown: "ERROR", severity: "ERROR", pg_code: "42703", routine: "errorMissingColumn"}, connection_id: 3155, query: "SELECT i0.\"id\", i0.\"user_id\", i0.\"org_id\", i0.\"locale\", i0.\"timezone\", i0.\"notifications_enabled\", i0.\"created_at\", i0.\"updated_at\" FROM \"identity_user_settings\" AS i0 WHERE (i0.\"id\" = $1)"}
23:10:03.352 [debug] Nexus.Identity.Projectors.UserRegistrationProjector is shutting down due to %Postgrex.Error{message: nil, postgres: %{code: :undefined_column, line: "3721", message: "column i0.id does not exist", position: "8", file: "parse_relation.c", unknown: "ERROR", severity: "ERROR", pg_code: "42703", routine: "errorMissingColumn"}, connection_id: 3155, query: "SELECT i0.\"id\", i0.\"user_id\", i0.\"org_id\", i0.\"locale\", i0.\"timezone\", i0.\"notifications_enabled\", i0.\"created_at\", i0.\"updated_at\" FROM \"identity_user_settings\" AS i0 WHERE (i0.\"id\" = $1)"}
23:10:03.352 [error] GenServer {Nexus.App.LocalRegistry, {Nexus.App, Commanded.Event.Handler, "Identity.Projectors.UserRegistrationProjector"}} terminating
** (stop) %Postgrex.Error{message: nil, postgres: %{code: :undefined_column, line: "3721", message: "column i0.id does not exist", position: "8", file: "parse_relation.c", unknown: "ERROR", severity: "ERROR", pg_code: "42703", routine: "errorMissingColumn"}, connection_id: 3155, query: "SELECT i0.\"id\", i0.\"user_id\", i0.\"org_id\", i0.\"locale\", i0.\"timezone\", i0.\"notifications_enabled\", i0.\"created_at\", i0.\"updated_at\" FROM \"identity_user_settings\" AS i0 WHERE (i0.\"id\" = $1)"}
Last message: {:events, [%Commanded.EventStore.RecordedEvent{event_id: "282ec866-f518-44ed-95f6-7a535d6c3e25", event_number: 11262, stream_id: "019d0c26-0b00-74a0-bd6d-48329cf61a57", stream_version: 1, causation_id: "d64809a4-8402-4360-8536-99b7a0f860ca", correlation_id: "e0f4b4bb-483c-4914-aaaa-956d1587d67e", event_type: "Elixir.Nexus.Identity.Events.UserRegistered", data: %Nexus.Identity.Events.UserRegistered{user_id: "019d0c26-0b00-74a0-bd6d-48329cf61a57", org_id: "019d0c26-0b00-74a0-8884-24b7b734f296", email: "test@example.com", role: "system_admin", cose_key: "Ym9vdHN0cmFwX2Nvc2Vfa2V5", credential_id: "Ym9vdHN0cmFwX2NyZWRlbnRpYWxfaWQ=", registered_at: "2026-03-20T16:48:33.024173Z", display_name: "Test User", status: "active"}, created_at: ~U[2026-03-20 16:48:33.025211Z], metadata: %{"causation_id" => "019d0c26-0b00-71d0-a1d2-041f55e92cfc", "correlation_id" => "019d0c26-0b00-71d0-a1d2-041f55e92cfc"}}]}
State: %Commanded.Event.Handler{application: Nexus.App, consistency: :strong, handler_callback: :event, handler_name: "Identity.Projectors.UserRegistrationProjector", handler_module: Nexus.Identity.Projectors.UserRegistrationProjector, handler_state: nil, last_seen_event: nil, subscription: %Commanded.EventStore.Subscription{application: Nexus.App, backoff: {:backoff, 1000, 60000, 1000, :jitter, :undefined, :undefined}, concurrency: 1, partition_by: nil, subscribe_to: :all, subscribe_from: :origin, subscription_name: "Identity.Projectors.UserRegistrationProjector", subscription_opts: [], subscription_pid: #PID<0.2914.0>, subscription_ref: #Reference<0.504251661.3394502658.78303>}, subscribe_timer: nil}
23:10:03.352 [debug] Subscription "Identity.Projectors.UserRegistrationProjector"@"$all" subscriber #PID<0.2913.0> down due to: %Postgrex.Error{message: nil, postgres: %{code: :undefined_column, line: "3721", message: "column i0.id does not exist", position: "8", file: "parse_relation.c", unknown: "ERROR", severity: "ERROR", pg_code: "42703", routine: "errorMissingColumn"}, connection_id: 3155, query: "SELECT i0.\"id\", i0.\"user_id\", i0.\"org_id\", i0.\"locale\", i0.\"timezone\", i0.\"notifications_enabled\", i0.\"created_at\", i0.\"updated_at\" FROM \"identity_user_settings\" AS i0 WHERE (i0.\"id\" = $1)"}
23:10:03.352 [debug] Subscription "Identity.Projectors.UserRegistrationProjector"@"$all" has no subscribers, shutting down
23:10:03.352 [error] GenServer {Nexus.EventStore.EventStore.Subscriptions.Registry, {"$all", "Identity.Projectors.UserRegistrationProjector"}} terminating
** (stop) %Postgrex.Error{message: nil, postgres: %{code: :undefined_column, line: "3721", message: "column i0.id does not exist", position: "8", file: "parse_relation.c", unknown: "ERROR", severity: "ERROR", pg_code: "42703", routine: "errorMissingColumn"}, connection_id: 3155, query: "SELECT i0.\"id\", i0.\"user_id\", i0.\"org_id\", i0.\"locale\", i0.\"timezone\", i0.\"notifications_enabled\", i0.\"created_at\", i0.\"updated_at\" FROM \"identity_user_settings\" AS i0 WHERE (i0.\"id\" = $1)"}
Last message: {:DOWN, #Reference<0.504251661.3394502658.78294>, :process, #PID<0.2913.0>, %Postgrex.Error{message: nil, postgres: %{code: :undefined_column, line: "3721", message: "column i0.id does not exist", position: "8", file: "parse_relation.c", unknown: "ERROR", severity: "ERROR", pg_code: "42703", routine: "errorMissingColumn"}, connection_id: 3155, query: "SELECT i0.\"id\", i0.\"user_id\", i0.\"org_id\", i0.\"locale\", i0.\"timezone\", i0.\"notifications_enabled\", i0.\"created_at\", i0.\"updated_at\" FROM \"identity_user_settings\" AS i0 WHERE (i0.\"id\" = $1)"}}
State: %EventStore.Subscriptions.Subscription{stream_uuid: "$all", subscription_name: "Identity.Projectors.UserRegistrationProjector", subscription: %EventStore.Subscriptions.SubscriptionFsm{state: :unsubscribed, data: %EventStore.Subscriptions.SubscriptionState{conn: Nexus.EventStore.Postgrex, event_store: Nexus.EventStore, serializer: Commanded.Serialization.JsonSerializer, schema: "event_store", stream_uuid: "$all", start_from: 0, subscription_name: "Identity.Projectors.UserRegistrationProjector", subscription_id: 405, selector: nil, mapper: &Commanded.EventStore.Adapters.EventStore.Mapper.from_recorded_event/1, max_size: 1000, partition_by: nil, query_timeout: 15000, lock_ref: #Reference<0.504251661.3394502657.226378>, last_received: 12228, last_sent: 11262, last_ack: 11261, queue_size: 967, buffer_size: 1, checkpoint_after: 0, checkpoint_threshold: 1, checkpoint_timer_ref: nil, checkpoints_pending: 0, subscribers: %{}, partitions: %{nil: {[%EventStore.RecordedEvent{event_number: 12228, event_id: "09c135f3-e6cb-49bc-81c3-586b4a99fd72", stream_uuid: "ba9ba3da-fea6-48d9-9922-befe7026f5cc", stream_version: 3, correlation_id: "902485ee-cc53-4803-804a-6d742585af10", causation_id: "01922623-15ce-4222-be02-54e41f028373", event_type: "Elixir.Nexus.Identity.Events.SettingsUpdated", data: %Nexus.Identity.Events.SettingsUpdated{org_id: "59134142-de0c-401f-84cf-01b308e7beea", user_id: "ba9ba3da-fea6-48d9-9922-befe7026f5cc", locale: "fr", timezone: "Europe/Paris", notifications_enabled: true, updated_at: "2026-03-20T23:10:03.003466Z"}, metadata: %{"causation_id" => "019d0d83-50fb-76b9-b3c3-9f9ffff96169", "correlation_id" => "019d0d83-50fb-76b9-b3c3-9f9ffff96169"}, created_at: ~U[2026-03-20 23:10:03.004032Z]}, %EventStore.RecordedEvent{event_number: 12227, event_id: "2cb7e60f-876a-4b3d-a0cf-79ce787ffc73", stream_uuid: "ba9ba3da-fea6-48d9-9922-befe7026f5cc", stream_version: 2, correlation_id: "a1777de2-55b0-4c36-b14b-9bfd78376f7d", causation_id: "e52f51cf-cba6-4432-b5ca-53a579ec6263", event_type: "Elixir.Nexus.Identity.Events.SessionStarted", data: %Nexus.Identity.Events.SessionStarted{org_id: "59134142-de0c-401f-84cf-01b308e7beea", user_id: "ba9ba3da-fea6-48d9-9922-befe7026f5cc", session_id: "684b6bac-827a-4ceb-9861-846a2b7f892e", session_token: "mock-token", user_agent: "Mozilla/5.0 (Macintosh; Intel Mac OS X 10_15_7)", ip_address: "127.0.0.1", started_at: "2026-03-20T23:10:02.900974Z"}, metadata: %{"causation_id" => "019d0d83-5095-7a69-8847-4462525e408d", "correlation_id" => "019d0d83-5095-7a69-8847-4462525e408d"}, created_at: ~U[2026-03-20 23:10:02.901379Z]}, %EventStore.RecordedEvent{event_number: 12226, event_id: "c30b19ec-e929-472c-ac8b-a5a8711e9b70", stream_uuid: "ba9ba3da-fea6-48d9-9922-befe7026f5cc", stream_version: 1, correlation_id: "63930bf3-6d78-4bb8-965e-020e650c1443", causation_id: "fad08287-ca47-4012-b1b3-738e408b6cd2", event_type: "Elixir.Nexus.Identity.Events.UserRegistered", data: %Nexus.Identity.Events.UserRegistered{user_id: "ba9ba3da-fea6-48d9-9922-befe7026f5cc", org_id: "59134142-de0c-401f-84cf-01b308e7beea", email: "bernard-4558122c-37ba-45b3-ae3e-a2f7b861c40b@nexus.financial", role: "admin", cose_key: "bW9jaw==", credential_id: "bW9jaw==", registered_at: "2026-03-20T23:10:02.697332Z", display_name: "Bernard", status: "active"}, metadata: %{"causation_id" => "019d0d83-4fc9-7634-8690-906da3e4e15a", "correlation_id" => "019d0d83-4fc9-7634-8690-906da3e4e15a"}, created_at: ~U[2026-03-20 23:10:02.698223Z]}, %EventStore.RecordedEvent{event_number: 12225, event_id: "8338242a-cf94-4b71-aa99-a06cb12a5902", stream_uuid: "019d0d83-4d63-7c0f-8998-bde5f58f823e", stream_version: 3, correlation_id: "497bc4b2-89c2-447e-a743-b61b2ed2adbf", causation_id: "9c8c1acc-d317-4eff-b688-0480de89ec6a", ...}, ...], ...}}, ...}}, ...}
23:10:03.353 [debug] Nexus.Identity.Projectors.UserRegistrationProjector is shutting down due to {%Postgrex.Error{message: nil, postgres: %{code: :undefined_column, line: "3721", message: "column i0.id does not exist", position: "8", file: "parse_relation.c", unknown: "ERROR", severity: "ERROR", pg_code: "42703", routine: "errorMissingColumn"}, connection_id: 3155, query: "SELECT i0.\"id\", i0.\"user_id\", i0.\"org_id\", i0.\"locale\", i0.\"timezone\", i0.\"notifications_enabled\", i0.\"created_at\", i0.\"updated_at\" FROM \"identity_user_settings\" AS i0 WHERE (i0.\"id\" = $1)"}, {GenServer, :call, [#PID<0.2914.0>, {:connect, #PID<0.2915.0>, [retry_interval: 60000, hibernate_after: 15000, partition_by: nil, concurrency_limit: 1, name: Nexus.EventStore, mapper: &Commanded.EventStore.Adapters.EventStore.Mapper.from_recorded_event/1, conn: Nexus.EventStore.Postgrex, event_store: Nexus.EventStore, query_timeout: 15000, schema: "event_store", serializer: Commanded.Serialization.JsonSerializer, stream_uuid: "$all", subscription_name: "Identity.Projectors.UserRegistrationProjector", start_from: 0]}, 5000]}}
23:10:03.353 [error] GenServer {Nexus.App.LocalRegistry, {Nexus.App, Commanded.Event.Handler, "Identity.Projectors.UserRegistrationProjector"}} terminating
** (stop) exited in: GenServer.call(#PID<0.2914.0>, {:connect, #PID<0.2915.0>, [retry_interval: 60000, hibernate_after: 15000, partition_by: nil, concurrency_limit: 1, name: Nexus.EventStore, mapper: &Commanded.EventStore.Adapters.EventStore.Mapper.from_recorded_event/1, conn: Nexus.EventStore.Postgrex, event_store: Nexus.EventStore, query_timeout: 15000, schema: "event_store", serializer: Commanded.Serialization.JsonSerializer, stream_uuid: "$all", subscription_name: "Identity.Projectors.UserRegistrationProjector", start_from: 0]}, 5000)
    ** (EXIT) %Postgrex.Error{message: nil, postgres: %{code: :undefined_column, line: "3721", message: "column i0.id does not exist", position: "8", file: "parse_relation.c", unknown: "ERROR", severity: "ERROR", pg_code: "42703", routine: "errorMissingColumn"}, connection_id: 3155, query: "SELECT i0.\"id\", i0.\"user_id\", i0.\"org_id\", i0.\"locale\", i0.\"timezone\", i0.\"notifications_enabled\", i0.\"created_at\", i0.\"updated_at\" FROM \"identity_user_settings\" AS i0 WHERE (i0.\"id\" = $1)"}
    (elixir 1.19.5) lib/gen_server.ex:1142: GenServer.call/3
    (commanded 1.4.9) lib/commanded/event_store.ex:289: anonymous fn/2 in Commanded.EventStore.span/3
    (telemetry 1.3.0) /Users/bernard/dev/nexus/deps/telemetry/src/telemetry.erl:324: :telemetry.span/3
    (commanded 1.4.9) lib/commanded/event_store/subscription.ex:58: Commanded.EventStore.Subscription.subscribe/2
    (commanded 1.4.9) lib/commanded/event/handler.ex:1024: Commanded.Event.Handler.subscribe_to_events/1
    (commanded 1.4.9) lib/commanded/event/handler.ex:887: Commanded.Event.Handler.handle_continue/2
    (stdlib 7.1) gen_server.erl:2424: :gen_server.try_handle_continue/3
    (stdlib 7.1) gen_server.erl:2291: :gen_server.loop/4
    (stdlib 7.1) proc_lib.erl:333: :proc_lib.init_p_do_apply/3
Last message: {:continue, :subscribe_to_events}
State: %Commanded.Event.Handler{application: Nexus.App, consistency: :strong, handler_callback: :event, handler_name: "Identity.Projectors.UserRegistrationProjector", handler_module: Nexus.Identity.Projectors.UserRegistrationProjector, handler_state: nil, last_seen_event: nil, subscription: %Commanded.EventStore.Subscription{application: Nexus.App, backoff: {:backoff, 1000, 60000, 1000, :jitter, :undefined, :undefined}, concurrency: 1, partition_by: nil, subscribe_to: :all, subscribe_from: :origin, subscription_name: "Identity.Projectors.UserRegistrationProjector", subscription_opts: [], subscription_pid: nil, subscription_ref: nil}, subscribe_timer: nil}
23:10:03.353 [debug] Subscription "Identity.Projectors.UserRegistrationProjector"@"$all" attempting to connect subscriber #PID<0.2916.0>
23:10:03.354 [debug] Subscription "Identity.Projectors.UserRegistrationProjector"@"$all" catching-up
23:10:03.354 [debug] Nexus.Identity.Projectors.UserRegistrationProjector has successfully subscribed to event store
23:10:03.367 [debug] Nexus.Identity.Projectors.UserRegistrationProjector received events: [%Commanded.EventStore.RecordedEvent{event_id: "282ec866-f518-44ed-95f6-7a535d6c3e25", event_number: 11262, stream_id: "019d0c26-0b00-74a0-bd6d-48329cf61a57", stream_version: 1, causation_id: "d64809a4-8402-4360-8536-99b7a0f860ca", correlation_id: "e0f4b4bb-483c-4914-aaaa-956d1587d67e", event_type: "Elixir.Nexus.Identity.Events.UserRegistered", data: %Nexus.Identity.Events.UserRegistered{user_id: "019d0c26-0b00-74a0-bd6d-48329cf61a57", org_id: "019d0c26-0b00-74a0-8884-24b7b734f296", email: "test@example.com", role: "system_admin", cose_key: "Ym9vdHN0cmFwX2Nvc2Vfa2V5", credential_id: "Ym9vdHN0cmFwX2NyZWRlbnRpYWxfaWQ=", registered_at: "2026-03-20T16:48:33.024173Z", display_name: "Test User", status: "active"}, created_at: ~U[2026-03-20 16:48:33.025211Z], metadata: %{"causation_id" => "019d0c26-0b00-71d0-a1d2-041f55e92cfc", "correlation_id" => "019d0c26-0b00-71d0-a1d2-041f55e92cfc"}}]
23:10:03.368 [debug] QUERY OK db=0.1ms
begin []
23:10:03.368 [debug] QUERY OK source="projection_versions" db=0.1ms
INSERT INTO "projection_versions" AS p0 ("projection_name","last_seen_event_number","inserted_at","updated_at") VALUES ($1,$2,$3,$4) ON CONFLICT ("projection_name") DO UPDATE SET "last_seen_event_number" = $5 WHERE ((p0."projection_name" = $6) AND (p0."last_seen_event_number" < $7)) ["Identity.Projectors.UserRegistrationProjector", 11262, ~N[2026-03-20 23:10:03.368194], ~N[2026-03-20 23:10:03.368194], 11262, "Identity.Projectors.UserRegistrationProjector", 11262]
23:10:03.368 [debug] QUERY OK source="users" db=0.1ms
SELECT u0."id", u0."org_id", u0."email", u0."display_name", u0."status", u0."cose_key", u0."credential_id", u0."roles", u0."created_at", u0."updated_at" FROM "users" AS u0 WHERE (u0."id" = $1) ["019d0c26-0b00-74a0-bd6d-48329cf61a57"]
23:10:03.368 [debug] QUERY OK source="users" db=0.1ms
SELECT u0."id", u0."org_id", u0."email", u0."display_name", u0."status", u0."cose_key", u0."credential_id", u0."roles", u0."created_at", u0."updated_at" FROM "users" AS u0 WHERE (u0."email" = $1) ["test@example.com"]
23:10:03.368 [debug] QUERY OK source="users" db=0.1ms
INSERT INTO "users" ("id","status","org_id","email","display_name","roles","cose_key","credential_id","created_at","updated_at") VALUES ($1,$2,$3,$4,$5,$6,$7,$8,$9,$10) ["019d0c26-0b00-74a0-bd6d-48329cf61a57", "active", "019d0c26-0b00-74a0-8884-24b7b734f296", "test@example.com", "Test User", ["system_admin"], "bootstrap_cose_key", "bootstrap_credential_id", ~U[2026-03-20 23:10:03.368814Z], ~U[2026-03-20 23:10:03.368814Z]]
23:10:03.369 [debug] QUERY ERROR source="identity_user_settings" db=0.0ms
SELECT i0."id", i0."user_id", i0."org_id", i0."locale", i0."timezone", i0."notifications_enabled", i0."created_at", i0."updated_at" FROM "identity_user_settings" AS i0 WHERE (i0."id" = $1) ["019d0c26-0b00-74a0-bd6d-48329cf61a57"]
23:10:03.369 [debug] QUERY OK db=0.1ms
rollback []
23:10:03.370 [error] Nexus.Identity.Projectors.UserRegistrationProjector failed to handle event:
%Commanded.EventStore.RecordedEvent{
  event_id: "282ec866-f518-44ed-95f6-7a535d6c3e25",
  event_number: 11262,
  stream_id: "019d0c26-0b00-74a0-bd6d-48329cf61a57",
  stream_version: 1,
  causation_id: "d64809a4-8402-4360-8536-99b7a0f860ca",
  correlation_id: "e0f4b4bb-483c-4914-aaaa-956d1587d67e",
  event_type: "Elixir.Nexus.Identity.Events.UserRegistered",
  data: %Nexus.Identity.Events.UserRegistered{
    user_id: "019d0c26-0b00-74a0-bd6d-48329cf61a57",
    org_id: "019d0c26-0b00-74a0-8884-24b7b734f296",
    email: "test@example.com",
    role: "system_admin",
    cose_key: "Ym9vdHN0cmFwX2Nvc2Vfa2V5",
    credential_id: "Ym9vdHN0cmFwX2NyZWRlbnRpYWxfaWQ=",
    registered_at: "2026-03-20T16:48:33.024173Z",
    display_name: "Test User",
    status: "active"
  },
  created_at: ~U[2026-03-20 16:48:33.025211Z],
  metadata: %{
    "causation_id" => "019d0c26-0b00-71d0-a1d2-041f55e92cfc",
    "correlation_id" => "019d0c26-0b00-71d0-a1d2-041f55e92cfc"
  }
}, due to:
** (Postgrex.Error) ERROR 42703 (undefined_column) column i0.id does not exist

    query: SELECT i0."id", i0."user_id", i0."org_id", i0."locale", i0."timezone", i0."notifications_enabled", i0."created_at", i0."updated_at" FROM "identity_user_settings" AS i0 WHERE (i0."id" = $1)
    (ecto_sql 3.13.4) lib/ecto/adapters/sql.ex:1113: Ecto.Adapters.SQL.raise_sql_call_error/1
    (ecto_sql 3.13.4) lib/ecto/adapters/sql.ex:1011: Ecto.Adapters.SQL.execute/6
    (ecto 3.13.5) lib/ecto/repo/queryable.ex:241: Ecto.Repo.Queryable.execute/4
    (ecto 3.13.5) lib/ecto/repo/queryable.ex:19: Ecto.Repo.Queryable.all/3
    (ecto 3.13.5) lib/ecto/repo/queryable.ex:163: Ecto.Repo.Queryable.one/3
    (nexus 0.1.0) lib/nexus/identity/projectors/user_registration_projector.ex:53: anonymous fn/3 in Nexus.Identity.Projectors.UserRegistrationProjector.project_registration/3
    (ecto 3.13.5) lib/ecto/multi.ex:905: Ecto.Multi.apply_operation/5
    (elixir 1.19.5) lib/enum.ex:2520: Enum."-reduce/3-lists^foldl/2-0-"/3
    (ecto 3.13.5) lib/ecto/multi.ex:878: anonymous fn/5 in Ecto.Multi.apply_operations/5
    (ecto_sql 3.13.4) lib/ecto/adapters/sql.ex:1473: anonymous fn/3 in Ecto.Adapters.SQL.checkout_or_transaction/4
    (db_connection 2.9.0) lib/db_connection.ex:1747: DBConnection.run_transaction/4
    (ecto 3.13.5) lib/ecto/repo/transaction.ex:30: Ecto.Repo.Transaction.transact/4
    (nexus 0.1.0) deps/commanded_ecto_projections/lib/projections/ecto.ex:97: Nexus.Identity.Projectors.UserRegistrationProjector.update_projection/3
    (commanded 1.4.9) lib/commanded/event/handler.ex:1221: Commanded.Event.Handler.delegate_event_to_handler/2
    (commanded 1.4.9) lib/commanded/event/handler.ex:1062: Commanded.Event.Handler.handle_event/3
    (elixir 1.19.5) lib/enum.ex:2520: Enum."-reduce/3-lists^foldl/2-0-"/3
    (commanded 1.4.9) lib/commanded/event/handler.ex:969: Commanded.Event.Handler.handle_info/2
    (stdlib 7.1) gen_server.erl:2434: :gen_server.try_handle_info/3
    (stdlib 7.1) gen_server.erl:2420: :gen_server.handle_msg/3
    (stdlib 7.1) proc_lib.erl:333: :proc_lib.init_p_do_apply/3

23:10:03.370 [warning] Nexus.Identity.Projectors.UserRegistrationProjector has requested to stop: %Postgrex.Error{message: nil, postgres: %{code: :undefined_column, line: "3721", message: "column i0.id does not exist", position: "8", file: "parse_relation.c", unknown: "ERROR", severity: "ERROR", pg_code: "42703", routine: "errorMissingColumn"}, connection_id: 3155, query: "SELECT i0.\"id\", i0.\"user_id\", i0.\"org_id\", i0.\"locale\", i0.\"timezone\", i0.\"notifications_enabled\", i0.\"created_at\", i0.\"updated_at\" FROM \"identity_user_settings\" AS i0 WHERE (i0.\"id\" = $1)"}
23:10:03.370 [debug] Nexus.Identity.Projectors.UserRegistrationProjector is shutting down due to %Postgrex.Error{message: nil, postgres: %{code: :undefined_column, line: "3721", message: "column i0.id does not exist", position: "8", file: "parse_relation.c", unknown: "ERROR", severity: "ERROR", pg_code: "42703", routine: "errorMissingColumn"}, connection_id: 3155, query: "SELECT i0.\"id\", i0.\"user_id\", i0.\"org_id\", i0.\"locale\", i0.\"timezone\", i0.\"notifications_enabled\", i0.\"created_at\", i0.\"updated_at\" FROM \"identity_user_settings\" AS i0 WHERE (i0.\"id\" = $1)"}
23:10:03.370 [error] GenServer {Nexus.App.LocalRegistry, {Nexus.App, Commanded.Event.Handler, "Identity.Projectors.UserRegistrationProjector"}} terminating
** (stop) %Postgrex.Error{message: nil, postgres: %{code: :undefined_column, line: "3721", message: "column i0.id does not exist", position: "8", file: "parse_relation.c", unknown: "ERROR", severity: "ERROR", pg_code: "42703", routine: "errorMissingColumn"}, connection_id: 3155, query: "SELECT i0.\"id\", i0.\"user_id\", i0.\"org_id\", i0.\"locale\", i0.\"timezone\", i0.\"notifications_enabled\", i0.\"created_at\", i0.\"updated_at\" FROM \"identity_user_settings\" AS i0 WHERE (i0.\"id\" = $1)"}
Last message: {:events, [%Commanded.EventStore.RecordedEvent{event_id: "282ec866-f518-44ed-95f6-7a535d6c3e25", event_number: 11262, stream_id: "019d0c26-0b00-74a0-bd6d-48329cf61a57", stream_version: 1, causation_id: "d64809a4-8402-4360-8536-99b7a0f860ca", correlation_id: "e0f4b4bb-483c-4914-aaaa-956d1587d67e", event_type: "Elixir.Nexus.Identity.Events.UserRegistered", data: %Nexus.Identity.Events.UserRegistered{user_id: "019d0c26-0b00-74a0-bd6d-48329cf61a57", org_id: "019d0c26-0b00-74a0-8884-24b7b734f296", email: "test@example.com", role: "system_admin", cose_key: "Ym9vdHN0cmFwX2Nvc2Vfa2V5", credential_id: "Ym9vdHN0cmFwX2NyZWRlbnRpYWxfaWQ=", registered_at: "2026-03-20T16:48:33.024173Z", display_name: "Test User", status: "active"}, created_at: ~U[2026-03-20 16:48:33.025211Z], metadata: %{"causation_id" => "019d0c26-0b00-71d0-a1d2-041f55e92cfc", "correlation_id" => "019d0c26-0b00-71d0-a1d2-041f55e92cfc"}}]}
State: %Commanded.Event.Handler{application: Nexus.App, consistency: :strong, handler_callback: :event, handler_name: "Identity.Projectors.UserRegistrationProjector", handler_module: Nexus.Identity.Projectors.UserRegistrationProjector, handler_state: nil, last_seen_event: nil, subscription: %Commanded.EventStore.Subscription{application: Nexus.App, backoff: {:backoff, 1000, 60000, 1000, :jitter, :undefined, :undefined}, concurrency: 1, partition_by: nil, subscribe_to: :all, subscribe_from: :origin, subscription_name: "Identity.Projectors.UserRegistrationProjector", subscription_opts: [], subscription_pid: #PID<0.2917.0>, subscription_ref: #Reference<0.504251661.3394502658.78377>}, subscribe_timer: nil}
23:10:03.370 [debug] Subscription "Identity.Projectors.UserRegistrationProjector"@"$all" subscriber #PID<0.2916.0> down due to: %Postgrex.Error{message: nil, postgres: %{code: :undefined_column, line: "3721", message: "column i0.id does not exist", position: "8", file: "parse_relation.c", unknown: "ERROR", severity: "ERROR", pg_code: "42703", routine: "errorMissingColumn"}, connection_id: 3155, query: "SELECT i0.\"id\", i0.\"user_id\", i0.\"org_id\", i0.\"locale\", i0.\"timezone\", i0.\"notifications_enabled\", i0.\"created_at\", i0.\"updated_at\" FROM \"identity_user_settings\" AS i0 WHERE (i0.\"id\" = $1)"}
23:10:03.370 [debug] Subscription "Identity.Projectors.UserRegistrationProjector"@"$all" has no subscribers, shutting down
23:10:03.370 [error] GenServer {Nexus.EventStore.EventStore.Subscriptions.Registry, {"$all", "Identity.Projectors.UserRegistrationProjector"}} terminating
** (stop) %Postgrex.Error{message: nil, postgres: %{code: :undefined_column, line: "3721", message: "column i0.id does not exist", position: "8", file: "parse_relation.c", unknown: "ERROR", severity: "ERROR", pg_code: "42703", routine: "errorMissingColumn"}, connection_id: 3155, query: "SELECT i0.\"id\", i0.\"user_id\", i0.\"org_id\", i0.\"locale\", i0.\"timezone\", i0.\"notifications_enabled\", i0.\"created_at\", i0.\"updated_at\" FROM \"identity_user_settings\" AS i0 WHERE (i0.\"id\" = $1)"}
Last message: {:DOWN, #Reference<0.504251661.3394502658.78364>, :process, #PID<0.2916.0>, %Postgrex.Error{message: nil, postgres: %{code: :undefined_column, line: "3721", message: "column i0.id does not exist", position: "8", file: "parse_relation.c", unknown: "ERROR", severity: "ERROR", pg_code: "42703", routine: "errorMissingColumn"}, connection_id: 3155, query: "SELECT i0.\"id\", i0.\"user_id\", i0.\"org_id\", i0.\"locale\", i0.\"timezone\", i0.\"notifications_enabled\", i0.\"created_at\", i0.\"updated_at\" FROM \"identity_user_settings\" AS i0 WHERE (i0.\"id\" = $1)"}}
State: %EventStore.Subscriptions.Subscription{stream_uuid: "$all", subscription_name: "Identity.Projectors.UserRegistrationProjector", subscription: %EventStore.Subscriptions.SubscriptionFsm{state: :unsubscribed, data: %EventStore.Subscriptions.SubscriptionState{conn: Nexus.EventStore.Postgrex, event_store: Nexus.EventStore, serializer: Commanded.Serialization.JsonSerializer, schema: "event_store", stream_uuid: "$all", start_from: 0, subscription_name: "Identity.Projectors.UserRegistrationProjector", subscription_id: 405, selector: nil, mapper: &Commanded.EventStore.Adapters.EventStore.Mapper.from_recorded_event/1, max_size: 1000, partition_by: nil, query_timeout: 15000, lock_ref: #Reference<0.504251661.3394502657.226597>, last_received: 12228, last_sent: 11262, last_ack: 11261, queue_size: 967, buffer_size: 1, checkpoint_after: 0, checkpoint_threshold: 1, checkpoint_timer_ref: nil, checkpoints_pending: 0, subscribers: %{}, partitions: %{nil: {[%EventStore.RecordedEvent{event_number: 12228, event_id: "09c135f3-e6cb-49bc-81c3-586b4a99fd72", stream_uuid: "ba9ba3da-fea6-48d9-9922-befe7026f5cc", stream_version: 3, correlation_id: "902485ee-cc53-4803-804a-6d742585af10", causation_id: "01922623-15ce-4222-be02-54e41f028373", event_type: "Elixir.Nexus.Identity.Events.SettingsUpdated", data: %Nexus.Identity.Events.SettingsUpdated{org_id: "59134142-de0c-401f-84cf-01b308e7beea", user_id: "ba9ba3da-fea6-48d9-9922-befe7026f5cc", locale: "fr", timezone: "Europe/Paris", notifications_enabled: true, updated_at: "2026-03-20T23:10:03.003466Z"}, metadata: %{"causation_id" => "019d0d83-50fb-76b9-b3c3-9f9ffff96169", "correlation_id" => "019d0d83-50fb-76b9-b3c3-9f9ffff96169"}, created_at: ~U[2026-03-20 23:10:03.004032Z]}, %EventStore.RecordedEvent{event_number: 12227, event_id: "2cb7e60f-876a-4b3d-a0cf-79ce787ffc73", stream_uuid: "ba9ba3da-fea6-48d9-9922-befe7026f5cc", stream_version: 2, correlation_id: "a1777de2-55b0-4c36-b14b-9bfd78376f7d", causation_id: "e52f51cf-cba6-4432-b5ca-53a579ec6263", event_type: "Elixir.Nexus.Identity.Events.SessionStarted", data: %Nexus.Identity.Events.SessionStarted{org_id: "59134142-de0c-401f-84cf-01b308e7beea", user_id: "ba9ba3da-fea6-48d9-9922-befe7026f5cc", session_id: "684b6bac-827a-4ceb-9861-846a2b7f892e", session_token: "mock-token", user_agent: "Mozilla/5.0 (Macintosh; Intel Mac OS X 10_15_7)", ip_address: "127.0.0.1", started_at: "2026-03-20T23:10:02.900974Z"}, metadata: %{"causation_id" => "019d0d83-5095-7a69-8847-4462525e408d", "correlation_id" => "019d0d83-5095-7a69-8847-4462525e408d"}, created_at: ~U[2026-03-20 23:10:02.901379Z]}, %EventStore.RecordedEvent{event_number: 12226, event_id: "c30b19ec-e929-472c-ac8b-a5a8711e9b70", stream_uuid: "ba9ba3da-fea6-48d9-9922-befe7026f5cc", stream_version: 1, correlation_id: "63930bf3-6d78-4bb8-965e-020e650c1443", causation_id: "fad08287-ca47-4012-b1b3-738e408b6cd2", event_type: "Elixir.Nexus.Identity.Events.UserRegistered", data: %Nexus.Identity.Events.UserRegistered{user_id: "ba9ba3da-fea6-48d9-9922-befe7026f5cc", org_id: "59134142-de0c-401f-84cf-01b308e7beea", email: "bernard-4558122c-37ba-45b3-ae3e-a2f7b861c40b@nexus.financial", role: "admin", cose_key: "bW9jaw==", credential_id: "bW9jaw==", registered_at: "2026-03-20T23:10:02.697332Z", display_name: "Bernard", status: "active"}, metadata: %{"causation_id" => "019d0d83-4fc9-7634-8690-906da3e4e15a", "correlation_id" => "019d0d83-4fc9-7634-8690-906da3e4e15a"}, created_at: ~U[2026-03-20 23:10:02.698223Z]}, %EventStore.RecordedEvent{event_number: 12225, event_id: "8338242a-cf94-4b71-aa99-a06cb12a5902", stream_uuid: "019d0d83-4d63-7c0f-8998-bde5f58f823e", stream_version: 3, correlation_id: "497bc4b2-89c2-447e-a743-b61b2ed2adbf", causation_id: "9c8c1acc-d317-4eff-b688-0480de89ec6a", ...}, ...], ...}}, ...}}, ...}
23:10:03.371 [debug] Nexus.Identity.Projectors.UserRegistrationProjector is shutting down due to {%Postgrex.Error{message: nil, postgres: %{code: :undefined_column, line: "3721", message: "column i0.id does not exist", position: "8", file: "parse_relation.c", unknown: "ERROR", severity: "ERROR", pg_code: "42703", routine: "errorMissingColumn"}, connection_id: 3155, query: "SELECT i0.\"id\", i0.\"user_id\", i0.\"org_id\", i0.\"locale\", i0.\"timezone\", i0.\"notifications_enabled\", i0.\"created_at\", i0.\"updated_at\" FROM \"identity_user_settings\" AS i0 WHERE (i0.\"id\" = $1)"}, {GenServer, :call, [#PID<0.2917.0>, {:connect, #PID<0.2918.0>, [retry_interval: 60000, hibernate_after: 15000, partition_by: nil, concurrency_limit: 1, name: Nexus.EventStore, mapper: &Commanded.EventStore.Adapters.EventStore.Mapper.from_recorded_event/1, conn: Nexus.EventStore.Postgrex, event_store: Nexus.EventStore, query_timeout: 15000, schema: "event_store", serializer: Commanded.Serialization.JsonSerializer, stream_uuid: "$all", subscription_name: "Identity.Projectors.UserRegistrationProjector", start_from: 0]}, 5000]}}
23:10:03.371 [error] GenServer {Nexus.App.LocalRegistry, {Nexus.App, Commanded.Event.Handler, "Identity.Projectors.UserRegistrationProjector"}} terminating
** (stop) exited in: GenServer.call(#PID<0.2917.0>, {:connect, #PID<0.2918.0>, [retry_interval: 60000, hibernate_after: 15000, partition_by: nil, concurrency_limit: 1, name: Nexus.EventStore, mapper: &Commanded.EventStore.Adapters.EventStore.Mapper.from_recorded_event/1, conn: Nexus.EventStore.Postgrex, event_store: Nexus.EventStore, query_timeout: 15000, schema: "event_store", serializer: Commanded.Serialization.JsonSerializer, stream_uuid: "$all", subscription_name: "Identity.Projectors.UserRegistrationProjector", start_from: 0]}, 5000)
    ** (EXIT) %Postgrex.Error{message: nil, postgres: %{code: :undefined_column, line: "3721", message: "column i0.id does not exist", position: "8", file: "parse_relation.c", unknown: "ERROR", severity: "ERROR", pg_code: "42703", routine: "errorMissingColumn"}, connection_id: 3155, query: "SELECT i0.\"id\", i0.\"user_id\", i0.\"org_id\", i0.\"locale\", i0.\"timezone\", i0.\"notifications_enabled\", i0.\"created_at\", i0.\"updated_at\" FROM \"identity_user_settings\" AS i0 WHERE (i0.\"id\" = $1)"}
    (elixir 1.19.5) lib/gen_server.ex:1142: GenServer.call/3
    (commanded 1.4.9) lib/commanded/event_store.ex:289: anonymous fn/2 in Commanded.EventStore.span/3
    (telemetry 1.3.0) /Users/bernard/dev/nexus/deps/telemetry/src/telemetry.erl:324: :telemetry.span/3
    (commanded 1.4.9) lib/commanded/event_store/subscription.ex:58: Commanded.EventStore.Subscription.subscribe/2
    (commanded 1.4.9) lib/commanded/event/handler.ex:1024: Commanded.Event.Handler.subscribe_to_events/1
    (commanded 1.4.9) lib/commanded/event/handler.ex:887: Commanded.Event.Handler.handle_continue/2
    (stdlib 7.1) gen_server.erl:2424: :gen_server.try_handle_continue/3
    (stdlib 7.1) gen_server.erl:2291: :gen_server.loop/4
    (stdlib 7.1) proc_lib.erl:333: :proc_lib.init_p_do_apply/3
Last message: {:continue, :subscribe_to_events}
State: %Commanded.Event.Handler{application: Nexus.App, consistency: :strong, handler_callback: :event, handler_name: "Identity.Projectors.UserRegistrationProjector", handler_module: Nexus.Identity.Projectors.UserRegistrationProjector, handler_state: nil, last_seen_event: nil, subscription: %Commanded.EventStore.Subscription{application: Nexus.App, backoff: {:backoff, 1000, 60000, 1000, :jitter, :undefined, :undefined}, concurrency: 1, partition_by: nil, subscribe_to: :all, subscribe_from: :origin, subscription_name: "Identity.Projectors.UserRegistrationProjector", subscription_opts: [], subscription_pid: nil, subscription_ref: nil}, subscribe_timer: nil}
23:10:03.372 [debug] Subscription "Identity.Projectors.UserRegistrationProjector"@"$all" attempting to connect subscriber #PID<0.2919.0>
23:10:03.372 [debug] Subscription "Identity.Projectors.UserRegistrationProjector"@"$all" catching-up
23:10:03.372 [debug] Nexus.Identity.Projectors.UserRegistrationProjector has successfully subscribed to event store
23:10:03.386 [debug] Nexus.Identity.Projectors.UserRegistrationProjector received events: [%Commanded.EventStore.RecordedEvent{event_id: "282ec866-f518-44ed-95f6-7a535d6c3e25", event_number: 11262, stream_id: "019d0c26-0b00-74a0-bd6d-48329cf61a57", stream_version: 1, causation_id: "d64809a4-8402-4360-8536-99b7a0f860ca", correlation_id: "e0f4b4bb-483c-4914-aaaa-956d1587d67e", event_type: "Elixir.Nexus.Identity.Events.UserRegistered", data: %Nexus.Identity.Events.UserRegistered{user_id: "019d0c26-0b00-74a0-bd6d-48329cf61a57", org_id: "019d0c26-0b00-74a0-8884-24b7b734f296", email: "test@example.com", role: "system_admin", cose_key: "Ym9vdHN0cmFwX2Nvc2Vfa2V5", credential_id: "Ym9vdHN0cmFwX2NyZWRlbnRpYWxfaWQ=", registered_at: "2026-03-20T16:48:33.024173Z", display_name: "Test User", status: "active"}, created_at: ~U[2026-03-20 16:48:33.025211Z], metadata: %{"causation_id" => "019d0c26-0b00-71d0-a1d2-041f55e92cfc", "correlation_id" => "019d0c26-0b00-71d0-a1d2-041f55e92cfc"}}]
23:10:03.386 [debug] QUERY OK db=0.1ms
begin []
23:10:03.387 [debug] QUERY OK source="projection_versions" db=0.1ms
INSERT INTO "projection_versions" AS p0 ("projection_name","last_seen_event_number","inserted_at","updated_at") VALUES ($1,$2,$3,$4) ON CONFLICT ("projection_name") DO UPDATE SET "last_seen_event_number" = $5 WHERE ((p0."projection_name" = $6) AND (p0."last_seen_event_number" < $7)) ["Identity.Projectors.UserRegistrationProjector", 11262, ~N[2026-03-20 23:10:03.386862], ~N[2026-03-20 23:10:03.386862], 11262, "Identity.Projectors.UserRegistrationProjector", 11262]
23:10:03.387 [debug] QUERY OK source="users" db=0.1ms
SELECT u0."id", u0."org_id", u0."email", u0."display_name", u0."status", u0."cose_key", u0."credential_id", u0."roles", u0."created_at", u0."updated_at" FROM "users" AS u0 WHERE (u0."id" = $1) ["019d0c26-0b00-74a0-bd6d-48329cf61a57"]
23:10:03.387 [debug] QUERY OK source="users" db=0.1ms
SELECT u0."id", u0."org_id", u0."email", u0."display_name", u0."status", u0."cose_key", u0."credential_id", u0."roles", u0."created_at", u0."updated_at" FROM "users" AS u0 WHERE (u0."email" = $1) ["test@example.com"]
23:10:03.387 [debug] QUERY OK source="users" db=0.1ms
INSERT INTO "users" ("id","status","org_id","email","display_name","roles","cose_key","credential_id","created_at","updated_at") VALUES ($1,$2,$3,$4,$5,$6,$7,$8,$9,$10) ["019d0c26-0b00-74a0-bd6d-48329cf61a57", "active", "019d0c26-0b00-74a0-8884-24b7b734f296", "test@example.com", "Test User", ["system_admin"], "bootstrap_cose_key", "bootstrap_credential_id", ~U[2026-03-20 23:10:03.387493Z], ~U[2026-03-20 23:10:03.387493Z]]
23:10:03.388 [debug] QUERY ERROR source="identity_user_settings" db=0.0ms
SELECT i0."id", i0."user_id", i0."org_id", i0."locale", i0."timezone", i0."notifications_enabled", i0."created_at", i0."updated_at" FROM "identity_user_settings" AS i0 WHERE (i0."id" = $1) ["019d0c26-0b00-74a0-bd6d-48329cf61a57"]
23:10:03.388 [debug] QUERY OK db=0.1ms
rollback []
23:10:03.389 [error] Nexus.Identity.Projectors.UserRegistrationProjector failed to handle event:
%Commanded.EventStore.RecordedEvent{
  event_id: "282ec866-f518-44ed-95f6-7a535d6c3e25",
  event_number: 11262,
  stream_id: "019d0c26-0b00-74a0-bd6d-48329cf61a57",
  stream_version: 1,
  causation_id: "d64809a4-8402-4360-8536-99b7a0f860ca",
  correlation_id: "e0f4b4bb-483c-4914-aaaa-956d1587d67e",
  event_type: "Elixir.Nexus.Identity.Events.UserRegistered",
  data: %Nexus.Identity.Events.UserRegistered{
    user_id: "019d0c26-0b00-74a0-bd6d-48329cf61a57",
    org_id: "019d0c26-0b00-74a0-8884-24b7b734f296",
    email: "test@example.com",
    role: "system_admin",
    cose_key: "Ym9vdHN0cmFwX2Nvc2Vfa2V5",
    credential_id: "Ym9vdHN0cmFwX2NyZWRlbnRpYWxfaWQ=",
    registered_at: "2026-03-20T16:48:33.024173Z",
    display_name: "Test User",
    status: "active"
  },
  created_at: ~U[2026-03-20 16:48:33.025211Z],
  metadata: %{
    "causation_id" => "019d0c26-0b00-71d0-a1d2-041f55e92cfc",
    "correlation_id" => "019d0c26-0b00-71d0-a1d2-041f55e92cfc"
  }
}, due to:
** (Postgrex.Error) ERROR 42703 (undefined_column) column i0.id does not exist

    query: SELECT i0."id", i0."user_id", i0."org_id", i0."locale", i0."timezone", i0."notifications_enabled", i0."created_at", i0."updated_at" FROM "identity_user_settings" AS i0 WHERE (i0."id" = $1)
    (ecto_sql 3.13.4) lib/ecto/adapters/sql.ex:1113: Ecto.Adapters.SQL.raise_sql_call_error/1
    (ecto_sql 3.13.4) lib/ecto/adapters/sql.ex:1011: Ecto.Adapters.SQL.execute/6
    (ecto 3.13.5) lib/ecto/repo/queryable.ex:241: Ecto.Repo.Queryable.execute/4
    (ecto 3.13.5) lib/ecto/repo/queryable.ex:19: Ecto.Repo.Queryable.all/3
    (ecto 3.13.5) lib/ecto/repo/queryable.ex:163: Ecto.Repo.Queryable.one/3
    (nexus 0.1.0) lib/nexus/identity/projectors/user_registration_projector.ex:53: anonymous fn/3 in Nexus.Identity.Projectors.UserRegistrationProjector.project_registration/3
    (ecto 3.13.5) lib/ecto/multi.ex:905: Ecto.Multi.apply_operation/5
    (elixir 1.19.5) lib/enum.ex:2520: Enum."-reduce/3-lists^foldl/2-0-"/3
    (ecto 3.13.5) lib/ecto/multi.ex:878: anonymous fn/5 in Ecto.Multi.apply_operations/5
    (ecto_sql 3.13.4) lib/ecto/adapters/sql.ex:1473: anonymous fn/3 in Ecto.Adapters.SQL.checkout_or_transaction/4
    (db_connection 2.9.0) lib/db_connection.ex:1747: DBConnection.run_transaction/4
    (ecto 3.13.5) lib/ecto/repo/transaction.ex:30: Ecto.Repo.Transaction.transact/4
    (nexus 0.1.0) deps/commanded_ecto_projections/lib/projections/ecto.ex:97: Nexus.Identity.Projectors.UserRegistrationProjector.update_projection/3
    (commanded 1.4.9) lib/commanded/event/handler.ex:1221: Commanded.Event.Handler.delegate_event_to_handler/2
    (commanded 1.4.9) lib/commanded/event/handler.ex:1062: Commanded.Event.Handler.handle_event/3
    (elixir 1.19.5) lib/enum.ex:2520: Enum."-reduce/3-lists^foldl/2-0-"/3
    (commanded 1.4.9) lib/commanded/event/handler.ex:969: Commanded.Event.Handler.handle_info/2
    (stdlib 7.1) gen_server.erl:2434: :gen_server.try_handle_info/3
    (stdlib 7.1) gen_server.erl:2420: :gen_server.handle_msg/3
    (stdlib 7.1) proc_lib.erl:333: :proc_lib.init_p_do_apply/3

23:10:03.389 [warning] Nexus.Identity.Projectors.UserRegistrationProjector has requested to stop: %Postgrex.Error{message: nil, postgres: %{code: :undefined_column, line: "3721", message: "column i0.id does not exist", position: "8", file: "parse_relation.c", unknown: "ERROR", severity: "ERROR", pg_code: "42703", routine: "errorMissingColumn"}, connection_id: 3155, query: "SELECT i0.\"id\", i0.\"user_id\", i0.\"org_id\", i0.\"locale\", i0.\"timezone\", i0.\"notifications_enabled\", i0.\"created_at\", i0.\"updated_at\" FROM \"identity_user_settings\" AS i0 WHERE (i0.\"id\" = $1)"}
23:10:03.389 [debug] Nexus.Identity.Projectors.UserRegistrationProjector is shutting down due to %Postgrex.Error{message: nil, postgres: %{code: :undefined_column, line: "3721", message: "column i0.id does not exist", position: "8", file: "parse_relation.c", unknown: "ERROR", severity: "ERROR", pg_code: "42703", routine: "errorMissingColumn"}, connection_id: 3155, query: "SELECT i0.\"id\", i0.\"user_id\", i0.\"org_id\", i0.\"locale\", i0.\"timezone\", i0.\"notifications_enabled\", i0.\"created_at\", i0.\"updated_at\" FROM \"identity_user_settings\" AS i0 WHERE (i0.\"id\" = $1)"}
23:10:03.389 [error] GenServer {Nexus.App.LocalRegistry, {Nexus.App, Commanded.Event.Handler, "Identity.Projectors.UserRegistrationProjector"}} terminating
** (stop) %Postgrex.Error{message: nil, postgres: %{code: :undefined_column, line: "3721", message: "column i0.id does not exist", position: "8", file: "parse_relation.c", unknown: "ERROR", severity: "ERROR", pg_code: "42703", routine: "errorMissingColumn"}, connection_id: 3155, query: "SELECT i0.\"id\", i0.\"user_id\", i0.\"org_id\", i0.\"locale\", i0.\"timezone\", i0.\"notifications_enabled\", i0.\"created_at\", i0.\"updated_at\" FROM \"identity_user_settings\" AS i0 WHERE (i0.\"id\" = $1)"}
Last message: {:events, [%Commanded.EventStore.RecordedEvent{event_id: "282ec866-f518-44ed-95f6-7a535d6c3e25", event_number: 11262, stream_id: "019d0c26-0b00-74a0-bd6d-48329cf61a57", stream_version: 1, causation_id: "d64809a4-8402-4360-8536-99b7a0f860ca", correlation_id: "e0f4b4bb-483c-4914-aaaa-956d1587d67e", event_type: "Elixir.Nexus.Identity.Events.UserRegistered", data: %Nexus.Identity.Events.UserRegistered{user_id: "019d0c26-0b00-74a0-bd6d-48329cf61a57", org_id: "019d0c26-0b00-74a0-8884-24b7b734f296", email: "test@example.com", role: "system_admin", cose_key: "Ym9vdHN0cmFwX2Nvc2Vfa2V5", credential_id: "Ym9vdHN0cmFwX2NyZWRlbnRpYWxfaWQ=", registered_at: "2026-03-20T16:48:33.024173Z", display_name: "Test User", status: "active"}, created_at: ~U[2026-03-20 16:48:33.025211Z], metadata: %{"causation_id" => "019d0c26-0b00-71d0-a1d2-041f55e92cfc", "correlation_id" => "019d0c26-0b00-71d0-a1d2-041f55e92cfc"}}]}
State: %Commanded.Event.Handler{application: Nexus.App, consistency: :strong, handler_callback: :event, handler_name: "Identity.Projectors.UserRegistrationProjector", handler_module: Nexus.Identity.Projectors.UserRegistrationProjector, handler_state: nil, last_seen_event: nil, subscription: %Commanded.EventStore.Subscription{application: Nexus.App, backoff: {:backoff, 1000, 60000, 1000, :jitter, :undefined, :undefined}, concurrency: 1, partition_by: nil, subscribe_to: :all, subscribe_from: :origin, subscription_name: "Identity.Projectors.UserRegistrationProjector", subscription_opts: [], subscription_pid: #PID<0.2920.0>, subscription_ref: #Reference<0.504251661.3394502658.78450>}, subscribe_timer: nil}
23:10:03.389 [debug] Subscription "Identity.Projectors.UserRegistrationProjector"@"$all" subscriber #PID<0.2919.0> down due to: %Postgrex.Error{message: nil, postgres: %{code: :undefined_column, line: "3721", message: "column i0.id does not exist", position: "8", file: "parse_relation.c", unknown: "ERROR", severity: "ERROR", pg_code: "42703", routine: "errorMissingColumn"}, connection_id: 3155, query: "SELECT i0.\"id\", i0.\"user_id\", i0.\"org_id\", i0.\"locale\", i0.\"timezone\", i0.\"notifications_enabled\", i0.\"created_at\", i0.\"updated_at\" FROM \"identity_user_settings\" AS i0 WHERE (i0.\"id\" = $1)"}
23:10:03.389 [debug] Subscription "Identity.Projectors.UserRegistrationProjector"@"$all" has no subscribers, shutting down
23:10:03.389 [error] GenServer {Nexus.EventStore.EventStore.Subscriptions.Registry, {"$all", "Identity.Projectors.UserRegistrationProjector"}} terminating
** (stop) %Postgrex.Error{message: nil, postgres: %{code: :undefined_column, line: "3721", message: "column i0.id does not exist", position: "8", file: "parse_relation.c", unknown: "ERROR", severity: "ERROR", pg_code: "42703", routine: "errorMissingColumn"}, connection_id: 3155, query: "SELECT i0.\"id\", i0.\"user_id\", i0.\"org_id\", i0.\"locale\", i0.\"timezone\", i0.\"notifications_enabled\", i0.\"created_at\", i0.\"updated_at\" FROM \"identity_user_settings\" AS i0 WHERE (i0.\"id\" = $1)"}
Last message: {:DOWN, #Reference<0.504251661.3394502657.226794>, :process, #PID<0.2919.0>, %Postgrex.Error{message: nil, postgres: %{code: :undefined_column, line: "3721", message: "column i0.id does not exist", position: "8", file: "parse_relation.c", unknown: "ERROR", severity: "ERROR", pg_code: "42703", routine: "errorMissingColumn"}, connection_id: 3155, query: "SELECT i0.\"id\", i0.\"user_id\", i0.\"org_id\", i0.\"locale\", i0.\"timezone\", i0.\"notifications_enabled\", i0.\"created_at\", i0.\"updated_at\" FROM \"identity_user_settings\" AS i0 WHERE (i0.\"id\" = $1)"}}
State: %EventStore.Subscriptions.Subscription{stream_uuid: "$all", subscription_name: "Identity.Projectors.UserRegistrationProjector", subscription: %EventStore.Subscriptions.SubscriptionFsm{state: :unsubscribed, data: %EventStore.Subscriptions.SubscriptionState{conn: Nexus.EventStore.Postgrex, event_store: Nexus.EventStore, serializer: Commanded.Serialization.JsonSerializer, schema: "event_store", stream_uuid: "$all", start_from: 0, subscription_name: "Identity.Projectors.UserRegistrationProjector", subscription_id: 405, selector: nil, mapper: &Commanded.EventStore.Adapters.EventStore.Mapper.from_recorded_event/1, max_size: 1000, partition_by: nil, query_timeout: 15000, lock_ref: #Reference<0.504251661.3394502657.226816>, last_received: 12228, last_sent: 11262, last_ack: 11261, queue_size: 967, buffer_size: 1, checkpoint_after: 0, checkpoint_threshold: 1, checkpoint_timer_ref: nil, checkpoints_pending: 0, subscribers: %{}, partitions: %{nil: {[%EventStore.RecordedEvent{event_number: 12228, event_id: "09c135f3-e6cb-49bc-81c3-586b4a99fd72", stream_uuid: "ba9ba3da-fea6-48d9-9922-befe7026f5cc", stream_version: 3, correlation_id: "902485ee-cc53-4803-804a-6d742585af10", causation_id: "01922623-15ce-4222-be02-54e41f028373", event_type: "Elixir.Nexus.Identity.Events.SettingsUpdated", data: %Nexus.Identity.Events.SettingsUpdated{org_id: "59134142-de0c-401f-84cf-01b308e7beea", user_id: "ba9ba3da-fea6-48d9-9922-befe7026f5cc", locale: "fr", timezone: "Europe/Paris", notifications_enabled: true, updated_at: "2026-03-20T23:10:03.003466Z"}, metadata: %{"causation_id" => "019d0d83-50fb-76b9-b3c3-9f9ffff96169", "correlation_id" => "019d0d83-50fb-76b9-b3c3-9f9ffff96169"}, created_at: ~U[2026-03-20 23:10:03.004032Z]}, %EventStore.RecordedEvent{event_number: 12227, event_id: "2cb7e60f-876a-4b3d-a0cf-79ce787ffc73", stream_uuid: "ba9ba3da-fea6-48d9-9922-befe7026f5cc", stream_version: 2, correlation_id: "a1777de2-55b0-4c36-b14b-9bfd78376f7d", causation_id: "e52f51cf-cba6-4432-b5ca-53a579ec6263", event_type: "Elixir.Nexus.Identity.Events.SessionStarted", data: %Nexus.Identity.Events.SessionStarted{org_id: "59134142-de0c-401f-84cf-01b308e7beea", user_id: "ba9ba3da-fea6-48d9-9922-befe7026f5cc", session_id: "684b6bac-827a-4ceb-9861-846a2b7f892e", session_token: "mock-token", user_agent: "Mozilla/5.0 (Macintosh; Intel Mac OS X 10_15_7)", ip_address: "127.0.0.1", started_at: "2026-03-20T23:10:02.900974Z"}, metadata: %{"causation_id" => "019d0d83-5095-7a69-8847-4462525e408d", "correlation_id" => "019d0d83-5095-7a69-8847-4462525e408d"}, created_at: ~U[2026-03-20 23:10:02.901379Z]}, %EventStore.RecordedEvent{event_number: 12226, event_id: "c30b19ec-e929-472c-ac8b-a5a8711e9b70", stream_uuid: "ba9ba3da-fea6-48d9-9922-befe7026f5cc", stream_version: 1, correlation_id: "63930bf3-6d78-4bb8-965e-020e650c1443", causation_id: "fad08287-ca47-4012-b1b3-738e408b6cd2", event_type: "Elixir.Nexus.Identity.Events.UserRegistered", data: %Nexus.Identity.Events.UserRegistered{user_id: "ba9ba3da-fea6-48d9-9922-befe7026f5cc", org_id: "59134142-de0c-401f-84cf-01b308e7beea", email: "bernard-4558122c-37ba-45b3-ae3e-a2f7b861c40b@nexus.financial", role: "admin", cose_key: "bW9jaw==", credential_id: "bW9jaw==", registered_at: "2026-03-20T23:10:02.697332Z", display_name: "Bernard", status: "active"}, metadata: %{"causation_id" => "019d0d83-4fc9-7634-8690-906da3e4e15a", "correlation_id" => "019d0d83-4fc9-7634-8690-906da3e4e15a"}, created_at: ~U[2026-03-20 23:10:02.698223Z]}, %EventStore.RecordedEvent{event_number: 12225, event_id: "8338242a-cf94-4b71-aa99-a06cb12a5902", stream_uuid: "019d0d83-4d63-7c0f-8998-bde5f58f823e", stream_version: 3, correlation_id: "497bc4b2-89c2-447e-a743-b61b2ed2adbf", causation_id: "9c8c1acc-d317-4eff-b688-0480de89ec6a", ...}, ...], ...}}, ...}}, ...}
23:10:03.389 [debug] Nexus.Identity.Projectors.UserRegistrationProjector is shutting down due to {%Postgrex.Error{message: nil, postgres: %{code: :undefined_column, line: "3721", message: "column i0.id does not exist", position: "8", file: "parse_relation.c", unknown: "ERROR", severity: "ERROR", pg_code: "42703", routine: "errorMissingColumn"}, connection_id: 3155, query: "SELECT i0.\"id\", i0.\"user_id\", i0.\"org_id\", i0.\"locale\", i0.\"timezone\", i0.\"notifications_enabled\", i0.\"created_at\", i0.\"updated_at\" FROM \"identity_user_settings\" AS i0 WHERE (i0.\"id\" = $1)"}, {GenServer, :call, [#PID<0.2920.0>, {:connect, #PID<0.2921.0>, [retry_interval: 60000, hibernate_after: 15000, partition_by: nil, concurrency_limit: 1, name: Nexus.EventStore, mapper: &Commanded.EventStore.Adapters.EventStore.Mapper.from_recorded_event/1, conn: Nexus.EventStore.Postgrex, event_store: Nexus.EventStore, query_timeout: 15000, schema: "event_store", serializer: Commanded.Serialization.JsonSerializer, stream_uuid: "$all", subscription_name: "Identity.Projectors.UserRegistrationProjector", start_from: 0]}, 5000]}}
23:10:03.389 [error] GenServer {Nexus.App.LocalRegistry, {Nexus.App, Commanded.Event.Handler, "Identity.Projectors.UserRegistrationProjector"}} terminating
** (stop) exited in: GenServer.call(#PID<0.2920.0>, {:connect, #PID<0.2921.0>, [retry_interval: 60000, hibernate_after: 15000, partition_by: nil, concurrency_limit: 1, name: Nexus.EventStore, mapper: &Commanded.EventStore.Adapters.EventStore.Mapper.from_recorded_event/1, conn: Nexus.EventStore.Postgrex, event_store: Nexus.EventStore, query_timeout: 15000, schema: "event_store", serializer: Commanded.Serialization.JsonSerializer, stream_uuid: "$all", subscription_name: "Identity.Projectors.UserRegistrationProjector", start_from: 0]}, 5000)
    ** (EXIT) %Postgrex.Error{message: nil, postgres: %{code: :undefined_column, line: "3721", message: "column i0.id does not exist", position: "8", file: "parse_relation.c", unknown: "ERROR", severity: "ERROR", pg_code: "42703", routine: "errorMissingColumn"}, connection_id: 3155, query: "SELECT i0.\"id\", i0.\"user_id\", i0.\"org_id\", i0.\"locale\", i0.\"timezone\", i0.\"notifications_enabled\", i0.\"created_at\", i0.\"updated_at\" FROM \"identity_user_settings\" AS i0 WHERE (i0.\"id\" = $1)"}
    (elixir 1.19.5) lib/gen_server.ex:1142: GenServer.call/3
    (commanded 1.4.9) lib/commanded/event_store.ex:289: anonymous fn/2 in Commanded.EventStore.span/3
    (telemetry 1.3.0) /Users/bernard/dev/nexus/deps/telemetry/src/telemetry.erl:324: :telemetry.span/3
    (commanded 1.4.9) lib/commanded/event_store/subscription.ex:58: Commanded.EventStore.Subscription.subscribe/2
    (commanded 1.4.9) lib/commanded/event/handler.ex:1024: Commanded.Event.Handler.subscribe_to_events/1
    (commanded 1.4.9) lib/commanded/event/handler.ex:887: Commanded.Event.Handler.handle_continue/2
    (stdlib 7.1) gen_server.erl:2424: :gen_server.try_handle_continue/3
    (stdlib 7.1) gen_server.erl:2291: :gen_server.loop/4
    (stdlib 7.1) proc_lib.erl:333: :proc_lib.init_p_do_apply/3
Last message: {:continue, :subscribe_to_events}
State: %Commanded.Event.Handler{application: Nexus.App, consistency: :strong, handler_callback: :event, handler_name: "Identity.Projectors.UserRegistrationProjector", handler_module: Nexus.Identity.Projectors.UserRegistrationProjector, handler_state: nil, last_seen_event: nil, subscription: %Commanded.EventStore.Subscription{application: Nexus.App, backoff: {:backoff, 1000, 60000, 1000, :jitter, :undefined, :undefined}, concurrency: 1, partition_by: nil, subscribe_to: :all, subscribe_from: :origin, subscription_name: "Identity.Projectors.UserRegistrationProjector", subscription_opts: [], subscription_pid: nil, subscription_ref: nil}, subscribe_timer: nil}
23:10:03.390 [debug] Subscription "Identity.Projectors.UserRegistrationProjector"@"$all" attempting to connect subscriber #PID<0.2922.0>
23:10:03.391 [debug] Subscription "Identity.Projectors.UserRegistrationProjector"@"$all" catching-up
23:10:03.391 [debug] Nexus.Identity.Projectors.UserRegistrationProjector has successfully subscribed to event store
23:10:03.405 [debug] Nexus.Identity.Projectors.UserRegistrationProjector received events: [%Commanded.EventStore.RecordedEvent{event_id: "282ec866-f518-44ed-95f6-7a535d6c3e25", event_number: 11262, stream_id: "019d0c26-0b00-74a0-bd6d-48329cf61a57", stream_version: 1, causation_id: "d64809a4-8402-4360-8536-99b7a0f860ca", correlation_id: "e0f4b4bb-483c-4914-aaaa-956d1587d67e", event_type: "Elixir.Nexus.Identity.Events.UserRegistered", data: %Nexus.Identity.Events.UserRegistered{user_id: "019d0c26-0b00-74a0-bd6d-48329cf61a57", org_id: "019d0c26-0b00-74a0-8884-24b7b734f296", email: "test@example.com", role: "system_admin", cose_key: "Ym9vdHN0cmFwX2Nvc2Vfa2V5", credential_id: "Ym9vdHN0cmFwX2NyZWRlbnRpYWxfaWQ=", registered_at: "2026-03-20T16:48:33.024173Z", display_name: "Test User", status: "active"}, created_at: ~U[2026-03-20 16:48:33.025211Z], metadata: %{"causation_id" => "019d0c26-0b00-71d0-a1d2-041f55e92cfc", "correlation_id" => "019d0c26-0b00-71d0-a1d2-041f55e92cfc"}}]
23:10:03.405 [debug] QUERY OK db=0.1ms
begin []
23:10:03.405 [debug] QUERY OK source="projection_versions" db=0.1ms
INSERT INTO "projection_versions" AS p0 ("projection_name","last_seen_event_number","inserted_at","updated_at") VALUES ($1,$2,$3,$4) ON CONFLICT ("projection_name") DO UPDATE SET "last_seen_event_number" = $5 WHERE ((p0."projection_name" = $6) AND (p0."last_seen_event_number" < $7)) ["Identity.Projectors.UserRegistrationProjector", 11262, ~N[2026-03-20 23:10:03.405260], ~N[2026-03-20 23:10:03.405260], 11262, "Identity.Projectors.UserRegistrationProjector", 11262]
23:10:03.405 [debug] QUERY OK source="users" db=0.0ms
SELECT u0."id", u0."org_id", u0."email", u0."display_name", u0."status", u0."cose_key", u0."credential_id", u0."roles", u0."created_at", u0."updated_at" FROM "users" AS u0 WHERE (u0."id" = $1) ["019d0c26-0b00-74a0-bd6d-48329cf61a57"]
23:10:03.405 [debug] QUERY OK source="users" db=0.0ms
SELECT u0."id", u0."org_id", u0."email", u0."display_name", u0."status", u0."cose_key", u0."credential_id", u0."roles", u0."created_at", u0."updated_at" FROM "users" AS u0 WHERE (u0."email" = $1) ["test@example.com"]
23:10:03.406 [debug] QUERY OK source="users" db=0.2ms
INSERT INTO "users" ("id","status","org_id","email","display_name","roles","cose_key","credential_id","created_at","updated_at") VALUES ($1,$2,$3,$4,$5,$6,$7,$8,$9,$10) ["019d0c26-0b00-74a0-bd6d-48329cf61a57", "active", "019d0c26-0b00-74a0-8884-24b7b734f296", "test@example.com", "Test User", ["system_admin"], "bootstrap_cose_key", "bootstrap_credential_id", ~U[2026-03-20 23:10:03.405763Z], ~U[2026-03-20 23:10:03.405763Z]]
23:10:03.406 [debug] QUERY ERROR source="identity_user_settings" db=0.0ms
SELECT i0."id", i0."user_id", i0."org_id", i0."locale", i0."timezone", i0."notifications_enabled", i0."created_at", i0."updated_at" FROM "identity_user_settings" AS i0 WHERE (i0."id" = $1) ["019d0c26-0b00-74a0-bd6d-48329cf61a57"]
23:10:03.406 [debug] QUERY OK db=0.1ms
rollback []
23:10:03.407 [error] Nexus.Identity.Projectors.UserRegistrationProjector failed to handle event:
%Commanded.EventStore.RecordedEvent{
  event_id: "282ec866-f518-44ed-95f6-7a535d6c3e25",
  event_number: 11262,
  stream_id: "019d0c26-0b00-74a0-bd6d-48329cf61a57",
  stream_version: 1,
  causation_id: "d64809a4-8402-4360-8536-99b7a0f860ca",
  correlation_id: "e0f4b4bb-483c-4914-aaaa-956d1587d67e",
  event_type: "Elixir.Nexus.Identity.Events.UserRegistered",
  data: %Nexus.Identity.Events.UserRegistered{
    user_id: "019d0c26-0b00-74a0-bd6d-48329cf61a57",
    org_id: "019d0c26-0b00-74a0-8884-24b7b734f296",
    email: "test@example.com",
    role: "system_admin",
    cose_key: "Ym9vdHN0cmFwX2Nvc2Vfa2V5",
    credential_id: "Ym9vdHN0cmFwX2NyZWRlbnRpYWxfaWQ=",
    registered_at: "2026-03-20T16:48:33.024173Z",
    display_name: "Test User",
    status: "active"
  },
  created_at: ~U[2026-03-20 16:48:33.025211Z],
  metadata: %{
    "causation_id" => "019d0c26-0b00-71d0-a1d2-041f55e92cfc",
    "correlation_id" => "019d0c26-0b00-71d0-a1d2-041f55e92cfc"
  }
}, due to:
** (Postgrex.Error) ERROR 42703 (undefined_column) column i0.id does not exist

    query: SELECT i0."id", i0."user_id", i0."org_id", i0."locale", i0."timezone", i0."notifications_enabled", i0."created_at", i0."updated_at" FROM "identity_user_settings" AS i0 WHERE (i0."id" = $1)
    (ecto_sql 3.13.4) lib/ecto/adapters/sql.ex:1113: Ecto.Adapters.SQL.raise_sql_call_error/1
    (ecto_sql 3.13.4) lib/ecto/adapters/sql.ex:1011: Ecto.Adapters.SQL.execute/6
    (ecto 3.13.5) lib/ecto/repo/queryable.ex:241: Ecto.Repo.Queryable.execute/4
    (ecto 3.13.5) lib/ecto/repo/queryable.ex:19: Ecto.Repo.Queryable.all/3
    (ecto 3.13.5) lib/ecto/repo/queryable.ex:163: Ecto.Repo.Queryable.one/3
    (nexus 0.1.0) lib/nexus/identity/projectors/user_registration_projector.ex:53: anonymous fn/3 in Nexus.Identity.Projectors.UserRegistrationProjector.project_registration/3
    (ecto 3.13.5) lib/ecto/multi.ex:905: Ecto.Multi.apply_operation/5
    (elixir 1.19.5) lib/enum.ex:2520: Enum."-reduce/3-lists^foldl/2-0-"/3
    (ecto 3.13.5) lib/ecto/multi.ex:878: anonymous fn/5 in Ecto.Multi.apply_operations/5
    (ecto_sql 3.13.4) lib/ecto/adapters/sql.ex:1473: anonymous fn/3 in Ecto.Adapters.SQL.checkout_or_transaction/4
    (db_connection 2.9.0) lib/db_connection.ex:1747: DBConnection.run_transaction/4
    (ecto 3.13.5) lib/ecto/repo/transaction.ex:30: Ecto.Repo.Transaction.transact/4
    (nexus 0.1.0) deps/commanded_ecto_projections/lib/projections/ecto.ex:97: Nexus.Identity.Projectors.UserRegistrationProjector.update_projection/3
    (commanded 1.4.9) lib/commanded/event/handler.ex:1221: Commanded.Event.Handler.delegate_event_to_handler/2
    (commanded 1.4.9) lib/commanded/event/handler.ex:1062: Commanded.Event.Handler.handle_event/3
    (elixir 1.19.5) lib/enum.ex:2520: Enum."-reduce/3-lists^foldl/2-0-"/3
    (commanded 1.4.9) lib/commanded/event/handler.ex:969: Commanded.Event.Handler.handle_info/2
    (stdlib 7.1) gen_server.erl:2434: :gen_server.try_handle_info/3
    (stdlib 7.1) gen_server.erl:2420: :gen_server.handle_msg/3
    (stdlib 7.1) proc_lib.erl:333: :proc_lib.init_p_do_apply/3

23:10:03.407 [warning] Nexus.Identity.Projectors.UserRegistrationProjector has requested to stop: %Postgrex.Error{message: nil, postgres: %{code: :undefined_column, line: "3721", message: "column i0.id does not exist", position: "8", file: "parse_relation.c", unknown: "ERROR", severity: "ERROR", pg_code: "42703", routine: "errorMissingColumn"}, connection_id: 3155, query: "SELECT i0.\"id\", i0.\"user_id\", i0.\"org_id\", i0.\"locale\", i0.\"timezone\", i0.\"notifications_enabled\", i0.\"created_at\", i0.\"updated_at\" FROM \"identity_user_settings\" AS i0 WHERE (i0.\"id\" = $1)"}
23:10:03.407 [debug] Nexus.Identity.Projectors.UserRegistrationProjector is shutting down due to %Postgrex.Error{message: nil, postgres: %{code: :undefined_column, line: "3721", message: "column i0.id does not exist", position: "8", file: "parse_relation.c", unknown: "ERROR", severity: "ERROR", pg_code: "42703", routine: "errorMissingColumn"}, connection_id: 3155, query: "SELECT i0.\"id\", i0.\"user_id\", i0.\"org_id\", i0.\"locale\", i0.\"timezone\", i0.\"notifications_enabled\", i0.\"created_at\", i0.\"updated_at\" FROM \"identity_user_settings\" AS i0 WHERE (i0.\"id\" = $1)"}
23:10:03.407 [error] GenServer {Nexus.App.LocalRegistry, {Nexus.App, Commanded.Event.Handler, "Identity.Projectors.UserRegistrationProjector"}} terminating
** (stop) %Postgrex.Error{message: nil, postgres: %{code: :undefined_column, line: "3721", message: "column i0.id does not exist", position: "8", file: "parse_relation.c", unknown: "ERROR", severity: "ERROR", pg_code: "42703", routine: "errorMissingColumn"}, connection_id: 3155, query: "SELECT i0.\"id\", i0.\"user_id\", i0.\"org_id\", i0.\"locale\", i0.\"timezone\", i0.\"notifications_enabled\", i0.\"created_at\", i0.\"updated_at\" FROM \"identity_user_settings\" AS i0 WHERE (i0.\"id\" = $1)"}
Last message: {:events, [%Commanded.EventStore.RecordedEvent{event_id: "282ec866-f518-44ed-95f6-7a535d6c3e25", event_number: 11262, stream_id: "019d0c26-0b00-74a0-bd6d-48329cf61a57", stream_version: 1, causation_id: "d64809a4-8402-4360-8536-99b7a0f860ca", correlation_id: "e0f4b4bb-483c-4914-aaaa-956d1587d67e", event_type: "Elixir.Nexus.Identity.Events.UserRegistered", data: %Nexus.Identity.Events.UserRegistered{user_id: "019d0c26-0b00-74a0-bd6d-48329cf61a57", org_id: "019d0c26-0b00-74a0-8884-24b7b734f296", email: "test@example.com", role: "system_admin", cose_key: "Ym9vdHN0cmFwX2Nvc2Vfa2V5", credential_id: "Ym9vdHN0cmFwX2NyZWRlbnRpYWxfaWQ=", registered_at: "2026-03-20T16:48:33.024173Z", display_name: "Test User", status: "active"}, created_at: ~U[2026-03-20 16:48:33.025211Z], metadata: %{"causation_id" => "019d0c26-0b00-71d0-a1d2-041f55e92cfc", "correlation_id" => "019d0c26-0b00-71d0-a1d2-041f55e92cfc"}}]}
State: %Commanded.Event.Handler{application: Nexus.App, consistency: :strong, handler_callback: :event, handler_name: "Identity.Projectors.UserRegistrationProjector", handler_module: Nexus.Identity.Projectors.UserRegistrationProjector, handler_state: nil, last_seen_event: nil, subscription: %Commanded.EventStore.Subscription{application: Nexus.App, backoff: {:backoff, 1000, 60000, 1000, :jitter, :undefined, :undefined}, concurrency: 1, partition_by: nil, subscribe_to: :all, subscribe_from: :origin, subscription_name: "Identity.Projectors.UserRegistrationProjector", subscription_opts: [], subscription_pid: #PID<0.2923.0>, subscription_ref: #Reference<0.504251661.3394502657.227034>}, subscribe_timer: nil}
23:10:03.407 [debug] Subscription "Identity.Projectors.UserRegistrationProjector"@"$all" subscriber #PID<0.2922.0> down due to: %Postgrex.Error{message: nil, postgres: %{code: :undefined_column, line: "3721", message: "column i0.id does not exist", position: "8", file: "parse_relation.c", unknown: "ERROR", severity: "ERROR", pg_code: "42703", routine: "errorMissingColumn"}, connection_id: 3155, query: "SELECT i0.\"id\", i0.\"user_id\", i0.\"org_id\", i0.\"locale\", i0.\"timezone\", i0.\"notifications_enabled\", i0.\"created_at\", i0.\"updated_at\" FROM \"identity_user_settings\" AS i0 WHERE (i0.\"id\" = $1)"}
23:10:03.407 [debug] Subscription "Identity.Projectors.UserRegistrationProjector"@"$all" has no subscribers, shutting down
23:10:03.407 [error] GenServer {Nexus.EventStore.EventStore.Subscriptions.Registry, {"$all", "Identity.Projectors.UserRegistrationProjector"}} terminating
** (stop) %Postgrex.Error{message: nil, postgres: %{code: :undefined_column, line: "3721", message: "column i0.id does not exist", position: "8", file: "parse_relation.c", unknown: "ERROR", severity: "ERROR", pg_code: "42703", routine: "errorMissingColumn"}, connection_id: 3155, query: "SELECT i0.\"id\", i0.\"user_id\", i0.\"org_id\", i0.\"locale\", i0.\"timezone\", i0.\"notifications_enabled\", i0.\"created_at\", i0.\"updated_at\" FROM \"identity_user_settings\" AS i0 WHERE (i0.\"id\" = $1)"}
Last message: {:DOWN, #Reference<0.504251661.3394502657.227006>, :process, #PID<0.2922.0>, %Postgrex.Error{message: nil, postgres: %{code: :undefined_column, line: "3721", message: "column i0.id does not exist", position: "8", file: "parse_relation.c", unknown: "ERROR", severity: "ERROR", pg_code: "42703", routine: "errorMissingColumn"}, connection_id: 3155, query: "SELECT i0.\"id\", i0.\"user_id\", i0.\"org_id\", i0.\"locale\", i0.\"timezone\", i0.\"notifications_enabled\", i0.\"created_at\", i0.\"updated_at\" FROM \"identity_user_settings\" AS i0 WHERE (i0.\"id\" = $1)"}}
State: %EventStore.Subscriptions.Subscription{stream_uuid: "$all", subscription_name: "Identity.Projectors.UserRegistrationProjector", subscription: %EventStore.Subscriptions.SubscriptionFsm{state: :unsubscribed, data: %EventStore.Subscriptions.SubscriptionState{conn: Nexus.EventStore.Postgrex, event_store: Nexus.EventStore, serializer: Commanded.Serialization.JsonSerializer, schema: "event_store", stream_uuid: "$all", start_from: 0, subscription_name: "Identity.Projectors.UserRegistrationProjector", subscription_id: 405, selector: nil, mapper: &Commanded.EventStore.Adapters.EventStore.Mapper.from_recorded_event/1, max_size: 1000, partition_by: nil, query_timeout: 15000, lock_ref: #Reference<0.504251661.3394502657.227031>, last_received: 12228, last_sent: 11262, last_ack: 11261, queue_size: 967, buffer_size: 1, checkpoint_after: 0, checkpoint_threshold: 1, checkpoint_timer_ref: nil, checkpoints_pending: 0, subscribers: %{}, partitions: %{nil: {[%EventStore.RecordedEvent{event_number: 12228, event_id: "09c135f3-e6cb-49bc-81c3-586b4a99fd72", stream_uuid: "ba9ba3da-fea6-48d9-9922-befe7026f5cc", stream_version: 3, correlation_id: "902485ee-cc53-4803-804a-6d742585af10", causation_id: "01922623-15ce-4222-be02-54e41f028373", event_type: "Elixir.Nexus.Identity.Events.SettingsUpdated", data: %Nexus.Identity.Events.SettingsUpdated{org_id: "59134142-de0c-401f-84cf-01b308e7beea", user_id: "ba9ba3da-fea6-48d9-9922-befe7026f5cc", locale: "fr", timezone: "Europe/Paris", notifications_enabled: true, updated_at: "2026-03-20T23:10:03.003466Z"}, metadata: %{"causation_id" => "019d0d83-50fb-76b9-b3c3-9f9ffff96169", "correlation_id" => "019d0d83-50fb-76b9-b3c3-9f9ffff96169"}, created_at: ~U[2026-03-20 23:10:03.004032Z]}, %EventStore.RecordedEvent{event_number: 12227, event_id: "2cb7e60f-876a-4b3d-a0cf-79ce787ffc73", stream_uuid: "ba9ba3da-fea6-48d9-9922-befe7026f5cc", stream_version: 2, correlation_id: "a1777de2-55b0-4c36-b14b-9bfd78376f7d", causation_id: "e52f51cf-cba6-4432-b5ca-53a579ec6263", event_type: "Elixir.Nexus.Identity.Events.SessionStarted", data: %Nexus.Identity.Events.SessionStarted{org_id: "59134142-de0c-401f-84cf-01b308e7beea", user_id: "ba9ba3da-fea6-48d9-9922-befe7026f5cc", session_id: "684b6bac-827a-4ceb-9861-846a2b7f892e", session_token: "mock-token", user_agent: "Mozilla/5.0 (Macintosh; Intel Mac OS X 10_15_7)", ip_address: "127.0.0.1", started_at: "2026-03-20T23:10:02.900974Z"}, metadata: %{"causation_id" => "019d0d83-5095-7a69-8847-4462525e408d", "correlation_id" => "019d0d83-5095-7a69-8847-4462525e408d"}, created_at: ~U[2026-03-20 23:10:02.901379Z]}, %EventStore.RecordedEvent{event_number: 12226, event_id: "c30b19ec-e929-472c-ac8b-a5a8711e9b70", stream_uuid: "ba9ba3da-fea6-48d9-9922-befe7026f5cc", stream_version: 1, correlation_id: "63930bf3-6d78-4bb8-965e-020e650c1443", causation_id: "fad08287-ca47-4012-b1b3-738e408b6cd2", event_type: "Elixir.Nexus.Identity.Events.UserRegistered", data: %Nexus.Identity.Events.UserRegistered{user_id: "ba9ba3da-fea6-48d9-9922-befe7026f5cc", org_id: "59134142-de0c-401f-84cf-01b308e7beea", email: "bernard-4558122c-37ba-45b3-ae3e-a2f7b861c40b@nexus.financial", role: "admin", cose_key: "bW9jaw==", credential_id: "bW9jaw==", registered_at: "2026-03-20T23:10:02.697332Z", display_name: "Bernard", status: "active"}, metadata: %{"causation_id" => "019d0d83-4fc9-7634-8690-906da3e4e15a", "correlation_id" => "019d0d83-4fc9-7634-8690-906da3e4e15a"}, created_at: ~U[2026-03-20 23:10:02.698223Z]}, %EventStore.RecordedEvent{event_number: 12225, event_id: "8338242a-cf94-4b71-aa99-a06cb12a5902", stream_uuid: "019d0d83-4d63-7c0f-8998-bde5f58f823e", stream_version: 3, correlation_id: "497bc4b2-89c2-447e-a743-b61b2ed2adbf", causation_id: "9c8c1acc-d317-4eff-b688-0480de89ec6a", ...}, ...], ...}}, ...}}, ...}
23:10:03.408 [debug] Nexus.Identity.Projectors.UserRegistrationProjector is shutting down due to {%Postgrex.Error{message: nil, postgres: %{code: :undefined_column, line: "3721", message: "column i0.id does not exist", position: "8", file: "parse_relation.c", unknown: "ERROR", severity: "ERROR", pg_code: "42703", routine: "errorMissingColumn"}, connection_id: 3155, query: "SELECT i0.\"id\", i0.\"user_id\", i0.\"org_id\", i0.\"locale\", i0.\"timezone\", i0.\"notifications_enabled\", i0.\"created_at\", i0.\"updated_at\" FROM \"identity_user_settings\" AS i0 WHERE (i0.\"id\" = $1)"}, {GenServer, :call, [#PID<0.2923.0>, {:connect, #PID<0.2924.0>, [retry_interval: 60000, hibernate_after: 15000, partition_by: nil, concurrency_limit: 1, name: Nexus.EventStore, mapper: &Commanded.EventStore.Adapters.EventStore.Mapper.from_recorded_event/1, conn: Nexus.EventStore.Postgrex, event_store: Nexus.EventStore, query_timeout: 15000, schema: "event_store", serializer: Commanded.Serialization.JsonSerializer, stream_uuid: "$all", subscription_name: "Identity.Projectors.UserRegistrationProjector", start_from: 0]}, 5000]}}
23:10:03.408 [error] GenServer {Nexus.App.LocalRegistry, {Nexus.App, Commanded.Event.Handler, "Identity.Projectors.UserRegistrationProjector"}} terminating
** (stop) exited in: GenServer.call(#PID<0.2923.0>, {:connect, #PID<0.2924.0>, [retry_interval: 60000, hibernate_after: 15000, partition_by: nil, concurrency_limit: 1, name: Nexus.EventStore, mapper: &Commanded.EventStore.Adapters.EventStore.Mapper.from_recorded_event/1, conn: Nexus.EventStore.Postgrex, event_store: Nexus.EventStore, query_timeout: 15000, schema: "event_store", serializer: Commanded.Serialization.JsonSerializer, stream_uuid: "$all", subscription_name: "Identity.Projectors.UserRegistrationProjector", start_from: 0]}, 5000)
    ** (EXIT) %Postgrex.Error{message: nil, postgres: %{code: :undefined_column, line: "3721", message: "column i0.id does not exist", position: "8", file: "parse_relation.c", unknown: "ERROR", severity: "ERROR", pg_code: "42703", routine: "errorMissingColumn"}, connection_id: 3155, query: "SELECT i0.\"id\", i0.\"user_id\", i0.\"org_id\", i0.\"locale\", i0.\"timezone\", i0.\"notifications_enabled\", i0.\"created_at\", i0.\"updated_at\" FROM \"identity_user_settings\" AS i0 WHERE (i0.\"id\" = $1)"}
    (elixir 1.19.5) lib/gen_server.ex:1142: GenServer.call/3
    (commanded 1.4.9) lib/commanded/event_store.ex:289: anonymous fn/2 in Commanded.EventStore.span/3
    (telemetry 1.3.0) /Users/bernard/dev/nexus/deps/telemetry/src/telemetry.erl:324: :telemetry.span/3
    (commanded 1.4.9) lib/commanded/event_store/subscription.ex:58: Commanded.EventStore.Subscription.subscribe/2
    (commanded 1.4.9) lib/commanded/event/handler.ex:1024: Commanded.Event.Handler.subscribe_to_events/1
    (commanded 1.4.9) lib/commanded/event/handler.ex:887: Commanded.Event.Handler.handle_continue/2
    (stdlib 7.1) gen_server.erl:2424: :gen_server.try_handle_continue/3
    (stdlib 7.1) gen_server.erl:2291: :gen_server.loop/4
    (stdlib 7.1) proc_lib.erl:333: :proc_lib.init_p_do_apply/3
Last message: {:continue, :subscribe_to_events}
State: %Commanded.Event.Handler{application: Nexus.App, consistency: :strong, handler_callback: :event, handler_name: "Identity.Projectors.UserRegistrationProjector", handler_module: Nexus.Identity.Projectors.UserRegistrationProjector, handler_state: nil, last_seen_event: nil, subscription: %Commanded.EventStore.Subscription{application: Nexus.App, backoff: {:backoff, 1000, 60000, 1000, :jitter, :undefined, :undefined}, concurrency: 1, partition_by: nil, subscribe_to: :all, subscribe_from: :origin, subscription_name: "Identity.Projectors.UserRegistrationProjector", subscription_opts: [], subscription_pid: nil, subscription_ref: nil}, subscribe_timer: nil}
23:10:03.409 [debug] Subscription "Identity.Projectors.UserRegistrationProjector"@"$all" attempting to connect subscriber #PID<0.2925.0>
23:10:03.409 [debug] Subscription "Identity.Projectors.UserRegistrationProjector"@"$all" catching-up
23:10:03.409 [debug] Nexus.Identity.Projectors.UserRegistrationProjector has successfully subscribed to event store
23:10:03.423 [debug] Nexus.Identity.Projectors.UserRegistrationProjector received events: [%Commanded.EventStore.RecordedEvent{event_id: "282ec866-f518-44ed-95f6-7a535d6c3e25", event_number: 11262, stream_id: "019d0c26-0b00-74a0-bd6d-48329cf61a57", stream_version: 1, causation_id: "d64809a4-8402-4360-8536-99b7a0f860ca", correlation_id: "e0f4b4bb-483c-4914-aaaa-956d1587d67e", event_type: "Elixir.Nexus.Identity.Events.UserRegistered", data: %Nexus.Identity.Events.UserRegistered{user_id: "019d0c26-0b00-74a0-bd6d-48329cf61a57", org_id: "019d0c26-0b00-74a0-8884-24b7b734f296", email: "test@example.com", role: "system_admin", cose_key: "Ym9vdHN0cmFwX2Nvc2Vfa2V5", credential_id: "Ym9vdHN0cmFwX2NyZWRlbnRpYWxfaWQ=", registered_at: "2026-03-20T16:48:33.024173Z", display_name: "Test User", status: "active"}, created_at: ~U[2026-03-20 16:48:33.025211Z], metadata: %{"causation_id" => "019d0c26-0b00-71d0-a1d2-041f55e92cfc", "correlation_id" => "019d0c26-0b00-71d0-a1d2-041f55e92cfc"}}]
23:10:03.423 [debug] QUERY OK db=0.1ms
begin []
23:10:03.423 [debug] QUERY OK source="projection_versions" db=0.2ms
INSERT INTO "projection_versions" AS p0 ("projection_name","last_seen_event_number","inserted_at","updated_at") VALUES ($1,$2,$3,$4) ON CONFLICT ("projection_name") DO UPDATE SET "last_seen_event_number" = $5 WHERE ((p0."projection_name" = $6) AND (p0."last_seen_event_number" < $7)) ["Identity.Projectors.UserRegistrationProjector", 11262, ~N[2026-03-20 23:10:03.423403], ~N[2026-03-20 23:10:03.423403], 11262, "Identity.Projectors.UserRegistrationProjector", 11262]
23:10:03.423 [debug] QUERY OK source="users" db=0.1ms
SELECT u0."id", u0."org_id", u0."email", u0."display_name", u0."status", u0."cose_key", u0."credential_id", u0."roles", u0."created_at", u0."updated_at" FROM "users" AS u0 WHERE (u0."id" = $1) ["019d0c26-0b00-74a0-bd6d-48329cf61a57"]
23:10:03.424 [debug] QUERY OK source="users" db=0.0ms
SELECT u0."id", u0."org_id", u0."email", u0."display_name", u0."status", u0."cose_key", u0."credential_id", u0."roles", u0."created_at", u0."updated_at" FROM "users" AS u0 WHERE (u0."email" = $1) ["test@example.com"]
23:10:03.424 [debug] QUERY OK source="users" db=0.1ms
INSERT INTO "users" ("id","status","org_id","email","display_name","roles","cose_key","credential_id","created_at","updated_at") VALUES ($1,$2,$3,$4,$5,$6,$7,$8,$9,$10) ["019d0c26-0b00-74a0-bd6d-48329cf61a57", "active", "019d0c26-0b00-74a0-8884-24b7b734f296", "test@example.com", "Test User", ["system_admin"], "bootstrap_cose_key", "bootstrap_credential_id", ~U[2026-03-20 23:10:03.424142Z], ~U[2026-03-20 23:10:03.424142Z]]
23:10:03.424 [debug] QUERY ERROR source="identity_user_settings" db=0.0ms
SELECT i0."id", i0."user_id", i0."org_id", i0."locale", i0."timezone", i0."notifications_enabled", i0."created_at", i0."updated_at" FROM "identity_user_settings" AS i0 WHERE (i0."id" = $1) ["019d0c26-0b00-74a0-bd6d-48329cf61a57"]
23:10:03.424 [debug] QUERY OK db=0.1ms
rollback []
23:10:03.425 [error] Nexus.Identity.Projectors.UserRegistrationProjector failed to handle event:
%Commanded.EventStore.RecordedEvent{
  event_id: "282ec866-f518-44ed-95f6-7a535d6c3e25",
  event_number: 11262,
  stream_id: "019d0c26-0b00-74a0-bd6d-48329cf61a57",
  stream_version: 1,
  causation_id: "d64809a4-8402-4360-8536-99b7a0f860ca",
  correlation_id: "e0f4b4bb-483c-4914-aaaa-956d1587d67e",
  event_type: "Elixir.Nexus.Identity.Events.UserRegistered",
  data: %Nexus.Identity.Events.UserRegistered{
    user_id: "019d0c26-0b00-74a0-bd6d-48329cf61a57",
    org_id: "019d0c26-0b00-74a0-8884-24b7b734f296",
    email: "test@example.com",
    role: "system_admin",
    cose_key: "Ym9vdHN0cmFwX2Nvc2Vfa2V5",
    credential_id: "Ym9vdHN0cmFwX2NyZWRlbnRpYWxfaWQ=",
    registered_at: "2026-03-20T16:48:33.024173Z",
    display_name: "Test User",
    status: "active"
  },
  created_at: ~U[2026-03-20 16:48:33.025211Z],
  metadata: %{
    "causation_id" => "019d0c26-0b00-71d0-a1d2-041f55e92cfc",
    "correlation_id" => "019d0c26-0b00-71d0-a1d2-041f55e92cfc"
  }
}, due to:
** (Postgrex.Error) ERROR 42703 (undefined_column) column i0.id does not exist

    query: SELECT i0."id", i0."user_id", i0."org_id", i0."locale", i0."timezone", i0."notifications_enabled", i0."created_at", i0."updated_at" FROM "identity_user_settings" AS i0 WHERE (i0."id" = $1)
    (ecto_sql 3.13.4) lib/ecto/adapters/sql.ex:1113: Ecto.Adapters.SQL.raise_sql_call_error/1
    (ecto_sql 3.13.4) lib/ecto/adapters/sql.ex:1011: Ecto.Adapters.SQL.execute/6
    (ecto 3.13.5) lib/ecto/repo/queryable.ex:241: Ecto.Repo.Queryable.execute/4
    (ecto 3.13.5) lib/ecto/repo/queryable.ex:19: Ecto.Repo.Queryable.all/3
    (ecto 3.13.5) lib/ecto/repo/queryable.ex:163: Ecto.Repo.Queryable.one/3
    (nexus 0.1.0) lib/nexus/identity/projectors/user_registration_projector.ex:53: anonymous fn/3 in Nexus.Identity.Projectors.UserRegistrationProjector.project_registration/3
    (ecto 3.13.5) lib/ecto/multi.ex:905: Ecto.Multi.apply_operation/5
    (elixir 1.19.5) lib/enum.ex:2520: Enum."-reduce/3-lists^foldl/2-0-"/3
    (ecto 3.13.5) lib/ecto/multi.ex:878: anonymous fn/5 in Ecto.Multi.apply_operations/5
    (ecto_sql 3.13.4) lib/ecto/adapters/sql.ex:1473: anonymous fn/3 in Ecto.Adapters.SQL.checkout_or_transaction/4
    (db_connection 2.9.0) lib/db_connection.ex:1747: DBConnection.run_transaction/4
    (ecto 3.13.5) lib/ecto/repo/transaction.ex:30: Ecto.Repo.Transaction.transact/4
    (nexus 0.1.0) deps/commanded_ecto_projections/lib/projections/ecto.ex:97: Nexus.Identity.Projectors.UserRegistrationProjector.update_projection/3
    (commanded 1.4.9) lib/commanded/event/handler.ex:1221: Commanded.Event.Handler.delegate_event_to_handler/2
    (commanded 1.4.9) lib/commanded/event/handler.ex:1062: Commanded.Event.Handler.handle_event/3
    (elixir 1.19.5) lib/enum.ex:2520: Enum."-reduce/3-lists^foldl/2-0-"/3
    (commanded 1.4.9) lib/commanded/event/handler.ex:969: Commanded.Event.Handler.handle_info/2
    (stdlib 7.1) gen_server.erl:2434: :gen_server.try_handle_info/3
    (stdlib 7.1) gen_server.erl:2420: :gen_server.handle_msg/3
    (stdlib 7.1) proc_lib.erl:333: :proc_lib.init_p_do_apply/3

23:10:03.425 [warning] Nexus.Identity.Projectors.UserRegistrationProjector has requested to stop: %Postgrex.Error{message: nil, postgres: %{code: :undefined_column, line: "3721", message: "column i0.id does not exist", position: "8", file: "parse_relation.c", unknown: "ERROR", severity: "ERROR", pg_code: "42703", routine: "errorMissingColumn"}, connection_id: 3155, query: "SELECT i0.\"id\", i0.\"user_id\", i0.\"org_id\", i0.\"locale\", i0.\"timezone\", i0.\"notifications_enabled\", i0.\"created_at\", i0.\"updated_at\" FROM \"identity_user_settings\" AS i0 WHERE (i0.\"id\" = $1)"}
23:10:03.425 [debug] Nexus.Identity.Projectors.UserRegistrationProjector is shutting down due to %Postgrex.Error{message: nil, postgres: %{code: :undefined_column, line: "3721", message: "column i0.id does not exist", position: "8", file: "parse_relation.c", unknown: "ERROR", severity: "ERROR", pg_code: "42703", routine: "errorMissingColumn"}, connection_id: 3155, query: "SELECT i0.\"id\", i0.\"user_id\", i0.\"org_id\", i0.\"locale\", i0.\"timezone\", i0.\"notifications_enabled\", i0.\"created_at\", i0.\"updated_at\" FROM \"identity_user_settings\" AS i0 WHERE (i0.\"id\" = $1)"}
23:10:03.425 [error] GenServer {Nexus.App.LocalRegistry, {Nexus.App, Commanded.Event.Handler, "Identity.Projectors.UserRegistrationProjector"}} terminating
** (stop) %Postgrex.Error{message: nil, postgres: %{code: :undefined_column, line: "3721", message: "column i0.id does not exist", position: "8", file: "parse_relation.c", unknown: "ERROR", severity: "ERROR", pg_code: "42703", routine: "errorMissingColumn"}, connection_id: 3155, query: "SELECT i0.\"id\", i0.\"user_id\", i0.\"org_id\", i0.\"locale\", i0.\"timezone\", i0.\"notifications_enabled\", i0.\"created_at\", i0.\"updated_at\" FROM \"identity_user_settings\" AS i0 WHERE (i0.\"id\" = $1)"}
Last message: {:events, [%Commanded.EventStore.RecordedEvent{event_id: "282ec866-f518-44ed-95f6-7a535d6c3e25", event_number: 11262, stream_id: "019d0c26-0b00-74a0-bd6d-48329cf61a57", stream_version: 1, causation_id: "d64809a4-8402-4360-8536-99b7a0f860ca", correlation_id: "e0f4b4bb-483c-4914-aaaa-956d1587d67e", event_type: "Elixir.Nexus.Identity.Events.UserRegistered", data: %Nexus.Identity.Events.UserRegistered{user_id: "019d0c26-0b00-74a0-bd6d-48329cf61a57", org_id: "019d0c26-0b00-74a0-8884-24b7b734f296", email: "test@example.com", role: "system_admin", cose_key: "Ym9vdHN0cmFwX2Nvc2Vfa2V5", credential_id: "Ym9vdHN0cmFwX2NyZWRlbnRpYWxfaWQ=", registered_at: "2026-03-20T16:48:33.024173Z", display_name: "Test User", status: "active"}, created_at: ~U[2026-03-20 16:48:33.025211Z], metadata: %{"causation_id" => "019d0c26-0b00-71d0-a1d2-041f55e92cfc", "correlation_id" => "019d0c26-0b00-71d0-a1d2-041f55e92cfc"}}]}
State: %Commanded.Event.Handler{application: Nexus.App, consistency: :strong, handler_callback: :event, handler_name: "Identity.Projectors.UserRegistrationProjector", handler_module: Nexus.Identity.Projectors.UserRegistrationProjector, handler_state: nil, last_seen_event: nil, subscription: %Commanded.EventStore.Subscription{application: Nexus.App, backoff: {:backoff, 1000, 60000, 1000, :jitter, :undefined, :undefined}, concurrency: 1, partition_by: nil, subscribe_to: :all, subscribe_from: :origin, subscription_name: "Identity.Projectors.UserRegistrationProjector", subscription_opts: [], subscription_pid: #PID<0.2926.0>, subscription_ref: #Reference<0.504251661.3394502657.227239>}, subscribe_timer: nil}
23:10:03.426 [debug] Subscription "Identity.Projectors.UserRegistrationProjector"@"$all" subscriber #PID<0.2925.0> down due to: %Postgrex.Error{message: nil, postgres: %{code: :undefined_column, line: "3721", message: "column i0.id does not exist", position: "8", file: "parse_relation.c", unknown: "ERROR", severity: "ERROR", pg_code: "42703", routine: "errorMissingColumn"}, connection_id: 3155, query: "SELECT i0.\"id\", i0.\"user_id\", i0.\"org_id\", i0.\"locale\", i0.\"timezone\", i0.\"notifications_enabled\", i0.\"created_at\", i0.\"updated_at\" FROM \"identity_user_settings\" AS i0 WHERE (i0.\"id\" = $1)"}
23:10:03.426 [debug] Subscription "Identity.Projectors.UserRegistrationProjector"@"$all" has no subscribers, shutting down
23:10:03.426 [error] GenServer {Nexus.EventStore.EventStore.Subscriptions.Registry, {"$all", "Identity.Projectors.UserRegistrationProjector"}} terminating
** (stop) %Postgrex.Error{message: nil, postgres: %{code: :undefined_column, line: "3721", message: "column i0.id does not exist", position: "8", file: "parse_relation.c", unknown: "ERROR", severity: "ERROR", pg_code: "42703", routine: "errorMissingColumn"}, connection_id: 3155, query: "SELECT i0.\"id\", i0.\"user_id\", i0.\"org_id\", i0.\"locale\", i0.\"timezone\", i0.\"notifications_enabled\", i0.\"created_at\", i0.\"updated_at\" FROM \"identity_user_settings\" AS i0 WHERE (i0.\"id\" = $1)"}
Last message: {:DOWN, #Reference<0.504251661.3394502657.227214>, :process, #PID<0.2925.0>, %Postgrex.Error{message: nil, postgres: %{code: :undefined_column, line: "3721", message: "column i0.id does not exist", position: "8", file: "parse_relation.c", unknown: "ERROR", severity: "ERROR", pg_code: "42703", routine: "errorMissingColumn"}, connection_id: 3155, query: "SELECT i0.\"id\", i0.\"user_id\", i0.\"org_id\", i0.\"locale\", i0.\"timezone\", i0.\"notifications_enabled\", i0.\"created_at\", i0.\"updated_at\" FROM \"identity_user_settings\" AS i0 WHERE (i0.\"id\" = $1)"}}
State: %EventStore.Subscriptions.Subscription{stream_uuid: "$all", subscription_name: "Identity.Projectors.UserRegistrationProjector", subscription: %EventStore.Subscriptions.SubscriptionFsm{state: :unsubscribed, data: %EventStore.Subscriptions.SubscriptionState{conn: Nexus.EventStore.Postgrex, event_store: Nexus.EventStore, serializer: Commanded.Serialization.JsonSerializer, schema: "event_store", stream_uuid: "$all", start_from: 0, subscription_name: "Identity.Projectors.UserRegistrationProjector", subscription_id: 405, selector: nil, mapper: &Commanded.EventStore.Adapters.EventStore.Mapper.from_recorded_event/1, max_size: 1000, partition_by: nil, query_timeout: 15000, lock_ref: #Reference<0.504251661.3394502657.227236>, last_received: 12228, last_sent: 11262, last_ack: 11261, queue_size: 967, buffer_size: 1, checkpoint_after: 0, checkpoint_threshold: 1, checkpoint_timer_ref: nil, checkpoints_pending: 0, subscribers: %{}, partitions: %{nil: {[%EventStore.RecordedEvent{event_number: 12228, event_id: "09c135f3-e6cb-49bc-81c3-586b4a99fd72", stream_uuid: "ba9ba3da-fea6-48d9-9922-befe7026f5cc", stream_version: 3, correlation_id: "902485ee-cc53-4803-804a-6d742585af10", causation_id: "01922623-15ce-4222-be02-54e41f028373", event_type: "Elixir.Nexus.Identity.Events.SettingsUpdated", data: %Nexus.Identity.Events.SettingsUpdated{org_id: "59134142-de0c-401f-84cf-01b308e7beea", user_id: "ba9ba3da-fea6-48d9-9922-befe7026f5cc", locale: "fr", timezone: "Europe/Paris", notifications_enabled: true, updated_at: "2026-03-20T23:10:03.003466Z"}, metadata: %{"causation_id" => "019d0d83-50fb-76b9-b3c3-9f9ffff96169", "correlation_id" => "019d0d83-50fb-76b9-b3c3-9f9ffff96169"}, created_at: ~U[2026-03-20 23:10:03.004032Z]}, %EventStore.RecordedEvent{event_number: 12227, event_id: "2cb7e60f-876a-4b3d-a0cf-79ce787ffc73", stream_uuid: "ba9ba3da-fea6-48d9-9922-befe7026f5cc", stream_version: 2, correlation_id: "a1777de2-55b0-4c36-b14b-9bfd78376f7d", causation_id: "e52f51cf-cba6-4432-b5ca-53a579ec6263", event_type: "Elixir.Nexus.Identity.Events.SessionStarted", data: %Nexus.Identity.Events.SessionStarted{org_id: "59134142-de0c-401f-84cf-01b308e7beea", user_id: "ba9ba3da-fea6-48d9-9922-befe7026f5cc", session_id: "684b6bac-827a-4ceb-9861-846a2b7f892e", session_token: "mock-token", user_agent: "Mozilla/5.0 (Macintosh; Intel Mac OS X 10_15_7)", ip_address: "127.0.0.1", started_at: "2026-03-20T23:10:02.900974Z"}, metadata: %{"causation_id" => "019d0d83-5095-7a69-8847-4462525e408d", "correlation_id" => "019d0d83-5095-7a69-8847-4462525e408d"}, created_at: ~U[2026-03-20 23:10:02.901379Z]}, %EventStore.RecordedEvent{event_number: 12226, event_id: "c30b19ec-e929-472c-ac8b-a5a8711e9b70", stream_uuid: "ba9ba3da-fea6-48d9-9922-befe7026f5cc", stream_version: 1, correlation_id: "63930bf3-6d78-4bb8-965e-020e650c1443", causation_id: "fad08287-ca47-4012-b1b3-738e408b6cd2", event_type: "Elixir.Nexus.Identity.Events.UserRegistered", data: %Nexus.Identity.Events.UserRegistered{user_id: "ba9ba3da-fea6-48d9-9922-befe7026f5cc", org_id: "59134142-de0c-401f-84cf-01b308e7beea", email: "bernard-4558122c-37ba-45b3-ae3e-a2f7b861c40b@nexus.financial", role: "admin", cose_key: "bW9jaw==", credential_id: "bW9jaw==", registered_at: "2026-03-20T23:10:02.697332Z", display_name: "Bernard", status: "active"}, metadata: %{"causation_id" => "019d0d83-4fc9-7634-8690-906da3e4e15a", "correlation_id" => "019d0d83-4fc9-7634-8690-906da3e4e15a"}, created_at: ~U[2026-03-20 23:10:02.698223Z]}, %EventStore.RecordedEvent{event_number: 12225, event_id: "8338242a-cf94-4b71-aa99-a06cb12a5902", stream_uuid: "019d0d83-4d63-7c0f-8998-bde5f58f823e", stream_version: 3, correlation_id: "497bc4b2-89c2-447e-a743-b61b2ed2adbf", causation_id: "9c8c1acc-d317-4eff-b688-0480de89ec6a", ...}, ...], ...}}, ...}}, ...}
23:10:03.426 [debug] Nexus.Identity.Projectors.UserRegistrationProjector is shutting down due to {%Postgrex.Error{message: nil, postgres: %{code: :undefined_column, line: "3721", message: "column i0.id does not exist", position: "8", file: "parse_relation.c", unknown: "ERROR", severity: "ERROR", pg_code: "42703", routine: "errorMissingColumn"}, connection_id: 3155, query: "SELECT i0.\"id\", i0.\"user_id\", i0.\"org_id\", i0.\"locale\", i0.\"timezone\", i0.\"notifications_enabled\", i0.\"created_at\", i0.\"updated_at\" FROM \"identity_user_settings\" AS i0 WHERE (i0.\"id\" = $1)"}, {GenServer, :call, [#PID<0.2926.0>, {:connect, #PID<0.2927.0>, [retry_interval: 60000, hibernate_after: 15000, partition_by: nil, concurrency_limit: 1, name: Nexus.EventStore, mapper: &Commanded.EventStore.Adapters.EventStore.Mapper.from_recorded_event/1, conn: Nexus.EventStore.Postgrex, event_store: Nexus.EventStore, query_timeout: 15000, schema: "event_store", serializer: Commanded.Serialization.JsonSerializer, stream_uuid: "$all", subscription_name: "Identity.Projectors.UserRegistrationProjector", start_from: 0]}, 5000]}}
23:10:03.426 [error] GenServer {Nexus.App.LocalRegistry, {Nexus.App, Commanded.Event.Handler, "Identity.Projectors.UserRegistrationProjector"}} terminating
** (stop) exited in: GenServer.call(#PID<0.2926.0>, {:connect, #PID<0.2927.0>, [retry_interval: 60000, hibernate_after: 15000, partition_by: nil, concurrency_limit: 1, name: Nexus.EventStore, mapper: &Commanded.EventStore.Adapters.EventStore.Mapper.from_recorded_event/1, conn: Nexus.EventStore.Postgrex, event_store: Nexus.EventStore, query_timeout: 15000, schema: "event_store", serializer: Commanded.Serialization.JsonSerializer, stream_uuid: "$all", subscription_name: "Identity.Projectors.UserRegistrationProjector", start_from: 0]}, 5000)
    ** (EXIT) %Postgrex.Error{message: nil, postgres: %{code: :undefined_column, line: "3721", message: "column i0.id does not exist", position: "8", file: "parse_relation.c", unknown: "ERROR", severity: "ERROR", pg_code: "42703", routine: "errorMissingColumn"}, connection_id: 3155, query: "SELECT i0.\"id\", i0.\"user_id\", i0.\"org_id\", i0.\"locale\", i0.\"timezone\", i0.\"notifications_enabled\", i0.\"created_at\", i0.\"updated_at\" FROM \"identity_user_settings\" AS i0 WHERE (i0.\"id\" = $1)"}
    (elixir 1.19.5) lib/gen_server.ex:1142: GenServer.call/3
    (commanded 1.4.9) lib/commanded/event_store.ex:289: anonymous fn/2 in Commanded.EventStore.span/3
    (telemetry 1.3.0) /Users/bernard/dev/nexus/deps/telemetry/src/telemetry.erl:324: :telemetry.span/3
    (commanded 1.4.9) lib/commanded/event_store/subscription.ex:58: Commanded.EventStore.Subscription.subscribe/2
    (commanded 1.4.9) lib/commanded/event/handler.ex:1024: Commanded.Event.Handler.subscribe_to_events/1
    (commanded 1.4.9) lib/commanded/event/handler.ex:887: Commanded.Event.Handler.handle_continue/2
    (stdlib 7.1) gen_server.erl:2424: :gen_server.try_handle_continue/3
    (stdlib 7.1) gen_server.erl:2291: :gen_server.loop/4
    (stdlib 7.1) proc_lib.erl:333: :proc_lib.init_p_do_apply/3
Last message: {:continue, :subscribe_to_events}
State: %Commanded.Event.Handler{application: Nexus.App, consistency: :strong, handler_callback: :event, handler_name: "Identity.Projectors.UserRegistrationProjector", handler_module: Nexus.Identity.Projectors.UserRegistrationProjector, handler_state: nil, last_seen_event: nil, subscription: %Commanded.EventStore.Subscription{application: Nexus.App, backoff: {:backoff, 1000, 60000, 1000, :jitter, :undefined, :undefined}, concurrency: 1, partition_by: nil, subscribe_to: :all, subscribe_from: :origin, subscription_name: "Identity.Projectors.UserRegistrationProjector", subscription_opts: [], subscription_pid: nil, subscription_ref: nil}, subscribe_timer: nil}
23:10:03.427 [debug] Subscription "Identity.Projectors.UserRegistrationProjector"@"$all" attempting to connect subscriber #PID<0.2928.0>
23:10:03.428 [debug] Subscription "Identity.Projectors.UserRegistrationProjector"@"$all" catching-up
23:10:03.428 [debug] Nexus.Identity.Projectors.UserRegistrationProjector has successfully subscribed to event store
23:10:03.441 [debug] Nexus.Identity.Projectors.UserRegistrationProjector received events: [%Commanded.EventStore.RecordedEvent{event_id: "282ec866-f518-44ed-95f6-7a535d6c3e25", event_number: 11262, stream_id: "019d0c26-0b00-74a0-bd6d-48329cf61a57", stream_version: 1, causation_id: "d64809a4-8402-4360-8536-99b7a0f860ca", correlation_id: "e0f4b4bb-483c-4914-aaaa-956d1587d67e", event_type: "Elixir.Nexus.Identity.Events.UserRegistered", data: %Nexus.Identity.Events.UserRegistered{user_id: "019d0c26-0b00-74a0-bd6d-48329cf61a57", org_id: "019d0c26-0b00-74a0-8884-24b7b734f296", email: "test@example.com", role: "system_admin", cose_key: "Ym9vdHN0cmFwX2Nvc2Vfa2V5", credential_id: "Ym9vdHN0cmFwX2NyZWRlbnRpYWxfaWQ=", registered_at: "2026-03-20T16:48:33.024173Z", display_name: "Test User", status: "active"}, created_at: ~U[2026-03-20 16:48:33.025211Z], metadata: %{"causation_id" => "019d0c26-0b00-71d0-a1d2-041f55e92cfc", "correlation_id" => "019d0c26-0b00-71d0-a1d2-041f55e92cfc"}}]
23:10:03.442 [debug] QUERY OK db=0.1ms
begin []
23:10:03.442 [debug] QUERY OK source="projection_versions" db=0.1ms
INSERT INTO "projection_versions" AS p0 ("projection_name","last_seen_event_number","inserted_at","updated_at") VALUES ($1,$2,$3,$4) ON CONFLICT ("projection_name") DO UPDATE SET "last_seen_event_number" = $5 WHERE ((p0."projection_name" = $6) AND (p0."last_seen_event_number" < $7)) ["Identity.Projectors.UserRegistrationProjector", 11262, ~N[2026-03-20 23:10:03.442166], ~N[2026-03-20 23:10:03.442166], 11262, "Identity.Projectors.UserRegistrationProjector", 11262]
23:10:03.442 [debug] QUERY OK source="users" db=0.1ms
SELECT u0."id", u0."org_id", u0."email", u0."display_name", u0."status", u0."cose_key", u0."credential_id", u0."roles", u0."created_at", u0."updated_at" FROM "users" AS u0 WHERE (u0."id" = $1) ["019d0c26-0b00-74a0-bd6d-48329cf61a57"]
23:10:03.442 [debug] QUERY OK source="users" db=0.1ms
SELECT u0."id", u0."org_id", u0."email", u0."display_name", u0."status", u0."cose_key", u0."credential_id", u0."roles", u0."created_at", u0."updated_at" FROM "users" AS u0 WHERE (u0."email" = $1) ["test@example.com"]
23:10:03.442 [debug] QUERY OK source="users" db=0.1ms
INSERT INTO "users" ("id","status","org_id","email","display_name","roles","cose_key","credential_id","created_at","updated_at") VALUES ($1,$2,$3,$4,$5,$6,$7,$8,$9,$10) ["019d0c26-0b00-74a0-bd6d-48329cf61a57", "active", "019d0c26-0b00-74a0-8884-24b7b734f296", "test@example.com", "Test User", ["system_admin"], "bootstrap_cose_key", "bootstrap_credential_id", ~U[2026-03-20 23:10:03.442774Z], ~U[2026-03-20 23:10:03.442774Z]]
23:10:03.443 [debug] QUERY ERROR source="identity_user_settings" db=0.0ms
SELECT i0."id", i0."user_id", i0."org_id", i0."locale", i0."timezone", i0."notifications_enabled", i0."created_at", i0."updated_at" FROM "identity_user_settings" AS i0 WHERE (i0."id" = $1) ["019d0c26-0b00-74a0-bd6d-48329cf61a57"]
23:10:03.443 [debug] QUERY OK db=0.1ms
rollback []
23:10:03.444 [error] Nexus.Identity.Projectors.UserRegistrationProjector failed to handle event:
%Commanded.EventStore.RecordedEvent{
  event_id: "282ec866-f518-44ed-95f6-7a535d6c3e25",
  event_number: 11262,
  stream_id: "019d0c26-0b00-74a0-bd6d-48329cf61a57",
  stream_version: 1,
  causation_id: "d64809a4-8402-4360-8536-99b7a0f860ca",
  correlation_id: "e0f4b4bb-483c-4914-aaaa-956d1587d67e",
  event_type: "Elixir.Nexus.Identity.Events.UserRegistered",
  data: %Nexus.Identity.Events.UserRegistered{
    user_id: "019d0c26-0b00-74a0-bd6d-48329cf61a57",
    org_id: "019d0c26-0b00-74a0-8884-24b7b734f296",
    email: "test@example.com",
    role: "system_admin",
    cose_key: "Ym9vdHN0cmFwX2Nvc2Vfa2V5",
    credential_id: "Ym9vdHN0cmFwX2NyZWRlbnRpYWxfaWQ=",
    registered_at: "2026-03-20T16:48:33.024173Z",
    display_name: "Test User",
    status: "active"
  },
  created_at: ~U[2026-03-20 16:48:33.025211Z],
  metadata: %{
    "causation_id" => "019d0c26-0b00-71d0-a1d2-041f55e92cfc",
    "correlation_id" => "019d0c26-0b00-71d0-a1d2-041f55e92cfc"
  }
}, due to:
** (Postgrex.Error) ERROR 42703 (undefined_column) column i0.id does not exist

    query: SELECT i0."id", i0."user_id", i0."org_id", i0."locale", i0."timezone", i0."notifications_enabled", i0."created_at", i0."updated_at" FROM "identity_user_settings" AS i0 WHERE (i0."id" = $1)
    (ecto_sql 3.13.4) lib/ecto/adapters/sql.ex:1113: Ecto.Adapters.SQL.raise_sql_call_error/1
    (ecto_sql 3.13.4) lib/ecto/adapters/sql.ex:1011: Ecto.Adapters.SQL.execute/6
    (ecto 3.13.5) lib/ecto/repo/queryable.ex:241: Ecto.Repo.Queryable.execute/4
    (ecto 3.13.5) lib/ecto/repo/queryable.ex:19: Ecto.Repo.Queryable.all/3
    (ecto 3.13.5) lib/ecto/repo/queryable.ex:163: Ecto.Repo.Queryable.one/3
    (nexus 0.1.0) lib/nexus/identity/projectors/user_registration_projector.ex:53: anonymous fn/3 in Nexus.Identity.Projectors.UserRegistrationProjector.project_registration/3
    (ecto 3.13.5) lib/ecto/multi.ex:905: Ecto.Multi.apply_operation/5
    (elixir 1.19.5) lib/enum.ex:2520: Enum."-reduce/3-lists^foldl/2-0-"/3
    (ecto 3.13.5) lib/ecto/multi.ex:878: anonymous fn/5 in Ecto.Multi.apply_operations/5
    (ecto_sql 3.13.4) lib/ecto/adapters/sql.ex:1473: anonymous fn/3 in Ecto.Adapters.SQL.checkout_or_transaction/4
    (db_connection 2.9.0) lib/db_connection.ex:1747: DBConnection.run_transaction/4
    (ecto 3.13.5) lib/ecto/repo/transaction.ex:30: Ecto.Repo.Transaction.transact/4
    (nexus 0.1.0) deps/commanded_ecto_projections/lib/projections/ecto.ex:97: Nexus.Identity.Projectors.UserRegistrationProjector.update_projection/3
    (commanded 1.4.9) lib/commanded/event/handler.ex:1221: Commanded.Event.Handler.delegate_event_to_handler/2
    (commanded 1.4.9) lib/commanded/event/handler.ex:1062: Commanded.Event.Handler.handle_event/3
    (elixir 1.19.5) lib/enum.ex:2520: Enum."-reduce/3-lists^foldl/2-0-"/3
    (commanded 1.4.9) lib/commanded/event/handler.ex:969: Commanded.Event.Handler.handle_info/2
    (stdlib 7.1) gen_server.erl:2434: :gen_server.try_handle_info/3
    (stdlib 7.1) gen_server.erl:2420: :gen_server.handle_msg/3
    (stdlib 7.1) proc_lib.erl:333: :proc_lib.init_p_do_apply/3

23:10:03.444 [warning] Nexus.Identity.Projectors.UserRegistrationProjector has requested to stop: %Postgrex.Error{message: nil, postgres: %{code: :undefined_column, line: "3721", message: "column i0.id does not exist", position: "8", file: "parse_relation.c", unknown: "ERROR", severity: "ERROR", pg_code: "42703", routine: "errorMissingColumn"}, connection_id: 3155, query: "SELECT i0.\"id\", i0.\"user_id\", i0.\"org_id\", i0.\"locale\", i0.\"timezone\", i0.\"notifications_enabled\", i0.\"created_at\", i0.\"updated_at\" FROM \"identity_user_settings\" AS i0 WHERE (i0.\"id\" = $1)"}
23:10:03.444 [debug] Nexus.Identity.Projectors.UserRegistrationProjector is shutting down due to %Postgrex.Error{message: nil, postgres: %{code: :undefined_column, line: "3721", message: "column i0.id does not exist", position: "8", file: "parse_relation.c", unknown: "ERROR", severity: "ERROR", pg_code: "42703", routine: "errorMissingColumn"}, connection_id: 3155, query: "SELECT i0.\"id\", i0.\"user_id\", i0.\"org_id\", i0.\"locale\", i0.\"timezone\", i0.\"notifications_enabled\", i0.\"created_at\", i0.\"updated_at\" FROM \"identity_user_settings\" AS i0 WHERE (i0.\"id\" = $1)"}
23:10:03.444 [error] GenServer {Nexus.App.LocalRegistry, {Nexus.App, Commanded.Event.Handler, "Identity.Projectors.UserRegistrationProjector"}} terminating
** (stop) %Postgrex.Error{message: nil, postgres: %{code: :undefined_column, line: "3721", message: "column i0.id does not exist", position: "8", file: "parse_relation.c", unknown: "ERROR", severity: "ERROR", pg_code: "42703", routine: "errorMissingColumn"}, connection_id: 3155, query: "SELECT i0.\"id\", i0.\"user_id\", i0.\"org_id\", i0.\"locale\", i0.\"timezone\", i0.\"notifications_enabled\", i0.\"created_at\", i0.\"updated_at\" FROM \"identity_user_settings\" AS i0 WHERE (i0.\"id\" = $1)"}
Last message: {:events, [%Commanded.EventStore.RecordedEvent{event_id: "282ec866-f518-44ed-95f6-7a535d6c3e25", event_number: 11262, stream_id: "019d0c26-0b00-74a0-bd6d-48329cf61a57", stream_version: 1, causation_id: "d64809a4-8402-4360-8536-99b7a0f860ca", correlation_id: "e0f4b4bb-483c-4914-aaaa-956d1587d67e", event_type: "Elixir.Nexus.Identity.Events.UserRegistered", data: %Nexus.Identity.Events.UserRegistered{user_id: "019d0c26-0b00-74a0-bd6d-48329cf61a57", org_id: "019d0c26-0b00-74a0-8884-24b7b734f296", email: "test@example.com", role: "system_admin", cose_key: "Ym9vdHN0cmFwX2Nvc2Vfa2V5", credential_id: "Ym9vdHN0cmFwX2NyZWRlbnRpYWxfaWQ=", registered_at: "2026-03-20T16:48:33.024173Z", display_name: "Test User", status: "active"}, created_at: ~U[2026-03-20 16:48:33.025211Z], metadata: %{"causation_id" => "019d0c26-0b00-71d0-a1d2-041f55e92cfc", "correlation_id" => "019d0c26-0b00-71d0-a1d2-041f55e92cfc"}}]}
State: %Commanded.Event.Handler{application: Nexus.App, consistency: :strong, handler_callback: :event, handler_name: "Identity.Projectors.UserRegistrationProjector", handler_module: Nexus.Identity.Projectors.UserRegistrationProjector, handler_state: nil, last_seen_event: nil, subscription: %Commanded.EventStore.Subscription{application: Nexus.App, backoff: {:backoff, 1000, 60000, 1000, :jitter, :undefined, :undefined}, concurrency: 1, partition_by: nil, subscribe_to: :all, subscribe_from: :origin, subscription_name: "Identity.Projectors.UserRegistrationProjector", subscription_opts: [], subscription_pid: #PID<0.2929.0>, subscription_ref: #Reference<0.504251661.3394502658.78705>}, subscribe_timer: nil}
23:10:03.444 [debug] Subscription "Identity.Projectors.UserRegistrationProjector"@"$all" subscriber #PID<0.2928.0> down due to: %Postgrex.Error{message: nil, postgres: %{code: :undefined_column, line: "3721", message: "column i0.id does not exist", position: "8", file: "parse_relation.c", unknown: "ERROR", severity: "ERROR", pg_code: "42703", routine: "errorMissingColumn"}, connection_id: 3155, query: "SELECT i0.\"id\", i0.\"user_id\", i0.\"org_id\", i0.\"locale\", i0.\"timezone\", i0.\"notifications_enabled\", i0.\"created_at\", i0.\"updated_at\" FROM \"identity_user_settings\" AS i0 WHERE (i0.\"id\" = $1)"}
23:10:03.444 [debug] Subscription "Identity.Projectors.UserRegistrationProjector"@"$all" has no subscribers, shutting down
23:10:03.444 [error] GenServer {Nexus.EventStore.EventStore.Subscriptions.Registry, {"$all", "Identity.Projectors.UserRegistrationProjector"}} terminating
** (stop) %Postgrex.Error{message: nil, postgres: %{code: :undefined_column, line: "3721", message: "column i0.id does not exist", position: "8", file: "parse_relation.c", unknown: "ERROR", severity: "ERROR", pg_code: "42703", routine: "errorMissingColumn"}, connection_id: 3155, query: "SELECT i0.\"id\", i0.\"user_id\", i0.\"org_id\", i0.\"locale\", i0.\"timezone\", i0.\"notifications_enabled\", i0.\"created_at\", i0.\"updated_at\" FROM \"identity_user_settings\" AS i0 WHERE (i0.\"id\" = $1)"}
Last message: {:DOWN, #Reference<0.504251661.3394502657.227433>, :process, #PID<0.2928.0>, %Postgrex.Error{message: nil, postgres: %{code: :undefined_column, line: "3721", message: "column i0.id does not exist", position: "8", file: "parse_relation.c", unknown: "ERROR", severity: "ERROR", pg_code: "42703", routine: "errorMissingColumn"}, connection_id: 3155, query: "SELECT i0.\"id\", i0.\"user_id\", i0.\"org_id\", i0.\"locale\", i0.\"timezone\", i0.\"notifications_enabled\", i0.\"created_at\", i0.\"updated_at\" FROM \"identity_user_settings\" AS i0 WHERE (i0.\"id\" = $1)"}}
State: %EventStore.Subscriptions.Subscription{stream_uuid: "$all", subscription_name: "Identity.Projectors.UserRegistrationProjector", subscription: %EventStore.Subscriptions.SubscriptionFsm{state: :unsubscribed, data: %EventStore.Subscriptions.SubscriptionState{conn: Nexus.EventStore.Postgrex, event_store: Nexus.EventStore, serializer: Commanded.Serialization.JsonSerializer, schema: "event_store", stream_uuid: "$all", start_from: 0, subscription_name: "Identity.Projectors.UserRegistrationProjector", subscription_id: 405, selector: nil, mapper: &Commanded.EventStore.Adapters.EventStore.Mapper.from_recorded_event/1, max_size: 1000, partition_by: nil, query_timeout: 15000, lock_ref: #Reference<0.504251661.3394502657.227442>, last_received: 12228, last_sent: 11262, last_ack: 11261, queue_size: 967, buffer_size: 1, checkpoint_after: 0, checkpoint_threshold: 1, checkpoint_timer_ref: nil, checkpoints_pending: 0, subscribers: %{}, partitions: %{nil: {[%EventStore.RecordedEvent{event_number: 12228, event_id: "09c135f3-e6cb-49bc-81c3-586b4a99fd72", stream_uuid: "ba9ba3da-fea6-48d9-9922-befe7026f5cc", stream_version: 3, correlation_id: "902485ee-cc53-4803-804a-6d742585af10", causation_id: "01922623-15ce-4222-be02-54e41f028373", event_type: "Elixir.Nexus.Identity.Events.SettingsUpdated", data: %Nexus.Identity.Events.SettingsUpdated{org_id: "59134142-de0c-401f-84cf-01b308e7beea", user_id: "ba9ba3da-fea6-48d9-9922-befe7026f5cc", locale: "fr", timezone: "Europe/Paris", notifications_enabled: true, updated_at: "2026-03-20T23:10:03.003466Z"}, metadata: %{"causation_id" => "019d0d83-50fb-76b9-b3c3-9f9ffff96169", "correlation_id" => "019d0d83-50fb-76b9-b3c3-9f9ffff96169"}, created_at: ~U[2026-03-20 23:10:03.004032Z]}, %EventStore.RecordedEvent{event_number: 12227, event_id: "2cb7e60f-876a-4b3d-a0cf-79ce787ffc73", stream_uuid: "ba9ba3da-fea6-48d9-9922-befe7026f5cc", stream_version: 2, correlation_id: "a1777de2-55b0-4c36-b14b-9bfd78376f7d", causation_id: "e52f51cf-cba6-4432-b5ca-53a579ec6263", event_type: "Elixir.Nexus.Identity.Events.SessionStarted", data: %Nexus.Identity.Events.SessionStarted{org_id: "59134142-de0c-401f-84cf-01b308e7beea", user_id: "ba9ba3da-fea6-48d9-9922-befe7026f5cc", session_id: "684b6bac-827a-4ceb-9861-846a2b7f892e", session_token: "mock-token", user_agent: "Mozilla/5.0 (Macintosh; Intel Mac OS X 10_15_7)", ip_address: "127.0.0.1", started_at: "2026-03-20T23:10:02.900974Z"}, metadata: %{"causation_id" => "019d0d83-5095-7a69-8847-4462525e408d", "correlation_id" => "019d0d83-5095-7a69-8847-4462525e408d"}, created_at: ~U[2026-03-20 23:10:02.901379Z]}, %EventStore.RecordedEvent{event_number: 12226, event_id: "c30b19ec-e929-472c-ac8b-a5a8711e9b70", stream_uuid: "ba9ba3da-fea6-48d9-9922-befe7026f5cc", stream_version: 1, correlation_id: "63930bf3-6d78-4bb8-965e-020e650c1443", causation_id: "fad08287-ca47-4012-b1b3-738e408b6cd2", event_type: "Elixir.Nexus.Identity.Events.UserRegistered", data: %Nexus.Identity.Events.UserRegistered{user_id: "ba9ba3da-fea6-48d9-9922-befe7026f5cc", org_id: "59134142-de0c-401f-84cf-01b308e7beea", email: "bernard-4558122c-37ba-45b3-ae3e-a2f7b861c40b@nexus.financial", role: "admin", cose_key: "bW9jaw==", credential_id: "bW9jaw==", registered_at: "2026-03-20T23:10:02.697332Z", display_name: "Bernard", status: "active"}, metadata: %{"causation_id" => "019d0d83-4fc9-7634-8690-906da3e4e15a", "correlation_id" => "019d0d83-4fc9-7634-8690-906da3e4e15a"}, created_at: ~U[2026-03-20 23:10:02.698223Z]}, %EventStore.RecordedEvent{event_number: 12225, event_id: "8338242a-cf94-4b71-aa99-a06cb12a5902", stream_uuid: "019d0d83-4d63-7c0f-8998-bde5f58f823e", stream_version: 3, correlation_id: "497bc4b2-89c2-447e-a743-b61b2ed2adbf", causation_id: "9c8c1acc-d317-4eff-b688-0480de89ec6a", ...}, ...], ...}}, ...}}, ...}
23:10:03.445 [debug] Nexus.Identity.Projectors.UserRegistrationProjector is shutting down due to {%Postgrex.Error{message: nil, postgres: %{code: :undefined_column, line: "3721", message: "column i0.id does not exist", position: "8", file: "parse_relation.c", unknown: "ERROR", severity: "ERROR", pg_code: "42703", routine: "errorMissingColumn"}, connection_id: 3155, query: "SELECT i0.\"id\", i0.\"user_id\", i0.\"org_id\", i0.\"locale\", i0.\"timezone\", i0.\"notifications_enabled\", i0.\"created_at\", i0.\"updated_at\" FROM \"identity_user_settings\" AS i0 WHERE (i0.\"id\" = $1)"}, {GenServer, :call, [#PID<0.2929.0>, {:connect, #PID<0.2930.0>, [retry_interval: 60000, hibernate_after: 15000, partition_by: nil, concurrency_limit: 1, name: Nexus.EventStore, mapper: &Commanded.EventStore.Adapters.EventStore.Mapper.from_recorded_event/1, conn: Nexus.EventStore.Postgrex, event_store: Nexus.EventStore, query_timeout: 15000, schema: "event_store", serializer: Commanded.Serialization.JsonSerializer, stream_uuid: "$all", subscription_name: "Identity.Projectors.UserRegistrationProjector", start_from: 0]}, 5000]}}
23:10:03.445 [error] GenServer {Nexus.App.LocalRegistry, {Nexus.App, Commanded.Event.Handler, "Identity.Projectors.UserRegistrationProjector"}} terminating
** (stop) exited in: GenServer.call(#PID<0.2929.0>, {:connect, #PID<0.2930.0>, [retry_interval: 60000, hibernate_after: 15000, partition_by: nil, concurrency_limit: 1, name: Nexus.EventStore, mapper: &Commanded.EventStore.Adapters.EventStore.Mapper.from_recorded_event/1, conn: Nexus.EventStore.Postgrex, event_store: Nexus.EventStore, query_timeout: 15000, schema: "event_store", serializer: Commanded.Serialization.JsonSerializer, stream_uuid: "$all", subscription_name: "Identity.Projectors.UserRegistrationProjector", start_from: 0]}, 5000)
    ** (EXIT) %Postgrex.Error{message: nil, postgres: %{code: :undefined_column, line: "3721", message: "column i0.id does not exist", position: "8", file: "parse_relation.c", unknown: "ERROR", severity: "ERROR", pg_code: "42703", routine: "errorMissingColumn"}, connection_id: 3155, query: "SELECT i0.\"id\", i0.\"user_id\", i0.\"org_id\", i0.\"locale\", i0.\"timezone\", i0.\"notifications_enabled\", i0.\"created_at\", i0.\"updated_at\" FROM \"identity_user_settings\" AS i0 WHERE (i0.\"id\" = $1)"}
    (elixir 1.19.5) lib/gen_server.ex:1142: GenServer.call/3
    (commanded 1.4.9) lib/commanded/event_store.ex:289: anonymous fn/2 in Commanded.EventStore.span/3
    (telemetry 1.3.0) /Users/bernard/dev/nexus/deps/telemetry/src/telemetry.erl:324: :telemetry.span/3
    (commanded 1.4.9) lib/commanded/event_store/subscription.ex:58: Commanded.EventStore.Subscription.subscribe/2
    (commanded 1.4.9) lib/commanded/event/handler.ex:1024: Commanded.Event.Handler.subscribe_to_events/1
    (commanded 1.4.9) lib/commanded/event/handler.ex:887: Commanded.Event.Handler.handle_continue/2
    (stdlib 7.1) gen_server.erl:2424: :gen_server.try_handle_continue/3
    (stdlib 7.1) gen_server.erl:2291: :gen_server.loop/4
    (stdlib 7.1) proc_lib.erl:333: :proc_lib.init_p_do_apply/3
Last message: {:continue, :subscribe_to_events}
State: %Commanded.Event.Handler{application: Nexus.App, consistency: :strong, handler_callback: :event, handler_name: "Identity.Projectors.UserRegistrationProjector", handler_module: Nexus.Identity.Projectors.UserRegistrationProjector, handler_state: nil, last_seen_event: nil, subscription: %Commanded.EventStore.Subscription{application: Nexus.App, backoff: {:backoff, 1000, 60000, 1000, :jitter, :undefined, :undefined}, concurrency: 1, partition_by: nil, subscribe_to: :all, subscribe_from: :origin, subscription_name: "Identity.Projectors.UserRegistrationProjector", subscription_opts: [], subscription_pid: nil, subscription_ref: nil}, subscribe_timer: nil}
23:10:03.445 [debug] Subscription "Identity.Projectors.UserRegistrationProjector"@"$all" attempting to connect subscriber #PID<0.2931.0>
23:10:03.446 [debug] Subscription "Identity.Projectors.UserRegistrationProjector"@"$all" catching-up
23:10:03.446 [debug] Nexus.Identity.Projectors.UserRegistrationProjector has successfully subscribed to event store
23:10:03.460 [debug] Nexus.Identity.Projectors.UserRegistrationProjector received events: [%Commanded.EventStore.RecordedEvent{event_id: "282ec866-f518-44ed-95f6-7a535d6c3e25", event_number: 11262, stream_id: "019d0c26-0b00-74a0-bd6d-48329cf61a57", stream_version: 1, causation_id: "d64809a4-8402-4360-8536-99b7a0f860ca", correlation_id: "e0f4b4bb-483c-4914-aaaa-956d1587d67e", event_type: "Elixir.Nexus.Identity.Events.UserRegistered", data: %Nexus.Identity.Events.UserRegistered{user_id: "019d0c26-0b00-74a0-bd6d-48329cf61a57", org_id: "019d0c26-0b00-74a0-8884-24b7b734f296", email: "test@example.com", role: "system_admin", cose_key: "Ym9vdHN0cmFwX2Nvc2Vfa2V5", credential_id: "Ym9vdHN0cmFwX2NyZWRlbnRpYWxfaWQ=", registered_at: "2026-03-20T16:48:33.024173Z", display_name: "Test User", status: "active"}, created_at: ~U[2026-03-20 16:48:33.025211Z], metadata: %{"causation_id" => "019d0c26-0b00-71d0-a1d2-041f55e92cfc", "correlation_id" => "019d0c26-0b00-71d0-a1d2-041f55e92cfc"}}]
23:10:03.460 [debug] QUERY OK db=0.1ms
begin []
23:10:03.461 [debug] QUERY OK source="projection_versions" db=0.1ms
INSERT INTO "projection_versions" AS p0 ("projection_name","last_seen_event_number","inserted_at","updated_at") VALUES ($1,$2,$3,$4) ON CONFLICT ("projection_name") DO UPDATE SET "last_seen_event_number" = $5 WHERE ((p0."projection_name" = $6) AND (p0."last_seen_event_number" < $7)) ["Identity.Projectors.UserRegistrationProjector", 11262, ~N[2026-03-20 23:10:03.460989], ~N[2026-03-20 23:10:03.460989], 11262, "Identity.Projectors.UserRegistrationProjector", 11262]
23:10:03.461 [debug] QUERY OK source="users" db=0.1ms
SELECT u0."id", u0."org_id", u0."email", u0."display_name", u0."status", u0."cose_key", u0."credential_id", u0."roles", u0."created_at", u0."updated_at" FROM "users" AS u0 WHERE (u0."id" = $1) ["019d0c26-0b00-74a0-bd6d-48329cf61a57"]
23:10:03.461 [debug] QUERY OK source="users" db=0.1ms
SELECT u0."id", u0."org_id", u0."email", u0."display_name", u0."status", u0."cose_key", u0."credential_id", u0."roles", u0."created_at", u0."updated_at" FROM "users" AS u0 WHERE (u0."email" = $1) ["test@example.com"]
23:10:03.461 [debug] QUERY OK source="users" db=0.1ms
INSERT INTO "users" ("id","status","org_id","email","display_name","roles","cose_key","credential_id","created_at","updated_at") VALUES ($1,$2,$3,$4,$5,$6,$7,$8,$9,$10) ["019d0c26-0b00-74a0-bd6d-48329cf61a57", "active", "019d0c26-0b00-74a0-8884-24b7b734f296", "test@example.com", "Test User", ["system_admin"], "bootstrap_cose_key", "bootstrap_credential_id", ~U[2026-03-20 23:10:03.461566Z], ~U[2026-03-20 23:10:03.461566Z]]
23:10:03.462 [debug] QUERY ERROR source="identity_user_settings" db=0.0ms
SELECT i0."id", i0."user_id", i0."org_id", i0."locale", i0."timezone", i0."notifications_enabled", i0."created_at", i0."updated_at" FROM "identity_user_settings" AS i0 WHERE (i0."id" = $1) ["019d0c26-0b00-74a0-bd6d-48329cf61a57"]
23:10:03.462 [debug] QUERY OK db=0.1ms
rollback []
23:10:03.463 [error] Nexus.Identity.Projectors.UserRegistrationProjector failed to handle event:
%Commanded.EventStore.RecordedEvent{
  event_id: "282ec866-f518-44ed-95f6-7a535d6c3e25",
  event_number: 11262,
  stream_id: "019d0c26-0b00-74a0-bd6d-48329cf61a57",
  stream_version: 1,
  causation_id: "d64809a4-8402-4360-8536-99b7a0f860ca",
  correlation_id: "e0f4b4bb-483c-4914-aaaa-956d1587d67e",
  event_type: "Elixir.Nexus.Identity.Events.UserRegistered",
  data: %Nexus.Identity.Events.UserRegistered{
    user_id: "019d0c26-0b00-74a0-bd6d-48329cf61a57",
    org_id: "019d0c26-0b00-74a0-8884-24b7b734f296",
    email: "test@example.com",
    role: "system_admin",
    cose_key: "Ym9vdHN0cmFwX2Nvc2Vfa2V5",
    credential_id: "Ym9vdHN0cmFwX2NyZWRlbnRpYWxfaWQ=",
    registered_at: "2026-03-20T16:48:33.024173Z",
    display_name: "Test User",
    status: "active"
  },
  created_at: ~U[2026-03-20 16:48:33.025211Z],
  metadata: %{
    "causation_id" => "019d0c26-0b00-71d0-a1d2-041f55e92cfc",
    "correlation_id" => "019d0c26-0b00-71d0-a1d2-041f55e92cfc"
  }
}, due to:
** (Postgrex.Error) ERROR 42703 (undefined_column) column i0.id does not exist

    query: SELECT i0."id", i0."user_id", i0."org_id", i0."locale", i0."timezone", i0."notifications_enabled", i0."created_at", i0."updated_at" FROM "identity_user_settings" AS i0 WHERE (i0."id" = $1)
    (ecto_sql 3.13.4) lib/ecto/adapters/sql.ex:1113: Ecto.Adapters.SQL.raise_sql_call_error/1
    (ecto_sql 3.13.4) lib/ecto/adapters/sql.ex:1011: Ecto.Adapters.SQL.execute/6
    (ecto 3.13.5) lib/ecto/repo/queryable.ex:241: Ecto.Repo.Queryable.execute/4
    (ecto 3.13.5) lib/ecto/repo/queryable.ex:19: Ecto.Repo.Queryable.all/3
    (ecto 3.13.5) lib/ecto/repo/queryable.ex:163: Ecto.Repo.Queryable.one/3
    (nexus 0.1.0) lib/nexus/identity/projectors/user_registration_projector.ex:53: anonymous fn/3 in Nexus.Identity.Projectors.UserRegistrationProjector.project_registration/3
    (ecto 3.13.5) lib/ecto/multi.ex:905: Ecto.Multi.apply_operation/5
    (elixir 1.19.5) lib/enum.ex:2520: Enum."-reduce/3-lists^foldl/2-0-"/3
    (ecto 3.13.5) lib/ecto/multi.ex:878: anonymous fn/5 in Ecto.Multi.apply_operations/5
    (ecto_sql 3.13.4) lib/ecto/adapters/sql.ex:1473: anonymous fn/3 in Ecto.Adapters.SQL.checkout_or_transaction/4
    (db_connection 2.9.0) lib/db_connection.ex:1747: DBConnection.run_transaction/4
    (ecto 3.13.5) lib/ecto/repo/transaction.ex:30: Ecto.Repo.Transaction.transact/4
    (nexus 0.1.0) deps/commanded_ecto_projections/lib/projections/ecto.ex:97: Nexus.Identity.Projectors.UserRegistrationProjector.update_projection/3
    (commanded 1.4.9) lib/commanded/event/handler.ex:1221: Commanded.Event.Handler.delegate_event_to_handler/2
    (commanded 1.4.9) lib/commanded/event/handler.ex:1062: Commanded.Event.Handler.handle_event/3
    (elixir 1.19.5) lib/enum.ex:2520: Enum."-reduce/3-lists^foldl/2-0-"/3
    (commanded 1.4.9) lib/commanded/event/handler.ex:969: Commanded.Event.Handler.handle_info/2
    (stdlib 7.1) gen_server.erl:2434: :gen_server.try_handle_info/3
    (stdlib 7.1) gen_server.erl:2420: :gen_server.handle_msg/3
    (stdlib 7.1) proc_lib.erl:333: :proc_lib.init_p_do_apply/3

23:10:03.463 [warning] Nexus.Identity.Projectors.UserRegistrationProjector has requested to stop: %Postgrex.Error{message: nil, postgres: %{code: :undefined_column, line: "3721", message: "column i0.id does not exist", position: "8", file: "parse_relation.c", unknown: "ERROR", severity: "ERROR", pg_code: "42703", routine: "errorMissingColumn"}, connection_id: 3155, query: "SELECT i0.\"id\", i0.\"user_id\", i0.\"org_id\", i0.\"locale\", i0.\"timezone\", i0.\"notifications_enabled\", i0.\"created_at\", i0.\"updated_at\" FROM \"identity_user_settings\" AS i0 WHERE (i0.\"id\" = $1)"}
23:10:03.463 [debug] Nexus.Identity.Projectors.UserRegistrationProjector is shutting down due to %Postgrex.Error{message: nil, postgres: %{code: :undefined_column, line: "3721", message: "column i0.id does not exist", position: "8", file: "parse_relation.c", unknown: "ERROR", severity: "ERROR", pg_code: "42703", routine: "errorMissingColumn"}, connection_id: 3155, query: "SELECT i0.\"id\", i0.\"user_id\", i0.\"org_id\", i0.\"locale\", i0.\"timezone\", i0.\"notifications_enabled\", i0.\"created_at\", i0.\"updated_at\" FROM \"identity_user_settings\" AS i0 WHERE (i0.\"id\" = $1)"}
23:10:03.463 [error] GenServer {Nexus.App.LocalRegistry, {Nexus.App, Commanded.Event.Handler, "Identity.Projectors.UserRegistrationProjector"}} terminating
** (stop) %Postgrex.Error{message: nil, postgres: %{code: :undefined_column, line: "3721", message: "column i0.id does not exist", position: "8", file: "parse_relation.c", unknown: "ERROR", severity: "ERROR", pg_code: "42703", routine: "errorMissingColumn"}, connection_id: 3155, query: "SELECT i0.\"id\", i0.\"user_id\", i0.\"org_id\", i0.\"locale\", i0.\"timezone\", i0.\"notifications_enabled\", i0.\"created_at\", i0.\"updated_at\" FROM \"identity_user_settings\" AS i0 WHERE (i0.\"id\" = $1)"}
Last message: {:events, [%Commanded.EventStore.RecordedEvent{event_id: "282ec866-f518-44ed-95f6-7a535d6c3e25", event_number: 11262, stream_id: "019d0c26-0b00-74a0-bd6d-48329cf61a57", stream_version: 1, causation_id: "d64809a4-8402-4360-8536-99b7a0f860ca", correlation_id: "e0f4b4bb-483c-4914-aaaa-956d1587d67e", event_type: "Elixir.Nexus.Identity.Events.UserRegistered", data: %Nexus.Identity.Events.UserRegistered{user_id: "019d0c26-0b00-74a0-bd6d-48329cf61a57", org_id: "019d0c26-0b00-74a0-8884-24b7b734f296", email: "test@example.com", role: "system_admin", cose_key: "Ym9vdHN0cmFwX2Nvc2Vfa2V5", credential_id: "Ym9vdHN0cmFwX2NyZWRlbnRpYWxfaWQ=", registered_at: "2026-03-20T16:48:33.024173Z", display_name: "Test User", status: "active"}, created_at: ~U[2026-03-20 16:48:33.025211Z], metadata: %{"causation_id" => "019d0c26-0b00-71d0-a1d2-041f55e92cfc", "correlation_id" => "019d0c26-0b00-71d0-a1d2-041f55e92cfc"}}]}
State: %Commanded.Event.Handler{application: Nexus.App, consistency: :strong, handler_callback: :event, handler_name: "Identity.Projectors.UserRegistrationProjector", handler_module: Nexus.Identity.Projectors.UserRegistrationProjector, handler_state: nil, last_seen_event: nil, subscription: %Commanded.EventStore.Subscription{application: Nexus.App, backoff: {:backoff, 1000, 60000, 1000, :jitter, :undefined, :undefined}, concurrency: 1, partition_by: nil, subscribe_to: :all, subscribe_from: :origin, subscription_name: "Identity.Projectors.UserRegistrationProjector", subscription_opts: [], subscription_pid: #PID<0.2932.0>, subscription_ref: #Reference<0.504251661.3394502658.78788>}, subscribe_timer: nil}
23:10:03.463 [debug] Subscription "Identity.Projectors.UserRegistrationProjector"@"$all" subscriber #PID<0.2931.0> down due to: %Postgrex.Error{message: nil, postgres: %{code: :undefined_column, line: "3721", message: "column i0.id does not exist", position: "8", file: "parse_relation.c", unknown: "ERROR", severity: "ERROR", pg_code: "42703", routine: "errorMissingColumn"}, connection_id: 3155, query: "SELECT i0.\"id\", i0.\"user_id\", i0.\"org_id\", i0.\"locale\", i0.\"timezone\", i0.\"notifications_enabled\", i0.\"created_at\", i0.\"updated_at\" FROM \"identity_user_settings\" AS i0 WHERE (i0.\"id\" = $1)"}
23:10:03.463 [debug] Subscription "Identity.Projectors.UserRegistrationProjector"@"$all" has no subscribers, shutting down
23:10:03.463 [error] GenServer {Nexus.EventStore.EventStore.Subscriptions.Registry, {"$all", "Identity.Projectors.UserRegistrationProjector"}} terminating
** (stop) %Postgrex.Error{message: nil, postgres: %{code: :undefined_column, line: "3721", message: "column i0.id does not exist", position: "8", file: "parse_relation.c", unknown: "ERROR", severity: "ERROR", pg_code: "42703", routine: "errorMissingColumn"}, connection_id: 3155, query: "SELECT i0.\"id\", i0.\"user_id\", i0.\"org_id\", i0.\"locale\", i0.\"timezone\", i0.\"notifications_enabled\", i0.\"created_at\", i0.\"updated_at\" FROM \"identity_user_settings\" AS i0 WHERE (i0.\"id\" = $1)"}
Last message: {:DOWN, #Reference<0.504251661.3394502658.78783>, :process, #PID<0.2931.0>, %Postgrex.Error{message: nil, postgres: %{code: :undefined_column, line: "3721", message: "column i0.id does not exist", position: "8", file: "parse_relation.c", unknown: "ERROR", severity: "ERROR", pg_code: "42703", routine: "errorMissingColumn"}, connection_id: 3155, query: "SELECT i0.\"id\", i0.\"user_id\", i0.\"org_id\", i0.\"locale\", i0.\"timezone\", i0.\"notifications_enabled\", i0.\"created_at\", i0.\"updated_at\" FROM \"identity_user_settings\" AS i0 WHERE (i0.\"id\" = $1)"}}
State: %EventStore.Subscriptions.Subscription{stream_uuid: "$all", subscription_name: "Identity.Projectors.UserRegistrationProjector", subscription: %EventStore.Subscriptions.SubscriptionFsm{state: :unsubscribed, data: %EventStore.Subscriptions.SubscriptionState{conn: Nexus.EventStore.Postgrex, event_store: Nexus.EventStore, serializer: Commanded.Serialization.JsonSerializer, schema: "event_store", stream_uuid: "$all", start_from: 0, subscription_name: "Identity.Projectors.UserRegistrationProjector", subscription_id: 405, selector: nil, mapper: &Commanded.EventStore.Adapters.EventStore.Mapper.from_recorded_event/1, max_size: 1000, partition_by: nil, query_timeout: 15000, lock_ref: #Reference<0.504251661.3394502657.227655>, last_received: 12228, last_sent: 11262, last_ack: 11261, queue_size: 967, buffer_size: 1, checkpoint_after: 0, checkpoint_threshold: 1, checkpoint_timer_ref: nil, checkpoints_pending: 0, subscribers: %{}, partitions: %{nil: {[%EventStore.RecordedEvent{event_number: 12228, event_id: "09c135f3-e6cb-49bc-81c3-586b4a99fd72", stream_uuid: "ba9ba3da-fea6-48d9-9922-befe7026f5cc", stream_version: 3, correlation_id: "902485ee-cc53-4803-804a-6d742585af10", causation_id: "01922623-15ce-4222-be02-54e41f028373", event_type: "Elixir.Nexus.Identity.Events.SettingsUpdated", data: %Nexus.Identity.Events.SettingsUpdated{org_id: "59134142-de0c-401f-84cf-01b308e7beea", user_id: "ba9ba3da-fea6-48d9-9922-befe7026f5cc", locale: "fr", timezone: "Europe/Paris", notifications_enabled: true, updated_at: "2026-03-20T23:10:03.003466Z"}, metadata: %{"causation_id" => "019d0d83-50fb-76b9-b3c3-9f9ffff96169", "correlation_id" => "019d0d83-50fb-76b9-b3c3-9f9ffff96169"}, created_at: ~U[2026-03-20 23:10:03.004032Z]}, %EventStore.RecordedEvent{event_number: 12227, event_id: "2cb7e60f-876a-4b3d-a0cf-79ce787ffc73", stream_uuid: "ba9ba3da-fea6-48d9-9922-befe7026f5cc", stream_version: 2, correlation_id: "a1777de2-55b0-4c36-b14b-9bfd78376f7d", causation_id: "e52f51cf-cba6-4432-b5ca-53a579ec6263", event_type: "Elixir.Nexus.Identity.Events.SessionStarted", data: %Nexus.Identity.Events.SessionStarted{org_id: "59134142-de0c-401f-84cf-01b308e7beea", user_id: "ba9ba3da-fea6-48d9-9922-befe7026f5cc", session_id: "684b6bac-827a-4ceb-9861-846a2b7f892e", session_token: "mock-token", user_agent: "Mozilla/5.0 (Macintosh; Intel Mac OS X 10_15_7)", ip_address: "127.0.0.1", started_at: "2026-03-20T23:10:02.900974Z"}, metadata: %{"causation_id" => "019d0d83-5095-7a69-8847-4462525e408d", "correlation_id" => "019d0d83-5095-7a69-8847-4462525e408d"}, created_at: ~U[2026-03-20 23:10:02.901379Z]}, %EventStore.RecordedEvent{event_number: 12226, event_id: "c30b19ec-e929-472c-ac8b-a5a8711e9b70", stream_uuid: "ba9ba3da-fea6-48d9-9922-befe7026f5cc", stream_version: 1, correlation_id: "63930bf3-6d78-4bb8-965e-020e650c1443", causation_id: "fad08287-ca47-4012-b1b3-738e408b6cd2", event_type: "Elixir.Nexus.Identity.Events.UserRegistered", data: %Nexus.Identity.Events.UserRegistered{user_id: "ba9ba3da-fea6-48d9-9922-befe7026f5cc", org_id: "59134142-de0c-401f-84cf-01b308e7beea", email: "bernard-4558122c-37ba-45b3-ae3e-a2f7b861c40b@nexus.financial", role: "admin", cose_key: "bW9jaw==", credential_id: "bW9jaw==", registered_at: "2026-03-20T23:10:02.697332Z", display_name: "Bernard", status: "active"}, metadata: %{"causation_id" => "019d0d83-4fc9-7634-8690-906da3e4e15a", "correlation_id" => "019d0d83-4fc9-7634-8690-906da3e4e15a"}, created_at: ~U[2026-03-20 23:10:02.698223Z]}, %EventStore.RecordedEvent{event_number: 12225, event_id: "8338242a-cf94-4b71-aa99-a06cb12a5902", stream_uuid: "019d0d83-4d63-7c0f-8998-bde5f58f823e", stream_version: 3, correlation_id: "497bc4b2-89c2-447e-a743-b61b2ed2adbf", causation_id: "9c8c1acc-d317-4eff-b688-0480de89ec6a", ...}, ...], ...}}, ...}}, ...}
23:10:03.463 [debug] Nexus.Identity.Projectors.UserRegistrationProjector is shutting down due to {%Postgrex.Error{message: nil, postgres: %{code: :undefined_column, line: "3721", message: "column i0.id does not exist", position: "8", file: "parse_relation.c", unknown: "ERROR", severity: "ERROR", pg_code: "42703", routine: "errorMissingColumn"}, connection_id: 3155, query: "SELECT i0.\"id\", i0.\"user_id\", i0.\"org_id\", i0.\"locale\", i0.\"timezone\", i0.\"notifications_enabled\", i0.\"created_at\", i0.\"updated_at\" FROM \"identity_user_settings\" AS i0 WHERE (i0.\"id\" = $1)"}, {GenServer, :call, [#PID<0.2932.0>, {:connect, #PID<0.2933.0>, [retry_interval: 60000, hibernate_after: 15000, partition_by: nil, concurrency_limit: 1, name: Nexus.EventStore, mapper: &Commanded.EventStore.Adapters.EventStore.Mapper.from_recorded_event/1, conn: Nexus.EventStore.Postgrex, event_store: Nexus.EventStore, query_timeout: 15000, schema: "event_store", serializer: Commanded.Serialization.JsonSerializer, stream_uuid: "$all", subscription_name: "Identity.Projectors.UserRegistrationProjector", start_from: 0]}, 5000]}}
23:10:03.463 [error] GenServer {Nexus.App.LocalRegistry, {Nexus.App, Commanded.Event.Handler, "Identity.Projectors.UserRegistrationProjector"}} terminating
** (stop) exited in: GenServer.call(#PID<0.2932.0>, {:connect, #PID<0.2933.0>, [retry_interval: 60000, hibernate_after: 15000, partition_by: nil, concurrency_limit: 1, name: Nexus.EventStore, mapper: &Commanded.EventStore.Adapters.EventStore.Mapper.from_recorded_event/1, conn: Nexus.EventStore.Postgrex, event_store: Nexus.EventStore, query_timeout: 15000, schema: "event_store", serializer: Commanded.Serialization.JsonSerializer, stream_uuid: "$all", subscription_name: "Identity.Projectors.UserRegistrationProjector", start_from: 0]}, 5000)
    ** (EXIT) %Postgrex.Error{message: nil, postgres: %{code: :undefined_column, line: "3721", message: "column i0.id does not exist", position: "8", file: "parse_relation.c", unknown: "ERROR", severity: "ERROR", pg_code: "42703", routine: "errorMissingColumn"}, connection_id: 3155, query: "SELECT i0.\"id\", i0.\"user_id\", i0.\"org_id\", i0.\"locale\", i0.\"timezone\", i0.\"notifications_enabled\", i0.\"created_at\", i0.\"updated_at\" FROM \"identity_user_settings\" AS i0 WHERE (i0.\"id\" = $1)"}
    (elixir 1.19.5) lib/gen_server.ex:1142: GenServer.call/3
    (commanded 1.4.9) lib/commanded/event_store.ex:289: anonymous fn/2 in Commanded.EventStore.span/3
    (telemetry 1.3.0) /Users/bernard/dev/nexus/deps/telemetry/src/telemetry.erl:324: :telemetry.span/3
    (commanded 1.4.9) lib/commanded/event_store/subscription.ex:58: Commanded.EventStore.Subscription.subscribe/2
    (commanded 1.4.9) lib/commanded/event/handler.ex:1024: Commanded.Event.Handler.subscribe_to_events/1
    (commanded 1.4.9) lib/commanded/event/handler.ex:887: Commanded.Event.Handler.handle_continue/2
    (stdlib 7.1) gen_server.erl:2424: :gen_server.try_handle_continue/3
    (stdlib 7.1) gen_server.erl:2291: :gen_server.loop/4
    (stdlib 7.1) proc_lib.erl:333: :proc_lib.init_p_do_apply/3
Last message: {:continue, :subscribe_to_events}
State: %Commanded.Event.Handler{application: Nexus.App, consistency: :strong, handler_callback: :event, handler_name: "Identity.Projectors.UserRegistrationProjector", handler_module: Nexus.Identity.Projectors.UserRegistrationProjector, handler_state: nil, last_seen_event: nil, subscription: %Commanded.EventStore.Subscription{application: Nexus.App, backoff: {:backoff, 1000, 60000, 1000, :jitter, :undefined, :undefined}, concurrency: 1, partition_by: nil, subscribe_to: :all, subscribe_from: :origin, subscription_name: "Identity.Projectors.UserRegistrationProjector", subscription_opts: [], subscription_pid: nil, subscription_ref: nil}, subscribe_timer: nil}
23:10:03.464 [debug] Subscription "Identity.Projectors.UserRegistrationProjector"@"$all" attempting to connect subscriber #PID<0.2934.0>
23:10:03.465 [debug] Subscription "Identity.Projectors.UserRegistrationProjector"@"$all" catching-up
23:10:03.465 [debug] Nexus.Identity.Projectors.UserRegistrationProjector has successfully subscribed to event store
23:10:03.478 [debug] Nexus.Identity.Projectors.UserRegistrationProjector received events: [%Commanded.EventStore.RecordedEvent{event_id: "282ec866-f518-44ed-95f6-7a535d6c3e25", event_number: 11262, stream_id: "019d0c26-0b00-74a0-bd6d-48329cf61a57", stream_version: 1, causation_id: "d64809a4-8402-4360-8536-99b7a0f860ca", correlation_id: "e0f4b4bb-483c-4914-aaaa-956d1587d67e", event_type: "Elixir.Nexus.Identity.Events.UserRegistered", data: %Nexus.Identity.Events.UserRegistered{user_id: "019d0c26-0b00-74a0-bd6d-48329cf61a57", org_id: "019d0c26-0b00-74a0-8884-24b7b734f296", email: "test@example.com", role: "system_admin", cose_key: "Ym9vdHN0cmFwX2Nvc2Vfa2V5", credential_id: "Ym9vdHN0cmFwX2NyZWRlbnRpYWxfaWQ=", registered_at: "2026-03-20T16:48:33.024173Z", display_name: "Test User", status: "active"}, created_at: ~U[2026-03-20 16:48:33.025211Z], metadata: %{"causation_id" => "019d0c26-0b00-71d0-a1d2-041f55e92cfc", "correlation_id" => "019d0c26-0b00-71d0-a1d2-041f55e92cfc"}}]
23:10:03.478 [debug] QUERY OK db=0.1ms
begin []
23:10:03.478 [debug] QUERY OK source="projection_versions" db=0.2ms
INSERT INTO "projection_versions" AS p0 ("projection_name","last_seen_event_number","inserted_at","updated_at") VALUES ($1,$2,$3,$4) ON CONFLICT ("projection_name") DO UPDATE SET "last_seen_event_number" = $5 WHERE ((p0."projection_name" = $6) AND (p0."last_seen_event_number" < $7)) ["Identity.Projectors.UserRegistrationProjector", 11262, ~N[2026-03-20 23:10:03.478635], ~N[2026-03-20 23:10:03.478635], 11262, "Identity.Projectors.UserRegistrationProjector", 11262]
23:10:03.479 [debug] QUERY OK source="users" db=0.1ms
SELECT u0."id", u0."org_id", u0."email", u0."display_name", u0."status", u0."cose_key", u0."credential_id", u0."roles", u0."created_at", u0."updated_at" FROM "users" AS u0 WHERE (u0."id" = $1) ["019d0c26-0b00-74a0-bd6d-48329cf61a57"]
23:10:03.479 [debug] QUERY OK source="users" db=0.1ms
SELECT u0."id", u0."org_id", u0."email", u0."display_name", u0."status", u0."cose_key", u0."credential_id", u0."roles", u0."created_at", u0."updated_at" FROM "users" AS u0 WHERE (u0."email" = $1) ["test@example.com"]
23:10:03.479 [debug] QUERY OK source="users" db=0.1ms
INSERT INTO "users" ("id","status","org_id","email","display_name","roles","cose_key","credential_id","created_at","updated_at") VALUES ($1,$2,$3,$4,$5,$6,$7,$8,$9,$10) ["019d0c26-0b00-74a0-bd6d-48329cf61a57", "active", "019d0c26-0b00-74a0-8884-24b7b734f296", "test@example.com", "Test User", ["system_admin"], "bootstrap_cose_key", "bootstrap_credential_id", ~U[2026-03-20 23:10:03.479273Z], ~U[2026-03-20 23:10:03.479273Z]]
23:10:03.479 [debug] QUERY ERROR source="identity_user_settings" db=0.0ms
SELECT i0."id", i0."user_id", i0."org_id", i0."locale", i0."timezone", i0."notifications_enabled", i0."created_at", i0."updated_at" FROM "identity_user_settings" AS i0 WHERE (i0."id" = $1) ["019d0c26-0b00-74a0-bd6d-48329cf61a57"]
23:10:03.479 [debug] QUERY OK db=0.1ms
rollback []
23:10:03.480 [error] Nexus.Identity.Projectors.UserRegistrationProjector failed to handle event:
%Commanded.EventStore.RecordedEvent{
  event_id: "282ec866-f518-44ed-95f6-7a535d6c3e25",
  event_number: 11262,
  stream_id: "019d0c26-0b00-74a0-bd6d-48329cf61a57",
  stream_version: 1,
  causation_id: "d64809a4-8402-4360-8536-99b7a0f860ca",
  correlation_id: "e0f4b4bb-483c-4914-aaaa-956d1587d67e",
  event_type: "Elixir.Nexus.Identity.Events.UserRegistered",
  data: %Nexus.Identity.Events.UserRegistered{
    user_id: "019d0c26-0b00-74a0-bd6d-48329cf61a57",
    org_id: "019d0c26-0b00-74a0-8884-24b7b734f296",
    email: "test@example.com",
    role: "system_admin",
    cose_key: "Ym9vdHN0cmFwX2Nvc2Vfa2V5",
    credential_id: "Ym9vdHN0cmFwX2NyZWRlbnRpYWxfaWQ=",
    registered_at: "2026-03-20T16:48:33.024173Z",
    display_name: "Test User",
    status: "active"
  },
  created_at: ~U[2026-03-20 16:48:33.025211Z],
  metadata: %{
    "causation_id" => "019d0c26-0b00-71d0-a1d2-041f55e92cfc",
    "correlation_id" => "019d0c26-0b00-71d0-a1d2-041f55e92cfc"
  }
}, due to:
** (Postgrex.Error) ERROR 42703 (undefined_column) column i0.id does not exist

    query: SELECT i0."id", i0."user_id", i0."org_id", i0."locale", i0."timezone", i0."notifications_enabled", i0."created_at", i0."updated_at" FROM "identity_user_settings" AS i0 WHERE (i0."id" = $1)
    (ecto_sql 3.13.4) lib/ecto/adapters/sql.ex:1113: Ecto.Adapters.SQL.raise_sql_call_error/1
    (ecto_sql 3.13.4) lib/ecto/adapters/sql.ex:1011: Ecto.Adapters.SQL.execute/6
    (ecto 3.13.5) lib/ecto/repo/queryable.ex:241: Ecto.Repo.Queryable.execute/4
    (ecto 3.13.5) lib/ecto/repo/queryable.ex:19: Ecto.Repo.Queryable.all/3
    (ecto 3.13.5) lib/ecto/repo/queryable.ex:163: Ecto.Repo.Queryable.one/3
    (nexus 0.1.0) lib/nexus/identity/projectors/user_registration_projector.ex:53: anonymous fn/3 in Nexus.Identity.Projectors.UserRegistrationProjector.project_registration/3
    (ecto 3.13.5) lib/ecto/multi.ex:905: Ecto.Multi.apply_operation/5
    (elixir 1.19.5) lib/enum.ex:2520: Enum."-reduce/3-lists^foldl/2-0-"/3
    (ecto 3.13.5) lib/ecto/multi.ex:878: anonymous fn/5 in Ecto.Multi.apply_operations/5
    (ecto_sql 3.13.4) lib/ecto/adapters/sql.ex:1473: anonymous fn/3 in Ecto.Adapters.SQL.checkout_or_transaction/4
    (db_connection 2.9.0) lib/db_connection.ex:1747: DBConnection.run_transaction/4
    (ecto 3.13.5) lib/ecto/repo/transaction.ex:30: Ecto.Repo.Transaction.transact/4
    (nexus 0.1.0) deps/commanded_ecto_projections/lib/projections/ecto.ex:97: Nexus.Identity.Projectors.UserRegistrationProjector.update_projection/3
    (commanded 1.4.9) lib/commanded/event/handler.ex:1221: Commanded.Event.Handler.delegate_event_to_handler/2
    (commanded 1.4.9) lib/commanded/event/handler.ex:1062: Commanded.Event.Handler.handle_event/3
    (elixir 1.19.5) lib/enum.ex:2520: Enum."-reduce/3-lists^foldl/2-0-"/3
    (commanded 1.4.9) lib/commanded/event/handler.ex:969: Commanded.Event.Handler.handle_info/2
    (stdlib 7.1) gen_server.erl:2434: :gen_server.try_handle_info/3
    (stdlib 7.1) gen_server.erl:2420: :gen_server.handle_msg/3
    (stdlib 7.1) proc_lib.erl:333: :proc_lib.init_p_do_apply/3

23:10:03.481 [warning] Nexus.Identity.Projectors.UserRegistrationProjector has requested to stop: %Postgrex.Error{message: nil, postgres: %{code: :undefined_column, line: "3721", message: "column i0.id does not exist", position: "8", file: "parse_relation.c", unknown: "ERROR", severity: "ERROR", pg_code: "42703", routine: "errorMissingColumn"}, connection_id: 3155, query: "SELECT i0.\"id\", i0.\"user_id\", i0.\"org_id\", i0.\"locale\", i0.\"timezone\", i0.\"notifications_enabled\", i0.\"created_at\", i0.\"updated_at\" FROM \"identity_user_settings\" AS i0 WHERE (i0.\"id\" = $1)"}
23:10:03.481 [debug] Nexus.Identity.Projectors.UserRegistrationProjector is shutting down due to %Postgrex.Error{message: nil, postgres: %{code: :undefined_column, line: "3721", message: "column i0.id does not exist", position: "8", file: "parse_relation.c", unknown: "ERROR", severity: "ERROR", pg_code: "42703", routine: "errorMissingColumn"}, connection_id: 3155, query: "SELECT i0.\"id\", i0.\"user_id\", i0.\"org_id\", i0.\"locale\", i0.\"timezone\", i0.\"notifications_enabled\", i0.\"created_at\", i0.\"updated_at\" FROM \"identity_user_settings\" AS i0 WHERE (i0.\"id\" = $1)"}
23:10:03.481 [error] GenServer {Nexus.App.LocalRegistry, {Nexus.App, Commanded.Event.Handler, "Identity.Projectors.UserRegistrationProjector"}} terminating
** (stop) %Postgrex.Error{message: nil, postgres: %{code: :undefined_column, line: "3721", message: "column i0.id does not exist", position: "8", file: "parse_relation.c", unknown: "ERROR", severity: "ERROR", pg_code: "42703", routine: "errorMissingColumn"}, connection_id: 3155, query: "SELECT i0.\"id\", i0.\"user_id\", i0.\"org_id\", i0.\"locale\", i0.\"timezone\", i0.\"notifications_enabled\", i0.\"created_at\", i0.\"updated_at\" FROM \"identity_user_settings\" AS i0 WHERE (i0.\"id\" = $1)"}
Last message: {:events, [%Commanded.EventStore.RecordedEvent{event_id: "282ec866-f518-44ed-95f6-7a535d6c3e25", event_number: 11262, stream_id: "019d0c26-0b00-74a0-bd6d-48329cf61a57", stream_version: 1, causation_id: "d64809a4-8402-4360-8536-99b7a0f860ca", correlation_id: "e0f4b4bb-483c-4914-aaaa-956d1587d67e", event_type: "Elixir.Nexus.Identity.Events.UserRegistered", data: %Nexus.Identity.Events.UserRegistered{user_id: "019d0c26-0b00-74a0-bd6d-48329cf61a57", org_id: "019d0c26-0b00-74a0-8884-24b7b734f296", email: "test@example.com", role: "system_admin", cose_key: "Ym9vdHN0cmFwX2Nvc2Vfa2V5", credential_id: "Ym9vdHN0cmFwX2NyZWRlbnRpYWxfaWQ=", registered_at: "2026-03-20T16:48:33.024173Z", display_name: "Test User", status: "active"}, created_at: ~U[2026-03-20 16:48:33.025211Z], metadata: %{"causation_id" => "019d0c26-0b00-71d0-a1d2-041f55e92cfc", "correlation_id" => "019d0c26-0b00-71d0-a1d2-041f55e92cfc"}}]}
State: %Commanded.Event.Handler{application: Nexus.App, consistency: :strong, handler_callback: :event, handler_name: "Identity.Projectors.UserRegistrationProjector", handler_module: Nexus.Identity.Projectors.UserRegistrationProjector, handler_state: nil, last_seen_event: nil, subscription: %Commanded.EventStore.Subscription{application: Nexus.App, backoff: {:backoff, 1000, 60000, 1000, :jitter, :undefined, :undefined}, concurrency: 1, partition_by: nil, subscribe_to: :all, subscribe_from: :origin, subscription_name: "Identity.Projectors.UserRegistrationProjector", subscription_opts: [], subscription_pid: #PID<0.2935.0>, subscription_ref: #Reference<0.504251661.3394502658.78870>}, subscribe_timer: nil}
23:10:03.481 [debug] Subscription "Identity.Projectors.UserRegistrationProjector"@"$all" subscriber #PID<0.2934.0> down due to: %Postgrex.Error{message: nil, postgres: %{code: :undefined_column, line: "3721", message: "column i0.id does not exist", position: "8", file: "parse_relation.c", unknown: "ERROR", severity: "ERROR", pg_code: "42703", routine: "errorMissingColumn"}, connection_id: 3155, query: "SELECT i0.\"id\", i0.\"user_id\", i0.\"org_id\", i0.\"locale\", i0.\"timezone\", i0.\"notifications_enabled\", i0.\"created_at\", i0.\"updated_at\" FROM \"identity_user_settings\" AS i0 WHERE (i0.\"id\" = $1)"}
23:10:03.481 [debug] Subscription "Identity.Projectors.UserRegistrationProjector"@"$all" has no subscribers, shutting down
23:10:03.481 [error] GenServer {Nexus.EventStore.EventStore.Subscriptions.Registry, {"$all", "Identity.Projectors.UserRegistrationProjector"}} terminating
** (stop) %Postgrex.Error{message: nil, postgres: %{code: :undefined_column, line: "3721", message: "column i0.id does not exist", position: "8", file: "parse_relation.c", unknown: "ERROR", severity: "ERROR", pg_code: "42703", routine: "errorMissingColumn"}, connection_id: 3155, query: "SELECT i0.\"id\", i0.\"user_id\", i0.\"org_id\", i0.\"locale\", i0.\"timezone\", i0.\"notifications_enabled\", i0.\"created_at\", i0.\"updated_at\" FROM \"identity_user_settings\" AS i0 WHERE (i0.\"id\" = $1)"}
Last message: {:DOWN, #Reference<0.504251661.3394502658.78863>, :process, #PID<0.2934.0>, %Postgrex.Error{message: nil, postgres: %{code: :undefined_column, line: "3721", message: "column i0.id does not exist", position: "8", file: "parse_relation.c", unknown: "ERROR", severity: "ERROR", pg_code: "42703", routine: "errorMissingColumn"}, connection_id: 3155, query: "SELECT i0.\"id\", i0.\"user_id\", i0.\"org_id\", i0.\"locale\", i0.\"timezone\", i0.\"notifications_enabled\", i0.\"created_at\", i0.\"updated_at\" FROM \"identity_user_settings\" AS i0 WHERE (i0.\"id\" = $1)"}}
State: %EventStore.Subscriptions.Subscription{stream_uuid: "$all", subscription_name: "Identity.Projectors.UserRegistrationProjector", subscription: %EventStore.Subscriptions.SubscriptionFsm{state: :unsubscribed, data: %EventStore.Subscriptions.SubscriptionState{conn: Nexus.EventStore.Postgrex, event_store: Nexus.EventStore, serializer: Commanded.Serialization.JsonSerializer, schema: "event_store", stream_uuid: "$all", start_from: 0, subscription_name: "Identity.Projectors.UserRegistrationProjector", subscription_id: 405, selector: nil, mapper: &Commanded.EventStore.Adapters.EventStore.Mapper.from_recorded_event/1, max_size: 1000, partition_by: nil, query_timeout: 15000, lock_ref: #Reference<0.504251661.3394502657.227867>, last_received: 12228, last_sent: 11262, last_ack: 11261, queue_size: 967, buffer_size: 1, checkpoint_after: 0, checkpoint_threshold: 1, checkpoint_timer_ref: nil, checkpoints_pending: 0, subscribers: %{}, partitions: %{nil: {[%EventStore.RecordedEvent{event_number: 12228, event_id: "09c135f3-e6cb-49bc-81c3-586b4a99fd72", stream_uuid: "ba9ba3da-fea6-48d9-9922-befe7026f5cc", stream_version: 3, correlation_id: "902485ee-cc53-4803-804a-6d742585af10", causation_id: "01922623-15ce-4222-be02-54e41f028373", event_type: "Elixir.Nexus.Identity.Events.SettingsUpdated", data: %Nexus.Identity.Events.SettingsUpdated{org_id: "59134142-de0c-401f-84cf-01b308e7beea", user_id: "ba9ba3da-fea6-48d9-9922-befe7026f5cc", locale: "fr", timezone: "Europe/Paris", notifications_enabled: true, updated_at: "2026-03-20T23:10:03.003466Z"}, metadata: %{"causation_id" => "019d0d83-50fb-76b9-b3c3-9f9ffff96169", "correlation_id" => "019d0d83-50fb-76b9-b3c3-9f9ffff96169"}, created_at: ~U[2026-03-20 23:10:03.004032Z]}, %EventStore.RecordedEvent{event_number: 12227, event_id: "2cb7e60f-876a-4b3d-a0cf-79ce787ffc73", stream_uuid: "ba9ba3da-fea6-48d9-9922-befe7026f5cc", stream_version: 2, correlation_id: "a1777de2-55b0-4c36-b14b-9bfd78376f7d", causation_id: "e52f51cf-cba6-4432-b5ca-53a579ec6263", event_type: "Elixir.Nexus.Identity.Events.SessionStarted", data: %Nexus.Identity.Events.SessionStarted{org_id: "59134142-de0c-401f-84cf-01b308e7beea", user_id: "ba9ba3da-fea6-48d9-9922-befe7026f5cc", session_id: "684b6bac-827a-4ceb-9861-846a2b7f892e", session_token: "mock-token", user_agent: "Mozilla/5.0 (Macintosh; Intel Mac OS X 10_15_7)", ip_address: "127.0.0.1", started_at: "2026-03-20T23:10:02.900974Z"}, metadata: %{"causation_id" => "019d0d83-5095-7a69-8847-4462525e408d", "correlation_id" => "019d0d83-5095-7a69-8847-4462525e408d"}, created_at: ~U[2026-03-20 23:10:02.901379Z]}, %EventStore.RecordedEvent{event_number: 12226, event_id: "c30b19ec-e929-472c-ac8b-a5a8711e9b70", stream_uuid: "ba9ba3da-fea6-48d9-9922-befe7026f5cc", stream_version: 1, correlation_id: "63930bf3-6d78-4bb8-965e-020e650c1443", causation_id: "fad08287-ca47-4012-b1b3-738e408b6cd2", event_type: "Elixir.Nexus.Identity.Events.UserRegistered", data: %Nexus.Identity.Events.UserRegistered{user_id: "ba9ba3da-fea6-48d9-9922-befe7026f5cc", org_id: "59134142-de0c-401f-84cf-01b308e7beea", email: "bernard-4558122c-37ba-45b3-ae3e-a2f7b861c40b@nexus.financial", role: "admin", cose_key: "bW9jaw==", credential_id: "bW9jaw==", registered_at: "2026-03-20T23:10:02.697332Z", display_name: "Bernard", status: "active"}, metadata: %{"causation_id" => "019d0d83-4fc9-7634-8690-906da3e4e15a", "correlation_id" => "019d0d83-4fc9-7634-8690-906da3e4e15a"}, created_at: ~U[2026-03-20 23:10:02.698223Z]}, %EventStore.RecordedEvent{event_number: 12225, event_id: "8338242a-cf94-4b71-aa99-a06cb12a5902", stream_uuid: "019d0d83-4d63-7c0f-8998-bde5f58f823e", stream_version: 3, correlation_id: "497bc4b2-89c2-447e-a743-b61b2ed2adbf", causation_id: "9c8c1acc-d317-4eff-b688-0480de89ec6a", ...}, ...], ...}}, ...}}, ...}
23:10:03.481 [debug] Nexus.Identity.Projectors.UserRegistrationProjector is shutting down due to {%Postgrex.Error{message: nil, postgres: %{code: :undefined_column, line: "3721", message: "column i0.id does not exist", position: "8", file: "parse_relation.c", unknown: "ERROR", severity: "ERROR", pg_code: "42703", routine: "errorMissingColumn"}, connection_id: 3155, query: "SELECT i0.\"id\", i0.\"user_id\", i0.\"org_id\", i0.\"locale\", i0.\"timezone\", i0.\"notifications_enabled\", i0.\"created_at\", i0.\"updated_at\" FROM \"identity_user_settings\" AS i0 WHERE (i0.\"id\" = $1)"}, {GenServer, :call, [#PID<0.2935.0>, {:connect, #PID<0.2936.0>, [retry_interval: 60000, hibernate_after: 15000, partition_by: nil, concurrency_limit: 1, name: Nexus.EventStore, mapper: &Commanded.EventStore.Adapters.EventStore.Mapper.from_recorded_event/1, conn: Nexus.EventStore.Postgrex, event_store: Nexus.EventStore, query_timeout: 15000, schema: "event_store", serializer: Commanded.Serialization.JsonSerializer, stream_uuid: "$all", subscription_name: "Identity.Projectors.UserRegistrationProjector", start_from: 0]}, 5000]}}
23:10:03.481 [error] GenServer {Nexus.App.LocalRegistry, {Nexus.App, Commanded.Event.Handler, "Identity.Projectors.UserRegistrationProjector"}} terminating
** (stop) exited in: GenServer.call(#PID<0.2935.0>, {:connect, #PID<0.2936.0>, [retry_interval: 60000, hibernate_after: 15000, partition_by: nil, concurrency_limit: 1, name: Nexus.EventStore, mapper: &Commanded.EventStore.Adapters.EventStore.Mapper.from_recorded_event/1, conn: Nexus.EventStore.Postgrex, event_store: Nexus.EventStore, query_timeout: 15000, schema: "event_store", serializer: Commanded.Serialization.JsonSerializer, stream_uuid: "$all", subscription_name: "Identity.Projectors.UserRegistrationProjector", start_from: 0]}, 5000)
    ** (EXIT) %Postgrex.Error{message: nil, postgres: %{code: :undefined_column, line: "3721", message: "column i0.id does not exist", position: "8", file: "parse_relation.c", unknown: "ERROR", severity: "ERROR", pg_code: "42703", routine: "errorMissingColumn"}, connection_id: 3155, query: "SELECT i0.\"id\", i0.\"user_id\", i0.\"org_id\", i0.\"locale\", i0.\"timezone\", i0.\"notifications_enabled\", i0.\"created_at\", i0.\"updated_at\" FROM \"identity_user_settings\" AS i0 WHERE (i0.\"id\" = $1)"}
    (elixir 1.19.5) lib/gen_server.ex:1142: GenServer.call/3
    (commanded 1.4.9) lib/commanded/event_store.ex:289: anonymous fn/2 in Commanded.EventStore.span/3
    (telemetry 1.3.0) /Users/bernard/dev/nexus/deps/telemetry/src/telemetry.erl:324: :telemetry.span/3
    (commanded 1.4.9) lib/commanded/event_store/subscription.ex:58: Commanded.EventStore.Subscription.subscribe/2
    (commanded 1.4.9) lib/commanded/event/handler.ex:1024: Commanded.Event.Handler.subscribe_to_events/1
    (commanded 1.4.9) lib/commanded/event/handler.ex:887: Commanded.Event.Handler.handle_continue/2
    (stdlib 7.1) gen_server.erl:2424: :gen_server.try_handle_continue/3
    (stdlib 7.1) gen_server.erl:2291: :gen_server.loop/4
    (stdlib 7.1) proc_lib.erl:333: :proc_lib.init_p_do_apply/3
Last message: {:continue, :subscribe_to_events}
State: %Commanded.Event.Handler{application: Nexus.App, consistency: :strong, handler_callback: :event, handler_name: "Identity.Projectors.UserRegistrationProjector", handler_module: Nexus.Identity.Projectors.UserRegistrationProjector, handler_state: nil, last_seen_event: nil, subscription: %Commanded.EventStore.Subscription{application: Nexus.App, backoff: {:backoff, 1000, 60000, 1000, :jitter, :undefined, :undefined}, concurrency: 1, partition_by: nil, subscribe_to: :all, subscribe_from: :origin, subscription_name: "Identity.Projectors.UserRegistrationProjector", subscription_opts: [], subscription_pid: nil, subscription_ref: nil}, subscribe_timer: nil}
23:10:03.482 [debug] Subscription "Identity.Projectors.UserRegistrationProjector"@"$all" attempting to connect subscriber #PID<0.2937.0>
23:10:03.483 [debug] Subscription "Identity.Projectors.UserRegistrationProjector"@"$all" catching-up
23:10:03.483 [debug] Nexus.Identity.Projectors.UserRegistrationProjector has successfully subscribed to event store
23:10:03.496 [debug] Nexus.Identity.Projectors.UserRegistrationProjector received events: [%Commanded.EventStore.RecordedEvent{event_id: "282ec866-f518-44ed-95f6-7a535d6c3e25", event_number: 11262, stream_id: "019d0c26-0b00-74a0-bd6d-48329cf61a57", stream_version: 1, causation_id: "d64809a4-8402-4360-8536-99b7a0f860ca", correlation_id: "e0f4b4bb-483c-4914-aaaa-956d1587d67e", event_type: "Elixir.Nexus.Identity.Events.UserRegistered", data: %Nexus.Identity.Events.UserRegistered{user_id: "019d0c26-0b00-74a0-bd6d-48329cf61a57", org_id: "019d0c26-0b00-74a0-8884-24b7b734f296", email: "test@example.com", role: "system_admin", cose_key: "Ym9vdHN0cmFwX2Nvc2Vfa2V5", credential_id: "Ym9vdHN0cmFwX2NyZWRlbnRpYWxfaWQ=", registered_at: "2026-03-20T16:48:33.024173Z", display_name: "Test User", status: "active"}, created_at: ~U[2026-03-20 16:48:33.025211Z], metadata: %{"causation_id" => "019d0c26-0b00-71d0-a1d2-041f55e92cfc", "correlation_id" => "019d0c26-0b00-71d0-a1d2-041f55e92cfc"}}]
23:10:03.496 [debug] QUERY OK db=0.1ms
begin []
23:10:03.496 [debug] QUERY OK source="projection_versions" db=0.1ms
INSERT INTO "projection_versions" AS p0 ("projection_name","last_seen_event_number","inserted_at","updated_at") VALUES ($1,$2,$3,$4) ON CONFLICT ("projection_name") DO UPDATE SET "last_seen_event_number" = $5 WHERE ((p0."projection_name" = $6) AND (p0."last_seen_event_number" < $7)) ["Identity.Projectors.UserRegistrationProjector", 11262, ~N[2026-03-20 23:10:03.496547], ~N[2026-03-20 23:10:03.496547], 11262, "Identity.Projectors.UserRegistrationProjector", 11262]
23:10:03.496 [debug] QUERY OK source="users" db=0.1ms
SELECT u0."id", u0."org_id", u0."email", u0."display_name", u0."status", u0."cose_key", u0."credential_id", u0."roles", u0."created_at", u0."updated_at" FROM "users" AS u0 WHERE (u0."id" = $1) ["019d0c26-0b00-74a0-bd6d-48329cf61a57"]
23:10:03.497 [debug] QUERY OK source="users" db=0.1ms
SELECT u0."id", u0."org_id", u0."email", u0."display_name", u0."status", u0."cose_key", u0."credential_id", u0."roles", u0."created_at", u0."updated_at" FROM "users" AS u0 WHERE (u0."email" = $1) ["test@example.com"]
23:10:03.497 [debug] QUERY OK source="users" db=0.1ms
INSERT INTO "users" ("id","status","org_id","email","display_name","roles","cose_key","credential_id","created_at","updated_at") VALUES ($1,$2,$3,$4,$5,$6,$7,$8,$9,$10) ["019d0c26-0b00-74a0-bd6d-48329cf61a57", "active", "019d0c26-0b00-74a0-8884-24b7b734f296", "test@example.com", "Test User", ["system_admin"], "bootstrap_cose_key", "bootstrap_credential_id", ~U[2026-03-20 23:10:03.497132Z], ~U[2026-03-20 23:10:03.497132Z]]
23:10:03.497 [debug] QUERY ERROR source="identity_user_settings" db=0.0ms
SELECT i0."id", i0."user_id", i0."org_id", i0."locale", i0."timezone", i0."notifications_enabled", i0."created_at", i0."updated_at" FROM "identity_user_settings" AS i0 WHERE (i0."id" = $1) ["019d0c26-0b00-74a0-bd6d-48329cf61a57"]
23:10:03.497 [debug] QUERY OK db=0.1ms
rollback []
23:10:03.498 [error] Nexus.Identity.Projectors.UserRegistrationProjector failed to handle event:
%Commanded.EventStore.RecordedEvent{
  event_id: "282ec866-f518-44ed-95f6-7a535d6c3e25",
  event_number: 11262,
  stream_id: "019d0c26-0b00-74a0-bd6d-48329cf61a57",
  stream_version: 1,
  causation_id: "d64809a4-8402-4360-8536-99b7a0f860ca",
  correlation_id: "e0f4b4bb-483c-4914-aaaa-956d1587d67e",
  event_type: "Elixir.Nexus.Identity.Events.UserRegistered",
  data: %Nexus.Identity.Events.UserRegistered{
    user_id: "019d0c26-0b00-74a0-bd6d-48329cf61a57",
    org_id: "019d0c26-0b00-74a0-8884-24b7b734f296",
    email: "test@example.com",
    role: "system_admin",
    cose_key: "Ym9vdHN0cmFwX2Nvc2Vfa2V5",
    credential_id: "Ym9vdHN0cmFwX2NyZWRlbnRpYWxfaWQ=",
    registered_at: "2026-03-20T16:48:33.024173Z",
    display_name: "Test User",
    status: "active"
  },
  created_at: ~U[2026-03-20 16:48:33.025211Z],
  metadata: %{
    "causation_id" => "019d0c26-0b00-71d0-a1d2-041f55e92cfc",
    "correlation_id" => "019d0c26-0b00-71d0-a1d2-041f55e92cfc"
  }
}, due to:
** (Postgrex.Error) ERROR 42703 (undefined_column) column i0.id does not exist

    query: SELECT i0."id", i0."user_id", i0."org_id", i0."locale", i0."timezone", i0."notifications_enabled", i0."created_at", i0."updated_at" FROM "identity_user_settings" AS i0 WHERE (i0."id" = $1)
    (ecto_sql 3.13.4) lib/ecto/adapters/sql.ex:1113: Ecto.Adapters.SQL.raise_sql_call_error/1
    (ecto_sql 3.13.4) lib/ecto/adapters/sql.ex:1011: Ecto.Adapters.SQL.execute/6
    (ecto 3.13.5) lib/ecto/repo/queryable.ex:241: Ecto.Repo.Queryable.execute/4
    (ecto 3.13.5) lib/ecto/repo/queryable.ex:19: Ecto.Repo.Queryable.all/3
    (ecto 3.13.5) lib/ecto/repo/queryable.ex:163: Ecto.Repo.Queryable.one/3
    (nexus 0.1.0) lib/nexus/identity/projectors/user_registration_projector.ex:53: anonymous fn/3 in Nexus.Identity.Projectors.UserRegistrationProjector.project_registration/3
    (ecto 3.13.5) lib/ecto/multi.ex:905: Ecto.Multi.apply_operation/5
    (elixir 1.19.5) lib/enum.ex:2520: Enum."-reduce/3-lists^foldl/2-0-"/3
    (ecto 3.13.5) lib/ecto/multi.ex:878: anonymous fn/5 in Ecto.Multi.apply_operations/5
    (ecto_sql 3.13.4) lib/ecto/adapters/sql.ex:1473: anonymous fn/3 in Ecto.Adapters.SQL.checkout_or_transaction/4
    (db_connection 2.9.0) lib/db_connection.ex:1747: DBConnection.run_transaction/4
    (ecto 3.13.5) lib/ecto/repo/transaction.ex:30: Ecto.Repo.Transaction.transact/4
    (nexus 0.1.0) deps/commanded_ecto_projections/lib/projections/ecto.ex:97: Nexus.Identity.Projectors.UserRegistrationProjector.update_projection/3
    (commanded 1.4.9) lib/commanded/event/handler.ex:1221: Commanded.Event.Handler.delegate_event_to_handler/2
    (commanded 1.4.9) lib/commanded/event/handler.ex:1062: Commanded.Event.Handler.handle_event/3
    (elixir 1.19.5) lib/enum.ex:2520: Enum."-reduce/3-lists^foldl/2-0-"/3
    (commanded 1.4.9) lib/commanded/event/handler.ex:969: Commanded.Event.Handler.handle_info/2
    (stdlib 7.1) gen_server.erl:2434: :gen_server.try_handle_info/3
    (stdlib 7.1) gen_server.erl:2420: :gen_server.handle_msg/3
    (stdlib 7.1) proc_lib.erl:333: :proc_lib.init_p_do_apply/3

23:10:03.498 [warning] Nexus.Identity.Projectors.UserRegistrationProjector has requested to stop: %Postgrex.Error{message: nil, postgres: %{code: :undefined_column, line: "3721", message: "column i0.id does not exist", position: "8", file: "parse_relation.c", unknown: "ERROR", severity: "ERROR", pg_code: "42703", routine: "errorMissingColumn"}, connection_id: 3155, query: "SELECT i0.\"id\", i0.\"user_id\", i0.\"org_id\", i0.\"locale\", i0.\"timezone\", i0.\"notifications_enabled\", i0.\"created_at\", i0.\"updated_at\" FROM \"identity_user_settings\" AS i0 WHERE (i0.\"id\" = $1)"}
23:10:03.498 [debug] Nexus.Identity.Projectors.UserRegistrationProjector is shutting down due to %Postgrex.Error{message: nil, postgres: %{code: :undefined_column, line: "3721", message: "column i0.id does not exist", position: "8", file: "parse_relation.c", unknown: "ERROR", severity: "ERROR", pg_code: "42703", routine: "errorMissingColumn"}, connection_id: 3155, query: "SELECT i0.\"id\", i0.\"user_id\", i0.\"org_id\", i0.\"locale\", i0.\"timezone\", i0.\"notifications_enabled\", i0.\"created_at\", i0.\"updated_at\" FROM \"identity_user_settings\" AS i0 WHERE (i0.\"id\" = $1)"}
23:10:03.498 [error] GenServer {Nexus.App.LocalRegistry, {Nexus.App, Commanded.Event.Handler, "Identity.Projectors.UserRegistrationProjector"}} terminating
** (stop) %Postgrex.Error{message: nil, postgres: %{code: :undefined_column, line: "3721", message: "column i0.id does not exist", position: "8", file: "parse_relation.c", unknown: "ERROR", severity: "ERROR", pg_code: "42703", routine: "errorMissingColumn"}, connection_id: 3155, query: "SELECT i0.\"id\", i0.\"user_id\", i0.\"org_id\", i0.\"locale\", i0.\"timezone\", i0.\"notifications_enabled\", i0.\"created_at\", i0.\"updated_at\" FROM \"identity_user_settings\" AS i0 WHERE (i0.\"id\" = $1)"}
Last message: {:events, [%Commanded.EventStore.RecordedEvent{event_id: "282ec866-f518-44ed-95f6-7a535d6c3e25", event_number: 11262, stream_id: "019d0c26-0b00-74a0-bd6d-48329cf61a57", stream_version: 1, causation_id: "d64809a4-8402-4360-8536-99b7a0f860ca", correlation_id: "e0f4b4bb-483c-4914-aaaa-956d1587d67e", event_type: "Elixir.Nexus.Identity.Events.UserRegistered", data: %Nexus.Identity.Events.UserRegistered{user_id: "019d0c26-0b00-74a0-bd6d-48329cf61a57", org_id: "019d0c26-0b00-74a0-8884-24b7b734f296", email: "test@example.com", role: "system_admin", cose_key: "Ym9vdHN0cmFwX2Nvc2Vfa2V5", credential_id: "Ym9vdHN0cmFwX2NyZWRlbnRpYWxfaWQ=", registered_at: "2026-03-20T16:48:33.024173Z", display_name: "Test User", status: "active"}, created_at: ~U[2026-03-20 16:48:33.025211Z], metadata: %{"causation_id" => "019d0c26-0b00-71d0-a1d2-041f55e92cfc", "correlation_id" => "019d0c26-0b00-71d0-a1d2-041f55e92cfc"}}]}
State: %Commanded.Event.Handler{application: Nexus.App, consistency: :strong, handler_callback: :event, handler_name: "Identity.Projectors.UserRegistrationProjector", handler_module: Nexus.Identity.Projectors.UserRegistrationProjector, handler_state: nil, last_seen_event: nil, subscription: %Commanded.EventStore.Subscription{application: Nexus.App, backoff: {:backoff, 1000, 60000, 1000, :jitter, :undefined, :undefined}, concurrency: 1, partition_by: nil, subscribe_to: :all, subscribe_from: :origin, subscription_name: "Identity.Projectors.UserRegistrationProjector", subscription_opts: [], subscription_pid: #PID<0.2938.0>, subscription_ref: #Reference<0.504251661.3394502658.78952>}, subscribe_timer: nil}
23:10:03.499 [debug] Subscription "Identity.Projectors.UserRegistrationProjector"@"$all" subscriber #PID<0.2937.0> down due to: %Postgrex.Error{message: nil, postgres: %{code: :undefined_column, line: "3721", message: "column i0.id does not exist", position: "8", file: "parse_relation.c", unknown: "ERROR", severity: "ERROR", pg_code: "42703", routine: "errorMissingColumn"}, connection_id: 3155, query: "SELECT i0.\"id\", i0.\"user_id\", i0.\"org_id\", i0.\"locale\", i0.\"timezone\", i0.\"notifications_enabled\", i0.\"created_at\", i0.\"updated_at\" FROM \"identity_user_settings\" AS i0 WHERE (i0.\"id\" = $1)"}
23:10:03.499 [debug] Subscription "Identity.Projectors.UserRegistrationProjector"@"$all" has no subscribers, shutting down
23:10:03.499 [error] GenServer {Nexus.EventStore.EventStore.Subscriptions.Registry, {"$all", "Identity.Projectors.UserRegistrationProjector"}} terminating
** (stop) %Postgrex.Error{message: nil, postgres: %{code: :undefined_column, line: "3721", message: "column i0.id does not exist", position: "8", file: "parse_relation.c", unknown: "ERROR", severity: "ERROR", pg_code: "42703", routine: "errorMissingColumn"}, connection_id: 3155, query: "SELECT i0.\"id\", i0.\"user_id\", i0.\"org_id\", i0.\"locale\", i0.\"timezone\", i0.\"notifications_enabled\", i0.\"created_at\", i0.\"updated_at\" FROM \"identity_user_settings\" AS i0 WHERE (i0.\"id\" = $1)"}
Last message: {:DOWN, #Reference<0.504251661.3394502658.78934>, :process, #PID<0.2937.0>, %Postgrex.Error{message: nil, postgres: %{code: :undefined_column, line: "3721", message: "column i0.id does not exist", position: "8", file: "parse_relation.c", unknown: "ERROR", severity: "ERROR", pg_code: "42703", routine: "errorMissingColumn"}, connection_id: 3155, query: "SELECT i0.\"id\", i0.\"user_id\", i0.\"org_id\", i0.\"locale\", i0.\"timezone\", i0.\"notifications_enabled\", i0.\"created_at\", i0.\"updated_at\" FROM \"identity_user_settings\" AS i0 WHERE (i0.\"id\" = $1)"}}
State: %EventStore.Subscriptions.Subscription{stream_uuid: "$all", subscription_name: "Identity.Projectors.UserRegistrationProjector", subscription: %EventStore.Subscriptions.SubscriptionFsm{state: :unsubscribed, data: %EventStore.Subscriptions.SubscriptionState{conn: Nexus.EventStore.Postgrex, event_store: Nexus.EventStore, serializer: Commanded.Serialization.JsonSerializer, schema: "event_store", stream_uuid: "$all", start_from: 0, subscription_name: "Identity.Projectors.UserRegistrationProjector", subscription_id: 405, selector: nil, mapper: &Commanded.EventStore.Adapters.EventStore.Mapper.from_recorded_event/1, max_size: 1000, partition_by: nil, query_timeout: 15000, lock_ref: #Reference<0.504251661.3394502657.228078>, last_received: 12228, last_sent: 11262, last_ack: 11261, queue_size: 967, buffer_size: 1, checkpoint_after: 0, checkpoint_threshold: 1, checkpoint_timer_ref: nil, checkpoints_pending: 0, subscribers: %{}, partitions: %{nil: {[%EventStore.RecordedEvent{event_number: 12228, event_id: "09c135f3-e6cb-49bc-81c3-586b4a99fd72", stream_uuid: "ba9ba3da-fea6-48d9-9922-befe7026f5cc", stream_version: 3, correlation_id: "902485ee-cc53-4803-804a-6d742585af10", causation_id: "01922623-15ce-4222-be02-54e41f028373", event_type: "Elixir.Nexus.Identity.Events.SettingsUpdated", data: %Nexus.Identity.Events.SettingsUpdated{org_id: "59134142-de0c-401f-84cf-01b308e7beea", user_id: "ba9ba3da-fea6-48d9-9922-befe7026f5cc", locale: "fr", timezone: "Europe/Paris", notifications_enabled: true, updated_at: "2026-03-20T23:10:03.003466Z"}, metadata: %{"causation_id" => "019d0d83-50fb-76b9-b3c3-9f9ffff96169", "correlation_id" => "019d0d83-50fb-76b9-b3c3-9f9ffff96169"}, created_at: ~U[2026-03-20 23:10:03.004032Z]}, %EventStore.RecordedEvent{event_number: 12227, event_id: "2cb7e60f-876a-4b3d-a0cf-79ce787ffc73", stream_uuid: "ba9ba3da-fea6-48d9-9922-befe7026f5cc", stream_version: 2, correlation_id: "a1777de2-55b0-4c36-b14b-9bfd78376f7d", causation_id: "e52f51cf-cba6-4432-b5ca-53a579ec6263", event_type: "Elixir.Nexus.Identity.Events.SessionStarted", data: %Nexus.Identity.Events.SessionStarted{org_id: "59134142-de0c-401f-84cf-01b308e7beea", user_id: "ba9ba3da-fea6-48d9-9922-befe7026f5cc", session_id: "684b6bac-827a-4ceb-9861-846a2b7f892e", session_token: "mock-token", user_agent: "Mozilla/5.0 (Macintosh; Intel Mac OS X 10_15_7)", ip_address: "127.0.0.1", started_at: "2026-03-20T23:10:02.900974Z"}, metadata: %{"causation_id" => "019d0d83-5095-7a69-8847-4462525e408d", "correlation_id" => "019d0d83-5095-7a69-8847-4462525e408d"}, created_at: ~U[2026-03-20 23:10:02.901379Z]}, %EventStore.RecordedEvent{event_number: 12226, event_id: "c30b19ec-e929-472c-ac8b-a5a8711e9b70", stream_uuid: "ba9ba3da-fea6-48d9-9922-befe7026f5cc", stream_version: 1, correlation_id: "63930bf3-6d78-4bb8-965e-020e650c1443", causation_id: "fad08287-ca47-4012-b1b3-738e408b6cd2", event_type: "Elixir.Nexus.Identity.Events.UserRegistered", data: %Nexus.Identity.Events.UserRegistered{user_id: "ba9ba3da-fea6-48d9-9922-befe7026f5cc", org_id: "59134142-de0c-401f-84cf-01b308e7beea", email: "bernard-4558122c-37ba-45b3-ae3e-a2f7b861c40b@nexus.financial", role: "admin", cose_key: "bW9jaw==", credential_id: "bW9jaw==", registered_at: "2026-03-20T23:10:02.697332Z", display_name: "Bernard", status: "active"}, metadata: %{"causation_id" => "019d0d83-4fc9-7634-8690-906da3e4e15a", "correlation_id" => "019d0d83-4fc9-7634-8690-906da3e4e15a"}, created_at: ~U[2026-03-20 23:10:02.698223Z]}, %EventStore.RecordedEvent{event_number: 12225, event_id: "8338242a-cf94-4b71-aa99-a06cb12a5902", stream_uuid: "019d0d83-4d63-7c0f-8998-bde5f58f823e", stream_version: 3, correlation_id: "497bc4b2-89c2-447e-a743-b61b2ed2adbf", causation_id: "9c8c1acc-d317-4eff-b688-0480de89ec6a", ...}, ...], ...}}, ...}}, ...}
23:10:03.499 [debug] Nexus.Identity.Projectors.UserRegistrationProjector is shutting down due to {%Postgrex.Error{message: nil, postgres: %{code: :undefined_column, line: "3721", message: "column i0.id does not exist", position: "8", file: "parse_relation.c", unknown: "ERROR", severity: "ERROR", pg_code: "42703", routine: "errorMissingColumn"}, connection_id: 3155, query: "SELECT i0.\"id\", i0.\"user_id\", i0.\"org_id\", i0.\"locale\", i0.\"timezone\", i0.\"notifications_enabled\", i0.\"created_at\", i0.\"updated_at\" FROM \"identity_user_settings\" AS i0 WHERE (i0.\"id\" = $1)"}, {GenServer, :call, [#PID<0.2938.0>, {:connect, #PID<0.2939.0>, [retry_interval: 60000, hibernate_after: 15000, partition_by: nil, concurrency_limit: 1, name: Nexus.EventStore, mapper: &Commanded.EventStore.Adapters.EventStore.Mapper.from_recorded_event/1, conn: Nexus.EventStore.Postgrex, event_store: Nexus.EventStore, query_timeout: 15000, schema: "event_store", serializer: Commanded.Serialization.JsonSerializer, stream_uuid: "$all", subscription_name: "Identity.Projectors.UserRegistrationProjector", start_from: 0]}, 5000]}}
23:10:03.499 [error] GenServer {Nexus.App.LocalRegistry, {Nexus.App, Commanded.Event.Handler, "Identity.Projectors.UserRegistrationProjector"}} terminating
** (stop) exited in: GenServer.call(#PID<0.2938.0>, {:connect, #PID<0.2939.0>, [retry_interval: 60000, hibernate_after: 15000, partition_by: nil, concurrency_limit: 1, name: Nexus.EventStore, mapper: &Commanded.EventStore.Adapters.EventStore.Mapper.from_recorded_event/1, conn: Nexus.EventStore.Postgrex, event_store: Nexus.EventStore, query_timeout: 15000, schema: "event_store", serializer: Commanded.Serialization.JsonSerializer, stream_uuid: "$all", subscription_name: "Identity.Projectors.UserRegistrationProjector", start_from: 0]}, 5000)
    ** (EXIT) %Postgrex.Error{message: nil, postgres: %{code: :undefined_column, line: "3721", message: "column i0.id does not exist", position: "8", file: "parse_relation.c", unknown: "ERROR", severity: "ERROR", pg_code: "42703", routine: "errorMissingColumn"}, connection_id: 3155, query: "SELECT i0.\"id\", i0.\"user_id\", i0.\"org_id\", i0.\"locale\", i0.\"timezone\", i0.\"notifications_enabled\", i0.\"created_at\", i0.\"updated_at\" FROM \"identity_user_settings\" AS i0 WHERE (i0.\"id\" = $1)"}
    (elixir 1.19.5) lib/gen_server.ex:1142: GenServer.call/3
    (commanded 1.4.9) lib/commanded/event_store.ex:289: anonymous fn/2 in Commanded.EventStore.span/3
    (telemetry 1.3.0) /Users/bernard/dev/nexus/deps/telemetry/src/telemetry.erl:324: :telemetry.span/3
    (commanded 1.4.9) lib/commanded/event_store/subscription.ex:58: Commanded.EventStore.Subscription.subscribe/2
    (commanded 1.4.9) lib/commanded/event/handler.ex:1024: Commanded.Event.Handler.subscribe_to_events/1
    (commanded 1.4.9) lib/commanded/event/handler.ex:887: Commanded.Event.Handler.handle_continue/2
    (stdlib 7.1) gen_server.erl:2424: :gen_server.try_handle_continue/3
    (stdlib 7.1) gen_server.erl:2291: :gen_server.loop/4
    (stdlib 7.1) proc_lib.erl:333: :proc_lib.init_p_do_apply/3
Last message: {:continue, :subscribe_to_events}
State: %Commanded.Event.Handler{application: Nexus.App, consistency: :strong, handler_callback: :event, handler_name: "Identity.Projectors.UserRegistrationProjector", handler_module: Nexus.Identity.Projectors.UserRegistrationProjector, handler_state: nil, last_seen_event: nil, subscription: %Commanded.EventStore.Subscription{application: Nexus.App, backoff: {:backoff, 1000, 60000, 1000, :jitter, :undefined, :undefined}, concurrency: 1, partition_by: nil, subscribe_to: :all, subscribe_from: :origin, subscription_name: "Identity.Projectors.UserRegistrationProjector", subscription_opts: [], subscription_pid: nil, subscription_ref: nil}, subscribe_timer: nil}
23:10:03.500 [debug] Subscription "Identity.Projectors.UserRegistrationProjector"@"$all" attempting to connect subscriber #PID<0.2940.0>
23:10:03.500 [debug] Subscription "Identity.Projectors.UserRegistrationProjector"@"$all" catching-up
23:10:03.500 [debug] Nexus.Identity.Projectors.UserRegistrationProjector has successfully subscribed to event store
23:10:03.508 [debug] QUERY ERROR source="identity_user_settings" db=0.0ms queue=0.4ms
SELECT i0."id", i0."user_id", i0."org_id", i0."locale", i0."timezone", i0."notifications_enabled", i0."created_at", i0."updated_at" FROM "identity_user_settings" AS i0 WHERE ((i0."org_id" = $1) AND (i0."user_id" = $2)) ["59134142-de0c-401f-84cf-01b308e7beea", "ba9ba3da-fea6-48d9-9922-befe7026f5cc"]
23:10:03.508 [debug] Nexus.Identity.Projectors.UserProjector is shutting down due to :shutdown
23:10:03.508 [debug] Nexus.Identity.Projectors.UserRegistrationProjector is shutting down due to :shutdown
23:10:03.508 [debug] Subscription "Identity.Projectors.UserProjector"@"$all" subscriber #PID<0.2795.0> down due to: :shutdown
23:10:03.508 [debug] Subscription "Identity.Projectors.UserProjector"@"$all" has no subscribers, shutting down
23:10:03.509 [debug] Subscription "Identity.Projectors.UserProjector"@"$all" attempting to connect subscriber #PID<0.2948.0>


 17) scenario Updating localization preferences Updating localization preferences (Nexus.Identity.UserSettingsFeatureTest)
     test/nexus/identity/user_settings_feature_test.exs:6
     ** (Postgrex.Error) ERROR 42703 (undefined_column) column i0.id does not exist

         query: SELECT i0."id", i0."user_id", i0."org_id", i0."locale", i0."timezone", i0."notifications_enabled", i0."created_at", i0."updated_at" FROM "identity_user_settings" AS i0 WHERE ((i0."org_id" = $1) AND (i0."user_id" = $2))
     code: settings = SettingsQuery.get_settings(state.org_id, state.user_id)
     stacktrace:
       (ecto_sql 3.13.4) lib/ecto/adapters/sql.ex:1113: Ecto.Adapters.SQL.raise_sql_call_error/1
       (ecto_sql 3.13.4) lib/ecto/adapters/sql.ex:1011: Ecto.Adapters.SQL.execute/6
       (ecto 3.13.5) lib/ecto/repo/queryable.ex:241: Ecto.Repo.Queryable.execute/4
       (ecto 3.13.5) lib/ecto/repo/queryable.ex:19: Ecto.Repo.Queryable.all/3
       (ecto 3.13.5) lib/ecto/repo/queryable.ex:163: Ecto.Repo.Queryable.one/3
       test/nexus/identity/user_settings_feature_test.exs:150: (test)

23:10:03.509 [debug] QUERY OK source="identity_user_sessions" db=0.6ms
DELETE FROM "identity_user_sessions" AS i0 []
23:10:03.509 [debug] Subscription "Identity.Projectors.UserProjector"@"$all" catching-up
23:10:03.510 [debug] Nexus.Identity.Projectors.UserProjector has successfully subscribed to event store
23:10:03.510 [debug] QUERY OK source="identity_user_settings" db=0.4ms
DELETE FROM "identity_user_settings" AS i0 []
23:10:03.511 [debug] QUERY OK source="users" db=0.4ms
DELETE FROM "users" AS u0 []
23:10:03.511 [debug] QUERY OK source="projection_versions" db=0.3ms
DELETE FROM "projection_versions" AS p0 []
23:10:03.511 [debug] Locating aggregate process for `Nexus.Identity.Aggregates.User` with UUID "0a2320b8-ea62-4944-91fc-b1a081d94b4f"
23:10:03.512 [debug] Nexus.Identity.Aggregates.User<0a2320b8-ea62-4944-91fc-b1a081d94b4f@0> executing command: %Nexus.Identity.Commands.RegisterUser{user_id: "0a2320b8-ea62-4944-91fc-b1a081d94b4f", org_id: "cb85a832-0e01-453c-9c74-126aa4f990be", email: "bernard-e0cbc1d2-dd91-4387-8fed-b05c8f3523b8@nexus.financial", cose_key: "bW9jaw==", credential_id: "bW9jaw==", role: "admin", display_name: "Bernard", registered_at: ~U[2026-03-20 23:10:03.511487Z]}
23:10:03.513 [debug] Appended 1 event(s) to stream "0a2320b8-ea62-4944-91fc-b1a081d94b4f"
23:10:03.513 [debug] Listener received notification on channel "event_store.events" with payload: "0a2320b8-ea62-4944-91fc-b1a081d94b4f,8637,1,1"
23:10:03.513 [debug] Listener received notification on channel "event_store.events" with payload: "$all,0,12229,12229"
23:10:03.514 [debug] Nexus.Identity.Aggregates.User<0a2320b8-ea62-4944-91fc-b1a081d94b4f@1> received events: [%Commanded.EventStore.RecordedEvent{event_id: "88438d34-4046-4a41-b85b-67d256cca5e5", event_number: 1, stream_id: "0a2320b8-ea62-4944-91fc-b1a081d94b4f", stream_version: 1, causation_id: "b063d188-4c5e-4283-bf48-e09a975f8b85", correlation_id: "a64c1aaf-4c8a-4a0a-8e73-1cb004416bc9", event_type: "Elixir.Nexus.Identity.Events.UserRegistered", data: %Nexus.Identity.Events.UserRegistered{user_id: "0a2320b8-ea62-4944-91fc-b1a081d94b4f", org_id: "cb85a832-0e01-453c-9c74-126aa4f990be", email: "bernard-e0cbc1d2-dd91-4387-8fed-b05c8f3523b8@nexus.financial", role: "admin", cose_key: "bW9jaw==", credential_id: "bW9jaw==", registered_at: "2026-03-20T23:10:03.511487Z", display_name: "Bernard", status: "active"}, created_at: ~U[2026-03-20 23:10:03.512643Z], metadata: %{"causation_id" => "019d0d83-52f7-72c1-9919-520d2e6a1f7d", "correlation_id" => "019d0d83-52f7-72c1-9919-520d2e6a1f7d"}}]
23:10:03.514 [debug] Subscription "Identity.Projectors.UserRegistrationProjector"@"$all" subscriber #PID<0.2940.0> down due to: :shutdown
23:10:03.514 [debug] Subscription "Identity.Projectors.UserRegistrationProjector"@"$all" has no subscribers, shutting down
23:10:03.514 [debug] Nexus.Identity.Projectors.UserRegistrationProjector is shutting down due to {:shutdown, {GenServer, :call, [#PID<0.2941.0>, {:connect, #PID<0.2947.0>, [retry_interval: 60000, hibernate_after: 15000, partition_by: nil, concurrency_limit: 1, name: Nexus.EventStore, mapper: &Commanded.EventStore.Adapters.EventStore.Mapper.from_recorded_event/1, conn: Nexus.EventStore.Postgrex, event_store: Nexus.EventStore, query_timeout: 15000, schema: "event_store", serializer: Commanded.Serialization.JsonSerializer, stream_uuid: "$all", subscription_name: "Identity.Projectors.UserRegistrationProjector", start_from: 0]}, 5000]}}
.23:10:04.077 [debug] Nexus.Identity.Projectors.UserRegistrationProjector received events: [%Commanded.EventStore.RecordedEvent{event_id: "282ec866-f518-44ed-95f6-7a535d6c3e25", event_number: 11262, stream_id: "019d0c26-0b00-74a0-bd6d-48329cf61a57", stream_version: 1, causation_id: "d64809a4-8402-4360-8536-99b7a0f860ca", correlation_id: "e0f4b4bb-483c-4914-aaaa-956d1587d67e", event_type: "Elixir.Nexus.Identity.Events.UserRegistered", data: %Nexus.Identity.Events.UserRegistered{user_id: "019d0c26-0b00-74a0-bd6d-48329cf61a57", org_id: "019d0c26-0b00-74a0-8884-24b7b734f296", email: "test@example.com", role: "system_admin", cose_key: "Ym9vdHN0cmFwX2Nvc2Vfa2V5", credential_id: "Ym9vdHN0cmFwX2NyZWRlbnRpYWxfaWQ=", registered_at: "2026-03-20T16:48:33.024173Z", display_name: "Test User", status: "active"}, created_at: ~U[2026-03-20 16:48:33.025211Z], metadata: %{"causation_id" => "019d0c26-0b00-71d0-a1d2-041f55e92cfc", "correlation_id" => "019d0c26-0b00-71d0-a1d2-041f55e92cfc"}}]
23:10:04.078 [debug] QUERY OK db=0.1ms
begin []
23:10:04.078 [debug] QUERY OK source="projection_versions" db=0.2ms
INSERT INTO "projection_versions" AS p0 ("projection_name","last_seen_event_number","inserted_at","updated_at") VALUES ($1,$2,$3,$4) ON CONFLICT ("projection_name") DO UPDATE SET "last_seen_event_number" = $5 WHERE ((p0."projection_name" = $6) AND (p0."last_seen_event_number" < $7)) ["Identity.Projectors.UserRegistrationProjector", 11262, ~N[2026-03-20 23:10:04.078177], ~N[2026-03-20 23:10:04.078177], 11262, "Identity.Projectors.UserRegistrationProjector", 11262]
23:10:04.078 [debug] QUERY OK source="users" db=0.1ms
SELECT u0."id", u0."org_id", u0."email", u0."display_name", u0."status", u0."cose_key", u0."credential_id", u0."roles", u0."created_at", u0."updated_at" FROM "users" AS u0 WHERE (u0."id" = $1) ["019d0c26-0b00-74a0-bd6d-48329cf61a57"]
23:10:04.078 [debug] QUERY OK source="users" db=0.1ms
SELECT u0."id", u0."org_id", u0."email", u0."display_name", u0."status", u0."cose_key", u0."credential_id", u0."roles", u0."created_at", u0."updated_at" FROM "users" AS u0 WHERE (u0."email" = $1) ["test@example.com"]
23:10:04.079 [debug] QUERY OK source="users" db=0.1ms
INSERT INTO "users" ("id","status","org_id","email","display_name","roles","cose_key","credential_id","created_at","updated_at") VALUES ($1,$2,$3,$4,$5,$6,$7,$8,$9,$10) ["019d0c26-0b00-74a0-bd6d-48329cf61a57", "active", "019d0c26-0b00-74a0-8884-24b7b734f296", "test@example.com", "Test User", ["system_admin"], "bootstrap_cose_key", "bootstrap_credential_id", ~U[2026-03-20 23:10:04.078989Z], ~U[2026-03-20 23:10:04.078989Z]]
23:10:04.079 [debug] QUERY ERROR source="identity_user_settings" db=0.0ms
SELECT i0."id", i0."user_id", i0."org_id", i0."locale", i0."timezone", i0."notifications_enabled", i0."created_at", i0."updated_at" FROM "identity_user_settings" AS i0 WHERE (i0."id" = $1) ["019d0c26-0b00-74a0-bd6d-48329cf61a57"]
23:10:04.079 [debug] QUERY OK db=0.1ms
rollback []
23:10:04.080 [error] Nexus.Identity.Projectors.UserRegistrationProjector failed to handle event:
%Commanded.EventStore.RecordedEvent{
  event_id: "282ec866-f518-44ed-95f6-7a535d6c3e25",
  event_number: 11262,
  stream_id: "019d0c26-0b00-74a0-bd6d-48329cf61a57",
  stream_version: 1,
  causation_id: "d64809a4-8402-4360-8536-99b7a0f860ca",
  correlation_id: "e0f4b4bb-483c-4914-aaaa-956d1587d67e",
  event_type: "Elixir.Nexus.Identity.Events.UserRegistered",
  data: %Nexus.Identity.Events.UserRegistered{
    user_id: "019d0c26-0b00-74a0-bd6d-48329cf61a57",
    org_id: "019d0c26-0b00-74a0-8884-24b7b734f296",
    email: "test@example.com",
    role: "system_admin",
    cose_key: "Ym9vdHN0cmFwX2Nvc2Vfa2V5",
    credential_id: "Ym9vdHN0cmFwX2NyZWRlbnRpYWxfaWQ=",
    registered_at: "2026-03-20T16:48:33.024173Z",
    display_name: "Test User",
    status: "active"
  },
  created_at: ~U[2026-03-20 16:48:33.025211Z],
  metadata: %{
    "causation_id" => "019d0c26-0b00-71d0-a1d2-041f55e92cfc",
    "correlation_id" => "019d0c26-0b00-71d0-a1d2-041f55e92cfc"
  }
}, due to:
** (Postgrex.Error) ERROR 42703 (undefined_column) column i0.id does not exist

    query: SELECT i0."id", i0."user_id", i0."org_id", i0."locale", i0."timezone", i0."notifications_enabled", i0."created_at", i0."updated_at" FROM "identity_user_settings" AS i0 WHERE (i0."id" = $1)
    (ecto_sql 3.13.4) lib/ecto/adapters/sql.ex:1113: Ecto.Adapters.SQL.raise_sql_call_error/1
    (ecto_sql 3.13.4) lib/ecto/adapters/sql.ex:1011: Ecto.Adapters.SQL.execute/6
    (ecto 3.13.5) lib/ecto/repo/queryable.ex:241: Ecto.Repo.Queryable.execute/4
    (ecto 3.13.5) lib/ecto/repo/queryable.ex:19: Ecto.Repo.Queryable.all/3
    (ecto 3.13.5) lib/ecto/repo/queryable.ex:163: Ecto.Repo.Queryable.one/3
    (nexus 0.1.0) lib/nexus/identity/projectors/user_registration_projector.ex:53: anonymous fn/3 in Nexus.Identity.Projectors.UserRegistrationProjector.project_registration/3
    (ecto 3.13.5) lib/ecto/multi.ex:905: Ecto.Multi.apply_operation/5
    (elixir 1.19.5) lib/enum.ex:2520: Enum."-reduce/3-lists^foldl/2-0-"/3
    (ecto 3.13.5) lib/ecto/multi.ex:878: anonymous fn/5 in Ecto.Multi.apply_operations/5
    (ecto_sql 3.13.4) lib/ecto/adapters/sql.ex:1473: anonymous fn/3 in Ecto.Adapters.SQL.checkout_or_transaction/4
    (db_connection 2.9.0) lib/db_connection.ex:1747: DBConnection.run_transaction/4
    (ecto 3.13.5) lib/ecto/repo/transaction.ex:30: Ecto.Repo.Transaction.transact/4
    (nexus 0.1.0) deps/commanded_ecto_projections/lib/projections/ecto.ex:97: Nexus.Identity.Projectors.UserRegistrationProjector.update_projection/3
    (commanded 1.4.9) lib/commanded/event/handler.ex:1221: Commanded.Event.Handler.delegate_event_to_handler/2
    (commanded 1.4.9) lib/commanded/event/handler.ex:1062: Commanded.Event.Handler.handle_event/3
    (elixir 1.19.5) lib/enum.ex:2520: Enum."-reduce/3-lists^foldl/2-0-"/3
    (commanded 1.4.9) lib/commanded/event/handler.ex:969: Commanded.Event.Handler.handle_info/2
    (stdlib 7.1) gen_server.erl:2434: :gen_server.try_handle_info/3
    (stdlib 7.1) gen_server.erl:2420: :gen_server.handle_msg/3
    (stdlib 7.1) proc_lib.erl:333: :proc_lib.init_p_do_apply/3

23:10:04.080 [warning] Nexus.Identity.Projectors.UserRegistrationProjector has requested to stop: %Postgrex.Error{message: nil, postgres: %{code: :undefined_column, line: "3721", message: "column i0.id does not exist", position: "8", file: "parse_relation.c", unknown: "ERROR", severity: "ERROR", pg_code: "42703", routine: "errorMissingColumn"}, connection_id: 3152, query: "SELECT i0.\"id\", i0.\"user_id\", i0.\"org_id\", i0.\"locale\", i0.\"timezone\", i0.\"notifications_enabled\", i0.\"created_at\", i0.\"updated_at\" FROM \"identity_user_settings\" AS i0 WHERE (i0.\"id\" = $1)"}
23:10:04.080 [debug] Nexus.Identity.Projectors.UserRegistrationProjector is shutting down due to %Postgrex.Error{message: nil, postgres: %{code: :undefined_column, line: "3721", message: "column i0.id does not exist", position: "8", file: "parse_relation.c", unknown: "ERROR", severity: "ERROR", pg_code: "42703", routine: "errorMissingColumn"}, connection_id: 3152, query: "SELECT i0.\"id\", i0.\"user_id\", i0.\"org_id\", i0.\"locale\", i0.\"timezone\", i0.\"notifications_enabled\", i0.\"created_at\", i0.\"updated_at\" FROM \"identity_user_settings\" AS i0 WHERE (i0.\"id\" = $1)"}
23:10:04.080 [error] GenServer {Nexus.App.LocalRegistry, {Nexus.App, Commanded.Event.Handler, "Identity.Projectors.UserRegistrationProjector"}} terminating
** (stop) %Postgrex.Error{message: nil, postgres: %{code: :undefined_column, line: "3721", message: "column i0.id does not exist", position: "8", file: "parse_relation.c", unknown: "ERROR", severity: "ERROR", pg_code: "42703", routine: "errorMissingColumn"}, connection_id: 3152, query: "SELECT i0.\"id\", i0.\"user_id\", i0.\"org_id\", i0.\"locale\", i0.\"timezone\", i0.\"notifications_enabled\", i0.\"created_at\", i0.\"updated_at\" FROM \"identity_user_settings\" AS i0 WHERE (i0.\"id\" = $1)"}
Last message: {:events, [%Commanded.EventStore.RecordedEvent{event_id: "282ec866-f518-44ed-95f6-7a535d6c3e25", event_number: 11262, stream_id: "019d0c26-0b00-74a0-bd6d-48329cf61a57", stream_version: 1, causation_id: "d64809a4-8402-4360-8536-99b7a0f860ca", correlation_id: "e0f4b4bb-483c-4914-aaaa-956d1587d67e", event_type: "Elixir.Nexus.Identity.Events.UserRegistered", data: %Nexus.Identity.Events.UserRegistered{user_id: "019d0c26-0b00-74a0-bd6d-48329cf61a57", org_id: "019d0c26-0b00-74a0-8884-24b7b734f296", email: "test@example.com", role: "system_admin", cose_key: "Ym9vdHN0cmFwX2Nvc2Vfa2V5", credential_id: "Ym9vdHN0cmFwX2NyZWRlbnRpYWxfaWQ=", registered_at: "2026-03-20T16:48:33.024173Z", display_name: "Test User", status: "active"}, created_at: ~U[2026-03-20 16:48:33.025211Z], metadata: %{"causation_id" => "019d0c26-0b00-71d0-a1d2-041f55e92cfc", "correlation_id" => "019d0c26-0b00-71d0-a1d2-041f55e92cfc"}}]}
State: %Commanded.Event.Handler{application: Nexus.App, consistency: :strong, handler_callback: :event, handler_name: "Identity.Projectors.UserRegistrationProjector", handler_module: Nexus.Identity.Projectors.UserRegistrationProjector, handler_state: nil, last_seen_event: nil, subscription: %Commanded.EventStore.Subscription{application: Nexus.App, backoff: {:backoff, 1000, 60000, 1000, :jitter, :undefined, :undefined}, concurrency: 1, partition_by: nil, subscribe_to: :all, subscribe_from: :origin, subscription_name: "Identity.Projectors.UserRegistrationProjector", subscription_opts: [], subscription_pid: #PID<0.3058.0>, subscription_ref: #Reference<0.504251661.3394502657.233100>}, subscribe_timer: nil}
23:10:04.081 [debug] Subscription "Identity.Projectors.UserRegistrationProjector"@"$all" subscriber #PID<0.3057.0> down due to: %Postgrex.Error{message: nil, postgres: %{code: :undefined_column, line: "3721", message: "column i0.id does not exist", position: "8", file: "parse_relation.c", unknown: "ERROR", severity: "ERROR", pg_code: "42703", routine: "errorMissingColumn"}, connection_id: 3152, query: "SELECT i0.\"id\", i0.\"user_id\", i0.\"org_id\", i0.\"locale\", i0.\"timezone\", i0.\"notifications_enabled\", i0.\"created_at\", i0.\"updated_at\" FROM \"identity_user_settings\" AS i0 WHERE (i0.\"id\" = $1)"}
23:10:04.081 [debug] Subscription "Identity.Projectors.UserRegistrationProjector"@"$all" has no subscribers, shutting down
23:10:04.081 [error] GenServer {Nexus.EventStore.EventStore.Subscriptions.Registry, {"$all", "Identity.Projectors.UserRegistrationProjector"}} terminating
** (stop) %Postgrex.Error{message: nil, postgres: %{code: :undefined_column, line: "3721", message: "column i0.id does not exist", position: "8", file: "parse_relation.c", unknown: "ERROR", severity: "ERROR", pg_code: "42703", routine: "errorMissingColumn"}, connection_id: 3152, query: "SELECT i0.\"id\", i0.\"user_id\", i0.\"org_id\", i0.\"locale\", i0.\"timezone\", i0.\"notifications_enabled\", i0.\"created_at\", i0.\"updated_at\" FROM \"identity_user_settings\" AS i0 WHERE (i0.\"id\" = $1)"}
Last message: {:DOWN, #Reference<0.504251661.3394502657.233079>, :process, #PID<0.3057.0>, %Postgrex.Error{message: nil, postgres: %{code: :undefined_column, line: "3721", message: "column i0.id does not exist", position: "8", file: "parse_relation.c", unknown: "ERROR", severity: "ERROR", pg_code: "42703", routine: "errorMissingColumn"}, connection_id: 3152, query: "SELECT i0.\"id\", i0.\"user_id\", i0.\"org_id\", i0.\"locale\", i0.\"timezone\", i0.\"notifications_enabled\", i0.\"created_at\", i0.\"updated_at\" FROM \"identity_user_settings\" AS i0 WHERE (i0.\"id\" = $1)"}}
State: %EventStore.Subscriptions.Subscription{stream_uuid: "$all", subscription_name: "Identity.Projectors.UserRegistrationProjector", subscription: %EventStore.Subscriptions.SubscriptionFsm{state: :unsubscribed, data: %EventStore.Subscriptions.SubscriptionState{conn: Nexus.EventStore.Postgrex, event_store: Nexus.EventStore, serializer: Commanded.Serialization.JsonSerializer, schema: "event_store", stream_uuid: "$all", start_from: 0, subscription_name: "Identity.Projectors.UserRegistrationProjector", subscription_id: 405, selector: nil, mapper: &Commanded.EventStore.Adapters.EventStore.Mapper.from_recorded_event/1, max_size: 1000, partition_by: nil, query_timeout: 15000, lock_ref: #Reference<0.504251661.3394502658.81059>, last_received: 12231, last_sent: 11262, last_ack: 11261, queue_size: 970, buffer_size: 1, checkpoint_after: 0, checkpoint_threshold: 1, checkpoint_timer_ref: nil, checkpoints_pending: 0, subscribers: %{}, partitions: %{nil: {[%EventStore.RecordedEvent{event_number: 12231, event_id: "b58748f2-cd92-4a46-911f-0bab7e16bcce", stream_uuid: "631ffb8b-126b-40c3-8203-4988912dccac", stream_version: 1, correlation_id: "e6b4b1b3-a306-4e46-a407-4ee295b2567e", causation_id: "6c36c5b1-b472-491a-93d4-d21335dab8e5", event_type: "Elixir.Nexus.Identity.Events.UserRegistered", data: %Nexus.Identity.Events.UserRegistered{user_id: "631ffb8b-126b-40c3-8203-4988912dccac", org_id: "e205ad5a-5aff-40fd-9840-2f1860363ab1", email: "bernard-92b69317-ceac-4570-a4dc-e181657c44c8@nexus.financial", role: "admin", cose_key: "bW9jaw==", credential_id: "bW9jaw==", registered_at: "2026-03-20T23:10:04.023004Z", display_name: "Bernard", status: "active"}, metadata: %{"causation_id" => "019d0d83-54f7-7795-b212-00ae72ff09d4", "correlation_id" => "019d0d83-54f7-7795-b212-00ae72ff09d4"}, created_at: ~U[2026-03-20 23:10:04.024222Z]}, %EventStore.RecordedEvent{event_number: 12230, event_id: "18516aae-860c-4533-8cef-1f1cc9898a6b", stream_uuid: "0a2320b8-ea62-4944-91fc-b1a081d94b4f", stream_version: 2, correlation_id: "3439d5db-8df0-40d7-b3f9-7c79af370711", causation_id: "c46ea7f8-115b-44b2-b9fb-5238f503624f", event_type: "Elixir.Nexus.Identity.Events.SessionStarted", data: %Nexus.Identity.Events.SessionStarted{org_id: "cb85a832-0e01-453c-9c74-126aa4f990be", user_id: "0a2320b8-ea62-4944-91fc-b1a081d94b4f", session_id: "8604ab1b-1c1d-4dc9-a88d-88e80166047a", session_token: "mock-token", user_agent: "Mozilla/5.0 (Macintosh; Intel Mac OS X 10_15_7)", ip_address: "127.0.0.1", started_at: "2026-03-20T23:10:03.714460Z"}, metadata: %{"causation_id" => "019d0d83-53c2-7918-aa39-3fa0df65a469", "correlation_id" => "019d0d83-53c2-7918-aa39-3fa0df65a469"}, created_at: ~U[2026-03-20 23:10:03.715069Z]}, %EventStore.RecordedEvent{event_number: 12229, event_id: "88438d34-4046-4a41-b85b-67d256cca5e5", stream_uuid: "0a2320b8-ea62-4944-91fc-b1a081d94b4f", stream_version: 1, correlation_id: "a64c1aaf-4c8a-4a0a-8e73-1cb004416bc9", causation_id: "b063d188-4c5e-4283-bf48-e09a975f8b85", event_type: "Elixir.Nexus.Identity.Events.UserRegistered", data: %Nexus.Identity.Events.UserRegistered{user_id: "0a2320b8-ea62-4944-91fc-b1a081d94b4f", org_id: "cb85a832-0e01-453c-9c74-126aa4f990be", email: "bernard-e0cbc1d2-dd91-4387-8fed-b05c8f3523b8@nexus.financial", role: "admin", cose_key: "bW9jaw==", credential_id: "bW9jaw==", registered_at: "2026-03-20T23:10:03.511487Z", display_name: "Bernard", status: "active"}, metadata: %{"causation_id" => "019d0d83-52f7-72c1-9919-520d2e6a1f7d", "correlation_id" => "019d0d83-52f7-72c1-9919-520d2e6a1f7d"}, created_at: ~U[2026-03-20 23:10:03.512643Z]}, %EventStore.RecordedEvent{event_number: 12228, event_id: "09c135f3-e6cb-49bc-81c3-586b4a99fd72", stream_uuid: "ba9ba3da-fea6-48d9-9922-befe7026f5cc", ...}, ...], ...}}, ...}}, ...}
23:10:04.081 [debug] Nexus.Identity.Projectors.UserRegistrationProjector is shutting down due to {%Postgrex.Error{message: nil, postgres: %{code: :undefined_column, line: "3721", message: "column i0.id does not exist", position: "8", file: "parse_relation.c", unknown: "ERROR", severity: "ERROR", pg_code: "42703", routine: "errorMissingColumn"}, connection_id: 3152, query: "SELECT i0.\"id\", i0.\"user_id\", i0.\"org_id\", i0.\"locale\", i0.\"timezone\", i0.\"notifications_enabled\", i0.\"created_at\", i0.\"updated_at\" FROM \"identity_user_settings\" AS i0 WHERE (i0.\"id\" = $1)"}, {GenServer, :call, [#PID<0.3058.0>, {:connect, #PID<0.3059.0>, [retry_interval: 60000, hibernate_after: 15000, partition_by: nil, concurrency_limit: 1, name: Nexus.EventStore, mapper: &Commanded.EventStore.Adapters.EventStore.Mapper.from_recorded_event/1, conn: Nexus.EventStore.Postgrex, event_store: Nexus.EventStore, query_timeout: 15000, schema: "event_store", serializer: Commanded.Serialization.JsonSerializer, stream_uuid: "$all", subscription_name: "Identity.Projectors.UserRegistrationProjector", start_from: 0]}, 5000]}}
23:10:04.081 [error] GenServer {Nexus.App.LocalRegistry, {Nexus.App, Commanded.Event.Handler, "Identity.Projectors.UserRegistrationProjector"}} terminating
** (stop) exited in: GenServer.call(#PID<0.3058.0>, {:connect, #PID<0.3059.0>, [retry_interval: 60000, hibernate_after: 15000, partition_by: nil, concurrency_limit: 1, name: Nexus.EventStore, mapper: &Commanded.EventStore.Adapters.EventStore.Mapper.from_recorded_event/1, conn: Nexus.EventStore.Postgrex, event_store: Nexus.EventStore, query_timeout: 15000, schema: "event_store", serializer: Commanded.Serialization.JsonSerializer, stream_uuid: "$all", subscription_name: "Identity.Projectors.UserRegistrationProjector", start_from: 0]}, 5000)
    ** (EXIT) %Postgrex.Error{message: nil, postgres: %{code: :undefined_column, line: "3721", message: "column i0.id does not exist", position: "8", file: "parse_relation.c", unknown: "ERROR", severity: "ERROR", pg_code: "42703", routine: "errorMissingColumn"}, connection_id: 3152, query: "SELECT i0.\"id\", i0.\"user_id\", i0.\"org_id\", i0.\"locale\", i0.\"timezone\", i0.\"notifications_enabled\", i0.\"created_at\", i0.\"updated_at\" FROM \"identity_user_settings\" AS i0 WHERE (i0.\"id\" = $1)"}
    (elixir 1.19.5) lib/gen_server.ex:1142: GenServer.call/3
    (commanded 1.4.9) lib/commanded/event_store.ex:289: anonymous fn/2 in Commanded.EventStore.span/3
    (telemetry 1.3.0) /Users/bernard/dev/nexus/deps/telemetry/src/telemetry.erl:324: :telemetry.span/3
    (commanded 1.4.9) lib/commanded/event_store/subscription.ex:58: Commanded.EventStore.Subscription.subscribe/2
    (commanded 1.4.9) lib/commanded/event/handler.ex:1024: Commanded.Event.Handler.subscribe_to_events/1
    (commanded 1.4.9) lib/commanded/event/handler.ex:887: Commanded.Event.Handler.handle_continue/2
    (stdlib 7.1) gen_server.erl:2424: :gen_server.try_handle_continue/3
    (stdlib 7.1) gen_server.erl:2291: :gen_server.loop/4
    (stdlib 7.1) proc_lib.erl:333: :proc_lib.init_p_do_apply/3
Last message: {:continue, :subscribe_to_events}
State: %Commanded.Event.Handler{application: Nexus.App, consistency: :strong, handler_callback: :event, handler_name: "Identity.Projectors.UserRegistrationProjector", handler_module: Nexus.Identity.Projectors.UserRegistrationProjector, handler_state: nil, last_seen_event: nil, subscription: %Commanded.EventStore.Subscription{application: Nexus.App, backoff: {:backoff, 1000, 60000, 1000, :jitter, :undefined, :undefined}, concurrency: 1, partition_by: nil, subscribe_to: :all, subscribe_from: :origin, subscription_name: "Identity.Projectors.UserRegistrationProjector", subscription_opts: [], subscription_pid: nil, subscription_ref: nil}, subscribe_timer: nil}
23:10:04.082 [debug] Subscription "Identity.Projectors.UserRegistrationProjector"@"$all" attempting to connect subscriber #PID<0.3060.0>
23:10:04.083 [debug] Subscription "Identity.Projectors.UserRegistrationProjector"@"$all" catching-up
23:10:04.083 [debug] Nexus.Identity.Projectors.UserRegistrationProjector has successfully subscribed to event store
23:10:04.097 [debug] Nexus.Identity.Projectors.UserRegistrationProjector received events: [%Commanded.EventStore.RecordedEvent{event_id: "282ec866-f518-44ed-95f6-7a535d6c3e25", event_number: 11262, stream_id: "019d0c26-0b00-74a0-bd6d-48329cf61a57", stream_version: 1, causation_id: "d64809a4-8402-4360-8536-99b7a0f860ca", correlation_id: "e0f4b4bb-483c-4914-aaaa-956d1587d67e", event_type: "Elixir.Nexus.Identity.Events.UserRegistered", data: %Nexus.Identity.Events.UserRegistered{user_id: "019d0c26-0b00-74a0-bd6d-48329cf61a57", org_id: "019d0c26-0b00-74a0-8884-24b7b734f296", email: "test@example.com", role: "system_admin", cose_key: "Ym9vdHN0cmFwX2Nvc2Vfa2V5", credential_id: "Ym9vdHN0cmFwX2NyZWRlbnRpYWxfaWQ=", registered_at: "2026-03-20T16:48:33.024173Z", display_name: "Test User", status: "active"}, created_at: ~U[2026-03-20 16:48:33.025211Z], metadata: %{"causation_id" => "019d0c26-0b00-71d0-a1d2-041f55e92cfc", "correlation_id" => "019d0c26-0b00-71d0-a1d2-041f55e92cfc"}}]
23:10:04.097 [debug] QUERY OK db=0.1ms
begin []
23:10:04.097 [debug] QUERY OK source="projection_versions" db=0.1ms
INSERT INTO "projection_versions" AS p0 ("projection_name","last_seen_event_number","inserted_at","updated_at") VALUES ($1,$2,$3,$4) ON CONFLICT ("projection_name") DO UPDATE SET "last_seen_event_number" = $5 WHERE ((p0."projection_name" = $6) AND (p0."last_seen_event_number" < $7)) ["Identity.Projectors.UserRegistrationProjector", 11262, ~N[2026-03-20 23:10:04.097621], ~N[2026-03-20 23:10:04.097621], 11262, "Identity.Projectors.UserRegistrationProjector", 11262]
23:10:04.098 [debug] QUERY OK source="users" db=0.0ms
SELECT u0."id", u0."org_id", u0."email", u0."display_name", u0."status", u0."cose_key", u0."credential_id", u0."roles", u0."created_at", u0."updated_at" FROM "users" AS u0 WHERE (u0."id" = $1) ["019d0c26-0b00-74a0-bd6d-48329cf61a57"]
23:10:04.098 [debug] QUERY OK source="users" db=0.1ms
SELECT u0."id", u0."org_id", u0."email", u0."display_name", u0."status", u0."cose_key", u0."credential_id", u0."roles", u0."created_at", u0."updated_at" FROM "users" AS u0 WHERE (u0."email" = $1) ["test@example.com"]
23:10:04.098 [debug] QUERY OK source="users" db=0.1ms
INSERT INTO "users" ("id","status","org_id","email","display_name","roles","cose_key","credential_id","created_at","updated_at") VALUES ($1,$2,$3,$4,$5,$6,$7,$8,$9,$10) ["019d0c26-0b00-74a0-bd6d-48329cf61a57", "active", "019d0c26-0b00-74a0-8884-24b7b734f296", "test@example.com", "Test User", ["system_admin"], "bootstrap_cose_key", "bootstrap_credential_id", ~U[2026-03-20 23:10:04.098249Z], ~U[2026-03-20 23:10:04.098249Z]]
23:10:04.098 [debug] QUERY ERROR source="identity_user_settings" db=0.0ms
SELECT i0."id", i0."user_id", i0."org_id", i0."locale", i0."timezone", i0."notifications_enabled", i0."created_at", i0."updated_at" FROM "identity_user_settings" AS i0 WHERE (i0."id" = $1) ["019d0c26-0b00-74a0-bd6d-48329cf61a57"]
23:10:04.098 [debug] QUERY OK db=0.0ms
rollback []
23:10:04.099 [error] Nexus.Identity.Projectors.UserRegistrationProjector failed to handle event:
%Commanded.EventStore.RecordedEvent{
  event_id: "282ec866-f518-44ed-95f6-7a535d6c3e25",
  event_number: 11262,
  stream_id: "019d0c26-0b00-74a0-bd6d-48329cf61a57",
  stream_version: 1,
  causation_id: "d64809a4-8402-4360-8536-99b7a0f860ca",
  correlation_id: "e0f4b4bb-483c-4914-aaaa-956d1587d67e",
  event_type: "Elixir.Nexus.Identity.Events.UserRegistered",
  data: %Nexus.Identity.Events.UserRegistered{
    user_id: "019d0c26-0b00-74a0-bd6d-48329cf61a57",
    org_id: "019d0c26-0b00-74a0-8884-24b7b734f296",
    email: "test@example.com",
    role: "system_admin",
    cose_key: "Ym9vdHN0cmFwX2Nvc2Vfa2V5",
    credential_id: "Ym9vdHN0cmFwX2NyZWRlbnRpYWxfaWQ=",
    registered_at: "2026-03-20T16:48:33.024173Z",
    display_name: "Test User",
    status: "active"
  },
  created_at: ~U[2026-03-20 16:48:33.025211Z],
  metadata: %{
    "causation_id" => "019d0c26-0b00-71d0-a1d2-041f55e92cfc",
    "correlation_id" => "019d0c26-0b00-71d0-a1d2-041f55e92cfc"
  }
}, due to:
** (Postgrex.Error) ERROR 42703 (undefined_column) column i0.id does not exist

    query: SELECT i0."id", i0."user_id", i0."org_id", i0."locale", i0."timezone", i0."notifications_enabled", i0."created_at", i0."updated_at" FROM "identity_user_settings" AS i0 WHERE (i0."id" = $1)
    (ecto_sql 3.13.4) lib/ecto/adapters/sql.ex:1113: Ecto.Adapters.SQL.raise_sql_call_error/1
    (ecto_sql 3.13.4) lib/ecto/adapters/sql.ex:1011: Ecto.Adapters.SQL.execute/6
    (ecto 3.13.5) lib/ecto/repo/queryable.ex:241: Ecto.Repo.Queryable.execute/4
    (ecto 3.13.5) lib/ecto/repo/queryable.ex:19: Ecto.Repo.Queryable.all/3
    (ecto 3.13.5) lib/ecto/repo/queryable.ex:163: Ecto.Repo.Queryable.one/3
    (nexus 0.1.0) lib/nexus/identity/projectors/user_registration_projector.ex:53: anonymous fn/3 in Nexus.Identity.Projectors.UserRegistrationProjector.project_registration/3
    (ecto 3.13.5) lib/ecto/multi.ex:905: Ecto.Multi.apply_operation/5
    (elixir 1.19.5) lib/enum.ex:2520: Enum."-reduce/3-lists^foldl/2-0-"/3
    (ecto 3.13.5) lib/ecto/multi.ex:878: anonymous fn/5 in Ecto.Multi.apply_operations/5
    (ecto_sql 3.13.4) lib/ecto/adapters/sql.ex:1473: anonymous fn/3 in Ecto.Adapters.SQL.checkout_or_transaction/4
    (db_connection 2.9.0) lib/db_connection.ex:1747: DBConnection.run_transaction/4
    (ecto 3.13.5) lib/ecto/repo/transaction.ex:30: Ecto.Repo.Transaction.transact/4
    (nexus 0.1.0) deps/commanded_ecto_projections/lib/projections/ecto.ex:97: Nexus.Identity.Projectors.UserRegistrationProjector.update_projection/3
    (commanded 1.4.9) lib/commanded/event/handler.ex:1221: Commanded.Event.Handler.delegate_event_to_handler/2
    (commanded 1.4.9) lib/commanded/event/handler.ex:1062: Commanded.Event.Handler.handle_event/3
    (elixir 1.19.5) lib/enum.ex:2520: Enum."-reduce/3-lists^foldl/2-0-"/3
    (commanded 1.4.9) lib/commanded/event/handler.ex:969: Commanded.Event.Handler.handle_info/2
    (stdlib 7.1) gen_server.erl:2434: :gen_server.try_handle_info/3
    (stdlib 7.1) gen_server.erl:2420: :gen_server.handle_msg/3
    (stdlib 7.1) proc_lib.erl:333: :proc_lib.init_p_do_apply/3

23:10:04.099 [warning] Nexus.Identity.Projectors.UserRegistrationProjector has requested to stop: %Postgrex.Error{message: nil, postgres: %{code: :undefined_column, line: "3721", message: "column i0.id does not exist", position: "8", file: "parse_relation.c", unknown: "ERROR", severity: "ERROR", pg_code: "42703", routine: "errorMissingColumn"}, connection_id: 3152, query: "SELECT i0.\"id\", i0.\"user_id\", i0.\"org_id\", i0.\"locale\", i0.\"timezone\", i0.\"notifications_enabled\", i0.\"created_at\", i0.\"updated_at\" FROM \"identity_user_settings\" AS i0 WHERE (i0.\"id\" = $1)"}
23:10:04.099 [debug] Nexus.Identity.Projectors.UserRegistrationProjector is shutting down due to %Postgrex.Error{message: nil, postgres: %{code: :undefined_column, line: "3721", message: "column i0.id does not exist", position: "8", file: "parse_relation.c", unknown: "ERROR", severity: "ERROR", pg_code: "42703", routine: "errorMissingColumn"}, connection_id: 3152, query: "SELECT i0.\"id\", i0.\"user_id\", i0.\"org_id\", i0.\"locale\", i0.\"timezone\", i0.\"notifications_enabled\", i0.\"created_at\", i0.\"updated_at\" FROM \"identity_user_settings\" AS i0 WHERE (i0.\"id\" = $1)"}
23:10:04.099 [error] GenServer {Nexus.App.LocalRegistry, {Nexus.App, Commanded.Event.Handler, "Identity.Projectors.UserRegistrationProjector"}} terminating
** (stop) %Postgrex.Error{message: nil, postgres: %{code: :undefined_column, line: "3721", message: "column i0.id does not exist", position: "8", file: "parse_relation.c", unknown: "ERROR", severity: "ERROR", pg_code: "42703", routine: "errorMissingColumn"}, connection_id: 3152, query: "SELECT i0.\"id\", i0.\"user_id\", i0.\"org_id\", i0.\"locale\", i0.\"timezone\", i0.\"notifications_enabled\", i0.\"created_at\", i0.\"updated_at\" FROM \"identity_user_settings\" AS i0 WHERE (i0.\"id\" = $1)"}
Last message: {:events, [%Commanded.EventStore.RecordedEvent{event_id: "282ec866-f518-44ed-95f6-7a535d6c3e25", event_number: 11262, stream_id: "019d0c26-0b00-74a0-bd6d-48329cf61a57", stream_version: 1, causation_id: "d64809a4-8402-4360-8536-99b7a0f860ca", correlation_id: "e0f4b4bb-483c-4914-aaaa-956d1587d67e", event_type: "Elixir.Nexus.Identity.Events.UserRegistered", data: %Nexus.Identity.Events.UserRegistered{user_id: "019d0c26-0b00-74a0-bd6d-48329cf61a57", org_id: "019d0c26-0b00-74a0-8884-24b7b734f296", email: "test@example.com", role: "system_admin", cose_key: "Ym9vdHN0cmFwX2Nvc2Vfa2V5", credential_id: "Ym9vdHN0cmFwX2NyZWRlbnRpYWxfaWQ=", registered_at: "2026-03-20T16:48:33.024173Z", display_name: "Test User", status: "active"}, created_at: ~U[2026-03-20 16:48:33.025211Z], metadata: %{"causation_id" => "019d0c26-0b00-71d0-a1d2-041f55e92cfc", "correlation_id" => "019d0c26-0b00-71d0-a1d2-041f55e92cfc"}}]}
State: %Commanded.Event.Handler{application: Nexus.App, consistency: :strong, handler_callback: :event, handler_name: "Identity.Projectors.UserRegistrationProjector", handler_module: Nexus.Identity.Projectors.UserRegistrationProjector, handler_state: nil, last_seen_event: nil, subscription: %Commanded.EventStore.Subscription{application: Nexus.App, backoff: {:backoff, 1000, 60000, 1000, :jitter, :undefined, :undefined}, concurrency: 1, partition_by: nil, subscribe_to: :all, subscribe_from: :origin, subscription_name: "Identity.Projectors.UserRegistrationProjector", subscription_opts: [], subscription_pid: #PID<0.3061.0>, subscription_ref: #Reference<0.504251661.3394502658.81221>}, subscribe_timer: nil}
23:10:04.100 [debug] Subscription "Identity.Projectors.UserRegistrationProjector"@"$all" subscriber #PID<0.3060.0> down due to: %Postgrex.Error{message: nil, postgres: %{code: :undefined_column, line: "3721", message: "column i0.id does not exist", position: "8", file: "parse_relation.c", unknown: "ERROR", severity: "ERROR", pg_code: "42703", routine: "errorMissingColumn"}, connection_id: 3152, query: "SELECT i0.\"id\", i0.\"user_id\", i0.\"org_id\", i0.\"locale\", i0.\"timezone\", i0.\"notifications_enabled\", i0.\"created_at\", i0.\"updated_at\" FROM \"identity_user_settings\" AS i0 WHERE (i0.\"id\" = $1)"}
23:10:04.100 [debug] Subscription "Identity.Projectors.UserRegistrationProjector"@"$all" has no subscribers, shutting down
23:10:04.100 [error] GenServer {Nexus.EventStore.EventStore.Subscriptions.Registry, {"$all", "Identity.Projectors.UserRegistrationProjector"}} terminating
** (stop) %Postgrex.Error{message: nil, postgres: %{code: :undefined_column, line: "3721", message: "column i0.id does not exist", position: "8", file: "parse_relation.c", unknown: "ERROR", severity: "ERROR", pg_code: "42703", routine: "errorMissingColumn"}, connection_id: 3152, query: "SELECT i0.\"id\", i0.\"user_id\", i0.\"org_id\", i0.\"locale\", i0.\"timezone\", i0.\"notifications_enabled\", i0.\"created_at\", i0.\"updated_at\" FROM \"identity_user_settings\" AS i0 WHERE (i0.\"id\" = $1)"}
Last message: {:DOWN, #Reference<0.504251661.3394502658.81209>, :process, #PID<0.3060.0>, %Postgrex.Error{message: nil, postgres: %{code: :undefined_column, line: "3721", message: "column i0.id does not exist", position: "8", file: "parse_relation.c", unknown: "ERROR", severity: "ERROR", pg_code: "42703", routine: "errorMissingColumn"}, connection_id: 3152, query: "SELECT i0.\"id\", i0.\"user_id\", i0.\"org_id\", i0.\"locale\", i0.\"timezone\", i0.\"notifications_enabled\", i0.\"created_at\", i0.\"updated_at\" FROM \"identity_user_settings\" AS i0 WHERE (i0.\"id\" = $1)"}}
State: %EventStore.Subscriptions.Subscription{stream_uuid: "$all", subscription_name: "Identity.Projectors.UserRegistrationProjector", subscription: %EventStore.Subscriptions.SubscriptionFsm{state: :unsubscribed, data: %EventStore.Subscriptions.SubscriptionState{conn: Nexus.EventStore.Postgrex, event_store: Nexus.EventStore, serializer: Commanded.Serialization.JsonSerializer, schema: "event_store", stream_uuid: "$all", start_from: 0, subscription_name: "Identity.Projectors.UserRegistrationProjector", subscription_id: 405, selector: nil, mapper: &Commanded.EventStore.Adapters.EventStore.Mapper.from_recorded_event/1, max_size: 1000, partition_by: nil, query_timeout: 15000, lock_ref: #Reference<0.504251661.3394502658.81218>, last_received: 12231, last_sent: 11262, last_ack: 11261, queue_size: 970, buffer_size: 1, checkpoint_after: 0, checkpoint_threshold: 1, checkpoint_timer_ref: nil, checkpoints_pending: 0, subscribers: %{}, partitions: %{nil: {[%EventStore.RecordedEvent{event_number: 12231, event_id: "b58748f2-cd92-4a46-911f-0bab7e16bcce", stream_uuid: "631ffb8b-126b-40c3-8203-4988912dccac", stream_version: 1, correlation_id: "e6b4b1b3-a306-4e46-a407-4ee295b2567e", causation_id: "6c36c5b1-b472-491a-93d4-d21335dab8e5", event_type: "Elixir.Nexus.Identity.Events.UserRegistered", data: %Nexus.Identity.Events.UserRegistered{user_id: "631ffb8b-126b-40c3-8203-4988912dccac", org_id: "e205ad5a-5aff-40fd-9840-2f1860363ab1", email: "bernard-92b69317-ceac-4570-a4dc-e181657c44c8@nexus.financial", role: "admin", cose_key: "bW9jaw==", credential_id: "bW9jaw==", registered_at: "2026-03-20T23:10:04.023004Z", display_name: "Bernard", status: "active"}, metadata: %{"causation_id" => "019d0d83-54f7-7795-b212-00ae72ff09d4", "correlation_id" => "019d0d83-54f7-7795-b212-00ae72ff09d4"}, created_at: ~U[2026-03-20 23:10:04.024222Z]}, %EventStore.RecordedEvent{event_number: 12230, event_id: "18516aae-860c-4533-8cef-1f1cc9898a6b", stream_uuid: "0a2320b8-ea62-4944-91fc-b1a081d94b4f", stream_version: 2, correlation_id: "3439d5db-8df0-40d7-b3f9-7c79af370711", causation_id: "c46ea7f8-115b-44b2-b9fb-5238f503624f", event_type: "Elixir.Nexus.Identity.Events.SessionStarted", data: %Nexus.Identity.Events.SessionStarted{org_id: "cb85a832-0e01-453c-9c74-126aa4f990be", user_id: "0a2320b8-ea62-4944-91fc-b1a081d94b4f", session_id: "8604ab1b-1c1d-4dc9-a88d-88e80166047a", session_token: "mock-token", user_agent: "Mozilla/5.0 (Macintosh; Intel Mac OS X 10_15_7)", ip_address: "127.0.0.1", started_at: "2026-03-20T23:10:03.714460Z"}, metadata: %{"causation_id" => "019d0d83-53c2-7918-aa39-3fa0df65a469", "correlation_id" => "019d0d83-53c2-7918-aa39-3fa0df65a469"}, created_at: ~U[2026-03-20 23:10:03.715069Z]}, %EventStore.RecordedEvent{event_number: 12229, event_id: "88438d34-4046-4a41-b85b-67d256cca5e5", stream_uuid: "0a2320b8-ea62-4944-91fc-b1a081d94b4f", stream_version: 1, correlation_id: "a64c1aaf-4c8a-4a0a-8e73-1cb004416bc9", causation_id: "b063d188-4c5e-4283-bf48-e09a975f8b85", event_type: "Elixir.Nexus.Identity.Events.UserRegistered", data: %Nexus.Identity.Events.UserRegistered{user_id: "0a2320b8-ea62-4944-91fc-b1a081d94b4f", org_id: "cb85a832-0e01-453c-9c74-126aa4f990be", email: "bernard-e0cbc1d2-dd91-4387-8fed-b05c8f3523b8@nexus.financial", role: "admin", cose_key: "bW9jaw==", credential_id: "bW9jaw==", registered_at: "2026-03-20T23:10:03.511487Z", display_name: "Bernard", status: "active"}, metadata: %{"causation_id" => "019d0d83-52f7-72c1-9919-520d2e6a1f7d", "correlation_id" => "019d0d83-52f7-72c1-9919-520d2e6a1f7d"}, created_at: ~U[2026-03-20 23:10:03.512643Z]}, %EventStore.RecordedEvent{event_number: 12228, event_id: "09c135f3-e6cb-49bc-81c3-586b4a99fd72", stream_uuid: "ba9ba3da-fea6-48d9-9922-befe7026f5cc", ...}, ...], ...}}, ...}}, ...}
23:10:04.100 [debug] Nexus.Identity.Projectors.UserRegistrationProjector is shutting down due to {%Postgrex.Error{message: nil, postgres: %{code: :undefined_column, line: "3721", message: "column i0.id does not exist", position: "8", file: "parse_relation.c", unknown: "ERROR", severity: "ERROR", pg_code: "42703", routine: "errorMissingColumn"}, connection_id: 3152, query: "SELECT i0.\"id\", i0.\"user_id\", i0.\"org_id\", i0.\"locale\", i0.\"timezone\", i0.\"notifications_enabled\", i0.\"created_at\", i0.\"updated_at\" FROM \"identity_user_settings\" AS i0 WHERE (i0.\"id\" = $1)"}, {GenServer, :call, [#PID<0.3061.0>, {:connect, #PID<0.3062.0>, [retry_interval: 60000, hibernate_after: 15000, partition_by: nil, concurrency_limit: 1, name: Nexus.EventStore, mapper: &Commanded.EventStore.Adapters.EventStore.Mapper.from_recorded_event/1, conn: Nexus.EventStore.Postgrex, event_store: Nexus.EventStore, query_timeout: 15000, schema: "event_store", serializer: Commanded.Serialization.JsonSerializer, stream_uuid: "$all", subscription_name: "Identity.Projectors.UserRegistrationProjector", start_from: 0]}, 5000]}}
23:10:04.100 [error] GenServer {Nexus.App.LocalRegistry, {Nexus.App, Commanded.Event.Handler, "Identity.Projectors.UserRegistrationProjector"}} terminating
** (stop) exited in: GenServer.call(#PID<0.3061.0>, {:connect, #PID<0.3062.0>, [retry_interval: 60000, hibernate_after: 15000, partition_by: nil, concurrency_limit: 1, name: Nexus.EventStore, mapper: &Commanded.EventStore.Adapters.EventStore.Mapper.from_recorded_event/1, conn: Nexus.EventStore.Postgrex, event_store: Nexus.EventStore, query_timeout: 15000, schema: "event_store", serializer: Commanded.Serialization.JsonSerializer, stream_uuid: "$all", subscription_name: "Identity.Projectors.UserRegistrationProjector", start_from: 0]}, 5000)
    ** (EXIT) %Postgrex.Error{message: nil, postgres: %{code: :undefined_column, line: "3721", message: "column i0.id does not exist", position: "8", file: "parse_relation.c", unknown: "ERROR", severity: "ERROR", pg_code: "42703", routine: "errorMissingColumn"}, connection_id: 3152, query: "SELECT i0.\"id\", i0.\"user_id\", i0.\"org_id\", i0.\"locale\", i0.\"timezone\", i0.\"notifications_enabled\", i0.\"created_at\", i0.\"updated_at\" FROM \"identity_user_settings\" AS i0 WHERE (i0.\"id\" = $1)"}
    (elixir 1.19.5) lib/gen_server.ex:1142: GenServer.call/3
    (commanded 1.4.9) lib/commanded/event_store.ex:289: anonymous fn/2 in Commanded.EventStore.span/3
    (telemetry 1.3.0) /Users/bernard/dev/nexus/deps/telemetry/src/telemetry.erl:324: :telemetry.span/3
    (commanded 1.4.9) lib/commanded/event_store/subscription.ex:58: Commanded.EventStore.Subscription.subscribe/2
    (commanded 1.4.9) lib/commanded/event/handler.ex:1024: Commanded.Event.Handler.subscribe_to_events/1
    (commanded 1.4.9) lib/commanded/event/handler.ex:887: Commanded.Event.Handler.handle_continue/2
    (stdlib 7.1) gen_server.erl:2424: :gen_server.try_handle_continue/3
    (stdlib 7.1) gen_server.erl:2291: :gen_server.loop/4
    (stdlib 7.1) proc_lib.erl:333: :proc_lib.init_p_do_apply/3
Last message: {:continue, :subscribe_to_events}
State: %Commanded.Event.Handler{application: Nexus.App, consistency: :strong, handler_callback: :event, handler_name: "Identity.Projectors.UserRegistrationProjector", handler_module: Nexus.Identity.Projectors.UserRegistrationProjector, handler_state: nil, last_seen_event: nil, subscription: %Commanded.EventStore.Subscription{application: Nexus.App, backoff: {:backoff, 1000, 60000, 1000, :jitter, :undefined, :undefined}, concurrency: 1, partition_by: nil, subscribe_to: :all, subscribe_from: :origin, subscription_name: "Identity.Projectors.UserRegistrationProjector", subscription_opts: [], subscription_pid: nil, subscription_ref: nil}, subscribe_timer: nil}
23:10:04.101 [debug] Subscription "Identity.Projectors.UserRegistrationProjector"@"$all" attempting to connect subscriber #PID<0.3063.0>
23:10:04.101 [debug] Subscription "Identity.Projectors.UserRegistrationProjector"@"$all" catching-up
23:10:04.101 [debug] Nexus.Identity.Projectors.UserRegistrationProjector has successfully subscribed to event store
23:10:04.113 [debug] Nexus.Identity.Projectors.UserRegistrationProjector received events: [%Commanded.EventStore.RecordedEvent{event_id: "282ec866-f518-44ed-95f6-7a535d6c3e25", event_number: 11262, stream_id: "019d0c26-0b00-74a0-bd6d-48329cf61a57", stream_version: 1, causation_id: "d64809a4-8402-4360-8536-99b7a0f860ca", correlation_id: "e0f4b4bb-483c-4914-aaaa-956d1587d67e", event_type: "Elixir.Nexus.Identity.Events.UserRegistered", data: %Nexus.Identity.Events.UserRegistered{user_id: "019d0c26-0b00-74a0-bd6d-48329cf61a57", org_id: "019d0c26-0b00-74a0-8884-24b7b734f296", email: "test@example.com", role: "system_admin", cose_key: "Ym9vdHN0cmFwX2Nvc2Vfa2V5", credential_id: "Ym9vdHN0cmFwX2NyZWRlbnRpYWxfaWQ=", registered_at: "2026-03-20T16:48:33.024173Z", display_name: "Test User", status: "active"}, created_at: ~U[2026-03-20 16:48:33.025211Z], metadata: %{"causation_id" => "019d0c26-0b00-71d0-a1d2-041f55e92cfc", "correlation_id" => "019d0c26-0b00-71d0-a1d2-041f55e92cfc"}}]
23:10:04.113 [debug] QUERY OK db=0.1ms
begin []
23:10:04.113 [debug] QUERY OK source="projection_versions" db=0.1ms
INSERT INTO "projection_versions" AS p0 ("projection_name","last_seen_event_number","inserted_at","updated_at") VALUES ($1,$2,$3,$4) ON CONFLICT ("projection_name") DO UPDATE SET "last_seen_event_number" = $5 WHERE ((p0."projection_name" = $6) AND (p0."last_seen_event_number" < $7)) ["Identity.Projectors.UserRegistrationProjector", 11262, ~N[2026-03-20 23:10:04.113423], ~N[2026-03-20 23:10:04.113423], 11262, "Identity.Projectors.UserRegistrationProjector", 11262]
23:10:04.113 [debug] QUERY OK source="users" db=0.1ms
SELECT u0."id", u0."org_id", u0."email", u0."display_name", u0."status", u0."cose_key", u0."credential_id", u0."roles", u0."created_at", u0."updated_at" FROM "users" AS u0 WHERE (u0."id" = $1) ["019d0c26-0b00-74a0-bd6d-48329cf61a57"]
23:10:04.114 [debug] QUERY OK source="users" db=0.2ms
SELECT u0."id", u0."org_id", u0."email", u0."display_name", u0."status", u0."cose_key", u0."credential_id", u0."roles", u0."created_at", u0."updated_at" FROM "users" AS u0 WHERE (u0."email" = $1) ["test@example.com"]
23:10:04.114 [debug] QUERY OK source="users" db=0.1ms
INSERT INTO "users" ("id","status","org_id","email","display_name","roles","cose_key","credential_id","created_at","updated_at") VALUES ($1,$2,$3,$4,$5,$6,$7,$8,$9,$10) ["019d0c26-0b00-74a0-bd6d-48329cf61a57", "active", "019d0c26-0b00-74a0-8884-24b7b734f296", "test@example.com", "Test User", ["system_admin"], "bootstrap_cose_key", "bootstrap_credential_id", ~U[2026-03-20 23:10:04.114129Z], ~U[2026-03-20 23:10:04.114129Z]]
23:10:04.114 [debug] QUERY ERROR source="identity_user_settings" db=0.0ms
SELECT i0."id", i0."user_id", i0."org_id", i0."locale", i0."timezone", i0."notifications_enabled", i0."created_at", i0."updated_at" FROM "identity_user_settings" AS i0 WHERE (i0."id" = $1) ["019d0c26-0b00-74a0-bd6d-48329cf61a57"]
23:10:04.114 [debug] QUERY OK db=0.1ms
rollback []
23:10:04.115 [error] Nexus.Identity.Projectors.UserRegistrationProjector failed to handle event:
%Commanded.EventStore.RecordedEvent{
  event_id: "282ec866-f518-44ed-95f6-7a535d6c3e25",
  event_number: 11262,
  stream_id: "019d0c26-0b00-74a0-bd6d-48329cf61a57",
  stream_version: 1,
  causation_id: "d64809a4-8402-4360-8536-99b7a0f860ca",
  correlation_id: "e0f4b4bb-483c-4914-aaaa-956d1587d67e",
  event_type: "Elixir.Nexus.Identity.Events.UserRegistered",
  data: %Nexus.Identity.Events.UserRegistered{
    user_id: "019d0c26-0b00-74a0-bd6d-48329cf61a57",
    org_id: "019d0c26-0b00-74a0-8884-24b7b734f296",
    email: "test@example.com",
    role: "system_admin",
    cose_key: "Ym9vdHN0cmFwX2Nvc2Vfa2V5",
    credential_id: "Ym9vdHN0cmFwX2NyZWRlbnRpYWxfaWQ=",
    registered_at: "2026-03-20T16:48:33.024173Z",
    display_name: "Test User",
    status: "active"
  },
  created_at: ~U[2026-03-20 16:48:33.025211Z],
  metadata: %{
    "causation_id" => "019d0c26-0b00-71d0-a1d2-041f55e92cfc",
    "correlation_id" => "019d0c26-0b00-71d0-a1d2-041f55e92cfc"
  }
}, due to:
** (Postgrex.Error) ERROR 42703 (undefined_column) column i0.id does not exist

    query: SELECT i0."id", i0."user_id", i0."org_id", i0."locale", i0."timezone", i0."notifications_enabled", i0."created_at", i0."updated_at" FROM "identity_user_settings" AS i0 WHERE (i0."id" = $1)
    (ecto_sql 3.13.4) lib/ecto/adapters/sql.ex:1113: Ecto.Adapters.SQL.raise_sql_call_error/1
    (ecto_sql 3.13.4) lib/ecto/adapters/sql.ex:1011: Ecto.Adapters.SQL.execute/6
    (ecto 3.13.5) lib/ecto/repo/queryable.ex:241: Ecto.Repo.Queryable.execute/4
    (ecto 3.13.5) lib/ecto/repo/queryable.ex:19: Ecto.Repo.Queryable.all/3
    (ecto 3.13.5) lib/ecto/repo/queryable.ex:163: Ecto.Repo.Queryable.one/3
    (nexus 0.1.0) lib/nexus/identity/projectors/user_registration_projector.ex:53: anonymous fn/3 in Nexus.Identity.Projectors.UserRegistrationProjector.project_registration/3
    (ecto 3.13.5) lib/ecto/multi.ex:905: Ecto.Multi.apply_operation/5
    (elixir 1.19.5) lib/enum.ex:2520: Enum."-reduce/3-lists^foldl/2-0-"/3
    (ecto 3.13.5) lib/ecto/multi.ex:878: anonymous fn/5 in Ecto.Multi.apply_operations/5
    (ecto_sql 3.13.4) lib/ecto/adapters/sql.ex:1473: anonymous fn/3 in Ecto.Adapters.SQL.checkout_or_transaction/4
    (db_connection 2.9.0) lib/db_connection.ex:1747: DBConnection.run_transaction/4
    (ecto 3.13.5) lib/ecto/repo/transaction.ex:30: Ecto.Repo.Transaction.transact/4
    (nexus 0.1.0) deps/commanded_ecto_projections/lib/projections/ecto.ex:97: Nexus.Identity.Projectors.UserRegistrationProjector.update_projection/3
    (commanded 1.4.9) lib/commanded/event/handler.ex:1221: Commanded.Event.Handler.delegate_event_to_handler/2
    (commanded 1.4.9) lib/commanded/event/handler.ex:1062: Commanded.Event.Handler.handle_event/3
    (elixir 1.19.5) lib/enum.ex:2520: Enum."-reduce/3-lists^foldl/2-0-"/3
    (commanded 1.4.9) lib/commanded/event/handler.ex:969: Commanded.Event.Handler.handle_info/2
    (stdlib 7.1) gen_server.erl:2434: :gen_server.try_handle_info/3
    (stdlib 7.1) gen_server.erl:2420: :gen_server.handle_msg/3
    (stdlib 7.1) proc_lib.erl:333: :proc_lib.init_p_do_apply/3

23:10:04.115 [warning] Nexus.Identity.Projectors.UserRegistrationProjector has requested to stop: %Postgrex.Error{message: nil, postgres: %{code: :undefined_column, line: "3721", message: "column i0.id does not exist", position: "8", file: "parse_relation.c", unknown: "ERROR", severity: "ERROR", pg_code: "42703", routine: "errorMissingColumn"}, connection_id: 3152, query: "SELECT i0.\"id\", i0.\"user_id\", i0.\"org_id\", i0.\"locale\", i0.\"timezone\", i0.\"notifications_enabled\", i0.\"created_at\", i0.\"updated_at\" FROM \"identity_user_settings\" AS i0 WHERE (i0.\"id\" = $1)"}
23:10:04.115 [debug] Nexus.Identity.Projectors.UserRegistrationProjector is shutting down due to %Postgrex.Error{message: nil, postgres: %{code: :undefined_column, line: "3721", message: "column i0.id does not exist", position: "8", file: "parse_relation.c", unknown: "ERROR", severity: "ERROR", pg_code: "42703", routine: "errorMissingColumn"}, connection_id: 3152, query: "SELECT i0.\"id\", i0.\"user_id\", i0.\"org_id\", i0.\"locale\", i0.\"timezone\", i0.\"notifications_enabled\", i0.\"created_at\", i0.\"updated_at\" FROM \"identity_user_settings\" AS i0 WHERE (i0.\"id\" = $1)"}
23:10:04.115 [error] GenServer {Nexus.App.LocalRegistry, {Nexus.App, Commanded.Event.Handler, "Identity.Projectors.UserRegistrationProjector"}} terminating
** (stop) %Postgrex.Error{message: nil, postgres: %{code: :undefined_column, line: "3721", message: "column i0.id does not exist", position: "8", file: "parse_relation.c", unknown: "ERROR", severity: "ERROR", pg_code: "42703", routine: "errorMissingColumn"}, connection_id: 3152, query: "SELECT i0.\"id\", i0.\"user_id\", i0.\"org_id\", i0.\"locale\", i0.\"timezone\", i0.\"notifications_enabled\", i0.\"created_at\", i0.\"updated_at\" FROM \"identity_user_settings\" AS i0 WHERE (i0.\"id\" = $1)"}
Last message: {:events, [%Commanded.EventStore.RecordedEvent{event_id: "282ec866-f518-44ed-95f6-7a535d6c3e25", event_number: 11262, stream_id: "019d0c26-0b00-74a0-bd6d-48329cf61a57", stream_version: 1, causation_id: "d64809a4-8402-4360-8536-99b7a0f860ca", correlation_id: "e0f4b4bb-483c-4914-aaaa-956d1587d67e", event_type: "Elixir.Nexus.Identity.Events.UserRegistered", data: %Nexus.Identity.Events.UserRegistered{user_id: "019d0c26-0b00-74a0-bd6d-48329cf61a57", org_id: "019d0c26-0b00-74a0-8884-24b7b734f296", email: "test@example.com", role: "system_admin", cose_key: "Ym9vdHN0cmFwX2Nvc2Vfa2V5", credential_id: "Ym9vdHN0cmFwX2NyZWRlbnRpYWxfaWQ=", registered_at: "2026-03-20T16:48:33.024173Z", display_name: "Test User", status: "active"}, created_at: ~U[2026-03-20 16:48:33.025211Z], metadata: %{"causation_id" => "019d0c26-0b00-71d0-a1d2-041f55e92cfc", "correlation_id" => "019d0c26-0b00-71d0-a1d2-041f55e92cfc"}}]}
State: %Commanded.Event.Handler{application: Nexus.App, consistency: :strong, handler_callback: :event, handler_name: "Identity.Projectors.UserRegistrationProjector", handler_module: Nexus.Identity.Projectors.UserRegistrationProjector, handler_state: nil, last_seen_event: nil, subscription: %Commanded.EventStore.Subscription{application: Nexus.App, backoff: {:backoff, 1000, 60000, 1000, :jitter, :undefined, :undefined}, concurrency: 1, partition_by: nil, subscribe_to: :all, subscribe_from: :origin, subscription_name: "Identity.Projectors.UserRegistrationProjector", subscription_opts: [], subscription_pid: #PID<0.3064.0>, subscription_ref: #Reference<0.504251661.3394502657.233257>}, subscribe_timer: nil}
23:10:04.116 [debug] Subscription "Identity.Projectors.UserRegistrationProjector"@"$all" subscriber #PID<0.3063.0> down due to: %Postgrex.Error{message: nil, postgres: %{code: :undefined_column, line: "3721", message: "column i0.id does not exist", position: "8", file: "parse_relation.c", unknown: "ERROR", severity: "ERROR", pg_code: "42703", routine: "errorMissingColumn"}, connection_id: 3152, query: "SELECT i0.\"id\", i0.\"user_id\", i0.\"org_id\", i0.\"locale\", i0.\"timezone\", i0.\"notifications_enabled\", i0.\"created_at\", i0.\"updated_at\" FROM \"identity_user_settings\" AS i0 WHERE (i0.\"id\" = $1)"}
23:10:04.116 [debug] Subscription "Identity.Projectors.UserRegistrationProjector"@"$all" has no subscribers, shutting down
23:10:04.116 [error] GenServer {Nexus.EventStore.EventStore.Subscriptions.Registry, {"$all", "Identity.Projectors.UserRegistrationProjector"}} terminating
** (stop) %Postgrex.Error{message: nil, postgres: %{code: :undefined_column, line: "3721", message: "column i0.id does not exist", position: "8", file: "parse_relation.c", unknown: "ERROR", severity: "ERROR", pg_code: "42703", routine: "errorMissingColumn"}, connection_id: 3152, query: "SELECT i0.\"id\", i0.\"user_id\", i0.\"org_id\", i0.\"locale\", i0.\"timezone\", i0.\"notifications_enabled\", i0.\"created_at\", i0.\"updated_at\" FROM \"identity_user_settings\" AS i0 WHERE (i0.\"id\" = $1)"}
Last message: {:DOWN, #Reference<0.504251661.3394502659.69584>, :process, #PID<0.3063.0>, %Postgrex.Error{message: nil, postgres: %{code: :undefined_column, line: "3721", message: "column i0.id does not exist", position: "8", file: "parse_relation.c", unknown: "ERROR", severity: "ERROR", pg_code: "42703", routine: "errorMissingColumn"}, connection_id: 3152, query: "SELECT i0.\"id\", i0.\"user_id\", i0.\"org_id\", i0.\"locale\", i0.\"timezone\", i0.\"notifications_enabled\", i0.\"created_at\", i0.\"updated_at\" FROM \"identity_user_settings\" AS i0 WHERE (i0.\"id\" = $1)"}}
State: %EventStore.Subscriptions.Subscription{stream_uuid: "$all", subscription_name: "Identity.Projectors.UserRegistrationProjector", subscription: %EventStore.Subscriptions.SubscriptionFsm{state: :unsubscribed, data: %EventStore.Subscriptions.SubscriptionState{conn: Nexus.EventStore.Postgrex, event_store: Nexus.EventStore, serializer: Commanded.Serialization.JsonSerializer, schema: "event_store", stream_uuid: "$all", start_from: 0, subscription_name: "Identity.Projectors.UserRegistrationProjector", subscription_id: 405, selector: nil, mapper: &Commanded.EventStore.Adapters.EventStore.Mapper.from_recorded_event/1, max_size: 1000, partition_by: nil, query_timeout: 15000, lock_ref: #Reference<0.504251661.3394502658.81410>, last_received: 12231, last_sent: 11262, last_ack: 11261, queue_size: 970, buffer_size: 1, checkpoint_after: 0, checkpoint_threshold: 1, checkpoint_timer_ref: nil, checkpoints_pending: 0, subscribers: %{}, partitions: %{nil: {[%EventStore.RecordedEvent{event_number: 12231, event_id: "b58748f2-cd92-4a46-911f-0bab7e16bcce", stream_uuid: "631ffb8b-126b-40c3-8203-4988912dccac", stream_version: 1, correlation_id: "e6b4b1b3-a306-4e46-a407-4ee295b2567e", causation_id: "6c36c5b1-b472-491a-93d4-d21335dab8e5", event_type: "Elixir.Nexus.Identity.Events.UserRegistered", data: %Nexus.Identity.Events.UserRegistered{user_id: "631ffb8b-126b-40c3-8203-4988912dccac", org_id: "e205ad5a-5aff-40fd-9840-2f1860363ab1", email: "bernard-92b69317-ceac-4570-a4dc-e181657c44c8@nexus.financial", role: "admin", cose_key: "bW9jaw==", credential_id: "bW9jaw==", registered_at: "2026-03-20T23:10:04.023004Z", display_name: "Bernard", status: "active"}, metadata: %{"causation_id" => "019d0d83-54f7-7795-b212-00ae72ff09d4", "correlation_id" => "019d0d83-54f7-7795-b212-00ae72ff09d4"}, created_at: ~U[2026-03-20 23:10:04.024222Z]}, %EventStore.RecordedEvent{event_number: 12230, event_id: "18516aae-860c-4533-8cef-1f1cc9898a6b", stream_uuid: "0a2320b8-ea62-4944-91fc-b1a081d94b4f", stream_version: 2, correlation_id: "3439d5db-8df0-40d7-b3f9-7c79af370711", causation_id: "c46ea7f8-115b-44b2-b9fb-5238f503624f", event_type: "Elixir.Nexus.Identity.Events.SessionStarted", data: %Nexus.Identity.Events.SessionStarted{org_id: "cb85a832-0e01-453c-9c74-126aa4f990be", user_id: "0a2320b8-ea62-4944-91fc-b1a081d94b4f", session_id: "8604ab1b-1c1d-4dc9-a88d-88e80166047a", session_token: "mock-token", user_agent: "Mozilla/5.0 (Macintosh; Intel Mac OS X 10_15_7)", ip_address: "127.0.0.1", started_at: "2026-03-20T23:10:03.714460Z"}, metadata: %{"causation_id" => "019d0d83-53c2-7918-aa39-3fa0df65a469", "correlation_id" => "019d0d83-53c2-7918-aa39-3fa0df65a469"}, created_at: ~U[2026-03-20 23:10:03.715069Z]}, %EventStore.RecordedEvent{event_number: 12229, event_id: "88438d34-4046-4a41-b85b-67d256cca5e5", stream_uuid: "0a2320b8-ea62-4944-91fc-b1a081d94b4f", stream_version: 1, correlation_id: "a64c1aaf-4c8a-4a0a-8e73-1cb004416bc9", causation_id: "b063d188-4c5e-4283-bf48-e09a975f8b85", event_type: "Elixir.Nexus.Identity.Events.UserRegistered", data: %Nexus.Identity.Events.UserRegistered{user_id: "0a2320b8-ea62-4944-91fc-b1a081d94b4f", org_id: "cb85a832-0e01-453c-9c74-126aa4f990be", email: "bernard-e0cbc1d2-dd91-4387-8fed-b05c8f3523b8@nexus.financial", role: "admin", cose_key: "bW9jaw==", credential_id: "bW9jaw==", registered_at: "2026-03-20T23:10:03.511487Z", display_name: "Bernard", status: "active"}, metadata: %{"causation_id" => "019d0d83-52f7-72c1-9919-520d2e6a1f7d", "correlation_id" => "019d0d83-52f7-72c1-9919-520d2e6a1f7d"}, created_at: ~U[2026-03-20 23:10:03.512643Z]}, %EventStore.RecordedEvent{event_number: 12228, event_id: "09c135f3-e6cb-49bc-81c3-586b4a99fd72", stream_uuid: "ba9ba3da-fea6-48d9-9922-befe7026f5cc", ...}, ...], ...}}, ...}}, ...}
23:10:04.116 [debug] Nexus.Identity.Projectors.UserRegistrationProjector is shutting down due to {%Postgrex.Error{message: nil, postgres: %{code: :undefined_column, line: "3721", message: "column i0.id does not exist", position: "8", file: "parse_relation.c", unknown: "ERROR", severity: "ERROR", pg_code: "42703", routine: "errorMissingColumn"}, connection_id: 3152, query: "SELECT i0.\"id\", i0.\"user_id\", i0.\"org_id\", i0.\"locale\", i0.\"timezone\", i0.\"notifications_enabled\", i0.\"created_at\", i0.\"updated_at\" FROM \"identity_user_settings\" AS i0 WHERE (i0.\"id\" = $1)"}, {GenServer, :call, [#PID<0.3064.0>, {:connect, #PID<0.3065.0>, [retry_interval: 60000, hibernate_after: 15000, partition_by: nil, concurrency_limit: 1, name: Nexus.EventStore, mapper: &Commanded.EventStore.Adapters.EventStore.Mapper.from_recorded_event/1, conn: Nexus.EventStore.Postgrex, event_store: Nexus.EventStore, query_timeout: 15000, schema: "event_store", serializer: Commanded.Serialization.JsonSerializer, stream_uuid: "$all", subscription_name: "Identity.Projectors.UserRegistrationProjector", start_from: 0]}, 5000]}}
23:10:04.116 [error] GenServer {Nexus.App.LocalRegistry, {Nexus.App, Commanded.Event.Handler, "Identity.Projectors.UserRegistrationProjector"}} terminating
** (stop) exited in: GenServer.call(#PID<0.3064.0>, {:connect, #PID<0.3065.0>, [retry_interval: 60000, hibernate_after: 15000, partition_by: nil, concurrency_limit: 1, name: Nexus.EventStore, mapper: &Commanded.EventStore.Adapters.EventStore.Mapper.from_recorded_event/1, conn: Nexus.EventStore.Postgrex, event_store: Nexus.EventStore, query_timeout: 15000, schema: "event_store", serializer: Commanded.Serialization.JsonSerializer, stream_uuid: "$all", subscription_name: "Identity.Projectors.UserRegistrationProjector", start_from: 0]}, 5000)
    ** (EXIT) %Postgrex.Error{message: nil, postgres: %{code: :undefined_column, line: "3721", message: "column i0.id does not exist", position: "8", file: "parse_relation.c", unknown: "ERROR", severity: "ERROR", pg_code: "42703", routine: "errorMissingColumn"}, connection_id: 3152, query: "SELECT i0.\"id\", i0.\"user_id\", i0.\"org_id\", i0.\"locale\", i0.\"timezone\", i0.\"notifications_enabled\", i0.\"created_at\", i0.\"updated_at\" FROM \"identity_user_settings\" AS i0 WHERE (i0.\"id\" = $1)"}
    (elixir 1.19.5) lib/gen_server.ex:1142: GenServer.call/3
    (commanded 1.4.9) lib/commanded/event_store.ex:289: anonymous fn/2 in Commanded.EventStore.span/3
    (telemetry 1.3.0) /Users/bernard/dev/nexus/deps/telemetry/src/telemetry.erl:324: :telemetry.span/3
    (commanded 1.4.9) lib/commanded/event_store/subscription.ex:58: Commanded.EventStore.Subscription.subscribe/2
    (commanded 1.4.9) lib/commanded/event/handler.ex:1024: Commanded.Event.Handler.subscribe_to_events/1
    (commanded 1.4.9) lib/commanded/event/handler.ex:887: Commanded.Event.Handler.handle_continue/2
    (stdlib 7.1) gen_server.erl:2424: :gen_server.try_handle_continue/3
    (stdlib 7.1) gen_server.erl:2291: :gen_server.loop/4
    (stdlib 7.1) proc_lib.erl:333: :proc_lib.init_p_do_apply/3
Last message: {:continue, :subscribe_to_events}
State: %Commanded.Event.Handler{application: Nexus.App, consistency: :strong, handler_callback: :event, handler_name: "Identity.Projectors.UserRegistrationProjector", handler_module: Nexus.Identity.Projectors.UserRegistrationProjector, handler_state: nil, last_seen_event: nil, subscription: %Commanded.EventStore.Subscription{application: Nexus.App, backoff: {:backoff, 1000, 60000, 1000, :jitter, :undefined, :undefined}, concurrency: 1, partition_by: nil, subscribe_to: :all, subscribe_from: :origin, subscription_name: "Identity.Projectors.UserRegistrationProjector", subscription_opts: [], subscription_pid: nil, subscription_ref: nil}, subscribe_timer: nil}
23:10:04.117 [debug] Subscription "Identity.Projectors.UserRegistrationProjector"@"$all" attempting to connect subscriber #PID<0.3066.0>
23:10:04.117 [debug] Subscription "Identity.Projectors.UserRegistrationProjector"@"$all" catching-up
23:10:04.117 [debug] Nexus.Identity.Projectors.UserRegistrationProjector has successfully subscribed to event store
23:10:04.132 [debug] Nexus.Identity.Projectors.UserRegistrationProjector received events: [%Commanded.EventStore.RecordedEvent{event_id: "282ec866-f518-44ed-95f6-7a535d6c3e25", event_number: 11262, stream_id: "019d0c26-0b00-74a0-bd6d-48329cf61a57", stream_version: 1, causation_id: "d64809a4-8402-4360-8536-99b7a0f860ca", correlation_id: "e0f4b4bb-483c-4914-aaaa-956d1587d67e", event_type: "Elixir.Nexus.Identity.Events.UserRegistered", data: %Nexus.Identity.Events.UserRegistered{user_id: "019d0c26-0b00-74a0-bd6d-48329cf61a57", org_id: "019d0c26-0b00-74a0-8884-24b7b734f296", email: "test@example.com", role: "system_admin", cose_key: "Ym9vdHN0cmFwX2Nvc2Vfa2V5", credential_id: "Ym9vdHN0cmFwX2NyZWRlbnRpYWxfaWQ=", registered_at: "2026-03-20T16:48:33.024173Z", display_name: "Test User", status: "active"}, created_at: ~U[2026-03-20 16:48:33.025211Z], metadata: %{"causation_id" => "019d0c26-0b00-71d0-a1d2-041f55e92cfc", "correlation_id" => "019d0c26-0b00-71d0-a1d2-041f55e92cfc"}}]
23:10:04.132 [debug] QUERY OK db=0.1ms
begin []
23:10:04.133 [debug] QUERY OK source="projection_versions" db=0.1ms
INSERT INTO "projection_versions" AS p0 ("projection_name","last_seen_event_number","inserted_at","updated_at") VALUES ($1,$2,$3,$4) ON CONFLICT ("projection_name") DO UPDATE SET "last_seen_event_number" = $5 WHERE ((p0."projection_name" = $6) AND (p0."last_seen_event_number" < $7)) ["Identity.Projectors.UserRegistrationProjector", 11262, ~N[2026-03-20 23:10:04.132996], ~N[2026-03-20 23:10:04.132996], 11262, "Identity.Projectors.UserRegistrationProjector", 11262]
23:10:04.133 [debug] QUERY OK source="users" db=0.0ms
SELECT u0."id", u0."org_id", u0."email", u0."display_name", u0."status", u0."cose_key", u0."credential_id", u0."roles", u0."created_at", u0."updated_at" FROM "users" AS u0 WHERE (u0."id" = $1) ["019d0c26-0b00-74a0-bd6d-48329cf61a57"]
23:10:04.133 [debug] QUERY OK source="users" db=0.0ms
SELECT u0."id", u0."org_id", u0."email", u0."display_name", u0."status", u0."cose_key", u0."credential_id", u0."roles", u0."created_at", u0."updated_at" FROM "users" AS u0 WHERE (u0."email" = $1) ["test@example.com"]
23:10:04.133 [debug] QUERY OK source="users" db=0.1ms
INSERT INTO "users" ("id","status","org_id","email","display_name","roles","cose_key","credential_id","created_at","updated_at") VALUES ($1,$2,$3,$4,$5,$6,$7,$8,$9,$10) ["019d0c26-0b00-74a0-bd6d-48329cf61a57", "active", "019d0c26-0b00-74a0-8884-24b7b734f296", "test@example.com", "Test User", ["system_admin"], "bootstrap_cose_key", "bootstrap_credential_id", ~U[2026-03-20 23:10:04.133607Z], ~U[2026-03-20 23:10:04.133607Z]]
23:10:04.134 [debug] QUERY ERROR source="identity_user_settings" db=0.0ms
SELECT i0."id", i0."user_id", i0."org_id", i0."locale", i0."timezone", i0."notifications_enabled", i0."created_at", i0."updated_at" FROM "identity_user_settings" AS i0 WHERE (i0."id" = $1) ["019d0c26-0b00-74a0-bd6d-48329cf61a57"]
23:10:04.134 [debug] QUERY OK db=0.0ms
rollback []
23:10:04.135 [error] Nexus.Identity.Projectors.UserRegistrationProjector failed to handle event:
%Commanded.EventStore.RecordedEvent{
  event_id: "282ec866-f518-44ed-95f6-7a535d6c3e25",
  event_number: 11262,
  stream_id: "019d0c26-0b00-74a0-bd6d-48329cf61a57",
  stream_version: 1,
  causation_id: "d64809a4-8402-4360-8536-99b7a0f860ca",
  correlation_id: "e0f4b4bb-483c-4914-aaaa-956d1587d67e",
  event_type: "Elixir.Nexus.Identity.Events.UserRegistered",
  data: %Nexus.Identity.Events.UserRegistered{
    user_id: "019d0c26-0b00-74a0-bd6d-48329cf61a57",
    org_id: "019d0c26-0b00-74a0-8884-24b7b734f296",
    email: "test@example.com",
    role: "system_admin",
    cose_key: "Ym9vdHN0cmFwX2Nvc2Vfa2V5",
    credential_id: "Ym9vdHN0cmFwX2NyZWRlbnRpYWxfaWQ=",
    registered_at: "2026-03-20T16:48:33.024173Z",
    display_name: "Test User",
    status: "active"
  },
  created_at: ~U[2026-03-20 16:48:33.025211Z],
  metadata: %{
    "causation_id" => "019d0c26-0b00-71d0-a1d2-041f55e92cfc",
    "correlation_id" => "019d0c26-0b00-71d0-a1d2-041f55e92cfc"
  }
}, due to:
** (Postgrex.Error) ERROR 42703 (undefined_column) column i0.id does not exist

    query: SELECT i0."id", i0."user_id", i0."org_id", i0."locale", i0."timezone", i0."notifications_enabled", i0."created_at", i0."updated_at" FROM "identity_user_settings" AS i0 WHERE (i0."id" = $1)
    (ecto_sql 3.13.4) lib/ecto/adapters/sql.ex:1113: Ecto.Adapters.SQL.raise_sql_call_error/1
    (ecto_sql 3.13.4) lib/ecto/adapters/sql.ex:1011: Ecto.Adapters.SQL.execute/6
    (ecto 3.13.5) lib/ecto/repo/queryable.ex:241: Ecto.Repo.Queryable.execute/4
    (ecto 3.13.5) lib/ecto/repo/queryable.ex:19: Ecto.Repo.Queryable.all/3
    (ecto 3.13.5) lib/ecto/repo/queryable.ex:163: Ecto.Repo.Queryable.one/3
    (nexus 0.1.0) lib/nexus/identity/projectors/user_registration_projector.ex:53: anonymous fn/3 in Nexus.Identity.Projectors.UserRegistrationProjector.project_registration/3
    (ecto 3.13.5) lib/ecto/multi.ex:905: Ecto.Multi.apply_operation/5
    (elixir 1.19.5) lib/enum.ex:2520: Enum."-reduce/3-lists^foldl/2-0-"/3
    (ecto 3.13.5) lib/ecto/multi.ex:878: anonymous fn/5 in Ecto.Multi.apply_operations/5
    (ecto_sql 3.13.4) lib/ecto/adapters/sql.ex:1473: anonymous fn/3 in Ecto.Adapters.SQL.checkout_or_transaction/4
    (db_connection 2.9.0) lib/db_connection.ex:1747: DBConnection.run_transaction/4
    (ecto 3.13.5) lib/ecto/repo/transaction.ex:30: Ecto.Repo.Transaction.transact/4
    (nexus 0.1.0) deps/commanded_ecto_projections/lib/projections/ecto.ex:97: Nexus.Identity.Projectors.UserRegistrationProjector.update_projection/3
    (commanded 1.4.9) lib/commanded/event/handler.ex:1221: Commanded.Event.Handler.delegate_event_to_handler/2
    (commanded 1.4.9) lib/commanded/event/handler.ex:1062: Commanded.Event.Handler.handle_event/3
    (elixir 1.19.5) lib/enum.ex:2520: Enum."-reduce/3-lists^foldl/2-0-"/3
    (commanded 1.4.9) lib/commanded/event/handler.ex:969: Commanded.Event.Handler.handle_info/2
    (stdlib 7.1) gen_server.erl:2434: :gen_server.try_handle_info/3
    (stdlib 7.1) gen_server.erl:2420: :gen_server.handle_msg/3
    (stdlib 7.1) proc_lib.erl:333: :proc_lib.init_p_do_apply/3

23:10:04.135 [warning] Nexus.Identity.Projectors.UserRegistrationProjector has requested to stop: %Postgrex.Error{message: nil, postgres: %{code: :undefined_column, line: "3721", message: "column i0.id does not exist", position: "8", file: "parse_relation.c", unknown: "ERROR", severity: "ERROR", pg_code: "42703", routine: "errorMissingColumn"}, connection_id: 3152, query: "SELECT i0.\"id\", i0.\"user_id\", i0.\"org_id\", i0.\"locale\", i0.\"timezone\", i0.\"notifications_enabled\", i0.\"created_at\", i0.\"updated_at\" FROM \"identity_user_settings\" AS i0 WHERE (i0.\"id\" = $1)"}
23:10:04.135 [debug] Nexus.Identity.Projectors.UserRegistrationProjector is shutting down due to %Postgrex.Error{message: nil, postgres: %{code: :undefined_column, line: "3721", message: "column i0.id does not exist", position: "8", file: "parse_relation.c", unknown: "ERROR", severity: "ERROR", pg_code: "42703", routine: "errorMissingColumn"}, connection_id: 3152, query: "SELECT i0.\"id\", i0.\"user_id\", i0.\"org_id\", i0.\"locale\", i0.\"timezone\", i0.\"notifications_enabled\", i0.\"created_at\", i0.\"updated_at\" FROM \"identity_user_settings\" AS i0 WHERE (i0.\"id\" = $1)"}
23:10:04.135 [error] GenServer {Nexus.App.LocalRegistry, {Nexus.App, Commanded.Event.Handler, "Identity.Projectors.UserRegistrationProjector"}} terminating
** (stop) %Postgrex.Error{message: nil, postgres: %{code: :undefined_column, line: "3721", message: "column i0.id does not exist", position: "8", file: "parse_relation.c", unknown: "ERROR", severity: "ERROR", pg_code: "42703", routine: "errorMissingColumn"}, connection_id: 3152, query: "SELECT i0.\"id\", i0.\"user_id\", i0.\"org_id\", i0.\"locale\", i0.\"timezone\", i0.\"notifications_enabled\", i0.\"created_at\", i0.\"updated_at\" FROM \"identity_user_settings\" AS i0 WHERE (i0.\"id\" = $1)"}
Last message: {:events, [%Commanded.EventStore.RecordedEvent{event_id: "282ec866-f518-44ed-95f6-7a535d6c3e25", event_number: 11262, stream_id: "019d0c26-0b00-74a0-bd6d-48329cf61a57", stream_version: 1, causation_id: "d64809a4-8402-4360-8536-99b7a0f860ca", correlation_id: "e0f4b4bb-483c-4914-aaaa-956d1587d67e", event_type: "Elixir.Nexus.Identity.Events.UserRegistered", data: %Nexus.Identity.Events.UserRegistered{user_id: "019d0c26-0b00-74a0-bd6d-48329cf61a57", org_id: "019d0c26-0b00-74a0-8884-24b7b734f296", email: "test@example.com", role: "system_admin", cose_key: "Ym9vdHN0cmFwX2Nvc2Vfa2V5", credential_id: "Ym9vdHN0cmFwX2NyZWRlbnRpYWxfaWQ=", registered_at: "2026-03-20T16:48:33.024173Z", display_name: "Test User", status: "active"}, created_at: ~U[2026-03-20 16:48:33.025211Z], metadata: %{"causation_id" => "019d0c26-0b00-71d0-a1d2-041f55e92cfc", "correlation_id" => "019d0c26-0b00-71d0-a1d2-041f55e92cfc"}}]}
State: %Commanded.Event.Handler{application: Nexus.App, consistency: :strong, handler_callback: :event, handler_name: "Identity.Projectors.UserRegistrationProjector", handler_module: Nexus.Identity.Projectors.UserRegistrationProjector, handler_state: nil, last_seen_event: nil, subscription: %Commanded.EventStore.Subscription{application: Nexus.App, backoff: {:backoff, 1000, 60000, 1000, :jitter, :undefined, :undefined}, concurrency: 1, partition_by: nil, subscribe_to: :all, subscribe_from: :origin, subscription_name: "Identity.Projectors.UserRegistrationProjector", subscription_opts: [], subscription_pid: #PID<0.3067.0>, subscription_ref: #Reference<0.504251661.3394502657.233342>}, subscribe_timer: nil}
23:10:04.135 [debug] Subscription "Identity.Projectors.UserRegistrationProjector"@"$all" subscriber #PID<0.3066.0> down due to: %Postgrex.Error{message: nil, postgres: %{code: :undefined_column, line: "3721", message: "column i0.id does not exist", position: "8", file: "parse_relation.c", unknown: "ERROR", severity: "ERROR", pg_code: "42703", routine: "errorMissingColumn"}, connection_id: 3152, query: "SELECT i0.\"id\", i0.\"user_id\", i0.\"org_id\", i0.\"locale\", i0.\"timezone\", i0.\"notifications_enabled\", i0.\"created_at\", i0.\"updated_at\" FROM \"identity_user_settings\" AS i0 WHERE (i0.\"id\" = $1)"}
23:10:04.135 [debug] Subscription "Identity.Projectors.UserRegistrationProjector"@"$all" has no subscribers, shutting down
23:10:04.135 [error] GenServer {Nexus.EventStore.EventStore.Subscriptions.Registry, {"$all", "Identity.Projectors.UserRegistrationProjector"}} terminating
** (stop) %Postgrex.Error{message: nil, postgres: %{code: :undefined_column, line: "3721", message: "column i0.id does not exist", position: "8", file: "parse_relation.c", unknown: "ERROR", severity: "ERROR", pg_code: "42703", routine: "errorMissingColumn"}, connection_id: 3152, query: "SELECT i0.\"id\", i0.\"user_id\", i0.\"org_id\", i0.\"locale\", i0.\"timezone\", i0.\"notifications_enabled\", i0.\"created_at\", i0.\"updated_at\" FROM \"identity_user_settings\" AS i0 WHERE (i0.\"id\" = $1)"}
Last message: {:DOWN, #Reference<0.504251661.3394502657.233334>, :process, #PID<0.3066.0>, %Postgrex.Error{message: nil, postgres: %{code: :undefined_column, line: "3721", message: "column i0.id does not exist", position: "8", file: "parse_relation.c", unknown: "ERROR", severity: "ERROR", pg_code: "42703", routine: "errorMissingColumn"}, connection_id: 3152, query: "SELECT i0.\"id\", i0.\"user_id\", i0.\"org_id\", i0.\"locale\", i0.\"timezone\", i0.\"notifications_enabled\", i0.\"created_at\", i0.\"updated_at\" FROM \"identity_user_settings\" AS i0 WHERE (i0.\"id\" = $1)"}}
State: %EventStore.Subscriptions.Subscription{stream_uuid: "$all", subscription_name: "Identity.Projectors.UserRegistrationProjector", subscription: %EventStore.Subscriptions.SubscriptionFsm{state: :unsubscribed, data: %EventStore.Subscriptions.SubscriptionState{conn: Nexus.EventStore.Postgrex, event_store: Nexus.EventStore, serializer: Commanded.Serialization.JsonSerializer, schema: "event_store", stream_uuid: "$all", start_from: 0, subscription_name: "Identity.Projectors.UserRegistrationProjector", subscription_id: 405, selector: nil, mapper: &Commanded.EventStore.Adapters.EventStore.Mapper.from_recorded_event/1, max_size: 1000, partition_by: nil, query_timeout: 15000, lock_ref: #Reference<0.504251661.3394502658.81618>, last_received: 12231, last_sent: 11262, last_ack: 11261, queue_size: 970, buffer_size: 1, checkpoint_after: 0, checkpoint_threshold: 1, checkpoint_timer_ref: nil, checkpoints_pending: 0, subscribers: %{}, partitions: %{nil: {[%EventStore.RecordedEvent{event_number: 12231, event_id: "b58748f2-cd92-4a46-911f-0bab7e16bcce", stream_uuid: "631ffb8b-126b-40c3-8203-4988912dccac", stream_version: 1, correlation_id: "e6b4b1b3-a306-4e46-a407-4ee295b2567e", causation_id: "6c36c5b1-b472-491a-93d4-d21335dab8e5", event_type: "Elixir.Nexus.Identity.Events.UserRegistered", data: %Nexus.Identity.Events.UserRegistered{user_id: "631ffb8b-126b-40c3-8203-4988912dccac", org_id: "e205ad5a-5aff-40fd-9840-2f1860363ab1", email: "bernard-92b69317-ceac-4570-a4dc-e181657c44c8@nexus.financial", role: "admin", cose_key: "bW9jaw==", credential_id: "bW9jaw==", registered_at: "2026-03-20T23:10:04.023004Z", display_name: "Bernard", status: "active"}, metadata: %{"causation_id" => "019d0d83-54f7-7795-b212-00ae72ff09d4", "correlation_id" => "019d0d83-54f7-7795-b212-00ae72ff09d4"}, created_at: ~U[2026-03-20 23:10:04.024222Z]}, %EventStore.RecordedEvent{event_number: 12230, event_id: "18516aae-860c-4533-8cef-1f1cc9898a6b", stream_uuid: "0a2320b8-ea62-4944-91fc-b1a081d94b4f", stream_version: 2, correlation_id: "3439d5db-8df0-40d7-b3f9-7c79af370711", causation_id: "c46ea7f8-115b-44b2-b9fb-5238f503624f", event_type: "Elixir.Nexus.Identity.Events.SessionStarted", data: %Nexus.Identity.Events.SessionStarted{org_id: "cb85a832-0e01-453c-9c74-126aa4f990be", user_id: "0a2320b8-ea62-4944-91fc-b1a081d94b4f", session_id: "8604ab1b-1c1d-4dc9-a88d-88e80166047a", session_token: "mock-token", user_agent: "Mozilla/5.0 (Macintosh; Intel Mac OS X 10_15_7)", ip_address: "127.0.0.1", started_at: "2026-03-20T23:10:03.714460Z"}, metadata: %{"causation_id" => "019d0d83-53c2-7918-aa39-3fa0df65a469", "correlation_id" => "019d0d83-53c2-7918-aa39-3fa0df65a469"}, created_at: ~U[2026-03-20 23:10:03.715069Z]}, %EventStore.RecordedEvent{event_number: 12229, event_id: "88438d34-4046-4a41-b85b-67d256cca5e5", stream_uuid: "0a2320b8-ea62-4944-91fc-b1a081d94b4f", stream_version: 1, correlation_id: "a64c1aaf-4c8a-4a0a-8e73-1cb004416bc9", causation_id: "b063d188-4c5e-4283-bf48-e09a975f8b85", event_type: "Elixir.Nexus.Identity.Events.UserRegistered", data: %Nexus.Identity.Events.UserRegistered{user_id: "0a2320b8-ea62-4944-91fc-b1a081d94b4f", org_id: "cb85a832-0e01-453c-9c74-126aa4f990be", email: "bernard-e0cbc1d2-dd91-4387-8fed-b05c8f3523b8@nexus.financial", role: "admin", cose_key: "bW9jaw==", credential_id: "bW9jaw==", registered_at: "2026-03-20T23:10:03.511487Z", display_name: "Bernard", status: "active"}, metadata: %{"causation_id" => "019d0d83-52f7-72c1-9919-520d2e6a1f7d", "correlation_id" => "019d0d83-52f7-72c1-9919-520d2e6a1f7d"}, created_at: ~U[2026-03-20 23:10:03.512643Z]}, %EventStore.RecordedEvent{event_number: 12228, event_id: "09c135f3-e6cb-49bc-81c3-586b4a99fd72", stream_uuid: "ba9ba3da-fea6-48d9-9922-befe7026f5cc", ...}, ...], ...}}, ...}}, ...}
23:10:04.136 [debug] Nexus.Identity.Projectors.UserRegistrationProjector is shutting down due to {%Postgrex.Error{message: nil, postgres: %{code: :undefined_column, line: "3721", message: "column i0.id does not exist", position: "8", file: "parse_relation.c", unknown: "ERROR", severity: "ERROR", pg_code: "42703", routine: "errorMissingColumn"}, connection_id: 3152, query: "SELECT i0.\"id\", i0.\"user_id\", i0.\"org_id\", i0.\"locale\", i0.\"timezone\", i0.\"notifications_enabled\", i0.\"created_at\", i0.\"updated_at\" FROM \"identity_user_settings\" AS i0 WHERE (i0.\"id\" = $1)"}, {GenServer, :call, [#PID<0.3067.0>, {:connect, #PID<0.3068.0>, [retry_interval: 60000, hibernate_after: 15000, partition_by: nil, concurrency_limit: 1, name: Nexus.EventStore, mapper: &Commanded.EventStore.Adapters.EventStore.Mapper.from_recorded_event/1, conn: Nexus.EventStore.Postgrex, event_store: Nexus.EventStore, query_timeout: 15000, schema: "event_store", serializer: Commanded.Serialization.JsonSerializer, stream_uuid: "$all", subscription_name: "Identity.Projectors.UserRegistrationProjector", start_from: 0]}, 5000]}}
23:10:04.136 [error] GenServer {Nexus.App.LocalRegistry, {Nexus.App, Commanded.Event.Handler, "Identity.Projectors.UserRegistrationProjector"}} terminating
** (stop) exited in: GenServer.call(#PID<0.3067.0>, {:connect, #PID<0.3068.0>, [retry_interval: 60000, hibernate_after: 15000, partition_by: nil, concurrency_limit: 1, name: Nexus.EventStore, mapper: &Commanded.EventStore.Adapters.EventStore.Mapper.from_recorded_event/1, conn: Nexus.EventStore.Postgrex, event_store: Nexus.EventStore, query_timeout: 15000, schema: "event_store", serializer: Commanded.Serialization.JsonSerializer, stream_uuid: "$all", subscription_name: "Identity.Projectors.UserRegistrationProjector", start_from: 0]}, 5000)
    ** (EXIT) %Postgrex.Error{message: nil, postgres: %{code: :undefined_column, line: "3721", message: "column i0.id does not exist", position: "8", file: "parse_relation.c", unknown: "ERROR", severity: "ERROR", pg_code: "42703", routine: "errorMissingColumn"}, connection_id: 3152, query: "SELECT i0.\"id\", i0.\"user_id\", i0.\"org_id\", i0.\"locale\", i0.\"timezone\", i0.\"notifications_enabled\", i0.\"created_at\", i0.\"updated_at\" FROM \"identity_user_settings\" AS i0 WHERE (i0.\"id\" = $1)"}
    (elixir 1.19.5) lib/gen_server.ex:1142: GenServer.call/3
    (commanded 1.4.9) lib/commanded/event_store.ex:289: anonymous fn/2 in Commanded.EventStore.span/3
    (telemetry 1.3.0) /Users/bernard/dev/nexus/deps/telemetry/src/telemetry.erl:324: :telemetry.span/3
    (commanded 1.4.9) lib/commanded/event_store/subscription.ex:58: Commanded.EventStore.Subscription.subscribe/2
    (commanded 1.4.9) lib/commanded/event/handler.ex:1024: Commanded.Event.Handler.subscribe_to_events/1
    (commanded 1.4.9) lib/commanded/event/handler.ex:887: Commanded.Event.Handler.handle_continue/2
    (stdlib 7.1) gen_server.erl:2424: :gen_server.try_handle_continue/3
    (stdlib 7.1) gen_server.erl:2291: :gen_server.loop/4
    (stdlib 7.1) proc_lib.erl:333: :proc_lib.init_p_do_apply/3
Last message: {:continue, :subscribe_to_events}
State: %Commanded.Event.Handler{application: Nexus.App, consistency: :strong, handler_callback: :event, handler_name: "Identity.Projectors.UserRegistrationProjector", handler_module: Nexus.Identity.Projectors.UserRegistrationProjector, handler_state: nil, last_seen_event: nil, subscription: %Commanded.EventStore.Subscription{application: Nexus.App, backoff: {:backoff, 1000, 60000, 1000, :jitter, :undefined, :undefined}, concurrency: 1, partition_by: nil, subscribe_to: :all, subscribe_from: :origin, subscription_name: "Identity.Projectors.UserRegistrationProjector", subscription_opts: [], subscription_pid: nil, subscription_ref: nil}, subscribe_timer: nil}
23:10:04.136 [debug] Subscription "Identity.Projectors.UserRegistrationProjector"@"$all" attempting to connect subscriber #PID<0.3069.0>
23:10:04.137 [debug] Subscription "Identity.Projectors.UserRegistrationProjector"@"$all" catching-up
23:10:04.137 [debug] Nexus.Identity.Projectors.UserRegistrationProjector has successfully subscribed to event store
23:10:04.150 [debug] Nexus.Identity.Projectors.UserRegistrationProjector received events: [%Commanded.EventStore.RecordedEvent{event_id: "282ec866-f518-44ed-95f6-7a535d6c3e25", event_number: 11262, stream_id: "019d0c26-0b00-74a0-bd6d-48329cf61a57", stream_version: 1, causation_id: "d64809a4-8402-4360-8536-99b7a0f860ca", correlation_id: "e0f4b4bb-483c-4914-aaaa-956d1587d67e", event_type: "Elixir.Nexus.Identity.Events.UserRegistered", data: %Nexus.Identity.Events.UserRegistered{user_id: "019d0c26-0b00-74a0-bd6d-48329cf61a57", org_id: "019d0c26-0b00-74a0-8884-24b7b734f296", email: "test@example.com", role: "system_admin", cose_key: "Ym9vdHN0cmFwX2Nvc2Vfa2V5", credential_id: "Ym9vdHN0cmFwX2NyZWRlbnRpYWxfaWQ=", registered_at: "2026-03-20T16:48:33.024173Z", display_name: "Test User", status: "active"}, created_at: ~U[2026-03-20 16:48:33.025211Z], metadata: %{"causation_id" => "019d0c26-0b00-71d0-a1d2-041f55e92cfc", "correlation_id" => "019d0c26-0b00-71d0-a1d2-041f55e92cfc"}}]
23:10:04.151 [debug] QUERY OK db=0.1ms
begin []
23:10:04.151 [debug] QUERY OK source="projection_versions" db=0.1ms
INSERT INTO "projection_versions" AS p0 ("projection_name","last_seen_event_number","inserted_at","updated_at") VALUES ($1,$2,$3,$4) ON CONFLICT ("projection_name") DO UPDATE SET "last_seen_event_number" = $5 WHERE ((p0."projection_name" = $6) AND (p0."last_seen_event_number" < $7)) ["Identity.Projectors.UserRegistrationProjector", 11262, ~N[2026-03-20 23:10:04.151027], ~N[2026-03-20 23:10:04.151027], 11262, "Identity.Projectors.UserRegistrationProjector", 11262]
23:10:04.151 [debug] QUERY OK source="users" db=0.0ms
SELECT u0."id", u0."org_id", u0."email", u0."display_name", u0."status", u0."cose_key", u0."credential_id", u0."roles", u0."created_at", u0."updated_at" FROM "users" AS u0 WHERE (u0."id" = $1) ["019d0c26-0b00-74a0-bd6d-48329cf61a57"]
23:10:04.151 [debug] QUERY OK source="users" db=0.0ms
SELECT u0."id", u0."org_id", u0."email", u0."display_name", u0."status", u0."cose_key", u0."credential_id", u0."roles", u0."created_at", u0."updated_at" FROM "users" AS u0 WHERE (u0."email" = $1) ["test@example.com"]
23:10:04.151 [debug] QUERY OK source="users" db=0.1ms
INSERT INTO "users" ("id","status","org_id","email","display_name","roles","cose_key","credential_id","created_at","updated_at") VALUES ($1,$2,$3,$4,$5,$6,$7,$8,$9,$10) ["019d0c26-0b00-74a0-bd6d-48329cf61a57", "active", "019d0c26-0b00-74a0-8884-24b7b734f296", "test@example.com", "Test User", ["system_admin"], "bootstrap_cose_key", "bootstrap_credential_id", ~U[2026-03-20 23:10:04.151564Z], ~U[2026-03-20 23:10:04.151564Z]]
23:10:04.151 [debug] QUERY ERROR source="identity_user_settings" db=0.0ms
SELECT i0."id", i0."user_id", i0."org_id", i0."locale", i0."timezone", i0."notifications_enabled", i0."created_at", i0."updated_at" FROM "identity_user_settings" AS i0 WHERE (i0."id" = $1) ["019d0c26-0b00-74a0-bd6d-48329cf61a57"]
23:10:04.152 [debug] QUERY OK db=0.0ms
rollback []
23:10:04.153 [error] Nexus.Identity.Projectors.UserRegistrationProjector failed to handle event:
%Commanded.EventStore.RecordedEvent{
  event_id: "282ec866-f518-44ed-95f6-7a535d6c3e25",
  event_number: 11262,
  stream_id: "019d0c26-0b00-74a0-bd6d-48329cf61a57",
  stream_version: 1,
  causation_id: "d64809a4-8402-4360-8536-99b7a0f860ca",
  correlation_id: "e0f4b4bb-483c-4914-aaaa-956d1587d67e",
  event_type: "Elixir.Nexus.Identity.Events.UserRegistered",
  data: %Nexus.Identity.Events.UserRegistered{
    user_id: "019d0c26-0b00-74a0-bd6d-48329cf61a57",
    org_id: "019d0c26-0b00-74a0-8884-24b7b734f296",
    email: "test@example.com",
    role: "system_admin",
    cose_key: "Ym9vdHN0cmFwX2Nvc2Vfa2V5",
    credential_id: "Ym9vdHN0cmFwX2NyZWRlbnRpYWxfaWQ=",
    registered_at: "2026-03-20T16:48:33.024173Z",
    display_name: "Test User",
    status: "active"
  },
  created_at: ~U[2026-03-20 16:48:33.025211Z],
  metadata: %{
    "causation_id" => "019d0c26-0b00-71d0-a1d2-041f55e92cfc",
    "correlation_id" => "019d0c26-0b00-71d0-a1d2-041f55e92cfc"
  }
}, due to:
** (Postgrex.Error) ERROR 42703 (undefined_column) column i0.id does not exist

    query: SELECT i0."id", i0."user_id", i0."org_id", i0."locale", i0."timezone", i0."notifications_enabled", i0."created_at", i0."updated_at" FROM "identity_user_settings" AS i0 WHERE (i0."id" = $1)
    (ecto_sql 3.13.4) lib/ecto/adapters/sql.ex:1113: Ecto.Adapters.SQL.raise_sql_call_error/1
    (ecto_sql 3.13.4) lib/ecto/adapters/sql.ex:1011: Ecto.Adapters.SQL.execute/6
    (ecto 3.13.5) lib/ecto/repo/queryable.ex:241: Ecto.Repo.Queryable.execute/4
    (ecto 3.13.5) lib/ecto/repo/queryable.ex:19: Ecto.Repo.Queryable.all/3
    (ecto 3.13.5) lib/ecto/repo/queryable.ex:163: Ecto.Repo.Queryable.one/3
    (nexus 0.1.0) lib/nexus/identity/projectors/user_registration_projector.ex:53: anonymous fn/3 in Nexus.Identity.Projectors.UserRegistrationProjector.project_registration/3
    (ecto 3.13.5) lib/ecto/multi.ex:905: Ecto.Multi.apply_operation/5
    (elixir 1.19.5) lib/enum.ex:2520: Enum."-reduce/3-lists^foldl/2-0-"/3
    (ecto 3.13.5) lib/ecto/multi.ex:878: anonymous fn/5 in Ecto.Multi.apply_operations/5
    (ecto_sql 3.13.4) lib/ecto/adapters/sql.ex:1473: anonymous fn/3 in Ecto.Adapters.SQL.checkout_or_transaction/4
    (db_connection 2.9.0) lib/db_connection.ex:1747: DBConnection.run_transaction/4
    (ecto 3.13.5) lib/ecto/repo/transaction.ex:30: Ecto.Repo.Transaction.transact/4
    (nexus 0.1.0) deps/commanded_ecto_projections/lib/projections/ecto.ex:97: Nexus.Identity.Projectors.UserRegistrationProjector.update_projection/3
    (commanded 1.4.9) lib/commanded/event/handler.ex:1221: Commanded.Event.Handler.delegate_event_to_handler/2
    (commanded 1.4.9) lib/commanded/event/handler.ex:1062: Commanded.Event.Handler.handle_event/3
    (elixir 1.19.5) lib/enum.ex:2520: Enum."-reduce/3-lists^foldl/2-0-"/3
    (commanded 1.4.9) lib/commanded/event/handler.ex:969: Commanded.Event.Handler.handle_info/2
    (stdlib 7.1) gen_server.erl:2434: :gen_server.try_handle_info/3
    (stdlib 7.1) gen_server.erl:2420: :gen_server.handle_msg/3
    (stdlib 7.1) proc_lib.erl:333: :proc_lib.init_p_do_apply/3

23:10:04.153 [warning] Nexus.Identity.Projectors.UserRegistrationProjector has requested to stop: %Postgrex.Error{message: nil, postgres: %{code: :undefined_column, line: "3721", message: "column i0.id does not exist", position: "8", file: "parse_relation.c", unknown: "ERROR", severity: "ERROR", pg_code: "42703", routine: "errorMissingColumn"}, connection_id: 3152, query: "SELECT i0.\"id\", i0.\"user_id\", i0.\"org_id\", i0.\"locale\", i0.\"timezone\", i0.\"notifications_enabled\", i0.\"created_at\", i0.\"updated_at\" FROM \"identity_user_settings\" AS i0 WHERE (i0.\"id\" = $1)"}
23:10:04.153 [debug] Nexus.Identity.Projectors.UserRegistrationProjector is shutting down due to %Postgrex.Error{message: nil, postgres: %{code: :undefined_column, line: "3721", message: "column i0.id does not exist", position: "8", file: "parse_relation.c", unknown: "ERROR", severity: "ERROR", pg_code: "42703", routine: "errorMissingColumn"}, connection_id: 3152, query: "SELECT i0.\"id\", i0.\"user_id\", i0.\"org_id\", i0.\"locale\", i0.\"timezone\", i0.\"notifications_enabled\", i0.\"created_at\", i0.\"updated_at\" FROM \"identity_user_settings\" AS i0 WHERE (i0.\"id\" = $1)"}
23:10:04.153 [error] GenServer {Nexus.App.LocalRegistry, {Nexus.App, Commanded.Event.Handler, "Identity.Projectors.UserRegistrationProjector"}} terminating
** (stop) %Postgrex.Error{message: nil, postgres: %{code: :undefined_column, line: "3721", message: "column i0.id does not exist", position: "8", file: "parse_relation.c", unknown: "ERROR", severity: "ERROR", pg_code: "42703", routine: "errorMissingColumn"}, connection_id: 3152, query: "SELECT i0.\"id\", i0.\"user_id\", i0.\"org_id\", i0.\"locale\", i0.\"timezone\", i0.\"notifications_enabled\", i0.\"created_at\", i0.\"updated_at\" FROM \"identity_user_settings\" AS i0 WHERE (i0.\"id\" = $1)"}
Last message: {:events, [%Commanded.EventStore.RecordedEvent{event_id: "282ec866-f518-44ed-95f6-7a535d6c3e25", event_number: 11262, stream_id: "019d0c26-0b00-74a0-bd6d-48329cf61a57", stream_version: 1, causation_id: "d64809a4-8402-4360-8536-99b7a0f860ca", correlation_id: "e0f4b4bb-483c-4914-aaaa-956d1587d67e", event_type: "Elixir.Nexus.Identity.Events.UserRegistered", data: %Nexus.Identity.Events.UserRegistered{user_id: "019d0c26-0b00-74a0-bd6d-48329cf61a57", org_id: "019d0c26-0b00-74a0-8884-24b7b734f296", email: "test@example.com", role: "system_admin", cose_key: "Ym9vdHN0cmFwX2Nvc2Vfa2V5", credential_id: "Ym9vdHN0cmFwX2NyZWRlbnRpYWxfaWQ=", registered_at: "2026-03-20T16:48:33.024173Z", display_name: "Test User", status: "active"}, created_at: ~U[2026-03-20 16:48:33.025211Z], metadata: %{"causation_id" => "019d0c26-0b00-71d0-a1d2-041f55e92cfc", "correlation_id" => "019d0c26-0b00-71d0-a1d2-041f55e92cfc"}}]}
State: %Commanded.Event.Handler{application: Nexus.App, consistency: :strong, handler_callback: :event, handler_name: "Identity.Projectors.UserRegistrationProjector", handler_module: Nexus.Identity.Projectors.UserRegistrationProjector, handler_state: nil, last_seen_event: nil, subscription: %Commanded.EventStore.Subscription{application: Nexus.App, backoff: {:backoff, 1000, 60000, 1000, :jitter, :undefined, :undefined}, concurrency: 1, partition_by: nil, subscribe_to: :all, subscribe_from: :origin, subscription_name: "Identity.Projectors.UserRegistrationProjector", subscription_opts: [], subscription_pid: #PID<0.3070.0>, subscription_ref: #Reference<0.504251661.3394502657.233444>}, subscribe_timer: nil}
23:10:04.153 [debug] Subscription "Identity.Projectors.UserRegistrationProjector"@"$all" subscriber #PID<0.3069.0> down due to: %Postgrex.Error{message: nil, postgres: %{code: :undefined_column, line: "3721", message: "column i0.id does not exist", position: "8", file: "parse_relation.c", unknown: "ERROR", severity: "ERROR", pg_code: "42703", routine: "errorMissingColumn"}, connection_id: 3152, query: "SELECT i0.\"id\", i0.\"user_id\", i0.\"org_id\", i0.\"locale\", i0.\"timezone\", i0.\"notifications_enabled\", i0.\"created_at\", i0.\"updated_at\" FROM \"identity_user_settings\" AS i0 WHERE (i0.\"id\" = $1)"}
23:10:04.153 [debug] Subscription "Identity.Projectors.UserRegistrationProjector"@"$all" has no subscribers, shutting down
23:10:04.153 [error] GenServer {Nexus.EventStore.EventStore.Subscriptions.Registry, {"$all", "Identity.Projectors.UserRegistrationProjector"}} terminating
** (stop) %Postgrex.Error{message: nil, postgres: %{code: :undefined_column, line: "3721", message: "column i0.id does not exist", position: "8", file: "parse_relation.c", unknown: "ERROR", severity: "ERROR", pg_code: "42703", routine: "errorMissingColumn"}, connection_id: 3152, query: "SELECT i0.\"id\", i0.\"user_id\", i0.\"org_id\", i0.\"locale\", i0.\"timezone\", i0.\"notifications_enabled\", i0.\"created_at\", i0.\"updated_at\" FROM \"identity_user_settings\" AS i0 WHERE (i0.\"id\" = $1)"}
Last message: {:DOWN, #Reference<0.504251661.3394502657.233426>, :process, #PID<0.3069.0>, %Postgrex.Error{message: nil, postgres: %{code: :undefined_column, line: "3721", message: "column i0.id does not exist", position: "8", file: "parse_relation.c", unknown: "ERROR", severity: "ERROR", pg_code: "42703", routine: "errorMissingColumn"}, connection_id: 3152, query: "SELECT i0.\"id\", i0.\"user_id\", i0.\"org_id\", i0.\"locale\", i0.\"timezone\", i0.\"notifications_enabled\", i0.\"created_at\", i0.\"updated_at\" FROM \"identity_user_settings\" AS i0 WHERE (i0.\"id\" = $1)"}}
State: %EventStore.Subscriptions.Subscription{stream_uuid: "$all", subscription_name: "Identity.Projectors.UserRegistrationProjector", subscription: %EventStore.Subscriptions.SubscriptionFsm{state: :unsubscribed, data: %EventStore.Subscriptions.SubscriptionState{conn: Nexus.EventStore.Postgrex, event_store: Nexus.EventStore, serializer: Commanded.Serialization.JsonSerializer, schema: "event_store", stream_uuid: "$all", start_from: 0, subscription_name: "Identity.Projectors.UserRegistrationProjector", subscription_id: 405, selector: nil, mapper: &Commanded.EventStore.Adapters.EventStore.Mapper.from_recorded_event/1, max_size: 1000, partition_by: nil, query_timeout: 15000, lock_ref: #Reference<0.504251661.3394502658.81808>, last_received: 12231, last_sent: 11262, last_ack: 11261, queue_size: 970, buffer_size: 1, checkpoint_after: 0, checkpoint_threshold: 1, checkpoint_timer_ref: nil, checkpoints_pending: 0, subscribers: %{}, partitions: %{nil: {[%EventStore.RecordedEvent{event_number: 12231, event_id: "b58748f2-cd92-4a46-911f-0bab7e16bcce", stream_uuid: "631ffb8b-126b-40c3-8203-4988912dccac", stream_version: 1, correlation_id: "e6b4b1b3-a306-4e46-a407-4ee295b2567e", causation_id: "6c36c5b1-b472-491a-93d4-d21335dab8e5", event_type: "Elixir.Nexus.Identity.Events.UserRegistered", data: %Nexus.Identity.Events.UserRegistered{user_id: "631ffb8b-126b-40c3-8203-4988912dccac", org_id: "e205ad5a-5aff-40fd-9840-2f1860363ab1", email: "bernard-92b69317-ceac-4570-a4dc-e181657c44c8@nexus.financial", role: "admin", cose_key: "bW9jaw==", credential_id: "bW9jaw==", registered_at: "2026-03-20T23:10:04.023004Z", display_name: "Bernard", status: "active"}, metadata: %{"causation_id" => "019d0d83-54f7-7795-b212-00ae72ff09d4", "correlation_id" => "019d0d83-54f7-7795-b212-00ae72ff09d4"}, created_at: ~U[2026-03-20 23:10:04.024222Z]}, %EventStore.RecordedEvent{event_number: 12230, event_id: "18516aae-860c-4533-8cef-1f1cc9898a6b", stream_uuid: "0a2320b8-ea62-4944-91fc-b1a081d94b4f", stream_version: 2, correlation_id: "3439d5db-8df0-40d7-b3f9-7c79af370711", causation_id: "c46ea7f8-115b-44b2-b9fb-5238f503624f", event_type: "Elixir.Nexus.Identity.Events.SessionStarted", data: %Nexus.Identity.Events.SessionStarted{org_id: "cb85a832-0e01-453c-9c74-126aa4f990be", user_id: "0a2320b8-ea62-4944-91fc-b1a081d94b4f", session_id: "8604ab1b-1c1d-4dc9-a88d-88e80166047a", session_token: "mock-token", user_agent: "Mozilla/5.0 (Macintosh; Intel Mac OS X 10_15_7)", ip_address: "127.0.0.1", started_at: "2026-03-20T23:10:03.714460Z"}, metadata: %{"causation_id" => "019d0d83-53c2-7918-aa39-3fa0df65a469", "correlation_id" => "019d0d83-53c2-7918-aa39-3fa0df65a469"}, created_at: ~U[2026-03-20 23:10:03.715069Z]}, %EventStore.RecordedEvent{event_number: 12229, event_id: "88438d34-4046-4a41-b85b-67d256cca5e5", stream_uuid: "0a2320b8-ea62-4944-91fc-b1a081d94b4f", stream_version: 1, correlation_id: "a64c1aaf-4c8a-4a0a-8e73-1cb004416bc9", causation_id: "b063d188-4c5e-4283-bf48-e09a975f8b85", event_type: "Elixir.Nexus.Identity.Events.UserRegistered", data: %Nexus.Identity.Events.UserRegistered{user_id: "0a2320b8-ea62-4944-91fc-b1a081d94b4f", org_id: "cb85a832-0e01-453c-9c74-126aa4f990be", email: "bernard-e0cbc1d2-dd91-4387-8fed-b05c8f3523b8@nexus.financial", role: "admin", cose_key: "bW9jaw==", credential_id: "bW9jaw==", registered_at: "2026-03-20T23:10:03.511487Z", display_name: "Bernard", status: "active"}, metadata: %{"causation_id" => "019d0d83-52f7-72c1-9919-520d2e6a1f7d", "correlation_id" => "019d0d83-52f7-72c1-9919-520d2e6a1f7d"}, created_at: ~U[2026-03-20 23:10:03.512643Z]}, %EventStore.RecordedEvent{event_number: 12228, event_id: "09c135f3-e6cb-49bc-81c3-586b4a99fd72", stream_uuid: "ba9ba3da-fea6-48d9-9922-befe7026f5cc", ...}, ...], ...}}, ...}}, ...}
23:10:04.153 [debug] Nexus.Identity.Projectors.UserRegistrationProjector is shutting down due to {%Postgrex.Error{message: nil, postgres: %{code: :undefined_column, line: "3721", message: "column i0.id does not exist", position: "8", file: "parse_relation.c", unknown: "ERROR", severity: "ERROR", pg_code: "42703", routine: "errorMissingColumn"}, connection_id: 3152, query: "SELECT i0.\"id\", i0.\"user_id\", i0.\"org_id\", i0.\"locale\", i0.\"timezone\", i0.\"notifications_enabled\", i0.\"created_at\", i0.\"updated_at\" FROM \"identity_user_settings\" AS i0 WHERE (i0.\"id\" = $1)"}, {GenServer, :call, [#PID<0.3070.0>, {:connect, #PID<0.3071.0>, [retry_interval: 60000, hibernate_after: 15000, partition_by: nil, concurrency_limit: 1, name: Nexus.EventStore, mapper: &Commanded.EventStore.Adapters.EventStore.Mapper.from_recorded_event/1, conn: Nexus.EventStore.Postgrex, event_store: Nexus.EventStore, query_timeout: 15000, schema: "event_store", serializer: Commanded.Serialization.JsonSerializer, stream_uuid: "$all", subscription_name: "Identity.Projectors.UserRegistrationProjector", start_from: 0]}, 5000]}}
23:10:04.153 [error] GenServer {Nexus.App.LocalRegistry, {Nexus.App, Commanded.Event.Handler, "Identity.Projectors.UserRegistrationProjector"}} terminating
** (stop) exited in: GenServer.call(#PID<0.3070.0>, {:connect, #PID<0.3071.0>, [retry_interval: 60000, hibernate_after: 15000, partition_by: nil, concurrency_limit: 1, name: Nexus.EventStore, mapper: &Commanded.EventStore.Adapters.EventStore.Mapper.from_recorded_event/1, conn: Nexus.EventStore.Postgrex, event_store: Nexus.EventStore, query_timeout: 15000, schema: "event_store", serializer: Commanded.Serialization.JsonSerializer, stream_uuid: "$all", subscription_name: "Identity.Projectors.UserRegistrationProjector", start_from: 0]}, 5000)
    ** (EXIT) %Postgrex.Error{message: nil, postgres: %{code: :undefined_column, line: "3721", message: "column i0.id does not exist", position: "8", file: "parse_relation.c", unknown: "ERROR", severity: "ERROR", pg_code: "42703", routine: "errorMissingColumn"}, connection_id: 3152, query: "SELECT i0.\"id\", i0.\"user_id\", i0.\"org_id\", i0.\"locale\", i0.\"timezone\", i0.\"notifications_enabled\", i0.\"created_at\", i0.\"updated_at\" FROM \"identity_user_settings\" AS i0 WHERE (i0.\"id\" = $1)"}
    (elixir 1.19.5) lib/gen_server.ex:1142: GenServer.call/3
    (commanded 1.4.9) lib/commanded/event_store.ex:289: anonymous fn/2 in Commanded.EventStore.span/3
    (telemetry 1.3.0) /Users/bernard/dev/nexus/deps/telemetry/src/telemetry.erl:324: :telemetry.span/3
    (commanded 1.4.9) lib/commanded/event_store/subscription.ex:58: Commanded.EventStore.Subscription.subscribe/2
    (commanded 1.4.9) lib/commanded/event/handler.ex:1024: Commanded.Event.Handler.subscribe_to_events/1
    (commanded 1.4.9) lib/commanded/event/handler.ex:887: Commanded.Event.Handler.handle_continue/2
    (stdlib 7.1) gen_server.erl:2424: :gen_server.try_handle_continue/3
    (stdlib 7.1) gen_server.erl:2291: :gen_server.loop/4
    (stdlib 7.1) proc_lib.erl:333: :proc_lib.init_p_do_apply/3
Last message: {:continue, :subscribe_to_events}
State: %Commanded.Event.Handler{application: Nexus.App, consistency: :strong, handler_callback: :event, handler_name: "Identity.Projectors.UserRegistrationProjector", handler_module: Nexus.Identity.Projectors.UserRegistrationProjector, handler_state: nil, last_seen_event: nil, subscription: %Commanded.EventStore.Subscription{application: Nexus.App, backoff: {:backoff, 1000, 60000, 1000, :jitter, :undefined, :undefined}, concurrency: 1, partition_by: nil, subscribe_to: :all, subscribe_from: :origin, subscription_name: "Identity.Projectors.UserRegistrationProjector", subscription_opts: [], subscription_pid: nil, subscription_ref: nil}, subscribe_timer: nil}
23:10:04.154 [debug] Subscription "Identity.Projectors.UserRegistrationProjector"@"$all" attempting to connect subscriber #PID<0.3072.0>
23:10:04.155 [debug] Subscription "Identity.Projectors.UserRegistrationProjector"@"$all" catching-up
23:10:04.155 [debug] Nexus.Identity.Projectors.UserRegistrationProjector has successfully subscribed to event store
23:10:04.169 [debug] Nexus.Identity.Projectors.UserRegistrationProjector received events: [%Commanded.EventStore.RecordedEvent{event_id: "282ec866-f518-44ed-95f6-7a535d6c3e25", event_number: 11262, stream_id: "019d0c26-0b00-74a0-bd6d-48329cf61a57", stream_version: 1, causation_id: "d64809a4-8402-4360-8536-99b7a0f860ca", correlation_id: "e0f4b4bb-483c-4914-aaaa-956d1587d67e", event_type: "Elixir.Nexus.Identity.Events.UserRegistered", data: %Nexus.Identity.Events.UserRegistered{user_id: "019d0c26-0b00-74a0-bd6d-48329cf61a57", org_id: "019d0c26-0b00-74a0-8884-24b7b734f296", email: "test@example.com", role: "system_admin", cose_key: "Ym9vdHN0cmFwX2Nvc2Vfa2V5", credential_id: "Ym9vdHN0cmFwX2NyZWRlbnRpYWxfaWQ=", registered_at: "2026-03-20T16:48:33.024173Z", display_name: "Test User", status: "active"}, created_at: ~U[2026-03-20 16:48:33.025211Z], metadata: %{"causation_id" => "019d0c26-0b00-71d0-a1d2-041f55e92cfc", "correlation_id" => "019d0c26-0b00-71d0-a1d2-041f55e92cfc"}}]
23:10:04.169 [debug] QUERY OK db=0.1ms
begin []
23:10:04.169 [debug] QUERY OK source="projection_versions" db=0.1ms
INSERT INTO "projection_versions" AS p0 ("projection_name","last_seen_event_number","inserted_at","updated_at") VALUES ($1,$2,$3,$4) ON CONFLICT ("projection_name") DO UPDATE SET "last_seen_event_number" = $5 WHERE ((p0."projection_name" = $6) AND (p0."last_seen_event_number" < $7)) ["Identity.Projectors.UserRegistrationProjector", 11262, ~N[2026-03-20 23:10:04.169281], ~N[2026-03-20 23:10:04.169281], 11262, "Identity.Projectors.UserRegistrationProjector", 11262]
23:10:04.169 [debug] QUERY OK source="users" db=0.0ms
SELECT u0."id", u0."org_id", u0."email", u0."display_name", u0."status", u0."cose_key", u0."credential_id", u0."roles", u0."created_at", u0."updated_at" FROM "users" AS u0 WHERE (u0."id" = $1) ["019d0c26-0b00-74a0-bd6d-48329cf61a57"]
23:10:04.169 [debug] QUERY OK source="users" db=0.0ms
SELECT u0."id", u0."org_id", u0."email", u0."display_name", u0."status", u0."cose_key", u0."credential_id", u0."roles", u0."created_at", u0."updated_at" FROM "users" AS u0 WHERE (u0."email" = $1) ["test@example.com"]
23:10:04.169 [debug] QUERY OK source="users" db=0.1ms
INSERT INTO "users" ("id","status","org_id","email","display_name","roles","cose_key","credential_id","created_at","updated_at") VALUES ($1,$2,$3,$4,$5,$6,$7,$8,$9,$10) ["019d0c26-0b00-74a0-bd6d-48329cf61a57", "active", "019d0c26-0b00-74a0-8884-24b7b734f296", "test@example.com", "Test User", ["system_admin"], "bootstrap_cose_key", "bootstrap_credential_id", ~U[2026-03-20 23:10:04.169769Z], ~U[2026-03-20 23:10:04.169769Z]]
23:10:04.170 [debug] QUERY ERROR source="identity_user_settings" db=0.0ms
SELECT i0."id", i0."user_id", i0."org_id", i0."locale", i0."timezone", i0."notifications_enabled", i0."created_at", i0."updated_at" FROM "identity_user_settings" AS i0 WHERE (i0."id" = $1) ["019d0c26-0b00-74a0-bd6d-48329cf61a57"]
23:10:04.170 [debug] QUERY OK db=0.0ms
rollback []
23:10:04.171 [error] Nexus.Identity.Projectors.UserRegistrationProjector failed to handle event:
%Commanded.EventStore.RecordedEvent{
  event_id: "282ec866-f518-44ed-95f6-7a535d6c3e25",
  event_number: 11262,
  stream_id: "019d0c26-0b00-74a0-bd6d-48329cf61a57",
  stream_version: 1,
  causation_id: "d64809a4-8402-4360-8536-99b7a0f860ca",
  correlation_id: "e0f4b4bb-483c-4914-aaaa-956d1587d67e",
  event_type: "Elixir.Nexus.Identity.Events.UserRegistered",
  data: %Nexus.Identity.Events.UserRegistered{
    user_id: "019d0c26-0b00-74a0-bd6d-48329cf61a57",
    org_id: "019d0c26-0b00-74a0-8884-24b7b734f296",
    email: "test@example.com",
    role: "system_admin",
    cose_key: "Ym9vdHN0cmFwX2Nvc2Vfa2V5",
    credential_id: "Ym9vdHN0cmFwX2NyZWRlbnRpYWxfaWQ=",
    registered_at: "2026-03-20T16:48:33.024173Z",
    display_name: "Test User",
    status: "active"
  },
  created_at: ~U[2026-03-20 16:48:33.025211Z],
  metadata: %{
    "causation_id" => "019d0c26-0b00-71d0-a1d2-041f55e92cfc",
    "correlation_id" => "019d0c26-0b00-71d0-a1d2-041f55e92cfc"
  }
}, due to:
** (Postgrex.Error) ERROR 42703 (undefined_column) column i0.id does not exist

    query: SELECT i0."id", i0."user_id", i0."org_id", i0."locale", i0."timezone", i0."notifications_enabled", i0."created_at", i0."updated_at" FROM "identity_user_settings" AS i0 WHERE (i0."id" = $1)
    (ecto_sql 3.13.4) lib/ecto/adapters/sql.ex:1113: Ecto.Adapters.SQL.raise_sql_call_error/1
    (ecto_sql 3.13.4) lib/ecto/adapters/sql.ex:1011: Ecto.Adapters.SQL.execute/6
    (ecto 3.13.5) lib/ecto/repo/queryable.ex:241: Ecto.Repo.Queryable.execute/4
    (ecto 3.13.5) lib/ecto/repo/queryable.ex:19: Ecto.Repo.Queryable.all/3
    (ecto 3.13.5) lib/ecto/repo/queryable.ex:163: Ecto.Repo.Queryable.one/3
    (nexus 0.1.0) lib/nexus/identity/projectors/user_registration_projector.ex:53: anonymous fn/3 in Nexus.Identity.Projectors.UserRegistrationProjector.project_registration/3
    (ecto 3.13.5) lib/ecto/multi.ex:905: Ecto.Multi.apply_operation/5
    (elixir 1.19.5) lib/enum.ex:2520: Enum."-reduce/3-lists^foldl/2-0-"/3
    (ecto 3.13.5) lib/ecto/multi.ex:878: anonymous fn/5 in Ecto.Multi.apply_operations/5
    (ecto_sql 3.13.4) lib/ecto/adapters/sql.ex:1473: anonymous fn/3 in Ecto.Adapters.SQL.checkout_or_transaction/4
    (db_connection 2.9.0) lib/db_connection.ex:1747: DBConnection.run_transaction/4
    (ecto 3.13.5) lib/ecto/repo/transaction.ex:30: Ecto.Repo.Transaction.transact/4
    (nexus 0.1.0) deps/commanded_ecto_projections/lib/projections/ecto.ex:97: Nexus.Identity.Projectors.UserRegistrationProjector.update_projection/3
    (commanded 1.4.9) lib/commanded/event/handler.ex:1221: Commanded.Event.Handler.delegate_event_to_handler/2
    (commanded 1.4.9) lib/commanded/event/handler.ex:1062: Commanded.Event.Handler.handle_event/3
    (elixir 1.19.5) lib/enum.ex:2520: Enum."-reduce/3-lists^foldl/2-0-"/3
    (commanded 1.4.9) lib/commanded/event/handler.ex:969: Commanded.Event.Handler.handle_info/2
    (stdlib 7.1) gen_server.erl:2434: :gen_server.try_handle_info/3
    (stdlib 7.1) gen_server.erl:2420: :gen_server.handle_msg/3
    (stdlib 7.1) proc_lib.erl:333: :proc_lib.init_p_do_apply/3

23:10:04.171 [warning] Nexus.Identity.Projectors.UserRegistrationProjector has requested to stop: %Postgrex.Error{message: nil, postgres: %{code: :undefined_column, line: "3721", message: "column i0.id does not exist", position: "8", file: "parse_relation.c", unknown: "ERROR", severity: "ERROR", pg_code: "42703", routine: "errorMissingColumn"}, connection_id: 3152, query: "SELECT i0.\"id\", i0.\"user_id\", i0.\"org_id\", i0.\"locale\", i0.\"timezone\", i0.\"notifications_enabled\", i0.\"created_at\", i0.\"updated_at\" FROM \"identity_user_settings\" AS i0 WHERE (i0.\"id\" = $1)"}
23:10:04.171 [debug] Nexus.Identity.Projectors.UserRegistrationProjector is shutting down due to %Postgrex.Error{message: nil, postgres: %{code: :undefined_column, line: "3721", message: "column i0.id does not exist", position: "8", file: "parse_relation.c", unknown: "ERROR", severity: "ERROR", pg_code: "42703", routine: "errorMissingColumn"}, connection_id: 3152, query: "SELECT i0.\"id\", i0.\"user_id\", i0.\"org_id\", i0.\"locale\", i0.\"timezone\", i0.\"notifications_enabled\", i0.\"created_at\", i0.\"updated_at\" FROM \"identity_user_settings\" AS i0 WHERE (i0.\"id\" = $1)"}
23:10:04.171 [error] GenServer {Nexus.App.LocalRegistry, {Nexus.App, Commanded.Event.Handler, "Identity.Projectors.UserRegistrationProjector"}} terminating
** (stop) %Postgrex.Error{message: nil, postgres: %{code: :undefined_column, line: "3721", message: "column i0.id does not exist", position: "8", file: "parse_relation.c", unknown: "ERROR", severity: "ERROR", pg_code: "42703", routine: "errorMissingColumn"}, connection_id: 3152, query: "SELECT i0.\"id\", i0.\"user_id\", i0.\"org_id\", i0.\"locale\", i0.\"timezone\", i0.\"notifications_enabled\", i0.\"created_at\", i0.\"updated_at\" FROM \"identity_user_settings\" AS i0 WHERE (i0.\"id\" = $1)"}
Last message: {:events, [%Commanded.EventStore.RecordedEvent{event_id: "282ec866-f518-44ed-95f6-7a535d6c3e25", event_number: 11262, stream_id: "019d0c26-0b00-74a0-bd6d-48329cf61a57", stream_version: 1, causation_id: "d64809a4-8402-4360-8536-99b7a0f860ca", correlation_id: "e0f4b4bb-483c-4914-aaaa-956d1587d67e", event_type: "Elixir.Nexus.Identity.Events.UserRegistered", data: %Nexus.Identity.Events.UserRegistered{user_id: "019d0c26-0b00-74a0-bd6d-48329cf61a57", org_id: "019d0c26-0b00-74a0-8884-24b7b734f296", email: "test@example.com", role: "system_admin", cose_key: "Ym9vdHN0cmFwX2Nvc2Vfa2V5", credential_id: "Ym9vdHN0cmFwX2NyZWRlbnRpYWxfaWQ=", registered_at: "2026-03-20T16:48:33.024173Z", display_name: "Test User", status: "active"}, created_at: ~U[2026-03-20 16:48:33.025211Z], metadata: %{"causation_id" => "019d0c26-0b00-71d0-a1d2-041f55e92cfc", "correlation_id" => "019d0c26-0b00-71d0-a1d2-041f55e92cfc"}}]}
State: %Commanded.Event.Handler{application: Nexus.App, consistency: :strong, handler_callback: :event, handler_name: "Identity.Projectors.UserRegistrationProjector", handler_module: Nexus.Identity.Projectors.UserRegistrationProjector, handler_state: nil, last_seen_event: nil, subscription: %Commanded.EventStore.Subscription{application: Nexus.App, backoff: {:backoff, 1000, 60000, 1000, :jitter, :undefined, :undefined}, concurrency: 1, partition_by: nil, subscribe_to: :all, subscribe_from: :origin, subscription_name: "Identity.Projectors.UserRegistrationProjector", subscription_opts: [], subscription_pid: #PID<0.3073.0>, subscription_ref: #Reference<0.504251661.3394502657.233514>}, subscribe_timer: nil}
23:10:04.171 [debug] Subscription "Identity.Projectors.UserRegistrationProjector"@"$all" subscriber #PID<0.3072.0> down due to: %Postgrex.Error{message: nil, postgres: %{code: :undefined_column, line: "3721", message: "column i0.id does not exist", position: "8", file: "parse_relation.c", unknown: "ERROR", severity: "ERROR", pg_code: "42703", routine: "errorMissingColumn"}, connection_id: 3152, query: "SELECT i0.\"id\", i0.\"user_id\", i0.\"org_id\", i0.\"locale\", i0.\"timezone\", i0.\"notifications_enabled\", i0.\"created_at\", i0.\"updated_at\" FROM \"identity_user_settings\" AS i0 WHERE (i0.\"id\" = $1)"}
23:10:04.171 [debug] Subscription "Identity.Projectors.UserRegistrationProjector"@"$all" has no subscribers, shutting down
23:10:04.171 [error] GenServer {Nexus.EventStore.EventStore.Subscriptions.Registry, {"$all", "Identity.Projectors.UserRegistrationProjector"}} terminating
** (stop) %Postgrex.Error{message: nil, postgres: %{code: :undefined_column, line: "3721", message: "column i0.id does not exist", position: "8", file: "parse_relation.c", unknown: "ERROR", severity: "ERROR", pg_code: "42703", routine: "errorMissingColumn"}, connection_id: 3152, query: "SELECT i0.\"id\", i0.\"user_id\", i0.\"org_id\", i0.\"locale\", i0.\"timezone\", i0.\"notifications_enabled\", i0.\"created_at\", i0.\"updated_at\" FROM \"identity_user_settings\" AS i0 WHERE (i0.\"id\" = $1)"}
Last message: {:DOWN, #Reference<0.504251661.3394502658.82025>, :process, #PID<0.3072.0>, %Postgrex.Error{message: nil, postgres: %{code: :undefined_column, line: "3721", message: "column i0.id does not exist", position: "8", file: "parse_relation.c", unknown: "ERROR", severity: "ERROR", pg_code: "42703", routine: "errorMissingColumn"}, connection_id: 3152, query: "SELECT i0.\"id\", i0.\"user_id\", i0.\"org_id\", i0.\"locale\", i0.\"timezone\", i0.\"notifications_enabled\", i0.\"created_at\", i0.\"updated_at\" FROM \"identity_user_settings\" AS i0 WHERE (i0.\"id\" = $1)"}}
State: %EventStore.Subscriptions.Subscription{stream_uuid: "$all", subscription_name: "Identity.Projectors.UserRegistrationProjector", subscription: %EventStore.Subscriptions.SubscriptionFsm{state: :unsubscribed, data: %EventStore.Subscriptions.SubscriptionState{conn: Nexus.EventStore.Postgrex, event_store: Nexus.EventStore, serializer: Commanded.Serialization.JsonSerializer, schema: "event_store", stream_uuid: "$all", start_from: 0, subscription_name: "Identity.Projectors.UserRegistrationProjector", subscription_id: 405, selector: nil, mapper: &Commanded.EventStore.Adapters.EventStore.Mapper.from_recorded_event/1, max_size: 1000, partition_by: nil, query_timeout: 15000, lock_ref: #Reference<0.504251661.3394502658.82034>, last_received: 12231, last_sent: 11262, last_ack: 11261, queue_size: 970, buffer_size: 1, checkpoint_after: 0, checkpoint_threshold: 1, checkpoint_timer_ref: nil, checkpoints_pending: 0, subscribers: %{}, partitions: %{nil: {[%EventStore.RecordedEvent{event_number: 12231, event_id: "b58748f2-cd92-4a46-911f-0bab7e16bcce", stream_uuid: "631ffb8b-126b-40c3-8203-4988912dccac", stream_version: 1, correlation_id: "e6b4b1b3-a306-4e46-a407-4ee295b2567e", causation_id: "6c36c5b1-b472-491a-93d4-d21335dab8e5", event_type: "Elixir.Nexus.Identity.Events.UserRegistered", data: %Nexus.Identity.Events.UserRegistered{user_id: "631ffb8b-126b-40c3-8203-4988912dccac", org_id: "e205ad5a-5aff-40fd-9840-2f1860363ab1", email: "bernard-92b69317-ceac-4570-a4dc-e181657c44c8@nexus.financial", role: "admin", cose_key: "bW9jaw==", credential_id: "bW9jaw==", registered_at: "2026-03-20T23:10:04.023004Z", display_name: "Bernard", status: "active"}, metadata: %{"causation_id" => "019d0d83-54f7-7795-b212-00ae72ff09d4", "correlation_id" => "019d0d83-54f7-7795-b212-00ae72ff09d4"}, created_at: ~U[2026-03-20 23:10:04.024222Z]}, %EventStore.RecordedEvent{event_number: 12230, event_id: "18516aae-860c-4533-8cef-1f1cc9898a6b", stream_uuid: "0a2320b8-ea62-4944-91fc-b1a081d94b4f", stream_version: 2, correlation_id: "3439d5db-8df0-40d7-b3f9-7c79af370711", causation_id: "c46ea7f8-115b-44b2-b9fb-5238f503624f", event_type: "Elixir.Nexus.Identity.Events.SessionStarted", data: %Nexus.Identity.Events.SessionStarted{org_id: "cb85a832-0e01-453c-9c74-126aa4f990be", user_id: "0a2320b8-ea62-4944-91fc-b1a081d94b4f", session_id: "8604ab1b-1c1d-4dc9-a88d-88e80166047a", session_token: "mock-token", user_agent: "Mozilla/5.0 (Macintosh; Intel Mac OS X 10_15_7)", ip_address: "127.0.0.1", started_at: "2026-03-20T23:10:03.714460Z"}, metadata: %{"causation_id" => "019d0d83-53c2-7918-aa39-3fa0df65a469", "correlation_id" => "019d0d83-53c2-7918-aa39-3fa0df65a469"}, created_at: ~U[2026-03-20 23:10:03.715069Z]}, %EventStore.RecordedEvent{event_number: 12229, event_id: "88438d34-4046-4a41-b85b-67d256cca5e5", stream_uuid: "0a2320b8-ea62-4944-91fc-b1a081d94b4f", stream_version: 1, correlation_id: "a64c1aaf-4c8a-4a0a-8e73-1cb004416bc9", causation_id: "b063d188-4c5e-4283-bf48-e09a975f8b85", event_type: "Elixir.Nexus.Identity.Events.UserRegistered", data: %Nexus.Identity.Events.UserRegistered{user_id: "0a2320b8-ea62-4944-91fc-b1a081d94b4f", org_id: "cb85a832-0e01-453c-9c74-126aa4f990be", email: "bernard-e0cbc1d2-dd91-4387-8fed-b05c8f3523b8@nexus.financial", role: "admin", cose_key: "bW9jaw==", credential_id: "bW9jaw==", registered_at: "2026-03-20T23:10:03.511487Z", display_name: "Bernard", status: "active"}, metadata: %{"causation_id" => "019d0d83-52f7-72c1-9919-520d2e6a1f7d", "correlation_id" => "019d0d83-52f7-72c1-9919-520d2e6a1f7d"}, created_at: ~U[2026-03-20 23:10:03.512643Z]}, %EventStore.RecordedEvent{event_number: 12228, event_id: "09c135f3-e6cb-49bc-81c3-586b4a99fd72", stream_uuid: "ba9ba3da-fea6-48d9-9922-befe7026f5cc", ...}, ...], ...}}, ...}}, ...}
23:10:04.172 [debug] Nexus.Identity.Projectors.UserRegistrationProjector is shutting down due to {%Postgrex.Error{message: nil, postgres: %{code: :undefined_column, line: "3721", message: "column i0.id does not exist", position: "8", file: "parse_relation.c", unknown: "ERROR", severity: "ERROR", pg_code: "42703", routine: "errorMissingColumn"}, connection_id: 3152, query: "SELECT i0.\"id\", i0.\"user_id\", i0.\"org_id\", i0.\"locale\", i0.\"timezone\", i0.\"notifications_enabled\", i0.\"created_at\", i0.\"updated_at\" FROM \"identity_user_settings\" AS i0 WHERE (i0.\"id\" = $1)"}, {GenServer, :call, [#PID<0.3073.0>, {:connect, #PID<0.3074.0>, [retry_interval: 60000, hibernate_after: 15000, partition_by: nil, concurrency_limit: 1, name: Nexus.EventStore, mapper: &Commanded.EventStore.Adapters.EventStore.Mapper.from_recorded_event/1, conn: Nexus.EventStore.Postgrex, event_store: Nexus.EventStore, query_timeout: 15000, schema: "event_store", serializer: Commanded.Serialization.JsonSerializer, stream_uuid: "$all", subscription_name: "Identity.Projectors.UserRegistrationProjector", start_from: 0]}, 5000]}}
23:10:04.172 [error] GenServer {Nexus.App.LocalRegistry, {Nexus.App, Commanded.Event.Handler, "Identity.Projectors.UserRegistrationProjector"}} terminating
** (stop) exited in: GenServer.call(#PID<0.3073.0>, {:connect, #PID<0.3074.0>, [retry_interval: 60000, hibernate_after: 15000, partition_by: nil, concurrency_limit: 1, name: Nexus.EventStore, mapper: &Commanded.EventStore.Adapters.EventStore.Mapper.from_recorded_event/1, conn: Nexus.EventStore.Postgrex, event_store: Nexus.EventStore, query_timeout: 15000, schema: "event_store", serializer: Commanded.Serialization.JsonSerializer, stream_uuid: "$all", subscription_name: "Identity.Projectors.UserRegistrationProjector", start_from: 0]}, 5000)
    ** (EXIT) %Postgrex.Error{message: nil, postgres: %{code: :undefined_column, line: "3721", message: "column i0.id does not exist", position: "8", file: "parse_relation.c", unknown: "ERROR", severity: "ERROR", pg_code: "42703", routine: "errorMissingColumn"}, connection_id: 3152, query: "SELECT i0.\"id\", i0.\"user_id\", i0.\"org_id\", i0.\"locale\", i0.\"timezone\", i0.\"notifications_enabled\", i0.\"created_at\", i0.\"updated_at\" FROM \"identity_user_settings\" AS i0 WHERE (i0.\"id\" = $1)"}
    (elixir 1.19.5) lib/gen_server.ex:1142: GenServer.call/3
    (commanded 1.4.9) lib/commanded/event_store.ex:289: anonymous fn/2 in Commanded.EventStore.span/3
    (telemetry 1.3.0) /Users/bernard/dev/nexus/deps/telemetry/src/telemetry.erl:324: :telemetry.span/3
    (commanded 1.4.9) lib/commanded/event_store/subscription.ex:58: Commanded.EventStore.Subscription.subscribe/2
    (commanded 1.4.9) lib/commanded/event/handler.ex:1024: Commanded.Event.Handler.subscribe_to_events/1
    (commanded 1.4.9) lib/commanded/event/handler.ex:887: Commanded.Event.Handler.handle_continue/2
    (stdlib 7.1) gen_server.erl:2424: :gen_server.try_handle_continue/3
    (stdlib 7.1) gen_server.erl:2291: :gen_server.loop/4
    (stdlib 7.1) proc_lib.erl:333: :proc_lib.init_p_do_apply/3
Last message: {:continue, :subscribe_to_events}
State: %Commanded.Event.Handler{application: Nexus.App, consistency: :strong, handler_callback: :event, handler_name: "Identity.Projectors.UserRegistrationProjector", handler_module: Nexus.Identity.Projectors.UserRegistrationProjector, handler_state: nil, last_seen_event: nil, subscription: %Commanded.EventStore.Subscription{application: Nexus.App, backoff: {:backoff, 1000, 60000, 1000, :jitter, :undefined, :undefined}, concurrency: 1, partition_by: nil, subscribe_to: :all, subscribe_from: :origin, subscription_name: "Identity.Projectors.UserRegistrationProjector", subscription_opts: [], subscription_pid: nil, subscription_ref: nil}, subscribe_timer: nil}
23:10:04.172 [debug] Subscription "Identity.Projectors.UserRegistrationProjector"@"$all" attempting to connect subscriber #PID<0.3075.0>
23:10:04.173 [debug] Subscription "Identity.Projectors.UserRegistrationProjector"@"$all" catching-up
23:10:04.173 [debug] Nexus.Identity.Projectors.UserRegistrationProjector has successfully subscribed to event store
23:10:04.184 [debug] Nexus.Identity.Projectors.UserRegistrationProjector received events: [%Commanded.EventStore.RecordedEvent{event_id: "282ec866-f518-44ed-95f6-7a535d6c3e25", event_number: 11262, stream_id: "019d0c26-0b00-74a0-bd6d-48329cf61a57", stream_version: 1, causation_id: "d64809a4-8402-4360-8536-99b7a0f860ca", correlation_id: "e0f4b4bb-483c-4914-aaaa-956d1587d67e", event_type: "Elixir.Nexus.Identity.Events.UserRegistered", data: %Nexus.Identity.Events.UserRegistered{user_id: "019d0c26-0b00-74a0-bd6d-48329cf61a57", org_id: "019d0c26-0b00-74a0-8884-24b7b734f296", email: "test@example.com", role: "system_admin", cose_key: "Ym9vdHN0cmFwX2Nvc2Vfa2V5", credential_id: "Ym9vdHN0cmFwX2NyZWRlbnRpYWxfaWQ=", registered_at: "2026-03-20T16:48:33.024173Z", display_name: "Test User", status: "active"}, created_at: ~U[2026-03-20 16:48:33.025211Z], metadata: %{"causation_id" => "019d0c26-0b00-71d0-a1d2-041f55e92cfc", "correlation_id" => "019d0c26-0b00-71d0-a1d2-041f55e92cfc"}}]
23:10:04.185 [debug] QUERY OK db=0.1ms
begin []
23:10:04.185 [debug] QUERY OK source="projection_versions" db=0.1ms
INSERT INTO "projection_versions" AS p0 ("projection_name","last_seen_event_number","inserted_at","updated_at") VALUES ($1,$2,$3,$4) ON CONFLICT ("projection_name") DO UPDATE SET "last_seen_event_number" = $5 WHERE ((p0."projection_name" = $6) AND (p0."last_seen_event_number" < $7)) ["Identity.Projectors.UserRegistrationProjector", 11262, ~N[2026-03-20 23:10:04.185084], ~N[2026-03-20 23:10:04.185084], 11262, "Identity.Projectors.UserRegistrationProjector", 11262]
23:10:04.185 [debug] QUERY OK source="users" db=0.1ms
SELECT u0."id", u0."org_id", u0."email", u0."display_name", u0."status", u0."cose_key", u0."credential_id", u0."roles", u0."created_at", u0."updated_at" FROM "users" AS u0 WHERE (u0."id" = $1) ["019d0c26-0b00-74a0-bd6d-48329cf61a57"]
23:10:04.185 [debug] QUERY OK source="users" db=0.1ms
SELECT u0."id", u0."org_id", u0."email", u0."display_name", u0."status", u0."cose_key", u0."credential_id", u0."roles", u0."created_at", u0."updated_at" FROM "users" AS u0 WHERE (u0."email" = $1) ["test@example.com"]
23:10:04.185 [debug] QUERY OK source="users" db=0.1ms
INSERT INTO "users" ("id","status","org_id","email","display_name","roles","cose_key","credential_id","created_at","updated_at") VALUES ($1,$2,$3,$4,$5,$6,$7,$8,$9,$10) ["019d0c26-0b00-74a0-bd6d-48329cf61a57", "active", "019d0c26-0b00-74a0-8884-24b7b734f296", "test@example.com", "Test User", ["system_admin"], "bootstrap_cose_key", "bootstrap_credential_id", ~U[2026-03-20 23:10:04.185681Z], ~U[2026-03-20 23:10:04.185681Z]]
23:10:04.186 [debug] QUERY ERROR source="identity_user_settings" db=0.0ms
SELECT i0."id", i0."user_id", i0."org_id", i0."locale", i0."timezone", i0."notifications_enabled", i0."created_at", i0."updated_at" FROM "identity_user_settings" AS i0 WHERE (i0."id" = $1) ["019d0c26-0b00-74a0-bd6d-48329cf61a57"]
23:10:04.186 [debug] QUERY OK db=0.1ms
rollback []
23:10:04.187 [error] Nexus.Identity.Projectors.UserRegistrationProjector failed to handle event:
%Commanded.EventStore.RecordedEvent{
  event_id: "282ec866-f518-44ed-95f6-7a535d6c3e25",
  event_number: 11262,
  stream_id: "019d0c26-0b00-74a0-bd6d-48329cf61a57",
  stream_version: 1,
  causation_id: "d64809a4-8402-4360-8536-99b7a0f860ca",
  correlation_id: "e0f4b4bb-483c-4914-aaaa-956d1587d67e",
  event_type: "Elixir.Nexus.Identity.Events.UserRegistered",
  data: %Nexus.Identity.Events.UserRegistered{
    user_id: "019d0c26-0b00-74a0-bd6d-48329cf61a57",
    org_id: "019d0c26-0b00-74a0-8884-24b7b734f296",
    email: "test@example.com",
    role: "system_admin",
    cose_key: "Ym9vdHN0cmFwX2Nvc2Vfa2V5",
    credential_id: "Ym9vdHN0cmFwX2NyZWRlbnRpYWxfaWQ=",
    registered_at: "2026-03-20T16:48:33.024173Z",
    display_name: "Test User",
    status: "active"
  },
  created_at: ~U[2026-03-20 16:48:33.025211Z],
  metadata: %{
    "causation_id" => "019d0c26-0b00-71d0-a1d2-041f55e92cfc",
    "correlation_id" => "019d0c26-0b00-71d0-a1d2-041f55e92cfc"
  }
}, due to:
** (Postgrex.Error) ERROR 42703 (undefined_column) column i0.id does not exist

    query: SELECT i0."id", i0."user_id", i0."org_id", i0."locale", i0."timezone", i0."notifications_enabled", i0."created_at", i0."updated_at" FROM "identity_user_settings" AS i0 WHERE (i0."id" = $1)
    (ecto_sql 3.13.4) lib/ecto/adapters/sql.ex:1113: Ecto.Adapters.SQL.raise_sql_call_error/1
    (ecto_sql 3.13.4) lib/ecto/adapters/sql.ex:1011: Ecto.Adapters.SQL.execute/6
    (ecto 3.13.5) lib/ecto/repo/queryable.ex:241: Ecto.Repo.Queryable.execute/4
    (ecto 3.13.5) lib/ecto/repo/queryable.ex:19: Ecto.Repo.Queryable.all/3
    (ecto 3.13.5) lib/ecto/repo/queryable.ex:163: Ecto.Repo.Queryable.one/3
    (nexus 0.1.0) lib/nexus/identity/projectors/user_registration_projector.ex:53: anonymous fn/3 in Nexus.Identity.Projectors.UserRegistrationProjector.project_registration/3
    (ecto 3.13.5) lib/ecto/multi.ex:905: Ecto.Multi.apply_operation/5
    (elixir 1.19.5) lib/enum.ex:2520: Enum."-reduce/3-lists^foldl/2-0-"/3
    (ecto 3.13.5) lib/ecto/multi.ex:878: anonymous fn/5 in Ecto.Multi.apply_operations/5
    (ecto_sql 3.13.4) lib/ecto/adapters/sql.ex:1473: anonymous fn/3 in Ecto.Adapters.SQL.checkout_or_transaction/4
    (db_connection 2.9.0) lib/db_connection.ex:1747: DBConnection.run_transaction/4
    (ecto 3.13.5) lib/ecto/repo/transaction.ex:30: Ecto.Repo.Transaction.transact/4
    (nexus 0.1.0) deps/commanded_ecto_projections/lib/projections/ecto.ex:97: Nexus.Identity.Projectors.UserRegistrationProjector.update_projection/3
    (commanded 1.4.9) lib/commanded/event/handler.ex:1221: Commanded.Event.Handler.delegate_event_to_handler/2
    (commanded 1.4.9) lib/commanded/event/handler.ex:1062: Commanded.Event.Handler.handle_event/3
    (elixir 1.19.5) lib/enum.ex:2520: Enum."-reduce/3-lists^foldl/2-0-"/3
    (commanded 1.4.9) lib/commanded/event/handler.ex:969: Commanded.Event.Handler.handle_info/2
    (stdlib 7.1) gen_server.erl:2434: :gen_server.try_handle_info/3
    (stdlib 7.1) gen_server.erl:2420: :gen_server.handle_msg/3
    (stdlib 7.1) proc_lib.erl:333: :proc_lib.init_p_do_apply/3

23:10:04.187 [warning] Nexus.Identity.Projectors.UserRegistrationProjector has requested to stop: %Postgrex.Error{message: nil, postgres: %{code: :undefined_column, line: "3721", message: "column i0.id does not exist", position: "8", file: "parse_relation.c", unknown: "ERROR", severity: "ERROR", pg_code: "42703", routine: "errorMissingColumn"}, connection_id: 3152, query: "SELECT i0.\"id\", i0.\"user_id\", i0.\"org_id\", i0.\"locale\", i0.\"timezone\", i0.\"notifications_enabled\", i0.\"created_at\", i0.\"updated_at\" FROM \"identity_user_settings\" AS i0 WHERE (i0.\"id\" = $1)"}
23:10:04.187 [debug] Nexus.Identity.Projectors.UserRegistrationProjector is shutting down due to %Postgrex.Error{message: nil, postgres: %{code: :undefined_column, line: "3721", message: "column i0.id does not exist", position: "8", file: "parse_relation.c", unknown: "ERROR", severity: "ERROR", pg_code: "42703", routine: "errorMissingColumn"}, connection_id: 3152, query: "SELECT i0.\"id\", i0.\"user_id\", i0.\"org_id\", i0.\"locale\", i0.\"timezone\", i0.\"notifications_enabled\", i0.\"created_at\", i0.\"updated_at\" FROM \"identity_user_settings\" AS i0 WHERE (i0.\"id\" = $1)"}
23:10:04.187 [error] GenServer {Nexus.App.LocalRegistry, {Nexus.App, Commanded.Event.Handler, "Identity.Projectors.UserRegistrationProjector"}} terminating
** (stop) %Postgrex.Error{message: nil, postgres: %{code: :undefined_column, line: "3721", message: "column i0.id does not exist", position: "8", file: "parse_relation.c", unknown: "ERROR", severity: "ERROR", pg_code: "42703", routine: "errorMissingColumn"}, connection_id: 3152, query: "SELECT i0.\"id\", i0.\"user_id\", i0.\"org_id\", i0.\"locale\", i0.\"timezone\", i0.\"notifications_enabled\", i0.\"created_at\", i0.\"updated_at\" FROM \"identity_user_settings\" AS i0 WHERE (i0.\"id\" = $1)"}
Last message: {:events, [%Commanded.EventStore.RecordedEvent{event_id: "282ec866-f518-44ed-95f6-7a535d6c3e25", event_number: 11262, stream_id: "019d0c26-0b00-74a0-bd6d-48329cf61a57", stream_version: 1, causation_id: "d64809a4-8402-4360-8536-99b7a0f860ca", correlation_id: "e0f4b4bb-483c-4914-aaaa-956d1587d67e", event_type: "Elixir.Nexus.Identity.Events.UserRegistered", data: %Nexus.Identity.Events.UserRegistered{user_id: "019d0c26-0b00-74a0-bd6d-48329cf61a57", org_id: "019d0c26-0b00-74a0-8884-24b7b734f296", email: "test@example.com", role: "system_admin", cose_key: "Ym9vdHN0cmFwX2Nvc2Vfa2V5", credential_id: "Ym9vdHN0cmFwX2NyZWRlbnRpYWxfaWQ=", registered_at: "2026-03-20T16:48:33.024173Z", display_name: "Test User", status: "active"}, created_at: ~U[2026-03-20 16:48:33.025211Z], metadata: %{"causation_id" => "019d0c26-0b00-71d0-a1d2-041f55e92cfc", "correlation_id" => "019d0c26-0b00-71d0-a1d2-041f55e92cfc"}}]}
State: %Commanded.Event.Handler{application: Nexus.App, consistency: :strong, handler_callback: :event, handler_name: "Identity.Projectors.UserRegistrationProjector", handler_module: Nexus.Identity.Projectors.UserRegistrationProjector, handler_state: nil, last_seen_event: nil, subscription: %Commanded.EventStore.Subscription{application: Nexus.App, backoff: {:backoff, 1000, 60000, 1000, :jitter, :undefined, :undefined}, concurrency: 1, partition_by: nil, subscribe_to: :all, subscribe_from: :origin, subscription_name: "Identity.Projectors.UserRegistrationProjector", subscription_opts: [], subscription_pid: #PID<0.3076.0>, subscription_ref: #Reference<0.504251661.3394502657.233610>}, subscribe_timer: nil}
23:10:04.187 [debug] Subscription "Identity.Projectors.UserRegistrationProjector"@"$all" subscriber #PID<0.3075.0> down due to: %Postgrex.Error{message: nil, postgres: %{code: :undefined_column, line: "3721", message: "column i0.id does not exist", position: "8", file: "parse_relation.c", unknown: "ERROR", severity: "ERROR", pg_code: "42703", routine: "errorMissingColumn"}, connection_id: 3152, query: "SELECT i0.\"id\", i0.\"user_id\", i0.\"org_id\", i0.\"locale\", i0.\"timezone\", i0.\"notifications_enabled\", i0.\"created_at\", i0.\"updated_at\" FROM \"identity_user_settings\" AS i0 WHERE (i0.\"id\" = $1)"}
23:10:04.187 [debug] Subscription "Identity.Projectors.UserRegistrationProjector"@"$all" has no subscribers, shutting down
23:10:04.187 [error] GenServer {Nexus.EventStore.EventStore.Subscriptions.Registry, {"$all", "Identity.Projectors.UserRegistrationProjector"}} terminating
** (stop) %Postgrex.Error{message: nil, postgres: %{code: :undefined_column, line: "3721", message: "column i0.id does not exist", position: "8", file: "parse_relation.c", unknown: "ERROR", severity: "ERROR", pg_code: "42703", routine: "errorMissingColumn"}, connection_id: 3152, query: "SELECT i0.\"id\", i0.\"user_id\", i0.\"org_id\", i0.\"locale\", i0.\"timezone\", i0.\"notifications_enabled\", i0.\"created_at\", i0.\"updated_at\" FROM \"identity_user_settings\" AS i0 WHERE (i0.\"id\" = $1)"}
Last message: {:DOWN, #Reference<0.504251661.3394502657.233590>, :process, #PID<0.3075.0>, %Postgrex.Error{message: nil, postgres: %{code: :undefined_column, line: "3721", message: "column i0.id does not exist", position: "8", file: "parse_relation.c", unknown: "ERROR", severity: "ERROR", pg_code: "42703", routine: "errorMissingColumn"}, connection_id: 3152, query: "SELECT i0.\"id\", i0.\"user_id\", i0.\"org_id\", i0.\"locale\", i0.\"timezone\", i0.\"notifications_enabled\", i0.\"created_at\", i0.\"updated_at\" FROM \"identity_user_settings\" AS i0 WHERE (i0.\"id\" = $1)"}}
State: %EventStore.Subscriptions.Subscription{stream_uuid: "$all", subscription_name: "Identity.Projectors.UserRegistrationProjector", subscription: %EventStore.Subscriptions.SubscriptionFsm{state: :unsubscribed, data: %EventStore.Subscriptions.SubscriptionState{conn: Nexus.EventStore.Postgrex, event_store: Nexus.EventStore, serializer: Commanded.Serialization.JsonSerializer, schema: "event_store", stream_uuid: "$all", start_from: 0, subscription_name: "Identity.Projectors.UserRegistrationProjector", subscription_id: 405, selector: nil, mapper: &Commanded.EventStore.Adapters.EventStore.Mapper.from_recorded_event/1, max_size: 1000, partition_by: nil, query_timeout: 15000, lock_ref: #Reference<0.504251661.3394502658.82232>, last_received: 12231, last_sent: 11262, last_ack: 11261, queue_size: 970, buffer_size: 1, checkpoint_after: 0, checkpoint_threshold: 1, checkpoint_timer_ref: nil, checkpoints_pending: 0, subscribers: %{}, partitions: %{nil: {[%EventStore.RecordedEvent{event_number: 12231, event_id: "b58748f2-cd92-4a46-911f-0bab7e16bcce", stream_uuid: "631ffb8b-126b-40c3-8203-4988912dccac", stream_version: 1, correlation_id: "e6b4b1b3-a306-4e46-a407-4ee295b2567e", causation_id: "6c36c5b1-b472-491a-93d4-d21335dab8e5", event_type: "Elixir.Nexus.Identity.Events.UserRegistered", data: %Nexus.Identity.Events.UserRegistered{user_id: "631ffb8b-126b-40c3-8203-4988912dccac", org_id: "e205ad5a-5aff-40fd-9840-2f1860363ab1", email: "bernard-92b69317-ceac-4570-a4dc-e181657c44c8@nexus.financial", role: "admin", cose_key: "bW9jaw==", credential_id: "bW9jaw==", registered_at: "2026-03-20T23:10:04.023004Z", display_name: "Bernard", status: "active"}, metadata: %{"causation_id" => "019d0d83-54f7-7795-b212-00ae72ff09d4", "correlation_id" => "019d0d83-54f7-7795-b212-00ae72ff09d4"}, created_at: ~U[2026-03-20 23:10:04.024222Z]}, %EventStore.RecordedEvent{event_number: 12230, event_id: "18516aae-860c-4533-8cef-1f1cc9898a6b", stream_uuid: "0a2320b8-ea62-4944-91fc-b1a081d94b4f", stream_version: 2, correlation_id: "3439d5db-8df0-40d7-b3f9-7c79af370711", causation_id: "c46ea7f8-115b-44b2-b9fb-5238f503624f", event_type: "Elixir.Nexus.Identity.Events.SessionStarted", data: %Nexus.Identity.Events.SessionStarted{org_id: "cb85a832-0e01-453c-9c74-126aa4f990be", user_id: "0a2320b8-ea62-4944-91fc-b1a081d94b4f", session_id: "8604ab1b-1c1d-4dc9-a88d-88e80166047a", session_token: "mock-token", user_agent: "Mozilla/5.0 (Macintosh; Intel Mac OS X 10_15_7)", ip_address: "127.0.0.1", started_at: "2026-03-20T23:10:03.714460Z"}, metadata: %{"causation_id" => "019d0d83-53c2-7918-aa39-3fa0df65a469", "correlation_id" => "019d0d83-53c2-7918-aa39-3fa0df65a469"}, created_at: ~U[2026-03-20 23:10:03.715069Z]}, %EventStore.RecordedEvent{event_number: 12229, event_id: "88438d34-4046-4a41-b85b-67d256cca5e5", stream_uuid: "0a2320b8-ea62-4944-91fc-b1a081d94b4f", stream_version: 1, correlation_id: "a64c1aaf-4c8a-4a0a-8e73-1cb004416bc9", causation_id: "b063d188-4c5e-4283-bf48-e09a975f8b85", event_type: "Elixir.Nexus.Identity.Events.UserRegistered", data: %Nexus.Identity.Events.UserRegistered{user_id: "0a2320b8-ea62-4944-91fc-b1a081d94b4f", org_id: "cb85a832-0e01-453c-9c74-126aa4f990be", email: "bernard-e0cbc1d2-dd91-4387-8fed-b05c8f3523b8@nexus.financial", role: "admin", cose_key: "bW9jaw==", credential_id: "bW9jaw==", registered_at: "2026-03-20T23:10:03.511487Z", display_name: "Bernard", status: "active"}, metadata: %{"causation_id" => "019d0d83-52f7-72c1-9919-520d2e6a1f7d", "correlation_id" => "019d0d83-52f7-72c1-9919-520d2e6a1f7d"}, created_at: ~U[2026-03-20 23:10:03.512643Z]}, %EventStore.RecordedEvent{event_number: 12228, event_id: "09c135f3-e6cb-49bc-81c3-586b4a99fd72", stream_uuid: "ba9ba3da-fea6-48d9-9922-befe7026f5cc", ...}, ...], ...}}, ...}}, ...}
23:10:04.188 [debug] Nexus.Identity.Projectors.UserRegistrationProjector is shutting down due to {%Postgrex.Error{message: nil, postgres: %{code: :undefined_column, line: "3721", message: "column i0.id does not exist", position: "8", file: "parse_relation.c", unknown: "ERROR", severity: "ERROR", pg_code: "42703", routine: "errorMissingColumn"}, connection_id: 3152, query: "SELECT i0.\"id\", i0.\"user_id\", i0.\"org_id\", i0.\"locale\", i0.\"timezone\", i0.\"notifications_enabled\", i0.\"created_at\", i0.\"updated_at\" FROM \"identity_user_settings\" AS i0 WHERE (i0.\"id\" = $1)"}, {GenServer, :call, [#PID<0.3076.0>, {:connect, #PID<0.3077.0>, [retry_interval: 60000, hibernate_after: 15000, partition_by: nil, concurrency_limit: 1, name: Nexus.EventStore, mapper: &Commanded.EventStore.Adapters.EventStore.Mapper.from_recorded_event/1, conn: Nexus.EventStore.Postgrex, event_store: Nexus.EventStore, query_timeout: 15000, schema: "event_store", serializer: Commanded.Serialization.JsonSerializer, stream_uuid: "$all", subscription_name: "Identity.Projectors.UserRegistrationProjector", start_from: 0]}, 5000]}}
23:10:04.188 [error] GenServer {Nexus.App.LocalRegistry, {Nexus.App, Commanded.Event.Handler, "Identity.Projectors.UserRegistrationProjector"}} terminating
** (stop) exited in: GenServer.call(#PID<0.3076.0>, {:connect, #PID<0.3077.0>, [retry_interval: 60000, hibernate_after: 15000, partition_by: nil, concurrency_limit: 1, name: Nexus.EventStore, mapper: &Commanded.EventStore.Adapters.EventStore.Mapper.from_recorded_event/1, conn: Nexus.EventStore.Postgrex, event_store: Nexus.EventStore, query_timeout: 15000, schema: "event_store", serializer: Commanded.Serialization.JsonSerializer, stream_uuid: "$all", subscription_name: "Identity.Projectors.UserRegistrationProjector", start_from: 0]}, 5000)
    ** (EXIT) %Postgrex.Error{message: nil, postgres: %{code: :undefined_column, line: "3721", message: "column i0.id does not exist", position: "8", file: "parse_relation.c", unknown: "ERROR", severity: "ERROR", pg_code: "42703", routine: "errorMissingColumn"}, connection_id: 3152, query: "SELECT i0.\"id\", i0.\"user_id\", i0.\"org_id\", i0.\"locale\", i0.\"timezone\", i0.\"notifications_enabled\", i0.\"created_at\", i0.\"updated_at\" FROM \"identity_user_settings\" AS i0 WHERE (i0.\"id\" = $1)"}
    (elixir 1.19.5) lib/gen_server.ex:1142: GenServer.call/3
    (commanded 1.4.9) lib/commanded/event_store.ex:289: anonymous fn/2 in Commanded.EventStore.span/3
    (telemetry 1.3.0) /Users/bernard/dev/nexus/deps/telemetry/src/telemetry.erl:324: :telemetry.span/3
    (commanded 1.4.9) lib/commanded/event_store/subscription.ex:58: Commanded.EventStore.Subscription.subscribe/2
    (commanded 1.4.9) lib/commanded/event/handler.ex:1024: Commanded.Event.Handler.subscribe_to_events/1
    (commanded 1.4.9) lib/commanded/event/handler.ex:887: Commanded.Event.Handler.handle_continue/2
    (stdlib 7.1) gen_server.erl:2424: :gen_server.try_handle_continue/3
    (stdlib 7.1) gen_server.erl:2291: :gen_server.loop/4
    (stdlib 7.1) proc_lib.erl:333: :proc_lib.init_p_do_apply/3
Last message: {:continue, :subscribe_to_events}
State: %Commanded.Event.Handler{application: Nexus.App, consistency: :strong, handler_callback: :event, handler_name: "Identity.Projectors.UserRegistrationProjector", handler_module: Nexus.Identity.Projectors.UserRegistrationProjector, handler_state: nil, last_seen_event: nil, subscription: %Commanded.EventStore.Subscription{application: Nexus.App, backoff: {:backoff, 1000, 60000, 1000, :jitter, :undefined, :undefined}, concurrency: 1, partition_by: nil, subscribe_to: :all, subscribe_from: :origin, subscription_name: "Identity.Projectors.UserRegistrationProjector", subscription_opts: [], subscription_pid: nil, subscription_ref: nil}, subscribe_timer: nil}
23:10:04.188 [debug] Subscription "Identity.Projectors.UserRegistrationProjector"@"$all" attempting to connect subscriber #PID<0.3078.0>
23:10:04.189 [debug] Subscription "Identity.Projectors.UserRegistrationProjector"@"$all" catching-up
23:10:04.189 [debug] Nexus.Identity.Projectors.UserRegistrationProjector has successfully subscribed to event store
23:10:04.203 [debug] Nexus.Identity.Projectors.UserRegistrationProjector received events: [%Commanded.EventStore.RecordedEvent{event_id: "282ec866-f518-44ed-95f6-7a535d6c3e25", event_number: 11262, stream_id: "019d0c26-0b00-74a0-bd6d-48329cf61a57", stream_version: 1, causation_id: "d64809a4-8402-4360-8536-99b7a0f860ca", correlation_id: "e0f4b4bb-483c-4914-aaaa-956d1587d67e", event_type: "Elixir.Nexus.Identity.Events.UserRegistered", data: %Nexus.Identity.Events.UserRegistered{user_id: "019d0c26-0b00-74a0-bd6d-48329cf61a57", org_id: "019d0c26-0b00-74a0-8884-24b7b734f296", email: "test@example.com", role: "system_admin", cose_key: "Ym9vdHN0cmFwX2Nvc2Vfa2V5", credential_id: "Ym9vdHN0cmFwX2NyZWRlbnRpYWxfaWQ=", registered_at: "2026-03-20T16:48:33.024173Z", display_name: "Test User", status: "active"}, created_at: ~U[2026-03-20 16:48:33.025211Z], metadata: %{"causation_id" => "019d0c26-0b00-71d0-a1d2-041f55e92cfc", "correlation_id" => "019d0c26-0b00-71d0-a1d2-041f55e92cfc"}}]
23:10:04.203 [debug] QUERY OK db=0.1ms
begin []
23:10:04.204 [debug] QUERY OK source="projection_versions" db=0.1ms
INSERT INTO "projection_versions" AS p0 ("projection_name","last_seen_event_number","inserted_at","updated_at") VALUES ($1,$2,$3,$4) ON CONFLICT ("projection_name") DO UPDATE SET "last_seen_event_number" = $5 WHERE ((p0."projection_name" = $6) AND (p0."last_seen_event_number" < $7)) ["Identity.Projectors.UserRegistrationProjector", 11262, ~N[2026-03-20 23:10:04.203836], ~N[2026-03-20 23:10:04.203836], 11262, "Identity.Projectors.UserRegistrationProjector", 11262]
23:10:04.204 [debug] QUERY OK source="users" db=0.0ms
SELECT u0."id", u0."org_id", u0."email", u0."display_name", u0."status", u0."cose_key", u0."credential_id", u0."roles", u0."created_at", u0."updated_at" FROM "users" AS u0 WHERE (u0."id" = $1) ["019d0c26-0b00-74a0-bd6d-48329cf61a57"]
23:10:04.204 [debug] QUERY OK source="users" db=0.0ms
SELECT u0."id", u0."org_id", u0."email", u0."display_name", u0."status", u0."cose_key", u0."credential_id", u0."roles", u0."created_at", u0."updated_at" FROM "users" AS u0 WHERE (u0."email" = $1) ["test@example.com"]
23:10:04.204 [debug] QUERY OK source="users" db=0.1ms
INSERT INTO "users" ("id","status","org_id","email","display_name","roles","cose_key","credential_id","created_at","updated_at") VALUES ($1,$2,$3,$4,$5,$6,$7,$8,$9,$10) ["019d0c26-0b00-74a0-bd6d-48329cf61a57", "active", "019d0c26-0b00-74a0-8884-24b7b734f296", "test@example.com", "Test User", ["system_admin"], "bootstrap_cose_key", "bootstrap_credential_id", ~U[2026-03-20 23:10:04.204357Z], ~U[2026-03-20 23:10:04.204357Z]]
23:10:04.204 [debug] QUERY ERROR source="identity_user_settings" db=0.0ms
SELECT i0."id", i0."user_id", i0."org_id", i0."locale", i0."timezone", i0."notifications_enabled", i0."created_at", i0."updated_at" FROM "identity_user_settings" AS i0 WHERE (i0."id" = $1) ["019d0c26-0b00-74a0-bd6d-48329cf61a57"]
23:10:04.204 [debug] QUERY OK db=0.0ms
rollback []
23:10:04.205 [error] Nexus.Identity.Projectors.UserRegistrationProjector failed to handle event:
%Commanded.EventStore.RecordedEvent{
  event_id: "282ec866-f518-44ed-95f6-7a535d6c3e25",
  event_number: 11262,
  stream_id: "019d0c26-0b00-74a0-bd6d-48329cf61a57",
  stream_version: 1,
  causation_id: "d64809a4-8402-4360-8536-99b7a0f860ca",
  correlation_id: "e0f4b4bb-483c-4914-aaaa-956d1587d67e",
  event_type: "Elixir.Nexus.Identity.Events.UserRegistered",
  data: %Nexus.Identity.Events.UserRegistered{
    user_id: "019d0c26-0b00-74a0-bd6d-48329cf61a57",
    org_id: "019d0c26-0b00-74a0-8884-24b7b734f296",
    email: "test@example.com",
    role: "system_admin",
    cose_key: "Ym9vdHN0cmFwX2Nvc2Vfa2V5",
    credential_id: "Ym9vdHN0cmFwX2NyZWRlbnRpYWxfaWQ=",
    registered_at: "2026-03-20T16:48:33.024173Z",
    display_name: "Test User",
    status: "active"
  },
  created_at: ~U[2026-03-20 16:48:33.025211Z],
  metadata: %{
    "causation_id" => "019d0c26-0b00-71d0-a1d2-041f55e92cfc",
    "correlation_id" => "019d0c26-0b00-71d0-a1d2-041f55e92cfc"
  }
}, due to:
** (Postgrex.Error) ERROR 42703 (undefined_column) column i0.id does not exist

    query: SELECT i0."id", i0."user_id", i0."org_id", i0."locale", i0."timezone", i0."notifications_enabled", i0."created_at", i0."updated_at" FROM "identity_user_settings" AS i0 WHERE (i0."id" = $1)
    (ecto_sql 3.13.4) lib/ecto/adapters/sql.ex:1113: Ecto.Adapters.SQL.raise_sql_call_error/1
    (ecto_sql 3.13.4) lib/ecto/adapters/sql.ex:1011: Ecto.Adapters.SQL.execute/6
    (ecto 3.13.5) lib/ecto/repo/queryable.ex:241: Ecto.Repo.Queryable.execute/4
    (ecto 3.13.5) lib/ecto/repo/queryable.ex:19: Ecto.Repo.Queryable.all/3
    (ecto 3.13.5) lib/ecto/repo/queryable.ex:163: Ecto.Repo.Queryable.one/3
    (nexus 0.1.0) lib/nexus/identity/projectors/user_registration_projector.ex:53: anonymous fn/3 in Nexus.Identity.Projectors.UserRegistrationProjector.project_registration/3
    (ecto 3.13.5) lib/ecto/multi.ex:905: Ecto.Multi.apply_operation/5
    (elixir 1.19.5) lib/enum.ex:2520: Enum."-reduce/3-lists^foldl/2-0-"/3
    (ecto 3.13.5) lib/ecto/multi.ex:878: anonymous fn/5 in Ecto.Multi.apply_operations/5
    (ecto_sql 3.13.4) lib/ecto/adapters/sql.ex:1473: anonymous fn/3 in Ecto.Adapters.SQL.checkout_or_transaction/4
    (db_connection 2.9.0) lib/db_connection.ex:1747: DBConnection.run_transaction/4
    (ecto 3.13.5) lib/ecto/repo/transaction.ex:30: Ecto.Repo.Transaction.transact/4
    (nexus 0.1.0) deps/commanded_ecto_projections/lib/projections/ecto.ex:97: Nexus.Identity.Projectors.UserRegistrationProjector.update_projection/3
    (commanded 1.4.9) lib/commanded/event/handler.ex:1221: Commanded.Event.Handler.delegate_event_to_handler/2
    (commanded 1.4.9) lib/commanded/event/handler.ex:1062: Commanded.Event.Handler.handle_event/3
    (elixir 1.19.5) lib/enum.ex:2520: Enum."-reduce/3-lists^foldl/2-0-"/3
    (commanded 1.4.9) lib/commanded/event/handler.ex:969: Commanded.Event.Handler.handle_info/2
    (stdlib 7.1) gen_server.erl:2434: :gen_server.try_handle_info/3
    (stdlib 7.1) gen_server.erl:2420: :gen_server.handle_msg/3
    (stdlib 7.1) proc_lib.erl:333: :proc_lib.init_p_do_apply/3

23:10:04.205 [warning] Nexus.Identity.Projectors.UserRegistrationProjector has requested to stop: %Postgrex.Error{message: nil, postgres: %{code: :undefined_column, line: "3721", message: "column i0.id does not exist", position: "8", file: "parse_relation.c", unknown: "ERROR", severity: "ERROR", pg_code: "42703", routine: "errorMissingColumn"}, connection_id: 3152, query: "SELECT i0.\"id\", i0.\"user_id\", i0.\"org_id\", i0.\"locale\", i0.\"timezone\", i0.\"notifications_enabled\", i0.\"created_at\", i0.\"updated_at\" FROM \"identity_user_settings\" AS i0 WHERE (i0.\"id\" = $1)"}
23:10:04.205 [debug] Nexus.Identity.Projectors.UserRegistrationProjector is shutting down due to %Postgrex.Error{message: nil, postgres: %{code: :undefined_column, line: "3721", message: "column i0.id does not exist", position: "8", file: "parse_relation.c", unknown: "ERROR", severity: "ERROR", pg_code: "42703", routine: "errorMissingColumn"}, connection_id: 3152, query: "SELECT i0.\"id\", i0.\"user_id\", i0.\"org_id\", i0.\"locale\", i0.\"timezone\", i0.\"notifications_enabled\", i0.\"created_at\", i0.\"updated_at\" FROM \"identity_user_settings\" AS i0 WHERE (i0.\"id\" = $1)"}
23:10:04.205 [error] GenServer {Nexus.App.LocalRegistry, {Nexus.App, Commanded.Event.Handler, "Identity.Projectors.UserRegistrationProjector"}} terminating
** (stop) %Postgrex.Error{message: nil, postgres: %{code: :undefined_column, line: "3721", message: "column i0.id does not exist", position: "8", file: "parse_relation.c", unknown: "ERROR", severity: "ERROR", pg_code: "42703", routine: "errorMissingColumn"}, connection_id: 3152, query: "SELECT i0.\"id\", i0.\"user_id\", i0.\"org_id\", i0.\"locale\", i0.\"timezone\", i0.\"notifications_enabled\", i0.\"created_at\", i0.\"updated_at\" FROM \"identity_user_settings\" AS i0 WHERE (i0.\"id\" = $1)"}
Last message: {:events, [%Commanded.EventStore.RecordedEvent{event_id: "282ec866-f518-44ed-95f6-7a535d6c3e25", event_number: 11262, stream_id: "019d0c26-0b00-74a0-bd6d-48329cf61a57", stream_version: 1, causation_id: "d64809a4-8402-4360-8536-99b7a0f860ca", correlation_id: "e0f4b4bb-483c-4914-aaaa-956d1587d67e", event_type: "Elixir.Nexus.Identity.Events.UserRegistered", data: %Nexus.Identity.Events.UserRegistered{user_id: "019d0c26-0b00-74a0-bd6d-48329cf61a57", org_id: "019d0c26-0b00-74a0-8884-24b7b734f296", email: "test@example.com", role: "system_admin", cose_key: "Ym9vdHN0cmFwX2Nvc2Vfa2V5", credential_id: "Ym9vdHN0cmFwX2NyZWRlbnRpYWxfaWQ=", registered_at: "2026-03-20T16:48:33.024173Z", display_name: "Test User", status: "active"}, created_at: ~U[2026-03-20 16:48:33.025211Z], metadata: %{"causation_id" => "019d0c26-0b00-71d0-a1d2-041f55e92cfc", "correlation_id" => "019d0c26-0b00-71d0-a1d2-041f55e92cfc"}}]}
State: %Commanded.Event.Handler{application: Nexus.App, consistency: :strong, handler_callback: :event, handler_name: "Identity.Projectors.UserRegistrationProjector", handler_module: Nexus.Identity.Projectors.UserRegistrationProjector, handler_state: nil, last_seen_event: nil, subscription: %Commanded.EventStore.Subscription{application: Nexus.App, backoff: {:backoff, 1000, 60000, 1000, :jitter, :undefined, :undefined}, concurrency: 1, partition_by: nil, subscribe_to: :all, subscribe_from: :origin, subscription_name: "Identity.Projectors.UserRegistrationProjector", subscription_opts: [], subscription_pid: #PID<0.3079.0>, subscription_ref: #Reference<0.504251661.3394502657.233690>}, subscribe_timer: nil}
23:10:04.206 [debug] Subscription "Identity.Projectors.UserRegistrationProjector"@"$all" subscriber #PID<0.3078.0> down due to: %Postgrex.Error{message: nil, postgres: %{code: :undefined_column, line: "3721", message: "column i0.id does not exist", position: "8", file: "parse_relation.c", unknown: "ERROR", severity: "ERROR", pg_code: "42703", routine: "errorMissingColumn"}, connection_id: 3152, query: "SELECT i0.\"id\", i0.\"user_id\", i0.\"org_id\", i0.\"locale\", i0.\"timezone\", i0.\"notifications_enabled\", i0.\"created_at\", i0.\"updated_at\" FROM \"identity_user_settings\" AS i0 WHERE (i0.\"id\" = $1)"}
23:10:04.206 [debug] Subscription "Identity.Projectors.UserRegistrationProjector"@"$all" has no subscribers, shutting down
23:10:04.206 [error] GenServer {Nexus.EventStore.EventStore.Subscriptions.Registry, {"$all", "Identity.Projectors.UserRegistrationProjector"}} terminating
** (stop) %Postgrex.Error{message: nil, postgres: %{code: :undefined_column, line: "3721", message: "column i0.id does not exist", position: "8", file: "parse_relation.c", unknown: "ERROR", severity: "ERROR", pg_code: "42703", routine: "errorMissingColumn"}, connection_id: 3152, query: "SELECT i0.\"id\", i0.\"user_id\", i0.\"org_id\", i0.\"locale\", i0.\"timezone\", i0.\"notifications_enabled\", i0.\"created_at\", i0.\"updated_at\" FROM \"identity_user_settings\" AS i0 WHERE (i0.\"id\" = $1)"}
Last message: {:DOWN, #Reference<0.504251661.3394502658.82435>, :process, #PID<0.3078.0>, %Postgrex.Error{message: nil, postgres: %{code: :undefined_column, line: "3721", message: "column i0.id does not exist", position: "8", file: "parse_relation.c", unknown: "ERROR", severity: "ERROR", pg_code: "42703", routine: "errorMissingColumn"}, connection_id: 3152, query: "SELECT i0.\"id\", i0.\"user_id\", i0.\"org_id\", i0.\"locale\", i0.\"timezone\", i0.\"notifications_enabled\", i0.\"created_at\", i0.\"updated_at\" FROM \"identity_user_settings\" AS i0 WHERE (i0.\"id\" = $1)"}}
State: %EventStore.Subscriptions.Subscription{stream_uuid: "$all", subscription_name: "Identity.Projectors.UserRegistrationProjector", subscription: %EventStore.Subscriptions.SubscriptionFsm{state: :unsubscribed, data: %EventStore.Subscriptions.SubscriptionState{conn: Nexus.EventStore.Postgrex, event_store: Nexus.EventStore, serializer: Commanded.Serialization.JsonSerializer, schema: "event_store", stream_uuid: "$all", start_from: 0, subscription_name: "Identity.Projectors.UserRegistrationProjector", subscription_id: 405, selector: nil, mapper: &Commanded.EventStore.Adapters.EventStore.Mapper.from_recorded_event/1, max_size: 1000, partition_by: nil, query_timeout: 15000, lock_ref: #Reference<0.504251661.3394502658.82444>, last_received: 12231, last_sent: 11262, last_ack: 11261, queue_size: 970, buffer_size: 1, checkpoint_after: 0, checkpoint_threshold: 1, checkpoint_timer_ref: nil, checkpoints_pending: 0, subscribers: %{}, partitions: %{nil: {[%EventStore.RecordedEvent{event_number: 12231, event_id: "b58748f2-cd92-4a46-911f-0bab7e16bcce", stream_uuid: "631ffb8b-126b-40c3-8203-4988912dccac", stream_version: 1, correlation_id: "e6b4b1b3-a306-4e46-a407-4ee295b2567e", causation_id: "6c36c5b1-b472-491a-93d4-d21335dab8e5", event_type: "Elixir.Nexus.Identity.Events.UserRegistered", data: %Nexus.Identity.Events.UserRegistered{user_id: "631ffb8b-126b-40c3-8203-4988912dccac", org_id: "e205ad5a-5aff-40fd-9840-2f1860363ab1", email: "bernard-92b69317-ceac-4570-a4dc-e181657c44c8@nexus.financial", role: "admin", cose_key: "bW9jaw==", credential_id: "bW9jaw==", registered_at: "2026-03-20T23:10:04.023004Z", display_name: "Bernard", status: "active"}, metadata: %{"causation_id" => "019d0d83-54f7-7795-b212-00ae72ff09d4", "correlation_id" => "019d0d83-54f7-7795-b212-00ae72ff09d4"}, created_at: ~U[2026-03-20 23:10:04.024222Z]}, %EventStore.RecordedEvent{event_number: 12230, event_id: "18516aae-860c-4533-8cef-1f1cc9898a6b", stream_uuid: "0a2320b8-ea62-4944-91fc-b1a081d94b4f", stream_version: 2, correlation_id: "3439d5db-8df0-40d7-b3f9-7c79af370711", causation_id: "c46ea7f8-115b-44b2-b9fb-5238f503624f", event_type: "Elixir.Nexus.Identity.Events.SessionStarted", data: %Nexus.Identity.Events.SessionStarted{org_id: "cb85a832-0e01-453c-9c74-126aa4f990be", user_id: "0a2320b8-ea62-4944-91fc-b1a081d94b4f", session_id: "8604ab1b-1c1d-4dc9-a88d-88e80166047a", session_token: "mock-token", user_agent: "Mozilla/5.0 (Macintosh; Intel Mac OS X 10_15_7)", ip_address: "127.0.0.1", started_at: "2026-03-20T23:10:03.714460Z"}, metadata: %{"causation_id" => "019d0d83-53c2-7918-aa39-3fa0df65a469", "correlation_id" => "019d0d83-53c2-7918-aa39-3fa0df65a469"}, created_at: ~U[2026-03-20 23:10:03.715069Z]}, %EventStore.RecordedEvent{event_number: 12229, event_id: "88438d34-4046-4a41-b85b-67d256cca5e5", stream_uuid: "0a2320b8-ea62-4944-91fc-b1a081d94b4f", stream_version: 1, correlation_id: "a64c1aaf-4c8a-4a0a-8e73-1cb004416bc9", causation_id: "b063d188-4c5e-4283-bf48-e09a975f8b85", event_type: "Elixir.Nexus.Identity.Events.UserRegistered", data: %Nexus.Identity.Events.UserRegistered{user_id: "0a2320b8-ea62-4944-91fc-b1a081d94b4f", org_id: "cb85a832-0e01-453c-9c74-126aa4f990be", email: "bernard-e0cbc1d2-dd91-4387-8fed-b05c8f3523b8@nexus.financial", role: "admin", cose_key: "bW9jaw==", credential_id: "bW9jaw==", registered_at: "2026-03-20T23:10:03.511487Z", display_name: "Bernard", status: "active"}, metadata: %{"causation_id" => "019d0d83-52f7-72c1-9919-520d2e6a1f7d", "correlation_id" => "019d0d83-52f7-72c1-9919-520d2e6a1f7d"}, created_at: ~U[2026-03-20 23:10:03.512643Z]}, %EventStore.RecordedEvent{event_number: 12228, event_id: "09c135f3-e6cb-49bc-81c3-586b4a99fd72", stream_uuid: "ba9ba3da-fea6-48d9-9922-befe7026f5cc", ...}, ...], ...}}, ...}}, ...}
23:10:04.206 [debug] Nexus.Identity.Projectors.UserRegistrationProjector is shutting down due to {%Postgrex.Error{message: nil, postgres: %{code: :undefined_column, line: "3721", message: "column i0.id does not exist", position: "8", file: "parse_relation.c", unknown: "ERROR", severity: "ERROR", pg_code: "42703", routine: "errorMissingColumn"}, connection_id: 3152, query: "SELECT i0.\"id\", i0.\"user_id\", i0.\"org_id\", i0.\"locale\", i0.\"timezone\", i0.\"notifications_enabled\", i0.\"created_at\", i0.\"updated_at\" FROM \"identity_user_settings\" AS i0 WHERE (i0.\"id\" = $1)"}, {GenServer, :call, [#PID<0.3079.0>, {:connect, #PID<0.3080.0>, [retry_interval: 60000, hibernate_after: 15000, partition_by: nil, concurrency_limit: 1, name: Nexus.EventStore, mapper: &Commanded.EventStore.Adapters.EventStore.Mapper.from_recorded_event/1, conn: Nexus.EventStore.Postgrex, event_store: Nexus.EventStore, query_timeout: 15000, schema: "event_store", serializer: Commanded.Serialization.JsonSerializer, stream_uuid: "$all", subscription_name: "Identity.Projectors.UserRegistrationProjector", start_from: 0]}, 5000]}}
23:10:04.206 [error] GenServer {Nexus.App.LocalRegistry, {Nexus.App, Commanded.Event.Handler, "Identity.Projectors.UserRegistrationProjector"}} terminating
** (stop) exited in: GenServer.call(#PID<0.3079.0>, {:connect, #PID<0.3080.0>, [retry_interval: 60000, hibernate_after: 15000, partition_by: nil, concurrency_limit: 1, name: Nexus.EventStore, mapper: &Commanded.EventStore.Adapters.EventStore.Mapper.from_recorded_event/1, conn: Nexus.EventStore.Postgrex, event_store: Nexus.EventStore, query_timeout: 15000, schema: "event_store", serializer: Commanded.Serialization.JsonSerializer, stream_uuid: "$all", subscription_name: "Identity.Projectors.UserRegistrationProjector", start_from: 0]}, 5000)
    ** (EXIT) %Postgrex.Error{message: nil, postgres: %{code: :undefined_column, line: "3721", message: "column i0.id does not exist", position: "8", file: "parse_relation.c", unknown: "ERROR", severity: "ERROR", pg_code: "42703", routine: "errorMissingColumn"}, connection_id: 3152, query: "SELECT i0.\"id\", i0.\"user_id\", i0.\"org_id\", i0.\"locale\", i0.\"timezone\", i0.\"notifications_enabled\", i0.\"created_at\", i0.\"updated_at\" FROM \"identity_user_settings\" AS i0 WHERE (i0.\"id\" = $1)"}
    (elixir 1.19.5) lib/gen_server.ex:1142: GenServer.call/3
    (commanded 1.4.9) lib/commanded/event_store.ex:289: anonymous fn/2 in Commanded.EventStore.span/3
    (telemetry 1.3.0) /Users/bernard/dev/nexus/deps/telemetry/src/telemetry.erl:324: :telemetry.span/3
    (commanded 1.4.9) lib/commanded/event_store/subscription.ex:58: Commanded.EventStore.Subscription.subscribe/2
    (commanded 1.4.9) lib/commanded/event/handler.ex:1024: Commanded.Event.Handler.subscribe_to_events/1
    (commanded 1.4.9) lib/commanded/event/handler.ex:887: Commanded.Event.Handler.handle_continue/2
    (stdlib 7.1) gen_server.erl:2424: :gen_server.try_handle_continue/3
    (stdlib 7.1) gen_server.erl:2291: :gen_server.loop/4
    (stdlib 7.1) proc_lib.erl:333: :proc_lib.init_p_do_apply/3
Last message: {:continue, :subscribe_to_events}
State: %Commanded.Event.Handler{application: Nexus.App, consistency: :strong, handler_callback: :event, handler_name: "Identity.Projectors.UserRegistrationProjector", handler_module: Nexus.Identity.Projectors.UserRegistrationProjector, handler_state: nil, last_seen_event: nil, subscription: %Commanded.EventStore.Subscription{application: Nexus.App, backoff: {:backoff, 1000, 60000, 1000, :jitter, :undefined, :undefined}, concurrency: 1, partition_by: nil, subscribe_to: :all, subscribe_from: :origin, subscription_name: "Identity.Projectors.UserRegistrationProjector", subscription_opts: [], subscription_pid: nil, subscription_ref: nil}, subscribe_timer: nil}
23:10:04.207 [debug] Subscription "Identity.Projectors.UserRegistrationProjector"@"$all" attempting to connect subscriber #PID<0.3081.0>
23:10:04.208 [debug] Subscription "Identity.Projectors.UserRegistrationProjector"@"$all" catching-up
23:10:04.208 [debug] Nexus.Identity.Projectors.UserRegistrationProjector has successfully subscribed to event store
23:10:04.221 [debug] Nexus.Identity.Projectors.UserRegistrationProjector received events: [%Commanded.EventStore.RecordedEvent{event_id: "282ec866-f518-44ed-95f6-7a535d6c3e25", event_number: 11262, stream_id: "019d0c26-0b00-74a0-bd6d-48329cf61a57", stream_version: 1, causation_id: "d64809a4-8402-4360-8536-99b7a0f860ca", correlation_id: "e0f4b4bb-483c-4914-aaaa-956d1587d67e", event_type: "Elixir.Nexus.Identity.Events.UserRegistered", data: %Nexus.Identity.Events.UserRegistered{user_id: "019d0c26-0b00-74a0-bd6d-48329cf61a57", org_id: "019d0c26-0b00-74a0-8884-24b7b734f296", email: "test@example.com", role: "system_admin", cose_key: "Ym9vdHN0cmFwX2Nvc2Vfa2V5", credential_id: "Ym9vdHN0cmFwX2NyZWRlbnRpYWxfaWQ=", registered_at: "2026-03-20T16:48:33.024173Z", display_name: "Test User", status: "active"}, created_at: ~U[2026-03-20 16:48:33.025211Z], metadata: %{"causation_id" => "019d0c26-0b00-71d0-a1d2-041f55e92cfc", "correlation_id" => "019d0c26-0b00-71d0-a1d2-041f55e92cfc"}}]
23:10:04.221 [debug] QUERY OK db=0.1ms
begin []
23:10:04.222 [debug] QUERY OK source="projection_versions" db=0.1ms
INSERT INTO "projection_versions" AS p0 ("projection_name","last_seen_event_number","inserted_at","updated_at") VALUES ($1,$2,$3,$4) ON CONFLICT ("projection_name") DO UPDATE SET "last_seen_event_number" = $5 WHERE ((p0."projection_name" = $6) AND (p0."last_seen_event_number" < $7)) ["Identity.Projectors.UserRegistrationProjector", 11262, ~N[2026-03-20 23:10:04.221945], ~N[2026-03-20 23:10:04.221945], 11262, "Identity.Projectors.UserRegistrationProjector", 11262]
23:10:04.222 [debug] QUERY OK source="users" db=0.0ms
SELECT u0."id", u0."org_id", u0."email", u0."display_name", u0."status", u0."cose_key", u0."credential_id", u0."roles", u0."created_at", u0."updated_at" FROM "users" AS u0 WHERE (u0."id" = $1) ["019d0c26-0b00-74a0-bd6d-48329cf61a57"]
23:10:04.222 [debug] QUERY OK source="users" db=0.0ms
SELECT u0."id", u0."org_id", u0."email", u0."display_name", u0."status", u0."cose_key", u0."credential_id", u0."roles", u0."created_at", u0."updated_at" FROM "users" AS u0 WHERE (u0."email" = $1) ["test@example.com"]
23:10:04.222 [debug] QUERY OK source="users" db=0.1ms
INSERT INTO "users" ("id","status","org_id","email","display_name","roles","cose_key","credential_id","created_at","updated_at") VALUES ($1,$2,$3,$4,$5,$6,$7,$8,$9,$10) ["019d0c26-0b00-74a0-bd6d-48329cf61a57", "active", "019d0c26-0b00-74a0-8884-24b7b734f296", "test@example.com", "Test User", ["system_admin"], "bootstrap_cose_key", "bootstrap_credential_id", ~U[2026-03-20 23:10:04.222462Z], ~U[2026-03-20 23:10:04.222462Z]]
23:10:04.222 [debug] QUERY ERROR source="identity_user_settings" db=0.0ms
SELECT i0."id", i0."user_id", i0."org_id", i0."locale", i0."timezone", i0."notifications_enabled", i0."created_at", i0."updated_at" FROM "identity_user_settings" AS i0 WHERE (i0."id" = $1) ["019d0c26-0b00-74a0-bd6d-48329cf61a57"]
23:10:04.222 [debug] QUERY OK db=0.0ms
rollback []
23:10:04.224 [error] Nexus.Identity.Projectors.UserRegistrationProjector failed to handle event:
%Commanded.EventStore.RecordedEvent{
  event_id: "282ec866-f518-44ed-95f6-7a535d6c3e25",
  event_number: 11262,
  stream_id: "019d0c26-0b00-74a0-bd6d-48329cf61a57",
  stream_version: 1,
  causation_id: "d64809a4-8402-4360-8536-99b7a0f860ca",
  correlation_id: "e0f4b4bb-483c-4914-aaaa-956d1587d67e",
  event_type: "Elixir.Nexus.Identity.Events.UserRegistered",
  data: %Nexus.Identity.Events.UserRegistered{
    user_id: "019d0c26-0b00-74a0-bd6d-48329cf61a57",
    org_id: "019d0c26-0b00-74a0-8884-24b7b734f296",
    email: "test@example.com",
    role: "system_admin",
    cose_key: "Ym9vdHN0cmFwX2Nvc2Vfa2V5",
    credential_id: "Ym9vdHN0cmFwX2NyZWRlbnRpYWxfaWQ=",
    registered_at: "2026-03-20T16:48:33.024173Z",
    display_name: "Test User",
    status: "active"
  },
  created_at: ~U[2026-03-20 16:48:33.025211Z],
  metadata: %{
    "causation_id" => "019d0c26-0b00-71d0-a1d2-041f55e92cfc",
    "correlation_id" => "019d0c26-0b00-71d0-a1d2-041f55e92cfc"
  }
}, due to:
** (Postgrex.Error) ERROR 42703 (undefined_column) column i0.id does not exist

    query: SELECT i0."id", i0."user_id", i0."org_id", i0."locale", i0."timezone", i0."notifications_enabled", i0."created_at", i0."updated_at" FROM "identity_user_settings" AS i0 WHERE (i0."id" = $1)
    (ecto_sql 3.13.4) lib/ecto/adapters/sql.ex:1113: Ecto.Adapters.SQL.raise_sql_call_error/1
    (ecto_sql 3.13.4) lib/ecto/adapters/sql.ex:1011: Ecto.Adapters.SQL.execute/6
    (ecto 3.13.5) lib/ecto/repo/queryable.ex:241: Ecto.Repo.Queryable.execute/4
    (ecto 3.13.5) lib/ecto/repo/queryable.ex:19: Ecto.Repo.Queryable.all/3
    (ecto 3.13.5) lib/ecto/repo/queryable.ex:163: Ecto.Repo.Queryable.one/3
    (nexus 0.1.0) lib/nexus/identity/projectors/user_registration_projector.ex:53: anonymous fn/3 in Nexus.Identity.Projectors.UserRegistrationProjector.project_registration/3
    (ecto 3.13.5) lib/ecto/multi.ex:905: Ecto.Multi.apply_operation/5
    (elixir 1.19.5) lib/enum.ex:2520: Enum."-reduce/3-lists^foldl/2-0-"/3
    (ecto 3.13.5) lib/ecto/multi.ex:878: anonymous fn/5 in Ecto.Multi.apply_operations/5
    (ecto_sql 3.13.4) lib/ecto/adapters/sql.ex:1473: anonymous fn/3 in Ecto.Adapters.SQL.checkout_or_transaction/4
    (db_connection 2.9.0) lib/db_connection.ex:1747: DBConnection.run_transaction/4
    (ecto 3.13.5) lib/ecto/repo/transaction.ex:30: Ecto.Repo.Transaction.transact/4
    (nexus 0.1.0) deps/commanded_ecto_projections/lib/projections/ecto.ex:97: Nexus.Identity.Projectors.UserRegistrationProjector.update_projection/3
    (commanded 1.4.9) lib/commanded/event/handler.ex:1221: Commanded.Event.Handler.delegate_event_to_handler/2
    (commanded 1.4.9) lib/commanded/event/handler.ex:1062: Commanded.Event.Handler.handle_event/3
    (elixir 1.19.5) lib/enum.ex:2520: Enum."-reduce/3-lists^foldl/2-0-"/3
    (commanded 1.4.9) lib/commanded/event/handler.ex:969: Commanded.Event.Handler.handle_info/2
    (stdlib 7.1) gen_server.erl:2434: :gen_server.try_handle_info/3
    (stdlib 7.1) gen_server.erl:2420: :gen_server.handle_msg/3
    (stdlib 7.1) proc_lib.erl:333: :proc_lib.init_p_do_apply/3

23:10:04.224 [warning] Nexus.Identity.Projectors.UserRegistrationProjector has requested to stop: %Postgrex.Error{message: nil, postgres: %{code: :undefined_column, line: "3721", message: "column i0.id does not exist", position: "8", file: "parse_relation.c", unknown: "ERROR", severity: "ERROR", pg_code: "42703", routine: "errorMissingColumn"}, connection_id: 3152, query: "SELECT i0.\"id\", i0.\"user_id\", i0.\"org_id\", i0.\"locale\", i0.\"timezone\", i0.\"notifications_enabled\", i0.\"created_at\", i0.\"updated_at\" FROM \"identity_user_settings\" AS i0 WHERE (i0.\"id\" = $1)"}
23:10:04.224 [debug] Nexus.Identity.Projectors.UserRegistrationProjector is shutting down due to %Postgrex.Error{message: nil, postgres: %{code: :undefined_column, line: "3721", message: "column i0.id does not exist", position: "8", file: "parse_relation.c", unknown: "ERROR", severity: "ERROR", pg_code: "42703", routine: "errorMissingColumn"}, connection_id: 3152, query: "SELECT i0.\"id\", i0.\"user_id\", i0.\"org_id\", i0.\"locale\", i0.\"timezone\", i0.\"notifications_enabled\", i0.\"created_at\", i0.\"updated_at\" FROM \"identity_user_settings\" AS i0 WHERE (i0.\"id\" = $1)"}
23:10:04.224 [error] GenServer {Nexus.App.LocalRegistry, {Nexus.App, Commanded.Event.Handler, "Identity.Projectors.UserRegistrationProjector"}} terminating
** (stop) %Postgrex.Error{message: nil, postgres: %{code: :undefined_column, line: "3721", message: "column i0.id does not exist", position: "8", file: "parse_relation.c", unknown: "ERROR", severity: "ERROR", pg_code: "42703", routine: "errorMissingColumn"}, connection_id: 3152, query: "SELECT i0.\"id\", i0.\"user_id\", i0.\"org_id\", i0.\"locale\", i0.\"timezone\", i0.\"notifications_enabled\", i0.\"created_at\", i0.\"updated_at\" FROM \"identity_user_settings\" AS i0 WHERE (i0.\"id\" = $1)"}
Last message: {:events, [%Commanded.EventStore.RecordedEvent{event_id: "282ec866-f518-44ed-95f6-7a535d6c3e25", event_number: 11262, stream_id: "019d0c26-0b00-74a0-bd6d-48329cf61a57", stream_version: 1, causation_id: "d64809a4-8402-4360-8536-99b7a0f860ca", correlation_id: "e0f4b4bb-483c-4914-aaaa-956d1587d67e", event_type: "Elixir.Nexus.Identity.Events.UserRegistered", data: %Nexus.Identity.Events.UserRegistered{user_id: "019d0c26-0b00-74a0-bd6d-48329cf61a57", org_id: "019d0c26-0b00-74a0-8884-24b7b734f296", email: "test@example.com", role: "system_admin", cose_key: "Ym9vdHN0cmFwX2Nvc2Vfa2V5", credential_id: "Ym9vdHN0cmFwX2NyZWRlbnRpYWxfaWQ=", registered_at: "2026-03-20T16:48:33.024173Z", display_name: "Test User", status: "active"}, created_at: ~U[2026-03-20 16:48:33.025211Z], metadata: %{"causation_id" => "019d0c26-0b00-71d0-a1d2-041f55e92cfc", "correlation_id" => "019d0c26-0b00-71d0-a1d2-041f55e92cfc"}}]}
State: %Commanded.Event.Handler{application: Nexus.App, consistency: :strong, handler_callback: :event, handler_name: "Identity.Projectors.UserRegistrationProjector", handler_module: Nexus.Identity.Projectors.UserRegistrationProjector, handler_state: nil, last_seen_event: nil, subscription: %Commanded.EventStore.Subscription{application: Nexus.App, backoff: {:backoff, 1000, 60000, 1000, :jitter, :undefined, :undefined}, concurrency: 1, partition_by: nil, subscribe_to: :all, subscribe_from: :origin, subscription_name: "Identity.Projectors.UserRegistrationProjector", subscription_opts: [], subscription_pid: #PID<0.3082.0>, subscription_ref: #Reference<0.504251661.3394502657.233810>}, subscribe_timer: nil}
23:10:04.224 [debug] Subscription "Identity.Projectors.UserRegistrationProjector"@"$all" subscriber #PID<0.3081.0> down due to: %Postgrex.Error{message: nil, postgres: %{code: :undefined_column, line: "3721", message: "column i0.id does not exist", position: "8", file: "parse_relation.c", unknown: "ERROR", severity: "ERROR", pg_code: "42703", routine: "errorMissingColumn"}, connection_id: 3152, query: "SELECT i0.\"id\", i0.\"user_id\", i0.\"org_id\", i0.\"locale\", i0.\"timezone\", i0.\"notifications_enabled\", i0.\"created_at\", i0.\"updated_at\" FROM \"identity_user_settings\" AS i0 WHERE (i0.\"id\" = $1)"}
23:10:04.224 [debug] Subscription "Identity.Projectors.UserRegistrationProjector"@"$all" has no subscribers, shutting down
23:10:04.224 [error] GenServer {Nexus.EventStore.EventStore.Subscriptions.Registry, {"$all", "Identity.Projectors.UserRegistrationProjector"}} terminating
** (stop) %Postgrex.Error{message: nil, postgres: %{code: :undefined_column, line: "3721", message: "column i0.id does not exist", position: "8", file: "parse_relation.c", unknown: "ERROR", severity: "ERROR", pg_code: "42703", routine: "errorMissingColumn"}, connection_id: 3152, query: "SELECT i0.\"id\", i0.\"user_id\", i0.\"org_id\", i0.\"locale\", i0.\"timezone\", i0.\"notifications_enabled\", i0.\"created_at\", i0.\"updated_at\" FROM \"identity_user_settings\" AS i0 WHERE (i0.\"id\" = $1)"}
Last message: {:DOWN, #Reference<0.504251661.3394502658.82610>, :process, #PID<0.3081.0>, %Postgrex.Error{message: nil, postgres: %{code: :undefined_column, line: "3721", message: "column i0.id does not exist", position: "8", file: "parse_relation.c", unknown: "ERROR", severity: "ERROR", pg_code: "42703", routine: "errorMissingColumn"}, connection_id: 3152, query: "SELECT i0.\"id\", i0.\"user_id\", i0.\"org_id\", i0.\"locale\", i0.\"timezone\", i0.\"notifications_enabled\", i0.\"created_at\", i0.\"updated_at\" FROM \"identity_user_settings\" AS i0 WHERE (i0.\"id\" = $1)"}}
State: %EventStore.Subscriptions.Subscription{stream_uuid: "$all", subscription_name: "Identity.Projectors.UserRegistrationProjector", subscription: %EventStore.Subscriptions.SubscriptionFsm{state: :unsubscribed, data: %EventStore.Subscriptions.SubscriptionState{conn: Nexus.EventStore.Postgrex, event_store: Nexus.EventStore, serializer: Commanded.Serialization.JsonSerializer, schema: "event_store", stream_uuid: "$all", start_from: 0, subscription_name: "Identity.Projectors.UserRegistrationProjector", subscription_id: 405, selector: nil, mapper: &Commanded.EventStore.Adapters.EventStore.Mapper.from_recorded_event/1, max_size: 1000, partition_by: nil, query_timeout: 15000, lock_ref: #Reference<0.504251661.3394502658.82617>, last_received: 12231, last_sent: 11262, last_ack: 11261, queue_size: 970, buffer_size: 1, checkpoint_after: 0, checkpoint_threshold: 1, checkpoint_timer_ref: nil, checkpoints_pending: 0, subscribers: %{}, partitions: %{nil: {[%EventStore.RecordedEvent{event_number: 12231, event_id: "b58748f2-cd92-4a46-911f-0bab7e16bcce", stream_uuid: "631ffb8b-126b-40c3-8203-4988912dccac", stream_version: 1, correlation_id: "e6b4b1b3-a306-4e46-a407-4ee295b2567e", causation_id: "6c36c5b1-b472-491a-93d4-d21335dab8e5", event_type: "Elixir.Nexus.Identity.Events.UserRegistered", data: %Nexus.Identity.Events.UserRegistered{user_id: "631ffb8b-126b-40c3-8203-4988912dccac", org_id: "e205ad5a-5aff-40fd-9840-2f1860363ab1", email: "bernard-92b69317-ceac-4570-a4dc-e181657c44c8@nexus.financial", role: "admin", cose_key: "bW9jaw==", credential_id: "bW9jaw==", registered_at: "2026-03-20T23:10:04.023004Z", display_name: "Bernard", status: "active"}, metadata: %{"causation_id" => "019d0d83-54f7-7795-b212-00ae72ff09d4", "correlation_id" => "019d0d83-54f7-7795-b212-00ae72ff09d4"}, created_at: ~U[2026-03-20 23:10:04.024222Z]}, %EventStore.RecordedEvent{event_number: 12230, event_id: "18516aae-860c-4533-8cef-1f1cc9898a6b", stream_uuid: "0a2320b8-ea62-4944-91fc-b1a081d94b4f", stream_version: 2, correlation_id: "3439d5db-8df0-40d7-b3f9-7c79af370711", causation_id: "c46ea7f8-115b-44b2-b9fb-5238f503624f", event_type: "Elixir.Nexus.Identity.Events.SessionStarted", data: %Nexus.Identity.Events.SessionStarted{org_id: "cb85a832-0e01-453c-9c74-126aa4f990be", user_id: "0a2320b8-ea62-4944-91fc-b1a081d94b4f", session_id: "8604ab1b-1c1d-4dc9-a88d-88e80166047a", session_token: "mock-token", user_agent: "Mozilla/5.0 (Macintosh; Intel Mac OS X 10_15_7)", ip_address: "127.0.0.1", started_at: "2026-03-20T23:10:03.714460Z"}, metadata: %{"causation_id" => "019d0d83-53c2-7918-aa39-3fa0df65a469", "correlation_id" => "019d0d83-53c2-7918-aa39-3fa0df65a469"}, created_at: ~U[2026-03-20 23:10:03.715069Z]}, %EventStore.RecordedEvent{event_number: 12229, event_id: "88438d34-4046-4a41-b85b-67d256cca5e5", stream_uuid: "0a2320b8-ea62-4944-91fc-b1a081d94b4f", stream_version: 1, correlation_id: "a64c1aaf-4c8a-4a0a-8e73-1cb004416bc9", causation_id: "b063d188-4c5e-4283-bf48-e09a975f8b85", event_type: "Elixir.Nexus.Identity.Events.UserRegistered", data: %Nexus.Identity.Events.UserRegistered{user_id: "0a2320b8-ea62-4944-91fc-b1a081d94b4f", org_id: "cb85a832-0e01-453c-9c74-126aa4f990be", email: "bernard-e0cbc1d2-dd91-4387-8fed-b05c8f3523b8@nexus.financial", role: "admin", cose_key: "bW9jaw==", credential_id: "bW9jaw==", registered_at: "2026-03-20T23:10:03.511487Z", display_name: "Bernard", status: "active"}, metadata: %{"causation_id" => "019d0d83-52f7-72c1-9919-520d2e6a1f7d", "correlation_id" => "019d0d83-52f7-72c1-9919-520d2e6a1f7d"}, created_at: ~U[2026-03-20 23:10:03.512643Z]}, %EventStore.RecordedEvent{event_number: 12228, event_id: "09c135f3-e6cb-49bc-81c3-586b4a99fd72", stream_uuid: "ba9ba3da-fea6-48d9-9922-befe7026f5cc", ...}, ...], ...}}, ...}}, ...}
23:10:04.224 [debug] Nexus.Identity.Projectors.UserRegistrationProjector is shutting down due to {%Postgrex.Error{message: nil, postgres: %{code: :undefined_column, line: "3721", message: "column i0.id does not exist", position: "8", file: "parse_relation.c", unknown: "ERROR", severity: "ERROR", pg_code: "42703", routine: "errorMissingColumn"}, connection_id: 3152, query: "SELECT i0.\"id\", i0.\"user_id\", i0.\"org_id\", i0.\"locale\", i0.\"timezone\", i0.\"notifications_enabled\", i0.\"created_at\", i0.\"updated_at\" FROM \"identity_user_settings\" AS i0 WHERE (i0.\"id\" = $1)"}, {GenServer, :call, [#PID<0.3082.0>, {:connect, #PID<0.3083.0>, [retry_interval: 60000, hibernate_after: 15000, partition_by: nil, concurrency_limit: 1, name: Nexus.EventStore, mapper: &Commanded.EventStore.Adapters.EventStore.Mapper.from_recorded_event/1, conn: Nexus.EventStore.Postgrex, event_store: Nexus.EventStore, query_timeout: 15000, schema: "event_store", serializer: Commanded.Serialization.JsonSerializer, stream_uuid: "$all", subscription_name: "Identity.Projectors.UserRegistrationProjector", start_from: 0]}, 5000]}}
23:10:04.224 [error] GenServer {Nexus.App.LocalRegistry, {Nexus.App, Commanded.Event.Handler, "Identity.Projectors.UserRegistrationProjector"}} terminating
** (stop) exited in: GenServer.call(#PID<0.3082.0>, {:connect, #PID<0.3083.0>, [retry_interval: 60000, hibernate_after: 15000, partition_by: nil, concurrency_limit: 1, name: Nexus.EventStore, mapper: &Commanded.EventStore.Adapters.EventStore.Mapper.from_recorded_event/1, conn: Nexus.EventStore.Postgrex, event_store: Nexus.EventStore, query_timeout: 15000, schema: "event_store", serializer: Commanded.Serialization.JsonSerializer, stream_uuid: "$all", subscription_name: "Identity.Projectors.UserRegistrationProjector", start_from: 0]}, 5000)
    ** (EXIT) %Postgrex.Error{message: nil, postgres: %{code: :undefined_column, line: "3721", message: "column i0.id does not exist", position: "8", file: "parse_relation.c", unknown: "ERROR", severity: "ERROR", pg_code: "42703", routine: "errorMissingColumn"}, connection_id: 3152, query: "SELECT i0.\"id\", i0.\"user_id\", i0.\"org_id\", i0.\"locale\", i0.\"timezone\", i0.\"notifications_enabled\", i0.\"created_at\", i0.\"updated_at\" FROM \"identity_user_settings\" AS i0 WHERE (i0.\"id\" = $1)"}
    (elixir 1.19.5) lib/gen_server.ex:1142: GenServer.call/3
    (commanded 1.4.9) lib/commanded/event_store.ex:289: anonymous fn/2 in Commanded.EventStore.span/3
    (telemetry 1.3.0) /Users/bernard/dev/nexus/deps/telemetry/src/telemetry.erl:324: :telemetry.span/3
    (commanded 1.4.9) lib/commanded/event_store/subscription.ex:58: Commanded.EventStore.Subscription.subscribe/2
    (commanded 1.4.9) lib/commanded/event/handler.ex:1024: Commanded.Event.Handler.subscribe_to_events/1
    (commanded 1.4.9) lib/commanded/event/handler.ex:887: Commanded.Event.Handler.handle_continue/2
    (stdlib 7.1) gen_server.erl:2424: :gen_server.try_handle_continue/3
    (stdlib 7.1) gen_server.erl:2291: :gen_server.loop/4
    (stdlib 7.1) proc_lib.erl:333: :proc_lib.init_p_do_apply/3
Last message: {:continue, :subscribe_to_events}
State: %Commanded.Event.Handler{application: Nexus.App, consistency: :strong, handler_callback: :event, handler_name: "Identity.Projectors.UserRegistrationProjector", handler_module: Nexus.Identity.Projectors.UserRegistrationProjector, handler_state: nil, last_seen_event: nil, subscription: %Commanded.EventStore.Subscription{application: Nexus.App, backoff: {:backoff, 1000, 60000, 1000, :jitter, :undefined, :undefined}, concurrency: 1, partition_by: nil, subscribe_to: :all, subscribe_from: :origin, subscription_name: "Identity.Projectors.UserRegistrationProjector", subscription_opts: [], subscription_pid: nil, subscription_ref: nil}, subscribe_timer: nil}
23:10:04.225 [debug] Subscription "Identity.Projectors.UserRegistrationProjector"@"$all" attempting to connect subscriber #PID<0.3084.0>
23:10:04.226 [debug] Subscription "Identity.Projectors.UserRegistrationProjector"@"$all" catching-up
23:10:04.226 [debug] Nexus.Identity.Projectors.UserRegistrationProjector has successfully subscribed to event store
23:10:04.226 [info] 		[36mGiven [32mI am a registered user "Bernard"
23:10:04.226 [debug] Locating aggregate process for `Nexus.Identity.Aggregates.User` with UUID "631ffb8b-126b-40c3-8203-4988912dccac"
23:10:04.226 [debug] Nexus.Identity.Aggregates.User<631ffb8b-126b-40c3-8203-4988912dccac@1> executing command: %Nexus.Identity.Commands.StartSession{org_id: "e205ad5a-5aff-40fd-9840-2f1860363ab1", user_id: "631ffb8b-126b-40c3-8203-4988912dccac", session_id: "164564ba-390e-4fbd-b7fa-07def19cf535", session_token: "mock-token", user_agent: "Mozilla/5.0 (Macintosh; Intel Mac OS X 10_15_7)", ip_address: "127.0.0.1", started_at: ~U[2026-03-20 23:10:04.226401Z]}
23:10:04.228 [debug] Listener received notification on channel "event_store.events" with payload: "631ffb8b-126b-40c3-8203-4988912dccac,8638,2,2"
23:10:04.228 [debug] Listener received notification on channel "event_store.events" with payload: "$all,0,12232,12232"
23:10:04.229 [debug] Appended 1 event(s) to stream "631ffb8b-126b-40c3-8203-4988912dccac"
23:10:04.230 [debug] Nexus.Identity.Aggregates.User<631ffb8b-126b-40c3-8203-4988912dccac@2> received events: [%Commanded.EventStore.RecordedEvent{event_id: "84d7f523-80de-4910-9695-01390279d304", event_number: 2, stream_id: "631ffb8b-126b-40c3-8203-4988912dccac", stream_version: 2, causation_id: "580058c8-e004-40a4-b45d-9e8ab0fd9664", correlation_id: "ca3083d5-c8ab-4f2c-95cc-e9398e31863f", event_type: "Elixir.Nexus.Identity.Events.SessionStarted", data: %Nexus.Identity.Events.SessionStarted{org_id: "e205ad5a-5aff-40fd-9840-2f1860363ab1", user_id: "631ffb8b-126b-40c3-8203-4988912dccac", session_id: "164564ba-390e-4fbd-b7fa-07def19cf535", session_token: "mock-token", user_agent: "Mozilla/5.0 (Macintosh; Intel Mac OS X 10_15_7)", ip_address: "127.0.0.1", started_at: "2026-03-20T23:10:04.226401Z"}, created_at: ~U[2026-03-20 23:10:04.226883Z], metadata: %{"causation_id" => "019d0d83-55c2-7fbb-8cfd-66cf24561fd5", "correlation_id" => "019d0d83-55c2-7fbb-8cfd-66cf24561fd5"}}]
23:10:04.231 [debug] Subscription "Identity.Projectors.UserProjector"@"$all" received 1 event(s)
23:10:04.231 [debug] Subscription "Identity.Projectors.UserProjector"@"$all" is enqueueing 1 event(s)
23:10:04.231 [debug] Nexus.Identity.Projectors.UserProjector received events: [%Commanded.EventStore.RecordedEvent{event_id: "84d7f523-80de-4910-9695-01390279d304", event_number: 12232, stream_id: "631ffb8b-126b-40c3-8203-4988912dccac", stream_version: 2, causation_id: "580058c8-e004-40a4-b45d-9e8ab0fd9664", correlation_id: "ca3083d5-c8ab-4f2c-95cc-e9398e31863f", event_type: "Elixir.Nexus.Identity.Events.SessionStarted", data: %Nexus.Identity.Events.SessionStarted{org_id: "e205ad5a-5aff-40fd-9840-2f1860363ab1", user_id: "631ffb8b-126b-40c3-8203-4988912dccac", session_id: "164564ba-390e-4fbd-b7fa-07def19cf535", session_token: "mock-token", user_agent: "Mozilla/5.0 (Macintosh; Intel Mac OS X 10_15_7)", ip_address: "127.0.0.1", started_at: "2026-03-20T23:10:04.226401Z"}, created_at: ~U[2026-03-20 23:10:04.226883Z], metadata: %{"causation_id" => "019d0d83-55c2-7fbb-8cfd-66cf24561fd5", "correlation_id" => "019d0d83-55c2-7fbb-8cfd-66cf24561fd5"}}]
23:10:04.231 [debug] QUERY OK db=0.2ms
begin []
23:10:04.231 [debug] QUERY OK source="projection_versions" db=0.2ms
INSERT INTO "projection_versions" AS p0 ("projection_name","last_seen_event_number","inserted_at","updated_at") VALUES ($1,$2,$3,$4) ON CONFLICT ("projection_name") DO UPDATE SET "last_seen_event_number" = $5 WHERE ((p0."projection_name" = $6) AND (p0."last_seen_event_number" < $7)) ["Identity.Projectors.UserProjector", 12232, ~N[2026-03-20 23:10:04.231597], ~N[2026-03-20 23:10:04.231597], 12232, "Identity.Projectors.UserProjector", 12232]
23:10:04.232 [debug] QUERY OK source="identity_user_sessions" db=0.4ms
INSERT INTO "identity_user_sessions" ("id","user_id","user_agent","org_id","session_token","ip_address","is_expired","last_active_at","created_at","updated_at") VALUES ($1,$2,$3,$4,$5,$6,$7,$8,$9,$10) ["164564ba-390e-4fbd-b7fa-07def19cf535", "631ffb8b-126b-40c3-8203-4988912dccac", "Mozilla/5.0 (Macintosh; Intel Mac OS X 10_15_7)", "e205ad5a-5aff-40fd-9840-2f1860363ab1", "mock-token", "127.0.0.1", false, ~U[2026-03-20 23:10:04.226401Z], ~U[2026-03-20 23:10:04.231905Z], ~U[2026-03-20 23:10:04.231905Z]]
23:10:04.232 [debug] QUERY OK db=0.1ms
commit []
23:10:04.232 [debug] Nexus.Identity.Projectors.UserProjector confirming receipt of event #12232 of events: [%Commanded.EventStore.RecordedEvent{event_id: "84d7f523-80de-4910-9695-01390279d304", event_number: 12232, stream_id: "631ffb8b-126b-40c3-8203-4988912dccac", stream_version: 2, causation_id: "580058c8-e004-40a4-b45d-9e8ab0fd9664", correlation_id: "ca3083d5-c8ab-4f2c-95cc-e9398e31863f", event_type: "Elixir.Nexus.Identity.Events.SessionStarted", data: %Nexus.Identity.Events.SessionStarted{org_id: "e205ad5a-5aff-40fd-9840-2f1860363ab1", user_id: "631ffb8b-126b-40c3-8203-4988912dccac", session_id: "164564ba-390e-4fbd-b7fa-07def19cf535", session_token: "mock-token", user_agent: "Mozilla/5.0 (Macintosh; Intel Mac OS X 10_15_7)", ip_address: "127.0.0.1", started_at: "2026-03-20T23:10:04.226401Z"}, created_at: ~U[2026-03-20 23:10:04.226883Z], metadata: %{"causation_id" => "019d0d83-55c2-7fbb-8cfd-66cf24561fd5", "correlation_id" => "019d0d83-55c2-7fbb-8cfd-66cf24561fd5"}}]
23:10:04.241 [debug] Subscription "Identity.Projectors.UserRegistrationProjector"@"$all" received 1 event(s)
23:10:04.241 [debug] Nexus.Identity.Projectors.UserRegistrationProjector received events: [%Commanded.EventStore.RecordedEvent{event_id: "282ec866-f518-44ed-95f6-7a535d6c3e25", event_number: 11262, stream_id: "019d0c26-0b00-74a0-bd6d-48329cf61a57", stream_version: 1, causation_id: "d64809a4-8402-4360-8536-99b7a0f860ca", correlation_id: "e0f4b4bb-483c-4914-aaaa-956d1587d67e", event_type: "Elixir.Nexus.Identity.Events.UserRegistered", data: %Nexus.Identity.Events.UserRegistered{user_id: "019d0c26-0b00-74a0-bd6d-48329cf61a57", org_id: "019d0c26-0b00-74a0-8884-24b7b734f296", email: "test@example.com", role: "system_admin", cose_key: "Ym9vdHN0cmFwX2Nvc2Vfa2V5", credential_id: "Ym9vdHN0cmFwX2NyZWRlbnRpYWxfaWQ=", registered_at: "2026-03-20T16:48:33.024173Z", display_name: "Test User", status: "active"}, created_at: ~U[2026-03-20 16:48:33.025211Z], metadata: %{"causation_id" => "019d0c26-0b00-71d0-a1d2-041f55e92cfc", "correlation_id" => "019d0c26-0b00-71d0-a1d2-041f55e92cfc"}}]
23:10:04.241 [debug] QUERY OK db=0.1ms
begin []
23:10:04.241 [debug] QUERY OK source="projection_versions" db=0.1ms
INSERT INTO "projection_versions" AS p0 ("projection_name","last_seen_event_number","inserted_at","updated_at") VALUES ($1,$2,$3,$4) ON CONFLICT ("projection_name") DO UPDATE SET "last_seen_event_number" = $5 WHERE ((p0."projection_name" = $6) AND (p0."last_seen_event_number" < $7)) ["Identity.Projectors.UserRegistrationProjector", 11262, ~N[2026-03-20 23:10:04.241512], ~N[2026-03-20 23:10:04.241512], 11262, "Identity.Projectors.UserRegistrationProjector", 11262]
23:10:04.241 [debug] QUERY OK source="users" db=0.0ms
SELECT u0."id", u0."org_id", u0."email", u0."display_name", u0."status", u0."cose_key", u0."credential_id", u0."roles", u0."created_at", u0."updated_at" FROM "users" AS u0 WHERE (u0."id" = $1) ["019d0c26-0b00-74a0-bd6d-48329cf61a57"]
23:10:04.242 [debug] QUERY OK source="users" db=0.1ms
SELECT u0."id", u0."org_id", u0."email", u0."display_name", u0."status", u0."cose_key", u0."credential_id", u0."roles", u0."created_at", u0."updated_at" FROM "users" AS u0 WHERE (u0."email" = $1) ["test@example.com"]
23:10:04.242 [debug] QUERY OK source="users" db=0.1ms
INSERT INTO "users" ("id","status","org_id","email","display_name","roles","cose_key","credential_id","created_at","updated_at") VALUES ($1,$2,$3,$4,$5,$6,$7,$8,$9,$10) ["019d0c26-0b00-74a0-bd6d-48329cf61a57", "active", "019d0c26-0b00-74a0-8884-24b7b734f296", "test@example.com", "Test User", ["system_admin"], "bootstrap_cose_key", "bootstrap_credential_id", ~U[2026-03-20 23:10:04.242092Z], ~U[2026-03-20 23:10:04.242092Z]]
23:10:04.242 [debug] QUERY ERROR source="identity_user_settings" db=0.0ms
SELECT i0."id", i0."user_id", i0."org_id", i0."locale", i0."timezone", i0."notifications_enabled", i0."created_at", i0."updated_at" FROM "identity_user_settings" AS i0 WHERE (i0."id" = $1) ["019d0c26-0b00-74a0-bd6d-48329cf61a57"]
23:10:04.242 [debug] QUERY OK db=0.1ms
rollback []
23:10:04.243 [error] Nexus.Identity.Projectors.UserRegistrationProjector failed to handle event:
%Commanded.EventStore.RecordedEvent{
  event_id: "282ec866-f518-44ed-95f6-7a535d6c3e25",
  event_number: 11262,
  stream_id: "019d0c26-0b00-74a0-bd6d-48329cf61a57",
  stream_version: 1,
  causation_id: "d64809a4-8402-4360-8536-99b7a0f860ca",
  correlation_id: "e0f4b4bb-483c-4914-aaaa-956d1587d67e",
  event_type: "Elixir.Nexus.Identity.Events.UserRegistered",
  data: %Nexus.Identity.Events.UserRegistered{
    user_id: "019d0c26-0b00-74a0-bd6d-48329cf61a57",
    org_id: "019d0c26-0b00-74a0-8884-24b7b734f296",
    email: "test@example.com",
    role: "system_admin",
    cose_key: "Ym9vdHN0cmFwX2Nvc2Vfa2V5",
    credential_id: "Ym9vdHN0cmFwX2NyZWRlbnRpYWxfaWQ=",
    registered_at: "2026-03-20T16:48:33.024173Z",
    display_name: "Test User",
    status: "active"
  },
  created_at: ~U[2026-03-20 16:48:33.025211Z],
  metadata: %{
    "causation_id" => "019d0c26-0b00-71d0-a1d2-041f55e92cfc",
    "correlation_id" => "019d0c26-0b00-71d0-a1d2-041f55e92cfc"
  }
}, due to:
** (Postgrex.Error) ERROR 42703 (undefined_column) column i0.id does not exist

    query: SELECT i0."id", i0."user_id", i0."org_id", i0."locale", i0."timezone", i0."notifications_enabled", i0."created_at", i0."updated_at" FROM "identity_user_settings" AS i0 WHERE (i0."id" = $1)
    (ecto_sql 3.13.4) lib/ecto/adapters/sql.ex:1113: Ecto.Adapters.SQL.raise_sql_call_error/1
    (ecto_sql 3.13.4) lib/ecto/adapters/sql.ex:1011: Ecto.Adapters.SQL.execute/6
    (ecto 3.13.5) lib/ecto/repo/queryable.ex:241: Ecto.Repo.Queryable.execute/4
    (ecto 3.13.5) lib/ecto/repo/queryable.ex:19: Ecto.Repo.Queryable.all/3
    (ecto 3.13.5) lib/ecto/repo/queryable.ex:163: Ecto.Repo.Queryable.one/3
    (nexus 0.1.0) lib/nexus/identity/projectors/user_registration_projector.ex:53: anonymous fn/3 in Nexus.Identity.Projectors.UserRegistrationProjector.project_registration/3
    (ecto 3.13.5) lib/ecto/multi.ex:905: Ecto.Multi.apply_operation/5
    (elixir 1.19.5) lib/enum.ex:2520: Enum."-reduce/3-lists^foldl/2-0-"/3
    (ecto 3.13.5) lib/ecto/multi.ex:878: anonymous fn/5 in Ecto.Multi.apply_operations/5
    (ecto_sql 3.13.4) lib/ecto/adapters/sql.ex:1473: anonymous fn/3 in Ecto.Adapters.SQL.checkout_or_transaction/4
    (db_connection 2.9.0) lib/db_connection.ex:1747: DBConnection.run_transaction/4
    (ecto 3.13.5) lib/ecto/repo/transaction.ex:30: Ecto.Repo.Transaction.transact/4
    (nexus 0.1.0) deps/commanded_ecto_projections/lib/projections/ecto.ex:97: Nexus.Identity.Projectors.UserRegistrationProjector.update_projection/3
    (commanded 1.4.9) lib/commanded/event/handler.ex:1221: Commanded.Event.Handler.delegate_event_to_handler/2
    (commanded 1.4.9) lib/commanded/event/handler.ex:1062: Commanded.Event.Handler.handle_event/3
    (elixir 1.19.5) lib/enum.ex:2520: Enum."-reduce/3-lists^foldl/2-0-"/3
    (commanded 1.4.9) lib/commanded/event/handler.ex:969: Commanded.Event.Handler.handle_info/2
    (stdlib 7.1) gen_server.erl:2434: :gen_server.try_handle_info/3
    (stdlib 7.1) gen_server.erl:2420: :gen_server.handle_msg/3
    (stdlib 7.1) proc_lib.erl:333: :proc_lib.init_p_do_apply/3

23:10:04.243 [warning] Nexus.Identity.Projectors.UserRegistrationProjector has requested to stop: %Postgrex.Error{message: nil, postgres: %{code: :undefined_column, line: "3721", message: "column i0.id does not exist", position: "8", file: "parse_relation.c", unknown: "ERROR", severity: "ERROR", pg_code: "42703", routine: "errorMissingColumn"}, connection_id: 3152, query: "SELECT i0.\"id\", i0.\"user_id\", i0.\"org_id\", i0.\"locale\", i0.\"timezone\", i0.\"notifications_enabled\", i0.\"created_at\", i0.\"updated_at\" FROM \"identity_user_settings\" AS i0 WHERE (i0.\"id\" = $1)"}
23:10:04.243 [debug] Nexus.Identity.Projectors.UserRegistrationProjector is shutting down due to %Postgrex.Error{message: nil, postgres: %{code: :undefined_column, line: "3721", message: "column i0.id does not exist", position: "8", file: "parse_relation.c", unknown: "ERROR", severity: "ERROR", pg_code: "42703", routine: "errorMissingColumn"}, connection_id: 3152, query: "SELECT i0.\"id\", i0.\"user_id\", i0.\"org_id\", i0.\"locale\", i0.\"timezone\", i0.\"notifications_enabled\", i0.\"created_at\", i0.\"updated_at\" FROM \"identity_user_settings\" AS i0 WHERE (i0.\"id\" = $1)"}
23:10:04.243 [error] GenServer {Nexus.App.LocalRegistry, {Nexus.App, Commanded.Event.Handler, "Identity.Projectors.UserRegistrationProjector"}} terminating
** (stop) %Postgrex.Error{message: nil, postgres: %{code: :undefined_column, line: "3721", message: "column i0.id does not exist", position: "8", file: "parse_relation.c", unknown: "ERROR", severity: "ERROR", pg_code: "42703", routine: "errorMissingColumn"}, connection_id: 3152, query: "SELECT i0.\"id\", i0.\"user_id\", i0.\"org_id\", i0.\"locale\", i0.\"timezone\", i0.\"notifications_enabled\", i0.\"created_at\", i0.\"updated_at\" FROM \"identity_user_settings\" AS i0 WHERE (i0.\"id\" = $1)"}
Last message: {:events, [%Commanded.EventStore.RecordedEvent{event_id: "282ec866-f518-44ed-95f6-7a535d6c3e25", event_number: 11262, stream_id: "019d0c26-0b00-74a0-bd6d-48329cf61a57", stream_version: 1, causation_id: "d64809a4-8402-4360-8536-99b7a0f860ca", correlation_id: "e0f4b4bb-483c-4914-aaaa-956d1587d67e", event_type: "Elixir.Nexus.Identity.Events.UserRegistered", data: %Nexus.Identity.Events.UserRegistered{user_id: "019d0c26-0b00-74a0-bd6d-48329cf61a57", org_id: "019d0c26-0b00-74a0-8884-24b7b734f296", email: "test@example.com", role: "system_admin", cose_key: "Ym9vdHN0cmFwX2Nvc2Vfa2V5", credential_id: "Ym9vdHN0cmFwX2NyZWRlbnRpYWxfaWQ=", registered_at: "2026-03-20T16:48:33.024173Z", display_name: "Test User", status: "active"}, created_at: ~U[2026-03-20 16:48:33.025211Z], metadata: %{"causation_id" => "019d0c26-0b00-71d0-a1d2-041f55e92cfc", "correlation_id" => "019d0c26-0b00-71d0-a1d2-041f55e92cfc"}}]}
State: %Commanded.Event.Handler{application: Nexus.App, consistency: :strong, handler_callback: :event, handler_name: "Identity.Projectors.UserRegistrationProjector", handler_module: Nexus.Identity.Projectors.UserRegistrationProjector, handler_state: nil, last_seen_event: nil, subscription: %Commanded.EventStore.Subscription{application: Nexus.App, backoff: {:backoff, 1000, 60000, 1000, :jitter, :undefined, :undefined}, concurrency: 1, partition_by: nil, subscribe_to: :all, subscribe_from: :origin, subscription_name: "Identity.Projectors.UserRegistrationProjector", subscription_opts: [], subscription_pid: #PID<0.3085.0>, subscription_ref: #Reference<0.504251661.3394502657.233899>}, subscribe_timer: nil}
23:10:04.244 [debug] Subscription "Identity.Projectors.UserRegistrationProjector"@"$all" subscriber #PID<0.3084.0> down due to: %Postgrex.Error{message: nil, postgres: %{code: :undefined_column, line: "3721", message: "column i0.id does not exist", position: "8", file: "parse_relation.c", unknown: "ERROR", severity: "ERROR", pg_code: "42703", routine: "errorMissingColumn"}, connection_id: 3152, query: "SELECT i0.\"id\", i0.\"user_id\", i0.\"org_id\", i0.\"locale\", i0.\"timezone\", i0.\"notifications_enabled\", i0.\"created_at\", i0.\"updated_at\" FROM \"identity_user_settings\" AS i0 WHERE (i0.\"id\" = $1)"}
23:10:04.244 [debug] Subscription "Identity.Projectors.UserRegistrationProjector"@"$all" has no subscribers, shutting down
23:10:04.244 [error] GenServer {Nexus.EventStore.EventStore.Subscriptions.Registry, {"$all", "Identity.Projectors.UserRegistrationProjector"}} terminating
** (stop) %Postgrex.Error{message: nil, postgres: %{code: :undefined_column, line: "3721", message: "column i0.id does not exist", position: "8", file: "parse_relation.c", unknown: "ERROR", severity: "ERROR", pg_code: "42703", routine: "errorMissingColumn"}, connection_id: 3152, query: "SELECT i0.\"id\", i0.\"user_id\", i0.\"org_id\", i0.\"locale\", i0.\"timezone\", i0.\"notifications_enabled\", i0.\"created_at\", i0.\"updated_at\" FROM \"identity_user_settings\" AS i0 WHERE (i0.\"id\" = $1)"}
Last message: {:DOWN, #Reference<0.504251661.3394502658.82798>, :process, #PID<0.3084.0>, %Postgrex.Error{message: nil, postgres: %{code: :undefined_column, line: "3721", message: "column i0.id does not exist", position: "8", file: "parse_relation.c", unknown: "ERROR", severity: "ERROR", pg_code: "42703", routine: "errorMissingColumn"}, connection_id: 3152, query: "SELECT i0.\"id\", i0.\"user_id\", i0.\"org_id\", i0.\"locale\", i0.\"timezone\", i0.\"notifications_enabled\", i0.\"created_at\", i0.\"updated_at\" FROM \"identity_user_settings\" AS i0 WHERE (i0.\"id\" = $1)"}}
State: %EventStore.Subscriptions.Subscription{stream_uuid: "$all", subscription_name: "Identity.Projectors.UserRegistrationProjector", subscription: %EventStore.Subscriptions.SubscriptionFsm{state: :unsubscribed, data: %EventStore.Subscriptions.SubscriptionState{conn: Nexus.EventStore.Postgrex, event_store: Nexus.EventStore, serializer: Commanded.Serialization.JsonSerializer, schema: "event_store", stream_uuid: "$all", start_from: 0, subscription_name: "Identity.Projectors.UserRegistrationProjector", subscription_id: 405, selector: nil, mapper: &Commanded.EventStore.Adapters.EventStore.Mapper.from_recorded_event/1, max_size: 1000, partition_by: nil, query_timeout: 15000, lock_ref: #Reference<0.504251661.3394502658.82821>, last_received: 12232, last_sent: 11262, last_ack: 11261, queue_size: 970, buffer_size: 1, checkpoint_after: 0, checkpoint_threshold: 1, checkpoint_timer_ref: nil, checkpoints_pending: 0, subscribers: %{}, partitions: %{nil: {[%EventStore.RecordedEvent{event_number: 12231, event_id: "b58748f2-cd92-4a46-911f-0bab7e16bcce", stream_uuid: "631ffb8b-126b-40c3-8203-4988912dccac", stream_version: 1, correlation_id: "e6b4b1b3-a306-4e46-a407-4ee295b2567e", causation_id: "6c36c5b1-b472-491a-93d4-d21335dab8e5", event_type: "Elixir.Nexus.Identity.Events.UserRegistered", data: %Nexus.Identity.Events.UserRegistered{user_id: "631ffb8b-126b-40c3-8203-4988912dccac", org_id: "e205ad5a-5aff-40fd-9840-2f1860363ab1", email: "bernard-92b69317-ceac-4570-a4dc-e181657c44c8@nexus.financial", role: "admin", cose_key: "bW9jaw==", credential_id: "bW9jaw==", registered_at: "2026-03-20T23:10:04.023004Z", display_name: "Bernard", status: "active"}, metadata: %{"causation_id" => "019d0d83-54f7-7795-b212-00ae72ff09d4", "correlation_id" => "019d0d83-54f7-7795-b212-00ae72ff09d4"}, created_at: ~U[2026-03-20 23:10:04.024222Z]}, %EventStore.RecordedEvent{event_number: 12230, event_id: "18516aae-860c-4533-8cef-1f1cc9898a6b", stream_uuid: "0a2320b8-ea62-4944-91fc-b1a081d94b4f", stream_version: 2, correlation_id: "3439d5db-8df0-40d7-b3f9-7c79af370711", causation_id: "c46ea7f8-115b-44b2-b9fb-5238f503624f", event_type: "Elixir.Nexus.Identity.Events.SessionStarted", data: %Nexus.Identity.Events.SessionStarted{org_id: "cb85a832-0e01-453c-9c74-126aa4f990be", user_id: "0a2320b8-ea62-4944-91fc-b1a081d94b4f", session_id: "8604ab1b-1c1d-4dc9-a88d-88e80166047a", session_token: "mock-token", user_agent: "Mozilla/5.0 (Macintosh; Intel Mac OS X 10_15_7)", ip_address: "127.0.0.1", started_at: "2026-03-20T23:10:03.714460Z"}, metadata: %{"causation_id" => "019d0d83-53c2-7918-aa39-3fa0df65a469", "correlation_id" => "019d0d83-53c2-7918-aa39-3fa0df65a469"}, created_at: ~U[2026-03-20 23:10:03.715069Z]}, %EventStore.RecordedEvent{event_number: 12229, event_id: "88438d34-4046-4a41-b85b-67d256cca5e5", stream_uuid: "0a2320b8-ea62-4944-91fc-b1a081d94b4f", stream_version: 1, correlation_id: "a64c1aaf-4c8a-4a0a-8e73-1cb004416bc9", causation_id: "b063d188-4c5e-4283-bf48-e09a975f8b85", event_type: "Elixir.Nexus.Identity.Events.UserRegistered", data: %Nexus.Identity.Events.UserRegistered{user_id: "0a2320b8-ea62-4944-91fc-b1a081d94b4f", org_id: "cb85a832-0e01-453c-9c74-126aa4f990be", email: "bernard-e0cbc1d2-dd91-4387-8fed-b05c8f3523b8@nexus.financial", role: "admin", cose_key: "bW9jaw==", credential_id: "bW9jaw==", registered_at: "2026-03-20T23:10:03.511487Z", display_name: "Bernard", status: "active"}, metadata: %{"causation_id" => "019d0d83-52f7-72c1-9919-520d2e6a1f7d", "correlation_id" => "019d0d83-52f7-72c1-9919-520d2e6a1f7d"}, created_at: ~U[2026-03-20 23:10:03.512643Z]}, %EventStore.RecordedEvent{event_number: 12228, event_id: "09c135f3-e6cb-49bc-81c3-586b4a99fd72", stream_uuid: "ba9ba3da-fea6-48d9-9922-befe7026f5cc", ...}, ...], ...}}, ...}}, ...}
23:10:04.244 [debug] Nexus.Identity.Projectors.UserRegistrationProjector is shutting down due to {%Postgrex.Error{message: nil, postgres: %{code: :undefined_column, line: "3721", message: "column i0.id does not exist", position: "8", file: "parse_relation.c", unknown: "ERROR", severity: "ERROR", pg_code: "42703", routine: "errorMissingColumn"}, connection_id: 3152, query: "SELECT i0.\"id\", i0.\"user_id\", i0.\"org_id\", i0.\"locale\", i0.\"timezone\", i0.\"notifications_enabled\", i0.\"created_at\", i0.\"updated_at\" FROM \"identity_user_settings\" AS i0 WHERE (i0.\"id\" = $1)"}, {GenServer, :call, [#PID<0.3085.0>, {:connect, #PID<0.3087.0>, [retry_interval: 60000, hibernate_after: 15000, partition_by: nil, concurrency_limit: 1, name: Nexus.EventStore, mapper: &Commanded.EventStore.Adapters.EventStore.Mapper.from_recorded_event/1, conn: Nexus.EventStore.Postgrex, event_store: Nexus.EventStore, query_timeout: 15000, schema: "event_store", serializer: Commanded.Serialization.JsonSerializer, stream_uuid: "$all", subscription_name: "Identity.Projectors.UserRegistrationProjector", start_from: 0]}, 5000]}}
23:10:04.244 [error] GenServer {Nexus.App.LocalRegistry, {Nexus.App, Commanded.Event.Handler, "Identity.Projectors.UserRegistrationProjector"}} terminating
** (stop) exited in: GenServer.call(#PID<0.3085.0>, {:connect, #PID<0.3087.0>, [retry_interval: 60000, hibernate_after: 15000, partition_by: nil, concurrency_limit: 1, name: Nexus.EventStore, mapper: &Commanded.EventStore.Adapters.EventStore.Mapper.from_recorded_event/1, conn: Nexus.EventStore.Postgrex, event_store: Nexus.EventStore, query_timeout: 15000, schema: "event_store", serializer: Commanded.Serialization.JsonSerializer, stream_uuid: "$all", subscription_name: "Identity.Projectors.UserRegistrationProjector", start_from: 0]}, 5000)
    ** (EXIT) %Postgrex.Error{message: nil, postgres: %{code: :undefined_column, line: "3721", message: "column i0.id does not exist", position: "8", file: "parse_relation.c", unknown: "ERROR", severity: "ERROR", pg_code: "42703", routine: "errorMissingColumn"}, connection_id: 3152, query: "SELECT i0.\"id\", i0.\"user_id\", i0.\"org_id\", i0.\"locale\", i0.\"timezone\", i0.\"notifications_enabled\", i0.\"created_at\", i0.\"updated_at\" FROM \"identity_user_settings\" AS i0 WHERE (i0.\"id\" = $1)"}
    (elixir 1.19.5) lib/gen_server.ex:1142: GenServer.call/3
    (commanded 1.4.9) lib/commanded/event_store.ex:289: anonymous fn/2 in Commanded.EventStore.span/3
    (telemetry 1.3.0) /Users/bernard/dev/nexus/deps/telemetry/src/telemetry.erl:324: :telemetry.span/3
    (commanded 1.4.9) lib/commanded/event_store/subscription.ex:58: Commanded.EventStore.Subscription.subscribe/2
    (commanded 1.4.9) lib/commanded/event/handler.ex:1024: Commanded.Event.Handler.subscribe_to_events/1
    (commanded 1.4.9) lib/commanded/event/handler.ex:887: Commanded.Event.Handler.handle_continue/2
    (stdlib 7.1) gen_server.erl:2424: :gen_server.try_handle_continue/3
    (stdlib 7.1) gen_server.erl:2291: :gen_server.loop/4
    (stdlib 7.1) proc_lib.erl:333: :proc_lib.init_p_do_apply/3
Last message: {:continue, :subscribe_to_events}
State: %Commanded.Event.Handler{application: Nexus.App, consistency: :strong, handler_callback: :event, handler_name: "Identity.Projectors.UserRegistrationProjector", handler_module: Nexus.Identity.Projectors.UserRegistrationProjector, handler_state: nil, last_seen_event: nil, subscription: %Commanded.EventStore.Subscription{application: Nexus.App, backoff: {:backoff, 1000, 60000, 1000, :jitter, :undefined, :undefined}, concurrency: 1, partition_by: nil, subscribe_to: :all, subscribe_from: :origin, subscription_name: "Identity.Projectors.UserRegistrationProjector", subscription_opts: [], subscription_pid: nil, subscription_ref: nil}, subscribe_timer: nil}
23:10:04.245 [debug] Subscription "Identity.Projectors.UserRegistrationProjector"@"$all" attempting to connect subscriber #PID<0.3088.0>
23:10:04.245 [debug] Subscription "Identity.Projectors.UserRegistrationProjector"@"$all" catching-up
23:10:04.245 [debug] Nexus.Identity.Projectors.UserRegistrationProjector has successfully subscribed to event store
23:10:04.261 [debug] Nexus.Identity.Projectors.UserRegistrationProjector received events: [%Commanded.EventStore.RecordedEvent{event_id: "282ec866-f518-44ed-95f6-7a535d6c3e25", event_number: 11262, stream_id: "019d0c26-0b00-74a0-bd6d-48329cf61a57", stream_version: 1, causation_id: "d64809a4-8402-4360-8536-99b7a0f860ca", correlation_id: "e0f4b4bb-483c-4914-aaaa-956d1587d67e", event_type: "Elixir.Nexus.Identity.Events.UserRegistered", data: %Nexus.Identity.Events.UserRegistered{user_id: "019d0c26-0b00-74a0-bd6d-48329cf61a57", org_id: "019d0c26-0b00-74a0-8884-24b7b734f296", email: "test@example.com", role: "system_admin", cose_key: "Ym9vdHN0cmFwX2Nvc2Vfa2V5", credential_id: "Ym9vdHN0cmFwX2NyZWRlbnRpYWxfaWQ=", registered_at: "2026-03-20T16:48:33.024173Z", display_name: "Test User", status: "active"}, created_at: ~U[2026-03-20 16:48:33.025211Z], metadata: %{"causation_id" => "019d0c26-0b00-71d0-a1d2-041f55e92cfc", "correlation_id" => "019d0c26-0b00-71d0-a1d2-041f55e92cfc"}}]
23:10:04.261 [debug] QUERY OK db=0.1ms
begin []
23:10:04.261 [debug] QUERY OK source="projection_versions" db=0.3ms
INSERT INTO "projection_versions" AS p0 ("projection_name","last_seen_event_number","inserted_at","updated_at") VALUES ($1,$2,$3,$4) ON CONFLICT ("projection_name") DO UPDATE SET "last_seen_event_number" = $5 WHERE ((p0."projection_name" = $6) AND (p0."last_seen_event_number" < $7)) ["Identity.Projectors.UserRegistrationProjector", 11262, ~N[2026-03-20 23:10:04.261511], ~N[2026-03-20 23:10:04.261511], 11262, "Identity.Projectors.UserRegistrationProjector", 11262]
23:10:04.262 [debug] QUERY OK source="users" db=0.1ms
SELECT u0."id", u0."org_id", u0."email", u0."display_name", u0."status", u0."cose_key", u0."credential_id", u0."roles", u0."created_at", u0."updated_at" FROM "users" AS u0 WHERE (u0."id" = $1) ["019d0c26-0b00-74a0-bd6d-48329cf61a57"]
23:10:04.262 [debug] QUERY OK source="users" db=0.1ms
SELECT u0."id", u0."org_id", u0."email", u0."display_name", u0."status", u0."cose_key", u0."credential_id", u0."roles", u0."created_at", u0."updated_at" FROM "users" AS u0 WHERE (u0."email" = $1) ["test@example.com"]
23:10:04.262 [debug] QUERY OK source="users" db=0.1ms
INSERT INTO "users" ("id","status","org_id","email","display_name","roles","cose_key","credential_id","created_at","updated_at") VALUES ($1,$2,$3,$4,$5,$6,$7,$8,$9,$10) ["019d0c26-0b00-74a0-bd6d-48329cf61a57", "active", "019d0c26-0b00-74a0-8884-24b7b734f296", "test@example.com", "Test User", ["system_admin"], "bootstrap_cose_key", "bootstrap_credential_id", ~U[2026-03-20 23:10:04.262273Z], ~U[2026-03-20 23:10:04.262273Z]]
23:10:04.262 [debug] QUERY ERROR source="identity_user_settings" db=0.0ms
SELECT i0."id", i0."user_id", i0."org_id", i0."locale", i0."timezone", i0."notifications_enabled", i0."created_at", i0."updated_at" FROM "identity_user_settings" AS i0 WHERE (i0."id" = $1) ["019d0c26-0b00-74a0-bd6d-48329cf61a57"]
23:10:04.263 [debug] QUERY OK db=0.1ms
rollback []
23:10:04.264 [error] Nexus.Identity.Projectors.UserRegistrationProjector failed to handle event:
%Commanded.EventStore.RecordedEvent{
  event_id: "282ec866-f518-44ed-95f6-7a535d6c3e25",
  event_number: 11262,
  stream_id: "019d0c26-0b00-74a0-bd6d-48329cf61a57",
  stream_version: 1,
  causation_id: "d64809a4-8402-4360-8536-99b7a0f860ca",
  correlation_id: "e0f4b4bb-483c-4914-aaaa-956d1587d67e",
  event_type: "Elixir.Nexus.Identity.Events.UserRegistered",
  data: %Nexus.Identity.Events.UserRegistered{
    user_id: "019d0c26-0b00-74a0-bd6d-48329cf61a57",
    org_id: "019d0c26-0b00-74a0-8884-24b7b734f296",
    email: "test@example.com",
    role: "system_admin",
    cose_key: "Ym9vdHN0cmFwX2Nvc2Vfa2V5",
    credential_id: "Ym9vdHN0cmFwX2NyZWRlbnRpYWxfaWQ=",
    registered_at: "2026-03-20T16:48:33.024173Z",
    display_name: "Test User",
    status: "active"
  },
  created_at: ~U[2026-03-20 16:48:33.025211Z],
  metadata: %{
    "causation_id" => "019d0c26-0b00-71d0-a1d2-041f55e92cfc",
    "correlation_id" => "019d0c26-0b00-71d0-a1d2-041f55e92cfc"
  }
}, due to:
** (Postgrex.Error) ERROR 42703 (undefined_column) column i0.id does not exist

    query: SELECT i0."id", i0."user_id", i0."org_id", i0."locale", i0."timezone", i0."notifications_enabled", i0."created_at", i0."updated_at" FROM "identity_user_settings" AS i0 WHERE (i0."id" = $1)
    (ecto_sql 3.13.4) lib/ecto/adapters/sql.ex:1113: Ecto.Adapters.SQL.raise_sql_call_error/1
    (ecto_sql 3.13.4) lib/ecto/adapters/sql.ex:1011: Ecto.Adapters.SQL.execute/6
    (ecto 3.13.5) lib/ecto/repo/queryable.ex:241: Ecto.Repo.Queryable.execute/4
    (ecto 3.13.5) lib/ecto/repo/queryable.ex:19: Ecto.Repo.Queryable.all/3
    (ecto 3.13.5) lib/ecto/repo/queryable.ex:163: Ecto.Repo.Queryable.one/3
    (nexus 0.1.0) lib/nexus/identity/projectors/user_registration_projector.ex:53: anonymous fn/3 in Nexus.Identity.Projectors.UserRegistrationProjector.project_registration/3
    (ecto 3.13.5) lib/ecto/multi.ex:905: Ecto.Multi.apply_operation/5
    (elixir 1.19.5) lib/enum.ex:2520: Enum."-reduce/3-lists^foldl/2-0-"/3
    (ecto 3.13.5) lib/ecto/multi.ex:878: anonymous fn/5 in Ecto.Multi.apply_operations/5
    (ecto_sql 3.13.4) lib/ecto/adapters/sql.ex:1473: anonymous fn/3 in Ecto.Adapters.SQL.checkout_or_transaction/4
    (db_connection 2.9.0) lib/db_connection.ex:1747: DBConnection.run_transaction/4
    (ecto 3.13.5) lib/ecto/repo/transaction.ex:30: Ecto.Repo.Transaction.transact/4
    (nexus 0.1.0) deps/commanded_ecto_projections/lib/projections/ecto.ex:97: Nexus.Identity.Projectors.UserRegistrationProjector.update_projection/3
    (commanded 1.4.9) lib/commanded/event/handler.ex:1221: Commanded.Event.Handler.delegate_event_to_handler/2
    (commanded 1.4.9) lib/commanded/event/handler.ex:1062: Commanded.Event.Handler.handle_event/3
    (elixir 1.19.5) lib/enum.ex:2520: Enum."-reduce/3-lists^foldl/2-0-"/3
    (commanded 1.4.9) lib/commanded/event/handler.ex:969: Commanded.Event.Handler.handle_info/2
    (stdlib 7.1) gen_server.erl:2434: :gen_server.try_handle_info/3
    (stdlib 7.1) gen_server.erl:2420: :gen_server.handle_msg/3
    (stdlib 7.1) proc_lib.erl:333: :proc_lib.init_p_do_apply/3

23:10:04.264 [warning] Nexus.Identity.Projectors.UserRegistrationProjector has requested to stop: %Postgrex.Error{message: nil, postgres: %{code: :undefined_column, line: "3721", message: "column i0.id does not exist", position: "8", file: "parse_relation.c", unknown: "ERROR", severity: "ERROR", pg_code: "42703", routine: "errorMissingColumn"}, connection_id: 3152, query: "SELECT i0.\"id\", i0.\"user_id\", i0.\"org_id\", i0.\"locale\", i0.\"timezone\", i0.\"notifications_enabled\", i0.\"created_at\", i0.\"updated_at\" FROM \"identity_user_settings\" AS i0 WHERE (i0.\"id\" = $1)"}
23:10:04.264 [debug] Nexus.Identity.Projectors.UserRegistrationProjector is shutting down due to %Postgrex.Error{message: nil, postgres: %{code: :undefined_column, line: "3721", message: "column i0.id does not exist", position: "8", file: "parse_relation.c", unknown: "ERROR", severity: "ERROR", pg_code: "42703", routine: "errorMissingColumn"}, connection_id: 3152, query: "SELECT i0.\"id\", i0.\"user_id\", i0.\"org_id\", i0.\"locale\", i0.\"timezone\", i0.\"notifications_enabled\", i0.\"created_at\", i0.\"updated_at\" FROM \"identity_user_settings\" AS i0 WHERE (i0.\"id\" = $1)"}
23:10:04.264 [error] GenServer {Nexus.App.LocalRegistry, {Nexus.App, Commanded.Event.Handler, "Identity.Projectors.UserRegistrationProjector"}} terminating
** (stop) %Postgrex.Error{message: nil, postgres: %{code: :undefined_column, line: "3721", message: "column i0.id does not exist", position: "8", file: "parse_relation.c", unknown: "ERROR", severity: "ERROR", pg_code: "42703", routine: "errorMissingColumn"}, connection_id: 3152, query: "SELECT i0.\"id\", i0.\"user_id\", i0.\"org_id\", i0.\"locale\", i0.\"timezone\", i0.\"notifications_enabled\", i0.\"created_at\", i0.\"updated_at\" FROM \"identity_user_settings\" AS i0 WHERE (i0.\"id\" = $1)"}
Last message: {:events, [%Commanded.EventStore.RecordedEvent{event_id: "282ec866-f518-44ed-95f6-7a535d6c3e25", event_number: 11262, stream_id: "019d0c26-0b00-74a0-bd6d-48329cf61a57", stream_version: 1, causation_id: "d64809a4-8402-4360-8536-99b7a0f860ca", correlation_id: "e0f4b4bb-483c-4914-aaaa-956d1587d67e", event_type: "Elixir.Nexus.Identity.Events.UserRegistered", data: %Nexus.Identity.Events.UserRegistered{user_id: "019d0c26-0b00-74a0-bd6d-48329cf61a57", org_id: "019d0c26-0b00-74a0-8884-24b7b734f296", email: "test@example.com", role: "system_admin", cose_key: "Ym9vdHN0cmFwX2Nvc2Vfa2V5", credential_id: "Ym9vdHN0cmFwX2NyZWRlbnRpYWxfaWQ=", registered_at: "2026-03-20T16:48:33.024173Z", display_name: "Test User", status: "active"}, created_at: ~U[2026-03-20 16:48:33.025211Z], metadata: %{"causation_id" => "019d0c26-0b00-71d0-a1d2-041f55e92cfc", "correlation_id" => "019d0c26-0b00-71d0-a1d2-041f55e92cfc"}}]}
State: %Commanded.Event.Handler{application: Nexus.App, consistency: :strong, handler_callback: :event, handler_name: "Identity.Projectors.UserRegistrationProjector", handler_module: Nexus.Identity.Projectors.UserRegistrationProjector, handler_state: nil, last_seen_event: nil, subscription: %Commanded.EventStore.Subscription{application: Nexus.App, backoff: {:backoff, 1000, 60000, 1000, :jitter, :undefined, :undefined}, concurrency: 1, partition_by: nil, subscribe_to: :all, subscribe_from: :origin, subscription_name: "Identity.Projectors.UserRegistrationProjector", subscription_opts: [], subscription_pid: #PID<0.3089.0>, subscription_ref: #Reference<0.504251661.3394502657.234130>}, subscribe_timer: nil}
23:10:04.264 [debug] Subscription "Identity.Projectors.UserRegistrationProjector"@"$all" subscriber #PID<0.3088.0> down due to: %Postgrex.Error{message: nil, postgres: %{code: :undefined_column, line: "3721", message: "column i0.id does not exist", position: "8", file: "parse_relation.c", unknown: "ERROR", severity: "ERROR", pg_code: "42703", routine: "errorMissingColumn"}, connection_id: 3152, query: "SELECT i0.\"id\", i0.\"user_id\", i0.\"org_id\", i0.\"locale\", i0.\"timezone\", i0.\"notifications_enabled\", i0.\"created_at\", i0.\"updated_at\" FROM \"identity_user_settings\" AS i0 WHERE (i0.\"id\" = $1)"}
23:10:04.264 [debug] Subscription "Identity.Projectors.UserRegistrationProjector"@"$all" has no subscribers, shutting down
23:10:04.264 [error] GenServer {Nexus.EventStore.EventStore.Subscriptions.Registry, {"$all", "Identity.Projectors.UserRegistrationProjector"}} terminating
** (stop) %Postgrex.Error{message: nil, postgres: %{code: :undefined_column, line: "3721", message: "column i0.id does not exist", position: "8", file: "parse_relation.c", unknown: "ERROR", severity: "ERROR", pg_code: "42703", routine: "errorMissingColumn"}, connection_id: 3152, query: "SELECT i0.\"id\", i0.\"user_id\", i0.\"org_id\", i0.\"locale\", i0.\"timezone\", i0.\"notifications_enabled\", i0.\"created_at\", i0.\"updated_at\" FROM \"identity_user_settings\" AS i0 WHERE (i0.\"id\" = $1)"}
Last message: {:DOWN, #Reference<0.504251661.3394502658.83060>, :process, #PID<0.3088.0>, %Postgrex.Error{message: nil, postgres: %{code: :undefined_column, line: "3721", message: "column i0.id does not exist", position: "8", file: "parse_relation.c", unknown: "ERROR", severity: "ERROR", pg_code: "42703", routine: "errorMissingColumn"}, connection_id: 3152, query: "SELECT i0.\"id\", i0.\"user_id\", i0.\"org_id\", i0.\"locale\", i0.\"timezone\", i0.\"notifications_enabled\", i0.\"created_at\", i0.\"updated_at\" FROM \"identity_user_settings\" AS i0 WHERE (i0.\"id\" = $1)"}}
State: %EventStore.Subscriptions.Subscription{stream_uuid: "$all", subscription_name: "Identity.Projectors.UserRegistrationProjector", subscription: %EventStore.Subscriptions.SubscriptionFsm{state: :unsubscribed, data: %EventStore.Subscriptions.SubscriptionState{conn: Nexus.EventStore.Postgrex, event_store: Nexus.EventStore, serializer: Commanded.Serialization.JsonSerializer, schema: "event_store", stream_uuid: "$all", start_from: 0, subscription_name: "Identity.Projectors.UserRegistrationProjector", subscription_id: 405, selector: nil, mapper: &Commanded.EventStore.Adapters.EventStore.Mapper.from_recorded_event/1, max_size: 1000, partition_by: nil, query_timeout: 15000, lock_ref: #Reference<0.504251661.3394502658.83066>, last_received: 12232, last_sent: 11262, last_ack: 11261, queue_size: 971, buffer_size: 1, checkpoint_after: 0, checkpoint_threshold: 1, checkpoint_timer_ref: nil, checkpoints_pending: 0, subscribers: %{}, partitions: %{nil: {[%EventStore.RecordedEvent{event_number: 12232, event_id: "84d7f523-80de-4910-9695-01390279d304", stream_uuid: "631ffb8b-126b-40c3-8203-4988912dccac", stream_version: 2, correlation_id: "ca3083d5-c8ab-4f2c-95cc-e9398e31863f", causation_id: "580058c8-e004-40a4-b45d-9e8ab0fd9664", event_type: "Elixir.Nexus.Identity.Events.SessionStarted", data: %Nexus.Identity.Events.SessionStarted{org_id: "e205ad5a-5aff-40fd-9840-2f1860363ab1", user_id: "631ffb8b-126b-40c3-8203-4988912dccac", session_id: "164564ba-390e-4fbd-b7fa-07def19cf535", session_token: "mock-token", user_agent: "Mozilla/5.0 (Macintosh; Intel Mac OS X 10_15_7)", ip_address: "127.0.0.1", started_at: "2026-03-20T23:10:04.226401Z"}, metadata: %{"causation_id" => "019d0d83-55c2-7fbb-8cfd-66cf24561fd5", "correlation_id" => "019d0d83-55c2-7fbb-8cfd-66cf24561fd5"}, created_at: ~U[2026-03-20 23:10:04.226883Z]}, %EventStore.RecordedEvent{event_number: 12231, event_id: "b58748f2-cd92-4a46-911f-0bab7e16bcce", stream_uuid: "631ffb8b-126b-40c3-8203-4988912dccac", stream_version: 1, correlation_id: "e6b4b1b3-a306-4e46-a407-4ee295b2567e", causation_id: "6c36c5b1-b472-491a-93d4-d21335dab8e5", event_type: "Elixir.Nexus.Identity.Events.UserRegistered", data: %Nexus.Identity.Events.UserRegistered{user_id: "631ffb8b-126b-40c3-8203-4988912dccac", org_id: "e205ad5a-5aff-40fd-9840-2f1860363ab1", email: "bernard-92b69317-ceac-4570-a4dc-e181657c44c8@nexus.financial", role: "admin", cose_key: "bW9jaw==", credential_id: "bW9jaw==", registered_at: "2026-03-20T23:10:04.023004Z", display_name: "Bernard", status: "active"}, metadata: %{"causation_id" => "019d0d83-54f7-7795-b212-00ae72ff09d4", "correlation_id" => "019d0d83-54f7-7795-b212-00ae72ff09d4"}, created_at: ~U[2026-03-20 23:10:04.024222Z]}, %EventStore.RecordedEvent{event_number: 12230, event_id: "18516aae-860c-4533-8cef-1f1cc9898a6b", stream_uuid: "0a2320b8-ea62-4944-91fc-b1a081d94b4f", stream_version: 2, correlation_id: "3439d5db-8df0-40d7-b3f9-7c79af370711", causation_id: "c46ea7f8-115b-44b2-b9fb-5238f503624f", event_type: "Elixir.Nexus.Identity.Events.SessionStarted", data: %Nexus.Identity.Events.SessionStarted{org_id: "cb85a832-0e01-453c-9c74-126aa4f990be", user_id: "0a2320b8-ea62-4944-91fc-b1a081d94b4f", session_id: "8604ab1b-1c1d-4dc9-a88d-88e80166047a", session_token: "mock-token", user_agent: "Mozilla/5.0 (Macintosh; Intel Mac OS X 10_15_7)", ip_address: "127.0.0.1", started_at: "2026-03-20T23:10:03.714460Z"}, metadata: %{"causation_id" => "019d0d83-53c2-7918-aa39-3fa0df65a469", "correlation_id" => "019d0d83-53c2-7918-aa39-3fa0df65a469"}, created_at: ~U[2026-03-20 23:10:03.715069Z]}, %EventStore.RecordedEvent{event_number: 12229, event_id: "88438d34-4046-4a41-b85b-67d256cca5e5", stream_uuid: "0a2320b8-ea62-4944-91fc-b1a081d94b4f", stream_version: 1, correlation_id: "a64c1aaf-4c8a-4a0a-8e73-1cb004416bc9", ...}, ...], ...}}, ...}}, ...}
23:10:04.264 [debug] Nexus.Identity.Projectors.UserRegistrationProjector is shutting down due to {%Postgrex.Error{message: nil, postgres: %{code: :undefined_column, line: "3721", message: "column i0.id does not exist", position: "8", file: "parse_relation.c", unknown: "ERROR", severity: "ERROR", pg_code: "42703", routine: "errorMissingColumn"}, connection_id: 3152, query: "SELECT i0.\"id\", i0.\"user_id\", i0.\"org_id\", i0.\"locale\", i0.\"timezone\", i0.\"notifications_enabled\", i0.\"created_at\", i0.\"updated_at\" FROM \"identity_user_settings\" AS i0 WHERE (i0.\"id\" = $1)"}, {GenServer, :call, [#PID<0.3089.0>, {:connect, #PID<0.3090.0>, [retry_interval: 60000, hibernate_after: 15000, partition_by: nil, concurrency_limit: 1, name: Nexus.EventStore, mapper: &Commanded.EventStore.Adapters.EventStore.Mapper.from_recorded_event/1, conn: Nexus.EventStore.Postgrex, event_store: Nexus.EventStore, query_timeout: 15000, schema: "event_store", serializer: Commanded.Serialization.JsonSerializer, stream_uuid: "$all", subscription_name: "Identity.Projectors.UserRegistrationProjector", start_from: 0]}, 5000]}}
23:10:04.264 [error] GenServer {Nexus.App.LocalRegistry, {Nexus.App, Commanded.Event.Handler, "Identity.Projectors.UserRegistrationProjector"}} terminating
** (stop) exited in: GenServer.call(#PID<0.3089.0>, {:connect, #PID<0.3090.0>, [retry_interval: 60000, hibernate_after: 15000, partition_by: nil, concurrency_limit: 1, name: Nexus.EventStore, mapper: &Commanded.EventStore.Adapters.EventStore.Mapper.from_recorded_event/1, conn: Nexus.EventStore.Postgrex, event_store: Nexus.EventStore, query_timeout: 15000, schema: "event_store", serializer: Commanded.Serialization.JsonSerializer, stream_uuid: "$all", subscription_name: "Identity.Projectors.UserRegistrationProjector", start_from: 0]}, 5000)
    ** (EXIT) %Postgrex.Error{message: nil, postgres: %{code: :undefined_column, line: "3721", message: "column i0.id does not exist", position: "8", file: "parse_relation.c", unknown: "ERROR", severity: "ERROR", pg_code: "42703", routine: "errorMissingColumn"}, connection_id: 3152, query: "SELECT i0.\"id\", i0.\"user_id\", i0.\"org_id\", i0.\"locale\", i0.\"timezone\", i0.\"notifications_enabled\", i0.\"created_at\", i0.\"updated_at\" FROM \"identity_user_settings\" AS i0 WHERE (i0.\"id\" = $1)"}
    (elixir 1.19.5) lib/gen_server.ex:1142: GenServer.call/3
    (commanded 1.4.9) lib/commanded/event_store.ex:289: anonymous fn/2 in Commanded.EventStore.span/3
    (telemetry 1.3.0) /Users/bernard/dev/nexus/deps/telemetry/src/telemetry.erl:324: :telemetry.span/3
    (commanded 1.4.9) lib/commanded/event_store/subscription.ex:58: Commanded.EventStore.Subscription.subscribe/2
    (commanded 1.4.9) lib/commanded/event/handler.ex:1024: Commanded.Event.Handler.subscribe_to_events/1
    (commanded 1.4.9) lib/commanded/event/handler.ex:887: Commanded.Event.Handler.handle_continue/2
    (stdlib 7.1) gen_server.erl:2424: :gen_server.try_handle_continue/3
    (stdlib 7.1) gen_server.erl:2291: :gen_server.loop/4
    (stdlib 7.1) proc_lib.erl:333: :proc_lib.init_p_do_apply/3
Last message: {:continue, :subscribe_to_events}
State: %Commanded.Event.Handler{application: Nexus.App, consistency: :strong, handler_callback: :event, handler_name: "Identity.Projectors.UserRegistrationProjector", handler_module: Nexus.Identity.Projectors.UserRegistrationProjector, handler_state: nil, last_seen_event: nil, subscription: %Commanded.EventStore.Subscription{application: Nexus.App, backoff: {:backoff, 1000, 60000, 1000, :jitter, :undefined, :undefined}, concurrency: 1, partition_by: nil, subscribe_to: :all, subscribe_from: :origin, subscription_name: "Identity.Projectors.UserRegistrationProjector", subscription_opts: [], subscription_pid: nil, subscription_ref: nil}, subscribe_timer: nil}
23:10:04.265 [debug] Subscription "Identity.Projectors.UserRegistrationProjector"@"$all" attempting to connect subscriber #PID<0.3091.0>
23:10:04.266 [debug] Subscription "Identity.Projectors.UserRegistrationProjector"@"$all" catching-up
23:10:04.266 [debug] Nexus.Identity.Projectors.UserRegistrationProjector has successfully subscribed to event store
23:10:04.279 [debug] Nexus.Identity.Projectors.UserRegistrationProjector received events: [%Commanded.EventStore.RecordedEvent{event_id: "282ec866-f518-44ed-95f6-7a535d6c3e25", event_number: 11262, stream_id: "019d0c26-0b00-74a0-bd6d-48329cf61a57", stream_version: 1, causation_id: "d64809a4-8402-4360-8536-99b7a0f860ca", correlation_id: "e0f4b4bb-483c-4914-aaaa-956d1587d67e", event_type: "Elixir.Nexus.Identity.Events.UserRegistered", data: %Nexus.Identity.Events.UserRegistered{user_id: "019d0c26-0b00-74a0-bd6d-48329cf61a57", org_id: "019d0c26-0b00-74a0-8884-24b7b734f296", email: "test@example.com", role: "system_admin", cose_key: "Ym9vdHN0cmFwX2Nvc2Vfa2V5", credential_id: "Ym9vdHN0cmFwX2NyZWRlbnRpYWxfaWQ=", registered_at: "2026-03-20T16:48:33.024173Z", display_name: "Test User", status: "active"}, created_at: ~U[2026-03-20 16:48:33.025211Z], metadata: %{"causation_id" => "019d0c26-0b00-71d0-a1d2-041f55e92cfc", "correlation_id" => "019d0c26-0b00-71d0-a1d2-041f55e92cfc"}}]
23:10:04.280 [debug] QUERY OK db=0.1ms
begin []
23:10:04.280 [debug] QUERY OK source="projection_versions" db=0.1ms
INSERT INTO "projection_versions" AS p0 ("projection_name","last_seen_event_number","inserted_at","updated_at") VALUES ($1,$2,$3,$4) ON CONFLICT ("projection_name") DO UPDATE SET "last_seen_event_number" = $5 WHERE ((p0."projection_name" = $6) AND (p0."last_seen_event_number" < $7)) ["Identity.Projectors.UserRegistrationProjector", 11262, ~N[2026-03-20 23:10:04.280208], ~N[2026-03-20 23:10:04.280208], 11262, "Identity.Projectors.UserRegistrationProjector", 11262]
23:10:04.280 [debug] QUERY OK source="users" db=0.1ms
SELECT u0."id", u0."org_id", u0."email", u0."display_name", u0."status", u0."cose_key", u0."credential_id", u0."roles", u0."created_at", u0."updated_at" FROM "users" AS u0 WHERE (u0."id" = $1) ["019d0c26-0b00-74a0-bd6d-48329cf61a57"]
23:10:04.280 [debug] QUERY OK source="users" db=0.1ms
SELECT u0."id", u0."org_id", u0."email", u0."display_name", u0."status", u0."cose_key", u0."credential_id", u0."roles", u0."created_at", u0."updated_at" FROM "users" AS u0 WHERE (u0."email" = $1) ["test@example.com"]
23:10:04.281 [debug] QUERY OK source="users" db=0.1ms
INSERT INTO "users" ("id","status","org_id","email","display_name","roles","cose_key","credential_id","created_at","updated_at") VALUES ($1,$2,$3,$4,$5,$6,$7,$8,$9,$10) ["019d0c26-0b00-74a0-bd6d-48329cf61a57", "active", "019d0c26-0b00-74a0-8884-24b7b734f296", "test@example.com", "Test User", ["system_admin"], "bootstrap_cose_key", "bootstrap_credential_id", ~U[2026-03-20 23:10:04.280846Z], ~U[2026-03-20 23:10:04.280846Z]]
23:10:04.281 [debug] QUERY ERROR source="identity_user_settings" db=0.0ms
SELECT i0."id", i0."user_id", i0."org_id", i0."locale", i0."timezone", i0."notifications_enabled", i0."created_at", i0."updated_at" FROM "identity_user_settings" AS i0 WHERE (i0."id" = $1) ["019d0c26-0b00-74a0-bd6d-48329cf61a57"]
23:10:04.281 [debug] QUERY OK db=0.1ms
rollback []
23:10:04.282 [error] Nexus.Identity.Projectors.UserRegistrationProjector failed to handle event:
%Commanded.EventStore.RecordedEvent{
  event_id: "282ec866-f518-44ed-95f6-7a535d6c3e25",
  event_number: 11262,
  stream_id: "019d0c26-0b00-74a0-bd6d-48329cf61a57",
  stream_version: 1,
  causation_id: "d64809a4-8402-4360-8536-99b7a0f860ca",
  correlation_id: "e0f4b4bb-483c-4914-aaaa-956d1587d67e",
  event_type: "Elixir.Nexus.Identity.Events.UserRegistered",
  data: %Nexus.Identity.Events.UserRegistered{
    user_id: "019d0c26-0b00-74a0-bd6d-48329cf61a57",
    org_id: "019d0c26-0b00-74a0-8884-24b7b734f296",
    email: "test@example.com",
    role: "system_admin",
    cose_key: "Ym9vdHN0cmFwX2Nvc2Vfa2V5",
    credential_id: "Ym9vdHN0cmFwX2NyZWRlbnRpYWxfaWQ=",
    registered_at: "2026-03-20T16:48:33.024173Z",
    display_name: "Test User",
    status: "active"
  },
  created_at: ~U[2026-03-20 16:48:33.025211Z],
  metadata: %{
    "causation_id" => "019d0c26-0b00-71d0-a1d2-041f55e92cfc",
    "correlation_id" => "019d0c26-0b00-71d0-a1d2-041f55e92cfc"
  }
}, due to:
** (Postgrex.Error) ERROR 42703 (undefined_column) column i0.id does not exist

    query: SELECT i0."id", i0."user_id", i0."org_id", i0."locale", i0."timezone", i0."notifications_enabled", i0."created_at", i0."updated_at" FROM "identity_user_settings" AS i0 WHERE (i0."id" = $1)
    (ecto_sql 3.13.4) lib/ecto/adapters/sql.ex:1113: Ecto.Adapters.SQL.raise_sql_call_error/1
    (ecto_sql 3.13.4) lib/ecto/adapters/sql.ex:1011: Ecto.Adapters.SQL.execute/6
    (ecto 3.13.5) lib/ecto/repo/queryable.ex:241: Ecto.Repo.Queryable.execute/4
    (ecto 3.13.5) lib/ecto/repo/queryable.ex:19: Ecto.Repo.Queryable.all/3
    (ecto 3.13.5) lib/ecto/repo/queryable.ex:163: Ecto.Repo.Queryable.one/3
    (nexus 0.1.0) lib/nexus/identity/projectors/user_registration_projector.ex:53: anonymous fn/3 in Nexus.Identity.Projectors.UserRegistrationProjector.project_registration/3
    (ecto 3.13.5) lib/ecto/multi.ex:905: Ecto.Multi.apply_operation/5
    (elixir 1.19.5) lib/enum.ex:2520: Enum."-reduce/3-lists^foldl/2-0-"/3
    (ecto 3.13.5) lib/ecto/multi.ex:878: anonymous fn/5 in Ecto.Multi.apply_operations/5
    (ecto_sql 3.13.4) lib/ecto/adapters/sql.ex:1473: anonymous fn/3 in Ecto.Adapters.SQL.checkout_or_transaction/4
    (db_connection 2.9.0) lib/db_connection.ex:1747: DBConnection.run_transaction/4
    (ecto 3.13.5) lib/ecto/repo/transaction.ex:30: Ecto.Repo.Transaction.transact/4
    (nexus 0.1.0) deps/commanded_ecto_projections/lib/projections/ecto.ex:97: Nexus.Identity.Projectors.UserRegistrationProjector.update_projection/3
    (commanded 1.4.9) lib/commanded/event/handler.ex:1221: Commanded.Event.Handler.delegate_event_to_handler/2
    (commanded 1.4.9) lib/commanded/event/handler.ex:1062: Commanded.Event.Handler.handle_event/3
    (elixir 1.19.5) lib/enum.ex:2520: Enum."-reduce/3-lists^foldl/2-0-"/3
    (commanded 1.4.9) lib/commanded/event/handler.ex:969: Commanded.Event.Handler.handle_info/2
    (stdlib 7.1) gen_server.erl:2434: :gen_server.try_handle_info/3
    (stdlib 7.1) gen_server.erl:2420: :gen_server.handle_msg/3
    (stdlib 7.1) proc_lib.erl:333: :proc_lib.init_p_do_apply/3

23:10:04.282 [warning] Nexus.Identity.Projectors.UserRegistrationProjector has requested to stop: %Postgrex.Error{message: nil, postgres: %{code: :undefined_column, line: "3721", message: "column i0.id does not exist", position: "8", file: "parse_relation.c", unknown: "ERROR", severity: "ERROR", pg_code: "42703", routine: "errorMissingColumn"}, connection_id: 3152, query: "SELECT i0.\"id\", i0.\"user_id\", i0.\"org_id\", i0.\"locale\", i0.\"timezone\", i0.\"notifications_enabled\", i0.\"created_at\", i0.\"updated_at\" FROM \"identity_user_settings\" AS i0 WHERE (i0.\"id\" = $1)"}
23:10:04.282 [debug] Nexus.Identity.Projectors.UserRegistrationProjector is shutting down due to %Postgrex.Error{message: nil, postgres: %{code: :undefined_column, line: "3721", message: "column i0.id does not exist", position: "8", file: "parse_relation.c", unknown: "ERROR", severity: "ERROR", pg_code: "42703", routine: "errorMissingColumn"}, connection_id: 3152, query: "SELECT i0.\"id\", i0.\"user_id\", i0.\"org_id\", i0.\"locale\", i0.\"timezone\", i0.\"notifications_enabled\", i0.\"created_at\", i0.\"updated_at\" FROM \"identity_user_settings\" AS i0 WHERE (i0.\"id\" = $1)"}
23:10:04.282 [error] GenServer {Nexus.App.LocalRegistry, {Nexus.App, Commanded.Event.Handler, "Identity.Projectors.UserRegistrationProjector"}} terminating
** (stop) %Postgrex.Error{message: nil, postgres: %{code: :undefined_column, line: "3721", message: "column i0.id does not exist", position: "8", file: "parse_relation.c", unknown: "ERROR", severity: "ERROR", pg_code: "42703", routine: "errorMissingColumn"}, connection_id: 3152, query: "SELECT i0.\"id\", i0.\"user_id\", i0.\"org_id\", i0.\"locale\", i0.\"timezone\", i0.\"notifications_enabled\", i0.\"created_at\", i0.\"updated_at\" FROM \"identity_user_settings\" AS i0 WHERE (i0.\"id\" = $1)"}
Last message: {:events, [%Commanded.EventStore.RecordedEvent{event_id: "282ec866-f518-44ed-95f6-7a535d6c3e25", event_number: 11262, stream_id: "019d0c26-0b00-74a0-bd6d-48329cf61a57", stream_version: 1, causation_id: "d64809a4-8402-4360-8536-99b7a0f860ca", correlation_id: "e0f4b4bb-483c-4914-aaaa-956d1587d67e", event_type: "Elixir.Nexus.Identity.Events.UserRegistered", data: %Nexus.Identity.Events.UserRegistered{user_id: "019d0c26-0b00-74a0-bd6d-48329cf61a57", org_id: "019d0c26-0b00-74a0-8884-24b7b734f296", email: "test@example.com", role: "system_admin", cose_key: "Ym9vdHN0cmFwX2Nvc2Vfa2V5", credential_id: "Ym9vdHN0cmFwX2NyZWRlbnRpYWxfaWQ=", registered_at: "2026-03-20T16:48:33.024173Z", display_name: "Test User", status: "active"}, created_at: ~U[2026-03-20 16:48:33.025211Z], metadata: %{"causation_id" => "019d0c26-0b00-71d0-a1d2-041f55e92cfc", "correlation_id" => "019d0c26-0b00-71d0-a1d2-041f55e92cfc"}}]}
State: %Commanded.Event.Handler{application: Nexus.App, consistency: :strong, handler_callback: :event, handler_name: "Identity.Projectors.UserRegistrationProjector", handler_module: Nexus.Identity.Projectors.UserRegistrationProjector, handler_state: nil, last_seen_event: nil, subscription: %Commanded.EventStore.Subscription{application: Nexus.App, backoff: {:backoff, 1000, 60000, 1000, :jitter, :undefined, :undefined}, concurrency: 1, partition_by: nil, subscribe_to: :all, subscribe_from: :origin, subscription_name: "Identity.Projectors.UserRegistrationProjector", subscription_opts: [], subscription_pid: #PID<0.3092.0>, subscription_ref: #Reference<0.504251661.3394502657.234213>}, subscribe_timer: nil}
23:10:04.282 [debug] Subscription "Identity.Projectors.UserRegistrationProjector"@"$all" subscriber #PID<0.3091.0> down due to: %Postgrex.Error{message: nil, postgres: %{code: :undefined_column, line: "3721", message: "column i0.id does not exist", position: "8", file: "parse_relation.c", unknown: "ERROR", severity: "ERROR", pg_code: "42703", routine: "errorMissingColumn"}, connection_id: 3152, query: "SELECT i0.\"id\", i0.\"user_id\", i0.\"org_id\", i0.\"locale\", i0.\"timezone\", i0.\"notifications_enabled\", i0.\"created_at\", i0.\"updated_at\" FROM \"identity_user_settings\" AS i0 WHERE (i0.\"id\" = $1)"}
23:10:04.282 [debug] Subscription "Identity.Projectors.UserRegistrationProjector"@"$all" has no subscribers, shutting down
23:10:04.282 [error] GenServer {Nexus.EventStore.EventStore.Subscriptions.Registry, {"$all", "Identity.Projectors.UserRegistrationProjector"}} terminating
** (stop) %Postgrex.Error{message: nil, postgres: %{code: :undefined_column, line: "3721", message: "column i0.id does not exist", position: "8", file: "parse_relation.c", unknown: "ERROR", severity: "ERROR", pg_code: "42703", routine: "errorMissingColumn"}, connection_id: 3152, query: "SELECT i0.\"id\", i0.\"user_id\", i0.\"org_id\", i0.\"locale\", i0.\"timezone\", i0.\"notifications_enabled\", i0.\"created_at\", i0.\"updated_at\" FROM \"identity_user_settings\" AS i0 WHERE (i0.\"id\" = $1)"}
Last message: {:DOWN, #Reference<0.504251661.3394502657.234195>, :process, #PID<0.3091.0>, %Postgrex.Error{message: nil, postgres: %{code: :undefined_column, line: "3721", message: "column i0.id does not exist", position: "8", file: "parse_relation.c", unknown: "ERROR", severity: "ERROR", pg_code: "42703", routine: "errorMissingColumn"}, connection_id: 3152, query: "SELECT i0.\"id\", i0.\"user_id\", i0.\"org_id\", i0.\"locale\", i0.\"timezone\", i0.\"notifications_enabled\", i0.\"created_at\", i0.\"updated_at\" FROM \"identity_user_settings\" AS i0 WHERE (i0.\"id\" = $1)"}}
State: %EventStore.Subscriptions.Subscription{stream_uuid: "$all", subscription_name: "Identity.Projectors.UserRegistrationProjector", subscription: %EventStore.Subscriptions.SubscriptionFsm{state: :unsubscribed, data: %EventStore.Subscriptions.SubscriptionState{conn: Nexus.EventStore.Postgrex, event_store: Nexus.EventStore, serializer: Commanded.Serialization.JsonSerializer, schema: "event_store", stream_uuid: "$all", start_from: 0, subscription_name: "Identity.Projectors.UserRegistrationProjector", subscription_id: 405, selector: nil, mapper: &Commanded.EventStore.Adapters.EventStore.Mapper.from_recorded_event/1, max_size: 1000, partition_by: nil, query_timeout: 15000, lock_ref: #Reference<0.504251661.3394502658.83276>, last_received: 12232, last_sent: 11262, last_ack: 11261, queue_size: 971, buffer_size: 1, checkpoint_after: 0, checkpoint_threshold: 1, checkpoint_timer_ref: nil, checkpoints_pending: 0, subscribers: %{}, partitions: %{nil: {[%EventStore.RecordedEvent{event_number: 12232, event_id: "84d7f523-80de-4910-9695-01390279d304", stream_uuid: "631ffb8b-126b-40c3-8203-4988912dccac", stream_version: 2, correlation_id: "ca3083d5-c8ab-4f2c-95cc-e9398e31863f", causation_id: "580058c8-e004-40a4-b45d-9e8ab0fd9664", event_type: "Elixir.Nexus.Identity.Events.SessionStarted", data: %Nexus.Identity.Events.SessionStarted{org_id: "e205ad5a-5aff-40fd-9840-2f1860363ab1", user_id: "631ffb8b-126b-40c3-8203-4988912dccac", session_id: "164564ba-390e-4fbd-b7fa-07def19cf535", session_token: "mock-token", user_agent: "Mozilla/5.0 (Macintosh; Intel Mac OS X 10_15_7)", ip_address: "127.0.0.1", started_at: "2026-03-20T23:10:04.226401Z"}, metadata: %{"causation_id" => "019d0d83-55c2-7fbb-8cfd-66cf24561fd5", "correlation_id" => "019d0d83-55c2-7fbb-8cfd-66cf24561fd5"}, created_at: ~U[2026-03-20 23:10:04.226883Z]}, %EventStore.RecordedEvent{event_number: 12231, event_id: "b58748f2-cd92-4a46-911f-0bab7e16bcce", stream_uuid: "631ffb8b-126b-40c3-8203-4988912dccac", stream_version: 1, correlation_id: "e6b4b1b3-a306-4e46-a407-4ee295b2567e", causation_id: "6c36c5b1-b472-491a-93d4-d21335dab8e5", event_type: "Elixir.Nexus.Identity.Events.UserRegistered", data: %Nexus.Identity.Events.UserRegistered{user_id: "631ffb8b-126b-40c3-8203-4988912dccac", org_id: "e205ad5a-5aff-40fd-9840-2f1860363ab1", email: "bernard-92b69317-ceac-4570-a4dc-e181657c44c8@nexus.financial", role: "admin", cose_key: "bW9jaw==", credential_id: "bW9jaw==", registered_at: "2026-03-20T23:10:04.023004Z", display_name: "Bernard", status: "active"}, metadata: %{"causation_id" => "019d0d83-54f7-7795-b212-00ae72ff09d4", "correlation_id" => "019d0d83-54f7-7795-b212-00ae72ff09d4"}, created_at: ~U[2026-03-20 23:10:04.024222Z]}, %EventStore.RecordedEvent{event_number: 12230, event_id: "18516aae-860c-4533-8cef-1f1cc9898a6b", stream_uuid: "0a2320b8-ea62-4944-91fc-b1a081d94b4f", stream_version: 2, correlation_id: "3439d5db-8df0-40d7-b3f9-7c79af370711", causation_id: "c46ea7f8-115b-44b2-b9fb-5238f503624f", event_type: "Elixir.Nexus.Identity.Events.SessionStarted", data: %Nexus.Identity.Events.SessionStarted{org_id: "cb85a832-0e01-453c-9c74-126aa4f990be", user_id: "0a2320b8-ea62-4944-91fc-b1a081d94b4f", session_id: "8604ab1b-1c1d-4dc9-a88d-88e80166047a", session_token: "mock-token", user_agent: "Mozilla/5.0 (Macintosh; Intel Mac OS X 10_15_7)", ip_address: "127.0.0.1", started_at: "2026-03-20T23:10:03.714460Z"}, metadata: %{"causation_id" => "019d0d83-53c2-7918-aa39-3fa0df65a469", "correlation_id" => "019d0d83-53c2-7918-aa39-3fa0df65a469"}, created_at: ~U[2026-03-20 23:10:03.715069Z]}, %EventStore.RecordedEvent{event_number: 12229, event_id: "88438d34-4046-4a41-b85b-67d256cca5e5", stream_uuid: "0a2320b8-ea62-4944-91fc-b1a081d94b4f", stream_version: 1, correlation_id: "a64c1aaf-4c8a-4a0a-8e73-1cb004416bc9", ...}, ...], ...}}, ...}}, ...}
23:10:04.283 [debug] Nexus.Identity.Projectors.UserRegistrationProjector is shutting down due to {%Postgrex.Error{message: nil, postgres: %{code: :undefined_column, line: "3721", message: "column i0.id does not exist", position: "8", file: "parse_relation.c", unknown: "ERROR", severity: "ERROR", pg_code: "42703", routine: "errorMissingColumn"}, connection_id: 3152, query: "SELECT i0.\"id\", i0.\"user_id\", i0.\"org_id\", i0.\"locale\", i0.\"timezone\", i0.\"notifications_enabled\", i0.\"created_at\", i0.\"updated_at\" FROM \"identity_user_settings\" AS i0 WHERE (i0.\"id\" = $1)"}, {GenServer, :call, [#PID<0.3092.0>, {:connect, #PID<0.3093.0>, [retry_interval: 60000, hibernate_after: 15000, partition_by: nil, concurrency_limit: 1, name: Nexus.EventStore, mapper: &Commanded.EventStore.Adapters.EventStore.Mapper.from_recorded_event/1, conn: Nexus.EventStore.Postgrex, event_store: Nexus.EventStore, query_timeout: 15000, schema: "event_store", serializer: Commanded.Serialization.JsonSerializer, stream_uuid: "$all", subscription_name: "Identity.Projectors.UserRegistrationProjector", start_from: 0]}, 5000]}}
23:10:04.283 [error] GenServer {Nexus.App.LocalRegistry, {Nexus.App, Commanded.Event.Handler, "Identity.Projectors.UserRegistrationProjector"}} terminating
** (stop) exited in: GenServer.call(#PID<0.3092.0>, {:connect, #PID<0.3093.0>, [retry_interval: 60000, hibernate_after: 15000, partition_by: nil, concurrency_limit: 1, name: Nexus.EventStore, mapper: &Commanded.EventStore.Adapters.EventStore.Mapper.from_recorded_event/1, conn: Nexus.EventStore.Postgrex, event_store: Nexus.EventStore, query_timeout: 15000, schema: "event_store", serializer: Commanded.Serialization.JsonSerializer, stream_uuid: "$all", subscription_name: "Identity.Projectors.UserRegistrationProjector", start_from: 0]}, 5000)
    ** (EXIT) %Postgrex.Error{message: nil, postgres: %{code: :undefined_column, line: "3721", message: "column i0.id does not exist", position: "8", file: "parse_relation.c", unknown: "ERROR", severity: "ERROR", pg_code: "42703", routine: "errorMissingColumn"}, connection_id: 3152, query: "SELECT i0.\"id\", i0.\"user_id\", i0.\"org_id\", i0.\"locale\", i0.\"timezone\", i0.\"notifications_enabled\", i0.\"created_at\", i0.\"updated_at\" FROM \"identity_user_settings\" AS i0 WHERE (i0.\"id\" = $1)"}
    (elixir 1.19.5) lib/gen_server.ex:1142: GenServer.call/3
    (commanded 1.4.9) lib/commanded/event_store.ex:289: anonymous fn/2 in Commanded.EventStore.span/3
    (telemetry 1.3.0) /Users/bernard/dev/nexus/deps/telemetry/src/telemetry.erl:324: :telemetry.span/3
    (commanded 1.4.9) lib/commanded/event_store/subscription.ex:58: Commanded.EventStore.Subscription.subscribe/2
    (commanded 1.4.9) lib/commanded/event/handler.ex:1024: Commanded.Event.Handler.subscribe_to_events/1
    (commanded 1.4.9) lib/commanded/event/handler.ex:887: Commanded.Event.Handler.handle_continue/2
    (stdlib 7.1) gen_server.erl:2424: :gen_server.try_handle_continue/3
    (stdlib 7.1) gen_server.erl:2291: :gen_server.loop/4
    (stdlib 7.1) proc_lib.erl:333: :proc_lib.init_p_do_apply/3
Last message: {:continue, :subscribe_to_events}
State: %Commanded.Event.Handler{application: Nexus.App, consistency: :strong, handler_callback: :event, handler_name: "Identity.Projectors.UserRegistrationProjector", handler_module: Nexus.Identity.Projectors.UserRegistrationProjector, handler_state: nil, last_seen_event: nil, subscription: %Commanded.EventStore.Subscription{application: Nexus.App, backoff: {:backoff, 1000, 60000, 1000, :jitter, :undefined, :undefined}, concurrency: 1, partition_by: nil, subscribe_to: :all, subscribe_from: :origin, subscription_name: "Identity.Projectors.UserRegistrationProjector", subscription_opts: [], subscription_pid: nil, subscription_ref: nil}, subscribe_timer: nil}
23:10:04.283 [debug] Subscription "Identity.Projectors.UserRegistrationProjector"@"$all" attempting to connect subscriber #PID<0.3094.0>
23:10:04.284 [debug] Subscription "Identity.Projectors.UserRegistrationProjector"@"$all" catching-up
23:10:04.284 [debug] Nexus.Identity.Projectors.UserRegistrationProjector has successfully subscribed to event store
23:10:04.297 [debug] Nexus.Identity.Projectors.UserRegistrationProjector received events: [%Commanded.EventStore.RecordedEvent{event_id: "282ec866-f518-44ed-95f6-7a535d6c3e25", event_number: 11262, stream_id: "019d0c26-0b00-74a0-bd6d-48329cf61a57", stream_version: 1, causation_id: "d64809a4-8402-4360-8536-99b7a0f860ca", correlation_id: "e0f4b4bb-483c-4914-aaaa-956d1587d67e", event_type: "Elixir.Nexus.Identity.Events.UserRegistered", data: %Nexus.Identity.Events.UserRegistered{user_id: "019d0c26-0b00-74a0-bd6d-48329cf61a57", org_id: "019d0c26-0b00-74a0-8884-24b7b734f296", email: "test@example.com", role: "system_admin", cose_key: "Ym9vdHN0cmFwX2Nvc2Vfa2V5", credential_id: "Ym9vdHN0cmFwX2NyZWRlbnRpYWxfaWQ=", registered_at: "2026-03-20T16:48:33.024173Z", display_name: "Test User", status: "active"}, created_at: ~U[2026-03-20 16:48:33.025211Z], metadata: %{"causation_id" => "019d0c26-0b00-71d0-a1d2-041f55e92cfc", "correlation_id" => "019d0c26-0b00-71d0-a1d2-041f55e92cfc"}}]
23:10:04.298 [debug] QUERY OK db=0.1ms
begin []
23:10:04.298 [debug] QUERY OK source="projection_versions" db=0.1ms
INSERT INTO "projection_versions" AS p0 ("projection_name","last_seen_event_number","inserted_at","updated_at") VALUES ($1,$2,$3,$4) ON CONFLICT ("projection_name") DO UPDATE SET "last_seen_event_number" = $5 WHERE ((p0."projection_name" = $6) AND (p0."last_seen_event_number" < $7)) ["Identity.Projectors.UserRegistrationProjector", 11262, ~N[2026-03-20 23:10:04.298141], ~N[2026-03-20 23:10:04.298141], 11262, "Identity.Projectors.UserRegistrationProjector", 11262]
23:10:04.298 [debug] QUERY OK source="users" db=0.1ms
SELECT u0."id", u0."org_id", u0."email", u0."display_name", u0."status", u0."cose_key", u0."credential_id", u0."roles", u0."created_at", u0."updated_at" FROM "users" AS u0 WHERE (u0."id" = $1) ["019d0c26-0b00-74a0-bd6d-48329cf61a57"]
23:10:04.298 [debug] QUERY OK source="users" db=0.1ms
SELECT u0."id", u0."org_id", u0."email", u0."display_name", u0."status", u0."cose_key", u0."credential_id", u0."roles", u0."created_at", u0."updated_at" FROM "users" AS u0 WHERE (u0."email" = $1) ["test@example.com"]
23:10:04.298 [debug] QUERY OK source="users" db=0.1ms
INSERT INTO "users" ("id","status","org_id","email","display_name","roles","cose_key","credential_id","created_at","updated_at") VALUES ($1,$2,$3,$4,$5,$6,$7,$8,$9,$10) ["019d0c26-0b00-74a0-bd6d-48329cf61a57", "active", "019d0c26-0b00-74a0-8884-24b7b734f296", "test@example.com", "Test User", ["system_admin"], "bootstrap_cose_key", "bootstrap_credential_id", ~U[2026-03-20 23:10:04.298774Z], ~U[2026-03-20 23:10:04.298774Z]]
23:10:04.299 [debug] QUERY ERROR source="identity_user_settings" db=0.0ms
SELECT i0."id", i0."user_id", i0."org_id", i0."locale", i0."timezone", i0."notifications_enabled", i0."created_at", i0."updated_at" FROM "identity_user_settings" AS i0 WHERE (i0."id" = $1) ["019d0c26-0b00-74a0-bd6d-48329cf61a57"]
23:10:04.299 [debug] QUERY OK db=0.1ms
rollback []
23:10:04.300 [error] Nexus.Identity.Projectors.UserRegistrationProjector failed to handle event:
%Commanded.EventStore.RecordedEvent{
  event_id: "282ec866-f518-44ed-95f6-7a535d6c3e25",
  event_number: 11262,
  stream_id: "019d0c26-0b00-74a0-bd6d-48329cf61a57",
  stream_version: 1,
  causation_id: "d64809a4-8402-4360-8536-99b7a0f860ca",
  correlation_id: "e0f4b4bb-483c-4914-aaaa-956d1587d67e",
  event_type: "Elixir.Nexus.Identity.Events.UserRegistered",
  data: %Nexus.Identity.Events.UserRegistered{
    user_id: "019d0c26-0b00-74a0-bd6d-48329cf61a57",
    org_id: "019d0c26-0b00-74a0-8884-24b7b734f296",
    email: "test@example.com",
    role: "system_admin",
    cose_key: "Ym9vdHN0cmFwX2Nvc2Vfa2V5",
    credential_id: "Ym9vdHN0cmFwX2NyZWRlbnRpYWxfaWQ=",
    registered_at: "2026-03-20T16:48:33.024173Z",
    display_name: "Test User",
    status: "active"
  },
  created_at: ~U[2026-03-20 16:48:33.025211Z],
  metadata: %{
    "causation_id" => "019d0c26-0b00-71d0-a1d2-041f55e92cfc",
    "correlation_id" => "019d0c26-0b00-71d0-a1d2-041f55e92cfc"
  }
}, due to:
** (Postgrex.Error) ERROR 42703 (undefined_column) column i0.id does not exist

    query: SELECT i0."id", i0."user_id", i0."org_id", i0."locale", i0."timezone", i0."notifications_enabled", i0."created_at", i0."updated_at" FROM "identity_user_settings" AS i0 WHERE (i0."id" = $1)
    (ecto_sql 3.13.4) lib/ecto/adapters/sql.ex:1113: Ecto.Adapters.SQL.raise_sql_call_error/1
    (ecto_sql 3.13.4) lib/ecto/adapters/sql.ex:1011: Ecto.Adapters.SQL.execute/6
    (ecto 3.13.5) lib/ecto/repo/queryable.ex:241: Ecto.Repo.Queryable.execute/4
    (ecto 3.13.5) lib/ecto/repo/queryable.ex:19: Ecto.Repo.Queryable.all/3
    (ecto 3.13.5) lib/ecto/repo/queryable.ex:163: Ecto.Repo.Queryable.one/3
    (nexus 0.1.0) lib/nexus/identity/projectors/user_registration_projector.ex:53: anonymous fn/3 in Nexus.Identity.Projectors.UserRegistrationProjector.project_registration/3
    (ecto 3.13.5) lib/ecto/multi.ex:905: Ecto.Multi.apply_operation/5
    (elixir 1.19.5) lib/enum.ex:2520: Enum."-reduce/3-lists^foldl/2-0-"/3
    (ecto 3.13.5) lib/ecto/multi.ex:878: anonymous fn/5 in Ecto.Multi.apply_operations/5
    (ecto_sql 3.13.4) lib/ecto/adapters/sql.ex:1473: anonymous fn/3 in Ecto.Adapters.SQL.checkout_or_transaction/4
    (db_connection 2.9.0) lib/db_connection.ex:1747: DBConnection.run_transaction/4
    (ecto 3.13.5) lib/ecto/repo/transaction.ex:30: Ecto.Repo.Transaction.transact/4
    (nexus 0.1.0) deps/commanded_ecto_projections/lib/projections/ecto.ex:97: Nexus.Identity.Projectors.UserRegistrationProjector.update_projection/3
    (commanded 1.4.9) lib/commanded/event/handler.ex:1221: Commanded.Event.Handler.delegate_event_to_handler/2
    (commanded 1.4.9) lib/commanded/event/handler.ex:1062: Commanded.Event.Handler.handle_event/3
    (elixir 1.19.5) lib/enum.ex:2520: Enum."-reduce/3-lists^foldl/2-0-"/3
    (commanded 1.4.9) lib/commanded/event/handler.ex:969: Commanded.Event.Handler.handle_info/2
    (stdlib 7.1) gen_server.erl:2434: :gen_server.try_handle_info/3
    (stdlib 7.1) gen_server.erl:2420: :gen_server.handle_msg/3
    (stdlib 7.1) proc_lib.erl:333: :proc_lib.init_p_do_apply/3

23:10:04.300 [warning] Nexus.Identity.Projectors.UserRegistrationProjector has requested to stop: %Postgrex.Error{message: nil, postgres: %{code: :undefined_column, line: "3721", message: "column i0.id does not exist", position: "8", file: "parse_relation.c", unknown: "ERROR", severity: "ERROR", pg_code: "42703", routine: "errorMissingColumn"}, connection_id: 3152, query: "SELECT i0.\"id\", i0.\"user_id\", i0.\"org_id\", i0.\"locale\", i0.\"timezone\", i0.\"notifications_enabled\", i0.\"created_at\", i0.\"updated_at\" FROM \"identity_user_settings\" AS i0 WHERE (i0.\"id\" = $1)"}
23:10:04.300 [debug] Nexus.Identity.Projectors.UserRegistrationProjector is shutting down due to %Postgrex.Error{message: nil, postgres: %{code: :undefined_column, line: "3721", message: "column i0.id does not exist", position: "8", file: "parse_relation.c", unknown: "ERROR", severity: "ERROR", pg_code: "42703", routine: "errorMissingColumn"}, connection_id: 3152, query: "SELECT i0.\"id\", i0.\"user_id\", i0.\"org_id\", i0.\"locale\", i0.\"timezone\", i0.\"notifications_enabled\", i0.\"created_at\", i0.\"updated_at\" FROM \"identity_user_settings\" AS i0 WHERE (i0.\"id\" = $1)"}
23:10:04.300 [error] GenServer {Nexus.App.LocalRegistry, {Nexus.App, Commanded.Event.Handler, "Identity.Projectors.UserRegistrationProjector"}} terminating
** (stop) %Postgrex.Error{message: nil, postgres: %{code: :undefined_column, line: "3721", message: "column i0.id does not exist", position: "8", file: "parse_relation.c", unknown: "ERROR", severity: "ERROR", pg_code: "42703", routine: "errorMissingColumn"}, connection_id: 3152, query: "SELECT i0.\"id\", i0.\"user_id\", i0.\"org_id\", i0.\"locale\", i0.\"timezone\", i0.\"notifications_enabled\", i0.\"created_at\", i0.\"updated_at\" FROM \"identity_user_settings\" AS i0 WHERE (i0.\"id\" = $1)"}
Last message: {:events, [%Commanded.EventStore.RecordedEvent{event_id: "282ec866-f518-44ed-95f6-7a535d6c3e25", event_number: 11262, stream_id: "019d0c26-0b00-74a0-bd6d-48329cf61a57", stream_version: 1, causation_id: "d64809a4-8402-4360-8536-99b7a0f860ca", correlation_id: "e0f4b4bb-483c-4914-aaaa-956d1587d67e", event_type: "Elixir.Nexus.Identity.Events.UserRegistered", data: %Nexus.Identity.Events.UserRegistered{user_id: "019d0c26-0b00-74a0-bd6d-48329cf61a57", org_id: "019d0c26-0b00-74a0-8884-24b7b734f296", email: "test@example.com", role: "system_admin", cose_key: "Ym9vdHN0cmFwX2Nvc2Vfa2V5", credential_id: "Ym9vdHN0cmFwX2NyZWRlbnRpYWxfaWQ=", registered_at: "2026-03-20T16:48:33.024173Z", display_name: "Test User", status: "active"}, created_at: ~U[2026-03-20 16:48:33.025211Z], metadata: %{"causation_id" => "019d0c26-0b00-71d0-a1d2-041f55e92cfc", "correlation_id" => "019d0c26-0b00-71d0-a1d2-041f55e92cfc"}}]}
State: %Commanded.Event.Handler{application: Nexus.App, consistency: :strong, handler_callback: :event, handler_name: "Identity.Projectors.UserRegistrationProjector", handler_module: Nexus.Identity.Projectors.UserRegistrationProjector, handler_state: nil, last_seen_event: nil, subscription: %Commanded.EventStore.Subscription{application: Nexus.App, backoff: {:backoff, 1000, 60000, 1000, :jitter, :undefined, :undefined}, concurrency: 1, partition_by: nil, subscribe_to: :all, subscribe_from: :origin, subscription_name: "Identity.Projectors.UserRegistrationProjector", subscription_opts: [], subscription_pid: #PID<0.3095.0>, subscription_ref: #Reference<0.504251661.3394502657.234296>}, subscribe_timer: nil}
23:10:04.300 [debug] Subscription "Identity.Projectors.UserRegistrationProjector"@"$all" subscriber #PID<0.3094.0> down due to: %Postgrex.Error{message: nil, postgres: %{code: :undefined_column, line: "3721", message: "column i0.id does not exist", position: "8", file: "parse_relation.c", unknown: "ERROR", severity: "ERROR", pg_code: "42703", routine: "errorMissingColumn"}, connection_id: 3152, query: "SELECT i0.\"id\", i0.\"user_id\", i0.\"org_id\", i0.\"locale\", i0.\"timezone\", i0.\"notifications_enabled\", i0.\"created_at\", i0.\"updated_at\" FROM \"identity_user_settings\" AS i0 WHERE (i0.\"id\" = $1)"}
23:10:04.300 [debug] Subscription "Identity.Projectors.UserRegistrationProjector"@"$all" has no subscribers, shutting down
23:10:04.300 [error] GenServer {Nexus.EventStore.EventStore.Subscriptions.Registry, {"$all", "Identity.Projectors.UserRegistrationProjector"}} terminating
** (stop) %Postgrex.Error{message: nil, postgres: %{code: :undefined_column, line: "3721", message: "column i0.id does not exist", position: "8", file: "parse_relation.c", unknown: "ERROR", severity: "ERROR", pg_code: "42703", routine: "errorMissingColumn"}, connection_id: 3152, query: "SELECT i0.\"id\", i0.\"user_id\", i0.\"org_id\", i0.\"locale\", i0.\"timezone\", i0.\"notifications_enabled\", i0.\"created_at\", i0.\"updated_at\" FROM \"identity_user_settings\" AS i0 WHERE (i0.\"id\" = $1)"}
Last message: {:DOWN, #Reference<0.504251661.3394502658.83478>, :process, #PID<0.3094.0>, %Postgrex.Error{message: nil, postgres: %{code: :undefined_column, line: "3721", message: "column i0.id does not exist", position: "8", file: "parse_relation.c", unknown: "ERROR", severity: "ERROR", pg_code: "42703", routine: "errorMissingColumn"}, connection_id: 3152, query: "SELECT i0.\"id\", i0.\"user_id\", i0.\"org_id\", i0.\"locale\", i0.\"timezone\", i0.\"notifications_enabled\", i0.\"created_at\", i0.\"updated_at\" FROM \"identity_user_settings\" AS i0 WHERE (i0.\"id\" = $1)"}}
State: %EventStore.Subscriptions.Subscription{stream_uuid: "$all", subscription_name: "Identity.Projectors.UserRegistrationProjector", subscription: %EventStore.Subscriptions.SubscriptionFsm{state: :unsubscribed, data: %EventStore.Subscriptions.SubscriptionState{conn: Nexus.EventStore.Postgrex, event_store: Nexus.EventStore, serializer: Commanded.Serialization.JsonSerializer, schema: "event_store", stream_uuid: "$all", start_from: 0, subscription_name: "Identity.Projectors.UserRegistrationProjector", subscription_id: 405, selector: nil, mapper: &Commanded.EventStore.Adapters.EventStore.Mapper.from_recorded_event/1, max_size: 1000, partition_by: nil, query_timeout: 15000, lock_ref: #Reference<0.504251661.3394502658.83487>, last_received: 12232, last_sent: 11262, last_ack: 11261, queue_size: 971, buffer_size: 1, checkpoint_after: 0, checkpoint_threshold: 1, checkpoint_timer_ref: nil, checkpoints_pending: 0, subscribers: %{}, partitions: %{nil: {[%EventStore.RecordedEvent{event_number: 12232, event_id: "84d7f523-80de-4910-9695-01390279d304", stream_uuid: "631ffb8b-126b-40c3-8203-4988912dccac", stream_version: 2, correlation_id: "ca3083d5-c8ab-4f2c-95cc-e9398e31863f", causation_id: "580058c8-e004-40a4-b45d-9e8ab0fd9664", event_type: "Elixir.Nexus.Identity.Events.SessionStarted", data: %Nexus.Identity.Events.SessionStarted{org_id: "e205ad5a-5aff-40fd-9840-2f1860363ab1", user_id: "631ffb8b-126b-40c3-8203-4988912dccac", session_id: "164564ba-390e-4fbd-b7fa-07def19cf535", session_token: "mock-token", user_agent: "Mozilla/5.0 (Macintosh; Intel Mac OS X 10_15_7)", ip_address: "127.0.0.1", started_at: "2026-03-20T23:10:04.226401Z"}, metadata: %{"causation_id" => "019d0d83-55c2-7fbb-8cfd-66cf24561fd5", "correlation_id" => "019d0d83-55c2-7fbb-8cfd-66cf24561fd5"}, created_at: ~U[2026-03-20 23:10:04.226883Z]}, %EventStore.RecordedEvent{event_number: 12231, event_id: "b58748f2-cd92-4a46-911f-0bab7e16bcce", stream_uuid: "631ffb8b-126b-40c3-8203-4988912dccac", stream_version: 1, correlation_id: "e6b4b1b3-a306-4e46-a407-4ee295b2567e", causation_id: "6c36c5b1-b472-491a-93d4-d21335dab8e5", event_type: "Elixir.Nexus.Identity.Events.UserRegistered", data: %Nexus.Identity.Events.UserRegistered{user_id: "631ffb8b-126b-40c3-8203-4988912dccac", org_id: "e205ad5a-5aff-40fd-9840-2f1860363ab1", email: "bernard-92b69317-ceac-4570-a4dc-e181657c44c8@nexus.financial", role: "admin", cose_key: "bW9jaw==", credential_id: "bW9jaw==", registered_at: "2026-03-20T23:10:04.023004Z", display_name: "Bernard", status: "active"}, metadata: %{"causation_id" => "019d0d83-54f7-7795-b212-00ae72ff09d4", "correlation_id" => "019d0d83-54f7-7795-b212-00ae72ff09d4"}, created_at: ~U[2026-03-20 23:10:04.024222Z]}, %EventStore.RecordedEvent{event_number: 12230, event_id: "18516aae-860c-4533-8cef-1f1cc9898a6b", stream_uuid: "0a2320b8-ea62-4944-91fc-b1a081d94b4f", stream_version: 2, correlation_id: "3439d5db-8df0-40d7-b3f9-7c79af370711", causation_id: "c46ea7f8-115b-44b2-b9fb-5238f503624f", event_type: "Elixir.Nexus.Identity.Events.SessionStarted", data: %Nexus.Identity.Events.SessionStarted{org_id: "cb85a832-0e01-453c-9c74-126aa4f990be", user_id: "0a2320b8-ea62-4944-91fc-b1a081d94b4f", session_id: "8604ab1b-1c1d-4dc9-a88d-88e80166047a", session_token: "mock-token", user_agent: "Mozilla/5.0 (Macintosh; Intel Mac OS X 10_15_7)", ip_address: "127.0.0.1", started_at: "2026-03-20T23:10:03.714460Z"}, metadata: %{"causation_id" => "019d0d83-53c2-7918-aa39-3fa0df65a469", "correlation_id" => "019d0d83-53c2-7918-aa39-3fa0df65a469"}, created_at: ~U[2026-03-20 23:10:03.715069Z]}, %EventStore.RecordedEvent{event_number: 12229, event_id: "88438d34-4046-4a41-b85b-67d256cca5e5", stream_uuid: "0a2320b8-ea62-4944-91fc-b1a081d94b4f", stream_version: 1, correlation_id: "a64c1aaf-4c8a-4a0a-8e73-1cb004416bc9", ...}, ...], ...}}, ...}}, ...}
23:10:04.301 [debug] Nexus.Identity.Projectors.UserRegistrationProjector is shutting down due to {%Postgrex.Error{message: nil, postgres: %{code: :undefined_column, line: "3721", message: "column i0.id does not exist", position: "8", file: "parse_relation.c", unknown: "ERROR", severity: "ERROR", pg_code: "42703", routine: "errorMissingColumn"}, connection_id: 3152, query: "SELECT i0.\"id\", i0.\"user_id\", i0.\"org_id\", i0.\"locale\", i0.\"timezone\", i0.\"notifications_enabled\", i0.\"created_at\", i0.\"updated_at\" FROM \"identity_user_settings\" AS i0 WHERE (i0.\"id\" = $1)"}, {GenServer, :call, [#PID<0.3095.0>, {:connect, #PID<0.3096.0>, [retry_interval: 60000, hibernate_after: 15000, partition_by: nil, concurrency_limit: 1, name: Nexus.EventStore, mapper: &Commanded.EventStore.Adapters.EventStore.Mapper.from_recorded_event/1, conn: Nexus.EventStore.Postgrex, event_store: Nexus.EventStore, query_timeout: 15000, schema: "event_store", serializer: Commanded.Serialization.JsonSerializer, stream_uuid: "$all", subscription_name: "Identity.Projectors.UserRegistrationProjector", start_from: 0]}, 5000]}}
23:10:04.301 [error] GenServer {Nexus.App.LocalRegistry, {Nexus.App, Commanded.Event.Handler, "Identity.Projectors.UserRegistrationProjector"}} terminating
** (stop) exited in: GenServer.call(#PID<0.3095.0>, {:connect, #PID<0.3096.0>, [retry_interval: 60000, hibernate_after: 15000, partition_by: nil, concurrency_limit: 1, name: Nexus.EventStore, mapper: &Commanded.EventStore.Adapters.EventStore.Mapper.from_recorded_event/1, conn: Nexus.EventStore.Postgrex, event_store: Nexus.EventStore, query_timeout: 15000, schema: "event_store", serializer: Commanded.Serialization.JsonSerializer, stream_uuid: "$all", subscription_name: "Identity.Projectors.UserRegistrationProjector", start_from: 0]}, 5000)
    ** (EXIT) %Postgrex.Error{message: nil, postgres: %{code: :undefined_column, line: "3721", message: "column i0.id does not exist", position: "8", file: "parse_relation.c", unknown: "ERROR", severity: "ERROR", pg_code: "42703", routine: "errorMissingColumn"}, connection_id: 3152, query: "SELECT i0.\"id\", i0.\"user_id\", i0.\"org_id\", i0.\"locale\", i0.\"timezone\", i0.\"notifications_enabled\", i0.\"created_at\", i0.\"updated_at\" FROM \"identity_user_settings\" AS i0 WHERE (i0.\"id\" = $1)"}
    (elixir 1.19.5) lib/gen_server.ex:1142: GenServer.call/3
    (commanded 1.4.9) lib/commanded/event_store.ex:289: anonymous fn/2 in Commanded.EventStore.span/3
    (telemetry 1.3.0) /Users/bernard/dev/nexus/deps/telemetry/src/telemetry.erl:324: :telemetry.span/3
    (commanded 1.4.9) lib/commanded/event_store/subscription.ex:58: Commanded.EventStore.Subscription.subscribe/2
    (commanded 1.4.9) lib/commanded/event/handler.ex:1024: Commanded.Event.Handler.subscribe_to_events/1
    (commanded 1.4.9) lib/commanded/event/handler.ex:887: Commanded.Event.Handler.handle_continue/2
    (stdlib 7.1) gen_server.erl:2424: :gen_server.try_handle_continue/3
    (stdlib 7.1) gen_server.erl:2291: :gen_server.loop/4
    (stdlib 7.1) proc_lib.erl:333: :proc_lib.init_p_do_apply/3
Last message: {:continue, :subscribe_to_events}
State: %Commanded.Event.Handler{application: Nexus.App, consistency: :strong, handler_callback: :event, handler_name: "Identity.Projectors.UserRegistrationProjector", handler_module: Nexus.Identity.Projectors.UserRegistrationProjector, handler_state: nil, last_seen_event: nil, subscription: %Commanded.EventStore.Subscription{application: Nexus.App, backoff: {:backoff, 1000, 60000, 1000, :jitter, :undefined, :undefined}, concurrency: 1, partition_by: nil, subscribe_to: :all, subscribe_from: :origin, subscription_name: "Identity.Projectors.UserRegistrationProjector", subscription_opts: [], subscription_pid: nil, subscription_ref: nil}, subscribe_timer: nil}
23:10:04.301 [debug] Subscription "Identity.Projectors.UserRegistrationProjector"@"$all" attempting to connect subscriber #PID<0.3097.0>
23:10:04.302 [debug] Subscription "Identity.Projectors.UserRegistrationProjector"@"$all" catching-up
23:10:04.302 [debug] Nexus.Identity.Projectors.UserRegistrationProjector has successfully subscribed to event store
23:10:04.316 [debug] Nexus.Identity.Projectors.UserRegistrationProjector received events: [%Commanded.EventStore.RecordedEvent{event_id: "282ec866-f518-44ed-95f6-7a535d6c3e25", event_number: 11262, stream_id: "019d0c26-0b00-74a0-bd6d-48329cf61a57", stream_version: 1, causation_id: "d64809a4-8402-4360-8536-99b7a0f860ca", correlation_id: "e0f4b4bb-483c-4914-aaaa-956d1587d67e", event_type: "Elixir.Nexus.Identity.Events.UserRegistered", data: %Nexus.Identity.Events.UserRegistered{user_id: "019d0c26-0b00-74a0-bd6d-48329cf61a57", org_id: "019d0c26-0b00-74a0-8884-24b7b734f296", email: "test@example.com", role: "system_admin", cose_key: "Ym9vdHN0cmFwX2Nvc2Vfa2V5", credential_id: "Ym9vdHN0cmFwX2NyZWRlbnRpYWxfaWQ=", registered_at: "2026-03-20T16:48:33.024173Z", display_name: "Test User", status: "active"}, created_at: ~U[2026-03-20 16:48:33.025211Z], metadata: %{"causation_id" => "019d0c26-0b00-71d0-a1d2-041f55e92cfc", "correlation_id" => "019d0c26-0b00-71d0-a1d2-041f55e92cfc"}}]
23:10:04.316 [debug] QUERY OK db=0.1ms
begin []
23:10:04.316 [debug] QUERY OK source="projection_versions" db=0.1ms
INSERT INTO "projection_versions" AS p0 ("projection_name","last_seen_event_number","inserted_at","updated_at") VALUES ($1,$2,$3,$4) ON CONFLICT ("projection_name") DO UPDATE SET "last_seen_event_number" = $5 WHERE ((p0."projection_name" = $6) AND (p0."last_seen_event_number" < $7)) ["Identity.Projectors.UserRegistrationProjector", 11262, ~N[2026-03-20 23:10:04.316542], ~N[2026-03-20 23:10:04.316542], 11262, "Identity.Projectors.UserRegistrationProjector", 11262]
23:10:04.316 [debug] QUERY OK source="users" db=0.1ms
SELECT u0."id", u0."org_id", u0."email", u0."display_name", u0."status", u0."cose_key", u0."credential_id", u0."roles", u0."created_at", u0."updated_at" FROM "users" AS u0 WHERE (u0."id" = $1) ["019d0c26-0b00-74a0-bd6d-48329cf61a57"]
23:10:04.317 [debug] QUERY OK source="users" db=0.0ms
SELECT u0."id", u0."org_id", u0."email", u0."display_name", u0."status", u0."cose_key", u0."credential_id", u0."roles", u0."created_at", u0."updated_at" FROM "users" AS u0 WHERE (u0."email" = $1) ["test@example.com"]
23:10:04.317 [debug] QUERY OK source="users" db=0.1ms
INSERT INTO "users" ("id","status","org_id","email","display_name","roles","cose_key","credential_id","created_at","updated_at") VALUES ($1,$2,$3,$4,$5,$6,$7,$8,$9,$10) ["019d0c26-0b00-74a0-bd6d-48329cf61a57", "active", "019d0c26-0b00-74a0-8884-24b7b734f296", "test@example.com", "Test User", ["system_admin"], "bootstrap_cose_key", "bootstrap_credential_id", ~U[2026-03-20 23:10:04.317119Z], ~U[2026-03-20 23:10:04.317119Z]]
23:10:04.317 [debug] QUERY ERROR source="identity_user_settings" db=0.0ms
SELECT i0."id", i0."user_id", i0."org_id", i0."locale", i0."timezone", i0."notifications_enabled", i0."created_at", i0."updated_at" FROM "identity_user_settings" AS i0 WHERE (i0."id" = $1) ["019d0c26-0b00-74a0-bd6d-48329cf61a57"]
23:10:04.317 [debug] QUERY OK db=0.1ms
rollback []
23:10:04.318 [error] Nexus.Identity.Projectors.UserRegistrationProjector failed to handle event:
%Commanded.EventStore.RecordedEvent{
  event_id: "282ec866-f518-44ed-95f6-7a535d6c3e25",
  event_number: 11262,
  stream_id: "019d0c26-0b00-74a0-bd6d-48329cf61a57",
  stream_version: 1,
  causation_id: "d64809a4-8402-4360-8536-99b7a0f860ca",
  correlation_id: "e0f4b4bb-483c-4914-aaaa-956d1587d67e",
  event_type: "Elixir.Nexus.Identity.Events.UserRegistered",
  data: %Nexus.Identity.Events.UserRegistered{
    user_id: "019d0c26-0b00-74a0-bd6d-48329cf61a57",
    org_id: "019d0c26-0b00-74a0-8884-24b7b734f296",
    email: "test@example.com",
    role: "system_admin",
    cose_key: "Ym9vdHN0cmFwX2Nvc2Vfa2V5",
    credential_id: "Ym9vdHN0cmFwX2NyZWRlbnRpYWxfaWQ=",
    registered_at: "2026-03-20T16:48:33.024173Z",
    display_name: "Test User",
    status: "active"
  },
  created_at: ~U[2026-03-20 16:48:33.025211Z],
  metadata: %{
    "causation_id" => "019d0c26-0b00-71d0-a1d2-041f55e92cfc",
    "correlation_id" => "019d0c26-0b00-71d0-a1d2-041f55e92cfc"
  }
}, due to:
** (Postgrex.Error) ERROR 42703 (undefined_column) column i0.id does not exist

    query: SELECT i0."id", i0."user_id", i0."org_id", i0."locale", i0."timezone", i0."notifications_enabled", i0."created_at", i0."updated_at" FROM "identity_user_settings" AS i0 WHERE (i0."id" = $1)
    (ecto_sql 3.13.4) lib/ecto/adapters/sql.ex:1113: Ecto.Adapters.SQL.raise_sql_call_error/1
    (ecto_sql 3.13.4) lib/ecto/adapters/sql.ex:1011: Ecto.Adapters.SQL.execute/6
    (ecto 3.13.5) lib/ecto/repo/queryable.ex:241: Ecto.Repo.Queryable.execute/4
    (ecto 3.13.5) lib/ecto/repo/queryable.ex:19: Ecto.Repo.Queryable.all/3
    (ecto 3.13.5) lib/ecto/repo/queryable.ex:163: Ecto.Repo.Queryable.one/3
    (nexus 0.1.0) lib/nexus/identity/projectors/user_registration_projector.ex:53: anonymous fn/3 in Nexus.Identity.Projectors.UserRegistrationProjector.project_registration/3
    (ecto 3.13.5) lib/ecto/multi.ex:905: Ecto.Multi.apply_operation/5
    (elixir 1.19.5) lib/enum.ex:2520: Enum."-reduce/3-lists^foldl/2-0-"/3
    (ecto 3.13.5) lib/ecto/multi.ex:878: anonymous fn/5 in Ecto.Multi.apply_operations/5
    (ecto_sql 3.13.4) lib/ecto/adapters/sql.ex:1473: anonymous fn/3 in Ecto.Adapters.SQL.checkout_or_transaction/4
    (db_connection 2.9.0) lib/db_connection.ex:1747: DBConnection.run_transaction/4
    (ecto 3.13.5) lib/ecto/repo/transaction.ex:30: Ecto.Repo.Transaction.transact/4
    (nexus 0.1.0) deps/commanded_ecto_projections/lib/projections/ecto.ex:97: Nexus.Identity.Projectors.UserRegistrationProjector.update_projection/3
    (commanded 1.4.9) lib/commanded/event/handler.ex:1221: Commanded.Event.Handler.delegate_event_to_handler/2
    (commanded 1.4.9) lib/commanded/event/handler.ex:1062: Commanded.Event.Handler.handle_event/3
    (elixir 1.19.5) lib/enum.ex:2520: Enum."-reduce/3-lists^foldl/2-0-"/3
    (commanded 1.4.9) lib/commanded/event/handler.ex:969: Commanded.Event.Handler.handle_info/2
    (stdlib 7.1) gen_server.erl:2434: :gen_server.try_handle_info/3
    (stdlib 7.1) gen_server.erl:2420: :gen_server.handle_msg/3
    (stdlib 7.1) proc_lib.erl:333: :proc_lib.init_p_do_apply/3

23:10:04.318 [warning] Nexus.Identity.Projectors.UserRegistrationProjector has requested to stop: %Postgrex.Error{message: nil, postgres: %{code: :undefined_column, line: "3721", message: "column i0.id does not exist", position: "8", file: "parse_relation.c", unknown: "ERROR", severity: "ERROR", pg_code: "42703", routine: "errorMissingColumn"}, connection_id: 3152, query: "SELECT i0.\"id\", i0.\"user_id\", i0.\"org_id\", i0.\"locale\", i0.\"timezone\", i0.\"notifications_enabled\", i0.\"created_at\", i0.\"updated_at\" FROM \"identity_user_settings\" AS i0 WHERE (i0.\"id\" = $1)"}
23:10:04.318 [debug] Nexus.Identity.Projectors.UserRegistrationProjector is shutting down due to %Postgrex.Error{message: nil, postgres: %{code: :undefined_column, line: "3721", message: "column i0.id does not exist", position: "8", file: "parse_relation.c", unknown: "ERROR", severity: "ERROR", pg_code: "42703", routine: "errorMissingColumn"}, connection_id: 3152, query: "SELECT i0.\"id\", i0.\"user_id\", i0.\"org_id\", i0.\"locale\", i0.\"timezone\", i0.\"notifications_enabled\", i0.\"created_at\", i0.\"updated_at\" FROM \"identity_user_settings\" AS i0 WHERE (i0.\"id\" = $1)"}
23:10:04.318 [error] GenServer {Nexus.App.LocalRegistry, {Nexus.App, Commanded.Event.Handler, "Identity.Projectors.UserRegistrationProjector"}} terminating
** (stop) %Postgrex.Error{message: nil, postgres: %{code: :undefined_column, line: "3721", message: "column i0.id does not exist", position: "8", file: "parse_relation.c", unknown: "ERROR", severity: "ERROR", pg_code: "42703", routine: "errorMissingColumn"}, connection_id: 3152, query: "SELECT i0.\"id\", i0.\"user_id\", i0.\"org_id\", i0.\"locale\", i0.\"timezone\", i0.\"notifications_enabled\", i0.\"created_at\", i0.\"updated_at\" FROM \"identity_user_settings\" AS i0 WHERE (i0.\"id\" = $1)"}
Last message: {:events, [%Commanded.EventStore.RecordedEvent{event_id: "282ec866-f518-44ed-95f6-7a535d6c3e25", event_number: 11262, stream_id: "019d0c26-0b00-74a0-bd6d-48329cf61a57", stream_version: 1, causation_id: "d64809a4-8402-4360-8536-99b7a0f860ca", correlation_id: "e0f4b4bb-483c-4914-aaaa-956d1587d67e", event_type: "Elixir.Nexus.Identity.Events.UserRegistered", data: %Nexus.Identity.Events.UserRegistered{user_id: "019d0c26-0b00-74a0-bd6d-48329cf61a57", org_id: "019d0c26-0b00-74a0-8884-24b7b734f296", email: "test@example.com", role: "system_admin", cose_key: "Ym9vdHN0cmFwX2Nvc2Vfa2V5", credential_id: "Ym9vdHN0cmFwX2NyZWRlbnRpYWxfaWQ=", registered_at: "2026-03-20T16:48:33.024173Z", display_name: "Test User", status: "active"}, created_at: ~U[2026-03-20 16:48:33.025211Z], metadata: %{"causation_id" => "019d0c26-0b00-71d0-a1d2-041f55e92cfc", "correlation_id" => "019d0c26-0b00-71d0-a1d2-041f55e92cfc"}}]}
State: %Commanded.Event.Handler{application: Nexus.App, consistency: :strong, handler_callback: :event, handler_name: "Identity.Projectors.UserRegistrationProjector", handler_module: Nexus.Identity.Projectors.UserRegistrationProjector, handler_state: nil, last_seen_event: nil, subscription: %Commanded.EventStore.Subscription{application: Nexus.App, backoff: {:backoff, 1000, 60000, 1000, :jitter, :undefined, :undefined}, concurrency: 1, partition_by: nil, subscribe_to: :all, subscribe_from: :origin, subscription_name: "Identity.Projectors.UserRegistrationProjector", subscription_opts: [], subscription_pid: #PID<0.3098.0>, subscription_ref: #Reference<0.504251661.3394502657.234417>}, subscribe_timer: nil}
23:10:04.319 [debug] Subscription "Identity.Projectors.UserRegistrationProjector"@"$all" subscriber #PID<0.3097.0> down due to: %Postgrex.Error{message: nil, postgres: %{code: :undefined_column, line: "3721", message: "column i0.id does not exist", position: "8", file: "parse_relation.c", unknown: "ERROR", severity: "ERROR", pg_code: "42703", routine: "errorMissingColumn"}, connection_id: 3152, query: "SELECT i0.\"id\", i0.\"user_id\", i0.\"org_id\", i0.\"locale\", i0.\"timezone\", i0.\"notifications_enabled\", i0.\"created_at\", i0.\"updated_at\" FROM \"identity_user_settings\" AS i0 WHERE (i0.\"id\" = $1)"}
23:10:04.319 [debug] Subscription "Identity.Projectors.UserRegistrationProjector"@"$all" has no subscribers, shutting down
23:10:04.319 [error] GenServer {Nexus.EventStore.EventStore.Subscriptions.Registry, {"$all", "Identity.Projectors.UserRegistrationProjector"}} terminating
** (stop) %Postgrex.Error{message: nil, postgres: %{code: :undefined_column, line: "3721", message: "column i0.id does not exist", position: "8", file: "parse_relation.c", unknown: "ERROR", severity: "ERROR", pg_code: "42703", routine: "errorMissingColumn"}, connection_id: 3152, query: "SELECT i0.\"id\", i0.\"user_id\", i0.\"org_id\", i0.\"locale\", i0.\"timezone\", i0.\"notifications_enabled\", i0.\"created_at\", i0.\"updated_at\" FROM \"identity_user_settings\" AS i0 WHERE (i0.\"id\" = $1)"}
Last message: {:DOWN, #Reference<0.504251661.3394502658.83652>, :process, #PID<0.3097.0>, %Postgrex.Error{message: nil, postgres: %{code: :undefined_column, line: "3721", message: "column i0.id does not exist", position: "8", file: "parse_relation.c", unknown: "ERROR", severity: "ERROR", pg_code: "42703", routine: "errorMissingColumn"}, connection_id: 3152, query: "SELECT i0.\"id\", i0.\"user_id\", i0.\"org_id\", i0.\"locale\", i0.\"timezone\", i0.\"notifications_enabled\", i0.\"created_at\", i0.\"updated_at\" FROM \"identity_user_settings\" AS i0 WHERE (i0.\"id\" = $1)"}}
State: %EventStore.Subscriptions.Subscription{stream_uuid: "$all", subscription_name: "Identity.Projectors.UserRegistrationProjector", subscription: %EventStore.Subscriptions.SubscriptionFsm{state: :unsubscribed, data: %EventStore.Subscriptions.SubscriptionState{conn: Nexus.EventStore.Postgrex, event_store: Nexus.EventStore, serializer: Commanded.Serialization.JsonSerializer, schema: "event_store", stream_uuid: "$all", start_from: 0, subscription_name: "Identity.Projectors.UserRegistrationProjector", subscription_id: 405, selector: nil, mapper: &Commanded.EventStore.Adapters.EventStore.Mapper.from_recorded_event/1, max_size: 1000, partition_by: nil, query_timeout: 15000, lock_ref: #Reference<0.504251661.3394502658.83664>, last_received: 12232, last_sent: 11262, last_ack: 11261, queue_size: 971, buffer_size: 1, checkpoint_after: 0, checkpoint_threshold: 1, checkpoint_timer_ref: nil, checkpoints_pending: 0, subscribers: %{}, partitions: %{nil: {[%EventStore.RecordedEvent{event_number: 12232, event_id: "84d7f523-80de-4910-9695-01390279d304", stream_uuid: "631ffb8b-126b-40c3-8203-4988912dccac", stream_version: 2, correlation_id: "ca3083d5-c8ab-4f2c-95cc-e9398e31863f", causation_id: "580058c8-e004-40a4-b45d-9e8ab0fd9664", event_type: "Elixir.Nexus.Identity.Events.SessionStarted", data: %Nexus.Identity.Events.SessionStarted{org_id: "e205ad5a-5aff-40fd-9840-2f1860363ab1", user_id: "631ffb8b-126b-40c3-8203-4988912dccac", session_id: "164564ba-390e-4fbd-b7fa-07def19cf535", session_token: "mock-token", user_agent: "Mozilla/5.0 (Macintosh; Intel Mac OS X 10_15_7)", ip_address: "127.0.0.1", started_at: "2026-03-20T23:10:04.226401Z"}, metadata: %{"causation_id" => "019d0d83-55c2-7fbb-8cfd-66cf24561fd5", "correlation_id" => "019d0d83-55c2-7fbb-8cfd-66cf24561fd5"}, created_at: ~U[2026-03-20 23:10:04.226883Z]}, %EventStore.RecordedEvent{event_number: 12231, event_id: "b58748f2-cd92-4a46-911f-0bab7e16bcce", stream_uuid: "631ffb8b-126b-40c3-8203-4988912dccac", stream_version: 1, correlation_id: "e6b4b1b3-a306-4e46-a407-4ee295b2567e", causation_id: "6c36c5b1-b472-491a-93d4-d21335dab8e5", event_type: "Elixir.Nexus.Identity.Events.UserRegistered", data: %Nexus.Identity.Events.UserRegistered{user_id: "631ffb8b-126b-40c3-8203-4988912dccac", org_id: "e205ad5a-5aff-40fd-9840-2f1860363ab1", email: "bernard-92b69317-ceac-4570-a4dc-e181657c44c8@nexus.financial", role: "admin", cose_key: "bW9jaw==", credential_id: "bW9jaw==", registered_at: "2026-03-20T23:10:04.023004Z", display_name: "Bernard", status: "active"}, metadata: %{"causation_id" => "019d0d83-54f7-7795-b212-00ae72ff09d4", "correlation_id" => "019d0d83-54f7-7795-b212-00ae72ff09d4"}, created_at: ~U[2026-03-20 23:10:04.024222Z]}, %EventStore.RecordedEvent{event_number: 12230, event_id: "18516aae-860c-4533-8cef-1f1cc9898a6b", stream_uuid: "0a2320b8-ea62-4944-91fc-b1a081d94b4f", stream_version: 2, correlation_id: "3439d5db-8df0-40d7-b3f9-7c79af370711", causation_id: "c46ea7f8-115b-44b2-b9fb-5238f503624f", event_type: "Elixir.Nexus.Identity.Events.SessionStarted", data: %Nexus.Identity.Events.SessionStarted{org_id: "cb85a832-0e01-453c-9c74-126aa4f990be", user_id: "0a2320b8-ea62-4944-91fc-b1a081d94b4f", session_id: "8604ab1b-1c1d-4dc9-a88d-88e80166047a", session_token: "mock-token", user_agent: "Mozilla/5.0 (Macintosh; Intel Mac OS X 10_15_7)", ip_address: "127.0.0.1", started_at: "2026-03-20T23:10:03.714460Z"}, metadata: %{"causation_id" => "019d0d83-53c2-7918-aa39-3fa0df65a469", "correlation_id" => "019d0d83-53c2-7918-aa39-3fa0df65a469"}, created_at: ~U[2026-03-20 23:10:03.715069Z]}, %EventStore.RecordedEvent{event_number: 12229, event_id: "88438d34-4046-4a41-b85b-67d256cca5e5", stream_uuid: "0a2320b8-ea62-4944-91fc-b1a081d94b4f", stream_version: 1, correlation_id: "a64c1aaf-4c8a-4a0a-8e73-1cb004416bc9", ...}, ...], ...}}, ...}}, ...}
23:10:04.319 [debug] Nexus.Identity.Projectors.UserRegistrationProjector is shutting down due to {%Postgrex.Error{message: nil, postgres: %{code: :undefined_column, line: "3721", message: "column i0.id does not exist", position: "8", file: "parse_relation.c", unknown: "ERROR", severity: "ERROR", pg_code: "42703", routine: "errorMissingColumn"}, connection_id: 3152, query: "SELECT i0.\"id\", i0.\"user_id\", i0.\"org_id\", i0.\"locale\", i0.\"timezone\", i0.\"notifications_enabled\", i0.\"created_at\", i0.\"updated_at\" FROM \"identity_user_settings\" AS i0 WHERE (i0.\"id\" = $1)"}, {GenServer, :call, [#PID<0.3098.0>, {:connect, #PID<0.3099.0>, [retry_interval: 60000, hibernate_after: 15000, partition_by: nil, concurrency_limit: 1, name: Nexus.EventStore, mapper: &Commanded.EventStore.Adapters.EventStore.Mapper.from_recorded_event/1, conn: Nexus.EventStore.Postgrex, event_store: Nexus.EventStore, query_timeout: 15000, schema: "event_store", serializer: Commanded.Serialization.JsonSerializer, stream_uuid: "$all", subscription_name: "Identity.Projectors.UserRegistrationProjector", start_from: 0]}, 5000]}}
23:10:04.319 [error] GenServer {Nexus.App.LocalRegistry, {Nexus.App, Commanded.Event.Handler, "Identity.Projectors.UserRegistrationProjector"}} terminating
** (stop) exited in: GenServer.call(#PID<0.3098.0>, {:connect, #PID<0.3099.0>, [retry_interval: 60000, hibernate_after: 15000, partition_by: nil, concurrency_limit: 1, name: Nexus.EventStore, mapper: &Commanded.EventStore.Adapters.EventStore.Mapper.from_recorded_event/1, conn: Nexus.EventStore.Postgrex, event_store: Nexus.EventStore, query_timeout: 15000, schema: "event_store", serializer: Commanded.Serialization.JsonSerializer, stream_uuid: "$all", subscription_name: "Identity.Projectors.UserRegistrationProjector", start_from: 0]}, 5000)
    ** (EXIT) %Postgrex.Error{message: nil, postgres: %{code: :undefined_column, line: "3721", message: "column i0.id does not exist", position: "8", file: "parse_relation.c", unknown: "ERROR", severity: "ERROR", pg_code: "42703", routine: "errorMissingColumn"}, connection_id: 3152, query: "SELECT i0.\"id\", i0.\"user_id\", i0.\"org_id\", i0.\"locale\", i0.\"timezone\", i0.\"notifications_enabled\", i0.\"created_at\", i0.\"updated_at\" FROM \"identity_user_settings\" AS i0 WHERE (i0.\"id\" = $1)"}
    (elixir 1.19.5) lib/gen_server.ex:1142: GenServer.call/3
    (commanded 1.4.9) lib/commanded/event_store.ex:289: anonymous fn/2 in Commanded.EventStore.span/3
    (telemetry 1.3.0) /Users/bernard/dev/nexus/deps/telemetry/src/telemetry.erl:324: :telemetry.span/3
    (commanded 1.4.9) lib/commanded/event_store/subscription.ex:58: Commanded.EventStore.Subscription.subscribe/2
    (commanded 1.4.9) lib/commanded/event/handler.ex:1024: Commanded.Event.Handler.subscribe_to_events/1
    (commanded 1.4.9) lib/commanded/event/handler.ex:887: Commanded.Event.Handler.handle_continue/2
    (stdlib 7.1) gen_server.erl:2424: :gen_server.try_handle_continue/3
    (stdlib 7.1) gen_server.erl:2291: :gen_server.loop/4
    (stdlib 7.1) proc_lib.erl:333: :proc_lib.init_p_do_apply/3
Last message: {:continue, :subscribe_to_events}
State: %Commanded.Event.Handler{application: Nexus.App, consistency: :strong, handler_callback: :event, handler_name: "Identity.Projectors.UserRegistrationProjector", handler_module: Nexus.Identity.Projectors.UserRegistrationProjector, handler_state: nil, last_seen_event: nil, subscription: %Commanded.EventStore.Subscription{application: Nexus.App, backoff: {:backoff, 1000, 60000, 1000, :jitter, :undefined, :undefined}, concurrency: 1, partition_by: nil, subscribe_to: :all, subscribe_from: :origin, subscription_name: "Identity.Projectors.UserRegistrationProjector", subscription_opts: [], subscription_pid: nil, subscription_ref: nil}, subscribe_timer: nil}
23:10:04.320 [debug] Subscription "Identity.Projectors.UserRegistrationProjector"@"$all" attempting to connect subscriber #PID<0.3100.0>
23:10:04.321 [debug] Subscription "Identity.Projectors.UserRegistrationProjector"@"$all" catching-up
23:10:04.321 [debug] Nexus.Identity.Projectors.UserRegistrationProjector has successfully subscribed to event store
23:10:04.329 [info] 		[36mGiven [32mI have an active secure session
23:10:04.329 [info] 		[36mGiven [32mI am on the "Security" tab
23:10:04.329 [debug] Locating aggregate process for `Nexus.Identity.Aggregates.User` with UUID "631ffb8b-126b-40c3-8203-4988912dccac"
23:10:04.329 [debug] Nexus.Identity.Aggregates.User<631ffb8b-126b-40c3-8203-4988912dccac@2> executing command: %Nexus.Identity.Commands.StartSession{org_id: "e205ad5a-5aff-40fd-9840-2f1860363ab1", user_id: "631ffb8b-126b-40c3-8203-4988912dccac", session_id: "455013d2-eb5e-4269-a2d3-11a4438c7ccd", session_token: "mobile-token", user_agent: "iPhone / Mobile Safari", ip_address: "192.168.1.1", started_at: ~U[2026-03-20 23:10:04.329750Z]}
23:10:04.332 [debug] Appended 1 event(s) to stream "631ffb8b-126b-40c3-8203-4988912dccac"
23:10:04.333 [debug] Listener received notification on channel "event_store.events" with payload: "631ffb8b-126b-40c3-8203-4988912dccac,8638,3,3"
23:10:04.333 [debug] Listener received notification on channel "event_store.events" with payload: "$all,0,12233,12233"
23:10:04.333 [debug] Nexus.Identity.Aggregates.User<631ffb8b-126b-40c3-8203-4988912dccac@3> received events: [%Commanded.EventStore.RecordedEvent{event_id: "3577d288-e114-49d0-b17e-d17f1e4769f4", event_number: 3, stream_id: "631ffb8b-126b-40c3-8203-4988912dccac", stream_version: 3, causation_id: "e3af021b-7d55-4d55-868a-b48b5295468b", correlation_id: "f0ad9816-816b-47fb-865d-d00d4d71d039", event_type: "Elixir.Nexus.Identity.Events.SessionStarted", data: %Nexus.Identity.Events.SessionStarted{org_id: "e205ad5a-5aff-40fd-9840-2f1860363ab1", user_id: "631ffb8b-126b-40c3-8203-4988912dccac", session_id: "455013d2-eb5e-4269-a2d3-11a4438c7ccd", session_token: "mobile-token", user_agent: "iPhone / Mobile Safari", ip_address: "192.168.1.1", started_at: "2026-03-20T23:10:04.329750Z"}, created_at: ~U[2026-03-20 23:10:04.330636Z], metadata: %{"causation_id" => "019d0d83-5629-723f-abf6-b993b2561c96", "correlation_id" => "019d0d83-5629-723f-abf6-b993b2561c96"}}]
23:10:04.334 [debug] Subscription "Identity.Projectors.UserProjector"@"$all" received 1 event(s)
23:10:04.334 [debug] Subscription "Identity.Projectors.UserProjector"@"$all" is enqueueing 1 event(s)
23:10:04.334 [debug] Nexus.Identity.Projectors.UserProjector received events: [%Commanded.EventStore.RecordedEvent{event_id: "3577d288-e114-49d0-b17e-d17f1e4769f4", event_number: 12233, stream_id: "631ffb8b-126b-40c3-8203-4988912dccac", stream_version: 3, causation_id: "e3af021b-7d55-4d55-868a-b48b5295468b", correlation_id: "f0ad9816-816b-47fb-865d-d00d4d71d039", event_type: "Elixir.Nexus.Identity.Events.SessionStarted", data: %Nexus.Identity.Events.SessionStarted{org_id: "e205ad5a-5aff-40fd-9840-2f1860363ab1", user_id: "631ffb8b-126b-40c3-8203-4988912dccac", session_id: "455013d2-eb5e-4269-a2d3-11a4438c7ccd", session_token: "mobile-token", user_agent: "iPhone / Mobile Safari", ip_address: "192.168.1.1", started_at: "2026-03-20T23:10:04.329750Z"}, created_at: ~U[2026-03-20 23:10:04.330636Z], metadata: %{"causation_id" => "019d0d83-5629-723f-abf6-b993b2561c96", "correlation_id" => "019d0d83-5629-723f-abf6-b993b2561c96"}}]
23:10:04.334 [debug] QUERY OK db=0.0ms
begin []
23:10:04.334 [debug] QUERY OK source="projection_versions" db=0.1ms
INSERT INTO "projection_versions" AS p0 ("projection_name","last_seen_event_number","inserted_at","updated_at") VALUES ($1,$2,$3,$4) ON CONFLICT ("projection_name") DO UPDATE SET "last_seen_event_number" = $5 WHERE ((p0."projection_name" = $6) AND (p0."last_seen_event_number" < $7)) ["Identity.Projectors.UserProjector", 12233, ~N[2026-03-20 23:10:04.334648], ~N[2026-03-20 23:10:04.334648], 12233, "Identity.Projectors.UserProjector", 12233]
23:10:04.335 [debug] QUERY OK source="identity_user_sessions" db=0.1ms
INSERT INTO "identity_user_sessions" ("id","user_id","user_agent","org_id","session_token","ip_address","is_expired","last_active_at","created_at","updated_at") VALUES ($1,$2,$3,$4,$5,$6,$7,$8,$9,$10) ["455013d2-eb5e-4269-a2d3-11a4438c7ccd", "631ffb8b-126b-40c3-8203-4988912dccac", "iPhone / Mobile Safari", "e205ad5a-5aff-40fd-9840-2f1860363ab1", "mobile-token", "192.168.1.1", false, ~U[2026-03-20 23:10:04.329750Z], ~U[2026-03-20 23:10:04.334903Z], ~U[2026-03-20 23:10:04.334903Z]]
23:10:04.335 [debug] QUERY OK db=0.1ms
commit []
23:10:04.335 [debug] Nexus.Identity.Projectors.UserProjector confirming receipt of event #12233 of events: [%Commanded.EventStore.RecordedEvent{event_id: "3577d288-e114-49d0-b17e-d17f1e4769f4", event_number: 12233, stream_id: "631ffb8b-126b-40c3-8203-4988912dccac", stream_version: 3, causation_id: "e3af021b-7d55-4d55-868a-b48b5295468b", correlation_id: "f0ad9816-816b-47fb-865d-d00d4d71d039", event_type: "Elixir.Nexus.Identity.Events.SessionStarted", data: %Nexus.Identity.Events.SessionStarted{org_id: "e205ad5a-5aff-40fd-9840-2f1860363ab1", user_id: "631ffb8b-126b-40c3-8203-4988912dccac", session_id: "455013d2-eb5e-4269-a2d3-11a4438c7ccd", session_token: "mobile-token", user_agent: "iPhone / Mobile Safari", ip_address: "192.168.1.1", started_at: "2026-03-20T23:10:04.329750Z"}, created_at: ~U[2026-03-20 23:10:04.330636Z], metadata: %{"causation_id" => "019d0d83-5629-723f-abf6-b993b2561c96", "correlation_id" => "019d0d83-5629-723f-abf6-b993b2561c96"}}]
23:10:04.335 [debug] Subscription "Identity.Projectors.UserRegistrationProjector"@"$all" received 1 event(s)
23:10:04.335 [debug] Nexus.Identity.Projectors.UserRegistrationProjector received events: [%Commanded.EventStore.RecordedEvent{event_id: "282ec866-f518-44ed-95f6-7a535d6c3e25", event_number: 11262, stream_id: "019d0c26-0b00-74a0-bd6d-48329cf61a57", stream_version: 1, causation_id: "d64809a4-8402-4360-8536-99b7a0f860ca", correlation_id: "e0f4b4bb-483c-4914-aaaa-956d1587d67e", event_type: "Elixir.Nexus.Identity.Events.UserRegistered", data: %Nexus.Identity.Events.UserRegistered{user_id: "019d0c26-0b00-74a0-bd6d-48329cf61a57", org_id: "019d0c26-0b00-74a0-8884-24b7b734f296", email: "test@example.com", role: "system_admin", cose_key: "Ym9vdHN0cmFwX2Nvc2Vfa2V5", credential_id: "Ym9vdHN0cmFwX2NyZWRlbnRpYWxfaWQ=", registered_at: "2026-03-20T16:48:33.024173Z", display_name: "Test User", status: "active"}, created_at: ~U[2026-03-20 16:48:33.025211Z], metadata: %{"causation_id" => "019d0c26-0b00-71d0-a1d2-041f55e92cfc", "correlation_id" => "019d0c26-0b00-71d0-a1d2-041f55e92cfc"}}]
23:10:04.335 [debug] QUERY OK db=0.1ms
begin []
23:10:04.336 [debug] QUERY OK source="projection_versions" db=0.1ms
INSERT INTO "projection_versions" AS p0 ("projection_name","last_seen_event_number","inserted_at","updated_at") VALUES ($1,$2,$3,$4) ON CONFLICT ("projection_name") DO UPDATE SET "last_seen_event_number" = $5 WHERE ((p0."projection_name" = $6) AND (p0."last_seen_event_number" < $7)) ["Identity.Projectors.UserRegistrationProjector", 11262, ~N[2026-03-20 23:10:04.335893], ~N[2026-03-20 23:10:04.335893], 11262, "Identity.Projectors.UserRegistrationProjector", 11262]
23:10:04.336 [debug] QUERY OK source="users" db=0.1ms
SELECT u0."id", u0."org_id", u0."email", u0."display_name", u0."status", u0."cose_key", u0."credential_id", u0."roles", u0."created_at", u0."updated_at" FROM "users" AS u0 WHERE (u0."id" = $1) ["019d0c26-0b00-74a0-bd6d-48329cf61a57"]
23:10:04.336 [debug] QUERY OK source="users" db=0.1ms
SELECT u0."id", u0."org_id", u0."email", u0."display_name", u0."status", u0."cose_key", u0."credential_id", u0."roles", u0."created_at", u0."updated_at" FROM "users" AS u0 WHERE (u0."email" = $1) ["test@example.com"]
23:10:04.336 [debug] QUERY OK source="users" db=0.1ms
INSERT INTO "users" ("id","status","org_id","email","display_name","roles","cose_key","credential_id","created_at","updated_at") VALUES ($1,$2,$3,$4,$5,$6,$7,$8,$9,$10) ["019d0c26-0b00-74a0-bd6d-48329cf61a57", "active", "019d0c26-0b00-74a0-8884-24b7b734f296", "test@example.com", "Test User", ["system_admin"], "bootstrap_cose_key", "bootstrap_credential_id", ~U[2026-03-20 23:10:04.336562Z], ~U[2026-03-20 23:10:04.336562Z]]
23:10:04.336 [debug] QUERY ERROR source="identity_user_settings" db=0.0ms
SELECT i0."id", i0."user_id", i0."org_id", i0."locale", i0."timezone", i0."notifications_enabled", i0."created_at", i0."updated_at" FROM "identity_user_settings" AS i0 WHERE (i0."id" = $1) ["019d0c26-0b00-74a0-bd6d-48329cf61a57"]
23:10:04.337 [debug] QUERY OK db=0.1ms
rollback []
23:10:04.338 [error] Nexus.Identity.Projectors.UserRegistrationProjector failed to handle event:
%Commanded.EventStore.RecordedEvent{
  event_id: "282ec866-f518-44ed-95f6-7a535d6c3e25",
  event_number: 11262,
  stream_id: "019d0c26-0b00-74a0-bd6d-48329cf61a57",
  stream_version: 1,
  causation_id: "d64809a4-8402-4360-8536-99b7a0f860ca",
  correlation_id: "e0f4b4bb-483c-4914-aaaa-956d1587d67e",
  event_type: "Elixir.Nexus.Identity.Events.UserRegistered",
  data: %Nexus.Identity.Events.UserRegistered{
    user_id: "019d0c26-0b00-74a0-bd6d-48329cf61a57",
    org_id: "019d0c26-0b00-74a0-8884-24b7b734f296",
    email: "test@example.com",
    role: "system_admin",
    cose_key: "Ym9vdHN0cmFwX2Nvc2Vfa2V5",
    credential_id: "Ym9vdHN0cmFwX2NyZWRlbnRpYWxfaWQ=",
    registered_at: "2026-03-20T16:48:33.024173Z",
    display_name: "Test User",
    status: "active"
  },
  created_at: ~U[2026-03-20 16:48:33.025211Z],
  metadata: %{
    "causation_id" => "019d0c26-0b00-71d0-a1d2-041f55e92cfc",
    "correlation_id" => "019d0c26-0b00-71d0-a1d2-041f55e92cfc"
  }
}, due to:
** (Postgrex.Error) ERROR 42703 (undefined_column) column i0.id does not exist

    query: SELECT i0."id", i0."user_id", i0."org_id", i0."locale", i0."timezone", i0."notifications_enabled", i0."created_at", i0."updated_at" FROM "identity_user_settings" AS i0 WHERE (i0."id" = $1)
    (ecto_sql 3.13.4) lib/ecto/adapters/sql.ex:1113: Ecto.Adapters.SQL.raise_sql_call_error/1
    (ecto_sql 3.13.4) lib/ecto/adapters/sql.ex:1011: Ecto.Adapters.SQL.execute/6
    (ecto 3.13.5) lib/ecto/repo/queryable.ex:241: Ecto.Repo.Queryable.execute/4
    (ecto 3.13.5) lib/ecto/repo/queryable.ex:19: Ecto.Repo.Queryable.all/3
    (ecto 3.13.5) lib/ecto/repo/queryable.ex:163: Ecto.Repo.Queryable.one/3
    (nexus 0.1.0) lib/nexus/identity/projectors/user_registration_projector.ex:53: anonymous fn/3 in Nexus.Identity.Projectors.UserRegistrationProjector.project_registration/3
    (ecto 3.13.5) lib/ecto/multi.ex:905: Ecto.Multi.apply_operation/5
    (elixir 1.19.5) lib/enum.ex:2520: Enum."-reduce/3-lists^foldl/2-0-"/3
    (ecto 3.13.5) lib/ecto/multi.ex:878: anonymous fn/5 in Ecto.Multi.apply_operations/5
    (ecto_sql 3.13.4) lib/ecto/adapters/sql.ex:1473: anonymous fn/3 in Ecto.Adapters.SQL.checkout_or_transaction/4
    (db_connection 2.9.0) lib/db_connection.ex:1747: DBConnection.run_transaction/4
    (ecto 3.13.5) lib/ecto/repo/transaction.ex:30: Ecto.Repo.Transaction.transact/4
    (nexus 0.1.0) deps/commanded_ecto_projections/lib/projections/ecto.ex:97: Nexus.Identity.Projectors.UserRegistrationProjector.update_projection/3
    (commanded 1.4.9) lib/commanded/event/handler.ex:1221: Commanded.Event.Handler.delegate_event_to_handler/2
    (commanded 1.4.9) lib/commanded/event/handler.ex:1062: Commanded.Event.Handler.handle_event/3
    (elixir 1.19.5) lib/enum.ex:2520: Enum."-reduce/3-lists^foldl/2-0-"/3
    (commanded 1.4.9) lib/commanded/event/handler.ex:969: Commanded.Event.Handler.handle_info/2
    (stdlib 7.1) gen_server.erl:2434: :gen_server.try_handle_info/3
    (stdlib 7.1) gen_server.erl:2420: :gen_server.handle_msg/3
    (stdlib 7.1) proc_lib.erl:333: :proc_lib.init_p_do_apply/3

23:10:04.338 [warning] Nexus.Identity.Projectors.UserRegistrationProjector has requested to stop: %Postgrex.Error{message: nil, postgres: %{code: :undefined_column, line: "3721", message: "column i0.id does not exist", position: "8", file: "parse_relation.c", unknown: "ERROR", severity: "ERROR", pg_code: "42703", routine: "errorMissingColumn"}, connection_id: 3152, query: "SELECT i0.\"id\", i0.\"user_id\", i0.\"org_id\", i0.\"locale\", i0.\"timezone\", i0.\"notifications_enabled\", i0.\"created_at\", i0.\"updated_at\" FROM \"identity_user_settings\" AS i0 WHERE (i0.\"id\" = $1)"}
23:10:04.338 [debug] Nexus.Identity.Projectors.UserRegistrationProjector is shutting down due to %Postgrex.Error{message: nil, postgres: %{code: :undefined_column, line: "3721", message: "column i0.id does not exist", position: "8", file: "parse_relation.c", unknown: "ERROR", severity: "ERROR", pg_code: "42703", routine: "errorMissingColumn"}, connection_id: 3152, query: "SELECT i0.\"id\", i0.\"user_id\", i0.\"org_id\", i0.\"locale\", i0.\"timezone\", i0.\"notifications_enabled\", i0.\"created_at\", i0.\"updated_at\" FROM \"identity_user_settings\" AS i0 WHERE (i0.\"id\" = $1)"}
23:10:04.338 [error] GenServer {Nexus.App.LocalRegistry, {Nexus.App, Commanded.Event.Handler, "Identity.Projectors.UserRegistrationProjector"}} terminating
** (stop) %Postgrex.Error{message: nil, postgres: %{code: :undefined_column, line: "3721", message: "column i0.id does not exist", position: "8", file: "parse_relation.c", unknown: "ERROR", severity: "ERROR", pg_code: "42703", routine: "errorMissingColumn"}, connection_id: 3152, query: "SELECT i0.\"id\", i0.\"user_id\", i0.\"org_id\", i0.\"locale\", i0.\"timezone\", i0.\"notifications_enabled\", i0.\"created_at\", i0.\"updated_at\" FROM \"identity_user_settings\" AS i0 WHERE (i0.\"id\" = $1)"}
Last message: {:events, [%Commanded.EventStore.RecordedEvent{event_id: "282ec866-f518-44ed-95f6-7a535d6c3e25", event_number: 11262, stream_id: "019d0c26-0b00-74a0-bd6d-48329cf61a57", stream_version: 1, causation_id: "d64809a4-8402-4360-8536-99b7a0f860ca", correlation_id: "e0f4b4bb-483c-4914-aaaa-956d1587d67e", event_type: "Elixir.Nexus.Identity.Events.UserRegistered", data: %Nexus.Identity.Events.UserRegistered{user_id: "019d0c26-0b00-74a0-bd6d-48329cf61a57", org_id: "019d0c26-0b00-74a0-8884-24b7b734f296", email: "test@example.com", role: "system_admin", cose_key: "Ym9vdHN0cmFwX2Nvc2Vfa2V5", credential_id: "Ym9vdHN0cmFwX2NyZWRlbnRpYWxfaWQ=", registered_at: "2026-03-20T16:48:33.024173Z", display_name: "Test User", status: "active"}, created_at: ~U[2026-03-20 16:48:33.025211Z], metadata: %{"causation_id" => "019d0c26-0b00-71d0-a1d2-041f55e92cfc", "correlation_id" => "019d0c26-0b00-71d0-a1d2-041f55e92cfc"}}]}
State: %Commanded.Event.Handler{application: Nexus.App, consistency: :strong, handler_callback: :event, handler_name: "Identity.Projectors.UserRegistrationProjector", handler_module: Nexus.Identity.Projectors.UserRegistrationProjector, handler_state: nil, last_seen_event: nil, subscription: %Commanded.EventStore.Subscription{application: Nexus.App, backoff: {:backoff, 1000, 60000, 1000, :jitter, :undefined, :undefined}, concurrency: 1, partition_by: nil, subscribe_to: :all, subscribe_from: :origin, subscription_name: "Identity.Projectors.UserRegistrationProjector", subscription_opts: [], subscription_pid: #PID<0.3101.0>, subscription_ref: #Reference<0.504251661.3394502657.234499>}, subscribe_timer: nil}
23:10:04.338 [debug] Subscription "Identity.Projectors.UserRegistrationProjector"@"$all" subscriber #PID<0.3100.0> down due to: %Postgrex.Error{message: nil, postgres: %{code: :undefined_column, line: "3721", message: "column i0.id does not exist", position: "8", file: "parse_relation.c", unknown: "ERROR", severity: "ERROR", pg_code: "42703", routine: "errorMissingColumn"}, connection_id: 3152, query: "SELECT i0.\"id\", i0.\"user_id\", i0.\"org_id\", i0.\"locale\", i0.\"timezone\", i0.\"notifications_enabled\", i0.\"created_at\", i0.\"updated_at\" FROM \"identity_user_settings\" AS i0 WHERE (i0.\"id\" = $1)"}
23:10:04.338 [debug] Subscription "Identity.Projectors.UserRegistrationProjector"@"$all" has no subscribers, shutting down
23:10:04.338 [error] GenServer {Nexus.EventStore.EventStore.Subscriptions.Registry, {"$all", "Identity.Projectors.UserRegistrationProjector"}} terminating
** (stop) %Postgrex.Error{message: nil, postgres: %{code: :undefined_column, line: "3721", message: "column i0.id does not exist", position: "8", file: "parse_relation.c", unknown: "ERROR", severity: "ERROR", pg_code: "42703", routine: "errorMissingColumn"}, connection_id: 3152, query: "SELECT i0.\"id\", i0.\"user_id\", i0.\"org_id\", i0.\"locale\", i0.\"timezone\", i0.\"notifications_enabled\", i0.\"created_at\", i0.\"updated_at\" FROM \"identity_user_settings\" AS i0 WHERE (i0.\"id\" = $1)"}
Last message: {:DOWN, #Reference<0.504251661.3394502657.234494>, :process, #PID<0.3100.0>, %Postgrex.Error{message: nil, postgres: %{code: :undefined_column, line: "3721", message: "column i0.id does not exist", position: "8", file: "parse_relation.c", unknown: "ERROR", severity: "ERROR", pg_code: "42703", routine: "errorMissingColumn"}, connection_id: 3152, query: "SELECT i0.\"id\", i0.\"user_id\", i0.\"org_id\", i0.\"locale\", i0.\"timezone\", i0.\"notifications_enabled\", i0.\"created_at\", i0.\"updated_at\" FROM \"identity_user_settings\" AS i0 WHERE (i0.\"id\" = $1)"}}
State: %EventStore.Subscriptions.Subscription{stream_uuid: "$all", subscription_name: "Identity.Projectors.UserRegistrationProjector", subscription: %EventStore.Subscriptions.SubscriptionFsm{state: :unsubscribed, data: %EventStore.Subscriptions.SubscriptionState{conn: Nexus.EventStore.Postgrex, event_store: Nexus.EventStore, serializer: Commanded.Serialization.JsonSerializer, schema: "event_store", stream_uuid: "$all", start_from: 0, subscription_name: "Identity.Projectors.UserRegistrationProjector", subscription_id: 405, selector: nil, mapper: &Commanded.EventStore.Adapters.EventStore.Mapper.from_recorded_event/1, max_size: 1000, partition_by: nil, query_timeout: 15000, lock_ref: #Reference<0.504251661.3394502658.83874>, last_received: 12233, last_sent: 11262, last_ack: 11261, queue_size: 971, buffer_size: 1, checkpoint_after: 0, checkpoint_threshold: 1, checkpoint_timer_ref: nil, checkpoints_pending: 0, subscribers: %{}, partitions: %{nil: {[%EventStore.RecordedEvent{event_number: 12232, event_id: "84d7f523-80de-4910-9695-01390279d304", stream_uuid: "631ffb8b-126b-40c3-8203-4988912dccac", stream_version: 2, correlation_id: "ca3083d5-c8ab-4f2c-95cc-e9398e31863f", causation_id: "580058c8-e004-40a4-b45d-9e8ab0fd9664", event_type: "Elixir.Nexus.Identity.Events.SessionStarted", data: %Nexus.Identity.Events.SessionStarted{org_id: "e205ad5a-5aff-40fd-9840-2f1860363ab1", user_id: "631ffb8b-126b-40c3-8203-4988912dccac", session_id: "164564ba-390e-4fbd-b7fa-07def19cf535", session_token: "mock-token", user_agent: "Mozilla/5.0 (Macintosh; Intel Mac OS X 10_15_7)", ip_address: "127.0.0.1", started_at: "2026-03-20T23:10:04.226401Z"}, metadata: %{"causation_id" => "019d0d83-55c2-7fbb-8cfd-66cf24561fd5", "correlation_id" => "019d0d83-55c2-7fbb-8cfd-66cf24561fd5"}, created_at: ~U[2026-03-20 23:10:04.226883Z]}, %EventStore.RecordedEvent{event_number: 12231, event_id: "b58748f2-cd92-4a46-911f-0bab7e16bcce", stream_uuid: "631ffb8b-126b-40c3-8203-4988912dccac", stream_version: 1, correlation_id: "e6b4b1b3-a306-4e46-a407-4ee295b2567e", causation_id: "6c36c5b1-b472-491a-93d4-d21335dab8e5", event_type: "Elixir.Nexus.Identity.Events.UserRegistered", data: %Nexus.Identity.Events.UserRegistered{user_id: "631ffb8b-126b-40c3-8203-4988912dccac", org_id: "e205ad5a-5aff-40fd-9840-2f1860363ab1", email: "bernard-92b69317-ceac-4570-a4dc-e181657c44c8@nexus.financial", role: "admin", cose_key: "bW9jaw==", credential_id: "bW9jaw==", registered_at: "2026-03-20T23:10:04.023004Z", display_name: "Bernard", status: "active"}, metadata: %{"causation_id" => "019d0d83-54f7-7795-b212-00ae72ff09d4", "correlation_id" => "019d0d83-54f7-7795-b212-00ae72ff09d4"}, created_at: ~U[2026-03-20 23:10:04.024222Z]}, %EventStore.RecordedEvent{event_number: 12230, event_id: "18516aae-860c-4533-8cef-1f1cc9898a6b", stream_uuid: "0a2320b8-ea62-4944-91fc-b1a081d94b4f", stream_version: 2, correlation_id: "3439d5db-8df0-40d7-b3f9-7c79af370711", causation_id: "c46ea7f8-115b-44b2-b9fb-5238f503624f", event_type: "Elixir.Nexus.Identity.Events.SessionStarted", data: %Nexus.Identity.Events.SessionStarted{org_id: "cb85a832-0e01-453c-9c74-126aa4f990be", user_id: "0a2320b8-ea62-4944-91fc-b1a081d94b4f", session_id: "8604ab1b-1c1d-4dc9-a88d-88e80166047a", session_token: "mock-token", user_agent: "Mozilla/5.0 (Macintosh; Intel Mac OS X 10_15_7)", ip_address: "127.0.0.1", started_at: "2026-03-20T23:10:03.714460Z"}, metadata: %{"causation_id" => "019d0d83-53c2-7918-aa39-3fa0df65a469", "correlation_id" => "019d0d83-53c2-7918-aa39-3fa0df65a469"}, created_at: ~U[2026-03-20 23:10:03.715069Z]}, %EventStore.RecordedEvent{event_number: 12229, event_id: "88438d34-4046-4a41-b85b-67d256cca5e5", stream_uuid: "0a2320b8-ea62-4944-91fc-b1a081d94b4f", stream_version: 1, correlation_id: "a64c1aaf-4c8a-4a0a-8e73-1cb004416bc9", ...}, ...], ...}}, ...}}, ...}
23:10:04.339 [debug] Nexus.Identity.Projectors.UserRegistrationProjector is shutting down due to {%Postgrex.Error{message: nil, postgres: %{code: :undefined_column, line: "3721", message: "column i0.id does not exist", position: "8", file: "parse_relation.c", unknown: "ERROR", severity: "ERROR", pg_code: "42703", routine: "errorMissingColumn"}, connection_id: 3152, query: "SELECT i0.\"id\", i0.\"user_id\", i0.\"org_id\", i0.\"locale\", i0.\"timezone\", i0.\"notifications_enabled\", i0.\"created_at\", i0.\"updated_at\" FROM \"identity_user_settings\" AS i0 WHERE (i0.\"id\" = $1)"}, {GenServer, :call, [#PID<0.3101.0>, {:connect, #PID<0.3103.0>, [retry_interval: 60000, hibernate_after: 15000, partition_by: nil, concurrency_limit: 1, name: Nexus.EventStore, mapper: &Commanded.EventStore.Adapters.EventStore.Mapper.from_recorded_event/1, conn: Nexus.EventStore.Postgrex, event_store: Nexus.EventStore, query_timeout: 15000, schema: "event_store", serializer: Commanded.Serialization.JsonSerializer, stream_uuid: "$all", subscription_name: "Identity.Projectors.UserRegistrationProjector", start_from: 0]}, 5000]}}
23:10:04.339 [error] GenServer {Nexus.App.LocalRegistry, {Nexus.App, Commanded.Event.Handler, "Identity.Projectors.UserRegistrationProjector"}} terminating
** (stop) exited in: GenServer.call(#PID<0.3101.0>, {:connect, #PID<0.3103.0>, [retry_interval: 60000, hibernate_after: 15000, partition_by: nil, concurrency_limit: 1, name: Nexus.EventStore, mapper: &Commanded.EventStore.Adapters.EventStore.Mapper.from_recorded_event/1, conn: Nexus.EventStore.Postgrex, event_store: Nexus.EventStore, query_timeout: 15000, schema: "event_store", serializer: Commanded.Serialization.JsonSerializer, stream_uuid: "$all", subscription_name: "Identity.Projectors.UserRegistrationProjector", start_from: 0]}, 5000)
    ** (EXIT) %Postgrex.Error{message: nil, postgres: %{code: :undefined_column, line: "3721", message: "column i0.id does not exist", position: "8", file: "parse_relation.c", unknown: "ERROR", severity: "ERROR", pg_code: "42703", routine: "errorMissingColumn"}, connection_id: 3152, query: "SELECT i0.\"id\", i0.\"user_id\", i0.\"org_id\", i0.\"locale\", i0.\"timezone\", i0.\"notifications_enabled\", i0.\"created_at\", i0.\"updated_at\" FROM \"identity_user_settings\" AS i0 WHERE (i0.\"id\" = $1)"}
    (elixir 1.19.5) lib/gen_server.ex:1142: GenServer.call/3
    (commanded 1.4.9) lib/commanded/event_store.ex:289: anonymous fn/2 in Commanded.EventStore.span/3
    (telemetry 1.3.0) /Users/bernard/dev/nexus/deps/telemetry/src/telemetry.erl:324: :telemetry.span/3
    (commanded 1.4.9) lib/commanded/event_store/subscription.ex:58: Commanded.EventStore.Subscription.subscribe/2
    (commanded 1.4.9) lib/commanded/event/handler.ex:1024: Commanded.Event.Handler.subscribe_to_events/1
    (commanded 1.4.9) lib/commanded/event/handler.ex:887: Commanded.Event.Handler.handle_continue/2
    (stdlib 7.1) gen_server.erl:2424: :gen_server.try_handle_continue/3
    (stdlib 7.1) gen_server.erl:2291: :gen_server.loop/4
    (stdlib 7.1) proc_lib.erl:333: :proc_lib.init_p_do_apply/3
Last message: {:continue, :subscribe_to_events}
State: %Commanded.Event.Handler{application: Nexus.App, consistency: :strong, handler_callback: :event, handler_name: "Identity.Projectors.UserRegistrationProjector", handler_module: Nexus.Identity.Projectors.UserRegistrationProjector, handler_state: nil, last_seen_event: nil, subscription: %Commanded.EventStore.Subscription{application: Nexus.App, backoff: {:backoff, 1000, 60000, 1000, :jitter, :undefined, :undefined}, concurrency: 1, partition_by: nil, subscribe_to: :all, subscribe_from: :origin, subscription_name: "Identity.Projectors.UserRegistrationProjector", subscription_opts: [], subscription_pid: nil, subscription_ref: nil}, subscribe_timer: nil}
23:10:04.339 [debug] Subscription "Identity.Projectors.UserRegistrationProjector"@"$all" attempting to connect subscriber #PID<0.3104.0>
23:10:04.340 [debug] Subscription "Identity.Projectors.UserRegistrationProjector"@"$all" catching-up
23:10:04.340 [debug] Nexus.Identity.Projectors.UserRegistrationProjector has successfully subscribed to event store
23:10:04.355 [debug] Nexus.Identity.Projectors.UserRegistrationProjector received events: [%Commanded.EventStore.RecordedEvent{event_id: "282ec866-f518-44ed-95f6-7a535d6c3e25", event_number: 11262, stream_id: "019d0c26-0b00-74a0-bd6d-48329cf61a57", stream_version: 1, causation_id: "d64809a4-8402-4360-8536-99b7a0f860ca", correlation_id: "e0f4b4bb-483c-4914-aaaa-956d1587d67e", event_type: "Elixir.Nexus.Identity.Events.UserRegistered", data: %Nexus.Identity.Events.UserRegistered{user_id: "019d0c26-0b00-74a0-bd6d-48329cf61a57", org_id: "019d0c26-0b00-74a0-8884-24b7b734f296", email: "test@example.com", role: "system_admin", cose_key: "Ym9vdHN0cmFwX2Nvc2Vfa2V5", credential_id: "Ym9vdHN0cmFwX2NyZWRlbnRpYWxfaWQ=", registered_at: "2026-03-20T16:48:33.024173Z", display_name: "Test User", status: "active"}, created_at: ~U[2026-03-20 16:48:33.025211Z], metadata: %{"causation_id" => "019d0c26-0b00-71d0-a1d2-041f55e92cfc", "correlation_id" => "019d0c26-0b00-71d0-a1d2-041f55e92cfc"}}]
23:10:04.355 [debug] QUERY OK db=0.1ms
begin []
23:10:04.355 [debug] QUERY OK source="projection_versions" db=0.1ms
INSERT INTO "projection_versions" AS p0 ("projection_name","last_seen_event_number","inserted_at","updated_at") VALUES ($1,$2,$3,$4) ON CONFLICT ("projection_name") DO UPDATE SET "last_seen_event_number" = $5 WHERE ((p0."projection_name" = $6) AND (p0."last_seen_event_number" < $7)) ["Identity.Projectors.UserRegistrationProjector", 11262, ~N[2026-03-20 23:10:04.355704], ~N[2026-03-20 23:10:04.355704], 11262, "Identity.Projectors.UserRegistrationProjector", 11262]
23:10:04.356 [debug] QUERY OK source="users" db=0.1ms
SELECT u0."id", u0."org_id", u0."email", u0."display_name", u0."status", u0."cose_key", u0."credential_id", u0."roles", u0."created_at", u0."updated_at" FROM "users" AS u0 WHERE (u0."id" = $1) ["019d0c26-0b00-74a0-bd6d-48329cf61a57"]
23:10:04.356 [debug] QUERY OK source="users" db=0.0ms
SELECT u0."id", u0."org_id", u0."email", u0."display_name", u0."status", u0."cose_key", u0."credential_id", u0."roles", u0."created_at", u0."updated_at" FROM "users" AS u0 WHERE (u0."email" = $1) ["test@example.com"]
23:10:04.356 [debug] QUERY OK source="users" db=0.1ms
INSERT INTO "users" ("id","status","org_id","email","display_name","roles","cose_key","credential_id","created_at","updated_at") VALUES ($1,$2,$3,$4,$5,$6,$7,$8,$9,$10) ["019d0c26-0b00-74a0-bd6d-48329cf61a57", "active", "019d0c26-0b00-74a0-8884-24b7b734f296", "test@example.com", "Test User", ["system_admin"], "bootstrap_cose_key", "bootstrap_credential_id", ~U[2026-03-20 23:10:04.356289Z], ~U[2026-03-20 23:10:04.356289Z]]
23:10:04.356 [debug] QUERY ERROR source="identity_user_settings" db=0.0ms
SELECT i0."id", i0."user_id", i0."org_id", i0."locale", i0."timezone", i0."notifications_enabled", i0."created_at", i0."updated_at" FROM "identity_user_settings" AS i0 WHERE (i0."id" = $1) ["019d0c26-0b00-74a0-bd6d-48329cf61a57"]
23:10:04.356 [debug] QUERY OK db=0.0ms
rollback []
23:10:04.357 [error] Nexus.Identity.Projectors.UserRegistrationProjector failed to handle event:
%Commanded.EventStore.RecordedEvent{
  event_id: "282ec866-f518-44ed-95f6-7a535d6c3e25",
  event_number: 11262,
  stream_id: "019d0c26-0b00-74a0-bd6d-48329cf61a57",
  stream_version: 1,
  causation_id: "d64809a4-8402-4360-8536-99b7a0f860ca",
  correlation_id: "e0f4b4bb-483c-4914-aaaa-956d1587d67e",
  event_type: "Elixir.Nexus.Identity.Events.UserRegistered",
  data: %Nexus.Identity.Events.UserRegistered{
    user_id: "019d0c26-0b00-74a0-bd6d-48329cf61a57",
    org_id: "019d0c26-0b00-74a0-8884-24b7b734f296",
    email: "test@example.com",
    role: "system_admin",
    cose_key: "Ym9vdHN0cmFwX2Nvc2Vfa2V5",
    credential_id: "Ym9vdHN0cmFwX2NyZWRlbnRpYWxfaWQ=",
    registered_at: "2026-03-20T16:48:33.024173Z",
    display_name: "Test User",
    status: "active"
  },
  created_at: ~U[2026-03-20 16:48:33.025211Z],
  metadata: %{
    "causation_id" => "019d0c26-0b00-71d0-a1d2-041f55e92cfc",
    "correlation_id" => "019d0c26-0b00-71d0-a1d2-041f55e92cfc"
  }
}, due to:
** (Postgrex.Error) ERROR 42703 (undefined_column) column i0.id does not exist

    query: SELECT i0."id", i0."user_id", i0."org_id", i0."locale", i0."timezone", i0."notifications_enabled", i0."created_at", i0."updated_at" FROM "identity_user_settings" AS i0 WHERE (i0."id" = $1)
    (ecto_sql 3.13.4) lib/ecto/adapters/sql.ex:1113: Ecto.Adapters.SQL.raise_sql_call_error/1
    (ecto_sql 3.13.4) lib/ecto/adapters/sql.ex:1011: Ecto.Adapters.SQL.execute/6
    (ecto 3.13.5) lib/ecto/repo/queryable.ex:241: Ecto.Repo.Queryable.execute/4
    (ecto 3.13.5) lib/ecto/repo/queryable.ex:19: Ecto.Repo.Queryable.all/3
    (ecto 3.13.5) lib/ecto/repo/queryable.ex:163: Ecto.Repo.Queryable.one/3
    (nexus 0.1.0) lib/nexus/identity/projectors/user_registration_projector.ex:53: anonymous fn/3 in Nexus.Identity.Projectors.UserRegistrationProjector.project_registration/3
    (ecto 3.13.5) lib/ecto/multi.ex:905: Ecto.Multi.apply_operation/5
    (elixir 1.19.5) lib/enum.ex:2520: Enum."-reduce/3-lists^foldl/2-0-"/3
    (ecto 3.13.5) lib/ecto/multi.ex:878: anonymous fn/5 in Ecto.Multi.apply_operations/5
    (ecto_sql 3.13.4) lib/ecto/adapters/sql.ex:1473: anonymous fn/3 in Ecto.Adapters.SQL.checkout_or_transaction/4
    (db_connection 2.9.0) lib/db_connection.ex:1747: DBConnection.run_transaction/4
    (ecto 3.13.5) lib/ecto/repo/transaction.ex:30: Ecto.Repo.Transaction.transact/4
    (nexus 0.1.0) deps/commanded_ecto_projections/lib/projections/ecto.ex:97: Nexus.Identity.Projectors.UserRegistrationProjector.update_projection/3
    (commanded 1.4.9) lib/commanded/event/handler.ex:1221: Commanded.Event.Handler.delegate_event_to_handler/2
    (commanded 1.4.9) lib/commanded/event/handler.ex:1062: Commanded.Event.Handler.handle_event/3
    (elixir 1.19.5) lib/enum.ex:2520: Enum."-reduce/3-lists^foldl/2-0-"/3
    (commanded 1.4.9) lib/commanded/event/handler.ex:969: Commanded.Event.Handler.handle_info/2
    (stdlib 7.1) gen_server.erl:2434: :gen_server.try_handle_info/3
    (stdlib 7.1) gen_server.erl:2420: :gen_server.handle_msg/3
    (stdlib 7.1) proc_lib.erl:333: :proc_lib.init_p_do_apply/3

23:10:04.358 [warning] Nexus.Identity.Projectors.UserRegistrationProjector has requested to stop: %Postgrex.Error{message: nil, postgres: %{code: :undefined_column, line: "3721", message: "column i0.id does not exist", position: "8", file: "parse_relation.c", unknown: "ERROR", severity: "ERROR", pg_code: "42703", routine: "errorMissingColumn"}, connection_id: 3152, query: "SELECT i0.\"id\", i0.\"user_id\", i0.\"org_id\", i0.\"locale\", i0.\"timezone\", i0.\"notifications_enabled\", i0.\"created_at\", i0.\"updated_at\" FROM \"identity_user_settings\" AS i0 WHERE (i0.\"id\" = $1)"}
23:10:04.358 [debug] Nexus.Identity.Projectors.UserRegistrationProjector is shutting down due to %Postgrex.Error{message: nil, postgres: %{code: :undefined_column, line: "3721", message: "column i0.id does not exist", position: "8", file: "parse_relation.c", unknown: "ERROR", severity: "ERROR", pg_code: "42703", routine: "errorMissingColumn"}, connection_id: 3152, query: "SELECT i0.\"id\", i0.\"user_id\", i0.\"org_id\", i0.\"locale\", i0.\"timezone\", i0.\"notifications_enabled\", i0.\"created_at\", i0.\"updated_at\" FROM \"identity_user_settings\" AS i0 WHERE (i0.\"id\" = $1)"}
23:10:04.358 [error] GenServer {Nexus.App.LocalRegistry, {Nexus.App, Commanded.Event.Handler, "Identity.Projectors.UserRegistrationProjector"}} terminating
** (stop) %Postgrex.Error{message: nil, postgres: %{code: :undefined_column, line: "3721", message: "column i0.id does not exist", position: "8", file: "parse_relation.c", unknown: "ERROR", severity: "ERROR", pg_code: "42703", routine: "errorMissingColumn"}, connection_id: 3152, query: "SELECT i0.\"id\", i0.\"user_id\", i0.\"org_id\", i0.\"locale\", i0.\"timezone\", i0.\"notifications_enabled\", i0.\"created_at\", i0.\"updated_at\" FROM \"identity_user_settings\" AS i0 WHERE (i0.\"id\" = $1)"}
Last message: {:events, [%Commanded.EventStore.RecordedEvent{event_id: "282ec866-f518-44ed-95f6-7a535d6c3e25", event_number: 11262, stream_id: "019d0c26-0b00-74a0-bd6d-48329cf61a57", stream_version: 1, causation_id: "d64809a4-8402-4360-8536-99b7a0f860ca", correlation_id: "e0f4b4bb-483c-4914-aaaa-956d1587d67e", event_type: "Elixir.Nexus.Identity.Events.UserRegistered", data: %Nexus.Identity.Events.UserRegistered{user_id: "019d0c26-0b00-74a0-bd6d-48329cf61a57", org_id: "019d0c26-0b00-74a0-8884-24b7b734f296", email: "test@example.com", role: "system_admin", cose_key: "Ym9vdHN0cmFwX2Nvc2Vfa2V5", credential_id: "Ym9vdHN0cmFwX2NyZWRlbnRpYWxfaWQ=", registered_at: "2026-03-20T16:48:33.024173Z", display_name: "Test User", status: "active"}, created_at: ~U[2026-03-20 16:48:33.025211Z], metadata: %{"causation_id" => "019d0c26-0b00-71d0-a1d2-041f55e92cfc", "correlation_id" => "019d0c26-0b00-71d0-a1d2-041f55e92cfc"}}]}
State: %Commanded.Event.Handler{application: Nexus.App, consistency: :strong, handler_callback: :event, handler_name: "Identity.Projectors.UserRegistrationProjector", handler_module: Nexus.Identity.Projectors.UserRegistrationProjector, handler_state: nil, last_seen_event: nil, subscription: %Commanded.EventStore.Subscription{application: Nexus.App, backoff: {:backoff, 1000, 60000, 1000, :jitter, :undefined, :undefined}, concurrency: 1, partition_by: nil, subscribe_to: :all, subscribe_from: :origin, subscription_name: "Identity.Projectors.UserRegistrationProjector", subscription_opts: [], subscription_pid: #PID<0.3105.0>, subscription_ref: #Reference<0.504251661.3394502657.234634>}, subscribe_timer: nil}
23:10:04.358 [debug] Subscription "Identity.Projectors.UserRegistrationProjector"@"$all" subscriber #PID<0.3104.0> down due to: %Postgrex.Error{message: nil, postgres: %{code: :undefined_column, line: "3721", message: "column i0.id does not exist", position: "8", file: "parse_relation.c", unknown: "ERROR", severity: "ERROR", pg_code: "42703", routine: "errorMissingColumn"}, connection_id: 3152, query: "SELECT i0.\"id\", i0.\"user_id\", i0.\"org_id\", i0.\"locale\", i0.\"timezone\", i0.\"notifications_enabled\", i0.\"created_at\", i0.\"updated_at\" FROM \"identity_user_settings\" AS i0 WHERE (i0.\"id\" = $1)"}
23:10:04.358 [debug] Subscription "Identity.Projectors.UserRegistrationProjector"@"$all" has no subscribers, shutting down
23:10:04.358 [error] GenServer {Nexus.EventStore.EventStore.Subscriptions.Registry, {"$all", "Identity.Projectors.UserRegistrationProjector"}} terminating
** (stop) %Postgrex.Error{message: nil, postgres: %{code: :undefined_column, line: "3721", message: "column i0.id does not exist", position: "8", file: "parse_relation.c", unknown: "ERROR", severity: "ERROR", pg_code: "42703", routine: "errorMissingColumn"}, connection_id: 3152, query: "SELECT i0.\"id\", i0.\"user_id\", i0.\"org_id\", i0.\"locale\", i0.\"timezone\", i0.\"notifications_enabled\", i0.\"created_at\", i0.\"updated_at\" FROM \"identity_user_settings\" AS i0 WHERE (i0.\"id\" = $1)"}
Last message: {:DOWN, #Reference<0.504251661.3394502657.234617>, :process, #PID<0.3104.0>, %Postgrex.Error{message: nil, postgres: %{code: :undefined_column, line: "3721", message: "column i0.id does not exist", position: "8", file: "parse_relation.c", unknown: "ERROR", severity: "ERROR", pg_code: "42703", routine: "errorMissingColumn"}, connection_id: 3152, query: "SELECT i0.\"id\", i0.\"user_id\", i0.\"org_id\", i0.\"locale\", i0.\"timezone\", i0.\"notifications_enabled\", i0.\"created_at\", i0.\"updated_at\" FROM \"identity_user_settings\" AS i0 WHERE (i0.\"id\" = $1)"}}
State: %EventStore.Subscriptions.Subscription{stream_uuid: "$all", subscription_name: "Identity.Projectors.UserRegistrationProjector", subscription: %EventStore.Subscriptions.SubscriptionFsm{state: :unsubscribed, data: %EventStore.Subscriptions.SubscriptionState{conn: Nexus.EventStore.Postgrex, event_store: Nexus.EventStore, serializer: Commanded.Serialization.JsonSerializer, schema: "event_store", stream_uuid: "$all", start_from: 0, subscription_name: "Identity.Projectors.UserRegistrationProjector", subscription_id: 405, selector: nil, mapper: &Commanded.EventStore.Adapters.EventStore.Mapper.from_recorded_event/1, max_size: 1000, partition_by: nil, query_timeout: 15000, lock_ref: #Reference<0.504251661.3394502658.84217>, last_received: 12233, last_sent: 11262, last_ack: 11261, queue_size: 972, buffer_size: 1, checkpoint_after: 0, checkpoint_threshold: 1, checkpoint_timer_ref: nil, checkpoints_pending: 0, subscribers: %{}, partitions: %{nil: {[%EventStore.RecordedEvent{event_number: 12233, event_id: "3577d288-e114-49d0-b17e-d17f1e4769f4", stream_uuid: "631ffb8b-126b-40c3-8203-4988912dccac", stream_version: 3, correlation_id: "f0ad9816-816b-47fb-865d-d00d4d71d039", causation_id: "e3af021b-7d55-4d55-868a-b48b5295468b", event_type: "Elixir.Nexus.Identity.Events.SessionStarted", data: %Nexus.Identity.Events.SessionStarted{org_id: "e205ad5a-5aff-40fd-9840-2f1860363ab1", user_id: "631ffb8b-126b-40c3-8203-4988912dccac", session_id: "455013d2-eb5e-4269-a2d3-11a4438c7ccd", session_token: "mobile-token", user_agent: "iPhone / Mobile Safari", ip_address: "192.168.1.1", started_at: "2026-03-20T23:10:04.329750Z"}, metadata: %{"causation_id" => "019d0d83-5629-723f-abf6-b993b2561c96", "correlation_id" => "019d0d83-5629-723f-abf6-b993b2561c96"}, created_at: ~U[2026-03-20 23:10:04.330636Z]}, %EventStore.RecordedEvent{event_number: 12232, event_id: "84d7f523-80de-4910-9695-01390279d304", stream_uuid: "631ffb8b-126b-40c3-8203-4988912dccac", stream_version: 2, correlation_id: "ca3083d5-c8ab-4f2c-95cc-e9398e31863f", causation_id: "580058c8-e004-40a4-b45d-9e8ab0fd9664", event_type: "Elixir.Nexus.Identity.Events.SessionStarted", data: %Nexus.Identity.Events.SessionStarted{org_id: "e205ad5a-5aff-40fd-9840-2f1860363ab1", user_id: "631ffb8b-126b-40c3-8203-4988912dccac", session_id: "164564ba-390e-4fbd-b7fa-07def19cf535", session_token: "mock-token", user_agent: "Mozilla/5.0 (Macintosh; Intel Mac OS X 10_15_7)", ip_address: "127.0.0.1", started_at: "2026-03-20T23:10:04.226401Z"}, metadata: %{"causation_id" => "019d0d83-55c2-7fbb-8cfd-66cf24561fd5", "correlation_id" => "019d0d83-55c2-7fbb-8cfd-66cf24561fd5"}, created_at: ~U[2026-03-20 23:10:04.226883Z]}, %EventStore.RecordedEvent{event_number: 12231, event_id: "b58748f2-cd92-4a46-911f-0bab7e16bcce", stream_uuid: "631ffb8b-126b-40c3-8203-4988912dccac", stream_version: 1, correlation_id: "e6b4b1b3-a306-4e46-a407-4ee295b2567e", causation_id: "6c36c5b1-b472-491a-93d4-d21335dab8e5", event_type: "Elixir.Nexus.Identity.Events.UserRegistered", data: %Nexus.Identity.Events.UserRegistered{user_id: "631ffb8b-126b-40c3-8203-4988912dccac", org_id: "e205ad5a-5aff-40fd-9840-2f1860363ab1", email: "bernard-92b69317-ceac-4570-a4dc-e181657c44c8@nexus.financial", role: "admin", cose_key: "bW9jaw==", credential_id: "bW9jaw==", registered_at: "2026-03-20T23:10:04.023004Z", display_name: "Bernard", status: "active"}, metadata: %{"causation_id" => "019d0d83-54f7-7795-b212-00ae72ff09d4", "correlation_id" => "019d0d83-54f7-7795-b212-00ae72ff09d4"}, created_at: ~U[2026-03-20 23:10:04.024222Z]}, %EventStore.RecordedEvent{event_number: 12230, event_id: "18516aae-860c-4533-8cef-1f1cc9898a6b", stream_uuid: "0a2320b8-ea62-4944-91fc-b1a081d94b4f", stream_version: 2, correlation_id: "3439d5db-8df0-40d7-b3f9-7c79af370711", ...}, ...], ...}}, ...}}, ...}
23:10:04.358 [debug] Nexus.Identity.Projectors.UserRegistrationProjector is shutting down due to {%Postgrex.Error{message: nil, postgres: %{code: :undefined_column, line: "3721", message: "column i0.id does not exist", position: "8", file: "parse_relation.c", unknown: "ERROR", severity: "ERROR", pg_code: "42703", routine: "errorMissingColumn"}, connection_id: 3152, query: "SELECT i0.\"id\", i0.\"user_id\", i0.\"org_id\", i0.\"locale\", i0.\"timezone\", i0.\"notifications_enabled\", i0.\"created_at\", i0.\"updated_at\" FROM \"identity_user_settings\" AS i0 WHERE (i0.\"id\" = $1)"}, {GenServer, :call, [#PID<0.3105.0>, {:connect, #PID<0.3106.0>, [retry_interval: 60000, hibernate_after: 15000, partition_by: nil, concurrency_limit: 1, name: Nexus.EventStore, mapper: &Commanded.EventStore.Adapters.EventStore.Mapper.from_recorded_event/1, conn: Nexus.EventStore.Postgrex, event_store: Nexus.EventStore, query_timeout: 15000, schema: "event_store", serializer: Commanded.Serialization.JsonSerializer, stream_uuid: "$all", subscription_name: "Identity.Projectors.UserRegistrationProjector", start_from: 0]}, 5000]}}
23:10:04.358 [error] GenServer {Nexus.App.LocalRegistry, {Nexus.App, Commanded.Event.Handler, "Identity.Projectors.UserRegistrationProjector"}} terminating
** (stop) exited in: GenServer.call(#PID<0.3105.0>, {:connect, #PID<0.3106.0>, [retry_interval: 60000, hibernate_after: 15000, partition_by: nil, concurrency_limit: 1, name: Nexus.EventStore, mapper: &Commanded.EventStore.Adapters.EventStore.Mapper.from_recorded_event/1, conn: Nexus.EventStore.Postgrex, event_store: Nexus.EventStore, query_timeout: 15000, schema: "event_store", serializer: Commanded.Serialization.JsonSerializer, stream_uuid: "$all", subscription_name: "Identity.Projectors.UserRegistrationProjector", start_from: 0]}, 5000)
    ** (EXIT) %Postgrex.Error{message: nil, postgres: %{code: :undefined_column, line: "3721", message: "column i0.id does not exist", position: "8", file: "parse_relation.c", unknown: "ERROR", severity: "ERROR", pg_code: "42703", routine: "errorMissingColumn"}, connection_id: 3152, query: "SELECT i0.\"id\", i0.\"user_id\", i0.\"org_id\", i0.\"locale\", i0.\"timezone\", i0.\"notifications_enabled\", i0.\"created_at\", i0.\"updated_at\" FROM \"identity_user_settings\" AS i0 WHERE (i0.\"id\" = $1)"}
    (elixir 1.19.5) lib/gen_server.ex:1142: GenServer.call/3
    (commanded 1.4.9) lib/commanded/event_store.ex:289: anonymous fn/2 in Commanded.EventStore.span/3
    (telemetry 1.3.0) /Users/bernard/dev/nexus/deps/telemetry/src/telemetry.erl:324: :telemetry.span/3
    (commanded 1.4.9) lib/commanded/event_store/subscription.ex:58: Commanded.EventStore.Subscription.subscribe/2
    (commanded 1.4.9) lib/commanded/event/handler.ex:1024: Commanded.Event.Handler.subscribe_to_events/1
    (commanded 1.4.9) lib/commanded/event/handler.ex:887: Commanded.Event.Handler.handle_continue/2
    (stdlib 7.1) gen_server.erl:2424: :gen_server.try_handle_continue/3
    (stdlib 7.1) gen_server.erl:2291: :gen_server.loop/4
    (stdlib 7.1) proc_lib.erl:333: :proc_lib.init_p_do_apply/3
Last message: {:continue, :subscribe_to_events}
State: %Commanded.Event.Handler{application: Nexus.App, consistency: :strong, handler_callback: :event, handler_name: "Identity.Projectors.UserRegistrationProjector", handler_module: Nexus.Identity.Projectors.UserRegistrationProjector, handler_state: nil, last_seen_event: nil, subscription: %Commanded.EventStore.Subscription{application: Nexus.App, backoff: {:backoff, 1000, 60000, 1000, :jitter, :undefined, :undefined}, concurrency: 1, partition_by: nil, subscribe_to: :all, subscribe_from: :origin, subscription_name: "Identity.Projectors.UserRegistrationProjector", subscription_opts: [], subscription_pid: nil, subscription_ref: nil}, subscribe_timer: nil}
23:10:04.359 [debug] Subscription "Identity.Projectors.UserRegistrationProjector"@"$all" attempting to connect subscriber #PID<0.3107.0>
23:10:04.360 [debug] Subscription "Identity.Projectors.UserRegistrationProjector"@"$all" catching-up
23:10:04.360 [debug] Nexus.Identity.Projectors.UserRegistrationProjector has successfully subscribed to event store
23:10:04.374 [debug] Nexus.Identity.Projectors.UserRegistrationProjector received events: [%Commanded.EventStore.RecordedEvent{event_id: "282ec866-f518-44ed-95f6-7a535d6c3e25", event_number: 11262, stream_id: "019d0c26-0b00-74a0-bd6d-48329cf61a57", stream_version: 1, causation_id: "d64809a4-8402-4360-8536-99b7a0f860ca", correlation_id: "e0f4b4bb-483c-4914-aaaa-956d1587d67e", event_type: "Elixir.Nexus.Identity.Events.UserRegistered", data: %Nexus.Identity.Events.UserRegistered{user_id: "019d0c26-0b00-74a0-bd6d-48329cf61a57", org_id: "019d0c26-0b00-74a0-8884-24b7b734f296", email: "test@example.com", role: "system_admin", cose_key: "Ym9vdHN0cmFwX2Nvc2Vfa2V5", credential_id: "Ym9vdHN0cmFwX2NyZWRlbnRpYWxfaWQ=", registered_at: "2026-03-20T16:48:33.024173Z", display_name: "Test User", status: "active"}, created_at: ~U[2026-03-20 16:48:33.025211Z], metadata: %{"causation_id" => "019d0c26-0b00-71d0-a1d2-041f55e92cfc", "correlation_id" => "019d0c26-0b00-71d0-a1d2-041f55e92cfc"}}]
23:10:04.374 [debug] QUERY OK db=0.1ms
begin []
23:10:04.374 [debug] QUERY OK source="projection_versions" db=0.1ms
INSERT INTO "projection_versions" AS p0 ("projection_name","last_seen_event_number","inserted_at","updated_at") VALUES ($1,$2,$3,$4) ON CONFLICT ("projection_name") DO UPDATE SET "last_seen_event_number" = $5 WHERE ((p0."projection_name" = $6) AND (p0."last_seen_event_number" < $7)) ["Identity.Projectors.UserRegistrationProjector", 11262, ~N[2026-03-20 23:10:04.374477], ~N[2026-03-20 23:10:04.374477], 11262, "Identity.Projectors.UserRegistrationProjector", 11262]
23:10:04.374 [debug] QUERY OK source="users" db=0.0ms
SELECT u0."id", u0."org_id", u0."email", u0."display_name", u0."status", u0."cose_key", u0."credential_id", u0."roles", u0."created_at", u0."updated_at" FROM "users" AS u0 WHERE (u0."id" = $1) ["019d0c26-0b00-74a0-bd6d-48329cf61a57"]
23:10:04.374 [debug] QUERY OK source="users" db=0.0ms
SELECT u0."id", u0."org_id", u0."email", u0."display_name", u0."status", u0."cose_key", u0."credential_id", u0."roles", u0."created_at", u0."updated_at" FROM "users" AS u0 WHERE (u0."email" = $1) ["test@example.com"]
23:10:04.375 [debug] QUERY OK source="users" db=0.1ms
INSERT INTO "users" ("id","status","org_id","email","display_name","roles","cose_key","credential_id","created_at","updated_at") VALUES ($1,$2,$3,$4,$5,$6,$7,$8,$9,$10) ["019d0c26-0b00-74a0-bd6d-48329cf61a57", "active", "019d0c26-0b00-74a0-8884-24b7b734f296", "test@example.com", "Test User", ["system_admin"], "bootstrap_cose_key", "bootstrap_credential_id", ~U[2026-03-20 23:10:04.375018Z], ~U[2026-03-20 23:10:04.375018Z]]
23:10:04.375 [debug] QUERY ERROR source="identity_user_settings" db=0.0ms
SELECT i0."id", i0."user_id", i0."org_id", i0."locale", i0."timezone", i0."notifications_enabled", i0."created_at", i0."updated_at" FROM "identity_user_settings" AS i0 WHERE (i0."id" = $1) ["019d0c26-0b00-74a0-bd6d-48329cf61a57"]
23:10:04.375 [debug] QUERY OK db=0.0ms
rollback []
23:10:04.376 [error] Nexus.Identity.Projectors.UserRegistrationProjector failed to handle event:
%Commanded.EventStore.RecordedEvent{
  event_id: "282ec866-f518-44ed-95f6-7a535d6c3e25",
  event_number: 11262,
  stream_id: "019d0c26-0b00-74a0-bd6d-48329cf61a57",
  stream_version: 1,
  causation_id: "d64809a4-8402-4360-8536-99b7a0f860ca",
  correlation_id: "e0f4b4bb-483c-4914-aaaa-956d1587d67e",
  event_type: "Elixir.Nexus.Identity.Events.UserRegistered",
  data: %Nexus.Identity.Events.UserRegistered{
    user_id: "019d0c26-0b00-74a0-bd6d-48329cf61a57",
    org_id: "019d0c26-0b00-74a0-8884-24b7b734f296",
    email: "test@example.com",
    role: "system_admin",
    cose_key: "Ym9vdHN0cmFwX2Nvc2Vfa2V5",
    credential_id: "Ym9vdHN0cmFwX2NyZWRlbnRpYWxfaWQ=",
    registered_at: "2026-03-20T16:48:33.024173Z",
    display_name: "Test User",
    status: "active"
  },
  created_at: ~U[2026-03-20 16:48:33.025211Z],
  metadata: %{
    "causation_id" => "019d0c26-0b00-71d0-a1d2-041f55e92cfc",
    "correlation_id" => "019d0c26-0b00-71d0-a1d2-041f55e92cfc"
  }
}, due to:
** (Postgrex.Error) ERROR 42703 (undefined_column) column i0.id does not exist

    query: SELECT i0."id", i0."user_id", i0."org_id", i0."locale", i0."timezone", i0."notifications_enabled", i0."created_at", i0."updated_at" FROM "identity_user_settings" AS i0 WHERE (i0."id" = $1)
    (ecto_sql 3.13.4) lib/ecto/adapters/sql.ex:1113: Ecto.Adapters.SQL.raise_sql_call_error/1
    (ecto_sql 3.13.4) lib/ecto/adapters/sql.ex:1011: Ecto.Adapters.SQL.execute/6
    (ecto 3.13.5) lib/ecto/repo/queryable.ex:241: Ecto.Repo.Queryable.execute/4
    (ecto 3.13.5) lib/ecto/repo/queryable.ex:19: Ecto.Repo.Queryable.all/3
    (ecto 3.13.5) lib/ecto/repo/queryable.ex:163: Ecto.Repo.Queryable.one/3
    (nexus 0.1.0) lib/nexus/identity/projectors/user_registration_projector.ex:53: anonymous fn/3 in Nexus.Identity.Projectors.UserRegistrationProjector.project_registration/3
    (ecto 3.13.5) lib/ecto/multi.ex:905: Ecto.Multi.apply_operation/5
    (elixir 1.19.5) lib/enum.ex:2520: Enum."-reduce/3-lists^foldl/2-0-"/3
    (ecto 3.13.5) lib/ecto/multi.ex:878: anonymous fn/5 in Ecto.Multi.apply_operations/5
    (ecto_sql 3.13.4) lib/ecto/adapters/sql.ex:1473: anonymous fn/3 in Ecto.Adapters.SQL.checkout_or_transaction/4
    (db_connection 2.9.0) lib/db_connection.ex:1747: DBConnection.run_transaction/4
    (ecto 3.13.5) lib/ecto/repo/transaction.ex:30: Ecto.Repo.Transaction.transact/4
    (nexus 0.1.0) deps/commanded_ecto_projections/lib/projections/ecto.ex:97: Nexus.Identity.Projectors.UserRegistrationProjector.update_projection/3
    (commanded 1.4.9) lib/commanded/event/handler.ex:1221: Commanded.Event.Handler.delegate_event_to_handler/2
    (commanded 1.4.9) lib/commanded/event/handler.ex:1062: Commanded.Event.Handler.handle_event/3
    (elixir 1.19.5) lib/enum.ex:2520: Enum."-reduce/3-lists^foldl/2-0-"/3
    (commanded 1.4.9) lib/commanded/event/handler.ex:969: Commanded.Event.Handler.handle_info/2
    (stdlib 7.1) gen_server.erl:2434: :gen_server.try_handle_info/3
    (stdlib 7.1) gen_server.erl:2420: :gen_server.handle_msg/3
    (stdlib 7.1) proc_lib.erl:333: :proc_lib.init_p_do_apply/3

23:10:04.376 [warning] Nexus.Identity.Projectors.UserRegistrationProjector has requested to stop: %Postgrex.Error{message: nil, postgres: %{code: :undefined_column, line: "3721", message: "column i0.id does not exist", position: "8", file: "parse_relation.c", unknown: "ERROR", severity: "ERROR", pg_code: "42703", routine: "errorMissingColumn"}, connection_id: 3152, query: "SELECT i0.\"id\", i0.\"user_id\", i0.\"org_id\", i0.\"locale\", i0.\"timezone\", i0.\"notifications_enabled\", i0.\"created_at\", i0.\"updated_at\" FROM \"identity_user_settings\" AS i0 WHERE (i0.\"id\" = $1)"}
23:10:04.376 [debug] Nexus.Identity.Projectors.UserRegistrationProjector is shutting down due to %Postgrex.Error{message: nil, postgres: %{code: :undefined_column, line: "3721", message: "column i0.id does not exist", position: "8", file: "parse_relation.c", unknown: "ERROR", severity: "ERROR", pg_code: "42703", routine: "errorMissingColumn"}, connection_id: 3152, query: "SELECT i0.\"id\", i0.\"user_id\", i0.\"org_id\", i0.\"locale\", i0.\"timezone\", i0.\"notifications_enabled\", i0.\"created_at\", i0.\"updated_at\" FROM \"identity_user_settings\" AS i0 WHERE (i0.\"id\" = $1)"}
23:10:04.376 [error] GenServer {Nexus.App.LocalRegistry, {Nexus.App, Commanded.Event.Handler, "Identity.Projectors.UserRegistrationProjector"}} terminating
** (stop) %Postgrex.Error{message: nil, postgres: %{code: :undefined_column, line: "3721", message: "column i0.id does not exist", position: "8", file: "parse_relation.c", unknown: "ERROR", severity: "ERROR", pg_code: "42703", routine: "errorMissingColumn"}, connection_id: 3152, query: "SELECT i0.\"id\", i0.\"user_id\", i0.\"org_id\", i0.\"locale\", i0.\"timezone\", i0.\"notifications_enabled\", i0.\"created_at\", i0.\"updated_at\" FROM \"identity_user_settings\" AS i0 WHERE (i0.\"id\" = $1)"}
Last message: {:events, [%Commanded.EventStore.RecordedEvent{event_id: "282ec866-f518-44ed-95f6-7a535d6c3e25", event_number: 11262, stream_id: "019d0c26-0b00-74a0-bd6d-48329cf61a57", stream_version: 1, causation_id: "d64809a4-8402-4360-8536-99b7a0f860ca", correlation_id: "e0f4b4bb-483c-4914-aaaa-956d1587d67e", event_type: "Elixir.Nexus.Identity.Events.UserRegistered", data: %Nexus.Identity.Events.UserRegistered{user_id: "019d0c26-0b00-74a0-bd6d-48329cf61a57", org_id: "019d0c26-0b00-74a0-8884-24b7b734f296", email: "test@example.com", role: "system_admin", cose_key: "Ym9vdHN0cmFwX2Nvc2Vfa2V5", credential_id: "Ym9vdHN0cmFwX2NyZWRlbnRpYWxfaWQ=", registered_at: "2026-03-20T16:48:33.024173Z", display_name: "Test User", status: "active"}, created_at: ~U[2026-03-20 16:48:33.025211Z], metadata: %{"causation_id" => "019d0c26-0b00-71d0-a1d2-041f55e92cfc", "correlation_id" => "019d0c26-0b00-71d0-a1d2-041f55e92cfc"}}]}
State: %Commanded.Event.Handler{application: Nexus.App, consistency: :strong, handler_callback: :event, handler_name: "Identity.Projectors.UserRegistrationProjector", handler_module: Nexus.Identity.Projectors.UserRegistrationProjector, handler_state: nil, last_seen_event: nil, subscription: %Commanded.EventStore.Subscription{application: Nexus.App, backoff: {:backoff, 1000, 60000, 1000, :jitter, :undefined, :undefined}, concurrency: 1, partition_by: nil, subscribe_to: :all, subscribe_from: :origin, subscription_name: "Identity.Projectors.UserRegistrationProjector", subscription_opts: [], subscription_pid: #PID<0.3108.0>, subscription_ref: #Reference<0.504251661.3394502657.234736>}, subscribe_timer: nil}
23:10:04.376 [debug] Subscription "Identity.Projectors.UserRegistrationProjector"@"$all" subscriber #PID<0.3107.0> down due to: %Postgrex.Error{message: nil, postgres: %{code: :undefined_column, line: "3721", message: "column i0.id does not exist", position: "8", file: "parse_relation.c", unknown: "ERROR", severity: "ERROR", pg_code: "42703", routine: "errorMissingColumn"}, connection_id: 3152, query: "SELECT i0.\"id\", i0.\"user_id\", i0.\"org_id\", i0.\"locale\", i0.\"timezone\", i0.\"notifications_enabled\", i0.\"created_at\", i0.\"updated_at\" FROM \"identity_user_settings\" AS i0 WHERE (i0.\"id\" = $1)"}
23:10:04.376 [debug] Subscription "Identity.Projectors.UserRegistrationProjector"@"$all" has no subscribers, shutting down
23:10:04.376 [error] GenServer {Nexus.EventStore.EventStore.Subscriptions.Registry, {"$all", "Identity.Projectors.UserRegistrationProjector"}} terminating
** (stop) %Postgrex.Error{message: nil, postgres: %{code: :undefined_column, line: "3721", message: "column i0.id does not exist", position: "8", file: "parse_relation.c", unknown: "ERROR", severity: "ERROR", pg_code: "42703", routine: "errorMissingColumn"}, connection_id: 3152, query: "SELECT i0.\"id\", i0.\"user_id\", i0.\"org_id\", i0.\"locale\", i0.\"timezone\", i0.\"notifications_enabled\", i0.\"created_at\", i0.\"updated_at\" FROM \"identity_user_settings\" AS i0 WHERE (i0.\"id\" = $1)"}
Last message: {:DOWN, #Reference<0.504251661.3394502657.234718>, :process, #PID<0.3107.0>, %Postgrex.Error{message: nil, postgres: %{code: :undefined_column, line: "3721", message: "column i0.id does not exist", position: "8", file: "parse_relation.c", unknown: "ERROR", severity: "ERROR", pg_code: "42703", routine: "errorMissingColumn"}, connection_id: 3152, query: "SELECT i0.\"id\", i0.\"user_id\", i0.\"org_id\", i0.\"locale\", i0.\"timezone\", i0.\"notifications_enabled\", i0.\"created_at\", i0.\"updated_at\" FROM \"identity_user_settings\" AS i0 WHERE (i0.\"id\" = $1)"}}
State: %EventStore.Subscriptions.Subscription{stream_uuid: "$all", subscription_name: "Identity.Projectors.UserRegistrationProjector", subscription: %EventStore.Subscriptions.SubscriptionFsm{state: :unsubscribed, data: %EventStore.Subscriptions.SubscriptionState{conn: Nexus.EventStore.Postgrex, event_store: Nexus.EventStore, serializer: Commanded.Serialization.JsonSerializer, schema: "event_store", stream_uuid: "$all", start_from: 0, subscription_name: "Identity.Projectors.UserRegistrationProjector", subscription_id: 405, selector: nil, mapper: &Commanded.EventStore.Adapters.EventStore.Mapper.from_recorded_event/1, max_size: 1000, partition_by: nil, query_timeout: 15000, lock_ref: #Reference<0.504251661.3394502658.84409>, last_received: 12233, last_sent: 11262, last_ack: 11261, queue_size: 972, buffer_size: 1, checkpoint_after: 0, checkpoint_threshold: 1, checkpoint_timer_ref: nil, checkpoints_pending: 0, subscribers: %{}, partitions: %{nil: {[%EventStore.RecordedEvent{event_number: 12233, event_id: "3577d288-e114-49d0-b17e-d17f1e4769f4", stream_uuid: "631ffb8b-126b-40c3-8203-4988912dccac", stream_version: 3, correlation_id: "f0ad9816-816b-47fb-865d-d00d4d71d039", causation_id: "e3af021b-7d55-4d55-868a-b48b5295468b", event_type: "Elixir.Nexus.Identity.Events.SessionStarted", data: %Nexus.Identity.Events.SessionStarted{org_id: "e205ad5a-5aff-40fd-9840-2f1860363ab1", user_id: "631ffb8b-126b-40c3-8203-4988912dccac", session_id: "455013d2-eb5e-4269-a2d3-11a4438c7ccd", session_token: "mobile-token", user_agent: "iPhone / Mobile Safari", ip_address: "192.168.1.1", started_at: "2026-03-20T23:10:04.329750Z"}, metadata: %{"causation_id" => "019d0d83-5629-723f-abf6-b993b2561c96", "correlation_id" => "019d0d83-5629-723f-abf6-b993b2561c96"}, created_at: ~U[2026-03-20 23:10:04.330636Z]}, %EventStore.RecordedEvent{event_number: 12232, event_id: "84d7f523-80de-4910-9695-01390279d304", stream_uuid: "631ffb8b-126b-40c3-8203-4988912dccac", stream_version: 2, correlation_id: "ca3083d5-c8ab-4f2c-95cc-e9398e31863f", causation_id: "580058c8-e004-40a4-b45d-9e8ab0fd9664", event_type: "Elixir.Nexus.Identity.Events.SessionStarted", data: %Nexus.Identity.Events.SessionStarted{org_id: "e205ad5a-5aff-40fd-9840-2f1860363ab1", user_id: "631ffb8b-126b-40c3-8203-4988912dccac", session_id: "164564ba-390e-4fbd-b7fa-07def19cf535", session_token: "mock-token", user_agent: "Mozilla/5.0 (Macintosh; Intel Mac OS X 10_15_7)", ip_address: "127.0.0.1", started_at: "2026-03-20T23:10:04.226401Z"}, metadata: %{"causation_id" => "019d0d83-55c2-7fbb-8cfd-66cf24561fd5", "correlation_id" => "019d0d83-55c2-7fbb-8cfd-66cf24561fd5"}, created_at: ~U[2026-03-20 23:10:04.226883Z]}, %EventStore.RecordedEvent{event_number: 12231, event_id: "b58748f2-cd92-4a46-911f-0bab7e16bcce", stream_uuid: "631ffb8b-126b-40c3-8203-4988912dccac", stream_version: 1, correlation_id: "e6b4b1b3-a306-4e46-a407-4ee295b2567e", causation_id: "6c36c5b1-b472-491a-93d4-d21335dab8e5", event_type: "Elixir.Nexus.Identity.Events.UserRegistered", data: %Nexus.Identity.Events.UserRegistered{user_id: "631ffb8b-126b-40c3-8203-4988912dccac", org_id: "e205ad5a-5aff-40fd-9840-2f1860363ab1", email: "bernard-92b69317-ceac-4570-a4dc-e181657c44c8@nexus.financial", role: "admin", cose_key: "bW9jaw==", credential_id: "bW9jaw==", registered_at: "2026-03-20T23:10:04.023004Z", display_name: "Bernard", status: "active"}, metadata: %{"causation_id" => "019d0d83-54f7-7795-b212-00ae72ff09d4", "correlation_id" => "019d0d83-54f7-7795-b212-00ae72ff09d4"}, created_at: ~U[2026-03-20 23:10:04.024222Z]}, %EventStore.RecordedEvent{event_number: 12230, event_id: "18516aae-860c-4533-8cef-1f1cc9898a6b", stream_uuid: "0a2320b8-ea62-4944-91fc-b1a081d94b4f", stream_version: 2, correlation_id: "3439d5db-8df0-40d7-b3f9-7c79af370711", ...}, ...], ...}}, ...}}, ...}
23:10:04.377 [debug] Nexus.Identity.Projectors.UserRegistrationProjector is shutting down due to {%Postgrex.Error{message: nil, postgres: %{code: :undefined_column, line: "3721", message: "column i0.id does not exist", position: "8", file: "parse_relation.c", unknown: "ERROR", severity: "ERROR", pg_code: "42703", routine: "errorMissingColumn"}, connection_id: 3152, query: "SELECT i0.\"id\", i0.\"user_id\", i0.\"org_id\", i0.\"locale\", i0.\"timezone\", i0.\"notifications_enabled\", i0.\"created_at\", i0.\"updated_at\" FROM \"identity_user_settings\" AS i0 WHERE (i0.\"id\" = $1)"}, {GenServer, :call, [#PID<0.3108.0>, {:connect, #PID<0.3109.0>, [retry_interval: 60000, hibernate_after: 15000, partition_by: nil, concurrency_limit: 1, name: Nexus.EventStore, mapper: &Commanded.EventStore.Adapters.EventStore.Mapper.from_recorded_event/1, conn: Nexus.EventStore.Postgrex, event_store: Nexus.EventStore, query_timeout: 15000, schema: "event_store", serializer: Commanded.Serialization.JsonSerializer, stream_uuid: "$all", subscription_name: "Identity.Projectors.UserRegistrationProjector", start_from: 0]}, 5000]}}
23:10:04.377 [error] GenServer {Nexus.App.LocalRegistry, {Nexus.App, Commanded.Event.Handler, "Identity.Projectors.UserRegistrationProjector"}} terminating
** (stop) exited in: GenServer.call(#PID<0.3108.0>, {:connect, #PID<0.3109.0>, [retry_interval: 60000, hibernate_after: 15000, partition_by: nil, concurrency_limit: 1, name: Nexus.EventStore, mapper: &Commanded.EventStore.Adapters.EventStore.Mapper.from_recorded_event/1, conn: Nexus.EventStore.Postgrex, event_store: Nexus.EventStore, query_timeout: 15000, schema: "event_store", serializer: Commanded.Serialization.JsonSerializer, stream_uuid: "$all", subscription_name: "Identity.Projectors.UserRegistrationProjector", start_from: 0]}, 5000)
    ** (EXIT) %Postgrex.Error{message: nil, postgres: %{code: :undefined_column, line: "3721", message: "column i0.id does not exist", position: "8", file: "parse_relation.c", unknown: "ERROR", severity: "ERROR", pg_code: "42703", routine: "errorMissingColumn"}, connection_id: 3152, query: "SELECT i0.\"id\", i0.\"user_id\", i0.\"org_id\", i0.\"locale\", i0.\"timezone\", i0.\"notifications_enabled\", i0.\"created_at\", i0.\"updated_at\" FROM \"identity_user_settings\" AS i0 WHERE (i0.\"id\" = $1)"}
    (elixir 1.19.5) lib/gen_server.ex:1142: GenServer.call/3
    (commanded 1.4.9) lib/commanded/event_store.ex:289: anonymous fn/2 in Commanded.EventStore.span/3
    (telemetry 1.3.0) /Users/bernard/dev/nexus/deps/telemetry/src/telemetry.erl:324: :telemetry.span/3
    (commanded 1.4.9) lib/commanded/event_store/subscription.ex:58: Commanded.EventStore.Subscription.subscribe/2
    (commanded 1.4.9) lib/commanded/event/handler.ex:1024: Commanded.Event.Handler.subscribe_to_events/1
    (commanded 1.4.9) lib/commanded/event/handler.ex:887: Commanded.Event.Handler.handle_continue/2
    (stdlib 7.1) gen_server.erl:2424: :gen_server.try_handle_continue/3
    (stdlib 7.1) gen_server.erl:2291: :gen_server.loop/4
    (stdlib 7.1) proc_lib.erl:333: :proc_lib.init_p_do_apply/3
Last message: {:continue, :subscribe_to_events}
State: %Commanded.Event.Handler{application: Nexus.App, consistency: :strong, handler_callback: :event, handler_name: "Identity.Projectors.UserRegistrationProjector", handler_module: Nexus.Identity.Projectors.UserRegistrationProjector, handler_state: nil, last_seen_event: nil, subscription: %Commanded.EventStore.Subscription{application: Nexus.App, backoff: {:backoff, 1000, 60000, 1000, :jitter, :undefined, :undefined}, concurrency: 1, partition_by: nil, subscribe_to: :all, subscribe_from: :origin, subscription_name: "Identity.Projectors.UserRegistrationProjector", subscription_opts: [], subscription_pid: nil, subscription_ref: nil}, subscribe_timer: nil}
23:10:04.378 [debug] Subscription "Identity.Projectors.UserRegistrationProjector"@"$all" attempting to connect subscriber #PID<0.3110.0>
23:10:04.378 [debug] Subscription "Identity.Projectors.UserRegistrationProjector"@"$all" catching-up
23:10:04.378 [debug] Nexus.Identity.Projectors.UserRegistrationProjector has successfully subscribed to event store
23:10:04.391 [debug] Nexus.Identity.Projectors.UserRegistrationProjector received events: [%Commanded.EventStore.RecordedEvent{event_id: "282ec866-f518-44ed-95f6-7a535d6c3e25", event_number: 11262, stream_id: "019d0c26-0b00-74a0-bd6d-48329cf61a57", stream_version: 1, causation_id: "d64809a4-8402-4360-8536-99b7a0f860ca", correlation_id: "e0f4b4bb-483c-4914-aaaa-956d1587d67e", event_type: "Elixir.Nexus.Identity.Events.UserRegistered", data: %Nexus.Identity.Events.UserRegistered{user_id: "019d0c26-0b00-74a0-bd6d-48329cf61a57", org_id: "019d0c26-0b00-74a0-8884-24b7b734f296", email: "test@example.com", role: "system_admin", cose_key: "Ym9vdHN0cmFwX2Nvc2Vfa2V5", credential_id: "Ym9vdHN0cmFwX2NyZWRlbnRpYWxfaWQ=", registered_at: "2026-03-20T16:48:33.024173Z", display_name: "Test User", status: "active"}, created_at: ~U[2026-03-20 16:48:33.025211Z], metadata: %{"causation_id" => "019d0c26-0b00-71d0-a1d2-041f55e92cfc", "correlation_id" => "019d0c26-0b00-71d0-a1d2-041f55e92cfc"}}]
23:10:04.392 [debug] QUERY OK db=0.1ms
begin []
23:10:04.392 [debug] QUERY OK source="projection_versions" db=0.1ms
INSERT INTO "projection_versions" AS p0 ("projection_name","last_seen_event_number","inserted_at","updated_at") VALUES ($1,$2,$3,$4) ON CONFLICT ("projection_name") DO UPDATE SET "last_seen_event_number" = $5 WHERE ((p0."projection_name" = $6) AND (p0."last_seen_event_number" < $7)) ["Identity.Projectors.UserRegistrationProjector", 11262, ~N[2026-03-20 23:10:04.392246], ~N[2026-03-20 23:10:04.392246], 11262, "Identity.Projectors.UserRegistrationProjector", 11262]
23:10:04.392 [debug] QUERY OK source="users" db=0.0ms
SELECT u0."id", u0."org_id", u0."email", u0."display_name", u0."status", u0."cose_key", u0."credential_id", u0."roles", u0."created_at", u0."updated_at" FROM "users" AS u0 WHERE (u0."id" = $1) ["019d0c26-0b00-74a0-bd6d-48329cf61a57"]
23:10:04.392 [debug] QUERY OK source="users" db=0.0ms
SELECT u0."id", u0."org_id", u0."email", u0."display_name", u0."status", u0."cose_key", u0."credential_id", u0."roles", u0."created_at", u0."updated_at" FROM "users" AS u0 WHERE (u0."email" = $1) ["test@example.com"]
23:10:04.392 [debug] QUERY OK source="users" db=0.1ms
INSERT INTO "users" ("id","status","org_id","email","display_name","roles","cose_key","credential_id","created_at","updated_at") VALUES ($1,$2,$3,$4,$5,$6,$7,$8,$9,$10) ["019d0c26-0b00-74a0-bd6d-48329cf61a57", "active", "019d0c26-0b00-74a0-8884-24b7b734f296", "test@example.com", "Test User", ["system_admin"], "bootstrap_cose_key", "bootstrap_credential_id", ~U[2026-03-20 23:10:04.392766Z], ~U[2026-03-20 23:10:04.392766Z]]
23:10:04.393 [debug] QUERY ERROR source="identity_user_settings" db=0.0ms
SELECT i0."id", i0."user_id", i0."org_id", i0."locale", i0."timezone", i0."notifications_enabled", i0."created_at", i0."updated_at" FROM "identity_user_settings" AS i0 WHERE (i0."id" = $1) ["019d0c26-0b00-74a0-bd6d-48329cf61a57"]
23:10:04.393 [debug] QUERY OK db=0.0ms
rollback []
23:10:04.394 [error] Nexus.Identity.Projectors.UserRegistrationProjector failed to handle event:
%Commanded.EventStore.RecordedEvent{
  event_id: "282ec866-f518-44ed-95f6-7a535d6c3e25",
  event_number: 11262,
  stream_id: "019d0c26-0b00-74a0-bd6d-48329cf61a57",
  stream_version: 1,
  causation_id: "d64809a4-8402-4360-8536-99b7a0f860ca",
  correlation_id: "e0f4b4bb-483c-4914-aaaa-956d1587d67e",
  event_type: "Elixir.Nexus.Identity.Events.UserRegistered",
  data: %Nexus.Identity.Events.UserRegistered{
    user_id: "019d0c26-0b00-74a0-bd6d-48329cf61a57",
    org_id: "019d0c26-0b00-74a0-8884-24b7b734f296",
    email: "test@example.com",
    role: "system_admin",
    cose_key: "Ym9vdHN0cmFwX2Nvc2Vfa2V5",
    credential_id: "Ym9vdHN0cmFwX2NyZWRlbnRpYWxfaWQ=",
    registered_at: "2026-03-20T16:48:33.024173Z",
    display_name: "Test User",
    status: "active"
  },
  created_at: ~U[2026-03-20 16:48:33.025211Z],
  metadata: %{
    "causation_id" => "019d0c26-0b00-71d0-a1d2-041f55e92cfc",
    "correlation_id" => "019d0c26-0b00-71d0-a1d2-041f55e92cfc"
  }
}, due to:
** (Postgrex.Error) ERROR 42703 (undefined_column) column i0.id does not exist

    query: SELECT i0."id", i0."user_id", i0."org_id", i0."locale", i0."timezone", i0."notifications_enabled", i0."created_at", i0."updated_at" FROM "identity_user_settings" AS i0 WHERE (i0."id" = $1)
    (ecto_sql 3.13.4) lib/ecto/adapters/sql.ex:1113: Ecto.Adapters.SQL.raise_sql_call_error/1
    (ecto_sql 3.13.4) lib/ecto/adapters/sql.ex:1011: Ecto.Adapters.SQL.execute/6
    (ecto 3.13.5) lib/ecto/repo/queryable.ex:241: Ecto.Repo.Queryable.execute/4
    (ecto 3.13.5) lib/ecto/repo/queryable.ex:19: Ecto.Repo.Queryable.all/3
    (ecto 3.13.5) lib/ecto/repo/queryable.ex:163: Ecto.Repo.Queryable.one/3
    (nexus 0.1.0) lib/nexus/identity/projectors/user_registration_projector.ex:53: anonymous fn/3 in Nexus.Identity.Projectors.UserRegistrationProjector.project_registration/3
    (ecto 3.13.5) lib/ecto/multi.ex:905: Ecto.Multi.apply_operation/5
    (elixir 1.19.5) lib/enum.ex:2520: Enum."-reduce/3-lists^foldl/2-0-"/3
    (ecto 3.13.5) lib/ecto/multi.ex:878: anonymous fn/5 in Ecto.Multi.apply_operations/5
    (ecto_sql 3.13.4) lib/ecto/adapters/sql.ex:1473: anonymous fn/3 in Ecto.Adapters.SQL.checkout_or_transaction/4
    (db_connection 2.9.0) lib/db_connection.ex:1747: DBConnection.run_transaction/4
    (ecto 3.13.5) lib/ecto/repo/transaction.ex:30: Ecto.Repo.Transaction.transact/4
    (nexus 0.1.0) deps/commanded_ecto_projections/lib/projections/ecto.ex:97: Nexus.Identity.Projectors.UserRegistrationProjector.update_projection/3
    (commanded 1.4.9) lib/commanded/event/handler.ex:1221: Commanded.Event.Handler.delegate_event_to_handler/2
    (commanded 1.4.9) lib/commanded/event/handler.ex:1062: Commanded.Event.Handler.handle_event/3
    (elixir 1.19.5) lib/enum.ex:2520: Enum."-reduce/3-lists^foldl/2-0-"/3
    (commanded 1.4.9) lib/commanded/event/handler.ex:969: Commanded.Event.Handler.handle_info/2
    (stdlib 7.1) gen_server.erl:2434: :gen_server.try_handle_info/3
    (stdlib 7.1) gen_server.erl:2420: :gen_server.handle_msg/3
    (stdlib 7.1) proc_lib.erl:333: :proc_lib.init_p_do_apply/3

23:10:04.394 [warning] Nexus.Identity.Projectors.UserRegistrationProjector has requested to stop: %Postgrex.Error{message: nil, postgres: %{code: :undefined_column, line: "3721", message: "column i0.id does not exist", position: "8", file: "parse_relation.c", unknown: "ERROR", severity: "ERROR", pg_code: "42703", routine: "errorMissingColumn"}, connection_id: 3152, query: "SELECT i0.\"id\", i0.\"user_id\", i0.\"org_id\", i0.\"locale\", i0.\"timezone\", i0.\"notifications_enabled\", i0.\"created_at\", i0.\"updated_at\" FROM \"identity_user_settings\" AS i0 WHERE (i0.\"id\" = $1)"}
23:10:04.394 [debug] Nexus.Identity.Projectors.UserRegistrationProjector is shutting down due to %Postgrex.Error{message: nil, postgres: %{code: :undefined_column, line: "3721", message: "column i0.id does not exist", position: "8", file: "parse_relation.c", unknown: "ERROR", severity: "ERROR", pg_code: "42703", routine: "errorMissingColumn"}, connection_id: 3152, query: "SELECT i0.\"id\", i0.\"user_id\", i0.\"org_id\", i0.\"locale\", i0.\"timezone\", i0.\"notifications_enabled\", i0.\"created_at\", i0.\"updated_at\" FROM \"identity_user_settings\" AS i0 WHERE (i0.\"id\" = $1)"}
23:10:04.394 [error] GenServer {Nexus.App.LocalRegistry, {Nexus.App, Commanded.Event.Handler, "Identity.Projectors.UserRegistrationProjector"}} terminating
** (stop) %Postgrex.Error{message: nil, postgres: %{code: :undefined_column, line: "3721", message: "column i0.id does not exist", position: "8", file: "parse_relation.c", unknown: "ERROR", severity: "ERROR", pg_code: "42703", routine: "errorMissingColumn"}, connection_id: 3152, query: "SELECT i0.\"id\", i0.\"user_id\", i0.\"org_id\", i0.\"locale\", i0.\"timezone\", i0.\"notifications_enabled\", i0.\"created_at\", i0.\"updated_at\" FROM \"identity_user_settings\" AS i0 WHERE (i0.\"id\" = $1)"}
Last message: {:events, [%Commanded.EventStore.RecordedEvent{event_id: "282ec866-f518-44ed-95f6-7a535d6c3e25", event_number: 11262, stream_id: "019d0c26-0b00-74a0-bd6d-48329cf61a57", stream_version: 1, causation_id: "d64809a4-8402-4360-8536-99b7a0f860ca", correlation_id: "e0f4b4bb-483c-4914-aaaa-956d1587d67e", event_type: "Elixir.Nexus.Identity.Events.UserRegistered", data: %Nexus.Identity.Events.UserRegistered{user_id: "019d0c26-0b00-74a0-bd6d-48329cf61a57", org_id: "019d0c26-0b00-74a0-8884-24b7b734f296", email: "test@example.com", role: "system_admin", cose_key: "Ym9vdHN0cmFwX2Nvc2Vfa2V5", credential_id: "Ym9vdHN0cmFwX2NyZWRlbnRpYWxfaWQ=", registered_at: "2026-03-20T16:48:33.024173Z", display_name: "Test User", status: "active"}, created_at: ~U[2026-03-20 16:48:33.025211Z], metadata: %{"causation_id" => "019d0c26-0b00-71d0-a1d2-041f55e92cfc", "correlation_id" => "019d0c26-0b00-71d0-a1d2-041f55e92cfc"}}]}
State: %Commanded.Event.Handler{application: Nexus.App, consistency: :strong, handler_callback: :event, handler_name: "Identity.Projectors.UserRegistrationProjector", handler_module: Nexus.Identity.Projectors.UserRegistrationProjector, handler_state: nil, last_seen_event: nil, subscription: %Commanded.EventStore.Subscription{application: Nexus.App, backoff: {:backoff, 1000, 60000, 1000, :jitter, :undefined, :undefined}, concurrency: 1, partition_by: nil, subscribe_to: :all, subscribe_from: :origin, subscription_name: "Identity.Projectors.UserRegistrationProjector", subscription_opts: [], subscription_pid: #PID<0.3111.0>, subscription_ref: #Reference<0.504251661.3394502657.234830>}, subscribe_timer: nil}
23:10:04.394 [debug] Subscription "Identity.Projectors.UserRegistrationProjector"@"$all" subscriber #PID<0.3110.0> down due to: %Postgrex.Error{message: nil, postgres: %{code: :undefined_column, line: "3721", message: "column i0.id does not exist", position: "8", file: "parse_relation.c", unknown: "ERROR", severity: "ERROR", pg_code: "42703", routine: "errorMissingColumn"}, connection_id: 3152, query: "SELECT i0.\"id\", i0.\"user_id\", i0.\"org_id\", i0.\"locale\", i0.\"timezone\", i0.\"notifications_enabled\", i0.\"created_at\", i0.\"updated_at\" FROM \"identity_user_settings\" AS i0 WHERE (i0.\"id\" = $1)"}
23:10:04.394 [debug] Subscription "Identity.Projectors.UserRegistrationProjector"@"$all" has no subscribers, shutting down
23:10:04.394 [error] GenServer {Nexus.EventStore.EventStore.Subscriptions.Registry, {"$all", "Identity.Projectors.UserRegistrationProjector"}} terminating
** (stop) %Postgrex.Error{message: nil, postgres: %{code: :undefined_column, line: "3721", message: "column i0.id does not exist", position: "8", file: "parse_relation.c", unknown: "ERROR", severity: "ERROR", pg_code: "42703", routine: "errorMissingColumn"}, connection_id: 3152, query: "SELECT i0.\"id\", i0.\"user_id\", i0.\"org_id\", i0.\"locale\", i0.\"timezone\", i0.\"notifications_enabled\", i0.\"created_at\", i0.\"updated_at\" FROM \"identity_user_settings\" AS i0 WHERE (i0.\"id\" = $1)"}
Last message: {:DOWN, #Reference<0.504251661.3394502657.234810>, :process, #PID<0.3110.0>, %Postgrex.Error{message: nil, postgres: %{code: :undefined_column, line: "3721", message: "column i0.id does not exist", position: "8", file: "parse_relation.c", unknown: "ERROR", severity: "ERROR", pg_code: "42703", routine: "errorMissingColumn"}, connection_id: 3152, query: "SELECT i0.\"id\", i0.\"user_id\", i0.\"org_id\", i0.\"locale\", i0.\"timezone\", i0.\"notifications_enabled\", i0.\"created_at\", i0.\"updated_at\" FROM \"identity_user_settings\" AS i0 WHERE (i0.\"id\" = $1)"}}
State: %EventStore.Subscriptions.Subscription{stream_uuid: "$all", subscription_name: "Identity.Projectors.UserRegistrationProjector", subscription: %EventStore.Subscriptions.SubscriptionFsm{state: :unsubscribed, data: %EventStore.Subscriptions.SubscriptionState{conn: Nexus.EventStore.Postgrex, event_store: Nexus.EventStore, serializer: Commanded.Serialization.JsonSerializer, schema: "event_store", stream_uuid: "$all", start_from: 0, subscription_name: "Identity.Projectors.UserRegistrationProjector", subscription_id: 405, selector: nil, mapper: &Commanded.EventStore.Adapters.EventStore.Mapper.from_recorded_event/1, max_size: 1000, partition_by: nil, query_timeout: 15000, lock_ref: #Reference<0.504251661.3394502658.84607>, last_received: 12233, last_sent: 11262, last_ack: 11261, queue_size: 972, buffer_size: 1, checkpoint_after: 0, checkpoint_threshold: 1, checkpoint_timer_ref: nil, checkpoints_pending: 0, subscribers: %{}, partitions: %{nil: {[%EventStore.RecordedEvent{event_number: 12233, event_id: "3577d288-e114-49d0-b17e-d17f1e4769f4", stream_uuid: "631ffb8b-126b-40c3-8203-4988912dccac", stream_version: 3, correlation_id: "f0ad9816-816b-47fb-865d-d00d4d71d039", causation_id: "e3af021b-7d55-4d55-868a-b48b5295468b", event_type: "Elixir.Nexus.Identity.Events.SessionStarted", data: %Nexus.Identity.Events.SessionStarted{org_id: "e205ad5a-5aff-40fd-9840-2f1860363ab1", user_id: "631ffb8b-126b-40c3-8203-4988912dccac", session_id: "455013d2-eb5e-4269-a2d3-11a4438c7ccd", session_token: "mobile-token", user_agent: "iPhone / Mobile Safari", ip_address: "192.168.1.1", started_at: "2026-03-20T23:10:04.329750Z"}, metadata: %{"causation_id" => "019d0d83-5629-723f-abf6-b993b2561c96", "correlation_id" => "019d0d83-5629-723f-abf6-b993b2561c96"}, created_at: ~U[2026-03-20 23:10:04.330636Z]}, %EventStore.RecordedEvent{event_number: 12232, event_id: "84d7f523-80de-4910-9695-01390279d304", stream_uuid: "631ffb8b-126b-40c3-8203-4988912dccac", stream_version: 2, correlation_id: "ca3083d5-c8ab-4f2c-95cc-e9398e31863f", causation_id: "580058c8-e004-40a4-b45d-9e8ab0fd9664", event_type: "Elixir.Nexus.Identity.Events.SessionStarted", data: %Nexus.Identity.Events.SessionStarted{org_id: "e205ad5a-5aff-40fd-9840-2f1860363ab1", user_id: "631ffb8b-126b-40c3-8203-4988912dccac", session_id: "164564ba-390e-4fbd-b7fa-07def19cf535", session_token: "mock-token", user_agent: "Mozilla/5.0 (Macintosh; Intel Mac OS X 10_15_7)", ip_address: "127.0.0.1", started_at: "2026-03-20T23:10:04.226401Z"}, metadata: %{"causation_id" => "019d0d83-55c2-7fbb-8cfd-66cf24561fd5", "correlation_id" => "019d0d83-55c2-7fbb-8cfd-66cf24561fd5"}, created_at: ~U[2026-03-20 23:10:04.226883Z]}, %EventStore.RecordedEvent{event_number: 12231, event_id: "b58748f2-cd92-4a46-911f-0bab7e16bcce", stream_uuid: "631ffb8b-126b-40c3-8203-4988912dccac", stream_version: 1, correlation_id: "e6b4b1b3-a306-4e46-a407-4ee295b2567e", causation_id: "6c36c5b1-b472-491a-93d4-d21335dab8e5", event_type: "Elixir.Nexus.Identity.Events.UserRegistered", data: %Nexus.Identity.Events.UserRegistered{user_id: "631ffb8b-126b-40c3-8203-4988912dccac", org_id: "e205ad5a-5aff-40fd-9840-2f1860363ab1", email: "bernard-92b69317-ceac-4570-a4dc-e181657c44c8@nexus.financial", role: "admin", cose_key: "bW9jaw==", credential_id: "bW9jaw==", registered_at: "2026-03-20T23:10:04.023004Z", display_name: "Bernard", status: "active"}, metadata: %{"causation_id" => "019d0d83-54f7-7795-b212-00ae72ff09d4", "correlation_id" => "019d0d83-54f7-7795-b212-00ae72ff09d4"}, created_at: ~U[2026-03-20 23:10:04.024222Z]}, %EventStore.RecordedEvent{event_number: 12230, event_id: "18516aae-860c-4533-8cef-1f1cc9898a6b", stream_uuid: "0a2320b8-ea62-4944-91fc-b1a081d94b4f", stream_version: 2, correlation_id: "3439d5db-8df0-40d7-b3f9-7c79af370711", ...}, ...], ...}}, ...}}, ...}
23:10:04.395 [debug] Nexus.Identity.Projectors.UserRegistrationProjector is shutting down due to {%Postgrex.Error{message: nil, postgres: %{code: :undefined_column, line: "3721", message: "column i0.id does not exist", position: "8", file: "parse_relation.c", unknown: "ERROR", severity: "ERROR", pg_code: "42703", routine: "errorMissingColumn"}, connection_id: 3152, query: "SELECT i0.\"id\", i0.\"user_id\", i0.\"org_id\", i0.\"locale\", i0.\"timezone\", i0.\"notifications_enabled\", i0.\"created_at\", i0.\"updated_at\" FROM \"identity_user_settings\" AS i0 WHERE (i0.\"id\" = $1)"}, {GenServer, :call, [#PID<0.3111.0>, {:connect, #PID<0.3112.0>, [retry_interval: 60000, hibernate_after: 15000, partition_by: nil, concurrency_limit: 1, name: Nexus.EventStore, mapper: &Commanded.EventStore.Adapters.EventStore.Mapper.from_recorded_event/1, conn: Nexus.EventStore.Postgrex, event_store: Nexus.EventStore, query_timeout: 15000, schema: "event_store", serializer: Commanded.Serialization.JsonSerializer, stream_uuid: "$all", subscription_name: "Identity.Projectors.UserRegistrationProjector", start_from: 0]}, 5000]}}
23:10:04.395 [error] GenServer {Nexus.App.LocalRegistry, {Nexus.App, Commanded.Event.Handler, "Identity.Projectors.UserRegistrationProjector"}} terminating
** (stop) exited in: GenServer.call(#PID<0.3111.0>, {:connect, #PID<0.3112.0>, [retry_interval: 60000, hibernate_after: 15000, partition_by: nil, concurrency_limit: 1, name: Nexus.EventStore, mapper: &Commanded.EventStore.Adapters.EventStore.Mapper.from_recorded_event/1, conn: Nexus.EventStore.Postgrex, event_store: Nexus.EventStore, query_timeout: 15000, schema: "event_store", serializer: Commanded.Serialization.JsonSerializer, stream_uuid: "$all", subscription_name: "Identity.Projectors.UserRegistrationProjector", start_from: 0]}, 5000)
    ** (EXIT) %Postgrex.Error{message: nil, postgres: %{code: :undefined_column, line: "3721", message: "column i0.id does not exist", position: "8", file: "parse_relation.c", unknown: "ERROR", severity: "ERROR", pg_code: "42703", routine: "errorMissingColumn"}, connection_id: 3152, query: "SELECT i0.\"id\", i0.\"user_id\", i0.\"org_id\", i0.\"locale\", i0.\"timezone\", i0.\"notifications_enabled\", i0.\"created_at\", i0.\"updated_at\" FROM \"identity_user_settings\" AS i0 WHERE (i0.\"id\" = $1)"}
    (elixir 1.19.5) lib/gen_server.ex:1142: GenServer.call/3
    (commanded 1.4.9) lib/commanded/event_store.ex:289: anonymous fn/2 in Commanded.EventStore.span/3
    (telemetry 1.3.0) /Users/bernard/dev/nexus/deps/telemetry/src/telemetry.erl:324: :telemetry.span/3
    (commanded 1.4.9) lib/commanded/event_store/subscription.ex:58: Commanded.EventStore.Subscription.subscribe/2
    (commanded 1.4.9) lib/commanded/event/handler.ex:1024: Commanded.Event.Handler.subscribe_to_events/1
    (commanded 1.4.9) lib/commanded/event/handler.ex:887: Commanded.Event.Handler.handle_continue/2
    (stdlib 7.1) gen_server.erl:2424: :gen_server.try_handle_continue/3
    (stdlib 7.1) gen_server.erl:2291: :gen_server.loop/4
    (stdlib 7.1) proc_lib.erl:333: :proc_lib.init_p_do_apply/3
Last message: {:continue, :subscribe_to_events}
State: %Commanded.Event.Handler{application: Nexus.App, consistency: :strong, handler_callback: :event, handler_name: "Identity.Projectors.UserRegistrationProjector", handler_module: Nexus.Identity.Projectors.UserRegistrationProjector, handler_state: nil, last_seen_event: nil, subscription: %Commanded.EventStore.Subscription{application: Nexus.App, backoff: {:backoff, 1000, 60000, 1000, :jitter, :undefined, :undefined}, concurrency: 1, partition_by: nil, subscribe_to: :all, subscribe_from: :origin, subscription_name: "Identity.Projectors.UserRegistrationProjector", subscription_opts: [], subscription_pid: nil, subscription_ref: nil}, subscribe_timer: nil}
23:10:04.395 [debug] Subscription "Identity.Projectors.UserRegistrationProjector"@"$all" attempting to connect subscriber #PID<0.3113.0>
23:10:04.396 [debug] Subscription "Identity.Projectors.UserRegistrationProjector"@"$all" catching-up
23:10:04.396 [debug] Nexus.Identity.Projectors.UserRegistrationProjector has successfully subscribed to event store
23:10:04.410 [debug] Nexus.Identity.Projectors.UserRegistrationProjector received events: [%Commanded.EventStore.RecordedEvent{event_id: "282ec866-f518-44ed-95f6-7a535d6c3e25", event_number: 11262, stream_id: "019d0c26-0b00-74a0-bd6d-48329cf61a57", stream_version: 1, causation_id: "d64809a4-8402-4360-8536-99b7a0f860ca", correlation_id: "e0f4b4bb-483c-4914-aaaa-956d1587d67e", event_type: "Elixir.Nexus.Identity.Events.UserRegistered", data: %Nexus.Identity.Events.UserRegistered{user_id: "019d0c26-0b00-74a0-bd6d-48329cf61a57", org_id: "019d0c26-0b00-74a0-8884-24b7b734f296", email: "test@example.com", role: "system_admin", cose_key: "Ym9vdHN0cmFwX2Nvc2Vfa2V5", credential_id: "Ym9vdHN0cmFwX2NyZWRlbnRpYWxfaWQ=", registered_at: "2026-03-20T16:48:33.024173Z", display_name: "Test User", status: "active"}, created_at: ~U[2026-03-20 16:48:33.025211Z], metadata: %{"causation_id" => "019d0c26-0b00-71d0-a1d2-041f55e92cfc", "correlation_id" => "019d0c26-0b00-71d0-a1d2-041f55e92cfc"}}]
23:10:04.410 [debug] QUERY OK db=0.1ms
begin []
23:10:04.410 [debug] QUERY OK source="projection_versions" db=0.1ms
INSERT INTO "projection_versions" AS p0 ("projection_name","last_seen_event_number","inserted_at","updated_at") VALUES ($1,$2,$3,$4) ON CONFLICT ("projection_name") DO UPDATE SET "last_seen_event_number" = $5 WHERE ((p0."projection_name" = $6) AND (p0."last_seen_event_number" < $7)) ["Identity.Projectors.UserRegistrationProjector", 11262, ~N[2026-03-20 23:10:04.410517], ~N[2026-03-20 23:10:04.410517], 11262, "Identity.Projectors.UserRegistrationProjector", 11262]
23:10:04.410 [debug] QUERY OK source="users" db=0.0ms
SELECT u0."id", u0."org_id", u0."email", u0."display_name", u0."status", u0."cose_key", u0."credential_id", u0."roles", u0."created_at", u0."updated_at" FROM "users" AS u0 WHERE (u0."id" = $1) ["019d0c26-0b00-74a0-bd6d-48329cf61a57"]
23:10:04.411 [debug] QUERY OK source="users" db=0.0ms
SELECT u0."id", u0."org_id", u0."email", u0."display_name", u0."status", u0."cose_key", u0."credential_id", u0."roles", u0."created_at", u0."updated_at" FROM "users" AS u0 WHERE (u0."email" = $1) ["test@example.com"]
23:10:04.411 [debug] QUERY OK source="users" db=0.1ms
INSERT INTO "users" ("id","status","org_id","email","display_name","roles","cose_key","credential_id","created_at","updated_at") VALUES ($1,$2,$3,$4,$5,$6,$7,$8,$9,$10) ["019d0c26-0b00-74a0-bd6d-48329cf61a57", "active", "019d0c26-0b00-74a0-8884-24b7b734f296", "test@example.com", "Test User", ["system_admin"], "bootstrap_cose_key", "bootstrap_credential_id", ~U[2026-03-20 23:10:04.411042Z], ~U[2026-03-20 23:10:04.411042Z]]
23:10:04.411 [debug] QUERY ERROR source="identity_user_settings" db=0.0ms
SELECT i0."id", i0."user_id", i0."org_id", i0."locale", i0."timezone", i0."notifications_enabled", i0."created_at", i0."updated_at" FROM "identity_user_settings" AS i0 WHERE (i0."id" = $1) ["019d0c26-0b00-74a0-bd6d-48329cf61a57"]
23:10:04.411 [debug] QUERY OK db=0.0ms
rollback []
23:10:04.412 [error] Nexus.Identity.Projectors.UserRegistrationProjector failed to handle event:
%Commanded.EventStore.RecordedEvent{
  event_id: "282ec866-f518-44ed-95f6-7a535d6c3e25",
  event_number: 11262,
  stream_id: "019d0c26-0b00-74a0-bd6d-48329cf61a57",
  stream_version: 1,
  causation_id: "d64809a4-8402-4360-8536-99b7a0f860ca",
  correlation_id: "e0f4b4bb-483c-4914-aaaa-956d1587d67e",
  event_type: "Elixir.Nexus.Identity.Events.UserRegistered",
  data: %Nexus.Identity.Events.UserRegistered{
    user_id: "019d0c26-0b00-74a0-bd6d-48329cf61a57",
    org_id: "019d0c26-0b00-74a0-8884-24b7b734f296",
    email: "test@example.com",
    role: "system_admin",
    cose_key: "Ym9vdHN0cmFwX2Nvc2Vfa2V5",
    credential_id: "Ym9vdHN0cmFwX2NyZWRlbnRpYWxfaWQ=",
    registered_at: "2026-03-20T16:48:33.024173Z",
    display_name: "Test User",
    status: "active"
  },
  created_at: ~U[2026-03-20 16:48:33.025211Z],
  metadata: %{
    "causation_id" => "019d0c26-0b00-71d0-a1d2-041f55e92cfc",
    "correlation_id" => "019d0c26-0b00-71d0-a1d2-041f55e92cfc"
  }
}, due to:
** (Postgrex.Error) ERROR 42703 (undefined_column) column i0.id does not exist

    query: SELECT i0."id", i0."user_id", i0."org_id", i0."locale", i0."timezone", i0."notifications_enabled", i0."created_at", i0."updated_at" FROM "identity_user_settings" AS i0 WHERE (i0."id" = $1)
    (ecto_sql 3.13.4) lib/ecto/adapters/sql.ex:1113: Ecto.Adapters.SQL.raise_sql_call_error/1
    (ecto_sql 3.13.4) lib/ecto/adapters/sql.ex:1011: Ecto.Adapters.SQL.execute/6
    (ecto 3.13.5) lib/ecto/repo/queryable.ex:241: Ecto.Repo.Queryable.execute/4
    (ecto 3.13.5) lib/ecto/repo/queryable.ex:19: Ecto.Repo.Queryable.all/3
    (ecto 3.13.5) lib/ecto/repo/queryable.ex:163: Ecto.Repo.Queryable.one/3
    (nexus 0.1.0) lib/nexus/identity/projectors/user_registration_projector.ex:53: anonymous fn/3 in Nexus.Identity.Projectors.UserRegistrationProjector.project_registration/3
    (ecto 3.13.5) lib/ecto/multi.ex:905: Ecto.Multi.apply_operation/5
    (elixir 1.19.5) lib/enum.ex:2520: Enum."-reduce/3-lists^foldl/2-0-"/3
    (ecto 3.13.5) lib/ecto/multi.ex:878: anonymous fn/5 in Ecto.Multi.apply_operations/5
    (ecto_sql 3.13.4) lib/ecto/adapters/sql.ex:1473: anonymous fn/3 in Ecto.Adapters.SQL.checkout_or_transaction/4
    (db_connection 2.9.0) lib/db_connection.ex:1747: DBConnection.run_transaction/4
    (ecto 3.13.5) lib/ecto/repo/transaction.ex:30: Ecto.Repo.Transaction.transact/4
    (nexus 0.1.0) deps/commanded_ecto_projections/lib/projections/ecto.ex:97: Nexus.Identity.Projectors.UserRegistrationProjector.update_projection/3
    (commanded 1.4.9) lib/commanded/event/handler.ex:1221: Commanded.Event.Handler.delegate_event_to_handler/2
    (commanded 1.4.9) lib/commanded/event/handler.ex:1062: Commanded.Event.Handler.handle_event/3
    (elixir 1.19.5) lib/enum.ex:2520: Enum."-reduce/3-lists^foldl/2-0-"/3
    (commanded 1.4.9) lib/commanded/event/handler.ex:969: Commanded.Event.Handler.handle_info/2
    (stdlib 7.1) gen_server.erl:2434: :gen_server.try_handle_info/3
    (stdlib 7.1) gen_server.erl:2420: :gen_server.handle_msg/3
    (stdlib 7.1) proc_lib.erl:333: :proc_lib.init_p_do_apply/3

23:10:04.412 [warning] Nexus.Identity.Projectors.UserRegistrationProjector has requested to stop: %Postgrex.Error{message: nil, postgres: %{code: :undefined_column, line: "3721", message: "column i0.id does not exist", position: "8", file: "parse_relation.c", unknown: "ERROR", severity: "ERROR", pg_code: "42703", routine: "errorMissingColumn"}, connection_id: 3152, query: "SELECT i0.\"id\", i0.\"user_id\", i0.\"org_id\", i0.\"locale\", i0.\"timezone\", i0.\"notifications_enabled\", i0.\"created_at\", i0.\"updated_at\" FROM \"identity_user_settings\" AS i0 WHERE (i0.\"id\" = $1)"}
23:10:04.412 [debug] Nexus.Identity.Projectors.UserRegistrationProjector is shutting down due to %Postgrex.Error{message: nil, postgres: %{code: :undefined_column, line: "3721", message: "column i0.id does not exist", position: "8", file: "parse_relation.c", unknown: "ERROR", severity: "ERROR", pg_code: "42703", routine: "errorMissingColumn"}, connection_id: 3152, query: "SELECT i0.\"id\", i0.\"user_id\", i0.\"org_id\", i0.\"locale\", i0.\"timezone\", i0.\"notifications_enabled\", i0.\"created_at\", i0.\"updated_at\" FROM \"identity_user_settings\" AS i0 WHERE (i0.\"id\" = $1)"}
23:10:04.412 [error] GenServer {Nexus.App.LocalRegistry, {Nexus.App, Commanded.Event.Handler, "Identity.Projectors.UserRegistrationProjector"}} terminating
** (stop) %Postgrex.Error{message: nil, postgres: %{code: :undefined_column, line: "3721", message: "column i0.id does not exist", position: "8", file: "parse_relation.c", unknown: "ERROR", severity: "ERROR", pg_code: "42703", routine: "errorMissingColumn"}, connection_id: 3152, query: "SELECT i0.\"id\", i0.\"user_id\", i0.\"org_id\", i0.\"locale\", i0.\"timezone\", i0.\"notifications_enabled\", i0.\"created_at\", i0.\"updated_at\" FROM \"identity_user_settings\" AS i0 WHERE (i0.\"id\" = $1)"}
Last message: {:events, [%Commanded.EventStore.RecordedEvent{event_id: "282ec866-f518-44ed-95f6-7a535d6c3e25", event_number: 11262, stream_id: "019d0c26-0b00-74a0-bd6d-48329cf61a57", stream_version: 1, causation_id: "d64809a4-8402-4360-8536-99b7a0f860ca", correlation_id: "e0f4b4bb-483c-4914-aaaa-956d1587d67e", event_type: "Elixir.Nexus.Identity.Events.UserRegistered", data: %Nexus.Identity.Events.UserRegistered{user_id: "019d0c26-0b00-74a0-bd6d-48329cf61a57", org_id: "019d0c26-0b00-74a0-8884-24b7b734f296", email: "test@example.com", role: "system_admin", cose_key: "Ym9vdHN0cmFwX2Nvc2Vfa2V5", credential_id: "Ym9vdHN0cmFwX2NyZWRlbnRpYWxfaWQ=", registered_at: "2026-03-20T16:48:33.024173Z", display_name: "Test User", status: "active"}, created_at: ~U[2026-03-20 16:48:33.025211Z], metadata: %{"causation_id" => "019d0c26-0b00-71d0-a1d2-041f55e92cfc", "correlation_id" => "019d0c26-0b00-71d0-a1d2-041f55e92cfc"}}]}
State: %Commanded.Event.Handler{application: Nexus.App, consistency: :strong, handler_callback: :event, handler_name: "Identity.Projectors.UserRegistrationProjector", handler_module: Nexus.Identity.Projectors.UserRegistrationProjector, handler_state: nil, last_seen_event: nil, subscription: %Commanded.EventStore.Subscription{application: Nexus.App, backoff: {:backoff, 1000, 60000, 1000, :jitter, :undefined, :undefined}, concurrency: 1, partition_by: nil, subscribe_to: :all, subscribe_from: :origin, subscription_name: "Identity.Projectors.UserRegistrationProjector", subscription_opts: [], subscription_pid: #PID<0.3114.0>, subscription_ref: #Reference<0.504251661.3394502657.234946>}, subscribe_timer: nil}
23:10:04.412 [debug] Subscription "Identity.Projectors.UserRegistrationProjector"@"$all" subscriber #PID<0.3113.0> down due to: %Postgrex.Error{message: nil, postgres: %{code: :undefined_column, line: "3721", message: "column i0.id does not exist", position: "8", file: "parse_relation.c", unknown: "ERROR", severity: "ERROR", pg_code: "42703", routine: "errorMissingColumn"}, connection_id: 3152, query: "SELECT i0.\"id\", i0.\"user_id\", i0.\"org_id\", i0.\"locale\", i0.\"timezone\", i0.\"notifications_enabled\", i0.\"created_at\", i0.\"updated_at\" FROM \"identity_user_settings\" AS i0 WHERE (i0.\"id\" = $1)"}
23:10:04.412 [debug] Subscription "Identity.Projectors.UserRegistrationProjector"@"$all" has no subscribers, shutting down
23:10:04.412 [error] GenServer {Nexus.EventStore.EventStore.Subscriptions.Registry, {"$all", "Identity.Projectors.UserRegistrationProjector"}} terminating
** (stop) %Postgrex.Error{message: nil, postgres: %{code: :undefined_column, line: "3721", message: "column i0.id does not exist", position: "8", file: "parse_relation.c", unknown: "ERROR", severity: "ERROR", pg_code: "42703", routine: "errorMissingColumn"}, connection_id: 3152, query: "SELECT i0.\"id\", i0.\"user_id\", i0.\"org_id\", i0.\"locale\", i0.\"timezone\", i0.\"notifications_enabled\", i0.\"created_at\", i0.\"updated_at\" FROM \"identity_user_settings\" AS i0 WHERE (i0.\"id\" = $1)"}
Last message: {:DOWN, #Reference<0.504251661.3394502657.234928>, :process, #PID<0.3113.0>, %Postgrex.Error{message: nil, postgres: %{code: :undefined_column, line: "3721", message: "column i0.id does not exist", position: "8", file: "parse_relation.c", unknown: "ERROR", severity: "ERROR", pg_code: "42703", routine: "errorMissingColumn"}, connection_id: 3152, query: "SELECT i0.\"id\", i0.\"user_id\", i0.\"org_id\", i0.\"locale\", i0.\"timezone\", i0.\"notifications_enabled\", i0.\"created_at\", i0.\"updated_at\" FROM \"identity_user_settings\" AS i0 WHERE (i0.\"id\" = $1)"}}
State: %EventStore.Subscriptions.Subscription{stream_uuid: "$all", subscription_name: "Identity.Projectors.UserRegistrationProjector", subscription: %EventStore.Subscriptions.SubscriptionFsm{state: :unsubscribed, data: %EventStore.Subscriptions.SubscriptionState{conn: Nexus.EventStore.Postgrex, event_store: Nexus.EventStore, serializer: Commanded.Serialization.JsonSerializer, schema: "event_store", stream_uuid: "$all", start_from: 0, subscription_name: "Identity.Projectors.UserRegistrationProjector", subscription_id: 405, selector: nil, mapper: &Commanded.EventStore.Adapters.EventStore.Mapper.from_recorded_event/1, max_size: 1000, partition_by: nil, query_timeout: 15000, lock_ref: #Reference<0.504251661.3394502658.84783>, last_received: 12233, last_sent: 11262, last_ack: 11261, queue_size: 972, buffer_size: 1, checkpoint_after: 0, checkpoint_threshold: 1, checkpoint_timer_ref: nil, checkpoints_pending: 0, subscribers: %{}, partitions: %{nil: {[%EventStore.RecordedEvent{event_number: 12233, event_id: "3577d288-e114-49d0-b17e-d17f1e4769f4", stream_uuid: "631ffb8b-126b-40c3-8203-4988912dccac", stream_version: 3, correlation_id: "f0ad9816-816b-47fb-865d-d00d4d71d039", causation_id: "e3af021b-7d55-4d55-868a-b48b5295468b", event_type: "Elixir.Nexus.Identity.Events.SessionStarted", data: %Nexus.Identity.Events.SessionStarted{org_id: "e205ad5a-5aff-40fd-9840-2f1860363ab1", user_id: "631ffb8b-126b-40c3-8203-4988912dccac", session_id: "455013d2-eb5e-4269-a2d3-11a4438c7ccd", session_token: "mobile-token", user_agent: "iPhone / Mobile Safari", ip_address: "192.168.1.1", started_at: "2026-03-20T23:10:04.329750Z"}, metadata: %{"causation_id" => "019d0d83-5629-723f-abf6-b993b2561c96", "correlation_id" => "019d0d83-5629-723f-abf6-b993b2561c96"}, created_at: ~U[2026-03-20 23:10:04.330636Z]}, %EventStore.RecordedEvent{event_number: 12232, event_id: "84d7f523-80de-4910-9695-01390279d304", stream_uuid: "631ffb8b-126b-40c3-8203-4988912dccac", stream_version: 2, correlation_id: "ca3083d5-c8ab-4f2c-95cc-e9398e31863f", causation_id: "580058c8-e004-40a4-b45d-9e8ab0fd9664", event_type: "Elixir.Nexus.Identity.Events.SessionStarted", data: %Nexus.Identity.Events.SessionStarted{org_id: "e205ad5a-5aff-40fd-9840-2f1860363ab1", user_id: "631ffb8b-126b-40c3-8203-4988912dccac", session_id: "164564ba-390e-4fbd-b7fa-07def19cf535", session_token: "mock-token", user_agent: "Mozilla/5.0 (Macintosh; Intel Mac OS X 10_15_7)", ip_address: "127.0.0.1", started_at: "2026-03-20T23:10:04.226401Z"}, metadata: %{"causation_id" => "019d0d83-55c2-7fbb-8cfd-66cf24561fd5", "correlation_id" => "019d0d83-55c2-7fbb-8cfd-66cf24561fd5"}, created_at: ~U[2026-03-20 23:10:04.226883Z]}, %EventStore.RecordedEvent{event_number: 12231, event_id: "b58748f2-cd92-4a46-911f-0bab7e16bcce", stream_uuid: "631ffb8b-126b-40c3-8203-4988912dccac", stream_version: 1, correlation_id: "e6b4b1b3-a306-4e46-a407-4ee295b2567e", causation_id: "6c36c5b1-b472-491a-93d4-d21335dab8e5", event_type: "Elixir.Nexus.Identity.Events.UserRegistered", data: %Nexus.Identity.Events.UserRegistered{user_id: "631ffb8b-126b-40c3-8203-4988912dccac", org_id: "e205ad5a-5aff-40fd-9840-2f1860363ab1", email: "bernard-92b69317-ceac-4570-a4dc-e181657c44c8@nexus.financial", role: "admin", cose_key: "bW9jaw==", credential_id: "bW9jaw==", registered_at: "2026-03-20T23:10:04.023004Z", display_name: "Bernard", status: "active"}, metadata: %{"causation_id" => "019d0d83-54f7-7795-b212-00ae72ff09d4", "correlation_id" => "019d0d83-54f7-7795-b212-00ae72ff09d4"}, created_at: ~U[2026-03-20 23:10:04.024222Z]}, %EventStore.RecordedEvent{event_number: 12230, event_id: "18516aae-860c-4533-8cef-1f1cc9898a6b", stream_uuid: "0a2320b8-ea62-4944-91fc-b1a081d94b4f", stream_version: 2, correlation_id: "3439d5db-8df0-40d7-b3f9-7c79af370711", ...}, ...], ...}}, ...}}, ...}
23:10:04.413 [debug] Nexus.Identity.Projectors.UserRegistrationProjector is shutting down due to {%Postgrex.Error{message: nil, postgres: %{code: :undefined_column, line: "3721", message: "column i0.id does not exist", position: "8", file: "parse_relation.c", unknown: "ERROR", severity: "ERROR", pg_code: "42703", routine: "errorMissingColumn"}, connection_id: 3152, query: "SELECT i0.\"id\", i0.\"user_id\", i0.\"org_id\", i0.\"locale\", i0.\"timezone\", i0.\"notifications_enabled\", i0.\"created_at\", i0.\"updated_at\" FROM \"identity_user_settings\" AS i0 WHERE (i0.\"id\" = $1)"}, {GenServer, :call, [#PID<0.3114.0>, {:connect, #PID<0.3115.0>, [retry_interval: 60000, hibernate_after: 15000, partition_by: nil, concurrency_limit: 1, name: Nexus.EventStore, mapper: &Commanded.EventStore.Adapters.EventStore.Mapper.from_recorded_event/1, conn: Nexus.EventStore.Postgrex, event_store: Nexus.EventStore, query_timeout: 15000, schema: "event_store", serializer: Commanded.Serialization.JsonSerializer, stream_uuid: "$all", subscription_name: "Identity.Projectors.UserRegistrationProjector", start_from: 0]}, 5000]}}
23:10:04.413 [error] GenServer {Nexus.App.LocalRegistry, {Nexus.App, Commanded.Event.Handler, "Identity.Projectors.UserRegistrationProjector"}} terminating
** (stop) exited in: GenServer.call(#PID<0.3114.0>, {:connect, #PID<0.3115.0>, [retry_interval: 60000, hibernate_after: 15000, partition_by: nil, concurrency_limit: 1, name: Nexus.EventStore, mapper: &Commanded.EventStore.Adapters.EventStore.Mapper.from_recorded_event/1, conn: Nexus.EventStore.Postgrex, event_store: Nexus.EventStore, query_timeout: 15000, schema: "event_store", serializer: Commanded.Serialization.JsonSerializer, stream_uuid: "$all", subscription_name: "Identity.Projectors.UserRegistrationProjector", start_from: 0]}, 5000)
    ** (EXIT) %Postgrex.Error{message: nil, postgres: %{code: :undefined_column, line: "3721", message: "column i0.id does not exist", position: "8", file: "parse_relation.c", unknown: "ERROR", severity: "ERROR", pg_code: "42703", routine: "errorMissingColumn"}, connection_id: 3152, query: "SELECT i0.\"id\", i0.\"user_id\", i0.\"org_id\", i0.\"locale\", i0.\"timezone\", i0.\"notifications_enabled\", i0.\"created_at\", i0.\"updated_at\" FROM \"identity_user_settings\" AS i0 WHERE (i0.\"id\" = $1)"}
    (elixir 1.19.5) lib/gen_server.ex:1142: GenServer.call/3
    (commanded 1.4.9) lib/commanded/event_store.ex:289: anonymous fn/2 in Commanded.EventStore.span/3
    (telemetry 1.3.0) /Users/bernard/dev/nexus/deps/telemetry/src/telemetry.erl:324: :telemetry.span/3
    (commanded 1.4.9) lib/commanded/event_store/subscription.ex:58: Commanded.EventStore.Subscription.subscribe/2
    (commanded 1.4.9) lib/commanded/event/handler.ex:1024: Commanded.Event.Handler.subscribe_to_events/1
    (commanded 1.4.9) lib/commanded/event/handler.ex:887: Commanded.Event.Handler.handle_continue/2
    (stdlib 7.1) gen_server.erl:2424: :gen_server.try_handle_continue/3
    (stdlib 7.1) gen_server.erl:2291: :gen_server.loop/4
    (stdlib 7.1) proc_lib.erl:333: :proc_lib.init_p_do_apply/3
Last message: {:continue, :subscribe_to_events}
State: %Commanded.Event.Handler{application: Nexus.App, consistency: :strong, handler_callback: :event, handler_name: "Identity.Projectors.UserRegistrationProjector", handler_module: Nexus.Identity.Projectors.UserRegistrationProjector, handler_state: nil, last_seen_event: nil, subscription: %Commanded.EventStore.Subscription{application: Nexus.App, backoff: {:backoff, 1000, 60000, 1000, :jitter, :undefined, :undefined}, concurrency: 1, partition_by: nil, subscribe_to: :all, subscribe_from: :origin, subscription_name: "Identity.Projectors.UserRegistrationProjector", subscription_opts: [], subscription_pid: nil, subscription_ref: nil}, subscribe_timer: nil}
23:10:04.414 [debug] Subscription "Identity.Projectors.UserRegistrationProjector"@"$all" attempting to connect subscriber #PID<0.3116.0>
23:10:04.414 [debug] Subscription "Identity.Projectors.UserRegistrationProjector"@"$all" catching-up
23:10:04.414 [debug] Nexus.Identity.Projectors.UserRegistrationProjector has successfully subscribed to event store
23:10:04.428 [debug] Nexus.Identity.Projectors.UserRegistrationProjector received events: [%Commanded.EventStore.RecordedEvent{event_id: "282ec866-f518-44ed-95f6-7a535d6c3e25", event_number: 11262, stream_id: "019d0c26-0b00-74a0-bd6d-48329cf61a57", stream_version: 1, causation_id: "d64809a4-8402-4360-8536-99b7a0f860ca", correlation_id: "e0f4b4bb-483c-4914-aaaa-956d1587d67e", event_type: "Elixir.Nexus.Identity.Events.UserRegistered", data: %Nexus.Identity.Events.UserRegistered{user_id: "019d0c26-0b00-74a0-bd6d-48329cf61a57", org_id: "019d0c26-0b00-74a0-8884-24b7b734f296", email: "test@example.com", role: "system_admin", cose_key: "Ym9vdHN0cmFwX2Nvc2Vfa2V5", credential_id: "Ym9vdHN0cmFwX2NyZWRlbnRpYWxfaWQ=", registered_at: "2026-03-20T16:48:33.024173Z", display_name: "Test User", status: "active"}, created_at: ~U[2026-03-20 16:48:33.025211Z], metadata: %{"causation_id" => "019d0c26-0b00-71d0-a1d2-041f55e92cfc", "correlation_id" => "019d0c26-0b00-71d0-a1d2-041f55e92cfc"}}]
23:10:04.428 [debug] QUERY OK db=0.1ms
begin []
23:10:04.429 [debug] QUERY OK source="projection_versions" db=0.1ms
INSERT INTO "projection_versions" AS p0 ("projection_name","last_seen_event_number","inserted_at","updated_at") VALUES ($1,$2,$3,$4) ON CONFLICT ("projection_name") DO UPDATE SET "last_seen_event_number" = $5 WHERE ((p0."projection_name" = $6) AND (p0."last_seen_event_number" < $7)) ["Identity.Projectors.UserRegistrationProjector", 11262, ~N[2026-03-20 23:10:04.428854], ~N[2026-03-20 23:10:04.428854], 11262, "Identity.Projectors.UserRegistrationProjector", 11262]
23:10:04.429 [debug] QUERY OK source="users" db=0.1ms
SELECT u0."id", u0."org_id", u0."email", u0."display_name", u0."status", u0."cose_key", u0."credential_id", u0."roles", u0."created_at", u0."updated_at" FROM "users" AS u0 WHERE (u0."id" = $1) ["019d0c26-0b00-74a0-bd6d-48329cf61a57"]
23:10:04.429 [debug] QUERY OK source="users" db=0.0ms
SELECT u0."id", u0."org_id", u0."email", u0."display_name", u0."status", u0."cose_key", u0."credential_id", u0."roles", u0."created_at", u0."updated_at" FROM "users" AS u0 WHERE (u0."email" = $1) ["test@example.com"]
23:10:04.429 [debug] QUERY OK source="users" db=0.1ms
INSERT INTO "users" ("id","status","org_id","email","display_name","roles","cose_key","credential_id","created_at","updated_at") VALUES ($1,$2,$3,$4,$5,$6,$7,$8,$9,$10) ["019d0c26-0b00-74a0-bd6d-48329cf61a57", "active", "019d0c26-0b00-74a0-8884-24b7b734f296", "test@example.com", "Test User", ["system_admin"], "bootstrap_cose_key", "bootstrap_credential_id", ~U[2026-03-20 23:10:04.429393Z], ~U[2026-03-20 23:10:04.429393Z]]
23:10:04.429 [debug] QUERY ERROR source="identity_user_settings" db=0.0ms
SELECT i0."id", i0."user_id", i0."org_id", i0."locale", i0."timezone", i0."notifications_enabled", i0."created_at", i0."updated_at" FROM "identity_user_settings" AS i0 WHERE (i0."id" = $1) ["019d0c26-0b00-74a0-bd6d-48329cf61a57"]
23:10:04.429 [debug] QUERY OK db=0.0ms
rollback []
23:10:04.430 [error] Nexus.Identity.Projectors.UserRegistrationProjector failed to handle event:
%Commanded.EventStore.RecordedEvent{
  event_id: "282ec866-f518-44ed-95f6-7a535d6c3e25",
  event_number: 11262,
  stream_id: "019d0c26-0b00-74a0-bd6d-48329cf61a57",
  stream_version: 1,
  causation_id: "d64809a4-8402-4360-8536-99b7a0f860ca",
  correlation_id: "e0f4b4bb-483c-4914-aaaa-956d1587d67e",
  event_type: "Elixir.Nexus.Identity.Events.UserRegistered",
  data: %Nexus.Identity.Events.UserRegistered{
    user_id: "019d0c26-0b00-74a0-bd6d-48329cf61a57",
    org_id: "019d0c26-0b00-74a0-8884-24b7b734f296",
    email: "test@example.com",
    role: "system_admin",
    cose_key: "Ym9vdHN0cmFwX2Nvc2Vfa2V5",
    credential_id: "Ym9vdHN0cmFwX2NyZWRlbnRpYWxfaWQ=",
    registered_at: "2026-03-20T16:48:33.024173Z",
    display_name: "Test User",
    status: "active"
  },
  created_at: ~U[2026-03-20 16:48:33.025211Z],
  metadata: %{
    "causation_id" => "019d0c26-0b00-71d0-a1d2-041f55e92cfc",
    "correlation_id" => "019d0c26-0b00-71d0-a1d2-041f55e92cfc"
  }
}, due to:
** (Postgrex.Error) ERROR 42703 (undefined_column) column i0.id does not exist

    query: SELECT i0."id", i0."user_id", i0."org_id", i0."locale", i0."timezone", i0."notifications_enabled", i0."created_at", i0."updated_at" FROM "identity_user_settings" AS i0 WHERE (i0."id" = $1)
    (ecto_sql 3.13.4) lib/ecto/adapters/sql.ex:1113: Ecto.Adapters.SQL.raise_sql_call_error/1
    (ecto_sql 3.13.4) lib/ecto/adapters/sql.ex:1011: Ecto.Adapters.SQL.execute/6
    (ecto 3.13.5) lib/ecto/repo/queryable.ex:241: Ecto.Repo.Queryable.execute/4
    (ecto 3.13.5) lib/ecto/repo/queryable.ex:19: Ecto.Repo.Queryable.all/3
    (ecto 3.13.5) lib/ecto/repo/queryable.ex:163: Ecto.Repo.Queryable.one/3
    (nexus 0.1.0) lib/nexus/identity/projectors/user_registration_projector.ex:53: anonymous fn/3 in Nexus.Identity.Projectors.UserRegistrationProjector.project_registration/3
    (ecto 3.13.5) lib/ecto/multi.ex:905: Ecto.Multi.apply_operation/5
    (elixir 1.19.5) lib/enum.ex:2520: Enum."-reduce/3-lists^foldl/2-0-"/3
    (ecto 3.13.5) lib/ecto/multi.ex:878: anonymous fn/5 in Ecto.Multi.apply_operations/5
    (ecto_sql 3.13.4) lib/ecto/adapters/sql.ex:1473: anonymous fn/3 in Ecto.Adapters.SQL.checkout_or_transaction/4
    (db_connection 2.9.0) lib/db_connection.ex:1747: DBConnection.run_transaction/4
    (ecto 3.13.5) lib/ecto/repo/transaction.ex:30: Ecto.Repo.Transaction.transact/4
    (nexus 0.1.0) deps/commanded_ecto_projections/lib/projections/ecto.ex:97: Nexus.Identity.Projectors.UserRegistrationProjector.update_projection/3
    (commanded 1.4.9) lib/commanded/event/handler.ex:1221: Commanded.Event.Handler.delegate_event_to_handler/2
    (commanded 1.4.9) lib/commanded/event/handler.ex:1062: Commanded.Event.Handler.handle_event/3
    (elixir 1.19.5) lib/enum.ex:2520: Enum."-reduce/3-lists^foldl/2-0-"/3
    (commanded 1.4.9) lib/commanded/event/handler.ex:969: Commanded.Event.Handler.handle_info/2
    (stdlib 7.1) gen_server.erl:2434: :gen_server.try_handle_info/3
    (stdlib 7.1) gen_server.erl:2420: :gen_server.handle_msg/3
    (stdlib 7.1) proc_lib.erl:333: :proc_lib.init_p_do_apply/3

23:10:04.430 [warning] Nexus.Identity.Projectors.UserRegistrationProjector has requested to stop: %Postgrex.Error{message: nil, postgres: %{code: :undefined_column, line: "3721", message: "column i0.id does not exist", position: "8", file: "parse_relation.c", unknown: "ERROR", severity: "ERROR", pg_code: "42703", routine: "errorMissingColumn"}, connection_id: 3152, query: "SELECT i0.\"id\", i0.\"user_id\", i0.\"org_id\", i0.\"locale\", i0.\"timezone\", i0.\"notifications_enabled\", i0.\"created_at\", i0.\"updated_at\" FROM \"identity_user_settings\" AS i0 WHERE (i0.\"id\" = $1)"}
23:10:04.430 [debug] Nexus.Identity.Projectors.UserRegistrationProjector is shutting down due to %Postgrex.Error{message: nil, postgres: %{code: :undefined_column, line: "3721", message: "column i0.id does not exist", position: "8", file: "parse_relation.c", unknown: "ERROR", severity: "ERROR", pg_code: "42703", routine: "errorMissingColumn"}, connection_id: 3152, query: "SELECT i0.\"id\", i0.\"user_id\", i0.\"org_id\", i0.\"locale\", i0.\"timezone\", i0.\"notifications_enabled\", i0.\"created_at\", i0.\"updated_at\" FROM \"identity_user_settings\" AS i0 WHERE (i0.\"id\" = $1)"}
23:10:04.430 [error] GenServer {Nexus.App.LocalRegistry, {Nexus.App, Commanded.Event.Handler, "Identity.Projectors.UserRegistrationProjector"}} terminating
** (stop) %Postgrex.Error{message: nil, postgres: %{code: :undefined_column, line: "3721", message: "column i0.id does not exist", position: "8", file: "parse_relation.c", unknown: "ERROR", severity: "ERROR", pg_code: "42703", routine: "errorMissingColumn"}, connection_id: 3152, query: "SELECT i0.\"id\", i0.\"user_id\", i0.\"org_id\", i0.\"locale\", i0.\"timezone\", i0.\"notifications_enabled\", i0.\"created_at\", i0.\"updated_at\" FROM \"identity_user_settings\" AS i0 WHERE (i0.\"id\" = $1)"}
Last message: {:events, [%Commanded.EventStore.RecordedEvent{event_id: "282ec866-f518-44ed-95f6-7a535d6c3e25", event_number: 11262, stream_id: "019d0c26-0b00-74a0-bd6d-48329cf61a57", stream_version: 1, causation_id: "d64809a4-8402-4360-8536-99b7a0f860ca", correlation_id: "e0f4b4bb-483c-4914-aaaa-956d1587d67e", event_type: "Elixir.Nexus.Identity.Events.UserRegistered", data: %Nexus.Identity.Events.UserRegistered{user_id: "019d0c26-0b00-74a0-bd6d-48329cf61a57", org_id: "019d0c26-0b00-74a0-8884-24b7b734f296", email: "test@example.com", role: "system_admin", cose_key: "Ym9vdHN0cmFwX2Nvc2Vfa2V5", credential_id: "Ym9vdHN0cmFwX2NyZWRlbnRpYWxfaWQ=", registered_at: "2026-03-20T16:48:33.024173Z", display_name: "Test User", status: "active"}, created_at: ~U[2026-03-20 16:48:33.025211Z], metadata: %{"causation_id" => "019d0c26-0b00-71d0-a1d2-041f55e92cfc", "correlation_id" => "019d0c26-0b00-71d0-a1d2-041f55e92cfc"}}]}
State: %Commanded.Event.Handler{application: Nexus.App, consistency: :strong, handler_callback: :event, handler_name: "Identity.Projectors.UserRegistrationProjector", handler_module: Nexus.Identity.Projectors.UserRegistrationProjector, handler_state: nil, last_seen_event: nil, subscription: %Commanded.EventStore.Subscription{application: Nexus.App, backoff: {:backoff, 1000, 60000, 1000, :jitter, :undefined, :undefined}, concurrency: 1, partition_by: nil, subscribe_to: :all, subscribe_from: :origin, subscription_name: "Identity.Projectors.UserRegistrationProjector", subscription_opts: [], subscription_pid: #PID<0.3117.0>, subscription_ref: #Reference<0.504251661.3394502657.235019>}, subscribe_timer: nil}
23:10:04.431 [debug] Subscription "Identity.Projectors.UserRegistrationProjector"@"$all" subscriber #PID<0.3116.0> down due to: %Postgrex.Error{message: nil, postgres: %{code: :undefined_column, line: "3721", message: "column i0.id does not exist", position: "8", file: "parse_relation.c", unknown: "ERROR", severity: "ERROR", pg_code: "42703", routine: "errorMissingColumn"}, connection_id: 3152, query: "SELECT i0.\"id\", i0.\"user_id\", i0.\"org_id\", i0.\"locale\", i0.\"timezone\", i0.\"notifications_enabled\", i0.\"created_at\", i0.\"updated_at\" FROM \"identity_user_settings\" AS i0 WHERE (i0.\"id\" = $1)"}
23:10:04.431 [debug] Subscription "Identity.Projectors.UserRegistrationProjector"@"$all" has no subscribers, shutting down
23:10:04.431 [error] GenServer {Nexus.EventStore.EventStore.Subscriptions.Registry, {"$all", "Identity.Projectors.UserRegistrationProjector"}} terminating
** (stop) %Postgrex.Error{message: nil, postgres: %{code: :undefined_column, line: "3721", message: "column i0.id does not exist", position: "8", file: "parse_relation.c", unknown: "ERROR", severity: "ERROR", pg_code: "42703", routine: "errorMissingColumn"}, connection_id: 3152, query: "SELECT i0.\"id\", i0.\"user_id\", i0.\"org_id\", i0.\"locale\", i0.\"timezone\", i0.\"notifications_enabled\", i0.\"created_at\", i0.\"updated_at\" FROM \"identity_user_settings\" AS i0 WHERE (i0.\"id\" = $1)"}
Last message: {:DOWN, #Reference<0.504251661.3394502658.84980>, :process, #PID<0.3116.0>, %Postgrex.Error{message: nil, postgres: %{code: :undefined_column, line: "3721", message: "column i0.id does not exist", position: "8", file: "parse_relation.c", unknown: "ERROR", severity: "ERROR", pg_code: "42703", routine: "errorMissingColumn"}, connection_id: 3152, query: "SELECT i0.\"id\", i0.\"user_id\", i0.\"org_id\", i0.\"locale\", i0.\"timezone\", i0.\"notifications_enabled\", i0.\"created_at\", i0.\"updated_at\" FROM \"identity_user_settings\" AS i0 WHERE (i0.\"id\" = $1)"}}
State: %EventStore.Subscriptions.Subscription{stream_uuid: "$all", subscription_name: "Identity.Projectors.UserRegistrationProjector", subscription: %EventStore.Subscriptions.SubscriptionFsm{state: :unsubscribed, data: %EventStore.Subscriptions.SubscriptionState{conn: Nexus.EventStore.Postgrex, event_store: Nexus.EventStore, serializer: Commanded.Serialization.JsonSerializer, schema: "event_store", stream_uuid: "$all", start_from: 0, subscription_name: "Identity.Projectors.UserRegistrationProjector", subscription_id: 405, selector: nil, mapper: &Commanded.EventStore.Adapters.EventStore.Mapper.from_recorded_event/1, max_size: 1000, partition_by: nil, query_timeout: 15000, lock_ref: #Reference<0.504251661.3394502658.85002>, last_received: 12233, last_sent: 11262, last_ack: 11261, queue_size: 972, buffer_size: 1, checkpoint_after: 0, checkpoint_threshold: 1, checkpoint_timer_ref: nil, checkpoints_pending: 0, subscribers: %{}, partitions: %{nil: {[%EventStore.RecordedEvent{event_number: 12233, event_id: "3577d288-e114-49d0-b17e-d17f1e4769f4", stream_uuid: "631ffb8b-126b-40c3-8203-4988912dccac", stream_version: 3, correlation_id: "f0ad9816-816b-47fb-865d-d00d4d71d039", causation_id: "e3af021b-7d55-4d55-868a-b48b5295468b", event_type: "Elixir.Nexus.Identity.Events.SessionStarted", data: %Nexus.Identity.Events.SessionStarted{org_id: "e205ad5a-5aff-40fd-9840-2f1860363ab1", user_id: "631ffb8b-126b-40c3-8203-4988912dccac", session_id: "455013d2-eb5e-4269-a2d3-11a4438c7ccd", session_token: "mobile-token", user_agent: "iPhone / Mobile Safari", ip_address: "192.168.1.1", started_at: "2026-03-20T23:10:04.329750Z"}, metadata: %{"causation_id" => "019d0d83-5629-723f-abf6-b993b2561c96", "correlation_id" => "019d0d83-5629-723f-abf6-b993b2561c96"}, created_at: ~U[2026-03-20 23:10:04.330636Z]}, %EventStore.RecordedEvent{event_number: 12232, event_id: "84d7f523-80de-4910-9695-01390279d304", stream_uuid: "631ffb8b-126b-40c3-8203-4988912dccac", stream_version: 2, correlation_id: "ca3083d5-c8ab-4f2c-95cc-e9398e31863f", causation_id: "580058c8-e004-40a4-b45d-9e8ab0fd9664", event_type: "Elixir.Nexus.Identity.Events.SessionStarted", data: %Nexus.Identity.Events.SessionStarted{org_id: "e205ad5a-5aff-40fd-9840-2f1860363ab1", user_id: "631ffb8b-126b-40c3-8203-4988912dccac", session_id: "164564ba-390e-4fbd-b7fa-07def19cf535", session_token: "mock-token", user_agent: "Mozilla/5.0 (Macintosh; Intel Mac OS X 10_15_7)", ip_address: "127.0.0.1", started_at: "2026-03-20T23:10:04.226401Z"}, metadata: %{"causation_id" => "019d0d83-55c2-7fbb-8cfd-66cf24561fd5", "correlation_id" => "019d0d83-55c2-7fbb-8cfd-66cf24561fd5"}, created_at: ~U[2026-03-20 23:10:04.226883Z]}, %EventStore.RecordedEvent{event_number: 12231, event_id: "b58748f2-cd92-4a46-911f-0bab7e16bcce", stream_uuid: "631ffb8b-126b-40c3-8203-4988912dccac", stream_version: 1, correlation_id: "e6b4b1b3-a306-4e46-a407-4ee295b2567e", causation_id: "6c36c5b1-b472-491a-93d4-d21335dab8e5", event_type: "Elixir.Nexus.Identity.Events.UserRegistered", data: %Nexus.Identity.Events.UserRegistered{user_id: "631ffb8b-126b-40c3-8203-4988912dccac", org_id: "e205ad5a-5aff-40fd-9840-2f1860363ab1", email: "bernard-92b69317-ceac-4570-a4dc-e181657c44c8@nexus.financial", role: "admin", cose_key: "bW9jaw==", credential_id: "bW9jaw==", registered_at: "2026-03-20T23:10:04.023004Z", display_name: "Bernard", status: "active"}, metadata: %{"causation_id" => "019d0d83-54f7-7795-b212-00ae72ff09d4", "correlation_id" => "019d0d83-54f7-7795-b212-00ae72ff09d4"}, created_at: ~U[2026-03-20 23:10:04.024222Z]}, %EventStore.RecordedEvent{event_number: 12230, event_id: "18516aae-860c-4533-8cef-1f1cc9898a6b", stream_uuid: "0a2320b8-ea62-4944-91fc-b1a081d94b4f", stream_version: 2, correlation_id: "3439d5db-8df0-40d7-b3f9-7c79af370711", ...}, ...], ...}}, ...}}, ...}
23:10:04.431 [debug] Nexus.Identity.Projectors.UserRegistrationProjector is shutting down due to {%Postgrex.Error{message: nil, postgres: %{code: :undefined_column, line: "3721", message: "column i0.id does not exist", position: "8", file: "parse_relation.c", unknown: "ERROR", severity: "ERROR", pg_code: "42703", routine: "errorMissingColumn"}, connection_id: 3152, query: "SELECT i0.\"id\", i0.\"user_id\", i0.\"org_id\", i0.\"locale\", i0.\"timezone\", i0.\"notifications_enabled\", i0.\"created_at\", i0.\"updated_at\" FROM \"identity_user_settings\" AS i0 WHERE (i0.\"id\" = $1)"}, {GenServer, :call, [#PID<0.3117.0>, {:connect, #PID<0.3118.0>, [retry_interval: 60000, hibernate_after: 15000, partition_by: nil, concurrency_limit: 1, name: Nexus.EventStore, mapper: &Commanded.EventStore.Adapters.EventStore.Mapper.from_recorded_event/1, conn: Nexus.EventStore.Postgrex, event_store: Nexus.EventStore, query_timeout: 15000, schema: "event_store", serializer: Commanded.Serialization.JsonSerializer, stream_uuid: "$all", subscription_name: "Identity.Projectors.UserRegistrationProjector", start_from: 0]}, 5000]}}
23:10:04.431 [error] GenServer {Nexus.App.LocalRegistry, {Nexus.App, Commanded.Event.Handler, "Identity.Projectors.UserRegistrationProjector"}} terminating
** (stop) exited in: GenServer.call(#PID<0.3117.0>, {:connect, #PID<0.3118.0>, [retry_interval: 60000, hibernate_after: 15000, partition_by: nil, concurrency_limit: 1, name: Nexus.EventStore, mapper: &Commanded.EventStore.Adapters.EventStore.Mapper.from_recorded_event/1, conn: Nexus.EventStore.Postgrex, event_store: Nexus.EventStore, query_timeout: 15000, schema: "event_store", serializer: Commanded.Serialization.JsonSerializer, stream_uuid: "$all", subscription_name: "Identity.Projectors.UserRegistrationProjector", start_from: 0]}, 5000)
    ** (EXIT) %Postgrex.Error{message: nil, postgres: %{code: :undefined_column, line: "3721", message: "column i0.id does not exist", position: "8", file: "parse_relation.c", unknown: "ERROR", severity: "ERROR", pg_code: "42703", routine: "errorMissingColumn"}, connection_id: 3152, query: "SELECT i0.\"id\", i0.\"user_id\", i0.\"org_id\", i0.\"locale\", i0.\"timezone\", i0.\"notifications_enabled\", i0.\"created_at\", i0.\"updated_at\" FROM \"identity_user_settings\" AS i0 WHERE (i0.\"id\" = $1)"}
    (elixir 1.19.5) lib/gen_server.ex:1142: GenServer.call/3
    (commanded 1.4.9) lib/commanded/event_store.ex:289: anonymous fn/2 in Commanded.EventStore.span/3
    (telemetry 1.3.0) /Users/bernard/dev/nexus/deps/telemetry/src/telemetry.erl:324: :telemetry.span/3
    (commanded 1.4.9) lib/commanded/event_store/subscription.ex:58: Commanded.EventStore.Subscription.subscribe/2
    (commanded 1.4.9) lib/commanded/event/handler.ex:1024: Commanded.Event.Handler.subscribe_to_events/1
    (commanded 1.4.9) lib/commanded/event/handler.ex:887: Commanded.Event.Handler.handle_continue/2
    (stdlib 7.1) gen_server.erl:2424: :gen_server.try_handle_continue/3
    (stdlib 7.1) gen_server.erl:2291: :gen_server.loop/4
    (stdlib 7.1) proc_lib.erl:333: :proc_lib.init_p_do_apply/3
Last message: {:continue, :subscribe_to_events}
State: %Commanded.Event.Handler{application: Nexus.App, consistency: :strong, handler_callback: :event, handler_name: "Identity.Projectors.UserRegistrationProjector", handler_module: Nexus.Identity.Projectors.UserRegistrationProjector, handler_state: nil, last_seen_event: nil, subscription: %Commanded.EventStore.Subscription{application: Nexus.App, backoff: {:backoff, 1000, 60000, 1000, :jitter, :undefined, :undefined}, concurrency: 1, partition_by: nil, subscribe_to: :all, subscribe_from: :origin, subscription_name: "Identity.Projectors.UserRegistrationProjector", subscription_opts: [], subscription_pid: nil, subscription_ref: nil}, subscribe_timer: nil}
23:10:04.432 [debug] Subscription "Identity.Projectors.UserRegistrationProjector"@"$all" attempting to connect subscriber #PID<0.3119.0>
23:10:04.433 [debug] Subscription "Identity.Projectors.UserRegistrationProjector"@"$all" catching-up
23:10:04.433 [debug] Nexus.Identity.Projectors.UserRegistrationProjector has successfully subscribed to event store
23:10:04.433 [info] 		[36mGiven [32mthere is an active session from a "Mobile" device
23:10:04.433 [debug] Locating aggregate process for `Nexus.Identity.Aggregates.User` with UUID "631ffb8b-126b-40c3-8203-4988912dccac"
23:10:04.433 [debug] Nexus.Identity.Aggregates.User<631ffb8b-126b-40c3-8203-4988912dccac@3> executing command: %Nexus.Identity.Commands.ExpireSession{org_id: "e205ad5a-5aff-40fd-9840-2f1860363ab1", user_id: "631ffb8b-126b-40c3-8203-4988912dccac", session_id: "455013d2-eb5e-4269-a2d3-11a4438c7ccd", expired_at: ~U[2026-03-20 23:10:04.433380Z]}
23:10:04.435 [debug] Appended 1 event(s) to stream "631ffb8b-126b-40c3-8203-4988912dccac"
23:10:04.435 [info] 		[36mWhen [32mI click the "revoke" icon for the mobile session
23:10:04.435 [debug] Listener received notification on channel "event_store.events" with payload: "631ffb8b-126b-40c3-8203-4988912dccac,8638,4,4"
23:10:04.435 [debug] Listener received notification on channel "event_store.events" with payload: "$all,0,12234,12234"
23:10:04.436 [debug] Nexus.Identity.Aggregates.User<631ffb8b-126b-40c3-8203-4988912dccac@4> received events: [%Commanded.EventStore.RecordedEvent{event_id: "e838106e-d7cf-4f2c-b493-3ff64d6d9470", event_number: 4, stream_id: "631ffb8b-126b-40c3-8203-4988912dccac", stream_version: 4, causation_id: "c9d09faa-2f95-4961-8b83-31450713f993", correlation_id: "074baa32-a972-49e0-9e4b-831a8dd630d5", event_type: "Elixir.Nexus.Identity.Events.SessionExpired", data: %Nexus.Identity.Events.SessionExpired{org_id: "e205ad5a-5aff-40fd-9840-2f1860363ab1", user_id: "631ffb8b-126b-40c3-8203-4988912dccac", session_id: "455013d2-eb5e-4269-a2d3-11a4438c7ccd", expired_at: "2026-03-20T23:10:04.433380Z"}, created_at: ~U[2026-03-20 23:10:04.433876Z], metadata: %{"causation_id" => "019d0d83-5691-7f4d-84a9-3e496b676d3a", "correlation_id" => "019d0d83-5691-7f4d-84a9-3e496b676d3a"}}]
23:10:04.437 [debug] Subscription "Identity.Projectors.UserProjector"@"$all" received 1 event(s)
23:10:04.437 [debug] Subscription "Identity.Projectors.UserProjector"@"$all" is enqueueing 1 event(s)
23:10:04.437 [debug] Nexus.Identity.Projectors.UserProjector received events: [%Commanded.EventStore.RecordedEvent{event_id: "e838106e-d7cf-4f2c-b493-3ff64d6d9470", event_number: 12234, stream_id: "631ffb8b-126b-40c3-8203-4988912dccac", stream_version: 4, causation_id: "c9d09faa-2f95-4961-8b83-31450713f993", correlation_id: "074baa32-a972-49e0-9e4b-831a8dd630d5", event_type: "Elixir.Nexus.Identity.Events.SessionExpired", data: %Nexus.Identity.Events.SessionExpired{org_id: "e205ad5a-5aff-40fd-9840-2f1860363ab1", user_id: "631ffb8b-126b-40c3-8203-4988912dccac", session_id: "455013d2-eb5e-4269-a2d3-11a4438c7ccd", expired_at: "2026-03-20T23:10:04.433380Z"}, created_at: ~U[2026-03-20 23:10:04.433876Z], metadata: %{"causation_id" => "019d0d83-5691-7f4d-84a9-3e496b676d3a", "correlation_id" => "019d0d83-5691-7f4d-84a9-3e496b676d3a"}}]
23:10:04.437 [debug] QUERY OK db=0.1ms
begin []
23:10:04.438 [debug] QUERY OK source="projection_versions" db=0.2ms
INSERT INTO "projection_versions" AS p0 ("projection_name","last_seen_event_number","inserted_at","updated_at") VALUES ($1,$2,$3,$4) ON CONFLICT ("projection_name") DO UPDATE SET "last_seen_event_number" = $5 WHERE ((p0."projection_name" = $6) AND (p0."last_seen_event_number" < $7)) ["Identity.Projectors.UserProjector", 12234, ~N[2026-03-20 23:10:04.437829], ~N[2026-03-20 23:10:04.437829], 12234, "Identity.Projectors.UserProjector", 12234]
23:10:04.438 [debug] QUERY OK source="identity_user_sessions" db=0.3ms
UPDATE "identity_user_sessions" AS i0 SET "is_expired" = $1, "updated_at" = $2 WHERE (i0."id" = $3) [true, ~U[2026-03-20 23:10:04.433380Z], "455013d2-eb5e-4269-a2d3-11a4438c7ccd"]
23:10:04.438 [debug] QUERY OK db=0.1ms
commit []
23:10:04.438 [debug] Nexus.Identity.Projectors.UserProjector confirming receipt of event #12234 of events: [%Commanded.EventStore.RecordedEvent{event_id: "e838106e-d7cf-4f2c-b493-3ff64d6d9470", event_number: 12234, stream_id: "631ffb8b-126b-40c3-8203-4988912dccac", stream_version: 4, causation_id: "c9d09faa-2f95-4961-8b83-31450713f993", correlation_id: "074baa32-a972-49e0-9e4b-831a8dd630d5", event_type: "Elixir.Nexus.Identity.Events.SessionExpired", data: %Nexus.Identity.Events.SessionExpired{org_id: "e205ad5a-5aff-40fd-9840-2f1860363ab1", user_id: "631ffb8b-126b-40c3-8203-4988912dccac", session_id: "455013d2-eb5e-4269-a2d3-11a4438c7ccd", expired_at: "2026-03-20T23:10:04.433380Z"}, created_at: ~U[2026-03-20 23:10:04.433876Z], metadata: %{"causation_id" => "019d0d83-5691-7f4d-84a9-3e496b676d3a", "correlation_id" => "019d0d83-5691-7f4d-84a9-3e496b676d3a"}}]
23:10:04.446 [debug] Subscription "Identity.Projectors.UserRegistrationProjector"@"$all" received 1 event(s)
23:10:04.446 [debug] Nexus.Identity.Projectors.UserRegistrationProjector received events: [%Commanded.EventStore.RecordedEvent{event_id: "282ec866-f518-44ed-95f6-7a535d6c3e25", event_number: 11262, stream_id: "019d0c26-0b00-74a0-bd6d-48329cf61a57", stream_version: 1, causation_id: "d64809a4-8402-4360-8536-99b7a0f860ca", correlation_id: "e0f4b4bb-483c-4914-aaaa-956d1587d67e", event_type: "Elixir.Nexus.Identity.Events.UserRegistered", data: %Nexus.Identity.Events.UserRegistered{user_id: "019d0c26-0b00-74a0-bd6d-48329cf61a57", org_id: "019d0c26-0b00-74a0-8884-24b7b734f296", email: "test@example.com", role: "system_admin", cose_key: "Ym9vdHN0cmFwX2Nvc2Vfa2V5", credential_id: "Ym9vdHN0cmFwX2NyZWRlbnRpYWxfaWQ=", registered_at: "2026-03-20T16:48:33.024173Z", display_name: "Test User", status: "active"}, created_at: ~U[2026-03-20 16:48:33.025211Z], metadata: %{"causation_id" => "019d0c26-0b00-71d0-a1d2-041f55e92cfc", "correlation_id" => "019d0c26-0b00-71d0-a1d2-041f55e92cfc"}}]
23:10:04.446 [debug] QUERY OK db=0.1ms
begin []
23:10:04.447 [debug] QUERY OK source="projection_versions" db=0.1ms
INSERT INTO "projection_versions" AS p0 ("projection_name","last_seen_event_number","inserted_at","updated_at") VALUES ($1,$2,$3,$4) ON CONFLICT ("projection_name") DO UPDATE SET "last_seen_event_number" = $5 WHERE ((p0."projection_name" = $6) AND (p0."last_seen_event_number" < $7)) ["Identity.Projectors.UserRegistrationProjector", 11262, ~N[2026-03-20 23:10:04.447003], ~N[2026-03-20 23:10:04.447003], 11262, "Identity.Projectors.UserRegistrationProjector", 11262]
23:10:04.447 [debug] QUERY OK source="users" db=0.0ms
SELECT u0."id", u0."org_id", u0."email", u0."display_name", u0."status", u0."cose_key", u0."credential_id", u0."roles", u0."created_at", u0."updated_at" FROM "users" AS u0 WHERE (u0."id" = $1) ["019d0c26-0b00-74a0-bd6d-48329cf61a57"]
23:10:04.447 [debug] QUERY OK source="users" db=0.0ms
SELECT u0."id", u0."org_id", u0."email", u0."display_name", u0."status", u0."cose_key", u0."credential_id", u0."roles", u0."created_at", u0."updated_at" FROM "users" AS u0 WHERE (u0."email" = $1) ["test@example.com"]
23:10:04.447 [debug] QUERY OK source="users" db=0.1ms
INSERT INTO "users" ("id","status","org_id","email","display_name","roles","cose_key","credential_id","created_at","updated_at") VALUES ($1,$2,$3,$4,$5,$6,$7,$8,$9,$10) ["019d0c26-0b00-74a0-bd6d-48329cf61a57", "active", "019d0c26-0b00-74a0-8884-24b7b734f296", "test@example.com", "Test User", ["system_admin"], "bootstrap_cose_key", "bootstrap_credential_id", ~U[2026-03-20 23:10:04.447534Z], ~U[2026-03-20 23:10:04.447534Z]]
23:10:04.447 [debug] QUERY ERROR source="identity_user_settings" db=0.0ms
SELECT i0."id", i0."user_id", i0."org_id", i0."locale", i0."timezone", i0."notifications_enabled", i0."created_at", i0."updated_at" FROM "identity_user_settings" AS i0 WHERE (i0."id" = $1) ["019d0c26-0b00-74a0-bd6d-48329cf61a57"]
23:10:04.448 [debug] QUERY OK db=0.0ms
rollback []
23:10:04.449 [error] Nexus.Identity.Projectors.UserRegistrationProjector failed to handle event:
%Commanded.EventStore.RecordedEvent{
  event_id: "282ec866-f518-44ed-95f6-7a535d6c3e25",
  event_number: 11262,
  stream_id: "019d0c26-0b00-74a0-bd6d-48329cf61a57",
  stream_version: 1,
  causation_id: "d64809a4-8402-4360-8536-99b7a0f860ca",
  correlation_id: "e0f4b4bb-483c-4914-aaaa-956d1587d67e",
  event_type: "Elixir.Nexus.Identity.Events.UserRegistered",
  data: %Nexus.Identity.Events.UserRegistered{
    user_id: "019d0c26-0b00-74a0-bd6d-48329cf61a57",
    org_id: "019d0c26-0b00-74a0-8884-24b7b734f296",
    email: "test@example.com",
    role: "system_admin",
    cose_key: "Ym9vdHN0cmFwX2Nvc2Vfa2V5",
    credential_id: "Ym9vdHN0cmFwX2NyZWRlbnRpYWxfaWQ=",
    registered_at: "2026-03-20T16:48:33.024173Z",
    display_name: "Test User",
    status: "active"
  },
  created_at: ~U[2026-03-20 16:48:33.025211Z],
  metadata: %{
    "causation_id" => "019d0c26-0b00-71d0-a1d2-041f55e92cfc",
    "correlation_id" => "019d0c26-0b00-71d0-a1d2-041f55e92cfc"
  }
}, due to:
** (Postgrex.Error) ERROR 42703 (undefined_column) column i0.id does not exist

    query: SELECT i0."id", i0."user_id", i0."org_id", i0."locale", i0."timezone", i0."notifications_enabled", i0."created_at", i0."updated_at" FROM "identity_user_settings" AS i0 WHERE (i0."id" = $1)
    (ecto_sql 3.13.4) lib/ecto/adapters/sql.ex:1113: Ecto.Adapters.SQL.raise_sql_call_error/1
    (ecto_sql 3.13.4) lib/ecto/adapters/sql.ex:1011: Ecto.Adapters.SQL.execute/6
    (ecto 3.13.5) lib/ecto/repo/queryable.ex:241: Ecto.Repo.Queryable.execute/4
    (ecto 3.13.5) lib/ecto/repo/queryable.ex:19: Ecto.Repo.Queryable.all/3
    (ecto 3.13.5) lib/ecto/repo/queryable.ex:163: Ecto.Repo.Queryable.one/3
    (nexus 0.1.0) lib/nexus/identity/projectors/user_registration_projector.ex:53: anonymous fn/3 in Nexus.Identity.Projectors.UserRegistrationProjector.project_registration/3
    (ecto 3.13.5) lib/ecto/multi.ex:905: Ecto.Multi.apply_operation/5
    (elixir 1.19.5) lib/enum.ex:2520: Enum."-reduce/3-lists^foldl/2-0-"/3
    (ecto 3.13.5) lib/ecto/multi.ex:878: anonymous fn/5 in Ecto.Multi.apply_operations/5
    (ecto_sql 3.13.4) lib/ecto/adapters/sql.ex:1473: anonymous fn/3 in Ecto.Adapters.SQL.checkout_or_transaction/4
    (db_connection 2.9.0) lib/db_connection.ex:1747: DBConnection.run_transaction/4
    (ecto 3.13.5) lib/ecto/repo/transaction.ex:30: Ecto.Repo.Transaction.transact/4
    (nexus 0.1.0) deps/commanded_ecto_projections/lib/projections/ecto.ex:97: Nexus.Identity.Projectors.UserRegistrationProjector.update_projection/3
    (commanded 1.4.9) lib/commanded/event/handler.ex:1221: Commanded.Event.Handler.delegate_event_to_handler/2
    (commanded 1.4.9) lib/commanded/event/handler.ex:1062: Commanded.Event.Handler.handle_event/3
    (elixir 1.19.5) lib/enum.ex:2520: Enum."-reduce/3-lists^foldl/2-0-"/3
    (commanded 1.4.9) lib/commanded/event/handler.ex:969: Commanded.Event.Handler.handle_info/2
    (stdlib 7.1) gen_server.erl:2434: :gen_server.try_handle_info/3
    (stdlib 7.1) gen_server.erl:2420: :gen_server.handle_msg/3
    (stdlib 7.1) proc_lib.erl:333: :proc_lib.init_p_do_apply/3

23:10:04.449 [warning] Nexus.Identity.Projectors.UserRegistrationProjector has requested to stop: %Postgrex.Error{message: nil, postgres: %{code: :undefined_column, line: "3721", message: "column i0.id does not exist", position: "8", file: "parse_relation.c", unknown: "ERROR", severity: "ERROR", pg_code: "42703", routine: "errorMissingColumn"}, connection_id: 3152, query: "SELECT i0.\"id\", i0.\"user_id\", i0.\"org_id\", i0.\"locale\", i0.\"timezone\", i0.\"notifications_enabled\", i0.\"created_at\", i0.\"updated_at\" FROM \"identity_user_settings\" AS i0 WHERE (i0.\"id\" = $1)"}
23:10:04.449 [debug] Nexus.Identity.Projectors.UserRegistrationProjector is shutting down due to %Postgrex.Error{message: nil, postgres: %{code: :undefined_column, line: "3721", message: "column i0.id does not exist", position: "8", file: "parse_relation.c", unknown: "ERROR", severity: "ERROR", pg_code: "42703", routine: "errorMissingColumn"}, connection_id: 3152, query: "SELECT i0.\"id\", i0.\"user_id\", i0.\"org_id\", i0.\"locale\", i0.\"timezone\", i0.\"notifications_enabled\", i0.\"created_at\", i0.\"updated_at\" FROM \"identity_user_settings\" AS i0 WHERE (i0.\"id\" = $1)"}
23:10:04.449 [error] GenServer {Nexus.App.LocalRegistry, {Nexus.App, Commanded.Event.Handler, "Identity.Projectors.UserRegistrationProjector"}} terminating
** (stop) %Postgrex.Error{message: nil, postgres: %{code: :undefined_column, line: "3721", message: "column i0.id does not exist", position: "8", file: "parse_relation.c", unknown: "ERROR", severity: "ERROR", pg_code: "42703", routine: "errorMissingColumn"}, connection_id: 3152, query: "SELECT i0.\"id\", i0.\"user_id\", i0.\"org_id\", i0.\"locale\", i0.\"timezone\", i0.\"notifications_enabled\", i0.\"created_at\", i0.\"updated_at\" FROM \"identity_user_settings\" AS i0 WHERE (i0.\"id\" = $1)"}
Last message: {:events, [%Commanded.EventStore.RecordedEvent{event_id: "282ec866-f518-44ed-95f6-7a535d6c3e25", event_number: 11262, stream_id: "019d0c26-0b00-74a0-bd6d-48329cf61a57", stream_version: 1, causation_id: "d64809a4-8402-4360-8536-99b7a0f860ca", correlation_id: "e0f4b4bb-483c-4914-aaaa-956d1587d67e", event_type: "Elixir.Nexus.Identity.Events.UserRegistered", data: %Nexus.Identity.Events.UserRegistered{user_id: "019d0c26-0b00-74a0-bd6d-48329cf61a57", org_id: "019d0c26-0b00-74a0-8884-24b7b734f296", email: "test@example.com", role: "system_admin", cose_key: "Ym9vdHN0cmFwX2Nvc2Vfa2V5", credential_id: "Ym9vdHN0cmFwX2NyZWRlbnRpYWxfaWQ=", registered_at: "2026-03-20T16:48:33.024173Z", display_name: "Test User", status: "active"}, created_at: ~U[2026-03-20 16:48:33.025211Z], metadata: %{"causation_id" => "019d0c26-0b00-71d0-a1d2-041f55e92cfc", "correlation_id" => "019d0c26-0b00-71d0-a1d2-041f55e92cfc"}}]}
State: %Commanded.Event.Handler{application: Nexus.App, consistency: :strong, handler_callback: :event, handler_name: "Identity.Projectors.UserRegistrationProjector", handler_module: Nexus.Identity.Projectors.UserRegistrationProjector, handler_state: nil, last_seen_event: nil, subscription: %Commanded.EventStore.Subscription{application: Nexus.App, backoff: {:backoff, 1000, 60000, 1000, :jitter, :undefined, :undefined}, concurrency: 1, partition_by: nil, subscribe_to: :all, subscribe_from: :origin, subscription_name: "Identity.Projectors.UserRegistrationProjector", subscription_opts: [], subscription_pid: #PID<0.3120.0>, subscription_ref: #Reference<0.504251661.3394502657.235107>}, subscribe_timer: nil}
23:10:04.449 [debug] Subscription "Identity.Projectors.UserRegistrationProjector"@"$all" subscriber #PID<0.3119.0> down due to: %Postgrex.Error{message: nil, postgres: %{code: :undefined_column, line: "3721", message: "column i0.id does not exist", position: "8", file: "parse_relation.c", unknown: "ERROR", severity: "ERROR", pg_code: "42703", routine: "errorMissingColumn"}, connection_id: 3152, query: "SELECT i0.\"id\", i0.\"user_id\", i0.\"org_id\", i0.\"locale\", i0.\"timezone\", i0.\"notifications_enabled\", i0.\"created_at\", i0.\"updated_at\" FROM \"identity_user_settings\" AS i0 WHERE (i0.\"id\" = $1)"}
23:10:04.449 [debug] Subscription "Identity.Projectors.UserRegistrationProjector"@"$all" has no subscribers, shutting down
23:10:04.449 [error] GenServer {Nexus.EventStore.EventStore.Subscriptions.Registry, {"$all", "Identity.Projectors.UserRegistrationProjector"}} terminating
** (stop) %Postgrex.Error{message: nil, postgres: %{code: :undefined_column, line: "3721", message: "column i0.id does not exist", position: "8", file: "parse_relation.c", unknown: "ERROR", severity: "ERROR", pg_code: "42703", routine: "errorMissingColumn"}, connection_id: 3152, query: "SELECT i0.\"id\", i0.\"user_id\", i0.\"org_id\", i0.\"locale\", i0.\"timezone\", i0.\"notifications_enabled\", i0.\"created_at\", i0.\"updated_at\" FROM \"identity_user_settings\" AS i0 WHERE (i0.\"id\" = $1)"}
Last message: {:DOWN, #Reference<0.504251661.3394502657.235079>, :process, #PID<0.3119.0>, %Postgrex.Error{message: nil, postgres: %{code: :undefined_column, line: "3721", message: "column i0.id does not exist", position: "8", file: "parse_relation.c", unknown: "ERROR", severity: "ERROR", pg_code: "42703", routine: "errorMissingColumn"}, connection_id: 3152, query: "SELECT i0.\"id\", i0.\"user_id\", i0.\"org_id\", i0.\"locale\", i0.\"timezone\", i0.\"notifications_enabled\", i0.\"created_at\", i0.\"updated_at\" FROM \"identity_user_settings\" AS i0 WHERE (i0.\"id\" = $1)"}}
State: %EventStore.Subscriptions.Subscription{stream_uuid: "$all", subscription_name: "Identity.Projectors.UserRegistrationProjector", subscription: %EventStore.Subscriptions.SubscriptionFsm{state: :unsubscribed, data: %EventStore.Subscriptions.SubscriptionState{conn: Nexus.EventStore.Postgrex, event_store: Nexus.EventStore, serializer: Commanded.Serialization.JsonSerializer, schema: "event_store", stream_uuid: "$all", start_from: 0, subscription_name: "Identity.Projectors.UserRegistrationProjector", subscription_id: 405, selector: nil, mapper: &Commanded.EventStore.Adapters.EventStore.Mapper.from_recorded_event/1, max_size: 1000, partition_by: nil, query_timeout: 15000, lock_ref: #Reference<0.504251661.3394502657.235101>, last_received: 12234, last_sent: 11262, last_ack: 11261, queue_size: 972, buffer_size: 1, checkpoint_after: 0, checkpoint_threshold: 1, checkpoint_timer_ref: nil, checkpoints_pending: 0, subscribers: %{}, partitions: %{nil: {[%EventStore.RecordedEvent{event_number: 12233, event_id: "3577d288-e114-49d0-b17e-d17f1e4769f4", stream_uuid: "631ffb8b-126b-40c3-8203-4988912dccac", stream_version: 3, correlation_id: "f0ad9816-816b-47fb-865d-d00d4d71d039", causation_id: "e3af021b-7d55-4d55-868a-b48b5295468b", event_type: "Elixir.Nexus.Identity.Events.SessionStarted", data: %Nexus.Identity.Events.SessionStarted{org_id: "e205ad5a-5aff-40fd-9840-2f1860363ab1", user_id: "631ffb8b-126b-40c3-8203-4988912dccac", session_id: "455013d2-eb5e-4269-a2d3-11a4438c7ccd", session_token: "mobile-token", user_agent: "iPhone / Mobile Safari", ip_address: "192.168.1.1", started_at: "2026-03-20T23:10:04.329750Z"}, metadata: %{"causation_id" => "019d0d83-5629-723f-abf6-b993b2561c96", "correlation_id" => "019d0d83-5629-723f-abf6-b993b2561c96"}, created_at: ~U[2026-03-20 23:10:04.330636Z]}, %EventStore.RecordedEvent{event_number: 12232, event_id: "84d7f523-80de-4910-9695-01390279d304", stream_uuid: "631ffb8b-126b-40c3-8203-4988912dccac", stream_version: 2, correlation_id: "ca3083d5-c8ab-4f2c-95cc-e9398e31863f", causation_id: "580058c8-e004-40a4-b45d-9e8ab0fd9664", event_type: "Elixir.Nexus.Identity.Events.SessionStarted", data: %Nexus.Identity.Events.SessionStarted{org_id: "e205ad5a-5aff-40fd-9840-2f1860363ab1", user_id: "631ffb8b-126b-40c3-8203-4988912dccac", session_id: "164564ba-390e-4fbd-b7fa-07def19cf535", session_token: "mock-token", user_agent: "Mozilla/5.0 (Macintosh; Intel Mac OS X 10_15_7)", ip_address: "127.0.0.1", started_at: "2026-03-20T23:10:04.226401Z"}, metadata: %{"causation_id" => "019d0d83-55c2-7fbb-8cfd-66cf24561fd5", "correlation_id" => "019d0d83-55c2-7fbb-8cfd-66cf24561fd5"}, created_at: ~U[2026-03-20 23:10:04.226883Z]}, %EventStore.RecordedEvent{event_number: 12231, event_id: "b58748f2-cd92-4a46-911f-0bab7e16bcce", stream_uuid: "631ffb8b-126b-40c3-8203-4988912dccac", stream_version: 1, correlation_id: "e6b4b1b3-a306-4e46-a407-4ee295b2567e", causation_id: "6c36c5b1-b472-491a-93d4-d21335dab8e5", event_type: "Elixir.Nexus.Identity.Events.UserRegistered", data: %Nexus.Identity.Events.UserRegistered{user_id: "631ffb8b-126b-40c3-8203-4988912dccac", org_id: "e205ad5a-5aff-40fd-9840-2f1860363ab1", email: "bernard-92b69317-ceac-4570-a4dc-e181657c44c8@nexus.financial", role: "admin", cose_key: "bW9jaw==", credential_id: "bW9jaw==", registered_at: "2026-03-20T23:10:04.023004Z", display_name: "Bernard", status: "active"}, metadata: %{"causation_id" => "019d0d83-54f7-7795-b212-00ae72ff09d4", "correlation_id" => "019d0d83-54f7-7795-b212-00ae72ff09d4"}, created_at: ~U[2026-03-20 23:10:04.024222Z]}, %EventStore.RecordedEvent{event_number: 12230, event_id: "18516aae-860c-4533-8cef-1f1cc9898a6b", stream_uuid: "0a2320b8-ea62-4944-91fc-b1a081d94b4f", stream_version: 2, correlation_id: "3439d5db-8df0-40d7-b3f9-7c79af370711", ...}, ...], ...}}, ...}}, ...}
23:10:04.450 [debug] Nexus.Identity.Projectors.UserRegistrationProjector is shutting down due to {%Postgrex.Error{message: nil, postgres: %{code: :undefined_column, line: "3721", message: "column i0.id does not exist", position: "8", file: "parse_relation.c", unknown: "ERROR", severity: "ERROR", pg_code: "42703", routine: "errorMissingColumn"}, connection_id: 3152, query: "SELECT i0.\"id\", i0.\"user_id\", i0.\"org_id\", i0.\"locale\", i0.\"timezone\", i0.\"notifications_enabled\", i0.\"created_at\", i0.\"updated_at\" FROM \"identity_user_settings\" AS i0 WHERE (i0.\"id\" = $1)"}, {GenServer, :call, [#PID<0.3120.0>, {:connect, #PID<0.3122.0>, [retry_interval: 60000, hibernate_after: 15000, partition_by: nil, concurrency_limit: 1, name: Nexus.EventStore, mapper: &Commanded.EventStore.Adapters.EventStore.Mapper.from_recorded_event/1, conn: Nexus.EventStore.Postgrex, event_store: Nexus.EventStore, query_timeout: 15000, schema: "event_store", serializer: Commanded.Serialization.JsonSerializer, stream_uuid: "$all", subscription_name: "Identity.Projectors.UserRegistrationProjector", start_from: 0]}, 5000]}}
23:10:04.450 [error] GenServer {Nexus.App.LocalRegistry, {Nexus.App, Commanded.Event.Handler, "Identity.Projectors.UserRegistrationProjector"}} terminating
** (stop) exited in: GenServer.call(#PID<0.3120.0>, {:connect, #PID<0.3122.0>, [retry_interval: 60000, hibernate_after: 15000, partition_by: nil, concurrency_limit: 1, name: Nexus.EventStore, mapper: &Commanded.EventStore.Adapters.EventStore.Mapper.from_recorded_event/1, conn: Nexus.EventStore.Postgrex, event_store: Nexus.EventStore, query_timeout: 15000, schema: "event_store", serializer: Commanded.Serialization.JsonSerializer, stream_uuid: "$all", subscription_name: "Identity.Projectors.UserRegistrationProjector", start_from: 0]}, 5000)
    ** (EXIT) %Postgrex.Error{message: nil, postgres: %{code: :undefined_column, line: "3721", message: "column i0.id does not exist", position: "8", file: "parse_relation.c", unknown: "ERROR", severity: "ERROR", pg_code: "42703", routine: "errorMissingColumn"}, connection_id: 3152, query: "SELECT i0.\"id\", i0.\"user_id\", i0.\"org_id\", i0.\"locale\", i0.\"timezone\", i0.\"notifications_enabled\", i0.\"created_at\", i0.\"updated_at\" FROM \"identity_user_settings\" AS i0 WHERE (i0.\"id\" = $1)"}
    (elixir 1.19.5) lib/gen_server.ex:1142: GenServer.call/3
    (commanded 1.4.9) lib/commanded/event_store.ex:289: anonymous fn/2 in Commanded.EventStore.span/3
    (telemetry 1.3.0) /Users/bernard/dev/nexus/deps/telemetry/src/telemetry.erl:324: :telemetry.span/3
    (commanded 1.4.9) lib/commanded/event_store/subscription.ex:58: Commanded.EventStore.Subscription.subscribe/2
    (commanded 1.4.9) lib/commanded/event/handler.ex:1024: Commanded.Event.Handler.subscribe_to_events/1
    (commanded 1.4.9) lib/commanded/event/handler.ex:887: Commanded.Event.Handler.handle_continue/2
    (stdlib 7.1) gen_server.erl:2424: :gen_server.try_handle_continue/3
    (stdlib 7.1) gen_server.erl:2291: :gen_server.loop/4
    (stdlib 7.1) proc_lib.erl:333: :proc_lib.init_p_do_apply/3
Last message: {:continue, :subscribe_to_events}
State: %Commanded.Event.Handler{application: Nexus.App, consistency: :strong, handler_callback: :event, handler_name: "Identity.Projectors.UserRegistrationProjector", handler_module: Nexus.Identity.Projectors.UserRegistrationProjector, handler_state: nil, last_seen_event: nil, subscription: %Commanded.EventStore.Subscription{application: Nexus.App, backoff: {:backoff, 1000, 60000, 1000, :jitter, :undefined, :undefined}, concurrency: 1, partition_by: nil, subscribe_to: :all, subscribe_from: :origin, subscription_name: "Identity.Projectors.UserRegistrationProjector", subscription_opts: [], subscription_pid: nil, subscription_ref: nil}, subscribe_timer: nil}
23:10:04.451 [debug] Subscription "Identity.Projectors.UserRegistrationProjector"@"$all" attempting to connect subscriber #PID<0.3123.0>
23:10:04.451 [debug] Subscription "Identity.Projectors.UserRegistrationProjector"@"$all" catching-up
23:10:04.451 [debug] Nexus.Identity.Projectors.UserRegistrationProjector has successfully subscribed to event store
23:10:04.466 [debug] Nexus.Identity.Projectors.UserRegistrationProjector received events: [%Commanded.EventStore.RecordedEvent{event_id: "282ec866-f518-44ed-95f6-7a535d6c3e25", event_number: 11262, stream_id: "019d0c26-0b00-74a0-bd6d-48329cf61a57", stream_version: 1, causation_id: "d64809a4-8402-4360-8536-99b7a0f860ca", correlation_id: "e0f4b4bb-483c-4914-aaaa-956d1587d67e", event_type: "Elixir.Nexus.Identity.Events.UserRegistered", data: %Nexus.Identity.Events.UserRegistered{user_id: "019d0c26-0b00-74a0-bd6d-48329cf61a57", org_id: "019d0c26-0b00-74a0-8884-24b7b734f296", email: "test@example.com", role: "system_admin", cose_key: "Ym9vdHN0cmFwX2Nvc2Vfa2V5", credential_id: "Ym9vdHN0cmFwX2NyZWRlbnRpYWxfaWQ=", registered_at: "2026-03-20T16:48:33.024173Z", display_name: "Test User", status: "active"}, created_at: ~U[2026-03-20 16:48:33.025211Z], metadata: %{"causation_id" => "019d0c26-0b00-71d0-a1d2-041f55e92cfc", "correlation_id" => "019d0c26-0b00-71d0-a1d2-041f55e92cfc"}}]
23:10:04.466 [debug] QUERY OK db=0.1ms
begin []
23:10:04.466 [debug] QUERY OK source="projection_versions" db=0.1ms
INSERT INTO "projection_versions" AS p0 ("projection_name","last_seen_event_number","inserted_at","updated_at") VALUES ($1,$2,$3,$4) ON CONFLICT ("projection_name") DO UPDATE SET "last_seen_event_number" = $5 WHERE ((p0."projection_name" = $6) AND (p0."last_seen_event_number" < $7)) ["Identity.Projectors.UserRegistrationProjector", 11262, ~N[2026-03-20 23:10:04.466675], ~N[2026-03-20 23:10:04.466675], 11262, "Identity.Projectors.UserRegistrationProjector", 11262]
23:10:04.467 [debug] QUERY OK source="users" db=0.1ms
SELECT u0."id", u0."org_id", u0."email", u0."display_name", u0."status", u0."cose_key", u0."credential_id", u0."roles", u0."created_at", u0."updated_at" FROM "users" AS u0 WHERE (u0."id" = $1) ["019d0c26-0b00-74a0-bd6d-48329cf61a57"]
23:10:04.467 [debug] QUERY OK source="users" db=0.1ms
SELECT u0."id", u0."org_id", u0."email", u0."display_name", u0."status", u0."cose_key", u0."credential_id", u0."roles", u0."created_at", u0."updated_at" FROM "users" AS u0 WHERE (u0."email" = $1) ["test@example.com"]
23:10:04.467 [debug] QUERY OK source="users" db=0.1ms
INSERT INTO "users" ("id","status","org_id","email","display_name","roles","cose_key","credential_id","created_at","updated_at") VALUES ($1,$2,$3,$4,$5,$6,$7,$8,$9,$10) ["019d0c26-0b00-74a0-bd6d-48329cf61a57", "active", "019d0c26-0b00-74a0-8884-24b7b734f296", "test@example.com", "Test User", ["system_admin"], "bootstrap_cose_key", "bootstrap_credential_id", ~U[2026-03-20 23:10:04.467288Z], ~U[2026-03-20 23:10:04.467288Z]]
23:10:04.467 [debug] QUERY ERROR source="identity_user_settings" db=0.0ms
SELECT i0."id", i0."user_id", i0."org_id", i0."locale", i0."timezone", i0."notifications_enabled", i0."created_at", i0."updated_at" FROM "identity_user_settings" AS i0 WHERE (i0."id" = $1) ["019d0c26-0b00-74a0-bd6d-48329cf61a57"]
23:10:04.467 [debug] QUERY OK db=0.1ms
rollback []
23:10:04.468 [error] Nexus.Identity.Projectors.UserRegistrationProjector failed to handle event:
%Commanded.EventStore.RecordedEvent{
  event_id: "282ec866-f518-44ed-95f6-7a535d6c3e25",
  event_number: 11262,
  stream_id: "019d0c26-0b00-74a0-bd6d-48329cf61a57",
  stream_version: 1,
  causation_id: "d64809a4-8402-4360-8536-99b7a0f860ca",
  correlation_id: "e0f4b4bb-483c-4914-aaaa-956d1587d67e",
  event_type: "Elixir.Nexus.Identity.Events.UserRegistered",
  data: %Nexus.Identity.Events.UserRegistered{
    user_id: "019d0c26-0b00-74a0-bd6d-48329cf61a57",
    org_id: "019d0c26-0b00-74a0-8884-24b7b734f296",
    email: "test@example.com",
    role: "system_admin",
    cose_key: "Ym9vdHN0cmFwX2Nvc2Vfa2V5",
    credential_id: "Ym9vdHN0cmFwX2NyZWRlbnRpYWxfaWQ=",
    registered_at: "2026-03-20T16:48:33.024173Z",
    display_name: "Test User",
    status: "active"
  },
  created_at: ~U[2026-03-20 16:48:33.025211Z],
  metadata: %{
    "causation_id" => "019d0c26-0b00-71d0-a1d2-041f55e92cfc",
    "correlation_id" => "019d0c26-0b00-71d0-a1d2-041f55e92cfc"
  }
}, due to:
** (Postgrex.Error) ERROR 42703 (undefined_column) column i0.id does not exist

    query: SELECT i0."id", i0."user_id", i0."org_id", i0."locale", i0."timezone", i0."notifications_enabled", i0."created_at", i0."updated_at" FROM "identity_user_settings" AS i0 WHERE (i0."id" = $1)
    (ecto_sql 3.13.4) lib/ecto/adapters/sql.ex:1113: Ecto.Adapters.SQL.raise_sql_call_error/1
    (ecto_sql 3.13.4) lib/ecto/adapters/sql.ex:1011: Ecto.Adapters.SQL.execute/6
    (ecto 3.13.5) lib/ecto/repo/queryable.ex:241: Ecto.Repo.Queryable.execute/4
    (ecto 3.13.5) lib/ecto/repo/queryable.ex:19: Ecto.Repo.Queryable.all/3
    (ecto 3.13.5) lib/ecto/repo/queryable.ex:163: Ecto.Repo.Queryable.one/3
    (nexus 0.1.0) lib/nexus/identity/projectors/user_registration_projector.ex:53: anonymous fn/3 in Nexus.Identity.Projectors.UserRegistrationProjector.project_registration/3
    (ecto 3.13.5) lib/ecto/multi.ex:905: Ecto.Multi.apply_operation/5
    (elixir 1.19.5) lib/enum.ex:2520: Enum."-reduce/3-lists^foldl/2-0-"/3
    (ecto 3.13.5) lib/ecto/multi.ex:878: anonymous fn/5 in Ecto.Multi.apply_operations/5
    (ecto_sql 3.13.4) lib/ecto/adapters/sql.ex:1473: anonymous fn/3 in Ecto.Adapters.SQL.checkout_or_transaction/4
    (db_connection 2.9.0) lib/db_connection.ex:1747: DBConnection.run_transaction/4
    (ecto 3.13.5) lib/ecto/repo/transaction.ex:30: Ecto.Repo.Transaction.transact/4
    (nexus 0.1.0) deps/commanded_ecto_projections/lib/projections/ecto.ex:97: Nexus.Identity.Projectors.UserRegistrationProjector.update_projection/3
    (commanded 1.4.9) lib/commanded/event/handler.ex:1221: Commanded.Event.Handler.delegate_event_to_handler/2
    (commanded 1.4.9) lib/commanded/event/handler.ex:1062: Commanded.Event.Handler.handle_event/3
    (elixir 1.19.5) lib/enum.ex:2520: Enum."-reduce/3-lists^foldl/2-0-"/3
    (commanded 1.4.9) lib/commanded/event/handler.ex:969: Commanded.Event.Handler.handle_info/2
    (stdlib 7.1) gen_server.erl:2434: :gen_server.try_handle_info/3
    (stdlib 7.1) gen_server.erl:2420: :gen_server.handle_msg/3
    (stdlib 7.1) proc_lib.erl:333: :proc_lib.init_p_do_apply/3

23:10:04.468 [warning] Nexus.Identity.Projectors.UserRegistrationProjector has requested to stop: %Postgrex.Error{message: nil, postgres: %{code: :undefined_column, line: "3721", message: "column i0.id does not exist", position: "8", file: "parse_relation.c", unknown: "ERROR", severity: "ERROR", pg_code: "42703", routine: "errorMissingColumn"}, connection_id: 3152, query: "SELECT i0.\"id\", i0.\"user_id\", i0.\"org_id\", i0.\"locale\", i0.\"timezone\", i0.\"notifications_enabled\", i0.\"created_at\", i0.\"updated_at\" FROM \"identity_user_settings\" AS i0 WHERE (i0.\"id\" = $1)"}
23:10:04.469 [debug] Nexus.Identity.Projectors.UserRegistrationProjector is shutting down due to %Postgrex.Error{message: nil, postgres: %{code: :undefined_column, line: "3721", message: "column i0.id does not exist", position: "8", file: "parse_relation.c", unknown: "ERROR", severity: "ERROR", pg_code: "42703", routine: "errorMissingColumn"}, connection_id: 3152, query: "SELECT i0.\"id\", i0.\"user_id\", i0.\"org_id\", i0.\"locale\", i0.\"timezone\", i0.\"notifications_enabled\", i0.\"created_at\", i0.\"updated_at\" FROM \"identity_user_settings\" AS i0 WHERE (i0.\"id\" = $1)"}
23:10:04.469 [error] GenServer {Nexus.App.LocalRegistry, {Nexus.App, Commanded.Event.Handler, "Identity.Projectors.UserRegistrationProjector"}} terminating
** (stop) %Postgrex.Error{message: nil, postgres: %{code: :undefined_column, line: "3721", message: "column i0.id does not exist", position: "8", file: "parse_relation.c", unknown: "ERROR", severity: "ERROR", pg_code: "42703", routine: "errorMissingColumn"}, connection_id: 3152, query: "SELECT i0.\"id\", i0.\"user_id\", i0.\"org_id\", i0.\"locale\", i0.\"timezone\", i0.\"notifications_enabled\", i0.\"created_at\", i0.\"updated_at\" FROM \"identity_user_settings\" AS i0 WHERE (i0.\"id\" = $1)"}
Last message: {:events, [%Commanded.EventStore.RecordedEvent{event_id: "282ec866-f518-44ed-95f6-7a535d6c3e25", event_number: 11262, stream_id: "019d0c26-0b00-74a0-bd6d-48329cf61a57", stream_version: 1, causation_id: "d64809a4-8402-4360-8536-99b7a0f860ca", correlation_id: "e0f4b4bb-483c-4914-aaaa-956d1587d67e", event_type: "Elixir.Nexus.Identity.Events.UserRegistered", data: %Nexus.Identity.Events.UserRegistered{user_id: "019d0c26-0b00-74a0-bd6d-48329cf61a57", org_id: "019d0c26-0b00-74a0-8884-24b7b734f296", email: "test@example.com", role: "system_admin", cose_key: "Ym9vdHN0cmFwX2Nvc2Vfa2V5", credential_id: "Ym9vdHN0cmFwX2NyZWRlbnRpYWxfaWQ=", registered_at: "2026-03-20T16:48:33.024173Z", display_name: "Test User", status: "active"}, created_at: ~U[2026-03-20 16:48:33.025211Z], metadata: %{"causation_id" => "019d0c26-0b00-71d0-a1d2-041f55e92cfc", "correlation_id" => "019d0c26-0b00-71d0-a1d2-041f55e92cfc"}}]}
State: %Commanded.Event.Handler{application: Nexus.App, consistency: :strong, handler_callback: :event, handler_name: "Identity.Projectors.UserRegistrationProjector", handler_module: Nexus.Identity.Projectors.UserRegistrationProjector, handler_state: nil, last_seen_event: nil, subscription: %Commanded.EventStore.Subscription{application: Nexus.App, backoff: {:backoff, 1000, 60000, 1000, :jitter, :undefined, :undefined}, concurrency: 1, partition_by: nil, subscribe_to: :all, subscribe_from: :origin, subscription_name: "Identity.Projectors.UserRegistrationProjector", subscription_opts: [], subscription_pid: #PID<0.3124.0>, subscription_ref: #Reference<0.504251661.3394502657.235256>}, subscribe_timer: nil}
23:10:04.469 [debug] Subscription "Identity.Projectors.UserRegistrationProjector"@"$all" subscriber #PID<0.3123.0> down due to: %Postgrex.Error{message: nil, postgres: %{code: :undefined_column, line: "3721", message: "column i0.id does not exist", position: "8", file: "parse_relation.c", unknown: "ERROR", severity: "ERROR", pg_code: "42703", routine: "errorMissingColumn"}, connection_id: 3152, query: "SELECT i0.\"id\", i0.\"user_id\", i0.\"org_id\", i0.\"locale\", i0.\"timezone\", i0.\"notifications_enabled\", i0.\"created_at\", i0.\"updated_at\" FROM \"identity_user_settings\" AS i0 WHERE (i0.\"id\" = $1)"}
23:10:04.469 [debug] Subscription "Identity.Projectors.UserRegistrationProjector"@"$all" has no subscribers, shutting down
23:10:04.469 [error] GenServer {Nexus.EventStore.EventStore.Subscriptions.Registry, {"$all", "Identity.Projectors.UserRegistrationProjector"}} terminating
** (stop) %Postgrex.Error{message: nil, postgres: %{code: :undefined_column, line: "3721", message: "column i0.id does not exist", position: "8", file: "parse_relation.c", unknown: "ERROR", severity: "ERROR", pg_code: "42703", routine: "errorMissingColumn"}, connection_id: 3152, query: "SELECT i0.\"id\", i0.\"user_id\", i0.\"org_id\", i0.\"locale\", i0.\"timezone\", i0.\"notifications_enabled\", i0.\"created_at\", i0.\"updated_at\" FROM \"identity_user_settings\" AS i0 WHERE (i0.\"id\" = $1)"}
Last message: {:DOWN, #Reference<0.504251661.3394502657.235234>, :process, #PID<0.3123.0>, %Postgrex.Error{message: nil, postgres: %{code: :undefined_column, line: "3721", message: "column i0.id does not exist", position: "8", file: "parse_relation.c", unknown: "ERROR", severity: "ERROR", pg_code: "42703", routine: "errorMissingColumn"}, connection_id: 3152, query: "SELECT i0.\"id\", i0.\"user_id\", i0.\"org_id\", i0.\"locale\", i0.\"timezone\", i0.\"notifications_enabled\", i0.\"created_at\", i0.\"updated_at\" FROM \"identity_user_settings\" AS i0 WHERE (i0.\"id\" = $1)"}}
State: %EventStore.Subscriptions.Subscription{stream_uuid: "$all", subscription_name: "Identity.Projectors.UserRegistrationProjector", subscription: %EventStore.Subscriptions.SubscriptionFsm{state: :unsubscribed, data: %EventStore.Subscriptions.SubscriptionState{conn: Nexus.EventStore.Postgrex, event_store: Nexus.EventStore, serializer: Commanded.Serialization.JsonSerializer, schema: "event_store", stream_uuid: "$all", start_from: 0, subscription_name: "Identity.Projectors.UserRegistrationProjector", subscription_id: 405, selector: nil, mapper: &Commanded.EventStore.Adapters.EventStore.Mapper.from_recorded_event/1, max_size: 1000, partition_by: nil, query_timeout: 15000, lock_ref: #Reference<0.504251661.3394502657.235253>, last_received: 12234, last_sent: 11262, last_ack: 11261, queue_size: 973, buffer_size: 1, checkpoint_after: 0, checkpoint_threshold: 1, checkpoint_timer_ref: nil, checkpoints_pending: 0, subscribers: %{}, partitions: %{nil: {[%EventStore.RecordedEvent{event_number: 12234, event_id: "e838106e-d7cf-4f2c-b493-3ff64d6d9470", stream_uuid: "631ffb8b-126b-40c3-8203-4988912dccac", stream_version: 4, correlation_id: "074baa32-a972-49e0-9e4b-831a8dd630d5", causation_id: "c9d09faa-2f95-4961-8b83-31450713f993", event_type: "Elixir.Nexus.Identity.Events.SessionExpired", data: %Nexus.Identity.Events.SessionExpired{org_id: "e205ad5a-5aff-40fd-9840-2f1860363ab1", user_id: "631ffb8b-126b-40c3-8203-4988912dccac", session_id: "455013d2-eb5e-4269-a2d3-11a4438c7ccd", expired_at: "2026-03-20T23:10:04.433380Z"}, metadata: %{"causation_id" => "019d0d83-5691-7f4d-84a9-3e496b676d3a", "correlation_id" => "019d0d83-5691-7f4d-84a9-3e496b676d3a"}, created_at: ~U[2026-03-20 23:10:04.433876Z]}, %EventStore.RecordedEvent{event_number: 12233, event_id: "3577d288-e114-49d0-b17e-d17f1e4769f4", stream_uuid: "631ffb8b-126b-40c3-8203-4988912dccac", stream_version: 3, correlation_id: "f0ad9816-816b-47fb-865d-d00d4d71d039", causation_id: "e3af021b-7d55-4d55-868a-b48b5295468b", event_type: "Elixir.Nexus.Identity.Events.SessionStarted", data: %Nexus.Identity.Events.SessionStarted{org_id: "e205ad5a-5aff-40fd-9840-2f1860363ab1", user_id: "631ffb8b-126b-40c3-8203-4988912dccac", session_id: "455013d2-eb5e-4269-a2d3-11a4438c7ccd", session_token: "mobile-token", user_agent: "iPhone / Mobile Safari", ip_address: "192.168.1.1", started_at: "2026-03-20T23:10:04.329750Z"}, metadata: %{"causation_id" => "019d0d83-5629-723f-abf6-b993b2561c96", "correlation_id" => "019d0d83-5629-723f-abf6-b993b2561c96"}, created_at: ~U[2026-03-20 23:10:04.330636Z]}, %EventStore.RecordedEvent{event_number: 12232, event_id: "84d7f523-80de-4910-9695-01390279d304", stream_uuid: "631ffb8b-126b-40c3-8203-4988912dccac", stream_version: 2, correlation_id: "ca3083d5-c8ab-4f2c-95cc-e9398e31863f", causation_id: "580058c8-e004-40a4-b45d-9e8ab0fd9664", event_type: "Elixir.Nexus.Identity.Events.SessionStarted", data: %Nexus.Identity.Events.SessionStarted{org_id: "e205ad5a-5aff-40fd-9840-2f1860363ab1", user_id: "631ffb8b-126b-40c3-8203-4988912dccac", session_id: "164564ba-390e-4fbd-b7fa-07def19cf535", session_token: "mock-token", user_agent: "Mozilla/5.0 (Macintosh; Intel Mac OS X 10_15_7)", ip_address: "127.0.0.1", started_at: "2026-03-20T23:10:04.226401Z"}, metadata: %{"causation_id" => "019d0d83-55c2-7fbb-8cfd-66cf24561fd5", "correlation_id" => "019d0d83-55c2-7fbb-8cfd-66cf24561fd5"}, created_at: ~U[2026-03-20 23:10:04.226883Z]}, %EventStore.RecordedEvent{event_number: 12231, event_id: "b58748f2-cd92-4a46-911f-0bab7e16bcce", stream_uuid: "631ffb8b-126b-40c3-8203-4988912dccac", stream_version: 1, correlation_id: "e6b4b1b3-a306-4e46-a407-4ee295b2567e", causation_id: "6c36c5b1-b472-491a-93d4-d21335dab8e5", event_type: "Elixir.Nexus.Identity.Events.UserRegistered", data: %Nexus.Identity.Events.UserRegistered{user_id: "631ffb8b-126b-40c3-8203-4988912dccac", org_id: "e205ad5a-5aff-40fd-9840-2f1860363ab1", ...}, ...}, ...], ...}}, ...}}, ...}
23:10:04.469 [debug] Nexus.Identity.Projectors.UserRegistrationProjector is shutting down due to {%Postgrex.Error{message: nil, postgres: %{code: :undefined_column, line: "3721", message: "column i0.id does not exist", position: "8", file: "parse_relation.c", unknown: "ERROR", severity: "ERROR", pg_code: "42703", routine: "errorMissingColumn"}, connection_id: 3152, query: "SELECT i0.\"id\", i0.\"user_id\", i0.\"org_id\", i0.\"locale\", i0.\"timezone\", i0.\"notifications_enabled\", i0.\"created_at\", i0.\"updated_at\" FROM \"identity_user_settings\" AS i0 WHERE (i0.\"id\" = $1)"}, {GenServer, :call, [#PID<0.3124.0>, {:connect, #PID<0.3125.0>, [retry_interval: 60000, hibernate_after: 15000, partition_by: nil, concurrency_limit: 1, name: Nexus.EventStore, mapper: &Commanded.EventStore.Adapters.EventStore.Mapper.from_recorded_event/1, conn: Nexus.EventStore.Postgrex, event_store: Nexus.EventStore, query_timeout: 15000, schema: "event_store", serializer: Commanded.Serialization.JsonSerializer, stream_uuid: "$all", subscription_name: "Identity.Projectors.UserRegistrationProjector", start_from: 0]}, 5000]}}
23:10:04.469 [error] GenServer {Nexus.App.LocalRegistry, {Nexus.App, Commanded.Event.Handler, "Identity.Projectors.UserRegistrationProjector"}} terminating
** (stop) exited in: GenServer.call(#PID<0.3124.0>, {:connect, #PID<0.3125.0>, [retry_interval: 60000, hibernate_after: 15000, partition_by: nil, concurrency_limit: 1, name: Nexus.EventStore, mapper: &Commanded.EventStore.Adapters.EventStore.Mapper.from_recorded_event/1, conn: Nexus.EventStore.Postgrex, event_store: Nexus.EventStore, query_timeout: 15000, schema: "event_store", serializer: Commanded.Serialization.JsonSerializer, stream_uuid: "$all", subscription_name: "Identity.Projectors.UserRegistrationProjector", start_from: 0]}, 5000)
    ** (EXIT) %Postgrex.Error{message: nil, postgres: %{code: :undefined_column, line: "3721", message: "column i0.id does not exist", position: "8", file: "parse_relation.c", unknown: "ERROR", severity: "ERROR", pg_code: "42703", routine: "errorMissingColumn"}, connection_id: 3152, query: "SELECT i0.\"id\", i0.\"user_id\", i0.\"org_id\", i0.\"locale\", i0.\"timezone\", i0.\"notifications_enabled\", i0.\"created_at\", i0.\"updated_at\" FROM \"identity_user_settings\" AS i0 WHERE (i0.\"id\" = $1)"}
    (elixir 1.19.5) lib/gen_server.ex:1142: GenServer.call/3
    (commanded 1.4.9) lib/commanded/event_store.ex:289: anonymous fn/2 in Commanded.EventStore.span/3
    (telemetry 1.3.0) /Users/bernard/dev/nexus/deps/telemetry/src/telemetry.erl:324: :telemetry.span/3
    (commanded 1.4.9) lib/commanded/event_store/subscription.ex:58: Commanded.EventStore.Subscription.subscribe/2
    (commanded 1.4.9) lib/commanded/event/handler.ex:1024: Commanded.Event.Handler.subscribe_to_events/1
    (commanded 1.4.9) lib/commanded/event/handler.ex:887: Commanded.Event.Handler.handle_continue/2
    (stdlib 7.1) gen_server.erl:2424: :gen_server.try_handle_continue/3
    (stdlib 7.1) gen_server.erl:2291: :gen_server.loop/4
    (stdlib 7.1) proc_lib.erl:333: :proc_lib.init_p_do_apply/3
Last message: {:continue, :subscribe_to_events}
State: %Commanded.Event.Handler{application: Nexus.App, consistency: :strong, handler_callback: :event, handler_name: "Identity.Projectors.UserRegistrationProjector", handler_module: Nexus.Identity.Projectors.UserRegistrationProjector, handler_state: nil, last_seen_event: nil, subscription: %Commanded.EventStore.Subscription{application: Nexus.App, backoff: {:backoff, 1000, 60000, 1000, :jitter, :undefined, :undefined}, concurrency: 1, partition_by: nil, subscribe_to: :all, subscribe_from: :origin, subscription_name: "Identity.Projectors.UserRegistrationProjector", subscription_opts: [], subscription_pid: nil, subscription_ref: nil}, subscribe_timer: nil}
23:10:04.470 [debug] Subscription "Identity.Projectors.UserRegistrationProjector"@"$all" attempting to connect subscriber #PID<0.3126.0>
23:10:04.471 [debug] Subscription "Identity.Projectors.UserRegistrationProjector"@"$all" catching-up
23:10:04.471 [debug] Nexus.Identity.Projectors.UserRegistrationProjector has successfully subscribed to event store
23:10:04.484 [debug] Nexus.Identity.Projectors.UserRegistrationProjector received events: [%Commanded.EventStore.RecordedEvent{event_id: "282ec866-f518-44ed-95f6-7a535d6c3e25", event_number: 11262, stream_id: "019d0c26-0b00-74a0-bd6d-48329cf61a57", stream_version: 1, causation_id: "d64809a4-8402-4360-8536-99b7a0f860ca", correlation_id: "e0f4b4bb-483c-4914-aaaa-956d1587d67e", event_type: "Elixir.Nexus.Identity.Events.UserRegistered", data: %Nexus.Identity.Events.UserRegistered{user_id: "019d0c26-0b00-74a0-bd6d-48329cf61a57", org_id: "019d0c26-0b00-74a0-8884-24b7b734f296", email: "test@example.com", role: "system_admin", cose_key: "Ym9vdHN0cmFwX2Nvc2Vfa2V5", credential_id: "Ym9vdHN0cmFwX2NyZWRlbnRpYWxfaWQ=", registered_at: "2026-03-20T16:48:33.024173Z", display_name: "Test User", status: "active"}, created_at: ~U[2026-03-20 16:48:33.025211Z], metadata: %{"causation_id" => "019d0c26-0b00-71d0-a1d2-041f55e92cfc", "correlation_id" => "019d0c26-0b00-71d0-a1d2-041f55e92cfc"}}]
23:10:04.484 [debug] QUERY OK db=0.1ms
begin []
23:10:04.485 [debug] QUERY OK source="projection_versions" db=0.1ms
INSERT INTO "projection_versions" AS p0 ("projection_name","last_seen_event_number","inserted_at","updated_at") VALUES ($1,$2,$3,$4) ON CONFLICT ("projection_name") DO UPDATE SET "last_seen_event_number" = $5 WHERE ((p0."projection_name" = $6) AND (p0."last_seen_event_number" < $7)) ["Identity.Projectors.UserRegistrationProjector", 11262, ~N[2026-03-20 23:10:04.484890], ~N[2026-03-20 23:10:04.484890], 11262, "Identity.Projectors.UserRegistrationProjector", 11262]
23:10:04.485 [debug] QUERY OK source="users" db=0.0ms
SELECT u0."id", u0."org_id", u0."email", u0."display_name", u0."status", u0."cose_key", u0."credential_id", u0."roles", u0."created_at", u0."updated_at" FROM "users" AS u0 WHERE (u0."id" = $1) ["019d0c26-0b00-74a0-bd6d-48329cf61a57"]
23:10:04.485 [debug] QUERY OK source="users" db=0.0ms
SELECT u0."id", u0."org_id", u0."email", u0."display_name", u0."status", u0."cose_key", u0."credential_id", u0."roles", u0."created_at", u0."updated_at" FROM "users" AS u0 WHERE (u0."email" = $1) ["test@example.com"]
23:10:04.485 [debug] QUERY OK source="users" db=0.1ms
INSERT INTO "users" ("id","status","org_id","email","display_name","roles","cose_key","credential_id","created_at","updated_at") VALUES ($1,$2,$3,$4,$5,$6,$7,$8,$9,$10) ["019d0c26-0b00-74a0-bd6d-48329cf61a57", "active", "019d0c26-0b00-74a0-8884-24b7b734f296", "test@example.com", "Test User", ["system_admin"], "bootstrap_cose_key", "bootstrap_credential_id", ~U[2026-03-20 23:10:04.485415Z], ~U[2026-03-20 23:10:04.485415Z]]
23:10:04.485 [debug] QUERY ERROR source="identity_user_settings" db=0.0ms
SELECT i0."id", i0."user_id", i0."org_id", i0."locale", i0."timezone", i0."notifications_enabled", i0."created_at", i0."updated_at" FROM "identity_user_settings" AS i0 WHERE (i0."id" = $1) ["019d0c26-0b00-74a0-bd6d-48329cf61a57"]
23:10:04.486 [debug] QUERY OK db=0.1ms
rollback []
23:10:04.487 [error] Nexus.Identity.Projectors.UserRegistrationProjector failed to handle event:
%Commanded.EventStore.RecordedEvent{
  event_id: "282ec866-f518-44ed-95f6-7a535d6c3e25",
  event_number: 11262,
  stream_id: "019d0c26-0b00-74a0-bd6d-48329cf61a57",
  stream_version: 1,
  causation_id: "d64809a4-8402-4360-8536-99b7a0f860ca",
  correlation_id: "e0f4b4bb-483c-4914-aaaa-956d1587d67e",
  event_type: "Elixir.Nexus.Identity.Events.UserRegistered",
  data: %Nexus.Identity.Events.UserRegistered{
    user_id: "019d0c26-0b00-74a0-bd6d-48329cf61a57",
    org_id: "019d0c26-0b00-74a0-8884-24b7b734f296",
    email: "test@example.com",
    role: "system_admin",
    cose_key: "Ym9vdHN0cmFwX2Nvc2Vfa2V5",
    credential_id: "Ym9vdHN0cmFwX2NyZWRlbnRpYWxfaWQ=",
    registered_at: "2026-03-20T16:48:33.024173Z",
    display_name: "Test User",
    status: "active"
  },
  created_at: ~U[2026-03-20 16:48:33.025211Z],
  metadata: %{
    "causation_id" => "019d0c26-0b00-71d0-a1d2-041f55e92cfc",
    "correlation_id" => "019d0c26-0b00-71d0-a1d2-041f55e92cfc"
  }
}, due to:
** (Postgrex.Error) ERROR 42703 (undefined_column) column i0.id does not exist

    query: SELECT i0."id", i0."user_id", i0."org_id", i0."locale", i0."timezone", i0."notifications_enabled", i0."created_at", i0."updated_at" FROM "identity_user_settings" AS i0 WHERE (i0."id" = $1)
    (ecto_sql 3.13.4) lib/ecto/adapters/sql.ex:1113: Ecto.Adapters.SQL.raise_sql_call_error/1
    (ecto_sql 3.13.4) lib/ecto/adapters/sql.ex:1011: Ecto.Adapters.SQL.execute/6
    (ecto 3.13.5) lib/ecto/repo/queryable.ex:241: Ecto.Repo.Queryable.execute/4
    (ecto 3.13.5) lib/ecto/repo/queryable.ex:19: Ecto.Repo.Queryable.all/3
    (ecto 3.13.5) lib/ecto/repo/queryable.ex:163: Ecto.Repo.Queryable.one/3
    (nexus 0.1.0) lib/nexus/identity/projectors/user_registration_projector.ex:53: anonymous fn/3 in Nexus.Identity.Projectors.UserRegistrationProjector.project_registration/3
    (ecto 3.13.5) lib/ecto/multi.ex:905: Ecto.Multi.apply_operation/5
    (elixir 1.19.5) lib/enum.ex:2520: Enum."-reduce/3-lists^foldl/2-0-"/3
    (ecto 3.13.5) lib/ecto/multi.ex:878: anonymous fn/5 in Ecto.Multi.apply_operations/5
    (ecto_sql 3.13.4) lib/ecto/adapters/sql.ex:1473: anonymous fn/3 in Ecto.Adapters.SQL.checkout_or_transaction/4
    (db_connection 2.9.0) lib/db_connection.ex:1747: DBConnection.run_transaction/4
    (ecto 3.13.5) lib/ecto/repo/transaction.ex:30: Ecto.Repo.Transaction.transact/4
    (nexus 0.1.0) deps/commanded_ecto_projections/lib/projections/ecto.ex:97: Nexus.Identity.Projectors.UserRegistrationProjector.update_projection/3
    (commanded 1.4.9) lib/commanded/event/handler.ex:1221: Commanded.Event.Handler.delegate_event_to_handler/2
    (commanded 1.4.9) lib/commanded/event/handler.ex:1062: Commanded.Event.Handler.handle_event/3
    (elixir 1.19.5) lib/enum.ex:2520: Enum."-reduce/3-lists^foldl/2-0-"/3
    (commanded 1.4.9) lib/commanded/event/handler.ex:969: Commanded.Event.Handler.handle_info/2
    (stdlib 7.1) gen_server.erl:2434: :gen_server.try_handle_info/3
    (stdlib 7.1) gen_server.erl:2420: :gen_server.handle_msg/3
    (stdlib 7.1) proc_lib.erl:333: :proc_lib.init_p_do_apply/3

23:10:04.487 [warning] Nexus.Identity.Projectors.UserRegistrationProjector has requested to stop: %Postgrex.Error{message: nil, postgres: %{code: :undefined_column, line: "3721", message: "column i0.id does not exist", position: "8", file: "parse_relation.c", unknown: "ERROR", severity: "ERROR", pg_code: "42703", routine: "errorMissingColumn"}, connection_id: 3152, query: "SELECT i0.\"id\", i0.\"user_id\", i0.\"org_id\", i0.\"locale\", i0.\"timezone\", i0.\"notifications_enabled\", i0.\"created_at\", i0.\"updated_at\" FROM \"identity_user_settings\" AS i0 WHERE (i0.\"id\" = $1)"}
23:10:04.487 [debug] Nexus.Identity.Projectors.UserRegistrationProjector is shutting down due to %Postgrex.Error{message: nil, postgres: %{code: :undefined_column, line: "3721", message: "column i0.id does not exist", position: "8", file: "parse_relation.c", unknown: "ERROR", severity: "ERROR", pg_code: "42703", routine: "errorMissingColumn"}, connection_id: 3152, query: "SELECT i0.\"id\", i0.\"user_id\", i0.\"org_id\", i0.\"locale\", i0.\"timezone\", i0.\"notifications_enabled\", i0.\"created_at\", i0.\"updated_at\" FROM \"identity_user_settings\" AS i0 WHERE (i0.\"id\" = $1)"}
....
Finished in 14.0 seconds (0.6s async, 13.4s sync)
3 properties, 49 scenarios, 94 tests, 17 failures
